BL51 BANKED LINKER/LOCATER V6.22                                                        04/21/2020  16:13:50  PAGE 1


BL51 BANKED LINKER/LOCATER V6.22, INVOKED BY:
C:\KEIL\C51\BIN\BL51.EXE main.obj, mmc_sd.obj, lcd.obj, tp.obj, .\USBX_F34X.LIB TO 123 RAMSIZE (256)


MEMORY MODEL: COMPACT WITH FLOATING POINT ARITHMETIC


INPUT MODULES INCLUDED:
  main.obj (MAIN)
  mmc_sd.obj (MMC_SD)
  lcd.obj (LCD)
  tp.obj (TP)
  .\USBX_F34X.LIB (USB_API)
  .\USBX_F34X.LIB (USB_CLOCK_START)
  .\USBX_F34X.LIB (USB_SUSPEND)
  .\USBX_F34X.LIB (GET_INTERRUPT_SOURCE)
  .\USBX_F34X.LIB (BLOCK_READ)
  .\USBX_F34X.LIB (BLOCK_WRITE)
  .\USBX_F34X.LIB (USB_INT_ENABLE)
  .\USBX_F34X.LIB (USB_CLOCK_RECOVERY)
  .\USBX_F34X.LIB (USB_JUMP_ISR)
  C:\KEIL\C51\LIB\C51FPC.LIB (?C?FPMUL)
  C:\KEIL\C51\LIB\C51FPC.LIB (?C?FCAST)
  C:\KEIL\C51\LIB\C51FPC.LIB (?C?CASTF)
  C:\KEIL\C51\LIB\C51FPC.LIB (?C?FPGETOPN)
  C:\KEIL\C51\LIB\C51C.LIB (?C_STARTUP)
  C:\KEIL\C51\LIB\C51C.LIB (?C?COPY)
  C:\KEIL\C51\LIB\C51C.LIB (?C?CLDPTR)
  C:\KEIL\C51\LIB\C51C.LIB (?C?CLDOPTR)
  C:\KEIL\C51\LIB\C51C.LIB (?C?IMUL)
  C:\KEIL\C51\LIB\C51C.LIB (?C?IILDX)
  C:\KEIL\C51\LIB\C51C.LIB (?C?LMUL)
  C:\KEIL\C51\LIB\C51C.LIB (?C?ULDIV)
  C:\KEIL\C51\LIB\C51C.LIB (?C?LNEG)
  C:\KEIL\C51\LIB\C51C.LIB (?C?ULCMP)
  C:\KEIL\C51\LIB\C51C.LIB (?C?ULSHR)
  C:\KEIL\C51\LIB\C51C.LIB (?C?LSHL)
  C:\KEIL\C51\LIB\C51C.LIB (?C?LLDIPDATA)
  C:\KEIL\C51\LIB\C51C.LIB (?C?LSTXDATA)
  C:\KEIL\C51\LIB\C51C.LIB (?C?LSTPDATA)
  C:\KEIL\C51\LIB\C51C.LIB (?C?LSTKXDATA)
  C:\KEIL\C51\LIB\C51C.LIB (?C?LSTKPDATA)
  C:\KEIL\C51\LIB\C51C.LIB (?C_PBP)
  C:\KEIL\C51\LIB\C51C.LIB (?C_INIT)


LINK MAP OF MODULE:  123 (MAIN)


            TYPE    BASE      LENGTH    RELOCATION   SEGMENT NAME
            -----------------------------------------------------

            * * * * * * *   D A T A   M E M O R Y   * * * * * * *
            REG     0000H     0008H     ABSOLUTE     "REG BANK 0"
            DATA    0008H     0001H     UNIT         ?C?LIB_DATA
            IDATA   0009H     0001H     UNIT         ?STACK

            * * * * * * *  X D A T A   M E M O R Y  * * * * * * *
BL51 BANKED LINKER/LOCATER V6.22                                                      04/21/2020  16:13:50  PAGE 2


            XDATA   0000H     0010H     INPAGE       ?PD?MAIN
            XDATA   0010H     0004H     INPAGE       ?PD?_MMC_SD_READSINGLEBLOCK?MMC_SD
            XDATA   0014H     0005H     INPAGE       ?PD?DISPBAND?LCD
            XDATA   0019H     000DH     INPAGE       ?PD?_DISPPICFROMSD?LCD
            XDATA   0026H     0004H     INPAGE       ?PD?DISPSCALEHOR1?LCD
            XDATA   002AH     0004H     INPAGE       ?PD?DISPSCALEVER?LCD
            XDATA   002EH     0004H     INPAGE       ?PD?DISPSCALEVER_RED?LCD
            XDATA   0032H     0004H     INPAGE       ?PD?DISPSCALEVER_GREEN?LCD
            XDATA   0036H     0004H     INPAGE       ?PD?DISPSCALEVER_BLUE?LCD
            XDATA   003AH     0004H     INPAGE       ?PD?DISPSCALEVER_GRAY?LCD
            XDATA   003EH     0004H     INPAGE       ?PD?DISPGRAYHOR32?LCD
            XDATA   0042H     0002H     INPAGE       ?PD?DISPSCALEHOR2?LCD
            XDATA   0044H     000CH     INPAGE       ?PD?_DRAWLINE?LCD
            XDATA   0050H     0004H     INPAGE       ?PD?_DRAWGIRD?LCD
            XDATA   0054H     0002H     INPAGE       ?PD?LCD
            XDATA   0056H     0026H     INPAGE       _PDATA_GROUP_
            XDATA   007CH     0200H     UNIT         ?XD?MMC_SD
            XDATA   027CH     0058H     UNIT         _XDATA_GROUP_
            XDATA   02D4H     0040H     UNIT         ?XD?MAIN
                    0314H     032CH                  *** GAP ***
            XDATA   0640H     0100H     ABSOLUTE     
            XDATA   0740H     0012H     ABSOLUTE     
            XDATA   0752H     0020H     ABSOLUTE     
            XDATA   0772H     000CH     ABSOLUTE     
            XDATA   077EH     0008H     ABSOLUTE     
            XDATA   0786H     0001H     ABSOLUTE     
            XDATA   0787H     0003H     ABSOLUTE     
            XDATA   078AH     0002H     ABSOLUTE     
            XDATA   078CH     0002H     ABSOLUTE     
            XDATA   078EH     0003H     ABSOLUTE     
            XDATA   0791H     0001H     ABSOLUTE     
            XDATA   0792H     0001H     ABSOLUTE     
            XDATA   0793H     0001H     ABSOLUTE     
            XDATA   0794H     0001H     ABSOLUTE     
            XDATA   0795H     0002H     ABSOLUTE     
            XDATA   0797H     0002H     ABSOLUTE     
            XDATA   0799H     0001H     ABSOLUTE     
            XDATA   079AH     0001H     ABSOLUTE     
            XDATA   079BH     0001H     ABSOLUTE     
            XDATA   079CH     0001H     ABSOLUTE     
            XDATA   079DH     0001H     ABSOLUTE     
            XDATA   079EH     0001H     ABSOLUTE     
            XDATA   079FH     0002H     ABSOLUTE     
            XDATA   07A1H     0001H     ABSOLUTE     
            XDATA   07A2H     0001H     ABSOLUTE     
            XDATA   07A3H     000CH     ABSOLUTE     
                    07AFH     0011H                  *** GAP ***
            XDATA   07C0H     0040H     ABSOLUTE     

            * * * * * * *   C O D E   M E M O R Y   * * * * * * *
            CODE    0000H     0003H     ABSOLUTE     
            CODE    0003H     003AH     UNIT         ?CO?USB_API
            CODE    003DH     0003H     UNIT         ?PR?SUSPEND_DEVICE?MAIN
                    0040H     0003H                  *** GAP ***
            CODE    0043H     0003H     ABSOLUTE     
            CODE    0046H     0044H     UNIT         ?PR?_DISPCOLOR?LCD
                    008AH     0001H                  *** GAP ***
BL51 BANKED LINKER/LOCATER V6.22                                                      04/21/2020  16:13:50  PAGE 3


            CODE    008BH     0003H     ABSOLUTE     
            CODE    008EH     060CH     UNIT         ?PR?CONNTOUSB?MAIN
            CODE    069AH     0600H     UNIT         ?CO?LCD
            CODE    0C9AH     050DH     UNIT         ?C?LIB_CODE
            CODE    11A7H     0233H     UNIT         ?PR?USBXCORE_HANDLE_SETUP?USB_API
            CODE    13DAH     0232H     UNIT         ?PR?_LCD_READ_IC_ID?LCD
            CODE    160CH     021EH     UNIT         ?PR?DISPSCALEHOR1?LCD
            CODE    182AH     01BAH     UNIT         ?PR?DISPSCALEHOR2?LCD
            CODE    19E4H     01A0H     UNIT         ?PR?TP_DRAWLINE?TP
            CODE    1B84H     018FH     UNIT         ?PR?DISPBAND?LCD
            CODE    1D13H     0151H     UNIT         ?PR?USBXCORE_USB_ISR?USB_API
            CODE    1E64H     0149H     UNIT         ?PR?LCD_INIT?LCD
            CODE    1FADH     013BH     UNIT         ?PR?USB_API_TEST_ISR?MAIN
            CODE    20E8H     0137H     UNIT         ?PR?_USB_INIT?USB_API
            CODE    221FH     0126H     UNIT         ?PR?DISPSCALEVER?LCD
            CODE    2345H     011BH     UNIT         ?PR?_TP_GETPOSITION?TP
            CODE    2460H     0111H     UNIT         ?PR?_BLOCK_WRITE?BLOCK_WRITE
            CODE    2571H     00E9H     UNIT         ?PR?_DISPPICFROMSD?LCD
            CODE    265AH     00CDH     UNIT         ?PR?USBXCORE_VENDOR_USB_API?USB_API
            CODE    2727H     00CBH     UNIT         ?PR?_DISPONECHAR?LCD
            CODE    27F2H     00B7H     UNIT         ?PR?MMC_SD_RESET?MMC_SD
            CODE    28A9H     00B4H     UNIT         ?PR?_DISPINT?LCD
            CODE    295DH     00B2H     UNIT         ?PR?USBXCORE_GET_DESCRIPTOR?USB_API
            CODE    2A0FH     00AFH     UNIT         ?PR?_BLOCK_READ?BLOCK_READ
            CODE    2ABEH     00A4H     UNIT         ?PR?DISPFRAME?LCD
            CODE    2B62H     009EH     UNIT         ?PR?DISPSCALEVER_GREEN?LCD
            CODE    2C00H     009BH     UNIT         ?PR?DISPGRAYHOR16?LCD
            CODE    2C9BH     0098H     UNIT         ?PR?_?BLOCKWRITE?LCD
            CODE    2D33H     0096H     UNIT         ?PR?_DISPSTR?LCD
            CODE    2DC9H     008FH     UNIT         ?PR?DISPSCALEVER_RED?LCD
            CODE    2E58H     008FH     UNIT         ?PR?DISPSCALEVER_GRAY?LCD
            CODE    2EE7H     008FH     UNIT         ?PR?_DRAWGIRD?LCD
            CODE    2F76H     008CH     UNIT         ?C_C51STARTUP
            CODE    3002H     0086H     UNIT         ?PR?_DRAWLINE?LCD
            CODE    3088H     0084H     UNIT         ?PR?DISPSCALEVER_BLUE?LCD
            CODE    310CH     007DH     UNIT         ?PR?_MMC_SD_WRITESINGLEBLOCK?MMC_SD
            CODE    3189H     0078H     UNIT         ?PR?DISPGRAYHOR32?LCD
            CODE    3201H     0075H     UNIT         ?PR?_MMC_SD_SENDCOMMAND?MMC_SD
            CODE    3276H     0073H     UNIT         ?PR?TP_READ?TP
            CODE    32E9H     0073H     UNIT         ?PR?USBXCORE_GET_STATUS?USB_API
            CODE    335CH     006CH     UNIT         ?PR?DEVICES_INIT?MAIN
            CODE    33C8H     0064H     UNIT         ?PR?_MMC_SD_READSINGLEBLOCK?MMC_SD
            CODE    342CH     005DH     UNIT         ?PR?MAIN?MAIN
            CODE    3489H     005BH     UNIT         ?PR?_TOORD?LCD
            CODE    34E4H     005AH     UNIT         ?PR?USBXCORE_SET_CONFIGURATION?USB_API
            CODE    353EH     0058H     UNIT         ?PR?USBXCORE_CLEAR_FEATURE?USB_API
            CODE    3596H     0057H     UNIT         ?PR?USBXCORE_SET_FEATURE?USB_API
            CODE    35EDH     0055H     UNIT         ?PR?_STOPDELAY?MAIN
            CODE    3642H     0052H     UNIT         ?PR?_PUTPIXEL?LCD
            CODE    3694H     0050H     UNIT         ?CO?MAIN
            CODE    36E4H     0047H     UNIT         ?PR?USBXCORE_GET_CONFIGURATION?USB_API
            CODE    372BH     0043H     UNIT         ?PR?MCU_INIT?MAIN
            CODE    376EH     0038H     UNIT         ?PR?USB_CLOCK_START?USB_CLOCK_START
            CODE    37A6H     002DH     UNIT         ?C_INITSEG
            CODE    37D3H     002CH     UNIT         ?PR?_WRITEDISPDATA?LCD
            CODE    37FFH     002BH     UNIT         ?PR?USB_SUSPEND?USB_SUSPEND
            CODE    382AH     0027H     UNIT         ?PR?USBXCORE_USB_RESET?USB_API
BL51 BANKED LINKER/LOCATER V6.22                                                      04/21/2020  16:13:50  PAGE 4


            CODE    3851H     0027H     UNIT         ?PR?USBXCORE_GET_INTERFACE?USB_API
            CODE    3878H     0026H     UNIT         ?PR?_TP_WRITE?TP
            CODE    389EH     0022H     UNIT         ?PR?USBXCORE_JUMP_ISR?USB_JUMP_ISR
            CODE    38C0H     0020H     UNIT         ?PR?USBXCORE_SET_ADDRESS?USB_API
            CODE    38E0H     001FH     UNIT         ?PR?_DELAY?MAIN
            CODE    38FFH     001DH     UNIT         ?PR?USBXCORE_FORCE_STALL?USB_API
            CODE    391CH     001CH     UNIT         ?PR?_WRITECOMM?LCD
            CODE    3938H     001AH     UNIT         ?PR?_WRITEDATA?LCD
            CODE    3952H     0019H     UNIT         ?PR?USB_INT_ENABLE?USB_INT_ENABLE
            CODE    396BH     0016H     UNIT         ?PR?_SPI_WRITEBYTE?MMC_SD
            CODE    3981H     0016H     UNIT         ?PR?READDATA?LCD
            CODE    3997H     0014H     UNIT         ?PR?USBXCORE_SET_SOP?USB_API
            CODE    39ABH     0013H     UNIT         ?PR?WAITKEY?MAIN
            CODE    39BEH     0011H     UNIT         ?PR?SD_INIT?MMC_SD
            CODE    39CFH     000EH     UNIT         ?PR?GET_INTERRUPT_SOURCE?GET_INTERRUPT_SOURCE
            CODE    39DDH     000CH     UNIT         ?PR?USBXCORE_CLKREC?USB_CLOCK_RECOVERY
            CODE    39E9H     000BH     UNIT         ?PR?SPI_READBYTE?MMC_SD
            CODE    39F4H     0009H     UNIT         ?PR?_WRITEONEDOT?LCD



OVERLAY MAP OF MODULE:   123 (MAIN)


SEGMENT                                            PDATA_GROUP         XDATA_GROUP
  +--> CALLED SEGMENT                            START    LENGTH     START    LENGTH
------------------------------------------------------------------------------------
?PR?USB_API_TEST_ISR?MAIN                        0056H    0001H      -----    -----
  +--> ?PR?GET_INTERRUPT_SOURCE?GET_INTERRUP...
  +--> ?PR?_BLOCK_READ?BLOCK_READ
  +--> ?PR?SUSPEND_DEVICE?MAIN
  +--> ?PR?MCU_INIT?MAIN
  +--> ?PR?_?BLOCKWRITE?LCD

?PR?SUSPEND_DEVICE?MAIN                          -----    -----      -----    -----
  +--> ?PR?USB_SUSPEND?USB_SUSPEND

?PR?USB_SUSPEND?USB_SUSPEND                      -----    -----      -----    -----
  +--> ?PR?USB_CLOCK_START?USB_CLOCK_START

?PR?_?BLOCKWRITE?LCD                             -----    -----      -----    -----
  +--> ?PR?_WRITECOMM?LCD
  +--> ?PR?_WRITEDATA?LCD

?PR?_WRITECOMM?LCD                               007AH    0001H      -----    -----

?PR?_WRITEDATA?LCD                               007AH    0002H      -----    -----

*** NEW ROOT ***************************************************

?PR?USBXCORE_USB_ISR?USB_API                     -----    -----      -----    -----
  +--> ?PR?USBXCORE_USB_RESET?USB_API
  +--> ?PR?USBXCORE_HANDLE_SETUP?USB_API
  +--> ?PR?USBXCORE_JUMP_ISR?USB_JUMP_ISR

?PR?USBXCORE_HANDLE_SETUP?USB_API                -----    -----      -----    -----
  +--> ?PR?USBXCORE_GET_STATUS?USB_API
BL51 BANKED LINKER/LOCATER V6.22                                                      04/21/2020  16:13:50  PAGE 5


  +--> ?PR?USBXCORE_CLEAR_FEATURE?USB_API
  +--> ?PR?USBXCORE_VENDOR_USB_API?USB_API
  +--> ?PR?USBXCORE_SET_FEATURE?USB_API
  +--> ?PR?USBXCORE_SET_ADDRESS?USB_API
  +--> ?PR?USBXCORE_GET_DESCRIPTOR?USB_API
  +--> ?PR?USBXCORE_GET_CONFIGURATION?USB_API
  +--> ?PR?USBXCORE_SET_CONFIGURATION?USB_API
  +--> ?PR?USBXCORE_GET_INTERFACE?USB_API
  +--> ?PR?USBXCORE_SET_SOP?USB_API
  +--> ?PR?USBXCORE_FORCE_STALL?USB_API

?PR?USBXCORE_GET_STATUS?USB_API                  -----    -----      -----    -----
  +--> ?CO?USB_API
  +--> ?PR?USBXCORE_FORCE_STALL?USB_API
  +--> ?PR?USBXCORE_SET_SOP?USB_API

?PR?USBXCORE_CLEAR_FEATURE?USB_API               -----    -----      -----    -----
  +--> ?PR?USBXCORE_FORCE_STALL?USB_API
  +--> ?PR?USBXCORE_SET_SOP?USB_API

?PR?USBXCORE_VENDOR_USB_API?USB_API              -----    -----      -----    -----
  +--> ?PR?USBXCORE_SET_SOP?USB_API

?PR?USBXCORE_SET_FEATURE?USB_API                 -----    -----      -----    -----
  +--> ?PR?USBXCORE_FORCE_STALL?USB_API
  +--> ?PR?USBXCORE_SET_SOP?USB_API

?PR?USBXCORE_SET_ADDRESS?USB_API                 -----    -----      -----    -----
  +--> ?PR?USBXCORE_SET_SOP?USB_API

?PR?USBXCORE_GET_DESCRIPTOR?USB_API              -----    -----      -----    -----
  +--> ?PR?USBXCORE_FORCE_STALL?USB_API
  +--> ?PR?USBXCORE_SET_SOP?USB_API

?PR?USBXCORE_GET_CONFIGURATION?USB_API           -----    -----      -----    -----
  +--> ?CO?USB_API
  +--> ?PR?USBXCORE_SET_SOP?USB_API

?PR?USBXCORE_SET_CONFIGURATION?USB_API           -----    -----      -----    -----
  +--> ?PR?USBXCORE_SET_SOP?USB_API

?PR?USBXCORE_GET_INTERFACE?USB_API               -----    -----      -----    -----
  +--> ?CO?USB_API
  +--> ?PR?USBXCORE_SET_SOP?USB_API

*** NEW ROOT ***************************************************

?C_C51STARTUP                                    -----    -----      -----    -----
  +--> ?PR?MAIN?MAIN
  +--> ?C_INITSEG

?PR?MAIN?MAIN                                    -----    -----      -----    -----
  +--> ?PR?DEVICES_INIT?MAIN
  +--> ?PR?DISPFRAME?LCD
  +--> ?PR?_STOPDELAY?MAIN
  +--> ?PR?WAITKEY?MAIN
  +--> ?PR?_DISPCOLOR?LCD
BL51 BANKED LINKER/LOCATER V6.22                                                      04/21/2020  16:13:50  PAGE 6


  +--> ?PR?DISPGRAYHOR16?LCD
  +--> ?PR?TP_DRAWLINE?TP

?PR?DEVICES_INIT?MAIN                            -----    -----      -----    -----
  +--> ?PR?MCU_INIT?MAIN
  +--> ?PR?USB_CLOCK_START?USB_CLOCK_START
  +--> ?CO?MAIN
  +--> ?PR?_USB_INIT?USB_API
  +--> ?PR?USB_INT_ENABLE?USB_INT_ENABLE
  +--> ?PR?LCD_INIT?LCD

?PR?_USB_INIT?USB_API                            -----    -----      027CH    0011H
  +--> ?CO?USB_API
  +--> ?PR?USBXCORE_CLKREC?USB_CLOCK_RECOVERY

?PR?LCD_INIT?LCD                                 -----    -----      -----    -----
  +--> ?PR?READDATA?LCD
  +--> ?PR?_DELAY?MAIN
  +--> ?PR?_WRITECOMM?LCD
  +--> ?PR?_WRITEDATA?LCD

?PR?READDATA?LCD                                 -----    -----      -----    -----
  +--> ?PR?_LCD_READ_IC_ID?LCD

?PR?_LCD_READ_IC_ID?LCD                          0062H    0008H      -----    -----

?PR?DISPFRAME?LCD                                0059H    0002H      -----    -----
  +--> ?PR?_?BLOCKWRITE?LCD
  +--> ?PR?_WRITEDISPDATA?LCD

?PR?_WRITEDISPDATA?LCD                           007AH    0001H      -----    -----

?PR?_STOPDELAY?MAIN                              0059H    0004H      -----    -----
  +--> ?PR?WAITKEY?MAIN
  +--> ?PR?_DELAY?MAIN

?PR?WAITKEY?MAIN                                 -----    -----      -----    -----
  +--> ?PR?CONNTOUSB?MAIN
  +--> ?PR?_DELAY?MAIN

?PR?CONNTOUSB?MAIN                               005DH    0005H      027CH    0058H
  +--> ?CO?MAIN
  +--> ?PR?_WRITECOMM?LCD
  +--> ?PR?_WRITEDATA?LCD
  +--> ?PR?_DISPSTR?LCD
  +--> ?PR?_DISPINT?LCD
  +--> ?PR?_WRITEDISPDATA?LCD
  +--> ?PR?_MMC_SD_WRITESINGLEBLOCK?MMC_SD
  +--> ?PR?_BLOCK_WRITE?BLOCK_WRITE
  +--> ?PR?READDATA?LCD
  +--> ?PR?_DELAY?MAIN

?PR?_DISPSTR?LCD                                 0062H    000BH      -----    -----
  +--> ?PR?_TOORD?LCD
  +--> ?PR?_DISPONECHAR?LCD

?PR?_DISPONECHAR?LCD                             006DH    000DH      -----    -----
BL51 BANKED LINKER/LOCATER V6.22                                                      04/21/2020  16:13:50  PAGE 7


  +--> ?PR?_?BLOCKWRITE?LCD
  +--> ?CO?LCD
  +--> ?PR?_WRITEONEDOT?LCD

?PR?_WRITEONEDOT?LCD                             -----    -----      -----    -----
  +--> ?PR?_WRITEDISPDATA?LCD

?PR?_DISPINT?LCD                                 0062H    000AH      -----    -----
  +--> ?PR?_DISPONECHAR?LCD

?PR?_MMC_SD_WRITESINGLEBLOCK?MMC_SD              0062H    0004H      -----    -----
  +--> ?PR?_MMC_SD_SENDCOMMAND?MMC_SD
  +--> ?PR?_SPI_WRITEBYTE?MMC_SD

?PR?_MMC_SD_SENDCOMMAND?MMC_SD                   0066H    0005H      -----    -----
  +--> ?PR?_SPI_WRITEBYTE?MMC_SD

?PR?_DISPCOLOR?LCD                               0059H    0004H      -----    -----
  +--> ?PR?_?BLOCKWRITE?LCD
  +--> ?PR?_WRITEDISPDATA?LCD

?PR?DISPGRAYHOR16?LCD                            0059H    0004H      -----    -----
  +--> ?PR?_?BLOCKWRITE?LCD
  +--> ?PR?_WRITEDISPDATA?LCD

?PR?TP_DRAWLINE?TP                               -----    -----      027CH    0018H
  +--> ?PR?_DISPCOLOR?LCD
  +--> ?PR?_DELAY?MAIN
  +--> ?PR?_TP_GETPOSITION?TP
  +--> ?PR?_PUTPIXEL?LCD

?PR?_TP_GETPOSITION?TP                           -----    -----      0294H    001BH
  +--> ?PR?_TP_WRITE?TP
  +--> ?PR?TP_READ?TP

?PR?_TP_WRITE?TP                                 -----    -----      02AFH    0001H

?PR?TP_READ?TP                                   -----    -----      02AFH    0005H

?PR?_PUTPIXEL?LCD                                0059H    0002H      -----    -----
  +--> ?PR?_?BLOCKWRITE?LCD
  +--> ?PR?_WRITEDISPDATA?LCD



SYMBOL TABLE OF MODULE:  123 (MAIN)

  VALUE           TYPE          NAME
  ----------------------------------

  -------         MODULE        MAIN
  C:0000H         SYMBOL        _ICE_DUMMY_
  D:0080H         PUBLIC        P0
  X:0000H         PUBLIC        f_down
  D:0090H         PUBLIC        P1
  D:00A0H         PUBLIC        P2
  D:00B0H         PUBLIC        P3
BL51 BANKED LINKER/LOCATER V6.22                                                      04/21/2020  16:13:50  PAGE 8


  C:36DFH         PUBLIC        USB_MaxPower
  B:00B0H.6       PUBLIC        KEY_STEP
  D:00A4H         PUBLIC        P0MDOUT
  D:00A5H         PUBLIC        P1MDOUT
  D:00A6H         PUBLIC        P2MDOUT
  D:00A7H         PUBLIC        P3MDOUT
  D:00AEH         PUBLIC        P4MDOUT
  B:0080H.6       PUBLIC        OE
  D:00D9H         PUBLIC        PCA0MD
  C:1FADH         PUBLIC        USB_API_TEST_ISR
  C:003DH         PUBLIC        Suspend_Device
  C:35F1H         PUBLIC        _StopDelay
  D:00E1H         PUBLIC        XBR0
  D:00E2H         PUBLIC        XBR1
  B:00B0H.1       PUBLIC        RS
  C:342CH         PUBLIC        main
  X:0001H         PUBLIC        VerifyCode0
  X:0002H         PUBLIC        VerifyCode1
  C:36A9H         PUBLIC        USB_PID
  X:0003H         PUBLIC        VerifyCode2
  D:00F1H         PUBLIC        P0MDIN
  D:00F2H         PUBLIC        P1MDIN
  C:36ABH         PUBLIC        USB_MfrStr
  D:00F4H         PUBLIC        P3MDIN
  C:36A7H         PUBLIC        USB_VID
  D:00F8H         PUBLIC        SPI0CN
  X:0004H         PUBLIC        pic
  C:335CH         PUBLIC        Devices_Init
  C:008EH         PUBLIC        ConnToUSB
  D:00A9H         PUBLIC        CLKSEL
  D:00B2H         PUBLIC        OSCICN
  C:36E0H         PUBLIC        USB_PwAttributes
  C:39ABH         PUBLIC        WaitKey
  C:36E3H         SYMBOL        _?ix1000
  B:00B0H.0       PUBLIC        CS0
  X:0005H         PUBLIC        bf
  C:36E1H         PUBLIC        USB_bcdDevice
  D:00B9H         PUBLIC        CLKMUL
  X:0007H         PUBLIC        f_debug
  X:0008H         PUBLIC        sd
  X:02D4H         PUBLIC        Packet
  C:372BH         PUBLIC        MCU_Init
  B:0080H.7       PUBLIC        DIR
  D:00EFH         PUBLIC        RSTSRC
  X:000CH         PUBLIC        f_read
  C:36D5H         PUBLIC        USB_SerialStr
  X:000DH         PUBLIC        f_other
  C:36C5H         PUBLIC        USB_ProductStr
  X:000EH         PUBLIC        f_para
  D:00A1H         PUBLIC        SPI0CFG
  C:38E0H         PUBLIC        _Delay
  B:00B0H.7       PUBLIC        KEY_Stop
  X:000FH         PUBLIC        f_init
  -------         PROC          MAIN
  C:342CH         LINE#         40
  C:342CH         LINE#         41
  C:342CH         LINE#         46
BL51 BANKED LINKER/LOCATER V6.22                                                      04/21/2020  16:13:50  PAGE 9


  C:342FH         LINE#         48
  C:3432H         LINE#         49
  C:3432H         LINE#         67
  C:343BH         LINE#         69
  C:344CH         LINE#         70
  C:345DH         LINE#         71
  C:346EH         LINE#         73
  C:3477H         LINE#         74
  C:3483H         LINE#         80
  C:3486H         LINE#         82
  C:3488H         LINE#         83
  -------         ENDPROC       MAIN
  -------         PROC          _DELAY
  D:0006H         SYMBOL        dly
  -------         DO            
  D:0004H         SYMBOL        i
  D:0002H         SYMBOL        j
  -------         ENDDO         
  C:38E0H         LINE#         86
  C:38E0H         LINE#         87
  C:38E0H         LINE#         90
  C:38EAH         LINE#         91
  C:38FEH         LINE#         92
  -------         ENDPROC       _DELAY
  C:35EDH         SYMBOL        L?0133
  -------         PROC          L?0132
  -------         ENDPROC       L?0132
  C:35EDH         SYMBOL        L?0133
  -------         PROC          _STOPDELAY
  X:0059H         SYMBOL        sdly
  -------         DO            
  D:0006H         SYMBOL        i
  D:0004H         SYMBOL        j
  X:005BH         SYMBOL        k
  -------         ENDDO         
  C:35F1H         LINE#         94
  C:35F8H         LINE#         95
  C:35F8H         LINE#         97
  C:35FDH         LINE#         98
  C:35FDH         LINE#         99
  C:3600H         LINE#         100
  C:3600H         LINE#         101
  C:360DH         LINE#         102
  C:3621H         LINE#         103
  C:3621H         LINE#         105
  C:3621H         LINE#         106
  C:362BH         LINE#         107
  C:362BH         LINE#         108
  C:3641H         LINE#         109
  -------         ENDPROC       _STOPDELAY
  -------         PROC          WAITKEY
  C:39ABH         LINE#         138
  C:39ABH         LINE#         139
  C:39ABH         LINE#         141
  C:39AEH         LINE#         142
  C:39AEH         LINE#         144
  C:39B1H         LINE#         146
BL51 BANKED LINKER/LOCATER V6.22                                                      04/21/2020  16:13:50  PAGE 10


  C:39B3H         LINE#         147
  C:39BAH         LINE#         148
  C:39BDH         LINE#         150
  -------         ENDPROC       WAITKEY
  -------         PROC          CONNTOUSB
  -------         DO            
  X:005DH         SYMBOL        i
  X:027CH         SYMBOL        reg_data
  X:0294H         SYMBOL        para_data
  D:0007H         SYMBOL        dat
  X:005EH         SYMBOL        reg_index
  X:0060H         SYMBOL        data_num
  X:0061H         SYMBOL        st
  -------         ENDDO         
  C:008EH         LINE#         155
  C:008EH         LINE#         156
  C:008EH         LINE#         163
  C:00A1H         LINE#         165
  C:00A9H         LINE#         166
  C:00A9H         LINE#         167
  C:00B7H         LINE#         168
  C:00B7H         LINE#         169
  C:00C8H         LINE#         170
  C:00C8H         LINE#         171
  C:00EEH         LINE#         172
  C:00F0H         LINE#         173
  C:0104H         LINE#         174
  C:0104H         LINE#         175
  C:012AH         LINE#         177
  C:012AH         LINE#         178
  C:012AH         LINE#         179
  C:012AH         LINE#         181
  C:012AH         LINE#         182
  C:0132H         LINE#         183
  C:013CH         LINE#         184
  C:0146H         LINE#         186
  C:0162H         LINE#         188
  C:016CH         LINE#         189
  C:016CH         LINE#         190
  C:017DH         LINE#         191
  C:017DH         LINE#         192
  C:018EH         LINE#         193
  C:018EH         LINE#         194
  C:01E1H         LINE#         195
  C:01E3H         LINE#         196
  C:01F9H         LINE#         197
  C:01F9H         LINE#         198
  C:024BH         LINE#         199
  C:024BH         LINE#         200
  C:024BH         LINE#         201
  C:024BH         LINE#         203
  C:024BH         LINE#         204
  C:0253H         LINE#         205
  C:0253H         LINE#         206
  C:025DH         LINE#         207
  C:0267H         LINE#         209
  C:026BH         LINE#         210
BL51 BANKED LINKER/LOCATER V6.22                                                      04/21/2020  16:13:50  PAGE 11


  C:026EH         LINE#         214
  C:0276H         LINE#         215
  C:0276H         LINE#         216
  C:0285H         LINE#         217
  C:0285H         LINE#         218
  C:0287H         LINE#         220
  C:0289H         LINE#         221
  C:02A5H         LINE#         222
  C:02A7H         LINE#         224
  C:02D0H         LINE#         225
  C:02F4H         LINE#         226
  C:02FEH         LINE#         227
  C:02FEH         LINE#         228
  C:0306H         LINE#         229
  C:030DH         LINE#         230
  C:0318H         LINE#         231
  C:031EH         LINE#         232
  C:031EH         LINE#         233
  C:0327H         LINE#         235
  C:032BH         LINE#         236
  C:0337H         LINE#         237
  C:033AH         LINE#         240
  C:0342H         LINE#         241
  C:0342H         LINE#         242
  C:034BH         LINE#         243
  C:034BH         LINE#         244
  C:035BH         LINE#         245
  C:035BH         LINE#         246
  C:035DH         LINE#         248
  C:035FH         LINE#         249
  C:037BH         LINE#         250
  C:037DH         LINE#         252
  C:03A6H         LINE#         253
  C:03CAH         LINE#         255
  C:03D4H         LINE#         256
  C:03D4H         LINE#         257
  C:03DCH         LINE#         258
  C:03E3H         LINE#         259
  C:03EEH         LINE#         260
  C:03F4H         LINE#         261
  C:03F4H         LINE#         263
  C:03FDH         LINE#         269
  C:03FDH         LINE#         270
  C:040AH         LINE#         271
  C:040AH         LINE#         272
  C:040CH         LINE#         274
  C:040EH         LINE#         275
  C:042AH         LINE#         276
  C:042CH         LINE#         278
  C:0434H         LINE#         279
  C:0438H         LINE#         280
  C:0444H         LINE#         281
  C:0444H         LINE#         282
  C:0447H         LINE#         285
  C:044FH         LINE#         286
  C:044FH         LINE#         287
  C:0460H         LINE#         288
BL51 BANKED LINKER/LOCATER V6.22                                                      04/21/2020  16:13:50  PAGE 12


  C:0460H         LINE#         289
  C:046DH         LINE#         290
  C:046DH         LINE#         291
  C:048BH         LINE#         292
  C:048DH         LINE#         293
  C:049DH         LINE#         294
  C:049DH         LINE#         295
  C:04BBH         LINE#         296
  C:04BDH         LINE#         297
  C:04CEH         LINE#         298
  C:04CEH         LINE#         299
  C:04D8H         LINE#         300
  C:04E2H         LINE#         301
  C:04E2H         LINE#         302
  C:04E2H         LINE#         303
  C:04E2H         LINE#         305
  C:04E2H         LINE#         306
  C:04EBH         LINE#         307
  C:04EFH         LINE#         308
  C:04FBH         LINE#         309
  C:04FEH         LINE#         312
  C:0506H         LINE#         313
  C:0506H         LINE#         314
  C:0513H         LINE#         315
  C:0524H         LINE#         317
  C:052DH         LINE#         318
  C:053CH         LINE#         320
  C:0544H         LINE#         321
  C:0544H         LINE#         322
  C:054DH         LINE#         323
  C:055CH         LINE#         324
  C:055CH         LINE#         325
  C:055FH         LINE#         326
  C:056EH         LINE#         327
  C:057AH         LINE#         328
  C:0580H         LINE#         329
  C:0580H         LINE#         331
  C:0584H         LINE#         332
  C:0593H         LINE#         334
  C:059AH         LINE#         335
  C:05B6H         LINE#         336
  C:05C0H         LINE#         337
  C:05C0H         LINE#         338
  C:05E6H         LINE#         339
  C:05F9H         LINE#         340
  C:05F9H         LINE#         341
  C:064BH         LINE#         342
  C:0653H         LINE#         343
  C:0653H         LINE#         344
  C:0653H         LINE#         347
  C:0658H         LINE#         348
  C:0658H         LINE#         349
  C:0665H         LINE#         350
  C:0676H         LINE#         352
  C:067BH         LINE#         353
  C:067FH         LINE#         354
  C:0683H         LINE#         355
BL51 BANKED LINKER/LOCATER V6.22                                                      04/21/2020  16:13:50  PAGE 13


  C:0687H         LINE#         357
  C:068BH         LINE#         358
  C:0697H         LINE#         359
  C:0699H         LINE#         360
  -------         ENDPROC       CONNTOUSB
  -------         PROC          MCU_INIT
  -------         DO            
  D:0007H         SYMBOL        n
  -------         ENDDO         
  C:372BH         LINE#         363
  C:372BH         LINE#         364
  C:372BH         LINE#         366
  C:372EH         LINE#         369
  C:3731H         LINE#         370
  C:3734H         LINE#         372
  C:3737H         LINE#         374
  C:373DH         LINE#         376
  C:3740H         LINE#         377
  C:3745H         LINE#         378
  C:3748H         LINE#         380
  C:374BH         LINE#         383
  C:374EH         LINE#         384
  C:3751H         LINE#         386
  C:3754H         LINE#         387
  C:3757H         LINE#         389
  C:375AH         LINE#         390
  C:375DH         LINE#         392
  C:3760H         LINE#         393
  C:3763H         LINE#         394
  C:3765H         LINE#         395
  C:3767H         LINE#         397
  C:376AH         LINE#         398
  C:376DH         LINE#         400
  -------         ENDPROC       MCU_INIT
  -------         PROC          DEVICES_INIT
  C:335CH         LINE#         402
  C:335CH         LINE#         403
  C:335CH         LINE#         405
  C:335FH         LINE#         408
  C:3362H         LINE#         409
  C:33BCH         LINE#         410
  C:33BFH         LINE#         413
  C:33C2H         LINE#         414
  C:33C5H         LINE#         422
  -------         ENDPROC       DEVICES_INIT
  -------         PROC          SUSPEND_DEVICE
  C:003DH         LINE#         426
  C:003DH         LINE#         427
  C:003DH         LINE#         428
  -------         ENDPROC       SUSPEND_DEVICE
  -------         PROC          USB_API_TEST_ISR
  -------         DO            
  X:0056H         SYMBOL        INTVAL
  -------         ENDDO         
  C:1FADH         LINE#         432
  C:1FCAH         LINE#         434
  C:1FD1H         LINE#         436
BL51 BANKED LINKER/LOCATER V6.22                                                      04/21/2020  16:13:50  PAGE 14


  C:1FD7H         LINE#         437
  C:1FD7H         LINE#         438
  C:1FE2H         LINE#         440
  C:1FFEH         LINE#         441
  C:1FFEH         LINE#         442
  C:2000H         LINE#         443
  C:2002H         LINE#         444
  C:2018H         LINE#         445
  C:2018H         LINE#         446
  C:201AH         LINE#         447
  C:201CH         LINE#         448
  C:2034H         LINE#         449
  C:2034H         LINE#         450
  C:2036H         LINE#         451
  C:2038H         LINE#         452
  C:2052H         LINE#         453
  C:2052H         LINE#         454
  C:2054H         LINE#         455
  C:2056H         LINE#         456
  C:206BH         LINE#         457
  C:206BH         LINE#         458
  C:206DH         LINE#         459
  C:206FH         LINE#         461
  C:206FH         LINE#         462
  C:2074H         LINE#         463
  C:2074H         LINE#         464
  C:2074H         LINE#         466
  C:2074H         LINE#         467
  C:2074H         LINE#         469
  C:2074H         LINE#         471
  C:207AH         LINE#         472
  C:207AH         LINE#         473
  C:207DH         LINE#         474
  C:207DH         LINE#         476
  C:2083H         LINE#         477
  C:2083H         LINE#         478
  C:2086H         LINE#         479
  C:2086H         LINE#         481
  C:208CH         LINE#         482
  C:208CH         LINE#         483
  C:20A7H         LINE#         484
  C:20A7H         LINE#         486
  C:20ADH         LINE#         487
  C:20ADH         LINE#         488
  C:20B2H         LINE#         489
  C:20CDH         LINE#         490
  C:20CDH         LINE#         491
  -------         ENDPROC       USB_API_TEST_ISR
  -------         ENDMOD        MAIN

  -------         MODULE        MMC_SD
  C:0000H         SYMBOL        _ICE_DUMMY_
  D:00A2H         PUBLIC        SPI0CKR
  D:0080H         PUBLIC        P0
  D:0090H         PUBLIC        P1
  D:00A0H         PUBLIC        P2
  D:00B0H         PUBLIC        P3
BL51 BANKED LINKER/LOCATER V6.22                                                      04/21/2020  16:13:50  PAGE 15


  C:3201H         PUBLIC        _MMC_SD_SendCommand
  C:33C8H         PUBLIC        _MMC_SD_ReadSingleBlock
  C:39BEH         PUBLIC        SD_Init
  C:310CH         PUBLIC        _MMC_SD_WriteSingleBlock
  B:00F8H.7       PUBLIC        SPIF
  B:00F8H.2       PUBLIC        NSSMD0
  C:27F2H         PUBLIC        MMC_SD_Reset
  D:00A9H         PUBLIC        CLKSEL
  C:39E9H         PUBLIC        SPI_ReadByte
  C:3977H         PUBLIC        _SPI_WriteByte
  D:00A3H         PUBLIC        SPI0DAT
  X:007CH         PUBLIC        buffer
  C:396BH         SYMBOL        L?0062
  C:3970H         SYMBOL        L?0063
  -------         PROC          L?0061
  -------         ENDPROC       L?0061
  C:396BH         SYMBOL        L?0062
  C:3970H         SYMBOL        L?0063
  -------         PROC          _SPI_WRITEBYTE
  D:0007H         SYMBOL        val
  -------         DO            
  D:0007H         SYMBOL        ret
  -------         ENDDO         
  C:3977H         LINE#         7
  C:3977H         LINE#         8
  C:3977H         LINE#         11
  C:3979H         LINE#         12
  C:397CH         LINE#         13
  C:397EH         LINE#         14
  C:3980H         LINE#         15
  C:3980H         LINE#         16
  -------         ENDPROC       _SPI_WRITEBYTE
  -------         PROC          SPI_READBYTE
  -------         DO            
  D:0007H         SYMBOL        ret
  -------         ENDDO         
  C:39E9H         LINE#         18
  C:39E9H         LINE#         19
  C:39E9H         LINE#         22
  C:39ECH         LINE#         23
  C:39EFH         LINE#         24
  C:39F1H         LINE#         25
  C:39F3H         LINE#         26
  C:39F3H         LINE#         27
  -------         ENDPROC       SPI_READBYTE
  -------         PROC          _MMC_SD_SENDCOMMAND
  D:0006H         SYMBOL        cmd
  X:0067H         SYMBOL        arg
  -------         DO            
  D:0007H         SYMBOL        r1
  D:0003H         SYMBOL        retry
  -------         ENDDO         
  C:3201H         LINE#         29
  C:3203H         LINE#         30
  C:3203H         LINE#         32
  C:3205H         LINE#         34
  C:3205H         LINE#         35
BL51 BANKED LINKER/LOCATER V6.22                                                      04/21/2020  16:13:50  PAGE 16


  C:3205H         LINE#         36
  C:3208H         LINE#         37
  C:3208H         LINE#         38
  C:3208H         LINE#         39
  C:320BH         LINE#         41
  C:320DH         LINE#         43
  C:3214H         LINE#         44
  C:3229H         LINE#         45
  C:323EH         LINE#         46
  C:3253H         LINE#         47
  C:325DH         LINE#         48
  C:3262H         LINE#         50
  C:326AH         LINE#         51
  C:3273H         LINE#         53
  C:3275H         LINE#         55
  C:3275H         LINE#         56
  -------         ENDPROC       _MMC_SD_SENDCOMMAND
  -------         PROC          MMC_SD_RESET
  -------         DO            
  D:0005H         SYMBOL        i
  D:0002H         SYMBOL        retry
  D:0006H         SYMBOL        r1
  -------         ENDDO         
  C:27F2H         LINE#         58
  C:27F2H         LINE#         59
  C:27F2H         LINE#         62
  C:27F4H         LINE#         64
  C:27F5H         LINE#         65
  C:27F8H         LINE#         66
  C:27FBH         LINE#         68
  C:27FBH         LINE#         69
  C:2807H         LINE#         70
  C:2817H         LINE#         71
  C:2818H         LINE#         72
  C:281EH         LINE#         73
  C:2822H         LINE#         75
  C:2824H         LINE#         77
  C:2824H         LINE#         79
  C:2824H         LINE#         80
  C:2834H         LINE#         81
  C:2835H         LINE#         82
  C:283EH         LINE#         83
  C:2842H         LINE#         85
  C:2844H         LINE#         86
  C:2854H         LINE#         87
  C:2855H         LINE#         88
  C:285EH         LINE#         89
  C:2861H         LINE#         91
  C:2864H         LINE#         92
  C:2864H         LINE#         93
  C:2866H         LINE#         95
  C:2866H         LINE#         96
  C:2876H         LINE#         97
  C:2877H         LINE#         98
  C:2880H         LINE#         99
  C:2883H         LINE#         100
  C:2883H         LINE#         101
BL51 BANKED LINKER/LOCATER V6.22                                                      04/21/2020  16:13:50  PAGE 17


  C:2893H         LINE#         103
  C:28A1H         LINE#         104
  C:28A4H         LINE#         105
  C:28A7H         LINE#         106
  C:28A8H         LINE#         107
  -------         ENDPROC       MMC_SD_RESET
  -------         PROC          _MMC_SD_READSINGLEBLOCK
  X:0010H         SYMBOL        sector
  -------         DO            
  D:0007H         SYMBOL        r1
  D:0004H         SYMBOL        i
  D:0002H         SYMBOL        retry
  -------         ENDDO         
  C:33C8H         LINE#         109
  C:33CDH         LINE#         110
  C:33CDH         LINE#         113
  C:33CFH         LINE#         115
  C:33D2H         LINE#         117
  C:33D2H         LINE#         118
  C:33EEH         LINE#         119
  C:33EFH         LINE#         120
  C:33F8H         LINE#         121
  C:33FBH         LINE#         124
  C:33FDH         LINE#         126
  C:3403H         LINE#         128
  C:3406H         LINE#         129
  C:3406H         LINE#         130
  C:3415H         LINE#         131
  C:3422H         LINE#         133
  C:3422H         LINE#         134
  C:3425H         LINE#         136
  C:3427H         LINE#         137
  C:342AH         LINE#         138
  C:342BH         LINE#         139
  -------         ENDPROC       _MMC_SD_READSINGLEBLOCK
  -------         PROC          _MMC_SD_WRITESINGLEBLOCK
  X:0062H         SYMBOL        sector
  -------         DO            
  D:0006H         SYMBOL        r1
  D:0004H         SYMBOL        i
  D:0002H         SYMBOL        retry
  -------         ENDDO         
  C:310CH         LINE#         141
  C:3111H         LINE#         142
  C:3111H         LINE#         145
  C:3113H         LINE#         147
  C:3116H         LINE#         149
  C:3116H         LINE#         150
  C:3134H         LINE#         151
  C:3135H         LINE#         152
  C:313EH         LINE#         153
  C:3141H         LINE#         157
  C:3143H         LINE#         159
  C:3148H         LINE#         161
  C:314DH         LINE#         163
  C:314FH         LINE#         164
  C:314FH         LINE#         165
BL51 BANKED LINKER/LOCATER V6.22                                                      04/21/2020  16:13:50  PAGE 18


  C:315EH         LINE#         166
  C:316BH         LINE#         168
  C:316BH         LINE#         169
  C:316BH         LINE#         171
  C:3170H         LINE#         173
  C:3177H         LINE#         174
  C:3177H         LINE#         175
  C:3179H         LINE#         176
  C:317AH         LINE#         177
  C:317AH         LINE#         179
  C:3182H         LINE#         181
  C:3184H         LINE#         182
  C:3187H         LINE#         183
  C:3188H         LINE#         184
  -------         ENDPROC       _MMC_SD_WRITESINGLEBLOCK
  -------         PROC          SD_INIT
  -------         DO            
  D:0001H         SYMBOL        n
  -------         ENDDO         
  C:39BEH         LINE#         187
  C:39BEH         LINE#         188
  C:39BEH         LINE#         189
  C:39C0H         LINE#         191
  C:39C6H         LINE#         192
  C:39C6H         LINE#         193
  C:39C7H         LINE#         194
  C:39CEH         LINE#         196
  -------         ENDPROC       SD_INIT
  -------         ENDMOD        MMC_SD

  -------         MODULE        LCD
  C:0000H         SYMBOL        _ICE_DUMMY_
  D:0080H         PUBLIC        P0
  C:2ABEH         PUBLIC        DispFrame
  D:0090H         PUBLIC        P1
  C:2B62H         PUBLIC        DispScaleVer_Green
  D:00A0H         PUBLIC        P2
  D:00B0H         PUBLIC        P3
  C:1B84H         PUBLIC        DispBand
  C:393CH         PUBLIC        _WriteData
  C:069AH         PUBLIC        ascii
  C:13DAH         PUBLIC        _LCD_Read_IC_ID
  D:00A6H         PUBLIC        P2MDOUT
  C:0046H         PUBLIC        _DispColor
  C:3088H         PUBLIC        DispScaleVer_Blue
  C:2EE7H         PUBLIC        _DrawGird
  C:3002H         PUBLIC        _DrawLine
  C:391CH         PUBLIC        _WriteComm
  C:37E8H         PUBLIC        _WriteDispData
  C:2E58H         PUBLIC        DispScaleVer_Gray
  B:00B0H.1       PUBLIC        RS
  B:00A0H.1       PUBLIC        SPI_CLK
  C:2DC9H         PUBLIC        DispScaleVer_Red
  D:00F3H         PUBLIC        P2MDIN
  C:221FH         PUBLIC        DispScaleVer
  C:2757H         PUBLIC        _DispOneChar
  C:3189H         PUBLIC        DispGrayHor32
BL51 BANKED LINKER/LOCATER V6.22                                                      04/21/2020  16:13:50  PAGE 19


  C:2C00H         PUBLIC        DispGrayHor16
  C:28A9H         PUBLIC        _DispInt
  C:3642H         PUBLIC        _PutPixel
  D:00A9H         PUBLIC        CLKSEL
  B:0090H.6       PUBLIC        RD0
  B:00B0H.0       PUBLIC        CS0
  X:0054H         PUBLIC        LCM_ID
  C:1E64H         PUBLIC        LCD_Init
  C:2D33H         PUBLIC        _DispStr
  B:0090H.7       PUBLIC        WR0
  C:160CH         PUBLIC        DispScaleHor1
  B:00A0H.0       PUBLIC        SPI_DI
  C:39F4H         PUBLIC        _WriteOneDot
  C:182AH         PUBLIC        DispScaleHor2
  C:2571H         PUBLIC        _DispPicFromSD
  B:0080H.7       PUBLIC        DIR
  C:3489H         PUBLIC        _ToOrd
  B:0080H.5       PUBLIC        RST
  C:3981H         PUBLIC        ReadData
  C:2CB4H         PUBLIC        _?BlockWrite
  -------         PROC          _LCD_READ_IC_ID
  X:0062H         SYMBOL        ID
  D:0004H         SYMBOL        Bug
  D:0003H         SYMBOL        flog
  -------         DO            
  X:0063H         SYMBOL        id
  X:0065H         SYMBOL        id1
  X:0067H         SYMBOL        temp
  D:0005H         SYMBOL        i
  D:0007H         SYMBOL        dat
  D:0001H         SYMBOL        id2
  X:0069H         SYMBOL        id3
  D:0002H         SYMBOL        id4
  -------         ENDDO         
  C:13DAH         LINE#         35
  C:13DEH         LINE#         36
  C:13DEH         LINE#         40
  C:13E6H         LINE#         41
  C:13E6H         LINE#         43
  C:13E8H         LINE#         44
  C:13EAH         LINE#         45
  C:13ECH         LINE#         47
  C:13EFH         LINE#         48
  C:13F1H         LINE#         49
  C:13F3H         LINE#         50
  C:13F5H         LINE#         53
  C:13F8H         LINE#         54
  C:13FBH         LINE#         55
  C:13FEH         LINE#         56
  C:1400H         LINE#         57
  C:1402H         LINE#         58
  C:1404H         LINE#         63
  C:140EH         LINE#         65
  C:1414H         LINE#         66
  C:141CH         LINE#         68
  C:1422H         LINE#         69
  C:1428H         LINE#         70
BL51 BANKED LINKER/LOCATER V6.22                                                      04/21/2020  16:13:50  PAGE 20


  C:1432H         LINE#         72
  C:1438H         LINE#         73
  C:143AH         LINE#         75
  C:1440H         LINE#         77
  C:1446H         LINE#         78
  C:1450H         LINE#         80
  C:1456H         LINE#         81
  C:145BH         LINE#         83
  C:1461H         LINE#         85
  C:146BH         LINE#         86
  C:1475H         LINE#         88
  C:147BH         LINE#         89
  C:147DH         LINE#         91
  C:148DH         LINE#         92
  C:1497H         LINE#         94
  C:149AH         LINE#         95
  C:149EH         LINE#         96
  C:149EH         LINE#         97
  C:14A7H         LINE#         98
  C:14ADH         LINE#         99
  C:14ADH         LINE#         100
  C:14B7H         LINE#         101
  C:14B9H         LINE#         102
  C:14BDH         LINE#         103
  C:14BDH         LINE#         104
  C:14CCH         LINE#         105
  C:14CCH         LINE#         108
  C:14CCH         LINE#         109
  C:14D5H         LINE#         110
  C:14D5H         LINE#         112
  C:14D8H         LINE#         113
  C:14DCH         LINE#         114
  C:14DEH         LINE#         115
  C:14E0H         LINE#         116
  C:14E2H         LINE#         117
  C:14E2H         LINE#         118
  C:14E4H         LINE#         119
  C:14ECH         LINE#         120
  C:14EEH         LINE#         122
  C:14F0H         LINE#         123
  C:14F4H         LINE#         124
  C:14F9H         LINE#         125
  C:14FCH         LINE#         128
  C:1506H         LINE#         129
  C:1506H         LINE#         130
  C:1508H         LINE#         131
  C:1508H         LINE#         132
  C:150AH         LINE#         133
  C:150CH         LINE#         134
  C:150EH         LINE#         135
  C:1525H         LINE#         136
  C:1527H         LINE#         137
  C:1529H         LINE#         138
  C:1530H         LINE#         139
  C:153AH         LINE#         140
  C:153AH         LINE#         141
  C:153CH         LINE#         142
BL51 BANKED LINKER/LOCATER V6.22                                                      04/21/2020  16:13:50  PAGE 21


  C:153CH         LINE#         143
  C:153EH         LINE#         144
  C:1540H         LINE#         145
  C:1542H         LINE#         146
  C:1559H         LINE#         147
  C:155BH         LINE#         148
  C:155DH         LINE#         149
  C:1562H         LINE#         150
  C:1562H         LINE#         152
  C:1564H         LINE#         153
  C:1564H         LINE#         154
  C:1566H         LINE#         155
  C:1568H         LINE#         156
  C:156AH         LINE#         157
  C:1581H         LINE#         158
  C:1583H         LINE#         159
  C:1585H         LINE#         160
  C:158AH         LINE#         162
  C:158CH         LINE#         163
  C:158CH         LINE#         164
  C:158EH         LINE#         165
  C:1590H         LINE#         166
  C:1592H         LINE#         167
  C:159CH         LINE#         168
  C:159EH         LINE#         169
  C:15A0H         LINE#         170
  C:15A5H         LINE#         172
  C:15A7H         LINE#         173
  C:15A7H         LINE#         174
  C:15A9H         LINE#         175
  C:15ABH         LINE#         176
  C:15ADH         LINE#         177
  C:15B9H         LINE#         178
  C:15BBH         LINE#         179
  C:15BDH         LINE#         180
  C:15C2H         LINE#         181
  C:15C5H         LINE#         182
  C:15C7H         LINE#         183
  C:15C9H         LINE#         184
  C:15CBH         LINE#         185
  C:15CDH         LINE#         186
  C:15CFH         LINE#         187
  C:15D1H         LINE#         189
  C:15D5H         LINE#         190
  C:15D5H         LINE#         191
  C:15E5H         LINE#         193
  C:15F0H         LINE#         194
  C:15F0H         LINE#         195
  C:15F0H         LINE#         197
  C:15F6H         LINE#         198
  C:15F6H         LINE#         199
  C:1602H         LINE#         200
  C:1602H         LINE#         202
  C:1602H         LINE#         203
  C:1604H         LINE#         204
  C:160BH         LINE#         205
  -------         ENDPROC       _LCD_READ_IC_ID
BL51 BANKED LINKER/LOCATER V6.22                                                      04/21/2020  16:13:50  PAGE 22


  -------         PROC          _WRITECOMM
  D:0004H         SYMBOL        i
  -------         DO            
  X:007AH         SYMBOL        j
  D:0007H         SYMBOL        DataH
  -------         ENDDO         
  C:391CH         LINE#         208
  C:3920H         LINE#         209
  C:3920H         LINE#         211
  C:3921H         LINE#         212
  C:3923H         LINE#         223
  C:3923H         LINE#         224
  C:3925H         LINE#         225
  C:3927H         LINE#         226
  C:3929H         LINE#         227
  C:392BH         LINE#         228
  C:392DH         LINE#         229
  C:3931H         LINE#         230
  C:3933H         LINE#         231
  C:3935H         LINE#         232
  C:3935H         LINE#         319
  C:3937H         LINE#         320
  -------         ENDPROC       _WRITECOMM
  -------         PROC          L?0444
  -------         ENDPROC       L?0444
  -------         PROC          _WRITEDATA
  D:0004H         SYMBOL        i
  -------         DO            
  X:007AH         SYMBOL        j
  X:007BH         SYMBOL        DataH
  -------         ENDDO         
  C:393CH         LINE#         322
  C:393EH         LINE#         323
  C:393EH         LINE#         325
  C:3942H         LINE#         326
  C:3944H         LINE#         337
  C:3944H         LINE#         338
  C:3946H         LINE#         339
  C:3948H         LINE#         347
  C:394BH         LINE#         348
  C:394DH         LINE#         349
  C:394FH         LINE#         350
  C:394FH         LINE#         513
  C:3951H         LINE#         514
  -------         ENDPROC       _WRITEDATA
  C:37D3H         SYMBOL        L?0443
  -------         PROC          L?0442
  -------         ENDPROC       L?0442
  C:37D3H         SYMBOL        L?0443
  -------         PROC          _WRITEDISPDATA
  D:0007H         SYMBOL        DataH
  D:0005H         SYMBOL        DataL
  -------         DO            
  X:007AH         SYMBOL        j
  -------         ENDDO         
  C:37E8H         LINE#         516
  C:37E8H         LINE#         517
BL51 BANKED LINKER/LOCATER V6.22                                                      04/21/2020  16:13:50  PAGE 23


  C:37E8H         LINE#         519
  C:37EAH         LINE#         533
  C:37EAH         LINE#         534
  C:37ECH         LINE#         535
  C:37EEH         LINE#         536
  C:37F0H         LINE#         537
  C:37F2H         LINE#         538
  C:37F4H         LINE#         539
  C:37F8H         LINE#         540
  C:37FAH         LINE#         541
  C:37FCH         LINE#         542
  C:37FCH         LINE#         638
  C:37FEH         LINE#         639
  -------         ENDPROC       _WRITEDISPDATA
  -------         PROC          _WRITEONEDOT
  D:0004H         SYMBOL        color
  C:39F4H         LINE#         641
  C:39F8H         LINE#         642
  C:39F8H         LINE#         655
  -------         ENDPROC       _WRITEONEDOT
  -------         PROC          LCD_INIT
  C:1E64H         LINE#         664
  C:1E64H         LINE#         665
  C:1E64H         LINE#         666
  C:1E67H         LINE#         669
  C:1E69H         LINE#         670
  C:1E70H         LINE#         672
  C:1E72H         LINE#         673
  C:1E79H         LINE#         675
  C:1E7BH         LINE#         676
  C:1E82H         LINE#         3746
  C:1E89H         LINE#         3747
  C:1E8EH         LINE#         3750
  C:1E95H         LINE#         3751
  C:1E9AH         LINE#         3752
  C:1E9FH         LINE#         3753
  C:1EA4H         LINE#         3755
  C:1EA9H         LINE#         3756
  C:1EAEH         LINE#         3757
  C:1EB1H         LINE#         3758
  C:1EB6H         LINE#         3759
  C:1EBBH         LINE#         3760
  C:1EBEH         LINE#         3761
  C:1EC3H         LINE#         3762
  C:1EC8H         LINE#         3764
  C:1ECDH         LINE#         3765
  C:1ED2H         LINE#         3767
  C:1ED7H         LINE#         3768
  C:1EDCH         LINE#         3769
  C:1EE1H         LINE#         3770
  C:1EE6H         LINE#         3771
  C:1EEBH         LINE#         3772
  C:1EF0H         LINE#         3773
  C:1EF5H         LINE#         3774
  C:1EFAH         LINE#         3775
  C:1EFFH         LINE#         3776
  C:1F04H         LINE#         3777
BL51 BANKED LINKER/LOCATER V6.22                                                      04/21/2020  16:13:50  PAGE 24


  C:1F09H         LINE#         3778
  C:1F0EH         LINE#         3779
  C:1F13H         LINE#         3781
  C:1F18H         LINE#         3782
  C:1F1DH         LINE#         3783
  C:1F22H         LINE#         3784
  C:1F27H         LINE#         3785
  C:1F2CH         LINE#         3786
  C:1F31H         LINE#         3787
  C:1F36H         LINE#         3788
  C:1F3BH         LINE#         3789
  C:1F40H         LINE#         3790
  C:1F45H         LINE#         3791
  C:1F4AH         LINE#         3792
  C:1F4FH         LINE#         3793
  C:1F54H         LINE#         3794
  C:1F59H         LINE#         3795
  C:1F5EH         LINE#         3796
  C:1F63H         LINE#         3797
  C:1F68H         LINE#         3798
  C:1F6DH         LINE#         3799
  C:1F72H         LINE#         3800
  C:1F77H         LINE#         3801
  C:1F7BH         LINE#         3802
  C:1F80H         LINE#         3803
  C:1F85H         LINE#         3804
  C:1F8AH         LINE#         3805
  C:1F8FH         LINE#         3806
  C:1F94H         LINE#         3807
  C:1F99H         LINE#         3808
  C:1F9EH         LINE#         3809
  C:1FA3H         LINE#         3810
  C:1FA8H         LINE#         3911
  -------         ENDPROC       LCD_INIT
  C:2C9CH         SYMBOL        L?0437
  C:2CA3H         SYMBOL        L?0438
  -------         PROC          L?0436
  -------         ENDPROC       L?0436
  C:2C9CH         SYMBOL        L?0437
  C:2CA3H         SYMBOL        L?0438
  -------         PROC          _?BLOCKWRITE
  p:0000H         SYMBOL        Xstart
  p:0002H         SYMBOL        Xend
  p:0004H         SYMBOL        Ystart
  p:0006H         SYMBOL        Yend
  C:2CB4H         LINE#         4428
  C:2CD5H         LINE#         4531
  C:2CDCH         LINE#         4532
  C:2CE3H         LINE#         4533
  C:2CEBH         LINE#         4534
  C:2CF6H         LINE#         4535
  C:2D00H         LINE#         4537
  C:2D05H         LINE#         4538
  C:2D0FH         LINE#         4540
  C:2D16H         LINE#         4541
  C:2D20H         LINE#         4542
  C:2D27H         LINE#         4548
BL51 BANKED LINKER/LOCATER V6.22                                                      04/21/2020  16:13:50  PAGE 25


  C:2D2CH         LINE#         4555
  -------         ENDPROC       _?BLOCKWRITE
  -------         PROC          _DISPCOLOR
  D:0004H         SYMBOL        color
  -------         DO            
  X:0059H         SYMBOL        i
  D:0002H         SYMBOL        m
  X:005BH         SYMBOL        DataH
  X:005CH         SYMBOL        DataL
  -------         ENDDO         
  C:0046H         LINE#         4557
  C:0048H         LINE#         4558
  C:0048H         LINE#         4561
  C:004EH         LINE#         4563
  C:0051H         LINE#         4565
  C:0053H         LINE#         4566
  C:0059H         LINE#         4567
  C:0059H         LINE#         4568
  C:005CH         LINE#         4569
  C:005CH         LINE#         4570
  C:0066H         LINE#         4571
  C:0071H         LINE#         4572
  C:0087H         LINE#         4574
  C:0089H         LINE#         4575
  -------         ENDPROC       _DISPCOLOR
  -------         PROC          DISPFRAME
  -------         DO            
  D:0002H         SYMBOL        i
  X:0059H         SYMBOL        j
  D:0001H         SYMBOL        DataH
  D:0006H         SYMBOL        DataL
  -------         ENDDO         
  C:2ABEH         LINE#         4577
  C:2ABEH         LINE#         4578
  C:2ABEH         LINE#         4581
  C:2AC1H         LINE#         4583
  C:2AC3H         LINE#         4586
  C:2ACDH         LINE#         4589
  C:2ACDH         LINE#         4590
  C:2ACDH         LINE#         4592
  C:2AD8H         LINE#         4594
  C:2AE3H         LINE#         4596
  C:2AEDH         LINE#         4598
  C:2AF2H         LINE#         4599
  C:2AF2H         LINE#         4601
  C:2AFCH         LINE#         4603
  C:2AFEH         LINE#         4604
  C:2AFEH         LINE#         4606
  C:2B06H         LINE#         4608
  C:2B11H         LINE#         4611
  C:2B1BH         LINE#         4613
  C:2B31H         LINE#         4615
  C:2B3BH         LINE#         4617
  C:2B3DH         LINE#         4618
  C:2B3DH         LINE#         4620
  C:2B48H         LINE#         4622
  C:2B53H         LINE#         4624
BL51 BANKED LINKER/LOCATER V6.22                                                      04/21/2020  16:13:50  PAGE 26


  C:2B5DH         LINE#         4627
  C:2B5FH         LINE#         4628
  C:2B61H         LINE#         4629
  -------         ENDPROC       DISPFRAME
  -------         PROC          DISPBAND
  -------         DO            
  D:0002H         SYMBOL        i
  X:0014H         SYMBOL        j
  X:0015H         SYMBOL        k
  X:0016H         SYMBOL        m
  X:0017H         SYMBOL        n
  X:0018H         SYMBOL        x
  -------         ENDDO         
  C:1B84H         LINE#         4631
  C:1B84H         LINE#         4632
  C:1B84H         LINE#         4635
  C:1B8EH         LINE#         4636
  C:1B96H         LINE#         4637
  C:1B98H         LINE#         4640
  C:1BA1H         LINE#         4641
  C:1BADH         LINE#         4642
  C:1BADH         LINE#         4643
  C:1BC8H         LINE#         4644
  C:1BE3H         LINE#         4645
  C:1C0FH         LINE#         4646
  C:1C16H         LINE#         4647
  C:1C25H         LINE#         4648
  C:1C25H         LINE#         4649
  C:1C40H         LINE#         4650
  C:1C5BH         LINE#         4651
  C:1C87H         LINE#         4652
  C:1C8EH         LINE#         4653
  C:1CA4H         LINE#         4654
  C:1CA4H         LINE#         4655
  C:1CBFH         LINE#         4656
  C:1CDAH         LINE#         4657
  C:1D06H         LINE#         4658
  C:1D0DH         LINE#         4659
  C:1D0FH         LINE#         4660
  C:1D12H         LINE#         4661
  -------         ENDPROC       DISPBAND
  -------         PROC          _DISPPICFROMSD
  X:0019H         SYMBOL        PicNum
  -------         DO            
  X:001AH         SYMBOL        Address_S
  X:001EH         SYMBOL        Address_E
  D:0002H         SYMBOL        i
  X:0022H         SYMBOL        k
  -------         ENDDO         
  C:2571H         LINE#         4683
  C:2574H         LINE#         4684
  C:2574H         LINE#         4690
  C:2577H         LINE#         4693
  C:2579H         LINE#         4695
  C:257BH         LINE#         4697
  C:2584H         LINE#         4698
  C:25AFH         LINE#         4699
BL51 BANKED LINKER/LOCATER V6.22                                                      04/21/2020  16:13:50  PAGE 27


  C:25D8H         LINE#         4700
  C:25FBH         LINE#         4701
  C:25FBH         LINE#         4702
  C:260BH         LINE#         4704
  C:2614H         LINE#         4705
  C:2614H         LINE#         4707
  C:262FH         LINE#         4708
  C:2638H         LINE#         4709
  C:2657H         LINE#         4711
  C:2659H         LINE#         4749
  -------         ENDPROC       _DISPPICFROMSD
  -------         PROC          DISPSCALEHOR1
  -------         DO            
  X:0026H         SYMBOL        i
  X:0028H         SYMBOL        j
  D:0002H         SYMBOL        k
  -------         ENDDO         
  C:160CH         LINE#         4754
  C:160CH         LINE#         4755
  C:160CH         LINE#         4758
  C:160FH         LINE#         4761
  C:160FH         LINE#         4762
  C:160FH         LINE#         4763
  C:162FH         LINE#         4764
  C:1635H         LINE#         4765
  C:1635H         LINE#         4766
  C:163BH         LINE#         4767
  C:163BH         LINE#         4768
  C:1650H         LINE#         4769
  C:1666H         LINE#         4770
  C:167CH         LINE#         4772
  C:1687H         LINE#         4775
  C:168AH         LINE#         4776
  C:168AH         LINE#         4777
  C:16AAH         LINE#         4778
  C:16B0H         LINE#         4779
  C:16B0H         LINE#         4780
  C:16B6H         LINE#         4781
  C:16B6H         LINE#         4782
  C:16E1H         LINE#         4783
  C:16F7H         LINE#         4784
  C:170DH         LINE#         4785
  C:171BH         LINE#         4788
  C:171EH         LINE#         4789
  C:171EH         LINE#         4790
  C:173EH         LINE#         4791
  C:1744H         LINE#         4792
  C:1744H         LINE#         4793
  C:174AH         LINE#         4794
  C:174AH         LINE#         4795
  C:1754H         LINE#         4796
  C:176AH         LINE#         4797
  C:1780H         LINE#         4798
  C:178BH         LINE#         4801
  C:178EH         LINE#         4802
  C:178EH         LINE#         4803
  C:17AEH         LINE#         4804
BL51 BANKED LINKER/LOCATER V6.22                                                      04/21/2020  16:13:50  PAGE 28


  C:17B4H         LINE#         4805
  C:17B4H         LINE#         4806
  C:17BAH         LINE#         4807
  C:17BAH         LINE#         4808
  C:17EDH         LINE#         4809
  C:1803H         LINE#         4810
  C:1819H         LINE#         4811
  C:1827H         LINE#         4812
  C:1829H         LINE#         4813
  -------         ENDPROC       DISPSCALEHOR1
  -------         PROC          DISPSCALEVER
  -------         DO            
  X:002AH         SYMBOL        i
  X:002CH         SYMBOL        j
  D:0002H         SYMBOL        k
  -------         ENDDO         
  C:221FH         LINE#         4815
  C:221FH         LINE#         4816
  C:221FH         LINE#         4885
  C:2222H         LINE#         4887
  C:2222H         LINE#         4888
  C:2222H         LINE#         4889
  C:2228H         LINE#         4890
  C:2228H         LINE#         4891
  C:222EH         LINE#         4892
  C:2244H         LINE#         4893
  C:224FH         LINE#         4895
  C:2252H         LINE#         4896
  C:2252H         LINE#         4898
  C:2258H         LINE#         4899
  C:2258H         LINE#         4901
  C:225EH         LINE#         4902
  C:225EH         LINE#         4903
  C:2270H         LINE#         4904
  C:2286H         LINE#         4906
  C:228CH         LINE#         4907
  C:228CH         LINE#         4908
  C:22B4H         LINE#         4909
  C:22CAH         LINE#         4911
  C:22D0H         LINE#         4912
  C:22D0H         LINE#         4913
  C:22D7H         LINE#         4914
  C:22EDH         LINE#         4916
  C:22F3H         LINE#         4917
  C:22F3H         LINE#         4918
  C:2307H         LINE#         4919
  C:231DH         LINE#         4921
  C:2336H         LINE#         4923
  C:2344H         LINE#         4925
  -------         ENDPROC       DISPSCALEVER
  -------         PROC          DISPSCALEVER_RED
  -------         DO            
  X:002EH         SYMBOL        i
  X:0030H         SYMBOL        j
  D:0002H         SYMBOL        k
  -------         ENDDO         
  C:2DC9H         LINE#         4927
BL51 BANKED LINKER/LOCATER V6.22                                                      04/21/2020  16:13:50  PAGE 29


  C:2DC9H         LINE#         4928
  C:2DC9H         LINE#         4931
  C:2DCCH         LINE#         4933
  C:2DCEH         LINE#         4935
  C:2DD0H         LINE#         4938
  C:2DD0H         LINE#         4939
  C:2DD0H         LINE#         4940
  C:2DD6H         LINE#         4941
  C:2DD6H         LINE#         4942
  C:2DDCH         LINE#         4943
  C:2DF2H         LINE#         4944
  C:2DFDH         LINE#         4946
  C:2E00H         LINE#         4947
  C:2E00H         LINE#         4948
  C:2E06H         LINE#         4949
  C:2E06H         LINE#         4951
  C:2E0CH         LINE#         4952
  C:2E0CH         LINE#         4953
  C:2E1EH         LINE#         4954
  C:2E34H         LINE#         4955
  C:2E4AH         LINE#         4957
  C:2E55H         LINE#         4959
  C:2E57H         LINE#         4960
  -------         ENDPROC       DISPSCALEVER_RED
  -------         PROC          DISPSCALEVER_GREEN
  -------         DO            
  X:0032H         SYMBOL        i
  X:0034H         SYMBOL        j
  D:0002H         SYMBOL        k
  -------         ENDDO         
  C:2B62H         LINE#         4962
  C:2B62H         LINE#         4963
  C:2B62H         LINE#         4966
  C:2B65H         LINE#         4968
  C:2B67H         LINE#         4969
  C:2B69H         LINE#         4972
  C:2B69H         LINE#         4973
  C:2B69H         LINE#         4974
  C:2B6FH         LINE#         4975
  C:2B6FH         LINE#         4976
  C:2B75H         LINE#         4978
  C:2B8BH         LINE#         4979
  C:2B96H         LINE#         4981
  C:2B99H         LINE#         4982
  C:2B99H         LINE#         4983
  C:2B9FH         LINE#         4984
  C:2B9FH         LINE#         4986
  C:2BA5H         LINE#         4987
  C:2BA5H         LINE#         4989
  C:2BC6H         LINE#         4990
  C:2BDCH         LINE#         4991
  C:2BF2H         LINE#         4993
  C:2BFDH         LINE#         4995
  C:2BFFH         LINE#         4996
  -------         ENDPROC       DISPSCALEVER_GREEN
  -------         PROC          DISPSCALEVER_BLUE
  -------         DO            
BL51 BANKED LINKER/LOCATER V6.22                                                      04/21/2020  16:13:50  PAGE 30


  X:0036H         SYMBOL        i
  X:0038H         SYMBOL        j
  D:0002H         SYMBOL        k
  -------         ENDDO         
  C:3088H         LINE#         4998
  C:3088H         LINE#         4999
  C:3088H         LINE#         5002
  C:308BH         LINE#         5004
  C:308DH         LINE#         5005
  C:308FH         LINE#         5008
  C:308FH         LINE#         5009
  C:308FH         LINE#         5010
  C:3095H         LINE#         5011
  C:3095H         LINE#         5012
  C:309BH         LINE#         5013
  C:30B1H         LINE#         5014
  C:30BCH         LINE#         5016
  C:30BFH         LINE#         5017
  C:30BFH         LINE#         5018
  C:30C5H         LINE#         5019
  C:30C5H         LINE#         5021
  C:30CBH         LINE#         5022
  C:30CBH         LINE#         5023
  C:30D2H         LINE#         5024
  C:30E8H         LINE#         5025
  C:30FEH         LINE#         5027
  C:3109H         LINE#         5029
  C:310BH         LINE#         5030
  -------         ENDPROC       DISPSCALEVER_BLUE
  -------         PROC          DISPSCALEVER_GRAY
  -------         DO            
  X:003AH         SYMBOL        i
  X:003CH         SYMBOL        j
  D:0002H         SYMBOL        k
  -------         ENDDO         
  C:2E58H         LINE#         5032
  C:2E58H         LINE#         5033
  C:2E58H         LINE#         5036
  C:2E5BH         LINE#         5038
  C:2E5DH         LINE#         5043
  C:2E5DH         LINE#         5044
  C:2E5DH         LINE#         5045
  C:2E63H         LINE#         5046
  C:2E63H         LINE#         5047
  C:2E69H         LINE#         5049
  C:2E7FH         LINE#         5050
  C:2E8AH         LINE#         5052
  C:2E8DH         LINE#         5053
  C:2E8DH         LINE#         5054
  C:2E93H         LINE#         5055
  C:2E93H         LINE#         5057
  C:2E99H         LINE#         5058
  C:2E99H         LINE#         5059
  C:2EADH         LINE#         5060
  C:2EC3H         LINE#         5061
  C:2ED9H         LINE#         5063
  C:2EE4H         LINE#         5065
BL51 BANKED LINKER/LOCATER V6.22                                                      04/21/2020  16:13:50  PAGE 31


  C:2EE6H         LINE#         5066
  -------         ENDPROC       DISPSCALEVER_GRAY
  -------         PROC          DISPGRAYHOR16
  -------         DO            
  X:0059H         SYMBOL        i
  D:0002H         SYMBOL        j
  X:005BH         SYMBOL        k
  -------         ENDDO         
  C:2C00H         LINE#         5068
  C:2C00H         LINE#         5069
  C:2C00H         LINE#         5072
  C:2C03H         LINE#         5074
  C:2C05H         LINE#         5075
  C:2C07H         LINE#         5077
  C:2C0DH         LINE#         5078
  C:2C0DH         LINE#         5079
  C:2C16H         LINE#         5080
  C:2C16H         LINE#         5081
  C:2C1CH         LINE#         5082
  C:2C23H         LINE#         5084
  C:2C26H         LINE#         5085
  C:2C26H         LINE#         5086
  C:2C2CH         LINE#         5087
  C:2C2CH         LINE#         5088
  C:2C5EH         LINE#         5089
  C:2C74H         LINE#         5090
  C:2C7FH         LINE#         5091
  C:2C98H         LINE#         5093
  C:2C9AH         LINE#         5094
  -------         ENDPROC       DISPGRAYHOR16
  -------         PROC          DISPGRAYHOR32
  -------         DO            
  X:003EH         SYMBOL        i
  D:0002H         SYMBOL        j
  X:0040H         SYMBOL        k
  -------         ENDDO         
  C:3189H         LINE#         5096
  C:3189H         LINE#         5097
  C:3189H         LINE#         5100
  C:318CH         LINE#         5102
  C:318EH         LINE#         5104
  C:3194H         LINE#         5105
  C:3194H         LINE#         5106
  C:319DH         LINE#         5107
  C:319DH         LINE#         5108
  C:31A3H         LINE#         5109
  C:31AAH         LINE#         5111
  C:31ADH         LINE#         5112
  C:31ADH         LINE#         5113
  C:31B3H         LINE#         5114
  C:31B3H         LINE#         5115
  C:31C7H         LINE#         5116
  C:31DDH         LINE#         5117
  C:31E8H         LINE#         5118
  C:31FEH         LINE#         5120
  C:3200H         LINE#         5121
  -------         ENDPROC       DISPGRAYHOR32
BL51 BANKED LINKER/LOCATER V6.22                                                      04/21/2020  16:13:50  PAGE 32


  -------         PROC          DISPSCALEHOR2
  -------         DO            
  X:0042H         SYMBOL        j
  D:0002H         SYMBOL        k
  -------         ENDDO         
  C:182AH         LINE#         5123
  C:182AH         LINE#         5124
  C:182AH         LINE#         5127
  C:182DH         LINE#         5129
  C:182DH         LINE#         5130
  C:182DH         LINE#         5131
  C:1833H         LINE#         5132
  C:1850H         LINE#         5133
  C:185BH         LINE#         5134
  C:185EH         LINE#         5135
  C:185EH         LINE#         5136
  C:1864H         LINE#         5137
  C:1881H         LINE#         5138
  C:188CH         LINE#         5139
  C:188FH         LINE#         5140
  C:188FH         LINE#         5141
  C:1895H         LINE#         5142
  C:18B2H         LINE#         5143
  C:18BDH         LINE#         5144
  C:18C0H         LINE#         5145
  C:18C0H         LINE#         5146
  C:18C6H         LINE#         5147
  C:18E3H         LINE#         5148
  C:18EEH         LINE#         5149
  C:18F1H         LINE#         5150
  C:18F1H         LINE#         5151
  C:18F7H         LINE#         5152
  C:1914H         LINE#         5153
  C:191FH         LINE#         5154
  C:1922H         LINE#         5155
  C:1922H         LINE#         5156
  C:1928H         LINE#         5157
  C:1945H         LINE#         5158
  C:1950H         LINE#         5159
  C:1953H         LINE#         5160
  C:1953H         LINE#         5161
  C:1959H         LINE#         5162
  C:1976H         LINE#         5163
  C:1981H         LINE#         5164
  C:1984H         LINE#         5165
  C:1984H         LINE#         5166
  C:198AH         LINE#         5167
  C:19A6H         LINE#         5168
  C:19B1H         LINE#         5169
  C:19BAH         LINE#         5170
  C:19BAH         LINE#         5171
  C:19C0H         LINE#         5172
  C:19DCH         LINE#         5173
  C:19E3H         LINE#         5175
  -------         ENDPROC       DISPSCALEHOR2
  -------         PROC          _TOORD
  D:0007H         SYMBOL        ch
BL51 BANKED LINKER/LOCATER V6.22                                                      04/21/2020  16:13:50  PAGE 33


  C:3489H         LINE#         5280
  C:3489H         LINE#         5281
  C:3489H         LINE#         5282
  C:348FH         LINE#         5283
  C:348FH         LINE#         5284
  C:3491H         LINE#         5285
  C:3493H         LINE#         5286
  C:349FH         LINE#         5287
  C:349FH         LINE#         5288
  C:34A3H         LINE#         5289
  C:34A5H         LINE#         5290
  C:34B1H         LINE#         5291
  C:34B1H         LINE#         5292
  C:34B5H         LINE#         5293
  C:34B7H         LINE#         5294
  C:34C3H         LINE#         5295
  C:34C3H         LINE#         5296
  C:34C7H         LINE#         5297
  C:34C9H         LINE#         5298
  C:34D5H         LINE#         5299
  C:34D5H         LINE#         5300
  C:34D9H         LINE#         5301
  C:34DBH         LINE#         5302
  C:34E1H         LINE#         5303
  C:34E1H         LINE#         5304
  C:34E3H         LINE#         5305
  C:34E3H         LINE#         5307
  C:34E3H         LINE#         5308
  -------         ENDPROC       _TOORD
  C:272FH         SYMBOL        L?0440
  C:2747H         SYMBOL        L?0441
  -------         PROC          L?0439
  -------         ENDPROC       L?0439
  C:272FH         SYMBOL        L?0440
  C:2747H         SYMBOL        L?0441
  -------         PROC          _DISPONECHAR
  X:006DH         SYMBOL        ord
  D:0006H         SYMBOL        Xstart
  D:0002H         SYMBOL        Ystart
  X:0072H         SYMBOL        TextColor
  X:0074H         SYMBOL        BackColor
  -------         DO            
  X:0076H         SYMBOL        i
  D:0002H         SYMBOL        j
  X:0077H         SYMBOL        p
  D:0003H         SYMBOL        dat
  D:0006H         SYMBOL        index
  -------         ENDDO         
  C:2757H         LINE#         5310
  C:275FH         LINE#         5311
  C:275FH         LINE#         5317
  C:2779H         LINE#         5319
  C:277FH         LINE#         5321
  C:2787H         LINE#         5322
  C:2789H         LINE#         5324
  C:2797H         LINE#         5326
  C:27A4H         LINE#         5327
BL51 BANKED LINKER/LOCATER V6.22                                                      04/21/2020  16:13:50  PAGE 34


  C:27ABH         LINE#         5329
  C:27AFH         LINE#         5330
  C:27AFH         LINE#         5331
  C:27C4H         LINE#         5332
  C:27C6H         LINE#         5333
  C:27C6H         LINE#         5334
  C:27D3H         LINE#         5335
  C:27D3H         LINE#         5336
  C:27D5H         LINE#         5337
  C:27D7H         LINE#         5339
  C:27D7H         LINE#         5340
  C:27E1H         LINE#         5341
  C:27E1H         LINE#         5342
  C:27E6H         LINE#         5343
  C:27F1H         LINE#         5344
  -------         ENDPROC       _DISPONECHAR
  -------         PROC          _DISPSTR
  X:0062H         SYMBOL        str
  X:0065H         SYMBOL        Xstart
  X:0067H         SYMBOL        Ystart
  X:0069H         SYMBOL        TextColor
  X:006BH         SYMBOL        BackColor
  C:2D33H         LINE#         5346
  C:2D43H         LINE#         5347
  C:2D43H         LINE#         5349
  C:2D58H         LINE#         5350
  C:2D58H         LINE#         5351
  C:2D93H         LINE#         5353
  C:2D9FH         LINE#         5354
  C:2D9FH         LINE#         5355
  C:2DA3H         LINE#         5356
  C:2DA8H         LINE#         5357
  C:2DAAH         LINE#         5359
  C:2DAAH         LINE#         5360
  C:2DB5H         LINE#         5361
  C:2DB5H         LINE#         5363
  C:2DC1H         LINE#         5364
  C:2DC1H         LINE#         5365
  C:2DC5H         LINE#         5366
  C:2DC5H         LINE#         5367
  C:2DC8H         LINE#         5369
  -------         ENDPROC       _DISPSTR
  -------         PROC          _DISPINT
  X:0062H         SYMBOL        i
  X:0064H         SYMBOL        Xstart
  X:0066H         SYMBOL        Ystart
  X:0068H         SYMBOL        TextColor
  X:006AH         SYMBOL        BackColor
  C:28A9H         LINE#         5371
  C:28BEH         LINE#         5372
  C:28BEH         LINE#         5373
  C:28C6H         LINE#         5374
  C:28C6H         LINE#         5375
  C:28CEH         LINE#         5376
  C:28CEH         LINE#         5377
  C:28DDH         LINE#         5378
  C:28DDH         LINE#         5379
BL51 BANKED LINKER/LOCATER V6.22                                                      04/21/2020  16:13:50  PAGE 35


  C:28E6H         LINE#         5380
  C:28E6H         LINE#         5382
  C:28F8H         LINE#         5383
  C:2906H         LINE#         5384
  C:291FH         LINE#         5385
[...]
  C:12F8H         LINE#         318
  C:12F8H         LINE#         319
  C:12FDH         LINE#         320
  C:1300H         LINE#         321
  C:130FH         LINE#         322
  C:130FH         LINE#         323
  C:1324H         LINE#         324
  C:1329H         LINE#         325
  C:1331H         LINE#         326
  C:133BH         LINE#         327
  C:1349H         LINE#         328
BL51 BANKED LINKER/LOCATER V6.22                                                      04/21/2020  16:13:50  PAGE 42


  C:1357H         LINE#         329
  C:1359H         LINE#         331
  C:1359H         LINE#         332
  C:135EH         LINE#         333
  C:1361H         LINE#         334
  C:1379H         LINE#         335
  C:1379H         LINE#         336
  C:1392H         LINE#         337
  C:1397H         LINE#         338
  C:139FH         LINE#         339
  C:13A6H         LINE#         340
  C:13ABH         LINE#         341
  C:13ABH         LINE#         342
  C:13BFH         LINE#         343
  C:13BFH         LINE#         344
  C:13C6H         LINE#         345
  C:13CBH         LINE#         346
  C:13CBH         LINE#         347
  C:13D9H         LINE#         348
  C:13D9H         LINE#         349
  -------         ENDPROC       USBXCORE_HANDLE_SETUP
  -------         PROC          USBXCORE_FORCE_STALL
  C:38FFH         LINE#         356
  C:38FFH         LINE#         358
  C:390AH         LINE#         359
  C:3915H         LINE#         360
  C:391BH         LINE#         361
  -------         ENDPROC       USBXCORE_FORCE_STALL
  -------         PROC          USBXCORE_GET_STATUS
  C:32E9H         LINE#         367
  C:32E9H         LINE#         369
  C:32F8H         LINE#         370
  C:32F8H         LINE#         371
  C:32F8H         LINE#         372
  C:32F8H         LINE#         373
  C:32F8H         LINE#         374
  C:32FAH         LINE#         375
  C:32FAH         LINE#         379
  C:32FAH         LINE#         381
  C:3308H         LINE#         385
  C:3308H         LINE#         386
  C:3308H         LINE#         387
  C:3308H         LINE#         388
  C:330AH         LINE#         390
  C:330AH         LINE#         392
  C:3318H         LINE#         396
  C:3318H         LINE#         397
  C:3325H         LINE#         398
  C:3325H         LINE#         399
  C:3327H         LINE#         401
  C:3327H         LINE#         402
  C:3335H         LINE#         403
  C:333EH         LINE#         404
  C:333EH         LINE#         405
  C:333EH         LINE#         406
  C:3340H         LINE#         407
  C:3340H         LINE#         408
BL51 BANKED LINKER/LOCATER V6.22                                                      04/21/2020  16:13:50  PAGE 43


  C:3343H         LINE#         409
  C:3343H         LINE#         410
  C:3343H         LINE#         411
  C:334BH         LINE#         412
  C:334BH         LINE#         413
  C:334EH         LINE#         414
  C:3354H         LINE#         415
  C:335BH         LINE#         416
  C:335BH         LINE#         417
  -------         ENDPROC       USBXCORE_GET_STATUS
  -------         PROC          USBXCORE_CLEAR_FEATURE
  C:353EH         LINE#         423
  C:353EH         LINE#         425
  C:3544H         LINE#         426
  C:3544H         LINE#         428
  C:354BH         LINE#         429
  C:354BH         LINE#         430
  C:3556H         LINE#         436
  C:3561H         LINE#         437
  C:3566H         LINE#         438
  C:3568H         LINE#         440
  C:3568H         LINE#         442
  C:3573H         LINE#         446
  C:357EH         LINE#         447
  C:3583H         LINE#         448
  C:3583H         LINE#         449
  C:3585H         LINE#         451
  C:3585H         LINE#         452
  C:3588H         LINE#         453
  C:3588H         LINE#         454
  C:3593H         LINE#         455
  -------         ENDPROC       USBXCORE_CLEAR_FEATURE
  -------         PROC          USBXCORE_VENDOR_USB_API
  C:265AH         LINE#         462
  C:265AH         LINE#         464
  C:2664H         LINE#         465
  C:2664H         LINE#         466
  C:266BH         LINE#         467
  C:266BH         LINE#         468
  C:266EH         LINE#         469
  C:2671H         LINE#         470
  C:2673H         LINE#         472
  C:2673H         LINE#         473
  C:267AH         LINE#         474
  C:267AH         LINE#         477
  C:2685H         LINE#         482
  C:2690H         LINE#         483
  C:269BH         LINE#         485
  C:269BH         LINE#         486
  C:26AEH         LINE#         487
  C:26AEH         LINE#         488
  C:26B2H         LINE#         489
  C:26BDH         LINE#         491
  C:26BDH         LINE#         492
  C:26D0H         LINE#         493
  C:26D0H         LINE#         494
  C:26D4H         LINE#         495
BL51 BANKED LINKER/LOCATER V6.22                                                      04/21/2020  16:13:50  PAGE 44


  C:26DFH         LINE#         497
  C:26E5H         LINE#         498
  C:26EDH         LINE#         499
  C:26EDH         LINE#         500
  C:26F0H         LINE#         501
  C:26F0H         LINE#         502
  C:26F0H         LINE#         503
  C:26FBH         LINE#         504
  C:26FBH         LINE#         505
  C:2701H         LINE#         506
  C:2708H         LINE#         507
  C:2708H         LINE#         508
  C:270CH         LINE#         509
  C:270CH         LINE#         510
  C:2712H         LINE#         511
  C:2719H         LINE#         512
  C:2719H         LINE#         513
  C:2724H         LINE#         514
  -------         ENDPROC       USBXCORE_VENDOR_USB_API
  -------         PROC          USBXCORE_SET_FEATURE
  C:3596H         LINE#         521
  C:3596H         LINE#         523
  C:359CH         LINE#         524
  C:359CH         LINE#         526
  C:35A3H         LINE#         527
  C:35A3H         LINE#         528
  C:35AEH         LINE#         534
  C:35B9H         LINE#         535
  C:35BCH         LINE#         536
  C:35BEH         LINE#         538
  C:35BEH         LINE#         540
  C:35C9H         LINE#         544
  C:35D4H         LINE#         545
  C:35DAH         LINE#         546
  C:35DAH         LINE#         548
  C:35DCH         LINE#         550
  C:35DCH         LINE#         551
  C:35DFH         LINE#         552
  C:35DFH         LINE#         553
  C:35EAH         LINE#         554
  -------         ENDPROC       USBXCORE_SET_FEATURE
  -------         PROC          USBXCORE_SET_ADDRESS
  C:38C0H         LINE#         561
  C:38C0H         LINE#         563
  C:38CFH         LINE#         564
  C:38D5H         LINE#         565
  C:38D5H         LINE#         566
  C:38D8H         LINE#         567
  C:38DAH         LINE#         569
  C:38DAH         LINE#         570
  C:38DDH         LINE#         571
  C:38DDH         LINE#         572
  -------         ENDPROC       USBXCORE_SET_ADDRESS
  -------         PROC          USBXCORE_GET_DESCRIPTOR
  C:295DH         LINE#         579
  C:295DH         LINE#         580
  C:296CH         LINE#         581
BL51 BANKED LINKER/LOCATER V6.22                                                      04/21/2020  16:13:50  PAGE 45


  C:296CH         LINE#         582
  C:296CH         LINE#         583
  C:297AH         LINE#         584
  C:297EH         LINE#         585
  C:2980H         LINE#         586
  C:2980H         LINE#         587
  C:298EH         LINE#         588
  C:29A1H         LINE#         589
  C:29A3H         LINE#         590
  C:29A3H         LINE#         591
  C:29C7H         LINE#         592
  C:29D3H         LINE#         593
  C:29D5H         LINE#         594
  C:29D5H         LINE#         595
  C:29D8H         LINE#         596
  C:29D8H         LINE#         597
  C:29D8H         LINE#         598
  C:29EEH         LINE#         599
  C:29EEH         LINE#         600
  C:29F6H         LINE#         601
  C:29F6H         LINE#         602
  C:29FEH         LINE#         603
  C:29FEH         LINE#         604
  C:2A01H         LINE#         605
  C:2A07H         LINE#         606
  C:2A0EH         LINE#         607
  C:2A0EH         LINE#         608
  -------         ENDPROC       USBXCORE_GET_DESCRIPTOR
  -------         PROC          USBXCORE_GET_CONFIGURATION
  C:36E4H         LINE#         614
  C:36E4H         LINE#         616
  C:36ECH         LINE#         617
  C:36ECH         LINE#         618
  C:36F8H         LINE#         619
  C:3700H         LINE#         620
  C:3700H         LINE#         621
  C:3704H         LINE#         622
  C:3704H         LINE#         623
  C:3712H         LINE#         624
  C:371AH         LINE#         625
  C:371AH         LINE#         626
  C:371DH         LINE#         627
  C:3723H         LINE#         628
  C:372AH         LINE#         629
  -------         ENDPROC       USBXCORE_GET_CONFIGURATION
  -------         PROC          USBXCORE_SET_CONFIGURATION
  C:34E4H         LINE#         635
  C:34E4H         LINE#         637
  C:34EDH         LINE#         638
  C:34EDH         LINE#         639
  C:34F4H         LINE#         640
  C:34FAH         LINE#         641
  C:34FFH         LINE#         642
  C:3501H         LINE#         644
  C:350CH         LINE#         645
  C:3517H         LINE#         646
  C:3522H         LINE#         653
BL51 BANKED LINKER/LOCATER V6.22                                                      04/21/2020  16:13:50  PAGE 46


  C:352DH         LINE#         654
  C:352FH         LINE#         656
  C:352FH         LINE#         657
  C:3535H         LINE#         658
  C:3539H         LINE#         659
  C:353BH         LINE#         660
  C:353BH         LINE#         661
  -------         ENDPROC       USBXCORE_SET_CONFIGURATION
  -------         PROC          USBXCORE_GET_INTERFACE
  C:3851H         LINE#         668
  C:3851H         LINE#         670
  C:385FH         LINE#         671
  C:3867H         LINE#         672
  C:386AH         LINE#         673
  C:3870H         LINE#         674
  C:3877H         LINE#         675
  -------         ENDPROC       USBXCORE_GET_INTERFACE
  -------         PROC          USBXCORE_SET_SOP
  C:3997H         LINE#         682
  C:3997H         LINE#         684
  C:399FH         LINE#         685
  C:399FH         LINE#         686
  C:39AAH         LINE#         687
  C:39AAH         LINE#         688
  -------         ENDPROC       USBXCORE_SET_SOP
  -------         PROC          USBXCORE_USB_ISR
  C:1D13H         LINE#         699
  C:1D30H         LINE#         702
  C:1D36H         LINE#         703
  C:1D49H         LINE#         706
  C:1D5CH         LINE#         709
  C:1D60H         LINE#         710
  C:1D60H         LINE#         711
  C:1D6BH         LINE#         712
  C:1D6BH         LINE#         714
  C:1D72H         LINE#         715
  C:1D72H         LINE#         716
  C:1D75H         LINE#         717
  C:1D75H         LINE#         719
  C:1D7CH         LINE#         720
  C:1D7CH         LINE#         721
  C:1D89H         LINE#         722
  C:1D89H         LINE#         723
  C:1D90H         LINE#         724
  C:1D90H         LINE#         725
  C:1D90H         LINE#         727
  C:1D90H         LINE#         728
  C:1D90H         LINE#         730
  C:1D90H         LINE#         732
  C:1DA3H         LINE#         734
  C:1DA7H         LINE#         735
  C:1DA7H         LINE#         736
  C:1DAAH         LINE#         737
  C:1DAAH         LINE#         740
  C:1DB1H         LINE#         741
  C:1DB1H         LINE#         742
  C:1DBCH         LINE#         748
BL51 BANKED LINKER/LOCATER V6.22                                                      04/21/2020  16:13:50  PAGE 47


  C:1DCFH         LINE#         749
  C:1DD4H         LINE#         750
  C:1DD4H         LINE#         751
  C:1DDBH         LINE#         752
  C:1DDBH         LINE#         754
  C:1DDBH         LINE#         756
  C:1DEEH         LINE#         759
  C:1DF2H         LINE#         760
  C:1DF2H         LINE#         761
  C:1DFDH         LINE#         767
  C:1E10H         LINE#         768
  C:1E14H         LINE#         769
  C:1E14H         LINE#         770
  C:1E1BH         LINE#         771
  C:1E1BH         LINE#         772
  C:1E1BH         LINE#         775
  C:1E29H         LINE#         776
  C:1E2EH         LINE#         777
  C:1E34H         LINE#         778
  C:1E39H         LINE#         781
  C:1E46H         LINE#         782
  C:1E46H         LINE#         783
  C:1E49H         LINE#         784
  C:1E49H         LINE#         785
  -------         ENDPROC       USBXCORE_USB_ISR
  -------         ENDMOD        USB_API

  -------         MODULE        USB_SUSPEND
  C:0000H         SYMBOL        _ICE_DUMMY_
  D:00D7H         PUBLIC        USB0XCN
  D:00C9H         PUBLIC        REG0CN
  C:37FFH         PUBLIC        USB_Suspend
  D:00A9H         PUBLIC        CLKSEL
  D:00B2H         PUBLIC        OSCICN
  D:00B9H         PUBLIC        CLKMUL
  -------         PROC          USB_SUSPEND
  C:37FFH         LINE#         70
  C:37FFH         LINE#         72
  C:3802H         LINE#         74
  C:3805H         LINE#         76
  C:380DH         LINE#         79
  C:3810H         LINE#         80
  C:3813H         LINE#         81
  C:3816H         LINE#         82
  C:3819H         LINE#         84
  C:381AH         LINE#         86
  C:381DH         LINE#         88
  C:3823H         LINE#         92
  C:3826H         LINE#         94
  C:3829H         LINE#         95
  -------         ENDPROC       USB_SUSPEND
  -------         ENDMOD        USB_SUSPEND

  -------         MODULE        USB_INT_ENABLE
  C:0000H         SYMBOL        _ICE_DUMMY_
  C:3952H         PUBLIC        USB_Int_Enable
  D:0096H         PUBLIC        USB0ADR
BL51 BANKED LINKER/LOCATER V6.22                                                      04/21/2020  16:13:50  PAGE 48


  D:0097H         PUBLIC        USB0DAT
  -------         PROC          USB_INT_ENABLE
  C:3952H         LINE#         68
  C:3952H         LINE#         71
  C:3959H         LINE#         73
  C:395FH         LINE#         74
  C:395FH         LINE#         75
  C:396AH         LINE#         77
  C:396AH         LINE#         78
  -------         ENDPROC       USB_INT_ENABLE
  -------         ENDMOD        USB_INT_ENABLE

  -------         MODULE        USB_CLOCK_RECOVERY
  C:0000H         SYMBOL        _ICE_DUMMY_
  C:39DDH         PUBLIC        USBXcore_ClkRec
  D:0096H         PUBLIC        USB0ADR
  D:0097H         PUBLIC        USB0DAT
  -------         PROC          USBXCORE_CLKREC
  C:39DDH         LINE#         45
  C:39DDH         LINE#         47
  C:39E8H         LINE#         48
  -------         ENDPROC       USBXCORE_CLKREC
  -------         ENDMOD        USB_CLOCK_RECOVERY

  -------         MODULE        ?C?FPMUL
  C:0C9AH         PUBLIC        ?C?FPMUL
  -------         ENDMOD        ?C?FPMUL

  -------         MODULE        ?C?FCAST
  C:0DAAH         PUBLIC        ?C?FCASTC
  C:0DA5H         PUBLIC        ?C?FCASTI
  C:0DA0H         PUBLIC        ?C?FCASTL
  -------         ENDMOD        ?C?FCAST

  -------         MODULE        ?C?CASTF
  C:0DDEH         PUBLIC        ?C?CASTF
  -------         ENDMOD        ?C?CASTF

  -------         MODULE        ?C?COPY
  C:0F2FH         PUBLIC        ?C?COPY
  -------         ENDMOD        ?C?COPY

  -------         MODULE        ?C?CLDPTR
  C:0F55H         PUBLIC        ?C?CLDPTR
  -------         ENDMOD        ?C?CLDPTR

  -------         MODULE        ?C?CLDOPTR
  C:0F6EH         PUBLIC        ?C?CLDOPTR
  -------         ENDMOD        ?C?CLDOPTR

  -------         MODULE        ?C?IMUL
  C:0F9BH         PUBLIC        ?C?IMUL
  -------         ENDMOD        ?C?IMUL

  -------         MODULE        ?C?IILDX
  C:0FADH         PUBLIC        ?C?IILDX
  -------         ENDMOD        ?C?IILDX
BL51 BANKED LINKER/LOCATER V6.22                                                      04/21/2020  16:13:50  PAGE 49



  -------         MODULE        ?C?LMUL
  C:0FC3H         PUBLIC        ?C?LMUL
  -------         ENDMOD        ?C?LMUL

  -------         MODULE        ?C?ULDIV
  C:104EH         PUBLIC        ?C?ULDIV
  -------         ENDMOD        ?C?ULDIV

  -------         MODULE        ?C?LNEG
  C:10E0H         PUBLIC        ?C?LNEG
  -------         ENDMOD        ?C?LNEG

  -------         MODULE        ?C?ULCMP
  C:10EEH         PUBLIC        ?C?ULCMP
  -------         ENDMOD        ?C?ULCMP

  -------         MODULE        ?C?ULSHR
  C:10FFH         PUBLIC        ?C?ULSHR
  -------         ENDMOD        ?C?ULSHR

  -------         MODULE        ?C?LSHL
  C:1112H         PUBLIC        ?C?LSHL
  -------         ENDMOD        ?C?LSHL

  -------         MODULE        ?C?LLDIPDATA
  C:112EH         PUBLIC        ?C?LLDIPDATA
  C:1125H         PUBLIC        ?C?LLDIPDATA1
  C:1127H         PUBLIC        ?C?LLDIPDATA8
  -------         ENDMOD        ?C?LLDIPDATA

  -------         MODULE        ?C?LSTXDATA
  C:1145H         PUBLIC        ?C?LSTXDATA
  -------         ENDMOD        ?C?LSTXDATA

  -------         MODULE        ?C?LSTPDATA
  C:1151H         PUBLIC        ?C?LSTPDATA
  -------         ENDMOD        ?C?LSTPDATA

  -------         MODULE        ?C?LSTKXDATA
  C:115DH         PUBLIC        ?C?LSTKXDATA
  -------         ENDMOD        ?C?LSTKXDATA

  -------         MODULE        ?C?LSTKPDATA
  C:118EH         PUBLIC        ?C?LSTKPDATA
  -------         ENDMOD        ?C?LSTKPDATA

  -------         MODULE        ?C_PBP
  D:0008H         PUBLIC        ?C_PBP
  -------         ENDMOD        ?C_PBP

*** WARNING L14: INCOMPATIBLE MEMORY MODEL
    MODULE:  .\USBX_F34X.LIB (USB_API)
    MODEL:   SMALL

*** WARNING L14: INCOMPATIBLE MEMORY MODEL
    MODULE:  .\USBX_F34X.LIB (USB_SUSPEND)
BL51 BANKED LINKER/LOCATER V6.22                                                      04/21/2020  16:13:50  PAGE 50


    MODEL:   SMALL

*** WARNING L14: INCOMPATIBLE MEMORY MODEL
    MODULE:  .\USBX_F34X.LIB (USB_INT_ENABLE)
    MODEL:   SMALL

*** WARNING L14: INCOMPATIBLE MEMORY MODEL
    MODULE:  .\USBX_F34X.LIB (USB_CLOCK_RECOVERY)
    MODEL:   SMALL

*** WARNING L16: UNCALLED SEGMENT, IGNORED FOR OVERLAY PROCESS
    SEGMENT: ?PR?SD_INIT?MMC_SD

*** WARNING L16: UNCALLED SEGMENT, IGNORED FOR OVERLAY PROCESS
    SEGMENT: ?PR?DISPBAND?LCD

*** WARNING L16: UNCALLED SEGMENT, IGNORED FOR OVERLAY PROCESS
    SEGMENT: ?PR?_DISPPICFROMSD?LCD

*** WARNING L16: UNCALLED SEGMENT, IGNORED FOR OVERLAY PROCESS
    SEGMENT: ?PR?DISPSCALEHOR1?LCD

*** WARNING L16: UNCALLED SEGMENT, IGNORED FOR OVERLAY PROCESS
    SEGMENT: ?PR?DISPSCALEVER?LCD

*** WARNING L16: UNCALLED SEGMENT, IGNORED FOR OVERLAY PROCESS
    SEGMENT: ?PR?DISPSCALEVER_RED?LCD

*** WARNING L16: UNCALLED SEGMENT, IGNORED FOR OVERLAY PROCESS
    SEGMENT: ?PR?DISPSCALEVER_GREEN?LCD

*** WARNING L16: UNCALLED SEGMENT, IGNORED FOR OVERLAY PROCESS
    SEGMENT: ?PR?DISPSCALEVER_BLUE?LCD

*** WARNING L16: UNCALLED SEGMENT, IGNORED FOR OVERLAY PROCESS
    SEGMENT: ?PR?DISPSCALEVER_GRAY?LCD

*** WARNING L16: UNCALLED SEGMENT, IGNORED FOR OVERLAY PROCESS
    SEGMENT: ?PR?DISPGRAYHOR32?LCD

*** WARNING L16: UNCALLED SEGMENT, IGNORED FOR OVERLAY PROCESS
    SEGMENT: ?PR?DISPSCALEHOR2?LCD

*** WARNING L16: UNCALLED SEGMENT, IGNORED FOR OVERLAY PROCESS
    SEGMENT: ?PR?_DRAWGIRD?LCD

*** WARNING L15: MULTIPLE CALL TO SEGMENT
    SEGMENT: ?PR?_WRITECOMM?LCD
    CALLER1: ?PR?USB_API_TEST_ISR?MAIN
    CALLER2: ?C_C51STARTUP

*** WARNING L15: MULTIPLE CALL TO SEGMENT
    SEGMENT: ?PR?_WRITEDATA?LCD
    CALLER1: ?PR?USB_API_TEST_ISR?MAIN
    CALLER2: ?C_C51STARTUP

Program Size: data=10.0 xdata=1219 code=14841
BL51 BANKED LINKER/LOCATER V6.22                                                      04/21/2020  16:13:50  PAGE 51


LINK/LOCATE RUN COMPLETE.  18 WARNING(S),  0 ERROR(S)
