BL51 BANKED LINKER/LOCATER V6.22                                                        05/25/2019  11:30:11  PAGE 1


BL51 BANKED LINKER/LOCATER V6.22, INVOKED BY:
C:\KEIL\C51\BIN\BL51.EXE main.obj, mmc_sd.obj, lcd.obj, tp.obj, .\USBX_F34X.LIB TO 12314-H8 RAMSIZE (256)


MEMORY MODEL: COMPACT WITH FLOATING POINT ARITHMETIC


INPUT MODULES INCLUDED:
  main.obj (MAIN)
  mmc_sd.obj (MMC_SD)
  lcd.obj (LCD)
  tp.obj (TP)
  .\USBX_F34X.LIB (USB_API)
  .\USBX_F34X.LIB (USB_CLOCK_START)
  .\USBX_F34X.LIB (USB_SUSPEND)
  .\USBX_F34X.LIB (GET_INTERRUPT_SOURCE)
  .\USBX_F34X.LIB (BLOCK_READ)
  .\USBX_F34X.LIB (BLOCK_WRITE)
  .\USBX_F34X.LIB (USB_INT_ENABLE)
  .\USBX_F34X.LIB (USB_CLOCK_RECOVERY)
  .\USBX_F34X.LIB (USB_JUMP_ISR)
  C:\KEIL\C51\LIB\C51FPC.LIB (?C?FPMUL)
  C:\KEIL\C51\LIB\C51FPC.LIB (?C?FCAST)
  C:\KEIL\C51\LIB\C51FPC.LIB (?C?CASTF)
  C:\KEIL\C51\LIB\C51FPC.LIB (?C?FPGETOPN)
  C:\KEIL\C51\LIB\C51C.LIB (?C_STARTUP)
  C:\KEIL\C51\LIB\C51C.LIB (?C?COPY)
  C:\KEIL\C51\LIB\C51C.LIB (?C?CLDPTR)
  C:\KEIL\C51\LIB\C51C.LIB (?C?CLDOPTR)
  C:\KEIL\C51\LIB\C51C.LIB (?C?IMUL)
  C:\KEIL\C51\LIB\C51C.LIB (?C?IILDX)
  C:\KEIL\C51\LIB\C51C.LIB (?C?LMUL)
  C:\KEIL\C51\LIB\C51C.LIB (?C?ULDIV)
  C:\KEIL\C51\LIB\C51C.LIB (?C?LNEG)
  C:\KEIL\C51\LIB\C51C.LIB (?C?ULCMP)
  C:\KEIL\C51\LIB\C51C.LIB (?C?ULSHR)
  C:\KEIL\C51\LIB\C51C.LIB (?C?LSHL)
  C:\KEIL\C51\LIB\C51C.LIB (?C?LLDIPDATA)
  C:\KEIL\C51\LIB\C51C.LIB (?C?LSTXDATA)
  C:\KEIL\C51\LIB\C51C.LIB (?C?LSTPDATA)
  C:\KEIL\C51\LIB\C51C.LIB (?C?LSTKXDATA)
  C:\KEIL\C51\LIB\C51C.LIB (?C?LSTKPDATA)
  C:\KEIL\C51\LIB\C51C.LIB (?C_PBP)
  C:\KEIL\C51\LIB\C51C.LIB (?C_INIT)


LINK MAP OF MODULE:  12314-H8 (MAIN)


            TYPE    BASE      LENGTH    RELOCATION   SEGMENT NAME
            -----------------------------------------------------

            * * * * * * *   D A T A   M E M O R Y   * * * * * * *
            REG     0000H     0008H     ABSOLUTE     "REG BANK 0"
            DATA    0008H     0001H     UNIT         ?C?LIB_DATA
            IDATA   0009H     0001H     UNIT         ?STACK

            * * * * * * *  X D A T A   M E M O R Y  * * * * * * *
BL51 BANKED LINKER/LOCATER V6.22                                                      05/25/2019  11:30:11  PAGE 2


            XDATA   0000H     0010H     INPAGE       ?PD?MAIN
            XDATA   0010H     0004H     INPAGE       ?PD?DISPSCALEHOR1?LCD
            XDATA   0014H     0004H     INPAGE       ?PD?DISPSCALEVER?LCD
            XDATA   0018H     0004H     INPAGE       ?PD?DISPSCALEVER_RED?LCD
            XDATA   001CH     0004H     INPAGE       ?PD?DISPSCALEVER_GREEN?LCD
            XDATA   0020H     0004H     INPAGE       ?PD?DISPSCALEVER_BLUE?LCD
            XDATA   0024H     0004H     INPAGE       ?PD?DISPSCALEVER_GRAY?LCD
            XDATA   0028H     0004H     INPAGE       ?PD?DISPGRAYHOR32?LCD
            XDATA   002CH     0002H     INPAGE       ?PD?DISPSCALEHOR2?LCD
            XDATA   002EH     000CH     INPAGE       ?PD?_DRAWLINE?LCD
            XDATA   003AH     0004H     INPAGE       ?PD?_DRAWGIRD?LCD
            XDATA   003EH     0002H     INPAGE       ?PD?LCD
            XDATA   0040H     0027H     INPAGE       _PDATA_GROUP_
            XDATA   0067H     0200H     UNIT         ?XD?MMC_SD
            XDATA   0267H     0058H     UNIT         _XDATA_GROUP_
            XDATA   02BFH     0040H     UNIT         ?XD?MAIN
                    02FFH     0341H                  *** GAP ***
            XDATA   0640H     0100H     ABSOLUTE     
            XDATA   0740H     0012H     ABSOLUTE     
            XDATA   0752H     0020H     ABSOLUTE     
            XDATA   0772H     000CH     ABSOLUTE     
            XDATA   077EH     0008H     ABSOLUTE     
            XDATA   0786H     0001H     ABSOLUTE     
            XDATA   0787H     0003H     ABSOLUTE     
            XDATA   078AH     0002H     ABSOLUTE     
            XDATA   078CH     0002H     ABSOLUTE     
            XDATA   078EH     0003H     ABSOLUTE     
            XDATA   0791H     0001H     ABSOLUTE     
            XDATA   0792H     0001H     ABSOLUTE     
            XDATA   0793H     0001H     ABSOLUTE     
            XDATA   0794H     0001H     ABSOLUTE     
            XDATA   0795H     0002H     ABSOLUTE     
            XDATA   0797H     0002H     ABSOLUTE     
            XDATA   0799H     0001H     ABSOLUTE     
            XDATA   079AH     0001H     ABSOLUTE     
            XDATA   079BH     0001H     ABSOLUTE     
            XDATA   079CH     0001H     ABSOLUTE     
            XDATA   079DH     0001H     ABSOLUTE     
            XDATA   079EH     0001H     ABSOLUTE     
            XDATA   079FH     0002H     ABSOLUTE     
            XDATA   07A1H     0001H     ABSOLUTE     
            XDATA   07A2H     0001H     ABSOLUTE     
            XDATA   07A3H     000CH     ABSOLUTE     
                    07AFH     0011H                  *** GAP ***
            XDATA   07C0H     0040H     ABSOLUTE     

            * * * * * * *   C O D E   M E M O R Y   * * * * * * *
            CODE    0000H     0003H     ABSOLUTE     
            CODE    0003H     003AH     UNIT         ?CO?USB_API
            CODE    003DH     0003H     UNIT         ?PR?SUSPEND_DEVICE?MAIN
                    0040H     0003H                  *** GAP ***
            CODE    0043H     0003H     ABSOLUTE     
            CODE    0046H     0044H     UNIT         ?PR?_DISPCOLOR?LCD
                    008AH     0001H                  *** GAP ***
            CODE    008BH     0003H     ABSOLUTE     
            CODE    008EH     060CH     UNIT         ?PR?CONNTOUSB?MAIN
            CODE    069AH     0600H     UNIT         ?CO?LCD
BL51 BANKED LINKER/LOCATER V6.22                                                      05/25/2019  11:30:11  PAGE 3


            CODE    0C9AH     050DH     UNIT         ?C?LIB_CODE
            CODE    11A7H     0233H     UNIT         ?PR?USBXCORE_HANDLE_SETUP?USB_API
            CODE    13DAH     0226H     UNIT         ?PR?DISPSCALEHOR1?LCD
            CODE    1600H     01BAH     UNIT         ?PR?DISPSCALEHOR2?LCD
            CODE    17BAH     01A0H     UNIT         ?PR?TP_DRAWLINE?TP
            CODE    195AH     018EH     UNIT         ?PR?DISPBAND?LCD
            CODE    1AE8H     0151H     UNIT         ?PR?USBXCORE_USB_ISR?USB_API
            CODE    1C39H     014DH     UNIT         ?PR?LCD_INIT?LCD
            CODE    1D86H     0142H     UNIT         ?PR?_LCD_READ_IC_ID?LCD
            CODE    1EC8H     013DH     UNIT         ?PR?USB_API_TEST_ISR?MAIN
            CODE    2005H     0137H     UNIT         ?PR?_USB_INIT?USB_API
            CODE    213CH     0128H     UNIT         ?PR?DISPSCALEVER?LCD
            CODE    2264H     011BH     UNIT         ?PR?_TP_GETPOSITION?TP
            CODE    237FH     0111H     UNIT         ?PR?_BLOCK_WRITE?BLOCK_WRITE
            CODE    2490H     00E9H     UNIT         ?PR?_DISPPICFROMSD?LCD
            CODE    2579H     00CDH     UNIT         ?PR?USBXCORE_VENDOR_USB_API?USB_API
            CODE    2646H     00CBH     UNIT         ?PR?_DISPONECHAR?LCD
            CODE    2711H     00B7H     UNIT         ?PR?MMC_SD_RESET?MMC_SD
            CODE    27C8H     00B3H     UNIT         ?PR?_DISPINT?LCD
            CODE    287BH     00B2H     UNIT         ?PR?USBXCORE_GET_DESCRIPTOR?USB_API
            CODE    292DH     00AFH     UNIT         ?PR?_BLOCK_READ?BLOCK_READ
            CODE    29DCH     00A4H     UNIT         ?PR?DISPFRAME?LCD
            CODE    2A80H     00A0H     UNIT         ?PR?DISPSCALEVER_GREEN?LCD
            CODE    2B20H     009CH     UNIT         ?PR?_?BLOCKWRITE?LCD
            CODE    2BBCH     009BH     UNIT         ?PR?DISPGRAYHOR16?LCD
            CODE    2C57H     0096H     UNIT         ?PR?_DISPSTR?LCD
            CODE    2CEDH     0091H     UNIT         ?PR?DISPSCALEVER_RED?LCD
            CODE    2D7EH     0091H     UNIT         ?PR?DISPSCALEVER_GRAY?LCD
            CODE    2E0FH     0090H     UNIT         ?PR?_DRAWGIRD?LCD
            CODE    2E9FH     008CH     UNIT         ?C_C51STARTUP
            CODE    2F2BH     0086H     UNIT         ?PR?DISPSCALEVER_BLUE?LCD
            CODE    2FB1H     0086H     UNIT         ?PR?_DRAWLINE?LCD
            CODE    3037H     007DH     UNIT         ?PR?_MMC_SD_WRITESINGLEBLOCK?MMC_SD
            CODE    30B4H     0076H     UNIT         ?PR?DISPGRAYHOR32?LCD
            CODE    312AH     0075H     UNIT         ?PR?_MMC_SD_SENDCOMMAND?MMC_SD
            CODE    319FH     0073H     UNIT         ?PR?TP_READ?TP
            CODE    3212H     0073H     UNIT         ?PR?USBXCORE_GET_STATUS?USB_API
            CODE    3285H     006CH     UNIT         ?PR?DEVICES_INIT?MAIN
            CODE    32F1H     0064H     UNIT         ?PR?_MMC_SD_READSINGLEBLOCK?MMC_SD
            CODE    3355H     005BH     UNIT         ?PR?_TOORD?LCD
            CODE    33B0H     005AH     UNIT         ?PR?USBXCORE_SET_CONFIGURATION?USB_API
            CODE    340AH     0058H     UNIT         ?PR?USBXCORE_CLEAR_FEATURE?USB_API
            CODE    3462H     0057H     UNIT         ?PR?USBXCORE_SET_FEATURE?USB_API
            CODE    34B9H     0055H     UNIT         ?PR?_STOPDELAY?MAIN
            CODE    350EH     0052H     UNIT         ?PR?_PUTPIXEL?LCD
            CODE    3560H     0050H     UNIT         ?CO?MAIN
            CODE    35B0H     004BH     UNIT         ?PR?MAIN?MAIN
            CODE    35FBH     0047H     UNIT         ?PR?USBXCORE_GET_CONFIGURATION?USB_API
            CODE    3642H     0043H     UNIT         ?PR?MCU_INIT?MAIN
            CODE    3685H     0038H     UNIT         ?PR?USB_CLOCK_START?USB_CLOCK_START
            CODE    36BDH     002DH     UNIT         ?C_INITSEG
            CODE    36EAH     002CH     UNIT         ?PR?_WRITEDISPDATA?LCD
            CODE    3716H     002BH     UNIT         ?PR?USB_SUSPEND?USB_SUSPEND
            CODE    3741H     0027H     UNIT         ?PR?USBXCORE_USB_RESET?USB_API
            CODE    3768H     0027H     UNIT         ?PR?USBXCORE_GET_INTERFACE?USB_API
            CODE    378FH     0026H     UNIT         ?PR?_TP_WRITE?TP
            CODE    37B5H     0022H     UNIT         ?PR?USBXCORE_JUMP_ISR?USB_JUMP_ISR
BL51 BANKED LINKER/LOCATER V6.22                                                      05/25/2019  11:30:11  PAGE 4


            CODE    37D7H     0020H     UNIT         ?PR?USBXCORE_SET_ADDRESS?USB_API
            CODE    37F7H     001FH     UNIT         ?PR?_DELAY?MAIN
            CODE    3816H     001DH     UNIT         ?PR?USBXCORE_FORCE_STALL?USB_API
            CODE    3833H     001CH     UNIT         ?PR?_WRITECOMM?LCD
            CODE    384FH     001AH     UNIT         ?PR?_WRITEDATA?LCD
            CODE    3869H     0019H     UNIT         ?PR?USB_INT_ENABLE?USB_INT_ENABLE
            CODE    3882H     0016H     UNIT         ?PR?_SPI_WRITEBYTE?MMC_SD
            CODE    3898H     0016H     UNIT         ?PR?READDATA?LCD
            CODE    38AEH     0014H     UNIT         ?PR?USBXCORE_SET_SOP?USB_API
            CODE    38C2H     0013H     UNIT         ?PR?WAITKEY?MAIN
            CODE    38D5H     0011H     UNIT         ?PR?SD_INIT?MMC_SD
            CODE    38E6H     000EH     UNIT         ?PR?GET_INTERRUPT_SOURCE?GET_INTERRUPT_SOURCE
            CODE    38F4H     000CH     UNIT         ?PR?USBXCORE_CLKREC?USB_CLOCK_RECOVERY
            CODE    3900H     000BH     UNIT         ?PR?SPI_READBYTE?MMC_SD
            CODE    390BH     0009H     UNIT         ?PR?_WRITEONEDOT?LCD



OVERLAY MAP OF MODULE:   12314-H8 (MAIN)


SEGMENT                                            PDATA_GROUP         XDATA_GROUP
  +--> CALLED SEGMENT                            START    LENGTH     START    LENGTH
------------------------------------------------------------------------------------
?PR?USB_API_TEST_ISR?MAIN                        0040H    0001H      -----    -----
  +--> ?PR?GET_INTERRUPT_SOURCE?GET_INTERRUP...
  +--> ?PR?_BLOCK_READ?BLOCK_READ
  +--> ?PR?SUSPEND_DEVICE?MAIN
  +--> ?PR?MCU_INIT?MAIN
  +--> ?PR?_?BLOCKWRITE?LCD

?PR?SUSPEND_DEVICE?MAIN                          -----    -----      -----    -----
  +--> ?PR?USB_SUSPEND?USB_SUSPEND

?PR?USB_SUSPEND?USB_SUSPEND                      -----    -----      -----    -----
  +--> ?PR?USB_CLOCK_START?USB_CLOCK_START

?PR?_?BLOCKWRITE?LCD                             -----    -----      -----    -----
  +--> ?PR?_WRITECOMM?LCD
  +--> ?PR?_WRITEDATA?LCD

?PR?_WRITECOMM?LCD                               0065H    0001H      -----    -----

?PR?_WRITEDATA?LCD                               0065H    0002H      -----    -----

*** NEW ROOT ***************************************************

?PR?USBXCORE_USB_ISR?USB_API                     -----    -----      -----    -----
  +--> ?PR?USBXCORE_USB_RESET?USB_API
  +--> ?PR?USBXCORE_HANDLE_SETUP?USB_API
  +--> ?PR?USBXCORE_JUMP_ISR?USB_JUMP_ISR

?PR?USBXCORE_HANDLE_SETUP?USB_API                -----    -----      -----    -----
  +--> ?PR?USBXCORE_GET_STATUS?USB_API
  +--> ?PR?USBXCORE_CLEAR_FEATURE?USB_API
  +--> ?PR?USBXCORE_VENDOR_USB_API?USB_API
  +--> ?PR?USBXCORE_SET_FEATURE?USB_API
BL51 BANKED LINKER/LOCATER V6.22                                                      05/25/2019  11:30:11  PAGE 5


  +--> ?PR?USBXCORE_SET_ADDRESS?USB_API
  +--> ?PR?USBXCORE_GET_DESCRIPTOR?USB_API
  +--> ?PR?USBXCORE_GET_CONFIGURATION?USB_API
  +--> ?PR?USBXCORE_SET_CONFIGURATION?USB_API
  +--> ?PR?USBXCORE_GET_INTERFACE?USB_API
  +--> ?PR?USBXCORE_SET_SOP?USB_API
  +--> ?PR?USBXCORE_FORCE_STALL?USB_API

?PR?USBXCORE_GET_STATUS?USB_API                  -----    -----      -----    -----
  +--> ?CO?USB_API
  +--> ?PR?USBXCORE_FORCE_STALL?USB_API
  +--> ?PR?USBXCORE_SET_SOP?USB_API

?PR?USBXCORE_CLEAR_FEATURE?USB_API               -----    -----      -----    -----
  +--> ?PR?USBXCORE_FORCE_STALL?USB_API
  +--> ?PR?USBXCORE_SET_SOP?USB_API

?PR?USBXCORE_VENDOR_USB_API?USB_API              -----    -----      -----    -----
  +--> ?PR?USBXCORE_SET_SOP?USB_API

?PR?USBXCORE_SET_FEATURE?USB_API                 -----    -----      -----    -----
  +--> ?PR?USBXCORE_FORCE_STALL?USB_API
  +--> ?PR?USBXCORE_SET_SOP?USB_API

?PR?USBXCORE_SET_ADDRESS?USB_API                 -----    -----      -----    -----
  +--> ?PR?USBXCORE_SET_SOP?USB_API

?PR?USBXCORE_GET_DESCRIPTOR?USB_API              -----    -----      -----    -----
  +--> ?PR?USBXCORE_FORCE_STALL?USB_API
  +--> ?PR?USBXCORE_SET_SOP?USB_API

?PR?USBXCORE_GET_CONFIGURATION?USB_API           -----    -----      -----    -----
  +--> ?CO?USB_API
  +--> ?PR?USBXCORE_SET_SOP?USB_API

?PR?USBXCORE_SET_CONFIGURATION?USB_API           -----    -----      -----    -----
  +--> ?PR?USBXCORE_SET_SOP?USB_API

?PR?USBXCORE_GET_INTERFACE?USB_API               -----    -----      -----    -----
  +--> ?CO?USB_API
  +--> ?PR?USBXCORE_SET_SOP?USB_API

*** NEW ROOT ***************************************************

?C_C51STARTUP                                    -----    -----      -----    -----
  +--> ?PR?MAIN?MAIN
  +--> ?C_INITSEG

?PR?MAIN?MAIN                                    0043H    0001H      -----    -----
  +--> ?PR?DEVICES_INIT?MAIN
  +--> ?PR?SD_INIT?MMC_SD
  +--> ?PR?_DISPPICFROMSD?LCD
  +--> ?PR?WAITKEY?MAIN
  +--> ?PR?_DELAY?MAIN
  +--> ?PR?DISPFRAME?LCD
  +--> ?PR?_STOPDELAY?MAIN
  +--> ?PR?DISPBAND?LCD
BL51 BANKED LINKER/LOCATER V6.22                                                      05/25/2019  11:30:11  PAGE 6


  +--> ?PR?DISPGRAYHOR16?LCD
  +--> ?PR?_DISPCOLOR?LCD
  +--> ?PR?TP_DRAWLINE?TP

?PR?DEVICES_INIT?MAIN                            -----    -----      -----    -----
  +--> ?PR?MCU_INIT?MAIN
  +--> ?PR?USB_CLOCK_START?USB_CLOCK_START
  +--> ?CO?MAIN
  +--> ?PR?_USB_INIT?USB_API
  +--> ?PR?USB_INT_ENABLE?USB_INT_ENABLE
  +--> ?PR?LCD_INIT?LCD

?PR?_USB_INIT?USB_API                            -----    -----      0267H    0011H
  +--> ?CO?USB_API
  +--> ?PR?USBXCORE_CLKREC?USB_CLOCK_RECOVERY

?PR?LCD_INIT?LCD                                 -----    -----      -----    -----
  +--> ?PR?READDATA?LCD
  +--> ?PR?_DELAY?MAIN
  +--> ?PR?_WRITECOMM?LCD
  +--> ?PR?_WRITEDATA?LCD

?PR?READDATA?LCD                                 -----    -----      -----    -----
  +--> ?PR?_LCD_READ_IC_ID?LCD

?PR?_LCD_READ_IC_ID?LCD                          004DH    0008H      -----    -----

?PR?SD_INIT?MMC_SD                               -----    -----      -----    -----
  +--> ?PR?MMC_SD_RESET?MMC_SD

?PR?MMC_SD_RESET?MMC_SD                          -----    -----      -----    -----
  +--> ?PR?_SPI_WRITEBYTE?MMC_SD
  +--> ?PR?_MMC_SD_SENDCOMMAND?MMC_SD

?PR?_MMC_SD_SENDCOMMAND?MMC_SD                   0055H    0005H      -----    -----
  +--> ?PR?_SPI_WRITEBYTE?MMC_SD

?PR?_DISPPICFROMSD?LCD                           0044H    000DH      -----    -----
  +--> ?PR?_?BLOCKWRITE?LCD
  +--> ?PR?_MMC_SD_READSINGLEBLOCK?MMC_SD
  +--> ?PR?_WRITEDISPDATA?LCD

?PR?_MMC_SD_READSINGLEBLOCK?MMC_SD               0051H    0004H      -----    -----
  +--> ?PR?_MMC_SD_SENDCOMMAND?MMC_SD
  +--> ?PR?SPI_READBYTE?MMC_SD
  +--> ?PR?_SPI_WRITEBYTE?MMC_SD

?PR?_WRITEDISPDATA?LCD                           0065H    0001H      -----    -----

?PR?WAITKEY?MAIN                                 -----    -----      -----    -----
  +--> ?PR?CONNTOUSB?MAIN
  +--> ?PR?_DELAY?MAIN

?PR?CONNTOUSB?MAIN                               0048H    0005H      0267H    0058H
  +--> ?CO?MAIN
  +--> ?PR?_WRITECOMM?LCD
  +--> ?PR?_WRITEDATA?LCD
BL51 BANKED LINKER/LOCATER V6.22                                                      05/25/2019  11:30:11  PAGE 7


  +--> ?PR?_DISPSTR?LCD
  +--> ?PR?_DISPINT?LCD
  +--> ?PR?_WRITEDISPDATA?LCD
  +--> ?PR?_MMC_SD_WRITESINGLEBLOCK?MMC_SD
  +--> ?PR?_BLOCK_WRITE?BLOCK_WRITE
  +--> ?PR?READDATA?LCD
  +--> ?PR?_DELAY?MAIN

?PR?_DISPSTR?LCD                                 004DH    000BH      -----    -----
  +--> ?PR?_TOORD?LCD
  +--> ?PR?_DISPONECHAR?LCD

?PR?_DISPONECHAR?LCD                             0058H    000DH      -----    -----
  +--> ?PR?_?BLOCKWRITE?LCD
  +--> ?CO?LCD
  +--> ?PR?_WRITEONEDOT?LCD

?PR?_WRITEONEDOT?LCD                             -----    -----      -----    -----
  +--> ?PR?_WRITEDISPDATA?LCD

?PR?_DISPINT?LCD                                 004DH    000AH      -----    -----
  +--> ?PR?_DISPONECHAR?LCD

?PR?_MMC_SD_WRITESINGLEBLOCK?MMC_SD              004DH    0004H      -----    -----
  +--> ?PR?_MMC_SD_SENDCOMMAND?MMC_SD
  +--> ?PR?_SPI_WRITEBYTE?MMC_SD

?PR?DISPFRAME?LCD                                0044H    0002H      -----    -----
  +--> ?PR?_?BLOCKWRITE?LCD
  +--> ?PR?_WRITEDISPDATA?LCD

?PR?_STOPDELAY?MAIN                              0044H    0004H      -----    -----
  +--> ?PR?WAITKEY?MAIN
  +--> ?PR?_DELAY?MAIN

?PR?DISPBAND?LCD                                 0044H    0005H      -----    -----
  +--> ?PR?_?BLOCKWRITE?LCD
  +--> ?PR?_WRITEDISPDATA?LCD

?PR?DISPGRAYHOR16?LCD                            0044H    0004H      -----    -----
  +--> ?PR?_?BLOCKWRITE?LCD
  +--> ?PR?_WRITEDISPDATA?LCD

?PR?_DISPCOLOR?LCD                               0044H    0004H      -----    -----
  +--> ?PR?_?BLOCKWRITE?LCD
  +--> ?PR?_WRITEDISPDATA?LCD

?PR?TP_DRAWLINE?TP                               -----    -----      0267H    0018H
  +--> ?PR?_DISPCOLOR?LCD
  +--> ?PR?_DELAY?MAIN
  +--> ?PR?_TP_GETPOSITION?TP
  +--> ?PR?_PUTPIXEL?LCD

?PR?_TP_GETPOSITION?TP                           -----    -----      027FH    001BH
  +--> ?PR?_TP_WRITE?TP
  +--> ?PR?TP_READ?TP

BL51 BANKED LINKER/LOCATER V6.22                                                      05/25/2019  11:30:11  PAGE 8


?PR?_TP_WRITE?TP                                 -----    -----      029AH    0001H

?PR?TP_READ?TP                                   -----    -----      029AH    0005H

?PR?_PUTPIXEL?LCD                                0044H    0002H      -----    -----
  +--> ?PR?_?BLOCKWRITE?LCD
  +--> ?PR?_WRITEDISPDATA?LCD



SYMBOL TABLE OF MODULE:  12314-H8 (MAIN)

  VALUE           TYPE          NAME
  ----------------------------------

  -------         MODULE        MAIN
  C:0000H         SYMBOL        _ICE_DUMMY_
  D:0080H         PUBLIC        P0
  X:0000H         PUBLIC        f_down
  D:0090H         PUBLIC        P1
  D:00A0H         PUBLIC        P2
  D:00B0H         PUBLIC        P3
  C:35ABH         PUBLIC        USB_MaxPower
  B:00B0H.6       PUBLIC        KEY_STEP
  D:00A4H         PUBLIC        P0MDOUT
  D:00A5H         PUBLIC        P1MDOUT
  D:00A6H         PUBLIC        P2MDOUT
  D:00A7H         PUBLIC        P3MDOUT
  D:00AEH         PUBLIC        P4MDOUT
  B:0080H.6       PUBLIC        OE
  D:00D9H         PUBLIC        PCA0MD
  C:1EC8H         PUBLIC        USB_API_TEST_ISR
  C:003DH         PUBLIC        Suspend_Device
  C:34BDH         PUBLIC        _StopDelay
  D:00E1H         PUBLIC        XBR0
  D:00E2H         PUBLIC        XBR1
  B:00B0H.1       PUBLIC        RS
  C:35B0H         PUBLIC        main
  X:0001H         PUBLIC        VerifyCode0
  X:0002H         PUBLIC        VerifyCode1
  C:3575H         PUBLIC        USB_PID
  X:0003H         PUBLIC        VerifyCode2
  D:00F1H         PUBLIC        P0MDIN
  D:00F2H         PUBLIC        P1MDIN
  C:3577H         PUBLIC        USB_MfrStr
  D:00F4H         PUBLIC        P3MDIN
  C:3573H         PUBLIC        USB_VID
  D:00F8H         PUBLIC        SPI0CN
  X:0004H         PUBLIC        pic
  C:3285H         PUBLIC        Devices_Init
  C:008EH         PUBLIC        ConnToUSB
  D:00A9H         PUBLIC        CLKSEL
  D:00B2H         PUBLIC        OSCICN
  C:35ACH         PUBLIC        USB_PwAttributes
  C:38C2H         PUBLIC        WaitKey
  C:35AFH         SYMBOL        _?ix1000
  B:00B0H.0       PUBLIC        CS0
BL51 BANKED LINKER/LOCATER V6.22                                                      05/25/2019  11:30:11  PAGE 9


  X:0005H         PUBLIC        bf
  C:35ADH         PUBLIC        USB_bcdDevice
  D:00B9H         PUBLIC        CLKMUL
  X:0007H         PUBLIC        f_debug
  X:0008H         PUBLIC        sd
  X:02BFH         PUBLIC        Packet
  C:3642H         PUBLIC        MCU_Init
  B:0080H.7       PUBLIC        DIR
  D:00EFH         PUBLIC        RSTSRC
  X:000CH         PUBLIC        f_read
  C:35A1H         PUBLIC        USB_SerialStr
  X:000DH         PUBLIC        f_other
  C:3591H         PUBLIC        USB_ProductStr
  X:000EH         PUBLIC        f_para
  D:00A1H         PUBLIC        SPI0CFG
  C:37F7H         PUBLIC        _Delay
  B:00B0H.7       PUBLIC        KEY_Stop
  X:000FH         PUBLIC        f_init
  -------         PROC          MAIN
  -------         DO            
  X:0043H         SYMBOL        n
  -------         ENDDO         
  C:35B0H         LINE#         40
  C:35B0H         LINE#         41
  C:35B0H         LINE#         46
  C:35B3H         LINE#         48
  C:35B6H         LINE#         49
  C:35B6H         LINE#         54
  C:35B9H         LINE#         55
  C:35C6H         LINE#         56
  C:35C6H         LINE#         57
  C:35C9H         LINE#         58
  C:35D3H         LINE#         61
  C:35DAH         LINE#         67
  C:35E0H         LINE#         72
  C:35E6H         LINE#         73
  C:35ECH         LINE#         74
  C:35F5H         LINE#         80
  C:35F8H         LINE#         82
  C:35FAH         LINE#         83
  -------         ENDPROC       MAIN
  -------         PROC          _DELAY
  D:0006H         SYMBOL        dly
  -------         DO            
  D:0004H         SYMBOL        i
  D:0002H         SYMBOL        j
  -------         ENDDO         
  C:37F7H         LINE#         86
  C:37F7H         LINE#         87
  C:37F7H         LINE#         90
  C:3801H         LINE#         91
  C:3815H         LINE#         92
  -------         ENDPROC       _DELAY
  C:34B9H         SYMBOL        L?0136
  -------         PROC          L?0135
  -------         ENDPROC       L?0135
  C:34B9H         SYMBOL        L?0136
BL51 BANKED LINKER/LOCATER V6.22                                                      05/25/2019  11:30:11  PAGE 10


  -------         PROC          _STOPDELAY
  X:0044H         SYMBOL        sdly
  -------         DO            
  D:0006H         SYMBOL        i
  D:0004H         SYMBOL        j
  X:0046H         SYMBOL        k
  -------         ENDDO         
  C:34BDH         LINE#         94
  C:34C4H         LINE#         95
  C:34C4H         LINE#         97
  C:34C9H         LINE#         98
  C:34C9H         LINE#         99
  C:34CCH         LINE#         100
  C:34CCH         LINE#         101
  C:34D9H         LINE#         102
  C:34EDH         LINE#         103
  C:34EDH         LINE#         105
  C:34EDH         LINE#         106
  C:34F7H         LINE#         107
  C:34F7H         LINE#         108
  C:350DH         LINE#         109
  -------         ENDPROC       _STOPDELAY
  -------         PROC          WAITKEY
  C:38C2H         LINE#         138
  C:38C2H         LINE#         139
  C:38C2H         LINE#         141
  C:38C5H         LINE#         142
  C:38C5H         LINE#         144
  C:38C8H         LINE#         146
  C:38CAH         LINE#         147
  C:38D1H         LINE#         148
  C:38D4H         LINE#         150
  -------         ENDPROC       WAITKEY
  -------         PROC          CONNTOUSB
  -------         DO            
  X:0048H         SYMBOL        i
  X:0267H         SYMBOL        reg_data
  X:027FH         SYMBOL        para_data
  D:0007H         SYMBOL        dat
  X:0049H         SYMBOL        reg_index
  X:004BH         SYMBOL        data_num
  X:004CH         SYMBOL        st
  -------         ENDDO         
  C:008EH         LINE#         155
  C:008EH         LINE#         156
  C:008EH         LINE#         163
  C:00A1H         LINE#         165
  C:00A9H         LINE#         166
  C:00A9H         LINE#         167
  C:00B7H         LINE#         168
  C:00B7H         LINE#         169
  C:00C8H         LINE#         170
  C:00C8H         LINE#         171
  C:00EEH         LINE#         172
  C:00F0H         LINE#         173
  C:0104H         LINE#         174
  C:0104H         LINE#         175
BL51 BANKED LINKER/LOCATER V6.22                                                      05/25/2019  11:30:11  PAGE 11


  C:012AH         LINE#         177
  C:012AH         LINE#         178
  C:012AH         LINE#         179
  C:012AH         LINE#         181
  C:012AH         LINE#         182
  C:0132H         LINE#         183
  C:013CH         LINE#         184
  C:0146H         LINE#         186
  C:0162H         LINE#         188
  C:016CH         LINE#         189
  C:016CH         LINE#         190
  C:017DH         LINE#         191
  C:017DH         LINE#         192
  C:018EH         LINE#         193
  C:018EH         LINE#         194
  C:01E1H         LINE#         195
  C:01E3H         LINE#         196
  C:01F9H         LINE#         197
  C:01F9H         LINE#         198
  C:024BH         LINE#         199
  C:024BH         LINE#         200
  C:024BH         LINE#         201
  C:024BH         LINE#         203
  C:024BH         LINE#         204
  C:0253H         LINE#         205
  C:0253H         LINE#         206
  C:025DH         LINE#         207
  C:0267H         LINE#         209
  C:026BH         LINE#         210
  C:026EH         LINE#         214
  C:0276H         LINE#         215
  C:0276H         LINE#         216
  C:0285H         LINE#         217
  C:0285H         LINE#         218
  C:0287H         LINE#         220
  C:0289H         LINE#         221
  C:02A5H         LINE#         222
  C:02A7H         LINE#         224
  C:02D0H         LINE#         225
  C:02F4H         LINE#         226
  C:02FEH         LINE#         227
  C:02FEH         LINE#         228
  C:0306H         LINE#         229
  C:030DH         LINE#         230
  C:0318H         LINE#         231
  C:031EH         LINE#         232
  C:031EH         LINE#         233
  C:0327H         LINE#         235
  C:032BH         LINE#         236
  C:0337H         LINE#         237
  C:033AH         LINE#         240
  C:0342H         LINE#         241
  C:0342H         LINE#         242
  C:034BH         LINE#         243
  C:034BH         LINE#         244
  C:035BH         LINE#         245
  C:035BH         LINE#         246
BL51 BANKED LINKER/LOCATER V6.22                                                      05/25/2019  11:30:11  PAGE 12


  C:035DH         LINE#         248
  C:035FH         LINE#         249
  C:037BH         LINE#         250
  C:037DH         LINE#         252
  C:03A6H         LINE#         253
  C:03CAH         LINE#         255
  C:03D4H         LINE#         256
  C:03D4H         LINE#         257
  C:03DCH         LINE#         258
  C:03E3H         LINE#         259
  C:03EEH         LINE#         260
  C:03F4H         LINE#         261
  C:03F4H         LINE#         263
  C:03FDH         LINE#         269
  C:03FDH         LINE#         270
  C:040AH         LINE#         271
  C:040AH         LINE#         272
  C:040CH         LINE#         274
  C:040EH         LINE#         275
  C:042AH         LINE#         276
  C:042CH         LINE#         278
  C:0434H         LINE#         279
  C:0438H         LINE#         280
  C:0444H         LINE#         281
  C:0444H         LINE#         282
  C:0447H         LINE#         285
  C:044FH         LINE#         286
  C:044FH         LINE#         287
  C:0460H         LINE#         288
  C:0460H         LINE#         289
  C:046DH         LINE#         290
  C:046DH         LINE#         291
  C:048BH         LINE#         292
  C:048DH         LINE#         293
  C:049DH         LINE#         294
  C:049DH         LINE#         295
  C:04BBH         LINE#         296
  C:04BDH         LINE#         297
  C:04CEH         LINE#         298
  C:04CEH         LINE#         299
  C:04D8H         LINE#         300
  C:04E2H         LINE#         301
  C:04E2H         LINE#         302
  C:04E2H         LINE#         303
  C:04E2H         LINE#         305
  C:04E2H         LINE#         306
  C:04EBH         LINE#         307
  C:04EFH         LINE#         308
  C:04FBH         LINE#         309
  C:04FEH         LINE#         312
  C:0506H         LINE#         313
  C:0506H         LINE#         314
  C:0513H         LINE#         315
  C:0524H         LINE#         317
  C:052DH         LINE#         318
  C:053CH         LINE#         320
  C:0544H         LINE#         321
BL51 BANKED LINKER/LOCATER V6.22                                                      05/25/2019  11:30:11  PAGE 13


  C:0544H         LINE#         322
  C:054DH         LINE#         323
  C:055CH         LINE#         324
  C:055CH         LINE#         325
  C:055FH         LINE#         326
  C:056EH         LINE#         327
  C:057AH         LINE#         328
  C:0580H         LINE#         329
  C:0580H         LINE#         331
  C:0584H         LINE#         332
  C:0593H         LINE#         334
  C:059AH         LINE#         335
  C:05B6H         LINE#         336
  C:05C0H         LINE#         337
  C:05C0H         LINE#         338
  C:05E6H         LINE#         339
  C:05F9H         LINE#         340
  C:05F9H         LINE#         341
  C:064BH         LINE#         342
  C:0653H         LINE#         343
  C:0653H         LINE#         344
  C:0653H         LINE#         347
  C:0658H         LINE#         348
  C:0658H         LINE#         349
  C:0665H         LINE#         350
  C:0676H         LINE#         352
  C:067CH         LINE#         353
  C:0680H         LINE#         354
  C:0683H         LINE#         355
  C:0687H         LINE#         357
  C:068BH         LINE#         358
  C:0697H         LINE#         359
  C:0699H         LINE#         360
  -------         ENDPROC       CONNTOUSB
  -------         PROC          MCU_INIT
  -------         DO            
  D:0007H         SYMBOL        n
  -------         ENDDO         
  C:3642H         LINE#         363
  C:3642H         LINE#         364
  C:3642H         LINE#         366
  C:3645H         LINE#         369
  C:3648H         LINE#         370
  C:364BH         LINE#         372
  C:364EH         LINE#         374
  C:3654H         LINE#         376
  C:3657H         LINE#         377
  C:365CH         LINE#         378
  C:365FH         LINE#         380
  C:3662H         LINE#         383
  C:3665H         LINE#         384
  C:3668H         LINE#         386
  C:366BH         LINE#         387
  C:366EH         LINE#         389
  C:3671H         LINE#         390
  C:3674H         LINE#         392
  C:3677H         LINE#         393
BL51 BANKED LINKER/LOCATER V6.22                                                      05/25/2019  11:30:11  PAGE 14


  C:367AH         LINE#         394
  C:367CH         LINE#         395
  C:367EH         LINE#         397
  C:3681H         LINE#         398
  C:3684H         LINE#         400
  -------         ENDPROC       MCU_INIT
  -------         PROC          DEVICES_INIT
  C:3285H         LINE#         402
  C:3285H         LINE#         403
  C:3285H         LINE#         405
  C:3288H         LINE#         408
  C:328BH         LINE#         409
  C:32E5H         LINE#         410
  C:32E8H         LINE#         413
  C:32EBH         LINE#         414
  C:32EEH         LINE#         422
  -------         ENDPROC       DEVICES_INIT
  -------         PROC          SUSPEND_DEVICE
  C:003DH         LINE#         426
  C:003DH         LINE#         427
  C:003DH         LINE#         428
  -------         ENDPROC       SUSPEND_DEVICE
  -------         PROC          USB_API_TEST_ISR
  -------         DO            
  X:0040H         SYMBOL        INTVAL
  -------         ENDDO         
  C:1EC8H         LINE#         432
  C:1EE5H         LINE#         434
  C:1EECH         LINE#         436
  C:1EF2H         LINE#         437
  C:1EF2H         LINE#         438
  C:1EFDH         LINE#         440
  C:1F19H         LINE#         441
  C:1F19H         LINE#         442
  C:1F1BH         LINE#         443
  C:1F1DH         LINE#         444
  C:1F33H         LINE#         445
  C:1F33H         LINE#         446
  C:1F35H         LINE#         447
  C:1F37H         LINE#         448
  C:1F4FH         LINE#         449
  C:1F4FH         LINE#         450
  C:1F51H         LINE#         451
  C:1F53H         LINE#         452
  C:1F6DH         LINE#         453
  C:1F6DH         LINE#         454
  C:1F6FH         LINE#         455
  C:1F71H         LINE#         456
  C:1F86H         LINE#         457
  C:1F86H         LINE#         458
  C:1F88H         LINE#         459
  C:1F8AH         LINE#         461
  C:1F8AH         LINE#         462
  C:1F8FH         LINE#         463
  C:1F8FH         LINE#         464
  C:1F8FH         LINE#         466
  C:1F8FH         LINE#         467
BL51 BANKED LINKER/LOCATER V6.22                                                      05/25/2019  11:30:11  PAGE 15


  C:1F8FH         LINE#         469
  C:1F8FH         LINE#         471
  C:1F95H         LINE#         472
  C:1F95H         LINE#         473
  C:1F98H         LINE#         474
  C:1F98H         LINE#         476
  C:1F9EH         LINE#         477
  C:1F9EH         LINE#         478
  C:1FA1H         LINE#         479
  C:1FA1H         LINE#         481
  C:1FA7H         LINE#         482
  C:1FA7H         LINE#         483
  C:1FC3H         LINE#         484
  C:1FC3H         LINE#         486
  C:1FC9H         LINE#         487
  C:1FC9H         LINE#         488
  C:1FCEH         LINE#         489
  C:1FEAH         LINE#         490
  C:1FEAH         LINE#         491
  -------         ENDPROC       USB_API_TEST_ISR
  -------         ENDMOD        MAIN

  -------         MODULE        MMC_SD
  C:0000H         SYMBOL        _ICE_DUMMY_
  D:00A2H         PUBLIC        SPI0CKR
  D:0080H         PUBLIC        P0
  D:0090H         PUBLIC        P1
  D:00A0H         PUBLIC        P2
  D:00B0H         PUBLIC        P3
  C:312AH         PUBLIC        _MMC_SD_SendCommand
  C:32F1H         PUBLIC        _MMC_SD_ReadSingleBlock
  C:38D5H         PUBLIC        SD_Init
  C:3037H         PUBLIC        _MMC_SD_WriteSingleBlock
  B:00F8H.7       PUBLIC        SPIF
  B:00F8H.2       PUBLIC        NSSMD0
  C:2711H         PUBLIC        MMC_SD_Reset
  D:00A9H         PUBLIC        CLKSEL
  C:3900H         PUBLIC        SPI_ReadByte
  C:388EH         PUBLIC        _SPI_WriteByte
  D:00A3H         PUBLIC        SPI0DAT
  X:0067H         PUBLIC        buffer
  C:3882H         SYMBOL        L?0062
  C:3887H         SYMBOL        L?0063
  -------         PROC          L?0061
  -------         ENDPROC       L?0061
  C:3882H         SYMBOL        L?0062
  C:3887H         SYMBOL        L?0063
  -------         PROC          _SPI_WRITEBYTE
  D:0007H         SYMBOL        val
  -------         DO            
  D:0007H         SYMBOL        ret
  -------         ENDDO         
  C:388EH         LINE#         7
  C:388EH         LINE#         8
  C:388EH         LINE#         11
  C:3890H         LINE#         12
  C:3893H         LINE#         13
BL51 BANKED LINKER/LOCATER V6.22                                                      05/25/2019  11:30:11  PAGE 16


  C:3895H         LINE#         14
  C:3897H         LINE#         15
  C:3897H         LINE#         16
  -------         ENDPROC       _SPI_WRITEBYTE
  -------         PROC          SPI_READBYTE
  -------         DO            
  D:0007H         SYMBOL        ret
  -------         ENDDO         
  C:3900H         LINE#         18
  C:3900H         LINE#         19
  C:3900H         LINE#         22
  C:3903H         LINE#         23
  C:3906H         LINE#         24
  C:3908H         LINE#         25
  C:390AH         LINE#         26
  C:390AH         LINE#         27
  -------         ENDPROC       SPI_READBYTE
  -------         PROC          _MMC_SD_SENDCOMMAND
  D:0006H         SYMBOL        cmd
  X:0056H         SYMBOL        arg
  -------         DO            
  D:0007H         SYMBOL        r1
  D:0003H         SYMBOL        retry
  -------         ENDDO         
  C:312AH         LINE#         29
  C:312CH         LINE#         30
  C:312CH         LINE#         32
  C:312EH         LINE#         34
  C:312EH         LINE#         35
  C:312EH         LINE#         36
  C:3131H         LINE#         37
  C:3131H         LINE#         38
  C:3131H         LINE#         39
  C:3134H         LINE#         41
  C:3136H         LINE#         43
  C:313DH         LINE#         44
  C:3152H         LINE#         45
  C:3167H         LINE#         46
  C:317CH         LINE#         47
  C:3186H         LINE#         48
  C:318BH         LINE#         50
  C:3193H         LINE#         51
  C:319CH         LINE#         53
  C:319EH         LINE#         55
  C:319EH         LINE#         56
  -------         ENDPROC       _MMC_SD_SENDCOMMAND
  -------         PROC          MMC_SD_RESET
  -------         DO            
  D:0005H         SYMBOL        i
  D:0002H         SYMBOL        retry
  D:0006H         SYMBOL        r1
  -------         ENDDO         
  C:2711H         LINE#         58
  C:2711H         LINE#         59
  C:2711H         LINE#         62
  C:2713H         LINE#         64
  C:2714H         LINE#         65
BL51 BANKED LINKER/LOCATER V6.22                                                      05/25/2019  11:30:11  PAGE 17


  C:2717H         LINE#         66
  C:271AH         LINE#         68
  C:271AH         LINE#         69
  C:2726H         LINE#         70
  C:2736H         LINE#         71
  C:2737H         LINE#         72
  C:273DH         LINE#         73
  C:2741H         LINE#         75
  C:2743H         LINE#         77
  C:2743H         LINE#         79
  C:2743H         LINE#         80
  C:2753H         LINE#         81
  C:2754H         LINE#         82
  C:275DH         LINE#         83
  C:2761H         LINE#         85
  C:2763H         LINE#         86
  C:2773H         LINE#         87
  C:2774H         LINE#         88
  C:277DH         LINE#         89
  C:2780H         LINE#         91
  C:2783H         LINE#         92
  C:2783H         LINE#         93
  C:2785H         LINE#         95
  C:2785H         LINE#         96
  C:2795H         LINE#         97
  C:2796H         LINE#         98
  C:279FH         LINE#         99
  C:27A2H         LINE#         100
  C:27A2H         LINE#         101
  C:27B2H         LINE#         103
  C:27C0H         LINE#         104
  C:27C3H         LINE#         105
  C:27C6H         LINE#         106
  C:27C7H         LINE#         107
  -------         ENDPROC       MMC_SD_RESET
  -------         PROC          _MMC_SD_READSINGLEBLOCK
  X:0051H         SYMBOL        sector
  -------         DO            
  D:0007H         SYMBOL        r1
  D:0004H         SYMBOL        i
  D:0002H         SYMBOL        retry
  -------         ENDDO         
  C:32F1H         LINE#         109
  C:32F6H         LINE#         110
  C:32F6H         LINE#         113
  C:32F8H         LINE#         115
  C:32FBH         LINE#         117
  C:32FBH         LINE#         118
  C:3317H         LINE#         119
  C:3318H         LINE#         120
  C:3321H         LINE#         121
  C:3324H         LINE#         124
  C:3326H         LINE#         126
  C:332CH         LINE#         128
  C:332FH         LINE#         129
  C:332FH         LINE#         130
  C:333EH         LINE#         131
BL51 BANKED LINKER/LOCATER V6.22                                                      05/25/2019  11:30:11  PAGE 18


  C:334BH         LINE#         133
  C:334BH         LINE#         134
  C:334EH         LINE#         136
  C:3350H         LINE#         137
  C:3353H         LINE#         138
  C:3354H         LINE#         139
  -------         ENDPROC       _MMC_SD_READSINGLEBLOCK
  -------         PROC          _MMC_SD_WRITESINGLEBLOCK
  X:004DH         SYMBOL        sector
  -------         DO            
  D:0006H         SYMBOL        r1
  D:0004H         SYMBOL        i
  D:0002H         SYMBOL        retry
  -------         ENDDO         
  C:3037H         LINE#         141
  C:303CH         LINE#         142
  C:303CH         LINE#         145
  C:303EH         LINE#         147
  C:3041H         LINE#         149
  C:3041H         LINE#         150
  C:305FH         LINE#         151
  C:3060H         LINE#         152
  C:3069H         LINE#         153
  C:306CH         LINE#         157
  C:306EH         LINE#         159
  C:3073H         LINE#         161
  C:3078H         LINE#         163
  C:307AH         LINE#         164
  C:307AH         LINE#         165
  C:3089H         LINE#         166
  C:3096H         LINE#         168
  C:3096H         LINE#         169
  C:3096H         LINE#         171
  C:309BH         LINE#         173
  C:30A2H         LINE#         174
  C:30A2H         LINE#         175
  C:30A4H         LINE#         176
  C:30A5H         LINE#         177
  C:30A5H         LINE#         179
  C:30ADH         LINE#         181
  C:30AFH         LINE#         182
  C:30B2H         LINE#         183
  C:30B3H         LINE#         184
  -------         ENDPROC       _MMC_SD_WRITESINGLEBLOCK
  -------         PROC          SD_INIT
  -------         DO            
  D:0001H         SYMBOL        n
  -------         ENDDO         
  C:38D5H         LINE#         187
  C:38D5H         LINE#         188
  C:38D5H         LINE#         189
  C:38D7H         LINE#         191
  C:38DDH         LINE#         192
  C:38DDH         LINE#         193
  C:38DEH         LINE#         194
  C:38E5H         LINE#         196
  -------         ENDPROC       SD_INIT
BL51 BANKED LINKER/LOCATER V6.22                                                      05/25/2019  11:30:11  PAGE 19


  -------         ENDMOD        MMC_SD

  -------         MODULE        LCD
  C:0000H         SYMBOL        _ICE_DUMMY_
  D:0080H         PUBLIC        P0
  C:29DCH         PUBLIC        DispFrame
  D:0090H         PUBLIC        P1
  C:2A80H         PUBLIC        DispScaleVer_Green
  D:00A0H         PUBLIC        P2
  D:00B0H         PUBLIC        P3
  C:195AH         PUBLIC        DispBand
  C:3853H         PUBLIC        _WriteData
  C:069AH         PUBLIC        ascii
  C:1D86H         PUBLIC        _LCD_Read_IC_ID
  D:00A6H         PUBLIC        P2MDOUT
  C:0046H         PUBLIC        _DispColor
  C:2F2BH         PUBLIC        DispScaleVer_Blue
  C:2E0FH         PUBLIC        _DrawGird
  C:2FB1H         PUBLIC        _DrawLine
  C:3833H         PUBLIC        _WriteComm
  C:36FFH         PUBLIC        _WriteDispData
  C:2D7EH         PUBLIC        DispScaleVer_Gray
  B:00B0H.1       PUBLIC        RS
  B:00A0H.1       PUBLIC        SPI_CLK
  C:2CEDH         PUBLIC        DispScaleVer_Red
  C:213CH         PUBLIC        DispScaleVer
  C:2676H         PUBLIC        _DispOneChar
  C:30B4H         PUBLIC        DispGrayHor32
  C:2BBCH         PUBLIC        DispGrayHor16
  C:27C8H         PUBLIC        _DispInt
  C:350EH         PUBLIC        _PutPixel
  D:00A9H         PUBLIC        CLKSEL
  B:0090H.6       PUBLIC        RD0
  B:00B0H.0       PUBLIC        CS0
  X:003EH         PUBLIC        LCM_ID
  C:1C39H         PUBLIC        LCD_Init
  C:2C57H         PUBLIC        _DispStr
  B:0090H.7       PUBLIC        WR0
  C:13DAH         PUBLIC        DispScaleHor1
  B:00A0H.0       PUBLIC        SPI_DI
  C:390BH         PUBLIC        _WriteOneDot
  C:1600H         PUBLIC        DispScaleHor2
  C:2490H         PUBLIC        _DispPicFromSD
  B:0080H.7       PUBLIC        DIR
  C:3355H         PUBLIC        _ToOrd
  B:0080H.5       PUBLIC        RST
  C:3898H         PUBLIC        ReadData
  C:2B3AH         PUBLIC        _?BlockWrite
  -------         PROC          _LCD_READ_IC_ID
  X:004DH         SYMBOL        ID
  D:0004H         SYMBOL        Bug
  D:0003H         SYMBOL        flog
  -------         DO            
  X:004EH         SYMBOL        id
  X:0050H         SYMBOL        id1
  X:0052H         SYMBOL        temp
  D:0005H         SYMBOL        i
BL51 BANKED LINKER/LOCATER V6.22                                                      05/25/2019  11:30:11  PAGE 20


  D:0007H         SYMBOL        dat
  D:0001H         SYMBOL        id2
  X:0054H         SYMBOL        id3
  -------         ENDDO         
  C:1D86H         LINE#         35
  C:1D8AH         LINE#         36
  C:1D8AH         LINE#         39
  C:1D93H         LINE#         40
  C:1D93H         LINE#         42
  C:1D96H         LINE#         43
  C:1D98H         LINE#         44
  C:1D9AH         LINE#         45
  C:1D9CH         LINE#         46
  C:1D9EH         LINE#         47
  C:1D9EH         LINE#         48
  C:1DA0H         LINE#         49
  C:1DA8H         LINE#         50
  C:1DAAH         LINE#         52
  C:1DACH         LINE#         53
  C:1DB0H         LINE#         54
  C:1DB5H         LINE#         55
  C:1DB8H         LINE#         58
  C:1DC2H         LINE#         59
  C:1DC2H         LINE#         60
  C:1DC4H         LINE#         61
  C:1DC4H         LINE#         62
  C:1DC6H         LINE#         63
  C:1DC8H         LINE#         64
  C:1DCAH         LINE#         65
  C:1DE1H         LINE#         66
  C:1DE3H         LINE#         67
  C:1DE5H         LINE#         68
  C:1DECH         LINE#         69
  C:1DF6H         LINE#         70
  C:1DF6H         LINE#         71
  C:1DF8H         LINE#         72
  C:1DF8H         LINE#         73
  C:1DFAH         LINE#         74
  C:1DFCH         LINE#         75
  C:1DFEH         LINE#         76
  C:1E15H         LINE#         77
  C:1E17H         LINE#         78
  C:1E19H         LINE#         79
  C:1E1EH         LINE#         80
  C:1E1EH         LINE#         82
  C:1E20H         LINE#         83
  C:1E20H         LINE#         84
  C:1E22H         LINE#         85
  C:1E24H         LINE#         86
  C:1E26H         LINE#         87
  C:1E3DH         LINE#         88
  C:1E3FH         LINE#         89
  C:1E41H         LINE#         90
  C:1E46H         LINE#         92
  C:1E48H         LINE#         93
  C:1E48H         LINE#         94
  C:1E4AH         LINE#         95
BL51 BANKED LINKER/LOCATER V6.22                                                      05/25/2019  11:30:11  PAGE 21


  C:1E4CH         LINE#         96
  C:1E4EH         LINE#         97
  C:1E58H         LINE#         98
  C:1E5AH         LINE#         99
  C:1E5CH         LINE#         100
  C:1E61H         LINE#         102
  C:1E63H         LINE#         103
  C:1E63H         LINE#         104
  C:1E65H         LINE#         105
  C:1E67H         LINE#         106
  C:1E69H         LINE#         107
  C:1E75H         LINE#         108
  C:1E77H         LINE#         109
  C:1E79H         LINE#         110
  C:1E7EH         LINE#         111
  C:1E81H         LINE#         112
  C:1E83H         LINE#         113
  C:1E85H         LINE#         114
  C:1E87H         LINE#         115
  C:1E89H         LINE#         116
  C:1E8BH         LINE#         117
  C:1E8DH         LINE#         119
  C:1E91H         LINE#         120
  C:1E91H         LINE#         121
  C:1EA1H         LINE#         123
  C:1EACH         LINE#         124
  C:1EACH         LINE#         125
  C:1EACH         LINE#         127
  C:1EB2H         LINE#         128
  C:1EB2H         LINE#         129
  C:1EBEH         LINE#         130
  C:1EBEH         LINE#         132
  C:1EBEH         LINE#         133
  C:1EC0H         LINE#         134
  C:1EC7H         LINE#         135
  -------         ENDPROC       _LCD_READ_IC_ID
  -------         PROC          _WRITECOMM
  D:0004H         SYMBOL        i
  -------         DO            
  X:0065H         SYMBOL        j
  D:0007H         SYMBOL        DataH
  -------         ENDDO         
  C:3833H         LINE#         138
  C:3837H         LINE#         139
  C:3837H         LINE#         141
  C:3838H         LINE#         142
  C:383AH         LINE#         153
  C:383AH         LINE#         154
  C:383CH         LINE#         155
  C:383EH         LINE#         156
  C:3840H         LINE#         157
  C:3842H         LINE#         158
  C:3844H         LINE#         159
  C:3848H         LINE#         160
  C:384AH         LINE#         161
  C:384CH         LINE#         162
  C:384CH         LINE#         255
BL51 BANKED LINKER/LOCATER V6.22                                                      05/25/2019  11:30:11  PAGE 22


  C:384EH         LINE#         256
  -------         ENDPROC       _WRITECOMM
  -------         PROC          L?0436
  -------         ENDPROC       L?0436
  -------         PROC          _WRITEDATA
  D:0004H         SYMBOL        i
  -------         DO            
  X:0065H         SYMBOL        j
  X:0066H         SYMBOL        DataH
  -------         ENDDO         
  C:3853H         LINE#         258
  C:3855H         LINE#         259
  C:3855H         LINE#         261
  C:3859H         LINE#         262
  C:385BH         LINE#         273
  C:385BH         LINE#         274
  C:385DH         LINE#         275
  C:385FH         LINE#         283
  C:3862H         LINE#         284
  C:3864H         LINE#         285
  C:3866H         LINE#         286
  C:3866H         LINE#         449
  C:3868H         LINE#         450
  -------         ENDPROC       _WRITEDATA
  C:36EAH         SYMBOL        L?0435
  -------         PROC          L?0434
  -------         ENDPROC       L?0434
  C:36EAH         SYMBOL        L?0435
  -------         PROC          _WRITEDISPDATA
  D:0007H         SYMBOL        DataH
  D:0005H         SYMBOL        DataL
  -------         DO            
  X:0065H         SYMBOL        j
  -------         ENDDO         
  C:36FFH         LINE#         452
  C:36FFH         LINE#         453
  C:36FFH         LINE#         455
  C:3701H         LINE#         469
  C:3701H         LINE#         470
  C:3703H         LINE#         471
  C:3705H         LINE#         472
  C:3707H         LINE#         473
  C:3709H         LINE#         474
  C:370BH         LINE#         475
  C:370FH         LINE#         476
  C:3711H         LINE#         477
  C:3713H         LINE#         478
  C:3713H         LINE#         574
  C:3715H         LINE#         575
  -------         ENDPROC       _WRITEDISPDATA
  -------         PROC          _WRITEONEDOT
  D:0004H         SYMBOL        color
  C:390BH         LINE#         577
  C:390FH         LINE#         578
  C:390FH         LINE#         592
  -------         ENDPROC       _WRITEONEDOT
  -------         PROC          LCD_INIT
BL51 BANKED LINKER/LOCATER V6.22                                                      05/25/2019  11:30:11  PAGE 23


  C:1C39H         LINE#         600
  C:1C39H         LINE#         601
  C:1C39H         LINE#         602
  C:1C3CH         LINE#         605
  C:1C3EH         LINE#         606
  C:1C45H         LINE#         608
  C:1C47H         LINE#         609
  C:1C4EH         LINE#         611
  C:1C50H         LINE#         612
  C:1C57H         LINE#         3658
  C:1C5EH         LINE#         3743
  C:1C63H         LINE#         3744
  C:1C68H         LINE#         3746
  C:1C6FH         LINE#         3747
  C:1C74H         LINE#         3749
  C:1C79H         LINE#         3750
  C:1C7EH         LINE#         3753
  C:1C83H         LINE#         3754
  C:1C88H         LINE#         3755
  C:1C8BH         LINE#         3756
  C:1C90H         LINE#         3757
  C:1C95H         LINE#         3758
  C:1C98H         LINE#         3759
  C:1C9DH         LINE#         3760
  C:1CA2H         LINE#         3762
  C:1CA7H         LINE#         3763
  C:1CACH         LINE#         3764
  C:1CB1H         LINE#         3765
  C:1CB6H         LINE#         3766
  C:1CBBH         LINE#         3767
  C:1CC0H         LINE#         3768
  C:1CC5H         LINE#         3769
  C:1CCAH         LINE#         3770
  C:1CCFH         LINE#         3771
  C:1CD4H         LINE#         3772
  C:1CD9H         LINE#         3773
  C:1CDEH         LINE#         3774
  C:1CE3H         LINE#         3775
  C:1CE8H         LINE#         3776
  C:1CEDH         LINE#         3778
  C:1CF2H         LINE#         3779
  C:1CF7H         LINE#         3780
  C:1CFCH         LINE#         3781
  C:1D01H         LINE#         3782
  C:1D06H         LINE#         3783
  C:1D0BH         LINE#         3784
  C:1D10H         LINE#         3785
  C:1D15H         LINE#         3786
  C:1D1AH         LINE#         3787
  C:1D1FH         LINE#         3788
  C:1D24H         LINE#         3789
  C:1D29H         LINE#         3790
  C:1D2EH         LINE#         3791
  C:1D33H         LINE#         3792
  C:1D38H         LINE#         3793
  C:1D3DH         LINE#         3794
  C:1D42H         LINE#         3795
BL51 BANKED LINKER/LOCATER V6.22                                                      05/25/2019  11:30:11  PAGE 24


  C:1D47H         LINE#         3796
  C:1D4CH         LINE#         3797
  C:1D51H         LINE#         3798
  C:1D55H         LINE#         3799
  C:1D5AH         LINE#         3800
  C:1D5FH         LINE#         3801
  C:1D64H         LINE#         3802
  C:1D69H         LINE#         3803
  C:1D6EH         LINE#         3804
  C:1D73H         LINE#         3805
  C:1D77H         LINE#         3806
  C:1D7CH         LINE#         3807
  C:1D81H         LINE#         3808
  -------         ENDPROC       LCD_INIT
  C:2B21H         SYMBOL        L?0429
  C:2B27H         SYMBOL        L?0430
  -------         PROC          L?0428
  -------         ENDPROC       L?0428
  C:2B21H         SYMBOL        L?0429
  C:2B27H         SYMBOL        L?0430
  -------         PROC          _?BLOCKWRITE
  p:0000H         SYMBOL        Xstart
  p:0002H         SYMBOL        Xend
  p:0004H         SYMBOL        Ystart
  p:0006H         SYMBOL        Yend
  C:2B3AH         LINE#         4178
  C:2B5BH         LINE#         4279
  C:2B62H         LINE#         4280
  C:2B69H         LINE#         4281
  C:2B71H         LINE#         4282
  C:2B7CH         LINE#         4283
  C:2B86H         LINE#         4285
  C:2B8BH         LINE#         4286
  C:2B95H         LINE#         4287
  C:2B9CH         LINE#         4288
  C:2BA6H         LINE#         4289
  C:2BADH         LINE#         4295
  C:2BB2H         LINE#         4298
  C:2BB5H         LINE#         4302
  -------         ENDPROC       _?BLOCKWRITE
  -------         PROC          _DISPCOLOR
  D:0004H         SYMBOL        color
  -------         DO            
  X:0044H         SYMBOL        i
  D:0002H         SYMBOL        m
  X:0046H         SYMBOL        DataH
  X:0047H         SYMBOL        DataL
  -------         ENDDO         
  C:0046H         LINE#         4304
  C:0048H         LINE#         4305
  C:0048H         LINE#         4308
  C:004EH         LINE#         4310
  C:0051H         LINE#         4312
  C:0053H         LINE#         4313
  C:0059H         LINE#         4314
  C:0059H         LINE#         4315
  C:005CH         LINE#         4316
BL51 BANKED LINKER/LOCATER V6.22                                                      05/25/2019  11:30:11  PAGE 25


  C:005CH         LINE#         4317
  C:0066H         LINE#         4318
  C:0071H         LINE#         4319
  C:0087H         LINE#         4321
  C:0089H         LINE#         4322
  -------         ENDPROC       _DISPCOLOR
  -------         PROC          DISPFRAME
  -------         DO            
  D:0002H         SYMBOL        i
  X:0044H         SYMBOL        j
  D:0001H         SYMBOL        DataH
  D:0006H         SYMBOL        DataL
  -------         ENDDO         
  C:29DCH         LINE#         4324
  C:29DCH         LINE#         4325
  C:29DCH         LINE#         4328
  C:29DFH         LINE#         4330
  C:29E1H         LINE#         4333
  C:29EBH         LINE#         4336
  C:29EBH         LINE#         4337
  C:29EBH         LINE#         4339
  C:29F6H         LINE#         4341
  C:2A01H         LINE#         4343
  C:2A0BH         LINE#         4345
  C:2A10H         LINE#         4346
  C:2A10H         LINE#         4348
  C:2A1AH         LINE#         4350
  C:2A1CH         LINE#         4351
  C:2A1CH         LINE#         4353
  C:2A24H         LINE#         4355
  C:2A2FH         LINE#         4358
  C:2A39H         LINE#         4360
  C:2A4FH         LINE#         4362
  C:2A59H         LINE#         4364
  C:2A5BH         LINE#         4365
  C:2A5BH         LINE#         4367
  C:2A66H         LINE#         4369
  C:2A71H         LINE#         4371
  C:2A7BH         LINE#         4374
  C:2A7DH         LINE#         4375
  C:2A7FH         LINE#         4376
  -------         ENDPROC       DISPFRAME
  -------         PROC          DISPBAND
  -------         DO            
  D:0002H         SYMBOL        i
  X:0044H         SYMBOL        j
  X:0045H         SYMBOL        k
  X:0046H         SYMBOL        m
  X:0047H         SYMBOL        n
  X:0048H         SYMBOL        x
  -------         ENDDO         
  C:195AH         LINE#         4378
  C:195AH         LINE#         4379
  C:195AH         LINE#         4383
  C:1963H         LINE#         4384
  C:196CH         LINE#         4385
  C:196EH         LINE#         4388
BL51 BANKED LINKER/LOCATER V6.22                                                      05/25/2019  11:30:11  PAGE 26


  C:1976H         LINE#         4389
  C:1982H         LINE#         4390
  C:1982H         LINE#         4391
  C:199DH         LINE#         4392
  C:19B8H         LINE#         4393
  C:19E4H         LINE#         4394
  C:19EBH         LINE#         4395
  C:19FAH         LINE#         4396
  C:19FAH         LINE#         4397
  C:1A15H         LINE#         4398
  C:1A30H         LINE#         4399
  C:1A5CH         LINE#         4400
  C:1A63H         LINE#         4401
  C:1A79H         LINE#         4402
  C:1A79H         LINE#         4403
  C:1A94H         LINE#         4404
  C:1AAFH         LINE#         4405
  C:1ADBH         LINE#         4406
  C:1AE2H         LINE#         4407
  C:1AE4H         LINE#         4408
  C:1AE7H         LINE#         4409
  -------         ENDPROC       DISPBAND
  -------         PROC          _DISPPICFROMSD
  X:0044H         SYMBOL        PicNum
  -------         DO            
  X:0045H         SYMBOL        Address_S
  X:0049H         SYMBOL        Address_E
  D:0002H         SYMBOL        i
  X:004DH         SYMBOL        k
  -------         ENDDO         
  C:2490H         LINE#         4431
  C:2493H         LINE#         4432
  C:2493H         LINE#         4438
  C:2496H         LINE#         4441
  C:2498H         LINE#         4443
  C:249AH         LINE#         4445
  C:24A3H         LINE#         4446
  C:24CEH         LINE#         4447
  C:24F7H         LINE#         4448
  C:251AH         LINE#         4449
  C:251AH         LINE#         4450
  C:252AH         LINE#         4452
  C:2533H         LINE#         4453
  C:2533H         LINE#         4455
  C:254EH         LINE#         4456
  C:2557H         LINE#         4457
  C:2576H         LINE#         4459
  C:2578H         LINE#         4497
  -------         ENDPROC       _DISPPICFROMSD
  -------         PROC          DISPSCALEHOR1
  -------         DO            
  X:0010H         SYMBOL        i
  X:0012H         SYMBOL        j
  D:0002H         SYMBOL        k
  -------         ENDDO         
  C:13DAH         LINE#         4502
  C:13DAH         LINE#         4503
BL51 BANKED LINKER/LOCATER V6.22                                                      05/25/2019  11:30:11  PAGE 27


  C:13DAH         LINE#         4506
  C:13DDH         LINE#         4509
  C:13DDH         LINE#         4510
  C:13DDH         LINE#         4511
  C:13FFH         LINE#         4512
  C:1405H         LINE#         4513
  C:1405H         LINE#         4514
  C:140BH         LINE#         4515
  C:140BH         LINE#         4516
  C:1420H         LINE#         4517
  C:1436H         LINE#         4518
  C:144CH         LINE#         4520
  C:1457H         LINE#         4523
  C:145AH         LINE#         4524
  C:145AH         LINE#         4525
  C:147CH         LINE#         4526
  C:1482H         LINE#         4527
  C:1482H         LINE#         4528
  C:1488H         LINE#         4529
  C:1488H         LINE#         4530
  C:14B3H         LINE#         4531
  C:14C9H         LINE#         4532
  C:14DFH         LINE#         4533
  C:14EDH         LINE#         4536
  C:14F0H         LINE#         4537
  C:14F0H         LINE#         4538
  C:1512H         LINE#         4539
  C:1518H         LINE#         4540
  C:1518H         LINE#         4541
  C:151EH         LINE#         4542
  C:151EH         LINE#         4543
  C:1528H         LINE#         4544
  C:153EH         LINE#         4545
  C:1554H         LINE#         4546
  C:155FH         LINE#         4549
  C:1562H         LINE#         4550
  C:1562H         LINE#         4551
  C:1584H         LINE#         4552
  C:158AH         LINE#         4553
  C:158AH         LINE#         4554
  C:1590H         LINE#         4555
  C:1590H         LINE#         4556
  C:15C3H         LINE#         4557
  C:15D9H         LINE#         4558
  C:15EFH         LINE#         4559
  C:15FDH         LINE#         4560
  C:15FFH         LINE#         4561
  -------         ENDPROC       DISPSCALEHOR1
  -------         PROC          DISPSCALEVER
  -------         DO            
  X:0014H         SYMBOL        i
  X:0016H         SYMBOL        j
  D:0002H         SYMBOL        k
  -------         ENDDO         
  C:213CH         LINE#         4563
  C:213CH         LINE#         4564
  C:213CH         LINE#         4633
BL51 BANKED LINKER/LOCATER V6.22                                                      05/25/2019  11:30:11  PAGE 28


  C:213FH         LINE#         4635
  C:2145H         LINE#         4636
  C:2145H         LINE#         4637
  C:214BH         LINE#         4638
  C:214BH         LINE#         4639
  C:2151H         LINE#         4640
  C:2167H         LINE#         4641
  C:216EH         LINE#         4643
  C:2171H         LINE#         4644
  C:2171H         LINE#         4646
  C:2177H         LINE#         4647
  C:2177H         LINE#         4649
  C:217DH         LINE#         4650
  C:217DH         LINE#         4651
  C:218FH         LINE#         4652
  C:21A5H         LINE#         4654
  C:21ABH         LINE#         4655
  C:21ABH         LINE#         4656
  C:21D3H         LINE#         4657
  C:21E9H         LINE#         4659
  C:21EFH         LINE#         4660
  C:21EFH         LINE#         4661
  C:21F6H         LINE#         4662
  C:220CH         LINE#         4664
  C:2212H         LINE#         4665
  C:2212H         LINE#         4666
  C:2226H         LINE#         4667
  C:223CH         LINE#         4669
  C:2255H         LINE#         4671
  C:2263H         LINE#         4673
  -------         ENDPROC       DISPSCALEVER
  -------         PROC          DISPSCALEVER_RED
  -------         DO            
  X:0018H         SYMBOL        i
  X:001AH         SYMBOL        j
  D:0002H         SYMBOL        k
  -------         ENDDO         
  C:2CEDH         LINE#         4675
  C:2CEDH         LINE#         4676
  C:2CEDH         LINE#         4679
  C:2CF0H         LINE#         4681
  C:2CF2H         LINE#         4683
  C:2CF4H         LINE#         4686
  C:2CFAH         LINE#         4687
  C:2CFAH         LINE#         4688
  C:2D00H         LINE#         4689
  C:2D00H         LINE#         4690
  C:2D06H         LINE#         4691
  C:2D1CH         LINE#         4692
  C:2D23H         LINE#         4694
  C:2D26H         LINE#         4695
  C:2D26H         LINE#         4696
  C:2D2CH         LINE#         4697
  C:2D2CH         LINE#         4699
  C:2D32H         LINE#         4700
  C:2D32H         LINE#         4701
  C:2D44H         LINE#         4702
BL51 BANKED LINKER/LOCATER V6.22                                                      05/25/2019  11:30:11  PAGE 29


  C:2D5AH         LINE#         4703
  C:2D70H         LINE#         4705
  C:2D7BH         LINE#         4707
  C:2D7DH         LINE#         4708
  -------         ENDPROC       DISPSCALEVER_RED
  -------         PROC          DISPSCALEVER_GREEN
  -------         DO            
  X:001CH         SYMBOL        i
  X:001EH         SYMBOL        j
  D:0002H         SYMBOL        k
  -------         ENDDO         
  C:2A80H         LINE#         4710
  C:2A80H         LINE#         4711
  C:2A80H         LINE#         4714
  C:2A83H         LINE#         4716
  C:2A85H         LINE#         4717
  C:2A87H         LINE#         4720
  C:2A8DH         LINE#         4721
  C:2A8DH         LINE#         4722
  C:2A93H         LINE#         4723
  C:2A93H         LINE#         4724
  C:2A99H         LINE#         4726
  C:2AAFH         LINE#         4727
  C:2AB6H         LINE#         4729
  C:2AB9H         LINE#         4730
  C:2AB9H         LINE#         4731
  C:2ABFH         LINE#         4732
  C:2ABFH         LINE#         4734
  C:2AC5H         LINE#         4735
  C:2AC5H         LINE#         4737
  C:2AE6H         LINE#         4738
  C:2AFCH         LINE#         4739
  C:2B12H         LINE#         4741
  C:2B1DH         LINE#         4743
  C:2B1FH         LINE#         4744
  -------         ENDPROC       DISPSCALEVER_GREEN
  -------         PROC          DISPSCALEVER_BLUE
  -------         DO            
  X:0020H         SYMBOL        i
  X:0022H         SYMBOL        j
  D:0002H         SYMBOL        k
  -------         ENDDO         
  C:2F2BH         LINE#         4746
  C:2F2BH         LINE#         4747
  C:2F2BH         LINE#         4750
  C:2F2EH         LINE#         4752
  C:2F30H         LINE#         4753
  C:2F32H         LINE#         4756
  C:2F38H         LINE#         4757
  C:2F38H         LINE#         4758
  C:2F3EH         LINE#         4759
  C:2F3EH         LINE#         4760
  C:2F44H         LINE#         4761
  C:2F5AH         LINE#         4762
  C:2F61H         LINE#         4764
  C:2F64H         LINE#         4765
  C:2F64H         LINE#         4766
BL51 BANKED LINKER/LOCATER V6.22                                                      05/25/2019  11:30:11  PAGE 30


  C:2F6AH         LINE#         4767
  C:2F6AH         LINE#         4769
  C:2F70H         LINE#         4770
  C:2F70H         LINE#         4771
  C:2F77H         LINE#         4772
  C:2F8DH         LINE#         4773
  C:2FA3H         LINE#         4775
  C:2FAEH         LINE#         4777
  C:2FB0H         LINE#         4778
  -------         ENDPROC       DISPSCALEVER_BLUE
  -------         PROC          DISPSCALEVER_GRAY
  -------         DO            
  X:0024H         SYMBOL        i
  X:0026H         SYMBOL        j
  D:0002H         SYMBOL        k
  -------         ENDDO         
  C:2D7EH         LINE#         4780
  C:2D7EH         LINE#         4781
  C:2D7EH         LINE#         4784
  C:2D81H         LINE#         4786
  C:2D83H         LINE#         4791
  C:2D89H         LINE#         4792
  C:2D89H         LINE#         4793
  C:2D8FH         LINE#         4794
  C:2D8FH         LINE#         4795
  C:2D95H         LINE#         4797
  C:2DABH         LINE#         4798
  C:2DB2H         LINE#         4800
  C:2DB5H         LINE#         4801
  C:2DB5H         LINE#         4802
  C:2DBBH         LINE#         4803
  C:2DBBH         LINE#         4805
  C:2DC1H         LINE#         4806
  C:2DC1H         LINE#         4807
  C:2DD5H         LINE#         4808
  C:2DEBH         LINE#         4809
  C:2E01H         LINE#         4811
  C:2E0CH         LINE#         4813
  C:2E0EH         LINE#         4814
  -------         ENDPROC       DISPSCALEVER_GRAY
  -------         PROC          DISPGRAYHOR16
  -------         DO            
  X:0044H         SYMBOL        i
  D:0002H         SYMBOL        j
  X:0046H         SYMBOL        k
  -------         ENDDO         
  C:2BBCH         LINE#         4816
  C:2BBCH         LINE#         4817
  C:2BBCH         LINE#         4820
  C:2BBFH         LINE#         4822
  C:2BC1H         LINE#         4823
  C:2BC3H         LINE#         4825
  C:2BC9H         LINE#         4826
  C:2BC9H         LINE#         4827
  C:2BD2H         LINE#         4828
  C:2BD2H         LINE#         4829
  C:2BD8H         LINE#         4830
BL51 BANKED LINKER/LOCATER V6.22                                                      05/25/2019  11:30:11  PAGE 31


  C:2BDFH         LINE#         4832
  C:2BE2H         LINE#         4833
  C:2BE2H         LINE#         4834
  C:2BE8H         LINE#         4835
  C:2BE8H         LINE#         4836
  C:2C1AH         LINE#         4837
  C:2C30H         LINE#         4838
  C:2C3BH         LINE#         4839
  C:2C54H         LINE#         4841
  C:2C56H         LINE#         4842
  -------         ENDPROC       DISPGRAYHOR16
  -------         PROC          DISPGRAYHOR32
  -------         DO            
  X:0028H         SYMBOL        i
  D:0002H         SYMBOL        j
  X:002AH         SYMBOL        k
  -------         ENDDO         
  C:30B4H         LINE#         4844
  C:30B4H         LINE#         4845
  C:30B4H         LINE#         4848
  C:30B7H         LINE#         4850
  C:30B9H         LINE#         4852
  C:30BFH         LINE#         4853
  C:30BFH         LINE#         4854
  C:30C2H         LINE#         4855
  C:30C2H         LINE#         4856
  C:30C8H         LINE#         4857
  C:30D3H         LINE#         4859
  C:30D6H         LINE#         4860
  C:30D6H         LINE#         4861
  C:30DCH         LINE#         4862
  C:30DCH         LINE#         4863
  C:30F0H         LINE#         4864
  C:3106H         LINE#         4865
  C:3111H         LINE#         4866
  C:3127H         LINE#         4868
  C:3129H         LINE#         4869
  -------         ENDPROC       DISPGRAYHOR32
  -------         PROC          DISPSCALEHOR2
  -------         DO            
  X:002CH         SYMBOL        j
  D:0002H         SYMBOL        k
  -------         ENDDO         
  C:1600H         LINE#         4871
  C:1600H         LINE#         4872
  C:1600H         LINE#         4875
  C:1603H         LINE#         4877
  C:1603H         LINE#         4878
  C:1603H         LINE#         4879
  C:1609H         LINE#         4880
  C:1626H         LINE#         4881
  C:1631H         LINE#         4882
  C:1634H         LINE#         4883
  C:1634H         LINE#         4884
  C:163AH         LINE#         4885
  C:1657H         LINE#         4886
  C:1662H         LINE#         4887
BL51 BANKED LINKER/LOCATER V6.22                                                      05/25/2019  11:30:11  PAGE 32


  C:1665H         LINE#         4888
  C:1665H         LINE#         4889
  C:166BH         LINE#         4890
  C:1688H         LINE#         4891
  C:1693H         LINE#         4892
  C:1696H         LINE#         4893
  C:1696H         LINE#         4894
  C:169CH         LINE#         4895
  C:16B9H         LINE#         4896
  C:16C4H         LINE#         4897
  C:16C7H         LINE#         4898
  C:16C7H         LINE#         4899
  C:16CDH         LINE#         4900
  C:16EAH         LINE#         4901
  C:16F5H         LINE#         4902
  C:16F8H         LINE#         4903
  C:16F8H         LINE#         4904
  C:16FEH         LINE#         4905
  C:171BH         LINE#         4906
  C:1726H         LINE#         4907
  C:1729H         LINE#         4908
  C:1729H         LINE#         4909
  C:172FH         LINE#         4910
  C:174CH         LINE#         4911
  C:1757H         LINE#         4912
  C:175AH         LINE#         4913
  C:175AH         LINE#         4914
  C:1760H         LINE#         4915
  C:177CH         LINE#         4916
  C:1787H         LINE#         4917
  C:1790H         LINE#         4918
  C:1790H         LINE#         4919
  C:1796H         LINE#         4920
  C:17B2H         LINE#         4921
  C:17B9H         LINE#         4923
  -------         ENDPROC       DISPSCALEHOR2
  -------         PROC          _TOORD
  D:0007H         SYMBOL        ch
  C:3355H         LINE#         5028
  C:3355H         LINE#         5029
  C:3355H         LINE#         5030
  C:335BH         LINE#         5031
  C:335BH         LINE#         5032
  C:335DH         LINE#         5033
  C:335FH         LINE#         5034
  C:336BH         LINE#         5035
  C:336BH         LINE#         5036
  C:336FH         LINE#         5037
  C:3371H         LINE#         5038
  C:337DH         LINE#         5039
  C:337DH         LINE#         5040
  C:3381H         LINE#         5041
  C:3383H         LINE#         5042
  C:338FH         LINE#         5043
  C:338FH         LINE#         5044
  C:3393H         LINE#         5045
  C:3395H         LINE#         5046
BL51 BANKED LINKER/LOCATER V6.22                                                      05/25/2019  11:30:11  PAGE 33


  C:33A1H         LINE#         5047
  C:33A1H         LINE#         5048
  C:33A5H         LINE#         5049
  C:33A7H         LINE#         5050
  C:33ADH         LINE#         5051
  C:33ADH         LINE#         5052
  C:33AFH         LINE#         5053
  C:33AFH         LINE#         5055
  C:33AFH         LINE#         5056
  -------         ENDPROC       _TOORD
  C:264EH         SYMBOL        L?0432
  C:2666H         SYMBOL        L?0433
  -------         PROC          L?0431
  -------         ENDPROC       L?0431
  C:264EH         SYMBOL        L?0432
  C:2666H         SYMBOL        L?0433
  -------         PROC          _DISPONECHAR
  X:0058H         SYMBOL        ord
  D:0006H         SYMBOL        Xstart
  D:0002H         SYMBOL        Ystart
  X:005DH         SYMBOL        TextColor
  X:005FH         SYMBOL        BackColor
  -------         DO            
  X:0061H         SYMBOL        i
  D:0002H         SYMBOL        j
  X:0062H         SYMBOL        p
  D:0003H         SYMBOL        dat
  D:0006H         SYMBOL        index
  -------         ENDDO         
  C:2676H         LINE#         5058
  C:267EH         LINE#         5059
  C:267EH         LINE#         5065
  C:2698H         LINE#         5067
  C:269EH         LINE#         5069
  C:26A6H         LINE#         5070
  C:26A8H         LINE#         5072
  C:26B6H         LINE#         5074
  C:26C3H         LINE#         5075
  C:26CAH         LINE#         5077
  C:26CEH         LINE#         5078
  C:26CEH         LINE#         5079
  C:26E3H         LINE#         5080
  C:26E5H         LINE#         5081
  C:26E5H         LINE#         5082
  C:26F2H         LINE#         5083
  C:26F2H         LINE#         5084
  C:26F4H         LINE#         5085
  C:26F6H         LINE#         5087
  C:26F6H         LINE#         5088
  C:2700H         LINE#         5089
  C:2700H         LINE#         5090
  C:2705H         LINE#         5091
  C:2710H         LINE#         5092
  -------         ENDPROC       _DISPONECHAR
  -------         PROC          _DISPSTR
  X:004DH         SYMBOL        str
  X:0050H         SYMBOL        Xstart
BL51 BANKED LINKER/LOCATER V6.22                                                      05/25/2019  11:30:11  PAGE 34


  X:0052H         SYMBOL        Ystart
  X:0054H         SYMBOL        TextColor
  X:0056H         SYMBOL        BackColor
  C:2C57H         LINE#         5094
  C:2C67H         LINE#         5095
  C:2C67H         LINE#         5097
  C:2C7CH         LINE#         5098
  C:2C7CH         LINE#         5099
  C:2CB7H         LINE#         5101
  C:2CC3H         LINE#         5102
  C:2CC3H         LINE#         5103
  C:2CC7H         LINE#         5104
  C:2CCCH         LINE#         5105
  C:2CCEH         LINE#         5107
  C:2CCEH         LINE#         5108
  C:2CD9H         LINE#         5109
  C:2CD9H         LINE#         5111
  C:2CE5H         LINE#         5112
  C:2CE5H         LINE#         5113
  C:2CE9H         LINE#         5114
  C:2CE9H         LINE#         5115
  C:2CECH         LINE#         5117
  -------         ENDPROC       _DISPSTR
  -------         PROC          _DISPINT
  X:004DH         SYMBOL        i
  X:004FH         SYMBOL        Xstart
  X:0051H         SYMBOL        Ystart
  X:0053H         SYMBOL        TextColor
  X:0055H         SYMBOL        BackColor
  C:27C8H         LINE#         5119
  C:27DDH         LINE#         5120
  C:27DDH         LINE#         5121
  C:27E5H         LINE#         5122
  C:27E5H         LINE#         5123
  C:27ECH         LINE#         5124
  C:27ECH         LINE#         5125
  C:27FBH         LINE#         5126
  C:27FBH         LINE#         5127
  C:2804H         LINE#         5128
  C:2804H         LINE#         5130
  C:2816H         LINE#         5131
  C:2824H         LINE#         5132
  C:283DH         LINE#         5133
  -------         ENDPROC       _DISPINT
  -------         PROC          READDATA
  C:3898H         LINE#         5141
  C:3898H         LINE#         5142
  C:3898H         LINE#         5162
  C:38AAH         LINE#         5169
  C:38ADH         LINE#         5170
  -------         ENDPROC       READDATA
  -------         PROC          _PUTPIXEL
  D:0006H         SYMBOL        x
  D:0004H         SYMBOL        y
  X:0044H         SYMBOL        color
  C:350EH         LINE#         5346
  C:3515H         LINE#         5347
BL51 BANKED LINKER/LOCATER V6.22                                                      05/25/2019  11:30:11  PAGE 35


  C:3515H         LINE#         5348
  C:3533H         LINE#         5349
  C:353FH         LINE#         5350
  C:354AH         LINE#         5351
  C:3555H         LINE#         5352
  -------         ENDPROC       _PUTPIXEL
  -------         PROC          _DRAWLINE
  X:002EH         SYMBOL        Xstart
[...]
  C:12D0H         LINE#         306
  C:12D3H         LINE#         307
  C:12D5H         LINE#         308
  C:12D5H         LINE#         309
  C:12D8H         LINE#         310
  C:12D8H         LINE#         311
  C:12D8H         LINE#         312
  C:12D8H         LINE#         313
  C:12D8H         LINE#         314
  C:12E3H         LINE#         315
  C:12E3H         LINE#         316
  C:12E9H         LINE#         317
  C:12F8H         LINE#         318
  C:12F8H         LINE#         319
  C:12FDH         LINE#         320
  C:1300H         LINE#         321
  C:130FH         LINE#         322
  C:130FH         LINE#         323
  C:1324H         LINE#         324
  C:1329H         LINE#         325
  C:1331H         LINE#         326
  C:133BH         LINE#         327
  C:1349H         LINE#         328
  C:1357H         LINE#         329
  C:1359H         LINE#         331
  C:1359H         LINE#         332
  C:135EH         LINE#         333
  C:1361H         LINE#         334
  C:1379H         LINE#         335
  C:1379H         LINE#         336
  C:1392H         LINE#         337
  C:1397H         LINE#         338
  C:139FH         LINE#         339
  C:13A6H         LINE#         340
  C:13ABH         LINE#         341
  C:13ABH         LINE#         342
  C:13BFH         LINE#         343
  C:13BFH         LINE#         344
  C:13C6H         LINE#         345
  C:13CBH         LINE#         346
  C:13CBH         LINE#         347
  C:13D9H         LINE#         348
BL51 BANKED LINKER/LOCATER V6.22                                                      05/25/2019  11:30:11  PAGE 42


  C:13D9H         LINE#         349
  -------         ENDPROC       USBXCORE_HANDLE_SETUP
  -------         PROC          USBXCORE_FORCE_STALL
  C:3816H         LINE#         356
  C:3816H         LINE#         358
  C:3821H         LINE#         359
  C:382CH         LINE#         360
  C:3832H         LINE#         361
  -------         ENDPROC       USBXCORE_FORCE_STALL
  -------         PROC          USBXCORE_GET_STATUS
  C:3212H         LINE#         367
  C:3212H         LINE#         369
  C:3221H         LINE#         370
  C:3221H         LINE#         371
  C:3221H         LINE#         372
  C:3221H         LINE#         373
  C:3221H         LINE#         374
  C:3223H         LINE#         375
  C:3223H         LINE#         379
  C:3223H         LINE#         381
  C:3231H         LINE#         385
  C:3231H         LINE#         386
  C:3231H         LINE#         387
  C:3231H         LINE#         388
  C:3233H         LINE#         390
  C:3233H         LINE#         392
  C:3241H         LINE#         396
  C:3241H         LINE#         397
  C:324EH         LINE#         398
  C:324EH         LINE#         399
  C:3250H         LINE#         401
  C:3250H         LINE#         402
  C:325EH         LINE#         403
  C:3267H         LINE#         404
  C:3267H         LINE#         405
  C:3267H         LINE#         406
  C:3269H         LINE#         407
  C:3269H         LINE#         408
  C:326CH         LINE#         409
  C:326CH         LINE#         410
  C:326CH         LINE#         411
  C:3274H         LINE#         412
  C:3274H         LINE#         413
  C:3277H         LINE#         414
  C:327DH         LINE#         415
  C:3284H         LINE#         416
  C:3284H         LINE#         417
  -------         ENDPROC       USBXCORE_GET_STATUS
  -------         PROC          USBXCORE_CLEAR_FEATURE
  C:340AH         LINE#         423
  C:340AH         LINE#         425
  C:3410H         LINE#         426
  C:3410H         LINE#         428
  C:3417H         LINE#         429
  C:3417H         LINE#         430
  C:3422H         LINE#         436
  C:342DH         LINE#         437
BL51 BANKED LINKER/LOCATER V6.22                                                      05/25/2019  11:30:11  PAGE 43


  C:3432H         LINE#         438
  C:3434H         LINE#         440
  C:3434H         LINE#         442
  C:343FH         LINE#         446
  C:344AH         LINE#         447
  C:344FH         LINE#         448
  C:344FH         LINE#         449
  C:3451H         LINE#         451
  C:3451H         LINE#         452
  C:3454H         LINE#         453
  C:3454H         LINE#         454
  C:345FH         LINE#         455
  -------         ENDPROC       USBXCORE_CLEAR_FEATURE
  -------         PROC          USBXCORE_VENDOR_USB_API
  C:2579H         LINE#         462
  C:2579H         LINE#         464
  C:2583H         LINE#         465
  C:2583H         LINE#         466
  C:258AH         LINE#         467
  C:258AH         LINE#         468
  C:258DH         LINE#         469
  C:2590H         LINE#         470
  C:2592H         LINE#         472
  C:2592H         LINE#         473
  C:2599H         LINE#         474
  C:2599H         LINE#         477
  C:25A4H         LINE#         482
  C:25AFH         LINE#         483
  C:25BAH         LINE#         485
  C:25BAH         LINE#         486
  C:25CDH         LINE#         487
  C:25CDH         LINE#         488
  C:25D1H         LINE#         489
  C:25DCH         LINE#         491
  C:25DCH         LINE#         492
  C:25EFH         LINE#         493
  C:25EFH         LINE#         494
  C:25F3H         LINE#         495
  C:25FEH         LINE#         497
  C:2604H         LINE#         498
  C:260CH         LINE#         499
  C:260CH         LINE#         500
  C:260FH         LINE#         501
  C:260FH         LINE#         502
  C:260FH         LINE#         503
  C:261AH         LINE#         504
  C:261AH         LINE#         505
  C:2620H         LINE#         506
  C:2627H         LINE#         507
  C:2627H         LINE#         508
  C:262BH         LINE#         509
  C:262BH         LINE#         510
  C:2631H         LINE#         511
  C:2638H         LINE#         512
  C:2638H         LINE#         513
  C:2643H         LINE#         514
  -------         ENDPROC       USBXCORE_VENDOR_USB_API
BL51 BANKED LINKER/LOCATER V6.22                                                      05/25/2019  11:30:11  PAGE 44


  -------         PROC          USBXCORE_SET_FEATURE
  C:3462H         LINE#         521
  C:3462H         LINE#         523
  C:3468H         LINE#         524
  C:3468H         LINE#         526
  C:346FH         LINE#         527
  C:346FH         LINE#         528
  C:347AH         LINE#         534
  C:3485H         LINE#         535
  C:3488H         LINE#         536
  C:348AH         LINE#         538
  C:348AH         LINE#         540
  C:3495H         LINE#         544
  C:34A0H         LINE#         545
  C:34A6H         LINE#         546
  C:34A6H         LINE#         548
  C:34A8H         LINE#         550
  C:34A8H         LINE#         551
  C:34ABH         LINE#         552
  C:34ABH         LINE#         553
  C:34B6H         LINE#         554
  -------         ENDPROC       USBXCORE_SET_FEATURE
  -------         PROC          USBXCORE_SET_ADDRESS
  C:37D7H         LINE#         561
  C:37D7H         LINE#         563
  C:37E6H         LINE#         564
  C:37ECH         LINE#         565
  C:37ECH         LINE#         566
  C:37EFH         LINE#         567
  C:37F1H         LINE#         569
  C:37F1H         LINE#         570
  C:37F4H         LINE#         571
  C:37F4H         LINE#         572
  -------         ENDPROC       USBXCORE_SET_ADDRESS
  -------         PROC          USBXCORE_GET_DESCRIPTOR
  C:287BH         LINE#         579
  C:287BH         LINE#         580
  C:288AH         LINE#         581
  C:288AH         LINE#         582
  C:288AH         LINE#         583
  C:2898H         LINE#         584
  C:289CH         LINE#         585
  C:289EH         LINE#         586
  C:289EH         LINE#         587
  C:28ACH         LINE#         588
  C:28BFH         LINE#         589
  C:28C1H         LINE#         590
  C:28C1H         LINE#         591
  C:28E5H         LINE#         592
  C:28F1H         LINE#         593
  C:28F3H         LINE#         594
  C:28F3H         LINE#         595
  C:28F6H         LINE#         596
  C:28F6H         LINE#         597
  C:28F6H         LINE#         598
  C:290CH         LINE#         599
  C:290CH         LINE#         600
BL51 BANKED LINKER/LOCATER V6.22                                                      05/25/2019  11:30:11  PAGE 45


  C:2914H         LINE#         601
  C:2914H         LINE#         602
  C:291CH         LINE#         603
  C:291CH         LINE#         604
  C:291FH         LINE#         605
  C:2925H         LINE#         606
  C:292CH         LINE#         607
  C:292CH         LINE#         608
  -------         ENDPROC       USBXCORE_GET_DESCRIPTOR
  -------         PROC          USBXCORE_GET_CONFIGURATION
  C:35FBH         LINE#         614
  C:35FBH         LINE#         616
  C:3603H         LINE#         617
  C:3603H         LINE#         618
  C:360FH         LINE#         619
  C:3617H         LINE#         620
  C:3617H         LINE#         621
  C:361BH         LINE#         622
  C:361BH         LINE#         623
  C:3629H         LINE#         624
  C:3631H         LINE#         625
  C:3631H         LINE#         626
  C:3634H         LINE#         627
  C:363AH         LINE#         628
  C:3641H         LINE#         629
  -------         ENDPROC       USBXCORE_GET_CONFIGURATION
  -------         PROC          USBXCORE_SET_CONFIGURATION
  C:33B0H         LINE#         635
  C:33B0H         LINE#         637
  C:33B9H         LINE#         638
  C:33B9H         LINE#         639
  C:33C0H         LINE#         640
  C:33C6H         LINE#         641
  C:33CBH         LINE#         642
  C:33CDH         LINE#         644
  C:33D8H         LINE#         645
  C:33E3H         LINE#         646
  C:33EEH         LINE#         653
  C:33F9H         LINE#         654
  C:33FBH         LINE#         656
  C:33FBH         LINE#         657
  C:3401H         LINE#         658
  C:3405H         LINE#         659
  C:3407H         LINE#         660
  C:3407H         LINE#         661
  -------         ENDPROC       USBXCORE_SET_CONFIGURATION
  -------         PROC          USBXCORE_GET_INTERFACE
  C:3768H         LINE#         668
  C:3768H         LINE#         670
  C:3776H         LINE#         671
  C:377EH         LINE#         672
  C:3781H         LINE#         673
  C:3787H         LINE#         674
  C:378EH         LINE#         675
  -------         ENDPROC       USBXCORE_GET_INTERFACE
  -------         PROC          USBXCORE_SET_SOP
  C:38AEH         LINE#         682
BL51 BANKED LINKER/LOCATER V6.22                                                      05/25/2019  11:30:11  PAGE 46


  C:38AEH         LINE#         684
  C:38B6H         LINE#         685
  C:38B6H         LINE#         686
  C:38C1H         LINE#         687
  C:38C1H         LINE#         688
  -------         ENDPROC       USBXCORE_SET_SOP
  -------         PROC          USBXCORE_USB_ISR
  C:1AE8H         LINE#         699
  C:1B05H         LINE#         702
  C:1B0BH         LINE#         703
  C:1B1EH         LINE#         706
  C:1B31H         LINE#         709
  C:1B35H         LINE#         710
  C:1B35H         LINE#         711
  C:1B40H         LINE#         712
  C:1B40H         LINE#         714
  C:1B47H         LINE#         715
  C:1B47H         LINE#         716
  C:1B4AH         LINE#         717
  C:1B4AH         LINE#         719
  C:1B51H         LINE#         720
  C:1B51H         LINE#         721
  C:1B5EH         LINE#         722
  C:1B5EH         LINE#         723
  C:1B65H         LINE#         724
  C:1B65H         LINE#         725
  C:1B65H         LINE#         727
  C:1B65H         LINE#         728
  C:1B65H         LINE#         730
  C:1B65H         LINE#         732
  C:1B78H         LINE#         734
  C:1B7CH         LINE#         735
  C:1B7CH         LINE#         736
  C:1B7FH         LINE#         737
  C:1B7FH         LINE#         740
  C:1B86H         LINE#         741
  C:1B86H         LINE#         742
  C:1B91H         LINE#         748
  C:1BA4H         LINE#         749
  C:1BA9H         LINE#         750
  C:1BA9H         LINE#         751
  C:1BB0H         LINE#         752
  C:1BB0H         LINE#         754
  C:1BB0H         LINE#         756
  C:1BC3H         LINE#         759
  C:1BC7H         LINE#         760
  C:1BC7H         LINE#         761
  C:1BD2H         LINE#         767
  C:1BE5H         LINE#         768
  C:1BE9H         LINE#         769
  C:1BE9H         LINE#         770
  C:1BF0H         LINE#         771
  C:1BF0H         LINE#         772
  C:1BF0H         LINE#         775
  C:1BFEH         LINE#         776
  C:1C03H         LINE#         777
  C:1C09H         LINE#         778
BL51 BANKED LINKER/LOCATER V6.22                                                      05/25/2019  11:30:11  PAGE 47


  C:1C0EH         LINE#         781
  C:1C1BH         LINE#         782
  C:1C1BH         LINE#         783
  C:1C1EH         LINE#         784
  C:1C1EH         LINE#         785
  -------         ENDPROC       USBXCORE_USB_ISR
  -------         ENDMOD        USB_API

  -------         MODULE        USB_SUSPEND
  C:0000H         SYMBOL        _ICE_DUMMY_
  D:00D7H         PUBLIC        USB0XCN
  D:00C9H         PUBLIC        REG0CN
  C:3716H         PUBLIC        USB_Suspend
  D:00A9H         PUBLIC        CLKSEL
  D:00B2H         PUBLIC        OSCICN
  D:00B9H         PUBLIC        CLKMUL
  -------         PROC          USB_SUSPEND
  C:3716H         LINE#         70
  C:3716H         LINE#         72
  C:3719H         LINE#         74
  C:371CH         LINE#         76
  C:3724H         LINE#         79
  C:3727H         LINE#         80
  C:372AH         LINE#         81
  C:372DH         LINE#         82
  C:3730H         LINE#         84
  C:3731H         LINE#         86
  C:3734H         LINE#         88
  C:373AH         LINE#         92
  C:373DH         LINE#         94
  C:3740H         LINE#         95
  -------         ENDPROC       USB_SUSPEND
  -------         ENDMOD        USB_SUSPEND

  -------         MODULE        USB_INT_ENABLE
  C:0000H         SYMBOL        _ICE_DUMMY_
  C:3869H         PUBLIC        USB_Int_Enable
  D:0096H         PUBLIC        USB0ADR
  D:0097H         PUBLIC        USB0DAT
  -------         PROC          USB_INT_ENABLE
  C:3869H         LINE#         68
  C:3869H         LINE#         71
  C:3870H         LINE#         73
  C:3876H         LINE#         74
  C:3876H         LINE#         75
  C:3881H         LINE#         77
  C:3881H         LINE#         78
  -------         ENDPROC       USB_INT_ENABLE
  -------         ENDMOD        USB_INT_ENABLE

  -------         MODULE        USB_CLOCK_RECOVERY
  C:0000H         SYMBOL        _ICE_DUMMY_
  C:38F4H         PUBLIC        USBXcore_ClkRec
  D:0096H         PUBLIC        USB0ADR
  D:0097H         PUBLIC        USB0DAT
  -------         PROC          USBXCORE_CLKREC
  C:38F4H         LINE#         45
BL51 BANKED LINKER/LOCATER V6.22                                                      05/25/2019  11:30:11  PAGE 48


  C:38F4H         LINE#         47
  C:38FFH         LINE#         48
  -------         ENDPROC       USBXCORE_CLKREC
  -------         ENDMOD        USB_CLOCK_RECOVERY

  -------         MODULE        ?C?FPMUL
  C:0C9AH         PUBLIC        ?C?FPMUL
  -------         ENDMOD        ?C?FPMUL

  -------         MODULE        ?C?FCAST
  C:0DAAH         PUBLIC        ?C?FCASTC
  C:0DA5H         PUBLIC        ?C?FCASTI
  C:0DA0H         PUBLIC        ?C?FCASTL
  -------         ENDMOD        ?C?FCAST

  -------         MODULE        ?C?CASTF
  C:0DDEH         PUBLIC        ?C?CASTF
  -------         ENDMOD        ?C?CASTF

  -------         MODULE        ?C?COPY
  C:0F2FH         PUBLIC        ?C?COPY
  -------         ENDMOD        ?C?COPY

  -------         MODULE        ?C?CLDPTR
  C:0F55H         PUBLIC        ?C?CLDPTR
  -------         ENDMOD        ?C?CLDPTR

  -------         MODULE        ?C?CLDOPTR
  C:0F6EH         PUBLIC        ?C?CLDOPTR
  -------         ENDMOD        ?C?CLDOPTR

  -------         MODULE        ?C?IMUL
  C:0F9BH         PUBLIC        ?C?IMUL
  -------         ENDMOD        ?C?IMUL

  -------         MODULE        ?C?IILDX
  C:0FADH         PUBLIC        ?C?IILDX
  -------         ENDMOD        ?C?IILDX

  -------         MODULE        ?C?LMUL
  C:0FC3H         PUBLIC        ?C?LMUL
  -------         ENDMOD        ?C?LMUL

  -------         MODULE        ?C?ULDIV
  C:104EH         PUBLIC        ?C?ULDIV
  -------         ENDMOD        ?C?ULDIV

  -------         MODULE        ?C?LNEG
  C:10E0H         PUBLIC        ?C?LNEG
  -------         ENDMOD        ?C?LNEG

  -------         MODULE        ?C?ULCMP
  C:10EEH         PUBLIC        ?C?ULCMP
  -------         ENDMOD        ?C?ULCMP

  -------         MODULE        ?C?ULSHR
  C:10FFH         PUBLIC        ?C?ULSHR
BL51 BANKED LINKER/LOCATER V6.22                                                      05/25/2019  11:30:11  PAGE 49


  -------         ENDMOD        ?C?ULSHR

  -------         MODULE        ?C?LSHL
  C:1112H         PUBLIC        ?C?LSHL
  -------         ENDMOD        ?C?LSHL

  -------         MODULE        ?C?LLDIPDATA
  C:112EH         PUBLIC        ?C?LLDIPDATA
  C:1125H         PUBLIC        ?C?LLDIPDATA1
  C:1127H         PUBLIC        ?C?LLDIPDATA8
  -------         ENDMOD        ?C?LLDIPDATA

  -------         MODULE        ?C?LSTXDATA
  C:1145H         PUBLIC        ?C?LSTXDATA
  -------         ENDMOD        ?C?LSTXDATA

  -------         MODULE        ?C?LSTPDATA
  C:1151H         PUBLIC        ?C?LSTPDATA
  -------         ENDMOD        ?C?LSTPDATA

  -------         MODULE        ?C?LSTKXDATA
  C:115DH         PUBLIC        ?C?LSTKXDATA
  -------         ENDMOD        ?C?LSTKXDATA

  -------         MODULE        ?C?LSTKPDATA
  C:118EH         PUBLIC        ?C?LSTKPDATA
  -------         ENDMOD        ?C?LSTKPDATA

  -------         MODULE        ?C_PBP
  D:0008H         PUBLIC        ?C_PBP
  -------         ENDMOD        ?C_PBP

*** WARNING L14: INCOMPATIBLE MEMORY MODEL
    MODULE:  .\USBX_F34X.LIB (USB_API)
    MODEL:   SMALL

*** WARNING L14: INCOMPATIBLE MEMORY MODEL
    MODULE:  .\USBX_F34X.LIB (USB_SUSPEND)
    MODEL:   SMALL

*** WARNING L14: INCOMPATIBLE MEMORY MODEL
    MODULE:  .\USBX_F34X.LIB (USB_INT_ENABLE)
    MODEL:   SMALL

*** WARNING L14: INCOMPATIBLE MEMORY MODEL
    MODULE:  .\USBX_F34X.LIB (USB_CLOCK_RECOVERY)
    MODEL:   SMALL

*** WARNING L16: UNCALLED SEGMENT, IGNORED FOR OVERLAY PROCESS
    SEGMENT: ?PR?DISPSCALEHOR1?LCD

*** WARNING L16: UNCALLED SEGMENT, IGNORED FOR OVERLAY PROCESS
    SEGMENT: ?PR?DISPSCALEVER?LCD

*** WARNING L16: UNCALLED SEGMENT, IGNORED FOR OVERLAY PROCESS
    SEGMENT: ?PR?DISPSCALEVER_RED?LCD

BL51 BANKED LINKER/LOCATER V6.22                                                      05/25/2019  11:30:11  PAGE 50


*** WARNING L16: UNCALLED SEGMENT, IGNORED FOR OVERLAY PROCESS
    SEGMENT: ?PR?DISPSCALEVER_GREEN?LCD

*** WARNING L16: UNCALLED SEGMENT, IGNORED FOR OVERLAY PROCESS
    SEGMENT: ?PR?DISPSCALEVER_BLUE?LCD

*** WARNING L16: UNCALLED SEGMENT, IGNORED FOR OVERLAY PROCESS
    SEGMENT: ?PR?DISPSCALEVER_GRAY?LCD

*** WARNING L16: UNCALLED SEGMENT, IGNORED FOR OVERLAY PROCESS
    SEGMENT: ?PR?DISPGRAYHOR32?LCD

*** WARNING L16: UNCALLED SEGMENT, IGNORED FOR OVERLAY PROCESS
    SEGMENT: ?PR?DISPSCALEHOR2?LCD

*** WARNING L16: UNCALLED SEGMENT, IGNORED FOR OVERLAY PROCESS
    SEGMENT: ?PR?_DRAWGIRD?LCD

*** WARNING L15: MULTIPLE CALL TO SEGMENT
    SEGMENT: ?PR?_WRITECOMM?LCD
    CALLER1: ?PR?USB_API_TEST_ISR?MAIN
    CALLER2: ?C_C51STARTUP

*** WARNING L15: MULTIPLE CALL TO SEGMENT
    SEGMENT: ?PR?_WRITEDATA?LCD
    CALLER1: ?PR?USB_API_TEST_ISR?MAIN
    CALLER2: ?C_C51STARTUP

Program Size: data=10.0 xdata=1198 code=14608
LINK/LOCATE RUN COMPLETE.  15 WARNING(S),  0 ERROR(S)
