BL51 BANKED LINKER/LOCATER V6.22                                                        06/20/2018  14:03:54  PAGE 1


BL51 BANKED LINKER/LOCATER V6.22, INVOKED BY:
C:\KEIL\C51\BIN\BL51.EXE main.obj, mmc_sd.obj, lcd.obj, tp.obj, .\USBX_F34X.LIB TO CPT24+ILI9340X-H8 RAMSIZE (256)


MEMORY MODEL: SMALL WITH FLOATING POINT ARITHMETIC


INPUT MODULES INCLUDED:
  main.obj (MAIN)
  mmc_sd.obj (MMC_SD)
  lcd.obj (LCD)
  tp.obj (TP)
  .\USBX_F34X.LIB (USB_API)
  .\USBX_F34X.LIB (USB_CLOCK_START)
  .\USBX_F34X.LIB (USB_SUSPEND)
  .\USBX_F34X.LIB (GET_INTERRUPT_SOURCE)
  .\USBX_F34X.LIB (BLOCK_READ)
  .\USBX_F34X.LIB (BLOCK_WRITE)
  .\USBX_F34X.LIB (USB_INT_ENABLE)
  .\USBX_F34X.LIB (USB_CLOCK_RECOVERY)
  .\USBX_F34X.LIB (USB_JUMP_ISR)
  C:\KEIL\C51\LIB\C51FPS.LIB (?C?FPMUL)
  C:\KEIL\C51\LIB\C51FPS.LIB (?C?FCAST)
  C:\KEIL\C51\LIB\C51FPS.LIB (?C?CASTF)
  C:\KEIL\C51\LIB\C51FPS.LIB (?C?FPGETOPN)
  C:\KEIL\C51\LIB\C51S.LIB (?C_STARTUP)
  C:\KEIL\C51\LIB\C51S.LIB (?C?COPY)
  C:\KEIL\C51\LIB\C51S.LIB (?C?CLDPTR)
  C:\KEIL\C51\LIB\C51S.LIB (?C?CLDOPTR)
  C:\KEIL\C51\LIB\C51S.LIB (?C?IMUL)
  C:\KEIL\C51\LIB\C51S.LIB (?C?IILDX)
  C:\KEIL\C51\LIB\C51S.LIB (?C?LMUL)
  C:\KEIL\C51\LIB\C51S.LIB (?C?ULDIV)
  C:\KEIL\C51\LIB\C51S.LIB (?C?LNEG)
  C:\KEIL\C51\LIB\C51S.LIB (?C?ULCMP)
  C:\KEIL\C51\LIB\C51S.LIB (?C?ULSHR)
  C:\KEIL\C51\LIB\C51S.LIB (?C?LSHL)
  C:\KEIL\C51\LIB\C51S.LIB (?C?LLDIIDATA)
  C:\KEIL\C51\LIB\C51S.LIB (?C?LSTXDATA)
  C:\KEIL\C51\LIB\C51S.LIB (?C?LSTKXDATA)
  C:\KEIL\C51\LIB\C51S.LIB (?C_IBP)
  C:\KEIL\C51\LIB\C51S.LIB (?C_INIT)


LINK MAP OF MODULE:  CPT24+ILI9340X-H8 (MAIN)


            TYPE    BASE      LENGTH    RELOCATION   SEGMENT NAME
            -----------------------------------------------------

            * * * * * * *   D A T A   M E M O R Y   * * * * * * *
            REG     0000H     0008H     ABSOLUTE     "REG BANK 0"
            DATA    0008H     0027H     UNIT         _DATA_GROUP_
            DATA    002FH     0010H     UNIT         ?DT?MAIN
            DATA    003FH     000AH     UNIT         ?DT?_DRAWLINE?LCD
            DATA    0049H     0004H     UNIT         ?DT?DISPSCALEHOR1?LCD
            DATA    004DH     0004H     UNIT         ?DT?DISPSCALEVER?LCD
            DATA    0051H     0004H     UNIT         ?DT?DISPSCALEVER_RED?LCD
BL51 BANKED LINKER/LOCATER V6.22                                                      06/20/2018  14:03:54  PAGE 2


            DATA    0055H     0004H     UNIT         ?DT?DISPSCALEVER_GREEN?LCD
            DATA    0059H     0004H     UNIT         ?DT?DISPSCALEVER_GRAY?LCD
            DATA    005DH     0004H     UNIT         ?DT?DISPGRAYHOR32?LCD
            DATA    0061H     0004H     UNIT         ?DT?_DRAWGIRD?LCD
            DATA    0065H     0002H     UNIT         ?DT?DISPSCALEVER_BLUE?LCD
            DATA    0067H     0002H     UNIT         ?DT?LCD
            DATA    0069H     0001H     UNIT         ?C?LIB_DATA
            IDATA   006AH     0001H     UNIT         ?STACK

            * * * * * * *  X D A T A   M E M O R Y  * * * * * * *
            XDATA   0000H     0200H     UNIT         ?XD?MMC_SD
            XDATA   0200H     0058H     UNIT         _XDATA_GROUP_
            XDATA   0258H     0040H     UNIT         ?XD?MAIN
                    0298H     03A8H                  *** GAP ***
            XDATA   0640H     0100H     ABSOLUTE     
            XDATA   0740H     0012H     ABSOLUTE     
            XDATA   0752H     0020H     ABSOLUTE     
            XDATA   0772H     000CH     ABSOLUTE     
            XDATA   077EH     0008H     ABSOLUTE     
            XDATA   0786H     0001H     ABSOLUTE     
            XDATA   0787H     0003H     ABSOLUTE     
            XDATA   078AH     0002H     ABSOLUTE     
            XDATA   078CH     0002H     ABSOLUTE     
            XDATA   078EH     0003H     ABSOLUTE     
            XDATA   0791H     0001H     ABSOLUTE     
            XDATA   0792H     0001H     ABSOLUTE     
            XDATA   0793H     0001H     ABSOLUTE     
            XDATA   0794H     0001H     ABSOLUTE     
            XDATA   0795H     0002H     ABSOLUTE     
            XDATA   0797H     0002H     ABSOLUTE     
            XDATA   0799H     0001H     ABSOLUTE     
            XDATA   079AH     0001H     ABSOLUTE     
            XDATA   079BH     0001H     ABSOLUTE     
            XDATA   079CH     0001H     ABSOLUTE     
            XDATA   079DH     0001H     ABSOLUTE     
            XDATA   079EH     0001H     ABSOLUTE     
            XDATA   079FH     0002H     ABSOLUTE     
            XDATA   07A1H     0001H     ABSOLUTE     
            XDATA   07A2H     0001H     ABSOLUTE     
            XDATA   07A3H     000CH     ABSOLUTE     
                    07AFH     0011H                  *** GAP ***
            XDATA   07C0H     0040H     ABSOLUTE     

            * * * * * * *   C O D E   M E M O R Y   * * * * * * *
            CODE    0000H     0003H     ABSOLUTE     
            CODE    0003H     003AH     UNIT         ?CO?USB_API
            CODE    003DH     0003H     UNIT         ?PR?SUSPEND_DEVICE?MAIN
                    0040H     0003H                  *** GAP ***
            CODE    0043H     0003H     ABSOLUTE     
            CODE    0046H     0042H     UNIT         ?PR?MCU_INIT?MAIN
                    0088H     0003H                  *** GAP ***
            CODE    008BH     0003H     ABSOLUTE     
            CODE    008EH     0600H     UNIT         ?CO?LCD
            CODE    068EH     05A1H     UNIT         ?PR?CONNTOUSB?MAIN
            CODE    0C2FH     04E8H     UNIT         ?C?LIB_CODE
            CODE    1117H     0233H     UNIT         ?PR?USBXCORE_HANDLE_SETUP?USB_API
            CODE    134AH     01CBH     UNIT         ?PR?DISPSCALEHOR1?LCD
BL51 BANKED LINKER/LOCATER V6.22                                                      06/20/2018  14:03:54  PAGE 3


            CODE    1515H     01A7H     UNIT         ?PR?TP_DRAWLINE?TP
            CODE    16BCH     0178H     UNIT         ?PR?LCD_INIT?LCD
            CODE    1834H     0151H     UNIT         ?PR?USBXCORE_USB_ISR?USB_API
            CODE    1985H     014CH     UNIT         ?PR?DISPBAND?LCD
            CODE    1AD1H     013CH     UNIT         ?PR?DISPSCALEHOR2?LCD
            CODE    1C0DH     0137H     UNIT         ?PR?_USB_INIT?USB_API
            CODE    1D44H     0128H     UNIT         ?PR?_LCD_READ_IC_ID?LCD
            CODE    1E6CH     011BH     UNIT         ?PR?_TP_GETPOSITION?TP
            CODE    1F87H     0111H     UNIT         ?PR?_BLOCK_WRITE?BLOCK_WRITE
            CODE    2098H     010EH     UNIT         ?PR?USB_API_TEST_ISR?MAIN
            CODE    21A6H     0104H     UNIT         ?PR?DISPSCALEVER?LCD
            CODE    22AAH     00CDH     UNIT         ?PR?USBXCORE_VENDOR_USB_API?USB_API
            CODE    2377H     00B5H     UNIT         ?PR?_DISPPICFROMSD?LCD
            CODE    242CH     00B3H     UNIT         ?PR?MMC_SD_RESET?MMC_SD
            CODE    24DFH     00B2H     UNIT         ?PR?USBXCORE_GET_DESCRIPTOR?USB_API
            CODE    2591H     00AFH     UNIT         ?PR?_BLOCK_READ?BLOCK_READ
            CODE    2640H     00A4H     UNIT         ?PR?_DISPONECHAR?LCD
            CODE    26E4H     00A3H     UNIT         ?PR?_?BLOCKWRITE?LCD
            CODE    2787H     0095H     UNIT         ?PR?DISPFRAME?LCD
            CODE    281CH     0095H     UNIT         ?PR?_DISPINT?LCD
            CODE    28B1H     008EH     UNIT         ?PR?DISPSCALEVER_GREEN?LCD
            CODE    293FH     008CH     UNIT         ?C_C51STARTUP
            CODE    29CBH     0089H     UNIT         ?PR?DISPGRAYHOR16?LCD
            CODE    2A54H     0082H     UNIT         ?PR?_DISPSTR?LCD
            CODE    2AD6H     007FH     UNIT         ?PR?DISPSCALEVER_RED?LCD
            CODE    2B55H     007FH     UNIT         ?PR?DISPSCALEVER_GRAY?LCD
            CODE    2BD4H     007EH     UNIT         ?PR?_MMC_SD_WRITESINGLEBLOCK?MMC_SD
            CODE    2C52H     0075H     UNIT         ?PR?_DRAWGIRD?LCD
            CODE    2CC7H     0073H     UNIT         ?PR?TP_READ?TP
            CODE    2D3AH     0073H     UNIT         ?PR?USBXCORE_GET_STATUS?USB_API
            CODE    2DADH     006CH     UNIT         ?PR?DEVICES_INIT?MAIN
            CODE    2E19H     006AH     UNIT         ?PR?DISPGRAYHOR32?LCD
            CODE    2E83H     0065H     UNIT         ?PR?_MMC_SD_READSINGLEBLOCK?MMC_SD
            CODE    2EE8H     0064H     UNIT         ?PR?DISPSCALEVER_BLUE?LCD
            CODE    2F4CH     0064H     UNIT         ?PR?_DRAWLINE?LCD
            CODE    2FB0H     0061H     UNIT         ?PR?_MMC_SD_SENDCOMMAND?MMC_SD
            CODE    3011H     005BH     UNIT         ?PR?_TOORD?LCD
            CODE    306CH     005AH     UNIT         ?PR?USBXCORE_SET_CONFIGURATION?USB_API
            CODE    30C6H     0058H     UNIT         ?PR?USBXCORE_CLEAR_FEATURE?USB_API
            CODE    311EH     0057H     UNIT         ?PR?USBXCORE_SET_FEATURE?USB_API
            CODE    3175H     0053H     UNIT         ?PR?MAIN?MAIN
            CODE    31C8H     0050H     UNIT         ?CO?MAIN
            CODE    3218H     004CH     UNIT         ?PR?_STOPDELAY?MAIN
            CODE    3264H     0047H     UNIT         ?PR?USBXCORE_GET_CONFIGURATION?USB_API
            CODE    32ABH     0042H     UNIT         ?PR?_PUTPIXEL?LCD
            CODE    32EDH     0038H     UNIT         ?PR?USB_CLOCK_START?USB_CLOCK_START
            CODE    3325H     002BH     UNIT         ?PR?USB_SUSPEND?USB_SUSPEND
            CODE    3350H     002AH     UNIT         ?PR?_WRITEDISPDATA?LCD
            CODE    337AH     0029H     UNIT         ?C_INITSEG
            CODE    33A3H     0027H     UNIT         ?PR?_DISPCOLOR?LCD
            CODE    33CAH     0027H     UNIT         ?PR?USBXCORE_USB_RESET?USB_API
            CODE    33F1H     0027H     UNIT         ?PR?USBXCORE_GET_INTERFACE?USB_API
            CODE    3418H     0026H     UNIT         ?PR?_TP_WRITE?TP
            CODE    343EH     0022H     UNIT         ?PR?USBXCORE_JUMP_ISR?USB_JUMP_ISR
            CODE    3460H     0020H     UNIT         ?PR?USBXCORE_SET_ADDRESS?USB_API
            CODE    3480H     001FH     UNIT         ?PR?_DELAY?MAIN
            CODE    349FH     001DH     UNIT         ?PR?USBXCORE_FORCE_STALL?USB_API
BL51 BANKED LINKER/LOCATER V6.22                                                      06/20/2018  14:03:54  PAGE 4


            CODE    34BCH     001AH     UNIT         ?PR?_WRITECOMM?LCD
            CODE    34D6H     0019H     UNIT         ?PR?_WRITEDATA?LCD
            CODE    34EFH     0019H     UNIT         ?PR?USB_INT_ENABLE?USB_INT_ENABLE
            CODE    3508H     0016H     UNIT         ?PR?_SPI_WRITEBYTE?MMC_SD
            CODE    351EH     0014H     UNIT         ?PR?USBXCORE_SET_SOP?USB_API
            CODE    3532H     0013H     UNIT         ?PR?WAITKEY?MAIN
            CODE    3545H     0013H     UNIT         ?PR?READDATA?LCD
            CODE    3558H     0011H     UNIT         ?PR?SD_INIT?MMC_SD
            CODE    3569H     000EH     UNIT         ?PR?GET_INTERRUPT_SOURCE?GET_INTERRUPT_SOURCE
            CODE    3577H     000CH     UNIT         ?PR?USBXCORE_CLKREC?USB_CLOCK_RECOVERY
            CODE    3583H     000BH     UNIT         ?PR?SPI_READBYTE?MMC_SD
            CODE    358EH     0009H     UNIT         ?PR?_WRITEONEDOT?LCD



OVERLAY MAP OF MODULE:   CPT24+ILI9340X-H8 (MAIN)


SEGMENT                                            DATA_GROUP          XDATA_GROUP
  +--> CALLED SEGMENT                            START    LENGTH     START    LENGTH
------------------------------------------------------------------------------------
?PR?USB_API_TEST_ISR?MAIN                        0008H    0001H      -----    -----
  +--> ?PR?GET_INTERRUPT_SOURCE?GET_INTERRUP...
  +--> ?PR?_BLOCK_READ?BLOCK_READ
  +--> ?PR?SUSPEND_DEVICE?MAIN
  +--> ?PR?MCU_INIT?MAIN
  +--> ?PR?_?BLOCKWRITE?LCD

?PR?SUSPEND_DEVICE?MAIN                          -----    -----      -----    -----
  +--> ?PR?USB_SUSPEND?USB_SUSPEND

?PR?USB_SUSPEND?USB_SUSPEND                      -----    -----      -----    -----
  +--> ?PR?USB_CLOCK_START?USB_CLOCK_START

?PR?_?BLOCKWRITE?LCD                             -----    -----      -----    -----
  +--> ?PR?_WRITECOMM?LCD
  +--> ?PR?_WRITEDATA?LCD

?PR?_WRITECOMM?LCD                               002DH    0001H      -----    -----

?PR?_WRITEDATA?LCD                               002DH    0002H      -----    -----

*** NEW ROOT ***************************************************

?PR?USBXCORE_USB_ISR?USB_API                     -----    -----      -----    -----
  +--> ?PR?USBXCORE_USB_RESET?USB_API
  +--> ?PR?USBXCORE_HANDLE_SETUP?USB_API
  +--> ?PR?USBXCORE_JUMP_ISR?USB_JUMP_ISR

?PR?USBXCORE_HANDLE_SETUP?USB_API                -----    -----      -----    -----
  +--> ?PR?USBXCORE_GET_STATUS?USB_API
  +--> ?PR?USBXCORE_CLEAR_FEATURE?USB_API
  +--> ?PR?USBXCORE_VENDOR_USB_API?USB_API
  +--> ?PR?USBXCORE_SET_FEATURE?USB_API
  +--> ?PR?USBXCORE_SET_ADDRESS?USB_API
  +--> ?PR?USBXCORE_GET_DESCRIPTOR?USB_API
  +--> ?PR?USBXCORE_GET_CONFIGURATION?USB_API
BL51 BANKED LINKER/LOCATER V6.22                                                      06/20/2018  14:03:54  PAGE 5


  +--> ?PR?USBXCORE_SET_CONFIGURATION?USB_API
  +--> ?PR?USBXCORE_GET_INTERFACE?USB_API
  +--> ?PR?USBXCORE_SET_SOP?USB_API
  +--> ?PR?USBXCORE_FORCE_STALL?USB_API

?PR?USBXCORE_GET_STATUS?USB_API                  -----    -----      -----    -----
  +--> ?CO?USB_API
  +--> ?PR?USBXCORE_FORCE_STALL?USB_API
  +--> ?PR?USBXCORE_SET_SOP?USB_API

?PR?USBXCORE_CLEAR_FEATURE?USB_API               -----    -----      -----    -----
  +--> ?PR?USBXCORE_FORCE_STALL?USB_API
  +--> ?PR?USBXCORE_SET_SOP?USB_API

?PR?USBXCORE_VENDOR_USB_API?USB_API              -----    -----      -----    -----
  +--> ?PR?USBXCORE_SET_SOP?USB_API

?PR?USBXCORE_SET_FEATURE?USB_API                 -----    -----      -----    -----
  +--> ?PR?USBXCORE_FORCE_STALL?USB_API
  +--> ?PR?USBXCORE_SET_SOP?USB_API

?PR?USBXCORE_SET_ADDRESS?USB_API                 -----    -----      -----    -----
  +--> ?PR?USBXCORE_SET_SOP?USB_API

?PR?USBXCORE_GET_DESCRIPTOR?USB_API              -----    -----      -----    -----
  +--> ?PR?USBXCORE_FORCE_STALL?USB_API
  +--> ?PR?USBXCORE_SET_SOP?USB_API

?PR?USBXCORE_GET_CONFIGURATION?USB_API           -----    -----      -----    -----
  +--> ?CO?USB_API
  +--> ?PR?USBXCORE_SET_SOP?USB_API

?PR?USBXCORE_SET_CONFIGURATION?USB_API           -----    -----      -----    -----
  +--> ?PR?USBXCORE_SET_SOP?USB_API

?PR?USBXCORE_GET_INTERFACE?USB_API               -----    -----      -----    -----
  +--> ?CO?USB_API
  +--> ?PR?USBXCORE_SET_SOP?USB_API

*** NEW ROOT ***************************************************

?C_C51STARTUP                                    -----    -----      -----    -----
  +--> ?PR?MAIN?MAIN
  +--> ?C_INITSEG

?PR?MAIN?MAIN                                    000BH    0001H      -----    -----
  +--> ?PR?DEVICES_INIT?MAIN
  +--> ?PR?DISPFRAME?LCD
  +--> ?PR?_STOPDELAY?MAIN
  +--> ?PR?DISPGRAYHOR16?LCD
  +--> ?PR?DISPBAND?LCD
  +--> ?PR?_DISPCOLOR?LCD
  +--> ?PR?SD_INIT?MMC_SD
  +--> ?PR?_DELAY?MAIN
  +--> ?PR?_DISPPICFROMSD?LCD
  +--> ?PR?WAITKEY?MAIN
  +--> ?PR?TP_DRAWLINE?TP
BL51 BANKED LINKER/LOCATER V6.22                                                      06/20/2018  14:03:54  PAGE 6



?PR?DEVICES_INIT?MAIN                            -----    -----      -----    -----
  +--> ?PR?MCU_INIT?MAIN
  +--> ?PR?USB_CLOCK_START?USB_CLOCK_START
  +--> ?CO?MAIN
  +--> ?PR?_USB_INIT?USB_API
  +--> ?PR?USB_INT_ENABLE?USB_INT_ENABLE
  +--> ?PR?LCD_INIT?LCD

?PR?_USB_INIT?USB_API                            -----    -----      0200H    0011H
  +--> ?CO?USB_API
  +--> ?PR?USBXCORE_CLKREC?USB_CLOCK_RECOVERY

?PR?LCD_INIT?LCD                                 -----    -----      -----    -----
  +--> ?PR?READDATA?LCD
  +--> ?PR?_DELAY?MAIN
  +--> ?PR?_WRITECOMM?LCD
  +--> ?PR?_WRITEDATA?LCD

?PR?READDATA?LCD                                 -----    -----      -----    -----
  +--> ?PR?_LCD_READ_IC_ID?LCD

?PR?_LCD_READ_IC_ID?LCD                          0015H    0008H      -----    -----

?PR?DISPFRAME?LCD                                -----    -----      -----    -----
  +--> ?PR?_?BLOCKWRITE?LCD
  +--> ?PR?_WRITEDISPDATA?LCD

?PR?_WRITEDISPDATA?LCD                           002DH    0001H      -----    -----

?PR?_STOPDELAY?MAIN                              000CH    0004H      -----    -----
  +--> ?PR?WAITKEY?MAIN
  +--> ?PR?_DELAY?MAIN

?PR?WAITKEY?MAIN                                 -----    -----      -----    -----
  +--> ?PR?CONNTOUSB?MAIN
  +--> ?PR?_DELAY?MAIN

?PR?CONNTOUSB?MAIN                               0010H    0005H      0200H    0058H
  +--> ?CO?MAIN
  +--> ?PR?_WRITECOMM?LCD
  +--> ?PR?_WRITEDATA?LCD
  +--> ?PR?_DISPSTR?LCD
  +--> ?PR?_DISPINT?LCD
  +--> ?PR?_WRITEDISPDATA?LCD
  +--> ?PR?_MMC_SD_WRITESINGLEBLOCK?MMC_SD
  +--> ?PR?_BLOCK_WRITE?BLOCK_WRITE
  +--> ?PR?READDATA?LCD
  +--> ?PR?_DELAY?MAIN

?PR?_DISPSTR?LCD                                 0015H    000BH      -----    -----
  +--> ?PR?_TOORD?LCD
  +--> ?PR?_DISPONECHAR?LCD

?PR?_DISPONECHAR?LCD                             0020H    000DH      -----    -----
  +--> ?PR?_?BLOCKWRITE?LCD
  +--> ?CO?LCD
BL51 BANKED LINKER/LOCATER V6.22                                                      06/20/2018  14:03:54  PAGE 7


  +--> ?PR?_WRITEONEDOT?LCD

?PR?_WRITEONEDOT?LCD                             -----    -----      -----    -----
  +--> ?PR?_WRITEDISPDATA?LCD

?PR?_DISPINT?LCD                                 0015H    000AH      -----    -----
  +--> ?PR?_DISPONECHAR?LCD

?PR?_MMC_SD_WRITESINGLEBLOCK?MMC_SD              0015H    0004H      -----    -----
  +--> ?PR?_MMC_SD_SENDCOMMAND?MMC_SD
  +--> ?PR?_SPI_WRITEBYTE?MMC_SD

?PR?_MMC_SD_SENDCOMMAND?MMC_SD                   001DH    0005H      -----    -----
  +--> ?PR?_SPI_WRITEBYTE?MMC_SD

?PR?DISPGRAYHOR16?LCD                            000CH    0004H      -----    -----
  +--> ?PR?_?BLOCKWRITE?LCD
  +--> ?PR?_WRITEDISPDATA?LCD

?PR?DISPBAND?LCD                                 000CH    0005H      -----    -----
  +--> ?PR?_?BLOCKWRITE?LCD
  +--> ?PR?_WRITEDISPDATA?LCD

?PR?_DISPCOLOR?LCD                               000CH    0002H      -----    -----
  +--> ?PR?_?BLOCKWRITE?LCD
  +--> ?PR?_WRITEDISPDATA?LCD

?PR?SD_INIT?MMC_SD                               -----    -----      -----    -----
  +--> ?PR?MMC_SD_RESET?MMC_SD

?PR?MMC_SD_RESET?MMC_SD                          -----    -----      -----    -----
  +--> ?PR?_SPI_WRITEBYTE?MMC_SD
  +--> ?PR?_MMC_SD_SENDCOMMAND?MMC_SD

?PR?_DISPPICFROMSD?LCD                           000CH    000DH      -----    -----
  +--> ?PR?_?BLOCKWRITE?LCD
  +--> ?PR?_MMC_SD_READSINGLEBLOCK?MMC_SD
  +--> ?PR?_WRITEDISPDATA?LCD

?PR?_MMC_SD_READSINGLEBLOCK?MMC_SD               0019H    0004H      -----    -----
  +--> ?PR?_MMC_SD_SENDCOMMAND?MMC_SD
  +--> ?PR?SPI_READBYTE?MMC_SD
  +--> ?PR?_SPI_WRITEBYTE?MMC_SD

?PR?TP_DRAWLINE?TP                               -----    -----      0200H    0018H
  +--> ?PR?_DELAY?MAIN
  +--> ?PR?_TP_GETPOSITION?TP
  +--> ?PR?_PUTPIXEL?LCD
  +--> ?PR?_DISPCOLOR?LCD

?PR?_TP_GETPOSITION?TP                           -----    -----      0218H    001BH
  +--> ?PR?_TP_WRITE?TP
  +--> ?PR?TP_READ?TP

?PR?_TP_WRITE?TP                                 -----    -----      0233H    0001H

?PR?TP_READ?TP                                   -----    -----      0233H    0005H
BL51 BANKED LINKER/LOCATER V6.22                                                      06/20/2018  14:03:54  PAGE 8



?PR?_PUTPIXEL?LCD                                000CH    0002H      -----    -----
  +--> ?PR?_?BLOCKWRITE?LCD
  +--> ?PR?_WRITEDISPDATA?LCD



SYMBOL TABLE OF MODULE:  CPT24+ILI9340X-H8 (MAIN)

  VALUE           TYPE          NAME
  ----------------------------------

  -------         MODULE        MAIN
  C:0000H         SYMBOL        _ICE_DUMMY_
  D:0080H         PUBLIC        P0
  D:002FH         PUBLIC        f_down
  D:0090H         PUBLIC        P1
  D:00A0H         PUBLIC        P2
  D:00B0H         PUBLIC        P3
  C:3213H         PUBLIC        USB_MaxPower
  B:00B0H.6       PUBLIC        KEY_STEP
  D:00A4H         PUBLIC        P0MDOUT
  D:00A5H         PUBLIC        P1MDOUT
  D:00A6H         PUBLIC        P2MDOUT
  D:00A7H         PUBLIC        P3MDOUT
  D:00AEH         PUBLIC        P4MDOUT
  B:0080H.6       PUBLIC        OE
  D:00D9H         PUBLIC        PCA0MD
  C:2098H         PUBLIC        USB_API_TEST_ISR
  C:003DH         PUBLIC        Suspend_Device
  C:321CH         PUBLIC        _StopDelay
  D:00E1H         PUBLIC        XBR0
  D:00E2H         PUBLIC        XBR1
  B:00B0H.1       PUBLIC        RS
  C:3175H         PUBLIC        main
  D:0030H         PUBLIC        VerifyCode0
  D:0031H         PUBLIC        VerifyCode1
  C:31DDH         PUBLIC        USB_PID
  D:0032H         PUBLIC        VerifyCode2
  D:00F1H         PUBLIC        P0MDIN
  D:00F2H         PUBLIC        P1MDIN
  C:31DFH         PUBLIC        USB_MfrStr
  D:00F4H         PUBLIC        P3MDIN
  C:31DBH         PUBLIC        USB_VID
  D:00F8H         PUBLIC        SPI0CN
  D:0033H         PUBLIC        pic
  C:2DADH         PUBLIC        Devices_Init
  C:068EH         PUBLIC        ConnToUSB
  D:00A9H         PUBLIC        CLKSEL
  D:00B2H         PUBLIC        OSCICN
  C:3214H         PUBLIC        USB_PwAttributes
  C:3532H         PUBLIC        WaitKey
  C:3217H         SYMBOL        _?ix1000
  B:00B0H.0       PUBLIC        CS0
  D:0034H         PUBLIC        bf
  C:3215H         PUBLIC        USB_bcdDevice
  D:00B9H         PUBLIC        CLKMUL
BL51 BANKED LINKER/LOCATER V6.22                                                      06/20/2018  14:03:54  PAGE 9


  D:0036H         PUBLIC        f_debug
  D:0037H         PUBLIC        sd
  X:0258H         PUBLIC        Packet
  C:0046H         PUBLIC        MCU_Init
  B:0080H.7       PUBLIC        DIR
  D:00EFH         PUBLIC        RSTSRC
  D:003BH         PUBLIC        f_read
  C:3209H         PUBLIC        USB_SerialStr
  D:003CH         PUBLIC        f_other
  C:31F9H         PUBLIC        USB_ProductStr
  D:003DH         PUBLIC        f_para
  D:00A1H         PUBLIC        SPI0CFG
  C:3480H         PUBLIC        _Delay
  B:00B0H.7       PUBLIC        KEY_Stop
  D:003EH         PUBLIC        f_init
  -------         PROC          MAIN
  -------         DO            
  D:000BH         SYMBOL        n
  -------         ENDDO         
  C:3175H         LINE#         43
  C:3175H         LINE#         44
  C:3175H         LINE#         49
  C:3178H         LINE#         58
  C:317BH         LINE#         59
  C:317BH         LINE#         159
  C:3181H         LINE#         162
  C:3187H         LINE#         163
  C:318DH         LINE#         164
  C:3196H         LINE#         206
  C:3199H         LINE#         207
  C:31A0H         LINE#         213
  C:31A3H         LINE#         214
  C:31A3H         LINE#         215
  C:31A8H         LINE#         216
  C:31B2H         LINE#         217
  C:31B9H         LINE#         218
  C:31C2H         LINE#         224
  C:31C5H         LINE#         227
  C:31C7H         LINE#         232
  -------         ENDPROC       MAIN
  -------         PROC          _DELAY
  D:0006H         SYMBOL        dly
  -------         DO            
  D:0004H         SYMBOL        i
  D:0002H         SYMBOL        j
  -------         ENDDO         
  C:3480H         LINE#         237
  C:3480H         LINE#         238
  C:3480H         LINE#         241
  C:348AH         LINE#         242
  C:349EH         LINE#         243
  -------         ENDPROC       _DELAY
  C:3218H         SYMBOL        L?0136
  -------         PROC          L?0135
  -------         ENDPROC       L?0135
  C:3218H         SYMBOL        L?0136
  -------         PROC          _STOPDELAY
BL51 BANKED LINKER/LOCATER V6.22                                                      06/20/2018  14:03:54  PAGE 10


  D:000CH         SYMBOL        sdly
  -------         DO            
  D:0006H         SYMBOL        i
  D:0004H         SYMBOL        j
  D:000EH         SYMBOL        k
  -------         ENDDO         
  C:321CH         LINE#         246
  C:3220H         LINE#         247
  C:3220H         LINE#         249
  C:3225H         LINE#         250
  C:3225H         LINE#         251
  C:3228H         LINE#         252
  C:3228H         LINE#         253
  C:3234H         LINE#         254
  C:3248H         LINE#         255
  C:3248H         LINE#         257
  C:3248H         LINE#         258
  C:3252H         LINE#         259
  C:3252H         LINE#         260
  C:3263H         LINE#         261
  -------         ENDPROC       _STOPDELAY
  -------         PROC          WAITKEY
  C:3532H         LINE#         291
  C:3532H         LINE#         292
  C:3532H         LINE#         294
  C:3535H         LINE#         295
  C:3535H         LINE#         297
  C:3538H         LINE#         299
  C:353AH         LINE#         300
  C:3541H         LINE#         301
  C:3544H         LINE#         303
  -------         ENDPROC       WAITKEY
  -------         PROC          CONNTOUSB
  -------         DO            
  D:0010H         SYMBOL        i
  X:0200H         SYMBOL        reg_data
  X:0218H         SYMBOL        para_data
  D:0007H         SYMBOL        dat
  D:0011H         SYMBOL        reg_index
  D:0013H         SYMBOL        data_num
  D:0014H         SYMBOL        st
  -------         ENDDO         
  C:068EH         LINE#         324
  C:068EH         LINE#         325
  C:068EH         LINE#         332
  C:06A1H         LINE#         335
  C:06A8H         LINE#         336
  C:06A8H         LINE#         337
  C:06ABH         LINE#         338
  C:06ABH         LINE#         339
  C:06BDH         LINE#         340
  C:06BDH         LINE#         341
  C:06E4H         LINE#         342
  C:06E6H         LINE#         343
  C:06FAH         LINE#         344
  C:06FAH         LINE#         345
  C:0721H         LINE#         347
BL51 BANKED LINKER/LOCATER V6.22                                                      06/20/2018  14:03:54  PAGE 11


  C:0721H         LINE#         348
  C:0721H         LINE#         349
  C:0721H         LINE#         351
  C:0721H         LINE#         352
  C:072AH         LINE#         353
  C:0734H         LINE#         354
  C:073EH         LINE#         356
  C:0759H         LINE#         358
  C:0763H         LINE#         359
  C:0763H         LINE#         360
  C:0766H         LINE#         361
  C:0766H         LINE#         362
  C:0778H         LINE#         363
  C:0778H         LINE#         364
  C:07CAH         LINE#         365
  C:07CCH         LINE#         366
  C:07E0H         LINE#         367
  C:07E0H         LINE#         368
  C:0833H         LINE#         369
  C:0833H         LINE#         370
  C:0833H         LINE#         371
  C:0833H         LINE#         373
  C:0833H         LINE#         374
  C:083FH         LINE#         375
  C:083FH         LINE#         376
  C:0849H         LINE#         377
  C:0853H         LINE#         379
  C:0856H         LINE#         380
  C:0859H         LINE#         384
  C:0860H         LINE#         385
  C:0860H         LINE#         386
  C:086DH         LINE#         387
  C:086DH         LINE#         388
  C:086FH         LINE#         390
  C:0871H         LINE#         391
  C:088EH         LINE#         392
  C:0890H         LINE#         394
  C:08B3H         LINE#         395
  C:08D6H         LINE#         396
  C:08DFH         LINE#         397
  C:08DFH         LINE#         398
  C:08E7H         LINE#         399
  C:08EDH         LINE#         400
  C:08F8H         LINE#         401
  C:08FDH         LINE#         402
  C:08FDH         LINE#         403
  C:0904H         LINE#         405
  C:0907H         LINE#         406
  C:0912H         LINE#         407
  C:0915H         LINE#         410
  C:091CH         LINE#         411
  C:091CH         LINE#         412
  C:0925H         LINE#         413
  C:0925H         LINE#         414
  C:0932H         LINE#         415
  C:0932H         LINE#         416
  C:0934H         LINE#         418
BL51 BANKED LINKER/LOCATER V6.22                                                      06/20/2018  14:03:54  PAGE 12


  C:0936H         LINE#         419
  C:0953H         LINE#         420
  C:0955H         LINE#         422
  C:0978H         LINE#         423
  C:099BH         LINE#         425
  C:09A4H         LINE#         426
  C:09A4H         LINE#         427
  C:09ACH         LINE#         428
  C:09B2H         LINE#         429
  C:09BDH         LINE#         430
  C:09C2H         LINE#         431
  C:09C2H         LINE#         433
  C:09C9H         LINE#         439
  C:09C9H         LINE#         440
  C:09D3H         LINE#         441
  C:09D3H         LINE#         442
  C:09D5H         LINE#         444
  C:09D7H         LINE#         445
  C:09F4H         LINE#         446
  C:09F6H         LINE#         448
  C:09FCH         LINE#         449
  C:09FFH         LINE#         450
  C:0A0AH         LINE#         451
  C:0A0AH         LINE#         452
  C:0A0DH         LINE#         455
  C:0A14H         LINE#         456
  C:0A14H         LINE#         457
  C:0A21H         LINE#         458
  C:0A21H         LINE#         459
  C:0A2FH         LINE#         460
  C:0A2FH         LINE#         461
  C:0A4EH         LINE#         462
  C:0A50H         LINE#         463
  C:0A5FH         LINE#         464
  C:0A5FH         LINE#         465
  C:0A7EH         LINE#         466
  C:0A80H         LINE#         467
  C:0A90H         LINE#         468
  C:0A90H         LINE#         471
  C:0A9AH         LINE#         472
  C:0AA4H         LINE#         473
  C:0AA4H         LINE#         474
  C:0AA4H         LINE#         475
  C:0AA4H         LINE#         477
  C:0AA4H         LINE#         478
  C:0AADH         LINE#         479
  C:0AB0H         LINE#         480
  C:0ABBH         LINE#         481
  C:0ABEH         LINE#         484
  C:0AC5H         LINE#         485
  C:0AC5H         LINE#         486
  C:0AC8H         LINE#         487
  C:0ADCH         LINE#         489
  C:0AE4H         LINE#         490
  C:0AF2H         LINE#         492
  C:0AFAH         LINE#         493
  C:0AFAH         LINE#         494
BL51 BANKED LINKER/LOCATER V6.22                                                      06/20/2018  14:03:54  PAGE 13


  C:0B01H         LINE#         495
  C:0B0BH         LINE#         496
  C:0B0BH         LINE#         497
  C:0B0EH         LINE#         498
  C:0B1BH         LINE#         499
  C:0B28H         LINE#         500
  C:0B2EH         LINE#         501
  C:0B2EH         LINE#         503
  C:0B31H         LINE#         504
  C:0B3FH         LINE#         506
  C:0B46H         LINE#         507
  C:0B61H         LINE#         508
  C:0B6BH         LINE#         509
  C:0B6BH         LINE#         510
  C:0B8BH         LINE#         511
  C:0B98H         LINE#         512
  C:0B98H         LINE#         513
  C:0BEBH         LINE#         514
  C:0BF1H         LINE#         515
  C:0BF1H         LINE#         516
  C:0BF1H         LINE#         519
  C:0BF5H         LINE#         520
  C:0BF5H         LINE#         521
  C:0BF8H         LINE#         522
  C:0C0CH         LINE#         524
  C:0C12H         LINE#         525
  C:0C16H         LINE#         526
  C:0C19H         LINE#         527
  C:0C1DH         LINE#         529
  C:0C20H         LINE#         530
  C:0C2CH         LINE#         531
  C:0C2EH         LINE#         532
  -------         ENDPROC       CONNTOUSB
  -------         PROC          MCU_INIT
  -------         DO            
  D:0007H         SYMBOL        n
  -------         ENDDO         
  C:0046H         LINE#         535
  C:0046H         LINE#         536
  C:0046H         LINE#         538
  C:0049H         LINE#         541
  C:004CH         LINE#         542
  C:004FH         LINE#         544
  C:0052H         LINE#         546
  C:0057H         LINE#         548
  C:005AH         LINE#         549
  C:005FH         LINE#         550
  C:0062H         LINE#         552
  C:0065H         LINE#         555
  C:0068H         LINE#         556
  C:006BH         LINE#         558
  C:006EH         LINE#         559
  C:0071H         LINE#         561
  C:0074H         LINE#         562
  C:0077H         LINE#         564
  C:007AH         LINE#         565
  C:007DH         LINE#         566
BL51 BANKED LINKER/LOCATER V6.22                                                      06/20/2018  14:03:54  PAGE 14


  C:007FH         LINE#         567
  C:0081H         LINE#         572
  C:0084H         LINE#         573
  C:0087H         LINE#         575
  -------         ENDPROC       MCU_INIT
  -------         PROC          DEVICES_INIT
  C:2DADH         LINE#         577
  C:2DADH         LINE#         578
  C:2DADH         LINE#         580
  C:2DB0H         LINE#         583
  C:2DB3H         LINE#         584
  C:2E0DH         LINE#         585
  C:2E10H         LINE#         588
  C:2E13H         LINE#         589
  C:2E16H         LINE#         597
  -------         ENDPROC       DEVICES_INIT
  -------         PROC          SUSPEND_DEVICE
  C:003DH         LINE#         601
  C:003DH         LINE#         602
  C:003DH         LINE#         603
  -------         ENDPROC       SUSPEND_DEVICE
  -------         PROC          USB_API_TEST_ISR
  -------         DO            
  D:0008H         SYMBOL        INTVAL
  -------         ENDDO         
  C:2098H         LINE#         607
  C:20B5H         LINE#         609
  C:20BAH         LINE#         611
  C:20BFH         LINE#         612
  C:20BFH         LINE#         613
  C:20CAH         LINE#         615
  C:20DCH         LINE#         616
  C:20DCH         LINE#         617
  C:20DFH         LINE#         618
  C:20E1H         LINE#         619
  C:20F1H         LINE#         620
  C:20F1H         LINE#         621
  C:20F4H         LINE#         622
  C:20F6H         LINE#         623
  C:2107H         LINE#         624
  C:2107H         LINE#         625
  C:210AH         LINE#         626
  C:210CH         LINE#         627
  C:211EH         LINE#         628
  C:211EH         LINE#         629
  C:2121H         LINE#         630
  C:2123H         LINE#         631
  C:2133H         LINE#         632
  C:2133H         LINE#         633
  C:2136H         LINE#         634
  C:2138H         LINE#         636
  C:2138H         LINE#         637
  C:213BH         LINE#         638
  C:213BH         LINE#         639
  C:213BH         LINE#         641
  C:213BH         LINE#         642
  C:213BH         LINE#         644
BL51 BANKED LINKER/LOCATER V6.22                                                      06/20/2018  14:03:54  PAGE 15


  C:213BH         LINE#         646
  C:2140H         LINE#         647
  C:2140H         LINE#         648
  C:2143H         LINE#         649
  C:2143H         LINE#         651
  C:2148H         LINE#         652
  C:2148H         LINE#         653
  C:214BH         LINE#         654
  C:214BH         LINE#         656
  C:2150H         LINE#         657
  C:2150H         LINE#         658
  C:216AH         LINE#         659
  C:216AH         LINE#         661
  C:216FH         LINE#         662
  C:216FH         LINE#         663
  C:2171H         LINE#         664
  C:218BH         LINE#         665
  C:218BH         LINE#         666
  -------         ENDPROC       USB_API_TEST_ISR
  -------         ENDMOD        MAIN

  -------         MODULE        MMC_SD
  C:0000H         SYMBOL        _ICE_DUMMY_
  D:00A2H         PUBLIC        SPI0CKR
  D:0080H         PUBLIC        P0
  D:0090H         PUBLIC        P1
  D:00A0H         PUBLIC        P2
  D:00B0H         PUBLIC        P3
  C:2FB0H         PUBLIC        _MMC_SD_SendCommand
  C:2E83H         PUBLIC        _MMC_SD_ReadSingleBlock
  C:3558H         PUBLIC        SD_Init
  C:2BD4H         PUBLIC        _MMC_SD_WriteSingleBlock
  B:00F8H.7       PUBLIC        SPIF
  B:00F8H.2       PUBLIC        NSSMD0
  C:242CH         PUBLIC        MMC_SD_Reset
  D:00A9H         PUBLIC        CLKSEL
  C:3583H         PUBLIC        SPI_ReadByte
  C:3514H         PUBLIC        _SPI_WriteByte
  D:00A3H         PUBLIC        SPI0DAT
  X:0000H         PUBLIC        buffer
  C:3508H         SYMBOL        L?0062
  C:350DH         SYMBOL        L?0063
  -------         PROC          L?0061
  -------         ENDPROC       L?0061
  C:3508H         SYMBOL        L?0062
  C:350DH         SYMBOL        L?0063
  -------         PROC          _SPI_WRITEBYTE
  D:0007H         SYMBOL        val
  -------         DO            
  D:0007H         SYMBOL        ret
  -------         ENDDO         
  C:3514H         LINE#         7
  C:3514H         LINE#         8
  C:3514H         LINE#         11
  C:3516H         LINE#         12
  C:3519H         LINE#         13
  C:351BH         LINE#         14
BL51 BANKED LINKER/LOCATER V6.22                                                      06/20/2018  14:03:54  PAGE 16


  C:351DH         LINE#         15
  C:351DH         LINE#         16
  -------         ENDPROC       _SPI_WRITEBYTE
  -------         PROC          SPI_READBYTE
  -------         DO            
  D:0007H         SYMBOL        ret
  -------         ENDDO         
  C:3583H         LINE#         18
  C:3583H         LINE#         19
  C:3583H         LINE#         22
  C:3586H         LINE#         23
  C:3589H         LINE#         24
  C:358BH         LINE#         25
  C:358DH         LINE#         26
  C:358DH         LINE#         27
  -------         ENDPROC       SPI_READBYTE
  -------         PROC          _MMC_SD_SENDCOMMAND
  D:0006H         SYMBOL        cmd
  D:001EH         SYMBOL        arg
  -------         DO            
  D:0007H         SYMBOL        r1
  D:0003H         SYMBOL        retry
  -------         ENDDO         
  C:2FB0H         LINE#         30
  C:2FB2H         LINE#         31
  C:2FB2H         LINE#         33
  C:2FB4H         LINE#         35
  C:2FB4H         LINE#         36
  C:2FB4H         LINE#         37
  C:2FB7H         LINE#         38
  C:2FB7H         LINE#         39
  C:2FB7H         LINE#         40
  C:2FBAH         LINE#         42
  C:2FBCH         LINE#         44
  C:2FC3H         LINE#         45
  C:2FD3H         LINE#         46
  C:2FE3H         LINE#         47
  C:2FF3H         LINE#         48
  C:2FF8H         LINE#         49
  C:2FFDH         LINE#         51
  C:3005H         LINE#         52
  C:300EH         LINE#         54
  C:3010H         LINE#         56
  C:3010H         LINE#         57
  -------         ENDPROC       _MMC_SD_SENDCOMMAND
  -------         PROC          MMC_SD_RESET
  -------         DO            
  D:0005H         SYMBOL        i
  D:0002H         SYMBOL        retry
  D:0006H         SYMBOL        r1
  -------         ENDDO         
  C:242CH         LINE#         59
  C:242CH         LINE#         60
  C:242CH         LINE#         63
  C:242EH         LINE#         65
  C:242FH         LINE#         66
  C:2432H         LINE#         67
BL51 BANKED LINKER/LOCATER V6.22                                                      06/20/2018  14:03:54  PAGE 17


  C:2435H         LINE#         69
  C:2435H         LINE#         70
  C:2440H         LINE#         71
  C:244FH         LINE#         72
  C:2450H         LINE#         73
  C:2456H         LINE#         74
  C:2459H         LINE#         76
  C:245BH         LINE#         78
  C:245BH         LINE#         80
  C:245BH         LINE#         81
  C:246BH         LINE#         82
  C:246CH         LINE#         83
  C:2475H         LINE#         84
  C:2478H         LINE#         86
  C:247AH         LINE#         87
  C:2489H         LINE#         88
  C:248AH         LINE#         89
  C:2493H         LINE#         90
  C:2496H         LINE#         92
  C:2499H         LINE#         93
  C:2499H         LINE#         94
  C:249BH         LINE#         96
  C:249BH         LINE#         97
  C:24ABH         LINE#         98
  C:24ACH         LINE#         99
  C:24B5H         LINE#         100
  C:24B8H         LINE#         101
  C:24B8H         LINE#         102
  C:24C8H         LINE#         104
  C:24D7H         LINE#         105
  C:24DAH         LINE#         106
  C:24DDH         LINE#         107
  C:24DEH         LINE#         108
  -------         ENDPROC       MMC_SD_RESET
  -------         PROC          _MMC_SD_READSINGLEBLOCK
  D:0019H         SYMBOL        sector
  -------         DO            
  D:0007H         SYMBOL        r1
  D:0004H         SYMBOL        i
  D:0002H         SYMBOL        retry
  -------         ENDDO         
  C:2E83H         LINE#         110
  C:2E8BH         LINE#         111
  C:2E8BH         LINE#         114
  C:2E8DH         LINE#         116
  C:2E90H         LINE#         118
  C:2E90H         LINE#         119
  C:2EAAH         LINE#         120
  C:2EABH         LINE#         121
  C:2EB4H         LINE#         122
  C:2EB7H         LINE#         125
  C:2EB9H         LINE#         127
  C:2EBFH         LINE#         129
  C:2EC2H         LINE#         130
  C:2EC2H         LINE#         131
  C:2ED1H         LINE#         132
  C:2EDEH         LINE#         134
BL51 BANKED LINKER/LOCATER V6.22                                                      06/20/2018  14:03:54  PAGE 18


  C:2EDEH         LINE#         135
  C:2EE1H         LINE#         137
  C:2EE3H         LINE#         138
  C:2EE6H         LINE#         139
  C:2EE7H         LINE#         140
  -------         ENDPROC       _MMC_SD_READSINGLEBLOCK
  -------         PROC          _MMC_SD_WRITESINGLEBLOCK
  D:0015H         SYMBOL        sector
  -------         DO            
  D:0006H         SYMBOL        r1
  D:0004H         SYMBOL        i
  D:0002H         SYMBOL        retry
  -------         ENDDO         
  C:2BD4H         LINE#         142
  C:2BDCH         LINE#         143
  C:2BDCH         LINE#         146
  C:2BDEH         LINE#         148
  C:2BE1H         LINE#         150
  C:2BE1H         LINE#         151
  C:2BFDH         LINE#         152
  C:2BFEH         LINE#         153
  C:2C07H         LINE#         154
  C:2C0AH         LINE#         158
  C:2C0CH         LINE#         160
  C:2C11H         LINE#         162
  C:2C16H         LINE#         164
  C:2C18H         LINE#         165
  C:2C18H         LINE#         166
  C:2C27H         LINE#         167
  C:2C34H         LINE#         169
  C:2C34H         LINE#         170
  C:2C34H         LINE#         172
  C:2C39H         LINE#         174
  C:2C40H         LINE#         175
  C:2C40H         LINE#         176
  C:2C42H         LINE#         177
  C:2C43H         LINE#         178
  C:2C43H         LINE#         180
  C:2C4BH         LINE#         182
  C:2C4DH         LINE#         183
  C:2C50H         LINE#         184
  C:2C51H         LINE#         185
  -------         ENDPROC       _MMC_SD_WRITESINGLEBLOCK
  -------         PROC          SD_INIT
  -------         DO            
  D:0001H         SYMBOL        n
  -------         ENDDO         
  C:3558H         LINE#         188
  C:3558H         LINE#         189
  C:3558H         LINE#         190
  C:355AH         LINE#         192
  C:3560H         LINE#         193
  C:3560H         LINE#         194
  C:3561H         LINE#         195
  C:3568H         LINE#         197
  -------         ENDPROC       SD_INIT
  -------         ENDMOD        MMC_SD
BL51 BANKED LINKER/LOCATER V6.22                                                      06/20/2018  14:03:54  PAGE 19



  -------         MODULE        LCD
  C:0000H         SYMBOL        _ICE_DUMMY_
  D:0080H         PUBLIC        P0
  C:2787H         PUBLIC        DispFrame
  D:0090H         PUBLIC        P1
  C:28B1H         PUBLIC        DispScaleVer_Green
  D:00A0H         PUBLIC        P2
  D:00B0H         PUBLIC        P3
  C:1985H         PUBLIC        DispBand
  C:34DAH         PUBLIC        _WriteData
  C:008EH         PUBLIC        ascii
  C:1D44H         PUBLIC        _LCD_Read_IC_ID
  D:00A6H         PUBLIC        P2MDOUT
  C:33A3H         PUBLIC        _DispColor
  C:2EE8H         PUBLIC        DispScaleVer_Blue
  C:2C52H         PUBLIC        _DrawGird
  C:2F4CH         PUBLIC        _DrawLine
  C:34BCH         PUBLIC        _WriteComm
  C:3365H         PUBLIC        _WriteDispData
  C:2B55H         PUBLIC        DispScaleVer_Gray
  B:00B0H.1       PUBLIC        RS
  B:00A0H.1       PUBLIC        SPI_CLK
  C:2AD6H         PUBLIC        DispScaleVer_Red
  C:21A6H         PUBLIC        DispScaleVer
  C:2655H         PUBLIC        _DispOneChar
  C:2E19H         PUBLIC        DispGrayHor32
  C:29CBH         PUBLIC        DispGrayHor16
  C:281CH         PUBLIC        _DispInt
  C:32ABH         PUBLIC        _PutPixel
  D:00A9H         PUBLIC        CLKSEL
  B:0090H.6       PUBLIC        RD0
  B:00B0H.0       PUBLIC        CS0
  D:0067H         PUBLIC        LCM_ID
  C:16BCH         PUBLIC        LCD_Init
  C:2A54H         PUBLIC        _DispStr
  B:0090H.7       PUBLIC        WR0
  C:134AH         PUBLIC        DispScaleHor1
  B:00A0H.0       PUBLIC        SPI_DI
  C:358EH         PUBLIC        _WriteOneDot
  C:1AD1H         PUBLIC        DispScaleHor2
  C:2377H         PUBLIC        _DispPicFromSD
  B:0080H.7       PUBLIC        DIR
  C:3011H         PUBLIC        _ToOrd
  B:0080H.5       PUBLIC        RST
  C:3545H         PUBLIC        ReadData
  C:26FBH         PUBLIC        _?BlockWrite
  -------         PROC          _LCD_READ_IC_ID
  D:0007H         SYMBOL        ID
  D:0004H         SYMBOL        Bug
  D:0003H         SYMBOL        flog
  -------         DO            
  D:0015H         SYMBOL        id
  D:0017H         SYMBOL        id1
  D:0019H         SYMBOL        temp
  D:0005H         SYMBOL        i
  D:0007H         SYMBOL        dat
BL51 BANKED LINKER/LOCATER V6.22                                                      06/20/2018  14:03:54  PAGE 20


  D:0001H         SYMBOL        id2
  D:001BH         SYMBOL        id3
  D:001CH         SYMBOL        id4
  -------         ENDDO         
  C:1D44H         LINE#         34
  C:1D44H         LINE#         35
  C:1D44H         LINE#         38
  C:1D4DH         LINE#         39
  C:1D4DH         LINE#         41
  C:1D50H         LINE#         42
  C:1D50H         LINE#         43
  C:1D52H         LINE#         44
  C:1D54H         LINE#         45
  C:1D55H         LINE#         46
  C:1D55H         LINE#         47
  C:1D57H         LINE#         48
  C:1D5FH         LINE#         49
  C:1D61H         LINE#         51
  C:1D63H         LINE#         52
  C:1D67H         LINE#         53
  C:1D6BH         LINE#         54
  C:1D6EH         LINE#         57
  C:1D78H         LINE#         58
  C:1D78H         LINE#         59
  C:1D7AH         LINE#         60
  C:1D7AH         LINE#         61
  C:1D7CH         LINE#         62
  C:1D7EH         LINE#         63
  C:1D80H         LINE#         64
  C:1D97H         LINE#         65
  C:1D99H         LINE#         66
  C:1D9BH         LINE#         67
  C:1DA1H         LINE#         68
  C:1DABH         LINE#         69
  C:1DABH         LINE#         70
  C:1DADH         LINE#         71
  C:1DADH         LINE#         72
  C:1DAFH         LINE#         73
  C:1DB1H         LINE#         74
  C:1DB3H         LINE#         75
  C:1DCAH         LINE#         76
  C:1DCCH         LINE#         77
  C:1DCEH         LINE#         78
  C:1DD2H         LINE#         79
  C:1DD2H         LINE#         81
  C:1DD4H         LINE#         82
  C:1DD4H         LINE#         83
  C:1DD6H         LINE#         84
  C:1DD8H         LINE#         85
  C:1DDAH         LINE#         86
  C:1DF1H         LINE#         87
  C:1DF3H         LINE#         88
  C:1DF5H         LINE#         89
  C:1DF9H         LINE#         91
  C:1DFBH         LINE#         92
  C:1DFBH         LINE#         93
  C:1DFDH         LINE#         94
BL51 BANKED LINKER/LOCATER V6.22                                                      06/20/2018  14:03:54  PAGE 21


  C:1DFFH         LINE#         95
  C:1E01H         LINE#         96
  C:1E0BH         LINE#         97
  C:1E0DH         LINE#         98
  C:1E0FH         LINE#         99
  C:1E13H         LINE#         101
  C:1E15H         LINE#         102
  C:1E15H         LINE#         103
  C:1E17H         LINE#         104
  C:1E19H         LINE#         105
  C:1E1BH         LINE#         106
  C:1E27H         LINE#         107
  C:1E29H         LINE#         108
  C:1E2BH         LINE#         109
  C:1E2FH         LINE#         110
  C:1E32H         LINE#         111
  C:1E34H         LINE#         112
  C:1E36H         LINE#         113
  C:1E38H         LINE#         114
  C:1E3AH         LINE#         115
  C:1E3CH         LINE#         116
  C:1E3EH         LINE#         118
  C:1E41H         LINE#         119
  C:1E41H         LINE#         120
  C:1E4BH         LINE#         122
  C:1E55H         LINE#         123
  C:1E55H         LINE#         124
  C:1E55H         LINE#         126
  C:1E5AH         LINE#         127
  C:1E5AH         LINE#         128
  C:1E65H         LINE#         129
  C:1E65H         LINE#         131
  C:1E65H         LINE#         132
  C:1E67H         LINE#         133
  C:1E6BH         LINE#         134
  -------         ENDPROC       _LCD_READ_IC_ID
  -------         PROC          _WRITECOMM
  D:0004H         SYMBOL        i
  -------         DO            
  D:002DH         SYMBOL        j
  D:0007H         SYMBOL        DataH
  -------         ENDDO         
  C:34BCH         LINE#         136
  C:34C0H         LINE#         137
  C:34C0H         LINE#         139
  C:34C1H         LINE#         140
  C:34C3H         LINE#         151
  C:34C3H         LINE#         152
  C:34C5H         LINE#         153
  C:34C7H         LINE#         154
  C:34C9H         LINE#         155
  C:34CBH         LINE#         156
  C:34CDH         LINE#         157
  C:34CFH         LINE#         158
  C:34D1H         LINE#         159
  C:34D3H         LINE#         160
  C:34D3H         LINE#         250
BL51 BANKED LINKER/LOCATER V6.22                                                      06/20/2018  14:03:54  PAGE 22


  C:34D5H         LINE#         251
  -------         ENDPROC       _WRITECOMM
  -------         PROC          L?0466
  -------         ENDPROC       L?0466
  -------         PROC          _WRITEDATA
  D:0004H         SYMBOL        i
  -------         DO            
  D:002DH         SYMBOL        j
  D:002EH         SYMBOL        DataH
  -------         ENDDO         
  C:34DAH         LINE#         253
  C:34DCH         LINE#         254
  C:34DCH         LINE#         256
  C:34DFH         LINE#         257
  C:34E1H         LINE#         268
  C:34E1H         LINE#         269
  C:34E3H         LINE#         270
  C:34E5H         LINE#         278
  C:34E8H         LINE#         279
  C:34EAH         LINE#         280
  C:34ECH         LINE#         281
  C:34ECH         LINE#         444
  C:34EEH         LINE#         445
  -------         ENDPROC       _WRITEDATA
  C:3350H         SYMBOL        L?0464
  -------         PROC          L?0463
  -------         ENDPROC       L?0463
  C:3350H         SYMBOL        L?0464
  -------         PROC          _WRITEDISPDATA
  D:0007H         SYMBOL        DataH
  D:0005H         SYMBOL        DataL
  -------         DO            
  D:002DH         SYMBOL        j
  -------         ENDDO         
  C:3365H         LINE#         447
  C:3365H         LINE#         448
  C:3365H         LINE#         450
  C:3367H         LINE#         464
  C:3367H         LINE#         465
  C:3369H         LINE#         466
  C:336BH         LINE#         467
  C:336DH         LINE#         468
  C:336FH         LINE#         469
  C:3371H         LINE#         470
  C:3373H         LINE#         471
  C:3375H         LINE#         472
  C:3377H         LINE#         473
  C:3377H         LINE#         569
  C:3379H         LINE#         570
  -------         ENDPROC       _WRITEDISPDATA
  -------         PROC          _WRITEONEDOT
  D:0004H         SYMBOL        color
  C:358EH         LINE#         572
  C:3592H         LINE#         573
  C:3592H         LINE#         587
  -------         ENDPROC       _WRITEONEDOT
  -------         PROC          LCD_INIT
BL51 BANKED LINKER/LOCATER V6.22                                                      06/20/2018  14:03:54  PAGE 23


  C:16BCH         LINE#         595
  C:16BCH         LINE#         596
  C:16BCH         LINE#         597
  C:16BFH         LINE#         600
  C:16C1H         LINE#         601
  C:16C8H         LINE#         603
  C:16CAH         LINE#         604
  C:16D1H         LINE#         606
  C:16D3H         LINE#         607
  C:16DAH         LINE#         3182
  C:16E1H         LINE#         3183
  C:16E6H         LINE#         3184
  C:16EDH         LINE#         3185
  C:16F2H         LINE#         3186
  C:16FEH         LINE#         3187
  C:1702H         LINE#         3189
  C:170EH         LINE#         3190
  C:1736H         LINE#         3191
  C:175CH         LINE#         3193
  C:1766H         LINE#         3194
  C:177AH         LINE#         3195
  C:1784H         LINE#         3196
  C:178EH         LINE#         3198
  C:1798H         LINE#         3199
  C:17E6H         LINE#         3200
  -------         ENDPROC       LCD_INIT
  C:26E4H         SYMBOL        L?0462
  -------         PROC          L?0461
  -------         ENDPROC       L?0461
  C:26E4H         SYMBOL        L?0462
  -------         PROC          _?BLOCKWRITE
  i:0000H         SYMBOL        Xstart
  i:0002H         SYMBOL        Xend
  i:0004H         SYMBOL        Ystart
  i:0006H         SYMBOL        Yend
  C:26FBH         LINE#         4083
  C:271CH         LINE#         4182
  C:2723H         LINE#         4183
  C:272AH         LINE#         4184
  C:2732H         LINE#         4185
  C:273DH         LINE#         4186
  C:2747H         LINE#         4188
  C:274CH         LINE#         4189
  C:2756H         LINE#         4190
  C:275DH         LINE#         4191
  C:2767H         LINE#         4192
  C:276EH         LINE#         4195
  C:2773H         LINE#         4196
  C:2778H         LINE#         4199
  C:277DH         LINE#         4202
  C:2780H         LINE#         4203
  -------         ENDPROC       _?BLOCKWRITE
  -------         PROC          _DISPCOLOR
  D:0004H         SYMBOL        color
  -------         DO            
  D:0002H         SYMBOL        i
  D:000CH         SYMBOL        DataH
BL51 BANKED LINKER/LOCATER V6.22                                                      06/20/2018  14:03:54  PAGE 24


  D:000DH         SYMBOL        DataL
  D:0006H         SYMBOL        m
  -------         ENDDO         
  C:33A3H         LINE#         4206
  C:33A5H         LINE#         4207
  C:33A5H         LINE#         4210
  C:33AAH         LINE#         4212
  C:33ADH         LINE#         4217
  C:33AFH         LINE#         4218
  C:33AFH         LINE#         4219
  C:33AFH         LINE#         4220
  C:33B1H         LINE#         4221
  C:33B1H         LINE#         4283
  C:33B8H         LINE#         4285
  C:33BCH         LINE#         4286
  C:33C7H         LINE#         4288
  C:33C9H         LINE#         4290
  -------         ENDPROC       _DISPCOLOR
  -------         PROC          DISPBAND
  -------         DO            
  D:0002H         SYMBOL        i
  D:000CH         SYMBOL        j
  D:000DH         SYMBOL        k
  D:000EH         SYMBOL        m
  D:000FH         SYMBOL        n
  D:0010H         SYMBOL        x
  -------         ENDDO         
  C:1985H         LINE#         4292
  C:1985H         LINE#         4293
  C:1985H         LINE#         4335
  C:198BH         LINE#         4336
  C:1991H         LINE#         4337
  C:1993H         LINE#         4369
  C:19A8H         LINE#         4370
  C:19B1H         LINE#         4371
  C:19B1H         LINE#         4372
  C:19C6H         LINE#         4373
  C:19DBH         LINE#         4374
  C:19FEH         LINE#         4375
  C:1A05H         LINE#         4376
  C:1A11H         LINE#         4377
  C:1A11H         LINE#         4378
  C:1A26H         LINE#         4379
  C:1A3BH         LINE#         4380
  C:1A5EH         LINE#         4381
  C:1A65H         LINE#         4382
  C:1A77H         LINE#         4383
  C:1A77H         LINE#         4384
  C:1A8CH         LINE#         4385
  C:1AA1H         LINE#         4386
  C:1AC4H         LINE#         4387
  C:1ACBH         LINE#         4388
  C:1ACDH         LINE#         4389
  C:1AD0H         LINE#         4390
  -------         ENDPROC       DISPBAND
  -------         PROC          DISPFRAME
  -------         DO            
BL51 BANKED LINKER/LOCATER V6.22                                                      06/20/2018  14:03:54  PAGE 25


  D:0002H         SYMBOL        i
  D:0082H         SYMBOL        j
  D:0006H         SYMBOL        DataH
  D:0004H         SYMBOL        DataL
  -------         ENDDO         
  C:2787H         LINE#         4392
  C:2787H         LINE#         4393
  C:2787H         LINE#         4396
  C:278AH         LINE#         4398
  C:278CH         LINE#         4401
  C:2796H         LINE#         4421
  C:2796H         LINE#         4422
  C:2796H         LINE#         4424
  C:27A1H         LINE#         4443
  C:27ACH         LINE#         4445
  C:27B6H         LINE#         4464
  C:27BAH         LINE#         4465
  C:27BAH         LINE#         4468
  C:27C4H         LINE#         4487
  C:27C6H         LINE#         4488
  C:27C6H         LINE#         4490
  C:27CEH         LINE#         4507
  C:27D9H         LINE#         4511
  C:27E3H         LINE#         4528
  C:27EEH         LINE#         4532
  C:27F8H         LINE#         4549
  C:27FAH         LINE#         4550
  C:27FAH         LINE#         4552
  C:2805H         LINE#         4569
  C:2810H         LINE#         4571
  C:2817H         LINE#         4588
  C:2819H         LINE#         4589
  C:281BH         LINE#         4590
  -------         ENDPROC       DISPFRAME
  -------         PROC          _DISPPICFROMSD
  D:000CH         SYMBOL        PicNum
  -------         DO            
  D:000DH         SYMBOL        Address_S
  D:0011H         SYMBOL        Address_E
  D:0002H         SYMBOL        i
  D:0015H         SYMBOL        k
  -------         ENDDO         
  C:2377H         LINE#         4614
  C:2379H         LINE#         4615
  C:2379H         LINE#         4621
  C:237CH         LINE#         4624
  C:237EH         LINE#         4626
  C:2380H         LINE#         4628
  C:238BH         LINE#         4629
  C:23ACH         LINE#         4630
  C:23C4H         LINE#         4631
  C:23DAH         LINE#         4632
  C:23DAH         LINE#         4633
  C:23E5H         LINE#         4635
  C:23EEH         LINE#         4636
  C:23EEH         LINE#         4638
  C:2409H         LINE#         4639
BL51 BANKED LINKER/LOCATER V6.22                                                      06/20/2018  14:03:54  PAGE 26


  C:2412H         LINE#         4640
  C:2429H         LINE#         4642
  C:242BH         LINE#         4679
  -------         ENDPROC       _DISPPICFROMSD
  -------         PROC          DISPSCALEHOR1
  -------         DO            
  D:0049H         SYMBOL        i
  D:004BH         SYMBOL        j
  D:0002H         SYMBOL        k
  -------         ENDDO         
  C:134AH         LINE#         4683
  C:134AH         LINE#         4684
  C:134AH         LINE#         4687
  C:134DH         LINE#         4691
  C:134DH         LINE#         4692
  C:134DH         LINE#         4693
  C:1369H         LINE#         4694
  C:136EH         LINE#         4695
  C:136EH         LINE#         4696
  C:1373H         LINE#         4697
  C:1373H         LINE#         4698
  C:1386H         LINE#         4699
  C:1397H         LINE#         4700
  C:13A8H         LINE#         4702
  C:13B3H         LINE#         4706
  C:13B6H         LINE#         4707
  C:13B6H         LINE#         4708
  C:13D2H         LINE#         4709
  C:13D7H         LINE#         4710
  C:13D7H         LINE#         4711
  C:13DCH         LINE#         4712
  C:13DCH         LINE#         4713
  C:1406H         LINE#         4714
  C:1417H         LINE#         4715
  C:1428H         LINE#         4716
  C:1433H         LINE#         4719
  C:1436H         LINE#         4720
  C:1436H         LINE#         4721
  C:1452H         LINE#         4722
  C:1457H         LINE#         4723
  C:1457H         LINE#         4724
  C:145CH         LINE#         4725
  C:145CH         LINE#         4726
  C:1463H         LINE#         4727
  C:1474H         LINE#         4728
  C:1485H         LINE#         4729
  C:1490H         LINE#         4732
  C:1493H         LINE#         4733
  C:1493H         LINE#         4734
  C:14AFH         LINE#         4735
  C:14B4H         LINE#         4736
  C:14B4H         LINE#         4737
  C:14B9H         LINE#         4738
  C:14B9H         LINE#         4739
  C:14E5H         LINE#         4740
  C:14F6H         LINE#         4741
  C:1507H         LINE#         4742
BL51 BANKED LINKER/LOCATER V6.22                                                      06/20/2018  14:03:54  PAGE 27


  C:1512H         LINE#         4743
  C:1514H         LINE#         4744
  -------         ENDPROC       DISPSCALEHOR1
  -------         PROC          DISPSCALEVER
  -------         DO            
  D:004DH         SYMBOL        i
  D:004FH         SYMBOL        j
  D:0002H         SYMBOL        k
  -------         ENDDO         
  C:21A6H         LINE#         4746
  C:21A6H         LINE#         4747
  C:21A6H         LINE#         4816
  C:21A9H         LINE#         4818
  C:21AFH         LINE#         4819
  C:21AFH         LINE#         4820
  C:21B4H         LINE#         4821
  C:21B4H         LINE#         4822
  C:21BAH         LINE#         4823
  C:21CBH         LINE#         4824
  C:21D2H         LINE#         4826
  C:21D5H         LINE#         4827
  C:21D5H         LINE#         4829
  C:21DAH         LINE#         4830
  C:21DAH         LINE#         4832
  C:21DFH         LINE#         4833
  C:21DFH         LINE#         4834
  C:21F1H         LINE#         4835
  C:2202H         LINE#         4837
  C:2207H         LINE#         4838
  C:2207H         LINE#         4839
  C:222FH         LINE#         4840
  C:2240H         LINE#         4842
  C:2245H         LINE#         4843
  C:2245H         LINE#         4844
  C:224CH         LINE#         4845
  C:225DH         LINE#         4847
  C:2262H         LINE#         4848
  C:2262H         LINE#         4849
  C:2276H         LINE#         4850
  C:2287H         LINE#         4852
  C:229BH         LINE#         4854
  C:22A9H         LINE#         4856
  -------         ENDPROC       DISPSCALEVER
  -------         PROC          DISPSCALEVER_RED
  -------         DO            
  D:0051H         SYMBOL        i
  D:0053H         SYMBOL        j
  D:0002H         SYMBOL        k
  -------         ENDDO         
  C:2AD6H         LINE#         4858
  C:2AD6H         LINE#         4859
  C:2AD6H         LINE#         4862
  C:2AD9H         LINE#         4864
  C:2ADBH         LINE#         4866
  C:2ADDH         LINE#         4869
  C:2AE3H         LINE#         4870
  C:2AE3H         LINE#         4871
BL51 BANKED LINKER/LOCATER V6.22                                                      06/20/2018  14:03:54  PAGE 28


  C:2AE8H         LINE#         4872
  C:2AE8H         LINE#         4873
  C:2AEEH         LINE#         4874
  C:2AFFH         LINE#         4875
  C:2B06H         LINE#         4877
  C:2B09H         LINE#         4878
  C:2B09H         LINE#         4879
  C:2B0EH         LINE#         4880
  C:2B0EH         LINE#         4882
  C:2B13H         LINE#         4883
  C:2B13H         LINE#         4884
  C:2B25H         LINE#         4885
  C:2B36H         LINE#         4886
  C:2B47H         LINE#         4888
  C:2B52H         LINE#         4890
  C:2B54H         LINE#         4891
  -------         ENDPROC       DISPSCALEVER_RED
  -------         PROC          DISPSCALEVER_GREEN
  -------         DO            
  D:0055H         SYMBOL        i
  D:0057H         SYMBOL        j
  D:0002H         SYMBOL        k
  -------         ENDDO         
  C:28B1H         LINE#         4893
  C:28B1H         LINE#         4894
  C:28B1H         LINE#         4897
  C:28B4H         LINE#         4899
  C:28B6H         LINE#         4900
  C:28B8H         LINE#         4903
  C:28BEH         LINE#         4904
  C:28BEH         LINE#         4905
  C:28C3H         LINE#         4906
  C:28C3H         LINE#         4907
  C:28C9H         LINE#         4909
  C:28DAH         LINE#         4910
  C:28E1H         LINE#         4912
  C:28E4H         LINE#         4913
  C:28E4H         LINE#         4914
  C:28E9H         LINE#         4915
  C:28E9H         LINE#         4917
  C:28EEH         LINE#         4918
  C:28EEH         LINE#         4920
  C:290FH         LINE#         4921
  C:2920H         LINE#         4922
  C:2931H         LINE#         4924
  C:293CH         LINE#         4926
  C:293EH         LINE#         4927
  -------         ENDPROC       DISPSCALEVER_GREEN
  -------         PROC          DISPSCALEVER_BLUE
  -------         DO            
  D:0065H         SYMBOL        i
  D:0082H         SYMBOL        j
  D:0002H         SYMBOL        k
  -------         ENDDO         
  C:2EE8H         LINE#         4929
  C:2EE8H         LINE#         4930
  C:2EE8H         LINE#         4933
BL51 BANKED LINKER/LOCATER V6.22                                                      06/20/2018  14:03:54  PAGE 29


  C:2EEBH         LINE#         4935
  C:2EEDH         LINE#         4936
  C:2EEFH         LINE#         4939
  C:2EF5H         LINE#         4940
  C:2EF5H         LINE#         4941
  C:2EFAH         LINE#         4942
  C:2EFAH         LINE#         4943
  C:2F00H         LINE#         4944
  C:2F09H         LINE#         4945
  C:2F10H         LINE#         4947
  C:2F13H         LINE#         4948
  C:2F13H         LINE#         4949
  C:2F18H         LINE#         4950
  C:2F18H         LINE#         4952
  C:2F1DH         LINE#         4953
  C:2F1DH         LINE#         4954
  C:2F24H         LINE#         4955
  C:2F2DH         LINE#         4956
  C:2F3EH         LINE#         4958
  C:2F49H         LINE#         4960
  C:2F4BH         LINE#         4961
  -------         ENDPROC       DISPSCALEVER_BLUE
  -------         PROC          DISPSCALEVER_GRAY
  -------         DO            
  D:0059H         SYMBOL        i
  D:005BH         SYMBOL        j
  D:0002H         SYMBOL        k
  -------         ENDDO         
  C:2B55H         LINE#         4963
  C:2B55H         LINE#         4964
  C:2B55H         LINE#         4967
  C:2B58H         LINE#         4969
  C:2B5AH         LINE#         4974
  C:2B60H         LINE#         4975
  C:2B60H         LINE#         4976
  C:2B65H         LINE#         4977
  C:2B65H         LINE#         4978
  C:2B6BH         LINE#         4980
  C:2B7CH         LINE#         4981
  C:2B83H         LINE#         4983
  C:2B86H         LINE#         4984
  C:2B86H         LINE#         4985
  C:2B8BH         LINE#         4986
  C:2B8BH         LINE#         4988
  C:2B90H         LINE#         4989
  C:2B90H         LINE#         4990
  C:2BA4H         LINE#         4991
  C:2BB5H         LINE#         4992
  C:2BC6H         LINE#         4994
  C:2BD1H         LINE#         4996
  C:2BD3H         LINE#         4997
  -------         ENDPROC       DISPSCALEVER_GRAY
  -------         PROC          DISPGRAYHOR16
  -------         DO            
  D:000CH         SYMBOL        i
  D:0002H         SYMBOL        j
  D:000EH         SYMBOL        k
BL51 BANKED LINKER/LOCATER V6.22                                                      06/20/2018  14:03:54  PAGE 30


  -------         ENDDO         
  C:29CBH         LINE#         4999
  C:29CBH         LINE#         5000
  C:29CBH         LINE#         5003
  C:29CEH         LINE#         5005
  C:29D0H         LINE#         5006
  C:29D2H         LINE#         5008
  C:29D7H         LINE#         5009
  C:29D7H         LINE#         5010
  C:29E0H         LINE#         5011
  C:29E0H         LINE#         5012
  C:29E6H         LINE#         5013
  C:29EDH         LINE#         5015
  C:29F0H         LINE#         5016
  C:29F0H         LINE#         5017
  C:29F5H         LINE#         5018
  C:29F5H         LINE#         5019
  C:2A24H         LINE#         5020
  C:2A35H         LINE#         5021
  C:2A40H         LINE#         5022
  C:2A51H         LINE#         5024
  C:2A53H         LINE#         5025
  -------         ENDPROC       DISPGRAYHOR16
  -------         PROC          DISPGRAYHOR32
  -------         DO            
  D:005DH         SYMBOL        i
  D:0002H         SYMBOL        j
  D:005FH         SYMBOL        k
  -------         ENDDO         
  C:2E19H         LINE#         5027
  C:2E19H         LINE#         5028
  C:2E19H         LINE#         5031
  C:2E1CH         LINE#         5033
  C:2E1EH         LINE#         5035
  C:2E23H         LINE#         5036
  C:2E23H         LINE#         5037
  C:2E26H         LINE#         5038
  C:2E26H         LINE#         5039
  C:2E2CH         LINE#         5040
  C:2E37H         LINE#         5042
  C:2E3AH         LINE#         5043
  C:2E3AH         LINE#         5044
  C:2E3FH         LINE#         5045
  C:2E3FH         LINE#         5046
  C:2E53H         LINE#         5047
  C:2E64H         LINE#         5048
  C:2E6FH         LINE#         5049
  C:2E80H         LINE#         5051
  C:2E82H         LINE#         5052
  -------         ENDPROC       DISPGRAYHOR32
  -------         PROC          DISPSCALEHOR2
  -------         DO            
  D:0082H         SYMBOL        j
  D:0002H         SYMBOL        k
  -------         ENDDO         
  C:1AD1H         LINE#         5054
  C:1AD1H         LINE#         5055
BL51 BANKED LINKER/LOCATER V6.22                                                      06/20/2018  14:03:54  PAGE 31


  C:1AD1H         LINE#         5058
  C:1AD4H         LINE#         5060
  C:1AD4H         LINE#         5061
  C:1AD4H         LINE#         5062
  C:1AD9H         LINE#         5063
  C:1AE9H         LINE#         5064
  C:1AF4H         LINE#         5065
  C:1AF7H         LINE#         5066
  C:1AF7H         LINE#         5067
  C:1AFCH         LINE#         5068
  C:1B0CH         LINE#         5069
  C:1B17H         LINE#         5070
  C:1B1AH         LINE#         5071
  C:1B1AH         LINE#         5072
  C:1B1FH         LINE#         5073
  C:1B2FH         LINE#         5074
  C:1B3AH         LINE#         5075
  C:1B3DH         LINE#         5076
  C:1B3DH         LINE#         5077
  C:1B42H         LINE#         5078
  C:1B52H         LINE#         5079
  C:1B5DH         LINE#         5080
  C:1B60H         LINE#         5081
  C:1B60H         LINE#         5082
  C:1B65H         LINE#         5083
  C:1B75H         LINE#         5084
  C:1B80H         LINE#         5085
  C:1B83H         LINE#         5086
  C:1B83H         LINE#         5087
  C:1B88H         LINE#         5088
  C:1B98H         LINE#         5089
  C:1BA3H         LINE#         5090
  C:1BA6H         LINE#         5091
  C:1BA6H         LINE#         5092
  C:1BABH         LINE#         5093
  C:1BBBH         LINE#         5094
  C:1BC6H         LINE#         5095
  C:1BC9H         LINE#         5096
  C:1BC9H         LINE#         5097
  C:1BCEH         LINE#         5098
  C:1BDDH         LINE#         5099
  C:1BE8H         LINE#         5100
  C:1BF1H         LINE#         5101
  C:1BF1H         LINE#         5102
  C:1BF6H         LINE#         5103
  C:1C05H         LINE#         5104
  C:1C0CH         LINE#         5197
  -------         ENDPROC       DISPSCALEHOR2
  -------         PROC          _TOORD
  D:0007H         SYMBOL        ch
  C:3011H         LINE#         5303
  C:3011H         LINE#         5304
  C:3011H         LINE#         5305
  C:3017H         LINE#         5306
  C:3017H         LINE#         5307
  C:3019H         LINE#         5308
  C:301BH         LINE#         5309
BL51 BANKED LINKER/LOCATER V6.22                                                      06/20/2018  14:03:54  PAGE 32


  C:3027H         LINE#         5310
  C:3027H         LINE#         5311
  C:302BH         LINE#         5312
  C:302DH         LINE#         5313
  C:3039H         LINE#         5314
  C:3039H         LINE#         5315
  C:303DH         LINE#         5316
  C:303FH         LINE#         5317
  C:304BH         LINE#         5318
  C:304BH         LINE#         5319
  C:304FH         LINE#         5320
  C:3051H         LINE#         5321
  C:305DH         LINE#         5322
  C:305DH         LINE#         5323
  C:3061H         LINE#         5324
  C:3063H         LINE#         5325
  C:3069H         LINE#         5326
  C:3069H         LINE#         5327
  C:306BH         LINE#         5328
  C:306BH         LINE#         5330
  C:306BH         LINE#         5331
  -------         ENDPROC       _TOORD
  -------         PROC          L?0465
  -------         ENDPROC       L?0465
  -------         PROC          _DISPONECHAR
  D:0020H         SYMBOL        ord
  D:0006H         SYMBOL        Xstart
  D:0002H         SYMBOL        Ystart
  D:0025H         SYMBOL        TextColor
  D:0027H         SYMBOL        BackColor
  -------         DO            
  D:0029H         SYMBOL        i
  D:0002H         SYMBOL        j
  D:002AH         SYMBOL        p
  D:0003H         SYMBOL        dat
  D:0006H         SYMBOL        index
  -------         ENDDO         
  C:2655H         LINE#         5333
  C:265BH         LINE#         5334
  C:265BH         LINE#         5340
  C:2675H         LINE#         5342
  C:2679H         LINE#         5344
  C:2682H         LINE#         5345
  C:2684H         LINE#         5347
  C:2692H         LINE#         5349
  C:269BH         LINE#         5350
  C:26A5H         LINE#         5352
  C:26A8H         LINE#         5353
  C:26A8H         LINE#         5354
  C:26BAH         LINE#         5355
  C:26BCH         LINE#         5356
  C:26BCH         LINE#         5357
  C:26C9H         LINE#         5358
  C:26C9H         LINE#         5359
  C:26CDH         LINE#         5360
  C:26CFH         LINE#         5362
  C:26CFH         LINE#         5363
BL51 BANKED LINKER/LOCATER V6.22                                                      06/20/2018  14:03:54  PAGE 33


  C:26D6H         LINE#         5364
  C:26D6H         LINE#         5365
  C:26DAH         LINE#         5366
  C:26E3H         LINE#         5367
  -------         ENDPROC       _DISPONECHAR
  -------         PROC          _DISPSTR
  D:0015H         SYMBOL        str
  D:0018H         SYMBOL        Xstart
  D:001AH         SYMBOL        Ystart
  D:001CH         SYMBOL        TextColor
  D:001EH         SYMBOL        BackColor
  C:2A54H         LINE#         5369
  C:2A5EH         LINE#         5370
  C:2A5EH         LINE#         5372
  C:2A6FH         LINE#         5373
  C:2A6FH         LINE#         5374
  C:2A9BH         LINE#         5376
  C:2AA6H         LINE#         5377
  C:2AA6H         LINE#         5378
  C:2AABH         LINE#         5379
  C:2AB6H         LINE#         5380
  C:2AB8H         LINE#         5382
  C:2AB8H         LINE#         5383
  C:2AC3H         LINE#         5384
  C:2AC3H         LINE#         5386
  C:2ACEH         LINE#         5387
  C:2ACEH         LINE#         5388
  C:2AD3H         LINE#         5389
  C:2AD3H         LINE#         5390
  C:2AD5H         LINE#         5392
  -------         ENDPROC       _DISPSTR
  -------         PROC          _DISPINT
  D:0015H         SYMBOL        i
  D:0017H         SYMBOL        Xstart
  D:0019H         SYMBOL        Ystart
  D:001BH         SYMBOL        TextColor
  D:001DH         SYMBOL        BackColor
  C:281CH         LINE#         5394
  C:2828H         LINE#         5395
  C:2828H         LINE#         5396
  C:2833H         LINE#         5397
  C:2833H         LINE#         5398
  C:2839H         LINE#         5399
  C:2839H         LINE#         5400
  C:2844H         LINE#         5401
  C:2844H         LINE#         5402
  C:2850H         LINE#         5403
  C:2850H         LINE#         5405
  C:286DH         LINE#         5406
  C:2879H         LINE#         5407
  C:2890H         LINE#         5408
  -------         ENDPROC       _DISPINT
  -------         PROC          READDATA
  C:3545H         LINE#         5417
  C:3545H         LINE#         5418
  C:3545H         LINE#         5439
  C:3554H         LINE#         5446
BL51 BANKED LINKER/LOCATER V6.22                                                      06/20/2018  14:03:54  PAGE 34


  C:3557H         LINE#         5447
  -------         ENDPROC       READDATA
  -------         PROC          _PUTPIXEL
  D:0006H         SYMBOL        x
  D:0004H         SYMBOL        y
  D:000CH         SYMBOL        color
  C:32ABH         LINE#         5622
  C:32AFH         LINE#         5623
  C:32AFH         LINE#         5647
  C:32CDH         LINE#         5648
  C:32D5H         LINE#         5649
  C:32DDH         LINE#         5650
  C:32E5H         LINE#         5651
  -------         ENDPROC       _PUTPIXEL
  -------         PROC          _DRAWLINE
  D:003FH         SYMBOL        Xstart
  D:0041H         SYMBOL        Xend
  D:0043H         SYMBOL        Ystart
  D:0045H         SYMBOL        Yend
  D:0047H         SYMBOL        color
  -------         DO            
  D:0002H         SYMBOL        i
  D:0082H         SYMBOL        j
  -------         ENDDO         
  C:2F4CH         LINE#         5659
  C:2F58H         LINE#         5660
  C:2F58H         LINE#         5663
  C:2F72H         LINE#         5665
  C:2F86H         LINE#         5666
  C:2F86H         LINE#         5667
  C:2F9EH         LINE#         5668
  C:2F9EH         LINE#         5669
  C:2FA5H         LINE#         5670
  C:2FA8H         LINE#         5671
  C:2FAFH         LINE#         5672
  -------         ENDPROC       _DRAWLINE
  -------         PROC          _DRAWGIRD
  D:0061H         SYMBOL        color
  -------         DO            
  D:0063H         SYMBOL        i
  -------         ENDDO         
  C:2C52H         LINE#         5674
  C:2C56H         LINE#         5675
  C:2C56H         LINE#         5678
  C:2C67H         LINE#         5679
  C:2C67H         LINE#         5680
  C:2C81H         LINE#         5682
  C:2C8EH         LINE#         5684
  C:2C9FH         LINE#         5685
  C:2C9FH         LINE#         5686
  C:2CB9H         LINE#         5687
  C:2CC6H         LINE#         5689
  -------         ENDPROC       _DRAWGIRD
  -------         ENDMOD        LCD

  -------         MODULE        TP
  C:0000H         SYMBOL        _ICE_DUMMY_
BL51 BANKED LINKER/LOCATER V6.22                                                      06/20/2018  14:03:54  PAGE 35


  D:0080H         PUBLIC        P0
  D:0090H         PUBLIC        P1
  C:1E6CH         PUBLIC        _TP_GetPosition
  D:00A0H         PUBLIC        P2
  C:2CC7H         PUBLIC        TP_Read
  D:00B0H         PUBLIC        P3
  B:00B0H.6       PUBLIC        KEY_STEP
  C:3418H         PUBLIC        _TP_Write
  B:0090H.4       PUBLIC        TP_CS
[...]
  C:1222H         LINE#         287
  C:1222H         LINE#         288
  C:1225H         LINE#         289
  C:1227H         LINE#         290
  C:1227H         LINE#         291
  C:122AH         LINE#         292
  C:122CH         LINE#         293
  C:122CH         LINE#         294
  C:122FH         LINE#         295
  C:1231H         LINE#         296
  C:1231H         LINE#         297
  C:1234H         LINE#         298
  C:1236H         LINE#         299
  C:1236H         LINE#         300
  C:1239H         LINE#         301
  C:123BH         LINE#         302
  C:123BH         LINE#         303
  C:123EH         LINE#         304
  C:1240H         LINE#         305
  C:1240H         LINE#         306
  C:1243H         LINE#         307
  C:1245H         LINE#         308
  C:1245H         LINE#         309
  C:1248H         LINE#         310
  C:1248H         LINE#         311
  C:1248H         LINE#         312
  C:1248H         LINE#         313
  C:1248H         LINE#         314
  C:1253H         LINE#         315
  C:1253H         LINE#         316
  C:1259H         LINE#         317
  C:1268H         LINE#         318
  C:1268H         LINE#         319
  C:126DH         LINE#         320
  C:1270H         LINE#         321
  C:127FH         LINE#         322
  C:127FH         LINE#         323
  C:1294H         LINE#         324
  C:1299H         LINE#         325
  C:12A1H         LINE#         326
  C:12ABH         LINE#         327
  C:12B9H         LINE#         328
  C:12C7H         LINE#         329
  C:12C9H         LINE#         331
  C:12C9H         LINE#         332
  C:12CEH         LINE#         333
  C:12D1H         LINE#         334
  C:12E9H         LINE#         335
  C:12E9H         LINE#         336
  C:1302H         LINE#         337
  C:1307H         LINE#         338
  C:130FH         LINE#         339
  C:1316H         LINE#         340
BL51 BANKED LINKER/LOCATER V6.22                                                      06/20/2018  14:03:54  PAGE 41


  C:131BH         LINE#         341
  C:131BH         LINE#         342
  C:132FH         LINE#         343
  C:132FH         LINE#         344
  C:1336H         LINE#         345
  C:133BH         LINE#         346
  C:133BH         LINE#         347
  C:1349H         LINE#         348
  C:1349H         LINE#         349
  -------         ENDPROC       USBXCORE_HANDLE_SETUP
  -------         PROC          USBXCORE_FORCE_STALL
  C:349FH         LINE#         356
  C:349FH         LINE#         358
  C:34AAH         LINE#         359
  C:34B5H         LINE#         360
  C:34BBH         LINE#         361
  -------         ENDPROC       USBXCORE_FORCE_STALL
  -------         PROC          USBXCORE_GET_STATUS
  C:2D3AH         LINE#         367
  C:2D3AH         LINE#         369
  C:2D49H         LINE#         370
  C:2D49H         LINE#         371
  C:2D49H         LINE#         372
  C:2D49H         LINE#         373
  C:2D49H         LINE#         374
  C:2D4BH         LINE#         375
  C:2D4BH         LINE#         379
  C:2D4BH         LINE#         381
  C:2D59H         LINE#         385
  C:2D59H         LINE#         386
  C:2D59H         LINE#         387
  C:2D59H         LINE#         388
  C:2D5BH         LINE#         390
  C:2D5BH         LINE#         392
  C:2D69H         LINE#         396
  C:2D69H         LINE#         397
  C:2D76H         LINE#         398
  C:2D76H         LINE#         399
  C:2D78H         LINE#         401
  C:2D78H         LINE#         402
  C:2D86H         LINE#         403
  C:2D8FH         LINE#         404
  C:2D8FH         LINE#         405
  C:2D8FH         LINE#         406
  C:2D91H         LINE#         407
  C:2D91H         LINE#         408
  C:2D94H         LINE#         409
  C:2D94H         LINE#         410
  C:2D94H         LINE#         411
  C:2D9CH         LINE#         412
  C:2D9CH         LINE#         413
  C:2D9FH         LINE#         414
  C:2DA5H         LINE#         415
  C:2DACH         LINE#         416
  C:2DACH         LINE#         417
  -------         ENDPROC       USBXCORE_GET_STATUS
  -------         PROC          USBXCORE_CLEAR_FEATURE
BL51 BANKED LINKER/LOCATER V6.22                                                      06/20/2018  14:03:54  PAGE 42


  C:30C6H         LINE#         423
  C:30C6H         LINE#         425
  C:30CCH         LINE#         426
  C:30CCH         LINE#         428
  C:30D3H         LINE#         429
  C:30D3H         LINE#         430
  C:30DEH         LINE#         436
  C:30E9H         LINE#         437
  C:30EEH         LINE#         438
  C:30F0H         LINE#         440
  C:30F0H         LINE#         442
  C:30FBH         LINE#         446
  C:3106H         LINE#         447
  C:310BH         LINE#         448
  C:310BH         LINE#         449
  C:310DH         LINE#         451
  C:310DH         LINE#         452
  C:3110H         LINE#         453
  C:3110H         LINE#         454
  C:311BH         LINE#         455
  -------         ENDPROC       USBXCORE_CLEAR_FEATURE
  -------         PROC          USBXCORE_VENDOR_USB_API
  C:22AAH         LINE#         462
  C:22AAH         LINE#         464
  C:22B4H         LINE#         465
  C:22B4H         LINE#         466
  C:22BBH         LINE#         467
  C:22BBH         LINE#         468
  C:22BEH         LINE#         469
  C:22C1H         LINE#         470
  C:22C3H         LINE#         472
  C:22C3H         LINE#         473
  C:22CAH         LINE#         474
  C:22CAH         LINE#         477
  C:22D5H         LINE#         482
  C:22E0H         LINE#         483
  C:22EBH         LINE#         485
  C:22EBH         LINE#         486
  C:22FEH         LINE#         487
  C:22FEH         LINE#         488
  C:2302H         LINE#         489
  C:230DH         LINE#         491
  C:230DH         LINE#         492
  C:2320H         LINE#         493
  C:2320H         LINE#         494
  C:2324H         LINE#         495
  C:232FH         LINE#         497
  C:2335H         LINE#         498
  C:233DH         LINE#         499
  C:233DH         LINE#         500
  C:2340H         LINE#         501
  C:2340H         LINE#         502
  C:2340H         LINE#         503
  C:234BH         LINE#         504
  C:234BH         LINE#         505
  C:2351H         LINE#         506
  C:2358H         LINE#         507
BL51 BANKED LINKER/LOCATER V6.22                                                      06/20/2018  14:03:54  PAGE 43


  C:2358H         LINE#         508
  C:235CH         LINE#         509
  C:235CH         LINE#         510
  C:2362H         LINE#         511
  C:2369H         LINE#         512
  C:2369H         LINE#         513
  C:2374H         LINE#         514
  -------         ENDPROC       USBXCORE_VENDOR_USB_API
  -------         PROC          USBXCORE_SET_FEATURE
  C:311EH         LINE#         521
  C:311EH         LINE#         523
  C:3124H         LINE#         524
  C:3124H         LINE#         526
  C:312BH         LINE#         527
  C:312BH         LINE#         528
  C:3136H         LINE#         534
  C:3141H         LINE#         535
  C:3144H         LINE#         536
  C:3146H         LINE#         538
  C:3146H         LINE#         540
  C:3151H         LINE#         544
  C:315CH         LINE#         545
  C:3162H         LINE#         546
  C:3162H         LINE#         548
  C:3164H         LINE#         550
  C:3164H         LINE#         551
  C:3167H         LINE#         552
  C:3167H         LINE#         553
  C:3172H         LINE#         554
  -------         ENDPROC       USBXCORE_SET_FEATURE
  -------         PROC          USBXCORE_SET_ADDRESS
  C:3460H         LINE#         561
  C:3460H         LINE#         563
  C:346FH         LINE#         564
  C:3475H         LINE#         565
  C:3475H         LINE#         566
  C:3478H         LINE#         567
  C:347AH         LINE#         569
  C:347AH         LINE#         570
  C:347DH         LINE#         571
  C:347DH         LINE#         572
  -------         ENDPROC       USBXCORE_SET_ADDRESS
  -------         PROC          USBXCORE_GET_DESCRIPTOR
  C:24DFH         LINE#         579
  C:24DFH         LINE#         580
  C:24EEH         LINE#         581
  C:24EEH         LINE#         582
  C:24EEH         LINE#         583
  C:24FCH         LINE#         584
  C:2500H         LINE#         585
  C:2502H         LINE#         586
  C:2502H         LINE#         587
  C:2510H         LINE#         588
  C:2523H         LINE#         589
  C:2525H         LINE#         590
  C:2525H         LINE#         591
  C:2549H         LINE#         592
BL51 BANKED LINKER/LOCATER V6.22                                                      06/20/2018  14:03:54  PAGE 44


  C:2555H         LINE#         593
  C:2557H         LINE#         594
  C:2557H         LINE#         595
  C:255AH         LINE#         596
  C:255AH         LINE#         597
  C:255AH         LINE#         598
  C:2570H         LINE#         599
  C:2570H         LINE#         600
  C:2578H         LINE#         601
  C:2578H         LINE#         602
  C:2580H         LINE#         603
  C:2580H         LINE#         604
  C:2583H         LINE#         605
  C:2589H         LINE#         606
  C:2590H         LINE#         607
  C:2590H         LINE#         608
  -------         ENDPROC       USBXCORE_GET_DESCRIPTOR
  -------         PROC          USBXCORE_GET_CONFIGURATION
  C:3264H         LINE#         614
  C:3264H         LINE#         616
  C:326CH         LINE#         617
  C:326CH         LINE#         618
  C:3278H         LINE#         619
  C:3280H         LINE#         620
  C:3280H         LINE#         621
  C:3284H         LINE#         622
  C:3284H         LINE#         623
  C:3292H         LINE#         624
  C:329AH         LINE#         625
  C:329AH         LINE#         626
  C:329DH         LINE#         627
  C:32A3H         LINE#         628
  C:32AAH         LINE#         629
  -------         ENDPROC       USBXCORE_GET_CONFIGURATION
  -------         PROC          USBXCORE_SET_CONFIGURATION
  C:306CH         LINE#         635
  C:306CH         LINE#         637
  C:3075H         LINE#         638
  C:3075H         LINE#         639
  C:307CH         LINE#         640
  C:3082H         LINE#         641
  C:3087H         LINE#         642
  C:3089H         LINE#         644
  C:3094H         LINE#         645
  C:309FH         LINE#         646
  C:30AAH         LINE#         653
  C:30B5H         LINE#         654
  C:30B7H         LINE#         656
  C:30B7H         LINE#         657
  C:30BDH         LINE#         658
  C:30C1H         LINE#         659
  C:30C3H         LINE#         660
  C:30C3H         LINE#         661
  -------         ENDPROC       USBXCORE_SET_CONFIGURATION
  -------         PROC          USBXCORE_GET_INTERFACE
  C:33F1H         LINE#         668
  C:33F1H         LINE#         670
BL51 BANKED LINKER/LOCATER V6.22                                                      06/20/2018  14:03:54  PAGE 45


  C:33FFH         LINE#         671
  C:3407H         LINE#         672
  C:340AH         LINE#         673
  C:3410H         LINE#         674
  C:3417H         LINE#         675
  -------         ENDPROC       USBXCORE_GET_INTERFACE
  -------         PROC          USBXCORE_SET_SOP
  C:351EH         LINE#         682
  C:351EH         LINE#         684
  C:3526H         LINE#         685
  C:3526H         LINE#         686
  C:3531H         LINE#         687
  C:3531H         LINE#         688
  -------         ENDPROC       USBXCORE_SET_SOP
  -------         PROC          USBXCORE_USB_ISR
  C:1834H         LINE#         699
  C:1851H         LINE#         702
  C:1857H         LINE#         703
  C:186AH         LINE#         706
  C:187DH         LINE#         709
  C:1881H         LINE#         710
  C:1881H         LINE#         711
  C:188CH         LINE#         712
  C:188CH         LINE#         714
  C:1893H         LINE#         715
  C:1893H         LINE#         716
  C:1896H         LINE#         717
  C:1896H         LINE#         719
  C:189DH         LINE#         720
  C:189DH         LINE#         721
  C:18AAH         LINE#         722
  C:18AAH         LINE#         723
  C:18B1H         LINE#         724
  C:18B1H         LINE#         725
  C:18B1H         LINE#         727
  C:18B1H         LINE#         728
  C:18B1H         LINE#         730
  C:18B1H         LINE#         732
  C:18C4H         LINE#         734
  C:18C8H         LINE#         735
  C:18C8H         LINE#         736
  C:18CBH         LINE#         737
  C:18CBH         LINE#         740
  C:18D2H         LINE#         741
  C:18D2H         LINE#         742
  C:18DDH         LINE#         748
  C:18F0H         LINE#         749
  C:18F5H         LINE#         750
  C:18F5H         LINE#         751
  C:18FCH         LINE#         752
  C:18FCH         LINE#         754
  C:18FCH         LINE#         756
  C:190FH         LINE#         759
  C:1913H         LINE#         760
  C:1913H         LINE#         761
  C:191EH         LINE#         767
  C:1931H         LINE#         768
BL51 BANKED LINKER/LOCATER V6.22                                                      06/20/2018  14:03:54  PAGE 46


  C:1935H         LINE#         769
  C:1935H         LINE#         770
  C:193CH         LINE#         771
  C:193CH         LINE#         772
  C:193CH         LINE#         775
  C:194AH         LINE#         776
  C:194FH         LINE#         777
  C:1955H         LINE#         778
  C:195AH         LINE#         781
  C:1967H         LINE#         782
  C:1967H         LINE#         783
  C:196AH         LINE#         784
  C:196AH         LINE#         785
  -------         ENDPROC       USBXCORE_USB_ISR
  -------         ENDMOD        USB_API

  -------         MODULE        USB_SUSPEND
  C:0000H         SYMBOL        _ICE_DUMMY_
  D:00D7H         PUBLIC        USB0XCN
  D:00C9H         PUBLIC        REG0CN
  C:3325H         PUBLIC        USB_Suspend
  D:00A9H         PUBLIC        CLKSEL
  D:00B2H         PUBLIC        OSCICN
  D:00B9H         PUBLIC        CLKMUL
  -------         PROC          USB_SUSPEND
  C:3325H         LINE#         70
  C:3325H         LINE#         72
  C:3328H         LINE#         74
  C:332BH         LINE#         76
  C:3333H         LINE#         79
  C:3336H         LINE#         80
  C:3339H         LINE#         81
  C:333CH         LINE#         82
  C:333FH         LINE#         84
  C:3340H         LINE#         86
  C:3343H         LINE#         88
  C:3349H         LINE#         92
  C:334CH         LINE#         94
  C:334FH         LINE#         95
  -------         ENDPROC       USB_SUSPEND
  -------         ENDMOD        USB_SUSPEND

  -------         MODULE        USB_INT_ENABLE
  C:0000H         SYMBOL        _ICE_DUMMY_
  C:34EFH         PUBLIC        USB_Int_Enable
  D:0096H         PUBLIC        USB0ADR
  D:0097H         PUBLIC        USB0DAT
  -------         PROC          USB_INT_ENABLE
  C:34EFH         LINE#         68
  C:34EFH         LINE#         71
  C:34F6H         LINE#         73
  C:34FCH         LINE#         74
  C:34FCH         LINE#         75
  C:3507H         LINE#         77
  C:3507H         LINE#         78
  -------         ENDPROC       USB_INT_ENABLE
  -------         ENDMOD        USB_INT_ENABLE
BL51 BANKED LINKER/LOCATER V6.22                                                      06/20/2018  14:03:54  PAGE 47



  -------         MODULE        USB_CLOCK_RECOVERY
  C:0000H         SYMBOL        _ICE_DUMMY_
  C:3577H         PUBLIC        USBXcore_ClkRec
  D:0096H         PUBLIC        USB0ADR
  D:0097H         PUBLIC        USB0DAT
  -------         PROC          USBXCORE_CLKREC
  C:3577H         LINE#         45
  C:3577H         LINE#         47
  C:3582H         LINE#         48
  -------         ENDPROC       USBXCORE_CLKREC
  -------         ENDMOD        USB_CLOCK_RECOVERY

  -------         MODULE        ?C?FPMUL
  C:0C2FH         PUBLIC        ?C?FPMUL
  -------         ENDMOD        ?C?FPMUL

  -------         MODULE        ?C?FCAST
  C:0D3FH         PUBLIC        ?C?FCASTC
  C:0D3AH         PUBLIC        ?C?FCASTI
  C:0D35H         PUBLIC        ?C?FCASTL
  -------         ENDMOD        ?C?FCAST

  -------         MODULE        ?C?CASTF
  C:0D73H         PUBLIC        ?C?CASTF
  -------         ENDMOD        ?C?CASTF

  -------         MODULE        ?C?COPY
  C:0EC4H         PUBLIC        ?C?COPY
  -------         ENDMOD        ?C?COPY

  -------         MODULE        ?C?CLDPTR
  C:0EEAH         PUBLIC        ?C?CLDPTR
  -------         ENDMOD        ?C?CLDPTR

  -------         MODULE        ?C?CLDOPTR
  C:0F03H         PUBLIC        ?C?CLDOPTR
  -------         ENDMOD        ?C?CLDOPTR

  -------         MODULE        ?C?IMUL
  C:0F30H         PUBLIC        ?C?IMUL
  -------         ENDMOD        ?C?IMUL

  -------         MODULE        ?C?IILDX
  C:0F42H         PUBLIC        ?C?IILDX
  -------         ENDMOD        ?C?IILDX

  -------         MODULE        ?C?LMUL
  C:0F58H         PUBLIC        ?C?LMUL
  -------         ENDMOD        ?C?LMUL

  -------         MODULE        ?C?ULDIV
  C:0FE3H         PUBLIC        ?C?ULDIV
  -------         ENDMOD        ?C?ULDIV

  -------         MODULE        ?C?LNEG
  C:1075H         PUBLIC        ?C?LNEG
BL51 BANKED LINKER/LOCATER V6.22                                                      06/20/2018  14:03:54  PAGE 48


  -------         ENDMOD        ?C?LNEG

  -------         MODULE        ?C?ULCMP
  C:1083H         PUBLIC        ?C?ULCMP
  -------         ENDMOD        ?C?ULCMP

  -------         MODULE        ?C?ULSHR
  C:1094H         PUBLIC        ?C?ULSHR
  -------         ENDMOD        ?C?ULSHR

  -------         MODULE        ?C?LSHL
  C:10A7H         PUBLIC        ?C?LSHL
  -------         ENDMOD        ?C?LSHL

  -------         MODULE        ?C?LLDIIDATA
  C:10C3H         PUBLIC        ?C?LLDIIDATA
  C:10BAH         PUBLIC        ?C?LLDIIDATA1
  C:10BCH         PUBLIC        ?C?LLDIIDATA8
  -------         ENDMOD        ?C?LLDIIDATA

  -------         MODULE        ?C?LSTXDATA
  C:10DAH         PUBLIC        ?C?LSTXDATA
  -------         ENDMOD        ?C?LSTXDATA

  -------         MODULE        ?C?LSTKXDATA
  C:10E6H         PUBLIC        ?C?LSTKXDATA
  -------         ENDMOD        ?C?LSTKXDATA

  -------         MODULE        ?C_IBP
  D:0069H         PUBLIC        ?C_IBP
  -------         ENDMOD        ?C_IBP

*** WARNING L16: UNCALLED SEGMENT, IGNORED FOR OVERLAY PROCESS
    SEGMENT: ?PR?DISPSCALEHOR1?LCD

*** WARNING L16: UNCALLED SEGMENT, IGNORED FOR OVERLAY PROCESS
    SEGMENT: ?PR?DISPSCALEVER?LCD

*** WARNING L16: UNCALLED SEGMENT, IGNORED FOR OVERLAY PROCESS
    SEGMENT: ?PR?DISPSCALEVER_RED?LCD

*** WARNING L16: UNCALLED SEGMENT, IGNORED FOR OVERLAY PROCESS
    SEGMENT: ?PR?DISPSCALEVER_GREEN?LCD

*** WARNING L16: UNCALLED SEGMENT, IGNORED FOR OVERLAY PROCESS
    SEGMENT: ?PR?DISPSCALEVER_BLUE?LCD

*** WARNING L16: UNCALLED SEGMENT, IGNORED FOR OVERLAY PROCESS
    SEGMENT: ?PR?DISPSCALEVER_GRAY?LCD

*** WARNING L16: UNCALLED SEGMENT, IGNORED FOR OVERLAY PROCESS
    SEGMENT: ?PR?DISPGRAYHOR32?LCD

*** WARNING L16: UNCALLED SEGMENT, IGNORED FOR OVERLAY PROCESS
    SEGMENT: ?PR?DISPSCALEHOR2?LCD

*** WARNING L16: UNCALLED SEGMENT, IGNORED FOR OVERLAY PROCESS
BL51 BANKED LINKER/LOCATER V6.22                                                      06/20/2018  14:03:54  PAGE 49


    SEGMENT: ?PR?_DRAWGIRD?LCD

*** WARNING L15: MULTIPLE CALL TO SEGMENT
    SEGMENT: ?PR?_WRITECOMM?LCD
    CALLER1: ?PR?USB_API_TEST_ISR?MAIN
    CALLER2: ?C_C51STARTUP

*** WARNING L15: MULTIPLE CALL TO SEGMENT
    SEGMENT: ?PR?_WRITEDATA?LCD
    CALLER1: ?PR?USB_API_TEST_ISR?MAIN
    CALLER2: ?C_C51STARTUP

Program Size: data=107.0 xdata=1095 code=13713
LINK/LOCATE RUN COMPLETE.  11 WARNING(S),  0 ERROR(S)
