BL51 BANKED LINKER/LOCATER V6.22                                                        02/28/2022  10:47:29  PAGE 1


BL51 BANKED LINKER/LOCATER V6.22, INVOKED BY:
D:\KEIL C51\C51\BIN\BL51.EXE main.obj, mmc_sd.obj, lcd.obj, tp.obj, .\USBX_F34X.LIB TO CTC24+ILI9341V_ZT_L8 RAMSIZE (256
>> )


MEMORY MODEL: COMPACT


INPUT MODULES INCLUDED:
  main.obj (MAIN)
  mmc_sd.obj (MMC_SD)
  lcd.obj (LCD)
  tp.obj (TP)
  .\USBX_F34X.LIB (USB_API)
  .\USBX_F34X.LIB (USB_CLOCK_START)
  .\USBX_F34X.LIB (USB_SUSPEND)
  .\USBX_F34X.LIB (GET_INTERRUPT_SOURCE)
  .\USBX_F34X.LIB (BLOCK_READ)
  .\USBX_F34X.LIB (BLOCK_WRITE)
  .\USBX_F34X.LIB (USB_INT_ENABLE)
  .\USBX_F34X.LIB (USB_CLOCK_RECOVERY)
  .\USBX_F34X.LIB (USB_JUMP_ISR)
  D:\KEIL C51\C51\LIB\C51C.LIB (?C_STARTUP)
  D:\KEIL C51\C51\LIB\C51C.LIB (?C?COPY)
  D:\KEIL C51\C51\LIB\C51C.LIB (?C?CLDPTR)
  D:\KEIL C51\C51\LIB\C51C.LIB (?C?CLDOPTR)
  D:\KEIL C51\C51\LIB\C51C.LIB (?C?IMUL)
  D:\KEIL C51\C51\LIB\C51C.LIB (?C?IILDX)
  D:\KEIL C51\C51\LIB\C51C.LIB (?C?ILDOPTR)
  D:\KEIL C51\C51\LIB\C51C.LIB (?C?LMUL)
  D:\KEIL C51\C51\LIB\C51C.LIB (?C?ULDIV)
  D:\KEIL C51\C51\LIB\C51C.LIB (?C?ULCMP)
  D:\KEIL C51\C51\LIB\C51C.LIB (?C?ULSHR)
  D:\KEIL C51\C51\LIB\C51C.LIB (?C?LSHL)
  D:\KEIL C51\C51\LIB\C51C.LIB (?C?LLDIPDATA)
  D:\KEIL C51\C51\LIB\C51C.LIB (?C?LSTXDATA)
  D:\KEIL C51\C51\LIB\C51C.LIB (?C?LSTPDATA)
  D:\KEIL C51\C51\LIB\C51C.LIB (?C?LSTKXDATA)
  D:\KEIL C51\C51\LIB\C51C.LIB (?C?LSTKPDATA)
  D:\KEIL C51\C51\LIB\C51C.LIB (?C_PBP)
  D:\KEIL C51\C51\LIB\C51C.LIB (?C_INIT)


LINK MAP OF MODULE:  CTC24+ILI9341V_ZT_L8 (MAIN)


            TYPE    BASE      LENGTH    RELOCATION   SEGMENT NAME
            -----------------------------------------------------

            * * * * * * *   D A T A   M E M O R Y   * * * * * * *
            REG     0000H     0008H     ABSOLUTE     "REG BANK 0"
            DATA    0008H     0001H     UNIT         ?C?LIB_DATA
            IDATA   0009H     0001H     UNIT         ?STACK

            * * * * * * *  X D A T A   M E M O R Y  * * * * * * *
            XDATA   0000H     0010H     INPAGE       ?PD?MAIN
            XDATA   0010H     0004H     INPAGE       ?PD?_MMC_SD_READSINGLEBLOCK?MMC_SD
            XDATA   0014H     0005H     INPAGE       ?PD?_DISPPIC?LCD
BL51 BANKED LINKER/LOCATER V6.22                                                      02/28/2022  10:47:29  PAGE 2


            XDATA   0019H     000DH     INPAGE       ?PD?_DISPPICFROMSD?LCD
            XDATA   0026H     0004H     INPAGE       ?PD?DISPSCALEHOR1?LCD
            XDATA   002AH     0004H     INPAGE       ?PD?DISPSCALEVER?LCD
            XDATA   002EH     0004H     INPAGE       ?PD?DISPSCALEVER_RED?LCD
            XDATA   0032H     0004H     INPAGE       ?PD?DISPSCALEVER_GREEN?LCD
            XDATA   0036H     0004H     INPAGE       ?PD?DISPSCALEVER_BLUE?LCD
            XDATA   003AH     0004H     INPAGE       ?PD?DISPSCALEVER_GRAY?LCD
            XDATA   003EH     0004H     INPAGE       ?PD?DISPGRAYHOR32?LCD
            XDATA   0042H     0002H     INPAGE       ?PD?DISPSCALEHOR2?LCD
            XDATA   0044H     000CH     INPAGE       ?PD?_DRAWLINE?LCD
            XDATA   0050H     0004H     INPAGE       ?PD?_DRAWGIRD?LCD
            XDATA   0054H     0002H     INPAGE       ?PD?LCD
            XDATA   0056H     0026H     INPAGE       _PDATA_GROUP_
            XDATA   007CH     0200H     UNIT         ?XD?MMC_SD
            XDATA   027CH     0058H     UNIT         _XDATA_GROUP_
            XDATA   02D4H     0040H     UNIT         ?XD?MAIN
                    0314H     032CH                  *** GAP ***
            XDATA   0640H     0100H     ABSOLUTE     
            XDATA   0740H     0012H     ABSOLUTE     
            XDATA   0752H     0020H     ABSOLUTE     
            XDATA   0772H     000CH     ABSOLUTE     
            XDATA   077EH     0008H     ABSOLUTE     
            XDATA   0786H     0001H     ABSOLUTE     
            XDATA   0787H     0003H     ABSOLUTE     
            XDATA   078AH     0002H     ABSOLUTE     
            XDATA   078CH     0002H     ABSOLUTE     
            XDATA   078EH     0003H     ABSOLUTE     
            XDATA   0791H     0001H     ABSOLUTE     
            XDATA   0792H     0001H     ABSOLUTE     
            XDATA   0793H     0001H     ABSOLUTE     
            XDATA   0794H     0001H     ABSOLUTE     
            XDATA   0795H     0002H     ABSOLUTE     
            XDATA   0797H     0002H     ABSOLUTE     
            XDATA   0799H     0001H     ABSOLUTE     
            XDATA   079AH     0001H     ABSOLUTE     
            XDATA   079BH     0001H     ABSOLUTE     
            XDATA   079CH     0001H     ABSOLUTE     
            XDATA   079DH     0001H     ABSOLUTE     
            XDATA   079EH     0001H     ABSOLUTE     
            XDATA   079FH     0002H     ABSOLUTE     
            XDATA   07A1H     0001H     ABSOLUTE     
            XDATA   07A2H     0001H     ABSOLUTE     
            XDATA   07A3H     000CH     ABSOLUTE     
                    07AFH     0011H                  *** GAP ***
            XDATA   07C0H     0040H     ABSOLUTE     

            * * * * * * *   C O D E   M E M O R Y   * * * * * * *
            CODE    0000H     0003H     ABSOLUTE     
            CODE    0003H     003AH     UNIT         ?CO?USB_API
            CODE    003DH     0003H     UNIT         ?PR?SUSPEND_DEVICE?MAIN
                    0040H     0003H                  *** GAP ***
            CODE    0043H     0003H     ABSOLUTE     
            CODE    0046H     0044H     UNIT         ?PR?_DISPCOLOR?LCD
                    008AH     0001H                  *** GAP ***
            CODE    008BH     0003H     ABSOLUTE     
            CODE    008EH     060CH     UNIT         ?PR?CONNTOUSB?MAIN
            CODE    069AH     0600H     UNIT         ?CO?LCD
BL51 BANKED LINKER/LOCATER V6.22                                                      02/28/2022  10:47:29  PAGE 3


            CODE    0C9AH     0372H     UNIT         ?C?LIB_CODE
            CODE    100CH     0233H     UNIT         ?PR?USBXCORE_HANDLE_SETUP?USB_API
            CODE    123FH     0232H     UNIT         ?PR?_LCD_READ_IC_ID?LCD
            CODE    1471H     0226H     UNIT         ?PR?DISPSCALEHOR1?LCD
            CODE    1697H     01C5H     UNIT         ?PR?LCD_INIT?LCD
            CODE    185CH     01C1H     UNIT         ?PR?TP_DRAWLINE?TP
            CODE    1A1DH     01BAH     UNIT         ?PR?DISPSCALEHOR2?LCD
            CODE    1BD7H     018EH     UNIT         ?PR?DISPBAND?LCD
            CODE    1D65H     0151H     UNIT         ?PR?USBXCORE_USB_ISR?USB_API
            CODE    1EB6H     013DH     UNIT         ?PR?USB_API_TEST_ISR?MAIN
            CODE    1FF3H     0137H     UNIT         ?PR?_USB_INIT?USB_API
            CODE    212AH     0128H     UNIT         ?PR?DISPSCALEVER?LCD
            CODE    2252H     011BH     UNIT         ?PR?_TP_GETPOSITION?TP
            CODE    236DH     0111H     UNIT         ?PR?_BLOCK_WRITE?BLOCK_WRITE
            CODE    247EH     00E9H     UNIT         ?PR?_DISPPICFROMSD?LCD
            CODE    2567H     00CDH     UNIT         ?PR?USBXCORE_VENDOR_USB_API?USB_API
            CODE    2634H     00CBH     UNIT         ?PR?_DISPONECHAR?LCD
            CODE    26FFH     00B7H     UNIT         ?PR?MMC_SD_RESET?MMC_SD
            CODE    27B6H     00B3H     UNIT         ?PR?_DISPINT?LCD
            CODE    2869H     00B2H     UNIT         ?PR?USBXCORE_GET_DESCRIPTOR?USB_API
            CODE    291BH     00AFH     UNIT         ?PR?_BLOCK_READ?BLOCK_READ
            CODE    29CAH     00A4H     UNIT         ?PR?DISPFRAME?LCD
            CODE    2A6EH     00A0H     UNIT         ?PR?DISPSCALEVER_GREEN?LCD
            CODE    2B0EH     009CH     UNIT         ?PR?_?BLOCKWRITE?LCD
            CODE    2BAAH     009BH     UNIT         ?PR?DISPGRAYHOR16?LCD
            CODE    2C45H     0096H     UNIT         ?PR?_DISPSTR?LCD
            CODE    2CDBH     0091H     UNIT         ?PR?DISPSCALEVER_RED?LCD
            CODE    2D6CH     0091H     UNIT         ?PR?DISPSCALEVER_GRAY?LCD
            CODE    2DFDH     0090H     UNIT         ?PR?_DRAWGIRD?LCD
            CODE    2E8DH     008CH     UNIT         ?C_C51STARTUP
            CODE    2F19H     0086H     UNIT         ?PR?DISPSCALEVER_BLUE?LCD
            CODE    2F9FH     0086H     UNIT         ?PR?_DRAWLINE?LCD
            CODE    3025H     007DH     UNIT         ?PR?_MMC_SD_WRITESINGLEBLOCK?MMC_SD
            CODE    30A2H     0076H     UNIT         ?PR?DISPGRAYHOR32?LCD
            CODE    3118H     0075H     UNIT         ?PR?_MMC_SD_SENDCOMMAND?MMC_SD
            CODE    318DH     0073H     UNIT         ?PR?TP_READ?TP
            CODE    3200H     0073H     UNIT         ?PR?USBXCORE_GET_STATUS?USB_API
            CODE    3273H     006CH     UNIT         ?PR?DEVICES_INIT?MAIN
            CODE    32DFH     0064H     UNIT         ?PR?_MMC_SD_READSINGLEBLOCK?MMC_SD
            CODE    3343H     0061H     UNIT         ?PR?_DISPPIC?LCD
            CODE    33A4H     005BH     UNIT         ?PR?_TOORD?LCD
            CODE    33FFH     005AH     UNIT         ?PR?USBXCORE_SET_CONFIGURATION?USB_API
            CODE    3459H     0058H     UNIT         ?PR?USBXCORE_CLEAR_FEATURE?USB_API
            CODE    34B1H     0057H     UNIT         ?PR?USBXCORE_SET_FEATURE?USB_API
            CODE    3508H     0055H     UNIT         ?PR?_STOPDELAY?MAIN
            CODE    355DH     0052H     UNIT         ?PR?_PUTPIXEL?LCD
            CODE    35AFH     0050H     UNIT         ?CO?MAIN
            CODE    35FFH     0047H     UNIT         ?PR?USBXCORE_GET_CONFIGURATION?USB_API
            CODE    3646H     0043H     UNIT         ?PR?MCU_INIT?MAIN
            CODE    3689H     0038H     UNIT         ?PR?USB_CLOCK_START?USB_CLOCK_START
            CODE    36C1H     002DH     UNIT         ?C_INITSEG
            CODE    36EEH     002CH     UNIT         ?PR?_WRITEDISPDATA?LCD
            CODE    371AH     002BH     UNIT         ?PR?USB_SUSPEND?USB_SUSPEND
            CODE    3745H     0027H     UNIT         ?PR?MAIN?MAIN
            CODE    376CH     0027H     UNIT         ?PR?USBXCORE_USB_RESET?USB_API
            CODE    3793H     0027H     UNIT         ?PR?USBXCORE_GET_INTERFACE?USB_API
            CODE    37BAH     0026H     UNIT         ?PR?_TP_WRITE?TP
BL51 BANKED LINKER/LOCATER V6.22                                                      02/28/2022  10:47:29  PAGE 4


            CODE    37E0H     0022H     UNIT         ?PR?USBXCORE_JUMP_ISR?USB_JUMP_ISR
            CODE    3802H     0020H     UNIT         ?PR?USBXCORE_SET_ADDRESS?USB_API
            CODE    3822H     001FH     UNIT         ?PR?_DELAY?MAIN
            CODE    3841H     001DH     UNIT         ?PR?USBXCORE_FORCE_STALL?USB_API
            CODE    385EH     0019H     UNIT         ?PR?_WRITEDATA?LCD
            CODE    3877H     0019H     UNIT         ?PR?USB_INT_ENABLE?USB_INT_ENABLE
            CODE    3890H     0016H     UNIT         ?PR?_SPI_WRITEBYTE?MMC_SD
            CODE    38A6H     0016H     UNIT         ?PR?READDATA?LCD
            CODE    38BCH     0015H     UNIT         ?PR?_WRITECOMM?LCD
            CODE    38D1H     0014H     UNIT         ?PR?USBXCORE_SET_SOP?USB_API
            CODE    38E5H     0013H     UNIT         ?PR?WAITKEY?MAIN
            CODE    38F8H     0011H     UNIT         ?PR?SD_INIT?MMC_SD
            CODE    3909H     000EH     UNIT         ?PR?GET_INTERRUPT_SOURCE?GET_INTERRUPT_SOURCE
            CODE    3917H     000CH     UNIT         ?PR?USBXCORE_CLKREC?USB_CLOCK_RECOVERY
            CODE    3923H     000BH     UNIT         ?PR?SPI_READBYTE?MMC_SD
            CODE    392EH     0009H     UNIT         ?PR?_WRITEONEDOT?LCD
            CODE    3937H     0008H     UNIT         ?CO?TP



OVERLAY MAP OF MODULE:   CTC24+ILI9341V_ZT_L8 (MAIN)


SEGMENT                                            PDATA_GROUP         XDATA_GROUP
  +--> CALLED SEGMENT                            START    LENGTH     START    LENGTH
------------------------------------------------------------------------------------
?PR?USB_API_TEST_ISR?MAIN                        0056H    0001H      -----    -----
  +--> ?PR?GET_INTERRUPT_SOURCE?GET_INTERRUP...
  +--> ?PR?_BLOCK_READ?BLOCK_READ
  +--> ?PR?SUSPEND_DEVICE?MAIN
  +--> ?PR?MCU_INIT?MAIN
  +--> ?PR?_?BLOCKWRITE?LCD

?PR?SUSPEND_DEVICE?MAIN                          -----    -----      -----    -----
  +--> ?PR?USB_SUSPEND?USB_SUSPEND

?PR?USB_SUSPEND?USB_SUSPEND                      -----    -----      -----    -----
  +--> ?PR?USB_CLOCK_START?USB_CLOCK_START

?PR?_?BLOCKWRITE?LCD                             -----    -----      -----    -----
  +--> ?PR?_WRITECOMM?LCD
  +--> ?PR?_WRITEDATA?LCD

?PR?_WRITECOMM?LCD                               007AH    0002H      -----    -----

?PR?_WRITEDATA?LCD                               007AH    0002H      -----    -----

*** NEW ROOT ***************************************************

?PR?USBXCORE_USB_ISR?USB_API                     -----    -----      -----    -----
  +--> ?PR?USBXCORE_USB_RESET?USB_API
  +--> ?PR?USBXCORE_HANDLE_SETUP?USB_API
  +--> ?PR?USBXCORE_JUMP_ISR?USB_JUMP_ISR

?PR?USBXCORE_HANDLE_SETUP?USB_API                -----    -----      -----    -----
  +--> ?PR?USBXCORE_GET_STATUS?USB_API
  +--> ?PR?USBXCORE_CLEAR_FEATURE?USB_API
BL51 BANKED LINKER/LOCATER V6.22                                                      02/28/2022  10:47:29  PAGE 5


  +--> ?PR?USBXCORE_VENDOR_USB_API?USB_API
  +--> ?PR?USBXCORE_SET_FEATURE?USB_API
  +--> ?PR?USBXCORE_SET_ADDRESS?USB_API
  +--> ?PR?USBXCORE_GET_DESCRIPTOR?USB_API
  +--> ?PR?USBXCORE_GET_CONFIGURATION?USB_API
  +--> ?PR?USBXCORE_SET_CONFIGURATION?USB_API
  +--> ?PR?USBXCORE_GET_INTERFACE?USB_API
  +--> ?PR?USBXCORE_SET_SOP?USB_API
  +--> ?PR?USBXCORE_FORCE_STALL?USB_API

?PR?USBXCORE_GET_STATUS?USB_API                  -----    -----      -----    -----
  +--> ?CO?USB_API
  +--> ?PR?USBXCORE_FORCE_STALL?USB_API
  +--> ?PR?USBXCORE_SET_SOP?USB_API

?PR?USBXCORE_CLEAR_FEATURE?USB_API               -----    -----      -----    -----
  +--> ?PR?USBXCORE_FORCE_STALL?USB_API
  +--> ?PR?USBXCORE_SET_SOP?USB_API

?PR?USBXCORE_VENDOR_USB_API?USB_API              -----    -----      -----    -----
  +--> ?PR?USBXCORE_SET_SOP?USB_API

?PR?USBXCORE_SET_FEATURE?USB_API                 -----    -----      -----    -----
  +--> ?PR?USBXCORE_FORCE_STALL?USB_API
  +--> ?PR?USBXCORE_SET_SOP?USB_API

?PR?USBXCORE_SET_ADDRESS?USB_API                 -----    -----      -----    -----
  +--> ?PR?USBXCORE_SET_SOP?USB_API

?PR?USBXCORE_GET_DESCRIPTOR?USB_API              -----    -----      -----    -----
  +--> ?PR?USBXCORE_FORCE_STALL?USB_API
  +--> ?PR?USBXCORE_SET_SOP?USB_API

?PR?USBXCORE_GET_CONFIGURATION?USB_API           -----    -----      -----    -----
  +--> ?CO?USB_API
  +--> ?PR?USBXCORE_SET_SOP?USB_API

?PR?USBXCORE_SET_CONFIGURATION?USB_API           -----    -----      -----    -----
  +--> ?PR?USBXCORE_SET_SOP?USB_API

?PR?USBXCORE_GET_INTERFACE?USB_API               -----    -----      -----    -----
  +--> ?CO?USB_API
  +--> ?PR?USBXCORE_SET_SOP?USB_API

*** NEW ROOT ***************************************************

?C_C51STARTUP                                    -----    -----      -----    -----
  +--> ?PR?MAIN?MAIN
  +--> ?C_INITSEG

?PR?MAIN?MAIN                                    -----    -----      -----    -----
  +--> ?PR?DEVICES_INIT?MAIN
  +--> ?PR?DISPFRAME?LCD
  +--> ?PR?_STOPDELAY?MAIN
  +--> ?PR?WAITKEY?MAIN
  +--> ?PR?DISPGRAYHOR16?LCD
  +--> ?PR?DISPBAND?LCD
BL51 BANKED LINKER/LOCATER V6.22                                                      02/28/2022  10:47:29  PAGE 6


  +--> ?PR?TP_DRAWLINE?TP

?PR?DEVICES_INIT?MAIN                            -----    -----      -----    -----
  +--> ?PR?MCU_INIT?MAIN
  +--> ?PR?USB_CLOCK_START?USB_CLOCK_START
  +--> ?CO?MAIN
  +--> ?PR?_USB_INIT?USB_API
  +--> ?PR?USB_INT_ENABLE?USB_INT_ENABLE
  +--> ?PR?LCD_INIT?LCD

?PR?_USB_INIT?USB_API                            -----    -----      027CH    0011H
  +--> ?CO?USB_API
  +--> ?PR?USBXCORE_CLKREC?USB_CLOCK_RECOVERY

?PR?LCD_INIT?LCD                                 -----    -----      -----    -----
  +--> ?PR?READDATA?LCD
  +--> ?PR?_DELAY?MAIN
  +--> ?PR?_WRITECOMM?LCD
  +--> ?PR?_WRITEDATA?LCD

?PR?READDATA?LCD                                 -----    -----      -----    -----
  +--> ?PR?_LCD_READ_IC_ID?LCD

?PR?_LCD_READ_IC_ID?LCD                          0062H    0008H      -----    -----

?PR?DISPFRAME?LCD                                0059H    0002H      -----    -----
  +--> ?PR?_?BLOCKWRITE?LCD
  +--> ?PR?_WRITEDISPDATA?LCD

?PR?_WRITEDISPDATA?LCD                           007AH    0001H      -----    -----

?PR?_STOPDELAY?MAIN                              0059H    0004H      -----    -----
  +--> ?PR?WAITKEY?MAIN
  +--> ?PR?_DELAY?MAIN

?PR?WAITKEY?MAIN                                 -----    -----      -----    -----
  +--> ?PR?CONNTOUSB?MAIN
  +--> ?PR?_DELAY?MAIN

?PR?CONNTOUSB?MAIN                               005DH    0005H      027CH    0058H
  +--> ?CO?MAIN
  +--> ?PR?_WRITECOMM?LCD
  +--> ?PR?_WRITEDATA?LCD
  +--> ?PR?_DISPSTR?LCD
  +--> ?PR?_DISPINT?LCD
  +--> ?PR?_WRITEDISPDATA?LCD
  +--> ?PR?_MMC_SD_WRITESINGLEBLOCK?MMC_SD
  +--> ?PR?_BLOCK_WRITE?BLOCK_WRITE
  +--> ?PR?READDATA?LCD
  +--> ?PR?_DELAY?MAIN

?PR?_DISPSTR?LCD                                 0062H    000BH      -----    -----
  +--> ?PR?_TOORD?LCD
  +--> ?PR?_DISPONECHAR?LCD

?PR?_DISPONECHAR?LCD                             006DH    000DH      -----    -----
  +--> ?PR?_?BLOCKWRITE?LCD
BL51 BANKED LINKER/LOCATER V6.22                                                      02/28/2022  10:47:29  PAGE 7


  +--> ?CO?LCD
  +--> ?PR?_WRITEONEDOT?LCD

?PR?_WRITEONEDOT?LCD                             -----    -----      -----    -----
  +--> ?PR?_WRITEDISPDATA?LCD

?PR?_DISPINT?LCD                                 0062H    000AH      -----    -----
  +--> ?PR?_DISPONECHAR?LCD

?PR?_MMC_SD_WRITESINGLEBLOCK?MMC_SD              0062H    0004H      -----    -----
  +--> ?PR?_MMC_SD_SENDCOMMAND?MMC_SD
  +--> ?PR?_SPI_WRITEBYTE?MMC_SD

?PR?_MMC_SD_SENDCOMMAND?MMC_SD                   0066H    0005H      -----    -----
  +--> ?PR?_SPI_WRITEBYTE?MMC_SD

?PR?DISPGRAYHOR16?LCD                            0059H    0004H      -----    -----
  +--> ?PR?_?BLOCKWRITE?LCD
  +--> ?PR?_WRITEDISPDATA?LCD

?PR?DISPBAND?LCD                                 0059H    0005H      -----    -----
  +--> ?PR?_?BLOCKWRITE?LCD
  +--> ?PR?_WRITEDISPDATA?LCD

?PR?TP_DRAWLINE?TP                               -----    -----      027CH    0018H
  +--> ?PR?_DISPCOLOR?LCD
  +--> ?CO?TP
  +--> ?PR?_DISPSTR?LCD
  +--> ?PR?_DELAY?MAIN
  +--> ?PR?_TP_GETPOSITION?TP
  +--> ?PR?_PUTPIXEL?LCD

?PR?_DISPCOLOR?LCD                               0059H    0004H      -----    -----
  +--> ?PR?_?BLOCKWRITE?LCD
  +--> ?PR?_WRITEDISPDATA?LCD

?PR?_TP_GETPOSITION?TP                           -----    -----      0294H    001BH
  +--> ?PR?_TP_WRITE?TP
  +--> ?PR?TP_READ?TP

?PR?_TP_WRITE?TP                                 -----    -----      02AFH    0001H

?PR?TP_READ?TP                                   -----    -----      02AFH    0005H

?PR?_PUTPIXEL?LCD                                0059H    0002H      -----    -----
  +--> ?PR?_?BLOCKWRITE?LCD
  +--> ?PR?_WRITEDISPDATA?LCD



SYMBOL TABLE OF MODULE:  CTC24+ILI9341V_ZT_L8 (MAIN)

  VALUE           TYPE          NAME
  ----------------------------------

  -------         MODULE        MAIN
  C:0000H         SYMBOL        _ICE_DUMMY_
BL51 BANKED LINKER/LOCATER V6.22                                                      02/28/2022  10:47:29  PAGE 8


  D:0080H         PUBLIC        P0
  X:0000H         PUBLIC        f_down
  D:0090H         PUBLIC        P1
  D:00B0H         PUBLIC        P3
  C:35FAH         PUBLIC        USB_MaxPower
  B:00B0H.6       PUBLIC        KEY_STEP
  D:00A4H         PUBLIC        P0MDOUT
  D:00A5H         PUBLIC        P1MDOUT
  D:00A6H         PUBLIC        P2MDOUT
  D:00A7H         PUBLIC        P3MDOUT
  D:00AEH         PUBLIC        P4MDOUT
  B:0080H.6       PUBLIC        OE
  D:00D9H         PUBLIC        PCA0MD
  C:1EB6H         PUBLIC        USB_API_TEST_ISR
  C:003DH         PUBLIC        Suspend_Device
  C:350CH         PUBLIC        _StopDelay
  D:00E1H         PUBLIC        XBR0
  D:00E2H         PUBLIC        XBR1
  B:00B0H.1       PUBLIC        RS
  C:3745H         PUBLIC        main
  X:0001H         PUBLIC        VerifyCode0
  X:0002H         PUBLIC        VerifyCode1
  C:35C4H         PUBLIC        USB_PID
  X:0003H         PUBLIC        VerifyCode2
  D:00F1H         PUBLIC        P0MDIN
  D:00F2H         PUBLIC        P1MDIN
  C:35C6H         PUBLIC        USB_MfrStr
  D:00F4H         PUBLIC        P3MDIN
  C:35C2H         PUBLIC        USB_VID
  D:00F8H         PUBLIC        SPI0CN
  X:0004H         PUBLIC        pic
  C:3273H         PUBLIC        Devices_Init
  C:008EH         PUBLIC        ConnToUSB
  D:00A9H         PUBLIC        CLKSEL
  D:00B2H         PUBLIC        OSCICN
  C:35FBH         PUBLIC        USB_PwAttributes
  C:38E5H         PUBLIC        WaitKey
  C:35FEH         SYMBOL        _?ix1000
  B:00B0H.0       PUBLIC        CS0
  X:0005H         PUBLIC        bf
  C:35FCH         PUBLIC        USB_bcdDevice
  D:00B9H         PUBLIC        CLKMUL
  X:0007H         PUBLIC        f_debug
  X:0008H         PUBLIC        sd
  X:02D4H         PUBLIC        Packet
  C:3646H         PUBLIC        MCU_Init
  B:0080H.7       PUBLIC        DIR
  D:00EFH         PUBLIC        RSTSRC
  X:000CH         PUBLIC        f_read
  C:35F0H         PUBLIC        USB_SerialStr
  X:000DH         PUBLIC        f_other
  C:35E0H         PUBLIC        USB_ProductStr
  X:000EH         PUBLIC        f_para
  D:00A1H         PUBLIC        SPI0CFG
  C:3822H         PUBLIC        _Delay
  B:00B0H.7       PUBLIC        KEY_Stop
  X:000FH         PUBLIC        f_init
BL51 BANKED LINKER/LOCATER V6.22                                                      02/28/2022  10:47:29  PAGE 9


  -------         PROC          MAIN
  C:3745H         LINE#         40
  C:3745H         LINE#         41
  C:3745H         LINE#         46
  C:3748H         LINE#         53
  C:374BH         LINE#         54
  C:374BH         LINE#         72
  C:3754H         LINE#         78
  C:375DH         LINE#         79
  C:3766H         LINE#         85
  C:3769H         LINE#         87
  C:376BH         LINE#         89
  -------         ENDPROC       MAIN
  -------         PROC          _DELAY
  D:0006H         SYMBOL        dly
  -------         DO            
  D:0004H         SYMBOL        i
  D:0002H         SYMBOL        j
  -------         ENDDO         
  C:3822H         LINE#         91
  C:3822H         LINE#         92
  C:3822H         LINE#         95
  C:382CH         LINE#         96
  C:3840H         LINE#         97
  -------         ENDPROC       _DELAY
  C:3508H         SYMBOL        L?0133
  -------         PROC          L?0132
  -------         ENDPROC       L?0132
  C:3508H         SYMBOL        L?0133
  -------         PROC          _STOPDELAY
  X:0059H         SYMBOL        sdly
  -------         DO            
  D:0006H         SYMBOL        i
  D:0004H         SYMBOL        j
  X:005BH         SYMBOL        k
  -------         ENDDO         
  C:350CH         LINE#         99
  C:3513H         LINE#         100
  C:3513H         LINE#         102
  C:3518H         LINE#         103
  C:3518H         LINE#         104
  C:351BH         LINE#         105
  C:351BH         LINE#         106
  C:3528H         LINE#         107
  C:353CH         LINE#         108
  C:353CH         LINE#         110
  C:353CH         LINE#         111
  C:3546H         LINE#         112
  C:3546H         LINE#         113
  C:355CH         LINE#         114
  -------         ENDPROC       _STOPDELAY
  -------         PROC          WAITKEY
  C:38E5H         LINE#         144
  C:38E5H         LINE#         145
  C:38E5H         LINE#         147
  C:38E8H         LINE#         148
  C:38E8H         LINE#         150
BL51 BANKED LINKER/LOCATER V6.22                                                      02/28/2022  10:47:29  PAGE 10


  C:38EBH         LINE#         152
  C:38EDH         LINE#         153
  C:38F4H         LINE#         154
  C:38F7H         LINE#         156
  -------         ENDPROC       WAITKEY
  -------         PROC          CONNTOUSB
  -------         DO            
  X:005DH         SYMBOL        i
  X:027CH         SYMBOL        reg_data
  X:0294H         SYMBOL        para_data
  D:0007H         SYMBOL        dat
  X:005EH         SYMBOL        reg_index
  X:0060H         SYMBOL        data_num
  X:0061H         SYMBOL        st
  -------         ENDDO         
  C:008EH         LINE#         162
  C:008EH         LINE#         163
  C:008EH         LINE#         170
  C:00A1H         LINE#         172
  C:00A9H         LINE#         173
  C:00A9H         LINE#         174
  C:00B7H         LINE#         175
  C:00B7H         LINE#         176
  C:00C8H         LINE#         177
  C:00C8H         LINE#         178
  C:00EEH         LINE#         179
  C:00F0H         LINE#         180
  C:0104H         LINE#         181
  C:0104H         LINE#         182
  C:012AH         LINE#         184
  C:012AH         LINE#         185
  C:012AH         LINE#         186
  C:012AH         LINE#         188
  C:012AH         LINE#         189
  C:0132H         LINE#         190
  C:013CH         LINE#         191
  C:0146H         LINE#         193
  C:0162H         LINE#         195
  C:016CH         LINE#         196
  C:016CH         LINE#         197
  C:017DH         LINE#         198
  C:017DH         LINE#         199
  C:018EH         LINE#         200
  C:018EH         LINE#         201
  C:01E1H         LINE#         202
  C:01E3H         LINE#         203
  C:01F9H         LINE#         204
  C:01F9H         LINE#         205
  C:024BH         LINE#         206
  C:024BH         LINE#         207
  C:024BH         LINE#         208
  C:024BH         LINE#         210
  C:024BH         LINE#         211
  C:0253H         LINE#         212
  C:0253H         LINE#         213
  C:025DH         LINE#         214
  C:0267H         LINE#         216
BL51 BANKED LINKER/LOCATER V6.22                                                      02/28/2022  10:47:29  PAGE 11


  C:026BH         LINE#         217
  C:026EH         LINE#         221
  C:0276H         LINE#         222
  C:0276H         LINE#         223
  C:0285H         LINE#         224
  C:0285H         LINE#         225
  C:0287H         LINE#         227
  C:0289H         LINE#         228
  C:02A5H         LINE#         229
  C:02A7H         LINE#         231
  C:02D0H         LINE#         232
  C:02F4H         LINE#         233
  C:02FEH         LINE#         234
  C:02FEH         LINE#         235
  C:0306H         LINE#         236
  C:030DH         LINE#         237
  C:0318H         LINE#         238
  C:031EH         LINE#         239
  C:031EH         LINE#         240
  C:0327H         LINE#         242
  C:032BH         LINE#         243
  C:0337H         LINE#         244
  C:033AH         LINE#         247
  C:0342H         LINE#         248
  C:0342H         LINE#         249
  C:034BH         LINE#         250
  C:034BH         LINE#         251
  C:035BH         LINE#         252
  C:035BH         LINE#         253
  C:035DH         LINE#         255
  C:035FH         LINE#         256
  C:037BH         LINE#         257
  C:037DH         LINE#         259
  C:03A6H         LINE#         260
  C:03CAH         LINE#         262
  C:03D4H         LINE#         263
  C:03D4H         LINE#         264
  C:03DCH         LINE#         265
  C:03E3H         LINE#         266
  C:03EEH         LINE#         267
  C:03F4H         LINE#         268
  C:03F4H         LINE#         270
  C:03FDH         LINE#         276
  C:03FDH         LINE#         277
  C:040AH         LINE#         278
  C:040AH         LINE#         279
  C:040CH         LINE#         281
  C:040EH         LINE#         282
  C:042AH         LINE#         283
  C:042CH         LINE#         285
  C:0434H         LINE#         286
  C:0438H         LINE#         287
  C:0444H         LINE#         288
  C:0444H         LINE#         289
  C:0447H         LINE#         292
  C:044FH         LINE#         293
  C:044FH         LINE#         294
BL51 BANKED LINKER/LOCATER V6.22                                                      02/28/2022  10:47:29  PAGE 12


  C:0460H         LINE#         295
  C:0460H         LINE#         296
  C:046DH         LINE#         297
  C:046DH         LINE#         298
  C:048BH         LINE#         299
  C:048DH         LINE#         300
  C:049DH         LINE#         301
  C:049DH         LINE#         302
  C:04BBH         LINE#         303
  C:04BDH         LINE#         304
  C:04CEH         LINE#         305
  C:04CEH         LINE#         306
  C:04D8H         LINE#         307
  C:04E2H         LINE#         308
  C:04E2H         LINE#         309
  C:04E2H         LINE#         310
  C:04E2H         LINE#         312
  C:04E2H         LINE#         313
  C:04EBH         LINE#         314
  C:04EFH         LINE#         315
  C:04FBH         LINE#         316
  C:04FEH         LINE#         319
  C:0506H         LINE#         320
  C:0506H         LINE#         321
  C:0513H         LINE#         322
  C:0524H         LINE#         324
  C:052DH         LINE#         325
  C:053CH         LINE#         327
  C:0544H         LINE#         328
  C:0544H         LINE#         329
  C:054DH         LINE#         330
  C:055CH         LINE#         331
  C:055CH         LINE#         332
  C:055FH         LINE#         333
  C:056EH         LINE#         334
  C:057AH         LINE#         335
  C:0580H         LINE#         336
  C:0580H         LINE#         338
  C:0584H         LINE#         339
  C:0593H         LINE#         341
  C:059AH         LINE#         342
  C:05B6H         LINE#         343
  C:05C0H         LINE#         344
  C:05C0H         LINE#         345
  C:05E6H         LINE#         346
  C:05F9H         LINE#         347
  C:05F9H         LINE#         348
  C:064BH         LINE#         349
  C:0653H         LINE#         350
  C:0653H         LINE#         351
  C:0653H         LINE#         354
  C:0658H         LINE#         355
  C:0658H         LINE#         356
  C:0665H         LINE#         357
  C:0676H         LINE#         359
  C:067CH         LINE#         360
  C:0680H         LINE#         361
BL51 BANKED LINKER/LOCATER V6.22                                                      02/28/2022  10:47:29  PAGE 13


  C:0683H         LINE#         362
  C:0687H         LINE#         364
  C:068BH         LINE#         365
  C:0697H         LINE#         366
  C:0699H         LINE#         367
  -------         ENDPROC       CONNTOUSB
  -------         PROC          MCU_INIT
  -------         DO            
  D:0007H         SYMBOL        n
  -------         ENDDO         
  C:3646H         LINE#         370
  C:3646H         LINE#         371
  C:3646H         LINE#         373
  C:3649H         LINE#         376
  C:364CH         LINE#         377
  C:364FH         LINE#         379
  C:3652H         LINE#         381
  C:3658H         LINE#         383
  C:365BH         LINE#         384
  C:3660H         LINE#         385
  C:3663H         LINE#         387
  C:3666H         LINE#         390
  C:3669H         LINE#         391
  C:366CH         LINE#         393
  C:366FH         LINE#         394
  C:3672H         LINE#         396
  C:3675H         LINE#         397
  C:3678H         LINE#         399
  C:367BH         LINE#         400
  C:367EH         LINE#         401
  C:3680H         LINE#         402
  C:3682H         LINE#         404
  C:3685H         LINE#         405
  C:3688H         LINE#         407
  -------         ENDPROC       MCU_INIT
  -------         PROC          DEVICES_INIT
  C:3273H         LINE#         409
  C:3273H         LINE#         410
  C:3273H         LINE#         412
  C:3276H         LINE#         415
  C:3279H         LINE#         416
  C:32D3H         LINE#         417
  C:32D6H         LINE#         420
  C:32D9H         LINE#         421
  C:32DCH         LINE#         429
  -------         ENDPROC       DEVICES_INIT
  -------         PROC          SUSPEND_DEVICE
  C:003DH         LINE#         433
  C:003DH         LINE#         434
  C:003DH         LINE#         435
  -------         ENDPROC       SUSPEND_DEVICE
  -------         PROC          USB_API_TEST_ISR
  -------         DO            
  X:0056H         SYMBOL        INTVAL
  -------         ENDDO         
  C:1EB6H         LINE#         439
  C:1ED3H         LINE#         441
BL51 BANKED LINKER/LOCATER V6.22                                                      02/28/2022  10:47:29  PAGE 14


  C:1EDAH         LINE#         443
  C:1EE0H         LINE#         444
  C:1EE0H         LINE#         445
  C:1EEBH         LINE#         447
  C:1F07H         LINE#         448
  C:1F07H         LINE#         449
  C:1F09H         LINE#         450
  C:1F0BH         LINE#         451
  C:1F21H         LINE#         452
  C:1F21H         LINE#         453
  C:1F23H         LINE#         454
  C:1F25H         LINE#         455
  C:1F3DH         LINE#         456
  C:1F3DH         LINE#         457
  C:1F3FH         LINE#         458
  C:1F41H         LINE#         459
  C:1F5BH         LINE#         460
  C:1F5BH         LINE#         461
  C:1F5DH         LINE#         462
  C:1F5FH         LINE#         463
  C:1F74H         LINE#         464
  C:1F74H         LINE#         465
  C:1F76H         LINE#         466
  C:1F78H         LINE#         468
  C:1F78H         LINE#         469
  C:1F7DH         LINE#         470
  C:1F7DH         LINE#         471
  C:1F7DH         LINE#         473
  C:1F7DH         LINE#         474
  C:1F7DH         LINE#         476
  C:1F7DH         LINE#         478
  C:1F83H         LINE#         479
  C:1F83H         LINE#         480
  C:1F86H         LINE#         481
  C:1F86H         LINE#         483
  C:1F8CH         LINE#         484
  C:1F8CH         LINE#         485
  C:1F8FH         LINE#         486
  C:1F8FH         LINE#         488
  C:1F95H         LINE#         489
  C:1F95H         LINE#         490
  C:1FB1H         LINE#         491
  C:1FB1H         LINE#         493
  C:1FB7H         LINE#         494
  C:1FB7H         LINE#         495
  C:1FBCH         LINE#         496
  C:1FD8H         LINE#         497
  C:1FD8H         LINE#         498
  -------         ENDPROC       USB_API_TEST_ISR
  -------         ENDMOD        MAIN

  -------         MODULE        MMC_SD
  C:0000H         SYMBOL        _ICE_DUMMY_
  D:00A2H         PUBLIC        SPI0CKR
  D:0080H         PUBLIC        P0
  D:0090H         PUBLIC        P1
  D:00B0H         PUBLIC        P3
BL51 BANKED LINKER/LOCATER V6.22                                                      02/28/2022  10:47:29  PAGE 15


  C:3118H         PUBLIC        _MMC_SD_SendCommand
  C:32DFH         PUBLIC        _MMC_SD_ReadSingleBlock
  C:38F8H         PUBLIC        SD_Init
  C:3025H         PUBLIC        _MMC_SD_WriteSingleBlock
  B:00F8H.7       PUBLIC        SPIF
  B:00F8H.2       PUBLIC        NSSMD0
  C:26FFH         PUBLIC        MMC_SD_Reset
  D:00A9H         PUBLIC        CLKSEL
  C:3923H         PUBLIC        SPI_ReadByte
  C:389CH         PUBLIC        _SPI_WriteByte
  D:00A3H         PUBLIC        SPI0DAT
  X:007CH         PUBLIC        buffer
  C:3890H         SYMBOL        L?0062
  C:3895H         SYMBOL        L?0063
  -------         PROC          L?0061
  -------         ENDPROC       L?0061
  C:3890H         SYMBOL        L?0062
  C:3895H         SYMBOL        L?0063
  -------         PROC          _SPI_WRITEBYTE
  D:0007H         SYMBOL        val
  -------         DO            
  D:0007H         SYMBOL        ret
  -------         ENDDO         
  C:389CH         LINE#         7
  C:389CH         LINE#         8
  C:389CH         LINE#         11
  C:389EH         LINE#         12
  C:38A1H         LINE#         13
  C:38A3H         LINE#         14
  C:38A5H         LINE#         15
  C:38A5H         LINE#         16
  -------         ENDPROC       _SPI_WRITEBYTE
  -------         PROC          SPI_READBYTE
  -------         DO            
  D:0007H         SYMBOL        ret
  -------         ENDDO         
  C:3923H         LINE#         18
  C:3923H         LINE#         19
  C:3923H         LINE#         22
  C:3926H         LINE#         23
  C:3929H         LINE#         24
  C:392BH         LINE#         25
  C:392DH         LINE#         26
  C:392DH         LINE#         27
  -------         ENDPROC       SPI_READBYTE
  -------         PROC          _MMC_SD_SENDCOMMAND
  D:0006H         SYMBOL        cmd
  X:0067H         SYMBOL        arg
  -------         DO            
  D:0007H         SYMBOL        r1
  D:0003H         SYMBOL        retry
  -------         ENDDO         
  C:3118H         LINE#         29
  C:311AH         LINE#         30
  C:311AH         LINE#         32
  C:311CH         LINE#         34
  C:311CH         LINE#         35
BL51 BANKED LINKER/LOCATER V6.22                                                      02/28/2022  10:47:29  PAGE 16


  C:311CH         LINE#         36
  C:311FH         LINE#         37
  C:311FH         LINE#         38
  C:311FH         LINE#         39
  C:3122H         LINE#         41
  C:3124H         LINE#         43
  C:312BH         LINE#         44
  C:3140H         LINE#         45
  C:3155H         LINE#         46
  C:316AH         LINE#         47
  C:3174H         LINE#         48
  C:3179H         LINE#         50
  C:3181H         LINE#         51
  C:318AH         LINE#         53
  C:318CH         LINE#         55
  C:318CH         LINE#         56
  -------         ENDPROC       _MMC_SD_SENDCOMMAND
  -------         PROC          MMC_SD_RESET
  -------         DO            
  D:0005H         SYMBOL        i
  D:0002H         SYMBOL        retry
  D:0006H         SYMBOL        r1
  -------         ENDDO         
  C:26FFH         LINE#         58
  C:26FFH         LINE#         59
  C:26FFH         LINE#         62
  C:2701H         LINE#         64
  C:2702H         LINE#         65
  C:2705H         LINE#         66
  C:2708H         LINE#         68
  C:2708H         LINE#         69
  C:2714H         LINE#         70
  C:2724H         LINE#         71
  C:2725H         LINE#         72
  C:272BH         LINE#         73
  C:272FH         LINE#         75
  C:2731H         LINE#         77
  C:2731H         LINE#         79
  C:2731H         LINE#         80
  C:2741H         LINE#         81
  C:2742H         LINE#         82
  C:274BH         LINE#         83
  C:274FH         LINE#         85
  C:2751H         LINE#         86
  C:2761H         LINE#         87
  C:2762H         LINE#         88
  C:276BH         LINE#         89
  C:276EH         LINE#         91
  C:2771H         LINE#         92
  C:2771H         LINE#         93
  C:2773H         LINE#         95
  C:2773H         LINE#         96
  C:2783H         LINE#         97
  C:2784H         LINE#         98
  C:278DH         LINE#         99
  C:2790H         LINE#         100
  C:2790H         LINE#         101
BL51 BANKED LINKER/LOCATER V6.22                                                      02/28/2022  10:47:29  PAGE 17


  C:27A0H         LINE#         103
  C:27AEH         LINE#         104
  C:27B1H         LINE#         105
  C:27B4H         LINE#         106
  C:27B5H         LINE#         107
  -------         ENDPROC       MMC_SD_RESET
  -------         PROC          _MMC_SD_READSINGLEBLOCK
  X:0010H         SYMBOL        sector
  -------         DO            
  D:0007H         SYMBOL        r1
  D:0004H         SYMBOL        i
  D:0002H         SYMBOL        retry
  -------         ENDDO         
  C:32DFH         LINE#         109
  C:32E4H         LINE#         110
  C:32E4H         LINE#         113
  C:32E6H         LINE#         115
  C:32E9H         LINE#         117
  C:32E9H         LINE#         118
  C:3305H         LINE#         119
  C:3306H         LINE#         120
  C:330FH         LINE#         121
  C:3312H         LINE#         124
  C:3314H         LINE#         126
  C:331AH         LINE#         128
  C:331DH         LINE#         129
  C:331DH         LINE#         130
  C:332CH         LINE#         131
  C:3339H         LINE#         133
  C:3339H         LINE#         134
  C:333CH         LINE#         136
  C:333EH         LINE#         137
  C:3341H         LINE#         138
  C:3342H         LINE#         139
  -------         ENDPROC       _MMC_SD_READSINGLEBLOCK
  -------         PROC          _MMC_SD_WRITESINGLEBLOCK
  X:0062H         SYMBOL        sector
  -------         DO            
  D:0006H         SYMBOL        r1
  D:0004H         SYMBOL        i
  D:0002H         SYMBOL        retry
  -------         ENDDO         
  C:3025H         LINE#         141
  C:302AH         LINE#         142
  C:302AH         LINE#         145
  C:302CH         LINE#         147
  C:302FH         LINE#         149
  C:302FH         LINE#         150
  C:304DH         LINE#         151
  C:304EH         LINE#         152
  C:3057H         LINE#         153
  C:305AH         LINE#         157
  C:305CH         LINE#         159
  C:3061H         LINE#         161
  C:3066H         LINE#         163
  C:3068H         LINE#         164
  C:3068H         LINE#         165
BL51 BANKED LINKER/LOCATER V6.22                                                      02/28/2022  10:47:29  PAGE 18


  C:3077H         LINE#         166
  C:3084H         LINE#         168
  C:3084H         LINE#         169
  C:3084H         LINE#         171
  C:3089H         LINE#         173
  C:3090H         LINE#         174
  C:3090H         LINE#         175
  C:3092H         LINE#         176
  C:3093H         LINE#         177
  C:3093H         LINE#         179
  C:309BH         LINE#         181
  C:309DH         LINE#         182
  C:30A0H         LINE#         183
  C:30A1H         LINE#         184
  -------         ENDPROC       _MMC_SD_WRITESINGLEBLOCK
  -------         PROC          SD_INIT
  -------         DO            
  D:0001H         SYMBOL        n
  -------         ENDDO         
  C:38F8H         LINE#         187
  C:38F8H         LINE#         188
  C:38F8H         LINE#         189
  C:38FAH         LINE#         191
  C:3900H         LINE#         192
  C:3900H         LINE#         193
  C:3901H         LINE#         194
  C:3908H         LINE#         196
  -------         ENDPROC       SD_INIT
  -------         ENDMOD        MMC_SD

  -------         MODULE        LCD
  C:0000H         SYMBOL        _ICE_DUMMY_
  D:0080H         PUBLIC        P0
  C:29CAH         PUBLIC        DispFrame
  D:0090H         PUBLIC        P1
  C:2A6EH         PUBLIC        DispScaleVer_Green
  D:00A0H         PUBLIC        P2
  D:00B0H         PUBLIC        P3
  D:00C7H         PUBLIC        P4
  C:1BD7H         PUBLIC        DispBand
  C:3862H         PUBLIC        _WriteData
  C:069AH         PUBLIC        ascii
  C:123FH         PUBLIC        _LCD_Read_IC_ID
  D:00A6H         PUBLIC        P2MDOUT
  C:0046H         PUBLIC        _DispColor
  C:2F19H         PUBLIC        DispScaleVer_Blue
  C:2DFDH         PUBLIC        _DrawGird
  C:2F9FH         PUBLIC        _DrawLine
  C:38BCH         PUBLIC        _WriteComm
  C:3703H         PUBLIC        _WriteDispData
  C:2D6CH         PUBLIC        DispScaleVer_Gray
  B:00B0H.1       PUBLIC        RS
  B:0090H.7       PUBLIC        SPI_CLK
  C:2CDBH         PUBLIC        DispScaleVer_Red
  D:00F3H         PUBLIC        P2MDIN
  C:212AH         PUBLIC        DispScaleVer
  C:3343H         PUBLIC        _DispPic
BL51 BANKED LINKER/LOCATER V6.22                                                      02/28/2022  10:47:29  PAGE 19


  C:2664H         PUBLIC        _DispOneChar
  C:30A2H         PUBLIC        DispGrayHor32
  C:2BAAH         PUBLIC        DispGrayHor16
  C:27B6H         PUBLIC        _DispInt
  C:355DH         PUBLIC        _PutPixel
  D:00A9H         PUBLIC        CLKSEL
  B:0090H.6       PUBLIC        RD0
  B:00B0H.0       PUBLIC        CS0
  X:0054H         PUBLIC        LCM_ID
  C:1697H         PUBLIC        LCD_Init
  C:2C45H         PUBLIC        _DispStr
  B:0090H.7       PUBLIC        WR0
  C:1471H         PUBLIC        DispScaleHor1
  B:0090H.6       PUBLIC        SPI_DI
  C:392EH         PUBLIC        _WriteOneDot
  C:1A1DH         PUBLIC        DispScaleHor2
  C:247EH         PUBLIC        _DispPicFromSD
  B:0080H.7       PUBLIC        DIR
  C:33A4H         PUBLIC        _ToOrd
  B:0080H.5       PUBLIC        RST
  C:38A6H         PUBLIC        ReadData
  C:2B28H         PUBLIC        _?BlockWrite
  -------         PROC          _LCD_READ_IC_ID
  X:0062H         SYMBOL        ID
  D:0004H         SYMBOL        Bug
  D:0003H         SYMBOL        flog
  -------         DO            
  X:0063H         SYMBOL        id
  X:0065H         SYMBOL        id1
  X:0067H         SYMBOL        temp
  D:0005H         SYMBOL        i
  D:0007H         SYMBOL        dat
  D:0001H         SYMBOL        id2
  X:0069H         SYMBOL        id3
  D:0002H         SYMBOL        id4
  -------         ENDDO         
  C:123FH         LINE#         35
  C:1243H         LINE#         36
  C:1243H         LINE#         40
  C:124BH         LINE#         41
  C:124BH         LINE#         43
  C:124DH         LINE#         44
  C:124FH         LINE#         45
  C:1251H         LINE#         47
  C:1254H         LINE#         48
  C:1256H         LINE#         49
  C:1258H         LINE#         50
  C:125AH         LINE#         53
  C:125DH         LINE#         54
  C:1260H         LINE#         55
  C:1263H         LINE#         56
  C:1265H         LINE#         57
  C:1267H         LINE#         58
  C:1269H         LINE#         63
  C:1273H         LINE#         65
  C:1279H         LINE#         66
  C:1281H         LINE#         68
BL51 BANKED LINKER/LOCATER V6.22                                                      02/28/2022  10:47:29  PAGE 20


  C:1287H         LINE#         69
  C:128DH         LINE#         70
  C:1297H         LINE#         72
  C:129DH         LINE#         73
  C:129FH         LINE#         75
  C:12A5H         LINE#         77
  C:12ABH         LINE#         78
  C:12B5H         LINE#         80
  C:12BBH         LINE#         81
  C:12C0H         LINE#         83
  C:12C6H         LINE#         85
  C:12D0H         LINE#         86
  C:12DAH         LINE#         88
  C:12E0H         LINE#         89
  C:12E2H         LINE#         91
  C:12F2H         LINE#         92
  C:12FCH         LINE#         94
  C:12FFH         LINE#         95
  C:1303H         LINE#         96
  C:1303H         LINE#         97
  C:130CH         LINE#         98
  C:1312H         LINE#         99
  C:1312H         LINE#         100
  C:131CH         LINE#         101
  C:131EH         LINE#         102
  C:1322H         LINE#         103
  C:1322H         LINE#         104
  C:1331H         LINE#         105
  C:1331H         LINE#         108
  C:1331H         LINE#         109
  C:133AH         LINE#         110
  C:133AH         LINE#         112
  C:133DH         LINE#         113
  C:1341H         LINE#         114
  C:1343H         LINE#         115
  C:1345H         LINE#         116
  C:1347H         LINE#         117
  C:1347H         LINE#         118
  C:1349H         LINE#         119
  C:1351H         LINE#         120
  C:1353H         LINE#         122
  C:1355H         LINE#         123
  C:1359H         LINE#         124
  C:135EH         LINE#         125
  C:1361H         LINE#         128
  C:136BH         LINE#         129
  C:136BH         LINE#         130
  C:136DH         LINE#         131
  C:136DH         LINE#         132
  C:136FH         LINE#         133
  C:1371H         LINE#         134
  C:1373H         LINE#         135
  C:138AH         LINE#         136
  C:138CH         LINE#         137
  C:138EH         LINE#         138
  C:1395H         LINE#         139
  C:139FH         LINE#         140
BL51 BANKED LINKER/LOCATER V6.22                                                      02/28/2022  10:47:29  PAGE 21


  C:139FH         LINE#         141
  C:13A1H         LINE#         142
  C:13A1H         LINE#         143
  C:13A3H         LINE#         144
  C:13A5H         LINE#         145
  C:13A7H         LINE#         146
  C:13BEH         LINE#         147
  C:13C0H         LINE#         148
  C:13C2H         LINE#         149
  C:13C7H         LINE#         150
  C:13C7H         LINE#         152
  C:13C9H         LINE#         153
  C:13C9H         LINE#         154
  C:13CBH         LINE#         155
  C:13CDH         LINE#         156
  C:13CFH         LINE#         157
  C:13E6H         LINE#         158
  C:13E8H         LINE#         159
  C:13EAH         LINE#         160
  C:13EFH         LINE#         162
  C:13F1H         LINE#         163
  C:13F1H         LINE#         164
  C:13F3H         LINE#         165
  C:13F5H         LINE#         166
  C:13F7H         LINE#         167
  C:1401H         LINE#         168
  C:1403H         LINE#         169
  C:1405H         LINE#         170
  C:140AH         LINE#         172
  C:140CH         LINE#         173
  C:140CH         LINE#         174
  C:140EH         LINE#         175
  C:1410H         LINE#         176
  C:1412H         LINE#         177
  C:141EH         LINE#         178
  C:1420H         LINE#         179
  C:1422H         LINE#         180
  C:1427H         LINE#         181
  C:142AH         LINE#         182
  C:142CH         LINE#         183
  C:142EH         LINE#         184
  C:1430H         LINE#         185
  C:1432H         LINE#         186
  C:1434H         LINE#         187
  C:1436H         LINE#         189
  C:143AH         LINE#         190
  C:143AH         LINE#         191
  C:144AH         LINE#         193
  C:1455H         LINE#         194
  C:1455H         LINE#         195
  C:1455H         LINE#         197
  C:145BH         LINE#         198
  C:145BH         LINE#         199
  C:1467H         LINE#         200
  C:1467H         LINE#         202
  C:1467H         LINE#         203
  C:1469H         LINE#         204
BL51 BANKED LINKER/LOCATER V6.22                                                      02/28/2022  10:47:29  PAGE 22


  C:1470H         LINE#         205
  -------         ENDPROC       _LCD_READ_IC_ID
  -------         PROC          _WRITECOMM
  D:0004H         SYMBOL        i
  -------         DO            
  X:007AH         SYMBOL        j
  X:007BH         SYMBOL        DataH
  -------         ENDDO         
  C:38BCH         LINE#         208
  C:38BEH         LINE#         209
  C:38BEH         LINE#         211
  C:38C2H         LINE#         212
  C:38C4H         LINE#         215
  C:38C4H         LINE#         216
  C:38C6H         LINE#         217
  C:38C8H         LINE#         218
  C:38CAH         LINE#         219
  C:38CCH         LINE#         220
  C:38CEH         LINE#         221
  C:38CEH         LINE#         319
  C:38D0H         LINE#         320
  -------         ENDPROC       _WRITECOMM
  -------         PROC          L?0451
  -------         ENDPROC       L?0451
  -------         PROC          _WRITEDATA
  D:0004H         SYMBOL        i
  -------         DO            
  X:007AH         SYMBOL        j
  X:007BH         SYMBOL        DataH
  -------         ENDDO         
  C:3862H         LINE#         322
  C:3864H         LINE#         323
  C:3864H         LINE#         325
  C:3868H         LINE#         326
  C:386AH         LINE#         329
  C:386AH         LINE#         330
  C:386CH         LINE#         331
  C:386EH         LINE#         332
  C:3870H         LINE#         333
  C:3872H         LINE#         334
  C:3874H         LINE#         335
  C:3874H         LINE#         514
  C:3876H         LINE#         515
  -------         ENDPROC       _WRITEDATA
  C:36EEH         SYMBOL        L?0450
  -------         PROC          L?0449
  -------         ENDPROC       L?0449
  C:36EEH         SYMBOL        L?0450
  -------         PROC          _WRITEDISPDATA
  D:0007H         SYMBOL        DataH
  D:0005H         SYMBOL        DataL
  -------         DO            
  X:007AH         SYMBOL        j
  -------         ENDDO         
  C:3703H         LINE#         517
  C:3703H         LINE#         518
  C:3703H         LINE#         520
BL51 BANKED LINKER/LOCATER V6.22                                                      02/28/2022  10:47:29  PAGE 23


  C:3705H         LINE#         523
  C:3705H         LINE#         524
  C:3707H         LINE#         525
  C:3709H         LINE#         526
  C:370BH         LINE#         527
  C:370DH         LINE#         528
  C:370FH         LINE#         529
  C:3713H         LINE#         530
  C:3715H         LINE#         531
  C:3717H         LINE#         532
  C:3717H         LINE#         639
  C:3719H         LINE#         640
  -------         ENDPROC       _WRITEDISPDATA
  -------         PROC          _WRITEONEDOT
  D:0004H         SYMBOL        color
  C:392EH         LINE#         642
  C:3932H         LINE#         643
  C:3932H         LINE#         656
  -------         ENDPROC       _WRITEONEDOT
  -------         PROC          LCD_INIT
  C:1697H         LINE#         665
  C:1697H         LINE#         666
  C:1697H         LINE#         667
  C:169AH         LINE#         670
  C:169CH         LINE#         671
  C:16A3H         LINE#         673
  C:16A5H         LINE#         674
  C:16ACH         LINE#         676
  C:16AEH         LINE#         677
  C:16B5H         LINE#         3349
  C:16BCH         LINE#         3350
  C:16C1H         LINE#         3351
  C:16C6H         LINE#         3352
  C:16CBH         LINE#         3354
  C:16D0H         LINE#         3355
  C:16D5H         LINE#         3356
  C:16DAH         LINE#         3357
  C:16DFH         LINE#         3358
  C:16E4H         LINE#         3360
  C:16E9H         LINE#         3361
  C:16EEH         LINE#         3362
  C:16F3H         LINE#         3363
  C:16F8H         LINE#         3365
  C:16FDH         LINE#         3366
  C:1702H         LINE#         3367
  C:1707H         LINE#         3368
  C:170CH         LINE#         3369
  C:1711H         LINE#         3370
  C:1716H         LINE#         3372
  C:171BH         LINE#         3373
  C:1720H         LINE#         3375
  C:1725H         LINE#         3376
  C:172AH         LINE#         3377
  C:172DH         LINE#         3379
  C:1732H         LINE#         3380
  C:1737H         LINE#         3382
  C:173CH         LINE#         3383
BL51 BANKED LINKER/LOCATER V6.22                                                      02/28/2022  10:47:29  PAGE 24


  C:1741H         LINE#         3385
  C:1746H         LINE#         3386
  C:174BH         LINE#         3387
  C:1750H         LINE#         3389
  C:1755H         LINE#         3390
  C:175AH         LINE#         3392
  C:175FH         LINE#         3393
  C:1764H         LINE#         3395
  C:1769H         LINE#         3396
  C:176EH         LINE#         3397
  C:1773H         LINE#         3398
  C:1778H         LINE#         3399
  C:177DH         LINE#         3401
  C:1782H         LINE#         3402
  C:1787H         LINE#         3403
  C:178CH         LINE#         3405
  C:1791H         LINE#         3406
  C:1796H         LINE#         3407
  C:179BH         LINE#         3409
  C:17A0H         LINE#         3410
  C:17A5H         LINE#         3412
  C:17AAH         LINE#         3413
  C:17AFH         LINE#         3415
  C:17B4H         LINE#         3416
  C:17B9H         LINE#         3417
  C:17BEH         LINE#         3418
  C:17C3H         LINE#         3419
  C:17C8H         LINE#         3420
  C:17CDH         LINE#         3421
  C:17D2H         LINE#         3422
  C:17D7H         LINE#         3423
  C:17DCH         LINE#         3424
  C:17E1H         LINE#         3425
  C:17E6H         LINE#         3426
  C:17EBH         LINE#         3427
  C:17F0H         LINE#         3428
  C:17F5H         LINE#         3429
  C:17F8H         LINE#         3430
  C:17FDH         LINE#         3432
  C:1802H         LINE#         3433
  C:1807H         LINE#         3434
  C:180CH         LINE#         3435
  C:1811H         LINE#         3436
  C:1816H         LINE#         3437
  C:181BH         LINE#         3438
  C:1820H         LINE#         3439
  C:1825H         LINE#         3440
  C:182AH         LINE#         3441
  C:182FH         LINE#         3442
  C:1834H         LINE#         3443
  C:1839H         LINE#         3444
  C:183EH         LINE#         3445
  C:1843H         LINE#         3446
  C:1846H         LINE#         3447
  C:184BH         LINE#         3449
  C:1850H         LINE#         3450
  C:1855H         LINE#         3451
BL51 BANKED LINKER/LOCATER V6.22                                                      02/28/2022  10:47:29  PAGE 25


  -------         ENDPROC       LCD_INIT
  C:2B0FH         SYMBOL        L?0443
  C:2B15H         SYMBOL        L?0444
  C:2B1EH         SYMBOL        L?0445
  -------         PROC          L?0442
  -------         ENDPROC       L?0442
  C:2B0FH         SYMBOL        L?0443
  C:2B15H         SYMBOL        L?0444
  C:2B1EH         SYMBOL        L?0445
  -------         PROC          _?BLOCKWRITE
  p:0000H         SYMBOL        Xstart
  p:0002H         SYMBOL        Xend
  p:0004H         SYMBOL        Ystart
  p:0006H         SYMBOL        Yend
  C:2B28H         LINE#         6982
  C:2B49H         LINE#         7129
  C:2B50H         LINE#         7130
  C:2B57H         LINE#         7131
  C:2B5FH         LINE#         7132
  C:2B6AH         LINE#         7133
  C:2B74H         LINE#         7135
  C:2B79H         LINE#         7136
  C:2B83H         LINE#         7138
  C:2B8AH         LINE#         7139
  C:2B94H         LINE#         7140
  C:2B9BH         LINE#         7146
  C:2BA0H         LINE#         7149
  C:2BA3H         LINE#         7154
  -------         ENDPROC       _?BLOCKWRITE
  -------         PROC          _DISPCOLOR
  D:0004H         SYMBOL        color
  -------         DO            
  X:0059H         SYMBOL        i
  D:0002H         SYMBOL        m
  X:005BH         SYMBOL        DataH
  X:005CH         SYMBOL        DataL
  -------         ENDDO         
  C:0046H         LINE#         7211
  C:0048H         LINE#         7212
  C:0048H         LINE#         7215
  C:004EH         LINE#         7217
  C:0051H         LINE#         7219
  C:0053H         LINE#         7220
  C:0059H         LINE#         7221
  C:0059H         LINE#         7222
  C:005CH         LINE#         7223
  C:005CH         LINE#         7224
  C:0066H         LINE#         7225
  C:0071H         LINE#         7226
  C:0087H         LINE#         7228
  C:0089H         LINE#         7229
  -------         ENDPROC       _DISPCOLOR
  -------         PROC          DISPFRAME
  -------         DO            
  D:0002H         SYMBOL        i
  X:0059H         SYMBOL        j
  D:0001H         SYMBOL        DataH
BL51 BANKED LINKER/LOCATER V6.22                                                      02/28/2022  10:47:29  PAGE 26


  D:0006H         SYMBOL        DataL
  -------         ENDDO         
  C:29CAH         LINE#         7231
  C:29CAH         LINE#         7232
  C:29CAH         LINE#         7235
  C:29CDH         LINE#         7237
  C:29CFH         LINE#         7240
  C:29D3H         LINE#         7241
  C:29D9H         LINE#         7243
  C:29D9H         LINE#         7244
  C:29D9H         LINE#         7245
  C:29DDH         LINE#         7246
  C:29E4H         LINE#         7247
  C:29EFH         LINE#         7249
  C:29F3H         LINE#         7250
  C:29F9H         LINE#         7252
  C:29FEH         LINE#         7253
  C:29FEH         LINE#         7254
  C:2A02H         LINE#         7255
  C:2A08H         LINE#         7257
  C:2A0AH         LINE#         7258
  C:2A0AH         LINE#         7259
  C:2A0DH         LINE#         7260
  C:2A12H         LINE#         7261
  C:2A1DH         LINE#         7263
  C:2A21H         LINE#         7264
  C:2A27H         LINE#         7266
  C:2A3DH         LINE#         7268
  C:2A41H         LINE#         7269
  C:2A47H         LINE#         7271
  C:2A49H         LINE#         7272
  C:2A49H         LINE#         7273
  C:2A4DH         LINE#         7274
  C:2A54H         LINE#         7275
  C:2A5FH         LINE#         7277
  C:2A63H         LINE#         7278
  C:2A69H         LINE#         7280
  C:2A6BH         LINE#         7281
  C:2A6DH         LINE#         7282
  -------         ENDPROC       DISPFRAME
  -------         PROC          DISPBAND
  -------         DO            
  D:0002H         SYMBOL        i
  X:0059H         SYMBOL        j
  X:005AH         SYMBOL        k
  X:005BH         SYMBOL        m
  X:005CH         SYMBOL        n
  X:005DH         SYMBOL        x
  -------         ENDDO         
  C:1BD7H         LINE#         7284
  C:1BD7H         LINE#         7285
  C:1BD7H         LINE#         7288
  C:1BE0H         LINE#         7289
  C:1BE9H         LINE#         7290
  C:1BEBH         LINE#         7292
  C:1BF3H         LINE#         7293
  C:1BFFH         LINE#         7294
BL51 BANKED LINKER/LOCATER V6.22                                                      02/28/2022  10:47:29  PAGE 27


  C:1BFFH         LINE#         7295
  C:1C1AH         LINE#         7296
  C:1C35H         LINE#         7297
  C:1C61H         LINE#         7298
  C:1C68H         LINE#         7299
  C:1C77H         LINE#         7300
  C:1C77H         LINE#         7301
  C:1C92H         LINE#         7302
  C:1CADH         LINE#         7303
  C:1CD9H         LINE#         7304
  C:1CE0H         LINE#         7305
  C:1CF6H         LINE#         7306
  C:1CF6H         LINE#         7307
  C:1D11H         LINE#         7308
  C:1D2CH         LINE#         7309
  C:1D58H         LINE#         7310
  C:1D5FH         LINE#         7312
  C:1D61H         LINE#         7313
  C:1D64H         LINE#         7315
  -------         ENDPROC       DISPBAND
  -------         PROC          _DISPPIC
  D:0006H         SYMBOL        picture
  -------         DO            
  X:0014H         SYMBOL        p
  X:0017H         SYMBOL        n
  -------         ENDDO         
  C:3343H         LINE#         7318
  C:3343H         LINE#         7319
  C:3343H         LINE#         7322
  C:3352H         LINE#         7323
  C:3352H         LINE#         7324
  C:3352H         LINE#         7326
  C:3363H         LINE#         7328
  C:3376H         LINE#         7329
  C:3376H         LINE#         7330
  C:3396H         LINE#         7331
  C:33A3H         LINE#         7333
  -------         ENDPROC       _DISPPIC
  -------         PROC          _DISPPICFROMSD
  X:0019H         SYMBOL        PicNum
  -------         DO            
  X:001AH         SYMBOL        Address_S
  X:001EH         SYMBOL        Address_E
  D:0002H         SYMBOL        i
  X:0022H         SYMBOL        k
  -------         ENDDO         
  C:247EH         LINE#         7337
  C:2481H         LINE#         7338
  C:2481H         LINE#         7344
  C:2484H         LINE#         7347
  C:2486H         LINE#         7349
  C:2488H         LINE#         7351
  C:2491H         LINE#         7352
  C:24BCH         LINE#         7353
  C:24E5H         LINE#         7354
  C:2508H         LINE#         7355
  C:2508H         LINE#         7356
BL51 BANKED LINKER/LOCATER V6.22                                                      02/28/2022  10:47:29  PAGE 28


  C:2518H         LINE#         7358
  C:2521H         LINE#         7359
  C:2521H         LINE#         7361
  C:253CH         LINE#         7362
  C:2545H         LINE#         7363
  C:2564H         LINE#         7365
  C:2566H         LINE#         7403
  -------         ENDPROC       _DISPPICFROMSD
  -------         PROC          DISPSCALEHOR1
  -------         DO            
  X:0026H         SYMBOL        i
  X:0028H         SYMBOL        j
  D:0002H         SYMBOL        k
  -------         ENDDO         
  C:1471H         LINE#         7408
  C:1471H         LINE#         7409
  C:1471H         LINE#         7412
  C:1474H         LINE#         7415
  C:1474H         LINE#         7416
  C:1474H         LINE#         7417
  C:1496H         LINE#         7418
  C:149CH         LINE#         7419
  C:149CH         LINE#         7420
  C:14A2H         LINE#         7421
  C:14A2H         LINE#         7422
  C:14B7H         LINE#         7423
  C:14CDH         LINE#         7424
  C:14E3H         LINE#         7426
  C:14EEH         LINE#         7429
  C:14F1H         LINE#         7430
  C:14F1H         LINE#         7431
  C:1513H         LINE#         7432
  C:1519H         LINE#         7433
  C:1519H         LINE#         7434
  C:151FH         LINE#         7435
  C:151FH         LINE#         7436
  C:154AH         LINE#         7437
  C:1560H         LINE#         7438
  C:1576H         LINE#         7439
  C:1584H         LINE#         7442
  C:1587H         LINE#         7443
  C:1587H         LINE#         7444
  C:15A9H         LINE#         7445
  C:15AFH         LINE#         7446
  C:15AFH         LINE#         7447
  C:15B5H         LINE#         7448
  C:15B5H         LINE#         7449
  C:15BFH         LINE#         7450
  C:15D5H         LINE#         7451
  C:15EBH         LINE#         7452
  C:15F6H         LINE#         7455
  C:15F9H         LINE#         7456
  C:15F9H         LINE#         7457
  C:161BH         LINE#         7458
  C:1621H         LINE#         7459
  C:1621H         LINE#         7460
  C:1627H         LINE#         7461
BL51 BANKED LINKER/LOCATER V6.22                                                      02/28/2022  10:47:29  PAGE 29


  C:1627H         LINE#         7462
  C:165AH         LINE#         7463
  C:1670H         LINE#         7464
  C:1686H         LINE#         7465
  C:1694H         LINE#         7466
  C:1696H         LINE#         7467
  -------         ENDPROC       DISPSCALEHOR1
  -------         PROC          DISPSCALEVER
  -------         DO            
  X:002AH         SYMBOL        i
  X:002CH         SYMBOL        j
  D:0002H         SYMBOL        k
  -------         ENDDO         
  C:212AH         LINE#         7469
  C:212AH         LINE#         7470
  C:212AH         LINE#         7539
  C:212DH         LINE#         7541
  C:2133H         LINE#         7542
  C:2133H         LINE#         7543
  C:2139H         LINE#         7544
  C:2139H         LINE#         7545
  C:213FH         LINE#         7546
  C:2155H         LINE#         7547
  C:215CH         LINE#         7549
  C:215FH         LINE#         7550
  C:215FH         LINE#         7552
  C:2165H         LINE#         7553
  C:2165H         LINE#         7555
  C:216BH         LINE#         7556
  C:216BH         LINE#         7557
  C:217DH         LINE#         7558
  C:2193H         LINE#         7560
  C:2199H         LINE#         7561
  C:2199H         LINE#         7562
  C:21C1H         LINE#         7563
  C:21D7H         LINE#         7565
  C:21DDH         LINE#         7566
  C:21DDH         LINE#         7567
  C:21E4H         LINE#         7568
  C:21FAH         LINE#         7570
  C:2200H         LINE#         7571
  C:2200H         LINE#         7572
  C:2214H         LINE#         7573
  C:222AH         LINE#         7575
  C:2243H         LINE#         7577
  C:2251H         LINE#         7579
  -------         ENDPROC       DISPSCALEVER
  -------         PROC          DISPSCALEVER_RED
  -------         DO            
  X:002EH         SYMBOL        i
  X:0030H         SYMBOL        j
  D:0002H         SYMBOL        k
  -------         ENDDO         
  C:2CDBH         LINE#         7581
  C:2CDBH         LINE#         7582
  C:2CDBH         LINE#         7585
  C:2CDEH         LINE#         7587
BL51 BANKED LINKER/LOCATER V6.22                                                      02/28/2022  10:47:29  PAGE 30


  C:2CE0H         LINE#         7589
  C:2CE2H         LINE#         7592
  C:2CE8H         LINE#         7593
  C:2CE8H         LINE#         7594
  C:2CEEH         LINE#         7595
  C:2CEEH         LINE#         7596
  C:2CF4H         LINE#         7597
  C:2D0AH         LINE#         7598
  C:2D11H         LINE#         7600
  C:2D14H         LINE#         7601
  C:2D14H         LINE#         7602
  C:2D1AH         LINE#         7603
  C:2D1AH         LINE#         7605
  C:2D20H         LINE#         7606
  C:2D20H         LINE#         7607
  C:2D32H         LINE#         7608
  C:2D48H         LINE#         7609
  C:2D5EH         LINE#         7611
  C:2D69H         LINE#         7613
  C:2D6BH         LINE#         7614
  -------         ENDPROC       DISPSCALEVER_RED
  -------         PROC          DISPSCALEVER_GREEN
  -------         DO            
  X:0032H         SYMBOL        i
  X:0034H         SYMBOL        j
  D:0002H         SYMBOL        k
  -------         ENDDO         
  C:2A6EH         LINE#         7616
  C:2A6EH         LINE#         7617
  C:2A6EH         LINE#         7620
  C:2A71H         LINE#         7622
  C:2A73H         LINE#         7623
  C:2A75H         LINE#         7626
  C:2A7BH         LINE#         7627
  C:2A7BH         LINE#         7628
  C:2A81H         LINE#         7629
  C:2A81H         LINE#         7630
  C:2A87H         LINE#         7632
  C:2A9DH         LINE#         7633
  C:2AA4H         LINE#         7635
  C:2AA7H         LINE#         7636
  C:2AA7H         LINE#         7637
  C:2AADH         LINE#         7638
  C:2AADH         LINE#         7640
  C:2AB3H         LINE#         7641
  C:2AB3H         LINE#         7643
  C:2AD4H         LINE#         7644
  C:2AEAH         LINE#         7645
  C:2B00H         LINE#         7647
  C:2B0BH         LINE#         7649
  C:2B0DH         LINE#         7650
  -------         ENDPROC       DISPSCALEVER_GREEN
  -------         PROC          DISPSCALEVER_BLUE
  -------         DO            
  X:0036H         SYMBOL        i
  X:0038H         SYMBOL        j
  D:0002H         SYMBOL        k
BL51 BANKED LINKER/LOCATER V6.22                                                      02/28/2022  10:47:29  PAGE 31


  -------         ENDDO         
  C:2F19H         LINE#         7652
  C:2F19H         LINE#         7653
  C:2F19H         LINE#         7656
  C:2F1CH         LINE#         7658
  C:2F1EH         LINE#         7659
  C:2F20H         LINE#         7662
  C:2F26H         LINE#         7663
  C:2F26H         LINE#         7664
  C:2F2CH         LINE#         7665
  C:2F2CH         LINE#         7666
  C:2F32H         LINE#         7667
  C:2F48H         LINE#         7668
  C:2F4FH         LINE#         7670
  C:2F52H         LINE#         7671
  C:2F52H         LINE#         7672
  C:2F58H         LINE#         7673
  C:2F58H         LINE#         7675
  C:2F5EH         LINE#         7676
  C:2F5EH         LINE#         7677
  C:2F65H         LINE#         7678
  C:2F7BH         LINE#         7679
  C:2F91H         LINE#         7681
  C:2F9CH         LINE#         7683
  C:2F9EH         LINE#         7684
  -------         ENDPROC       DISPSCALEVER_BLUE
  -------         PROC          DISPSCALEVER_GRAY
  -------         DO            
  X:003AH         SYMBOL        i
  X:003CH         SYMBOL        j
  D:0002H         SYMBOL        k
  -------         ENDDO         
  C:2D6CH         LINE#         7686
  C:2D6CH         LINE#         7687
  C:2D6CH         LINE#         7690
  C:2D6FH         LINE#         7692
  C:2D71H         LINE#         7697
  C:2D77H         LINE#         7698
  C:2D77H         LINE#         7699
  C:2D7DH         LINE#         7700
  C:2D7DH         LINE#         7701
  C:2D83H         LINE#         7703
  C:2D99H         LINE#         7704
  C:2DA0H         LINE#         7706
  C:2DA3H         LINE#         7707
  C:2DA3H         LINE#         7708
  C:2DA9H         LINE#         7709
  C:2DA9H         LINE#         7711
  C:2DAFH         LINE#         7712
  C:2DAFH         LINE#         7713
  C:2DC3H         LINE#         7714
  C:2DD9H         LINE#         7715
  C:2DEFH         LINE#         7717
  C:2DFAH         LINE#         7719
  C:2DFCH         LINE#         7720
  -------         ENDPROC       DISPSCALEVER_GRAY
  -------         PROC          DISPGRAYHOR16
BL51 BANKED LINKER/LOCATER V6.22                                                      02/28/2022  10:47:29  PAGE 32


  -------         DO            
  X:0059H         SYMBOL        i
  D:0002H         SYMBOL        j
  X:005BH         SYMBOL        k
  -------         ENDDO         
  C:2BAAH         LINE#         7722
  C:2BAAH         LINE#         7723
  C:2BAAH         LINE#         7726
  C:2BADH         LINE#         7728
  C:2BAFH         LINE#         7729
  C:2BB1H         LINE#         7731
  C:2BB7H         LINE#         7732
  C:2BB7H         LINE#         7733
  C:2BC0H         LINE#         7734
  C:2BC0H         LINE#         7735
  C:2BC6H         LINE#         7736
  C:2BCDH         LINE#         7738
  C:2BD0H         LINE#         7739
  C:2BD0H         LINE#         7740
  C:2BD6H         LINE#         7741
  C:2BD6H         LINE#         7742
  C:2C08H         LINE#         7743
  C:2C1EH         LINE#         7744
  C:2C29H         LINE#         7745
  C:2C42H         LINE#         7747
  C:2C44H         LINE#         7748
  -------         ENDPROC       DISPGRAYHOR16
  -------         PROC          DISPGRAYHOR32
  -------         DO            
  X:003EH         SYMBOL        i
  D:0002H         SYMBOL        j
  X:0040H         SYMBOL        k
  -------         ENDDO         
  C:30A2H         LINE#         7750
  C:30A2H         LINE#         7751
  C:30A2H         LINE#         7754
  C:30A5H         LINE#         7756
  C:30A7H         LINE#         7758
  C:30ADH         LINE#         7759
  C:30ADH         LINE#         7760
  C:30B0H         LINE#         7761
  C:30B0H         LINE#         7762
  C:30B6H         LINE#         7763
  C:30C1H         LINE#         7765
  C:30C4H         LINE#         7766
  C:30C4H         LINE#         7767
  C:30CAH         LINE#         7768
  C:30CAH         LINE#         7769
  C:30DEH         LINE#         7770
  C:30F4H         LINE#         7771
  C:30FFH         LINE#         7772
  C:3115H         LINE#         7774
  C:3117H         LINE#         7775
  -------         ENDPROC       DISPGRAYHOR32
  -------         PROC          DISPSCALEHOR2
  -------         DO            
  X:0042H         SYMBOL        j
BL51 BANKED LINKER/LOCATER V6.22                                                      02/28/2022  10:47:29  PAGE 33


  D:0002H         SYMBOL        k
  -------         ENDDO         
  C:1A1DH         LINE#         7777
  C:1A1DH         LINE#         7778
  C:1A1DH         LINE#         7781
  C:1A20H         LINE#         7783
  C:1A20H         LINE#         7784
  C:1A20H         LINE#         7785
  C:1A26H         LINE#         7786
  C:1A43H         LINE#         7787
  C:1A4EH         LINE#         7788
  C:1A51H         LINE#         7789
  C:1A51H         LINE#         7790
  C:1A57H         LINE#         7791
  C:1A74H         LINE#         7792
  C:1A7FH         LINE#         7793
  C:1A82H         LINE#         7794
  C:1A82H         LINE#         7795
  C:1A88H         LINE#         7796
  C:1AA5H         LINE#         7797
  C:1AB0H         LINE#         7798
  C:1AB3H         LINE#         7799
  C:1AB3H         LINE#         7800
  C:1AB9H         LINE#         7801
  C:1AD6H         LINE#         7802
  C:1AE1H         LINE#         7803
  C:1AE4H         LINE#         7804
  C:1AE4H         LINE#         7805
  C:1AEAH         LINE#         7806
  C:1B07H         LINE#         7807
  C:1B12H         LINE#         7808
  C:1B15H         LINE#         7809
  C:1B15H         LINE#         7810
  C:1B1BH         LINE#         7811
  C:1B38H         LINE#         7812
  C:1B43H         LINE#         7813
  C:1B46H         LINE#         7814
  C:1B46H         LINE#         7815
  C:1B4CH         LINE#         7816
  C:1B69H         LINE#         7817
  C:1B74H         LINE#         7818
  C:1B77H         LINE#         7819
  C:1B77H         LINE#         7820
  C:1B7DH         LINE#         7821
  C:1B99H         LINE#         7822
  C:1BA4H         LINE#         7823
  C:1BADH         LINE#         7824
  C:1BADH         LINE#         7825
  C:1BB3H         LINE#         7826
  C:1BCFH         LINE#         7827
  C:1BD6H         LINE#         7829
  -------         ENDPROC       DISPSCALEHOR2
  -------         PROC          _TOORD
  D:0007H         SYMBOL        ch
  C:33A4H         LINE#         7934
  C:33A4H         LINE#         7935
  C:33A4H         LINE#         7936
BL51 BANKED LINKER/LOCATER V6.22                                                      02/28/2022  10:47:29  PAGE 34


  C:33AAH         LINE#         7937
  C:33AAH         LINE#         7938
  C:33ACH         LINE#         7939
  C:33AEH         LINE#         7940
  C:33BAH         LINE#         7941
  C:33BAH         LINE#         7942
  C:33BEH         LINE#         7943
  C:33C0H         LINE#         7944
  C:33CCH         LINE#         7945
  C:33CCH         LINE#         7946
  C:33D0H         LINE#         7947
  C:33D2H         LINE#         7948
  C:33DEH         LINE#         7949
  C:33DEH         LINE#         7950
  C:33E2H         LINE#         7951
  C:33E4H         LINE#         7952
  C:33F0H         LINE#         7953
  C:33F0H         LINE#         7954
  C:33F4H         LINE#         7955
  C:33F6H         LINE#         7956
  C:33FCH         LINE#         7957
  C:33FCH         LINE#         7958
  C:33FEH         LINE#         7959
  C:33FEH         LINE#         7961
  C:33FEH         LINE#         7962
  -------         ENDPROC       _TOORD
  C:263CH         SYMBOL        L?0447
  C:2654H         SYMBOL        L?0448
  -------         PROC          L?0446
  -------         ENDPROC       L?0446
  C:263CH         SYMBOL        L?0447
  C:2654H         SYMBOL        L?0448
  -------         PROC          _DISPONECHAR
  X:006DH         SYMBOL        ord
  D:0006H         SYMBOL        Xstart
  D:0002H         SYMBOL        Ystart
  X:0072H         SYMBOL        TextColor
  X:0074H         SYMBOL        BackColor
  -------         DO            
  X:0076H         SYMBOL        i
  D:0002H         SYMBOL        j
  X:0077H         SYMBOL        p
  D:0003H         SYMBOL        dat
  D:0006H         SYMBOL        index
  -------         ENDDO         
  C:2664H         LINE#         7964
  C:266CH         LINE#         7965
  C:266CH         LINE#         7971
  C:2686H         LINE#         7973
  C:268CH         LINE#         7975
  C:2694H         LINE#         7976
  C:2696H         LINE#         7978
  C:26A4H         LINE#         7980
  C:26B1H         LINE#         7981
  C:26B8H         LINE#         7983
  C:26BCH         LINE#         7984
  C:26BCH         LINE#         7985
BL51 BANKED LINKER/LOCATER V6.22                                                      02/28/2022  10:47:29  PAGE 35


  C:26D1H         LINE#         7986
  C:26D3H         LINE#         7987
  C:26D3H         LINE#         7988
[...]
  C:1130H         LINE#         302
  C:1130H         LINE#         303
  C:1133H         LINE#         304
  C:1135H         LINE#         305
  C:1135H         LINE#         306
  C:1138H         LINE#         307
  C:113AH         LINE#         308
  C:113AH         LINE#         309
  C:113DH         LINE#         310
  C:113DH         LINE#         311
  C:113DH         LINE#         312
  C:113DH         LINE#         313
  C:113DH         LINE#         314
  C:1148H         LINE#         315
  C:1148H         LINE#         316
  C:114EH         LINE#         317
  C:115DH         LINE#         318
  C:115DH         LINE#         319
  C:1162H         LINE#         320
  C:1165H         LINE#         321
  C:1174H         LINE#         322
  C:1174H         LINE#         323
  C:1189H         LINE#         324
  C:118EH         LINE#         325
  C:1196H         LINE#         326
  C:11A0H         LINE#         327
  C:11AEH         LINE#         328
  C:11BCH         LINE#         329
  C:11BEH         LINE#         331
  C:11BEH         LINE#         332
BL51 BANKED LINKER/LOCATER V6.22                                                      02/28/2022  10:47:29  PAGE 43


  C:11C3H         LINE#         333
  C:11C6H         LINE#         334
  C:11DEH         LINE#         335
  C:11DEH         LINE#         336
  C:11F7H         LINE#         337
  C:11FCH         LINE#         338
  C:1204H         LINE#         339
  C:120BH         LINE#         340
  C:1210H         LINE#         341
  C:1210H         LINE#         342
  C:1224H         LINE#         343
  C:1224H         LINE#         344
  C:122BH         LINE#         345
  C:1230H         LINE#         346
  C:1230H         LINE#         347
  C:123EH         LINE#         348
  C:123EH         LINE#         349
  -------         ENDPROC       USBXCORE_HANDLE_SETUP
  -------         PROC          USBXCORE_FORCE_STALL
  C:3841H         LINE#         356
  C:3841H         LINE#         358
  C:384CH         LINE#         359
  C:3857H         LINE#         360
  C:385DH         LINE#         361
  -------         ENDPROC       USBXCORE_FORCE_STALL
  -------         PROC          USBXCORE_GET_STATUS
  C:3200H         LINE#         367
  C:3200H         LINE#         369
  C:320FH         LINE#         370
  C:320FH         LINE#         371
  C:320FH         LINE#         372
  C:320FH         LINE#         373
  C:320FH         LINE#         374
  C:3211H         LINE#         375
  C:3211H         LINE#         379
  C:3211H         LINE#         381
  C:321FH         LINE#         385
  C:321FH         LINE#         386
  C:321FH         LINE#         387
  C:321FH         LINE#         388
  C:3221H         LINE#         390
  C:3221H         LINE#         392
  C:322FH         LINE#         396
  C:322FH         LINE#         397
  C:323CH         LINE#         398
  C:323CH         LINE#         399
  C:323EH         LINE#         401
  C:323EH         LINE#         402
  C:324CH         LINE#         403
  C:3255H         LINE#         404
  C:3255H         LINE#         405
  C:3255H         LINE#         406
  C:3257H         LINE#         407
  C:3257H         LINE#         408
  C:325AH         LINE#         409
  C:325AH         LINE#         410
  C:325AH         LINE#         411
BL51 BANKED LINKER/LOCATER V6.22                                                      02/28/2022  10:47:29  PAGE 44


  C:3262H         LINE#         412
  C:3262H         LINE#         413
  C:3265H         LINE#         414
  C:326BH         LINE#         415
  C:3272H         LINE#         416
  C:3272H         LINE#         417
  -------         ENDPROC       USBXCORE_GET_STATUS
  -------         PROC          USBXCORE_CLEAR_FEATURE
  C:3459H         LINE#         423
  C:3459H         LINE#         425
  C:345FH         LINE#         426
  C:345FH         LINE#         428
  C:3466H         LINE#         429
  C:3466H         LINE#         430
  C:3471H         LINE#         436
  C:347CH         LINE#         437
  C:3481H         LINE#         438
  C:3483H         LINE#         440
  C:3483H         LINE#         442
  C:348EH         LINE#         446
  C:3499H         LINE#         447
  C:349EH         LINE#         448
  C:349EH         LINE#         449
  C:34A0H         LINE#         451
  C:34A0H         LINE#         452
  C:34A3H         LINE#         453
  C:34A3H         LINE#         454
  C:34AEH         LINE#         455
  -------         ENDPROC       USBXCORE_CLEAR_FEATURE
  -------         PROC          USBXCORE_VENDOR_USB_API
  C:2567H         LINE#         462
  C:2567H         LINE#         464
  C:2571H         LINE#         465
  C:2571H         LINE#         466
  C:2578H         LINE#         467
  C:2578H         LINE#         468
  C:257BH         LINE#         469
  C:257EH         LINE#         470
  C:2580H         LINE#         472
  C:2580H         LINE#         473
  C:2587H         LINE#         474
  C:2587H         LINE#         477
  C:2592H         LINE#         482
  C:259DH         LINE#         483
  C:25A8H         LINE#         485
  C:25A8H         LINE#         486
  C:25BBH         LINE#         487
  C:25BBH         LINE#         488
  C:25BFH         LINE#         489
  C:25CAH         LINE#         491
  C:25CAH         LINE#         492
  C:25DDH         LINE#         493
  C:25DDH         LINE#         494
  C:25E1H         LINE#         495
  C:25ECH         LINE#         497
  C:25F2H         LINE#         498
  C:25FAH         LINE#         499
BL51 BANKED LINKER/LOCATER V6.22                                                      02/28/2022  10:47:29  PAGE 45


  C:25FAH         LINE#         500
  C:25FDH         LINE#         501
  C:25FDH         LINE#         502
  C:25FDH         LINE#         503
  C:2608H         LINE#         504
  C:2608H         LINE#         505
  C:260EH         LINE#         506
  C:2615H         LINE#         507
  C:2615H         LINE#         508
  C:2619H         LINE#         509
  C:2619H         LINE#         510
  C:261FH         LINE#         511
  C:2626H         LINE#         512
  C:2626H         LINE#         513
  C:2631H         LINE#         514
  -------         ENDPROC       USBXCORE_VENDOR_USB_API
  -------         PROC          USBXCORE_SET_FEATURE
  C:34B1H         LINE#         521
  C:34B1H         LINE#         523
  C:34B7H         LINE#         524
  C:34B7H         LINE#         526
  C:34BEH         LINE#         527
  C:34BEH         LINE#         528
  C:34C9H         LINE#         534
  C:34D4H         LINE#         535
  C:34D7H         LINE#         536
  C:34D9H         LINE#         538
  C:34D9H         LINE#         540
  C:34E4H         LINE#         544
  C:34EFH         LINE#         545
  C:34F5H         LINE#         546
  C:34F5H         LINE#         548
  C:34F7H         LINE#         550
  C:34F7H         LINE#         551
  C:34FAH         LINE#         552
  C:34FAH         LINE#         553
  C:3505H         LINE#         554
  -------         ENDPROC       USBXCORE_SET_FEATURE
  -------         PROC          USBXCORE_SET_ADDRESS
  C:3802H         LINE#         561
  C:3802H         LINE#         563
  C:3811H         LINE#         564
  C:3817H         LINE#         565
  C:3817H         LINE#         566
  C:381AH         LINE#         567
  C:381CH         LINE#         569
  C:381CH         LINE#         570
  C:381FH         LINE#         571
  C:381FH         LINE#         572
  -------         ENDPROC       USBXCORE_SET_ADDRESS
  -------         PROC          USBXCORE_GET_DESCRIPTOR
  C:2869H         LINE#         579
  C:2869H         LINE#         580
  C:2878H         LINE#         581
  C:2878H         LINE#         582
  C:2878H         LINE#         583
  C:2886H         LINE#         584
BL51 BANKED LINKER/LOCATER V6.22                                                      02/28/2022  10:47:29  PAGE 46


  C:288AH         LINE#         585
  C:288CH         LINE#         586
  C:288CH         LINE#         587
  C:289AH         LINE#         588
  C:28ADH         LINE#         589
  C:28AFH         LINE#         590
  C:28AFH         LINE#         591
  C:28D3H         LINE#         592
  C:28DFH         LINE#         593
  C:28E1H         LINE#         594
  C:28E1H         LINE#         595
  C:28E4H         LINE#         596
  C:28E4H         LINE#         597
  C:28E4H         LINE#         598
  C:28FAH         LINE#         599
  C:28FAH         LINE#         600
  C:2902H         LINE#         601
  C:2902H         LINE#         602
  C:290AH         LINE#         603
  C:290AH         LINE#         604
  C:290DH         LINE#         605
  C:2913H         LINE#         606
  C:291AH         LINE#         607
  C:291AH         LINE#         608
  -------         ENDPROC       USBXCORE_GET_DESCRIPTOR
  -------         PROC          USBXCORE_GET_CONFIGURATION
  C:35FFH         LINE#         614
  C:35FFH         LINE#         616
  C:3607H         LINE#         617
  C:3607H         LINE#         618
  C:3613H         LINE#         619
  C:361BH         LINE#         620
  C:361BH         LINE#         621
  C:361FH         LINE#         622
  C:361FH         LINE#         623
  C:362DH         LINE#         624
  C:3635H         LINE#         625
  C:3635H         LINE#         626
  C:3638H         LINE#         627
  C:363EH         LINE#         628
  C:3645H         LINE#         629
  -------         ENDPROC       USBXCORE_GET_CONFIGURATION
  -------         PROC          USBXCORE_SET_CONFIGURATION
  C:33FFH         LINE#         635
  C:33FFH         LINE#         637
  C:3408H         LINE#         638
  C:3408H         LINE#         639
  C:340FH         LINE#         640
  C:3415H         LINE#         641
  C:341AH         LINE#         642
  C:341CH         LINE#         644
  C:3427H         LINE#         645
  C:3432H         LINE#         646
  C:343DH         LINE#         653
  C:3448H         LINE#         654
  C:344AH         LINE#         656
  C:344AH         LINE#         657
BL51 BANKED LINKER/LOCATER V6.22                                                      02/28/2022  10:47:29  PAGE 47


  C:3450H         LINE#         658
  C:3454H         LINE#         659
  C:3456H         LINE#         660
  C:3456H         LINE#         661
  -------         ENDPROC       USBXCORE_SET_CONFIGURATION
  -------         PROC          USBXCORE_GET_INTERFACE
  C:3793H         LINE#         668
  C:3793H         LINE#         670
  C:37A1H         LINE#         671
  C:37A9H         LINE#         672
  C:37ACH         LINE#         673
  C:37B2H         LINE#         674
  C:37B9H         LINE#         675
  -------         ENDPROC       USBXCORE_GET_INTERFACE
  -------         PROC          USBXCORE_SET_SOP
  C:38D1H         LINE#         682
  C:38D1H         LINE#         684
  C:38D9H         LINE#         685
  C:38D9H         LINE#         686
  C:38E4H         LINE#         687
  C:38E4H         LINE#         688
  -------         ENDPROC       USBXCORE_SET_SOP
  -------         PROC          USBXCORE_USB_ISR
  C:1D65H         LINE#         699
  C:1D82H         LINE#         702
  C:1D88H         LINE#         703
  C:1D9BH         LINE#         706
  C:1DAEH         LINE#         709
  C:1DB2H         LINE#         710
  C:1DB2H         LINE#         711
  C:1DBDH         LINE#         712
  C:1DBDH         LINE#         714
  C:1DC4H         LINE#         715
  C:1DC4H         LINE#         716
  C:1DC7H         LINE#         717
  C:1DC7H         LINE#         719
  C:1DCEH         LINE#         720
  C:1DCEH         LINE#         721
  C:1DDBH         LINE#         722
  C:1DDBH         LINE#         723
  C:1DE2H         LINE#         724
  C:1DE2H         LINE#         725
  C:1DE2H         LINE#         727
  C:1DE2H         LINE#         728
  C:1DE2H         LINE#         730
  C:1DE2H         LINE#         732
  C:1DF5H         LINE#         734
  C:1DF9H         LINE#         735
  C:1DF9H         LINE#         736
  C:1DFCH         LINE#         737
  C:1DFCH         LINE#         740
  C:1E03H         LINE#         741
  C:1E03H         LINE#         742
  C:1E0EH         LINE#         748
  C:1E21H         LINE#         749
  C:1E26H         LINE#         750
  C:1E26H         LINE#         751
BL51 BANKED LINKER/LOCATER V6.22                                                      02/28/2022  10:47:29  PAGE 48


  C:1E2DH         LINE#         752
  C:1E2DH         LINE#         754
  C:1E2DH         LINE#         756
  C:1E40H         LINE#         759
  C:1E44H         LINE#         760
  C:1E44H         LINE#         761
  C:1E4FH         LINE#         767
  C:1E62H         LINE#         768
  C:1E66H         LINE#         769
  C:1E66H         LINE#         770
  C:1E6DH         LINE#         771
  C:1E6DH         LINE#         772
  C:1E6DH         LINE#         775
  C:1E7BH         LINE#         776
  C:1E80H         LINE#         777
  C:1E86H         LINE#         778
  C:1E8BH         LINE#         781
  C:1E98H         LINE#         782
  C:1E98H         LINE#         783
  C:1E9BH         LINE#         784
  C:1E9BH         LINE#         785
  -------         ENDPROC       USBXCORE_USB_ISR
  -------         ENDMOD        USB_API

  -------         MODULE        USB_SUSPEND
  C:0000H         SYMBOL        _ICE_DUMMY_
  D:00D7H         PUBLIC        USB0XCN
  D:00C9H         PUBLIC        REG0CN
  C:371AH         PUBLIC        USB_Suspend
  D:00A9H         PUBLIC        CLKSEL
  D:00B2H         PUBLIC        OSCICN
  D:00B9H         PUBLIC        CLKMUL
  -------         PROC          USB_SUSPEND
  C:371AH         LINE#         70
  C:371AH         LINE#         72
  C:371DH         LINE#         74
  C:3720H         LINE#         76
  C:3728H         LINE#         79
  C:372BH         LINE#         80
  C:372EH         LINE#         81
  C:3731H         LINE#         82
  C:3734H         LINE#         84
  C:3735H         LINE#         86
  C:3738H         LINE#         88
  C:373EH         LINE#         92
  C:3741H         LINE#         94
  C:3744H         LINE#         95
  -------         ENDPROC       USB_SUSPEND
  -------         ENDMOD        USB_SUSPEND

  -------         MODULE        USB_INT_ENABLE
  C:0000H         SYMBOL        _ICE_DUMMY_
  C:3877H         PUBLIC        USB_Int_Enable
  D:0096H         PUBLIC        USB0ADR
  D:0097H         PUBLIC        USB0DAT
  -------         PROC          USB_INT_ENABLE
  C:3877H         LINE#         68
BL51 BANKED LINKER/LOCATER V6.22                                                      02/28/2022  10:47:29  PAGE 49


  C:3877H         LINE#         71
  C:387EH         LINE#         73
  C:3884H         LINE#         74
  C:3884H         LINE#         75
  C:388FH         LINE#         77
  C:388FH         LINE#         78
  -------         ENDPROC       USB_INT_ENABLE
  -------         ENDMOD        USB_INT_ENABLE

  -------         MODULE        USB_CLOCK_RECOVERY
  C:0000H         SYMBOL        _ICE_DUMMY_
  C:3917H         PUBLIC        USBXcore_ClkRec
  D:0096H         PUBLIC        USB0ADR
  D:0097H         PUBLIC        USB0DAT
  -------         PROC          USBXCORE_CLKREC
  C:3917H         LINE#         45
  C:3917H         LINE#         47
  C:3922H         LINE#         48
  -------         ENDPROC       USBXCORE_CLKREC
  -------         ENDMOD        USB_CLOCK_RECOVERY

  -------         MODULE        ?C?COPY
  C:0D6AH         PUBLIC        ?C?COPY
  -------         ENDMOD        ?C?COPY

  -------         MODULE        ?C?CLDPTR
  C:0D90H         PUBLIC        ?C?CLDPTR
  -------         ENDMOD        ?C?CLDPTR

  -------         MODULE        ?C?CLDOPTR
  C:0DA9H         PUBLIC        ?C?CLDOPTR
  -------         ENDMOD        ?C?CLDOPTR

  -------         MODULE        ?C?IMUL
  C:0DD6H         PUBLIC        ?C?IMUL
  -------         ENDMOD        ?C?IMUL

  -------         MODULE        ?C?IILDX
  C:0DE8H         PUBLIC        ?C?IILDX
  -------         ENDMOD        ?C?IILDX

  -------         MODULE        ?C?ILDOPTR
  C:0DFEH         PUBLIC        ?C?ILDOPTR
  -------         ENDMOD        ?C?ILDOPTR

  -------         MODULE        ?C?LMUL
  C:0E36H         PUBLIC        ?C?LMUL
  -------         ENDMOD        ?C?LMUL

  -------         MODULE        ?C?ULDIV
  C:0EC1H         PUBLIC        ?C?ULDIV
  -------         ENDMOD        ?C?ULDIV

  -------         MODULE        ?C?ULCMP
  C:0F53H         PUBLIC        ?C?ULCMP
  -------         ENDMOD        ?C?ULCMP

BL51 BANKED LINKER/LOCATER V6.22                                                      02/28/2022  10:47:29  PAGE 50


  -------         MODULE        ?C?ULSHR
  C:0F64H         PUBLIC        ?C?ULSHR
  -------         ENDMOD        ?C?ULSHR

  -------         MODULE        ?C?LSHL
  C:0F77H         PUBLIC        ?C?LSHL
  -------         ENDMOD        ?C?LSHL

  -------         MODULE        ?C?LLDIPDATA
  C:0F93H         PUBLIC        ?C?LLDIPDATA
  C:0F8AH         PUBLIC        ?C?LLDIPDATA1
  C:0F8CH         PUBLIC        ?C?LLDIPDATA8
  -------         ENDMOD        ?C?LLDIPDATA

  -------         MODULE        ?C?LSTXDATA
  C:0FAAH         PUBLIC        ?C?LSTXDATA
  -------         ENDMOD        ?C?LSTXDATA

  -------         MODULE        ?C?LSTPDATA
  C:0FB6H         PUBLIC        ?C?LSTPDATA
  -------         ENDMOD        ?C?LSTPDATA

  -------         MODULE        ?C?LSTKXDATA
  C:0FC2H         PUBLIC        ?C?LSTKXDATA
  -------         ENDMOD        ?C?LSTKXDATA

  -------         MODULE        ?C?LSTKPDATA
  C:0FF3H         PUBLIC        ?C?LSTKPDATA
  -------         ENDMOD        ?C?LSTKPDATA

  -------         MODULE        ?C_PBP
  D:0008H         PUBLIC        ?C_PBP
  -------         ENDMOD        ?C_PBP

*** WARNING L14: INCOMPATIBLE MEMORY MODEL
    MODULE:  .\USBX_F34X.LIB (USB_API)
    MODEL:   SMALL

*** WARNING L14: INCOMPATIBLE MEMORY MODEL
    MODULE:  .\USBX_F34X.LIB (USB_SUSPEND)
    MODEL:   SMALL

*** WARNING L14: INCOMPATIBLE MEMORY MODEL
    MODULE:  .\USBX_F34X.LIB (USB_INT_ENABLE)
    MODEL:   SMALL

*** WARNING L14: INCOMPATIBLE MEMORY MODEL
    MODULE:  .\USBX_F34X.LIB (USB_CLOCK_RECOVERY)
    MODEL:   SMALL

*** WARNING L16: UNCALLED SEGMENT, IGNORED FOR OVERLAY PROCESS
    SEGMENT: ?PR?SD_INIT?MMC_SD

*** WARNING L16: UNCALLED SEGMENT, IGNORED FOR OVERLAY PROCESS
    SEGMENT: ?PR?_DISPPIC?LCD

*** WARNING L16: UNCALLED SEGMENT, IGNORED FOR OVERLAY PROCESS
BL51 BANKED LINKER/LOCATER V6.22                                                      02/28/2022  10:47:29  PAGE 51


    SEGMENT: ?PR?_DISPPICFROMSD?LCD

*** WARNING L16: UNCALLED SEGMENT, IGNORED FOR OVERLAY PROCESS
    SEGMENT: ?PR?DISPSCALEHOR1?LCD

*** WARNING L16: UNCALLED SEGMENT, IGNORED FOR OVERLAY PROCESS
    SEGMENT: ?PR?DISPSCALEVER?LCD

*** WARNING L16: UNCALLED SEGMENT, IGNORED FOR OVERLAY PROCESS
    SEGMENT: ?PR?DISPSCALEVER_RED?LCD

*** WARNING L16: UNCALLED SEGMENT, IGNORED FOR OVERLAY PROCESS
    SEGMENT: ?PR?DISPSCALEVER_GREEN?LCD

*** WARNING L16: UNCALLED SEGMENT, IGNORED FOR OVERLAY PROCESS
    SEGMENT: ?PR?DISPSCALEVER_BLUE?LCD

*** WARNING L16: UNCALLED SEGMENT, IGNORED FOR OVERLAY PROCESS
    SEGMENT: ?PR?DISPSCALEVER_GRAY?LCD

*** WARNING L16: UNCALLED SEGMENT, IGNORED FOR OVERLAY PROCESS
    SEGMENT: ?PR?DISPGRAYHOR32?LCD

*** WARNING L16: UNCALLED SEGMENT, IGNORED FOR OVERLAY PROCESS
    SEGMENT: ?PR?DISPSCALEHOR2?LCD

*** WARNING L16: UNCALLED SEGMENT, IGNORED FOR OVERLAY PROCESS
    SEGMENT: ?PR?_DRAWGIRD?LCD

*** WARNING L15: MULTIPLE CALL TO SEGMENT
    SEGMENT: ?PR?_WRITECOMM?LCD
    CALLER1: ?PR?USB_API_TEST_ISR?MAIN
    CALLER2: ?C_C51STARTUP

*** WARNING L15: MULTIPLE CALL TO SEGMENT
    SEGMENT: ?PR?_WRITEDATA?LCD
    CALLER1: ?PR?USB_API_TEST_ISR?MAIN
    CALLER2: ?C_C51STARTUP

Program Size: data=10.0 xdata=1219 code=14651
LINK/LOCATE RUN COMPLETE.  18 WARNING(S),  0 ERROR(S)
