BL51 BANKED LINKER/LOCATER V6.22                                                        02/19/2022  09:09:17  PAGE 1


BL51 BANKED LINKER/LOCATER V6.22, INVOKED BY:
D:\KEIL C51\C51\BIN\BL51.EXE main.obj, mmc_sd.obj, lcd.obj, tp.obj, .\USBX_F34X.LIB TO CTO24+GC9306_ZT_L8 RAMSIZE (256)


MEMORY MODEL: COMPACT WITH FLOATING POINT ARITHMETIC


INPUT MODULES INCLUDED:
  main.obj (MAIN)
  mmc_sd.obj (MMC_SD)
  lcd.obj (LCD)
  tp.obj (TP)
  .\USBX_F34X.LIB (USB_API)
  .\USBX_F34X.LIB (USB_CLOCK_START)
  .\USBX_F34X.LIB (USB_SUSPEND)
  .\USBX_F34X.LIB (GET_INTERRUPT_SOURCE)
  .\USBX_F34X.LIB (BLOCK_READ)
  .\USBX_F34X.LIB (BLOCK_WRITE)
  .\USBX_F34X.LIB (USB_INT_ENABLE)
  .\USBX_F34X.LIB (USB_CLOCK_RECOVERY)
  .\USBX_F34X.LIB (USB_JUMP_ISR)
  D:\KEIL C51\C51\LIB\C51FPC.LIB (?C?FPMUL)
  D:\KEIL C51\C51\LIB\C51FPC.LIB (?C?FCAST)
  D:\KEIL C51\C51\LIB\C51FPC.LIB (?C?CASTF)
  D:\KEIL C51\C51\LIB\C51FPC.LIB (?C?FPGETOPN)
  D:\KEIL C51\C51\LIB\C51C.LIB (?C_STARTUP)
  D:\KEIL C51\C51\LIB\C51C.LIB (?C?COPY)
  D:\KEIL C51\C51\LIB\C51C.LIB (?C?CLDPTR)
  D:\KEIL C51\C51\LIB\C51C.LIB (?C?CLDOPTR)
  D:\KEIL C51\C51\LIB\C51C.LIB (?C?IMUL)
  D:\KEIL C51\C51\LIB\C51C.LIB (?C?IILDX)
  D:\KEIL C51\C51\LIB\C51C.LIB (?C?ILDOPTR)
  D:\KEIL C51\C51\LIB\C51C.LIB (?C?LMUL)
  D:\KEIL C51\C51\LIB\C51C.LIB (?C?ULDIV)
  D:\KEIL C51\C51\LIB\C51C.LIB (?C?LNEG)
  D:\KEIL C51\C51\LIB\C51C.LIB (?C?ULCMP)
  D:\KEIL C51\C51\LIB\C51C.LIB (?C?ULSHR)
  D:\KEIL C51\C51\LIB\C51C.LIB (?C?LSHL)
  D:\KEIL C51\C51\LIB\C51C.LIB (?C?LLDIPDATA)
  D:\KEIL C51\C51\LIB\C51C.LIB (?C?LSTXDATA)
  D:\KEIL C51\C51\LIB\C51C.LIB (?C?LSTPDATA)
  D:\KEIL C51\C51\LIB\C51C.LIB (?C?LSTKXDATA)
  D:\KEIL C51\C51\LIB\C51C.LIB (?C?LSTKPDATA)
  D:\KEIL C51\C51\LIB\C51C.LIB (?C_PBP)
  D:\KEIL C51\C51\LIB\C51C.LIB (?C_INIT)


LINK MAP OF MODULE:  CTO24+GC9306_ZT_L8 (MAIN)


            TYPE    BASE      LENGTH    RELOCATION   SEGMENT NAME
            -----------------------------------------------------

            * * * * * * *   D A T A   M E M O R Y   * * * * * * *
            REG     0000H     0008H     ABSOLUTE     "REG BANK 0"
            DATA    0008H     0001H     UNIT         ?C?LIB_DATA
            IDATA   0009H     0001H     UNIT         ?STACK

BL51 BANKED LINKER/LOCATER V6.22                                                      02/19/2022  09:09:17  PAGE 2


            * * * * * * *  X D A T A   M E M O R Y  * * * * * * *
            XDATA   0000H     0010H     INPAGE       ?PD?MAIN
            XDATA   0010H     0004H     INPAGE       ?PD?_MMC_SD_READSINGLEBLOCK?MMC_SD
            XDATA   0014H     0005H     INPAGE       ?PD?_DISPPIC?LCD
            XDATA   0019H     000DH     INPAGE       ?PD?_DISPPICFROMSD?LCD
            XDATA   0026H     0004H     INPAGE       ?PD?DISPSCALEHOR1?LCD
            XDATA   002AH     0004H     INPAGE       ?PD?DISPSCALEVER?LCD
            XDATA   002EH     0004H     INPAGE       ?PD?DISPSCALEVER_RED?LCD
            XDATA   0032H     0004H     INPAGE       ?PD?DISPSCALEVER_GREEN?LCD
            XDATA   0036H     0004H     INPAGE       ?PD?DISPSCALEVER_BLUE?LCD
            XDATA   003AH     0004H     INPAGE       ?PD?DISPSCALEVER_GRAY?LCD
            XDATA   003EH     0004H     INPAGE       ?PD?DISPGRAYHOR32?LCD
            XDATA   0042H     0002H     INPAGE       ?PD?DISPSCALEHOR2?LCD
            XDATA   0044H     000CH     INPAGE       ?PD?_DRAWLINE?LCD
            XDATA   0050H     0004H     INPAGE       ?PD?_DRAWGIRD?LCD
            XDATA   0054H     0002H     INPAGE       ?PD?LCD
            XDATA   0056H     0026H     INPAGE       _PDATA_GROUP_
            XDATA   007CH     0200H     UNIT         ?XD?MMC_SD
            XDATA   027CH     0058H     UNIT         _XDATA_GROUP_
            XDATA   02D4H     0040H     UNIT         ?XD?MAIN
                    0314H     032CH                  *** GAP ***
            XDATA   0640H     0100H     ABSOLUTE     
            XDATA   0740H     0012H     ABSOLUTE     
            XDATA   0752H     0020H     ABSOLUTE     
            XDATA   0772H     000CH     ABSOLUTE     
            XDATA   077EH     0008H     ABSOLUTE     
            XDATA   0786H     0001H     ABSOLUTE     
            XDATA   0787H     0003H     ABSOLUTE     
            XDATA   078AH     0002H     ABSOLUTE     
            XDATA   078CH     0002H     ABSOLUTE     
            XDATA   078EH     0003H     ABSOLUTE     
            XDATA   0791H     0001H     ABSOLUTE     
            XDATA   0792H     0001H     ABSOLUTE     
            XDATA   0793H     0001H     ABSOLUTE     
            XDATA   0794H     0001H     ABSOLUTE     
            XDATA   0795H     0002H     ABSOLUTE     
            XDATA   0797H     0002H     ABSOLUTE     
            XDATA   0799H     0001H     ABSOLUTE     
            XDATA   079AH     0001H     ABSOLUTE     
            XDATA   079BH     0001H     ABSOLUTE     
            XDATA   079CH     0001H     ABSOLUTE     
            XDATA   079DH     0001H     ABSOLUTE     
            XDATA   079EH     0001H     ABSOLUTE     
            XDATA   079FH     0002H     ABSOLUTE     
            XDATA   07A1H     0001H     ABSOLUTE     
            XDATA   07A2H     0001H     ABSOLUTE     
            XDATA   07A3H     000CH     ABSOLUTE     
                    07AFH     0011H                  *** GAP ***
            XDATA   07C0H     0040H     ABSOLUTE     

            * * * * * * *   C O D E   M E M O R Y   * * * * * * *
            CODE    0000H     0003H     ABSOLUTE     
            CODE    0003H     003AH     UNIT         ?CO?USB_API
            CODE    003DH     0003H     UNIT         ?PR?SUSPEND_DEVICE?MAIN
                    0040H     0003H                  *** GAP ***
            CODE    0043H     0003H     ABSOLUTE     
            CODE    0046H     0044H     UNIT         ?PR?_DISPCOLOR?LCD
BL51 BANKED LINKER/LOCATER V6.22                                                      02/19/2022  09:09:17  PAGE 3


                    008AH     0001H                  *** GAP ***
            CODE    008BH     0003H     ABSOLUTE     
            CODE    008EH     060CH     UNIT         ?PR?CONNTOUSB?MAIN
            CODE    069AH     0600H     UNIT         ?CO?LCD
            CODE    0C9AH     0545H     UNIT         ?C?LIB_CODE
            CODE    11DFH     0233H     UNIT         ?PR?USBXCORE_HANDLE_SETUP?USB_API
            CODE    1412H     0232H     UNIT         ?PR?_LCD_READ_IC_ID?LCD
            CODE    1644H     0226H     UNIT         ?PR?DISPSCALEHOR1?LCD
            CODE    186AH     01D8H     UNIT         ?PR?TP_DRAWLINE?TP
            CODE    1A42H     01BAH     UNIT         ?PR?DISPSCALEHOR2?LCD
            CODE    1BFCH     018EH     UNIT         ?PR?DISPBAND?LCD
            CODE    1D8AH     0189H     UNIT         ?PR?LCD_INIT?LCD
            CODE    1F13H     0151H     UNIT         ?PR?USBXCORE_USB_ISR?USB_API
            CODE    2064H     013DH     UNIT         ?PR?USB_API_TEST_ISR?MAIN
            CODE    21A1H     0137H     UNIT         ?PR?_USB_INIT?USB_API
            CODE    22D8H     0128H     UNIT         ?PR?DISPSCALEVER?LCD
            CODE    2400H     011BH     UNIT         ?PR?_TP_GETPOSITION?TP
            CODE    251BH     0111H     UNIT         ?PR?_BLOCK_WRITE?BLOCK_WRITE
            CODE    262CH     00E9H     UNIT         ?PR?_DISPPICFROMSD?LCD
            CODE    2715H     00CDH     UNIT         ?PR?USBXCORE_VENDOR_USB_API?USB_API
            CODE    27E2H     00CBH     UNIT         ?PR?_DISPONECHAR?LCD
            CODE    28ADH     00B7H     UNIT         ?PR?MMC_SD_RESET?MMC_SD
            CODE    2964H     00B3H     UNIT         ?PR?_DISPINT?LCD
            CODE    2A17H     00B2H     UNIT         ?PR?USBXCORE_GET_DESCRIPTOR?USB_API
            CODE    2AC9H     00AFH     UNIT         ?PR?_BLOCK_READ?BLOCK_READ
            CODE    2B78H     00A4H     UNIT         ?PR?DISPFRAME?LCD
            CODE    2C1CH     00A0H     UNIT         ?PR?DISPSCALEVER_GREEN?LCD
            CODE    2CBCH     009CH     UNIT         ?PR?_?BLOCKWRITE?LCD
            CODE    2D58H     009BH     UNIT         ?PR?DISPGRAYHOR16?LCD
            CODE    2DF3H     0096H     UNIT         ?PR?_DISPSTR?LCD
            CODE    2E89H     0091H     UNIT         ?PR?DISPSCALEVER_RED?LCD
            CODE    2F1AH     0091H     UNIT         ?PR?DISPSCALEVER_GRAY?LCD
            CODE    2FABH     0090H     UNIT         ?PR?_DRAWGIRD?LCD
            CODE    303BH     008CH     UNIT         ?C_C51STARTUP
            CODE    30C7H     0086H     UNIT         ?PR?DISPSCALEVER_BLUE?LCD
            CODE    314DH     0086H     UNIT         ?PR?_DRAWLINE?LCD
            CODE    31D3H     007DH     UNIT         ?PR?_MMC_SD_WRITESINGLEBLOCK?MMC_SD
            CODE    3250H     0076H     UNIT         ?PR?DISPGRAYHOR32?LCD
            CODE    32C6H     0075H     UNIT         ?PR?_MMC_SD_SENDCOMMAND?MMC_SD
            CODE    333BH     0073H     UNIT         ?PR?TP_READ?TP
            CODE    33AEH     0073H     UNIT         ?PR?USBXCORE_GET_STATUS?USB_API
            CODE    3421H     006CH     UNIT         ?PR?DEVICES_INIT?MAIN
            CODE    348DH     0064H     UNIT         ?PR?_MMC_SD_READSINGLEBLOCK?MMC_SD
            CODE    34F1H     0061H     UNIT         ?PR?_DISPPIC?LCD
            CODE    3552H     005BH     UNIT         ?PR?_TOORD?LCD
            CODE    35ADH     005AH     UNIT         ?PR?USBXCORE_SET_CONFIGURATION?USB_API
            CODE    3607H     0058H     UNIT         ?PR?USBXCORE_CLEAR_FEATURE?USB_API
            CODE    365FH     0057H     UNIT         ?PR?USBXCORE_SET_FEATURE?USB_API
            CODE    36B6H     0055H     UNIT         ?PR?_STOPDELAY?MAIN
            CODE    370BH     0052H     UNIT         ?PR?_PUTPIXEL?LCD
            CODE    375DH     0050H     UNIT         ?CO?MAIN
            CODE    37ADH     0047H     UNIT         ?PR?USBXCORE_GET_CONFIGURATION?USB_API
            CODE    37F4H     0043H     UNIT         ?PR?MCU_INIT?MAIN
            CODE    3837H     0038H     UNIT         ?PR?USB_CLOCK_START?USB_CLOCK_START
            CODE    386FH     002DH     UNIT         ?C_INITSEG
            CODE    389CH     002CH     UNIT         ?PR?_WRITEDISPDATA?LCD
            CODE    38C8H     002BH     UNIT         ?PR?USB_SUSPEND?USB_SUSPEND
BL51 BANKED LINKER/LOCATER V6.22                                                      02/19/2022  09:09:17  PAGE 4


            CODE    38F3H     0027H     UNIT         ?PR?MAIN?MAIN
            CODE    391AH     0027H     UNIT         ?PR?USBXCORE_USB_RESET?USB_API
            CODE    3941H     0027H     UNIT         ?PR?USBXCORE_GET_INTERFACE?USB_API
            CODE    3968H     0026H     UNIT         ?PR?_TP_WRITE?TP
            CODE    398EH     0022H     UNIT         ?PR?USBXCORE_JUMP_ISR?USB_JUMP_ISR
            CODE    39B0H     0020H     UNIT         ?PR?USBXCORE_SET_ADDRESS?USB_API
            CODE    39D0H     001FH     UNIT         ?PR?_DELAY?MAIN
            CODE    39EFH     001DH     UNIT         ?PR?USBXCORE_FORCE_STALL?USB_API
            CODE    3A0CH     0019H     UNIT         ?PR?_WRITEDATA?LCD
            CODE    3A25H     0019H     UNIT         ?PR?USB_INT_ENABLE?USB_INT_ENABLE
            CODE    3A3EH     0016H     UNIT         ?PR?_SPI_WRITEBYTE?MMC_SD
            CODE    3A54H     0016H     UNIT         ?PR?READDATA?LCD
            CODE    3A6AH     0015H     UNIT         ?PR?_WRITECOMM?LCD
            CODE    3A7FH     0014H     UNIT         ?PR?USBXCORE_SET_SOP?USB_API
            CODE    3A93H     0013H     UNIT         ?PR?WAITKEY?MAIN
            CODE    3AA6H     0011H     UNIT         ?PR?SD_INIT?MMC_SD
            CODE    3AB7H     000EH     UNIT         ?PR?GET_INTERRUPT_SOURCE?GET_INTERRUPT_SOURCE
            CODE    3AC5H     000CH     UNIT         ?PR?USBXCORE_CLKREC?USB_CLOCK_RECOVERY
            CODE    3AD1H     000BH     UNIT         ?PR?SPI_READBYTE?MMC_SD
            CODE    3ADCH     0009H     UNIT         ?PR?_WRITEONEDOT?LCD
            CODE    3AE5H     0008H     UNIT         ?CO?TP



OVERLAY MAP OF MODULE:   CTO24+GC9306_ZT_L8 (MAIN)


SEGMENT                                            PDATA_GROUP         XDATA_GROUP
  +--> CALLED SEGMENT                            START    LENGTH     START    LENGTH
------------------------------------------------------------------------------------
?PR?USB_API_TEST_ISR?MAIN                        0056H    0001H      -----    -----
  +--> ?PR?GET_INTERRUPT_SOURCE?GET_INTERRUP...
  +--> ?PR?_BLOCK_READ?BLOCK_READ
  +--> ?PR?SUSPEND_DEVICE?MAIN
  +--> ?PR?MCU_INIT?MAIN
  +--> ?PR?_?BLOCKWRITE?LCD

?PR?SUSPEND_DEVICE?MAIN                          -----    -----      -----    -----
  +--> ?PR?USB_SUSPEND?USB_SUSPEND

?PR?USB_SUSPEND?USB_SUSPEND                      -----    -----      -----    -----
  +--> ?PR?USB_CLOCK_START?USB_CLOCK_START

?PR?_?BLOCKWRITE?LCD                             -----    -----      -----    -----
  +--> ?PR?_WRITECOMM?LCD
  +--> ?PR?_WRITEDATA?LCD

?PR?_WRITECOMM?LCD                               007AH    0002H      -----    -----

?PR?_WRITEDATA?LCD                               007AH    0002H      -----    -----

*** NEW ROOT ***************************************************

?PR?USBXCORE_USB_ISR?USB_API                     -----    -----      -----    -----
  +--> ?PR?USBXCORE_USB_RESET?USB_API
  +--> ?PR?USBXCORE_HANDLE_SETUP?USB_API
  +--> ?PR?USBXCORE_JUMP_ISR?USB_JUMP_ISR
BL51 BANKED LINKER/LOCATER V6.22                                                      02/19/2022  09:09:17  PAGE 5



?PR?USBXCORE_HANDLE_SETUP?USB_API                -----    -----      -----    -----
  +--> ?PR?USBXCORE_GET_STATUS?USB_API
  +--> ?PR?USBXCORE_CLEAR_FEATURE?USB_API
  +--> ?PR?USBXCORE_VENDOR_USB_API?USB_API
  +--> ?PR?USBXCORE_SET_FEATURE?USB_API
  +--> ?PR?USBXCORE_SET_ADDRESS?USB_API
  +--> ?PR?USBXCORE_GET_DESCRIPTOR?USB_API
  +--> ?PR?USBXCORE_GET_CONFIGURATION?USB_API
  +--> ?PR?USBXCORE_SET_CONFIGURATION?USB_API
  +--> ?PR?USBXCORE_GET_INTERFACE?USB_API
  +--> ?PR?USBXCORE_SET_SOP?USB_API
  +--> ?PR?USBXCORE_FORCE_STALL?USB_API

?PR?USBXCORE_GET_STATUS?USB_API                  -----    -----      -----    -----
  +--> ?CO?USB_API
  +--> ?PR?USBXCORE_FORCE_STALL?USB_API
  +--> ?PR?USBXCORE_SET_SOP?USB_API

?PR?USBXCORE_CLEAR_FEATURE?USB_API               -----    -----      -----    -----
  +--> ?PR?USBXCORE_FORCE_STALL?USB_API
  +--> ?PR?USBXCORE_SET_SOP?USB_API

?PR?USBXCORE_VENDOR_USB_API?USB_API              -----    -----      -----    -----
  +--> ?PR?USBXCORE_SET_SOP?USB_API

?PR?USBXCORE_SET_FEATURE?USB_API                 -----    -----      -----    -----
  +--> ?PR?USBXCORE_FORCE_STALL?USB_API
  +--> ?PR?USBXCORE_SET_SOP?USB_API

?PR?USBXCORE_SET_ADDRESS?USB_API                 -----    -----      -----    -----
  +--> ?PR?USBXCORE_SET_SOP?USB_API

?PR?USBXCORE_GET_DESCRIPTOR?USB_API              -----    -----      -----    -----
  +--> ?PR?USBXCORE_FORCE_STALL?USB_API
  +--> ?PR?USBXCORE_SET_SOP?USB_API

?PR?USBXCORE_GET_CONFIGURATION?USB_API           -----    -----      -----    -----
  +--> ?CO?USB_API
  +--> ?PR?USBXCORE_SET_SOP?USB_API

?PR?USBXCORE_SET_CONFIGURATION?USB_API           -----    -----      -----    -----
  +--> ?PR?USBXCORE_SET_SOP?USB_API

?PR?USBXCORE_GET_INTERFACE?USB_API               -----    -----      -----    -----
  +--> ?CO?USB_API
  +--> ?PR?USBXCORE_SET_SOP?USB_API

*** NEW ROOT ***************************************************

?C_C51STARTUP                                    -----    -----      -----    -----
  +--> ?PR?MAIN?MAIN
  +--> ?C_INITSEG

?PR?MAIN?MAIN                                    -----    -----      -----    -----
  +--> ?PR?DEVICES_INIT?MAIN
  +--> ?PR?DISPFRAME?LCD
BL51 BANKED LINKER/LOCATER V6.22                                                      02/19/2022  09:09:17  PAGE 6


  +--> ?PR?_STOPDELAY?MAIN
  +--> ?PR?WAITKEY?MAIN
  +--> ?PR?DISPGRAYHOR16?LCD
  +--> ?PR?DISPBAND?LCD
  +--> ?PR?TP_DRAWLINE?TP

?PR?DEVICES_INIT?MAIN                            -----    -----      -----    -----
  +--> ?PR?MCU_INIT?MAIN
  +--> ?PR?USB_CLOCK_START?USB_CLOCK_START
  +--> ?CO?MAIN
  +--> ?PR?_USB_INIT?USB_API
  +--> ?PR?USB_INT_ENABLE?USB_INT_ENABLE
  +--> ?PR?LCD_INIT?LCD

?PR?_USB_INIT?USB_API                            -----    -----      027CH    0011H
  +--> ?CO?USB_API
  +--> ?PR?USBXCORE_CLKREC?USB_CLOCK_RECOVERY

?PR?LCD_INIT?LCD                                 -----    -----      -----    -----
  +--> ?PR?READDATA?LCD
  +--> ?PR?_DELAY?MAIN
  +--> ?PR?_WRITECOMM?LCD
  +--> ?PR?_WRITEDATA?LCD

?PR?READDATA?LCD                                 -----    -----      -----    -----
  +--> ?PR?_LCD_READ_IC_ID?LCD

?PR?_LCD_READ_IC_ID?LCD                          0062H    0008H      -----    -----

?PR?DISPFRAME?LCD                                0059H    0002H      -----    -----
  +--> ?PR?_?BLOCKWRITE?LCD
  +--> ?PR?_WRITEDISPDATA?LCD

?PR?_WRITEDISPDATA?LCD                           007AH    0001H      -----    -----

?PR?_STOPDELAY?MAIN                              0059H    0004H      -----    -----
  +--> ?PR?WAITKEY?MAIN
  +--> ?PR?_DELAY?MAIN

?PR?WAITKEY?MAIN                                 -----    -----      -----    -----
  +--> ?PR?CONNTOUSB?MAIN
  +--> ?PR?_DELAY?MAIN

?PR?CONNTOUSB?MAIN                               005DH    0005H      027CH    0058H
  +--> ?CO?MAIN
  +--> ?PR?_WRITECOMM?LCD
  +--> ?PR?_WRITEDATA?LCD
  +--> ?PR?_DISPSTR?LCD
  +--> ?PR?_DISPINT?LCD
  +--> ?PR?_WRITEDISPDATA?LCD
  +--> ?PR?_MMC_SD_WRITESINGLEBLOCK?MMC_SD
  +--> ?PR?_BLOCK_WRITE?BLOCK_WRITE
  +--> ?PR?READDATA?LCD
  +--> ?PR?_DELAY?MAIN

?PR?_DISPSTR?LCD                                 0062H    000BH      -----    -----
  +--> ?PR?_TOORD?LCD
BL51 BANKED LINKER/LOCATER V6.22                                                      02/19/2022  09:09:17  PAGE 7


  +--> ?PR?_DISPONECHAR?LCD

?PR?_DISPONECHAR?LCD                             006DH    000DH      -----    -----
  +--> ?PR?_?BLOCKWRITE?LCD
  +--> ?CO?LCD
  +--> ?PR?_WRITEONEDOT?LCD

?PR?_WRITEONEDOT?LCD                             -----    -----      -----    -----
  +--> ?PR?_WRITEDISPDATA?LCD

?PR?_DISPINT?LCD                                 0062H    000AH      -----    -----
  +--> ?PR?_DISPONECHAR?LCD

?PR?_MMC_SD_WRITESINGLEBLOCK?MMC_SD              0062H    0004H      -----    -----
  +--> ?PR?_MMC_SD_SENDCOMMAND?MMC_SD
  +--> ?PR?_SPI_WRITEBYTE?MMC_SD

?PR?_MMC_SD_SENDCOMMAND?MMC_SD                   0066H    0005H      -----    -----
  +--> ?PR?_SPI_WRITEBYTE?MMC_SD

?PR?DISPGRAYHOR16?LCD                            0059H    0004H      -----    -----
  +--> ?PR?_?BLOCKWRITE?LCD
  +--> ?PR?_WRITEDISPDATA?LCD

?PR?DISPBAND?LCD                                 0059H    0005H      -----    -----
  +--> ?PR?_?BLOCKWRITE?LCD
  +--> ?PR?_WRITEDISPDATA?LCD

?PR?TP_DRAWLINE?TP                               -----    -----      027CH    0018H
  +--> ?PR?_DISPCOLOR?LCD
  +--> ?CO?TP
  +--> ?PR?_DISPSTR?LCD
  +--> ?PR?_DELAY?MAIN
  +--> ?PR?_TP_GETPOSITION?TP
  +--> ?PR?_PUTPIXEL?LCD

?PR?_DISPCOLOR?LCD                               0059H    0004H      -----    -----
  +--> ?PR?_?BLOCKWRITE?LCD
  +--> ?PR?_WRITEDISPDATA?LCD

?PR?_TP_GETPOSITION?TP                           -----    -----      0294H    001BH
  +--> ?PR?_TP_WRITE?TP
  +--> ?PR?TP_READ?TP

?PR?_TP_WRITE?TP                                 -----    -----      02AFH    0001H

?PR?TP_READ?TP                                   -----    -----      02AFH    0005H

?PR?_PUTPIXEL?LCD                                0059H    0002H      -----    -----
  +--> ?PR?_?BLOCKWRITE?LCD
  +--> ?PR?_WRITEDISPDATA?LCD



SYMBOL TABLE OF MODULE:  CTO24+GC9306_ZT_L8 (MAIN)

  VALUE           TYPE          NAME
BL51 BANKED LINKER/LOCATER V6.22                                                      02/19/2022  09:09:17  PAGE 8


  ----------------------------------

  -------         MODULE        MAIN
  C:0000H         SYMBOL        _ICE_DUMMY_
  D:0080H         PUBLIC        P0
  X:0000H         PUBLIC        f_down
  D:0090H         PUBLIC        P1
  D:00B0H         PUBLIC        P3
  C:37A8H         PUBLIC        USB_MaxPower
  B:00B0H.6       PUBLIC        KEY_STEP
  D:00A4H         PUBLIC        P0MDOUT
  D:00A5H         PUBLIC        P1MDOUT
  D:00A6H         PUBLIC        P2MDOUT
  D:00A7H         PUBLIC        P3MDOUT
  D:00AEH         PUBLIC        P4MDOUT
  B:0080H.6       PUBLIC        OE
  D:00D9H         PUBLIC        PCA0MD
  C:2064H         PUBLIC        USB_API_TEST_ISR
  C:003DH         PUBLIC        Suspend_Device
  C:36BAH         PUBLIC        _StopDelay
  D:00E1H         PUBLIC        XBR0
  D:00E2H         PUBLIC        XBR1
  B:00B0H.1       PUBLIC        RS
  C:38F3H         PUBLIC        main
  X:0001H         PUBLIC        VerifyCode0
  X:0002H         PUBLIC        VerifyCode1
  C:3772H         PUBLIC        USB_PID
  X:0003H         PUBLIC        VerifyCode2
  D:00F1H         PUBLIC        P0MDIN
  D:00F2H         PUBLIC        P1MDIN
  C:3774H         PUBLIC        USB_MfrStr
  D:00F4H         PUBLIC        P3MDIN
  C:3770H         PUBLIC        USB_VID
  D:00F8H         PUBLIC        SPI0CN
  X:0004H         PUBLIC        pic
  C:3421H         PUBLIC        Devices_Init
  C:008EH         PUBLIC        ConnToUSB
  D:00A9H         PUBLIC        CLKSEL
  D:00B2H         PUBLIC        OSCICN
  C:37A9H         PUBLIC        USB_PwAttributes
  C:3A93H         PUBLIC        WaitKey
  C:37ACH         SYMBOL        _?ix1000
  B:00B0H.0       PUBLIC        CS0
  X:0005H         PUBLIC        bf
  C:37AAH         PUBLIC        USB_bcdDevice
  D:00B9H         PUBLIC        CLKMUL
  X:0007H         PUBLIC        f_debug
  X:0008H         PUBLIC        sd
  X:02D4H         PUBLIC        Packet
  C:37F4H         PUBLIC        MCU_Init
  B:0080H.7       PUBLIC        DIR
  D:00EFH         PUBLIC        RSTSRC
  X:000CH         PUBLIC        f_read
  C:379EH         PUBLIC        USB_SerialStr
  X:000DH         PUBLIC        f_other
  C:378EH         PUBLIC        USB_ProductStr
  X:000EH         PUBLIC        f_para
BL51 BANKED LINKER/LOCATER V6.22                                                      02/19/2022  09:09:17  PAGE 9


  D:00A1H         PUBLIC        SPI0CFG
  C:39D0H         PUBLIC        _Delay
  B:00B0H.7       PUBLIC        KEY_Stop
  X:000FH         PUBLIC        f_init
  -------         PROC          MAIN
  C:38F3H         LINE#         40
  C:38F3H         LINE#         41
  C:38F3H         LINE#         46
  C:38F6H         LINE#         53
  C:38F9H         LINE#         54
  C:38F9H         LINE#         72
  C:3902H         LINE#         78
  C:390BH         LINE#         79
  C:3914H         LINE#         85
  C:3917H         LINE#         87
  C:3919H         LINE#         89
  -------         ENDPROC       MAIN
  -------         PROC          _DELAY
  D:0006H         SYMBOL        dly
  -------         DO            
  D:0004H         SYMBOL        i
  D:0002H         SYMBOL        j
  -------         ENDDO         
  C:39D0H         LINE#         91
  C:39D0H         LINE#         92
  C:39D0H         LINE#         95
  C:39DAH         LINE#         96
  C:39EEH         LINE#         97
  -------         ENDPROC       _DELAY
  C:36B6H         SYMBOL        L?0133
  -------         PROC          L?0132
  -------         ENDPROC       L?0132
  C:36B6H         SYMBOL        L?0133
  -------         PROC          _STOPDELAY
  X:0059H         SYMBOL        sdly
  -------         DO            
  D:0006H         SYMBOL        i
  D:0004H         SYMBOL        j
  X:005BH         SYMBOL        k
  -------         ENDDO         
  C:36BAH         LINE#         99
  C:36C1H         LINE#         100
  C:36C1H         LINE#         102
  C:36C6H         LINE#         103
  C:36C6H         LINE#         104
  C:36C9H         LINE#         105
  C:36C9H         LINE#         106
  C:36D6H         LINE#         107
  C:36EAH         LINE#         108
  C:36EAH         LINE#         110
  C:36EAH         LINE#         111
  C:36F4H         LINE#         112
  C:36F4H         LINE#         113
  C:370AH         LINE#         114
  -------         ENDPROC       _STOPDELAY
  -------         PROC          WAITKEY
  C:3A93H         LINE#         144
BL51 BANKED LINKER/LOCATER V6.22                                                      02/19/2022  09:09:17  PAGE 10


  C:3A93H         LINE#         145
  C:3A93H         LINE#         147
  C:3A96H         LINE#         148
  C:3A96H         LINE#         150
  C:3A99H         LINE#         152
  C:3A9BH         LINE#         153
  C:3AA2H         LINE#         154
  C:3AA5H         LINE#         156
  -------         ENDPROC       WAITKEY
  -------         PROC          CONNTOUSB
  -------         DO            
  X:005DH         SYMBOL        i
  X:027CH         SYMBOL        reg_data
  X:0294H         SYMBOL        para_data
  D:0007H         SYMBOL        dat
  X:005EH         SYMBOL        reg_index
  X:0060H         SYMBOL        data_num
  X:0061H         SYMBOL        st
  -------         ENDDO         
  C:008EH         LINE#         162
  C:008EH         LINE#         163
  C:008EH         LINE#         170
  C:00A1H         LINE#         172
  C:00A9H         LINE#         173
  C:00A9H         LINE#         174
  C:00B7H         LINE#         175
  C:00B7H         LINE#         176
  C:00C8H         LINE#         177
  C:00C8H         LINE#         178
  C:00EEH         LINE#         179
  C:00F0H         LINE#         180
  C:0104H         LINE#         181
  C:0104H         LINE#         182
  C:012AH         LINE#         184
  C:012AH         LINE#         185
  C:012AH         LINE#         186
  C:012AH         LINE#         188
  C:012AH         LINE#         189
  C:0132H         LINE#         190
  C:013CH         LINE#         191
  C:0146H         LINE#         193
  C:0162H         LINE#         195
  C:016CH         LINE#         196
  C:016CH         LINE#         197
  C:017DH         LINE#         198
  C:017DH         LINE#         199
  C:018EH         LINE#         200
  C:018EH         LINE#         201
  C:01E1H         LINE#         202
  C:01E3H         LINE#         203
  C:01F9H         LINE#         204
  C:01F9H         LINE#         205
  C:024BH         LINE#         206
  C:024BH         LINE#         207
  C:024BH         LINE#         208
  C:024BH         LINE#         210
  C:024BH         LINE#         211
BL51 BANKED LINKER/LOCATER V6.22                                                      02/19/2022  09:09:17  PAGE 11


  C:0253H         LINE#         212
  C:0253H         LINE#         213
  C:025DH         LINE#         214
  C:0267H         LINE#         216
  C:026BH         LINE#         217
  C:026EH         LINE#         221
  C:0276H         LINE#         222
  C:0276H         LINE#         223
  C:0285H         LINE#         224
  C:0285H         LINE#         225
  C:0287H         LINE#         227
  C:0289H         LINE#         228
  C:02A5H         LINE#         229
  C:02A7H         LINE#         231
  C:02D0H         LINE#         232
  C:02F4H         LINE#         233
  C:02FEH         LINE#         234
  C:02FEH         LINE#         235
  C:0306H         LINE#         236
  C:030DH         LINE#         237
  C:0318H         LINE#         238
  C:031EH         LINE#         239
  C:031EH         LINE#         240
  C:0327H         LINE#         242
  C:032BH         LINE#         243
  C:0337H         LINE#         244
  C:033AH         LINE#         247
  C:0342H         LINE#         248
  C:0342H         LINE#         249
  C:034BH         LINE#         250
  C:034BH         LINE#         251
  C:035BH         LINE#         252
  C:035BH         LINE#         253
  C:035DH         LINE#         255
  C:035FH         LINE#         256
  C:037BH         LINE#         257
  C:037DH         LINE#         259
  C:03A6H         LINE#         260
  C:03CAH         LINE#         262
  C:03D4H         LINE#         263
  C:03D4H         LINE#         264
  C:03DCH         LINE#         265
  C:03E3H         LINE#         266
  C:03EEH         LINE#         267
  C:03F4H         LINE#         268
  C:03F4H         LINE#         270
  C:03FDH         LINE#         276
  C:03FDH         LINE#         277
  C:040AH         LINE#         278
  C:040AH         LINE#         279
  C:040CH         LINE#         281
  C:040EH         LINE#         282
  C:042AH         LINE#         283
  C:042CH         LINE#         285
  C:0434H         LINE#         286
  C:0438H         LINE#         287
  C:0444H         LINE#         288
BL51 BANKED LINKER/LOCATER V6.22                                                      02/19/2022  09:09:17  PAGE 12


  C:0444H         LINE#         289
  C:0447H         LINE#         292
  C:044FH         LINE#         293
  C:044FH         LINE#         294
  C:0460H         LINE#         295
  C:0460H         LINE#         296
  C:046DH         LINE#         297
  C:046DH         LINE#         298
  C:048BH         LINE#         299
  C:048DH         LINE#         300
  C:049DH         LINE#         301
  C:049DH         LINE#         302
  C:04BBH         LINE#         303
  C:04BDH         LINE#         304
  C:04CEH         LINE#         305
  C:04CEH         LINE#         306
  C:04D8H         LINE#         307
  C:04E2H         LINE#         308
  C:04E2H         LINE#         309
  C:04E2H         LINE#         310
  C:04E2H         LINE#         312
  C:04E2H         LINE#         313
  C:04EBH         LINE#         314
  C:04EFH         LINE#         315
  C:04FBH         LINE#         316
  C:04FEH         LINE#         319
  C:0506H         LINE#         320
  C:0506H         LINE#         321
  C:0513H         LINE#         322
  C:0524H         LINE#         324
  C:052DH         LINE#         325
  C:053CH         LINE#         327
  C:0544H         LINE#         328
  C:0544H         LINE#         329
  C:054DH         LINE#         330
  C:055CH         LINE#         331
  C:055CH         LINE#         332
  C:055FH         LINE#         333
  C:056EH         LINE#         334
  C:057AH         LINE#         335
  C:0580H         LINE#         336
  C:0580H         LINE#         338
  C:0584H         LINE#         339
  C:0593H         LINE#         341
  C:059AH         LINE#         342
  C:05B6H         LINE#         343
  C:05C0H         LINE#         344
  C:05C0H         LINE#         345
  C:05E6H         LINE#         346
  C:05F9H         LINE#         347
  C:05F9H         LINE#         348
  C:064BH         LINE#         349
  C:0653H         LINE#         350
  C:0653H         LINE#         351
  C:0653H         LINE#         354
  C:0658H         LINE#         355
  C:0658H         LINE#         356
BL51 BANKED LINKER/LOCATER V6.22                                                      02/19/2022  09:09:17  PAGE 13


  C:0665H         LINE#         357
  C:0676H         LINE#         359
  C:067CH         LINE#         360
  C:0680H         LINE#         361
  C:0683H         LINE#         362
  C:0687H         LINE#         364
  C:068BH         LINE#         365
  C:0697H         LINE#         366
  C:0699H         LINE#         367
  -------         ENDPROC       CONNTOUSB
  -------         PROC          MCU_INIT
  -------         DO            
  D:0007H         SYMBOL        n
  -------         ENDDO         
  C:37F4H         LINE#         370
  C:37F4H         LINE#         371
  C:37F4H         LINE#         373
  C:37F7H         LINE#         376
  C:37FAH         LINE#         377
  C:37FDH         LINE#         379
  C:3800H         LINE#         381
  C:3806H         LINE#         383
  C:3809H         LINE#         384
  C:380EH         LINE#         385
  C:3811H         LINE#         387
  C:3814H         LINE#         390
  C:3817H         LINE#         391
  C:381AH         LINE#         393
  C:381DH         LINE#         394
  C:3820H         LINE#         396
  C:3823H         LINE#         397
  C:3826H         LINE#         399
  C:3829H         LINE#         400
  C:382CH         LINE#         401
  C:382EH         LINE#         402
  C:3830H         LINE#         404
  C:3833H         LINE#         405
  C:3836H         LINE#         407
  -------         ENDPROC       MCU_INIT
  -------         PROC          DEVICES_INIT
  C:3421H         LINE#         409
  C:3421H         LINE#         410
  C:3421H         LINE#         412
  C:3424H         LINE#         415
  C:3427H         LINE#         416
  C:3481H         LINE#         417
  C:3484H         LINE#         420
  C:3487H         LINE#         421
  C:348AH         LINE#         429
  -------         ENDPROC       DEVICES_INIT
  -------         PROC          SUSPEND_DEVICE
  C:003DH         LINE#         433
  C:003DH         LINE#         434
  C:003DH         LINE#         435
  -------         ENDPROC       SUSPEND_DEVICE
  -------         PROC          USB_API_TEST_ISR
  -------         DO            
BL51 BANKED LINKER/LOCATER V6.22                                                      02/19/2022  09:09:17  PAGE 14


  X:0056H         SYMBOL        INTVAL
  -------         ENDDO         
  C:2064H         LINE#         439
  C:2081H         LINE#         441
  C:2088H         LINE#         443
  C:208EH         LINE#         444
  C:208EH         LINE#         445
  C:2099H         LINE#         447
  C:20B5H         LINE#         448
  C:20B5H         LINE#         449
  C:20B7H         LINE#         450
  C:20B9H         LINE#         451
  C:20CFH         LINE#         452
  C:20CFH         LINE#         453
  C:20D1H         LINE#         454
  C:20D3H         LINE#         455
  C:20EBH         LINE#         456
  C:20EBH         LINE#         457
  C:20EDH         LINE#         458
  C:20EFH         LINE#         459
  C:2109H         LINE#         460
  C:2109H         LINE#         461
  C:210BH         LINE#         462
  C:210DH         LINE#         463
  C:2122H         LINE#         464
  C:2122H         LINE#         465
  C:2124H         LINE#         466
  C:2126H         LINE#         468
  C:2126H         LINE#         469
  C:212BH         LINE#         470
  C:212BH         LINE#         471
  C:212BH         LINE#         473
  C:212BH         LINE#         474
  C:212BH         LINE#         476
  C:212BH         LINE#         478
  C:2131H         LINE#         479
  C:2131H         LINE#         480
  C:2134H         LINE#         481
  C:2134H         LINE#         483
  C:213AH         LINE#         484
  C:213AH         LINE#         485
  C:213DH         LINE#         486
  C:213DH         LINE#         488
  C:2143H         LINE#         489
  C:2143H         LINE#         490
  C:215FH         LINE#         491
  C:215FH         LINE#         493
  C:2165H         LINE#         494
  C:2165H         LINE#         495
  C:216AH         LINE#         496
  C:2186H         LINE#         497
  C:2186H         LINE#         498
  -------         ENDPROC       USB_API_TEST_ISR
  -------         ENDMOD        MAIN

  -------         MODULE        MMC_SD
  C:0000H         SYMBOL        _ICE_DUMMY_
BL51 BANKED LINKER/LOCATER V6.22                                                      02/19/2022  09:09:17  PAGE 15


  D:00A2H         PUBLIC        SPI0CKR
  D:0080H         PUBLIC        P0
  D:0090H         PUBLIC        P1
  D:00B0H         PUBLIC        P3
  C:32C6H         PUBLIC        _MMC_SD_SendCommand
  C:348DH         PUBLIC        _MMC_SD_ReadSingleBlock
  C:3AA6H         PUBLIC        SD_Init
  C:31D3H         PUBLIC        _MMC_SD_WriteSingleBlock
  B:00F8H.7       PUBLIC        SPIF
  B:00F8H.2       PUBLIC        NSSMD0
  C:28ADH         PUBLIC        MMC_SD_Reset
  D:00A9H         PUBLIC        CLKSEL
  C:3AD1H         PUBLIC        SPI_ReadByte
  C:3A4AH         PUBLIC        _SPI_WriteByte
  D:00A3H         PUBLIC        SPI0DAT
  X:007CH         PUBLIC        buffer
  C:3A3EH         SYMBOL        L?0062
  C:3A43H         SYMBOL        L?0063
  -------         PROC          L?0061
  -------         ENDPROC       L?0061
  C:3A3EH         SYMBOL        L?0062
  C:3A43H         SYMBOL        L?0063
  -------         PROC          _SPI_WRITEBYTE
  D:0007H         SYMBOL        val
  -------         DO            
  D:0007H         SYMBOL        ret
  -------         ENDDO         
  C:3A4AH         LINE#         7
  C:3A4AH         LINE#         8
  C:3A4AH         LINE#         11
  C:3A4CH         LINE#         12
  C:3A4FH         LINE#         13
  C:3A51H         LINE#         14
  C:3A53H         LINE#         15
  C:3A53H         LINE#         16
  -------         ENDPROC       _SPI_WRITEBYTE
  -------         PROC          SPI_READBYTE
  -------         DO            
  D:0007H         SYMBOL        ret
  -------         ENDDO         
  C:3AD1H         LINE#         18
  C:3AD1H         LINE#         19
  C:3AD1H         LINE#         22
  C:3AD4H         LINE#         23
  C:3AD7H         LINE#         24
  C:3AD9H         LINE#         25
  C:3ADBH         LINE#         26
  C:3ADBH         LINE#         27
  -------         ENDPROC       SPI_READBYTE
  -------         PROC          _MMC_SD_SENDCOMMAND
  D:0006H         SYMBOL        cmd
  X:0067H         SYMBOL        arg
  -------         DO            
  D:0007H         SYMBOL        r1
  D:0003H         SYMBOL        retry
  -------         ENDDO         
  C:32C6H         LINE#         29
BL51 BANKED LINKER/LOCATER V6.22                                                      02/19/2022  09:09:17  PAGE 16


  C:32C8H         LINE#         30
  C:32C8H         LINE#         32
  C:32CAH         LINE#         34
  C:32CAH         LINE#         35
  C:32CAH         LINE#         36
  C:32CDH         LINE#         37
  C:32CDH         LINE#         38
  C:32CDH         LINE#         39
  C:32D0H         LINE#         41
  C:32D2H         LINE#         43
  C:32D9H         LINE#         44
  C:32EEH         LINE#         45
  C:3303H         LINE#         46
  C:3318H         LINE#         47
  C:3322H         LINE#         48
  C:3327H         LINE#         50
  C:332FH         LINE#         51
  C:3338H         LINE#         53
  C:333AH         LINE#         55
  C:333AH         LINE#         56
  -------         ENDPROC       _MMC_SD_SENDCOMMAND
  -------         PROC          MMC_SD_RESET
  -------         DO            
  D:0005H         SYMBOL        i
  D:0002H         SYMBOL        retry
  D:0006H         SYMBOL        r1
  -------         ENDDO         
  C:28ADH         LINE#         58
  C:28ADH         LINE#         59
  C:28ADH         LINE#         62
  C:28AFH         LINE#         64
  C:28B0H         LINE#         65
  C:28B3H         LINE#         66
  C:28B6H         LINE#         68
  C:28B6H         LINE#         69
  C:28C2H         LINE#         70
  C:28D2H         LINE#         71
  C:28D3H         LINE#         72
  C:28D9H         LINE#         73
  C:28DDH         LINE#         75
  C:28DFH         LINE#         77
  C:28DFH         LINE#         79
  C:28DFH         LINE#         80
  C:28EFH         LINE#         81
  C:28F0H         LINE#         82
  C:28F9H         LINE#         83
  C:28FDH         LINE#         85
  C:28FFH         LINE#         86
  C:290FH         LINE#         87
  C:2910H         LINE#         88
  C:2919H         LINE#         89
  C:291CH         LINE#         91
  C:291FH         LINE#         92
  C:291FH         LINE#         93
  C:2921H         LINE#         95
  C:2921H         LINE#         96
  C:2931H         LINE#         97
BL51 BANKED LINKER/LOCATER V6.22                                                      02/19/2022  09:09:17  PAGE 17


  C:2932H         LINE#         98
  C:293BH         LINE#         99
  C:293EH         LINE#         100
  C:293EH         LINE#         101
  C:294EH         LINE#         103
  C:295CH         LINE#         104
  C:295FH         LINE#         105
  C:2962H         LINE#         106
  C:2963H         LINE#         107
  -------         ENDPROC       MMC_SD_RESET
  -------         PROC          _MMC_SD_READSINGLEBLOCK
  X:0010H         SYMBOL        sector
  -------         DO            
  D:0007H         SYMBOL        r1
  D:0004H         SYMBOL        i
  D:0002H         SYMBOL        retry
  -------         ENDDO         
  C:348DH         LINE#         109
  C:3492H         LINE#         110
  C:3492H         LINE#         113
  C:3494H         LINE#         115
  C:3497H         LINE#         117
  C:3497H         LINE#         118
  C:34B3H         LINE#         119
  C:34B4H         LINE#         120
  C:34BDH         LINE#         121
  C:34C0H         LINE#         124
  C:34C2H         LINE#         126
  C:34C8H         LINE#         128
  C:34CBH         LINE#         129
  C:34CBH         LINE#         130
  C:34DAH         LINE#         131
  C:34E7H         LINE#         133
  C:34E7H         LINE#         134
  C:34EAH         LINE#         136
  C:34ECH         LINE#         137
  C:34EFH         LINE#         138
  C:34F0H         LINE#         139
  -------         ENDPROC       _MMC_SD_READSINGLEBLOCK
  -------         PROC          _MMC_SD_WRITESINGLEBLOCK
  X:0062H         SYMBOL        sector
  -------         DO            
  D:0006H         SYMBOL        r1
  D:0004H         SYMBOL        i
  D:0002H         SYMBOL        retry
  -------         ENDDO         
  C:31D3H         LINE#         141
  C:31D8H         LINE#         142
  C:31D8H         LINE#         145
  C:31DAH         LINE#         147
  C:31DDH         LINE#         149
  C:31DDH         LINE#         150
  C:31FBH         LINE#         151
  C:31FCH         LINE#         152
  C:3205H         LINE#         153
  C:3208H         LINE#         157
  C:320AH         LINE#         159
BL51 BANKED LINKER/LOCATER V6.22                                                      02/19/2022  09:09:17  PAGE 18


  C:320FH         LINE#         161
  C:3214H         LINE#         163
  C:3216H         LINE#         164
  C:3216H         LINE#         165
  C:3225H         LINE#         166
  C:3232H         LINE#         168
  C:3232H         LINE#         169
  C:3232H         LINE#         171
  C:3237H         LINE#         173
  C:323EH         LINE#         174
  C:323EH         LINE#         175
  C:3240H         LINE#         176
  C:3241H         LINE#         177
  C:3241H         LINE#         179
  C:3249H         LINE#         181
  C:324BH         LINE#         182
  C:324EH         LINE#         183
  C:324FH         LINE#         184
  -------         ENDPROC       _MMC_SD_WRITESINGLEBLOCK
  -------         PROC          SD_INIT
  -------         DO            
  D:0001H         SYMBOL        n
  -------         ENDDO         
  C:3AA6H         LINE#         187
  C:3AA6H         LINE#         188
  C:3AA6H         LINE#         189
  C:3AA8H         LINE#         191
  C:3AAEH         LINE#         192
  C:3AAEH         LINE#         193
  C:3AAFH         LINE#         194
  C:3AB6H         LINE#         196
  -------         ENDPROC       SD_INIT
  -------         ENDMOD        MMC_SD

  -------         MODULE        LCD
  C:0000H         SYMBOL        _ICE_DUMMY_
  D:0080H         PUBLIC        P0
  C:2B78H         PUBLIC        DispFrame
  D:0090H         PUBLIC        P1
  C:2C1CH         PUBLIC        DispScaleVer_Green
  D:00A0H         PUBLIC        P2
  D:00B0H         PUBLIC        P3
  D:00C7H         PUBLIC        P4
  C:1BFCH         PUBLIC        DispBand
  C:3A10H         PUBLIC        _WriteData
  C:069AH         PUBLIC        ascii
  C:1412H         PUBLIC        _LCD_Read_IC_ID
  D:00A6H         PUBLIC        P2MDOUT
  C:0046H         PUBLIC        _DispColor
  C:30C7H         PUBLIC        DispScaleVer_Blue
  C:2FABH         PUBLIC        _DrawGird
  C:314DH         PUBLIC        _DrawLine
  C:3A6AH         PUBLIC        _WriteComm
  C:38B1H         PUBLIC        _WriteDispData
  C:2F1AH         PUBLIC        DispScaleVer_Gray
  B:00B0H.1       PUBLIC        RS
  B:0090H.7       PUBLIC        SPI_CLK
BL51 BANKED LINKER/LOCATER V6.22                                                      02/19/2022  09:09:17  PAGE 19


  C:2E89H         PUBLIC        DispScaleVer_Red
  D:00F3H         PUBLIC        P2MDIN
  C:22D8H         PUBLIC        DispScaleVer
  C:34F1H         PUBLIC        _DispPic
  C:2812H         PUBLIC        _DispOneChar
  C:3250H         PUBLIC        DispGrayHor32
  C:2D58H         PUBLIC        DispGrayHor16
  C:2964H         PUBLIC        _DispInt
  C:370BH         PUBLIC        _PutPixel
  D:00A9H         PUBLIC        CLKSEL
  B:0090H.6       PUBLIC        RD0
  B:00B0H.0       PUBLIC        CS0
  X:0054H         PUBLIC        LCM_ID
  C:1D8AH         PUBLIC        LCD_Init
  C:2DF3H         PUBLIC        _DispStr
  B:0090H.7       PUBLIC        WR0
  C:1644H         PUBLIC        DispScaleHor1
  B:0090H.6       PUBLIC        SPI_DI
  C:3ADCH         PUBLIC        _WriteOneDot
  C:1A42H         PUBLIC        DispScaleHor2
  C:262CH         PUBLIC        _DispPicFromSD
  B:0080H.7       PUBLIC        DIR
  C:3552H         PUBLIC        _ToOrd
  B:0080H.5       PUBLIC        RST
  C:3A54H         PUBLIC        ReadData
  C:2CD6H         PUBLIC        _?BlockWrite
  -------         PROC          _LCD_READ_IC_ID
  X:0062H         SYMBOL        ID
  D:0004H         SYMBOL        Bug
  D:0003H         SYMBOL        flog
  -------         DO            
  X:0063H         SYMBOL        id
  X:0065H         SYMBOL        id1
  X:0067H         SYMBOL        temp
  D:0005H         SYMBOL        i
  D:0007H         SYMBOL        dat
  D:0001H         SYMBOL        id2
  X:0069H         SYMBOL        id3
  D:0002H         SYMBOL        id4
  -------         ENDDO         
  C:1412H         LINE#         35
  C:1416H         LINE#         36
  C:1416H         LINE#         40
  C:141EH         LINE#         41
  C:141EH         LINE#         43
  C:1420H         LINE#         44
  C:1422H         LINE#         45
  C:1424H         LINE#         47
  C:1427H         LINE#         48
  C:1429H         LINE#         49
  C:142BH         LINE#         50
  C:142DH         LINE#         53
  C:1430H         LINE#         54
  C:1433H         LINE#         55
  C:1436H         LINE#         56
  C:1438H         LINE#         57
  C:143AH         LINE#         58
BL51 BANKED LINKER/LOCATER V6.22                                                      02/19/2022  09:09:17  PAGE 20


  C:143CH         LINE#         63
  C:1446H         LINE#         65
  C:144CH         LINE#         66
  C:1454H         LINE#         68
  C:145AH         LINE#         69
  C:1460H         LINE#         70
  C:146AH         LINE#         72
  C:1470H         LINE#         73
  C:1472H         LINE#         75
  C:1478H         LINE#         77
  C:147EH         LINE#         78
  C:1488H         LINE#         80
  C:148EH         LINE#         81
  C:1493H         LINE#         83
  C:1499H         LINE#         85
  C:14A3H         LINE#         86
  C:14ADH         LINE#         88
  C:14B3H         LINE#         89
  C:14B5H         LINE#         91
  C:14C5H         LINE#         92
  C:14CFH         LINE#         94
  C:14D2H         LINE#         95
  C:14D6H         LINE#         96
  C:14D6H         LINE#         97
  C:14DFH         LINE#         98
  C:14E5H         LINE#         99
  C:14E5H         LINE#         100
  C:14EFH         LINE#         101
  C:14F1H         LINE#         102
  C:14F5H         LINE#         103
  C:14F5H         LINE#         104
  C:1504H         LINE#         105
  C:1504H         LINE#         108
  C:1504H         LINE#         109
  C:150DH         LINE#         110
  C:150DH         LINE#         112
  C:1510H         LINE#         113
  C:1514H         LINE#         114
  C:1516H         LINE#         115
  C:1518H         LINE#         116
  C:151AH         LINE#         117
  C:151AH         LINE#         118
  C:151CH         LINE#         119
  C:1524H         LINE#         120
  C:1526H         LINE#         122
  C:1528H         LINE#         123
  C:152CH         LINE#         124
  C:1531H         LINE#         125
  C:1534H         LINE#         128
  C:153EH         LINE#         129
  C:153EH         LINE#         130
  C:1540H         LINE#         131
  C:1540H         LINE#         132
  C:1542H         LINE#         133
  C:1544H         LINE#         134
  C:1546H         LINE#         135
  C:155DH         LINE#         136
BL51 BANKED LINKER/LOCATER V6.22                                                      02/19/2022  09:09:17  PAGE 21


  C:155FH         LINE#         137
  C:1561H         LINE#         138
  C:1568H         LINE#         139
  C:1572H         LINE#         140
  C:1572H         LINE#         141
  C:1574H         LINE#         142
  C:1574H         LINE#         143
  C:1576H         LINE#         144
  C:1578H         LINE#         145
  C:157AH         LINE#         146
  C:1591H         LINE#         147
  C:1593H         LINE#         148
  C:1595H         LINE#         149
  C:159AH         LINE#         150
  C:159AH         LINE#         152
  C:159CH         LINE#         153
  C:159CH         LINE#         154
  C:159EH         LINE#         155
  C:15A0H         LINE#         156
  C:15A2H         LINE#         157
  C:15B9H         LINE#         158
  C:15BBH         LINE#         159
  C:15BDH         LINE#         160
  C:15C2H         LINE#         162
  C:15C4H         LINE#         163
  C:15C4H         LINE#         164
  C:15C6H         LINE#         165
  C:15C8H         LINE#         166
  C:15CAH         LINE#         167
  C:15D4H         LINE#         168
  C:15D6H         LINE#         169
  C:15D8H         LINE#         170
  C:15DDH         LINE#         172
  C:15DFH         LINE#         173
  C:15DFH         LINE#         174
  C:15E1H         LINE#         175
  C:15E3H         LINE#         176
  C:15E5H         LINE#         177
  C:15F1H         LINE#         178
  C:15F3H         LINE#         179
  C:15F5H         LINE#         180
  C:15FAH         LINE#         181
  C:15FDH         LINE#         182
  C:15FFH         LINE#         183
  C:1601H         LINE#         184
  C:1603H         LINE#         185
  C:1605H         LINE#         186
  C:1607H         LINE#         187
  C:1609H         LINE#         189
  C:160DH         LINE#         190
  C:160DH         LINE#         191
  C:161DH         LINE#         193
  C:1628H         LINE#         194
  C:1628H         LINE#         195
  C:1628H         LINE#         197
  C:162EH         LINE#         198
  C:162EH         LINE#         199
BL51 BANKED LINKER/LOCATER V6.22                                                      02/19/2022  09:09:17  PAGE 22


  C:163AH         LINE#         200
  C:163AH         LINE#         202
  C:163AH         LINE#         203
  C:163CH         LINE#         204
  C:1643H         LINE#         205
  -------         ENDPROC       _LCD_READ_IC_ID
  -------         PROC          _WRITECOMM
  D:0004H         SYMBOL        i
  -------         DO            
  X:007AH         SYMBOL        j
  X:007BH         SYMBOL        DataH
  -------         ENDDO         
  C:3A6AH         LINE#         208
  C:3A6CH         LINE#         209
  C:3A6CH         LINE#         211
  C:3A70H         LINE#         212
  C:3A72H         LINE#         215
  C:3A72H         LINE#         216
  C:3A74H         LINE#         217
  C:3A76H         LINE#         218
  C:3A78H         LINE#         219
  C:3A7AH         LINE#         220
  C:3A7CH         LINE#         221
  C:3A7CH         LINE#         319
  C:3A7EH         LINE#         320
  -------         ENDPROC       _WRITECOMM
  -------         PROC          L?0451
  -------         ENDPROC       L?0451
  -------         PROC          _WRITEDATA
  D:0004H         SYMBOL        i
  -------         DO            
  X:007AH         SYMBOL        j
  X:007BH         SYMBOL        DataH
  -------         ENDDO         
  C:3A10H         LINE#         322
  C:3A12H         LINE#         323
  C:3A12H         LINE#         325
  C:3A16H         LINE#         326
  C:3A18H         LINE#         329
  C:3A18H         LINE#         330
  C:3A1AH         LINE#         331
  C:3A1CH         LINE#         332
  C:3A1EH         LINE#         333
  C:3A20H         LINE#         334
  C:3A22H         LINE#         335
  C:3A22H         LINE#         514
  C:3A24H         LINE#         515
  -------         ENDPROC       _WRITEDATA
  C:389CH         SYMBOL        L?0450
  -------         PROC          L?0449
  -------         ENDPROC       L?0449
  C:389CH         SYMBOL        L?0450
  -------         PROC          _WRITEDISPDATA
  D:0007H         SYMBOL        DataH
  D:0005H         SYMBOL        DataL
  -------         DO            
  X:007AH         SYMBOL        j
BL51 BANKED LINKER/LOCATER V6.22                                                      02/19/2022  09:09:17  PAGE 23


  -------         ENDDO         
  C:38B1H         LINE#         517
  C:38B1H         LINE#         518
  C:38B1H         LINE#         520
  C:38B3H         LINE#         523
  C:38B3H         LINE#         524
  C:38B5H         LINE#         525
  C:38B7H         LINE#         526
  C:38B9H         LINE#         527
  C:38BBH         LINE#         528
  C:38BDH         LINE#         529
  C:38C1H         LINE#         530
  C:38C3H         LINE#         531
  C:38C5H         LINE#         532
  C:38C5H         LINE#         639
  C:38C7H         LINE#         640
  -------         ENDPROC       _WRITEDISPDATA
  -------         PROC          _WRITEONEDOT
  D:0004H         SYMBOL        color
  C:3ADCH         LINE#         642
  C:3AE0H         LINE#         643
  C:3AE0H         LINE#         656
  -------         ENDPROC       _WRITEONEDOT
  -------         PROC          LCD_INIT
  C:1D8AH         LINE#         665
  C:1D8AH         LINE#         666
  C:1D8AH         LINE#         667
  C:1D8DH         LINE#         670
  C:1D8FH         LINE#         671
  C:1D96H         LINE#         673
  C:1D98H         LINE#         674
  C:1D9FH         LINE#         676
  C:1DA1H         LINE#         677
  C:1DA8H         LINE#         3940
  C:1DAFH         LINE#         3941
  C:1DB4H         LINE#         3942
  C:1DB9H         LINE#         3943
  C:1DBEH         LINE#         3944
  C:1DC3H         LINE#         3945
  C:1DC8H         LINE#         3949
  C:1DCDH         LINE#         3950
  C:1DD2H         LINE#         3951
  C:1DD7H         LINE#         3952
  C:1DDCH         LINE#         3953
  C:1DE1H         LINE#         3954
  C:1DE6H         LINE#         3955
  C:1DEBH         LINE#         3956
  C:1DF0H         LINE#         3957
  C:1DF5H         LINE#         3958
  C:1DFAH         LINE#         3959
  C:1DFFH         LINE#         3960
  C:1E04H         LINE#         3961
  C:1E09H         LINE#         3962
  C:1E0EH         LINE#         3963
  C:1E13H         LINE#         3964
  C:1E18H         LINE#         3965
  C:1E1DH         LINE#         3967
BL51 BANKED LINKER/LOCATER V6.22                                                      02/19/2022  09:09:17  PAGE 24


  C:1E22H         LINE#         3968
  C:1E27H         LINE#         3969
  C:1E2CH         LINE#         3971
  C:1E31H         LINE#         3972
  C:1E36H         LINE#         3973
  C:1E3BH         LINE#         3974
  C:1E40H         LINE#         3975
  C:1E45H         LINE#         3977
  C:1E4AH         LINE#         3978
  C:1E4FH         LINE#         3979
  C:1E52H         LINE#         3980
  C:1E55H         LINE#         3981
  C:1E5AH         LINE#         3982
  C:1E5FH         LINE#         3983
  C:1E64H         LINE#         3984
  C:1E67H         LINE#         3985
  C:1E6BH         LINE#         3986
  C:1E70H         LINE#         3987
  C:1E75H         LINE#         3990
  C:1E7AH         LINE#         3991
  C:1E7FH         LINE#         3992
  C:1E84H         LINE#         3993
  C:1E89H         LINE#         3994
  C:1E8DH         LINE#         3995
  C:1E92H         LINE#         3996
  C:1E97H         LINE#         3997
  C:1E9CH         LINE#         3998
  C:1EA1H         LINE#         3999
  C:1EA6H         LINE#         4000
  C:1EA9H         LINE#         4001
  C:1EAEH         LINE#         4002
  C:1EB3H         LINE#         4003
  C:1EB8H         LINE#         4004
  C:1EBDH         LINE#         4005
  C:1EC2H         LINE#         4006
  C:1EC7H         LINE#         4007
  C:1ECCH         LINE#         4008
  C:1ED0H         LINE#         4009
  C:1ED5H         LINE#         4010
  C:1EDAH         LINE#         4011
  C:1EDFH         LINE#         4012
  C:1EE4H         LINE#         4014
  C:1EE9H         LINE#         4015
  C:1EEEH         LINE#         4016
  C:1EF3H         LINE#         4017
  C:1EF8H         LINE#         4018
  C:1EFDH         LINE#         4024
  C:1F02H         LINE#         4025
  C:1F07H         LINE#         4027
  C:1F0EH         LINE#         4028
  -------         ENDPROC       LCD_INIT
  C:2CBDH         SYMBOL        L?0443
  C:2CC3H         SYMBOL        L?0444
  C:2CCCH         SYMBOL        L?0445
  -------         PROC          L?0442
  -------         ENDPROC       L?0442
  C:2CBDH         SYMBOL        L?0443
BL51 BANKED LINKER/LOCATER V6.22                                                      02/19/2022  09:09:17  PAGE 25


  C:2CC3H         SYMBOL        L?0444
  C:2CCCH         SYMBOL        L?0445
  -------         PROC          _?BLOCKWRITE
  p:0000H         SYMBOL        Xstart
  p:0002H         SYMBOL        Xend
  p:0004H         SYMBOL        Ystart
  p:0006H         SYMBOL        Yend
  C:2CD6H         LINE#         6982
  C:2CF7H         LINE#         7129
  C:2CFEH         LINE#         7130
  C:2D05H         LINE#         7131
  C:2D0DH         LINE#         7132
  C:2D18H         LINE#         7133
  C:2D22H         LINE#         7135
  C:2D27H         LINE#         7136
  C:2D31H         LINE#         7138
  C:2D38H         LINE#         7139
  C:2D42H         LINE#         7140
  C:2D49H         LINE#         7146
  C:2D4EH         LINE#         7149
  C:2D51H         LINE#         7154
  -------         ENDPROC       _?BLOCKWRITE
  -------         PROC          _DISPCOLOR
  D:0004H         SYMBOL        color
  -------         DO            
  X:0059H         SYMBOL        i
  D:0002H         SYMBOL        m
  X:005BH         SYMBOL        DataH
  X:005CH         SYMBOL        DataL
  -------         ENDDO         
  C:0046H         LINE#         7211
  C:0048H         LINE#         7212
  C:0048H         LINE#         7215
  C:004EH         LINE#         7217
  C:0051H         LINE#         7219
  C:0053H         LINE#         7220
  C:0059H         LINE#         7221
  C:0059H         LINE#         7222
  C:005CH         LINE#         7223
  C:005CH         LINE#         7224
  C:0066H         LINE#         7225
  C:0071H         LINE#         7226
  C:0087H         LINE#         7228
  C:0089H         LINE#         7229
  -------         ENDPROC       _DISPCOLOR
  -------         PROC          DISPFRAME
  -------         DO            
  D:0002H         SYMBOL        i
  X:0059H         SYMBOL        j
  D:0001H         SYMBOL        DataH
  D:0006H         SYMBOL        DataL
  -------         ENDDO         
  C:2B78H         LINE#         7231
  C:2B78H         LINE#         7232
  C:2B78H         LINE#         7235
  C:2B7BH         LINE#         7237
  C:2B7DH         LINE#         7240
BL51 BANKED LINKER/LOCATER V6.22                                                      02/19/2022  09:09:17  PAGE 26


  C:2B81H         LINE#         7241
  C:2B87H         LINE#         7243
  C:2B87H         LINE#         7244
  C:2B87H         LINE#         7245
  C:2B8BH         LINE#         7246
  C:2B92H         LINE#         7247
  C:2B9DH         LINE#         7249
  C:2BA1H         LINE#         7250
  C:2BA7H         LINE#         7252
  C:2BACH         LINE#         7253
  C:2BACH         LINE#         7254
  C:2BB0H         LINE#         7255
  C:2BB6H         LINE#         7257
  C:2BB8H         LINE#         7258
  C:2BB8H         LINE#         7259
  C:2BBBH         LINE#         7260
  C:2BC0H         LINE#         7261
  C:2BCBH         LINE#         7263
  C:2BCFH         LINE#         7264
  C:2BD5H         LINE#         7266
  C:2BEBH         LINE#         7268
  C:2BEFH         LINE#         7269
  C:2BF5H         LINE#         7271
  C:2BF7H         LINE#         7272
  C:2BF7H         LINE#         7273
  C:2BFBH         LINE#         7274
  C:2C02H         LINE#         7275
  C:2C0DH         LINE#         7277
  C:2C11H         LINE#         7278
  C:2C17H         LINE#         7280
  C:2C19H         LINE#         7281
  C:2C1BH         LINE#         7282
  -------         ENDPROC       DISPFRAME
  -------         PROC          DISPBAND
  -------         DO            
  D:0002H         SYMBOL        i
  X:0059H         SYMBOL        j
  X:005AH         SYMBOL        k
  X:005BH         SYMBOL        m
  X:005CH         SYMBOL        n
  X:005DH         SYMBOL        x
  -------         ENDDO         
  C:1BFCH         LINE#         7284
  C:1BFCH         LINE#         7285
  C:1BFCH         LINE#         7288
  C:1C05H         LINE#         7289
  C:1C0EH         LINE#         7290
  C:1C10H         LINE#         7292
  C:1C18H         LINE#         7293
  C:1C24H         LINE#         7294
  C:1C24H         LINE#         7295
  C:1C3FH         LINE#         7296
  C:1C5AH         LINE#         7297
  C:1C86H         LINE#         7298
  C:1C8DH         LINE#         7299
  C:1C9CH         LINE#         7300
  C:1C9CH         LINE#         7301
BL51 BANKED LINKER/LOCATER V6.22                                                      02/19/2022  09:09:17  PAGE 27


  C:1CB7H         LINE#         7302
  C:1CD2H         LINE#         7303
  C:1CFEH         LINE#         7304
  C:1D05H         LINE#         7305
  C:1D1BH         LINE#         7306
  C:1D1BH         LINE#         7307
  C:1D36H         LINE#         7308
  C:1D51H         LINE#         7309
  C:1D7DH         LINE#         7310
  C:1D84H         LINE#         7312
  C:1D86H         LINE#         7313
  C:1D89H         LINE#         7315
  -------         ENDPROC       DISPBAND
  -------         PROC          _DISPPIC
  D:0006H         SYMBOL        picture
  -------         DO            
  X:0014H         SYMBOL        p
  X:0017H         SYMBOL        n
  -------         ENDDO         
  C:34F1H         LINE#         7318
  C:34F1H         LINE#         7319
  C:34F1H         LINE#         7322
  C:3500H         LINE#         7323
  C:3500H         LINE#         7324
  C:3500H         LINE#         7326
  C:3511H         LINE#         7328
  C:3524H         LINE#         7329
  C:3524H         LINE#         7330
  C:3544H         LINE#         7331
  C:3551H         LINE#         7333
  -------         ENDPROC       _DISPPIC
  -------         PROC          _DISPPICFROMSD
  X:0019H         SYMBOL        PicNum
  -------         DO            
  X:001AH         SYMBOL        Address_S
  X:001EH         SYMBOL        Address_E
  D:0002H         SYMBOL        i
  X:0022H         SYMBOL        k
  -------         ENDDO         
  C:262CH         LINE#         7337
  C:262FH         LINE#         7338
  C:262FH         LINE#         7344
  C:2632H         LINE#         7347
  C:2634H         LINE#         7349
  C:2636H         LINE#         7351
  C:263FH         LINE#         7352
  C:266AH         LINE#         7353
  C:2693H         LINE#         7354
  C:26B6H         LINE#         7355
  C:26B6H         LINE#         7356
  C:26C6H         LINE#         7358
  C:26CFH         LINE#         7359
  C:26CFH         LINE#         7361
  C:26EAH         LINE#         7362
  C:26F3H         LINE#         7363
  C:2712H         LINE#         7365
  C:2714H         LINE#         7403
BL51 BANKED LINKER/LOCATER V6.22                                                      02/19/2022  09:09:17  PAGE 28


  -------         ENDPROC       _DISPPICFROMSD
  -------         PROC          DISPSCALEHOR1
  -------         DO            
  X:0026H         SYMBOL        i
  X:0028H         SYMBOL        j
  D:0002H         SYMBOL        k
  -------         ENDDO         
  C:1644H         LINE#         7408
  C:1644H         LINE#         7409
  C:1644H         LINE#         7412
  C:1647H         LINE#         7415
  C:1647H         LINE#         7416
  C:1647H         LINE#         7417
  C:1669H         LINE#         7418
  C:166FH         LINE#         7419
  C:166FH         LINE#         7420
  C:1675H         LINE#         7421
  C:1675H         LINE#         7422
  C:168AH         LINE#         7423
  C:16A0H         LINE#         7424
  C:16B6H         LINE#         7426
  C:16C1H         LINE#         7429
  C:16C4H         LINE#         7430
  C:16C4H         LINE#         7431
  C:16E6H         LINE#         7432
  C:16ECH         LINE#         7433
  C:16ECH         LINE#         7434
  C:16F2H         LINE#         7435
  C:16F2H         LINE#         7436
  C:171DH         LINE#         7437
  C:1733H         LINE#         7438
  C:1749H         LINE#         7439
  C:1757H         LINE#         7442
  C:175AH         LINE#         7443
  C:175AH         LINE#         7444
  C:177CH         LINE#         7445
  C:1782H         LINE#         7446
  C:1782H         LINE#         7447
  C:1788H         LINE#         7448
  C:1788H         LINE#         7449
  C:1792H         LINE#         7450
  C:17A8H         LINE#         7451
  C:17BEH         LINE#         7452
  C:17C9H         LINE#         7455
  C:17CCH         LINE#         7456
  C:17CCH         LINE#         7457
  C:17EEH         LINE#         7458
  C:17F4H         LINE#         7459
  C:17F4H         LINE#         7460
  C:17FAH         LINE#         7461
  C:17FAH         LINE#         7462
  C:182DH         LINE#         7463
  C:1843H         LINE#         7464
  C:1859H         LINE#         7465
  C:1867H         LINE#         7466
  C:1869H         LINE#         7467
  -------         ENDPROC       DISPSCALEHOR1
BL51 BANKED LINKER/LOCATER V6.22                                                      02/19/2022  09:09:17  PAGE 29


  -------         PROC          DISPSCALEVER
  -------         DO            
  X:002AH         SYMBOL        i
  X:002CH         SYMBOL        j
  D:0002H         SYMBOL        k
  -------         ENDDO         
  C:22D8H         LINE#         7469
  C:22D8H         LINE#         7470
  C:22D8H         LINE#         7539
  C:22DBH         LINE#         7541
  C:22E1H         LINE#         7542
  C:22E1H         LINE#         7543
  C:22E7H         LINE#         7544
  C:22E7H         LINE#         7545
  C:22EDH         LINE#         7546
  C:2303H         LINE#         7547
  C:230AH         LINE#         7549
  C:230DH         LINE#         7550
  C:230DH         LINE#         7552
  C:2313H         LINE#         7553
  C:2313H         LINE#         7555
  C:2319H         LINE#         7556
  C:2319H         LINE#         7557
  C:232BH         LINE#         7558
  C:2341H         LINE#         7560
  C:2347H         LINE#         7561
  C:2347H         LINE#         7562
  C:236FH         LINE#         7563
  C:2385H         LINE#         7565
  C:238BH         LINE#         7566
  C:238BH         LINE#         7567
  C:2392H         LINE#         7568
  C:23A8H         LINE#         7570
  C:23AEH         LINE#         7571
  C:23AEH         LINE#         7572
  C:23C2H         LINE#         7573
  C:23D8H         LINE#         7575
  C:23F1H         LINE#         7577
  C:23FFH         LINE#         7579
  -------         ENDPROC       DISPSCALEVER
  -------         PROC          DISPSCALEVER_RED
  -------         DO            
  X:002EH         SYMBOL        i
  X:0030H         SYMBOL        j
  D:0002H         SYMBOL        k
  -------         ENDDO         
  C:2E89H         LINE#         7581
  C:2E89H         LINE#         7582
  C:2E89H         LINE#         7585
  C:2E8CH         LINE#         7587
  C:2E8EH         LINE#         7589
  C:2E90H         LINE#         7592
  C:2E96H         LINE#         7593
  C:2E96H         LINE#         7594
  C:2E9CH         LINE#         7595
  C:2E9CH         LINE#         7596
  C:2EA2H         LINE#         7597
BL51 BANKED LINKER/LOCATER V6.22                                                      02/19/2022  09:09:17  PAGE 30


  C:2EB8H         LINE#         7598
  C:2EBFH         LINE#         7600
  C:2EC2H         LINE#         7601
  C:2EC2H         LINE#         7602
  C:2EC8H         LINE#         7603
  C:2EC8H         LINE#         7605
  C:2ECEH         LINE#         7606
  C:2ECEH         LINE#         7607
  C:2EE0H         LINE#         7608
  C:2EF6H         LINE#         7609
  C:2F0CH         LINE#         7611
  C:2F17H         LINE#         7613
  C:2F19H         LINE#         7614
  -------         ENDPROC       DISPSCALEVER_RED
  -------         PROC          DISPSCALEVER_GREEN
  -------         DO            
  X:0032H         SYMBOL        i
  X:0034H         SYMBOL        j
  D:0002H         SYMBOL        k
  -------         ENDDO         
  C:2C1CH         LINE#         7616
  C:2C1CH         LINE#         7617
  C:2C1CH         LINE#         7620
  C:2C1FH         LINE#         7622
  C:2C21H         LINE#         7623
  C:2C23H         LINE#         7626
  C:2C29H         LINE#         7627
  C:2C29H         LINE#         7628
  C:2C2FH         LINE#         7629
  C:2C2FH         LINE#         7630
  C:2C35H         LINE#         7632
  C:2C4BH         LINE#         7633
  C:2C52H         LINE#         7635
  C:2C55H         LINE#         7636
  C:2C55H         LINE#         7637
  C:2C5BH         LINE#         7638
  C:2C5BH         LINE#         7640
  C:2C61H         LINE#         7641
  C:2C61H         LINE#         7643
  C:2C82H         LINE#         7644
  C:2C98H         LINE#         7645
  C:2CAEH         LINE#         7647
  C:2CB9H         LINE#         7649
  C:2CBBH         LINE#         7650
  -------         ENDPROC       DISPSCALEVER_GREEN
  -------         PROC          DISPSCALEVER_BLUE
  -------         DO            
  X:0036H         SYMBOL        i
  X:0038H         SYMBOL        j
  D:0002H         SYMBOL        k
  -------         ENDDO         
  C:30C7H         LINE#         7652
  C:30C7H         LINE#         7653
  C:30C7H         LINE#         7656
  C:30CAH         LINE#         7658
  C:30CCH         LINE#         7659
  C:30CEH         LINE#         7662
BL51 BANKED LINKER/LOCATER V6.22                                                      02/19/2022  09:09:17  PAGE 31


  C:30D4H         LINE#         7663
  C:30D4H         LINE#         7664
  C:30DAH         LINE#         7665
  C:30DAH         LINE#         7666
  C:30E0H         LINE#         7667
  C:30F6H         LINE#         7668
  C:30FDH         LINE#         7670
  C:3100H         LINE#         7671
  C:3100H         LINE#         7672
  C:3106H         LINE#         7673
  C:3106H         LINE#         7675
  C:310CH         LINE#         7676
  C:310CH         LINE#         7677
  C:3113H         LINE#         7678
  C:3129H         LINE#         7679
  C:313FH         LINE#         7681
  C:314AH         LINE#         7683
  C:314CH         LINE#         7684
  -------         ENDPROC       DISPSCALEVER_BLUE
  -------         PROC          DISPSCALEVER_GRAY
  -------         DO            
  X:003AH         SYMBOL        i
  X:003CH         SYMBOL        j
  D:0002H         SYMBOL        k
  -------         ENDDO         
  C:2F1AH         LINE#         7686
  C:2F1AH         LINE#         7687
  C:2F1AH         LINE#         7690
  C:2F1DH         LINE#         7692
  C:2F1FH         LINE#         7697
  C:2F25H         LINE#         7698
  C:2F25H         LINE#         7699
  C:2F2BH         LINE#         7700
  C:2F2BH         LINE#         7701
  C:2F31H         LINE#         7703
  C:2F47H         LINE#         7704
  C:2F4EH         LINE#         7706
  C:2F51H         LINE#         7707
  C:2F51H         LINE#         7708
  C:2F57H         LINE#         7709
  C:2F57H         LINE#         7711
  C:2F5DH         LINE#         7712
  C:2F5DH         LINE#         7713
  C:2F71H         LINE#         7714
  C:2F87H         LINE#         7715
  C:2F9DH         LINE#         7717
  C:2FA8H         LINE#         7719
  C:2FAAH         LINE#         7720
  -------         ENDPROC       DISPSCALEVER_GRAY
  -------         PROC          DISPGRAYHOR16
  -------         DO            
  X:0059H         SYMBOL        i
  D:0002H         SYMBOL        j
  X:005BH         SYMBOL        k
  -------         ENDDO         
  C:2D58H         LINE#         7722
  C:2D58H         LINE#         7723
BL51 BANKED LINKER/LOCATER V6.22                                                      02/19/2022  09:09:17  PAGE 32


  C:2D58H         LINE#         7726
  C:2D5BH         LINE#         7728
  C:2D5DH         LINE#         7729
  C:2D5FH         LINE#         7731
  C:2D65H         LINE#         7732
  C:2D65H         LINE#         7733
  C:2D6EH         LINE#         7734
  C:2D6EH         LINE#         7735
  C:2D74H         LINE#         7736
  C:2D7BH         LINE#         7738
  C:2D7EH         LINE#         7739
  C:2D7EH         LINE#         7740
  C:2D84H         LINE#         7741
  C:2D84H         LINE#         7742
  C:2DB6H         LINE#         7743
  C:2DCCH         LINE#         7744
  C:2DD7H         LINE#         7745
  C:2DF0H         LINE#         7747
  C:2DF2H         LINE#         7748
  -------         ENDPROC       DISPGRAYHOR16
  -------         PROC          DISPGRAYHOR32
  -------         DO            
  X:003EH         SYMBOL        i
  D:0002H         SYMBOL        j
  X:0040H         SYMBOL        k
  -------         ENDDO         
  C:3250H         LINE#         7750
  C:3250H         LINE#         7751
  C:3250H         LINE#         7754
  C:3253H         LINE#         7756
  C:3255H         LINE#         7758
  C:325BH         LINE#         7759
  C:325BH         LINE#         7760
  C:325EH         LINE#         7761
  C:325EH         LINE#         7762
  C:3264H         LINE#         7763
  C:326FH         LINE#         7765
  C:3272H         LINE#         7766
  C:3272H         LINE#         7767
  C:3278H         LINE#         7768
  C:3278H         LINE#         7769
  C:328CH         LINE#         7770
  C:32A2H         LINE#         7771
  C:32ADH         LINE#         7772
  C:32C3H         LINE#         7774
  C:32C5H         LINE#         7775
  -------         ENDPROC       DISPGRAYHOR32
  -------         PROC          DISPSCALEHOR2
  -------         DO            
  X:0042H         SYMBOL        j
  D:0002H         SYMBOL        k
  -------         ENDDO         
  C:1A42H         LINE#         7777
  C:1A42H         LINE#         7778
  C:1A42H         LINE#         7781
  C:1A45H         LINE#         7783
  C:1A45H         LINE#         7784
BL51 BANKED LINKER/LOCATER V6.22                                                      02/19/2022  09:09:17  PAGE 33


  C:1A45H         LINE#         7785
  C:1A4BH         LINE#         7786
  C:1A68H         LINE#         7787
  C:1A73H         LINE#         7788
  C:1A76H         LINE#         7789
  C:1A76H         LINE#         7790
  C:1A7CH         LINE#         7791
  C:1A99H         LINE#         7792
  C:1AA4H         LINE#         7793
  C:1AA7H         LINE#         7794
  C:1AA7H         LINE#         7795
  C:1AADH         LINE#         7796
  C:1ACAH         LINE#         7797
  C:1AD5H         LINE#         7798
  C:1AD8H         LINE#         7799
  C:1AD8H         LINE#         7800
  C:1ADEH         LINE#         7801
  C:1AFBH         LINE#         7802
  C:1B06H         LINE#         7803
  C:1B09H         LINE#         7804
  C:1B09H         LINE#         7805
  C:1B0FH         LINE#         7806
  C:1B2CH         LINE#         7807
  C:1B37H         LINE#         7808
  C:1B3AH         LINE#         7809
  C:1B3AH         LINE#         7810
  C:1B40H         LINE#         7811
  C:1B5DH         LINE#         7812
  C:1B68H         LINE#         7813
  C:1B6BH         LINE#         7814
  C:1B6BH         LINE#         7815
  C:1B71H         LINE#         7816
  C:1B8EH         LINE#         7817
  C:1B99H         LINE#         7818
  C:1B9CH         LINE#         7819
  C:1B9CH         LINE#         7820
  C:1BA2H         LINE#         7821
  C:1BBEH         LINE#         7822
  C:1BC9H         LINE#         7823
  C:1BD2H         LINE#         7824
  C:1BD2H         LINE#         7825
  C:1BD8H         LINE#         7826
  C:1BF4H         LINE#         7827
  C:1BFBH         LINE#         7829
  -------         ENDPROC       DISPSCALEHOR2
  -------         PROC          _TOORD
  D:0007H         SYMBOL        ch
  C:3552H         LINE#         7934
  C:3552H         LINE#         7935
  C:3552H         LINE#         7936
  C:3558H         LINE#         7937
  C:3558H         LINE#         7938
  C:355AH         LINE#         7939
  C:355CH         LINE#         7940
  C:3568H         LINE#         7941
  C:3568H         LINE#         7942
  C:356CH         LINE#         7943
BL51 BANKED LINKER/LOCATER V6.22                                                      02/19/2022  09:09:17  PAGE 34


  C:356EH         LINE#         7944
  C:357AH         LINE#         7945
  C:357AH         LINE#         7946
  C:357EH         LINE#         7947
  C:3580H         LINE#         7948
  C:358CH         LINE#         7949
  C:358CH         LINE#         7950
  C:3590H         LINE#         7951
  C:3592H         LINE#         7952
  C:359EH         LINE#         7953
  C:359EH         LINE#         7954
  C:35A2H         LINE#         7955
  C:35A4H         LINE#         7956
  C:35AAH         LINE#         7957
  C:35AAH         LINE#         7958
  C:35ACH         LINE#         7959
  C:35ACH         LINE#         7961
  C:35ACH         LINE#         7962
  -------         ENDPROC       _TOORD
  C:27EAH         SYMBOL        L?0447
  C:2802H         SYMBOL        L?0448
  -------         PROC          L?0446
  -------         ENDPROC       L?0446
  C:27EAH         SYMBOL        L?0447
  C:2802H         SYMBOL        L?0448
  -------         PROC          _DISPONECHAR
  X:006DH         SYMBOL        ord
  D:0006H         SYMBOL        Xstart
  D:0002H         SYMBOL        Ystart
  X:0072H         SYMBOL        TextColor
  X:0074H         SYMBOL        BackColor
  -------         DO            
  X:0076H         SYMBOL        i
  D:0002H         SYMBOL        j
  X:0077H         SYMBOL        p
  D:0003H         SYMBOL        dat
  D:0006H         SYMBOL        index
  -------         ENDDO         
  C:2812H         LINE#         7964
  C:281AH         LINE#         7965
  C:281AH         LINE#         7971
  C:2834H         LINE#         7973
  C:283AH         LINE#         7975
  C:2842H         LINE#         7976
  C:2844H         LINE#         7978
  C:2852H         LINE#         7980
  C:285FH         LINE#         7981
  C:2866H         LINE#         7983
  C:286AH         LINE#         7984
  C:286AH         LINE#         7985
  C:287FH         LINE#         7986
  C:2881H         LINE#         7987
  C:2881H         LINE#         7988
  C:288EH         LINE#         7989
  C:288EH         LINE#         7990
  C:2890H         LINE#         7991
  C:2892H         LINE#         7993
BL51 BANKED LINKER/LOCATER V6.22                                                      02/19/2022  09:09:17  PAGE 35


  C:2892H         LINE#         7994
[...]
  C:1330H         LINE#         318
  C:1330H         LINE#         319
  C:1335H         LINE#         320
  C:1338H         LINE#         321
  C:1347H         LINE#         322
  C:1347H         LINE#         323
  C:135CH         LINE#         324
  C:1361H         LINE#         325
  C:1369H         LINE#         326
  C:1373H         LINE#         327
  C:1381H         LINE#         328
  C:138FH         LINE#         329
  C:1391H         LINE#         331
  C:1391H         LINE#         332
  C:1396H         LINE#         333
  C:1399H         LINE#         334
  C:13B1H         LINE#         335
  C:13B1H         LINE#         336
  C:13CAH         LINE#         337
  C:13CFH         LINE#         338
BL51 BANKED LINKER/LOCATER V6.22                                                      02/19/2022  09:09:17  PAGE 43


  C:13D7H         LINE#         339
  C:13DEH         LINE#         340
  C:13E3H         LINE#         341
  C:13E3H         LINE#         342
  C:13F7H         LINE#         343
  C:13F7H         LINE#         344
  C:13FEH         LINE#         345
  C:1403H         LINE#         346
  C:1403H         LINE#         347
  C:1411H         LINE#         348
  C:1411H         LINE#         349
  -------         ENDPROC       USBXCORE_HANDLE_SETUP
  -------         PROC          USBXCORE_FORCE_STALL
  C:39EFH         LINE#         356
  C:39EFH         LINE#         358
  C:39FAH         LINE#         359
  C:3A05H         LINE#         360
  C:3A0BH         LINE#         361
  -------         ENDPROC       USBXCORE_FORCE_STALL
  -------         PROC          USBXCORE_GET_STATUS
  C:33AEH         LINE#         367
  C:33AEH         LINE#         369
  C:33BDH         LINE#         370
  C:33BDH         LINE#         371
  C:33BDH         LINE#         372
  C:33BDH         LINE#         373
  C:33BDH         LINE#         374
  C:33BFH         LINE#         375
  C:33BFH         LINE#         379
  C:33BFH         LINE#         381
  C:33CDH         LINE#         385
  C:33CDH         LINE#         386
  C:33CDH         LINE#         387
  C:33CDH         LINE#         388
  C:33CFH         LINE#         390
  C:33CFH         LINE#         392
  C:33DDH         LINE#         396
  C:33DDH         LINE#         397
  C:33EAH         LINE#         398
  C:33EAH         LINE#         399
  C:33ECH         LINE#         401
  C:33ECH         LINE#         402
  C:33FAH         LINE#         403
  C:3403H         LINE#         404
  C:3403H         LINE#         405
  C:3403H         LINE#         406
  C:3405H         LINE#         407
  C:3405H         LINE#         408
  C:3408H         LINE#         409
  C:3408H         LINE#         410
  C:3408H         LINE#         411
  C:3410H         LINE#         412
  C:3410H         LINE#         413
  C:3413H         LINE#         414
  C:3419H         LINE#         415
  C:3420H         LINE#         416
  C:3420H         LINE#         417
BL51 BANKED LINKER/LOCATER V6.22                                                      02/19/2022  09:09:17  PAGE 44


  -------         ENDPROC       USBXCORE_GET_STATUS
  -------         PROC          USBXCORE_CLEAR_FEATURE
  C:3607H         LINE#         423
  C:3607H         LINE#         425
  C:360DH         LINE#         426
  C:360DH         LINE#         428
  C:3614H         LINE#         429
  C:3614H         LINE#         430
  C:361FH         LINE#         436
  C:362AH         LINE#         437
  C:362FH         LINE#         438
  C:3631H         LINE#         440
  C:3631H         LINE#         442
  C:363CH         LINE#         446
  C:3647H         LINE#         447
  C:364CH         LINE#         448
  C:364CH         LINE#         449
  C:364EH         LINE#         451
  C:364EH         LINE#         452
  C:3651H         LINE#         453
  C:3651H         LINE#         454
  C:365CH         LINE#         455
  -------         ENDPROC       USBXCORE_CLEAR_FEATURE
  -------         PROC          USBXCORE_VENDOR_USB_API
  C:2715H         LINE#         462
  C:2715H         LINE#         464
  C:271FH         LINE#         465
  C:271FH         LINE#         466
  C:2726H         LINE#         467
  C:2726H         LINE#         468
  C:2729H         LINE#         469
  C:272CH         LINE#         470
  C:272EH         LINE#         472
  C:272EH         LINE#         473
  C:2735H         LINE#         474
  C:2735H         LINE#         477
  C:2740H         LINE#         482
  C:274BH         LINE#         483
  C:2756H         LINE#         485
  C:2756H         LINE#         486
  C:2769H         LINE#         487
  C:2769H         LINE#         488
  C:276DH         LINE#         489
  C:2778H         LINE#         491
  C:2778H         LINE#         492
  C:278BH         LINE#         493
  C:278BH         LINE#         494
  C:278FH         LINE#         495
  C:279AH         LINE#         497
  C:27A0H         LINE#         498
  C:27A8H         LINE#         499
  C:27A8H         LINE#         500
  C:27ABH         LINE#         501
  C:27ABH         LINE#         502
  C:27ABH         LINE#         503
  C:27B6H         LINE#         504
  C:27B6H         LINE#         505
BL51 BANKED LINKER/LOCATER V6.22                                                      02/19/2022  09:09:17  PAGE 45


  C:27BCH         LINE#         506
  C:27C3H         LINE#         507
  C:27C3H         LINE#         508
  C:27C7H         LINE#         509
  C:27C7H         LINE#         510
  C:27CDH         LINE#         511
  C:27D4H         LINE#         512
  C:27D4H         LINE#         513
  C:27DFH         LINE#         514
  -------         ENDPROC       USBXCORE_VENDOR_USB_API
  -------         PROC          USBXCORE_SET_FEATURE
  C:365FH         LINE#         521
  C:365FH         LINE#         523
  C:3665H         LINE#         524
  C:3665H         LINE#         526
  C:366CH         LINE#         527
  C:366CH         LINE#         528
  C:3677H         LINE#         534
  C:3682H         LINE#         535
  C:3685H         LINE#         536
  C:3687H         LINE#         538
  C:3687H         LINE#         540
  C:3692H         LINE#         544
  C:369DH         LINE#         545
  C:36A3H         LINE#         546
  C:36A3H         LINE#         548
  C:36A5H         LINE#         550
  C:36A5H         LINE#         551
  C:36A8H         LINE#         552
  C:36A8H         LINE#         553
  C:36B3H         LINE#         554
  -------         ENDPROC       USBXCORE_SET_FEATURE
  -------         PROC          USBXCORE_SET_ADDRESS
  C:39B0H         LINE#         561
  C:39B0H         LINE#         563
  C:39BFH         LINE#         564
  C:39C5H         LINE#         565
  C:39C5H         LINE#         566
  C:39C8H         LINE#         567
  C:39CAH         LINE#         569
  C:39CAH         LINE#         570
  C:39CDH         LINE#         571
  C:39CDH         LINE#         572
  -------         ENDPROC       USBXCORE_SET_ADDRESS
  -------         PROC          USBXCORE_GET_DESCRIPTOR
  C:2A17H         LINE#         579
  C:2A17H         LINE#         580
  C:2A26H         LINE#         581
  C:2A26H         LINE#         582
  C:2A26H         LINE#         583
  C:2A34H         LINE#         584
  C:2A38H         LINE#         585
  C:2A3AH         LINE#         586
  C:2A3AH         LINE#         587
  C:2A48H         LINE#         588
  C:2A5BH         LINE#         589
  C:2A5DH         LINE#         590
BL51 BANKED LINKER/LOCATER V6.22                                                      02/19/2022  09:09:17  PAGE 46


  C:2A5DH         LINE#         591
  C:2A81H         LINE#         592
  C:2A8DH         LINE#         593
  C:2A8FH         LINE#         594
  C:2A8FH         LINE#         595
  C:2A92H         LINE#         596
  C:2A92H         LINE#         597
  C:2A92H         LINE#         598
  C:2AA8H         LINE#         599
  C:2AA8H         LINE#         600
  C:2AB0H         LINE#         601
  C:2AB0H         LINE#         602
  C:2AB8H         LINE#         603
  C:2AB8H         LINE#         604
  C:2ABBH         LINE#         605
  C:2AC1H         LINE#         606
  C:2AC8H         LINE#         607
  C:2AC8H         LINE#         608
  -------         ENDPROC       USBXCORE_GET_DESCRIPTOR
  -------         PROC          USBXCORE_GET_CONFIGURATION
  C:37ADH         LINE#         614
  C:37ADH         LINE#         616
  C:37B5H         LINE#         617
  C:37B5H         LINE#         618
  C:37C1H         LINE#         619
  C:37C9H         LINE#         620
  C:37C9H         LINE#         621
  C:37CDH         LINE#         622
  C:37CDH         LINE#         623
  C:37DBH         LINE#         624
  C:37E3H         LINE#         625
  C:37E3H         LINE#         626
  C:37E6H         LINE#         627
  C:37ECH         LINE#         628
  C:37F3H         LINE#         629
  -------         ENDPROC       USBXCORE_GET_CONFIGURATION
  -------         PROC          USBXCORE_SET_CONFIGURATION
  C:35ADH         LINE#         635
  C:35ADH         LINE#         637
  C:35B6H         LINE#         638
  C:35B6H         LINE#         639
  C:35BDH         LINE#         640
  C:35C3H         LINE#         641
  C:35C8H         LINE#         642
  C:35CAH         LINE#         644
  C:35D5H         LINE#         645
  C:35E0H         LINE#         646
  C:35EBH         LINE#         653
  C:35F6H         LINE#         654
  C:35F8H         LINE#         656
  C:35F8H         LINE#         657
  C:35FEH         LINE#         658
  C:3602H         LINE#         659
  C:3604H         LINE#         660
  C:3604H         LINE#         661
  -------         ENDPROC       USBXCORE_SET_CONFIGURATION
  -------         PROC          USBXCORE_GET_INTERFACE
BL51 BANKED LINKER/LOCATER V6.22                                                      02/19/2022  09:09:17  PAGE 47


  C:3941H         LINE#         668
  C:3941H         LINE#         670
  C:394FH         LINE#         671
  C:3957H         LINE#         672
  C:395AH         LINE#         673
  C:3960H         LINE#         674
  C:3967H         LINE#         675
  -------         ENDPROC       USBXCORE_GET_INTERFACE
  -------         PROC          USBXCORE_SET_SOP
  C:3A7FH         LINE#         682
  C:3A7FH         LINE#         684
  C:3A87H         LINE#         685
  C:3A87H         LINE#         686
  C:3A92H         LINE#         687
  C:3A92H         LINE#         688
  -------         ENDPROC       USBXCORE_SET_SOP
  -------         PROC          USBXCORE_USB_ISR
  C:1F13H         LINE#         699
  C:1F30H         LINE#         702
  C:1F36H         LINE#         703
  C:1F49H         LINE#         706
  C:1F5CH         LINE#         709
  C:1F60H         LINE#         710
  C:1F60H         LINE#         711
  C:1F6BH         LINE#         712
  C:1F6BH         LINE#         714
  C:1F72H         LINE#         715
  C:1F72H         LINE#         716
  C:1F75H         LINE#         717
  C:1F75H         LINE#         719
  C:1F7CH         LINE#         720
  C:1F7CH         LINE#         721
  C:1F89H         LINE#         722
  C:1F89H         LINE#         723
  C:1F90H         LINE#         724
  C:1F90H         LINE#         725
  C:1F90H         LINE#         727
  C:1F90H         LINE#         728
  C:1F90H         LINE#         730
  C:1F90H         LINE#         732
  C:1FA3H         LINE#         734
  C:1FA7H         LINE#         735
  C:1FA7H         LINE#         736
  C:1FAAH         LINE#         737
  C:1FAAH         LINE#         740
  C:1FB1H         LINE#         741
  C:1FB1H         LINE#         742
  C:1FBCH         LINE#         748
  C:1FCFH         LINE#         749
  C:1FD4H         LINE#         750
  C:1FD4H         LINE#         751
  C:1FDBH         LINE#         752
  C:1FDBH         LINE#         754
  C:1FDBH         LINE#         756
  C:1FEEH         LINE#         759
  C:1FF2H         LINE#         760
  C:1FF2H         LINE#         761
BL51 BANKED LINKER/LOCATER V6.22                                                      02/19/2022  09:09:17  PAGE 48


  C:1FFDH         LINE#         767
  C:2010H         LINE#         768
  C:2014H         LINE#         769
  C:2014H         LINE#         770
  C:201BH         LINE#         771
  C:201BH         LINE#         772
  C:201BH         LINE#         775
  C:2029H         LINE#         776
  C:202EH         LINE#         777
  C:2034H         LINE#         778
  C:2039H         LINE#         781
  C:2046H         LINE#         782
  C:2046H         LINE#         783
  C:2049H         LINE#         784
  C:2049H         LINE#         785
  -------         ENDPROC       USBXCORE_USB_ISR
  -------         ENDMOD        USB_API

  -------         MODULE        USB_SUSPEND
  C:0000H         SYMBOL        _ICE_DUMMY_
  D:00D7H         PUBLIC        USB0XCN
  D:00C9H         PUBLIC        REG0CN
  C:38C8H         PUBLIC        USB_Suspend
  D:00A9H         PUBLIC        CLKSEL
  D:00B2H         PUBLIC        OSCICN
  D:00B9H         PUBLIC        CLKMUL
  -------         PROC          USB_SUSPEND
  C:38C8H         LINE#         70
  C:38C8H         LINE#         72
  C:38CBH         LINE#         74
  C:38CEH         LINE#         76
  C:38D6H         LINE#         79
  C:38D9H         LINE#         80
  C:38DCH         LINE#         81
  C:38DFH         LINE#         82
  C:38E2H         LINE#         84
  C:38E3H         LINE#         86
  C:38E6H         LINE#         88
  C:38ECH         LINE#         92
  C:38EFH         LINE#         94
  C:38F2H         LINE#         95
  -------         ENDPROC       USB_SUSPEND
  -------         ENDMOD        USB_SUSPEND

  -------         MODULE        USB_INT_ENABLE
  C:0000H         SYMBOL        _ICE_DUMMY_
  C:3A25H         PUBLIC        USB_Int_Enable
  D:0096H         PUBLIC        USB0ADR
  D:0097H         PUBLIC        USB0DAT
  -------         PROC          USB_INT_ENABLE
  C:3A25H         LINE#         68
  C:3A25H         LINE#         71
  C:3A2CH         LINE#         73
  C:3A32H         LINE#         74
  C:3A32H         LINE#         75
  C:3A3DH         LINE#         77
  C:3A3DH         LINE#         78
BL51 BANKED LINKER/LOCATER V6.22                                                      02/19/2022  09:09:17  PAGE 49


  -------         ENDPROC       USB_INT_ENABLE
  -------         ENDMOD        USB_INT_ENABLE

  -------         MODULE        USB_CLOCK_RECOVERY
  C:0000H         SYMBOL        _ICE_DUMMY_
  C:3AC5H         PUBLIC        USBXcore_ClkRec
  D:0096H         PUBLIC        USB0ADR
  D:0097H         PUBLIC        USB0DAT
  -------         PROC          USBXCORE_CLKREC
  C:3AC5H         LINE#         45
  C:3AC5H         LINE#         47
  C:3AD0H         LINE#         48
  -------         ENDPROC       USBXCORE_CLKREC
  -------         ENDMOD        USB_CLOCK_RECOVERY

  -------         MODULE        ?C?FPMUL
  C:0C9AH         PUBLIC        ?C?FPMUL
  -------         ENDMOD        ?C?FPMUL

  -------         MODULE        ?C?FCAST
  C:0DAAH         PUBLIC        ?C?FCASTC
  C:0DA5H         PUBLIC        ?C?FCASTI
  C:0DA0H         PUBLIC        ?C?FCASTL
  -------         ENDMOD        ?C?FCAST

  -------         MODULE        ?C?CASTF
  C:0DDEH         PUBLIC        ?C?CASTF
  -------         ENDMOD        ?C?CASTF

  -------         MODULE        ?C?COPY
  C:0F2FH         PUBLIC        ?C?COPY
  -------         ENDMOD        ?C?COPY

  -------         MODULE        ?C?CLDPTR
  C:0F55H         PUBLIC        ?C?CLDPTR
  -------         ENDMOD        ?C?CLDPTR

  -------         MODULE        ?C?CLDOPTR
  C:0F6EH         PUBLIC        ?C?CLDOPTR
  -------         ENDMOD        ?C?CLDOPTR

  -------         MODULE        ?C?IMUL
  C:0F9BH         PUBLIC        ?C?IMUL
  -------         ENDMOD        ?C?IMUL

  -------         MODULE        ?C?IILDX
  C:0FADH         PUBLIC        ?C?IILDX
  -------         ENDMOD        ?C?IILDX

  -------         MODULE        ?C?ILDOPTR
  C:0FC3H         PUBLIC        ?C?ILDOPTR
  -------         ENDMOD        ?C?ILDOPTR

  -------         MODULE        ?C?LMUL
  C:0FFBH         PUBLIC        ?C?LMUL
  -------         ENDMOD        ?C?LMUL

BL51 BANKED LINKER/LOCATER V6.22                                                      02/19/2022  09:09:17  PAGE 50


  -------         MODULE        ?C?ULDIV
  C:1086H         PUBLIC        ?C?ULDIV
  -------         ENDMOD        ?C?ULDIV

  -------         MODULE        ?C?LNEG
  C:1118H         PUBLIC        ?C?LNEG
  -------         ENDMOD        ?C?LNEG

  -------         MODULE        ?C?ULCMP
  C:1126H         PUBLIC        ?C?ULCMP
  -------         ENDMOD        ?C?ULCMP

  -------         MODULE        ?C?ULSHR
  C:1137H         PUBLIC        ?C?ULSHR
  -------         ENDMOD        ?C?ULSHR

  -------         MODULE        ?C?LSHL
  C:114AH         PUBLIC        ?C?LSHL
  -------         ENDMOD        ?C?LSHL

  -------         MODULE        ?C?LLDIPDATA
  C:1166H         PUBLIC        ?C?LLDIPDATA
  C:115DH         PUBLIC        ?C?LLDIPDATA1
  C:115FH         PUBLIC        ?C?LLDIPDATA8
  -------         ENDMOD        ?C?LLDIPDATA

  -------         MODULE        ?C?LSTXDATA
  C:117DH         PUBLIC        ?C?LSTXDATA
  -------         ENDMOD        ?C?LSTXDATA

  -------         MODULE        ?C?LSTPDATA
  C:1189H         PUBLIC        ?C?LSTPDATA
  -------         ENDMOD        ?C?LSTPDATA

  -------         MODULE        ?C?LSTKXDATA
  C:1195H         PUBLIC        ?C?LSTKXDATA
  -------         ENDMOD        ?C?LSTKXDATA

  -------         MODULE        ?C?LSTKPDATA
  C:11C6H         PUBLIC        ?C?LSTKPDATA
  -------         ENDMOD        ?C?LSTKPDATA

  -------         MODULE        ?C_PBP
  D:0008H         PUBLIC        ?C_PBP
  -------         ENDMOD        ?C_PBP

*** WARNING L14: INCOMPATIBLE MEMORY MODEL
    MODULE:  .\USBX_F34X.LIB (USB_API)
    MODEL:   SMALL

*** WARNING L14: INCOMPATIBLE MEMORY MODEL
    MODULE:  .\USBX_F34X.LIB (USB_SUSPEND)
    MODEL:   SMALL

*** WARNING L14: INCOMPATIBLE MEMORY MODEL
    MODULE:  .\USBX_F34X.LIB (USB_INT_ENABLE)
    MODEL:   SMALL
BL51 BANKED LINKER/LOCATER V6.22                                                      02/19/2022  09:09:17  PAGE 51



*** WARNING L14: INCOMPATIBLE MEMORY MODEL
    MODULE:  .\USBX_F34X.LIB (USB_CLOCK_RECOVERY)
    MODEL:   SMALL

*** WARNING L16: UNCALLED SEGMENT, IGNORED FOR OVERLAY PROCESS
    SEGMENT: ?PR?SD_INIT?MMC_SD

*** WARNING L16: UNCALLED SEGMENT, IGNORED FOR OVERLAY PROCESS
    SEGMENT: ?PR?_DISPPIC?LCD

*** WARNING L16: UNCALLED SEGMENT, IGNORED FOR OVERLAY PROCESS
    SEGMENT: ?PR?_DISPPICFROMSD?LCD

*** WARNING L16: UNCALLED SEGMENT, IGNORED FOR OVERLAY PROCESS
    SEGMENT: ?PR?DISPSCALEHOR1?LCD

*** WARNING L16: UNCALLED SEGMENT, IGNORED FOR OVERLAY PROCESS
    SEGMENT: ?PR?DISPSCALEVER?LCD

*** WARNING L16: UNCALLED SEGMENT, IGNORED FOR OVERLAY PROCESS
    SEGMENT: ?PR?DISPSCALEVER_RED?LCD

*** WARNING L16: UNCALLED SEGMENT, IGNORED FOR OVERLAY PROCESS
    SEGMENT: ?PR?DISPSCALEVER_GREEN?LCD

*** WARNING L16: UNCALLED SEGMENT, IGNORED FOR OVERLAY PROCESS
    SEGMENT: ?PR?DISPSCALEVER_BLUE?LCD

*** WARNING L16: UNCALLED SEGMENT, IGNORED FOR OVERLAY PROCESS
    SEGMENT: ?PR?DISPSCALEVER_GRAY?LCD

*** WARNING L16: UNCALLED SEGMENT, IGNORED FOR OVERLAY PROCESS
    SEGMENT: ?PR?DISPGRAYHOR32?LCD

*** WARNING L16: UNCALLED SEGMENT, IGNORED FOR OVERLAY PROCESS
    SEGMENT: ?PR?DISPSCALEHOR2?LCD

*** WARNING L16: UNCALLED SEGMENT, IGNORED FOR OVERLAY PROCESS
    SEGMENT: ?PR?_DRAWGIRD?LCD

*** WARNING L15: MULTIPLE CALL TO SEGMENT
    SEGMENT: ?PR?_WRITECOMM?LCD
    CALLER1: ?PR?USB_API_TEST_ISR?MAIN
    CALLER2: ?C_C51STARTUP

*** WARNING L15: MULTIPLE CALL TO SEGMENT
    SEGMENT: ?PR?_WRITEDATA?LCD
    CALLER1: ?PR?USB_API_TEST_ISR?MAIN
    CALLER2: ?C_C51STARTUP

Program Size: data=10.0 xdata=1219 code=15081
LINK/LOCATE RUN COMPLETE.  18 WARNING(S),  0 ERROR(S)
