BL51 BANKED LINKER/LOCATER V6.22                                                        05/18/2019  22:11:21  PAGE 1


BL51 BANKED LINKER/LOCATER V6.22, INVOKED BY:
C:\KEIL\C51\BIN\BL51.EXE main.obj, mmc_sd.obj, lcd.obj, tp.obj, .\USBX_F34X.LIB TO GC9106_HSD144_4W1L RAMSIZE (256)


MEMORY MODEL: COMPACT WITH FLOATING POINT ARITHMETIC


INPUT MODULES INCLUDED:
  main.obj (MAIN)
  mmc_sd.obj (MMC_SD)
  lcd.obj (LCD)
  tp.obj (TP)
  .\USBX_F34X.LIB (USB_API)
  .\USBX_F34X.LIB (USB_CLOCK_START)
  .\USBX_F34X.LIB (USB_SUSPEND)
  .\USBX_F34X.LIB (GET_INTERRUPT_SOURCE)
  .\USBX_F34X.LIB (BLOCK_READ)
  .\USBX_F34X.LIB (BLOCK_WRITE)
  .\USBX_F34X.LIB (USB_INT_ENABLE)
  .\USBX_F34X.LIB (USB_CLOCK_RECOVERY)
  .\USBX_F34X.LIB (USB_JUMP_ISR)
  C:\KEIL\C51\LIB\C51FPC.LIB (?C?FPMUL)
  C:\KEIL\C51\LIB\C51FPC.LIB (?C?FCAST)
  C:\KEIL\C51\LIB\C51FPC.LIB (?C?CASTF)
  C:\KEIL\C51\LIB\C51FPC.LIB (?C?FPGETOPN)
  C:\KEIL\C51\LIB\C51C.LIB (?C_STARTUP)
  C:\KEIL\C51\LIB\C51C.LIB (?C?COPY)
  C:\KEIL\C51\LIB\C51C.LIB (?C?CLDPTR)
  C:\KEIL\C51\LIB\C51C.LIB (?C?CLDOPTR)
  C:\KEIL\C51\LIB\C51C.LIB (?C?IMUL)
  C:\KEIL\C51\LIB\C51C.LIB (?C?IILDX)
  C:\KEIL\C51\LIB\C51C.LIB (?C?LMUL)
  C:\KEIL\C51\LIB\C51C.LIB (?C?ULDIV)
  C:\KEIL\C51\LIB\C51C.LIB (?C?LNEG)
  C:\KEIL\C51\LIB\C51C.LIB (?C?ULCMP)
  C:\KEIL\C51\LIB\C51C.LIB (?C?ULSHR)
  C:\KEIL\C51\LIB\C51C.LIB (?C?LSHL)
  C:\KEIL\C51\LIB\C51C.LIB (?C?LLDIPDATA)
  C:\KEIL\C51\LIB\C51C.LIB (?C?LSTXDATA)
  C:\KEIL\C51\LIB\C51C.LIB (?C?LSTPDATA)
  C:\KEIL\C51\LIB\C51C.LIB (?C?LSTKXDATA)
  C:\KEIL\C51\LIB\C51C.LIB (?C?LSTKPDATA)
  C:\KEIL\C51\LIB\C51C.LIB (?C_PBP)
  C:\KEIL\C51\LIB\C51C.LIB (?C_INIT)


LINK MAP OF MODULE:  GC9106_HSD144_4W1L (MAIN)


            TYPE    BASE      LENGTH    RELOCATION   SEGMENT NAME
            -----------------------------------------------------

            * * * * * * *   D A T A   M E M O R Y   * * * * * * *
            REG     0000H     0008H     ABSOLUTE     "REG BANK 0"
            DATA    0008H     0001H     UNIT         ?C?LIB_DATA
            IDATA   0009H     0001H     UNIT         ?STACK

            * * * * * * *  X D A T A   M E M O R Y  * * * * * * *
BL51 BANKED LINKER/LOCATER V6.22                                                      05/18/2019  22:11:21  PAGE 2


            XDATA   0000H     0010H     INPAGE       ?PD?MAIN
            XDATA   0010H     0004H     INPAGE       ?PD?_MMC_SD_READSINGLEBLOCK?MMC_SD
            XDATA   0014H     000DH     INPAGE       ?PD?_DISPPICFROMSD?LCD
            XDATA   0021H     0004H     INPAGE       ?PD?DISPSCALEHOR1?LCD
            XDATA   0025H     0004H     INPAGE       ?PD?DISPSCALEVER?LCD
            XDATA   0029H     0004H     INPAGE       ?PD?DISPSCALEVER_RED?LCD
            XDATA   002DH     0004H     INPAGE       ?PD?DISPSCALEVER_GREEN?LCD
            XDATA   0031H     0004H     INPAGE       ?PD?DISPSCALEVER_BLUE?LCD
            XDATA   0035H     0004H     INPAGE       ?PD?DISPSCALEVER_GRAY?LCD
            XDATA   0039H     0004H     INPAGE       ?PD?DISPGRAYHOR32?LCD
            XDATA   003DH     0002H     INPAGE       ?PD?DISPSCALEHOR2?LCD
            XDATA   003FH     000CH     INPAGE       ?PD?_DRAWLINE?LCD
            XDATA   004BH     0004H     INPAGE       ?PD?_DRAWGIRD?LCD
            XDATA   004FH     0002H     INPAGE       ?PD?LCD
            XDATA   0051H     0025H     INPAGE       _PDATA_GROUP_
            XDATA   0076H     0200H     UNIT         ?XD?MMC_SD
            XDATA   0276H     0058H     UNIT         _XDATA_GROUP_
            XDATA   02CEH     0040H     UNIT         ?XD?MAIN
                    030EH     0332H                  *** GAP ***
            XDATA   0640H     0100H     ABSOLUTE     
            XDATA   0740H     0012H     ABSOLUTE     
            XDATA   0752H     0020H     ABSOLUTE     
            XDATA   0772H     000CH     ABSOLUTE     
            XDATA   077EH     0008H     ABSOLUTE     
            XDATA   0786H     0001H     ABSOLUTE     
            XDATA   0787H     0003H     ABSOLUTE     
            XDATA   078AH     0002H     ABSOLUTE     
            XDATA   078CH     0002H     ABSOLUTE     
            XDATA   078EH     0003H     ABSOLUTE     
            XDATA   0791H     0001H     ABSOLUTE     
            XDATA   0792H     0001H     ABSOLUTE     
            XDATA   0793H     0001H     ABSOLUTE     
            XDATA   0794H     0001H     ABSOLUTE     
            XDATA   0795H     0002H     ABSOLUTE     
            XDATA   0797H     0002H     ABSOLUTE     
            XDATA   0799H     0001H     ABSOLUTE     
            XDATA   079AH     0001H     ABSOLUTE     
            XDATA   079BH     0001H     ABSOLUTE     
            XDATA   079CH     0001H     ABSOLUTE     
            XDATA   079DH     0001H     ABSOLUTE     
            XDATA   079EH     0001H     ABSOLUTE     
            XDATA   079FH     0002H     ABSOLUTE     
            XDATA   07A1H     0001H     ABSOLUTE     
            XDATA   07A2H     0001H     ABSOLUTE     
            XDATA   07A3H     000CH     ABSOLUTE     
                    07AFH     0011H                  *** GAP ***
            XDATA   07C0H     0040H     ABSOLUTE     

            * * * * * * *   C O D E   M E M O R Y   * * * * * * *
            CODE    0000H     0003H     ABSOLUTE     
            CODE    0003H     0040H     UNIT         ?PR?_WRITEDISPDATA?LCD
            CODE    0043H     0003H     ABSOLUTE     
            CODE    0046H     0044H     UNIT         ?PR?_DISPCOLOR?LCD
                    008AH     0001H                  *** GAP ***
            CODE    008BH     0003H     ABSOLUTE     
            CODE    008EH     060BH     UNIT         ?PR?CONNTOUSB?MAIN
            CODE    0699H     0600H     UNIT         ?CO?LCD
BL51 BANKED LINKER/LOCATER V6.22                                                      05/18/2019  22:11:21  PAGE 3


            CODE    0C99H     050DH     UNIT         ?C?LIB_CODE
            CODE    11A6H     0233H     UNIT         ?PR?USBXCORE_HANDLE_SETUP?USB_API
            CODE    13D9H     0220H     UNIT         ?PR?DISPSCALEHOR1?LCD
            CODE    15F9H     01C1H     UNIT         ?PR?TP_DRAWLINE?TP
            CODE    17BAH     01BCH     UNIT         ?PR?DISPSCALEHOR2?LCD
            CODE    1976H     018CH     UNIT         ?PR?DISPBAND?LCD
            CODE    1B02H     0151H     UNIT         ?PR?USBXCORE_USB_ISR?USB_API
            CODE    1C53H     0142H     UNIT         ?PR?_LCD_READ_IC_ID?LCD
            CODE    1D95H     0139H     UNIT         ?PR?USB_API_TEST_ISR?MAIN
            CODE    1ECEH     0137H     UNIT         ?PR?_USB_INIT?USB_API
            CODE    2005H     012AH     UNIT         ?PR?DISPSCALEVER?LCD
            CODE    212FH     011BH     UNIT         ?PR?_TP_GETPOSITION?TP
            CODE    224AH     0111H     UNIT         ?PR?_BLOCK_WRITE?BLOCK_WRITE
            CODE    235BH     00FFH     UNIT         ?PR?LCD_INIT?LCD
            CODE    245AH     00E9H     UNIT         ?PR?_DISPPICFROMSD?LCD
            CODE    2543H     00CDH     UNIT         ?PR?USBXCORE_VENDOR_USB_API?USB_API
            CODE    2610H     00CBH     UNIT         ?PR?_DISPONECHAR?LCD
            CODE    26DBH     00B7H     UNIT         ?PR?MMC_SD_RESET?MMC_SD
            CODE    2792H     00B3H     UNIT         ?PR?_DISPINT?LCD
            CODE    2845H     00B2H     UNIT         ?PR?USBXCORE_GET_DESCRIPTOR?USB_API
            CODE    28F7H     00AFH     UNIT         ?PR?_BLOCK_READ?BLOCK_READ
            CODE    29A6H     00AAH     UNIT         ?PR?DISPFRAME?LCD
            CODE    2A50H     00A2H     UNIT         ?PR?DISPSCALEVER_GREEN?LCD
            CODE    2AF2H     009BH     UNIT         ?PR?DISPGRAYHOR16?LCD
            CODE    2B8DH     009AH     UNIT         ?PR?_?BLOCKWRITE?LCD
            CODE    2C27H     0096H     UNIT         ?PR?_DISPSTR?LCD
            CODE    2CBDH     0093H     UNIT         ?PR?DISPSCALEVER_RED?LCD
            CODE    2D50H     0093H     UNIT         ?PR?DISPSCALEVER_GRAY?LCD
            CODE    2DE3H     008FH     UNIT         ?PR?_DRAWGIRD?LCD
            CODE    2E72H     008CH     UNIT         ?C_C51STARTUP
            CODE    2EFEH     0088H     UNIT         ?PR?DISPSCALEVER_BLUE?LCD
            CODE    2F86H     0086H     UNIT         ?PR?_DRAWLINE?LCD
            CODE    300CH     007DH     UNIT         ?PR?_MMC_SD_WRITESINGLEBLOCK?MMC_SD
            CODE    3089H     0078H     UNIT         ?PR?DISPGRAYHOR32?LCD
            CODE    3101H     0075H     UNIT         ?PR?_MMC_SD_SENDCOMMAND?MMC_SD
            CODE    3176H     0073H     UNIT         ?PR?TP_READ?TP
            CODE    31E9H     0073H     UNIT         ?PR?USBXCORE_GET_STATUS?USB_API
            CODE    325CH     006CH     UNIT         ?PR?DEVICES_INIT?MAIN
            CODE    32C8H     0064H     UNIT         ?PR?_MMC_SD_READSINGLEBLOCK?MMC_SD
            CODE    332CH     005BH     UNIT         ?PR?_TOORD?LCD
            CODE    3387H     005AH     UNIT         ?PR?USBXCORE_SET_CONFIGURATION?USB_API
            CODE    33E1H     0058H     UNIT         ?PR?USBXCORE_CLEAR_FEATURE?USB_API
            CODE    3439H     0057H     UNIT         ?PR?USBXCORE_SET_FEATURE?USB_API
            CODE    3490H     0052H     UNIT         ?PR?_PUTPIXEL?LCD
            CODE    34E2H     0051H     UNIT         ?PR?_STOPDELAY?MAIN
            CODE    3533H     0050H     UNIT         ?CO?MAIN
            CODE    3583H     0047H     UNIT         ?PR?USBXCORE_GET_CONFIGURATION?USB_API
            CODE    35CAH     0043H     UNIT         ?PR?MCU_INIT?MAIN
            CODE    360DH     003AH     UNIT         ?CO?USB_API
            CODE    3647H     0038H     UNIT         ?PR?USB_CLOCK_START?USB_CLOCK_START
            CODE    367FH     0037H     UNIT         ?PR?MAIN?MAIN
            CODE    36B6H     002FH     UNIT         ?PR?_WRITEDATA?LCD
            CODE    36E5H     002DH     UNIT         ?C_INITSEG
            CODE    3712H     002BH     UNIT         ?PR?_WRITECOMM?LCD
            CODE    373DH     002BH     UNIT         ?PR?USB_SUSPEND?USB_SUSPEND
            CODE    3768H     0027H     UNIT         ?PR?USBXCORE_USB_RESET?USB_API
            CODE    378FH     0027H     UNIT         ?PR?USBXCORE_GET_INTERFACE?USB_API
BL51 BANKED LINKER/LOCATER V6.22                                                      05/18/2019  22:11:21  PAGE 4


            CODE    37B6H     0026H     UNIT         ?PR?_TP_WRITE?TP
            CODE    37DCH     0022H     UNIT         ?PR?USBXCORE_JUMP_ISR?USB_JUMP_ISR
            CODE    37FEH     0020H     UNIT         ?PR?USBXCORE_SET_ADDRESS?USB_API
            CODE    381EH     001FH     UNIT         ?PR?_DELAY?MAIN
            CODE    383DH     001DH     UNIT         ?PR?USBXCORE_FORCE_STALL?USB_API
            CODE    385AH     0019H     UNIT         ?PR?USB_INT_ENABLE?USB_INT_ENABLE
            CODE    3873H     0016H     UNIT         ?PR?_SPI_WRITEBYTE?MMC_SD
            CODE    3889H     0016H     UNIT         ?PR?READDATA?LCD
            CODE    389FH     0014H     UNIT         ?PR?USBXCORE_SET_SOP?USB_API
            CODE    38B3H     0013H     UNIT         ?PR?WAITKEY?MAIN
            CODE    38C6H     0011H     UNIT         ?PR?SD_INIT?MMC_SD
            CODE    38D7H     000EH     UNIT         ?PR?GET_INTERRUPT_SOURCE?GET_INTERRUPT_SOURCE
            CODE    38E5H     000CH     UNIT         ?PR?USBXCORE_CLKREC?USB_CLOCK_RECOVERY
            CODE    38F1H     000BH     UNIT         ?PR?SPI_READBYTE?MMC_SD
            CODE    38FCH     0009H     UNIT         ?PR?_WRITEONEDOT?LCD
            CODE    3905H     0003H     UNIT         ?PR?SUSPEND_DEVICE?MAIN



OVERLAY MAP OF MODULE:   GC9106_HSD144_4W1L (MAIN)


SEGMENT                                            PDATA_GROUP         XDATA_GROUP
  +--> CALLED SEGMENT                            START    LENGTH     START    LENGTH
------------------------------------------------------------------------------------
?PR?USB_API_TEST_ISR?MAIN                        0051H    0001H      -----    -----
  +--> ?PR?GET_INTERRUPT_SOURCE?GET_INTERRUP...
  +--> ?PR?_BLOCK_READ?BLOCK_READ
  +--> ?PR?SUSPEND_DEVICE?MAIN
  +--> ?PR?MCU_INIT?MAIN
  +--> ?PR?_?BLOCKWRITE?LCD

?PR?SUSPEND_DEVICE?MAIN                          -----    -----      -----    -----
  +--> ?PR?USB_SUSPEND?USB_SUSPEND

?PR?USB_SUSPEND?USB_SUSPEND                      -----    -----      -----    -----
  +--> ?PR?USB_CLOCK_START?USB_CLOCK_START

?PR?_?BLOCKWRITE?LCD                             -----    -----      -----    -----
  +--> ?PR?_WRITECOMM?LCD
  +--> ?PR?_WRITEDATA?LCD

?PR?_WRITECOMM?LCD                               0075H    0001H      -----    -----

?PR?_WRITEDATA?LCD                               0075H    0001H      -----    -----

*** NEW ROOT ***************************************************

?PR?USBXCORE_USB_ISR?USB_API                     -----    -----      -----    -----
  +--> ?PR?USBXCORE_USB_RESET?USB_API
  +--> ?PR?USBXCORE_HANDLE_SETUP?USB_API
  +--> ?PR?USBXCORE_JUMP_ISR?USB_JUMP_ISR

?PR?USBXCORE_HANDLE_SETUP?USB_API                -----    -----      -----    -----
  +--> ?PR?USBXCORE_GET_STATUS?USB_API
  +--> ?PR?USBXCORE_CLEAR_FEATURE?USB_API
  +--> ?PR?USBXCORE_VENDOR_USB_API?USB_API
BL51 BANKED LINKER/LOCATER V6.22                                                      05/18/2019  22:11:21  PAGE 5


  +--> ?PR?USBXCORE_SET_FEATURE?USB_API
  +--> ?PR?USBXCORE_SET_ADDRESS?USB_API
  +--> ?PR?USBXCORE_GET_DESCRIPTOR?USB_API
  +--> ?PR?USBXCORE_GET_CONFIGURATION?USB_API
  +--> ?PR?USBXCORE_SET_CONFIGURATION?USB_API
  +--> ?PR?USBXCORE_GET_INTERFACE?USB_API
  +--> ?PR?USBXCORE_SET_SOP?USB_API
  +--> ?PR?USBXCORE_FORCE_STALL?USB_API

?PR?USBXCORE_GET_STATUS?USB_API                  -----    -----      -----    -----
  +--> ?CO?USB_API
  +--> ?PR?USBXCORE_FORCE_STALL?USB_API
  +--> ?PR?USBXCORE_SET_SOP?USB_API

?PR?USBXCORE_CLEAR_FEATURE?USB_API               -----    -----      -----    -----
  +--> ?PR?USBXCORE_FORCE_STALL?USB_API
  +--> ?PR?USBXCORE_SET_SOP?USB_API

?PR?USBXCORE_VENDOR_USB_API?USB_API              -----    -----      -----    -----
  +--> ?PR?USBXCORE_SET_SOP?USB_API

?PR?USBXCORE_SET_FEATURE?USB_API                 -----    -----      -----    -----
  +--> ?PR?USBXCORE_FORCE_STALL?USB_API
  +--> ?PR?USBXCORE_SET_SOP?USB_API

?PR?USBXCORE_SET_ADDRESS?USB_API                 -----    -----      -----    -----
  +--> ?PR?USBXCORE_SET_SOP?USB_API

?PR?USBXCORE_GET_DESCRIPTOR?USB_API              -----    -----      -----    -----
  +--> ?PR?USBXCORE_FORCE_STALL?USB_API
  +--> ?PR?USBXCORE_SET_SOP?USB_API

?PR?USBXCORE_GET_CONFIGURATION?USB_API           -----    -----      -----    -----
  +--> ?CO?USB_API
  +--> ?PR?USBXCORE_SET_SOP?USB_API

?PR?USBXCORE_SET_CONFIGURATION?USB_API           -----    -----      -----    -----
  +--> ?PR?USBXCORE_SET_SOP?USB_API

?PR?USBXCORE_GET_INTERFACE?USB_API               -----    -----      -----    -----
  +--> ?CO?USB_API
  +--> ?PR?USBXCORE_SET_SOP?USB_API

*** NEW ROOT ***************************************************

?C_C51STARTUP                                    -----    -----      -----    -----
  +--> ?PR?MAIN?MAIN
  +--> ?C_INITSEG

?PR?MAIN?MAIN                                    0053H    0001H      -----    -----
  +--> ?PR?DEVICES_INIT?MAIN
  +--> ?PR?DISPFRAME?LCD
  +--> ?PR?_STOPDELAY?MAIN
  +--> ?PR?DISPBAND?LCD
  +--> ?PR?DISPGRAYHOR16?LCD
  +--> ?PR?_DISPCOLOR?LCD
  +--> ?PR?TP_DRAWLINE?TP
BL51 BANKED LINKER/LOCATER V6.22                                                      05/18/2019  22:11:21  PAGE 6



?PR?DEVICES_INIT?MAIN                            -----    -----      -----    -----
  +--> ?PR?MCU_INIT?MAIN
  +--> ?PR?USB_CLOCK_START?USB_CLOCK_START
  +--> ?CO?MAIN
  +--> ?PR?_USB_INIT?USB_API
  +--> ?PR?USB_INT_ENABLE?USB_INT_ENABLE
  +--> ?PR?LCD_INIT?LCD

?PR?_USB_INIT?USB_API                            -----    -----      0276H    0011H
  +--> ?CO?USB_API
  +--> ?PR?USBXCORE_CLKREC?USB_CLOCK_RECOVERY

?PR?LCD_INIT?LCD                                 -----    -----      -----    -----
  +--> ?PR?READDATA?LCD
  +--> ?PR?_DELAY?MAIN
  +--> ?PR?_WRITECOMM?LCD
  +--> ?PR?_WRITEDATA?LCD

?PR?READDATA?LCD                                 -----    -----      -----    -----
  +--> ?PR?_LCD_READ_IC_ID?LCD

?PR?_LCD_READ_IC_ID?LCD                          005DH    0008H      -----    -----

?PR?DISPFRAME?LCD                                0054H    0002H      -----    -----
  +--> ?PR?_?BLOCKWRITE?LCD
  +--> ?PR?_WRITEDISPDATA?LCD

?PR?_STOPDELAY?MAIN                              0054H    0004H      -----    -----
  +--> ?PR?WAITKEY?MAIN
  +--> ?PR?_DELAY?MAIN

?PR?WAITKEY?MAIN                                 -----    -----      -----    -----
  +--> ?PR?CONNTOUSB?MAIN
  +--> ?PR?_DELAY?MAIN

?PR?CONNTOUSB?MAIN                               0058H    0005H      0276H    0058H
  +--> ?CO?MAIN
  +--> ?PR?_WRITECOMM?LCD
  +--> ?PR?_WRITEDATA?LCD
  +--> ?PR?_DISPSTR?LCD
  +--> ?PR?_DISPINT?LCD
  +--> ?PR?_WRITEDISPDATA?LCD
  +--> ?PR?_MMC_SD_WRITESINGLEBLOCK?MMC_SD
  +--> ?PR?_BLOCK_WRITE?BLOCK_WRITE
  +--> ?PR?READDATA?LCD
  +--> ?PR?_DELAY?MAIN

?PR?_DISPSTR?LCD                                 005DH    000BH      -----    -----
  +--> ?PR?_TOORD?LCD
  +--> ?PR?_DISPONECHAR?LCD

?PR?_DISPONECHAR?LCD                             0068H    000DH      -----    -----
  +--> ?PR?_?BLOCKWRITE?LCD
  +--> ?CO?LCD
  +--> ?PR?_WRITEONEDOT?LCD

BL51 BANKED LINKER/LOCATER V6.22                                                      05/18/2019  22:11:21  PAGE 7


?PR?_WRITEONEDOT?LCD                             -----    -----      -----    -----
  +--> ?PR?_WRITEDISPDATA?LCD

?PR?_DISPINT?LCD                                 005DH    000AH      -----    -----
  +--> ?PR?_DISPONECHAR?LCD

?PR?_MMC_SD_WRITESINGLEBLOCK?MMC_SD              005DH    0004H      -----    -----
  +--> ?PR?_MMC_SD_SENDCOMMAND?MMC_SD
  +--> ?PR?_SPI_WRITEBYTE?MMC_SD

?PR?_MMC_SD_SENDCOMMAND?MMC_SD                   0061H    0005H      -----    -----
  +--> ?PR?_SPI_WRITEBYTE?MMC_SD

?PR?DISPBAND?LCD                                 0054H    0005H      -----    -----
  +--> ?PR?_?BLOCKWRITE?LCD
  +--> ?PR?_WRITEDISPDATA?LCD

?PR?DISPGRAYHOR16?LCD                            0054H    0004H      -----    -----
  +--> ?PR?_?BLOCKWRITE?LCD
  +--> ?PR?_WRITEDISPDATA?LCD

?PR?_DISPCOLOR?LCD                               0054H    0004H      -----    -----
  +--> ?PR?_?BLOCKWRITE?LCD
  +--> ?PR?_WRITEDISPDATA?LCD

?PR?TP_DRAWLINE?TP                               -----    -----      0276H    0018H
  +--> ?PR?_DISPCOLOR?LCD
  +--> ?PR?_DELAY?MAIN
  +--> ?PR?_TP_GETPOSITION?TP
  +--> ?PR?_PUTPIXEL?LCD

?PR?_TP_GETPOSITION?TP                           -----    -----      028EH    001BH
  +--> ?PR?_TP_WRITE?TP
  +--> ?PR?TP_READ?TP

?PR?_TP_WRITE?TP                                 -----    -----      02A9H    0001H

?PR?TP_READ?TP                                   -----    -----      02A9H    0005H

?PR?_PUTPIXEL?LCD                                0054H    0002H      -----    -----
  +--> ?PR?_?BLOCKWRITE?LCD
  +--> ?PR?_WRITEDISPDATA?LCD



SYMBOL TABLE OF MODULE:  GC9106_HSD144_4W1L (MAIN)

  VALUE           TYPE          NAME
  ----------------------------------

  -------         MODULE        MAIN
  C:0000H         SYMBOL        _ICE_DUMMY_
  D:0080H         PUBLIC        P0
  X:0000H         PUBLIC        f_down
  D:0090H         PUBLIC        P1
  D:00A0H         PUBLIC        P2
  D:00B0H         PUBLIC        P3
BL51 BANKED LINKER/LOCATER V6.22                                                      05/18/2019  22:11:21  PAGE 8


  C:357EH         PUBLIC        USB_MaxPower
  B:00B0H.6       PUBLIC        KEY_STEP
  D:00A4H         PUBLIC        P0MDOUT
  D:00A5H         PUBLIC        P1MDOUT
  D:00A6H         PUBLIC        P2MDOUT
  D:00A7H         PUBLIC        P3MDOUT
  D:00AEH         PUBLIC        P4MDOUT
  B:0080H.6       PUBLIC        OE
  D:00D9H         PUBLIC        PCA0MD
  C:1D95H         PUBLIC        USB_API_TEST_ISR
  C:3905H         PUBLIC        Suspend_Device
  C:34E2H         PUBLIC        _StopDelay
  D:00E1H         PUBLIC        XBR0
  D:00E2H         PUBLIC        XBR1
  B:00B0H.1       PUBLIC        RS
  C:367FH         PUBLIC        main
  X:0001H         PUBLIC        VerifyCode0
  X:0002H         PUBLIC        VerifyCode1
  C:3548H         PUBLIC        USB_PID
  X:0003H         PUBLIC        VerifyCode2
  D:00F1H         PUBLIC        P0MDIN
  D:00F2H         PUBLIC        P1MDIN
  C:354AH         PUBLIC        USB_MfrStr
  D:00F4H         PUBLIC        P3MDIN
  C:3546H         PUBLIC        USB_VID
  D:00F8H         PUBLIC        SPI0CN
  X:0004H         PUBLIC        pic
  C:325CH         PUBLIC        Devices_Init
  C:008EH         PUBLIC        ConnToUSB
  D:00A9H         PUBLIC        CLKSEL
  D:00B2H         PUBLIC        OSCICN
  C:357FH         PUBLIC        USB_PwAttributes
  C:38B3H         PUBLIC        WaitKey
  C:3582H         SYMBOL        _?ix1000
  B:00B0H.0       PUBLIC        CS0
  X:0005H         PUBLIC        bf
  C:3580H         PUBLIC        USB_bcdDevice
  D:00B9H         PUBLIC        CLKMUL
  X:0007H         PUBLIC        f_debug
  X:0008H         PUBLIC        sd
  X:02CEH         PUBLIC        Packet
  C:35CAH         PUBLIC        MCU_Init
  B:0080H.7       PUBLIC        DIR
  D:00EFH         PUBLIC        RSTSRC
  X:000CH         PUBLIC        f_read
  C:3574H         PUBLIC        USB_SerialStr
  X:000DH         PUBLIC        f_other
  C:3564H         PUBLIC        USB_ProductStr
  X:000EH         PUBLIC        f_para
  D:00A1H         PUBLIC        SPI0CFG
  C:381EH         PUBLIC        _Delay
  B:00B0H.7       PUBLIC        KEY_Stop
  X:000FH         PUBLIC        f_init
  -------         PROC          MAIN
  -------         DO            
  X:0053H         SYMBOL        n
  -------         ENDDO         
BL51 BANKED LINKER/LOCATER V6.22                                                      05/18/2019  22:11:21  PAGE 9


  C:367FH         LINE#         40
  C:367FH         LINE#         41
  C:367FH         LINE#         46
  C:3682H         LINE#         48
  C:3685H         LINE#         49
  C:3685H         LINE#         67
  C:368FH         LINE#         72
  C:3699H         LINE#         73
  C:36A3H         LINE#         74
  C:36B0H         LINE#         80
  C:36B3H         LINE#         82
  C:36B5H         LINE#         83
  -------         ENDPROC       MAIN
  -------         PROC          _DELAY
  D:0006H         SYMBOL        dly
  -------         DO            
  D:0004H         SYMBOL        i
  D:0002H         SYMBOL        j
  -------         ENDDO         
  C:381EH         LINE#         86
  C:381EH         LINE#         87
  C:381EH         LINE#         90
  C:3828H         LINE#         91
  C:383CH         LINE#         92
  -------         ENDPROC       _DELAY
  -------         PROC          _STOPDELAY
  X:0054H         SYMBOL        sdly
  -------         DO            
  D:0006H         SYMBOL        i
  D:0004H         SYMBOL        j
  X:0056H         SYMBOL        k
  -------         ENDDO         
  C:34E2H         LINE#         94
  C:34E9H         LINE#         95
  C:34E9H         LINE#         97
  C:34EEH         LINE#         98
  C:34EEH         LINE#         99
  C:34F1H         LINE#         100
  C:34F1H         LINE#         101
  C:34FEH         LINE#         102
  C:3512H         LINE#         103
  C:3512H         LINE#         105
  C:3512H         LINE#         106
  C:351CH         LINE#         107
  C:351CH         LINE#         108
  C:3532H         LINE#         109
  -------         ENDPROC       _STOPDELAY
  -------         PROC          WAITKEY
  C:38B3H         LINE#         138
  C:38B3H         LINE#         139
  C:38B3H         LINE#         141
  C:38B6H         LINE#         142
  C:38B6H         LINE#         144
  C:38B9H         LINE#         146
  C:38BBH         LINE#         147
  C:38C2H         LINE#         148
  C:38C5H         LINE#         150
BL51 BANKED LINKER/LOCATER V6.22                                                      05/18/2019  22:11:21  PAGE 10


  -------         ENDPROC       WAITKEY
  -------         PROC          CONNTOUSB
  -------         DO            
  X:0058H         SYMBOL        i
  X:0276H         SYMBOL        reg_data
  X:028EH         SYMBOL        para_data
  D:0007H         SYMBOL        dat
  X:0059H         SYMBOL        reg_index
  X:005BH         SYMBOL        data_num
  X:005CH         SYMBOL        st
  -------         ENDDO         
  C:008EH         LINE#         155
  C:008EH         LINE#         156
  C:008EH         LINE#         163
  C:00A1H         LINE#         165
  C:00A9H         LINE#         166
  C:00A9H         LINE#         167
  C:00B7H         LINE#         168
  C:00B7H         LINE#         169
  C:00C8H         LINE#         170
  C:00C8H         LINE#         171
  C:00EEH         LINE#         172
  C:00F0H         LINE#         173
  C:0104H         LINE#         174
  C:0104H         LINE#         175
  C:012AH         LINE#         177
  C:012AH         LINE#         178
  C:012AH         LINE#         179
  C:012AH         LINE#         181
  C:012AH         LINE#         182
  C:0132H         LINE#         183
  C:013CH         LINE#         184
  C:0146H         LINE#         186
  C:0162H         LINE#         188
  C:016CH         LINE#         189
  C:016CH         LINE#         190
  C:017DH         LINE#         191
  C:017DH         LINE#         192
  C:018EH         LINE#         193
  C:018EH         LINE#         194
  C:01E1H         LINE#         195
  C:01E3H         LINE#         196
  C:01F9H         LINE#         197
  C:01F9H         LINE#         198
  C:024BH         LINE#         199
  C:024BH         LINE#         200
  C:024BH         LINE#         201
  C:024BH         LINE#         203
  C:024BH         LINE#         204
  C:0253H         LINE#         205
  C:0253H         LINE#         206
  C:025DH         LINE#         207
  C:0267H         LINE#         209
  C:026BH         LINE#         210
  C:026EH         LINE#         214
  C:0276H         LINE#         215
  C:0276H         LINE#         216
BL51 BANKED LINKER/LOCATER V6.22                                                      05/18/2019  22:11:21  PAGE 11


  C:0285H         LINE#         217
  C:0285H         LINE#         218
  C:0287H         LINE#         220
  C:0289H         LINE#         221
  C:02A5H         LINE#         222
  C:02A7H         LINE#         224
  C:02D0H         LINE#         225
  C:02F4H         LINE#         226
  C:02FEH         LINE#         227
  C:02FEH         LINE#         228
  C:0306H         LINE#         229
  C:030DH         LINE#         230
  C:0318H         LINE#         231
  C:031EH         LINE#         232
  C:031EH         LINE#         233
  C:0327H         LINE#         235
  C:032BH         LINE#         236
  C:0337H         LINE#         237
  C:033AH         LINE#         240
  C:0342H         LINE#         241
  C:0342H         LINE#         242
  C:034BH         LINE#         243
  C:034BH         LINE#         244
  C:035BH         LINE#         245
  C:035BH         LINE#         246
  C:035DH         LINE#         248
  C:035FH         LINE#         249
  C:037BH         LINE#         250
  C:037DH         LINE#         252
  C:03A6H         LINE#         253
  C:03CAH         LINE#         255
  C:03D4H         LINE#         256
  C:03D4H         LINE#         257
  C:03DCH         LINE#         258
  C:03E3H         LINE#         259
  C:03EEH         LINE#         260
  C:03F4H         LINE#         261
  C:03F4H         LINE#         263
  C:03FDH         LINE#         269
  C:03FDH         LINE#         270
  C:040AH         LINE#         271
  C:040AH         LINE#         272
  C:040CH         LINE#         274
  C:040EH         LINE#         275
  C:042AH         LINE#         276
  C:042CH         LINE#         278
  C:0434H         LINE#         279
  C:0438H         LINE#         280
  C:0444H         LINE#         281
  C:0444H         LINE#         282
  C:0447H         LINE#         285
  C:044FH         LINE#         286
  C:044FH         LINE#         287
  C:0460H         LINE#         288
  C:0460H         LINE#         289
  C:046DH         LINE#         290
  C:046DH         LINE#         291
BL51 BANKED LINKER/LOCATER V6.22                                                      05/18/2019  22:11:21  PAGE 12


  C:048BH         LINE#         292
  C:048DH         LINE#         293
  C:049DH         LINE#         294
  C:049DH         LINE#         295
  C:04BBH         LINE#         296
  C:04BDH         LINE#         297
  C:04CEH         LINE#         298
  C:04CEH         LINE#         299
  C:04D8H         LINE#         300
  C:04E2H         LINE#         301
  C:04E2H         LINE#         302
  C:04E2H         LINE#         303
  C:04E2H         LINE#         305
  C:04E2H         LINE#         306
  C:04EBH         LINE#         307
  C:04EFH         LINE#         308
  C:04FBH         LINE#         309
  C:04FEH         LINE#         312
  C:0506H         LINE#         313
  C:0506H         LINE#         314
  C:0513H         LINE#         315
  C:0524H         LINE#         317
  C:052DH         LINE#         318
  C:053CH         LINE#         320
  C:0544H         LINE#         321
  C:0544H         LINE#         322
  C:054DH         LINE#         323
  C:055CH         LINE#         324
  C:055CH         LINE#         325
  C:055FH         LINE#         326
  C:056EH         LINE#         327
  C:057AH         LINE#         328
  C:0580H         LINE#         329
  C:0580H         LINE#         331
  C:0584H         LINE#         332
  C:0593H         LINE#         334
  C:059AH         LINE#         335
  C:05B6H         LINE#         336
  C:05C0H         LINE#         337
  C:05C0H         LINE#         338
  C:05E6H         LINE#         339
  C:05F9H         LINE#         340
  C:05F9H         LINE#         341
  C:064BH         LINE#         342
  C:0653H         LINE#         343
  C:0653H         LINE#         344
  C:0653H         LINE#         347
  C:0658H         LINE#         348
  C:0658H         LINE#         349
  C:0665H         LINE#         350
  C:0676H         LINE#         352
  C:067BH         LINE#         353
  C:067FH         LINE#         354
  C:0682H         LINE#         355
  C:0686H         LINE#         357
  C:068AH         LINE#         358
  C:0696H         LINE#         359
BL51 BANKED LINKER/LOCATER V6.22                                                      05/18/2019  22:11:21  PAGE 13


  C:0698H         LINE#         360
  -------         ENDPROC       CONNTOUSB
  -------         PROC          MCU_INIT
  -------         DO            
  D:0007H         SYMBOL        n
  -------         ENDDO         
  C:35CAH         LINE#         363
  C:35CAH         LINE#         364
  C:35CAH         LINE#         366
  C:35CDH         LINE#         369
  C:35D0H         LINE#         370
  C:35D3H         LINE#         372
  C:35D6H         LINE#         374
  C:35DCH         LINE#         376
  C:35DFH         LINE#         377
  C:35E4H         LINE#         378
  C:35E7H         LINE#         380
  C:35EAH         LINE#         383
  C:35EDH         LINE#         384
  C:35F0H         LINE#         386
  C:35F3H         LINE#         387
  C:35F6H         LINE#         389
  C:35F9H         LINE#         390
  C:35FCH         LINE#         392
  C:35FFH         LINE#         393
  C:3602H         LINE#         394
  C:3604H         LINE#         395
  C:3606H         LINE#         397
  C:3609H         LINE#         398
  C:360CH         LINE#         400
  -------         ENDPROC       MCU_INIT
  -------         PROC          DEVICES_INIT
  C:325CH         LINE#         402
  C:325CH         LINE#         403
  C:325CH         LINE#         405
  C:325FH         LINE#         408
  C:3262H         LINE#         409
  C:32BCH         LINE#         410
  C:32BFH         LINE#         413
  C:32C2H         LINE#         414
  C:32C5H         LINE#         422
  -------         ENDPROC       DEVICES_INIT
  -------         PROC          SUSPEND_DEVICE
  C:3905H         LINE#         426
  C:3905H         LINE#         427
  C:3905H         LINE#         428
  -------         ENDPROC       SUSPEND_DEVICE
  -------         PROC          USB_API_TEST_ISR
  -------         DO            
  X:0051H         SYMBOL        INTVAL
  -------         ENDDO         
  C:1D95H         LINE#         432
  C:1DB2H         LINE#         434
  C:1DB9H         LINE#         436
  C:1DBFH         LINE#         437
  C:1DBFH         LINE#         438
  C:1DCAH         LINE#         440
BL51 BANKED LINKER/LOCATER V6.22                                                      05/18/2019  22:11:21  PAGE 14


  C:1DE6H         LINE#         441
  C:1DE6H         LINE#         442
  C:1DE8H         LINE#         443
  C:1DEAH         LINE#         444
  C:1E00H         LINE#         445
  C:1E00H         LINE#         446
  C:1E02H         LINE#         447
  C:1E04H         LINE#         448
  C:1E1CH         LINE#         449
  C:1E1CH         LINE#         450
  C:1E1EH         LINE#         451
  C:1E20H         LINE#         452
  C:1E3AH         LINE#         453
  C:1E3AH         LINE#         454
  C:1E3CH         LINE#         455
  C:1E3EH         LINE#         456
  C:1E53H         LINE#         457
  C:1E53H         LINE#         458
  C:1E55H         LINE#         459
  C:1E57H         LINE#         461
  C:1E57H         LINE#         462
  C:1E5CH         LINE#         463
  C:1E5CH         LINE#         464
  C:1E5CH         LINE#         466
  C:1E5CH         LINE#         467
  C:1E5CH         LINE#         469
  C:1E5CH         LINE#         471
  C:1E62H         LINE#         472
  C:1E62H         LINE#         473
  C:1E65H         LINE#         474
  C:1E65H         LINE#         476
  C:1E6BH         LINE#         477
  C:1E6BH         LINE#         478
  C:1E6EH         LINE#         479
  C:1E6EH         LINE#         481
  C:1E74H         LINE#         482
  C:1E74H         LINE#         483
  C:1E8EH         LINE#         484
  C:1E8EH         LINE#         486
  C:1E94H         LINE#         487
  C:1E94H         LINE#         488
  C:1E99H         LINE#         489
  C:1EB3H         LINE#         490
  C:1EB3H         LINE#         491
  -------         ENDPROC       USB_API_TEST_ISR
  -------         ENDMOD        MAIN

  -------         MODULE        MMC_SD
  C:0000H         SYMBOL        _ICE_DUMMY_
  D:00A2H         PUBLIC        SPI0CKR
  D:0080H         PUBLIC        P0
  D:0090H         PUBLIC        P1
  D:00A0H         PUBLIC        P2
  D:00B0H         PUBLIC        P3
  C:3101H         PUBLIC        _MMC_SD_SendCommand
  C:32C8H         PUBLIC        _MMC_SD_ReadSingleBlock
  C:38C6H         PUBLIC        SD_Init
BL51 BANKED LINKER/LOCATER V6.22                                                      05/18/2019  22:11:21  PAGE 15


  C:300CH         PUBLIC        _MMC_SD_WriteSingleBlock
  B:00F8H.7       PUBLIC        SPIF
  B:00F8H.2       PUBLIC        NSSMD0
  C:26DBH         PUBLIC        MMC_SD_Reset
  D:00A9H         PUBLIC        CLKSEL
  C:38F1H         PUBLIC        SPI_ReadByte
  C:387FH         PUBLIC        _SPI_WriteByte
  D:00A3H         PUBLIC        SPI0DAT
  X:0076H         PUBLIC        buffer
  C:3873H         SYMBOL        L?0062
  C:3878H         SYMBOL        L?0063
  -------         PROC          L?0061
  -------         ENDPROC       L?0061
  C:3873H         SYMBOL        L?0062
  C:3878H         SYMBOL        L?0063
  -------         PROC          _SPI_WRITEBYTE
  D:0007H         SYMBOL        val
  -------         DO            
  D:0007H         SYMBOL        ret
  -------         ENDDO         
  C:387FH         LINE#         7
  C:387FH         LINE#         8
  C:387FH         LINE#         11
  C:3881H         LINE#         12
  C:3884H         LINE#         13
  C:3886H         LINE#         14
  C:3888H         LINE#         15
  C:3888H         LINE#         16
  -------         ENDPROC       _SPI_WRITEBYTE
  -------         PROC          SPI_READBYTE
  -------         DO            
  D:0007H         SYMBOL        ret
  -------         ENDDO         
  C:38F1H         LINE#         18
  C:38F1H         LINE#         19
  C:38F1H         LINE#         22
  C:38F4H         LINE#         23
  C:38F7H         LINE#         24
  C:38F9H         LINE#         25
  C:38FBH         LINE#         26
  C:38FBH         LINE#         27
  -------         ENDPROC       SPI_READBYTE
  -------         PROC          _MMC_SD_SENDCOMMAND
  D:0006H         SYMBOL        cmd
  X:0062H         SYMBOL        arg
  -------         DO            
  D:0007H         SYMBOL        r1
  D:0003H         SYMBOL        retry
  -------         ENDDO         
  C:3101H         LINE#         29
  C:3103H         LINE#         30
  C:3103H         LINE#         32
  C:3105H         LINE#         34
  C:3105H         LINE#         35
  C:3105H         LINE#         36
  C:3108H         LINE#         37
  C:3108H         LINE#         38
BL51 BANKED LINKER/LOCATER V6.22                                                      05/18/2019  22:11:21  PAGE 16


  C:3108H         LINE#         39
  C:310BH         LINE#         41
  C:310DH         LINE#         43
  C:3114H         LINE#         44
  C:3129H         LINE#         45
  C:313EH         LINE#         46
  C:3153H         LINE#         47
  C:315DH         LINE#         48
  C:3162H         LINE#         50
  C:316AH         LINE#         51
  C:3173H         LINE#         53
  C:3175H         LINE#         55
  C:3175H         LINE#         56
  -------         ENDPROC       _MMC_SD_SENDCOMMAND
  -------         PROC          MMC_SD_RESET
  -------         DO            
  D:0005H         SYMBOL        i
  D:0002H         SYMBOL        retry
  D:0006H         SYMBOL        r1
  -------         ENDDO         
  C:26DBH         LINE#         58
  C:26DBH         LINE#         59
  C:26DBH         LINE#         62
  C:26DDH         LINE#         64
  C:26DEH         LINE#         65
  C:26E1H         LINE#         66
  C:26E4H         LINE#         68
  C:26E4H         LINE#         69
  C:26F0H         LINE#         70
  C:2700H         LINE#         71
  C:2701H         LINE#         72
  C:2707H         LINE#         73
  C:270BH         LINE#         75
  C:270DH         LINE#         77
  C:270DH         LINE#         79
  C:270DH         LINE#         80
  C:271DH         LINE#         81
  C:271EH         LINE#         82
  C:2727H         LINE#         83
  C:272BH         LINE#         85
  C:272DH         LINE#         86
  C:273DH         LINE#         87
  C:273EH         LINE#         88
  C:2747H         LINE#         89
  C:274AH         LINE#         91
  C:274DH         LINE#         92
  C:274DH         LINE#         93
  C:274FH         LINE#         95
  C:274FH         LINE#         96
  C:275FH         LINE#         97
  C:2760H         LINE#         98
  C:2769H         LINE#         99
  C:276CH         LINE#         100
  C:276CH         LINE#         101
  C:277CH         LINE#         103
  C:278AH         LINE#         104
  C:278DH         LINE#         105
BL51 BANKED LINKER/LOCATER V6.22                                                      05/18/2019  22:11:21  PAGE 17


  C:2790H         LINE#         106
  C:2791H         LINE#         107
  -------         ENDPROC       MMC_SD_RESET
  -------         PROC          _MMC_SD_READSINGLEBLOCK
  X:0010H         SYMBOL        sector
  -------         DO            
  D:0007H         SYMBOL        r1
  D:0004H         SYMBOL        i
  D:0002H         SYMBOL        retry
  -------         ENDDO         
  C:32C8H         LINE#         109
  C:32CDH         LINE#         110
  C:32CDH         LINE#         113
  C:32CFH         LINE#         115
  C:32D2H         LINE#         117
  C:32D2H         LINE#         118
  C:32EEH         LINE#         119
  C:32EFH         LINE#         120
  C:32F8H         LINE#         121
  C:32FBH         LINE#         124
  C:32FDH         LINE#         126
  C:3303H         LINE#         128
  C:3306H         LINE#         129
  C:3306H         LINE#         130
  C:3315H         LINE#         131
  C:3322H         LINE#         133
  C:3322H         LINE#         134
  C:3325H         LINE#         136
  C:3327H         LINE#         137
  C:332AH         LINE#         138
  C:332BH         LINE#         139
  -------         ENDPROC       _MMC_SD_READSINGLEBLOCK
  -------         PROC          _MMC_SD_WRITESINGLEBLOCK
  X:005DH         SYMBOL        sector
  -------         DO            
  D:0006H         SYMBOL        r1
  D:0004H         SYMBOL        i
  D:0002H         SYMBOL        retry
  -------         ENDDO         
  C:300CH         LINE#         141
  C:3011H         LINE#         142
  C:3011H         LINE#         145
  C:3013H         LINE#         147
  C:3016H         LINE#         149
  C:3016H         LINE#         150
  C:3034H         LINE#         151
  C:3035H         LINE#         152
  C:303EH         LINE#         153
  C:3041H         LINE#         157
  C:3043H         LINE#         159
  C:3048H         LINE#         161
  C:304DH         LINE#         163
  C:304FH         LINE#         164
  C:304FH         LINE#         165
  C:305EH         LINE#         166
  C:306BH         LINE#         168
  C:306BH         LINE#         169
BL51 BANKED LINKER/LOCATER V6.22                                                      05/18/2019  22:11:21  PAGE 18


  C:306BH         LINE#         171
  C:3070H         LINE#         173
  C:3077H         LINE#         174
  C:3077H         LINE#         175
  C:3079H         LINE#         176
  C:307AH         LINE#         177
  C:307AH         LINE#         179
  C:3082H         LINE#         181
  C:3084H         LINE#         182
  C:3087H         LINE#         183
  C:3088H         LINE#         184
  -------         ENDPROC       _MMC_SD_WRITESINGLEBLOCK
  -------         PROC          SD_INIT
  -------         DO            
  D:0001H         SYMBOL        n
  -------         ENDDO         
  C:38C6H         LINE#         187
  C:38C6H         LINE#         188
  C:38C6H         LINE#         189
  C:38C8H         LINE#         191
  C:38CEH         LINE#         192
  C:38CEH         LINE#         193
  C:38CFH         LINE#         194
  C:38D6H         LINE#         196
  -------         ENDPROC       SD_INIT
  -------         ENDMOD        MMC_SD

  -------         MODULE        LCD
  C:0000H         SYMBOL        _ICE_DUMMY_
  D:0080H         PUBLIC        P0
  C:29A6H         PUBLIC        DispFrame
  D:0090H         PUBLIC        P1
  C:2A50H         PUBLIC        DispScaleVer_Green
  D:00A0H         PUBLIC        P2
  D:00B0H         PUBLIC        P3
  C:1976H         PUBLIC        DispBand
  C:36BAH         PUBLIC        _WriteData
  C:0699H         PUBLIC        ascii
  C:1C53H         PUBLIC        _LCD_Read_IC_ID
  D:00A6H         PUBLIC        P2MDOUT
  C:0046H         PUBLIC        _DispColor
  C:2EFEH         PUBLIC        DispScaleVer_Blue
  C:2DE3H         PUBLIC        _DrawGird
  C:2F86H         PUBLIC        _DrawLine
  B:00D0H.7       PUBLIC        CY
  C:3712H         PUBLIC        _WriteComm
  C:0018H         PUBLIC        _WriteDispData
  C:2D50H         PUBLIC        DispScaleVer_Gray
  B:00B0H.1       PUBLIC        RS
  B:00A0H.1       PUBLIC        SPI_CLK
  C:2CBDH         PUBLIC        DispScaleVer_Red
  C:2005H         PUBLIC        DispScaleVer
  C:2640H         PUBLIC        _DispOneChar
  C:3089H         PUBLIC        DispGrayHor32
  C:2AF2H         PUBLIC        DispGrayHor16
  C:2792H         PUBLIC        _DispInt
  C:3490H         PUBLIC        _PutPixel
BL51 BANKED LINKER/LOCATER V6.22                                                      05/18/2019  22:11:21  PAGE 19


  D:00A9H         PUBLIC        CLKSEL
  B:0090H.6       PUBLIC        RD0
  B:00B0H.0       PUBLIC        CS0
  X:004FH         PUBLIC        LCM_ID
  C:235BH         PUBLIC        LCD_Init
  C:2C27H         PUBLIC        _DispStr
  C:13D9H         PUBLIC        DispScaleHor1
  B:00A0H.0       PUBLIC        SPI_DI
  C:38FCH         PUBLIC        _WriteOneDot
  C:17BAH         PUBLIC        DispScaleHor2
  C:245AH         PUBLIC        _DispPicFromSD
  B:0080H.7       PUBLIC        DIR
  C:332CH         PUBLIC        _ToOrd
  B:0080H.5       PUBLIC        RST
  C:3889H         PUBLIC        ReadData
  C:2BA5H         PUBLIC        _?BlockWrite
  -------         PROC          _LCD_READ_IC_ID
  X:005DH         SYMBOL        ID
  D:0004H         SYMBOL        Bug
  D:0003H         SYMBOL        flog
  -------         DO            
  X:005EH         SYMBOL        id
  X:0060H         SYMBOL        id1
  X:0062H         SYMBOL        temp
  D:0005H         SYMBOL        i
  D:0007H         SYMBOL        dat
  D:0001H         SYMBOL        id2
  X:0064H         SYMBOL        id3
  -------         ENDDO         
  C:1C53H         LINE#         35
  C:1C57H         LINE#         36
  C:1C57H         LINE#         39
  C:1C60H         LINE#         40
  C:1C60H         LINE#         42
  C:1C63H         LINE#         43
  C:1C65H         LINE#         44
  C:1C67H         LINE#         45
  C:1C69H         LINE#         46
  C:1C6BH         LINE#         47
  C:1C6BH         LINE#         48
  C:1C6DH         LINE#         49
  C:1C75H         LINE#         50
  C:1C77H         LINE#         52
  C:1C79H         LINE#         53
  C:1C7DH         LINE#         54
  C:1C82H         LINE#         55
  C:1C85H         LINE#         58
  C:1C8FH         LINE#         59
  C:1C8FH         LINE#         60
  C:1C91H         LINE#         61
  C:1C91H         LINE#         62
  C:1C93H         LINE#         63
  C:1C95H         LINE#         64
  C:1C97H         LINE#         65
  C:1CAEH         LINE#         66
  C:1CB0H         LINE#         67
  C:1CB2H         LINE#         68
BL51 BANKED LINKER/LOCATER V6.22                                                      05/18/2019  22:11:21  PAGE 20


  C:1CB9H         LINE#         69
  C:1CC3H         LINE#         70
  C:1CC3H         LINE#         71
  C:1CC5H         LINE#         72
  C:1CC5H         LINE#         73
  C:1CC7H         LINE#         74
  C:1CC9H         LINE#         75
  C:1CCBH         LINE#         76
  C:1CE2H         LINE#         77
  C:1CE4H         LINE#         78
  C:1CE6H         LINE#         79
  C:1CEBH         LINE#         80
  C:1CEBH         LINE#         82
  C:1CEDH         LINE#         83
  C:1CEDH         LINE#         84
  C:1CEFH         LINE#         85
  C:1CF1H         LINE#         86
  C:1CF3H         LINE#         87
  C:1D0AH         LINE#         88
  C:1D0CH         LINE#         89
  C:1D0EH         LINE#         90
  C:1D13H         LINE#         92
  C:1D15H         LINE#         93
  C:1D15H         LINE#         94
  C:1D17H         LINE#         95
  C:1D19H         LINE#         96
  C:1D1BH         LINE#         97
  C:1D25H         LINE#         98
  C:1D27H         LINE#         99
  C:1D29H         LINE#         100
  C:1D2EH         LINE#         102
  C:1D30H         LINE#         103
  C:1D30H         LINE#         104
  C:1D32H         LINE#         105
  C:1D34H         LINE#         106
  C:1D36H         LINE#         107
  C:1D42H         LINE#         108
  C:1D44H         LINE#         109
  C:1D46H         LINE#         110
  C:1D4BH         LINE#         111
  C:1D4EH         LINE#         112
  C:1D50H         LINE#         113
  C:1D52H         LINE#         114
  C:1D54H         LINE#         115
  C:1D56H         LINE#         116
  C:1D58H         LINE#         117
  C:1D5AH         LINE#         119
  C:1D5EH         LINE#         120
  C:1D5EH         LINE#         121
  C:1D6EH         LINE#         123
  C:1D79H         LINE#         124
  C:1D79H         LINE#         125
  C:1D79H         LINE#         127
  C:1D7FH         LINE#         128
  C:1D7FH         LINE#         129
  C:1D8BH         LINE#         130
  C:1D8BH         LINE#         132
BL51 BANKED LINKER/LOCATER V6.22                                                      05/18/2019  22:11:21  PAGE 21


  C:1D8BH         LINE#         133
  C:1D8DH         LINE#         134
  C:1D94H         LINE#         135
  -------         ENDPROC       _LCD_READ_IC_ID
  -------         PROC          _WRITECOMM
  D:0004H         SYMBOL        i
  -------         DO            
  D:0003H         SYMBOL        j
  X:0075H         SYMBOL        DataH
  -------         ENDDO         
  C:3712H         LINE#         138
  C:3716H         LINE#         139
  C:3716H         LINE#         141
  C:371AH         LINE#         142
  C:371CH         LINE#         206
  C:371CH         LINE#         239
  C:371EH         LINE#         240
  C:3720H         LINE#         241
  C:3720H         LINE#         242
  C:3724H         LINE#         243
  C:3728H         LINE#         245
  C:372AH         LINE#         246
  C:3731H         LINE#         247
  C:3733H         LINE#         248
  C:3735H         LINE#         250
  C:373AH         LINE#         252
  C:373AH         LINE#         255
  C:373CH         LINE#         256
  -------         ENDPROC       _WRITECOMM
  -------         PROC          L?0451
  -------         ENDPROC       L?0451
  -------         PROC          _WRITEDATA
  D:0004H         SYMBOL        i
  -------         DO            
  D:0003H         SYMBOL        j
  X:0075H         SYMBOL        DataH
  -------         ENDDO         
  C:36BAH         LINE#         258
  C:36BEH         LINE#         259
  C:36BEH         LINE#         261
  C:36C2H         LINE#         262
  C:36C4H         LINE#         402
  C:36C4H         LINE#         433
  C:36C6H         LINE#         434
  C:36C8H         LINE#         435
  C:36C8H         LINE#         436
  C:36CCH         LINE#         437
  C:36D0H         LINE#         439
  C:36D2H         LINE#         440
  C:36D9H         LINE#         441
  C:36DBH         LINE#         442
  C:36DDH         LINE#         444
  C:36E2H         LINE#         446
  C:36E2H         LINE#         449
  C:36E4H         LINE#         450
  -------         ENDPROC       _WRITEDATA
  C:0003H         SYMBOL        L?0450
BL51 BANKED LINKER/LOCATER V6.22                                                      05/18/2019  22:11:21  PAGE 22


  -------         PROC          L?0449
  -------         ENDPROC       L?0449
  C:0003H         SYMBOL        L?0450
  -------         PROC          _WRITEDISPDATA
  D:0007H         SYMBOL        DataH
  D:0005H         SYMBOL        DataL
  -------         DO            
  D:0006H         SYMBOL        j
  -------         ENDDO         
  C:0018H         LINE#         452
  C:0018H         LINE#         453
  C:0018H         LINE#         455
  C:001AH         LINE#         529
  C:001AH         LINE#         530
  C:001CH         LINE#         531
  C:001EH         LINE#         532
  C:001EH         LINE#         533
  C:0022H         LINE#         534
  C:0024H         LINE#         535
  C:0026H         LINE#         536
  C:0028H         LINE#         537
  C:002DH         LINE#         539
  C:002FH         LINE#         540
  C:0031H         LINE#         541
  C:0031H         LINE#         542
  C:0035H         LINE#         543
  C:0037H         LINE#         544
  C:0039H         LINE#         545
  C:003BH         LINE#         546
  C:0040H         LINE#         571
  C:0040H         LINE#         574
  C:0042H         LINE#         575
  -------         ENDPROC       _WRITEDISPDATA
  -------         PROC          _WRITEONEDOT
  D:0004H         SYMBOL        color
  C:38FCH         LINE#         577
  C:3900H         LINE#         578
  C:3900H         LINE#         592
  -------         ENDPROC       _WRITEONEDOT
  -------         PROC          LCD_INIT
  C:235BH         LINE#         600
  C:235BH         LINE#         601
  C:235BH         LINE#         602
  C:235EH         LINE#         605
  C:2360H         LINE#         606
  C:2367H         LINE#         608
  C:2369H         LINE#         609
  C:2370H         LINE#         611
  C:2372H         LINE#         612
  C:2379H         LINE#         934
  C:2380H         LINE#         935
  C:2385H         LINE#         936
  C:238AH         LINE#         937
  C:238FH         LINE#         938
  C:2394H         LINE#         939
  C:2399H         LINE#         940
  C:239EH         LINE#         941
BL51 BANKED LINKER/LOCATER V6.22                                                      05/18/2019  22:11:21  PAGE 23


  C:23A3H         LINE#         942
  C:23A8H         LINE#         943
  C:23ADH         LINE#         944
  C:23B2H         LINE#         945
  C:23B7H         LINE#         946
  C:23BCH         LINE#         947
  C:23C1H         LINE#         948
  C:23C6H         LINE#         949
  C:23CBH         LINE#         950
  C:23D0H         LINE#         951
  C:23D5H         LINE#         952
  C:23D9H         LINE#         953
  C:23DEH         LINE#         954
  C:23E3H         LINE#         955
  C:23E8H         LINE#         956
  C:23ECH         LINE#         957
  C:23F1H         LINE#         958
  C:23F5H         LINE#         959
  C:23FAH         LINE#         960
  C:23FFH         LINE#         961
  C:2404H         LINE#         962
  C:2409H         LINE#         963
  C:240EH         LINE#         964
  C:2413H         LINE#         965
  C:2418H         LINE#         966
  C:241DH         LINE#         967
  C:2421H         LINE#         968
  C:2426H         LINE#         969
  C:2429H         LINE#         970
  C:242EH         LINE#         971
  C:2432H         LINE#         972
  C:2437H         LINE#         973
  C:243BH         LINE#         974
  C:2440H         LINE#         975
  C:2445H         LINE#         976
  C:2449H         LINE#         977
  C:244EH         LINE#         978
  C:2453H         LINE#         979
  -------         ENDPROC       LCD_INIT
  C:2B8EH         SYMBOL        L?0445
  -------         PROC          L?0444
  -------         ENDPROC       L?0444
  C:2B8EH         SYMBOL        L?0445
  -------         PROC          _?BLOCKWRITE
  p:0000H         SYMBOL        Xstart
  p:0002H         SYMBOL        Xend
  p:0004H         SYMBOL        Ystart
  p:0006H         SYMBOL        Yend
  C:2BA5H         LINE#         4068
  C:2BC6H         LINE#         4169
  C:2BCDH         LINE#         4170
  C:2BD4H         LINE#         4171
  C:2BDCH         LINE#         4172
  C:2BE7H         LINE#         4173
  C:2BF1H         LINE#         4175
  C:2BF6H         LINE#         4176
  C:2C00H         LINE#         4177
BL51 BANKED LINKER/LOCATER V6.22                                                      05/18/2019  22:11:21  PAGE 24


  C:2C07H         LINE#         4178
  C:2C11H         LINE#         4179
  C:2C18H         LINE#         4185
  C:2C1DH         LINE#         4188
  C:2C20H         LINE#         4189
  -------         ENDPROC       _?BLOCKWRITE
  -------         PROC          _DISPCOLOR
  D:0004H         SYMBOL        color
  -------         DO            
  X:0054H         SYMBOL        i
  D:0002H         SYMBOL        m
  X:0056H         SYMBOL        DataH
  X:0057H         SYMBOL        DataL
  -------         ENDDO         
  C:0046H         LINE#         4191
  C:0048H         LINE#         4192
  C:0048H         LINE#         4195
  C:004EH         LINE#         4197
  C:0051H         LINE#         4199
  C:0053H         LINE#         4200
  C:0059H         LINE#         4201
  C:0059H         LINE#         4202
  C:005CH         LINE#         4203
  C:005CH         LINE#         4204
  C:0066H         LINE#         4205
  C:0071H         LINE#         4206
  C:0087H         LINE#         4208
  C:0089H         LINE#         4209
  -------         ENDPROC       _DISPCOLOR
  -------         PROC          DISPFRAME
  -------         DO            
  D:0002H         SYMBOL        i
  X:0054H         SYMBOL        j
  D:0001H         SYMBOL        DataH
  D:0004H         SYMBOL        DataL
  -------         ENDDO         
  C:29A6H         LINE#         4211
  C:29A6H         LINE#         4212
  C:29A6H         LINE#         4215
  C:29A9H         LINE#         4217
  C:29ABH         LINE#         4220
  C:29B5H         LINE#         4223
  C:29B7H         LINE#         4224
  C:29B7H         LINE#         4226
  C:29C2H         LINE#         4228
  C:29CDH         LINE#         4230
  C:29D7H         LINE#         4232
  C:29DDH         LINE#         4233
  C:29DDH         LINE#         4235
  C:29E7H         LINE#         4237
  C:29EAH         LINE#         4238
  C:29EAH         LINE#         4240
  C:29F2H         LINE#         4242
  C:29FDH         LINE#         4245
  C:2A07H         LINE#         4247
  C:2A1DH         LINE#         4249
  C:2A27H         LINE#         4251
BL51 BANKED LINKER/LOCATER V6.22                                                      05/18/2019  22:11:21  PAGE 25


  C:2A2AH         LINE#         4252
  C:2A2AH         LINE#         4254
  C:2A35H         LINE#         4256
  C:2A40H         LINE#         4258
  C:2A4AH         LINE#         4261
  C:2A4DH         LINE#         4262
  C:2A4FH         LINE#         4263
  -------         ENDPROC       DISPFRAME
  -------         PROC          DISPBAND
  -------         DO            
  D:0002H         SYMBOL        i
  X:0054H         SYMBOL        j
  X:0055H         SYMBOL        k
  X:0056H         SYMBOL        m
  X:0057H         SYMBOL        n
  X:0058H         SYMBOL        x
  -------         ENDDO         
  C:1976H         LINE#         4265
  C:1976H         LINE#         4266
  C:1976H         LINE#         4270
  C:1980H         LINE#         4271
  C:1989H         LINE#         4272
  C:198BH         LINE#         4275
  C:198EH         LINE#         4276
  C:199CH         LINE#         4277
  C:199CH         LINE#         4278
  C:19B7H         LINE#         4279
  C:19D2H         LINE#         4280
  C:19FEH         LINE#         4281
  C:1A05H         LINE#         4282
  C:1A14H         LINE#         4283
  C:1A14H         LINE#         4284
  C:1A2FH         LINE#         4285
  C:1A4AH         LINE#         4286
  C:1A76H         LINE#         4287
  C:1A7DH         LINE#         4288
  C:1A93H         LINE#         4289
  C:1A93H         LINE#         4290
  C:1AAEH         LINE#         4291
  C:1AC9H         LINE#         4292
  C:1AF5H         LINE#         4293
  C:1AFCH         LINE#         4294
  C:1AFEH         LINE#         4295
  C:1B01H         LINE#         4296
  -------         ENDPROC       DISPBAND
  -------         PROC          _DISPPICFROMSD
  X:0014H         SYMBOL        PicNum
  -------         DO            
  X:0015H         SYMBOL        Address_S
  X:0019H         SYMBOL        Address_E
  D:0002H         SYMBOL        i
  X:001DH         SYMBOL        k
  -------         ENDDO         
  C:245AH         LINE#         4318
  C:245DH         LINE#         4319
  C:245DH         LINE#         4325
  C:2460H         LINE#         4328
BL51 BANKED LINKER/LOCATER V6.22                                                      05/18/2019  22:11:21  PAGE 26


  C:2462H         LINE#         4330
  C:2464H         LINE#         4332
  C:246DH         LINE#         4333
  C:2498H         LINE#         4334
  C:24C1H         LINE#         4335
  C:24E4H         LINE#         4336
  C:24E4H         LINE#         4337
  C:24F4H         LINE#         4339
  C:24FDH         LINE#         4340
  C:24FDH         LINE#         4342
  C:2518H         LINE#         4343
  C:2521H         LINE#         4344
  C:2540H         LINE#         4346
  C:2542H         LINE#         4384
  -------         ENDPROC       _DISPPICFROMSD
  -------         PROC          DISPSCALEHOR1
  -------         DO            
  X:0021H         SYMBOL        i
  X:0023H         SYMBOL        j
  D:0002H         SYMBOL        k
  -------         ENDDO         
  C:13D9H         LINE#         4389
  C:13D9H         LINE#         4390
  C:13D9H         LINE#         4393
  C:13DCH         LINE#         4396
  C:13DEH         LINE#         4397
  C:13DEH         LINE#         4398
  C:13FEH         LINE#         4399
  C:1404H         LINE#         4400
  C:1404H         LINE#         4401
  C:140AH         LINE#         4402
  C:140AH         LINE#         4403
  C:141FH         LINE#         4404
  C:1435H         LINE#         4405
  C:144BH         LINE#         4407
  C:1456H         LINE#         4410
  C:1459H         LINE#         4411
  C:1459H         LINE#         4412
  C:1479H         LINE#         4413
  C:147FH         LINE#         4414
  C:147FH         LINE#         4415
  C:1485H         LINE#         4416
  C:1485H         LINE#         4417
  C:14B0H         LINE#         4418
  C:14C6H         LINE#         4419
  C:14DCH         LINE#         4420
  C:14EAH         LINE#         4423
  C:14EDH         LINE#         4424
  C:14EDH         LINE#         4425
  C:150DH         LINE#         4426
  C:1513H         LINE#         4427
  C:1513H         LINE#         4428
  C:1519H         LINE#         4429
  C:1519H         LINE#         4430
  C:1523H         LINE#         4431
  C:1539H         LINE#         4432
  C:154FH         LINE#         4433
BL51 BANKED LINKER/LOCATER V6.22                                                      05/18/2019  22:11:21  PAGE 27


  C:155AH         LINE#         4436
  C:155DH         LINE#         4437
  C:155DH         LINE#         4438
  C:157DH         LINE#         4439
  C:1583H         LINE#         4440
  C:1583H         LINE#         4441
  C:1589H         LINE#         4442
  C:1589H         LINE#         4443
  C:15BCH         LINE#         4444
  C:15D2H         LINE#         4445
  C:15E8H         LINE#         4446
  C:15F6H         LINE#         4447
  C:15F8H         LINE#         4448
  -------         ENDPROC       DISPSCALEHOR1
  -------         PROC          DISPSCALEVER
  -------         DO            
  X:0025H         SYMBOL        i
  X:0027H         SYMBOL        j
  D:0002H         SYMBOL        k
  -------         ENDDO         
  C:2005H         LINE#         4450
  C:2005H         LINE#         4451
  C:2005H         LINE#         4520
  C:2008H         LINE#         4522
  C:2010H         LINE#         4523
  C:2010H         LINE#         4524
  C:2016H         LINE#         4525
  C:2016H         LINE#         4526
  C:201CH         LINE#         4527
  C:2032H         LINE#         4528
  C:2039H         LINE#         4530
  C:203CH         LINE#         4531
  C:203CH         LINE#         4533
  C:2042H         LINE#         4534
  C:2042H         LINE#         4536
  C:2048H         LINE#         4537
  C:2048H         LINE#         4538
  C:205AH         LINE#         4539
  C:2070H         LINE#         4541
  C:2076H         LINE#         4542
  C:2076H         LINE#         4543
  C:209EH         LINE#         4544
  C:20B4H         LINE#         4546
  C:20BAH         LINE#         4547
  C:20BAH         LINE#         4548
  C:20C1H         LINE#         4549
  C:20D7H         LINE#         4551
  C:20DDH         LINE#         4552
  C:20DDH         LINE#         4553
  C:20F1H         LINE#         4554
  C:2107H         LINE#         4556
  C:2120H         LINE#         4558
  C:212EH         LINE#         4560
  -------         ENDPROC       DISPSCALEVER
  -------         PROC          DISPSCALEVER_RED
  -------         DO            
  X:0029H         SYMBOL        i
BL51 BANKED LINKER/LOCATER V6.22                                                      05/18/2019  22:11:21  PAGE 28


  X:002BH         SYMBOL        j
  D:0002H         SYMBOL        k
  -------         ENDDO         
  C:2CBDH         LINE#         4562
  C:2CBDH         LINE#         4563
  C:2CBDH         LINE#         4566
  C:2CC0H         LINE#         4568
  C:2CC2H         LINE#         4570
  C:2CC4H         LINE#         4573
  C:2CCCH         LINE#         4574
  C:2CCCH         LINE#         4575
  C:2CD2H         LINE#         4576
  C:2CD2H         LINE#         4577
  C:2CD8H         LINE#         4578
  C:2CEEH         LINE#         4579
  C:2CF5H         LINE#         4581
  C:2CF8H         LINE#         4582
  C:2CF8H         LINE#         4583
  C:2CFEH         LINE#         4584
  C:2CFEH         LINE#         4586
  C:2D04H         LINE#         4587
  C:2D04H         LINE#         4588
  C:2D16H         LINE#         4589
  C:2D2CH         LINE#         4590
  C:2D42H         LINE#         4592
  C:2D4DH         LINE#         4594
  C:2D4FH         LINE#         4595
  -------         ENDPROC       DISPSCALEVER_RED
  -------         PROC          DISPSCALEVER_GREEN
  -------         DO            
  X:002DH         SYMBOL        i
  X:002FH         SYMBOL        j
  D:0002H         SYMBOL        k
  -------         ENDDO         
  C:2A50H         LINE#         4597
  C:2A50H         LINE#         4598
  C:2A50H         LINE#         4601
  C:2A53H         LINE#         4603
  C:2A55H         LINE#         4604
  C:2A57H         LINE#         4607
  C:2A5FH         LINE#         4608
  C:2A5FH         LINE#         4609
  C:2A65H         LINE#         4610
  C:2A65H         LINE#         4611
  C:2A6BH         LINE#         4613
  C:2A81H         LINE#         4614
  C:2A88H         LINE#         4616
  C:2A8BH         LINE#         4617
  C:2A8BH         LINE#         4618
  C:2A91H         LINE#         4619
  C:2A91H         LINE#         4621
  C:2A97H         LINE#         4622
  C:2A97H         LINE#         4624
  C:2AB8H         LINE#         4625
  C:2ACEH         LINE#         4626
  C:2AE4H         LINE#         4628
  C:2AEFH         LINE#         4630
BL51 BANKED LINKER/LOCATER V6.22                                                      05/18/2019  22:11:21  PAGE 29


  C:2AF1H         LINE#         4631
  -------         ENDPROC       DISPSCALEVER_GREEN
  -------         PROC          DISPSCALEVER_BLUE
  -------         DO            
  X:0031H         SYMBOL        i
  X:0033H         SYMBOL        j
  D:0002H         SYMBOL        k
  -------         ENDDO         
  C:2EFEH         LINE#         4633
  C:2EFEH         LINE#         4634
  C:2EFEH         LINE#         4637
  C:2F01H         LINE#         4639
  C:2F03H         LINE#         4640
  C:2F05H         LINE#         4643
  C:2F0DH         LINE#         4644
  C:2F0DH         LINE#         4645
  C:2F13H         LINE#         4646
  C:2F13H         LINE#         4647
  C:2F19H         LINE#         4648
  C:2F2FH         LINE#         4649
  C:2F36H         LINE#         4651
  C:2F39H         LINE#         4652
  C:2F39H         LINE#         4653
  C:2F3FH         LINE#         4654
  C:2F3FH         LINE#         4656
  C:2F45H         LINE#         4657
  C:2F45H         LINE#         4658
  C:2F4CH         LINE#         4659
  C:2F62H         LINE#         4660
  C:2F78H         LINE#         4662
  C:2F83H         LINE#         4664
  C:2F85H         LINE#         4665
  -------         ENDPROC       DISPSCALEVER_BLUE
  -------         PROC          DISPSCALEVER_GRAY
  -------         DO            
  X:0035H         SYMBOL        i
  X:0037H         SYMBOL        j
  D:0002H         SYMBOL        k
  -------         ENDDO         
  C:2D50H         LINE#         4667
  C:2D50H         LINE#         4668
  C:2D50H         LINE#         4671
  C:2D53H         LINE#         4673
  C:2D55H         LINE#         4678
  C:2D5DH         LINE#         4679
  C:2D5DH         LINE#         4680
  C:2D63H         LINE#         4681
  C:2D63H         LINE#         4682
  C:2D69H         LINE#         4684
  C:2D7FH         LINE#         4685
  C:2D86H         LINE#         4687
  C:2D89H         LINE#         4688
  C:2D89H         LINE#         4689
  C:2D8FH         LINE#         4690
  C:2D8FH         LINE#         4692
  C:2D95H         LINE#         4693
  C:2D95H         LINE#         4694
BL51 BANKED LINKER/LOCATER V6.22                                                      05/18/2019  22:11:21  PAGE 30


  C:2DA9H         LINE#         4695
  C:2DBFH         LINE#         4696
  C:2DD5H         LINE#         4698
  C:2DE0H         LINE#         4700
  C:2DE2H         LINE#         4701
  -------         ENDPROC       DISPSCALEVER_GRAY
  -------         PROC          DISPGRAYHOR16
  -------         DO            
  X:0054H         SYMBOL        i
  D:0002H         SYMBOL        j
  X:0056H         SYMBOL        k
  -------         ENDDO         
  C:2AF2H         LINE#         4703
  C:2AF2H         LINE#         4704
  C:2AF2H         LINE#         4707
  C:2AF5H         LINE#         4709
  C:2AF7H         LINE#         4710
  C:2AF9H         LINE#         4712
  C:2AFFH         LINE#         4713
  C:2AFFH         LINE#         4714
  C:2B08H         LINE#         4715
  C:2B08H         LINE#         4716
  C:2B0EH         LINE#         4717
  C:2B15H         LINE#         4719
  C:2B18H         LINE#         4720
  C:2B18H         LINE#         4721
  C:2B1EH         LINE#         4722
  C:2B1EH         LINE#         4723
  C:2B50H         LINE#         4724
  C:2B66H         LINE#         4725
  C:2B71H         LINE#         4726
  C:2B8AH         LINE#         4728
  C:2B8CH         LINE#         4729
  -------         ENDPROC       DISPGRAYHOR16
  -------         PROC          DISPGRAYHOR32
  -------         DO            
  X:0039H         SYMBOL        i
  D:0002H         SYMBOL        j
  X:003BH         SYMBOL        k
  -------         ENDDO         
  C:3089H         LINE#         4731
  C:3089H         LINE#         4732
  C:3089H         LINE#         4735
  C:308CH         LINE#         4737
  C:308EH         LINE#         4739
  C:3094H         LINE#         4740
  C:3094H         LINE#         4741
  C:309DH         LINE#         4742
  C:309DH         LINE#         4743
  C:30A3H         LINE#         4744
  C:30AAH         LINE#         4746
  C:30ADH         LINE#         4747
  C:30ADH         LINE#         4748
  C:30B3H         LINE#         4749
  C:30B3H         LINE#         4750
  C:30C7H         LINE#         4751
  C:30DDH         LINE#         4752
BL51 BANKED LINKER/LOCATER V6.22                                                      05/18/2019  22:11:21  PAGE 31


  C:30E8H         LINE#         4753
  C:30FEH         LINE#         4755
  C:3100H         LINE#         4756
  -------         ENDPROC       DISPGRAYHOR32
  -------         PROC          DISPSCALEHOR2
  -------         DO            
  X:003DH         SYMBOL        j
  D:0002H         SYMBOL        k
  -------         ENDDO         
  C:17BAH         LINE#         4758
  C:17BAH         LINE#         4759
  C:17BAH         LINE#         4762
  C:17BDH         LINE#         4764
  C:17BFH         LINE#         4765
  C:17BFH         LINE#         4766
  C:17C5H         LINE#         4767
  C:17E2H         LINE#         4768
  C:17EDH         LINE#         4769
  C:17F0H         LINE#         4770
  C:17F0H         LINE#         4771
  C:17F6H         LINE#         4772
  C:1813H         LINE#         4773
  C:181EH         LINE#         4774
  C:1821H         LINE#         4775
  C:1821H         LINE#         4776
  C:1827H         LINE#         4777
  C:1844H         LINE#         4778
  C:184FH         LINE#         4779
  C:1852H         LINE#         4780
  C:1852H         LINE#         4781
  C:1858H         LINE#         4782
  C:1875H         LINE#         4783
  C:1880H         LINE#         4784
  C:1883H         LINE#         4785
  C:1883H         LINE#         4786
  C:1889H         LINE#         4787
  C:18A6H         LINE#         4788
  C:18B1H         LINE#         4789
  C:18B4H         LINE#         4790
  C:18B4H         LINE#         4791
  C:18BAH         LINE#         4792
  C:18D7H         LINE#         4793
  C:18E2H         LINE#         4794
  C:18E5H         LINE#         4795
  C:18E5H         LINE#         4796
  C:18EBH         LINE#         4797
  C:1908H         LINE#         4798
  C:1913H         LINE#         4799
  C:1916H         LINE#         4800
  C:1916H         LINE#         4801
  C:191CH         LINE#         4802
  C:1938H         LINE#         4803
  C:1943H         LINE#         4804
  C:194CH         LINE#         4805
  C:194CH         LINE#         4806
  C:1952H         LINE#         4807
  C:196EH         LINE#         4808
BL51 BANKED LINKER/LOCATER V6.22                                                      05/18/2019  22:11:21  PAGE 32


  C:1975H         LINE#         4810
  -------         ENDPROC       DISPSCALEHOR2
  -------         PROC          _TOORD
  D:0007H         SYMBOL        ch
  C:332CH         LINE#         4915
  C:332CH         LINE#         4916
  C:332CH         LINE#         4917
  C:3332H         LINE#         4918
  C:3332H         LINE#         4919
  C:3334H         LINE#         4920
  C:3336H         LINE#         4921
  C:3342H         LINE#         4922
  C:3342H         LINE#         4923
  C:3346H         LINE#         4924
  C:3348H         LINE#         4925
  C:3354H         LINE#         4926
  C:3354H         LINE#         4927
  C:3358H         LINE#         4928
  C:335AH         LINE#         4929
  C:3366H         LINE#         4930
  C:3366H         LINE#         4931
  C:336AH         LINE#         4932
  C:336CH         LINE#         4933
  C:3378H         LINE#         4934
  C:3378H         LINE#         4935
  C:337CH         LINE#         4936
  C:337EH         LINE#         4937
  C:3384H         LINE#         4938
  C:3384H         LINE#         4939
  C:3386H         LINE#         4940
  C:3386H         LINE#         4942
  C:3386H         LINE#         4943
  -------         ENDPROC       _TOORD
  C:2618H         SYMBOL        L?0447
  C:2630H         SYMBOL        L?0448
  -------         PROC          L?0446
  -------         ENDPROC       L?0446
  C:2618H         SYMBOL        L?0447
  C:2630H         SYMBOL        L?0448
  -------         PROC          _DISPONECHAR
  X:0068H         SYMBOL        ord
  D:0006H         SYMBOL        Xstart
  D:0002H         SYMBOL        Ystart
  X:006DH         SYMBOL        TextColor
  X:006FH         SYMBOL        BackColor
  -------         DO            
  X:0071H         SYMBOL        i
  D:0002H         SYMBOL        j
  X:0072H         SYMBOL        p
  D:0003H         SYMBOL        dat
  D:0006H         SYMBOL        index
  -------         ENDDO         
  C:2640H         LINE#         4945
  C:2648H         LINE#         4946
  C:2648H         LINE#         4952
  C:2662H         LINE#         4954
  C:2668H         LINE#         4956
BL51 BANKED LINKER/LOCATER V6.22                                                      05/18/2019  22:11:21  PAGE 33


  C:2670H         LINE#         4957
  C:2672H         LINE#         4959
  C:2680H         LINE#         4961
  C:268DH         LINE#         4962
  C:2694H         LINE#         4964
  C:2698H         LINE#         4965
  C:2698H         LINE#         4966
  C:26ADH         LINE#         4967
  C:26AFH         LINE#         4968
  C:26AFH         LINE#         4969
  C:26BCH         LINE#         4970
  C:26BCH         LINE#         4971
  C:26BEH         LINE#         4972
  C:26C0H         LINE#         4974
  C:26C0H         LINE#         4975
  C:26CAH         LINE#         4976
  C:26CAH         LINE#         4977
  C:26CFH         LINE#         4978
  C:26DAH         LINE#         4979
  -------         ENDPROC       _DISPONECHAR
  -------         PROC          _DISPSTR
  X:005DH         SYMBOL        str
  X:0060H         SYMBOL        Xstart
  X:0062H         SYMBOL        Ystart
  X:0064H         SYMBOL        TextColor
  X:0066H         SYMBOL        BackColor
  C:2C27H         LINE#         4981
  C:2C37H         LINE#         4982
  C:2C37H         LINE#         4984
  C:2C4CH         LINE#         4985
  C:2C4CH         LINE#         4986
  C:2C87H         LINE#         4988
  C:2C93H         LINE#         4989
  C:2C93H         LINE#         4990
  C:2C97H         LINE#         4991
  C:2C9CH         LINE#         4992
  C:2C9EH         LINE#         4994
  C:2C9EH         LINE#         4995
  C:2CA9H         LINE#         4996
  C:2CA9H         LINE#         4998
  C:2CB5H         LINE#         4999
  C:2CB5H         LINE#         5000
  C:2CB9H         LINE#         5001
  C:2CB9H         LINE#         5002
  C:2CBCH         LINE#         5004
  -------         ENDPROC       _DISPSTR
  -------         PROC          _DISPINT
  X:005DH         SYMBOL        i
  X:005FH         SYMBOL        Xstart
  X:0061H         SYMBOL        Ystart
  X:0063H         SYMBOL        TextColor
  X:0065H         SYMBOL        BackColor
  C:2792H         LINE#         5006
  C:27A7H         LINE#         5007
  C:27A7H         LINE#         5008
  C:27AFH         LINE#         5009
  C:27AFH         LINE#         5010
BL51 BANKED LINKER/LOCATER V6.22                                                      05/18/2019  22:11:21  PAGE 34


  C:27B6H         LINE#         5011
  C:27B6H         LINE#         5012
  C:27C5H         LINE#         5013
  C:27C5H         LINE#         5014
  C:27CEH         LINE#         5015
  C:27CEH         LINE#         5017
  C:27E0H         LINE#         5018
  C:27EEH         LINE#         5019
  C:2807H         LINE#         5020
  -------         ENDPROC       _DISPINT
  -------         PROC          READDATA
  C:3889H         LINE#         5028
  C:3889H         LINE#         5029
  C:3889H         LINE#         5049
  C:389BH         LINE#         5056
  C:389EH         LINE#         5057
  -------         ENDPROC       READDATA
  -------         PROC          _PUTPIXEL
  D:0006H         SYMBOL        x
  D:0004H         SYMBOL        y
  X:0054H         SYMBOL        color
  C:3490H         LINE#         5233
  C:3497H         LINE#         5234
  C:3497H         LINE#         5235
  C:34B5H         LINE#         5236
  C:34C1H         LINE#         5237
  C:34CCH         LINE#         5238
  C:34D7H         LINE#         5239
  -------         ENDPROC       _PUTPIXEL
  -------         PROC          _DRAWLINE
  X:003FH         SYMBOL        Xstart
  X:0041H         SYMBOL        Xend
  D:0082H         SYMBOL        Ystart
  X:0045H         SYMBOL        Yend
  X:0047H         SYMBOL        color
  -------         DO            
  X:0049H         SYMBOL        i
  D:0002H         SYMBOL        j
  -------         ENDDO         
  C:2F86H         LINE#         5242
  C:2F97H         LINE#         5243
  C:2F97H         LINE#         5246
  C:2FB2H         LINE#         5248
  C:2FD2H         LINE#         5249
  C:2FD2H         LINE#         5250
  C:2FEDH         LINE#         5251
  C:2FEDH         LINE#         5252
  C:2FF7H         LINE#         5253
  C:2FFEH         LINE#         5254
  C:300BH         LINE#         5255
  -------         ENDPROC       _DRAWLINE
  -------         PROC          _DRAWGIRD
  X:004BH         SYMBOL        color
  -------         DO            
  X:004DH         SYMBOL        i
  -------         ENDDO         
  C:2DE3H         LINE#         5257
BL51 BANKED LINKER/LOCATER V6.22                                                      05/18/2019  22:11:21  PAGE 35


  C:2DEAH         LINE#         5258
  C:2DEAH         LINE#         5261
  C:2DFDH         LINE#         5262
  C:2DFDH         LINE#         5263
  C:2E20H         LINE#         5265
  C:2E2DH         LINE#         5267
[...]
  C:12E2H         LINE#         315
  C:12E2H         LINE#         316
  C:12E8H         LINE#         317
  C:12F7H         LINE#         318
  C:12F7H         LINE#         319
  C:12FCH         LINE#         320
  C:12FFH         LINE#         321
  C:130EH         LINE#         322
  C:130EH         LINE#         323
BL51 BANKED LINKER/LOCATER V6.22                                                      05/18/2019  22:11:21  PAGE 41


  C:1323H         LINE#         324
  C:1328H         LINE#         325
  C:1330H         LINE#         326
  C:133AH         LINE#         327
  C:1348H         LINE#         328
  C:1356H         LINE#         329
  C:1358H         LINE#         331
  C:1358H         LINE#         332
  C:135DH         LINE#         333
  C:1360H         LINE#         334
  C:1378H         LINE#         335
  C:1378H         LINE#         336
  C:1391H         LINE#         337
  C:1396H         LINE#         338
  C:139EH         LINE#         339
  C:13A5H         LINE#         340
  C:13AAH         LINE#         341
  C:13AAH         LINE#         342
  C:13BEH         LINE#         343
  C:13BEH         LINE#         344
  C:13C5H         LINE#         345
  C:13CAH         LINE#         346
  C:13CAH         LINE#         347
  C:13D8H         LINE#         348
  C:13D8H         LINE#         349
  -------         ENDPROC       USBXCORE_HANDLE_SETUP
  -------         PROC          USBXCORE_FORCE_STALL
  C:383DH         LINE#         356
  C:383DH         LINE#         358
  C:3848H         LINE#         359
  C:3853H         LINE#         360
  C:3859H         LINE#         361
  -------         ENDPROC       USBXCORE_FORCE_STALL
  -------         PROC          USBXCORE_GET_STATUS
  C:31E9H         LINE#         367
  C:31E9H         LINE#         369
  C:31F8H         LINE#         370
  C:31F8H         LINE#         371
  C:31F8H         LINE#         372
  C:31F8H         LINE#         373
  C:31F8H         LINE#         374
  C:31FAH         LINE#         375
  C:31FAH         LINE#         379
  C:31FAH         LINE#         381
  C:3208H         LINE#         385
  C:3208H         LINE#         386
  C:3208H         LINE#         387
  C:3208H         LINE#         388
  C:320AH         LINE#         390
  C:320AH         LINE#         392
  C:3218H         LINE#         396
  C:3218H         LINE#         397
  C:3225H         LINE#         398
  C:3225H         LINE#         399
  C:3227H         LINE#         401
  C:3227H         LINE#         402
  C:3235H         LINE#         403
BL51 BANKED LINKER/LOCATER V6.22                                                      05/18/2019  22:11:21  PAGE 42


  C:323EH         LINE#         404
  C:323EH         LINE#         405
  C:323EH         LINE#         406
  C:3240H         LINE#         407
  C:3240H         LINE#         408
  C:3243H         LINE#         409
  C:3243H         LINE#         410
  C:3243H         LINE#         411
  C:324BH         LINE#         412
  C:324BH         LINE#         413
  C:324EH         LINE#         414
  C:3254H         LINE#         415
  C:325BH         LINE#         416
  C:325BH         LINE#         417
  -------         ENDPROC       USBXCORE_GET_STATUS
  -------         PROC          USBXCORE_CLEAR_FEATURE
  C:33E1H         LINE#         423
  C:33E1H         LINE#         425
  C:33E7H         LINE#         426
  C:33E7H         LINE#         428
  C:33EEH         LINE#         429
  C:33EEH         LINE#         430
  C:33F9H         LINE#         436
  C:3404H         LINE#         437
  C:3409H         LINE#         438
  C:340BH         LINE#         440
  C:340BH         LINE#         442
  C:3416H         LINE#         446
  C:3421H         LINE#         447
  C:3426H         LINE#         448
  C:3426H         LINE#         449
  C:3428H         LINE#         451
  C:3428H         LINE#         452
  C:342BH         LINE#         453
  C:342BH         LINE#         454
  C:3436H         LINE#         455
  -------         ENDPROC       USBXCORE_CLEAR_FEATURE
  -------         PROC          USBXCORE_VENDOR_USB_API
  C:2543H         LINE#         462
  C:2543H         LINE#         464
  C:254DH         LINE#         465
  C:254DH         LINE#         466
  C:2554H         LINE#         467
  C:2554H         LINE#         468
  C:2557H         LINE#         469
  C:255AH         LINE#         470
  C:255CH         LINE#         472
  C:255CH         LINE#         473
  C:2563H         LINE#         474
  C:2563H         LINE#         477
  C:256EH         LINE#         482
  C:2579H         LINE#         483
  C:2584H         LINE#         485
  C:2584H         LINE#         486
  C:2597H         LINE#         487
  C:2597H         LINE#         488
  C:259BH         LINE#         489
BL51 BANKED LINKER/LOCATER V6.22                                                      05/18/2019  22:11:21  PAGE 43


  C:25A6H         LINE#         491
  C:25A6H         LINE#         492
  C:25B9H         LINE#         493
  C:25B9H         LINE#         494
  C:25BDH         LINE#         495
  C:25C8H         LINE#         497
  C:25CEH         LINE#         498
  C:25D6H         LINE#         499
  C:25D6H         LINE#         500
  C:25D9H         LINE#         501
  C:25D9H         LINE#         502
  C:25D9H         LINE#         503
  C:25E4H         LINE#         504
  C:25E4H         LINE#         505
  C:25EAH         LINE#         506
  C:25F1H         LINE#         507
  C:25F1H         LINE#         508
  C:25F5H         LINE#         509
  C:25F5H         LINE#         510
  C:25FBH         LINE#         511
  C:2602H         LINE#         512
  C:2602H         LINE#         513
  C:260DH         LINE#         514
  -------         ENDPROC       USBXCORE_VENDOR_USB_API
  -------         PROC          USBXCORE_SET_FEATURE
  C:3439H         LINE#         521
  C:3439H         LINE#         523
  C:343FH         LINE#         524
  C:343FH         LINE#         526
  C:3446H         LINE#         527
  C:3446H         LINE#         528
  C:3451H         LINE#         534
  C:345CH         LINE#         535
  C:345FH         LINE#         536
  C:3461H         LINE#         538
  C:3461H         LINE#         540
  C:346CH         LINE#         544
  C:3477H         LINE#         545
  C:347DH         LINE#         546
  C:347DH         LINE#         548
  C:347FH         LINE#         550
  C:347FH         LINE#         551
  C:3482H         LINE#         552
  C:3482H         LINE#         553
  C:348DH         LINE#         554
  -------         ENDPROC       USBXCORE_SET_FEATURE
  -------         PROC          USBXCORE_SET_ADDRESS
  C:37FEH         LINE#         561
  C:37FEH         LINE#         563
  C:380DH         LINE#         564
  C:3813H         LINE#         565
  C:3813H         LINE#         566
  C:3816H         LINE#         567
  C:3818H         LINE#         569
  C:3818H         LINE#         570
  C:381BH         LINE#         571
  C:381BH         LINE#         572
BL51 BANKED LINKER/LOCATER V6.22                                                      05/18/2019  22:11:21  PAGE 44


  -------         ENDPROC       USBXCORE_SET_ADDRESS
  -------         PROC          USBXCORE_GET_DESCRIPTOR
  C:2845H         LINE#         579
  C:2845H         LINE#         580
  C:2854H         LINE#         581
  C:2854H         LINE#         582
  C:2854H         LINE#         583
  C:2862H         LINE#         584
  C:2866H         LINE#         585
  C:2868H         LINE#         586
  C:2868H         LINE#         587
  C:2876H         LINE#         588
  C:2889H         LINE#         589
  C:288BH         LINE#         590
  C:288BH         LINE#         591
  C:28AFH         LINE#         592
  C:28BBH         LINE#         593
  C:28BDH         LINE#         594
  C:28BDH         LINE#         595
  C:28C0H         LINE#         596
  C:28C0H         LINE#         597
  C:28C0H         LINE#         598
  C:28D6H         LINE#         599
  C:28D6H         LINE#         600
  C:28DEH         LINE#         601
  C:28DEH         LINE#         602
  C:28E6H         LINE#         603
  C:28E6H         LINE#         604
  C:28E9H         LINE#         605
  C:28EFH         LINE#         606
  C:28F6H         LINE#         607
  C:28F6H         LINE#         608
  -------         ENDPROC       USBXCORE_GET_DESCRIPTOR
  -------         PROC          USBXCORE_GET_CONFIGURATION
  C:3583H         LINE#         614
  C:3583H         LINE#         616
  C:358BH         LINE#         617
  C:358BH         LINE#         618
  C:3597H         LINE#         619
  C:359FH         LINE#         620
  C:359FH         LINE#         621
  C:35A3H         LINE#         622
  C:35A3H         LINE#         623
  C:35B1H         LINE#         624
  C:35B9H         LINE#         625
  C:35B9H         LINE#         626
  C:35BCH         LINE#         627
  C:35C2H         LINE#         628
  C:35C9H         LINE#         629
  -------         ENDPROC       USBXCORE_GET_CONFIGURATION
  -------         PROC          USBXCORE_SET_CONFIGURATION
  C:3387H         LINE#         635
  C:3387H         LINE#         637
  C:3390H         LINE#         638
  C:3390H         LINE#         639
  C:3397H         LINE#         640
  C:339DH         LINE#         641
BL51 BANKED LINKER/LOCATER V6.22                                                      05/18/2019  22:11:21  PAGE 45


  C:33A2H         LINE#         642
  C:33A4H         LINE#         644
  C:33AFH         LINE#         645
  C:33BAH         LINE#         646
  C:33C5H         LINE#         653
  C:33D0H         LINE#         654
  C:33D2H         LINE#         656
  C:33D2H         LINE#         657
  C:33D8H         LINE#         658
  C:33DCH         LINE#         659
  C:33DEH         LINE#         660
  C:33DEH         LINE#         661
  -------         ENDPROC       USBXCORE_SET_CONFIGURATION
  -------         PROC          USBXCORE_GET_INTERFACE
  C:378FH         LINE#         668
  C:378FH         LINE#         670
  C:379DH         LINE#         671
  C:37A5H         LINE#         672
  C:37A8H         LINE#         673
  C:37AEH         LINE#         674
  C:37B5H         LINE#         675
  -------         ENDPROC       USBXCORE_GET_INTERFACE
  -------         PROC          USBXCORE_SET_SOP
  C:389FH         LINE#         682
  C:389FH         LINE#         684
  C:38A7H         LINE#         685
  C:38A7H         LINE#         686
  C:38B2H         LINE#         687
  C:38B2H         LINE#         688
  -------         ENDPROC       USBXCORE_SET_SOP
  -------         PROC          USBXCORE_USB_ISR
  C:1B02H         LINE#         699
  C:1B1FH         LINE#         702
  C:1B25H         LINE#         703
  C:1B38H         LINE#         706
  C:1B4BH         LINE#         709
  C:1B4FH         LINE#         710
  C:1B4FH         LINE#         711
  C:1B5AH         LINE#         712
  C:1B5AH         LINE#         714
  C:1B61H         LINE#         715
  C:1B61H         LINE#         716
  C:1B64H         LINE#         717
  C:1B64H         LINE#         719
  C:1B6BH         LINE#         720
  C:1B6BH         LINE#         721
  C:1B78H         LINE#         722
  C:1B78H         LINE#         723
  C:1B7FH         LINE#         724
  C:1B7FH         LINE#         725
  C:1B7FH         LINE#         727
  C:1B7FH         LINE#         728
  C:1B7FH         LINE#         730
  C:1B7FH         LINE#         732
  C:1B92H         LINE#         734
  C:1B96H         LINE#         735
  C:1B96H         LINE#         736
BL51 BANKED LINKER/LOCATER V6.22                                                      05/18/2019  22:11:21  PAGE 46


  C:1B99H         LINE#         737
  C:1B99H         LINE#         740
  C:1BA0H         LINE#         741
  C:1BA0H         LINE#         742
  C:1BABH         LINE#         748
  C:1BBEH         LINE#         749
  C:1BC3H         LINE#         750
  C:1BC3H         LINE#         751
  C:1BCAH         LINE#         752
  C:1BCAH         LINE#         754
  C:1BCAH         LINE#         756
  C:1BDDH         LINE#         759
  C:1BE1H         LINE#         760
  C:1BE1H         LINE#         761
  C:1BECH         LINE#         767
  C:1BFFH         LINE#         768
  C:1C03H         LINE#         769
  C:1C03H         LINE#         770
  C:1C0AH         LINE#         771
  C:1C0AH         LINE#         772
  C:1C0AH         LINE#         775
  C:1C18H         LINE#         776
  C:1C1DH         LINE#         777
  C:1C23H         LINE#         778
  C:1C28H         LINE#         781
  C:1C35H         LINE#         782
  C:1C35H         LINE#         783
  C:1C38H         LINE#         784
  C:1C38H         LINE#         785
  -------         ENDPROC       USBXCORE_USB_ISR
  -------         ENDMOD        USB_API

  -------         MODULE        USB_SUSPEND
  C:0000H         SYMBOL        _ICE_DUMMY_
  D:00D7H         PUBLIC        USB0XCN
  D:00C9H         PUBLIC        REG0CN
  C:373DH         PUBLIC        USB_Suspend
  D:00A9H         PUBLIC        CLKSEL
  D:00B2H         PUBLIC        OSCICN
  D:00B9H         PUBLIC        CLKMUL
  -------         PROC          USB_SUSPEND
  C:373DH         LINE#         70
  C:373DH         LINE#         72
  C:3740H         LINE#         74
  C:3743H         LINE#         76
  C:374BH         LINE#         79
  C:374EH         LINE#         80
  C:3751H         LINE#         81
  C:3754H         LINE#         82
  C:3757H         LINE#         84
  C:3758H         LINE#         86
  C:375BH         LINE#         88
  C:3761H         LINE#         92
  C:3764H         LINE#         94
  C:3767H         LINE#         95
  -------         ENDPROC       USB_SUSPEND
  -------         ENDMOD        USB_SUSPEND
BL51 BANKED LINKER/LOCATER V6.22                                                      05/18/2019  22:11:21  PAGE 47



  -------         MODULE        USB_INT_ENABLE
  C:0000H         SYMBOL        _ICE_DUMMY_
  C:385AH         PUBLIC        USB_Int_Enable
  D:0096H         PUBLIC        USB0ADR
  D:0097H         PUBLIC        USB0DAT
  -------         PROC          USB_INT_ENABLE
  C:385AH         LINE#         68
  C:385AH         LINE#         71
  C:3861H         LINE#         73
  C:3867H         LINE#         74
  C:3867H         LINE#         75
  C:3872H         LINE#         77
  C:3872H         LINE#         78
  -------         ENDPROC       USB_INT_ENABLE
  -------         ENDMOD        USB_INT_ENABLE

  -------         MODULE        USB_CLOCK_RECOVERY
  C:0000H         SYMBOL        _ICE_DUMMY_
  C:38E5H         PUBLIC        USBXcore_ClkRec
  D:0096H         PUBLIC        USB0ADR
  D:0097H         PUBLIC        USB0DAT
  -------         PROC          USBXCORE_CLKREC
  C:38E5H         LINE#         45
  C:38E5H         LINE#         47
  C:38F0H         LINE#         48
  -------         ENDPROC       USBXCORE_CLKREC
  -------         ENDMOD        USB_CLOCK_RECOVERY

  -------         MODULE        ?C?FPMUL
  C:0C99H         PUBLIC        ?C?FPMUL
  -------         ENDMOD        ?C?FPMUL

  -------         MODULE        ?C?FCAST
  C:0DA9H         PUBLIC        ?C?FCASTC
  C:0DA4H         PUBLIC        ?C?FCASTI
  C:0D9FH         PUBLIC        ?C?FCASTL
  -------         ENDMOD        ?C?FCAST

  -------         MODULE        ?C?CASTF
  C:0DDDH         PUBLIC        ?C?CASTF
  -------         ENDMOD        ?C?CASTF

  -------         MODULE        ?C?COPY
  C:0F2EH         PUBLIC        ?C?COPY
  -------         ENDMOD        ?C?COPY

  -------         MODULE        ?C?CLDPTR
  C:0F54H         PUBLIC        ?C?CLDPTR
  -------         ENDMOD        ?C?CLDPTR

  -------         MODULE        ?C?CLDOPTR
  C:0F6DH         PUBLIC        ?C?CLDOPTR
  -------         ENDMOD        ?C?CLDOPTR

  -------         MODULE        ?C?IMUL
  C:0F9AH         PUBLIC        ?C?IMUL
BL51 BANKED LINKER/LOCATER V6.22                                                      05/18/2019  22:11:21  PAGE 48


  -------         ENDMOD        ?C?IMUL

  -------         MODULE        ?C?IILDX
  C:0FACH         PUBLIC        ?C?IILDX
  -------         ENDMOD        ?C?IILDX

  -------         MODULE        ?C?LMUL
  C:0FC2H         PUBLIC        ?C?LMUL
  -------         ENDMOD        ?C?LMUL

  -------         MODULE        ?C?ULDIV
  C:104DH         PUBLIC        ?C?ULDIV
  -------         ENDMOD        ?C?ULDIV

  -------         MODULE        ?C?LNEG
  C:10DFH         PUBLIC        ?C?LNEG
  -------         ENDMOD        ?C?LNEG

  -------         MODULE        ?C?ULCMP
  C:10EDH         PUBLIC        ?C?ULCMP
  -------         ENDMOD        ?C?ULCMP

  -------         MODULE        ?C?ULSHR
  C:10FEH         PUBLIC        ?C?ULSHR
  -------         ENDMOD        ?C?ULSHR

  -------         MODULE        ?C?LSHL
  C:1111H         PUBLIC        ?C?LSHL
  -------         ENDMOD        ?C?LSHL

  -------         MODULE        ?C?LLDIPDATA
  C:112DH         PUBLIC        ?C?LLDIPDATA
  C:1124H         PUBLIC        ?C?LLDIPDATA1
  C:1126H         PUBLIC        ?C?LLDIPDATA8
  -------         ENDMOD        ?C?LLDIPDATA

  -------         MODULE        ?C?LSTXDATA
  C:1144H         PUBLIC        ?C?LSTXDATA
  -------         ENDMOD        ?C?LSTXDATA

  -------         MODULE        ?C?LSTPDATA
  C:1150H         PUBLIC        ?C?LSTPDATA
  -------         ENDMOD        ?C?LSTPDATA

  -------         MODULE        ?C?LSTKXDATA
  C:115CH         PUBLIC        ?C?LSTKXDATA
  -------         ENDMOD        ?C?LSTKXDATA

  -------         MODULE        ?C?LSTKPDATA
  C:118DH         PUBLIC        ?C?LSTKPDATA
  -------         ENDMOD        ?C?LSTKPDATA

  -------         MODULE        ?C_PBP
  D:0008H         PUBLIC        ?C_PBP
  -------         ENDMOD        ?C_PBP

*** WARNING L14: INCOMPATIBLE MEMORY MODEL
BL51 BANKED LINKER/LOCATER V6.22                                                      05/18/2019  22:11:21  PAGE 49


    MODULE:  .\USBX_F34X.LIB (USB_API)
    MODEL:   SMALL

*** WARNING L14: INCOMPATIBLE MEMORY MODEL
    MODULE:  .\USBX_F34X.LIB (USB_SUSPEND)
    MODEL:   SMALL

*** WARNING L14: INCOMPATIBLE MEMORY MODEL
    MODULE:  .\USBX_F34X.LIB (USB_INT_ENABLE)
    MODEL:   SMALL

*** WARNING L14: INCOMPATIBLE MEMORY MODEL
    MODULE:  .\USBX_F34X.LIB (USB_CLOCK_RECOVERY)
    MODEL:   SMALL

*** WARNING L16: UNCALLED SEGMENT, IGNORED FOR OVERLAY PROCESS
    SEGMENT: ?PR?SD_INIT?MMC_SD

*** WARNING L16: UNCALLED SEGMENT, IGNORED FOR OVERLAY PROCESS
    SEGMENT: ?PR?_DISPPICFROMSD?LCD

*** WARNING L16: UNCALLED SEGMENT, IGNORED FOR OVERLAY PROCESS
    SEGMENT: ?PR?DISPSCALEHOR1?LCD

*** WARNING L16: UNCALLED SEGMENT, IGNORED FOR OVERLAY PROCESS
    SEGMENT: ?PR?DISPSCALEVER?LCD

*** WARNING L16: UNCALLED SEGMENT, IGNORED FOR OVERLAY PROCESS
    SEGMENT: ?PR?DISPSCALEVER_RED?LCD

*** WARNING L16: UNCALLED SEGMENT, IGNORED FOR OVERLAY PROCESS
    SEGMENT: ?PR?DISPSCALEVER_GREEN?LCD

*** WARNING L16: UNCALLED SEGMENT, IGNORED FOR OVERLAY PROCESS
    SEGMENT: ?PR?DISPSCALEVER_BLUE?LCD

*** WARNING L16: UNCALLED SEGMENT, IGNORED FOR OVERLAY PROCESS
    SEGMENT: ?PR?DISPSCALEVER_GRAY?LCD

*** WARNING L16: UNCALLED SEGMENT, IGNORED FOR OVERLAY PROCESS
    SEGMENT: ?PR?DISPGRAYHOR32?LCD

*** WARNING L16: UNCALLED SEGMENT, IGNORED FOR OVERLAY PROCESS
    SEGMENT: ?PR?DISPSCALEHOR2?LCD

*** WARNING L16: UNCALLED SEGMENT, IGNORED FOR OVERLAY PROCESS
    SEGMENT: ?PR?_DRAWGIRD?LCD

*** WARNING L15: MULTIPLE CALL TO SEGMENT
    SEGMENT: ?PR?_WRITECOMM?LCD
    CALLER1: ?PR?USB_API_TEST_ISR?MAIN
    CALLER2: ?C_C51STARTUP

*** WARNING L15: MULTIPLE CALL TO SEGMENT
    SEGMENT: ?PR?_WRITEDATA?LCD
    CALLER1: ?PR?USB_API_TEST_ISR?MAIN
    CALLER2: ?C_C51STARTUP
BL51 BANKED LINKER/LOCATER V6.22                                                      05/18/2019  22:11:21  PAGE 50



Program Size: data=10.0 xdata=1213 code=14599
LINK/LOCATE RUN COMPLETE.  17 WARNING(S),  0 ERROR(S)
