BL51 BANKED LINKER/LOCATER V6.22                                                        07/13/2019  09:19:47  PAGE 1


BL51 BANKED LINKER/LOCATER V6.22, INVOKED BY:
C:\KEIL\C51\BIN\BL51.EXE main.obj, mmc_sd.obj, lcd.obj, tp.obj, .\USBX_F34X.LIB TO GC9203_IVO22_3W1L RAMSIZE (256)


MEMORY MODEL: COMPACT WITH FLOATING POINT ARITHMETIC


INPUT MODULES INCLUDED:
  main.obj (MAIN)
  mmc_sd.obj (MMC_SD)
  lcd.obj (LCD)
  tp.obj (TP)
  .\USBX_F34X.LIB (USB_API)
  .\USBX_F34X.LIB (USB_CLOCK_START)
  .\USBX_F34X.LIB (USB_SUSPEND)
  .\USBX_F34X.LIB (GET_INTERRUPT_SOURCE)
  .\USBX_F34X.LIB (BLOCK_READ)
  .\USBX_F34X.LIB (BLOCK_WRITE)
  .\USBX_F34X.LIB (USB_INT_ENABLE)
  .\USBX_F34X.LIB (USB_CLOCK_RECOVERY)
  .\USBX_F34X.LIB (USB_JUMP_ISR)
  C:\KEIL\C51\LIB\C51FPC.LIB (?C?FPMUL)
  C:\KEIL\C51\LIB\C51FPC.LIB (?C?FCAST)
  C:\KEIL\C51\LIB\C51FPC.LIB (?C?CASTF)
  C:\KEIL\C51\LIB\C51FPC.LIB (?C?FPGETOPN)
  C:\KEIL\C51\LIB\C51C.LIB (?C_STARTUP)
  C:\KEIL\C51\LIB\C51C.LIB (?C?COPY)
  C:\KEIL\C51\LIB\C51C.LIB (?C?CLDPTR)
  C:\KEIL\C51\LIB\C51C.LIB (?C?CLDOPTR)
  C:\KEIL\C51\LIB\C51C.LIB (?C?IMUL)
  C:\KEIL\C51\LIB\C51C.LIB (?C?IILDX)
  C:\KEIL\C51\LIB\C51C.LIB (?C?LMUL)
  C:\KEIL\C51\LIB\C51C.LIB (?C?ULDIV)
  C:\KEIL\C51\LIB\C51C.LIB (?C?LNEG)
  C:\KEIL\C51\LIB\C51C.LIB (?C?ULCMP)
  C:\KEIL\C51\LIB\C51C.LIB (?C?ULSHR)
  C:\KEIL\C51\LIB\C51C.LIB (?C?LSHL)
  C:\KEIL\C51\LIB\C51C.LIB (?C?LLDIPDATA)
  C:\KEIL\C51\LIB\C51C.LIB (?C?LSTXDATA)
  C:\KEIL\C51\LIB\C51C.LIB (?C?LSTPDATA)
  C:\KEIL\C51\LIB\C51C.LIB (?C?LSTKXDATA)
  C:\KEIL\C51\LIB\C51C.LIB (?C?LSTKPDATA)
  C:\KEIL\C51\LIB\C51C.LIB (?C_PBP)
  C:\KEIL\C51\LIB\C51C.LIB (?C_INIT)


LINK MAP OF MODULE:  GC9203_IVO22_3W1L (MAIN)


            TYPE    BASE      LENGTH    RELOCATION   SEGMENT NAME
            -----------------------------------------------------

            * * * * * * *   D A T A   M E M O R Y   * * * * * * *
            REG     0000H     0008H     ABSOLUTE     "REG BANK 0"
            DATA    0008H     0001H     UNIT         ?C?LIB_DATA
            IDATA   0009H     0001H     UNIT         ?STACK

            * * * * * * *  X D A T A   M E M O R Y  * * * * * * *
BL51 BANKED LINKER/LOCATER V6.22                                                      07/13/2019  09:19:47  PAGE 2


            XDATA   0000H     0010H     INPAGE       ?PD?MAIN
            XDATA   0010H     0004H     INPAGE       ?PD?_MMC_SD_READSINGLEBLOCK?MMC_SD
            XDATA   0014H     000CH     INPAGE       ?PD?_DISPPICFROMSD?LCD
            XDATA   0020H     0004H     INPAGE       ?PD?DISPSCALEHOR1?LCD
            XDATA   0024H     0004H     INPAGE       ?PD?DISPSCALEVER?LCD
            XDATA   0028H     0004H     INPAGE       ?PD?DISPSCALEVER_RED?LCD
            XDATA   002CH     0004H     INPAGE       ?PD?DISPSCALEVER_GREEN?LCD
            XDATA   0030H     0004H     INPAGE       ?PD?DISPSCALEVER_BLUE?LCD
            XDATA   0034H     0004H     INPAGE       ?PD?DISPSCALEVER_GRAY?LCD
            XDATA   0038H     0004H     INPAGE       ?PD?DISPGRAYHOR32?LCD
            XDATA   003CH     0002H     INPAGE       ?PD?DISPSCALEHOR2?LCD
            XDATA   003EH     000CH     INPAGE       ?PD?_DRAWLINE?LCD
            XDATA   004AH     0004H     INPAGE       ?PD?_DRAWGIRD?LCD
            XDATA   004EH     0002H     INPAGE       ?PD?LCD
            XDATA   0050H     0024H     INPAGE       _PDATA_GROUP_
            XDATA   0074H     0200H     UNIT         ?XD?MMC_SD
            XDATA   0274H     0058H     UNIT         _XDATA_GROUP_
            XDATA   02CCH     0040H     UNIT         ?XD?MAIN
                    030CH     0334H                  *** GAP ***
            XDATA   0640H     0100H     ABSOLUTE     
            XDATA   0740H     0012H     ABSOLUTE     
            XDATA   0752H     0020H     ABSOLUTE     
            XDATA   0772H     000CH     ABSOLUTE     
            XDATA   077EH     0008H     ABSOLUTE     
            XDATA   0786H     0001H     ABSOLUTE     
            XDATA   0787H     0003H     ABSOLUTE     
            XDATA   078AH     0002H     ABSOLUTE     
            XDATA   078CH     0002H     ABSOLUTE     
            XDATA   078EH     0003H     ABSOLUTE     
            XDATA   0791H     0001H     ABSOLUTE     
            XDATA   0792H     0001H     ABSOLUTE     
            XDATA   0793H     0001H     ABSOLUTE     
            XDATA   0794H     0001H     ABSOLUTE     
            XDATA   0795H     0002H     ABSOLUTE     
            XDATA   0797H     0002H     ABSOLUTE     
            XDATA   0799H     0001H     ABSOLUTE     
            XDATA   079AH     0001H     ABSOLUTE     
            XDATA   079BH     0001H     ABSOLUTE     
            XDATA   079CH     0001H     ABSOLUTE     
            XDATA   079DH     0001H     ABSOLUTE     
            XDATA   079EH     0001H     ABSOLUTE     
            XDATA   079FH     0002H     ABSOLUTE     
            XDATA   07A1H     0001H     ABSOLUTE     
            XDATA   07A2H     0001H     ABSOLUTE     
            XDATA   07A3H     000CH     ABSOLUTE     
                    07AFH     0011H                  *** GAP ***
            XDATA   07C0H     0040H     ABSOLUTE     

            * * * * * * *   C O D E   M E M O R Y   * * * * * * *
            CODE    0000H     0003H     ABSOLUTE     
            CODE    0003H     003AH     UNIT         ?CO?USB_API
            CODE    003DH     0003H     UNIT         ?PR?SUSPEND_DEVICE?MAIN
                    0040H     0003H                  *** GAP ***
            CODE    0043H     0003H     ABSOLUTE     
            CODE    0046H     0043H     UNIT         ?PR?MCU_INIT?MAIN
                    0089H     0002H                  *** GAP ***
            CODE    008BH     0003H     ABSOLUTE     
BL51 BANKED LINKER/LOCATER V6.22                                                      07/13/2019  09:19:47  PAGE 3


            CODE    008EH     060BH     UNIT         ?PR?CONNTOUSB?MAIN
            CODE    0699H     0600H     UNIT         ?CO?LCD
            CODE    0C99H     050DH     UNIT         ?C?LIB_CODE
            CODE    11A6H     0233H     UNIT         ?PR?USBXCORE_HANDLE_SETUP?USB_API
            CODE    13D9H     0228H     UNIT         ?PR?DISPSCALEHOR1?LCD
            CODE    1601H     01D0H     UNIT         ?PR?LCD_INIT?LCD
            CODE    17D1H     01BAH     UNIT         ?PR?DISPSCALEHOR2?LCD
            CODE    198BH     019EH     UNIT         ?PR?TP_DRAWLINE?TP
            CODE    1B29H     0151H     UNIT         ?PR?USBXCORE_USB_ISR?USB_API
            CODE    1C7AH     0150H     UNIT         ?PR?DISPBAND?LCD
            CODE    1DCAH     0142H     UNIT         ?PR?_LCD_READ_IC_ID?LCD
            CODE    1F0CH     013BH     UNIT         ?PR?USB_API_TEST_ISR?MAIN
            CODE    2047H     0137H     UNIT         ?PR?_USB_INIT?USB_API
            CODE    217EH     0128H     UNIT         ?PR?DISPSCALEVER?LCD
            CODE    22A6H     011BH     UNIT         ?PR?_TP_GETPOSITION?TP
            CODE    23C1H     0111H     UNIT         ?PR?_BLOCK_WRITE?BLOCK_WRITE
            CODE    24D2H     00E6H     UNIT         ?PR?_DISPPICFROMSD?LCD
            CODE    25B8H     00CDH     UNIT         ?PR?USBXCORE_VENDOR_USB_API?USB_API
            CODE    2685H     00C8H     UNIT         ?PR?_DISPONECHAR?LCD
            CODE    274DH     00B7H     UNIT         ?PR?MMC_SD_RESET?MMC_SD
            CODE    2804H     00B3H     UNIT         ?PR?_DISPINT?LCD
            CODE    28B7H     00B2H     UNIT         ?PR?USBXCORE_GET_DESCRIPTOR?USB_API
            CODE    2969H     00AFH     UNIT         ?PR?_BLOCK_READ?BLOCK_READ
            CODE    2A18H     00AAH     UNIT         ?PR?DISPFRAME?LCD
            CODE    2AC2H     00A0H     UNIT         ?PR?DISPSCALEVER_GREEN?LCD
            CODE    2B62H     009BH     UNIT         ?PR?DISPGRAYHOR16?LCD
            CODE    2BFDH     0096H     UNIT         ?PR?_DISPSTR?LCD
            CODE    2C93H     0092H     UNIT         ?PR?_?BLOCKWRITE?LCD
            CODE    2D25H     0091H     UNIT         ?PR?DISPSCALEVER_RED?LCD
            CODE    2DB6H     0091H     UNIT         ?PR?DISPSCALEVER_GRAY?LCD
            CODE    2E47H     008FH     UNIT         ?PR?_DRAWGIRD?LCD
            CODE    2ED6H     008CH     UNIT         ?C_C51STARTUP
            CODE    2F62H     0086H     UNIT         ?PR?DISPSCALEVER_BLUE?LCD
            CODE    2FE8H     0086H     UNIT         ?PR?_DRAWLINE?LCD
            CODE    306EH     007DH     UNIT         ?PR?_MMC_SD_WRITESINGLEBLOCK?MMC_SD
            CODE    30EBH     0076H     UNIT         ?PR?DISPGRAYHOR32?LCD
            CODE    3161H     0075H     UNIT         ?PR?_MMC_SD_SENDCOMMAND?MMC_SD
            CODE    31D6H     0073H     UNIT         ?PR?TP_READ?TP
            CODE    3249H     0073H     UNIT         ?PR?USBXCORE_GET_STATUS?USB_API
            CODE    32BCH     006CH     UNIT         ?PR?DEVICES_INIT?MAIN
            CODE    3328H     0064H     UNIT         ?PR?_MMC_SD_READSINGLEBLOCK?MMC_SD
            CODE    338CH     005BH     UNIT         ?PR?_TOORD?LCD
            CODE    33E7H     005AH     UNIT         ?PR?USBXCORE_SET_CONFIGURATION?USB_API
            CODE    3441H     0058H     UNIT         ?PR?USBXCORE_CLEAR_FEATURE?USB_API
            CODE    3499H     0057H     UNIT         ?PR?USBXCORE_SET_FEATURE?USB_API
            CODE    34F0H     0056H     UNIT         ?PR?_WRITEDATA?LCD
            CODE    3546H     0055H     UNIT         ?PR?_STOPDELAY?MAIN
            CODE    359BH     0052H     UNIT         ?PR?_PUTPIXEL?LCD
            CODE    35EDH     0050H     UNIT         ?CO?MAIN
            CODE    363DH     0048H     UNIT         ?PR?_WRITEDISPDATA?LCD
            CODE    3685H     0047H     UNIT         ?PR?USBXCORE_GET_CONFIGURATION?USB_API
            CODE    36CCH     0043H     UNIT         ?PR?_DISPCOLOR?LCD
            CODE    370FH     0038H     UNIT         ?PR?USB_CLOCK_START?USB_CLOCK_START
            CODE    3747H     002FH     UNIT         ?PR?_WRITECOMM?LCD
            CODE    3776H     002DH     UNIT         ?C_INITSEG
            CODE    37A3H     002BH     UNIT         ?PR?USB_SUSPEND?USB_SUSPEND
            CODE    37CEH     0027H     UNIT         ?PR?MAIN?MAIN
BL51 BANKED LINKER/LOCATER V6.22                                                      07/13/2019  09:19:47  PAGE 4


            CODE    37F5H     0027H     UNIT         ?PR?USBXCORE_USB_RESET?USB_API
            CODE    381CH     0027H     UNIT         ?PR?USBXCORE_GET_INTERFACE?USB_API
            CODE    3843H     0026H     UNIT         ?PR?_TP_WRITE?TP
            CODE    3869H     0022H     UNIT         ?PR?USBXCORE_JUMP_ISR?USB_JUMP_ISR
            CODE    388BH     0020H     UNIT         ?PR?USBXCORE_SET_ADDRESS?USB_API
            CODE    38ABH     001FH     UNIT         ?PR?_DELAY?MAIN
            CODE    38CAH     001DH     UNIT         ?PR?USBXCORE_FORCE_STALL?USB_API
            CODE    38E7H     0019H     UNIT         ?PR?USB_INT_ENABLE?USB_INT_ENABLE
            CODE    3900H     0016H     UNIT         ?PR?_SPI_WRITEBYTE?MMC_SD
            CODE    3916H     0016H     UNIT         ?PR?READDATA?LCD
            CODE    392CH     0014H     UNIT         ?PR?USBXCORE_SET_SOP?USB_API
            CODE    3940H     0013H     UNIT         ?PR?WAITKEY?MAIN
            CODE    3953H     0011H     UNIT         ?PR?SD_INIT?MMC_SD
            CODE    3964H     000EH     UNIT         ?PR?GET_INTERRUPT_SOURCE?GET_INTERRUPT_SOURCE
            CODE    3972H     000CH     UNIT         ?PR?USBXCORE_CLKREC?USB_CLOCK_RECOVERY
            CODE    397EH     000BH     UNIT         ?PR?SPI_READBYTE?MMC_SD
            CODE    3989H     0009H     UNIT         ?PR?_WRITEONEDOT?LCD



OVERLAY MAP OF MODULE:   GC9203_IVO22_3W1L (MAIN)


SEGMENT                                            PDATA_GROUP         XDATA_GROUP
  +--> CALLED SEGMENT                            START    LENGTH     START    LENGTH
------------------------------------------------------------------------------------
?PR?USB_API_TEST_ISR?MAIN                        0050H    0001H      -----    -----
  +--> ?PR?GET_INTERRUPT_SOURCE?GET_INTERRUP...
  +--> ?PR?_BLOCK_READ?BLOCK_READ
  +--> ?PR?SUSPEND_DEVICE?MAIN
  +--> ?PR?MCU_INIT?MAIN
  +--> ?PR?_?BLOCKWRITE?LCD

?PR?SUSPEND_DEVICE?MAIN                          -----    -----      -----    -----
  +--> ?PR?USB_SUSPEND?USB_SUSPEND

?PR?USB_SUSPEND?USB_SUSPEND                      -----    -----      -----    -----
  +--> ?PR?USB_CLOCK_START?USB_CLOCK_START

?PR?_?BLOCKWRITE?LCD                             -----    -----      -----    -----
  +--> ?PR?_WRITECOMM?LCD
  +--> ?PR?_WRITEDATA?LCD

?PR?_WRITECOMM?LCD                               0073H    0001H      -----    -----

*** NEW ROOT ***************************************************

?PR?USBXCORE_USB_ISR?USB_API                     -----    -----      -----    -----
  +--> ?PR?USBXCORE_USB_RESET?USB_API
  +--> ?PR?USBXCORE_HANDLE_SETUP?USB_API
  +--> ?PR?USBXCORE_JUMP_ISR?USB_JUMP_ISR

?PR?USBXCORE_HANDLE_SETUP?USB_API                -----    -----      -----    -----
  +--> ?PR?USBXCORE_GET_STATUS?USB_API
  +--> ?PR?USBXCORE_CLEAR_FEATURE?USB_API
  +--> ?PR?USBXCORE_VENDOR_USB_API?USB_API
  +--> ?PR?USBXCORE_SET_FEATURE?USB_API
BL51 BANKED LINKER/LOCATER V6.22                                                      07/13/2019  09:19:47  PAGE 5


  +--> ?PR?USBXCORE_SET_ADDRESS?USB_API
  +--> ?PR?USBXCORE_GET_DESCRIPTOR?USB_API
  +--> ?PR?USBXCORE_GET_CONFIGURATION?USB_API
  +--> ?PR?USBXCORE_SET_CONFIGURATION?USB_API
  +--> ?PR?USBXCORE_GET_INTERFACE?USB_API
  +--> ?PR?USBXCORE_SET_SOP?USB_API
  +--> ?PR?USBXCORE_FORCE_STALL?USB_API

?PR?USBXCORE_GET_STATUS?USB_API                  -----    -----      -----    -----
  +--> ?CO?USB_API
  +--> ?PR?USBXCORE_FORCE_STALL?USB_API
  +--> ?PR?USBXCORE_SET_SOP?USB_API

?PR?USBXCORE_CLEAR_FEATURE?USB_API               -----    -----      -----    -----
  +--> ?PR?USBXCORE_FORCE_STALL?USB_API
  +--> ?PR?USBXCORE_SET_SOP?USB_API

?PR?USBXCORE_VENDOR_USB_API?USB_API              -----    -----      -----    -----
  +--> ?PR?USBXCORE_SET_SOP?USB_API

?PR?USBXCORE_SET_FEATURE?USB_API                 -----    -----      -----    -----
  +--> ?PR?USBXCORE_FORCE_STALL?USB_API
  +--> ?PR?USBXCORE_SET_SOP?USB_API

?PR?USBXCORE_SET_ADDRESS?USB_API                 -----    -----      -----    -----
  +--> ?PR?USBXCORE_SET_SOP?USB_API

?PR?USBXCORE_GET_DESCRIPTOR?USB_API              -----    -----      -----    -----
  +--> ?PR?USBXCORE_FORCE_STALL?USB_API
  +--> ?PR?USBXCORE_SET_SOP?USB_API

?PR?USBXCORE_GET_CONFIGURATION?USB_API           -----    -----      -----    -----
  +--> ?CO?USB_API
  +--> ?PR?USBXCORE_SET_SOP?USB_API

?PR?USBXCORE_SET_CONFIGURATION?USB_API           -----    -----      -----    -----
  +--> ?PR?USBXCORE_SET_SOP?USB_API

?PR?USBXCORE_GET_INTERFACE?USB_API               -----    -----      -----    -----
  +--> ?CO?USB_API
  +--> ?PR?USBXCORE_SET_SOP?USB_API

*** NEW ROOT ***************************************************

?C_C51STARTUP                                    -----    -----      -----    -----
  +--> ?PR?MAIN?MAIN
  +--> ?C_INITSEG

?PR?MAIN?MAIN                                    -----    -----      -----    -----
  +--> ?PR?DEVICES_INIT?MAIN
  +--> ?PR?DISPFRAME?LCD
  +--> ?PR?_STOPDELAY?MAIN
  +--> ?PR?DISPBAND?LCD
  +--> ?PR?DISPGRAYHOR16?LCD
  +--> ?PR?_DISPCOLOR?LCD
  +--> ?PR?TP_DRAWLINE?TP

BL51 BANKED LINKER/LOCATER V6.22                                                      07/13/2019  09:19:47  PAGE 6


?PR?DEVICES_INIT?MAIN                            -----    -----      -----    -----
  +--> ?PR?MCU_INIT?MAIN
  +--> ?PR?USB_CLOCK_START?USB_CLOCK_START
  +--> ?CO?MAIN
  +--> ?PR?_USB_INIT?USB_API
  +--> ?PR?USB_INT_ENABLE?USB_INT_ENABLE
  +--> ?PR?LCD_INIT?LCD

?PR?_USB_INIT?USB_API                            -----    -----      0274H    0011H
  +--> ?CO?USB_API
  +--> ?PR?USBXCORE_CLKREC?USB_CLOCK_RECOVERY

?PR?LCD_INIT?LCD                                 -----    -----      -----    -----
  +--> ?PR?READDATA?LCD
  +--> ?PR?_DELAY?MAIN
  +--> ?PR?_WRITECOMM?LCD
  +--> ?PR?_WRITEDATA?LCD

?PR?READDATA?LCD                                 -----    -----      -----    -----
  +--> ?PR?_LCD_READ_IC_ID?LCD

?PR?_LCD_READ_IC_ID?LCD                          005BH    0008H      -----    -----

?PR?DISPFRAME?LCD                                0052H    0002H      -----    -----
  +--> ?PR?_?BLOCKWRITE?LCD
  +--> ?PR?_WRITEDISPDATA?LCD

?PR?_STOPDELAY?MAIN                              0052H    0004H      -----    -----
  +--> ?PR?WAITKEY?MAIN
  +--> ?PR?_DELAY?MAIN

?PR?WAITKEY?MAIN                                 -----    -----      -----    -----
  +--> ?PR?CONNTOUSB?MAIN
  +--> ?PR?_DELAY?MAIN

?PR?CONNTOUSB?MAIN                               0056H    0005H      0274H    0058H
  +--> ?CO?MAIN
  +--> ?PR?_WRITECOMM?LCD
  +--> ?PR?_WRITEDATA?LCD
  +--> ?PR?_DISPSTR?LCD
  +--> ?PR?_DISPINT?LCD
  +--> ?PR?_WRITEDISPDATA?LCD
  +--> ?PR?_MMC_SD_WRITESINGLEBLOCK?MMC_SD
  +--> ?PR?_BLOCK_WRITE?BLOCK_WRITE
  +--> ?PR?READDATA?LCD
  +--> ?PR?_DELAY?MAIN

?PR?_DISPSTR?LCD                                 005BH    000BH      -----    -----
  +--> ?PR?_TOORD?LCD
  +--> ?PR?_DISPONECHAR?LCD

?PR?_DISPONECHAR?LCD                             0066H    000DH      -----    -----
  +--> ?PR?_?BLOCKWRITE?LCD
  +--> ?CO?LCD
  +--> ?PR?_WRITEONEDOT?LCD

?PR?_WRITEONEDOT?LCD                             -----    -----      -----    -----
BL51 BANKED LINKER/LOCATER V6.22                                                      07/13/2019  09:19:47  PAGE 7


  +--> ?PR?_WRITEDISPDATA?LCD

?PR?_DISPINT?LCD                                 005BH    000AH      -----    -----
  +--> ?PR?_DISPONECHAR?LCD

?PR?_MMC_SD_WRITESINGLEBLOCK?MMC_SD              005BH    0004H      -----    -----
  +--> ?PR?_MMC_SD_SENDCOMMAND?MMC_SD
  +--> ?PR?_SPI_WRITEBYTE?MMC_SD

?PR?_MMC_SD_SENDCOMMAND?MMC_SD                   005FH    0005H      -----    -----
  +--> ?PR?_SPI_WRITEBYTE?MMC_SD

?PR?DISPBAND?LCD                                 0052H    0004H      -----    -----
  +--> ?PR?_?BLOCKWRITE?LCD
  +--> ?PR?_WRITEDISPDATA?LCD

?PR?DISPGRAYHOR16?LCD                            0052H    0004H      -----    -----
  +--> ?PR?_?BLOCKWRITE?LCD
  +--> ?PR?_WRITEDISPDATA?LCD

?PR?_DISPCOLOR?LCD                               0052H    0003H      -----    -----
  +--> ?PR?_?BLOCKWRITE?LCD
  +--> ?PR?_WRITEDISPDATA?LCD

?PR?TP_DRAWLINE?TP                               -----    -----      0274H    0018H
  +--> ?PR?_DISPCOLOR?LCD
  +--> ?PR?_DELAY?MAIN
  +--> ?PR?_TP_GETPOSITION?TP
  +--> ?PR?_PUTPIXEL?LCD

?PR?_TP_GETPOSITION?TP                           -----    -----      028CH    001BH
  +--> ?PR?_TP_WRITE?TP
  +--> ?PR?TP_READ?TP

?PR?_TP_WRITE?TP                                 -----    -----      02A7H    0001H

?PR?TP_READ?TP                                   -----    -----      02A7H    0005H

?PR?_PUTPIXEL?LCD                                0052H    0002H      -----    -----
  +--> ?PR?_?BLOCKWRITE?LCD
  +--> ?PR?_WRITEDISPDATA?LCD



SYMBOL TABLE OF MODULE:  GC9203_IVO22_3W1L (MAIN)

  VALUE           TYPE          NAME
  ----------------------------------

  -------         MODULE        MAIN
  C:0000H         SYMBOL        _ICE_DUMMY_
  D:0080H         PUBLIC        P0
  X:0000H         PUBLIC        f_down
  D:0090H         PUBLIC        P1
  D:00A0H         PUBLIC        P2
  D:00B0H         PUBLIC        P3
  C:3638H         PUBLIC        USB_MaxPower
BL51 BANKED LINKER/LOCATER V6.22                                                      07/13/2019  09:19:47  PAGE 8


  B:00B0H.6       PUBLIC        KEY_STEP
  D:00A4H         PUBLIC        P0MDOUT
  D:00A5H         PUBLIC        P1MDOUT
  D:00A6H         PUBLIC        P2MDOUT
  D:00A7H         PUBLIC        P3MDOUT
  D:00AEH         PUBLIC        P4MDOUT
  B:0080H.6       PUBLIC        OE
  D:00D9H         PUBLIC        PCA0MD
  C:1F0CH         PUBLIC        USB_API_TEST_ISR
  C:003DH         PUBLIC        Suspend_Device
  C:354AH         PUBLIC        _StopDelay
  D:00E1H         PUBLIC        XBR0
  D:00E2H         PUBLIC        XBR1
  B:00B0H.1       PUBLIC        RS
  C:37CEH         PUBLIC        main
  X:0001H         PUBLIC        VerifyCode0
  X:0002H         PUBLIC        VerifyCode1
  C:3602H         PUBLIC        USB_PID
  X:0003H         PUBLIC        VerifyCode2
  D:00F1H         PUBLIC        P0MDIN
  D:00F2H         PUBLIC        P1MDIN
  C:3604H         PUBLIC        USB_MfrStr
  D:00F4H         PUBLIC        P3MDIN
  C:3600H         PUBLIC        USB_VID
  D:00F8H         PUBLIC        SPI0CN
  X:0004H         PUBLIC        pic
  C:32BCH         PUBLIC        Devices_Init
  C:008EH         PUBLIC        ConnToUSB
  D:00A9H         PUBLIC        CLKSEL
  D:00B2H         PUBLIC        OSCICN
  C:3639H         PUBLIC        USB_PwAttributes
  C:3940H         PUBLIC        WaitKey
  C:363CH         SYMBOL        _?ix1000
  B:00B0H.0       PUBLIC        CS0
  X:0005H         PUBLIC        bf
  C:363AH         PUBLIC        USB_bcdDevice
  D:00B9H         PUBLIC        CLKMUL
  X:0007H         PUBLIC        f_debug
  X:0008H         PUBLIC        sd
  X:02CCH         PUBLIC        Packet
  C:0046H         PUBLIC        MCU_Init
  B:0080H.7       PUBLIC        DIR
  D:00EFH         PUBLIC        RSTSRC
  X:000CH         PUBLIC        f_read
  C:362EH         PUBLIC        USB_SerialStr
  X:000DH         PUBLIC        f_other
  C:361EH         PUBLIC        USB_ProductStr
  X:000EH         PUBLIC        f_para
  D:00A1H         PUBLIC        SPI0CFG
  C:38ABH         PUBLIC        _Delay
  B:00B0H.7       PUBLIC        KEY_Stop
  X:000FH         PUBLIC        f_init
  -------         PROC          MAIN
  C:37CEH         LINE#         40
  C:37CEH         LINE#         41
  C:37CEH         LINE#         46
  C:37D1H         LINE#         48
BL51 BANKED LINKER/LOCATER V6.22                                                      07/13/2019  09:19:47  PAGE 9


  C:37D4H         LINE#         49
  C:37D4H         LINE#         67
  C:37DAH         LINE#         72
  C:37E0H         LINE#         73
  C:37E6H         LINE#         74
  C:37EFH         LINE#         80
  C:37F2H         LINE#         82
  C:37F4H         LINE#         83
  -------         ENDPROC       MAIN
  -------         PROC          _DELAY
  D:0006H         SYMBOL        dly
  -------         DO            
  D:0004H         SYMBOL        i
  D:0002H         SYMBOL        j
  -------         ENDDO         
  C:38ABH         LINE#         86
  C:38ABH         LINE#         87
  C:38ABH         LINE#         90
  C:38B5H         LINE#         91
  C:38C9H         LINE#         92
  -------         ENDPROC       _DELAY
  C:3546H         SYMBOL        L?0133
  -------         PROC          L?0132
  -------         ENDPROC       L?0132
  C:3546H         SYMBOL        L?0133
  -------         PROC          _STOPDELAY
  X:0052H         SYMBOL        sdly
  -------         DO            
  D:0006H         SYMBOL        i
  D:0004H         SYMBOL        j
  X:0054H         SYMBOL        k
  -------         ENDDO         
  C:354AH         LINE#         94
  C:3551H         LINE#         95
  C:3551H         LINE#         97
  C:3556H         LINE#         98
  C:3556H         LINE#         99
  C:3559H         LINE#         100
  C:3559H         LINE#         101
  C:3566H         LINE#         102
  C:357AH         LINE#         103
  C:357AH         LINE#         105
  C:357AH         LINE#         106
  C:3584H         LINE#         107
  C:3584H         LINE#         108
  C:359AH         LINE#         109
  -------         ENDPROC       _STOPDELAY
  -------         PROC          WAITKEY
  C:3940H         LINE#         138
  C:3940H         LINE#         139
  C:3940H         LINE#         141
  C:3943H         LINE#         142
  C:3943H         LINE#         144
  C:3946H         LINE#         146
  C:3948H         LINE#         147
  C:394FH         LINE#         148
  C:3952H         LINE#         150
BL51 BANKED LINKER/LOCATER V6.22                                                      07/13/2019  09:19:47  PAGE 10


  -------         ENDPROC       WAITKEY
  -------         PROC          CONNTOUSB
  -------         DO            
  X:0056H         SYMBOL        i
  X:0274H         SYMBOL        reg_data
  X:028CH         SYMBOL        para_data
  D:0007H         SYMBOL        dat
  X:0057H         SYMBOL        reg_index
  X:0059H         SYMBOL        data_num
  X:005AH         SYMBOL        st
  -------         ENDDO         
  C:008EH         LINE#         155
  C:008EH         LINE#         156
  C:008EH         LINE#         163
  C:00A1H         LINE#         165
  C:00A9H         LINE#         166
  C:00A9H         LINE#         167
  C:00B7H         LINE#         168
  C:00B7H         LINE#         169
  C:00C8H         LINE#         170
  C:00C8H         LINE#         171
  C:00EEH         LINE#         172
  C:00F0H         LINE#         173
  C:0104H         LINE#         174
  C:0104H         LINE#         175
  C:012AH         LINE#         177
  C:012AH         LINE#         178
  C:012AH         LINE#         179
  C:012AH         LINE#         181
  C:012AH         LINE#         182
  C:0132H         LINE#         183
  C:013CH         LINE#         184
  C:0146H         LINE#         186
  C:0162H         LINE#         188
  C:016CH         LINE#         189
  C:016CH         LINE#         190
  C:017DH         LINE#         191
  C:017DH         LINE#         192
  C:018EH         LINE#         193
  C:018EH         LINE#         194
  C:01E1H         LINE#         195
  C:01E3H         LINE#         196
  C:01F9H         LINE#         197
  C:01F9H         LINE#         198
  C:024BH         LINE#         199
  C:024BH         LINE#         200
  C:024BH         LINE#         201
  C:024BH         LINE#         203
  C:024BH         LINE#         204
  C:0253H         LINE#         205
  C:0253H         LINE#         206
  C:025DH         LINE#         207
  C:0267H         LINE#         209
  C:026BH         LINE#         210
  C:026EH         LINE#         214
  C:0276H         LINE#         215
  C:0276H         LINE#         216
BL51 BANKED LINKER/LOCATER V6.22                                                      07/13/2019  09:19:47  PAGE 11


  C:0285H         LINE#         217
  C:0285H         LINE#         218
  C:0287H         LINE#         220
  C:0289H         LINE#         221
  C:02A5H         LINE#         222
  C:02A7H         LINE#         224
  C:02D0H         LINE#         225
  C:02F4H         LINE#         226
  C:02FEH         LINE#         227
  C:02FEH         LINE#         228
  C:0306H         LINE#         229
  C:030DH         LINE#         230
  C:0318H         LINE#         231
  C:031EH         LINE#         232
  C:031EH         LINE#         233
  C:0327H         LINE#         235
  C:032BH         LINE#         236
  C:0337H         LINE#         237
  C:033AH         LINE#         240
  C:0342H         LINE#         241
  C:0342H         LINE#         242
  C:034BH         LINE#         243
  C:034BH         LINE#         244
  C:035BH         LINE#         245
  C:035BH         LINE#         246
  C:035DH         LINE#         248
  C:035FH         LINE#         249
  C:037BH         LINE#         250
  C:037DH         LINE#         252
  C:03A6H         LINE#         253
  C:03CAH         LINE#         255
  C:03D4H         LINE#         256
  C:03D4H         LINE#         257
  C:03DCH         LINE#         258
  C:03E3H         LINE#         259
  C:03EEH         LINE#         260
  C:03F4H         LINE#         261
  C:03F4H         LINE#         263
  C:03FDH         LINE#         269
  C:03FDH         LINE#         270
  C:040AH         LINE#         271
  C:040AH         LINE#         272
  C:040CH         LINE#         274
  C:040EH         LINE#         275
  C:042AH         LINE#         276
  C:042CH         LINE#         278
  C:0434H         LINE#         279
  C:0438H         LINE#         280
  C:0444H         LINE#         281
  C:0444H         LINE#         282
  C:0447H         LINE#         285
  C:044FH         LINE#         286
  C:044FH         LINE#         287
  C:0460H         LINE#         288
  C:0460H         LINE#         289
  C:046DH         LINE#         290
  C:046DH         LINE#         291
BL51 BANKED LINKER/LOCATER V6.22                                                      07/13/2019  09:19:47  PAGE 12


  C:048BH         LINE#         292
  C:048DH         LINE#         293
  C:049DH         LINE#         294
  C:049DH         LINE#         295
  C:04BBH         LINE#         296
  C:04BDH         LINE#         297
  C:04CEH         LINE#         298
  C:04CEH         LINE#         299
  C:04D8H         LINE#         300
  C:04E2H         LINE#         301
  C:04E2H         LINE#         302
  C:04E2H         LINE#         303
  C:04E2H         LINE#         305
  C:04E2H         LINE#         306
  C:04EBH         LINE#         307
  C:04EFH         LINE#         308
  C:04FBH         LINE#         309
  C:04FEH         LINE#         312
  C:0506H         LINE#         313
  C:0506H         LINE#         314
  C:0513H         LINE#         315
  C:0524H         LINE#         317
  C:052DH         LINE#         318
  C:053CH         LINE#         320
  C:0544H         LINE#         321
  C:0544H         LINE#         322
  C:054DH         LINE#         323
  C:055CH         LINE#         324
  C:055CH         LINE#         325
  C:055FH         LINE#         326
  C:056EH         LINE#         327
  C:057AH         LINE#         328
  C:0580H         LINE#         329
  C:0580H         LINE#         331
  C:0584H         LINE#         332
  C:0593H         LINE#         334
  C:059AH         LINE#         335
  C:05B6H         LINE#         336
  C:05C0H         LINE#         337
  C:05C0H         LINE#         338
  C:05E6H         LINE#         339
  C:05F9H         LINE#         340
  C:05F9H         LINE#         341
  C:064BH         LINE#         342
  C:0653H         LINE#         343
  C:0653H         LINE#         344
  C:0653H         LINE#         347
  C:0658H         LINE#         348
  C:0658H         LINE#         349
  C:0665H         LINE#         350
  C:0676H         LINE#         352
  C:067BH         LINE#         353
  C:067FH         LINE#         354
  C:0682H         LINE#         355
  C:0686H         LINE#         357
  C:068AH         LINE#         358
  C:0696H         LINE#         359
BL51 BANKED LINKER/LOCATER V6.22                                                      07/13/2019  09:19:47  PAGE 13


  C:0698H         LINE#         360
  -------         ENDPROC       CONNTOUSB
  -------         PROC          MCU_INIT
  -------         DO            
  D:0007H         SYMBOL        n
  -------         ENDDO         
  C:0046H         LINE#         363
  C:0046H         LINE#         364
  C:0046H         LINE#         366
  C:0049H         LINE#         369
  C:004CH         LINE#         370
  C:004FH         LINE#         372
  C:0052H         LINE#         374
  C:0058H         LINE#         376
  C:005BH         LINE#         377
  C:0060H         LINE#         378
  C:0063H         LINE#         380
  C:0066H         LINE#         383
  C:0069H         LINE#         384
  C:006CH         LINE#         386
  C:006FH         LINE#         387
  C:0072H         LINE#         389
  C:0075H         LINE#         390
  C:0078H         LINE#         392
  C:007BH         LINE#         393
  C:007EH         LINE#         394
  C:0080H         LINE#         395
  C:0082H         LINE#         397
  C:0085H         LINE#         398
  C:0088H         LINE#         400
  -------         ENDPROC       MCU_INIT
  -------         PROC          DEVICES_INIT
  C:32BCH         LINE#         402
  C:32BCH         LINE#         403
  C:32BCH         LINE#         405
  C:32BFH         LINE#         408
  C:32C2H         LINE#         409
  C:331CH         LINE#         410
  C:331FH         LINE#         413
  C:3322H         LINE#         414
  C:3325H         LINE#         422
  -------         ENDPROC       DEVICES_INIT
  -------         PROC          SUSPEND_DEVICE
  C:003DH         LINE#         426
  C:003DH         LINE#         427
  C:003DH         LINE#         428
  -------         ENDPROC       SUSPEND_DEVICE
  -------         PROC          USB_API_TEST_ISR
  -------         DO            
  X:0050H         SYMBOL        INTVAL
  -------         ENDDO         
  C:1F0CH         LINE#         432
  C:1F29H         LINE#         434
  C:1F30H         LINE#         436
  C:1F36H         LINE#         437
  C:1F36H         LINE#         438
  C:1F41H         LINE#         440
BL51 BANKED LINKER/LOCATER V6.22                                                      07/13/2019  09:19:47  PAGE 14


  C:1F5DH         LINE#         441
  C:1F5DH         LINE#         442
  C:1F5FH         LINE#         443
  C:1F61H         LINE#         444
  C:1F77H         LINE#         445
  C:1F77H         LINE#         446
  C:1F79H         LINE#         447
  C:1F7BH         LINE#         448
  C:1F93H         LINE#         449
  C:1F93H         LINE#         450
  C:1F95H         LINE#         451
  C:1F97H         LINE#         452
  C:1FB1H         LINE#         453
  C:1FB1H         LINE#         454
  C:1FB3H         LINE#         455
  C:1FB5H         LINE#         456
  C:1FCAH         LINE#         457
  C:1FCAH         LINE#         458
  C:1FCCH         LINE#         459
  C:1FCEH         LINE#         461
  C:1FCEH         LINE#         462
  C:1FD3H         LINE#         463
  C:1FD3H         LINE#         464
  C:1FD3H         LINE#         466
  C:1FD3H         LINE#         467
  C:1FD3H         LINE#         469
  C:1FD3H         LINE#         471
  C:1FD9H         LINE#         472
  C:1FD9H         LINE#         473
  C:1FDCH         LINE#         474
  C:1FDCH         LINE#         476
  C:1FE2H         LINE#         477
  C:1FE2H         LINE#         478
  C:1FE5H         LINE#         479
  C:1FE5H         LINE#         481
  C:1FEBH         LINE#         482
  C:1FEBH         LINE#         483
  C:2006H         LINE#         484
  C:2006H         LINE#         486
  C:200CH         LINE#         487
  C:200CH         LINE#         488
  C:2011H         LINE#         489
  C:202CH         LINE#         490
  C:202CH         LINE#         491
  -------         ENDPROC       USB_API_TEST_ISR
  -------         ENDMOD        MAIN

  -------         MODULE        MMC_SD
  C:0000H         SYMBOL        _ICE_DUMMY_
  D:00A2H         PUBLIC        SPI0CKR
  D:0080H         PUBLIC        P0
  D:0090H         PUBLIC        P1
  D:00A0H         PUBLIC        P2
  D:00B0H         PUBLIC        P3
  C:3161H         PUBLIC        _MMC_SD_SendCommand
  C:3328H         PUBLIC        _MMC_SD_ReadSingleBlock
  C:3953H         PUBLIC        SD_Init
BL51 BANKED LINKER/LOCATER V6.22                                                      07/13/2019  09:19:47  PAGE 15


  C:306EH         PUBLIC        _MMC_SD_WriteSingleBlock
  B:00F8H.7       PUBLIC        SPIF
  B:00F8H.2       PUBLIC        NSSMD0
  C:274DH         PUBLIC        MMC_SD_Reset
  D:00A9H         PUBLIC        CLKSEL
  C:397EH         PUBLIC        SPI_ReadByte
  C:390CH         PUBLIC        _SPI_WriteByte
  D:00A3H         PUBLIC        SPI0DAT
  X:0074H         PUBLIC        buffer
  C:3900H         SYMBOL        L?0062
  C:3905H         SYMBOL        L?0063
  -------         PROC          L?0061
  -------         ENDPROC       L?0061
  C:3900H         SYMBOL        L?0062
  C:3905H         SYMBOL        L?0063
  -------         PROC          _SPI_WRITEBYTE
  D:0007H         SYMBOL        val
  -------         DO            
  D:0007H         SYMBOL        ret
  -------         ENDDO         
  C:390CH         LINE#         7
  C:390CH         LINE#         8
  C:390CH         LINE#         11
  C:390EH         LINE#         12
  C:3911H         LINE#         13
  C:3913H         LINE#         14
  C:3915H         LINE#         15
  C:3915H         LINE#         16
  -------         ENDPROC       _SPI_WRITEBYTE
  -------         PROC          SPI_READBYTE
  -------         DO            
  D:0007H         SYMBOL        ret
  -------         ENDDO         
  C:397EH         LINE#         18
  C:397EH         LINE#         19
  C:397EH         LINE#         22
  C:3981H         LINE#         23
  C:3984H         LINE#         24
  C:3986H         LINE#         25
  C:3988H         LINE#         26
  C:3988H         LINE#         27
  -------         ENDPROC       SPI_READBYTE
  -------         PROC          _MMC_SD_SENDCOMMAND
  D:0006H         SYMBOL        cmd
  X:0060H         SYMBOL        arg
  -------         DO            
  D:0007H         SYMBOL        r1
  D:0003H         SYMBOL        retry
  -------         ENDDO         
  C:3161H         LINE#         29
  C:3163H         LINE#         30
  C:3163H         LINE#         32
  C:3165H         LINE#         34
  C:3165H         LINE#         35
  C:3165H         LINE#         36
  C:3168H         LINE#         37
  C:3168H         LINE#         38
BL51 BANKED LINKER/LOCATER V6.22                                                      07/13/2019  09:19:47  PAGE 16


  C:3168H         LINE#         39
  C:316BH         LINE#         41
  C:316DH         LINE#         43
  C:3174H         LINE#         44
  C:3189H         LINE#         45
  C:319EH         LINE#         46
  C:31B3H         LINE#         47
  C:31BDH         LINE#         48
  C:31C2H         LINE#         50
  C:31CAH         LINE#         51
  C:31D3H         LINE#         53
  C:31D5H         LINE#         55
  C:31D5H         LINE#         56
  -------         ENDPROC       _MMC_SD_SENDCOMMAND
  -------         PROC          MMC_SD_RESET
  -------         DO            
  D:0005H         SYMBOL        i
  D:0002H         SYMBOL        retry
  D:0006H         SYMBOL        r1
  -------         ENDDO         
  C:274DH         LINE#         58
  C:274DH         LINE#         59
  C:274DH         LINE#         62
  C:274FH         LINE#         64
  C:2750H         LINE#         65
  C:2753H         LINE#         66
  C:2756H         LINE#         68
  C:2756H         LINE#         69
  C:2762H         LINE#         70
  C:2772H         LINE#         71
  C:2773H         LINE#         72
  C:2779H         LINE#         73
  C:277DH         LINE#         75
  C:277FH         LINE#         77
  C:277FH         LINE#         79
  C:277FH         LINE#         80
  C:278FH         LINE#         81
  C:2790H         LINE#         82
  C:2799H         LINE#         83
  C:279DH         LINE#         85
  C:279FH         LINE#         86
  C:27AFH         LINE#         87
  C:27B0H         LINE#         88
  C:27B9H         LINE#         89
  C:27BCH         LINE#         91
  C:27BFH         LINE#         92
  C:27BFH         LINE#         93
  C:27C1H         LINE#         95
  C:27C1H         LINE#         96
  C:27D1H         LINE#         97
  C:27D2H         LINE#         98
  C:27DBH         LINE#         99
  C:27DEH         LINE#         100
  C:27DEH         LINE#         101
  C:27EEH         LINE#         103
  C:27FCH         LINE#         104
  C:27FFH         LINE#         105
BL51 BANKED LINKER/LOCATER V6.22                                                      07/13/2019  09:19:47  PAGE 17


  C:2802H         LINE#         106
  C:2803H         LINE#         107
  -------         ENDPROC       MMC_SD_RESET
  -------         PROC          _MMC_SD_READSINGLEBLOCK
  X:0010H         SYMBOL        sector
  -------         DO            
  D:0007H         SYMBOL        r1
  D:0004H         SYMBOL        i
  D:0002H         SYMBOL        retry
  -------         ENDDO         
  C:3328H         LINE#         109
  C:332DH         LINE#         110
  C:332DH         LINE#         113
  C:332FH         LINE#         115
  C:3332H         LINE#         117
  C:3332H         LINE#         118
  C:334EH         LINE#         119
  C:334FH         LINE#         120
  C:3358H         LINE#         121
  C:335BH         LINE#         124
  C:335DH         LINE#         126
  C:3363H         LINE#         128
  C:3366H         LINE#         129
  C:3366H         LINE#         130
  C:3375H         LINE#         131
  C:3382H         LINE#         133
  C:3382H         LINE#         134
  C:3385H         LINE#         136
  C:3387H         LINE#         137
  C:338AH         LINE#         138
  C:338BH         LINE#         139
  -------         ENDPROC       _MMC_SD_READSINGLEBLOCK
  -------         PROC          _MMC_SD_WRITESINGLEBLOCK
  X:005BH         SYMBOL        sector
  -------         DO            
  D:0006H         SYMBOL        r1
  D:0004H         SYMBOL        i
  D:0002H         SYMBOL        retry
  -------         ENDDO         
  C:306EH         LINE#         141
  C:3073H         LINE#         142
  C:3073H         LINE#         145
  C:3075H         LINE#         147
  C:3078H         LINE#         149
  C:3078H         LINE#         150
  C:3096H         LINE#         151
  C:3097H         LINE#         152
  C:30A0H         LINE#         153
  C:30A3H         LINE#         157
  C:30A5H         LINE#         159
  C:30AAH         LINE#         161
  C:30AFH         LINE#         163
  C:30B1H         LINE#         164
  C:30B1H         LINE#         165
  C:30C0H         LINE#         166
  C:30CDH         LINE#         168
  C:30CDH         LINE#         169
BL51 BANKED LINKER/LOCATER V6.22                                                      07/13/2019  09:19:47  PAGE 18


  C:30CDH         LINE#         171
  C:30D2H         LINE#         173
  C:30D9H         LINE#         174
  C:30D9H         LINE#         175
  C:30DBH         LINE#         176
  C:30DCH         LINE#         177
  C:30DCH         LINE#         179
  C:30E4H         LINE#         181
  C:30E6H         LINE#         182
  C:30E9H         LINE#         183
  C:30EAH         LINE#         184
  -------         ENDPROC       _MMC_SD_WRITESINGLEBLOCK
  -------         PROC          SD_INIT
  -------         DO            
  D:0001H         SYMBOL        n
  -------         ENDDO         
  C:3953H         LINE#         187
  C:3953H         LINE#         188
  C:3953H         LINE#         189
  C:3955H         LINE#         191
  C:395BH         LINE#         192
  C:395BH         LINE#         193
  C:395CH         LINE#         194
  C:3963H         LINE#         196
  -------         ENDPROC       SD_INIT
  -------         ENDMOD        MMC_SD

  -------         MODULE        LCD
  C:0000H         SYMBOL        _ICE_DUMMY_
  D:0080H         PUBLIC        P0
  C:2A18H         PUBLIC        DispFrame
  D:0090H         PUBLIC        P1
  C:2AC2H         PUBLIC        DispScaleVer_Green
  D:00A0H         PUBLIC        P2
  D:00B0H         PUBLIC        P3
  C:1C7AH         PUBLIC        DispBand
  C:34FAH         PUBLIC        _WriteData
  C:0699H         PUBLIC        ascii
  C:1DCAH         PUBLIC        _LCD_Read_IC_ID
  D:00A6H         PUBLIC        P2MDOUT
  C:36CCH         PUBLIC        _DispColor
  C:2F62H         PUBLIC        DispScaleVer_Blue
  C:2E47H         PUBLIC        _DrawGird
  C:2FE8H         PUBLIC        _DrawLine
  B:00D0H.7       PUBLIC        CY
  C:3747H         PUBLIC        _WriteComm
  C:3652H         PUBLIC        _WriteDispData
  C:2DB6H         PUBLIC        DispScaleVer_Gray
  B:00B0H.1       PUBLIC        RS
  B:00A0H.1       PUBLIC        SPI_CLK
  C:2D25H         PUBLIC        DispScaleVer_Red
  C:217EH         PUBLIC        DispScaleVer
  C:26B5H         PUBLIC        _DispOneChar
  C:30EBH         PUBLIC        DispGrayHor32
  C:2B62H         PUBLIC        DispGrayHor16
  C:2804H         PUBLIC        _DispInt
  C:359BH         PUBLIC        _PutPixel
BL51 BANKED LINKER/LOCATER V6.22                                                      07/13/2019  09:19:47  PAGE 19


  D:00A9H         PUBLIC        CLKSEL
  B:0090H.6       PUBLIC        RD0
  B:00B0H.0       PUBLIC        CS0
  X:004EH         PUBLIC        LCM_ID
  C:1601H         PUBLIC        LCD_Init
  C:2BFDH         PUBLIC        _DispStr
  C:13D9H         PUBLIC        DispScaleHor1
  B:00A0H.0       PUBLIC        SPI_DI
  C:3989H         PUBLIC        _WriteOneDot
  C:17D1H         PUBLIC        DispScaleHor2
  C:24D2H         PUBLIC        _DispPicFromSD
  B:0080H.7       PUBLIC        DIR
  C:338CH         PUBLIC        _ToOrd
  B:0080H.5       PUBLIC        RST
  C:3916H         PUBLIC        ReadData
  C:2CABH         PUBLIC        _?BlockWrite
  -------         PROC          _LCD_READ_IC_ID
  X:005BH         SYMBOL        ID
  D:0004H         SYMBOL        Bug
  D:0003H         SYMBOL        flog
  -------         DO            
  X:005CH         SYMBOL        id
  X:005EH         SYMBOL        id1
  X:0060H         SYMBOL        temp
  D:0005H         SYMBOL        i
  D:0007H         SYMBOL        dat
  D:0001H         SYMBOL        id2
  X:0062H         SYMBOL        id3
  -------         ENDDO         
  C:1DCAH         LINE#         35
  C:1DCEH         LINE#         36
  C:1DCEH         LINE#         39
  C:1DD7H         LINE#         40
  C:1DD7H         LINE#         42
  C:1DDAH         LINE#         43
  C:1DDCH         LINE#         44
  C:1DDEH         LINE#         45
  C:1DE0H         LINE#         46
  C:1DE2H         LINE#         47
  C:1DE2H         LINE#         48
  C:1DE4H         LINE#         49
  C:1DECH         LINE#         50
  C:1DEEH         LINE#         52
  C:1DF0H         LINE#         53
  C:1DF4H         LINE#         54
  C:1DF9H         LINE#         55
  C:1DFCH         LINE#         58
  C:1E06H         LINE#         59
  C:1E06H         LINE#         60
  C:1E08H         LINE#         61
  C:1E08H         LINE#         62
  C:1E0AH         LINE#         63
  C:1E0CH         LINE#         64
  C:1E0EH         LINE#         65
  C:1E25H         LINE#         66
  C:1E27H         LINE#         67
  C:1E29H         LINE#         68
BL51 BANKED LINKER/LOCATER V6.22                                                      07/13/2019  09:19:47  PAGE 20


  C:1E30H         LINE#         69
  C:1E3AH         LINE#         70
  C:1E3AH         LINE#         71
  C:1E3CH         LINE#         72
  C:1E3CH         LINE#         73
  C:1E3EH         LINE#         74
  C:1E40H         LINE#         75
  C:1E42H         LINE#         76
  C:1E59H         LINE#         77
  C:1E5BH         LINE#         78
  C:1E5DH         LINE#         79
  C:1E62H         LINE#         80
  C:1E62H         LINE#         82
  C:1E64H         LINE#         83
  C:1E64H         LINE#         84
  C:1E66H         LINE#         85
  C:1E68H         LINE#         86
  C:1E6AH         LINE#         87
  C:1E81H         LINE#         88
  C:1E83H         LINE#         89
  C:1E85H         LINE#         90
  C:1E8AH         LINE#         92
  C:1E8CH         LINE#         93
  C:1E8CH         LINE#         94
  C:1E8EH         LINE#         95
  C:1E90H         LINE#         96
  C:1E92H         LINE#         97
  C:1E9CH         LINE#         98
  C:1E9EH         LINE#         99
  C:1EA0H         LINE#         100
  C:1EA5H         LINE#         102
  C:1EA7H         LINE#         103
  C:1EA7H         LINE#         104
  C:1EA9H         LINE#         105
  C:1EABH         LINE#         106
  C:1EADH         LINE#         107
  C:1EB9H         LINE#         108
  C:1EBBH         LINE#         109
  C:1EBDH         LINE#         110
  C:1EC2H         LINE#         111
  C:1EC5H         LINE#         112
  C:1EC7H         LINE#         113
  C:1EC9H         LINE#         114
  C:1ECBH         LINE#         115
  C:1ECDH         LINE#         116
  C:1ECFH         LINE#         117
  C:1ED1H         LINE#         119
  C:1ED5H         LINE#         120
  C:1ED5H         LINE#         121
  C:1EE5H         LINE#         123
  C:1EF0H         LINE#         124
  C:1EF0H         LINE#         125
  C:1EF0H         LINE#         127
  C:1EF6H         LINE#         128
  C:1EF6H         LINE#         129
  C:1F02H         LINE#         130
  C:1F02H         LINE#         132
BL51 BANKED LINKER/LOCATER V6.22                                                      07/13/2019  09:19:47  PAGE 21


  C:1F02H         LINE#         133
  C:1F04H         LINE#         134
  C:1F0BH         LINE#         135
  -------         ENDPROC       _LCD_READ_IC_ID
  -------         PROC          _WRITECOMM
  D:0004H         SYMBOL        i
  -------         DO            
  D:0003H         SYMBOL        j
  X:0073H         SYMBOL        DataH
  -------         ENDDO         
  C:3747H         LINE#         138
  C:374BH         LINE#         139
  C:374BH         LINE#         141
  C:374FH         LINE#         142
  C:3751H         LINE#         173
  C:3751H         LINE#         174
  C:3753H         LINE#         175
  C:3755H         LINE#         176
  C:3757H         LINE#         177
  C:3759H         LINE#         178
  C:3759H         LINE#         179
  C:375DH         LINE#         180
  C:3761H         LINE#         182
  C:3763H         LINE#         183
  C:376AH         LINE#         184
  C:376CH         LINE#         185
  C:376EH         LINE#         186
  C:3773H         LINE#         187
  C:3773H         LINE#         255
  C:3775H         LINE#         256
  -------         ENDPROC       _WRITECOMM
  C:34F4H         SYMBOL        L?0457
  C:34F5H         SYMBOL        L?0458
  -------         PROC          L?0456
  -------         ENDPROC       L?0456
  C:34F4H         SYMBOL        L?0457
  C:34F5H         SYMBOL        L?0458
  -------         PROC          _WRITEDATA
  D:0004H         SYMBOL        i
  -------         DO            
  D:0003H         SYMBOL        j
  D:0007H         SYMBOL        DataH
  -------         ENDDO         
  C:34FAH         LINE#         258
  C:34FEH         LINE#         259
  C:34FEH         LINE#         261
  C:3500H         LINE#         262
  C:3502H         LINE#         297
  C:3502H         LINE#         312
  C:3504H         LINE#         313
  C:3506H         LINE#         314
  C:3508H         LINE#         315
  C:350AH         LINE#         316
  C:350AH         LINE#         317
  C:350EH         LINE#         318
  C:3512H         LINE#         320
  C:3514H         LINE#         321
BL51 BANKED LINKER/LOCATER V6.22                                                      07/13/2019  09:19:47  PAGE 22


  C:3518H         LINE#         322
  C:351AH         LINE#         323
  C:351CH         LINE#         324
  C:3521H         LINE#         325
  C:3523H         LINE#         326
  C:3525H         LINE#         327
  C:3527H         LINE#         328
  C:3529H         LINE#         329
  C:3529H         LINE#         330
  C:352DH         LINE#         331
  C:3531H         LINE#         333
  C:3533H         LINE#         334
  C:353AH         LINE#         335
  C:353CH         LINE#         336
  C:353EH         LINE#         337
  C:3543H         LINE#         354
  C:3543H         LINE#         449
  C:3545H         LINE#         450
  -------         ENDPROC       _WRITEDATA
  C:363DH         SYMBOL        L?0455
  -------         PROC          L?0454
  -------         ENDPROC       L?0454
  C:363DH         SYMBOL        L?0455
  -------         PROC          _WRITEDISPDATA
  D:0007H         SYMBOL        DataH
  D:0005H         SYMBOL        DataL
  -------         DO            
  D:0006H         SYMBOL        j
  -------         ENDDO         
  C:3652H         LINE#         452
  C:3652H         LINE#         453
  C:3652H         LINE#         455
  C:3654H         LINE#         489
  C:3654H         LINE#         490
  C:3656H         LINE#         491
  C:3658H         LINE#         492
  C:365AH         LINE#         493
  C:365CH         LINE#         494
  C:365CH         LINE#         495
  C:3660H         LINE#         496
  C:3662H         LINE#         497
  C:3664H         LINE#         498
  C:3666H         LINE#         499
  C:366BH         LINE#         501
  C:366DH         LINE#         502
  C:366FH         LINE#         503
  C:3671H         LINE#         504
  C:3673H         LINE#         505
  C:3673H         LINE#         506
  C:3677H         LINE#         507
  C:3679H         LINE#         508
  C:367BH         LINE#         509
  C:367DH         LINE#         510
  C:3682H         LINE#         511
  C:3682H         LINE#         574
  C:3684H         LINE#         575
  -------         ENDPROC       _WRITEDISPDATA
BL51 BANKED LINKER/LOCATER V6.22                                                      07/13/2019  09:19:47  PAGE 23


  -------         PROC          _WRITEONEDOT
  D:0004H         SYMBOL        color
  C:3989H         LINE#         577
  C:398DH         LINE#         578
  C:398DH         LINE#         592
  -------         ENDPROC       _WRITEONEDOT
  -------         PROC          LCD_INIT
  C:1601H         LINE#         600
  C:1601H         LINE#         601
  C:1601H         LINE#         602
  C:1604H         LINE#         605
  C:1606H         LINE#         606
  C:160DH         LINE#         608
  C:160FH         LINE#         609
  C:1616H         LINE#         611
  C:1618H         LINE#         612
  C:161FH         LINE#         1959
  C:1626H         LINE#         1960
  C:162DH         LINE#         1961
  C:1634H         LINE#         1962
  C:163BH         LINE#         1963
  C:1642H         LINE#         1964
  C:1648H         LINE#         1965
  C:164EH         LINE#         1966
  C:1655H         LINE#         1967
  C:165CH         LINE#         1968
  C:1662H         LINE#         1971
  C:1668H         LINE#         1972
  C:166DH         LINE#         1973
  C:1672H         LINE#         1974
  C:1679H         LINE#         1976
  C:1680H         LINE#         1983
  C:1687H         LINE#         1984
  C:168CH         LINE#         1985
  C:1691H         LINE#         1986
  C:1696H         LINE#         1987
  C:169BH         LINE#         1988
  C:16A0H         LINE#         1989
  C:16A5H         LINE#         1990
  C:16AAH         LINE#         1991
  C:16AFH         LINE#         1992
  C:16B4H         LINE#         1993
  C:16B9H         LINE#         1994
  C:16BEH         LINE#         1995
  C:16C3H         LINE#         1996
  C:16C8H         LINE#         1997
  C:16CDH         LINE#         1998
  C:16D2H         LINE#         1999
  C:16D7H         LINE#         2000
  C:16DCH         LINE#         2001
  C:16E1H         LINE#         2002
  C:16E6H         LINE#         2003
  C:16EBH         LINE#         2004
  C:16F0H         LINE#         2005
  C:16F5H         LINE#         2006
  C:16FAH         LINE#         2009
  C:16FFH         LINE#         2010
BL51 BANKED LINKER/LOCATER V6.22                                                      07/13/2019  09:19:47  PAGE 24


  C:1706H         LINE#         2011
  C:170DH         LINE#         2012
  C:1714H         LINE#         2013
  C:171BH         LINE#         2014
  C:1722H         LINE#         2015
  C:1729H         LINE#         2016
  C:1730H         LINE#         2017
  C:1737H         LINE#         2018
  C:173EH         LINE#         2019
  C:1745H         LINE#         2020
  C:174CH         LINE#         2021
  C:1753H         LINE#         2022
  C:175AH         LINE#         2023
  C:1761H         LINE#         2024
  C:1768H         LINE#         2025
  C:176FH         LINE#         2026
  C:1776H         LINE#         2027
  C:177DH         LINE#         2028
  C:1784H         LINE#         2029
  C:178BH         LINE#         2030
  C:1792H         LINE#         2031
  C:1799H         LINE#         2032
  C:17A0H         LINE#         2033
  C:17A7H         LINE#         2034
  C:17AEH         LINE#         2035
  C:17B5H         LINE#         2036
  C:17BCH         LINE#         2038
  C:17C3H         LINE#         2039
  C:17CAH         LINE#         2040
  -------         ENDPROC       LCD_INIT
  C:2C93H         SYMBOL        L?0450
  -------         PROC          L?0449
  -------         ENDPROC       L?0449
  C:2C93H         SYMBOL        L?0450
  -------         PROC          _?BLOCKWRITE
  p:0000H         SYMBOL        Xstart
  p:0002H         SYMBOL        Xend
  p:0004H         SYMBOL        Ystart
  p:0006H         SYMBOL        Yend
  C:2CABH         LINE#         4262
  C:2CCCH         LINE#         4265
  C:2CDAH         LINE#         4266
  C:2CE6H         LINE#         4267
  C:2CF4H         LINE#         4268
  C:2CFEH         LINE#         4270
  C:2D0AH         LINE#         4271
  C:2D14H         LINE#         4273
  C:2D1BH         LINE#         4382
  C:2D1EH         LINE#         4386
  -------         ENDPROC       _?BLOCKWRITE
  -------         PROC          _DISPCOLOR
  D:0004H         SYMBOL        color
  -------         DO            
  X:0052H         SYMBOL        i
  D:0002H         SYMBOL        m
  X:0054H         SYMBOL        DataH
  D:0001H         SYMBOL        DataL
BL51 BANKED LINKER/LOCATER V6.22                                                      07/13/2019  09:19:47  PAGE 25


  -------         ENDDO         
  C:36CCH         LINE#         4388
  C:36CEH         LINE#         4389
  C:36CEH         LINE#         4392
  C:36D4H         LINE#         4394
  C:36D7H         LINE#         4396
  C:36D9H         LINE#         4397
  C:36DFH         LINE#         4398
  C:36DFH         LINE#         4399
  C:36E2H         LINE#         4400
  C:36E2H         LINE#         4401
  C:36EBH         LINE#         4402
  C:36F6H         LINE#         4403
  C:370CH         LINE#         4405
  C:370EH         LINE#         4406
  -------         ENDPROC       _DISPCOLOR
  -------         PROC          DISPFRAME
  -------         DO            
  D:0002H         SYMBOL        i
  X:0052H         SYMBOL        j
  D:0001H         SYMBOL        DataH
  D:0004H         SYMBOL        DataL
  -------         ENDDO         
  C:2A18H         LINE#         4408
  C:2A18H         LINE#         4409
  C:2A18H         LINE#         4412
  C:2A1BH         LINE#         4414
  C:2A1DH         LINE#         4417
  C:2A27H         LINE#         4420
  C:2A29H         LINE#         4421
  C:2A29H         LINE#         4423
  C:2A34H         LINE#         4425
  C:2A3FH         LINE#         4427
  C:2A49H         LINE#         4429
  C:2A4FH         LINE#         4430
  C:2A4FH         LINE#         4432
  C:2A59H         LINE#         4434
  C:2A5CH         LINE#         4435
  C:2A5CH         LINE#         4437
  C:2A64H         LINE#         4439
  C:2A6FH         LINE#         4442
  C:2A79H         LINE#         4444
  C:2A8FH         LINE#         4446
  C:2A99H         LINE#         4448
  C:2A9CH         LINE#         4449
  C:2A9CH         LINE#         4451
  C:2AA7H         LINE#         4453
  C:2AB2H         LINE#         4455
  C:2ABCH         LINE#         4458
  C:2ABFH         LINE#         4459
  C:2AC1H         LINE#         4460
  -------         ENDPROC       DISPFRAME
  -------         PROC          DISPBAND
  -------         DO            
  D:0002H         SYMBOL        i
  X:0052H         SYMBOL        j
  X:0053H         SYMBOL        k
BL51 BANKED LINKER/LOCATER V6.22                                                      07/13/2019  09:19:47  PAGE 26


  X:0054H         SYMBOL        m
  X:0055H         SYMBOL        n
  D:0001H         SYMBOL        x
  -------         ENDDO         
  C:1C7AH         LINE#         4462
  C:1C7AH         LINE#         4463
  C:1C7AH         LINE#         4467
  C:1C84H         LINE#         4468
  C:1C8DH         LINE#         4469
  C:1C8FH         LINE#         4472
  C:1C92H         LINE#         4473
  C:1CA0H         LINE#         4474
  C:1CA0H         LINE#         4475
  C:1CB5H         LINE#         4476
  C:1CCAH         LINE#         4477
  C:1CEEH         LINE#         4478
  C:1CF5H         LINE#         4479
  C:1D04H         LINE#         4480
  C:1D04H         LINE#         4481
  C:1D19H         LINE#         4482
  C:1D2EH         LINE#         4483
  C:1D52H         LINE#         4484
  C:1D59H         LINE#         4485
  C:1D6FH         LINE#         4486
  C:1D6FH         LINE#         4487
  C:1D84H         LINE#         4488
  C:1D99H         LINE#         4489
  C:1DBDH         LINE#         4490
  C:1DC4H         LINE#         4491
  C:1DC6H         LINE#         4492
  C:1DC9H         LINE#         4493
  -------         ENDPROC       DISPBAND
  -------         PROC          _DISPPICFROMSD
  D:0001H         SYMBOL        PicNum
  -------         DO            
  X:0014H         SYMBOL        Address_S
  X:0018H         SYMBOL        Address_E
  D:0002H         SYMBOL        i
  X:001CH         SYMBOL        k
  -------         ENDDO         
  C:24D2H         LINE#         4515
  C:24D4H         LINE#         4516
  C:24D4H         LINE#         4522
  C:24D7H         LINE#         4525
  C:24D9H         LINE#         4527
  C:24DBH         LINE#         4529
  C:24E4H         LINE#         4530
  C:250DH         LINE#         4531
  C:2536H         LINE#         4532
  C:2559H         LINE#         4533
  C:2559H         LINE#         4534
  C:2569H         LINE#         4536
  C:2572H         LINE#         4537
  C:2572H         LINE#         4539
  C:258DH         LINE#         4540
  C:2596H         LINE#         4541
  C:25B5H         LINE#         4543
BL51 BANKED LINKER/LOCATER V6.22                                                      07/13/2019  09:19:47  PAGE 27


  C:25B7H         LINE#         4581
  -------         ENDPROC       _DISPPICFROMSD
  -------         PROC          DISPSCALEHOR1
  -------         DO            
  X:0020H         SYMBOL        i
  X:0022H         SYMBOL        j
  D:0002H         SYMBOL        k
  -------         ENDDO         
  C:13D9H         LINE#         4586
  C:13D9H         LINE#         4587
  C:13D9H         LINE#         4590
  C:13DCH         LINE#         4593
  C:13DEH         LINE#         4594
  C:13DEH         LINE#         4595
  C:1400H         LINE#         4596
  C:1406H         LINE#         4597
  C:1406H         LINE#         4598
  C:140CH         LINE#         4599
  C:140CH         LINE#         4600
  C:1421H         LINE#         4601
  C:1437H         LINE#         4602
  C:144DH         LINE#         4604
  C:1458H         LINE#         4607
  C:145BH         LINE#         4608
  C:145BH         LINE#         4609
  C:147DH         LINE#         4610
  C:1483H         LINE#         4611
  C:1483H         LINE#         4612
  C:1489H         LINE#         4613
  C:1489H         LINE#         4614
  C:14B4H         LINE#         4615
  C:14CAH         LINE#         4616
  C:14E0H         LINE#         4617
  C:14EEH         LINE#         4620
  C:14F1H         LINE#         4621
  C:14F1H         LINE#         4622
  C:1513H         LINE#         4623
  C:1519H         LINE#         4624
  C:1519H         LINE#         4625
  C:151FH         LINE#         4626
  C:151FH         LINE#         4627
  C:1529H         LINE#         4628
  C:153FH         LINE#         4629
  C:1555H         LINE#         4630
  C:1560H         LINE#         4633
  C:1563H         LINE#         4634
  C:1563H         LINE#         4635
  C:1585H         LINE#         4636
  C:158BH         LINE#         4637
  C:158BH         LINE#         4638
  C:1591H         LINE#         4639
  C:1591H         LINE#         4640
  C:15C4H         LINE#         4641
  C:15DAH         LINE#         4642
  C:15F0H         LINE#         4643
  C:15FEH         LINE#         4644
  C:1600H         LINE#         4645
BL51 BANKED LINKER/LOCATER V6.22                                                      07/13/2019  09:19:47  PAGE 28


  -------         ENDPROC       DISPSCALEHOR1
  -------         PROC          DISPSCALEVER
  -------         DO            
  X:0024H         SYMBOL        i
  X:0026H         SYMBOL        j
  D:0002H         SYMBOL        k
  -------         ENDDO         
  C:217EH         LINE#         4647
  C:217EH         LINE#         4648
  C:217EH         LINE#         4717
  C:2181H         LINE#         4719
  C:2183H         LINE#         4720
  C:2183H         LINE#         4721
  C:2189H         LINE#         4722
  C:2189H         LINE#         4723
  C:218FH         LINE#         4724
  C:21A5H         LINE#         4725
  C:21B0H         LINE#         4727
  C:21B3H         LINE#         4728
  C:21B3H         LINE#         4730
  C:21B9H         LINE#         4731
  C:21B9H         LINE#         4733
  C:21BFH         LINE#         4734
  C:21BFH         LINE#         4735
  C:21D1H         LINE#         4736
  C:21E7H         LINE#         4738
  C:21EDH         LINE#         4739
  C:21EDH         LINE#         4740
  C:2215H         LINE#         4741
  C:222BH         LINE#         4743
  C:2231H         LINE#         4744
  C:2231H         LINE#         4745
  C:2238H         LINE#         4746
  C:224EH         LINE#         4748
  C:2254H         LINE#         4749
  C:2254H         LINE#         4750
  C:2268H         LINE#         4751
  C:227EH         LINE#         4753
  C:2297H         LINE#         4755
  C:22A5H         LINE#         4757
  -------         ENDPROC       DISPSCALEVER
  -------         PROC          DISPSCALEVER_RED
  -------         DO            
  X:0028H         SYMBOL        i
  X:002AH         SYMBOL        j
  D:0002H         SYMBOL        k
  -------         ENDDO         
  C:2D25H         LINE#         4759
  C:2D25H         LINE#         4760
  C:2D25H         LINE#         4763
  C:2D28H         LINE#         4765
  C:2D2AH         LINE#         4767
  C:2D2CH         LINE#         4770
  C:2D2EH         LINE#         4771
  C:2D2EH         LINE#         4772
  C:2D34H         LINE#         4773
  C:2D34H         LINE#         4774
BL51 BANKED LINKER/LOCATER V6.22                                                      07/13/2019  09:19:47  PAGE 29


  C:2D3AH         LINE#         4775
  C:2D50H         LINE#         4776
  C:2D5BH         LINE#         4778
  C:2D5EH         LINE#         4779
  C:2D5EH         LINE#         4780
  C:2D64H         LINE#         4781
  C:2D64H         LINE#         4783
  C:2D6AH         LINE#         4784
  C:2D6AH         LINE#         4785
  C:2D7CH         LINE#         4786
  C:2D92H         LINE#         4787
  C:2DA8H         LINE#         4789
  C:2DB3H         LINE#         4791
  C:2DB5H         LINE#         4792
  -------         ENDPROC       DISPSCALEVER_RED
  -------         PROC          DISPSCALEVER_GREEN
  -------         DO            
  X:002CH         SYMBOL        i
  X:002EH         SYMBOL        j
  D:0002H         SYMBOL        k
  -------         ENDDO         
  C:2AC2H         LINE#         4794
  C:2AC2H         LINE#         4795
  C:2AC2H         LINE#         4798
  C:2AC5H         LINE#         4800
  C:2AC7H         LINE#         4801
  C:2AC9H         LINE#         4804
  C:2ACBH         LINE#         4805
  C:2ACBH         LINE#         4806
  C:2AD1H         LINE#         4807
  C:2AD1H         LINE#         4808
  C:2AD7H         LINE#         4810
  C:2AEDH         LINE#         4811
  C:2AF8H         LINE#         4813
  C:2AFBH         LINE#         4814
  C:2AFBH         LINE#         4815
  C:2B01H         LINE#         4816
  C:2B01H         LINE#         4818
  C:2B07H         LINE#         4819
  C:2B07H         LINE#         4821
  C:2B28H         LINE#         4822
  C:2B3EH         LINE#         4823
  C:2B54H         LINE#         4825
  C:2B5FH         LINE#         4827
  C:2B61H         LINE#         4828
  -------         ENDPROC       DISPSCALEVER_GREEN
  -------         PROC          DISPSCALEVER_BLUE
  -------         DO            
  X:0030H         SYMBOL        i
  X:0032H         SYMBOL        j
  D:0002H         SYMBOL        k
  -------         ENDDO         
  C:2F62H         LINE#         4830
  C:2F62H         LINE#         4831
  C:2F62H         LINE#         4834
  C:2F65H         LINE#         4836
  C:2F67H         LINE#         4837
BL51 BANKED LINKER/LOCATER V6.22                                                      07/13/2019  09:19:47  PAGE 30


  C:2F69H         LINE#         4840
  C:2F6BH         LINE#         4841
  C:2F6BH         LINE#         4842
  C:2F71H         LINE#         4843
  C:2F71H         LINE#         4844
  C:2F77H         LINE#         4845
  C:2F8DH         LINE#         4846
  C:2F98H         LINE#         4848
  C:2F9BH         LINE#         4849
  C:2F9BH         LINE#         4850
  C:2FA1H         LINE#         4851
  C:2FA1H         LINE#         4853
  C:2FA7H         LINE#         4854
  C:2FA7H         LINE#         4855
  C:2FAEH         LINE#         4856
  C:2FC4H         LINE#         4857
  C:2FDAH         LINE#         4859
  C:2FE5H         LINE#         4861
  C:2FE7H         LINE#         4862
  -------         ENDPROC       DISPSCALEVER_BLUE
  -------         PROC          DISPSCALEVER_GRAY
  -------         DO            
  X:0034H         SYMBOL        i
  X:0036H         SYMBOL        j
  D:0002H         SYMBOL        k
  -------         ENDDO         
  C:2DB6H         LINE#         4864
  C:2DB6H         LINE#         4865
  C:2DB6H         LINE#         4868
  C:2DB9H         LINE#         4870
  C:2DBBH         LINE#         4875
  C:2DBDH         LINE#         4876
  C:2DBDH         LINE#         4877
  C:2DC3H         LINE#         4878
  C:2DC3H         LINE#         4879
  C:2DC9H         LINE#         4881
  C:2DDFH         LINE#         4882
  C:2DEAH         LINE#         4884
  C:2DEDH         LINE#         4885
  C:2DEDH         LINE#         4886
  C:2DF3H         LINE#         4887
  C:2DF3H         LINE#         4889
  C:2DF9H         LINE#         4890
  C:2DF9H         LINE#         4891
  C:2E0DH         LINE#         4892
  C:2E23H         LINE#         4893
  C:2E39H         LINE#         4895
  C:2E44H         LINE#         4897
  C:2E46H         LINE#         4898
  -------         ENDPROC       DISPSCALEVER_GRAY
  -------         PROC          DISPGRAYHOR16
  -------         DO            
  X:0052H         SYMBOL        i
  D:0002H         SYMBOL        j
  X:0054H         SYMBOL        k
  -------         ENDDO         
  C:2B62H         LINE#         4900
BL51 BANKED LINKER/LOCATER V6.22                                                      07/13/2019  09:19:47  PAGE 31


  C:2B62H         LINE#         4901
  C:2B62H         LINE#         4904
  C:2B65H         LINE#         4906
  C:2B67H         LINE#         4907
  C:2B69H         LINE#         4909
  C:2B6FH         LINE#         4910
  C:2B6FH         LINE#         4911
  C:2B78H         LINE#         4912
  C:2B78H         LINE#         4913
  C:2B7EH         LINE#         4914
  C:2B85H         LINE#         4916
  C:2B88H         LINE#         4917
  C:2B88H         LINE#         4918
  C:2B8EH         LINE#         4919
  C:2B8EH         LINE#         4920
  C:2BC0H         LINE#         4921
  C:2BD6H         LINE#         4922
  C:2BE1H         LINE#         4923
  C:2BFAH         LINE#         4925
  C:2BFCH         LINE#         4926
  -------         ENDPROC       DISPGRAYHOR16
  -------         PROC          DISPGRAYHOR32
  -------         DO            
  X:0038H         SYMBOL        i
  D:0002H         SYMBOL        j
  X:003AH         SYMBOL        k
  -------         ENDDO         
  C:30EBH         LINE#         4928
  C:30EBH         LINE#         4929
  C:30EBH         LINE#         4932
  C:30EEH         LINE#         4934
  C:30F0H         LINE#         4936
  C:30F6H         LINE#         4937
  C:30F6H         LINE#         4938
  C:30F9H         LINE#         4939
  C:30F9H         LINE#         4940
  C:30FFH         LINE#         4941
  C:310AH         LINE#         4943
  C:310DH         LINE#         4944
  C:310DH         LINE#         4945
  C:3113H         LINE#         4946
  C:3113H         LINE#         4947
  C:3127H         LINE#         4948
  C:313DH         LINE#         4949
  C:3148H         LINE#         4950
  C:315EH         LINE#         4952
  C:3160H         LINE#         4953
  -------         ENDPROC       DISPGRAYHOR32
  -------         PROC          DISPSCALEHOR2
  -------         DO            
  X:003CH         SYMBOL        j
  D:0002H         SYMBOL        k
  -------         ENDDO         
  C:17D1H         LINE#         4955
  C:17D1H         LINE#         4956
  C:17D1H         LINE#         4959
  C:17D4H         LINE#         4961
BL51 BANKED LINKER/LOCATER V6.22                                                      07/13/2019  09:19:47  PAGE 32


  C:17D6H         LINE#         4962
  C:17D6H         LINE#         4963
  C:17DCH         LINE#         4964
  C:17F9H         LINE#         4965
  C:1804H         LINE#         4966
  C:1807H         LINE#         4967
  C:1807H         LINE#         4968
  C:180DH         LINE#         4969
  C:182AH         LINE#         4970
  C:1835H         LINE#         4971
  C:1838H         LINE#         4972
  C:1838H         LINE#         4973
  C:183EH         LINE#         4974
  C:185BH         LINE#         4975
  C:1866H         LINE#         4976
  C:1869H         LINE#         4977
  C:1869H         LINE#         4978
  C:186FH         LINE#         4979
  C:188CH         LINE#         4980
  C:1897H         LINE#         4981
  C:189AH         LINE#         4982
  C:189AH         LINE#         4983
  C:18A0H         LINE#         4984
  C:18BDH         LINE#         4985
  C:18C8H         LINE#         4986
  C:18CBH         LINE#         4987
  C:18CBH         LINE#         4988
  C:18D1H         LINE#         4989
  C:18EEH         LINE#         4990
  C:18F9H         LINE#         4991
  C:18FCH         LINE#         4992
  C:18FCH         LINE#         4993
  C:1902H         LINE#         4994
  C:191FH         LINE#         4995
  C:192AH         LINE#         4996
  C:192DH         LINE#         4997
  C:192DH         LINE#         4998
  C:1933H         LINE#         4999
  C:194FH         LINE#         5000
  C:195AH         LINE#         5001
  C:195DH         LINE#         5002
  C:195DH         LINE#         5003
  C:1963H         LINE#         5004
  C:197FH         LINE#         5005
  C:198AH         LINE#         5007
  -------         ENDPROC       DISPSCALEHOR2
  -------         PROC          _TOORD
  D:0007H         SYMBOL        ch
  C:338CH         LINE#         5112
  C:338CH         LINE#         5113
  C:338CH         LINE#         5114
  C:3392H         LINE#         5115
  C:3392H         LINE#         5116
  C:3394H         LINE#         5117
  C:3396H         LINE#         5118
  C:33A2H         LINE#         5119
  C:33A2H         LINE#         5120
BL51 BANKED LINKER/LOCATER V6.22                                                      07/13/2019  09:19:47  PAGE 33


  C:33A6H         LINE#         5121
  C:33A8H         LINE#         5122
  C:33B4H         LINE#         5123
  C:33B4H         LINE#         5124
  C:33B8H         LINE#         5125
  C:33BAH         LINE#         5126
  C:33C6H         LINE#         5127
  C:33C6H         LINE#         5128
  C:33CAH         LINE#         5129
  C:33CCH         LINE#         5130
  C:33D8H         LINE#         5131
  C:33D8H         LINE#         5132
  C:33DCH         LINE#         5133
  C:33DEH         LINE#         5134
  C:33E4H         LINE#         5135
  C:33E4H         LINE#         5136
  C:33E6H         LINE#         5137
  C:33E6H         LINE#         5139
  C:33E6H         LINE#         5140
  -------         ENDPROC       _TOORD
  C:268DH         SYMBOL        L?0452
  C:26A5H         SYMBOL        L?0453
  -------         PROC          L?0451
  -------         ENDPROC       L?0451
  C:268DH         SYMBOL        L?0452
  C:26A5H         SYMBOL        L?0453
  -------         PROC          _DISPONECHAR
  D:0001H         SYMBOL        ord
  D:0006H         SYMBOL        Xstart
  D:0002H         SYMBOL        Ystart
  X:006BH         SYMBOL        TextColor
  X:006DH         SYMBOL        BackColor
  -------         DO            
  X:006FH         SYMBOL        i
  D:0002H         SYMBOL        j
  X:0070H         SYMBOL        p
  D:0003H         SYMBOL        dat
  D:0006H         SYMBOL        index
  -------         ENDDO         
  C:26B5H         LINE#         5142
  C:26BBH         LINE#         5143
  C:26BBH         LINE#         5149
  C:26D5H         LINE#         5151
  C:26D9H         LINE#         5153
  C:26E2H         LINE#         5154
  C:26E4H         LINE#         5156
  C:26F2H         LINE#         5158
  C:26FFH         LINE#         5159
  C:2706H         LINE#         5161
  C:270AH         LINE#         5162
  C:270AH         LINE#         5163
  C:271FH         LINE#         5164
  C:2721H         LINE#         5165
  C:2721H         LINE#         5166
  C:272EH         LINE#         5167
  C:272EH         LINE#         5168
  C:2730H         LINE#         5169
BL51 BANKED LINKER/LOCATER V6.22                                                      07/13/2019  09:19:47  PAGE 34


  C:2732H         LINE#         5171
  C:2732H         LINE#         5172
  C:273CH         LINE#         5173
  C:273CH         LINE#         5174
  C:2741H         LINE#         5175
  C:274CH         LINE#         5176
  -------         ENDPROC       _DISPONECHAR
  -------         PROC          _DISPSTR
  X:005BH         SYMBOL        str
  X:005EH         SYMBOL        Xstart
  X:0060H         SYMBOL        Ystart
  X:0062H         SYMBOL        TextColor
  X:0064H         SYMBOL        BackColor
  C:2BFDH         LINE#         5178
  C:2C0DH         LINE#         5179
  C:2C0DH         LINE#         5181
  C:2C22H         LINE#         5182
  C:2C22H         LINE#         5183
  C:2C5DH         LINE#         5185
  C:2C69H         LINE#         5186
  C:2C69H         LINE#         5187
  C:2C6DH         LINE#         5188
  C:2C72H         LINE#         5189
  C:2C74H         LINE#         5191
  C:2C74H         LINE#         5192
  C:2C7FH         LINE#         5193
  C:2C7FH         LINE#         5195
  C:2C8BH         LINE#         5196
  C:2C8BH         LINE#         5197
  C:2C8FH         LINE#         5198
  C:2C8FH         LINE#         5199
  C:2C92H         LINE#         5201
  -------         ENDPROC       _DISPSTR
  -------         PROC          _DISPINT
  X:005BH         SYMBOL        i
  X:005DH         SYMBOL        Xstart
  X:005FH         SYMBOL        Ystart
  X:0061H         SYMBOL        TextColor
  X:0063H         SYMBOL        BackColor
  C:2804H         LINE#         5203
  C:2819H         LINE#         5204
  C:2819H         LINE#         5205
  C:2821H         LINE#         5206
  C:2821H         LINE#         5207
  C:2828H         LINE#         5208
  C:2828H         LINE#         5209
  C:2837H         LINE#         5210
  C:2837H         LINE#         5211
  C:2840H         LINE#         5212
  C:2840H         LINE#         5214
  C:2852H         LINE#         5215
  C:2860H         LINE#         5216
  C:2879H         LINE#         5217
  -------         ENDPROC       _DISPINT
  -------         PROC          READDATA
  C:3916H         LINE#         5225
  C:3916H         LINE#         5226
BL51 BANKED LINKER/LOCATER V6.22                                                      07/13/2019  09:19:47  PAGE 35


  C:3916H         LINE#         5246
  C:3928H         LINE#         5253
  C:392BH         LINE#         5254
  -------         ENDPROC       READDATA
  -------         PROC          _PUTPIXEL
[...]
  C:12D4H         LINE#         308
  C:12D4H         LINE#         309
  C:12D7H         LINE#         310
  C:12D7H         LINE#         311
  C:12D7H         LINE#         312
  C:12D7H         LINE#         313
  C:12D7H         LINE#         314
  C:12E2H         LINE#         315
  C:12E2H         LINE#         316
  C:12E8H         LINE#         317
  C:12F7H         LINE#         318
  C:12F7H         LINE#         319
  C:12FCH         LINE#         320
  C:12FFH         LINE#         321
  C:130EH         LINE#         322
  C:130EH         LINE#         323
  C:1323H         LINE#         324
  C:1328H         LINE#         325
  C:1330H         LINE#         326
  C:133AH         LINE#         327
  C:1348H         LINE#         328
  C:1356H         LINE#         329
  C:1358H         LINE#         331
  C:1358H         LINE#         332
  C:135DH         LINE#         333
  C:1360H         LINE#         334
  C:1378H         LINE#         335
  C:1378H         LINE#         336
  C:1391H         LINE#         337
  C:1396H         LINE#         338
BL51 BANKED LINKER/LOCATER V6.22                                                      07/13/2019  09:19:47  PAGE 42


  C:139EH         LINE#         339
  C:13A5H         LINE#         340
  C:13AAH         LINE#         341
  C:13AAH         LINE#         342
  C:13BEH         LINE#         343
  C:13BEH         LINE#         344
  C:13C5H         LINE#         345
  C:13CAH         LINE#         346
  C:13CAH         LINE#         347
  C:13D8H         LINE#         348
  C:13D8H         LINE#         349
  -------         ENDPROC       USBXCORE_HANDLE_SETUP
  -------         PROC          USBXCORE_FORCE_STALL
  C:38CAH         LINE#         356
  C:38CAH         LINE#         358
  C:38D5H         LINE#         359
  C:38E0H         LINE#         360
  C:38E6H         LINE#         361
  -------         ENDPROC       USBXCORE_FORCE_STALL
  -------         PROC          USBXCORE_GET_STATUS
  C:3249H         LINE#         367
  C:3249H         LINE#         369
  C:3258H         LINE#         370
  C:3258H         LINE#         371
  C:3258H         LINE#         372
  C:3258H         LINE#         373
  C:3258H         LINE#         374
  C:325AH         LINE#         375
  C:325AH         LINE#         379
  C:325AH         LINE#         381
  C:3268H         LINE#         385
  C:3268H         LINE#         386
  C:3268H         LINE#         387
  C:3268H         LINE#         388
  C:326AH         LINE#         390
  C:326AH         LINE#         392
  C:3278H         LINE#         396
  C:3278H         LINE#         397
  C:3285H         LINE#         398
  C:3285H         LINE#         399
  C:3287H         LINE#         401
  C:3287H         LINE#         402
  C:3295H         LINE#         403
  C:329EH         LINE#         404
  C:329EH         LINE#         405
  C:329EH         LINE#         406
  C:32A0H         LINE#         407
  C:32A0H         LINE#         408
  C:32A3H         LINE#         409
  C:32A3H         LINE#         410
  C:32A3H         LINE#         411
  C:32ABH         LINE#         412
  C:32ABH         LINE#         413
  C:32AEH         LINE#         414
  C:32B4H         LINE#         415
  C:32BBH         LINE#         416
  C:32BBH         LINE#         417
BL51 BANKED LINKER/LOCATER V6.22                                                      07/13/2019  09:19:47  PAGE 43


  -------         ENDPROC       USBXCORE_GET_STATUS
  -------         PROC          USBXCORE_CLEAR_FEATURE
  C:3441H         LINE#         423
  C:3441H         LINE#         425
  C:3447H         LINE#         426
  C:3447H         LINE#         428
  C:344EH         LINE#         429
  C:344EH         LINE#         430
  C:3459H         LINE#         436
  C:3464H         LINE#         437
  C:3469H         LINE#         438
  C:346BH         LINE#         440
  C:346BH         LINE#         442
  C:3476H         LINE#         446
  C:3481H         LINE#         447
  C:3486H         LINE#         448
  C:3486H         LINE#         449
  C:3488H         LINE#         451
  C:3488H         LINE#         452
  C:348BH         LINE#         453
  C:348BH         LINE#         454
  C:3496H         LINE#         455
  -------         ENDPROC       USBXCORE_CLEAR_FEATURE
  -------         PROC          USBXCORE_VENDOR_USB_API
  C:25B8H         LINE#         462
  C:25B8H         LINE#         464
  C:25C2H         LINE#         465
  C:25C2H         LINE#         466
  C:25C9H         LINE#         467
  C:25C9H         LINE#         468
  C:25CCH         LINE#         469
  C:25CFH         LINE#         470
  C:25D1H         LINE#         472
  C:25D1H         LINE#         473
  C:25D8H         LINE#         474
  C:25D8H         LINE#         477
  C:25E3H         LINE#         482
  C:25EEH         LINE#         483
  C:25F9H         LINE#         485
  C:25F9H         LINE#         486
  C:260CH         LINE#         487
  C:260CH         LINE#         488
  C:2610H         LINE#         489
  C:261BH         LINE#         491
  C:261BH         LINE#         492
  C:262EH         LINE#         493
  C:262EH         LINE#         494
  C:2632H         LINE#         495
  C:263DH         LINE#         497
  C:2643H         LINE#         498
  C:264BH         LINE#         499
  C:264BH         LINE#         500
  C:264EH         LINE#         501
  C:264EH         LINE#         502
  C:264EH         LINE#         503
  C:2659H         LINE#         504
  C:2659H         LINE#         505
BL51 BANKED LINKER/LOCATER V6.22                                                      07/13/2019  09:19:47  PAGE 44


  C:265FH         LINE#         506
  C:2666H         LINE#         507
  C:2666H         LINE#         508
  C:266AH         LINE#         509
  C:266AH         LINE#         510
  C:2670H         LINE#         511
  C:2677H         LINE#         512
  C:2677H         LINE#         513
  C:2682H         LINE#         514
  -------         ENDPROC       USBXCORE_VENDOR_USB_API
  -------         PROC          USBXCORE_SET_FEATURE
  C:3499H         LINE#         521
  C:3499H         LINE#         523
  C:349FH         LINE#         524
  C:349FH         LINE#         526
  C:34A6H         LINE#         527
  C:34A6H         LINE#         528
  C:34B1H         LINE#         534
  C:34BCH         LINE#         535
  C:34BFH         LINE#         536
  C:34C1H         LINE#         538
  C:34C1H         LINE#         540
  C:34CCH         LINE#         544
  C:34D7H         LINE#         545
  C:34DDH         LINE#         546
  C:34DDH         LINE#         548
  C:34DFH         LINE#         550
  C:34DFH         LINE#         551
  C:34E2H         LINE#         552
  C:34E2H         LINE#         553
  C:34EDH         LINE#         554
  -------         ENDPROC       USBXCORE_SET_FEATURE
  -------         PROC          USBXCORE_SET_ADDRESS
  C:388BH         LINE#         561
  C:388BH         LINE#         563
  C:389AH         LINE#         564
  C:38A0H         LINE#         565
  C:38A0H         LINE#         566
  C:38A3H         LINE#         567
  C:38A5H         LINE#         569
  C:38A5H         LINE#         570
  C:38A8H         LINE#         571
  C:38A8H         LINE#         572
  -------         ENDPROC       USBXCORE_SET_ADDRESS
  -------         PROC          USBXCORE_GET_DESCRIPTOR
  C:28B7H         LINE#         579
  C:28B7H         LINE#         580
  C:28C6H         LINE#         581
  C:28C6H         LINE#         582
  C:28C6H         LINE#         583
  C:28D4H         LINE#         584
  C:28D8H         LINE#         585
  C:28DAH         LINE#         586
  C:28DAH         LINE#         587
  C:28E8H         LINE#         588
  C:28FBH         LINE#         589
  C:28FDH         LINE#         590
BL51 BANKED LINKER/LOCATER V6.22                                                      07/13/2019  09:19:47  PAGE 45


  C:28FDH         LINE#         591
  C:2921H         LINE#         592
  C:292DH         LINE#         593
  C:292FH         LINE#         594
  C:292FH         LINE#         595
  C:2932H         LINE#         596
  C:2932H         LINE#         597
  C:2932H         LINE#         598
  C:2948H         LINE#         599
  C:2948H         LINE#         600
  C:2950H         LINE#         601
  C:2950H         LINE#         602
  C:2958H         LINE#         603
  C:2958H         LINE#         604
  C:295BH         LINE#         605
  C:2961H         LINE#         606
  C:2968H         LINE#         607
  C:2968H         LINE#         608
  -------         ENDPROC       USBXCORE_GET_DESCRIPTOR
  -------         PROC          USBXCORE_GET_CONFIGURATION
  C:3685H         LINE#         614
  C:3685H         LINE#         616
  C:368DH         LINE#         617
  C:368DH         LINE#         618
  C:3699H         LINE#         619
  C:36A1H         LINE#         620
  C:36A1H         LINE#         621
  C:36A5H         LINE#         622
  C:36A5H         LINE#         623
  C:36B3H         LINE#         624
  C:36BBH         LINE#         625
  C:36BBH         LINE#         626
  C:36BEH         LINE#         627
  C:36C4H         LINE#         628
  C:36CBH         LINE#         629
  -------         ENDPROC       USBXCORE_GET_CONFIGURATION
  -------         PROC          USBXCORE_SET_CONFIGURATION
  C:33E7H         LINE#         635
  C:33E7H         LINE#         637
  C:33F0H         LINE#         638
  C:33F0H         LINE#         639
  C:33F7H         LINE#         640
  C:33FDH         LINE#         641
  C:3402H         LINE#         642
  C:3404H         LINE#         644
  C:340FH         LINE#         645
  C:341AH         LINE#         646
  C:3425H         LINE#         653
  C:3430H         LINE#         654
  C:3432H         LINE#         656
  C:3432H         LINE#         657
  C:3438H         LINE#         658
  C:343CH         LINE#         659
  C:343EH         LINE#         660
  C:343EH         LINE#         661
  -------         ENDPROC       USBXCORE_SET_CONFIGURATION
  -------         PROC          USBXCORE_GET_INTERFACE
BL51 BANKED LINKER/LOCATER V6.22                                                      07/13/2019  09:19:47  PAGE 46


  C:381CH         LINE#         668
  C:381CH         LINE#         670
  C:382AH         LINE#         671
  C:3832H         LINE#         672
  C:3835H         LINE#         673
  C:383BH         LINE#         674
  C:3842H         LINE#         675
  -------         ENDPROC       USBXCORE_GET_INTERFACE
  -------         PROC          USBXCORE_SET_SOP
  C:392CH         LINE#         682
  C:392CH         LINE#         684
  C:3934H         LINE#         685
  C:3934H         LINE#         686
  C:393FH         LINE#         687
  C:393FH         LINE#         688
  -------         ENDPROC       USBXCORE_SET_SOP
  -------         PROC          USBXCORE_USB_ISR
  C:1B29H         LINE#         699
  C:1B46H         LINE#         702
  C:1B4CH         LINE#         703
  C:1B5FH         LINE#         706
  C:1B72H         LINE#         709
  C:1B76H         LINE#         710
  C:1B76H         LINE#         711
  C:1B81H         LINE#         712
  C:1B81H         LINE#         714
  C:1B88H         LINE#         715
  C:1B88H         LINE#         716
  C:1B8BH         LINE#         717
  C:1B8BH         LINE#         719
  C:1B92H         LINE#         720
  C:1B92H         LINE#         721
  C:1B9FH         LINE#         722
  C:1B9FH         LINE#         723
  C:1BA6H         LINE#         724
  C:1BA6H         LINE#         725
  C:1BA6H         LINE#         727
  C:1BA6H         LINE#         728
  C:1BA6H         LINE#         730
  C:1BA6H         LINE#         732
  C:1BB9H         LINE#         734
  C:1BBDH         LINE#         735
  C:1BBDH         LINE#         736
  C:1BC0H         LINE#         737
  C:1BC0H         LINE#         740
  C:1BC7H         LINE#         741
  C:1BC7H         LINE#         742
  C:1BD2H         LINE#         748
  C:1BE5H         LINE#         749
  C:1BEAH         LINE#         750
  C:1BEAH         LINE#         751
  C:1BF1H         LINE#         752
  C:1BF1H         LINE#         754
  C:1BF1H         LINE#         756
  C:1C04H         LINE#         759
  C:1C08H         LINE#         760
  C:1C08H         LINE#         761
BL51 BANKED LINKER/LOCATER V6.22                                                      07/13/2019  09:19:47  PAGE 47


  C:1C13H         LINE#         767
  C:1C26H         LINE#         768
  C:1C2AH         LINE#         769
  C:1C2AH         LINE#         770
  C:1C31H         LINE#         771
  C:1C31H         LINE#         772
  C:1C31H         LINE#         775
  C:1C3FH         LINE#         776
  C:1C44H         LINE#         777
  C:1C4AH         LINE#         778
  C:1C4FH         LINE#         781
  C:1C5CH         LINE#         782
  C:1C5CH         LINE#         783
  C:1C5FH         LINE#         784
  C:1C5FH         LINE#         785
  -------         ENDPROC       USBXCORE_USB_ISR
  -------         ENDMOD        USB_API

  -------         MODULE        USB_SUSPEND
  C:0000H         SYMBOL        _ICE_DUMMY_
  D:00D7H         PUBLIC        USB0XCN
  D:00C9H         PUBLIC        REG0CN
  C:37A3H         PUBLIC        USB_Suspend
  D:00A9H         PUBLIC        CLKSEL
  D:00B2H         PUBLIC        OSCICN
  D:00B9H         PUBLIC        CLKMUL
  -------         PROC          USB_SUSPEND
  C:37A3H         LINE#         70
  C:37A3H         LINE#         72
  C:37A6H         LINE#         74
  C:37A9H         LINE#         76
  C:37B1H         LINE#         79
  C:37B4H         LINE#         80
  C:37B7H         LINE#         81
  C:37BAH         LINE#         82
  C:37BDH         LINE#         84
  C:37BEH         LINE#         86
  C:37C1H         LINE#         88
  C:37C7H         LINE#         92
  C:37CAH         LINE#         94
  C:37CDH         LINE#         95
  -------         ENDPROC       USB_SUSPEND
  -------         ENDMOD        USB_SUSPEND

  -------         MODULE        USB_INT_ENABLE
  C:0000H         SYMBOL        _ICE_DUMMY_
  C:38E7H         PUBLIC        USB_Int_Enable
  D:0096H         PUBLIC        USB0ADR
  D:0097H         PUBLIC        USB0DAT
  -------         PROC          USB_INT_ENABLE
  C:38E7H         LINE#         68
  C:38E7H         LINE#         71
  C:38EEH         LINE#         73
  C:38F4H         LINE#         74
  C:38F4H         LINE#         75
  C:38FFH         LINE#         77
  C:38FFH         LINE#         78
BL51 BANKED LINKER/LOCATER V6.22                                                      07/13/2019  09:19:47  PAGE 48


  -------         ENDPROC       USB_INT_ENABLE
  -------         ENDMOD        USB_INT_ENABLE

  -------         MODULE        USB_CLOCK_RECOVERY
  C:0000H         SYMBOL        _ICE_DUMMY_
  C:3972H         PUBLIC        USBXcore_ClkRec
  D:0096H         PUBLIC        USB0ADR
  D:0097H         PUBLIC        USB0DAT
  -------         PROC          USBXCORE_CLKREC
  C:3972H         LINE#         45
  C:3972H         LINE#         47
  C:397DH         LINE#         48
  -------         ENDPROC       USBXCORE_CLKREC
  -------         ENDMOD        USB_CLOCK_RECOVERY

  -------         MODULE        ?C?FPMUL
  C:0C99H         PUBLIC        ?C?FPMUL
  -------         ENDMOD        ?C?FPMUL

  -------         MODULE        ?C?FCAST
  C:0DA9H         PUBLIC        ?C?FCASTC
  C:0DA4H         PUBLIC        ?C?FCASTI
  C:0D9FH         PUBLIC        ?C?FCASTL
  -------         ENDMOD        ?C?FCAST

  -------         MODULE        ?C?CASTF
  C:0DDDH         PUBLIC        ?C?CASTF
  -------         ENDMOD        ?C?CASTF

  -------         MODULE        ?C?COPY
  C:0F2EH         PUBLIC        ?C?COPY
  -------         ENDMOD        ?C?COPY

  -------         MODULE        ?C?CLDPTR
  C:0F54H         PUBLIC        ?C?CLDPTR
  -------         ENDMOD        ?C?CLDPTR

  -------         MODULE        ?C?CLDOPTR
  C:0F6DH         PUBLIC        ?C?CLDOPTR
  -------         ENDMOD        ?C?CLDOPTR

  -------         MODULE        ?C?IMUL
  C:0F9AH         PUBLIC        ?C?IMUL
  -------         ENDMOD        ?C?IMUL

  -------         MODULE        ?C?IILDX
  C:0FACH         PUBLIC        ?C?IILDX
  -------         ENDMOD        ?C?IILDX

  -------         MODULE        ?C?LMUL
  C:0FC2H         PUBLIC        ?C?LMUL
  -------         ENDMOD        ?C?LMUL

  -------         MODULE        ?C?ULDIV
  C:104DH         PUBLIC        ?C?ULDIV
  -------         ENDMOD        ?C?ULDIV

BL51 BANKED LINKER/LOCATER V6.22                                                      07/13/2019  09:19:47  PAGE 49


  -------         MODULE        ?C?LNEG
  C:10DFH         PUBLIC        ?C?LNEG
  -------         ENDMOD        ?C?LNEG

  -------         MODULE        ?C?ULCMP
  C:10EDH         PUBLIC        ?C?ULCMP
  -------         ENDMOD        ?C?ULCMP

  -------         MODULE        ?C?ULSHR
  C:10FEH         PUBLIC        ?C?ULSHR
  -------         ENDMOD        ?C?ULSHR

  -------         MODULE        ?C?LSHL
  C:1111H         PUBLIC        ?C?LSHL
  -------         ENDMOD        ?C?LSHL

  -------         MODULE        ?C?LLDIPDATA
  C:112DH         PUBLIC        ?C?LLDIPDATA
  C:1124H         PUBLIC        ?C?LLDIPDATA1
  C:1126H         PUBLIC        ?C?LLDIPDATA8
  -------         ENDMOD        ?C?LLDIPDATA

  -------         MODULE        ?C?LSTXDATA
  C:1144H         PUBLIC        ?C?LSTXDATA
  -------         ENDMOD        ?C?LSTXDATA

  -------         MODULE        ?C?LSTPDATA
  C:1150H         PUBLIC        ?C?LSTPDATA
  -------         ENDMOD        ?C?LSTPDATA

  -------         MODULE        ?C?LSTKXDATA
  C:115CH         PUBLIC        ?C?LSTKXDATA
  -------         ENDMOD        ?C?LSTKXDATA

  -------         MODULE        ?C?LSTKPDATA
  C:118DH         PUBLIC        ?C?LSTKPDATA
  -------         ENDMOD        ?C?LSTKPDATA

  -------         MODULE        ?C_PBP
  D:0008H         PUBLIC        ?C_PBP
  -------         ENDMOD        ?C_PBP

*** WARNING L14: INCOMPATIBLE MEMORY MODEL
    MODULE:  .\USBX_F34X.LIB (USB_API)
    MODEL:   SMALL

*** WARNING L14: INCOMPATIBLE MEMORY MODEL
    MODULE:  .\USBX_F34X.LIB (USB_SUSPEND)
    MODEL:   SMALL

*** WARNING L14: INCOMPATIBLE MEMORY MODEL
    MODULE:  .\USBX_F34X.LIB (USB_INT_ENABLE)
    MODEL:   SMALL

*** WARNING L14: INCOMPATIBLE MEMORY MODEL
    MODULE:  .\USBX_F34X.LIB (USB_CLOCK_RECOVERY)
    MODEL:   SMALL
BL51 BANKED LINKER/LOCATER V6.22                                                      07/13/2019  09:19:47  PAGE 50



*** WARNING L16: UNCALLED SEGMENT, IGNORED FOR OVERLAY PROCESS
    SEGMENT: ?PR?SD_INIT?MMC_SD

*** WARNING L16: UNCALLED SEGMENT, IGNORED FOR OVERLAY PROCESS
    SEGMENT: ?PR?_DISPPICFROMSD?LCD

*** WARNING L16: UNCALLED SEGMENT, IGNORED FOR OVERLAY PROCESS
    SEGMENT: ?PR?DISPSCALEHOR1?LCD

*** WARNING L16: UNCALLED SEGMENT, IGNORED FOR OVERLAY PROCESS
    SEGMENT: ?PR?DISPSCALEVER?LCD

*** WARNING L16: UNCALLED SEGMENT, IGNORED FOR OVERLAY PROCESS
    SEGMENT: ?PR?DISPSCALEVER_RED?LCD

*** WARNING L16: UNCALLED SEGMENT, IGNORED FOR OVERLAY PROCESS
    SEGMENT: ?PR?DISPSCALEVER_GREEN?LCD

*** WARNING L16: UNCALLED SEGMENT, IGNORED FOR OVERLAY PROCESS
    SEGMENT: ?PR?DISPSCALEVER_BLUE?LCD

*** WARNING L16: UNCALLED SEGMENT, IGNORED FOR OVERLAY PROCESS
    SEGMENT: ?PR?DISPSCALEVER_GRAY?LCD

*** WARNING L16: UNCALLED SEGMENT, IGNORED FOR OVERLAY PROCESS
    SEGMENT: ?PR?DISPGRAYHOR32?LCD

*** WARNING L16: UNCALLED SEGMENT, IGNORED FOR OVERLAY PROCESS
    SEGMENT: ?PR?DISPSCALEHOR2?LCD

*** WARNING L16: UNCALLED SEGMENT, IGNORED FOR OVERLAY PROCESS
    SEGMENT: ?PR?_DRAWGIRD?LCD

*** WARNING L15: MULTIPLE CALL TO SEGMENT
    SEGMENT: ?PR?_WRITECOMM?LCD
    CALLER1: ?PR?USB_API_TEST_ISR?MAIN
    CALLER2: ?C_C51STARTUP

Program Size: data=10.0 xdata=1211 code=14733
LINK/LOCATE RUN COMPLETE.  16 WARNING(S),  0 ERROR(S)
