BL51 BANKED LINKER/LOCATER V6.22                                                        03/07/2022  17:10:23  PAGE 1


BL51 BANKED LINKER/LOCATER V6.22, INVOKED BY:
D:\KEIL C51\C51\BIN\BL51.EXE main.obj, mmc_sd.obj, lcd.obj, tp.obj, .\USBX_F34X.LIB TO GC9203_BOE108_IPS_ZT_4W1L RAMSIZE
>>  (256)


MEMORY MODEL: COMPACT WITH FLOATING POINT ARITHMETIC


INPUT MODULES INCLUDED:
  main.obj (MAIN)
  mmc_sd.obj (MMC_SD)
  lcd.obj (LCD)
  tp.obj (TP)
  .\USBX_F34X.LIB (USB_API)
  .\USBX_F34X.LIB (USB_CLOCK_START)
  .\USBX_F34X.LIB (USB_SUSPEND)
  .\USBX_F34X.LIB (GET_INTERRUPT_SOURCE)
  .\USBX_F34X.LIB (BLOCK_READ)
  .\USBX_F34X.LIB (BLOCK_WRITE)
  .\USBX_F34X.LIB (USB_INT_ENABLE)
  .\USBX_F34X.LIB (USB_CLOCK_RECOVERY)
  .\USBX_F34X.LIB (USB_JUMP_ISR)
  D:\KEIL C51\C51\LIB\C51FPC.LIB (?C?FPMUL)
  D:\KEIL C51\C51\LIB\C51FPC.LIB (?C?FCAST)
  D:\KEIL C51\C51\LIB\C51FPC.LIB (?C?CASTF)
  D:\KEIL C51\C51\LIB\C51FPC.LIB (?C?FPGETOPN)
  D:\KEIL C51\C51\LIB\C51C.LIB (?C_STARTUP)
  D:\KEIL C51\C51\LIB\C51C.LIB (?C?COPY)
  D:\KEIL C51\C51\LIB\C51C.LIB (?C?CLDPTR)
  D:\KEIL C51\C51\LIB\C51C.LIB (?C?CLDOPTR)
  D:\KEIL C51\C51\LIB\C51C.LIB (?C?IMUL)
  D:\KEIL C51\C51\LIB\C51C.LIB (?C?IILDX)
  D:\KEIL C51\C51\LIB\C51C.LIB (?C?ILDOPTR)
  D:\KEIL C51\C51\LIB\C51C.LIB (?C?LMUL)
  D:\KEIL C51\C51\LIB\C51C.LIB (?C?ULDIV)
  D:\KEIL C51\C51\LIB\C51C.LIB (?C?LNEG)
  D:\KEIL C51\C51\LIB\C51C.LIB (?C?ULCMP)
  D:\KEIL C51\C51\LIB\C51C.LIB (?C?ULSHR)
  D:\KEIL C51\C51\LIB\C51C.LIB (?C?LSHL)
  D:\KEIL C51\C51\LIB\C51C.LIB (?C?LLDIPDATA)
  D:\KEIL C51\C51\LIB\C51C.LIB (?C?LSTXDATA)
  D:\KEIL C51\C51\LIB\C51C.LIB (?C?LSTPDATA)
  D:\KEIL C51\C51\LIB\C51C.LIB (?C?LSTKXDATA)
  D:\KEIL C51\C51\LIB\C51C.LIB (?C?LSTKPDATA)
  D:\KEIL C51\C51\LIB\C51C.LIB (?C_PBP)
  D:\KEIL C51\C51\LIB\C51C.LIB (?C_INIT)


LINK MAP OF MODULE:  GC9203_BOE108_IPS_ZT_4W1L (MAIN)


            TYPE    BASE      LENGTH    RELOCATION   SEGMENT NAME
            -----------------------------------------------------

            * * * * * * *   D A T A   M E M O R Y   * * * * * * *
            REG     0000H     0008H     ABSOLUTE     "REG BANK 0"
            DATA    0008H     0001H     UNIT         ?C?LIB_DATA
            IDATA   0009H     0001H     UNIT         ?STACK
BL51 BANKED LINKER/LOCATER V6.22                                                      03/07/2022  17:10:23  PAGE 2



            * * * * * * *  X D A T A   M E M O R Y  * * * * * * *
            XDATA   0000H     0010H     INPAGE       ?PD?MAIN
            XDATA   0010H     0004H     INPAGE       ?PD?_MMC_SD_READSINGLEBLOCK?MMC_SD
            XDATA   0014H     0005H     INPAGE       ?PD?_DISPPIC?LCD
            XDATA   0019H     000CH     INPAGE       ?PD?_DISPPICFROMSD?LCD
            XDATA   0025H     0004H     INPAGE       ?PD?DISPSCALEHOR1?LCD
            XDATA   0029H     0004H     INPAGE       ?PD?DISPSCALEVER?LCD
            XDATA   002DH     0004H     INPAGE       ?PD?DISPSCALEVER_RED?LCD
            XDATA   0031H     0004H     INPAGE       ?PD?DISPSCALEVER_GREEN?LCD
            XDATA   0035H     0004H     INPAGE       ?PD?DISPSCALEVER_BLUE?LCD
            XDATA   0039H     0004H     INPAGE       ?PD?DISPSCALEVER_GRAY?LCD
            XDATA   003DH     0004H     INPAGE       ?PD?DISPGRAYHOR32?LCD
            XDATA   0041H     0002H     INPAGE       ?PD?DISPSCALEHOR2?LCD
            XDATA   0043H     000CH     INPAGE       ?PD?_DRAWLINE?LCD
            XDATA   004FH     0004H     INPAGE       ?PD?_DRAWGIRD?LCD
            XDATA   0053H     0002H     INPAGE       ?PD?LCD
            XDATA   0055H     0022H     INPAGE       _PDATA_GROUP_
            XDATA   0077H     0200H     UNIT         ?XD?MMC_SD
            XDATA   0277H     0058H     UNIT         _XDATA_GROUP_
            XDATA   02CFH     0040H     UNIT         ?XD?MAIN
                    030FH     0331H                  *** GAP ***
            XDATA   0640H     0100H     ABSOLUTE     
            XDATA   0740H     0012H     ABSOLUTE     
            XDATA   0752H     0020H     ABSOLUTE     
            XDATA   0772H     000CH     ABSOLUTE     
            XDATA   077EH     0008H     ABSOLUTE     
            XDATA   0786H     0001H     ABSOLUTE     
            XDATA   0787H     0003H     ABSOLUTE     
            XDATA   078AH     0002H     ABSOLUTE     
            XDATA   078CH     0002H     ABSOLUTE     
            XDATA   078EH     0003H     ABSOLUTE     
            XDATA   0791H     0001H     ABSOLUTE     
            XDATA   0792H     0001H     ABSOLUTE     
            XDATA   0793H     0001H     ABSOLUTE     
            XDATA   0794H     0001H     ABSOLUTE     
            XDATA   0795H     0002H     ABSOLUTE     
            XDATA   0797H     0002H     ABSOLUTE     
            XDATA   0799H     0001H     ABSOLUTE     
            XDATA   079AH     0001H     ABSOLUTE     
            XDATA   079BH     0001H     ABSOLUTE     
            XDATA   079CH     0001H     ABSOLUTE     
            XDATA   079DH     0001H     ABSOLUTE     
            XDATA   079EH     0001H     ABSOLUTE     
            XDATA   079FH     0002H     ABSOLUTE     
            XDATA   07A1H     0001H     ABSOLUTE     
            XDATA   07A2H     0001H     ABSOLUTE     
            XDATA   07A3H     000CH     ABSOLUTE     
                    07AFH     0011H                  *** GAP ***
            XDATA   07C0H     0040H     ABSOLUTE     

            * * * * * * *   C O D E   M E M O R Y   * * * * * * *
            CODE    0000H     0003H     ABSOLUTE     
            CODE    0003H     0040H     UNIT         ?PR?_WRITEDISPDATA?LCD
            CODE    0043H     0003H     ABSOLUTE     
            CODE    0046H     0044H     UNIT         ?PR?_WRITECOMM?LCD
                    008AH     0001H                  *** GAP ***
BL51 BANKED LINKER/LOCATER V6.22                                                      03/07/2022  17:10:23  PAGE 3


            CODE    008BH     0003H     ABSOLUTE     
            CODE    008EH     060BH     UNIT         ?PR?CONNTOUSB?MAIN
            CODE    0699H     0600H     UNIT         ?CO?LCD
            CODE    0C99H     0545H     UNIT         ?C?LIB_CODE
            CODE    11DEH     0233H     UNIT         ?PR?USBXCORE_HANDLE_SETUP?USB_API
            CODE    1411H     0232H     UNIT         ?PR?_LCD_READ_IC_ID?LCD
            CODE    1643H     0220H     UNIT         ?PR?DISPSCALEHOR1?LCD
            CODE    1863H     01D6H     UNIT         ?PR?TP_DRAWLINE?TP
            CODE    1A39H     01BAH     UNIT         ?PR?DISPSCALEHOR2?LCD
            CODE    1BF3H     016FH     UNIT         ?PR?LCD_INIT?LCD
            CODE    1D62H     0151H     UNIT         ?PR?USBXCORE_USB_ISR?USB_API
            CODE    1EB3H     0150H     UNIT         ?PR?DISPBAND?LCD
            CODE    2003H     013BH     UNIT         ?PR?USB_API_TEST_ISR?MAIN
            CODE    213EH     0137H     UNIT         ?PR?_USB_INIT?USB_API
            CODE    2275H     0128H     UNIT         ?PR?DISPSCALEVER?LCD
            CODE    239DH     011BH     UNIT         ?PR?_TP_GETPOSITION?TP
            CODE    24B8H     0111H     UNIT         ?PR?_BLOCK_WRITE?BLOCK_WRITE
            CODE    25C9H     00E6H     UNIT         ?PR?_DISPPICFROMSD?LCD
            CODE    26AFH     00CDH     UNIT         ?PR?USBXCORE_VENDOR_USB_API?USB_API
            CODE    277CH     00C8H     UNIT         ?PR?_DISPONECHAR?LCD
            CODE    2844H     00B7H     UNIT         ?PR?MMC_SD_RESET?MMC_SD
            CODE    28FBH     00B3H     UNIT         ?PR?_DISPINT?LCD
            CODE    29AEH     00B2H     UNIT         ?PR?USBXCORE_GET_DESCRIPTOR?USB_API
            CODE    2A60H     00AFH     UNIT         ?PR?_BLOCK_READ?BLOCK_READ
            CODE    2B0FH     00AAH     UNIT         ?PR?DISPFRAME?LCD
            CODE    2BB9H     00A0H     UNIT         ?PR?DISPSCALEVER_GREEN?LCD
            CODE    2C59H     009BH     UNIT         ?PR?DISPGRAYHOR16?LCD
            CODE    2CF4H     0096H     UNIT         ?PR?_DISPSTR?LCD
            CODE    2D8AH     0091H     UNIT         ?PR?DISPSCALEVER_RED?LCD
            CODE    2E1BH     0091H     UNIT         ?PR?DISPSCALEVER_GRAY?LCD
            CODE    2EACH     008FH     UNIT         ?PR?_DRAWGIRD?LCD
            CODE    2F3BH     008CH     UNIT         ?C_C51STARTUP
            CODE    2FC7H     0086H     UNIT         ?PR?DISPSCALEVER_BLUE?LCD
            CODE    304DH     0086H     UNIT         ?PR?_DRAWLINE?LCD
            CODE    30D3H     007DH     UNIT         ?PR?_MMC_SD_WRITESINGLEBLOCK?MMC_SD
            CODE    3150H     0078H     UNIT         ?PR?DISPGRAYHOR32?LCD
            CODE    31C8H     0075H     UNIT         ?PR?_MMC_SD_SENDCOMMAND?MMC_SD
            CODE    323DH     0073H     UNIT         ?PR?TP_READ?TP
            CODE    32B0H     0073H     UNIT         ?PR?USBXCORE_GET_STATUS?USB_API
            CODE    3323H     0072H     UNIT         ?PR?_?BLOCKWRITE?LCD
            CODE    3395H     006CH     UNIT         ?PR?DEVICES_INIT?MAIN
            CODE    3401H     0064H     UNIT         ?PR?_MMC_SD_READSINGLEBLOCK?MMC_SD
            CODE    3465H     005DH     UNIT         ?PR?_DISPPIC?LCD
            CODE    34C2H     005BH     UNIT         ?PR?_TOORD?LCD
            CODE    351DH     005AH     UNIT         ?PR?USBXCORE_SET_CONFIGURATION?USB_API
            CODE    3577H     0058H     UNIT         ?PR?USBXCORE_CLEAR_FEATURE?USB_API
            CODE    35CFH     0057H     UNIT         ?PR?USBXCORE_SET_FEATURE?USB_API
            CODE    3626H     0055H     UNIT         ?PR?_STOPDELAY?MAIN
            CODE    367BH     0052H     UNIT         ?PR?_PUTPIXEL?LCD
            CODE    36CDH     0051H     UNIT         ?PR?_WRITEDATA?LCD
            CODE    371EH     0050H     UNIT         ?CO?MAIN
            CODE    376EH     0047H     UNIT         ?PR?USBXCORE_GET_CONFIGURATION?USB_API
            CODE    37B5H     0043H     UNIT         ?PR?MCU_INIT?MAIN
            CODE    37F8H     0043H     UNIT         ?PR?_DISPCOLOR?LCD
            CODE    383BH     003AH     UNIT         ?CO?USB_API
            CODE    3875H     0038H     UNIT         ?PR?USB_CLOCK_START?USB_CLOCK_START
            CODE    38ADH     0034H     UNIT         ?PR?MAIN?MAIN
BL51 BANKED LINKER/LOCATER V6.22                                                      03/07/2022  17:10:23  PAGE 4


            CODE    38E1H     002DH     UNIT         ?C_INITSEG
            CODE    390EH     002BH     UNIT         ?PR?USB_SUSPEND?USB_SUSPEND
            CODE    3939H     0027H     UNIT         ?PR?USBXCORE_USB_RESET?USB_API
            CODE    3960H     0027H     UNIT         ?PR?USBXCORE_GET_INTERFACE?USB_API
            CODE    3987H     0026H     UNIT         ?PR?_TP_WRITE?TP
            CODE    39ADH     0022H     UNIT         ?PR?USBXCORE_JUMP_ISR?USB_JUMP_ISR
            CODE    39CFH     0020H     UNIT         ?PR?USBXCORE_SET_ADDRESS?USB_API
            CODE    39EFH     001FH     UNIT         ?PR?_DELAY?MAIN
            CODE    3A0EH     001DH     UNIT         ?PR?USBXCORE_FORCE_STALL?USB_API
            CODE    3A2BH     0019H     UNIT         ?PR?USB_INT_ENABLE?USB_INT_ENABLE
            CODE    3A44H     0016H     UNIT         ?PR?_SPI_WRITEBYTE?MMC_SD
            CODE    3A5AH     0016H     UNIT         ?PR?READDATA?LCD
            CODE    3A70H     0014H     UNIT         ?PR?USBXCORE_SET_SOP?USB_API
            CODE    3A84H     0013H     UNIT         ?PR?WAITKEY?MAIN
            CODE    3A97H     0011H     UNIT         ?PR?SD_INIT?MMC_SD
            CODE    3AA8H     000EH     UNIT         ?PR?GET_INTERRUPT_SOURCE?GET_INTERRUPT_SOURCE
            CODE    3AB6H     000CH     UNIT         ?PR?USBXCORE_CLKREC?USB_CLOCK_RECOVERY
            CODE    3AC2H     000BH     UNIT         ?PR?SPI_READBYTE?MMC_SD
            CODE    3ACDH     0009H     UNIT         ?PR?_WRITEONEDOT?LCD
            CODE    3AD6H     0008H     UNIT         ?CO?TP
            CODE    3ADEH     0003H     UNIT         ?PR?SUSPEND_DEVICE?MAIN



OVERLAY MAP OF MODULE:   GC9203_BOE108_IPS_ZT_4W1L (MAIN)


SEGMENT                                            PDATA_GROUP         XDATA_GROUP
  +--> CALLED SEGMENT                            START    LENGTH     START    LENGTH
------------------------------------------------------------------------------------
?PR?USB_API_TEST_ISR?MAIN                        0055H    0001H      -----    -----
  +--> ?PR?GET_INTERRUPT_SOURCE?GET_INTERRUP...
  +--> ?PR?_BLOCK_READ?BLOCK_READ
  +--> ?PR?SUSPEND_DEVICE?MAIN
  +--> ?PR?MCU_INIT?MAIN
  +--> ?PR?_?BLOCKWRITE?LCD

?PR?SUSPEND_DEVICE?MAIN                          -----    -----      -----    -----
  +--> ?PR?USB_SUSPEND?USB_SUSPEND

?PR?USB_SUSPEND?USB_SUSPEND                      -----    -----      -----    -----
  +--> ?PR?USB_CLOCK_START?USB_CLOCK_START

?PR?_?BLOCKWRITE?LCD                             -----    -----      -----    -----
  +--> ?PR?_WRITECOMM?LCD
  +--> ?PR?_WRITEDATA?LCD

?PR?_WRITEDATA?LCD                               -----    -----      -----    -----
  +--> ?PR?_WRITECOMM?LCD

*** NEW ROOT ***************************************************

?PR?USBXCORE_USB_ISR?USB_API                     -----    -----      -----    -----
  +--> ?PR?USBXCORE_USB_RESET?USB_API
  +--> ?PR?USBXCORE_HANDLE_SETUP?USB_API
  +--> ?PR?USBXCORE_JUMP_ISR?USB_JUMP_ISR

BL51 BANKED LINKER/LOCATER V6.22                                                      03/07/2022  17:10:23  PAGE 5


?PR?USBXCORE_HANDLE_SETUP?USB_API                -----    -----      -----    -----
  +--> ?PR?USBXCORE_GET_STATUS?USB_API
  +--> ?PR?USBXCORE_CLEAR_FEATURE?USB_API
  +--> ?PR?USBXCORE_VENDOR_USB_API?USB_API
  +--> ?PR?USBXCORE_SET_FEATURE?USB_API
  +--> ?PR?USBXCORE_SET_ADDRESS?USB_API
  +--> ?PR?USBXCORE_GET_DESCRIPTOR?USB_API
  +--> ?PR?USBXCORE_GET_CONFIGURATION?USB_API
  +--> ?PR?USBXCORE_SET_CONFIGURATION?USB_API
  +--> ?PR?USBXCORE_GET_INTERFACE?USB_API
  +--> ?PR?USBXCORE_SET_SOP?USB_API
  +--> ?PR?USBXCORE_FORCE_STALL?USB_API

?PR?USBXCORE_GET_STATUS?USB_API                  -----    -----      -----    -----
  +--> ?CO?USB_API
  +--> ?PR?USBXCORE_FORCE_STALL?USB_API
  +--> ?PR?USBXCORE_SET_SOP?USB_API

?PR?USBXCORE_CLEAR_FEATURE?USB_API               -----    -----      -----    -----
  +--> ?PR?USBXCORE_FORCE_STALL?USB_API
  +--> ?PR?USBXCORE_SET_SOP?USB_API

?PR?USBXCORE_VENDOR_USB_API?USB_API              -----    -----      -----    -----
  +--> ?PR?USBXCORE_SET_SOP?USB_API

?PR?USBXCORE_SET_FEATURE?USB_API                 -----    -----      -----    -----
  +--> ?PR?USBXCORE_FORCE_STALL?USB_API
  +--> ?PR?USBXCORE_SET_SOP?USB_API

?PR?USBXCORE_SET_ADDRESS?USB_API                 -----    -----      -----    -----
  +--> ?PR?USBXCORE_SET_SOP?USB_API

?PR?USBXCORE_GET_DESCRIPTOR?USB_API              -----    -----      -----    -----
  +--> ?PR?USBXCORE_FORCE_STALL?USB_API
  +--> ?PR?USBXCORE_SET_SOP?USB_API

?PR?USBXCORE_GET_CONFIGURATION?USB_API           -----    -----      -----    -----
  +--> ?CO?USB_API
  +--> ?PR?USBXCORE_SET_SOP?USB_API

?PR?USBXCORE_SET_CONFIGURATION?USB_API           -----    -----      -----    -----
  +--> ?PR?USBXCORE_SET_SOP?USB_API

?PR?USBXCORE_GET_INTERFACE?USB_API               -----    -----      -----    -----
  +--> ?CO?USB_API
  +--> ?PR?USBXCORE_SET_SOP?USB_API

*** NEW ROOT ***************************************************

?C_C51STARTUP                                    -----    -----      -----    -----
  +--> ?PR?MAIN?MAIN
  +--> ?C_INITSEG

?PR?MAIN?MAIN                                    -----    -----      -----    -----
  +--> ?PR?DEVICES_INIT?MAIN
  +--> ?PR?DISPFRAME?LCD
  +--> ?PR?_STOPDELAY?MAIN
BL51 BANKED LINKER/LOCATER V6.22                                                      03/07/2022  17:10:23  PAGE 6


  +--> ?PR?WAITKEY?MAIN
  +--> ?PR?_DISPCOLOR?LCD
  +--> ?PR?DISPGRAYHOR16?LCD
  +--> ?PR?DISPBAND?LCD
  +--> ?PR?TP_DRAWLINE?TP

?PR?DEVICES_INIT?MAIN                            -----    -----      -----    -----
  +--> ?PR?MCU_INIT?MAIN
  +--> ?PR?USB_CLOCK_START?USB_CLOCK_START
  +--> ?CO?MAIN
  +--> ?PR?_USB_INIT?USB_API
  +--> ?PR?USB_INT_ENABLE?USB_INT_ENABLE
  +--> ?PR?LCD_INIT?LCD

?PR?_USB_INIT?USB_API                            -----    -----      0277H    0011H
  +--> ?CO?USB_API
  +--> ?PR?USBXCORE_CLKREC?USB_CLOCK_RECOVERY

?PR?LCD_INIT?LCD                                 -----    -----      -----    -----
  +--> ?PR?READDATA?LCD
  +--> ?PR?_DELAY?MAIN
  +--> ?PR?_WRITECOMM?LCD
  +--> ?PR?_WRITEDATA?LCD

?PR?READDATA?LCD                                 -----    -----      -----    -----
  +--> ?PR?_LCD_READ_IC_ID?LCD

?PR?_LCD_READ_IC_ID?LCD                          005FH    0008H      -----    -----

?PR?DISPFRAME?LCD                                0056H    0002H      -----    -----
  +--> ?PR?_?BLOCKWRITE?LCD
  +--> ?PR?_WRITEDISPDATA?LCD

?PR?_STOPDELAY?MAIN                              0056H    0004H      -----    -----
  +--> ?PR?WAITKEY?MAIN
  +--> ?PR?_DELAY?MAIN

?PR?WAITKEY?MAIN                                 -----    -----      -----    -----
  +--> ?PR?CONNTOUSB?MAIN
  +--> ?PR?_DELAY?MAIN

?PR?CONNTOUSB?MAIN                               005AH    0005H      0277H    0058H
  +--> ?CO?MAIN
  +--> ?PR?_WRITECOMM?LCD
  +--> ?PR?_WRITEDATA?LCD
  +--> ?PR?_DISPSTR?LCD
  +--> ?PR?_DISPINT?LCD
  +--> ?PR?_WRITEDISPDATA?LCD
  +--> ?PR?_MMC_SD_WRITESINGLEBLOCK?MMC_SD
  +--> ?PR?_BLOCK_WRITE?BLOCK_WRITE
  +--> ?PR?READDATA?LCD
  +--> ?PR?_DELAY?MAIN

?PR?_DISPSTR?LCD                                 005FH    000BH      -----    -----
  +--> ?PR?_TOORD?LCD
  +--> ?PR?_DISPONECHAR?LCD

BL51 BANKED LINKER/LOCATER V6.22                                                      03/07/2022  17:10:23  PAGE 7


?PR?_DISPONECHAR?LCD                             006AH    000DH      -----    -----
  +--> ?PR?_?BLOCKWRITE?LCD
  +--> ?CO?LCD
  +--> ?PR?_WRITEONEDOT?LCD

?PR?_WRITEONEDOT?LCD                             -----    -----      -----    -----
  +--> ?PR?_WRITEDISPDATA?LCD

?PR?_DISPINT?LCD                                 005FH    000AH      -----    -----
  +--> ?PR?_DISPONECHAR?LCD

?PR?_MMC_SD_WRITESINGLEBLOCK?MMC_SD              005FH    0004H      -----    -----
  +--> ?PR?_MMC_SD_SENDCOMMAND?MMC_SD
  +--> ?PR?_SPI_WRITEBYTE?MMC_SD

?PR?_MMC_SD_SENDCOMMAND?MMC_SD                   0063H    0005H      -----    -----
  +--> ?PR?_SPI_WRITEBYTE?MMC_SD

?PR?_DISPCOLOR?LCD                               0056H    0003H      -----    -----
  +--> ?PR?_?BLOCKWRITE?LCD
  +--> ?PR?_WRITEDISPDATA?LCD

?PR?DISPGRAYHOR16?LCD                            0056H    0004H      -----    -----
  +--> ?PR?_?BLOCKWRITE?LCD
  +--> ?PR?_WRITEDISPDATA?LCD

?PR?DISPBAND?LCD                                 0056H    0004H      -----    -----
  +--> ?PR?_?BLOCKWRITE?LCD
  +--> ?PR?_WRITEDISPDATA?LCD

?PR?TP_DRAWLINE?TP                               -----    -----      0277H    0018H
  +--> ?PR?_DISPCOLOR?LCD
  +--> ?CO?TP
  +--> ?PR?_DISPSTR?LCD
  +--> ?PR?_DELAY?MAIN
  +--> ?PR?_TP_GETPOSITION?TP
  +--> ?PR?_PUTPIXEL?LCD

?PR?_TP_GETPOSITION?TP                           -----    -----      028FH    001BH
  +--> ?PR?_TP_WRITE?TP
  +--> ?PR?TP_READ?TP

?PR?_TP_WRITE?TP                                 -----    -----      02AAH    0001H

?PR?TP_READ?TP                                   -----    -----      02AAH    0005H

?PR?_PUTPIXEL?LCD                                0056H    0002H      -----    -----
  +--> ?PR?_?BLOCKWRITE?LCD
  +--> ?PR?_WRITEDISPDATA?LCD



SYMBOL TABLE OF MODULE:  GC9203_BOE108_IPS_ZT_4W1L (MAIN)

  VALUE           TYPE          NAME
  ----------------------------------

BL51 BANKED LINKER/LOCATER V6.22                                                      03/07/2022  17:10:23  PAGE 8


  -------         MODULE        MAIN
  C:0000H         SYMBOL        _ICE_DUMMY_
  D:0080H         PUBLIC        P0
  X:0000H         PUBLIC        f_down
  D:0090H         PUBLIC        P1
  D:00A0H         PUBLIC        P2
  D:00B0H         PUBLIC        P3
  C:3769H         PUBLIC        USB_MaxPower
  B:00B0H.6       PUBLIC        KEY_STEP
  D:00A4H         PUBLIC        P0MDOUT
  D:00A5H         PUBLIC        P1MDOUT
  D:00A6H         PUBLIC        P2MDOUT
  D:00A7H         PUBLIC        P3MDOUT
  D:00AEH         PUBLIC        P4MDOUT
  B:0080H.6       PUBLIC        OE
  D:00D9H         PUBLIC        PCA0MD
  C:2003H         PUBLIC        USB_API_TEST_ISR
  C:3ADEH         PUBLIC        Suspend_Device
  C:362AH         PUBLIC        _StopDelay
  D:00E1H         PUBLIC        XBR0
  D:00E2H         PUBLIC        XBR1
  B:00B0H.1       PUBLIC        RS
  C:38ADH         PUBLIC        main
  X:0001H         PUBLIC        VerifyCode0
  X:0002H         PUBLIC        VerifyCode1
  C:3733H         PUBLIC        USB_PID
  X:0003H         PUBLIC        VerifyCode2
  D:00F1H         PUBLIC        P0MDIN
  D:00F2H         PUBLIC        P1MDIN
  C:3735H         PUBLIC        USB_MfrStr
  D:00F4H         PUBLIC        P3MDIN
  C:3731H         PUBLIC        USB_VID
  D:00F8H         PUBLIC        SPI0CN
  X:0004H         PUBLIC        pic
  C:3395H         PUBLIC        Devices_Init
  C:008EH         PUBLIC        ConnToUSB
  D:00A9H         PUBLIC        CLKSEL
  D:00B2H         PUBLIC        OSCICN
  C:376AH         PUBLIC        USB_PwAttributes
  C:3A84H         PUBLIC        WaitKey
  C:376DH         SYMBOL        _?ix1000
  B:00A0H.0       PUBLIC        CS0
  X:0005H         PUBLIC        bf
  C:376BH         PUBLIC        USB_bcdDevice
  D:00B9H         PUBLIC        CLKMUL
  X:0007H         PUBLIC        f_debug
  X:0008H         PUBLIC        sd
  X:02CFH         PUBLIC        Packet
  C:37B5H         PUBLIC        MCU_Init
  B:0080H.7       PUBLIC        DIR
  D:00EFH         PUBLIC        RSTSRC
  X:000CH         PUBLIC        f_read
  C:375FH         PUBLIC        USB_SerialStr
  X:000DH         PUBLIC        f_other
  C:374FH         PUBLIC        USB_ProductStr
  X:000EH         PUBLIC        f_para
  D:00A1H         PUBLIC        SPI0CFG
BL51 BANKED LINKER/LOCATER V6.22                                                      03/07/2022  17:10:23  PAGE 9


  C:39EFH         PUBLIC        _Delay
  B:00B0H.7       PUBLIC        KEY_Stop
  X:000FH         PUBLIC        f_init
  -------         PROC          MAIN
  C:38ADH         LINE#         40
  C:38ADH         LINE#         41
  C:38ADH         LINE#         46
  C:38B0H         LINE#         53
  C:38B3H         LINE#         54
  C:38B3H         LINE#         72
  C:38BCH         LINE#         73
  C:38C9H         LINE#         78
  C:38D2H         LINE#         79
  C:38DBH         LINE#         85
  C:38DEH         LINE#         87
  C:38E0H         LINE#         89
  -------         ENDPROC       MAIN
  -------         PROC          _DELAY
  D:0006H         SYMBOL        dly
  -------         DO            
  D:0004H         SYMBOL        i
  D:0002H         SYMBOL        j
  -------         ENDDO         
  C:39EFH         LINE#         91
  C:39EFH         LINE#         92
  C:39EFH         LINE#         95
  C:39F9H         LINE#         96
  C:3A0DH         LINE#         97
  -------         ENDPROC       _DELAY
  C:3626H         SYMBOL        L?0133
  -------         PROC          L?0132
  -------         ENDPROC       L?0132
  C:3626H         SYMBOL        L?0133
  -------         PROC          _STOPDELAY
  X:0056H         SYMBOL        sdly
  -------         DO            
  D:0006H         SYMBOL        i
  D:0004H         SYMBOL        j
  X:0058H         SYMBOL        k
  -------         ENDDO         
  C:362AH         LINE#         99
  C:3631H         LINE#         100
  C:3631H         LINE#         102
  C:3636H         LINE#         103
  C:3636H         LINE#         104
  C:3639H         LINE#         105
  C:3639H         LINE#         106
  C:3646H         LINE#         107
  C:365AH         LINE#         108
  C:365AH         LINE#         110
  C:365AH         LINE#         111
  C:3664H         LINE#         112
  C:3664H         LINE#         113
  C:367AH         LINE#         114
  -------         ENDPROC       _STOPDELAY
  -------         PROC          WAITKEY
  C:3A84H         LINE#         144
BL51 BANKED LINKER/LOCATER V6.22                                                      03/07/2022  17:10:23  PAGE 10


  C:3A84H         LINE#         145
  C:3A84H         LINE#         147
  C:3A87H         LINE#         148
  C:3A87H         LINE#         150
  C:3A8AH         LINE#         152
  C:3A8CH         LINE#         153
  C:3A93H         LINE#         154
  C:3A96H         LINE#         156
  -------         ENDPROC       WAITKEY
  -------         PROC          CONNTOUSB
  -------         DO            
  X:005AH         SYMBOL        i
  X:0277H         SYMBOL        reg_data
  X:028FH         SYMBOL        para_data
  D:0007H         SYMBOL        dat
  X:005BH         SYMBOL        reg_index
  X:005DH         SYMBOL        data_num
  X:005EH         SYMBOL        st
  -------         ENDDO         
  C:008EH         LINE#         162
  C:008EH         LINE#         163
  C:008EH         LINE#         170
  C:00A1H         LINE#         172
  C:00A9H         LINE#         173
  C:00A9H         LINE#         174
  C:00B7H         LINE#         175
  C:00B7H         LINE#         176
  C:00C8H         LINE#         177
  C:00C8H         LINE#         178
  C:00EEH         LINE#         179
  C:00F0H         LINE#         180
  C:0104H         LINE#         181
  C:0104H         LINE#         182
  C:012AH         LINE#         184
  C:012AH         LINE#         185
  C:012AH         LINE#         186
  C:012AH         LINE#         188
  C:012AH         LINE#         189
  C:0132H         LINE#         190
  C:013CH         LINE#         191
  C:0146H         LINE#         193
  C:0162H         LINE#         195
  C:016CH         LINE#         196
  C:016CH         LINE#         197
  C:017DH         LINE#         198
  C:017DH         LINE#         199
  C:018EH         LINE#         200
  C:018EH         LINE#         201
  C:01E1H         LINE#         202
  C:01E3H         LINE#         203
  C:01F9H         LINE#         204
  C:01F9H         LINE#         205
  C:024BH         LINE#         206
  C:024BH         LINE#         207
  C:024BH         LINE#         208
  C:024BH         LINE#         210
  C:024BH         LINE#         211
BL51 BANKED LINKER/LOCATER V6.22                                                      03/07/2022  17:10:23  PAGE 11


  C:0253H         LINE#         212
  C:0253H         LINE#         213
  C:025DH         LINE#         214
  C:0267H         LINE#         216
  C:026BH         LINE#         217
  C:026EH         LINE#         221
  C:0276H         LINE#         222
  C:0276H         LINE#         223
  C:0285H         LINE#         224
  C:0285H         LINE#         225
  C:0287H         LINE#         227
  C:0289H         LINE#         228
  C:02A5H         LINE#         229
  C:02A7H         LINE#         231
  C:02D0H         LINE#         232
  C:02F4H         LINE#         233
  C:02FEH         LINE#         234
  C:02FEH         LINE#         235
  C:0306H         LINE#         236
  C:030DH         LINE#         237
  C:0318H         LINE#         238
  C:031EH         LINE#         239
  C:031EH         LINE#         240
  C:0327H         LINE#         242
  C:032BH         LINE#         243
  C:0337H         LINE#         244
  C:033AH         LINE#         247
  C:0342H         LINE#         248
  C:0342H         LINE#         249
  C:034BH         LINE#         250
  C:034BH         LINE#         251
  C:035BH         LINE#         252
  C:035BH         LINE#         253
  C:035DH         LINE#         255
  C:035FH         LINE#         256
  C:037BH         LINE#         257
  C:037DH         LINE#         259
  C:03A6H         LINE#         260
  C:03CAH         LINE#         262
  C:03D4H         LINE#         263
  C:03D4H         LINE#         264
  C:03DCH         LINE#         265
  C:03E3H         LINE#         266
  C:03EEH         LINE#         267
  C:03F4H         LINE#         268
  C:03F4H         LINE#         270
  C:03FDH         LINE#         276
  C:03FDH         LINE#         277
  C:040AH         LINE#         278
  C:040AH         LINE#         279
  C:040CH         LINE#         281
  C:040EH         LINE#         282
  C:042AH         LINE#         283
  C:042CH         LINE#         285
  C:0434H         LINE#         286
  C:0438H         LINE#         287
  C:0444H         LINE#         288
BL51 BANKED LINKER/LOCATER V6.22                                                      03/07/2022  17:10:23  PAGE 12


  C:0444H         LINE#         289
  C:0447H         LINE#         292
  C:044FH         LINE#         293
  C:044FH         LINE#         294
  C:0460H         LINE#         295
  C:0460H         LINE#         296
  C:046DH         LINE#         297
  C:046DH         LINE#         298
  C:048BH         LINE#         299
  C:048DH         LINE#         300
  C:049DH         LINE#         301
  C:049DH         LINE#         302
  C:04BBH         LINE#         303
  C:04BDH         LINE#         304
  C:04CEH         LINE#         305
  C:04CEH         LINE#         306
  C:04D8H         LINE#         307
  C:04E2H         LINE#         308
  C:04E2H         LINE#         309
  C:04E2H         LINE#         310
  C:04E2H         LINE#         312
  C:04E2H         LINE#         313
  C:04EBH         LINE#         314
  C:04EFH         LINE#         315
  C:04FBH         LINE#         316
  C:04FEH         LINE#         319
  C:0506H         LINE#         320
  C:0506H         LINE#         321
  C:0513H         LINE#         322
  C:0524H         LINE#         324
  C:052DH         LINE#         325
  C:053CH         LINE#         327
  C:0544H         LINE#         328
  C:0544H         LINE#         329
  C:054DH         LINE#         330
  C:055CH         LINE#         331
  C:055CH         LINE#         332
  C:055FH         LINE#         333
  C:056EH         LINE#         334
  C:057AH         LINE#         335
  C:0580H         LINE#         336
  C:0580H         LINE#         338
  C:0584H         LINE#         339
  C:0593H         LINE#         341
  C:059AH         LINE#         342
  C:05B6H         LINE#         343
  C:05C0H         LINE#         344
  C:05C0H         LINE#         345
  C:05E6H         LINE#         346
  C:05F9H         LINE#         347
  C:05F9H         LINE#         348
  C:064BH         LINE#         349
  C:0653H         LINE#         350
  C:0653H         LINE#         351
  C:0653H         LINE#         354
  C:0658H         LINE#         355
  C:0658H         LINE#         356
BL51 BANKED LINKER/LOCATER V6.22                                                      03/07/2022  17:10:23  PAGE 13


  C:0665H         LINE#         357
  C:0676H         LINE#         359
  C:067BH         LINE#         360
  C:067FH         LINE#         361
  C:0682H         LINE#         362
  C:0686H         LINE#         364
  C:068AH         LINE#         365
  C:0696H         LINE#         366
  C:0698H         LINE#         367
  -------         ENDPROC       CONNTOUSB
  -------         PROC          MCU_INIT
  -------         DO            
  D:0007H         SYMBOL        n
  -------         ENDDO         
  C:37B5H         LINE#         370
  C:37B5H         LINE#         371
  C:37B5H         LINE#         373
  C:37B8H         LINE#         376
  C:37BBH         LINE#         377
  C:37BEH         LINE#         379
  C:37C1H         LINE#         381
  C:37C7H         LINE#         383
  C:37CAH         LINE#         384
  C:37CFH         LINE#         385
  C:37D2H         LINE#         387
  C:37D5H         LINE#         390
  C:37D8H         LINE#         391
  C:37DBH         LINE#         393
  C:37DEH         LINE#         394
  C:37E1H         LINE#         396
  C:37E4H         LINE#         397
  C:37E7H         LINE#         399
  C:37EAH         LINE#         400
  C:37EDH         LINE#         401
  C:37EFH         LINE#         402
  C:37F1H         LINE#         404
  C:37F4H         LINE#         405
  C:37F7H         LINE#         407
  -------         ENDPROC       MCU_INIT
  -------         PROC          DEVICES_INIT
  C:3395H         LINE#         409
  C:3395H         LINE#         410
  C:3395H         LINE#         412
  C:3398H         LINE#         415
  C:339BH         LINE#         416
  C:33F5H         LINE#         417
  C:33F8H         LINE#         420
  C:33FBH         LINE#         421
  C:33FEH         LINE#         429
  -------         ENDPROC       DEVICES_INIT
  -------         PROC          SUSPEND_DEVICE
  C:3ADEH         LINE#         433
  C:3ADEH         LINE#         434
  C:3ADEH         LINE#         435
  -------         ENDPROC       SUSPEND_DEVICE
  -------         PROC          USB_API_TEST_ISR
  -------         DO            
BL51 BANKED LINKER/LOCATER V6.22                                                      03/07/2022  17:10:23  PAGE 14


  X:0055H         SYMBOL        INTVAL
  -------         ENDDO         
  C:2003H         LINE#         439
  C:2020H         LINE#         441
  C:2027H         LINE#         443
  C:202DH         LINE#         444
  C:202DH         LINE#         445
  C:2038H         LINE#         447
  C:2054H         LINE#         448
  C:2054H         LINE#         449
  C:2056H         LINE#         450
  C:2058H         LINE#         451
  C:206EH         LINE#         452
  C:206EH         LINE#         453
  C:2070H         LINE#         454
  C:2072H         LINE#         455
  C:208AH         LINE#         456
  C:208AH         LINE#         457
  C:208CH         LINE#         458
  C:208EH         LINE#         459
  C:20A8H         LINE#         460
  C:20A8H         LINE#         461
  C:20AAH         LINE#         462
  C:20ACH         LINE#         463
  C:20C1H         LINE#         464
  C:20C1H         LINE#         465
  C:20C3H         LINE#         466
  C:20C5H         LINE#         468
  C:20C5H         LINE#         469
  C:20CAH         LINE#         470
  C:20CAH         LINE#         471
  C:20CAH         LINE#         473
  C:20CAH         LINE#         474
  C:20CAH         LINE#         476
  C:20CAH         LINE#         478
  C:20D0H         LINE#         479
  C:20D0H         LINE#         480
  C:20D3H         LINE#         481
  C:20D3H         LINE#         483
  C:20D9H         LINE#         484
  C:20D9H         LINE#         485
  C:20DCH         LINE#         486
  C:20DCH         LINE#         488
  C:20E2H         LINE#         489
  C:20E2H         LINE#         490
  C:20FDH         LINE#         491
  C:20FDH         LINE#         493
  C:2103H         LINE#         494
  C:2103H         LINE#         495
  C:2108H         LINE#         496
  C:2123H         LINE#         497
  C:2123H         LINE#         498
  -------         ENDPROC       USB_API_TEST_ISR
  -------         ENDMOD        MAIN

  -------         MODULE        MMC_SD
  C:0000H         SYMBOL        _ICE_DUMMY_
BL51 BANKED LINKER/LOCATER V6.22                                                      03/07/2022  17:10:23  PAGE 15


  D:00A2H         PUBLIC        SPI0CKR
  D:0080H         PUBLIC        P0
  D:0090H         PUBLIC        P1
  D:00A0H         PUBLIC        P2
  D:00B0H         PUBLIC        P3
  C:31C8H         PUBLIC        _MMC_SD_SendCommand
  C:3401H         PUBLIC        _MMC_SD_ReadSingleBlock
  C:3A97H         PUBLIC        SD_Init
  C:30D3H         PUBLIC        _MMC_SD_WriteSingleBlock
  B:00F8H.7       PUBLIC        SPIF
  B:00F8H.2       PUBLIC        NSSMD0
  C:2844H         PUBLIC        MMC_SD_Reset
  D:00A9H         PUBLIC        CLKSEL
  C:3AC2H         PUBLIC        SPI_ReadByte
  C:3A50H         PUBLIC        _SPI_WriteByte
  D:00A3H         PUBLIC        SPI0DAT
  X:0077H         PUBLIC        buffer
  C:3A44H         SYMBOL        L?0062
  C:3A49H         SYMBOL        L?0063
  -------         PROC          L?0061
  -------         ENDPROC       L?0061
  C:3A44H         SYMBOL        L?0062
  C:3A49H         SYMBOL        L?0063
  -------         PROC          _SPI_WRITEBYTE
  D:0007H         SYMBOL        val
  -------         DO            
  D:0007H         SYMBOL        ret
  -------         ENDDO         
  C:3A50H         LINE#         7
  C:3A50H         LINE#         8
  C:3A50H         LINE#         11
  C:3A52H         LINE#         12
  C:3A55H         LINE#         13
  C:3A57H         LINE#         14
  C:3A59H         LINE#         15
  C:3A59H         LINE#         16
  -------         ENDPROC       _SPI_WRITEBYTE
  -------         PROC          SPI_READBYTE
  -------         DO            
  D:0007H         SYMBOL        ret
  -------         ENDDO         
  C:3AC2H         LINE#         18
  C:3AC2H         LINE#         19
  C:3AC2H         LINE#         22
  C:3AC5H         LINE#         23
  C:3AC8H         LINE#         24
  C:3ACAH         LINE#         25
  C:3ACCH         LINE#         26
  C:3ACCH         LINE#         27
  -------         ENDPROC       SPI_READBYTE
  -------         PROC          _MMC_SD_SENDCOMMAND
  D:0006H         SYMBOL        cmd
  X:0064H         SYMBOL        arg
  -------         DO            
  D:0007H         SYMBOL        r1
  D:0003H         SYMBOL        retry
  -------         ENDDO         
BL51 BANKED LINKER/LOCATER V6.22                                                      03/07/2022  17:10:23  PAGE 16


  C:31C8H         LINE#         29
  C:31CAH         LINE#         30
  C:31CAH         LINE#         32
  C:31CCH         LINE#         34
  C:31CCH         LINE#         35
  C:31CCH         LINE#         36
  C:31CFH         LINE#         37
  C:31CFH         LINE#         38
  C:31CFH         LINE#         39
  C:31D2H         LINE#         41
  C:31D4H         LINE#         43
  C:31DBH         LINE#         44
  C:31F0H         LINE#         45
  C:3205H         LINE#         46
  C:321AH         LINE#         47
  C:3224H         LINE#         48
  C:3229H         LINE#         50
  C:3231H         LINE#         51
  C:323AH         LINE#         53
  C:323CH         LINE#         55
  C:323CH         LINE#         56
  -------         ENDPROC       _MMC_SD_SENDCOMMAND
  -------         PROC          MMC_SD_RESET
  -------         DO            
  D:0005H         SYMBOL        i
  D:0002H         SYMBOL        retry
  D:0006H         SYMBOL        r1
  -------         ENDDO         
  C:2844H         LINE#         58
  C:2844H         LINE#         59
  C:2844H         LINE#         62
  C:2846H         LINE#         64
  C:2847H         LINE#         65
  C:284AH         LINE#         66
  C:284DH         LINE#         68
  C:284DH         LINE#         69
  C:2859H         LINE#         70
  C:2869H         LINE#         71
  C:286AH         LINE#         72
  C:2870H         LINE#         73
  C:2874H         LINE#         75
  C:2876H         LINE#         77
  C:2876H         LINE#         79
  C:2876H         LINE#         80
  C:2886H         LINE#         81
  C:2887H         LINE#         82
  C:2890H         LINE#         83
  C:2894H         LINE#         85
  C:2896H         LINE#         86
  C:28A6H         LINE#         87
  C:28A7H         LINE#         88
  C:28B0H         LINE#         89
  C:28B3H         LINE#         91
  C:28B6H         LINE#         92
  C:28B6H         LINE#         93
  C:28B8H         LINE#         95
  C:28B8H         LINE#         96
BL51 BANKED LINKER/LOCATER V6.22                                                      03/07/2022  17:10:23  PAGE 17


  C:28C8H         LINE#         97
  C:28C9H         LINE#         98
  C:28D2H         LINE#         99
  C:28D5H         LINE#         100
  C:28D5H         LINE#         101
  C:28E5H         LINE#         103
  C:28F3H         LINE#         104
  C:28F6H         LINE#         105
  C:28F9H         LINE#         106
  C:28FAH         LINE#         107
  -------         ENDPROC       MMC_SD_RESET
  -------         PROC          _MMC_SD_READSINGLEBLOCK
  X:0010H         SYMBOL        sector
  -------         DO            
  D:0007H         SYMBOL        r1
  D:0004H         SYMBOL        i
  D:0002H         SYMBOL        retry
  -------         ENDDO         
  C:3401H         LINE#         109
  C:3406H         LINE#         110
  C:3406H         LINE#         113
  C:3408H         LINE#         115
  C:340BH         LINE#         117
  C:340BH         LINE#         118
  C:3427H         LINE#         119
  C:3428H         LINE#         120
  C:3431H         LINE#         121
  C:3434H         LINE#         124
  C:3436H         LINE#         126
  C:343CH         LINE#         128
  C:343FH         LINE#         129
  C:343FH         LINE#         130
  C:344EH         LINE#         131
  C:345BH         LINE#         133
  C:345BH         LINE#         134
  C:345EH         LINE#         136
  C:3460H         LINE#         137
  C:3463H         LINE#         138
  C:3464H         LINE#         139
  -------         ENDPROC       _MMC_SD_READSINGLEBLOCK
  -------         PROC          _MMC_SD_WRITESINGLEBLOCK
  X:005FH         SYMBOL        sector
  -------         DO            
  D:0006H         SYMBOL        r1
  D:0004H         SYMBOL        i
  D:0002H         SYMBOL        retry
  -------         ENDDO         
  C:30D3H         LINE#         141
  C:30D8H         LINE#         142
  C:30D8H         LINE#         145
  C:30DAH         LINE#         147
  C:30DDH         LINE#         149
  C:30DDH         LINE#         150
  C:30FBH         LINE#         151
  C:30FCH         LINE#         152
  C:3105H         LINE#         153
  C:3108H         LINE#         157
BL51 BANKED LINKER/LOCATER V6.22                                                      03/07/2022  17:10:23  PAGE 18


  C:310AH         LINE#         159
  C:310FH         LINE#         161
  C:3114H         LINE#         163
  C:3116H         LINE#         164
  C:3116H         LINE#         165
  C:3125H         LINE#         166
  C:3132H         LINE#         168
  C:3132H         LINE#         169
  C:3132H         LINE#         171
  C:3137H         LINE#         173
  C:313EH         LINE#         174
  C:313EH         LINE#         175
  C:3140H         LINE#         176
  C:3141H         LINE#         177
  C:3141H         LINE#         179
  C:3149H         LINE#         181
  C:314BH         LINE#         182
  C:314EH         LINE#         183
  C:314FH         LINE#         184
  -------         ENDPROC       _MMC_SD_WRITESINGLEBLOCK
  -------         PROC          SD_INIT
  -------         DO            
  D:0001H         SYMBOL        n
  -------         ENDDO         
  C:3A97H         LINE#         187
  C:3A97H         LINE#         188
  C:3A97H         LINE#         189
  C:3A99H         LINE#         191
  C:3A9FH         LINE#         192
  C:3A9FH         LINE#         193
  C:3AA0H         LINE#         194
  C:3AA7H         LINE#         196
  -------         ENDPROC       SD_INIT
  -------         ENDMOD        MMC_SD

  -------         MODULE        LCD
  C:0000H         SYMBOL        _ICE_DUMMY_
  D:0080H         PUBLIC        P0
  C:2B0FH         PUBLIC        DispFrame
  D:0090H         PUBLIC        P1
  C:2BB9H         PUBLIC        DispScaleVer_Green
  D:00A0H         PUBLIC        P2
  D:00B0H         PUBLIC        P3
  C:1EB3H         PUBLIC        DispBand
  C:36DAH         PUBLIC        _WriteData
  C:0699H         PUBLIC        ascii
  C:1411H         PUBLIC        _LCD_Read_IC_ID
  D:00A6H         PUBLIC        P2MDOUT
  C:37F8H         PUBLIC        _DispColor
  C:2FC7H         PUBLIC        DispScaleVer_Blue
  C:2EACH         PUBLIC        _DrawGird
  C:304DH         PUBLIC        _DrawLine
  B:00D0H.7       PUBLIC        CY
  C:0046H         PUBLIC        _WriteComm
  C:0018H         PUBLIC        _WriteDispData
  C:2E1BH         PUBLIC        DispScaleVer_Gray
  B:00B0H.1       PUBLIC        RS
BL51 BANKED LINKER/LOCATER V6.22                                                      03/07/2022  17:10:23  PAGE 19


  B:0090H.7       PUBLIC        SPI_CLK
  C:2D8AH         PUBLIC        DispScaleVer_Red
  D:00F3H         PUBLIC        P2MDIN
  C:2275H         PUBLIC        DispScaleVer
  C:3465H         PUBLIC        _DispPic
  C:27ACH         PUBLIC        _DispOneChar
  C:3150H         PUBLIC        DispGrayHor32
  C:2C59H         PUBLIC        DispGrayHor16
  C:28FBH         PUBLIC        _DispInt
  C:367BH         PUBLIC        _PutPixel
  D:00A9H         PUBLIC        CLKSEL
  B:0090H.6       PUBLIC        RD0
  B:00A0H.0       PUBLIC        CS0
  X:0053H         PUBLIC        LCM_ID
  C:1BF3H         PUBLIC        LCD_Init
  C:2CF4H         PUBLIC        _DispStr
  B:0090H.7       PUBLIC        WR0
  C:1643H         PUBLIC        DispScaleHor1
  B:0090H.6       PUBLIC        SPI_DI
  C:3ACDH         PUBLIC        _WriteOneDot
  C:1A39H         PUBLIC        DispScaleHor2
  C:25C9H         PUBLIC        _DispPicFromSD
  B:0080H.7       PUBLIC        DIR
  C:34C2H         PUBLIC        _ToOrd
  B:0080H.5       PUBLIC        RST
  C:3A5AH         PUBLIC        ReadData
  C:333BH         PUBLIC        _?BlockWrite
  -------         PROC          _LCD_READ_IC_ID
  X:005FH         SYMBOL        ID
  D:0004H         SYMBOL        Bug
  D:0003H         SYMBOL        flog
  -------         DO            
  X:0060H         SYMBOL        id
  X:0062H         SYMBOL        id1
  X:0064H         SYMBOL        temp
  D:0005H         SYMBOL        i
  D:0007H         SYMBOL        dat
  D:0001H         SYMBOL        id2
  X:0066H         SYMBOL        id3
  D:0002H         SYMBOL        id4
  -------         ENDDO         
  C:1411H         LINE#         35
  C:1415H         LINE#         36
  C:1415H         LINE#         40
  C:141DH         LINE#         41
  C:141DH         LINE#         43
  C:141FH         LINE#         44
  C:1421H         LINE#         45
  C:1423H         LINE#         47
  C:1426H         LINE#         48
  C:1428H         LINE#         49
  C:142AH         LINE#         50
  C:142CH         LINE#         53
  C:142FH         LINE#         54
  C:1432H         LINE#         55
  C:1435H         LINE#         56
  C:1437H         LINE#         57
BL51 BANKED LINKER/LOCATER V6.22                                                      03/07/2022  17:10:23  PAGE 20


  C:1439H         LINE#         58
  C:143BH         LINE#         63
  C:1445H         LINE#         65
  C:144BH         LINE#         66
  C:1453H         LINE#         68
  C:1459H         LINE#         69
  C:145FH         LINE#         70
  C:1469H         LINE#         72
  C:146FH         LINE#         73
  C:1471H         LINE#         75
  C:1477H         LINE#         77
  C:147DH         LINE#         78
  C:1487H         LINE#         80
  C:148DH         LINE#         81
  C:1492H         LINE#         83
  C:1498H         LINE#         85
  C:14A2H         LINE#         86
  C:14ACH         LINE#         88
  C:14B2H         LINE#         89
  C:14B4H         LINE#         91
  C:14C4H         LINE#         92
  C:14CEH         LINE#         94
  C:14D1H         LINE#         95
  C:14D5H         LINE#         96
  C:14D5H         LINE#         97
  C:14DEH         LINE#         98
  C:14E4H         LINE#         99
  C:14E4H         LINE#         100
  C:14EEH         LINE#         101
  C:14F0H         LINE#         102
  C:14F4H         LINE#         103
  C:14F4H         LINE#         104
  C:1503H         LINE#         105
  C:1503H         LINE#         108
  C:1503H         LINE#         109
  C:150CH         LINE#         110
  C:150CH         LINE#         112
  C:150FH         LINE#         113
  C:1513H         LINE#         114
  C:1515H         LINE#         115
  C:1517H         LINE#         116
  C:1519H         LINE#         117
  C:1519H         LINE#         118
  C:151BH         LINE#         119
  C:1523H         LINE#         120
  C:1525H         LINE#         122
  C:1527H         LINE#         123
  C:152BH         LINE#         124
  C:1530H         LINE#         125
  C:1533H         LINE#         128
  C:153DH         LINE#         129
  C:153DH         LINE#         130
  C:153FH         LINE#         131
  C:153FH         LINE#         132
  C:1541H         LINE#         133
  C:1543H         LINE#         134
  C:1545H         LINE#         135
BL51 BANKED LINKER/LOCATER V6.22                                                      03/07/2022  17:10:23  PAGE 21


  C:155CH         LINE#         136
  C:155EH         LINE#         137
  C:1560H         LINE#         138
  C:1567H         LINE#         139
  C:1571H         LINE#         140
  C:1571H         LINE#         141
  C:1573H         LINE#         142
  C:1573H         LINE#         143
  C:1575H         LINE#         144
  C:1577H         LINE#         145
  C:1579H         LINE#         146
  C:1590H         LINE#         147
  C:1592H         LINE#         148
  C:1594H         LINE#         149
  C:1599H         LINE#         150
  C:1599H         LINE#         152
  C:159BH         LINE#         153
  C:159BH         LINE#         154
  C:159DH         LINE#         155
  C:159FH         LINE#         156
  C:15A1H         LINE#         157
  C:15B8H         LINE#         158
  C:15BAH         LINE#         159
  C:15BCH         LINE#         160
  C:15C1H         LINE#         162
  C:15C3H         LINE#         163
  C:15C3H         LINE#         164
  C:15C5H         LINE#         165
  C:15C7H         LINE#         166
  C:15C9H         LINE#         167
  C:15D3H         LINE#         168
  C:15D5H         LINE#         169
  C:15D7H         LINE#         170
  C:15DCH         LINE#         172
  C:15DEH         LINE#         173
  C:15DEH         LINE#         174
  C:15E0H         LINE#         175
  C:15E2H         LINE#         176
  C:15E4H         LINE#         177
  C:15F0H         LINE#         178
  C:15F2H         LINE#         179
  C:15F4H         LINE#         180
  C:15F9H         LINE#         181
  C:15FCH         LINE#         182
  C:15FEH         LINE#         183
  C:1600H         LINE#         184
  C:1602H         LINE#         185
  C:1604H         LINE#         186
  C:1606H         LINE#         187
  C:1608H         LINE#         189
  C:160CH         LINE#         190
  C:160CH         LINE#         191
  C:161CH         LINE#         193
  C:1627H         LINE#         194
  C:1627H         LINE#         195
  C:1627H         LINE#         197
  C:162DH         LINE#         198
BL51 BANKED LINKER/LOCATER V6.22                                                      03/07/2022  17:10:23  PAGE 22


  C:162DH         LINE#         199
  C:1639H         LINE#         200
  C:1639H         LINE#         202
  C:1639H         LINE#         203
  C:163BH         LINE#         204
  C:1642H         LINE#         205
  -------         ENDPROC       _LCD_READ_IC_ID
  -------         PROC          _WRITECOMM
  D:0004H         SYMBOL        i
  -------         DO            
  D:0003H         SYMBOL        j
  D:0007H         SYMBOL        DataH
  -------         ENDDO         
  C:0046H         LINE#         208
  C:004AH         LINE#         209
  C:004AH         LINE#         211
  C:004CH         LINE#         212
  C:004EH         LINE#         276
  C:004EH         LINE#         279
  C:0050H         LINE#         280
  C:0052H         LINE#         281
  C:0052H         LINE#         282
  C:0056H         LINE#         283
  C:005AH         LINE#         285
  C:005CH         LINE#         286
  C:0060H         LINE#         287
  C:0062H         LINE#         289
  C:0064H         LINE#         290
  C:0069H         LINE#         291
  C:006BH         LINE#         292
  C:006DH         LINE#         293
  C:006DH         LINE#         294
  C:0071H         LINE#         295
  C:0075H         LINE#         297
  C:0077H         LINE#         298
  C:007EH         LINE#         299
  C:0080H         LINE#         300
  C:0082H         LINE#         301
  C:0087H         LINE#         316
  C:0087H         LINE#         319
  C:0089H         LINE#         320
  -------         ENDPROC       _WRITECOMM
  -------         PROC          L?0476
  -------         ENDPROC       L?0476
  -------         PROC          _WRITEDATA
  D:0004H         SYMBOL        i
  -------         DO            
  D:0003H         SYMBOL        j
  D:0007H         SYMBOL        DataH
  -------         ENDDO         
  C:36DAH         LINE#         322
  C:36DEH         LINE#         323
  C:36DEH         LINE#         325
  C:36E0H         LINE#         326
  C:36E2H         LINE#         467
  C:36E2H         LINE#         471
  C:36E4H         LINE#         472
BL51 BANKED LINKER/LOCATER V6.22                                                      03/07/2022  17:10:23  PAGE 23


  C:36E6H         LINE#         473
  C:36E6H         LINE#         478
  C:36EAH         LINE#         479
  C:36EEH         LINE#         481
  C:36F0H         LINE#         482
  C:36F4H         LINE#         483
  C:36F6H         LINE#         484
  C:36F8H         LINE#         485
  C:36FDH         LINE#         486
  C:36FFH         LINE#         487
  C:3701H         LINE#         488
  C:3701H         LINE#         489
  C:3705H         LINE#         490
  C:3709H         LINE#         492
  C:370BH         LINE#         493
  C:3712H         LINE#         494
  C:3714H         LINE#         495
  C:3716H         LINE#         496
  C:371BH         LINE#         511
  C:371BH         LINE#         514
  C:371DH         LINE#         515
  -------         ENDPROC       _WRITEDATA
  C:0003H         SYMBOL        L?0475
  -------         PROC          L?0474
  -------         ENDPROC       L?0474
  C:0003H         SYMBOL        L?0475
  -------         PROC          _WRITEDISPDATA
  D:0007H         SYMBOL        DataH
  D:0005H         SYMBOL        DataL
  -------         DO            
  D:0006H         SYMBOL        j
  -------         ENDDO         
  C:0018H         LINE#         517
  C:0018H         LINE#         518
  C:0018H         LINE#         520
  C:001AH         LINE#         594
  C:001AH         LINE#         595
  C:001CH         LINE#         596
  C:001EH         LINE#         597
  C:001EH         LINE#         598
  C:0022H         LINE#         599
  C:0024H         LINE#         600
  C:0026H         LINE#         601
  C:0028H         LINE#         602
  C:002DH         LINE#         604
  C:002FH         LINE#         605
  C:0031H         LINE#         606
  C:0031H         LINE#         607
  C:0035H         LINE#         608
  C:0037H         LINE#         609
  C:0039H         LINE#         610
  C:003BH         LINE#         611
  C:0040H         LINE#         636
  C:0040H         LINE#         639
  C:0042H         LINE#         640
  -------         ENDPROC       _WRITEDISPDATA
  -------         PROC          _WRITEONEDOT
BL51 BANKED LINKER/LOCATER V6.22                                                      03/07/2022  17:10:23  PAGE 24


  D:0004H         SYMBOL        color
  C:3ACDH         LINE#         642
  C:3AD1H         LINE#         643
  C:3AD1H         LINE#         656
  -------         ENDPROC       _WRITEONEDOT
  -------         PROC          LCD_INIT
  C:1BF3H         LINE#         665
  C:1BF3H         LINE#         666
  C:1BF3H         LINE#         667
  C:1BF6H         LINE#         670
  C:1BF8H         LINE#         671
  C:1BFFH         LINE#         673
  C:1C01H         LINE#         674
  C:1C08H         LINE#         676
  C:1C0AH         LINE#         677
  C:1C11H         LINE#         3423
  C:1C18H         LINE#         3424
  C:1C1CH         LINE#         3426
  C:1C1CH         LINE#         3427
  C:1C1FH         LINE#         3429
  C:1C25H         LINE#         3430
  C:1C2CH         LINE#         3432
  C:1C33H         LINE#         3433
  C:1C3AH         LINE#         3435
  C:1C41H         LINE#         3436
  C:1C47H         LINE#         3438
  C:1C4DH         LINE#         3439
  C:1C51H         LINE#         3441
  C:1C51H         LINE#         3442
  C:1C54H         LINE#         3444
  C:1C5AH         LINE#         3445
  C:1C61H         LINE#         3449
  C:1C68H         LINE#         3450
  C:1C6FH         LINE#         3452
  C:1C76H         LINE#         3453
  C:1C7DH         LINE#         3457
  C:1C84H         LINE#         3458
  C:1C8BH         LINE#         3460
  C:1C92H         LINE#         3461
  C:1C99H         LINE#         3463
  C:1CA0H         LINE#         3464
  C:1CA7H         LINE#         3466
  C:1CAEH         LINE#         3467
  C:1CB5H         LINE#         3469
  C:1CBCH         LINE#         3470
  C:1CC3H         LINE#         3472
  C:1CCAH         LINE#         3473
  C:1CD1H         LINE#         3475
  C:1CD8H         LINE#         3476
  C:1CDFH         LINE#         3478
  C:1CE6H         LINE#         3479
  C:1CEDH         LINE#         3481
  C:1CF4H         LINE#         3482
  C:1CFBH         LINE#         3484
  C:1D02H         LINE#         3485
  C:1D09H         LINE#         3487
  C:1D10H         LINE#         3488
BL51 BANKED LINKER/LOCATER V6.22                                                      03/07/2022  17:10:23  PAGE 25


  C:1D17H         LINE#         3490
  C:1D1EH         LINE#         3491
  C:1D25H         LINE#         3493
  C:1D2CH         LINE#         3494
  C:1D33H         LINE#         3496
  C:1D3AH         LINE#         3497
  C:1D41H         LINE#         3499
  C:1D48H         LINE#         3500
  C:1D4EH         LINE#         3502
  C:1D54H         LINE#         3503
  C:1D5BH         LINE#         3505
  -------         ENDPROC       LCD_INIT
  C:3323H         SYMBOL        L?0469
  C:332DH         SYMBOL        L?0470
  -------         PROC          L?0468
  -------         ENDPROC       L?0468
  C:3323H         SYMBOL        L?0469
  C:332DH         SYMBOL        L?0470
  -------         PROC          _?BLOCKWRITE
  p:0000H         SYMBOL        Xstart
  p:0002H         SYMBOL        Xend
  p:0004H         SYMBOL        Ystart
  p:0006H         SYMBOL        Yend
  C:333BH         LINE#         7923
  C:335CH         LINE#         7925
  C:3363H         LINE#         7926
  C:3368H         LINE#         7927
  C:336DH         LINE#         7928
  C:3372H         LINE#         7931
  C:3377H         LINE#         7932
  C:337CH         LINE#         7933
  C:3381H         LINE#         7934
  C:3386H         LINE#         7936
  C:338BH         LINE#         7938
  C:338EH         LINE#         7940
  -------         ENDPROC       _?BLOCKWRITE
  -------         PROC          _DISPCOLOR
  D:0004H         SYMBOL        color
  -------         DO            
  X:0056H         SYMBOL        i
  D:0002H         SYMBOL        m
  X:0058H         SYMBOL        DataH
  D:0001H         SYMBOL        DataL
  -------         ENDDO         
  C:37F8H         LINE#         7943
  C:37FAH         LINE#         7944
  C:37FAH         LINE#         7947
  C:3800H         LINE#         7949
  C:3803H         LINE#         7951
  C:3805H         LINE#         7952
  C:380BH         LINE#         7953
  C:380BH         LINE#         7954
  C:380EH         LINE#         7955
  C:380EH         LINE#         7956
  C:3817H         LINE#         7957
  C:3822H         LINE#         7958
  C:3838H         LINE#         7960
BL51 BANKED LINKER/LOCATER V6.22                                                      03/07/2022  17:10:23  PAGE 26


  C:383AH         LINE#         7961
  -------         ENDPROC       _DISPCOLOR
  -------         PROC          DISPFRAME
  -------         DO            
  D:0002H         SYMBOL        i
  X:0056H         SYMBOL        j
  D:0001H         SYMBOL        DataH
  D:0004H         SYMBOL        DataL
  -------         ENDDO         
  C:2B0FH         LINE#         7963
  C:2B0FH         LINE#         7964
  C:2B0FH         LINE#         7967
  C:2B12H         LINE#         7969
  C:2B14H         LINE#         7972
  C:2B18H         LINE#         7973
  C:2B1EH         LINE#         7975
  C:2B20H         LINE#         7976
  C:2B20H         LINE#         7977
  C:2B24H         LINE#         7978
  C:2B2BH         LINE#         7979
  C:2B36H         LINE#         7981
  C:2B3AH         LINE#         7982
  C:2B40H         LINE#         7984
  C:2B46H         LINE#         7985
  C:2B46H         LINE#         7986
  C:2B4AH         LINE#         7987
  C:2B50H         LINE#         7989
  C:2B53H         LINE#         7990
  C:2B53H         LINE#         7991
  C:2B56H         LINE#         7992
  C:2B5BH         LINE#         7993
  C:2B66H         LINE#         7995
  C:2B6AH         LINE#         7996
  C:2B70H         LINE#         7998
  C:2B86H         LINE#         8000
  C:2B8AH         LINE#         8001
  C:2B90H         LINE#         8003
  C:2B93H         LINE#         8004
  C:2B93H         LINE#         8005
  C:2B97H         LINE#         8006
  C:2B9EH         LINE#         8007
  C:2BA9H         LINE#         8009
  C:2BADH         LINE#         8010
  C:2BB3H         LINE#         8012
  C:2BB6H         LINE#         8013
  C:2BB8H         LINE#         8014
  -------         ENDPROC       DISPFRAME
  -------         PROC          DISPBAND
  -------         DO            
  D:0002H         SYMBOL        i
  X:0056H         SYMBOL        j
  X:0057H         SYMBOL        k
  X:0058H         SYMBOL        m
  X:0059H         SYMBOL        n
  D:0001H         SYMBOL        x
  -------         ENDDO         
  C:1EB3H         LINE#         8016
BL51 BANKED LINKER/LOCATER V6.22                                                      03/07/2022  17:10:23  PAGE 27


  C:1EB3H         LINE#         8017
  C:1EB3H         LINE#         8020
  C:1EBDH         LINE#         8021
  C:1EC6H         LINE#         8022
  C:1EC8H         LINE#         8024
  C:1ECBH         LINE#         8025
  C:1ED9H         LINE#         8026
  C:1ED9H         LINE#         8027
  C:1EEEH         LINE#         8028
  C:1F03H         LINE#         8029
  C:1F27H         LINE#         8030
  C:1F2EH         LINE#         8031
  C:1F3DH         LINE#         8032
  C:1F3DH         LINE#         8033
  C:1F52H         LINE#         8034
  C:1F67H         LINE#         8035
  C:1F8BH         LINE#         8036
  C:1F92H         LINE#         8037
  C:1FA8H         LINE#         8038
  C:1FA8H         LINE#         8039
  C:1FBDH         LINE#         8040
  C:1FD2H         LINE#         8041
  C:1FF6H         LINE#         8042
  C:1FFDH         LINE#         8044
  C:1FFFH         LINE#         8045
  C:2002H         LINE#         8047
  -------         ENDPROC       DISPBAND
  -------         PROC          _DISPPIC
  D:0006H         SYMBOL        picture
  -------         DO            
  X:0014H         SYMBOL        p
  X:0017H         SYMBOL        n
  -------         ENDDO         
  C:3465H         LINE#         8050
  C:3465H         LINE#         8051
  C:3465H         LINE#         8054
  C:3474H         LINE#         8055
  C:3474H         LINE#         8056
  C:3474H         LINE#         8058
  C:3481H         LINE#         8060
  C:3494H         LINE#         8061
  C:3494H         LINE#         8062
  C:34B4H         LINE#         8063
  C:34C1H         LINE#         8065
  -------         ENDPROC       _DISPPIC
  -------         PROC          _DISPPICFROMSD
  D:0001H         SYMBOL        PicNum
  -------         DO            
  X:0019H         SYMBOL        Address_S
  X:001DH         SYMBOL        Address_E
  D:0002H         SYMBOL        i
  X:0021H         SYMBOL        k
  -------         ENDDO         
  C:25C9H         LINE#         8069
  C:25CBH         LINE#         8070
  C:25CBH         LINE#         8076
  C:25CEH         LINE#         8079
BL51 BANKED LINKER/LOCATER V6.22                                                      03/07/2022  17:10:23  PAGE 28


  C:25D0H         LINE#         8081
  C:25D2H         LINE#         8083
  C:25DBH         LINE#         8084
  C:2604H         LINE#         8085
  C:262DH         LINE#         8086
  C:2650H         LINE#         8087
  C:2650H         LINE#         8088
  C:2660H         LINE#         8090
  C:2669H         LINE#         8091
  C:2669H         LINE#         8093
  C:2684H         LINE#         8094
  C:268DH         LINE#         8095
  C:26ACH         LINE#         8097
  C:26AEH         LINE#         8135
  -------         ENDPROC       _DISPPICFROMSD
  -------         PROC          DISPSCALEHOR1
  -------         DO            
  X:0025H         SYMBOL        i
  X:0027H         SYMBOL        j
  D:0002H         SYMBOL        k
  -------         ENDDO         
  C:1643H         LINE#         8140
  C:1643H         LINE#         8141
  C:1643H         LINE#         8144
  C:1646H         LINE#         8147
  C:1648H         LINE#         8148
  C:1648H         LINE#         8149
  C:1668H         LINE#         8150
  C:166EH         LINE#         8151
  C:166EH         LINE#         8152
  C:1674H         LINE#         8153
  C:1674H         LINE#         8154
  C:1689H         LINE#         8155
  C:169FH         LINE#         8156
  C:16B5H         LINE#         8158
  C:16C0H         LINE#         8161
  C:16C3H         LINE#         8162
  C:16C3H         LINE#         8163
  C:16E3H         LINE#         8164
  C:16E9H         LINE#         8165
  C:16E9H         LINE#         8166
  C:16EFH         LINE#         8167
  C:16EFH         LINE#         8168
  C:171AH         LINE#         8169
  C:1730H         LINE#         8170
  C:1746H         LINE#         8171
  C:1754H         LINE#         8174
  C:1757H         LINE#         8175
  C:1757H         LINE#         8176
  C:1777H         LINE#         8177
  C:177DH         LINE#         8178
  C:177DH         LINE#         8179
  C:1783H         LINE#         8180
  C:1783H         LINE#         8181
  C:178DH         LINE#         8182
  C:17A3H         LINE#         8183
  C:17B9H         LINE#         8184
BL51 BANKED LINKER/LOCATER V6.22                                                      03/07/2022  17:10:23  PAGE 29


  C:17C4H         LINE#         8187
  C:17C7H         LINE#         8188
  C:17C7H         LINE#         8189
  C:17E7H         LINE#         8190
  C:17EDH         LINE#         8191
  C:17EDH         LINE#         8192
  C:17F3H         LINE#         8193
  C:17F3H         LINE#         8194
  C:1826H         LINE#         8195
  C:183CH         LINE#         8196
  C:1852H         LINE#         8197
  C:1860H         LINE#         8198
  C:1862H         LINE#         8199
  -------         ENDPROC       DISPSCALEHOR1
  -------         PROC          DISPSCALEVER
  -------         DO            
  X:0029H         SYMBOL        i
  X:002BH         SYMBOL        j
  D:0002H         SYMBOL        k
  -------         ENDDO         
  C:2275H         LINE#         8201
  C:2275H         LINE#         8202
  C:2275H         LINE#         8271
  C:2278H         LINE#         8273
  C:227AH         LINE#         8274
  C:227AH         LINE#         8275
  C:2280H         LINE#         8276
  C:2280H         LINE#         8277
  C:2286H         LINE#         8278
  C:229CH         LINE#         8279
  C:22A7H         LINE#         8281
  C:22AAH         LINE#         8282
  C:22AAH         LINE#         8284
  C:22B0H         LINE#         8285
  C:22B0H         LINE#         8287
  C:22B6H         LINE#         8288
  C:22B6H         LINE#         8289
  C:22C8H         LINE#         8290
  C:22DEH         LINE#         8292
  C:22E4H         LINE#         8293
  C:22E4H         LINE#         8294
  C:230CH         LINE#         8295
  C:2322H         LINE#         8297
  C:2328H         LINE#         8298
  C:2328H         LINE#         8299
  C:232FH         LINE#         8300
  C:2345H         LINE#         8302
  C:234BH         LINE#         8303
  C:234BH         LINE#         8304
  C:235FH         LINE#         8305
  C:2375H         LINE#         8307
  C:238EH         LINE#         8309
  C:239CH         LINE#         8311
  -------         ENDPROC       DISPSCALEVER
  -------         PROC          DISPSCALEVER_RED
  -------         DO            
  X:002DH         SYMBOL        i
BL51 BANKED LINKER/LOCATER V6.22                                                      03/07/2022  17:10:23  PAGE 30


  X:002FH         SYMBOL        j
  D:0002H         SYMBOL        k
  -------         ENDDO         
  C:2D8AH         LINE#         8313
  C:2D8AH         LINE#         8314
  C:2D8AH         LINE#         8317
  C:2D8DH         LINE#         8319
  C:2D8FH         LINE#         8321
  C:2D91H         LINE#         8324
  C:2D93H         LINE#         8325
  C:2D93H         LINE#         8326
  C:2D99H         LINE#         8327
  C:2D99H         LINE#         8328
  C:2D9FH         LINE#         8329
  C:2DB5H         LINE#         8330
  C:2DC0H         LINE#         8332
  C:2DC3H         LINE#         8333
  C:2DC3H         LINE#         8334
  C:2DC9H         LINE#         8335
  C:2DC9H         LINE#         8337
  C:2DCFH         LINE#         8338
  C:2DCFH         LINE#         8339
  C:2DE1H         LINE#         8340
  C:2DF7H         LINE#         8341
  C:2E0DH         LINE#         8343
  C:2E18H         LINE#         8345
  C:2E1AH         LINE#         8346
  -------         ENDPROC       DISPSCALEVER_RED
  -------         PROC          DISPSCALEVER_GREEN
  -------         DO            
  X:0031H         SYMBOL        i
  X:0033H         SYMBOL        j
  D:0002H         SYMBOL        k
  -------         ENDDO         
  C:2BB9H         LINE#         8348
  C:2BB9H         LINE#         8349
  C:2BB9H         LINE#         8352
  C:2BBCH         LINE#         8354
  C:2BBEH         LINE#         8355
  C:2BC0H         LINE#         8358
  C:2BC2H         LINE#         8359
  C:2BC2H         LINE#         8360
  C:2BC8H         LINE#         8361
  C:2BC8H         LINE#         8362
  C:2BCEH         LINE#         8364
  C:2BE4H         LINE#         8365
  C:2BEFH         LINE#         8367
  C:2BF2H         LINE#         8368
  C:2BF2H         LINE#         8369
  C:2BF8H         LINE#         8370
  C:2BF8H         LINE#         8372
  C:2BFEH         LINE#         8373
  C:2BFEH         LINE#         8375
  C:2C1FH         LINE#         8376
  C:2C35H         LINE#         8377
  C:2C4BH         LINE#         8379
  C:2C56H         LINE#         8381
BL51 BANKED LINKER/LOCATER V6.22                                                      03/07/2022  17:10:23  PAGE 31


  C:2C58H         LINE#         8382
  -------         ENDPROC       DISPSCALEVER_GREEN
  -------         PROC          DISPSCALEVER_BLUE
  -------         DO            
  X:0035H         SYMBOL        i
  X:0037H         SYMBOL        j
  D:0002H         SYMBOL        k
  -------         ENDDO         
  C:2FC7H         LINE#         8384
  C:2FC7H         LINE#         8385
  C:2FC7H         LINE#         8388
  C:2FCAH         LINE#         8390
  C:2FCCH         LINE#         8391
  C:2FCEH         LINE#         8394
  C:2FD0H         LINE#         8395
  C:2FD0H         LINE#         8396
  C:2FD6H         LINE#         8397
  C:2FD6H         LINE#         8398
  C:2FDCH         LINE#         8399
  C:2FF2H         LINE#         8400
  C:2FFDH         LINE#         8402
  C:3000H         LINE#         8403
  C:3000H         LINE#         8404
  C:3006H         LINE#         8405
  C:3006H         LINE#         8407
  C:300CH         LINE#         8408
  C:300CH         LINE#         8409
  C:3013H         LINE#         8410
  C:3029H         LINE#         8411
  C:303FH         LINE#         8413
  C:304AH         LINE#         8415
  C:304CH         LINE#         8416
  -------         ENDPROC       DISPSCALEVER_BLUE
  -------         PROC          DISPSCALEVER_GRAY
  -------         DO            
  X:0039H         SYMBOL        i
  X:003BH         SYMBOL        j
  D:0002H         SYMBOL        k
  -------         ENDDO         
  C:2E1BH         LINE#         8418
  C:2E1BH         LINE#         8419
  C:2E1BH         LINE#         8422
  C:2E1EH         LINE#         8424
  C:2E20H         LINE#         8429
  C:2E22H         LINE#         8430
  C:2E22H         LINE#         8431
  C:2E28H         LINE#         8432
  C:2E28H         LINE#         8433
  C:2E2EH         LINE#         8435
  C:2E44H         LINE#         8436
  C:2E4FH         LINE#         8438
  C:2E52H         LINE#         8439
  C:2E52H         LINE#         8440
  C:2E58H         LINE#         8441
  C:2E58H         LINE#         8443
  C:2E5EH         LINE#         8444
  C:2E5EH         LINE#         8445
BL51 BANKED LINKER/LOCATER V6.22                                                      03/07/2022  17:10:23  PAGE 32


  C:2E72H         LINE#         8446
  C:2E88H         LINE#         8447
  C:2E9EH         LINE#         8449
  C:2EA9H         LINE#         8451
  C:2EABH         LINE#         8452
  -------         ENDPROC       DISPSCALEVER_GRAY
  -------         PROC          DISPGRAYHOR16
  -------         DO            
  X:0056H         SYMBOL        i
  D:0002H         SYMBOL        j
  X:0058H         SYMBOL        k
  -------         ENDDO         
  C:2C59H         LINE#         8454
  C:2C59H         LINE#         8455
  C:2C59H         LINE#         8458
  C:2C5CH         LINE#         8460
  C:2C5EH         LINE#         8461
  C:2C60H         LINE#         8463
  C:2C66H         LINE#         8464
  C:2C66H         LINE#         8465
  C:2C6FH         LINE#         8466
  C:2C6FH         LINE#         8467
  C:2C75H         LINE#         8468
  C:2C7CH         LINE#         8470
  C:2C7FH         LINE#         8471
  C:2C7FH         LINE#         8472
  C:2C85H         LINE#         8473
  C:2C85H         LINE#         8474
  C:2CB7H         LINE#         8475
  C:2CCDH         LINE#         8476
  C:2CD8H         LINE#         8477
  C:2CF1H         LINE#         8479
  C:2CF3H         LINE#         8480
  -------         ENDPROC       DISPGRAYHOR16
  -------         PROC          DISPGRAYHOR32
  -------         DO            
  X:003DH         SYMBOL        i
  D:0002H         SYMBOL        j
  X:003FH         SYMBOL        k
  -------         ENDDO         
  C:3150H         LINE#         8482
  C:3150H         LINE#         8483
  C:3150H         LINE#         8486
  C:3153H         LINE#         8488
  C:3155H         LINE#         8490
  C:315BH         LINE#         8491
  C:315BH         LINE#         8492
  C:3164H         LINE#         8493
  C:3164H         LINE#         8494
  C:316AH         LINE#         8495
  C:3171H         LINE#         8497
  C:3174H         LINE#         8498
  C:3174H         LINE#         8499
  C:317AH         LINE#         8500
  C:317AH         LINE#         8501
  C:318EH         LINE#         8502
  C:31A4H         LINE#         8503
BL51 BANKED LINKER/LOCATER V6.22                                                      03/07/2022  17:10:23  PAGE 33


  C:31AFH         LINE#         8504
  C:31C5H         LINE#         8506
  C:31C7H         LINE#         8507
  -------         ENDPROC       DISPGRAYHOR32
  -------         PROC          DISPSCALEHOR2
  -------         DO            
  X:0041H         SYMBOL        j
  D:0002H         SYMBOL        k
  -------         ENDDO         
  C:1A39H         LINE#         8509
  C:1A39H         LINE#         8510
  C:1A39H         LINE#         8513
  C:1A3CH         LINE#         8515
  C:1A3EH         LINE#         8516
  C:1A3EH         LINE#         8517
  C:1A44H         LINE#         8518
  C:1A61H         LINE#         8519
  C:1A6CH         LINE#         8520
  C:1A6FH         LINE#         8521
  C:1A6FH         LINE#         8522
  C:1A75H         LINE#         8523
  C:1A92H         LINE#         8524
  C:1A9DH         LINE#         8525
  C:1AA0H         LINE#         8526
  C:1AA0H         LINE#         8527
  C:1AA6H         LINE#         8528
  C:1AC3H         LINE#         8529
  C:1ACEH         LINE#         8530
  C:1AD1H         LINE#         8531
  C:1AD1H         LINE#         8532
  C:1AD7H         LINE#         8533
  C:1AF4H         LINE#         8534
  C:1AFFH         LINE#         8535
  C:1B02H         LINE#         8536
  C:1B02H         LINE#         8537
  C:1B08H         LINE#         8538
  C:1B25H         LINE#         8539
  C:1B30H         LINE#         8540
  C:1B33H         LINE#         8541
  C:1B33H         LINE#         8542
  C:1B39H         LINE#         8543
  C:1B56H         LINE#         8544
  C:1B61H         LINE#         8545
  C:1B64H         LINE#         8546
  C:1B64H         LINE#         8547
  C:1B6AH         LINE#         8548
  C:1B87H         LINE#         8549
  C:1B92H         LINE#         8550
  C:1B95H         LINE#         8551
  C:1B95H         LINE#         8552
  C:1B9BH         LINE#         8553
  C:1BB7H         LINE#         8554
  C:1BC2H         LINE#         8555
  C:1BC5H         LINE#         8556
  C:1BC5H         LINE#         8557
  C:1BCBH         LINE#         8558
  C:1BE7H         LINE#         8559
BL51 BANKED LINKER/LOCATER V6.22                                                      03/07/2022  17:10:23  PAGE 34


  C:1BF2H         LINE#         8561
  -------         ENDPROC       DISPSCALEHOR2
  -------         PROC          _TOORD
  D:0007H         SYMBOL        ch
  C:34C2H         LINE#         8666
  C:34C2H         LINE#         8667
  C:34C2H         LINE#         8668
  C:34C8H         LINE#         8669
  C:34C8H         LINE#         8670
  C:34CAH         LINE#         8671
  C:34CCH         LINE#         8672
  C:34D8H         LINE#         8673
  C:34D8H         LINE#         8674
  C:34DCH         LINE#         8675
  C:34DEH         LINE#         8676
  C:34EAH         LINE#         8677
  C:34EAH         LINE#         8678
  C:34EEH         LINE#         8679
  C:34F0H         LINE#         8680
  C:34FCH         LINE#         8681
  C:34FCH         LINE#         8682
  C:3500H         LINE#         8683
  C:3502H         LINE#         8684
  C:350EH         LINE#         8685
  C:350EH         LINE#         8686
  C:3512H         LINE#         8687
  C:3514H         LINE#         8688
  C:351AH         LINE#         8689
  C:351AH         LINE#         8690
  C:351CH         LINE#         8691
  C:351CH         LINE#         8693
  C:351CH         LINE#         8694
  -------         ENDPROC       _TOORD
  C:2784H         SYMBOL        L?0472
  C:279CH         SYMBOL        L?0473
  -------         PROC          L?0471
  -------         ENDPROC       L?0471
  C:2784H         SYMBOL        L?0472
  C:279CH         SYMBOL        L?0473
  -------         PROC          _DISPONECHAR
  D:0001H         SYMBOL        ord
  D:0006H         SYMBOL        Xstart
  D:0002H         SYMBOL        Ystart
  X:006FH         SYMBOL        TextColor
  X:0071H         SYMBOL        BackColor
  -------         DO            
  X:0073H         SYMBOL        i
  D:0002H         SYMBOL        j
  X:0074H         SYMBOL        p
  D:0003H         SYMBOL        dat
  D:0006H         SYMBOL        index
  -------         ENDDO         
  C:27ACH         LINE#         8696
  C:27B2H         LINE#         8697
  C:27B2H         LINE#         8703
  C:27CCH         LINE#         8705
  C:27D0H         LINE#         8707
BL51 BANKED LINKER/LOCATER V6.22                                                      03/07/2022  17:10:23  PAGE 35


  C:27D9H         LINE#         8708
  C:27DBH         LINE#         8710
  C:27E9H         LINE#         8712
  C:27F6H         LINE#         8713
[...]
  C:130FH         LINE#         314
  C:131AH         LINE#         315
  C:131AH         LINE#         316
  C:1320H         LINE#         317
  C:132FH         LINE#         318
  C:132FH         LINE#         319
  C:1334H         LINE#         320
  C:1337H         LINE#         321
  C:1346H         LINE#         322
BL51 BANKED LINKER/LOCATER V6.22                                                      03/07/2022  17:10:23  PAGE 43


  C:1346H         LINE#         323
  C:135BH         LINE#         324
  C:1360H         LINE#         325
  C:1368H         LINE#         326
  C:1372H         LINE#         327
  C:1380H         LINE#         328
  C:138EH         LINE#         329
  C:1390H         LINE#         331
  C:1390H         LINE#         332
  C:1395H         LINE#         333
  C:1398H         LINE#         334
  C:13B0H         LINE#         335
  C:13B0H         LINE#         336
  C:13C9H         LINE#         337
  C:13CEH         LINE#         338
  C:13D6H         LINE#         339
  C:13DDH         LINE#         340
  C:13E2H         LINE#         341
  C:13E2H         LINE#         342
  C:13F6H         LINE#         343
  C:13F6H         LINE#         344
  C:13FDH         LINE#         345
  C:1402H         LINE#         346
  C:1402H         LINE#         347
  C:1410H         LINE#         348
  C:1410H         LINE#         349
  -------         ENDPROC       USBXCORE_HANDLE_SETUP
  -------         PROC          USBXCORE_FORCE_STALL
  C:3A0EH         LINE#         356
  C:3A0EH         LINE#         358
  C:3A19H         LINE#         359
  C:3A24H         LINE#         360
  C:3A2AH         LINE#         361
  -------         ENDPROC       USBXCORE_FORCE_STALL
  -------         PROC          USBXCORE_GET_STATUS
  C:32B0H         LINE#         367
  C:32B0H         LINE#         369
  C:32BFH         LINE#         370
  C:32BFH         LINE#         371
  C:32BFH         LINE#         372
  C:32BFH         LINE#         373
  C:32BFH         LINE#         374
  C:32C1H         LINE#         375
  C:32C1H         LINE#         379
  C:32C1H         LINE#         381
  C:32CFH         LINE#         385
  C:32CFH         LINE#         386
  C:32CFH         LINE#         387
  C:32CFH         LINE#         388
  C:32D1H         LINE#         390
  C:32D1H         LINE#         392
  C:32DFH         LINE#         396
  C:32DFH         LINE#         397
  C:32ECH         LINE#         398
  C:32ECH         LINE#         399
  C:32EEH         LINE#         401
  C:32EEH         LINE#         402
BL51 BANKED LINKER/LOCATER V6.22                                                      03/07/2022  17:10:23  PAGE 44


  C:32FCH         LINE#         403
  C:3305H         LINE#         404
  C:3305H         LINE#         405
  C:3305H         LINE#         406
  C:3307H         LINE#         407
  C:3307H         LINE#         408
  C:330AH         LINE#         409
  C:330AH         LINE#         410
  C:330AH         LINE#         411
  C:3312H         LINE#         412
  C:3312H         LINE#         413
  C:3315H         LINE#         414
  C:331BH         LINE#         415
  C:3322H         LINE#         416
  C:3322H         LINE#         417
  -------         ENDPROC       USBXCORE_GET_STATUS
  -------         PROC          USBXCORE_CLEAR_FEATURE
  C:3577H         LINE#         423
  C:3577H         LINE#         425
  C:357DH         LINE#         426
  C:357DH         LINE#         428
  C:3584H         LINE#         429
  C:3584H         LINE#         430
  C:358FH         LINE#         436
  C:359AH         LINE#         437
  C:359FH         LINE#         438
  C:35A1H         LINE#         440
  C:35A1H         LINE#         442
  C:35ACH         LINE#         446
  C:35B7H         LINE#         447
  C:35BCH         LINE#         448
  C:35BCH         LINE#         449
  C:35BEH         LINE#         451
  C:35BEH         LINE#         452
  C:35C1H         LINE#         453
  C:35C1H         LINE#         454
  C:35CCH         LINE#         455
  -------         ENDPROC       USBXCORE_CLEAR_FEATURE
  -------         PROC          USBXCORE_VENDOR_USB_API
  C:26AFH         LINE#         462
  C:26AFH         LINE#         464
  C:26B9H         LINE#         465
  C:26B9H         LINE#         466
  C:26C0H         LINE#         467
  C:26C0H         LINE#         468
  C:26C3H         LINE#         469
  C:26C6H         LINE#         470
  C:26C8H         LINE#         472
  C:26C8H         LINE#         473
  C:26CFH         LINE#         474
  C:26CFH         LINE#         477
  C:26DAH         LINE#         482
  C:26E5H         LINE#         483
  C:26F0H         LINE#         485
  C:26F0H         LINE#         486
  C:2703H         LINE#         487
  C:2703H         LINE#         488
BL51 BANKED LINKER/LOCATER V6.22                                                      03/07/2022  17:10:23  PAGE 45


  C:2707H         LINE#         489
  C:2712H         LINE#         491
  C:2712H         LINE#         492
  C:2725H         LINE#         493
  C:2725H         LINE#         494
  C:2729H         LINE#         495
  C:2734H         LINE#         497
  C:273AH         LINE#         498
  C:2742H         LINE#         499
  C:2742H         LINE#         500
  C:2745H         LINE#         501
  C:2745H         LINE#         502
  C:2745H         LINE#         503
  C:2750H         LINE#         504
  C:2750H         LINE#         505
  C:2756H         LINE#         506
  C:275DH         LINE#         507
  C:275DH         LINE#         508
  C:2761H         LINE#         509
  C:2761H         LINE#         510
  C:2767H         LINE#         511
  C:276EH         LINE#         512
  C:276EH         LINE#         513
  C:2779H         LINE#         514
  -------         ENDPROC       USBXCORE_VENDOR_USB_API
  -------         PROC          USBXCORE_SET_FEATURE
  C:35CFH         LINE#         521
  C:35CFH         LINE#         523
  C:35D5H         LINE#         524
  C:35D5H         LINE#         526
  C:35DCH         LINE#         527
  C:35DCH         LINE#         528
  C:35E7H         LINE#         534
  C:35F2H         LINE#         535
  C:35F5H         LINE#         536
  C:35F7H         LINE#         538
  C:35F7H         LINE#         540
  C:3602H         LINE#         544
  C:360DH         LINE#         545
  C:3613H         LINE#         546
  C:3613H         LINE#         548
  C:3615H         LINE#         550
  C:3615H         LINE#         551
  C:3618H         LINE#         552
  C:3618H         LINE#         553
  C:3623H         LINE#         554
  -------         ENDPROC       USBXCORE_SET_FEATURE
  -------         PROC          USBXCORE_SET_ADDRESS
  C:39CFH         LINE#         561
  C:39CFH         LINE#         563
  C:39DEH         LINE#         564
  C:39E4H         LINE#         565
  C:39E4H         LINE#         566
  C:39E7H         LINE#         567
  C:39E9H         LINE#         569
  C:39E9H         LINE#         570
  C:39ECH         LINE#         571
BL51 BANKED LINKER/LOCATER V6.22                                                      03/07/2022  17:10:23  PAGE 46


  C:39ECH         LINE#         572
  -------         ENDPROC       USBXCORE_SET_ADDRESS
  -------         PROC          USBXCORE_GET_DESCRIPTOR
  C:29AEH         LINE#         579
  C:29AEH         LINE#         580
  C:29BDH         LINE#         581
  C:29BDH         LINE#         582
  C:29BDH         LINE#         583
  C:29CBH         LINE#         584
  C:29CFH         LINE#         585
  C:29D1H         LINE#         586
  C:29D1H         LINE#         587
  C:29DFH         LINE#         588
  C:29F2H         LINE#         589
  C:29F4H         LINE#         590
  C:29F4H         LINE#         591
  C:2A18H         LINE#         592
  C:2A24H         LINE#         593
  C:2A26H         LINE#         594
  C:2A26H         LINE#         595
  C:2A29H         LINE#         596
  C:2A29H         LINE#         597
  C:2A29H         LINE#         598
  C:2A3FH         LINE#         599
  C:2A3FH         LINE#         600
  C:2A47H         LINE#         601
  C:2A47H         LINE#         602
  C:2A4FH         LINE#         603
  C:2A4FH         LINE#         604
  C:2A52H         LINE#         605
  C:2A58H         LINE#         606
  C:2A5FH         LINE#         607
  C:2A5FH         LINE#         608
  -------         ENDPROC       USBXCORE_GET_DESCRIPTOR
  -------         PROC          USBXCORE_GET_CONFIGURATION
  C:376EH         LINE#         614
  C:376EH         LINE#         616
  C:3776H         LINE#         617
  C:3776H         LINE#         618
  C:3782H         LINE#         619
  C:378AH         LINE#         620
  C:378AH         LINE#         621
  C:378EH         LINE#         622
  C:378EH         LINE#         623
  C:379CH         LINE#         624
  C:37A4H         LINE#         625
  C:37A4H         LINE#         626
  C:37A7H         LINE#         627
  C:37ADH         LINE#         628
  C:37B4H         LINE#         629
  -------         ENDPROC       USBXCORE_GET_CONFIGURATION
  -------         PROC          USBXCORE_SET_CONFIGURATION
  C:351DH         LINE#         635
  C:351DH         LINE#         637
  C:3526H         LINE#         638
  C:3526H         LINE#         639
  C:352DH         LINE#         640
BL51 BANKED LINKER/LOCATER V6.22                                                      03/07/2022  17:10:23  PAGE 47


  C:3533H         LINE#         641
  C:3538H         LINE#         642
  C:353AH         LINE#         644
  C:3545H         LINE#         645
  C:3550H         LINE#         646
  C:355BH         LINE#         653
  C:3566H         LINE#         654
  C:3568H         LINE#         656
  C:3568H         LINE#         657
  C:356EH         LINE#         658
  C:3572H         LINE#         659
  C:3574H         LINE#         660
  C:3574H         LINE#         661
  -------         ENDPROC       USBXCORE_SET_CONFIGURATION
  -------         PROC          USBXCORE_GET_INTERFACE
  C:3960H         LINE#         668
  C:3960H         LINE#         670
  C:396EH         LINE#         671
  C:3976H         LINE#         672
  C:3979H         LINE#         673
  C:397FH         LINE#         674
  C:3986H         LINE#         675
  -------         ENDPROC       USBXCORE_GET_INTERFACE
  -------         PROC          USBXCORE_SET_SOP
  C:3A70H         LINE#         682
  C:3A70H         LINE#         684
  C:3A78H         LINE#         685
  C:3A78H         LINE#         686
  C:3A83H         LINE#         687
  C:3A83H         LINE#         688
  -------         ENDPROC       USBXCORE_SET_SOP
  -------         PROC          USBXCORE_USB_ISR
  C:1D62H         LINE#         699
  C:1D7FH         LINE#         702
  C:1D85H         LINE#         703
  C:1D98H         LINE#         706
  C:1DABH         LINE#         709
  C:1DAFH         LINE#         710
  C:1DAFH         LINE#         711
  C:1DBAH         LINE#         712
  C:1DBAH         LINE#         714
  C:1DC1H         LINE#         715
  C:1DC1H         LINE#         716
  C:1DC4H         LINE#         717
  C:1DC4H         LINE#         719
  C:1DCBH         LINE#         720
  C:1DCBH         LINE#         721
  C:1DD8H         LINE#         722
  C:1DD8H         LINE#         723
  C:1DDFH         LINE#         724
  C:1DDFH         LINE#         725
  C:1DDFH         LINE#         727
  C:1DDFH         LINE#         728
  C:1DDFH         LINE#         730
  C:1DDFH         LINE#         732
  C:1DF2H         LINE#         734
  C:1DF6H         LINE#         735
BL51 BANKED LINKER/LOCATER V6.22                                                      03/07/2022  17:10:23  PAGE 48


  C:1DF6H         LINE#         736
  C:1DF9H         LINE#         737
  C:1DF9H         LINE#         740
  C:1E00H         LINE#         741
  C:1E00H         LINE#         742
  C:1E0BH         LINE#         748
  C:1E1EH         LINE#         749
  C:1E23H         LINE#         750
  C:1E23H         LINE#         751
  C:1E2AH         LINE#         752
  C:1E2AH         LINE#         754
  C:1E2AH         LINE#         756
  C:1E3DH         LINE#         759
  C:1E41H         LINE#         760
  C:1E41H         LINE#         761
  C:1E4CH         LINE#         767
  C:1E5FH         LINE#         768
  C:1E63H         LINE#         769
  C:1E63H         LINE#         770
  C:1E6AH         LINE#         771
  C:1E6AH         LINE#         772
  C:1E6AH         LINE#         775
  C:1E78H         LINE#         776
  C:1E7DH         LINE#         777
  C:1E83H         LINE#         778
  C:1E88H         LINE#         781
  C:1E95H         LINE#         782
  C:1E95H         LINE#         783
  C:1E98H         LINE#         784
  C:1E98H         LINE#         785
  -------         ENDPROC       USBXCORE_USB_ISR
  -------         ENDMOD        USB_API

  -------         MODULE        USB_SUSPEND
  C:0000H         SYMBOL        _ICE_DUMMY_
  D:00D7H         PUBLIC        USB0XCN
  D:00C9H         PUBLIC        REG0CN
  C:390EH         PUBLIC        USB_Suspend
  D:00A9H         PUBLIC        CLKSEL
  D:00B2H         PUBLIC        OSCICN
  D:00B9H         PUBLIC        CLKMUL
  -------         PROC          USB_SUSPEND
  C:390EH         LINE#         70
  C:390EH         LINE#         72
  C:3911H         LINE#         74
  C:3914H         LINE#         76
  C:391CH         LINE#         79
  C:391FH         LINE#         80
  C:3922H         LINE#         81
  C:3925H         LINE#         82
  C:3928H         LINE#         84
  C:3929H         LINE#         86
  C:392CH         LINE#         88
  C:3932H         LINE#         92
  C:3935H         LINE#         94
  C:3938H         LINE#         95
  -------         ENDPROC       USB_SUSPEND
BL51 BANKED LINKER/LOCATER V6.22                                                      03/07/2022  17:10:23  PAGE 49


  -------         ENDMOD        USB_SUSPEND

  -------         MODULE        USB_INT_ENABLE
  C:0000H         SYMBOL        _ICE_DUMMY_
  C:3A2BH         PUBLIC        USB_Int_Enable
  D:0096H         PUBLIC        USB0ADR
  D:0097H         PUBLIC        USB0DAT
  -------         PROC          USB_INT_ENABLE
  C:3A2BH         LINE#         68
  C:3A2BH         LINE#         71
  C:3A32H         LINE#         73
  C:3A38H         LINE#         74
  C:3A38H         LINE#         75
  C:3A43H         LINE#         77
  C:3A43H         LINE#         78
  -------         ENDPROC       USB_INT_ENABLE
  -------         ENDMOD        USB_INT_ENABLE

  -------         MODULE        USB_CLOCK_RECOVERY
  C:0000H         SYMBOL        _ICE_DUMMY_
  C:3AB6H         PUBLIC        USBXcore_ClkRec
  D:0096H         PUBLIC        USB0ADR
  D:0097H         PUBLIC        USB0DAT
  -------         PROC          USBXCORE_CLKREC
  C:3AB6H         LINE#         45
  C:3AB6H         LINE#         47
  C:3AC1H         LINE#         48
  -------         ENDPROC       USBXCORE_CLKREC
  -------         ENDMOD        USB_CLOCK_RECOVERY

  -------         MODULE        ?C?FPMUL
  C:0C99H         PUBLIC        ?C?FPMUL
  -------         ENDMOD        ?C?FPMUL

  -------         MODULE        ?C?FCAST
  C:0DA9H         PUBLIC        ?C?FCASTC
  C:0DA4H         PUBLIC        ?C?FCASTI
  C:0D9FH         PUBLIC        ?C?FCASTL
  -------         ENDMOD        ?C?FCAST

  -------         MODULE        ?C?CASTF
  C:0DDDH         PUBLIC        ?C?CASTF
  -------         ENDMOD        ?C?CASTF

  -------         MODULE        ?C?COPY
  C:0F2EH         PUBLIC        ?C?COPY
  -------         ENDMOD        ?C?COPY

  -------         MODULE        ?C?CLDPTR
  C:0F54H         PUBLIC        ?C?CLDPTR
  -------         ENDMOD        ?C?CLDPTR

  -------         MODULE        ?C?CLDOPTR
  C:0F6DH         PUBLIC        ?C?CLDOPTR
  -------         ENDMOD        ?C?CLDOPTR

  -------         MODULE        ?C?IMUL
BL51 BANKED LINKER/LOCATER V6.22                                                      03/07/2022  17:10:23  PAGE 50


  C:0F9AH         PUBLIC        ?C?IMUL
  -------         ENDMOD        ?C?IMUL

  -------         MODULE        ?C?IILDX
  C:0FACH         PUBLIC        ?C?IILDX
  -------         ENDMOD        ?C?IILDX

  -------         MODULE        ?C?ILDOPTR
  C:0FC2H         PUBLIC        ?C?ILDOPTR
  -------         ENDMOD        ?C?ILDOPTR

  -------         MODULE        ?C?LMUL
  C:0FFAH         PUBLIC        ?C?LMUL
  -------         ENDMOD        ?C?LMUL

  -------         MODULE        ?C?ULDIV
  C:1085H         PUBLIC        ?C?ULDIV
  -------         ENDMOD        ?C?ULDIV

  -------         MODULE        ?C?LNEG
  C:1117H         PUBLIC        ?C?LNEG
  -------         ENDMOD        ?C?LNEG

  -------         MODULE        ?C?ULCMP
  C:1125H         PUBLIC        ?C?ULCMP
  -------         ENDMOD        ?C?ULCMP

  -------         MODULE        ?C?ULSHR
  C:1136H         PUBLIC        ?C?ULSHR
  -------         ENDMOD        ?C?ULSHR

  -------         MODULE        ?C?LSHL
  C:1149H         PUBLIC        ?C?LSHL
  -------         ENDMOD        ?C?LSHL

  -------         MODULE        ?C?LLDIPDATA
  C:1165H         PUBLIC        ?C?LLDIPDATA
  C:115CH         PUBLIC        ?C?LLDIPDATA1
  C:115EH         PUBLIC        ?C?LLDIPDATA8
  -------         ENDMOD        ?C?LLDIPDATA

  -------         MODULE        ?C?LSTXDATA
  C:117CH         PUBLIC        ?C?LSTXDATA
  -------         ENDMOD        ?C?LSTXDATA

  -------         MODULE        ?C?LSTPDATA
  C:1188H         PUBLIC        ?C?LSTPDATA
  -------         ENDMOD        ?C?LSTPDATA

  -------         MODULE        ?C?LSTKXDATA
  C:1194H         PUBLIC        ?C?LSTKXDATA
  -------         ENDMOD        ?C?LSTKXDATA

  -------         MODULE        ?C?LSTKPDATA
  C:11C5H         PUBLIC        ?C?LSTKPDATA
  -------         ENDMOD        ?C?LSTKPDATA

BL51 BANKED LINKER/LOCATER V6.22                                                      03/07/2022  17:10:23  PAGE 51


  -------         MODULE        ?C_PBP
  D:0008H         PUBLIC        ?C_PBP
  -------         ENDMOD        ?C_PBP

*** WARNING L14: INCOMPATIBLE MEMORY MODEL
    MODULE:  .\USBX_F34X.LIB (USB_API)
    MODEL:   SMALL

*** WARNING L14: INCOMPATIBLE MEMORY MODEL
    MODULE:  .\USBX_F34X.LIB (USB_SUSPEND)
    MODEL:   SMALL

*** WARNING L14: INCOMPATIBLE MEMORY MODEL
    MODULE:  .\USBX_F34X.LIB (USB_INT_ENABLE)
    MODEL:   SMALL

*** WARNING L14: INCOMPATIBLE MEMORY MODEL
    MODULE:  .\USBX_F34X.LIB (USB_CLOCK_RECOVERY)
    MODEL:   SMALL

*** WARNING L16: UNCALLED SEGMENT, IGNORED FOR OVERLAY PROCESS
    SEGMENT: ?PR?SD_INIT?MMC_SD

*** WARNING L16: UNCALLED SEGMENT, IGNORED FOR OVERLAY PROCESS
    SEGMENT: ?PR?_DISPPIC?LCD

*** WARNING L16: UNCALLED SEGMENT, IGNORED FOR OVERLAY PROCESS
    SEGMENT: ?PR?_DISPPICFROMSD?LCD

*** WARNING L16: UNCALLED SEGMENT, IGNORED FOR OVERLAY PROCESS
    SEGMENT: ?PR?DISPSCALEHOR1?LCD

*** WARNING L16: UNCALLED SEGMENT, IGNORED FOR OVERLAY PROCESS
    SEGMENT: ?PR?DISPSCALEVER?LCD

*** WARNING L16: UNCALLED SEGMENT, IGNORED FOR OVERLAY PROCESS
    SEGMENT: ?PR?DISPSCALEVER_RED?LCD

*** WARNING L16: UNCALLED SEGMENT, IGNORED FOR OVERLAY PROCESS
    SEGMENT: ?PR?DISPSCALEVER_GREEN?LCD

*** WARNING L16: UNCALLED SEGMENT, IGNORED FOR OVERLAY PROCESS
    SEGMENT: ?PR?DISPSCALEVER_BLUE?LCD

*** WARNING L16: UNCALLED SEGMENT, IGNORED FOR OVERLAY PROCESS
    SEGMENT: ?PR?DISPSCALEVER_GRAY?LCD

*** WARNING L16: UNCALLED SEGMENT, IGNORED FOR OVERLAY PROCESS
    SEGMENT: ?PR?DISPGRAYHOR32?LCD

*** WARNING L16: UNCALLED SEGMENT, IGNORED FOR OVERLAY PROCESS
    SEGMENT: ?PR?DISPSCALEHOR2?LCD

*** WARNING L16: UNCALLED SEGMENT, IGNORED FOR OVERLAY PROCESS
    SEGMENT: ?PR?_DRAWGIRD?LCD

Program Size: data=10.0 xdata=1214 code=15072
BL51 BANKED LINKER/LOCATER V6.22                                                      03/07/2022  17:10:23  PAGE 52


LINK/LOCATE RUN COMPLETE.  16 WARNING(S),  0 ERROR(S)
