BL51 BANKED LINKER/LOCATER V6.22                                                        11/15/2018  13:54:59  PAGE 1


BL51 BANKED LINKER/LOCATER V6.22, INVOKED BY:
C:\KEIL\C51\BIN\BL51.EXE main.obj, mmc_sd.obj, lcd.obj, tp.obj, .\USBX_F34X.LIB TO GC9203_CTC20_4W1L RAMSIZE (256)


MEMORY MODEL: SMALL WITH FLOATING POINT ARITHMETIC


INPUT MODULES INCLUDED:
  main.obj (MAIN)
  mmc_sd.obj (MMC_SD)
  lcd.obj (LCD)
  tp.obj (TP)
  .\USBX_F34X.LIB (USB_API)
  .\USBX_F34X.LIB (USB_CLOCK_START)
  .\USBX_F34X.LIB (USB_SUSPEND)
  .\USBX_F34X.LIB (GET_INTERRUPT_SOURCE)
  .\USBX_F34X.LIB (BLOCK_READ)
  .\USBX_F34X.LIB (BLOCK_WRITE)
  .\USBX_F34X.LIB (USB_INT_ENABLE)
  .\USBX_F34X.LIB (USB_CLOCK_RECOVERY)
  .\USBX_F34X.LIB (USB_JUMP_ISR)
  C:\KEIL\C51\LIB\C51FPS.LIB (?C?FPMUL)
  C:\KEIL\C51\LIB\C51FPS.LIB (?C?FCAST)
  C:\KEIL\C51\LIB\C51FPS.LIB (?C?CASTF)
  C:\KEIL\C51\LIB\C51FPS.LIB (?C?FPGETOPN)
  C:\KEIL\C51\LIB\C51S.LIB (?C_STARTUP)
  C:\KEIL\C51\LIB\C51S.LIB (?C?COPY)
  C:\KEIL\C51\LIB\C51S.LIB (?C?CLDPTR)
  C:\KEIL\C51\LIB\C51S.LIB (?C?CLDOPTR)
  C:\KEIL\C51\LIB\C51S.LIB (?C?IMUL)
  C:\KEIL\C51\LIB\C51S.LIB (?C?IILDX)
  C:\KEIL\C51\LIB\C51S.LIB (?C?LMUL)
  C:\KEIL\C51\LIB\C51S.LIB (?C?ULDIV)
  C:\KEIL\C51\LIB\C51S.LIB (?C?LNEG)
  C:\KEIL\C51\LIB\C51S.LIB (?C?ULCMP)
  C:\KEIL\C51\LIB\C51S.LIB (?C?ULSHR)
  C:\KEIL\C51\LIB\C51S.LIB (?C?LSHL)
  C:\KEIL\C51\LIB\C51S.LIB (?C?LLDIIDATA)
  C:\KEIL\C51\LIB\C51S.LIB (?C?LSTXDATA)
  C:\KEIL\C51\LIB\C51S.LIB (?C?LSTKXDATA)
  C:\KEIL\C51\LIB\C51S.LIB (?C_IBP)
  C:\KEIL\C51\LIB\C51S.LIB (?C_INIT)


LINK MAP OF MODULE:  GC9203_CTC20_4W1L (MAIN)


            TYPE    BASE      LENGTH    RELOCATION   SEGMENT NAME
            -----------------------------------------------------

            * * * * * * *   D A T A   M E M O R Y   * * * * * * *
            REG     0000H     0008H     ABSOLUTE     "REG BANK 0"
            DATA    0008H     0023H     UNIT         _DATA_GROUP_
            DATA    002BH     0010H     UNIT         ?DT?MAIN
            DATA    003BH     000CH     UNIT         ?DT?_DISPPICFROMSD?LCD
            DATA    0047H     000AH     UNIT         ?DT?_DRAWLINE?LCD
            DATA    0051H     0004H     UNIT         ?DT?_MMC_SD_READSINGLEBLOCK?MMC_SD
            DATA    0055H     0004H     UNIT         ?DT?DISPSCALEHOR1?LCD
BL51 BANKED LINKER/LOCATER V6.22                                                      11/15/2018  13:54:59  PAGE 2


            DATA    0059H     0004H     UNIT         ?DT?DISPSCALEVER?LCD
            DATA    005DH     0004H     UNIT         ?DT?DISPSCALEVER_RED?LCD
            DATA    0061H     0004H     UNIT         ?DT?DISPSCALEVER_GREEN?LCD
            DATA    0065H     0004H     UNIT         ?DT?DISPSCALEVER_GRAY?LCD
            DATA    0069H     0004H     UNIT         ?DT?DISPGRAYHOR32?LCD
            DATA    006DH     0004H     UNIT         ?DT?_DRAWGIRD?LCD
            DATA    0071H     0002H     UNIT         ?DT?DISPSCALEVER_BLUE?LCD
            DATA    0073H     0002H     UNIT         ?DT?LCD
            DATA    0075H     0001H     UNIT         ?C?LIB_DATA
            IDATA   0076H     0001H     UNIT         ?STACK

            * * * * * * *  X D A T A   M E M O R Y  * * * * * * *
            XDATA   0000H     0200H     UNIT         ?XD?MMC_SD
            XDATA   0200H     0058H     UNIT         _XDATA_GROUP_
            XDATA   0258H     0040H     UNIT         ?XD?MAIN
                    0298H     03A8H                  *** GAP ***
            XDATA   0640H     0100H     ABSOLUTE     
            XDATA   0740H     0012H     ABSOLUTE     
            XDATA   0752H     0020H     ABSOLUTE     
            XDATA   0772H     000CH     ABSOLUTE     
            XDATA   077EH     0008H     ABSOLUTE     
            XDATA   0786H     0001H     ABSOLUTE     
            XDATA   0787H     0003H     ABSOLUTE     
            XDATA   078AH     0002H     ABSOLUTE     
            XDATA   078CH     0002H     ABSOLUTE     
            XDATA   078EH     0003H     ABSOLUTE     
            XDATA   0791H     0001H     ABSOLUTE     
            XDATA   0792H     0001H     ABSOLUTE     
            XDATA   0793H     0001H     ABSOLUTE     
            XDATA   0794H     0001H     ABSOLUTE     
            XDATA   0795H     0002H     ABSOLUTE     
            XDATA   0797H     0002H     ABSOLUTE     
            XDATA   0799H     0001H     ABSOLUTE     
            XDATA   079AH     0001H     ABSOLUTE     
            XDATA   079BH     0001H     ABSOLUTE     
            XDATA   079CH     0001H     ABSOLUTE     
            XDATA   079DH     0001H     ABSOLUTE     
            XDATA   079EH     0001H     ABSOLUTE     
            XDATA   079FH     0002H     ABSOLUTE     
            XDATA   07A1H     0001H     ABSOLUTE     
            XDATA   07A2H     0001H     ABSOLUTE     
            XDATA   07A3H     000CH     ABSOLUTE     
                    07AFH     0011H                  *** GAP ***
            XDATA   07C0H     0040H     ABSOLUTE     

            * * * * * * *   C O D E   M E M O R Y   * * * * * * *
            CODE    0000H     0003H     ABSOLUTE     
            CODE    0003H     003EH     UNIT         ?PR?_WRITEDISPDATA?LCD
                    0041H     0002H                  *** GAP ***
            CODE    0043H     0003H     ABSOLUTE     
            CODE    0046H     0042H     UNIT         ?PR?MCU_INIT?MAIN
            CODE    0088H     0003H     UNIT         ?PR?SUSPEND_DEVICE?MAIN
            CODE    008BH     0003H     ABSOLUTE     
            CODE    008EH     0600H     UNIT         ?CO?LCD
            CODE    068EH     05A0H     UNIT         ?PR?CONNTOUSB?MAIN
            CODE    0C2EH     04E8H     UNIT         ?C?LIB_CODE
            CODE    1116H     0233H     UNIT         ?PR?USBXCORE_HANDLE_SETUP?USB_API
BL51 BANKED LINKER/LOCATER V6.22                                                      11/15/2018  13:54:59  PAGE 3


            CODE    1349H     01CDH     UNIT         ?PR?DISPSCALEHOR1?LCD
            CODE    1516H     01A5H     UNIT         ?PR?TP_DRAWLINE?TP
            CODE    16BBH     01A3H     UNIT         ?PR?LCD_INIT?LCD
            CODE    185EH     0151H     UNIT         ?PR?USBXCORE_USB_ISR?USB_API
            CODE    19AFH     013CH     UNIT         ?PR?DISPSCALEHOR2?LCD
            CODE    1AEBH     0137H     UNIT         ?PR?_USB_INIT?USB_API
            CODE    1C22H     0128H     UNIT         ?PR?_LCD_READ_IC_ID?LCD
            CODE    1D4AH     0121H     UNIT         ?PR?DISPBAND?LCD
            CODE    1E6BH     011BH     UNIT         ?PR?_TP_GETPOSITION?TP
            CODE    1F86H     0111H     UNIT         ?PR?_BLOCK_WRITE?BLOCK_WRITE
            CODE    2097H     010EH     UNIT         ?PR?USB_API_TEST_ISR?MAIN
            CODE    21A5H     0104H     UNIT         ?PR?DISPSCALEVER?LCD
            CODE    22A9H     00CDH     UNIT         ?PR?USBXCORE_VENDOR_USB_API?USB_API
            CODE    2376H     00BAH     UNIT         ?PR?_?BLOCKWRITE?LCD
            CODE    2430H     00B4H     UNIT         ?PR?_DISPPICFROMSD?LCD
            CODE    24E4H     00B3H     UNIT         ?PR?MMC_SD_RESET?MMC_SD
            CODE    2597H     00B2H     UNIT         ?PR?USBXCORE_GET_DESCRIPTOR?USB_API
            CODE    2649H     00AFH     UNIT         ?PR?_BLOCK_READ?BLOCK_READ
            CODE    26F8H     00A4H     UNIT         ?PR?_DISPONECHAR?LCD
            CODE    279CH     0097H     UNIT         ?PR?DISPFRAME?LCD
            CODE    2833H     0095H     UNIT         ?PR?_DISPINT?LCD
            CODE    28C8H     008EH     UNIT         ?PR?DISPSCALEVER_GREEN?LCD
            CODE    2956H     008CH     UNIT         ?C_C51STARTUP
            CODE    29E2H     0089H     UNIT         ?PR?DISPGRAYHOR16?LCD
            CODE    2A6BH     0082H     UNIT         ?PR?_DISPSTR?LCD
            CODE    2AEDH     007FH     UNIT         ?PR?DISPSCALEVER_RED?LCD
            CODE    2B6CH     007FH     UNIT         ?PR?DISPSCALEVER_GRAY?LCD
            CODE    2BEBH     007EH     UNIT         ?PR?_MMC_SD_WRITESINGLEBLOCK?MMC_SD
            CODE    2C69H     0075H     UNIT         ?PR?_DRAWGIRD?LCD
            CODE    2CDEH     0073H     UNIT         ?PR?TP_READ?TP
            CODE    2D51H     0073H     UNIT         ?PR?USBXCORE_GET_STATUS?USB_API
            CODE    2DC4H     006CH     UNIT         ?PR?DEVICES_INIT?MAIN
            CODE    2E30H     006AH     UNIT         ?PR?DISPGRAYHOR32?LCD
            CODE    2E9AH     0065H     UNIT         ?PR?_MMC_SD_READSINGLEBLOCK?MMC_SD
            CODE    2EFFH     0064H     UNIT         ?PR?DISPSCALEVER_BLUE?LCD
            CODE    2F63H     0064H     UNIT         ?PR?_DRAWLINE?LCD
            CODE    2FC7H     0061H     UNIT         ?PR?_MMC_SD_SENDCOMMAND?MMC_SD
            CODE    3028H     005BH     UNIT         ?PR?_TOORD?LCD
            CODE    3083H     005AH     UNIT         ?PR?USBXCORE_SET_CONFIGURATION?USB_API
            CODE    30DDH     0058H     UNIT         ?PR?USBXCORE_CLEAR_FEATURE?USB_API
            CODE    3135H     0057H     UNIT         ?PR?USBXCORE_SET_FEATURE?USB_API
            CODE    318CH     0050H     UNIT         ?CO?MAIN
            CODE    31DCH     004CH     UNIT         ?PR?_STOPDELAY?MAIN
            CODE    3228H     0047H     UNIT         ?PR?_WRITEDATA?LCD
            CODE    326FH     0047H     UNIT         ?PR?USBXCORE_GET_CONFIGURATION?USB_API
            CODE    32B6H     0042H     UNIT         ?PR?_WRITECOMM?LCD
            CODE    32F8H     0042H     UNIT         ?PR?_PUTPIXEL?LCD
            CODE    333AH     003AH     UNIT         ?CO?USB_API
            CODE    3374H     0038H     UNIT         ?PR?USB_CLOCK_START?USB_CLOCK_START
            CODE    33ACH     002BH     UNIT         ?PR?MAIN?MAIN
            CODE    33D7H     002BH     UNIT         ?PR?USB_SUSPEND?USB_SUSPEND
            CODE    3402H     0029H     UNIT         ?C_INITSEG
            CODE    342BH     0028H     UNIT         ?PR?_DISPCOLOR?LCD
            CODE    3453H     0027H     UNIT         ?PR?USBXCORE_USB_RESET?USB_API
            CODE    347AH     0027H     UNIT         ?PR?USBXCORE_GET_INTERFACE?USB_API
            CODE    34A1H     0026H     UNIT         ?PR?_TP_WRITE?TP
            CODE    34C7H     0022H     UNIT         ?PR?USBXCORE_JUMP_ISR?USB_JUMP_ISR
BL51 BANKED LINKER/LOCATER V6.22                                                      11/15/2018  13:54:59  PAGE 4


            CODE    34E9H     0020H     UNIT         ?PR?USBXCORE_SET_ADDRESS?USB_API
            CODE    3509H     001FH     UNIT         ?PR?_DELAY?MAIN
            CODE    3528H     001DH     UNIT         ?PR?USBXCORE_FORCE_STALL?USB_API
            CODE    3545H     0019H     UNIT         ?PR?USB_INT_ENABLE?USB_INT_ENABLE
            CODE    355EH     0016H     UNIT         ?PR?_SPI_WRITEBYTE?MMC_SD
            CODE    3574H     0014H     UNIT         ?PR?USBXCORE_SET_SOP?USB_API
            CODE    3588H     0013H     UNIT         ?PR?WAITKEY?MAIN
            CODE    359BH     0013H     UNIT         ?PR?READDATA?LCD
            CODE    35AEH     0011H     UNIT         ?PR?SD_INIT?MMC_SD
            CODE    35BFH     000EH     UNIT         ?PR?GET_INTERRUPT_SOURCE?GET_INTERRUPT_SOURCE
            CODE    35CDH     000CH     UNIT         ?PR?USBXCORE_CLKREC?USB_CLOCK_RECOVERY
            CODE    35D9H     000BH     UNIT         ?PR?SPI_READBYTE?MMC_SD
            CODE    35E4H     0009H     UNIT         ?PR?_WRITEONEDOT?LCD



OVERLAY MAP OF MODULE:   GC9203_CTC20_4W1L (MAIN)


SEGMENT                                            DATA_GROUP          XDATA_GROUP
  +--> CALLED SEGMENT                            START    LENGTH     START    LENGTH
------------------------------------------------------------------------------------
?PR?USB_API_TEST_ISR?MAIN                        0008H    0001H      -----    -----
  +--> ?PR?GET_INTERRUPT_SOURCE?GET_INTERRUP...
  +--> ?PR?_BLOCK_READ?BLOCK_READ
  +--> ?PR?SUSPEND_DEVICE?MAIN
  +--> ?PR?MCU_INIT?MAIN
  +--> ?PR?_?BLOCKWRITE?LCD

?PR?SUSPEND_DEVICE?MAIN                          -----    -----      -----    -----
  +--> ?PR?USB_SUSPEND?USB_SUSPEND

?PR?USB_SUSPEND?USB_SUSPEND                      -----    -----      -----    -----
  +--> ?PR?USB_CLOCK_START?USB_CLOCK_START

?PR?_?BLOCKWRITE?LCD                             -----    -----      -----    -----
  +--> ?PR?_WRITECOMM?LCD
  +--> ?PR?_WRITEDATA?LCD

?PR?_WRITEDATA?LCD                               -----    -----      -----    -----
  +--> ?PR?_WRITECOMM?LCD

*** NEW ROOT ***************************************************

?PR?USBXCORE_USB_ISR?USB_API                     -----    -----      -----    -----
  +--> ?PR?USBXCORE_USB_RESET?USB_API
  +--> ?PR?USBXCORE_HANDLE_SETUP?USB_API
  +--> ?PR?USBXCORE_JUMP_ISR?USB_JUMP_ISR

?PR?USBXCORE_HANDLE_SETUP?USB_API                -----    -----      -----    -----
  +--> ?PR?USBXCORE_GET_STATUS?USB_API
  +--> ?PR?USBXCORE_CLEAR_FEATURE?USB_API
  +--> ?PR?USBXCORE_VENDOR_USB_API?USB_API
  +--> ?PR?USBXCORE_SET_FEATURE?USB_API
  +--> ?PR?USBXCORE_SET_ADDRESS?USB_API
  +--> ?PR?USBXCORE_GET_DESCRIPTOR?USB_API
  +--> ?PR?USBXCORE_GET_CONFIGURATION?USB_API
BL51 BANKED LINKER/LOCATER V6.22                                                      11/15/2018  13:54:59  PAGE 5


  +--> ?PR?USBXCORE_SET_CONFIGURATION?USB_API
  +--> ?PR?USBXCORE_GET_INTERFACE?USB_API
  +--> ?PR?USBXCORE_SET_SOP?USB_API
  +--> ?PR?USBXCORE_FORCE_STALL?USB_API

?PR?USBXCORE_GET_STATUS?USB_API                  -----    -----      -----    -----
  +--> ?CO?USB_API
  +--> ?PR?USBXCORE_FORCE_STALL?USB_API
  +--> ?PR?USBXCORE_SET_SOP?USB_API

?PR?USBXCORE_CLEAR_FEATURE?USB_API               -----    -----      -----    -----
  +--> ?PR?USBXCORE_FORCE_STALL?USB_API
  +--> ?PR?USBXCORE_SET_SOP?USB_API

?PR?USBXCORE_VENDOR_USB_API?USB_API              -----    -----      -----    -----
  +--> ?PR?USBXCORE_SET_SOP?USB_API

?PR?USBXCORE_SET_FEATURE?USB_API                 -----    -----      -----    -----
  +--> ?PR?USBXCORE_FORCE_STALL?USB_API
  +--> ?PR?USBXCORE_SET_SOP?USB_API

?PR?USBXCORE_SET_ADDRESS?USB_API                 -----    -----      -----    -----
  +--> ?PR?USBXCORE_SET_SOP?USB_API

?PR?USBXCORE_GET_DESCRIPTOR?USB_API              -----    -----      -----    -----
  +--> ?PR?USBXCORE_FORCE_STALL?USB_API
  +--> ?PR?USBXCORE_SET_SOP?USB_API

?PR?USBXCORE_GET_CONFIGURATION?USB_API           -----    -----      -----    -----
  +--> ?CO?USB_API
  +--> ?PR?USBXCORE_SET_SOP?USB_API

?PR?USBXCORE_SET_CONFIGURATION?USB_API           -----    -----      -----    -----
  +--> ?PR?USBXCORE_SET_SOP?USB_API

?PR?USBXCORE_GET_INTERFACE?USB_API               -----    -----      -----    -----
  +--> ?CO?USB_API
  +--> ?PR?USBXCORE_SET_SOP?USB_API

*** NEW ROOT ***************************************************

?C_C51STARTUP                                    -----    -----      -----    -----
  +--> ?PR?MAIN?MAIN
  +--> ?C_INITSEG

?PR?MAIN?MAIN                                    0009H    0001H      -----    -----
  +--> ?PR?DEVICES_INIT?MAIN
  +--> ?PR?DISPFRAME?LCD
  +--> ?PR?_STOPDELAY?MAIN
  +--> ?PR?DISPGRAYHOR16?LCD
  +--> ?PR?DISPBAND?LCD
  +--> ?PR?_DISPCOLOR?LCD
  +--> ?PR?TP_DRAWLINE?TP

?PR?DEVICES_INIT?MAIN                            -----    -----      -----    -----
  +--> ?PR?MCU_INIT?MAIN
  +--> ?PR?USB_CLOCK_START?USB_CLOCK_START
BL51 BANKED LINKER/LOCATER V6.22                                                      11/15/2018  13:54:59  PAGE 6


  +--> ?CO?MAIN
  +--> ?PR?_USB_INIT?USB_API
  +--> ?PR?USB_INT_ENABLE?USB_INT_ENABLE
  +--> ?PR?LCD_INIT?LCD

?PR?_USB_INIT?USB_API                            -----    -----      0200H    0011H
  +--> ?CO?USB_API
  +--> ?PR?USBXCORE_CLKREC?USB_CLOCK_RECOVERY

?PR?LCD_INIT?LCD                                 -----    -----      -----    -----
  +--> ?PR?READDATA?LCD
  +--> ?PR?_DELAY?MAIN
  +--> ?PR?_WRITECOMM?LCD
  +--> ?PR?_WRITEDATA?LCD

?PR?READDATA?LCD                                 -----    -----      -----    -----
  +--> ?PR?_LCD_READ_IC_ID?LCD

?PR?_LCD_READ_IC_ID?LCD                          0013H    0007H      -----    -----

?PR?DISPFRAME?LCD                                -----    -----      -----    -----
  +--> ?PR?_?BLOCKWRITE?LCD
  +--> ?PR?_WRITEDISPDATA?LCD

?PR?_STOPDELAY?MAIN                              000AH    0004H      -----    -----
  +--> ?PR?WAITKEY?MAIN
  +--> ?PR?_DELAY?MAIN

?PR?WAITKEY?MAIN                                 -----    -----      -----    -----
  +--> ?PR?CONNTOUSB?MAIN
  +--> ?PR?_DELAY?MAIN

?PR?CONNTOUSB?MAIN                               000EH    0005H      0200H    0058H
  +--> ?CO?MAIN
  +--> ?PR?_WRITECOMM?LCD
  +--> ?PR?_WRITEDATA?LCD
  +--> ?PR?_DISPSTR?LCD
  +--> ?PR?_DISPINT?LCD
  +--> ?PR?_WRITEDISPDATA?LCD
  +--> ?PR?_MMC_SD_WRITESINGLEBLOCK?MMC_SD
  +--> ?PR?_BLOCK_WRITE?BLOCK_WRITE
  +--> ?PR?READDATA?LCD
  +--> ?PR?_DELAY?MAIN

?PR?_DISPSTR?LCD                                 0013H    000BH      -----    -----
  +--> ?PR?_TOORD?LCD
  +--> ?PR?_DISPONECHAR?LCD

?PR?_DISPONECHAR?LCD                             001EH    000DH      -----    -----
  +--> ?PR?_?BLOCKWRITE?LCD
  +--> ?CO?LCD
  +--> ?PR?_WRITEONEDOT?LCD

?PR?_WRITEONEDOT?LCD                             -----    -----      -----    -----
  +--> ?PR?_WRITEDISPDATA?LCD

?PR?_DISPINT?LCD                                 0013H    000AH      -----    -----
BL51 BANKED LINKER/LOCATER V6.22                                                      11/15/2018  13:54:59  PAGE 7


  +--> ?PR?_DISPONECHAR?LCD

?PR?_MMC_SD_WRITESINGLEBLOCK?MMC_SD              0013H    0004H      -----    -----
  +--> ?PR?_MMC_SD_SENDCOMMAND?MMC_SD
  +--> ?PR?_SPI_WRITEBYTE?MMC_SD

?PR?_MMC_SD_SENDCOMMAND?MMC_SD                   0017H    0005H      -----    -----
  +--> ?PR?_SPI_WRITEBYTE?MMC_SD

?PR?DISPGRAYHOR16?LCD                            000AH    0004H      -----    -----
  +--> ?PR?_?BLOCKWRITE?LCD
  +--> ?PR?_WRITEDISPDATA?LCD

?PR?DISPBAND?LCD                                 000AH    0004H      -----    -----
  +--> ?PR?_?BLOCKWRITE?LCD
  +--> ?PR?_WRITEDISPDATA?LCD

?PR?_DISPCOLOR?LCD                               000AH    0001H      -----    -----
  +--> ?PR?_?BLOCKWRITE?LCD
  +--> ?PR?_WRITEDISPDATA?LCD

?PR?TP_DRAWLINE?TP                               -----    -----      0200H    0018H
  +--> ?PR?_DELAY?MAIN
  +--> ?PR?_TP_GETPOSITION?TP
  +--> ?PR?_PUTPIXEL?LCD
  +--> ?PR?_DISPCOLOR?LCD

?PR?_TP_GETPOSITION?TP                           -----    -----      0218H    001BH
  +--> ?PR?_TP_WRITE?TP
  +--> ?PR?TP_READ?TP

?PR?_TP_WRITE?TP                                 -----    -----      0233H    0001H

?PR?TP_READ?TP                                   -----    -----      0233H    0005H

?PR?_PUTPIXEL?LCD                                000AH    0002H      -----    -----
  +--> ?PR?_?BLOCKWRITE?LCD
  +--> ?PR?_WRITEDISPDATA?LCD



SYMBOL TABLE OF MODULE:  GC9203_CTC20_4W1L (MAIN)

  VALUE           TYPE          NAME
  ----------------------------------

  -------         MODULE        MAIN
  C:0000H         SYMBOL        _ICE_DUMMY_
  D:0080H         PUBLIC        P0
  D:002BH         PUBLIC        f_down
  D:0090H         PUBLIC        P1
  D:00A0H         PUBLIC        P2
  D:00B0H         PUBLIC        P3
  C:31D7H         PUBLIC        USB_MaxPower
  B:00B0H.6       PUBLIC        KEY_STEP
  D:00A4H         PUBLIC        P0MDOUT
  D:00A5H         PUBLIC        P1MDOUT
BL51 BANKED LINKER/LOCATER V6.22                                                      11/15/2018  13:54:59  PAGE 8


  D:00A6H         PUBLIC        P2MDOUT
  D:00A7H         PUBLIC        P3MDOUT
  D:00AEH         PUBLIC        P4MDOUT
  B:0080H.6       PUBLIC        OE
  D:00D9H         PUBLIC        PCA0MD
  C:2097H         PUBLIC        USB_API_TEST_ISR
  C:0088H         PUBLIC        Suspend_Device
  C:31E0H         PUBLIC        _StopDelay
  D:00E1H         PUBLIC        XBR0
  D:00E2H         PUBLIC        XBR1
  B:00B0H.1       PUBLIC        RS
  C:33ACH         PUBLIC        main
  D:002CH         PUBLIC        VerifyCode0
  D:002DH         PUBLIC        VerifyCode1
  C:31A1H         PUBLIC        USB_PID
  D:002EH         PUBLIC        VerifyCode2
  D:00F1H         PUBLIC        P0MDIN
  D:00F2H         PUBLIC        P1MDIN
  C:31A3H         PUBLIC        USB_MfrStr
  D:00F4H         PUBLIC        P3MDIN
  C:319FH         PUBLIC        USB_VID
  D:00F8H         PUBLIC        SPI0CN
  D:002FH         PUBLIC        pic
  C:2DC4H         PUBLIC        Devices_Init
  C:068EH         PUBLIC        ConnToUSB
  D:00A9H         PUBLIC        CLKSEL
  D:00B2H         PUBLIC        OSCICN
  C:31D8H         PUBLIC        USB_PwAttributes
  C:3588H         PUBLIC        WaitKey
  C:31DBH         SYMBOL        _?ix1000
  B:00B0H.0       PUBLIC        CS0
  D:0030H         PUBLIC        bf
  C:31D9H         PUBLIC        USB_bcdDevice
  D:00B9H         PUBLIC        CLKMUL
  D:0032H         PUBLIC        f_debug
  D:0033H         PUBLIC        sd
  X:0258H         PUBLIC        Packet
  C:0046H         PUBLIC        MCU_Init
  B:0080H.7       PUBLIC        DIR
  D:00EFH         PUBLIC        RSTSRC
  D:0037H         PUBLIC        f_read
  C:31CDH         PUBLIC        USB_SerialStr
  D:0038H         PUBLIC        f_other
  C:31BDH         PUBLIC        USB_ProductStr
  D:0039H         PUBLIC        f_para
  D:00A1H         PUBLIC        SPI0CFG
  C:3509H         PUBLIC        _Delay
  B:00B0H.7       PUBLIC        KEY_Stop
  D:003AH         PUBLIC        f_init
  -------         PROC          MAIN
  -------         DO            
  D:0009H         SYMBOL        n
  -------         ENDDO         
  C:33ACH         LINE#         40
  C:33ACH         LINE#         41
  C:33ACH         LINE#         46
  C:33AFH         LINE#         48
BL51 BANKED LINKER/LOCATER V6.22                                                      11/15/2018  13:54:59  PAGE 9


  C:33B2H         LINE#         49
  C:33B2H         LINE#         52
  C:33B8H         LINE#         54
  C:33BEH         LINE#         58
  C:33C4H         LINE#         59
  C:33D1H         LINE#         63
  C:33D4H         LINE#         65
  C:33D6H         LINE#         66
  -------         ENDPROC       MAIN
  -------         PROC          _DELAY
  D:0006H         SYMBOL        dly
  -------         DO            
  D:0004H         SYMBOL        i
  D:0002H         SYMBOL        j
  -------         ENDDO         
  C:3509H         LINE#         69
  C:3509H         LINE#         70
  C:3509H         LINE#         73
  C:3513H         LINE#         74
  C:3527H         LINE#         75
  -------         ENDPROC       _DELAY
  C:31DCH         SYMBOL        L?0133
  -------         PROC          L?0132
  -------         ENDPROC       L?0132
  C:31DCH         SYMBOL        L?0133
  -------         PROC          _STOPDELAY
  D:000AH         SYMBOL        sdly
  -------         DO            
  D:0006H         SYMBOL        i
  D:0004H         SYMBOL        j
  D:000CH         SYMBOL        k
  -------         ENDDO         
  C:31E0H         LINE#         77
  C:31E4H         LINE#         78
  C:31E4H         LINE#         80
  C:31E9H         LINE#         81
  C:31E9H         LINE#         82
  C:31ECH         LINE#         83
  C:31ECH         LINE#         84
  C:31F8H         LINE#         85
  C:320CH         LINE#         86
  C:320CH         LINE#         88
  C:320CH         LINE#         89
  C:3216H         LINE#         90
  C:3216H         LINE#         91
  C:3227H         LINE#         92
  -------         ENDPROC       _STOPDELAY
  -------         PROC          WAITKEY
  C:3588H         LINE#         121
  C:3588H         LINE#         122
  C:3588H         LINE#         124
  C:358BH         LINE#         125
  C:358BH         LINE#         127
  C:358EH         LINE#         129
  C:3590H         LINE#         130
  C:3597H         LINE#         131
  C:359AH         LINE#         133
BL51 BANKED LINKER/LOCATER V6.22                                                      11/15/2018  13:54:59  PAGE 10


  -------         ENDPROC       WAITKEY
  -------         PROC          CONNTOUSB
  -------         DO            
  D:000EH         SYMBOL        i
  X:0200H         SYMBOL        reg_data
  X:0218H         SYMBOL        para_data
  D:0007H         SYMBOL        dat
  D:000FH         SYMBOL        reg_index
  D:0011H         SYMBOL        data_num
  D:0012H         SYMBOL        st
  -------         ENDDO         
  C:068EH         LINE#         138
  C:068EH         LINE#         139
  C:068EH         LINE#         146
  C:06A1H         LINE#         148
  C:06A8H         LINE#         149
  C:06A8H         LINE#         150
  C:06ABH         LINE#         151
  C:06ABH         LINE#         152
  C:06BDH         LINE#         153
  C:06BDH         LINE#         154
  C:06E4H         LINE#         155
  C:06E6H         LINE#         156
  C:06FAH         LINE#         157
  C:06FAH         LINE#         158
  C:0721H         LINE#         160
  C:0721H         LINE#         161
  C:0721H         LINE#         162
  C:0721H         LINE#         164
  C:0721H         LINE#         165
  C:072AH         LINE#         166
  C:0734H         LINE#         167
  C:073EH         LINE#         169
  C:0759H         LINE#         171
  C:0763H         LINE#         172
  C:0763H         LINE#         173
  C:0766H         LINE#         174
  C:0766H         LINE#         175
  C:0778H         LINE#         176
  C:0778H         LINE#         177
  C:07CAH         LINE#         178
  C:07CCH         LINE#         179
  C:07E0H         LINE#         180
  C:07E0H         LINE#         181
  C:0833H         LINE#         182
  C:0833H         LINE#         183
  C:0833H         LINE#         184
  C:0833H         LINE#         186
  C:0833H         LINE#         187
  C:083FH         LINE#         188
  C:083FH         LINE#         189
  C:0849H         LINE#         190
  C:0853H         LINE#         192
  C:0856H         LINE#         193
  C:0859H         LINE#         197
  C:0860H         LINE#         198
  C:0860H         LINE#         199
BL51 BANKED LINKER/LOCATER V6.22                                                      11/15/2018  13:54:59  PAGE 11


  C:086DH         LINE#         200
  C:086DH         LINE#         201
  C:086FH         LINE#         203
  C:0871H         LINE#         204
  C:088EH         LINE#         205
  C:0890H         LINE#         207
  C:08B3H         LINE#         208
  C:08D6H         LINE#         209
  C:08DFH         LINE#         210
  C:08DFH         LINE#         211
  C:08E7H         LINE#         212
  C:08EDH         LINE#         213
  C:08F8H         LINE#         214
  C:08FDH         LINE#         215
  C:08FDH         LINE#         216
  C:0904H         LINE#         218
  C:0907H         LINE#         219
  C:0912H         LINE#         220
  C:0915H         LINE#         223
  C:091CH         LINE#         224
  C:091CH         LINE#         225
  C:0925H         LINE#         226
  C:0925H         LINE#         227
  C:0932H         LINE#         228
  C:0932H         LINE#         229
  C:0934H         LINE#         231
  C:0936H         LINE#         232
  C:0953H         LINE#         233
  C:0955H         LINE#         235
  C:0978H         LINE#         236
  C:099BH         LINE#         238
  C:09A4H         LINE#         239
  C:09A4H         LINE#         240
  C:09ACH         LINE#         241
  C:09B2H         LINE#         242
  C:09BDH         LINE#         243
  C:09C2H         LINE#         244
  C:09C2H         LINE#         246
  C:09C9H         LINE#         252
  C:09C9H         LINE#         253
  C:09D3H         LINE#         254
  C:09D3H         LINE#         255
  C:09D5H         LINE#         257
  C:09D7H         LINE#         258
  C:09F4H         LINE#         259
  C:09F6H         LINE#         261
  C:09FCH         LINE#         262
  C:09FFH         LINE#         263
  C:0A0AH         LINE#         264
  C:0A0AH         LINE#         265
  C:0A0DH         LINE#         268
  C:0A14H         LINE#         269
  C:0A14H         LINE#         270
  C:0A21H         LINE#         271
  C:0A21H         LINE#         272
  C:0A2FH         LINE#         273
  C:0A2FH         LINE#         274
BL51 BANKED LINKER/LOCATER V6.22                                                      11/15/2018  13:54:59  PAGE 12


  C:0A4EH         LINE#         275
  C:0A50H         LINE#         276
  C:0A5FH         LINE#         277
  C:0A5FH         LINE#         278
  C:0A7EH         LINE#         279
  C:0A80H         LINE#         280
  C:0A90H         LINE#         281
  C:0A90H         LINE#         282
  C:0A9AH         LINE#         283
  C:0AA4H         LINE#         284
  C:0AA4H         LINE#         285
  C:0AA4H         LINE#         286
  C:0AA4H         LINE#         288
  C:0AA4H         LINE#         289
  C:0AADH         LINE#         290
  C:0AB0H         LINE#         291
  C:0ABBH         LINE#         292
  C:0ABEH         LINE#         295
  C:0AC5H         LINE#         296
  C:0AC5H         LINE#         297
  C:0AC8H         LINE#         298
  C:0ADCH         LINE#         300
  C:0AE4H         LINE#         301
  C:0AF2H         LINE#         303
  C:0AFAH         LINE#         304
  C:0AFAH         LINE#         305
  C:0B01H         LINE#         306
  C:0B0BH         LINE#         307
  C:0B0BH         LINE#         308
  C:0B0EH         LINE#         309
  C:0B1BH         LINE#         310
  C:0B28H         LINE#         311
  C:0B2EH         LINE#         312
  C:0B2EH         LINE#         314
  C:0B31H         LINE#         315
  C:0B3FH         LINE#         317
  C:0B46H         LINE#         318
  C:0B61H         LINE#         319
  C:0B6BH         LINE#         320
  C:0B6BH         LINE#         321
  C:0B8BH         LINE#         322
  C:0B98H         LINE#         323
  C:0B98H         LINE#         324
  C:0BEBH         LINE#         325
  C:0BF1H         LINE#         326
  C:0BF1H         LINE#         327
  C:0BF1H         LINE#         330
  C:0BF5H         LINE#         331
  C:0BF5H         LINE#         332
  C:0BF8H         LINE#         333
  C:0C0CH         LINE#         335
  C:0C11H         LINE#         336
  C:0C15H         LINE#         337
  C:0C18H         LINE#         338
  C:0C1CH         LINE#         340
  C:0C1FH         LINE#         341
  C:0C2BH         LINE#         342
BL51 BANKED LINKER/LOCATER V6.22                                                      11/15/2018  13:54:59  PAGE 13


  C:0C2DH         LINE#         343
  -------         ENDPROC       CONNTOUSB
  -------         PROC          MCU_INIT
  -------         DO            
  D:0007H         SYMBOL        n
  -------         ENDDO         
  C:0046H         LINE#         346
  C:0046H         LINE#         347
  C:0046H         LINE#         349
  C:0049H         LINE#         352
  C:004CH         LINE#         353
  C:004FH         LINE#         355
  C:0052H         LINE#         357
  C:0057H         LINE#         359
  C:005AH         LINE#         360
  C:005FH         LINE#         361
  C:0062H         LINE#         363
  C:0065H         LINE#         366
  C:0068H         LINE#         367
  C:006BH         LINE#         369
  C:006EH         LINE#         370
  C:0071H         LINE#         372
  C:0074H         LINE#         373
  C:0077H         LINE#         375
  C:007AH         LINE#         376
  C:007DH         LINE#         377
  C:007FH         LINE#         378
  C:0081H         LINE#         380
  C:0084H         LINE#         381
  C:0087H         LINE#         383
  -------         ENDPROC       MCU_INIT
  -------         PROC          DEVICES_INIT
  C:2DC4H         LINE#         385
  C:2DC4H         LINE#         386
  C:2DC4H         LINE#         388
  C:2DC7H         LINE#         391
  C:2DCAH         LINE#         392
  C:2E24H         LINE#         393
  C:2E27H         LINE#         396
  C:2E2AH         LINE#         397
  C:2E2DH         LINE#         405
  -------         ENDPROC       DEVICES_INIT
  -------         PROC          SUSPEND_DEVICE
  C:0088H         LINE#         409
  C:0088H         LINE#         410
  C:0088H         LINE#         411
  -------         ENDPROC       SUSPEND_DEVICE
  -------         PROC          USB_API_TEST_ISR
  -------         DO            
  D:0008H         SYMBOL        INTVAL
  -------         ENDDO         
  C:2097H         LINE#         415
  C:20B4H         LINE#         417
  C:20B9H         LINE#         419
  C:20BEH         LINE#         420
  C:20BEH         LINE#         421
  C:20C9H         LINE#         423
BL51 BANKED LINKER/LOCATER V6.22                                                      11/15/2018  13:54:59  PAGE 14


  C:20DBH         LINE#         424
  C:20DBH         LINE#         425
  C:20DEH         LINE#         426
  C:20E0H         LINE#         427
  C:20F0H         LINE#         428
  C:20F0H         LINE#         429
  C:20F3H         LINE#         430
  C:20F5H         LINE#         431
  C:2106H         LINE#         432
  C:2106H         LINE#         433
  C:2109H         LINE#         434
  C:210BH         LINE#         435
  C:211DH         LINE#         436
  C:211DH         LINE#         437
  C:2120H         LINE#         438
  C:2122H         LINE#         439
  C:2132H         LINE#         440
  C:2132H         LINE#         441
  C:2135H         LINE#         442
  C:2137H         LINE#         444
  C:2137H         LINE#         445
  C:213AH         LINE#         446
  C:213AH         LINE#         447
  C:213AH         LINE#         449
  C:213AH         LINE#         450
  C:213AH         LINE#         452
  C:213AH         LINE#         454
  C:213FH         LINE#         455
  C:213FH         LINE#         456
  C:2142H         LINE#         457
  C:2142H         LINE#         459
  C:2147H         LINE#         460
  C:2147H         LINE#         461
  C:214AH         LINE#         462
  C:214AH         LINE#         464
  C:214FH         LINE#         465
  C:214FH         LINE#         466
  C:2169H         LINE#         467
  C:2169H         LINE#         469
  C:216EH         LINE#         470
  C:216EH         LINE#         471
  C:2170H         LINE#         472
  C:218AH         LINE#         473
  C:218AH         LINE#         474
  -------         ENDPROC       USB_API_TEST_ISR
  -------         ENDMOD        MAIN

  -------         MODULE        MMC_SD
  C:0000H         SYMBOL        _ICE_DUMMY_
  D:00A2H         PUBLIC        SPI0CKR
  D:0080H         PUBLIC        P0
  D:0090H         PUBLIC        P1
  D:00A0H         PUBLIC        P2
  D:00B0H         PUBLIC        P3
  C:2FC7H         PUBLIC        _MMC_SD_SendCommand
  C:2E9AH         PUBLIC        _MMC_SD_ReadSingleBlock
  C:35AEH         PUBLIC        SD_Init
BL51 BANKED LINKER/LOCATER V6.22                                                      11/15/2018  13:54:59  PAGE 15


  C:2BEBH         PUBLIC        _MMC_SD_WriteSingleBlock
  B:00F8H.7       PUBLIC        SPIF
  B:00F8H.2       PUBLIC        NSSMD0
  C:24E4H         PUBLIC        MMC_SD_Reset
  D:00A9H         PUBLIC        CLKSEL
  C:35D9H         PUBLIC        SPI_ReadByte
  C:356AH         PUBLIC        _SPI_WriteByte
  D:00A3H         PUBLIC        SPI0DAT
  X:0000H         PUBLIC        buffer
  C:355EH         SYMBOL        L?0062
  C:3563H         SYMBOL        L?0063
  -------         PROC          L?0061
  -------         ENDPROC       L?0061
  C:355EH         SYMBOL        L?0062
  C:3563H         SYMBOL        L?0063
  -------         PROC          _SPI_WRITEBYTE
  D:0007H         SYMBOL        val
  -------         DO            
  D:0007H         SYMBOL        ret
  -------         ENDDO         
  C:356AH         LINE#         7
  C:356AH         LINE#         8
  C:356AH         LINE#         11
  C:356CH         LINE#         12
  C:356FH         LINE#         13
  C:3571H         LINE#         14
  C:3573H         LINE#         15
  C:3573H         LINE#         16
  -------         ENDPROC       _SPI_WRITEBYTE
  -------         PROC          SPI_READBYTE
  -------         DO            
  D:0007H         SYMBOL        ret
  -------         ENDDO         
  C:35D9H         LINE#         18
  C:35D9H         LINE#         19
  C:35D9H         LINE#         22
  C:35DCH         LINE#         23
  C:35DFH         LINE#         24
  C:35E1H         LINE#         25
  C:35E3H         LINE#         26
  C:35E3H         LINE#         27
  -------         ENDPROC       SPI_READBYTE
  -------         PROC          _MMC_SD_SENDCOMMAND
  D:0006H         SYMBOL        cmd
  D:0018H         SYMBOL        arg
  -------         DO            
  D:0007H         SYMBOL        r1
  D:0003H         SYMBOL        retry
  -------         ENDDO         
  C:2FC7H         LINE#         30
  C:2FC9H         LINE#         31
  C:2FC9H         LINE#         33
  C:2FCBH         LINE#         35
  C:2FCBH         LINE#         36
  C:2FCBH         LINE#         37
  C:2FCEH         LINE#         38
  C:2FCEH         LINE#         39
BL51 BANKED LINKER/LOCATER V6.22                                                      11/15/2018  13:54:59  PAGE 16


  C:2FCEH         LINE#         40
  C:2FD1H         LINE#         42
  C:2FD3H         LINE#         44
  C:2FDAH         LINE#         45
  C:2FEAH         LINE#         46
  C:2FFAH         LINE#         47
  C:300AH         LINE#         48
  C:300FH         LINE#         49
  C:3014H         LINE#         51
  C:301CH         LINE#         52
  C:3025H         LINE#         54
  C:3027H         LINE#         56
  C:3027H         LINE#         57
  -------         ENDPROC       _MMC_SD_SENDCOMMAND
  -------         PROC          MMC_SD_RESET
  -------         DO            
  D:0005H         SYMBOL        i
  D:0002H         SYMBOL        retry
  D:0006H         SYMBOL        r1
  -------         ENDDO         
  C:24E4H         LINE#         59
  C:24E4H         LINE#         60
  C:24E4H         LINE#         63
  C:24E6H         LINE#         65
  C:24E7H         LINE#         66
  C:24EAH         LINE#         67
  C:24EDH         LINE#         69
  C:24EDH         LINE#         70
  C:24F8H         LINE#         71
  C:2507H         LINE#         72
  C:2508H         LINE#         73
  C:250EH         LINE#         74
  C:2511H         LINE#         76
  C:2513H         LINE#         78
  C:2513H         LINE#         80
  C:2513H         LINE#         81
  C:2523H         LINE#         82
  C:2524H         LINE#         83
  C:252DH         LINE#         84
  C:2530H         LINE#         86
  C:2532H         LINE#         87
  C:2541H         LINE#         88
  C:2542H         LINE#         89
  C:254BH         LINE#         90
  C:254EH         LINE#         92
  C:2551H         LINE#         93
  C:2551H         LINE#         94
  C:2553H         LINE#         96
  C:2553H         LINE#         97
  C:2563H         LINE#         98
  C:2564H         LINE#         99
  C:256DH         LINE#         100
  C:2570H         LINE#         101
  C:2570H         LINE#         102
  C:2580H         LINE#         104
  C:258FH         LINE#         105
  C:2592H         LINE#         106
BL51 BANKED LINKER/LOCATER V6.22                                                      11/15/2018  13:54:59  PAGE 17


  C:2595H         LINE#         107
  C:2596H         LINE#         108
  -------         ENDPROC       MMC_SD_RESET
  -------         PROC          _MMC_SD_READSINGLEBLOCK
  D:0051H         SYMBOL        sector
  -------         DO            
  D:0007H         SYMBOL        r1
  D:0004H         SYMBOL        i
  D:0002H         SYMBOL        retry
  -------         ENDDO         
  C:2E9AH         LINE#         110
  C:2EA2H         LINE#         111
  C:2EA2H         LINE#         114
  C:2EA4H         LINE#         116
  C:2EA7H         LINE#         118
  C:2EA7H         LINE#         119
  C:2EC1H         LINE#         120
  C:2EC2H         LINE#         121
  C:2ECBH         LINE#         122
  C:2ECEH         LINE#         125
  C:2ED0H         LINE#         127
  C:2ED6H         LINE#         129
  C:2ED9H         LINE#         130
  C:2ED9H         LINE#         131
  C:2EE8H         LINE#         132
  C:2EF5H         LINE#         134
  C:2EF5H         LINE#         135
  C:2EF8H         LINE#         137
  C:2EFAH         LINE#         138
  C:2EFDH         LINE#         139
  C:2EFEH         LINE#         140
  -------         ENDPROC       _MMC_SD_READSINGLEBLOCK
  -------         PROC          _MMC_SD_WRITESINGLEBLOCK
  D:0013H         SYMBOL        sector
  -------         DO            
  D:0006H         SYMBOL        r1
  D:0004H         SYMBOL        i
  D:0002H         SYMBOL        retry
  -------         ENDDO         
  C:2BEBH         LINE#         142
  C:2BF3H         LINE#         143
  C:2BF3H         LINE#         146
  C:2BF5H         LINE#         148
  C:2BF8H         LINE#         150
  C:2BF8H         LINE#         151
  C:2C14H         LINE#         152
  C:2C15H         LINE#         153
  C:2C1EH         LINE#         154
  C:2C21H         LINE#         158
  C:2C23H         LINE#         160
  C:2C28H         LINE#         162
  C:2C2DH         LINE#         164
  C:2C2FH         LINE#         165
  C:2C2FH         LINE#         166
  C:2C3EH         LINE#         167
  C:2C4BH         LINE#         169
  C:2C4BH         LINE#         170
BL51 BANKED LINKER/LOCATER V6.22                                                      11/15/2018  13:54:59  PAGE 18


  C:2C4BH         LINE#         172
  C:2C50H         LINE#         174
  C:2C57H         LINE#         175
  C:2C57H         LINE#         176
  C:2C59H         LINE#         177
  C:2C5AH         LINE#         178
  C:2C5AH         LINE#         180
  C:2C62H         LINE#         182
  C:2C64H         LINE#         183
  C:2C67H         LINE#         184
  C:2C68H         LINE#         185
  -------         ENDPROC       _MMC_SD_WRITESINGLEBLOCK
  -------         PROC          SD_INIT
  -------         DO            
  D:0001H         SYMBOL        n
  -------         ENDDO         
  C:35AEH         LINE#         188
  C:35AEH         LINE#         189
  C:35AEH         LINE#         190
  C:35B0H         LINE#         192
  C:35B6H         LINE#         193
  C:35B6H         LINE#         194
  C:35B7H         LINE#         195
  C:35BEH         LINE#         197
  -------         ENDPROC       SD_INIT
  -------         ENDMOD        MMC_SD

  -------         MODULE        LCD
  C:0000H         SYMBOL        _ICE_DUMMY_
  D:0080H         PUBLIC        P0
  C:279CH         PUBLIC        DispFrame
  D:0090H         PUBLIC        P1
  C:28C8H         PUBLIC        DispScaleVer_Green
  D:00A0H         PUBLIC        P2
  D:00B0H         PUBLIC        P3
  C:1D4AH         PUBLIC        DispBand
  C:322DH         PUBLIC        _WriteData
  C:008EH         PUBLIC        ascii
  C:1C22H         PUBLIC        _LCD_Read_IC_ID
  D:00A6H         PUBLIC        P2MDOUT
  C:342BH         PUBLIC        _DispColor
  C:2EFFH         PUBLIC        DispScaleVer_Blue
  C:2C69H         PUBLIC        _DrawGird
  C:2F63H         PUBLIC        _DrawLine
  B:00D0H.7       PUBLIC        CY
  C:32B6H         PUBLIC        _WriteComm
  C:0018H         PUBLIC        _WriteDispData
  C:2B6CH         PUBLIC        DispScaleVer_Gray
  B:00B0H.1       PUBLIC        RS
  B:00A0H.1       PUBLIC        SPI_CLK
  C:2AEDH         PUBLIC        DispScaleVer_Red
  C:21A5H         PUBLIC        DispScaleVer
  C:270DH         PUBLIC        _DispOneChar
  C:2E30H         PUBLIC        DispGrayHor32
  C:29E2H         PUBLIC        DispGrayHor16
  C:2833H         PUBLIC        _DispInt
  C:32F8H         PUBLIC        _PutPixel
BL51 BANKED LINKER/LOCATER V6.22                                                      11/15/2018  13:54:59  PAGE 19


  D:00A9H         PUBLIC        CLKSEL
  B:0090H.6       PUBLIC        RD0
  B:00B0H.0       PUBLIC        CS0
  D:0073H         PUBLIC        LCM_ID
  C:16BBH         PUBLIC        LCD_Init
  C:2A6BH         PUBLIC        _DispStr
  C:1349H         PUBLIC        DispScaleHor1
  B:00A0H.0       PUBLIC        SPI_DI
  C:35E4H         PUBLIC        _WriteOneDot
  C:19AFH         PUBLIC        DispScaleHor2
  C:2430H         PUBLIC        _DispPicFromSD
  B:0080H.7       PUBLIC        DIR
  C:3028H         PUBLIC        _ToOrd
  B:0080H.5       PUBLIC        RST
  C:359BH         PUBLIC        ReadData
  C:238DH         PUBLIC        _?BlockWrite
  -------         PROC          _LCD_READ_IC_ID
  D:0007H         SYMBOL        ID
  D:0004H         SYMBOL        Bug
  D:0003H         SYMBOL        flog
  -------         DO            
  D:0013H         SYMBOL        id
  D:0015H         SYMBOL        id1
  D:0017H         SYMBOL        temp
  D:0005H         SYMBOL        i
  D:0007H         SYMBOL        dat
  D:0001H         SYMBOL        id2
  D:0019H         SYMBOL        id3
  -------         ENDDO         
  C:1C22H         LINE#         35
  C:1C22H         LINE#         36
  C:1C22H         LINE#         39
  C:1C2BH         LINE#         40
  C:1C2BH         LINE#         42
  C:1C2EH         LINE#         43
  C:1C2EH         LINE#         44
  C:1C30H         LINE#         45
  C:1C32H         LINE#         46
  C:1C33H         LINE#         47
  C:1C33H         LINE#         48
  C:1C35H         LINE#         49
  C:1C3DH         LINE#         50
  C:1C3FH         LINE#         52
  C:1C41H         LINE#         53
  C:1C45H         LINE#         54
  C:1C49H         LINE#         55
  C:1C4CH         LINE#         58
  C:1C56H         LINE#         59
  C:1C56H         LINE#         60
  C:1C58H         LINE#         61
  C:1C58H         LINE#         62
  C:1C5AH         LINE#         63
  C:1C5CH         LINE#         64
  C:1C5EH         LINE#         65
  C:1C75H         LINE#         66
  C:1C77H         LINE#         67
  C:1C79H         LINE#         68
BL51 BANKED LINKER/LOCATER V6.22                                                      11/15/2018  13:54:59  PAGE 20


  C:1C7FH         LINE#         69
  C:1C89H         LINE#         70
  C:1C89H         LINE#         71
  C:1C8BH         LINE#         72
  C:1C8BH         LINE#         73
  C:1C8DH         LINE#         74
  C:1C8FH         LINE#         75
  C:1C91H         LINE#         76
  C:1CA8H         LINE#         77
  C:1CAAH         LINE#         78
  C:1CACH         LINE#         79
  C:1CB0H         LINE#         80
  C:1CB0H         LINE#         82
  C:1CB2H         LINE#         83
  C:1CB2H         LINE#         84
  C:1CB4H         LINE#         85
  C:1CB6H         LINE#         86
  C:1CB8H         LINE#         87
  C:1CCFH         LINE#         88
  C:1CD1H         LINE#         89
  C:1CD3H         LINE#         90
  C:1CD7H         LINE#         92
  C:1CD9H         LINE#         93
  C:1CD9H         LINE#         94
  C:1CDBH         LINE#         95
  C:1CDDH         LINE#         96
  C:1CDFH         LINE#         97
  C:1CE9H         LINE#         98
  C:1CEBH         LINE#         99
  C:1CEDH         LINE#         100
  C:1CF1H         LINE#         102
  C:1CF3H         LINE#         103
  C:1CF3H         LINE#         104
  C:1CF5H         LINE#         105
  C:1CF7H         LINE#         106
  C:1CF9H         LINE#         107
  C:1D05H         LINE#         108
  C:1D07H         LINE#         109
  C:1D09H         LINE#         110
  C:1D0DH         LINE#         111
  C:1D10H         LINE#         112
  C:1D12H         LINE#         113
  C:1D14H         LINE#         114
  C:1D16H         LINE#         115
  C:1D18H         LINE#         116
  C:1D1AH         LINE#         117
  C:1D1CH         LINE#         119
  C:1D1FH         LINE#         120
  C:1D1FH         LINE#         121
  C:1D29H         LINE#         123
  C:1D33H         LINE#         124
  C:1D33H         LINE#         125
  C:1D33H         LINE#         127
  C:1D38H         LINE#         128
  C:1D38H         LINE#         129
  C:1D43H         LINE#         130
  C:1D43H         LINE#         132
BL51 BANKED LINKER/LOCATER V6.22                                                      11/15/2018  13:54:59  PAGE 21


  C:1D43H         LINE#         133
  C:1D45H         LINE#         134
  C:1D49H         LINE#         135
  -------         ENDPROC       _LCD_READ_IC_ID
  -------         PROC          _WRITECOMM
  D:0004H         SYMBOL        i
  -------         DO            
  D:0003H         SYMBOL        j
  D:0007H         SYMBOL        DataH
  -------         ENDDO         
  C:32B6H         LINE#         137
  C:32BAH         LINE#         138
  C:32BAH         LINE#         140
  C:32BCH         LINE#         141
  C:32BEH         LINE#         205
  C:32BEH         LINE#         208
  C:32C0H         LINE#         209
  C:32C2H         LINE#         210
  C:32C2H         LINE#         215
  C:32C6H         LINE#         216
  C:32CAH         LINE#         218
  C:32CCH         LINE#         219
  C:32D0H         LINE#         220
  C:32D2H         LINE#         222
  C:32D4H         LINE#         225
  C:32D8H         LINE#         226
  C:32DAH         LINE#         227
  C:32DCH         LINE#         228
  C:32DCH         LINE#         229
  C:32E0H         LINE#         230
  C:32E4H         LINE#         232
  C:32E6H         LINE#         233
  C:32EDH         LINE#         234
  C:32EFH         LINE#         235
  C:32F1H         LINE#         236
  C:32F5H         LINE#         251
  C:32F5H         LINE#         254
  C:32F7H         LINE#         255
  -------         ENDPROC       _WRITECOMM
  C:3228H         SYMBOL        L?0491
  -------         PROC          L?0490
  -------         ENDPROC       L?0490
  C:3228H         SYMBOL        L?0491
  -------         PROC          _WRITEDATA
  D:0004H         SYMBOL        i
  -------         DO            
  D:0003H         SYMBOL        j
  D:0007H         SYMBOL        DataH
  -------         ENDDO         
  C:322DH         LINE#         257
  C:3231H         LINE#         258
  C:3231H         LINE#         260
  C:3233H         LINE#         261
  C:3235H         LINE#         401
  C:3235H         LINE#         405
  C:3237H         LINE#         406
  C:3239H         LINE#         407
BL51 BANKED LINKER/LOCATER V6.22                                                      11/15/2018  13:54:59  PAGE 22


  C:3239H         LINE#         412
  C:323DH         LINE#         413
  C:3241H         LINE#         415
  C:3243H         LINE#         416
  C:3247H         LINE#         417
  C:3249H         LINE#         418
  C:324BH         LINE#         419
  C:324FH         LINE#         420
  C:3251H         LINE#         421
  C:3253H         LINE#         422
  C:3253H         LINE#         423
  C:3257H         LINE#         424
  C:325BH         LINE#         426
  C:325DH         LINE#         427
  C:3264H         LINE#         428
  C:3266H         LINE#         429
  C:3268H         LINE#         430
  C:326CH         LINE#         445
  C:326CH         LINE#         448
  C:326EH         LINE#         449
  -------         ENDPROC       _WRITEDATA
  C:0003H         SYMBOL        L?0489
  -------         PROC          L?0488
  -------         ENDPROC       L?0488
  C:0003H         SYMBOL        L?0489
  -------         PROC          _WRITEDISPDATA
  D:0007H         SYMBOL        DataH
  D:0005H         SYMBOL        DataL
  -------         DO            
  D:0006H         SYMBOL        j
  -------         ENDDO         
  C:0018H         LINE#         451
  C:0018H         LINE#         452
  C:0018H         LINE#         454
  C:001AH         LINE#         528
  C:001AH         LINE#         529
  C:001CH         LINE#         530
  C:001EH         LINE#         531
  C:001EH         LINE#         532
  C:0022H         LINE#         533
  C:0024H         LINE#         534
  C:0026H         LINE#         535
  C:0028H         LINE#         536
  C:002CH         LINE#         538
  C:002EH         LINE#         539
  C:0030H         LINE#         540
  C:0030H         LINE#         541
  C:0034H         LINE#         542
  C:0036H         LINE#         543
  C:0038H         LINE#         544
  C:003AH         LINE#         545
  C:003EH         LINE#         570
  C:003EH         LINE#         573
  C:0040H         LINE#         574
  -------         ENDPROC       _WRITEDISPDATA
  -------         PROC          _WRITEONEDOT
  D:0004H         SYMBOL        color
BL51 BANKED LINKER/LOCATER V6.22                                                      11/15/2018  13:54:59  PAGE 23


  C:35E4H         LINE#         576
  C:35E8H         LINE#         577
  C:35E8H         LINE#         591
  -------         ENDPROC       _WRITEONEDOT
  -------         PROC          LCD_INIT
  C:16BBH         LINE#         599
  C:16BBH         LINE#         600
  C:16BBH         LINE#         601
  C:16BEH         LINE#         604
  C:16C0H         LINE#         605
  C:16C7H         LINE#         607
  C:16C9H         LINE#         608
  C:16D0H         LINE#         610
  C:16D2H         LINE#         611
  C:16D9H         LINE#         2195
  C:16E0H         LINE#         2196
  C:16E7H         LINE#         2197
  C:16EEH         LINE#         2198
  C:16F5H         LINE#         2199
  C:16FCH         LINE#         2200
  C:1702H         LINE#         2201
  C:1708H         LINE#         2202
  C:170FH         LINE#         2203
  C:1716H         LINE#         2204
  C:171CH         LINE#         2207
  C:171FH         LINE#         2208
  C:1722H         LINE#         2209
  C:1727H         LINE#         2210
  C:172EH         LINE#         2212
  C:1735H         LINE#         2219
  C:1739H         LINE#         2220
  C:173CH         LINE#         2221
  C:173EH         LINE#         2222
  C:1741H         LINE#         2223
  C:1743H         LINE#         2224
  C:1746H         LINE#         2225
  C:174BH         LINE#         2226
  C:1750H         LINE#         2227
  C:1752H         LINE#         2228
  C:1755H         LINE#         2229
  C:1757H         LINE#         2230
  C:175AH         LINE#         2231
  C:175FH         LINE#         2232
  C:1764H         LINE#         2233
  C:1766H         LINE#         2234
  C:1769H         LINE#         2235
  C:176EH         LINE#         2236
  C:1773H         LINE#         2237
  C:1775H         LINE#         2238
  C:1778H         LINE#         2239
  C:177DH         LINE#         2240
  C:1782H         LINE#         2241
  C:1784H         LINE#         2242
  C:1787H         LINE#         2245
  C:178CH         LINE#         2246
  C:1793H         LINE#         2247
  C:179AH         LINE#         2248
BL51 BANKED LINKER/LOCATER V6.22                                                      11/15/2018  13:54:59  PAGE 24


  C:17A1H         LINE#         2249
  C:17A8H         LINE#         2250
  C:17AFH         LINE#         2251
  C:17B6H         LINE#         2252
  C:17BDH         LINE#         2253
  C:17C4H         LINE#         2254
  C:17CBH         LINE#         2255
  C:17D2H         LINE#         2256
  C:17D9H         LINE#         2257
  C:17E0H         LINE#         2258
  C:17E7H         LINE#         2259
  C:17EEH         LINE#         2260
  C:17F5H         LINE#         2261
  C:17FCH         LINE#         2262
  C:1803H         LINE#         2263
  C:180AH         LINE#         2264
  C:1811H         LINE#         2265
  C:1818H         LINE#         2266
  C:181FH         LINE#         2267
  C:1826H         LINE#         2268
  C:182DH         LINE#         2269
  C:1834H         LINE#         2270
  C:183BH         LINE#         2271
  C:1842H         LINE#         2272
  C:1849H         LINE#         2274
  C:1850H         LINE#         2275
  C:1857H         LINE#         2276
  -------         ENDPROC       LCD_INIT
  C:2376H         SYMBOL        L?0487
  -------         PROC          L?0486
  -------         ENDPROC       L?0486
  C:2376H         SYMBOL        L?0487
  -------         PROC          _?BLOCKWRITE
  i:0000H         SYMBOL        Xstart
  i:0002H         SYMBOL        Xend
  i:0004H         SYMBOL        Ystart
  i:0006H         SYMBOL        Yend
  C:238DH         LINE#         4068
  C:23AEH         LINE#         4075
  C:23C1H         LINE#         4076
  C:23D2H         LINE#         4077
  C:23E6H         LINE#         4078
  C:23FAH         LINE#         4080
  C:240BH         LINE#         4081
  C:241FH         LINE#         4083
  C:2426H         LINE#         4193
  C:2429H         LINE#         4194
  -------         ENDPROC       _?BLOCKWRITE
  -------         PROC          _DISPCOLOR
  D:0004H         SYMBOL        color
  -------         DO            
  D:0002H         SYMBOL        i
  D:000AH         SYMBOL        DataH
  D:0001H         SYMBOL        DataL
  D:0004H         SYMBOL        m
  -------         ENDDO         
  C:342BH         LINE#         4196
BL51 BANKED LINKER/LOCATER V6.22                                                      11/15/2018  13:54:59  PAGE 25


  C:342DH         LINE#         4197
  C:342DH         LINE#         4200
  C:3431H         LINE#         4202
  C:3434H         LINE#         4204
  C:3436H         LINE#         4205
  C:3438H         LINE#         4206
  C:3438H         LINE#         4207
  C:343AH         LINE#         4208
  C:343AH         LINE#         4209
  C:3441H         LINE#         4210
  C:3445H         LINE#         4211
  C:3450H         LINE#         4213
  C:3452H         LINE#         4214
  -------         ENDPROC       _DISPCOLOR
  -------         PROC          DISPBAND
  -------         DO            
  D:0002H         SYMBOL        i
  D:000AH         SYMBOL        j
  D:000BH         SYMBOL        k
  D:000CH         SYMBOL        m
  D:000DH         SYMBOL        n
  D:0001H         SYMBOL        x
  -------         ENDDO         
  C:1D4AH         LINE#         4216
  C:1D4AH         LINE#         4217
  C:1D4AH         LINE#         4221
  C:1D50H         LINE#         4222
  C:1D56H         LINE#         4223
  C:1D58H         LINE#         4226
  C:1D5BH         LINE#         4227
  C:1D66H         LINE#         4228
  C:1D66H         LINE#         4229
  C:1D78H         LINE#         4230
  C:1D8AH         LINE#         4231
  C:1DAAH         LINE#         4232
  C:1DB1H         LINE#         4233
  C:1DBDH         LINE#         4234
  C:1DBDH         LINE#         4235
  C:1DCFH         LINE#         4236
  C:1DE1H         LINE#         4237
  C:1E01H         LINE#         4238
  C:1E08H         LINE#         4239
  C:1E1AH         LINE#         4240
  C:1E1AH         LINE#         4241
  C:1E2CH         LINE#         4242
  C:1E3EH         LINE#         4243
  C:1E5EH         LINE#         4244
  C:1E65H         LINE#         4245
  C:1E67H         LINE#         4246
  C:1E6AH         LINE#         4247
  -------         ENDPROC       DISPBAND
  -------         PROC          DISPFRAME
  -------         DO            
  D:0002H         SYMBOL        i
  D:0082H         SYMBOL        j
  D:0001H         SYMBOL        DataH
  D:0004H         SYMBOL        DataL
BL51 BANKED LINKER/LOCATER V6.22                                                      11/15/2018  13:54:59  PAGE 26


  -------         ENDDO         
  C:279CH         LINE#         4249
  C:279CH         LINE#         4250
  C:279CH         LINE#         4253
  C:279FH         LINE#         4255
  C:27A1H         LINE#         4258
  C:27ABH         LINE#         4261
  C:27ADH         LINE#         4262
  C:27ADH         LINE#         4264
  C:27B8H         LINE#         4266
  C:27C3H         LINE#         4268
  C:27CDH         LINE#         4270
  C:27D0H         LINE#         4271
  C:27D0H         LINE#         4273
  C:27DAH         LINE#         4275
  C:27DDH         LINE#         4276
  C:27DDH         LINE#         4278
  C:27E5H         LINE#         4280
  C:27F0H         LINE#         4283
  C:27FAH         LINE#         4285
  C:2803H         LINE#         4287
  C:280DH         LINE#         4289
  C:2810H         LINE#         4290
  C:2810H         LINE#         4292
  C:281BH         LINE#         4294
  C:2826H         LINE#         4296
  C:282DH         LINE#         4299
  C:2830H         LINE#         4300
  C:2832H         LINE#         4301
  -------         ENDPROC       DISPFRAME
  -------         PROC          _DISPPICFROMSD
  D:0001H         SYMBOL        PicNum
  -------         DO            
  D:003BH         SYMBOL        Address_S
  D:003FH         SYMBOL        Address_E
  D:0002H         SYMBOL        i
  D:0043H         SYMBOL        k
  -------         ENDDO         
  C:2430H         LINE#         4324
  C:2432H         LINE#         4325
  C:2432H         LINE#         4331
  C:2435H         LINE#         4334
  C:2437H         LINE#         4336
  C:2439H         LINE#         4338
  C:2443H         LINE#         4339
  C:2464H         LINE#         4340
  C:247CH         LINE#         4341
  C:2492H         LINE#         4342
  C:2492H         LINE#         4343
  C:249DH         LINE#         4345
  C:24A6H         LINE#         4346
  C:24A6H         LINE#         4348
  C:24C1H         LINE#         4349
  C:24CAH         LINE#         4350
  C:24E1H         LINE#         4352
  C:24E3H         LINE#         4390
  -------         ENDPROC       _DISPPICFROMSD
BL51 BANKED LINKER/LOCATER V6.22                                                      11/15/2018  13:54:59  PAGE 27


  -------         PROC          DISPSCALEHOR1
  -------         DO            
  D:0055H         SYMBOL        i
  D:0057H         SYMBOL        j
  D:0002H         SYMBOL        k
  -------         ENDDO         
  C:1349H         LINE#         4394
  C:1349H         LINE#         4395
  C:1349H         LINE#         4398
  C:134CH         LINE#         4402
  C:134EH         LINE#         4403
  C:134EH         LINE#         4404
  C:136AH         LINE#         4405
  C:136FH         LINE#         4406
  C:136FH         LINE#         4407
  C:1374H         LINE#         4408
  C:1374H         LINE#         4409
  C:1387H         LINE#         4410
  C:1398H         LINE#         4411
  C:13A9H         LINE#         4413
  C:13B4H         LINE#         4417
  C:13B7H         LINE#         4418
  C:13B7H         LINE#         4419
  C:13D3H         LINE#         4420
  C:13D8H         LINE#         4421
  C:13D8H         LINE#         4422
  C:13DDH         LINE#         4423
  C:13DDH         LINE#         4424
  C:1407H         LINE#         4425
  C:1418H         LINE#         4426
  C:1429H         LINE#         4427
  C:1434H         LINE#         4430
  C:1437H         LINE#         4431
  C:1437H         LINE#         4432
  C:1453H         LINE#         4433
  C:1458H         LINE#         4434
  C:1458H         LINE#         4435
  C:145DH         LINE#         4436
  C:145DH         LINE#         4437
  C:1464H         LINE#         4438
  C:1475H         LINE#         4439
  C:1486H         LINE#         4440
  C:1491H         LINE#         4443
  C:1494H         LINE#         4444
  C:1494H         LINE#         4445
  C:14B0H         LINE#         4446
  C:14B5H         LINE#         4447
  C:14B5H         LINE#         4448
  C:14BAH         LINE#         4449
  C:14BAH         LINE#         4450
  C:14E6H         LINE#         4451
  C:14F7H         LINE#         4452
  C:1508H         LINE#         4453
  C:1513H         LINE#         4454
  C:1515H         LINE#         4455
  -------         ENDPROC       DISPSCALEHOR1
  -------         PROC          DISPSCALEVER
BL51 BANKED LINKER/LOCATER V6.22                                                      11/15/2018  13:54:59  PAGE 28


  -------         DO            
  D:0059H         SYMBOL        i
  D:005BH         SYMBOL        j
  D:0002H         SYMBOL        k
  -------         ENDDO         
  C:21A5H         LINE#         4457
  C:21A5H         LINE#         4458
  C:21A5H         LINE#         4527
  C:21A8H         LINE#         4529
  C:21AAH         LINE#         4530
  C:21AAH         LINE#         4531
  C:21AFH         LINE#         4532
  C:21AFH         LINE#         4533
  C:21B5H         LINE#         4534
  C:21C6H         LINE#         4535
  C:21D1H         LINE#         4537
  C:21D4H         LINE#         4538
  C:21D4H         LINE#         4540
  C:21D9H         LINE#         4541
  C:21D9H         LINE#         4543
  C:21DEH         LINE#         4544
  C:21DEH         LINE#         4545
  C:21F0H         LINE#         4546
  C:2201H         LINE#         4548
  C:2206H         LINE#         4549
  C:2206H         LINE#         4550
  C:222EH         LINE#         4551
  C:223FH         LINE#         4553
  C:2244H         LINE#         4554
  C:2244H         LINE#         4555
  C:224BH         LINE#         4556
  C:225CH         LINE#         4558
  C:2261H         LINE#         4559
  C:2261H         LINE#         4560
  C:2275H         LINE#         4561
  C:2286H         LINE#         4563
  C:229AH         LINE#         4565
  C:22A8H         LINE#         4567
  -------         ENDPROC       DISPSCALEVER
  -------         PROC          DISPSCALEVER_RED
  -------         DO            
  D:005DH         SYMBOL        i
  D:005FH         SYMBOL        j
  D:0002H         SYMBOL        k
  -------         ENDDO         
  C:2AEDH         LINE#         4569
  C:2AEDH         LINE#         4570
  C:2AEDH         LINE#         4573
  C:2AF0H         LINE#         4575
  C:2AF2H         LINE#         4577
  C:2AF4H         LINE#         4580
  C:2AF6H         LINE#         4581
  C:2AF6H         LINE#         4582
  C:2AFBH         LINE#         4583
  C:2AFBH         LINE#         4584
  C:2B01H         LINE#         4585
  C:2B12H         LINE#         4586
BL51 BANKED LINKER/LOCATER V6.22                                                      11/15/2018  13:54:59  PAGE 29


  C:2B1DH         LINE#         4588
  C:2B20H         LINE#         4589
  C:2B20H         LINE#         4590
  C:2B25H         LINE#         4591
  C:2B25H         LINE#         4593
  C:2B2AH         LINE#         4594
  C:2B2AH         LINE#         4595
  C:2B3CH         LINE#         4596
  C:2B4DH         LINE#         4597
  C:2B5EH         LINE#         4599
  C:2B69H         LINE#         4601
  C:2B6BH         LINE#         4602
  -------         ENDPROC       DISPSCALEVER_RED
  -------         PROC          DISPSCALEVER_GREEN
  -------         DO            
  D:0061H         SYMBOL        i
  D:0063H         SYMBOL        j
  D:0002H         SYMBOL        k
  -------         ENDDO         
  C:28C8H         LINE#         4604
  C:28C8H         LINE#         4605
  C:28C8H         LINE#         4608
  C:28CBH         LINE#         4610
  C:28CDH         LINE#         4611
  C:28CFH         LINE#         4614
  C:28D1H         LINE#         4615
  C:28D1H         LINE#         4616
  C:28D6H         LINE#         4617
  C:28D6H         LINE#         4618
  C:28DCH         LINE#         4620
  C:28EDH         LINE#         4621
  C:28F8H         LINE#         4623
  C:28FBH         LINE#         4624
  C:28FBH         LINE#         4625
  C:2900H         LINE#         4626
  C:2900H         LINE#         4628
  C:2905H         LINE#         4629
  C:2905H         LINE#         4631
  C:2926H         LINE#         4632
  C:2937H         LINE#         4633
  C:2948H         LINE#         4635
  C:2953H         LINE#         4637
  C:2955H         LINE#         4638
  -------         ENDPROC       DISPSCALEVER_GREEN
  -------         PROC          DISPSCALEVER_BLUE
  -------         DO            
  D:0071H         SYMBOL        i
  D:0082H         SYMBOL        j
  D:0002H         SYMBOL        k
  -------         ENDDO         
  C:2EFFH         LINE#         4640
  C:2EFFH         LINE#         4641
  C:2EFFH         LINE#         4644
  C:2F02H         LINE#         4646
  C:2F04H         LINE#         4647
  C:2F06H         LINE#         4650
  C:2F08H         LINE#         4651
BL51 BANKED LINKER/LOCATER V6.22                                                      11/15/2018  13:54:59  PAGE 30


  C:2F08H         LINE#         4652
  C:2F0DH         LINE#         4653
  C:2F0DH         LINE#         4654
  C:2F13H         LINE#         4655
  C:2F1CH         LINE#         4656
  C:2F27H         LINE#         4658
  C:2F2AH         LINE#         4659
  C:2F2AH         LINE#         4660
  C:2F2FH         LINE#         4661
  C:2F2FH         LINE#         4663
  C:2F34H         LINE#         4664
  C:2F34H         LINE#         4665
  C:2F3BH         LINE#         4666
  C:2F44H         LINE#         4667
  C:2F55H         LINE#         4669
  C:2F60H         LINE#         4671
  C:2F62H         LINE#         4672
  -------         ENDPROC       DISPSCALEVER_BLUE
  -------         PROC          DISPSCALEVER_GRAY
  -------         DO            
  D:0065H         SYMBOL        i
  D:0067H         SYMBOL        j
  D:0002H         SYMBOL        k
  -------         ENDDO         
  C:2B6CH         LINE#         4674
  C:2B6CH         LINE#         4675
  C:2B6CH         LINE#         4678
  C:2B6FH         LINE#         4680
  C:2B71H         LINE#         4685
  C:2B73H         LINE#         4686
  C:2B73H         LINE#         4687
  C:2B78H         LINE#         4688
  C:2B78H         LINE#         4689
  C:2B7EH         LINE#         4691
  C:2B8FH         LINE#         4692
  C:2B9AH         LINE#         4694
  C:2B9DH         LINE#         4695
  C:2B9DH         LINE#         4696
  C:2BA2H         LINE#         4697
  C:2BA2H         LINE#         4699
  C:2BA7H         LINE#         4700
  C:2BA7H         LINE#         4701
  C:2BBBH         LINE#         4702
  C:2BCCH         LINE#         4703
  C:2BDDH         LINE#         4705
  C:2BE8H         LINE#         4707
  C:2BEAH         LINE#         4708
  -------         ENDPROC       DISPSCALEVER_GRAY
  -------         PROC          DISPGRAYHOR16
  -------         DO            
  D:000AH         SYMBOL        i
  D:0002H         SYMBOL        j
  D:000CH         SYMBOL        k
  -------         ENDDO         
  C:29E2H         LINE#         4710
  C:29E2H         LINE#         4711
  C:29E2H         LINE#         4714
BL51 BANKED LINKER/LOCATER V6.22                                                      11/15/2018  13:54:59  PAGE 31


  C:29E5H         LINE#         4716
  C:29E7H         LINE#         4717
  C:29E9H         LINE#         4719
  C:29EEH         LINE#         4720
  C:29EEH         LINE#         4721
  C:29F7H         LINE#         4722
  C:29F7H         LINE#         4723
  C:29FDH         LINE#         4724
  C:2A04H         LINE#         4726
  C:2A07H         LINE#         4727
  C:2A07H         LINE#         4728
  C:2A0CH         LINE#         4729
  C:2A0CH         LINE#         4730
  C:2A3BH         LINE#         4731
  C:2A4CH         LINE#         4732
  C:2A57H         LINE#         4733
  C:2A68H         LINE#         4735
  C:2A6AH         LINE#         4736
  -------         ENDPROC       DISPGRAYHOR16
  -------         PROC          DISPGRAYHOR32
  -------         DO            
  D:0069H         SYMBOL        i
  D:0002H         SYMBOL        j
  D:006BH         SYMBOL        k
  -------         ENDDO         
  C:2E30H         LINE#         4738
  C:2E30H         LINE#         4739
  C:2E30H         LINE#         4742
  C:2E33H         LINE#         4744
  C:2E35H         LINE#         4746
  C:2E3AH         LINE#         4747
  C:2E3AH         LINE#         4748
  C:2E3DH         LINE#         4749
  C:2E3DH         LINE#         4750
  C:2E43H         LINE#         4751
  C:2E4EH         LINE#         4753
  C:2E51H         LINE#         4754
  C:2E51H         LINE#         4755
  C:2E56H         LINE#         4756
  C:2E56H         LINE#         4757
  C:2E6AH         LINE#         4758
  C:2E7BH         LINE#         4759
  C:2E86H         LINE#         4760
  C:2E97H         LINE#         4762
  C:2E99H         LINE#         4763
  -------         ENDPROC       DISPGRAYHOR32
  -------         PROC          DISPSCALEHOR2
  -------         DO            
  D:0082H         SYMBOL        j
  D:0002H         SYMBOL        k
  -------         ENDDO         
  C:19AFH         LINE#         4765
  C:19AFH         LINE#         4766
  C:19AFH         LINE#         4769
  C:19B2H         LINE#         4771
  C:19B4H         LINE#         4772
  C:19B4H         LINE#         4773
BL51 BANKED LINKER/LOCATER V6.22                                                      11/15/2018  13:54:59  PAGE 32


  C:19B9H         LINE#         4774
  C:19C9H         LINE#         4775
  C:19D4H         LINE#         4776
  C:19D7H         LINE#         4777
  C:19D7H         LINE#         4778
  C:19DCH         LINE#         4779
  C:19ECH         LINE#         4780
  C:19F7H         LINE#         4781
  C:19FAH         LINE#         4782
  C:19FAH         LINE#         4783
  C:19FFH         LINE#         4784
  C:1A0FH         LINE#         4785
  C:1A1AH         LINE#         4786
  C:1A1DH         LINE#         4787
  C:1A1DH         LINE#         4788
  C:1A22H         LINE#         4789
  C:1A32H         LINE#         4790
  C:1A3DH         LINE#         4791
  C:1A40H         LINE#         4792
  C:1A40H         LINE#         4793
  C:1A45H         LINE#         4794
  C:1A55H         LINE#         4795
  C:1A60H         LINE#         4796
  C:1A63H         LINE#         4797
  C:1A63H         LINE#         4798
  C:1A68H         LINE#         4799
  C:1A78H         LINE#         4800
  C:1A83H         LINE#         4801
  C:1A86H         LINE#         4802
  C:1A86H         LINE#         4803
  C:1A8BH         LINE#         4804
  C:1A9BH         LINE#         4805
  C:1AA6H         LINE#         4806
  C:1AA9H         LINE#         4807
  C:1AA9H         LINE#         4808
  C:1AAEH         LINE#         4809
  C:1ABDH         LINE#         4810
  C:1AC8H         LINE#         4811
  C:1ACBH         LINE#         4812
  C:1ACBH         LINE#         4813
  C:1AD0H         LINE#         4814
  C:1ADFH         LINE#         4815
  C:1AEAH         LINE#         4817
  -------         ENDPROC       DISPSCALEHOR2
  -------         PROC          _TOORD
  D:0007H         SYMBOL        ch
  C:3028H         LINE#         4922
  C:3028H         LINE#         4923
  C:3028H         LINE#         4924
  C:302EH         LINE#         4925
  C:302EH         LINE#         4926
  C:3030H         LINE#         4927
  C:3032H         LINE#         4928
  C:303EH         LINE#         4929
  C:303EH         LINE#         4930
  C:3042H         LINE#         4931
  C:3044H         LINE#         4932
BL51 BANKED LINKER/LOCATER V6.22                                                      11/15/2018  13:54:59  PAGE 33


  C:3050H         LINE#         4933
  C:3050H         LINE#         4934
  C:3054H         LINE#         4935
  C:3056H         LINE#         4936
  C:3062H         LINE#         4937
  C:3062H         LINE#         4938
  C:3066H         LINE#         4939
  C:3068H         LINE#         4940
  C:3074H         LINE#         4941
  C:3074H         LINE#         4942
  C:3078H         LINE#         4943
  C:307AH         LINE#         4944
  C:3080H         LINE#         4945
  C:3080H         LINE#         4946
  C:3082H         LINE#         4947
  C:3082H         LINE#         4949
  C:3082H         LINE#         4950
  -------         ENDPROC       _TOORD
  -------         PROC          L?0492
  -------         ENDPROC       L?0492
  -------         PROC          _DISPONECHAR
  D:0001H         SYMBOL        ord
  D:0006H         SYMBOL        Xstart
  D:0002H         SYMBOL        Ystart
  D:0023H         SYMBOL        TextColor
  D:0025H         SYMBOL        BackColor
  -------         DO            
  D:0027H         SYMBOL        i
  D:0002H         SYMBOL        j
  D:0028H         SYMBOL        p
  D:0003H         SYMBOL        dat
  D:0006H         SYMBOL        index
  -------         ENDDO         
  C:270DH         LINE#         4952
  C:2713H         LINE#         4953
  C:2713H         LINE#         4959
  C:272DH         LINE#         4961
  C:2731H         LINE#         4963
  C:273AH         LINE#         4964
  C:273CH         LINE#         4966
  C:274AH         LINE#         4968
  C:2753H         LINE#         4969
  C:275DH         LINE#         4971
  C:2760H         LINE#         4972
  C:2760H         LINE#         4973
  C:2772H         LINE#         4974
  C:2774H         LINE#         4975
  C:2774H         LINE#         4976
  C:2781H         LINE#         4977
  C:2781H         LINE#         4978
  C:2785H         LINE#         4979
  C:2787H         LINE#         4981
  C:2787H         LINE#         4982
  C:278EH         LINE#         4983
  C:278EH         LINE#         4984
  C:2792H         LINE#         4985
  C:279BH         LINE#         4986
BL51 BANKED LINKER/LOCATER V6.22                                                      11/15/2018  13:54:59  PAGE 34


  -------         ENDPROC       _DISPONECHAR
  -------         PROC          _DISPSTR
  D:0013H         SYMBOL        str
  D:0016H         SYMBOL        Xstart
  D:0018H         SYMBOL        Ystart
  D:001AH         SYMBOL        TextColor
  D:001CH         SYMBOL        BackColor
  C:2A6BH         LINE#         4988
  C:2A75H         LINE#         4989
  C:2A75H         LINE#         4991
  C:2A86H         LINE#         4992
  C:2A86H         LINE#         4993
  C:2AB2H         LINE#         4995
  C:2ABDH         LINE#         4996
  C:2ABDH         LINE#         4997
  C:2AC2H         LINE#         4998
  C:2ACDH         LINE#         4999
  C:2ACFH         LINE#         5001
  C:2ACFH         LINE#         5002
  C:2ADAH         LINE#         5003
  C:2ADAH         LINE#         5005
  C:2AE5H         LINE#         5006
  C:2AE5H         LINE#         5007
  C:2AEAH         LINE#         5008
  C:2AEAH         LINE#         5009
  C:2AECH         LINE#         5011
  -------         ENDPROC       _DISPSTR
  -------         PROC          _DISPINT
  D:0013H         SYMBOL        i
  D:0015H         SYMBOL        Xstart
  D:0017H         SYMBOL        Ystart
  D:0019H         SYMBOL        TextColor
  D:001BH         SYMBOL        BackColor
  C:2833H         LINE#         5013
  C:283FH         LINE#         5014
  C:283FH         LINE#         5015
  C:284AH         LINE#         5016
  C:284AH         LINE#         5017
  C:2850H         LINE#         5018
  C:2850H         LINE#         5019
  C:285BH         LINE#         5020
  C:285BH         LINE#         5021
  C:2867H         LINE#         5022
  C:2867H         LINE#         5024
  C:2884H         LINE#         5025
  C:2890H         LINE#         5026
  C:28A7H         LINE#         5027
  -------         ENDPROC       _DISPINT
  -------         PROC          READDATA
  C:359BH         LINE#         5035
  C:359BH         LINE#         5036
  C:359BH         LINE#         5056
  C:35AAH         LINE#         5063
  C:35ADH         LINE#         5064
  -------         ENDPROC       READDATA
  -------         PROC          _PUTPIXEL
  D:0006H         SYMBOL        x
BL51 BANKED LINKER/LOCATER V6.22                                                      11/15/2018  13:54:59  PAGE 35


  D:0004H         SYMBOL        y
  D:000AH         SYMBOL        color
  C:32F8H         LINE#         5240
  C:32FCH         LINE#         5241
  C:32FCH         LINE#         5242
  C:331AH         LINE#         5243
  C:3322H         LINE#         5244
  C:332AH         LINE#         5245
[...]


  C:1221H         LINE#         287
  C:1221H         LINE#         288
  C:1224H         LINE#         289
  C:1226H         LINE#         290
  C:1226H         LINE#         291
  C:1229H         LINE#         292
  C:122BH         LINE#         293
  C:122BH         LINE#         294
  C:122EH         LINE#         295
  C:1230H         LINE#         296
  C:1230H         LINE#         297
  C:1233H         LINE#         298
  C:1235H         LINE#         299
  C:1235H         LINE#         300
  C:1238H         LINE#         301
  C:123AH         LINE#         302
  C:123AH         LINE#         303
  C:123DH         LINE#         304
  C:123FH         LINE#         305
  C:123FH         LINE#         306
  C:1242H         LINE#         307
  C:1244H         LINE#         308
  C:1244H         LINE#         309
  C:1247H         LINE#         310
  C:1247H         LINE#         311
  C:1247H         LINE#         312
  C:1247H         LINE#         313
  C:1247H         LINE#         314
  C:1252H         LINE#         315
  C:1252H         LINE#         316
  C:1258H         LINE#         317
  C:1267H         LINE#         318
  C:1267H         LINE#         319
  C:126CH         LINE#         320
  C:126FH         LINE#         321
  C:127EH         LINE#         322
  C:127EH         LINE#         323
  C:1293H         LINE#         324
  C:1298H         LINE#         325
  C:12A0H         LINE#         326
  C:12AAH         LINE#         327
  C:12B8H         LINE#         328
  C:12C6H         LINE#         329
  C:12C8H         LINE#         331
  C:12C8H         LINE#         332
  C:12CDH         LINE#         333
  C:12D0H         LINE#         334
  C:12E8H         LINE#         335
  C:12E8H         LINE#         336
  C:1301H         LINE#         337
  C:1306H         LINE#         338
  C:130EH         LINE#         339
  C:1315H         LINE#         340
  C:131AH         LINE#         341
  C:131AH         LINE#         342
  C:132EH         LINE#         343
  C:132EH         LINE#         344
BL51 BANKED LINKER/LOCATER V6.22                                                      11/15/2018  13:54:59  PAGE 42


  C:1335H         LINE#         345
  C:133AH         LINE#         346
  C:133AH         LINE#         347
  C:1348H         LINE#         348
  C:1348H         LINE#         349
  -------         ENDPROC       USBXCORE_HANDLE_SETUP
  -------         PROC          USBXCORE_FORCE_STALL
  C:3528H         LINE#         356
  C:3528H         LINE#         358
  C:3533H         LINE#         359
  C:353EH         LINE#         360
  C:3544H         LINE#         361
  -------         ENDPROC       USBXCORE_FORCE_STALL
  -------         PROC          USBXCORE_GET_STATUS
  C:2D51H         LINE#         367
  C:2D51H         LINE#         369
  C:2D60H         LINE#         370
  C:2D60H         LINE#         371
  C:2D60H         LINE#         372
  C:2D60H         LINE#         373
  C:2D60H         LINE#         374
  C:2D62H         LINE#         375
  C:2D62H         LINE#         379
  C:2D62H         LINE#         381
  C:2D70H         LINE#         385
  C:2D70H         LINE#         386
  C:2D70H         LINE#         387
  C:2D70H         LINE#         388
  C:2D72H         LINE#         390
  C:2D72H         LINE#         392
  C:2D80H         LINE#         396
  C:2D80H         LINE#         397
  C:2D8DH         LINE#         398
  C:2D8DH         LINE#         399
  C:2D8FH         LINE#         401
  C:2D8FH         LINE#         402
  C:2D9DH         LINE#         403
  C:2DA6H         LINE#         404
  C:2DA6H         LINE#         405
  C:2DA6H         LINE#         406
  C:2DA8H         LINE#         407
  C:2DA8H         LINE#         408
  C:2DABH         LINE#         409
  C:2DABH         LINE#         410
  C:2DABH         LINE#         411
  C:2DB3H         LINE#         412
  C:2DB3H         LINE#         413
  C:2DB6H         LINE#         414
  C:2DBCH         LINE#         415
  C:2DC3H         LINE#         416
  C:2DC3H         LINE#         417
  -------         ENDPROC       USBXCORE_GET_STATUS
  -------         PROC          USBXCORE_CLEAR_FEATURE
  C:30DDH         LINE#         423
  C:30DDH         LINE#         425
  C:30E3H         LINE#         426
  C:30E3H         LINE#         428
BL51 BANKED LINKER/LOCATER V6.22                                                      11/15/2018  13:54:59  PAGE 43


  C:30EAH         LINE#         429
  C:30EAH         LINE#         430
  C:30F5H         LINE#         436
  C:3100H         LINE#         437
  C:3105H         LINE#         438
  C:3107H         LINE#         440
  C:3107H         LINE#         442
  C:3112H         LINE#         446
  C:311DH         LINE#         447
  C:3122H         LINE#         448
  C:3122H         LINE#         449
  C:3124H         LINE#         451
  C:3124H         LINE#         452
  C:3127H         LINE#         453
  C:3127H         LINE#         454
  C:3132H         LINE#         455
  -------         ENDPROC       USBXCORE_CLEAR_FEATURE
  -------         PROC          USBXCORE_VENDOR_USB_API
  C:22A9H         LINE#         462
  C:22A9H         LINE#         464
  C:22B3H         LINE#         465
  C:22B3H         LINE#         466
  C:22BAH         LINE#         467
  C:22BAH         LINE#         468
  C:22BDH         LINE#         469
  C:22C0H         LINE#         470
  C:22C2H         LINE#         472
  C:22C2H         LINE#         473
  C:22C9H         LINE#         474
  C:22C9H         LINE#         477
  C:22D4H         LINE#         482
  C:22DFH         LINE#         483
  C:22EAH         LINE#         485
  C:22EAH         LINE#         486
  C:22FDH         LINE#         487
  C:22FDH         LINE#         488
  C:2301H         LINE#         489
  C:230CH         LINE#         491
  C:230CH         LINE#         492
  C:231FH         LINE#         493
  C:231FH         LINE#         494
  C:2323H         LINE#         495
  C:232EH         LINE#         497
  C:2334H         LINE#         498
  C:233CH         LINE#         499
  C:233CH         LINE#         500
  C:233FH         LINE#         501
  C:233FH         LINE#         502
  C:233FH         LINE#         503
  C:234AH         LINE#         504
  C:234AH         LINE#         505
  C:2350H         LINE#         506
  C:2357H         LINE#         507
  C:2357H         LINE#         508
  C:235BH         LINE#         509
  C:235BH         LINE#         510
  C:2361H         LINE#         511
BL51 BANKED LINKER/LOCATER V6.22                                                      11/15/2018  13:54:59  PAGE 44


  C:2368H         LINE#         512
  C:2368H         LINE#         513
  C:2373H         LINE#         514
  -------         ENDPROC       USBXCORE_VENDOR_USB_API
  -------         PROC          USBXCORE_SET_FEATURE
  C:3135H         LINE#         521
  C:3135H         LINE#         523
  C:313BH         LINE#         524
  C:313BH         LINE#         526
  C:3142H         LINE#         527
  C:3142H         LINE#         528
  C:314DH         LINE#         534
  C:3158H         LINE#         535
  C:315BH         LINE#         536
  C:315DH         LINE#         538
  C:315DH         LINE#         540
  C:3168H         LINE#         544
  C:3173H         LINE#         545
  C:3179H         LINE#         546
  C:3179H         LINE#         548
  C:317BH         LINE#         550
  C:317BH         LINE#         551
  C:317EH         LINE#         552
  C:317EH         LINE#         553
  C:3189H         LINE#         554
  -------         ENDPROC       USBXCORE_SET_FEATURE
  -------         PROC          USBXCORE_SET_ADDRESS
  C:34E9H         LINE#         561
  C:34E9H         LINE#         563
  C:34F8H         LINE#         564
  C:34FEH         LINE#         565
  C:34FEH         LINE#         566
  C:3501H         LINE#         567
  C:3503H         LINE#         569
  C:3503H         LINE#         570
  C:3506H         LINE#         571
  C:3506H         LINE#         572
  -------         ENDPROC       USBXCORE_SET_ADDRESS
  -------         PROC          USBXCORE_GET_DESCRIPTOR
  C:2597H         LINE#         579
  C:2597H         LINE#         580
  C:25A6H         LINE#         581
  C:25A6H         LINE#         582
  C:25A6H         LINE#         583
  C:25B4H         LINE#         584
  C:25B8H         LINE#         585
  C:25BAH         LINE#         586
  C:25BAH         LINE#         587
  C:25C8H         LINE#         588
  C:25DBH         LINE#         589
  C:25DDH         LINE#         590
  C:25DDH         LINE#         591
  C:2601H         LINE#         592
  C:260DH         LINE#         593
  C:260FH         LINE#         594
  C:260FH         LINE#         595
  C:2612H         LINE#         596
BL51 BANKED LINKER/LOCATER V6.22                                                      11/15/2018  13:54:59  PAGE 45


  C:2612H         LINE#         597
  C:2612H         LINE#         598
  C:2628H         LINE#         599
  C:2628H         LINE#         600
  C:2630H         LINE#         601
  C:2630H         LINE#         602
  C:2638H         LINE#         603
  C:2638H         LINE#         604
  C:263BH         LINE#         605
  C:2641H         LINE#         606
  C:2648H         LINE#         607
  C:2648H         LINE#         608
  -------         ENDPROC       USBXCORE_GET_DESCRIPTOR
  -------         PROC          USBXCORE_GET_CONFIGURATION
  C:326FH         LINE#         614
  C:326FH         LINE#         616
  C:3277H         LINE#         617
  C:3277H         LINE#         618
  C:3283H         LINE#         619
  C:328BH         LINE#         620
  C:328BH         LINE#         621
  C:328FH         LINE#         622
  C:328FH         LINE#         623
  C:329DH         LINE#         624
  C:32A5H         LINE#         625
  C:32A5H         LINE#         626
  C:32A8H         LINE#         627
  C:32AEH         LINE#         628
  C:32B5H         LINE#         629
  -------         ENDPROC       USBXCORE_GET_CONFIGURATION
  -------         PROC          USBXCORE_SET_CONFIGURATION
  C:3083H         LINE#         635
  C:3083H         LINE#         637
  C:308CH         LINE#         638
  C:308CH         LINE#         639
  C:3093H         LINE#         640
  C:3099H         LINE#         641
  C:309EH         LINE#         642
  C:30A0H         LINE#         644
  C:30ABH         LINE#         645
  C:30B6H         LINE#         646
  C:30C1H         LINE#         653
  C:30CCH         LINE#         654
  C:30CEH         LINE#         656
  C:30CEH         LINE#         657
  C:30D4H         LINE#         658
  C:30D8H         LINE#         659
  C:30DAH         LINE#         660
  C:30DAH         LINE#         661
  -------         ENDPROC       USBXCORE_SET_CONFIGURATION
  -------         PROC          USBXCORE_GET_INTERFACE
  C:347AH         LINE#         668
  C:347AH         LINE#         670
  C:3488H         LINE#         671
  C:3490H         LINE#         672
  C:3493H         LINE#         673
  C:3499H         LINE#         674
BL51 BANKED LINKER/LOCATER V6.22                                                      11/15/2018  13:54:59  PAGE 46


  C:34A0H         LINE#         675
  -------         ENDPROC       USBXCORE_GET_INTERFACE
  -------         PROC          USBXCORE_SET_SOP
  C:3574H         LINE#         682
  C:3574H         LINE#         684
  C:357CH         LINE#         685
  C:357CH         LINE#         686
  C:3587H         LINE#         687
  C:3587H         LINE#         688
  -------         ENDPROC       USBXCORE_SET_SOP
  -------         PROC          USBXCORE_USB_ISR
  C:185EH         LINE#         699
  C:187BH         LINE#         702
  C:1881H         LINE#         703
  C:1894H         LINE#         706
  C:18A7H         LINE#         709
  C:18ABH         LINE#         710
  C:18ABH         LINE#         711
  C:18B6H         LINE#         712
  C:18B6H         LINE#         714
  C:18BDH         LINE#         715
  C:18BDH         LINE#         716
  C:18C0H         LINE#         717
  C:18C0H         LINE#         719
  C:18C7H         LINE#         720
  C:18C7H         LINE#         721
  C:18D4H         LINE#         722
  C:18D4H         LINE#         723
  C:18DBH         LINE#         724
  C:18DBH         LINE#         725
  C:18DBH         LINE#         727
  C:18DBH         LINE#         728
  C:18DBH         LINE#         730
  C:18DBH         LINE#         732
  C:18EEH         LINE#         734
  C:18F2H         LINE#         735
  C:18F2H         LINE#         736
  C:18F5H         LINE#         737
  C:18F5H         LINE#         740
  C:18FCH         LINE#         741
  C:18FCH         LINE#         742
  C:1907H         LINE#         748
  C:191AH         LINE#         749
  C:191FH         LINE#         750
  C:191FH         LINE#         751
  C:1926H         LINE#         752
  C:1926H         LINE#         754
  C:1926H         LINE#         756
  C:1939H         LINE#         759
  C:193DH         LINE#         760
  C:193DH         LINE#         761
  C:1948H         LINE#         767
  C:195BH         LINE#         768
  C:195FH         LINE#         769
  C:195FH         LINE#         770
  C:1966H         LINE#         771
  C:1966H         LINE#         772
BL51 BANKED LINKER/LOCATER V6.22                                                      11/15/2018  13:54:59  PAGE 47


  C:1966H         LINE#         775
  C:1974H         LINE#         776
  C:1979H         LINE#         777
  C:197FH         LINE#         778
  C:1984H         LINE#         781
  C:1991H         LINE#         782
  C:1991H         LINE#         783
  C:1994H         LINE#         784
  C:1994H         LINE#         785
  -------         ENDPROC       USBXCORE_USB_ISR
  -------         ENDMOD        USB_API

  -------         MODULE        USB_SUSPEND
  C:0000H         SYMBOL        _ICE_DUMMY_
  D:00D7H         PUBLIC        USB0XCN
  D:00C9H         PUBLIC        REG0CN
  C:33D7H         PUBLIC        USB_Suspend
  D:00A9H         PUBLIC        CLKSEL
  D:00B2H         PUBLIC        OSCICN
  D:00B9H         PUBLIC        CLKMUL
  -------         PROC          USB_SUSPEND
  C:33D7H         LINE#         70
  C:33D7H         LINE#         72
  C:33DAH         LINE#         74
  C:33DDH         LINE#         76
  C:33E5H         LINE#         79
  C:33E8H         LINE#         80
  C:33EBH         LINE#         81
  C:33EEH         LINE#         82
  C:33F1H         LINE#         84
  C:33F2H         LINE#         86
  C:33F5H         LINE#         88
  C:33FBH         LINE#         92
  C:33FEH         LINE#         94
  C:3401H         LINE#         95
  -------         ENDPROC       USB_SUSPEND
  -------         ENDMOD        USB_SUSPEND

  -------         MODULE        USB_INT_ENABLE
  C:0000H         SYMBOL        _ICE_DUMMY_
  C:3545H         PUBLIC        USB_Int_Enable
  D:0096H         PUBLIC        USB0ADR
  D:0097H         PUBLIC        USB0DAT
  -------         PROC          USB_INT_ENABLE
  C:3545H         LINE#         68
  C:3545H         LINE#         71
  C:354CH         LINE#         73
  C:3552H         LINE#         74
  C:3552H         LINE#         75
  C:355DH         LINE#         77
  C:355DH         LINE#         78
  -------         ENDPROC       USB_INT_ENABLE
  -------         ENDMOD        USB_INT_ENABLE

  -------         MODULE        USB_CLOCK_RECOVERY
  C:0000H         SYMBOL        _ICE_DUMMY_
  C:35CDH         PUBLIC        USBXcore_ClkRec
BL51 BANKED LINKER/LOCATER V6.22                                                      11/15/2018  13:54:59  PAGE 48


  D:0096H         PUBLIC        USB0ADR
  D:0097H         PUBLIC        USB0DAT
  -------         PROC          USBXCORE_CLKREC
  C:35CDH         LINE#         45
  C:35CDH         LINE#         47
  C:35D8H         LINE#         48
  -------         ENDPROC       USBXCORE_CLKREC
  -------         ENDMOD        USB_CLOCK_RECOVERY

  -------         MODULE        ?C?FPMUL
  C:0C2EH         PUBLIC        ?C?FPMUL
  -------         ENDMOD        ?C?FPMUL

  -------         MODULE        ?C?FCAST
  C:0D3EH         PUBLIC        ?C?FCASTC
  C:0D39H         PUBLIC        ?C?FCASTI
  C:0D34H         PUBLIC        ?C?FCASTL
  -------         ENDMOD        ?C?FCAST

  -------         MODULE        ?C?CASTF
  C:0D72H         PUBLIC        ?C?CASTF
  -------         ENDMOD        ?C?CASTF

  -------         MODULE        ?C?COPY
  C:0EC3H         PUBLIC        ?C?COPY
  -------         ENDMOD        ?C?COPY

  -------         MODULE        ?C?CLDPTR
  C:0EE9H         PUBLIC        ?C?CLDPTR
  -------         ENDMOD        ?C?CLDPTR

  -------         MODULE        ?C?CLDOPTR
  C:0F02H         PUBLIC        ?C?CLDOPTR
  -------         ENDMOD        ?C?CLDOPTR

  -------         MODULE        ?C?IMUL
  C:0F2FH         PUBLIC        ?C?IMUL
  -------         ENDMOD        ?C?IMUL

  -------         MODULE        ?C?IILDX
  C:0F41H         PUBLIC        ?C?IILDX
  -------         ENDMOD        ?C?IILDX

  -------         MODULE        ?C?LMUL
  C:0F57H         PUBLIC        ?C?LMUL
  -------         ENDMOD        ?C?LMUL

  -------         MODULE        ?C?ULDIV
  C:0FE2H         PUBLIC        ?C?ULDIV
  -------         ENDMOD        ?C?ULDIV

  -------         MODULE        ?C?LNEG
  C:1074H         PUBLIC        ?C?LNEG
  -------         ENDMOD        ?C?LNEG

  -------         MODULE        ?C?ULCMP
  C:1082H         PUBLIC        ?C?ULCMP
BL51 BANKED LINKER/LOCATER V6.22                                                      11/15/2018  13:54:59  PAGE 49


  -------         ENDMOD        ?C?ULCMP

  -------         MODULE        ?C?ULSHR
  C:1093H         PUBLIC        ?C?ULSHR
  -------         ENDMOD        ?C?ULSHR

  -------         MODULE        ?C?LSHL
  C:10A6H         PUBLIC        ?C?LSHL
  -------         ENDMOD        ?C?LSHL

  -------         MODULE        ?C?LLDIIDATA
  C:10C2H         PUBLIC        ?C?LLDIIDATA
  C:10B9H         PUBLIC        ?C?LLDIIDATA1
  C:10BBH         PUBLIC        ?C?LLDIIDATA8
  -------         ENDMOD        ?C?LLDIIDATA

  -------         MODULE        ?C?LSTXDATA
  C:10D9H         PUBLIC        ?C?LSTXDATA
  -------         ENDMOD        ?C?LSTXDATA

  -------         MODULE        ?C?LSTKXDATA
  C:10E5H         PUBLIC        ?C?LSTKXDATA
  -------         ENDMOD        ?C?LSTKXDATA

  -------         MODULE        ?C_IBP
  D:0075H         PUBLIC        ?C_IBP
  -------         ENDMOD        ?C_IBP

*** WARNING L16: UNCALLED SEGMENT, IGNORED FOR OVERLAY PROCESS
    SEGMENT: ?PR?SD_INIT?MMC_SD

*** WARNING L16: UNCALLED SEGMENT, IGNORED FOR OVERLAY PROCESS
    SEGMENT: ?PR?_DISPPICFROMSD?LCD

*** WARNING L16: UNCALLED SEGMENT, IGNORED FOR OVERLAY PROCESS
    SEGMENT: ?PR?DISPSCALEHOR1?LCD

*** WARNING L16: UNCALLED SEGMENT, IGNORED FOR OVERLAY PROCESS
    SEGMENT: ?PR?DISPSCALEVER?LCD

*** WARNING L16: UNCALLED SEGMENT, IGNORED FOR OVERLAY PROCESS
    SEGMENT: ?PR?DISPSCALEVER_RED?LCD

*** WARNING L16: UNCALLED SEGMENT, IGNORED FOR OVERLAY PROCESS
    SEGMENT: ?PR?DISPSCALEVER_GREEN?LCD

*** WARNING L16: UNCALLED SEGMENT, IGNORED FOR OVERLAY PROCESS
    SEGMENT: ?PR?DISPSCALEVER_BLUE?LCD

*** WARNING L16: UNCALLED SEGMENT, IGNORED FOR OVERLAY PROCESS
    SEGMENT: ?PR?DISPSCALEVER_GRAY?LCD

*** WARNING L16: UNCALLED SEGMENT, IGNORED FOR OVERLAY PROCESS
    SEGMENT: ?PR?DISPGRAYHOR32?LCD

*** WARNING L16: UNCALLED SEGMENT, IGNORED FOR OVERLAY PROCESS
    SEGMENT: ?PR?DISPSCALEHOR2?LCD
BL51 BANKED LINKER/LOCATER V6.22                                                      11/15/2018  13:54:59  PAGE 50



*** WARNING L16: UNCALLED SEGMENT, IGNORED FOR OVERLAY PROCESS
    SEGMENT: ?PR?_DRAWGIRD?LCD

Program Size: data=119.0 xdata=1095 code=13803
LINK/LOCATE RUN COMPLETE.  11 WARNING(S),  0 ERROR(S)
