BL51 BANKED LINKER/LOCATER V6.22                                                        05/24/2020  13:51:50  PAGE 1


BL51 BANKED LINKER/LOCATER V6.22, INVOKED BY:
C:\KEIL\C51\BIN\BL51.EXE main.obj, mmc_sd.obj, lcd.obj, tp.obj, .\USBX_F34X.LIB TO GC9203_IVO2.2_3W2L RAMSIZE (256)


MEMORY MODEL: COMPACT WITH FLOATING POINT ARITHMETIC


INPUT MODULES INCLUDED:
  main.obj (MAIN)
  mmc_sd.obj (MMC_SD)
  lcd.obj (LCD)
  tp.obj (TP)
  .\USBX_F34X.LIB (USB_API)
  .\USBX_F34X.LIB (USB_CLOCK_START)
  .\USBX_F34X.LIB (USB_SUSPEND)
  .\USBX_F34X.LIB (GET_INTERRUPT_SOURCE)
  .\USBX_F34X.LIB (BLOCK_READ)
  .\USBX_F34X.LIB (BLOCK_WRITE)
  .\USBX_F34X.LIB (USB_INT_ENABLE)
  .\USBX_F34X.LIB (USB_CLOCK_RECOVERY)
  .\USBX_F34X.LIB (USB_JUMP_ISR)
  C:\KEIL\C51\LIB\C51FPC.LIB (?C?FPMUL)
  C:\KEIL\C51\LIB\C51FPC.LIB (?C?FCAST)
  C:\KEIL\C51\LIB\C51FPC.LIB (?C?CASTF)
  C:\KEIL\C51\LIB\C51FPC.LIB (?C?FPGETOPN)
  C:\KEIL\C51\LIB\C51C.LIB (?C_STARTUP)
  C:\KEIL\C51\LIB\C51C.LIB (?C?COPY)
  C:\KEIL\C51\LIB\C51C.LIB (?C?CLDPTR)
  C:\KEIL\C51\LIB\C51C.LIB (?C?CLDOPTR)
  C:\KEIL\C51\LIB\C51C.LIB (?C?IMUL)
  C:\KEIL\C51\LIB\C51C.LIB (?C?IILDX)
  C:\KEIL\C51\LIB\C51C.LIB (?C?LMUL)
  C:\KEIL\C51\LIB\C51C.LIB (?C?ULDIV)
  C:\KEIL\C51\LIB\C51C.LIB (?C?LNEG)
  C:\KEIL\C51\LIB\C51C.LIB (?C?ULCMP)
  C:\KEIL\C51\LIB\C51C.LIB (?C?ULSHR)
  C:\KEIL\C51\LIB\C51C.LIB (?C?LSHL)
  C:\KEIL\C51\LIB\C51C.LIB (?C?LLDIPDATA)
  C:\KEIL\C51\LIB\C51C.LIB (?C?LSTXDATA)
  C:\KEIL\C51\LIB\C51C.LIB (?C?LSTPDATA)
  C:\KEIL\C51\LIB\C51C.LIB (?C?LSTKXDATA)
  C:\KEIL\C51\LIB\C51C.LIB (?C?LSTKPDATA)
  C:\KEIL\C51\LIB\C51C.LIB (?C_PBP)
  C:\KEIL\C51\LIB\C51C.LIB (?C_INIT)


LINK MAP OF MODULE:  GC9203_IVO2.2_3W2L (MAIN)


            TYPE    BASE      LENGTH    RELOCATION   SEGMENT NAME
            -----------------------------------------------------

            * * * * * * *   D A T A   M E M O R Y   * * * * * * *
            REG     0000H     0008H     ABSOLUTE     "REG BANK 0"
            DATA    0008H     0001H     UNIT         ?C?LIB_DATA
            IDATA   0009H     0001H     UNIT         ?STACK

            * * * * * * *  X D A T A   M E M O R Y  * * * * * * *
BL51 BANKED LINKER/LOCATER V6.22                                                      05/24/2020  13:51:50  PAGE 2


            XDATA   0000H     0010H     INPAGE       ?PD?MAIN
            XDATA   0010H     0004H     INPAGE       ?PD?_MMC_SD_READSINGLEBLOCK?MMC_SD
            XDATA   0014H     000CH     INPAGE       ?PD?_DISPPICFROMSD?LCD
            XDATA   0020H     0004H     INPAGE       ?PD?DISPSCALEHOR1?LCD
            XDATA   0024H     0004H     INPAGE       ?PD?DISPSCALEVER?LCD
            XDATA   0028H     0004H     INPAGE       ?PD?DISPSCALEVER_RED?LCD
            XDATA   002CH     0004H     INPAGE       ?PD?DISPSCALEVER_GREEN?LCD
            XDATA   0030H     0004H     INPAGE       ?PD?DISPSCALEVER_BLUE?LCD
            XDATA   0034H     0004H     INPAGE       ?PD?DISPSCALEVER_GRAY?LCD
            XDATA   0038H     0004H     INPAGE       ?PD?DISPGRAYHOR32?LCD
            XDATA   003CH     0002H     INPAGE       ?PD?DISPSCALEHOR2?LCD
            XDATA   003EH     000CH     INPAGE       ?PD?_DRAWLINE?LCD
            XDATA   004AH     0004H     INPAGE       ?PD?_DRAWGIRD?LCD
            XDATA   004EH     0002H     INPAGE       ?PD?LCD
            XDATA   0050H     0024H     INPAGE       _PDATA_GROUP_
            XDATA   0074H     0200H     UNIT         ?XD?MMC_SD
            XDATA   0274H     0058H     UNIT         _XDATA_GROUP_
            XDATA   02CCH     0040H     UNIT         ?XD?MAIN
                    030CH     0334H                  *** GAP ***
            XDATA   0640H     0100H     ABSOLUTE     
            XDATA   0740H     0012H     ABSOLUTE     
            XDATA   0752H     0020H     ABSOLUTE     
            XDATA   0772H     000CH     ABSOLUTE     
            XDATA   077EH     0008H     ABSOLUTE     
            XDATA   0786H     0001H     ABSOLUTE     
            XDATA   0787H     0003H     ABSOLUTE     
            XDATA   078AH     0002H     ABSOLUTE     
            XDATA   078CH     0002H     ABSOLUTE     
            XDATA   078EH     0003H     ABSOLUTE     
            XDATA   0791H     0001H     ABSOLUTE     
            XDATA   0792H     0001H     ABSOLUTE     
            XDATA   0793H     0001H     ABSOLUTE     
            XDATA   0794H     0001H     ABSOLUTE     
            XDATA   0795H     0002H     ABSOLUTE     
            XDATA   0797H     0002H     ABSOLUTE     
            XDATA   0799H     0001H     ABSOLUTE     
            XDATA   079AH     0001H     ABSOLUTE     
            XDATA   079BH     0001H     ABSOLUTE     
            XDATA   079CH     0001H     ABSOLUTE     
            XDATA   079DH     0001H     ABSOLUTE     
            XDATA   079EH     0001H     ABSOLUTE     
            XDATA   079FH     0002H     ABSOLUTE     
            XDATA   07A1H     0001H     ABSOLUTE     
            XDATA   07A2H     0001H     ABSOLUTE     
            XDATA   07A3H     000CH     ABSOLUTE     
                    07AFH     0011H                  *** GAP ***
            XDATA   07C0H     0040H     ABSOLUTE     

            * * * * * * *   C O D E   M E M O R Y   * * * * * * *
            CODE    0000H     0003H     ABSOLUTE     
            CODE    0003H     003AH     UNIT         ?CO?USB_API
            CODE    003DH     0003H     UNIT         ?PR?SUSPEND_DEVICE?MAIN
                    0040H     0003H                  *** GAP ***
            CODE    0043H     0003H     ABSOLUTE     
            CODE    0046H     0043H     UNIT         ?PR?MCU_INIT?MAIN
                    0089H     0002H                  *** GAP ***
            CODE    008BH     0003H     ABSOLUTE     
BL51 BANKED LINKER/LOCATER V6.22                                                      05/24/2020  13:51:50  PAGE 3


            CODE    008EH     060BH     UNIT         ?PR?CONNTOUSB?MAIN
            CODE    0699H     0600H     UNIT         ?CO?LCD
            CODE    0C99H     050DH     UNIT         ?C?LIB_CODE
            CODE    11A6H     0233H     UNIT         ?PR?USBXCORE_HANDLE_SETUP?USB_API
            CODE    13D9H     0232H     UNIT         ?PR?_LCD_READ_IC_ID?LCD
            CODE    160BH     0228H     UNIT         ?PR?DISPSCALEHOR1?LCD
            CODE    1833H     01DAH     UNIT         ?PR?LCD_INIT?LCD
            CODE    1A0DH     01BAH     UNIT         ?PR?DISPSCALEHOR2?LCD
            CODE    1BC7H     019EH     UNIT         ?PR?TP_DRAWLINE?TP
            CODE    1D65H     0151H     UNIT         ?PR?USBXCORE_USB_ISR?USB_API
            CODE    1EB6H     0150H     UNIT         ?PR?DISPBAND?LCD
            CODE    2006H     013BH     UNIT         ?PR?USB_API_TEST_ISR?MAIN
            CODE    2141H     0137H     UNIT         ?PR?_USB_INIT?USB_API
            CODE    2278H     0128H     UNIT         ?PR?DISPSCALEVER?LCD
            CODE    23A0H     011BH     UNIT         ?PR?_TP_GETPOSITION?TP
            CODE    24BBH     0111H     UNIT         ?PR?_BLOCK_WRITE?BLOCK_WRITE
            CODE    25CCH     00E6H     UNIT         ?PR?_DISPPICFROMSD?LCD
            CODE    26B2H     00CDH     UNIT         ?PR?USBXCORE_VENDOR_USB_API?USB_API
            CODE    277FH     00C8H     UNIT         ?PR?_DISPONECHAR?LCD
            CODE    2847H     00B7H     UNIT         ?PR?MMC_SD_RESET?MMC_SD
            CODE    28FEH     00B3H     UNIT         ?PR?_DISPINT?LCD
            CODE    29B1H     00B2H     UNIT         ?PR?USBXCORE_GET_DESCRIPTOR?USB_API
            CODE    2A63H     00AFH     UNIT         ?PR?_BLOCK_READ?BLOCK_READ
            CODE    2B12H     00AAH     UNIT         ?PR?DISPFRAME?LCD
            CODE    2BBCH     00A0H     UNIT         ?PR?DISPSCALEVER_GREEN?LCD
            CODE    2C5CH     009BH     UNIT         ?PR?DISPGRAYHOR16?LCD
            CODE    2CF7H     0096H     UNIT         ?PR?_DISPSTR?LCD
            CODE    2D8DH     0091H     UNIT         ?PR?DISPSCALEVER_RED?LCD
            CODE    2E1EH     0091H     UNIT         ?PR?DISPSCALEVER_GRAY?LCD
            CODE    2EAFH     008FH     UNIT         ?PR?_?BLOCKWRITE?LCD
            CODE    2F3EH     008FH     UNIT         ?PR?_DRAWGIRD?LCD
            CODE    2FCDH     008CH     UNIT         ?C_C51STARTUP
            CODE    3059H     0086H     UNIT         ?PR?DISPSCALEVER_BLUE?LCD
            CODE    30DFH     0086H     UNIT         ?PR?_DRAWLINE?LCD
            CODE    3165H     007DH     UNIT         ?PR?_MMC_SD_WRITESINGLEBLOCK?MMC_SD
            CODE    31E2H     0076H     UNIT         ?PR?DISPGRAYHOR32?LCD
            CODE    3258H     0075H     UNIT         ?PR?_MMC_SD_SENDCOMMAND?MMC_SD
            CODE    32CDH     0073H     UNIT         ?PR?TP_READ?TP
            CODE    3340H     0073H     UNIT         ?PR?USBXCORE_GET_STATUS?USB_API
            CODE    33B3H     006CH     UNIT         ?PR?DEVICES_INIT?MAIN
            CODE    341FH     0064H     UNIT         ?PR?_MMC_SD_READSINGLEBLOCK?MMC_SD
            CODE    3483H     005BH     UNIT         ?PR?_TOORD?LCD
            CODE    34DEH     005AH     UNIT         ?PR?USBXCORE_SET_CONFIGURATION?USB_API
            CODE    3538H     0058H     UNIT         ?PR?USBXCORE_CLEAR_FEATURE?USB_API
            CODE    3590H     0057H     UNIT         ?PR?USBXCORE_SET_FEATURE?USB_API
            CODE    35E7H     0056H     UNIT         ?PR?_WRITEDATA?LCD
            CODE    363DH     0055H     UNIT         ?PR?_STOPDELAY?MAIN
            CODE    3692H     0052H     UNIT         ?PR?_PUTPIXEL?LCD
            CODE    36E4H     0050H     UNIT         ?CO?MAIN
            CODE    3734H     0047H     UNIT         ?PR?USBXCORE_GET_CONFIGURATION?USB_API
            CODE    377BH     0043H     UNIT         ?PR?_DISPCOLOR?LCD
            CODE    37BEH     0041H     UNIT         ?PR?_WRITEDISPDATA?LCD
            CODE    37FFH     0038H     UNIT         ?PR?USB_CLOCK_START?USB_CLOCK_START
            CODE    3837H     002FH     UNIT         ?PR?_WRITECOMM?LCD
            CODE    3866H     002DH     UNIT         ?C_INITSEG
            CODE    3893H     002BH     UNIT         ?PR?USB_SUSPEND?USB_SUSPEND
            CODE    38BEH     0027H     UNIT         ?PR?MAIN?MAIN
BL51 BANKED LINKER/LOCATER V6.22                                                      05/24/2020  13:51:50  PAGE 4


            CODE    38E5H     0027H     UNIT         ?PR?USBXCORE_USB_RESET?USB_API
            CODE    390CH     0027H     UNIT         ?PR?USBXCORE_GET_INTERFACE?USB_API
            CODE    3933H     0026H     UNIT         ?PR?_TP_WRITE?TP
            CODE    3959H     0022H     UNIT         ?PR?USBXCORE_JUMP_ISR?USB_JUMP_ISR
            CODE    397BH     0020H     UNIT         ?PR?USBXCORE_SET_ADDRESS?USB_API
            CODE    399BH     001FH     UNIT         ?PR?_DELAY?MAIN
            CODE    39BAH     001DH     UNIT         ?PR?USBXCORE_FORCE_STALL?USB_API
            CODE    39D7H     0019H     UNIT         ?PR?USB_INT_ENABLE?USB_INT_ENABLE
            CODE    39F0H     0016H     UNIT         ?PR?_SPI_WRITEBYTE?MMC_SD
            CODE    3A06H     0016H     UNIT         ?PR?READDATA?LCD
            CODE    3A1CH     0014H     UNIT         ?PR?USBXCORE_SET_SOP?USB_API
            CODE    3A30H     0013H     UNIT         ?PR?WAITKEY?MAIN
            CODE    3A43H     0011H     UNIT         ?PR?SD_INIT?MMC_SD
            CODE    3A54H     000EH     UNIT         ?PR?GET_INTERRUPT_SOURCE?GET_INTERRUPT_SOURCE
            CODE    3A62H     000CH     UNIT         ?PR?USBXCORE_CLKREC?USB_CLOCK_RECOVERY
            CODE    3A6EH     000BH     UNIT         ?PR?SPI_READBYTE?MMC_SD
            CODE    3A79H     0009H     UNIT         ?PR?_WRITEONEDOT?LCD



OVERLAY MAP OF MODULE:   GC9203_IVO2.2_3W2L (MAIN)


SEGMENT                                            PDATA_GROUP         XDATA_GROUP
  +--> CALLED SEGMENT                            START    LENGTH     START    LENGTH
------------------------------------------------------------------------------------
?PR?USB_API_TEST_ISR?MAIN                        0050H    0001H      -----    -----
  +--> ?PR?GET_INTERRUPT_SOURCE?GET_INTERRUP...
  +--> ?PR?_BLOCK_READ?BLOCK_READ
  +--> ?PR?SUSPEND_DEVICE?MAIN
  +--> ?PR?MCU_INIT?MAIN
  +--> ?PR?_?BLOCKWRITE?LCD

?PR?SUSPEND_DEVICE?MAIN                          -----    -----      -----    -----
  +--> ?PR?USB_SUSPEND?USB_SUSPEND

?PR?USB_SUSPEND?USB_SUSPEND                      -----    -----      -----    -----
  +--> ?PR?USB_CLOCK_START?USB_CLOCK_START

?PR?_?BLOCKWRITE?LCD                             -----    -----      -----    -----
  +--> ?PR?_WRITECOMM?LCD
  +--> ?PR?_WRITEDATA?LCD

?PR?_WRITECOMM?LCD                               0073H    0001H      -----    -----

*** NEW ROOT ***************************************************

?PR?USBXCORE_USB_ISR?USB_API                     -----    -----      -----    -----
  +--> ?PR?USBXCORE_USB_RESET?USB_API
  +--> ?PR?USBXCORE_HANDLE_SETUP?USB_API
  +--> ?PR?USBXCORE_JUMP_ISR?USB_JUMP_ISR

?PR?USBXCORE_HANDLE_SETUP?USB_API                -----    -----      -----    -----
  +--> ?PR?USBXCORE_GET_STATUS?USB_API
  +--> ?PR?USBXCORE_CLEAR_FEATURE?USB_API
  +--> ?PR?USBXCORE_VENDOR_USB_API?USB_API
  +--> ?PR?USBXCORE_SET_FEATURE?USB_API
BL51 BANKED LINKER/LOCATER V6.22                                                      05/24/2020  13:51:50  PAGE 5


  +--> ?PR?USBXCORE_SET_ADDRESS?USB_API
  +--> ?PR?USBXCORE_GET_DESCRIPTOR?USB_API
  +--> ?PR?USBXCORE_GET_CONFIGURATION?USB_API
  +--> ?PR?USBXCORE_SET_CONFIGURATION?USB_API
  +--> ?PR?USBXCORE_GET_INTERFACE?USB_API
  +--> ?PR?USBXCORE_SET_SOP?USB_API
  +--> ?PR?USBXCORE_FORCE_STALL?USB_API

?PR?USBXCORE_GET_STATUS?USB_API                  -----    -----      -----    -----
  +--> ?CO?USB_API
  +--> ?PR?USBXCORE_FORCE_STALL?USB_API
  +--> ?PR?USBXCORE_SET_SOP?USB_API

?PR?USBXCORE_CLEAR_FEATURE?USB_API               -----    -----      -----    -----
  +--> ?PR?USBXCORE_FORCE_STALL?USB_API
  +--> ?PR?USBXCORE_SET_SOP?USB_API

?PR?USBXCORE_VENDOR_USB_API?USB_API              -----    -----      -----    -----
  +--> ?PR?USBXCORE_SET_SOP?USB_API

?PR?USBXCORE_SET_FEATURE?USB_API                 -----    -----      -----    -----
  +--> ?PR?USBXCORE_FORCE_STALL?USB_API
  +--> ?PR?USBXCORE_SET_SOP?USB_API

?PR?USBXCORE_SET_ADDRESS?USB_API                 -----    -----      -----    -----
  +--> ?PR?USBXCORE_SET_SOP?USB_API

?PR?USBXCORE_GET_DESCRIPTOR?USB_API              -----    -----      -----    -----
  +--> ?PR?USBXCORE_FORCE_STALL?USB_API
  +--> ?PR?USBXCORE_SET_SOP?USB_API

?PR?USBXCORE_GET_CONFIGURATION?USB_API           -----    -----      -----    -----
  +--> ?CO?USB_API
  +--> ?PR?USBXCORE_SET_SOP?USB_API

?PR?USBXCORE_SET_CONFIGURATION?USB_API           -----    -----      -----    -----
  +--> ?PR?USBXCORE_SET_SOP?USB_API

?PR?USBXCORE_GET_INTERFACE?USB_API               -----    -----      -----    -----
  +--> ?CO?USB_API
  +--> ?PR?USBXCORE_SET_SOP?USB_API

*** NEW ROOT ***************************************************

?C_C51STARTUP                                    -----    -----      -----    -----
  +--> ?PR?MAIN?MAIN
  +--> ?C_INITSEG

?PR?MAIN?MAIN                                    -----    -----      -----    -----
  +--> ?PR?DEVICES_INIT?MAIN
  +--> ?PR?DISPFRAME?LCD
  +--> ?PR?_STOPDELAY?MAIN
  +--> ?PR?DISPBAND?LCD
  +--> ?PR?DISPGRAYHOR16?LCD
  +--> ?PR?_DISPCOLOR?LCD
  +--> ?PR?TP_DRAWLINE?TP

BL51 BANKED LINKER/LOCATER V6.22                                                      05/24/2020  13:51:50  PAGE 6


?PR?DEVICES_INIT?MAIN                            -----    -----      -----    -----
  +--> ?PR?MCU_INIT?MAIN
  +--> ?PR?USB_CLOCK_START?USB_CLOCK_START
  +--> ?CO?MAIN
  +--> ?PR?_USB_INIT?USB_API
  +--> ?PR?USB_INT_ENABLE?USB_INT_ENABLE
  +--> ?PR?LCD_INIT?LCD

?PR?_USB_INIT?USB_API                            -----    -----      0274H    0011H
  +--> ?CO?USB_API
  +--> ?PR?USBXCORE_CLKREC?USB_CLOCK_RECOVERY

?PR?LCD_INIT?LCD                                 -----    -----      -----    -----
  +--> ?PR?READDATA?LCD
  +--> ?PR?_DELAY?MAIN
  +--> ?PR?_WRITECOMM?LCD
  +--> ?PR?_WRITEDATA?LCD

?PR?READDATA?LCD                                 -----    -----      -----    -----
  +--> ?PR?_LCD_READ_IC_ID?LCD

?PR?_LCD_READ_IC_ID?LCD                          005BH    0008H      -----    -----

?PR?DISPFRAME?LCD                                0052H    0002H      -----    -----
  +--> ?PR?_?BLOCKWRITE?LCD
  +--> ?PR?_WRITEDISPDATA?LCD

?PR?_STOPDELAY?MAIN                              0052H    0004H      -----    -----
  +--> ?PR?WAITKEY?MAIN
  +--> ?PR?_DELAY?MAIN

?PR?WAITKEY?MAIN                                 -----    -----      -----    -----
  +--> ?PR?CONNTOUSB?MAIN
  +--> ?PR?_DELAY?MAIN

?PR?CONNTOUSB?MAIN                               0056H    0005H      0274H    0058H
  +--> ?CO?MAIN
  +--> ?PR?_WRITECOMM?LCD
  +--> ?PR?_WRITEDATA?LCD
  +--> ?PR?_DISPSTR?LCD
  +--> ?PR?_DISPINT?LCD
  +--> ?PR?_WRITEDISPDATA?LCD
  +--> ?PR?_MMC_SD_WRITESINGLEBLOCK?MMC_SD
  +--> ?PR?_BLOCK_WRITE?BLOCK_WRITE
  +--> ?PR?READDATA?LCD
  +--> ?PR?_DELAY?MAIN

?PR?_DISPSTR?LCD                                 005BH    000BH      -----    -----
  +--> ?PR?_TOORD?LCD
  +--> ?PR?_DISPONECHAR?LCD

?PR?_DISPONECHAR?LCD                             0066H    000DH      -----    -----
  +--> ?PR?_?BLOCKWRITE?LCD
  +--> ?CO?LCD
  +--> ?PR?_WRITEONEDOT?LCD

?PR?_WRITEONEDOT?LCD                             -----    -----      -----    -----
BL51 BANKED LINKER/LOCATER V6.22                                                      05/24/2020  13:51:50  PAGE 7


  +--> ?PR?_WRITEDISPDATA?LCD

?PR?_DISPINT?LCD                                 005BH    000AH      -----    -----
  +--> ?PR?_DISPONECHAR?LCD

?PR?_MMC_SD_WRITESINGLEBLOCK?MMC_SD              005BH    0004H      -----    -----
  +--> ?PR?_MMC_SD_SENDCOMMAND?MMC_SD
  +--> ?PR?_SPI_WRITEBYTE?MMC_SD

?PR?_MMC_SD_SENDCOMMAND?MMC_SD                   005FH    0005H      -----    -----
  +--> ?PR?_SPI_WRITEBYTE?MMC_SD

?PR?DISPBAND?LCD                                 0052H    0004H      -----    -----
  +--> ?PR?_?BLOCKWRITE?LCD
  +--> ?PR?_WRITEDISPDATA?LCD

?PR?DISPGRAYHOR16?LCD                            0052H    0004H      -----    -----
  +--> ?PR?_?BLOCKWRITE?LCD
  +--> ?PR?_WRITEDISPDATA?LCD

?PR?_DISPCOLOR?LCD                               0052H    0003H      -----    -----
  +--> ?PR?_?BLOCKWRITE?LCD
  +--> ?PR?_WRITEDISPDATA?LCD

?PR?TP_DRAWLINE?TP                               -----    -----      0274H    0018H
  +--> ?PR?_DISPCOLOR?LCD
  +--> ?PR?_DELAY?MAIN
  +--> ?PR?_TP_GETPOSITION?TP
  +--> ?PR?_PUTPIXEL?LCD

?PR?_TP_GETPOSITION?TP                           -----    -----      028CH    001BH
  +--> ?PR?_TP_WRITE?TP
  +--> ?PR?TP_READ?TP

?PR?_TP_WRITE?TP                                 -----    -----      02A7H    0001H

?PR?TP_READ?TP                                   -----    -----      02A7H    0005H

?PR?_PUTPIXEL?LCD                                0052H    0002H      -----    -----
  +--> ?PR?_?BLOCKWRITE?LCD
  +--> ?PR?_WRITEDISPDATA?LCD



SYMBOL TABLE OF MODULE:  GC9203_IVO2.2_3W2L (MAIN)

  VALUE           TYPE          NAME
  ----------------------------------

  -------         MODULE        MAIN
  C:0000H         SYMBOL        _ICE_DUMMY_
  D:0080H         PUBLIC        P0
  X:0000H         PUBLIC        f_down
  D:0090H         PUBLIC        P1
  D:00A0H         PUBLIC        P2
  D:00B0H         PUBLIC        P3
  C:372FH         PUBLIC        USB_MaxPower
BL51 BANKED LINKER/LOCATER V6.22                                                      05/24/2020  13:51:50  PAGE 8


  B:00B0H.6       PUBLIC        KEY_STEP
  D:00A4H         PUBLIC        P0MDOUT
  D:00A5H         PUBLIC        P1MDOUT
  D:00A6H         PUBLIC        P2MDOUT
  D:00A7H         PUBLIC        P3MDOUT
  D:00AEH         PUBLIC        P4MDOUT
  B:0080H.6       PUBLIC        OE
  D:00D9H         PUBLIC        PCA0MD
  C:2006H         PUBLIC        USB_API_TEST_ISR
  C:003DH         PUBLIC        Suspend_Device
  C:3641H         PUBLIC        _StopDelay
  D:00E1H         PUBLIC        XBR0
  D:00E2H         PUBLIC        XBR1
  B:00B0H.1       PUBLIC        RS
  C:38BEH         PUBLIC        main
  X:0001H         PUBLIC        VerifyCode0
  X:0002H         PUBLIC        VerifyCode1
  C:36F9H         PUBLIC        USB_PID
  X:0003H         PUBLIC        VerifyCode2
  D:00F1H         PUBLIC        P0MDIN
  D:00F2H         PUBLIC        P1MDIN
  C:36FBH         PUBLIC        USB_MfrStr
  D:00F4H         PUBLIC        P3MDIN
  C:36F7H         PUBLIC        USB_VID
  D:00F8H         PUBLIC        SPI0CN
  X:0004H         PUBLIC        pic
  C:33B3H         PUBLIC        Devices_Init
  C:008EH         PUBLIC        ConnToUSB
  D:00A9H         PUBLIC        CLKSEL
  D:00B2H         PUBLIC        OSCICN
  C:3730H         PUBLIC        USB_PwAttributes
  C:3A30H         PUBLIC        WaitKey
  C:3733H         SYMBOL        _?ix1000
  B:00B0H.0       PUBLIC        CS0
  X:0005H         PUBLIC        bf
  C:3731H         PUBLIC        USB_bcdDevice
  D:00B9H         PUBLIC        CLKMUL
  X:0007H         PUBLIC        f_debug
  X:0008H         PUBLIC        sd
  X:02CCH         PUBLIC        Packet
  C:0046H         PUBLIC        MCU_Init
  B:0080H.7       PUBLIC        DIR
  D:00EFH         PUBLIC        RSTSRC
  X:000CH         PUBLIC        f_read
  C:3725H         PUBLIC        USB_SerialStr
  X:000DH         PUBLIC        f_other
  C:3715H         PUBLIC        USB_ProductStr
  X:000EH         PUBLIC        f_para
  D:00A1H         PUBLIC        SPI0CFG
  C:399BH         PUBLIC        _Delay
  B:00B0H.7       PUBLIC        KEY_Stop
  X:000FH         PUBLIC        f_init
  -------         PROC          MAIN
  C:38BEH         LINE#         40
  C:38BEH         LINE#         41
  C:38BEH         LINE#         46
  C:38C1H         LINE#         48
BL51 BANKED LINKER/LOCATER V6.22                                                      05/24/2020  13:51:50  PAGE 9


  C:38C4H         LINE#         49
  C:38C4H         LINE#         67
  C:38CAH         LINE#         72
  C:38D0H         LINE#         73
  C:38D6H         LINE#         74
  C:38DFH         LINE#         80
  C:38E2H         LINE#         82
  C:38E4H         LINE#         83
  -------         ENDPROC       MAIN
  -------         PROC          _DELAY
  D:0006H         SYMBOL        dly
  -------         DO            
  D:0004H         SYMBOL        i
  D:0002H         SYMBOL        j
  -------         ENDDO         
  C:399BH         LINE#         86
  C:399BH         LINE#         87
  C:399BH         LINE#         90
  C:39A5H         LINE#         91
  C:39B9H         LINE#         92
  -------         ENDPROC       _DELAY
  C:363DH         SYMBOL        L?0133
  -------         PROC          L?0132
  -------         ENDPROC       L?0132
  C:363DH         SYMBOL        L?0133
  -------         PROC          _STOPDELAY
  X:0052H         SYMBOL        sdly
  -------         DO            
  D:0006H         SYMBOL        i
  D:0004H         SYMBOL        j
  X:0054H         SYMBOL        k
  -------         ENDDO         
  C:3641H         LINE#         94
  C:3648H         LINE#         95
  C:3648H         LINE#         97
  C:364DH         LINE#         98
  C:364DH         LINE#         99
  C:3650H         LINE#         100
  C:3650H         LINE#         101
  C:365DH         LINE#         102
  C:3671H         LINE#         103
  C:3671H         LINE#         105
  C:3671H         LINE#         106
  C:367BH         LINE#         107
  C:367BH         LINE#         108
  C:3691H         LINE#         109
  -------         ENDPROC       _STOPDELAY
  -------         PROC          WAITKEY
  C:3A30H         LINE#         138
  C:3A30H         LINE#         139
  C:3A30H         LINE#         141
  C:3A33H         LINE#         142
  C:3A33H         LINE#         144
  C:3A36H         LINE#         146
  C:3A38H         LINE#         147
  C:3A3FH         LINE#         148
  C:3A42H         LINE#         150
BL51 BANKED LINKER/LOCATER V6.22                                                      05/24/2020  13:51:50  PAGE 10


  -------         ENDPROC       WAITKEY
  -------         PROC          CONNTOUSB
  -------         DO            
  X:0056H         SYMBOL        i
  X:0274H         SYMBOL        reg_data
  X:028CH         SYMBOL        para_data
  D:0007H         SYMBOL        dat
  X:0057H         SYMBOL        reg_index
  X:0059H         SYMBOL        data_num
  X:005AH         SYMBOL        st
  -------         ENDDO         
  C:008EH         LINE#         155
  C:008EH         LINE#         156
  C:008EH         LINE#         163
  C:00A1H         LINE#         165
  C:00A9H         LINE#         166
  C:00A9H         LINE#         167
  C:00B7H         LINE#         168
  C:00B7H         LINE#         169
  C:00C8H         LINE#         170
  C:00C8H         LINE#         171
  C:00EEH         LINE#         172
  C:00F0H         LINE#         173
  C:0104H         LINE#         174
  C:0104H         LINE#         175
  C:012AH         LINE#         177
  C:012AH         LINE#         178
  C:012AH         LINE#         179
  C:012AH         LINE#         181
  C:012AH         LINE#         182
  C:0132H         LINE#         183
  C:013CH         LINE#         184
  C:0146H         LINE#         186
  C:0162H         LINE#         188
  C:016CH         LINE#         189
  C:016CH         LINE#         190
  C:017DH         LINE#         191
  C:017DH         LINE#         192
  C:018EH         LINE#         193
  C:018EH         LINE#         194
  C:01E1H         LINE#         195
  C:01E3H         LINE#         196
  C:01F9H         LINE#         197
  C:01F9H         LINE#         198
  C:024BH         LINE#         199
  C:024BH         LINE#         200
  C:024BH         LINE#         201
  C:024BH         LINE#         203
  C:024BH         LINE#         204
  C:0253H         LINE#         205
  C:0253H         LINE#         206
  C:025DH         LINE#         207
  C:0267H         LINE#         209
  C:026BH         LINE#         210
  C:026EH         LINE#         214
  C:0276H         LINE#         215
  C:0276H         LINE#         216
BL51 BANKED LINKER/LOCATER V6.22                                                      05/24/2020  13:51:50  PAGE 11


  C:0285H         LINE#         217
  C:0285H         LINE#         218
  C:0287H         LINE#         220
  C:0289H         LINE#         221
  C:02A5H         LINE#         222
  C:02A7H         LINE#         224
  C:02D0H         LINE#         225
  C:02F4H         LINE#         226
  C:02FEH         LINE#         227
  C:02FEH         LINE#         228
  C:0306H         LINE#         229
  C:030DH         LINE#         230
  C:0318H         LINE#         231
  C:031EH         LINE#         232
  C:031EH         LINE#         233
  C:0327H         LINE#         235
  C:032BH         LINE#         236
  C:0337H         LINE#         237
  C:033AH         LINE#         240
  C:0342H         LINE#         241
  C:0342H         LINE#         242
  C:034BH         LINE#         243
  C:034BH         LINE#         244
  C:035BH         LINE#         245
  C:035BH         LINE#         246
  C:035DH         LINE#         248
  C:035FH         LINE#         249
  C:037BH         LINE#         250
  C:037DH         LINE#         252
  C:03A6H         LINE#         253
  C:03CAH         LINE#         255
  C:03D4H         LINE#         256
  C:03D4H         LINE#         257
  C:03DCH         LINE#         258
  C:03E3H         LINE#         259
  C:03EEH         LINE#         260
  C:03F4H         LINE#         261
  C:03F4H         LINE#         263
  C:03FDH         LINE#         269
  C:03FDH         LINE#         270
  C:040AH         LINE#         271
  C:040AH         LINE#         272
  C:040CH         LINE#         274
  C:040EH         LINE#         275
  C:042AH         LINE#         276
  C:042CH         LINE#         278
  C:0434H         LINE#         279
  C:0438H         LINE#         280
  C:0444H         LINE#         281
  C:0444H         LINE#         282
  C:0447H         LINE#         285
  C:044FH         LINE#         286
  C:044FH         LINE#         287
  C:0460H         LINE#         288
  C:0460H         LINE#         289
  C:046DH         LINE#         290
  C:046DH         LINE#         291
BL51 BANKED LINKER/LOCATER V6.22                                                      05/24/2020  13:51:50  PAGE 12


  C:048BH         LINE#         292
  C:048DH         LINE#         293
  C:049DH         LINE#         294
  C:049DH         LINE#         295
  C:04BBH         LINE#         296
  C:04BDH         LINE#         297
  C:04CEH         LINE#         298
  C:04CEH         LINE#         299
  C:04D8H         LINE#         300
  C:04E2H         LINE#         301
  C:04E2H         LINE#         302
  C:04E2H         LINE#         303
  C:04E2H         LINE#         305
  C:04E2H         LINE#         306
  C:04EBH         LINE#         307
  C:04EFH         LINE#         308
  C:04FBH         LINE#         309
  C:04FEH         LINE#         312
  C:0506H         LINE#         313
  C:0506H         LINE#         314
  C:0513H         LINE#         315
  C:0524H         LINE#         317
  C:052DH         LINE#         318
  C:053CH         LINE#         320
  C:0544H         LINE#         321
  C:0544H         LINE#         322
  C:054DH         LINE#         323
  C:055CH         LINE#         324
  C:055CH         LINE#         325
  C:055FH         LINE#         326
  C:056EH         LINE#         327
  C:057AH         LINE#         328
  C:0580H         LINE#         329
  C:0580H         LINE#         331
  C:0584H         LINE#         332
  C:0593H         LINE#         334
  C:059AH         LINE#         335
  C:05B6H         LINE#         336
  C:05C0H         LINE#         337
  C:05C0H         LINE#         338
  C:05E6H         LINE#         339
  C:05F9H         LINE#         340
  C:05F9H         LINE#         341
  C:064BH         LINE#         342
  C:0653H         LINE#         343
  C:0653H         LINE#         344
  C:0653H         LINE#         347
  C:0658H         LINE#         348
  C:0658H         LINE#         349
  C:0665H         LINE#         350
  C:0676H         LINE#         352
  C:067BH         LINE#         353
  C:067FH         LINE#         354
  C:0682H         LINE#         355
  C:0686H         LINE#         357
  C:068AH         LINE#         358
  C:0696H         LINE#         359
BL51 BANKED LINKER/LOCATER V6.22                                                      05/24/2020  13:51:50  PAGE 13


  C:0698H         LINE#         360
  -------         ENDPROC       CONNTOUSB
  -------         PROC          MCU_INIT
  -------         DO            
  D:0007H         SYMBOL        n
  -------         ENDDO         
  C:0046H         LINE#         363
  C:0046H         LINE#         364
  C:0046H         LINE#         366
  C:0049H         LINE#         369
  C:004CH         LINE#         370
  C:004FH         LINE#         372
  C:0052H         LINE#         374
  C:0058H         LINE#         376
  C:005BH         LINE#         377
  C:0060H         LINE#         378
  C:0063H         LINE#         380
  C:0066H         LINE#         383
  C:0069H         LINE#         384
  C:006CH         LINE#         386
  C:006FH         LINE#         387
  C:0072H         LINE#         389
  C:0075H         LINE#         390
  C:0078H         LINE#         392
  C:007BH         LINE#         393
  C:007EH         LINE#         394
  C:0080H         LINE#         395
  C:0082H         LINE#         397
  C:0085H         LINE#         398
  C:0088H         LINE#         400
  -------         ENDPROC       MCU_INIT
  -------         PROC          DEVICES_INIT
  C:33B3H         LINE#         402
  C:33B3H         LINE#         403
  C:33B3H         LINE#         405
  C:33B6H         LINE#         408
  C:33B9H         LINE#         409
  C:3413H         LINE#         410
  C:3416H         LINE#         413
  C:3419H         LINE#         414
  C:341CH         LINE#         422
  -------         ENDPROC       DEVICES_INIT
  -------         PROC          SUSPEND_DEVICE
  C:003DH         LINE#         426
  C:003DH         LINE#         427
  C:003DH         LINE#         428
  -------         ENDPROC       SUSPEND_DEVICE
  -------         PROC          USB_API_TEST_ISR
  -------         DO            
  X:0050H         SYMBOL        INTVAL
  -------         ENDDO         
  C:2006H         LINE#         432
  C:2023H         LINE#         434
  C:202AH         LINE#         436
  C:2030H         LINE#         437
  C:2030H         LINE#         438
  C:203BH         LINE#         440
BL51 BANKED LINKER/LOCATER V6.22                                                      05/24/2020  13:51:50  PAGE 14


  C:2057H         LINE#         441
  C:2057H         LINE#         442
  C:2059H         LINE#         443
  C:205BH         LINE#         444
  C:2071H         LINE#         445
  C:2071H         LINE#         446
  C:2073H         LINE#         447
  C:2075H         LINE#         448
  C:208DH         LINE#         449
  C:208DH         LINE#         450
  C:208FH         LINE#         451
  C:2091H         LINE#         452
  C:20ABH         LINE#         453
  C:20ABH         LINE#         454
  C:20ADH         LINE#         455
  C:20AFH         LINE#         456
  C:20C4H         LINE#         457
  C:20C4H         LINE#         458
  C:20C6H         LINE#         459
  C:20C8H         LINE#         461
  C:20C8H         LINE#         462
  C:20CDH         LINE#         463
  C:20CDH         LINE#         464
  C:20CDH         LINE#         466
  C:20CDH         LINE#         467
  C:20CDH         LINE#         469
  C:20CDH         LINE#         471
  C:20D3H         LINE#         472
  C:20D3H         LINE#         473
  C:20D6H         LINE#         474
  C:20D6H         LINE#         476
  C:20DCH         LINE#         477
  C:20DCH         LINE#         478
  C:20DFH         LINE#         479
  C:20DFH         LINE#         481
  C:20E5H         LINE#         482
  C:20E5H         LINE#         483
  C:2100H         LINE#         484
  C:2100H         LINE#         486
  C:2106H         LINE#         487
  C:2106H         LINE#         488
  C:210BH         LINE#         489
  C:2126H         LINE#         490
  C:2126H         LINE#         491
  -------         ENDPROC       USB_API_TEST_ISR
  -------         ENDMOD        MAIN

  -------         MODULE        MMC_SD
  C:0000H         SYMBOL        _ICE_DUMMY_
  D:00A2H         PUBLIC        SPI0CKR
  D:0080H         PUBLIC        P0
  D:0090H         PUBLIC        P1
  D:00A0H         PUBLIC        P2
  D:00B0H         PUBLIC        P3
  C:3258H         PUBLIC        _MMC_SD_SendCommand
  C:341FH         PUBLIC        _MMC_SD_ReadSingleBlock
  C:3A43H         PUBLIC        SD_Init
BL51 BANKED LINKER/LOCATER V6.22                                                      05/24/2020  13:51:50  PAGE 15


  C:3165H         PUBLIC        _MMC_SD_WriteSingleBlock
  B:00F8H.7       PUBLIC        SPIF
  B:00F8H.2       PUBLIC        NSSMD0
  C:2847H         PUBLIC        MMC_SD_Reset
  D:00A9H         PUBLIC        CLKSEL
  C:3A6EH         PUBLIC        SPI_ReadByte
  C:39FCH         PUBLIC        _SPI_WriteByte
  D:00A3H         PUBLIC        SPI0DAT
  X:0074H         PUBLIC        buffer
  C:39F0H         SYMBOL        L?0062
  C:39F5H         SYMBOL        L?0063
  -------         PROC          L?0061
  -------         ENDPROC       L?0061
  C:39F0H         SYMBOL        L?0062
  C:39F5H         SYMBOL        L?0063
  -------         PROC          _SPI_WRITEBYTE
  D:0007H         SYMBOL        val
  -------         DO            
  D:0007H         SYMBOL        ret
  -------         ENDDO         
  C:39FCH         LINE#         7
  C:39FCH         LINE#         8
  C:39FCH         LINE#         11
  C:39FEH         LINE#         12
  C:3A01H         LINE#         13
  C:3A03H         LINE#         14
  C:3A05H         LINE#         15
  C:3A05H         LINE#         16
  -------         ENDPROC       _SPI_WRITEBYTE
  -------         PROC          SPI_READBYTE
  -------         DO            
  D:0007H         SYMBOL        ret
  -------         ENDDO         
  C:3A6EH         LINE#         18
  C:3A6EH         LINE#         19
  C:3A6EH         LINE#         22
  C:3A71H         LINE#         23
  C:3A74H         LINE#         24
  C:3A76H         LINE#         25
  C:3A78H         LINE#         26
  C:3A78H         LINE#         27
  -------         ENDPROC       SPI_READBYTE
  -------         PROC          _MMC_SD_SENDCOMMAND
  D:0006H         SYMBOL        cmd
  X:0060H         SYMBOL        arg
  -------         DO            
  D:0007H         SYMBOL        r1
  D:0003H         SYMBOL        retry
  -------         ENDDO         
  C:3258H         LINE#         29
  C:325AH         LINE#         30
  C:325AH         LINE#         32
  C:325CH         LINE#         34
  C:325CH         LINE#         35
  C:325CH         LINE#         36
  C:325FH         LINE#         37
  C:325FH         LINE#         38
BL51 BANKED LINKER/LOCATER V6.22                                                      05/24/2020  13:51:50  PAGE 16


  C:325FH         LINE#         39
  C:3262H         LINE#         41
  C:3264H         LINE#         43
  C:326BH         LINE#         44
  C:3280H         LINE#         45
  C:3295H         LINE#         46
  C:32AAH         LINE#         47
  C:32B4H         LINE#         48
  C:32B9H         LINE#         50
  C:32C1H         LINE#         51
  C:32CAH         LINE#         53
  C:32CCH         LINE#         55
  C:32CCH         LINE#         56
  -------         ENDPROC       _MMC_SD_SENDCOMMAND
  -------         PROC          MMC_SD_RESET
  -------         DO            
  D:0005H         SYMBOL        i
  D:0002H         SYMBOL        retry
  D:0006H         SYMBOL        r1
  -------         ENDDO         
  C:2847H         LINE#         58
  C:2847H         LINE#         59
  C:2847H         LINE#         62
  C:2849H         LINE#         64
  C:284AH         LINE#         65
  C:284DH         LINE#         66
  C:2850H         LINE#         68
  C:2850H         LINE#         69
  C:285CH         LINE#         70
  C:286CH         LINE#         71
  C:286DH         LINE#         72
  C:2873H         LINE#         73
  C:2877H         LINE#         75
  C:2879H         LINE#         77
  C:2879H         LINE#         79
  C:2879H         LINE#         80
  C:2889H         LINE#         81
  C:288AH         LINE#         82
  C:2893H         LINE#         83
  C:2897H         LINE#         85
  C:2899H         LINE#         86
  C:28A9H         LINE#         87
  C:28AAH         LINE#         88
  C:28B3H         LINE#         89
  C:28B6H         LINE#         91
  C:28B9H         LINE#         92
  C:28B9H         LINE#         93
  C:28BBH         LINE#         95
  C:28BBH         LINE#         96
  C:28CBH         LINE#         97
  C:28CCH         LINE#         98
  C:28D5H         LINE#         99
  C:28D8H         LINE#         100
  C:28D8H         LINE#         101
  C:28E8H         LINE#         103
  C:28F6H         LINE#         104
  C:28F9H         LINE#         105
BL51 BANKED LINKER/LOCATER V6.22                                                      05/24/2020  13:51:50  PAGE 17


  C:28FCH         LINE#         106
  C:28FDH         LINE#         107
  -------         ENDPROC       MMC_SD_RESET
  -------         PROC          _MMC_SD_READSINGLEBLOCK
  X:0010H         SYMBOL        sector
  -------         DO            
  D:0007H         SYMBOL        r1
  D:0004H         SYMBOL        i
  D:0002H         SYMBOL        retry
  -------         ENDDO         
  C:341FH         LINE#         109
  C:3424H         LINE#         110
  C:3424H         LINE#         113
  C:3426H         LINE#         115
  C:3429H         LINE#         117
  C:3429H         LINE#         118
  C:3445H         LINE#         119
  C:3446H         LINE#         120
  C:344FH         LINE#         121
  C:3452H         LINE#         124
  C:3454H         LINE#         126
  C:345AH         LINE#         128
  C:345DH         LINE#         129
  C:345DH         LINE#         130
  C:346CH         LINE#         131
  C:3479H         LINE#         133
  C:3479H         LINE#         134
  C:347CH         LINE#         136
  C:347EH         LINE#         137
  C:3481H         LINE#         138
  C:3482H         LINE#         139
  -------         ENDPROC       _MMC_SD_READSINGLEBLOCK
  -------         PROC          _MMC_SD_WRITESINGLEBLOCK
  X:005BH         SYMBOL        sector
  -------         DO            
  D:0006H         SYMBOL        r1
  D:0004H         SYMBOL        i
  D:0002H         SYMBOL        retry
  -------         ENDDO         
  C:3165H         LINE#         141
  C:316AH         LINE#         142
  C:316AH         LINE#         145
  C:316CH         LINE#         147
  C:316FH         LINE#         149
  C:316FH         LINE#         150
  C:318DH         LINE#         151
  C:318EH         LINE#         152
  C:3197H         LINE#         153
  C:319AH         LINE#         157
  C:319CH         LINE#         159
  C:31A1H         LINE#         161
  C:31A6H         LINE#         163
  C:31A8H         LINE#         164
  C:31A8H         LINE#         165
  C:31B7H         LINE#         166
  C:31C4H         LINE#         168
  C:31C4H         LINE#         169
BL51 BANKED LINKER/LOCATER V6.22                                                      05/24/2020  13:51:50  PAGE 18


  C:31C4H         LINE#         171
  C:31C9H         LINE#         173
  C:31D0H         LINE#         174
  C:31D0H         LINE#         175
  C:31D2H         LINE#         176
  C:31D3H         LINE#         177
  C:31D3H         LINE#         179
  C:31DBH         LINE#         181
  C:31DDH         LINE#         182
  C:31E0H         LINE#         183
  C:31E1H         LINE#         184
  -------         ENDPROC       _MMC_SD_WRITESINGLEBLOCK
  -------         PROC          SD_INIT
  -------         DO            
  D:0001H         SYMBOL        n
  -------         ENDDO         
  C:3A43H         LINE#         187
  C:3A43H         LINE#         188
  C:3A43H         LINE#         189
  C:3A45H         LINE#         191
  C:3A4BH         LINE#         192
  C:3A4BH         LINE#         193
  C:3A4CH         LINE#         194
  C:3A53H         LINE#         196
  -------         ENDPROC       SD_INIT
  -------         ENDMOD        MMC_SD

  -------         MODULE        LCD
  C:0000H         SYMBOL        _ICE_DUMMY_
  D:0080H         PUBLIC        P0
  C:2B12H         PUBLIC        DispFrame
  D:0090H         PUBLIC        P1
  C:2BBCH         PUBLIC        DispScaleVer_Green
  D:00A0H         PUBLIC        P2
  D:00B0H         PUBLIC        P3
  C:1EB6H         PUBLIC        DispBand
  C:35F1H         PUBLIC        _WriteData
  C:0699H         PUBLIC        ascii
  C:13D9H         PUBLIC        _LCD_Read_IC_ID
  D:00A6H         PUBLIC        P2MDOUT
  C:377BH         PUBLIC        _DispColor
  C:3059H         PUBLIC        DispScaleVer_Blue
  C:2F3EH         PUBLIC        _DrawGird
  C:30DFH         PUBLIC        _DrawLine
  B:00D0H.7       PUBLIC        CY
  C:3837H         PUBLIC        _WriteComm
  C:37D3H         PUBLIC        _WriteDispData
  C:2E1EH         PUBLIC        DispScaleVer_Gray
  B:00B0H.1       PUBLIC        RS
  B:00A0H.1       PUBLIC        SPI_CLK
  C:2D8DH         PUBLIC        DispScaleVer_Red
  D:00F3H         PUBLIC        P2MDIN
  C:2278H         PUBLIC        DispScaleVer
  C:27AFH         PUBLIC        _DispOneChar
  C:31E2H         PUBLIC        DispGrayHor32
  C:2C5CH         PUBLIC        DispGrayHor16
  C:28FEH         PUBLIC        _DispInt
BL51 BANKED LINKER/LOCATER V6.22                                                      05/24/2020  13:51:50  PAGE 19


  C:3692H         PUBLIC        _PutPixel
  D:00A9H         PUBLIC        CLKSEL
  B:0090H.6       PUBLIC        RD0
  B:00B0H.0       PUBLIC        CS0
  X:004EH         PUBLIC        LCM_ID
  C:1833H         PUBLIC        LCD_Init
  C:2CF7H         PUBLIC        _DispStr
  B:0090H.7       PUBLIC        WR0
  C:160BH         PUBLIC        DispScaleHor1
  B:00A0H.0       PUBLIC        SPI_DI
  C:3A79H         PUBLIC        _WriteOneDot
  C:1A0DH         PUBLIC        DispScaleHor2
  C:25CCH         PUBLIC        _DispPicFromSD
  B:0080H.7       PUBLIC        DIR
  C:3483H         PUBLIC        _ToOrd
  B:0080H.5       PUBLIC        RST
  C:3A06H         PUBLIC        ReadData
  C:2EC7H         PUBLIC        _?BlockWrite
  -------         PROC          _LCD_READ_IC_ID
  X:005BH         SYMBOL        ID
  D:0004H         SYMBOL        Bug
  D:0003H         SYMBOL        flog
  -------         DO            
  X:005CH         SYMBOL        id
  X:005EH         SYMBOL        id1
  X:0060H         SYMBOL        temp
  D:0005H         SYMBOL        i
  D:0007H         SYMBOL        dat
  D:0001H         SYMBOL        id2
  X:0062H         SYMBOL        id3
  D:0002H         SYMBOL        id4
  -------         ENDDO         
  C:13D9H         LINE#         35
  C:13DDH         LINE#         36
  C:13DDH         LINE#         40
  C:13E5H         LINE#         41
  C:13E5H         LINE#         43
  C:13E7H         LINE#         44
  C:13E9H         LINE#         45
  C:13EBH         LINE#         47
  C:13EEH         LINE#         48
  C:13F0H         LINE#         49
  C:13F2H         LINE#         50
  C:13F4H         LINE#         53
  C:13F7H         LINE#         54
  C:13FAH         LINE#         55
  C:13FDH         LINE#         56
  C:13FFH         LINE#         57
  C:1401H         LINE#         58
  C:1403H         LINE#         63
  C:140DH         LINE#         65
  C:1413H         LINE#         66
  C:141BH         LINE#         68
  C:1421H         LINE#         69
  C:1427H         LINE#         70
  C:1431H         LINE#         72
  C:1437H         LINE#         73
BL51 BANKED LINKER/LOCATER V6.22                                                      05/24/2020  13:51:50  PAGE 20


  C:1439H         LINE#         75
  C:143FH         LINE#         77
  C:1445H         LINE#         78
  C:144FH         LINE#         80
  C:1455H         LINE#         81
  C:145AH         LINE#         83
  C:1460H         LINE#         85
  C:146AH         LINE#         86
  C:1474H         LINE#         88
  C:147AH         LINE#         89
  C:147CH         LINE#         91
  C:148CH         LINE#         92
  C:1496H         LINE#         94
  C:1499H         LINE#         95
  C:149DH         LINE#         96
  C:149DH         LINE#         97
  C:14A6H         LINE#         98
  C:14ACH         LINE#         99
  C:14ACH         LINE#         100
  C:14B6H         LINE#         101
  C:14B8H         LINE#         102
  C:14BCH         LINE#         103
  C:14BCH         LINE#         104
  C:14CBH         LINE#         105
  C:14CBH         LINE#         108
  C:14CBH         LINE#         109
  C:14D4H         LINE#         110
  C:14D4H         LINE#         112
  C:14D7H         LINE#         113
  C:14DBH         LINE#         114
  C:14DDH         LINE#         115
  C:14DFH         LINE#         116
  C:14E1H         LINE#         117
  C:14E1H         LINE#         118
  C:14E3H         LINE#         119
  C:14EBH         LINE#         120
  C:14EDH         LINE#         122
  C:14EFH         LINE#         123
  C:14F3H         LINE#         124
  C:14F8H         LINE#         125
  C:14FBH         LINE#         128
  C:1505H         LINE#         129
  C:1505H         LINE#         130
  C:1507H         LINE#         131
  C:1507H         LINE#         132
  C:1509H         LINE#         133
  C:150BH         LINE#         134
  C:150DH         LINE#         135
  C:1524H         LINE#         136
  C:1526H         LINE#         137
  C:1528H         LINE#         138
  C:152FH         LINE#         139
  C:1539H         LINE#         140
  C:1539H         LINE#         141
  C:153BH         LINE#         142
  C:153BH         LINE#         143
  C:153DH         LINE#         144
BL51 BANKED LINKER/LOCATER V6.22                                                      05/24/2020  13:51:50  PAGE 21


  C:153FH         LINE#         145
  C:1541H         LINE#         146
  C:1558H         LINE#         147
  C:155AH         LINE#         148
  C:155CH         LINE#         149
  C:1561H         LINE#         150
  C:1561H         LINE#         152
  C:1563H         LINE#         153
  C:1563H         LINE#         154
  C:1565H         LINE#         155
  C:1567H         LINE#         156
  C:1569H         LINE#         157
  C:1580H         LINE#         158
  C:1582H         LINE#         159
  C:1584H         LINE#         160
  C:1589H         LINE#         162
  C:158BH         LINE#         163
  C:158BH         LINE#         164
  C:158DH         LINE#         165
  C:158FH         LINE#         166
  C:1591H         LINE#         167
  C:159BH         LINE#         168
  C:159DH         LINE#         169
  C:159FH         LINE#         170
  C:15A4H         LINE#         172
  C:15A6H         LINE#         173
  C:15A6H         LINE#         174
  C:15A8H         LINE#         175
  C:15AAH         LINE#         176
  C:15ACH         LINE#         177
  C:15B8H         LINE#         178
  C:15BAH         LINE#         179
  C:15BCH         LINE#         180
  C:15C1H         LINE#         181
  C:15C4H         LINE#         182
  C:15C6H         LINE#         183
  C:15C8H         LINE#         184
  C:15CAH         LINE#         185
  C:15CCH         LINE#         186
  C:15CEH         LINE#         187
  C:15D0H         LINE#         189
  C:15D4H         LINE#         190
  C:15D4H         LINE#         191
  C:15E4H         LINE#         193
  C:15EFH         LINE#         194
  C:15EFH         LINE#         195
  C:15EFH         LINE#         197
  C:15F5H         LINE#         198
  C:15F5H         LINE#         199
  C:1601H         LINE#         200
  C:1601H         LINE#         202
  C:1601H         LINE#         203
  C:1603H         LINE#         204
  C:160AH         LINE#         205
  -------         ENDPROC       _LCD_READ_IC_ID
  -------         PROC          _WRITECOMM
  D:0004H         SYMBOL        i
BL51 BANKED LINKER/LOCATER V6.22                                                      05/24/2020  13:51:50  PAGE 22


  -------         DO            
  D:0003H         SYMBOL        j
  X:0073H         SYMBOL        DataH
  -------         ENDDO         
  C:3837H         LINE#         208
  C:383BH         LINE#         209
  C:383BH         LINE#         211
  C:383FH         LINE#         212
  C:3841H         LINE#         259
  C:3841H         LINE#         260
  C:3843H         LINE#         261
  C:3845H         LINE#         262
  C:3847H         LINE#         263
  C:3849H         LINE#         264
  C:3849H         LINE#         265
  C:384DH         LINE#         266
  C:3851H         LINE#         268
  C:3853H         LINE#         269
  C:385AH         LINE#         270
  C:385CH         LINE#         271
  C:385EH         LINE#         272
  C:3863H         LINE#         273
  C:3863H         LINE#         319
  C:3865H         LINE#         320
  -------         ENDPROC       _WRITECOMM
  C:35EBH         SYMBOL        L?0462
  C:35ECH         SYMBOL        L?0463
  -------         PROC          L?0461
  -------         ENDPROC       L?0461
  C:35EBH         SYMBOL        L?0462
  C:35ECH         SYMBOL        L?0463
  -------         PROC          _WRITEDATA
  D:0004H         SYMBOL        i
  -------         DO            
  D:0003H         SYMBOL        j
  D:0007H         SYMBOL        DataH
  -------         ENDDO         
  C:35F1H         LINE#         322
  C:35F5H         LINE#         323
  C:35F5H         LINE#         325
  C:35F7H         LINE#         326
  C:35F9H         LINE#         420
  C:35F9H         LINE#         422
  C:35FBH         LINE#         423
  C:35FDH         LINE#         424
  C:35FFH         LINE#         425
  C:3601H         LINE#         426
  C:3601H         LINE#         427
  C:3605H         LINE#         428
  C:3609H         LINE#         430
  C:360BH         LINE#         431
  C:360FH         LINE#         432
  C:3611H         LINE#         433
  C:3613H         LINE#         434
  C:3618H         LINE#         435
  C:361AH         LINE#         436
  C:361CH         LINE#         437
BL51 BANKED LINKER/LOCATER V6.22                                                      05/24/2020  13:51:50  PAGE 23


  C:361EH         LINE#         438
  C:3620H         LINE#         439
  C:3620H         LINE#         440
  C:3624H         LINE#         441
  C:3628H         LINE#         443
  C:362AH         LINE#         444
  C:3631H         LINE#         445
  C:3633H         LINE#         446
  C:3635H         LINE#         447
  C:363AH         LINE#         464
  C:363AH         LINE#         513
  C:363CH         LINE#         514
  -------         ENDPROC       _WRITEDATA
  C:37BEH         SYMBOL        L?0460
  -------         PROC          L?0459
  -------         ENDPROC       L?0459
  C:37BEH         SYMBOL        L?0460
  -------         PROC          _WRITEDISPDATA
  D:0007H         SYMBOL        DataH
  D:0005H         SYMBOL        DataL
  -------         DO            
  D:0006H         SYMBOL        j
  -------         ENDDO         
  C:37D3H         LINE#         516
  C:37D3H         LINE#         517
  C:37D3H         LINE#         519
  C:37D5H         LINE#         577
  C:37D5H         LINE#         578
  C:37D7H         LINE#         579
  C:37D9H         LINE#         580
  C:37DBH         LINE#         581
  C:37DDH         LINE#         582
  C:37DFH         LINE#         583
  C:37DFH         LINE#         584
  C:37E5H         LINE#         585
  C:37EBH         LINE#         586
  C:37F1H         LINE#         587
  C:37F7H         LINE#         588
  C:37FCH         LINE#         590
  C:37FCH         LINE#         638
  C:37FEH         LINE#         639
  -------         ENDPROC       _WRITEDISPDATA
  -------         PROC          _WRITEONEDOT
  D:0004H         SYMBOL        color
  C:3A79H         LINE#         641
  C:3A7DH         LINE#         642
  C:3A7DH         LINE#         655
  -------         ENDPROC       _WRITEONEDOT
  -------         PROC          LCD_INIT
  C:1833H         LINE#         664
  C:1833H         LINE#         665
  C:1833H         LINE#         666
  C:1836H         LINE#         669
  C:1838H         LINE#         670
  C:183FH         LINE#         672
  C:1841H         LINE#         673
  C:1848H         LINE#         675
BL51 BANKED LINKER/LOCATER V6.22                                                      05/24/2020  13:51:50  PAGE 24


  C:184AH         LINE#         676
  C:1851H         LINE#         2122
  C:1858H         LINE#         2123
  C:185FH         LINE#         2124
  C:1866H         LINE#         2125
  C:186DH         LINE#         2126
  C:1874H         LINE#         2127
  C:187AH         LINE#         2128
  C:1880H         LINE#         2129
  C:1887H         LINE#         2130
  C:188EH         LINE#         2131
  C:1894H         LINE#         2134
  C:189AH         LINE#         2135
  C:189FH         LINE#         2136
  C:18A4H         LINE#         2137
  C:18ABH         LINE#         2139
  C:18B2H         LINE#         2142
  C:18B9H         LINE#         2143
  C:18BEH         LINE#         2146
  C:18C3H         LINE#         2147
  C:18C8H         LINE#         2148
  C:18CDH         LINE#         2149
  C:18D2H         LINE#         2150
  C:18D7H         LINE#         2151
  C:18DCH         LINE#         2152
  C:18E1H         LINE#         2153
  C:18E6H         LINE#         2154
  C:18EBH         LINE#         2155
  C:18F0H         LINE#         2156
  C:18F5H         LINE#         2157
  C:18FAH         LINE#         2158
  C:18FFH         LINE#         2159
  C:1904H         LINE#         2160
  C:1909H         LINE#         2161
  C:190EH         LINE#         2162
  C:1913H         LINE#         2163
  C:1918H         LINE#         2164
  C:191DH         LINE#         2165
  C:1922H         LINE#         2166
  C:1927H         LINE#         2167
  C:192CH         LINE#         2168
  C:1931H         LINE#         2169
  C:1936H         LINE#         2172
  C:193BH         LINE#         2173
  C:1942H         LINE#         2174
  C:1949H         LINE#         2175
  C:1950H         LINE#         2176
  C:1957H         LINE#         2177
  C:195EH         LINE#         2178
  C:1965H         LINE#         2179
  C:196CH         LINE#         2180
  C:1973H         LINE#         2181
  C:197AH         LINE#         2182
  C:1981H         LINE#         2183
  C:1988H         LINE#         2184
  C:198FH         LINE#         2185
  C:1996H         LINE#         2186
BL51 BANKED LINKER/LOCATER V6.22                                                      05/24/2020  13:51:50  PAGE 25


  C:199DH         LINE#         2187
  C:19A4H         LINE#         2188
  C:19ABH         LINE#         2189
  C:19B2H         LINE#         2190
  C:19B9H         LINE#         2191
  C:19C0H         LINE#         2192
  C:19C7H         LINE#         2193
  C:19CEH         LINE#         2194
  C:19D5H         LINE#         2195
  C:19DCH         LINE#         2196
  C:19E3H         LINE#         2197
  C:19EAH         LINE#         2198
  C:19F1H         LINE#         2199
  C:19F8H         LINE#         2201
  C:19FFH         LINE#         2202
  C:1A06H         LINE#         2203
  -------         ENDPROC       LCD_INIT
  C:2EAFH         SYMBOL        L?0455
  -------         PROC          L?0454
  -------         ENDPROC       L?0454
  C:2EAFH         SYMBOL        L?0455
  -------         PROC          _?BLOCKWRITE
  p:0000H         SYMBOL        Xstart
  p:0002H         SYMBOL        Xend
  p:0004H         SYMBOL        Ystart
  p:0006H         SYMBOL        Yend
  C:2EC7H         LINE#         4428
  C:2EE8H         LINE#         4433
  C:2EF6H         LINE#         4434
  C:2F02H         LINE#         4435
  C:2F10H         LINE#         4436
  C:2F1AH         LINE#         4438
  C:2F26H         LINE#         4439
  C:2F30H         LINE#         4441
  C:2F37H         LINE#         4555
  -------         ENDPROC       _?BLOCKWRITE
  -------         PROC          _DISPCOLOR
  D:0004H         SYMBOL        color
  -------         DO            
  X:0052H         SYMBOL        i
  D:0002H         SYMBOL        m
  X:0054H         SYMBOL        DataH
  D:0001H         SYMBOL        DataL
  -------         ENDDO         
  C:377BH         LINE#         4557
  C:377DH         LINE#         4558
  C:377DH         LINE#         4561
  C:3783H         LINE#         4563
  C:3786H         LINE#         4565
  C:3788H         LINE#         4566
  C:378EH         LINE#         4567
  C:378EH         LINE#         4568
  C:3791H         LINE#         4569
  C:3791H         LINE#         4570
  C:379AH         LINE#         4571
  C:37A5H         LINE#         4572
  C:37BBH         LINE#         4574
BL51 BANKED LINKER/LOCATER V6.22                                                      05/24/2020  13:51:50  PAGE 26


  C:37BDH         LINE#         4575
  -------         ENDPROC       _DISPCOLOR
  -------         PROC          DISPFRAME
  -------         DO            
  D:0002H         SYMBOL        i
  X:0052H         SYMBOL        j
  D:0001H         SYMBOL        DataH
  D:0004H         SYMBOL        DataL
  -------         ENDDO         
  C:2B12H         LINE#         4577
  C:2B12H         LINE#         4578
  C:2B12H         LINE#         4581
  C:2B15H         LINE#         4583
  C:2B17H         LINE#         4586
  C:2B21H         LINE#         4589
  C:2B23H         LINE#         4590
  C:2B23H         LINE#         4592
  C:2B2EH         LINE#         4594
  C:2B39H         LINE#         4596
  C:2B43H         LINE#         4598
  C:2B49H         LINE#         4599
  C:2B49H         LINE#         4601
  C:2B53H         LINE#         4603
  C:2B56H         LINE#         4604
  C:2B56H         LINE#         4606
  C:2B5EH         LINE#         4608
  C:2B69H         LINE#         4611
  C:2B73H         LINE#         4613
  C:2B89H         LINE#         4615
  C:2B93H         LINE#         4617
  C:2B96H         LINE#         4618
  C:2B96H         LINE#         4620
  C:2BA1H         LINE#         4622
  C:2BACH         LINE#         4624
  C:2BB6H         LINE#         4627
  C:2BB9H         LINE#         4628
  C:2BBBH         LINE#         4629
  -------         ENDPROC       DISPFRAME
  -------         PROC          DISPBAND
  -------         DO            
  D:0002H         SYMBOL        i
  X:0052H         SYMBOL        j
  X:0053H         SYMBOL        k
  X:0054H         SYMBOL        m
  X:0055H         SYMBOL        n
  D:0001H         SYMBOL        x
  -------         ENDDO         
  C:1EB6H         LINE#         4631
  C:1EB6H         LINE#         4632
  C:1EB6H         LINE#         4635
  C:1EC0H         LINE#         4636
  C:1EC9H         LINE#         4637
  C:1ECBH         LINE#         4640
  C:1ECEH         LINE#         4641
  C:1EDCH         LINE#         4642
  C:1EDCH         LINE#         4643
  C:1EF1H         LINE#         4644
BL51 BANKED LINKER/LOCATER V6.22                                                      05/24/2020  13:51:50  PAGE 27


  C:1F06H         LINE#         4645
  C:1F2AH         LINE#         4646
  C:1F31H         LINE#         4647
  C:1F40H         LINE#         4648
  C:1F40H         LINE#         4649
  C:1F55H         LINE#         4650
  C:1F6AH         LINE#         4651
  C:1F8EH         LINE#         4652
  C:1F95H         LINE#         4653
  C:1FABH         LINE#         4654
  C:1FABH         LINE#         4655
  C:1FC0H         LINE#         4656
  C:1FD5H         LINE#         4657
  C:1FF9H         LINE#         4658
  C:2000H         LINE#         4659
  C:2002H         LINE#         4660
  C:2005H         LINE#         4661
  -------         ENDPROC       DISPBAND
  -------         PROC          _DISPPICFROMSD
  D:0001H         SYMBOL        PicNum
  -------         DO            
  X:0014H         SYMBOL        Address_S
  X:0018H         SYMBOL        Address_E
  D:0002H         SYMBOL        i
  X:001CH         SYMBOL        k
  -------         ENDDO         
  C:25CCH         LINE#         4683
  C:25CEH         LINE#         4684
  C:25CEH         LINE#         4690
  C:25D1H         LINE#         4693
  C:25D3H         LINE#         4695
  C:25D5H         LINE#         4697
  C:25DEH         LINE#         4698
  C:2607H         LINE#         4699
  C:2630H         LINE#         4700
  C:2653H         LINE#         4701
  C:2653H         LINE#         4702
  C:2663H         LINE#         4704
  C:266CH         LINE#         4705
  C:266CH         LINE#         4707
  C:2687H         LINE#         4708
  C:2690H         LINE#         4709
  C:26AFH         LINE#         4711
  C:26B1H         LINE#         4749
  -------         ENDPROC       _DISPPICFROMSD
  -------         PROC          DISPSCALEHOR1
  -------         DO            
  X:0020H         SYMBOL        i
  X:0022H         SYMBOL        j
  D:0002H         SYMBOL        k
  -------         ENDDO         
  C:160BH         LINE#         4754
  C:160BH         LINE#         4755
  C:160BH         LINE#         4758
  C:160EH         LINE#         4761
  C:1610H         LINE#         4762
  C:1610H         LINE#         4763
BL51 BANKED LINKER/LOCATER V6.22                                                      05/24/2020  13:51:50  PAGE 28


  C:1632H         LINE#         4764
  C:1638H         LINE#         4765
  C:1638H         LINE#         4766
  C:163EH         LINE#         4767
  C:163EH         LINE#         4768
  C:1653H         LINE#         4769
  C:1669H         LINE#         4770
  C:167FH         LINE#         4772
  C:168AH         LINE#         4775
  C:168DH         LINE#         4776
  C:168DH         LINE#         4777
  C:16AFH         LINE#         4778
  C:16B5H         LINE#         4779
  C:16B5H         LINE#         4780
  C:16BBH         LINE#         4781
  C:16BBH         LINE#         4782
  C:16E6H         LINE#         4783
  C:16FCH         LINE#         4784
  C:1712H         LINE#         4785
  C:1720H         LINE#         4788
  C:1723H         LINE#         4789
  C:1723H         LINE#         4790
  C:1745H         LINE#         4791
  C:174BH         LINE#         4792
  C:174BH         LINE#         4793
  C:1751H         LINE#         4794
  C:1751H         LINE#         4795
  C:175BH         LINE#         4796
  C:1771H         LINE#         4797
  C:1787H         LINE#         4798
  C:1792H         LINE#         4801
  C:1795H         LINE#         4802
  C:1795H         LINE#         4803
  C:17B7H         LINE#         4804
  C:17BDH         LINE#         4805
  C:17BDH         LINE#         4806
  C:17C3H         LINE#         4807
  C:17C3H         LINE#         4808
  C:17F6H         LINE#         4809
  C:180CH         LINE#         4810
  C:1822H         LINE#         4811
  C:1830H         LINE#         4812
  C:1832H         LINE#         4813
  -------         ENDPROC       DISPSCALEHOR1
  -------         PROC          DISPSCALEVER
  -------         DO            
  X:0024H         SYMBOL        i
  X:0026H         SYMBOL        j
  D:0002H         SYMBOL        k
  -------         ENDDO         
  C:2278H         LINE#         4815
  C:2278H         LINE#         4816
  C:2278H         LINE#         4885
  C:227BH         LINE#         4887
  C:227DH         LINE#         4888
  C:227DH         LINE#         4889
  C:2283H         LINE#         4890
BL51 BANKED LINKER/LOCATER V6.22                                                      05/24/2020  13:51:50  PAGE 29


  C:2283H         LINE#         4891
  C:2289H         LINE#         4892
  C:229FH         LINE#         4893
  C:22AAH         LINE#         4895
  C:22ADH         LINE#         4896
  C:22ADH         LINE#         4898
  C:22B3H         LINE#         4899
  C:22B3H         LINE#         4901
  C:22B9H         LINE#         4902
  C:22B9H         LINE#         4903
  C:22CBH         LINE#         4904
  C:22E1H         LINE#         4906
  C:22E7H         LINE#         4907
  C:22E7H         LINE#         4908
  C:230FH         LINE#         4909
  C:2325H         LINE#         4911
  C:232BH         LINE#         4912
  C:232BH         LINE#         4913
  C:2332H         LINE#         4914
  C:2348H         LINE#         4916
  C:234EH         LINE#         4917
  C:234EH         LINE#         4918
  C:2362H         LINE#         4919
  C:2378H         LINE#         4921
  C:2391H         LINE#         4923
  C:239FH         LINE#         4925
  -------         ENDPROC       DISPSCALEVER
  -------         PROC          DISPSCALEVER_RED
  -------         DO            
  X:0028H         SYMBOL        i
  X:002AH         SYMBOL        j
  D:0002H         SYMBOL        k
  -------         ENDDO         
  C:2D8DH         LINE#         4927
  C:2D8DH         LINE#         4928
  C:2D8DH         LINE#         4931
  C:2D90H         LINE#         4933
  C:2D92H         LINE#         4935
  C:2D94H         LINE#         4938
  C:2D96H         LINE#         4939
  C:2D96H         LINE#         4940
  C:2D9CH         LINE#         4941
  C:2D9CH         LINE#         4942
  C:2DA2H         LINE#         4943
  C:2DB8H         LINE#         4944
  C:2DC3H         LINE#         4946
  C:2DC6H         LINE#         4947
  C:2DC6H         LINE#         4948
  C:2DCCH         LINE#         4949
  C:2DCCH         LINE#         4951
  C:2DD2H         LINE#         4952
  C:2DD2H         LINE#         4953
  C:2DE4H         LINE#         4954
  C:2DFAH         LINE#         4955
  C:2E10H         LINE#         4957
  C:2E1BH         LINE#         4959
  C:2E1DH         LINE#         4960
BL51 BANKED LINKER/LOCATER V6.22                                                      05/24/2020  13:51:50  PAGE 30


  -------         ENDPROC       DISPSCALEVER_RED
  -------         PROC          DISPSCALEVER_GREEN
  -------         DO            
  X:002CH         SYMBOL        i
  X:002EH         SYMBOL        j
  D:0002H         SYMBOL        k
  -------         ENDDO         
  C:2BBCH         LINE#         4962
  C:2BBCH         LINE#         4963
  C:2BBCH         LINE#         4966
  C:2BBFH         LINE#         4968
  C:2BC1H         LINE#         4969
  C:2BC3H         LINE#         4972
  C:2BC5H         LINE#         4973
  C:2BC5H         LINE#         4974
  C:2BCBH         LINE#         4975
  C:2BCBH         LINE#         4976
  C:2BD1H         LINE#         4978
  C:2BE7H         LINE#         4979
  C:2BF2H         LINE#         4981
  C:2BF5H         LINE#         4982
  C:2BF5H         LINE#         4983
  C:2BFBH         LINE#         4984
  C:2BFBH         LINE#         4986
  C:2C01H         LINE#         4987
  C:2C01H         LINE#         4989
  C:2C22H         LINE#         4990
  C:2C38H         LINE#         4991
  C:2C4EH         LINE#         4993
  C:2C59H         LINE#         4995
  C:2C5BH         LINE#         4996
  -------         ENDPROC       DISPSCALEVER_GREEN
  -------         PROC          DISPSCALEVER_BLUE
  -------         DO            
  X:0030H         SYMBOL        i
  X:0032H         SYMBOL        j
  D:0002H         SYMBOL        k
  -------         ENDDO         
  C:3059H         LINE#         4998
  C:3059H         LINE#         4999
  C:3059H         LINE#         5002
  C:305CH         LINE#         5004
  C:305EH         LINE#         5005
  C:3060H         LINE#         5008
  C:3062H         LINE#         5009
  C:3062H         LINE#         5010
  C:3068H         LINE#         5011
  C:3068H         LINE#         5012
  C:306EH         LINE#         5013
  C:3084H         LINE#         5014
  C:308FH         LINE#         5016
  C:3092H         LINE#         5017
  C:3092H         LINE#         5018
  C:3098H         LINE#         5019
  C:3098H         LINE#         5021
  C:309EH         LINE#         5022
  C:309EH         LINE#         5023
BL51 BANKED LINKER/LOCATER V6.22                                                      05/24/2020  13:51:50  PAGE 31


  C:30A5H         LINE#         5024
  C:30BBH         LINE#         5025
  C:30D1H         LINE#         5027
  C:30DCH         LINE#         5029
  C:30DEH         LINE#         5030
  -------         ENDPROC       DISPSCALEVER_BLUE
  -------         PROC          DISPSCALEVER_GRAY
  -------         DO            
  X:0034H         SYMBOL        i
  X:0036H         SYMBOL        j
  D:0002H         SYMBOL        k
  -------         ENDDO         
  C:2E1EH         LINE#         5032
  C:2E1EH         LINE#         5033
  C:2E1EH         LINE#         5036
  C:2E21H         LINE#         5038
  C:2E23H         LINE#         5043
  C:2E25H         LINE#         5044
  C:2E25H         LINE#         5045
  C:2E2BH         LINE#         5046
  C:2E2BH         LINE#         5047
  C:2E31H         LINE#         5049
  C:2E47H         LINE#         5050
  C:2E52H         LINE#         5052
  C:2E55H         LINE#         5053
  C:2E55H         LINE#         5054
  C:2E5BH         LINE#         5055
  C:2E5BH         LINE#         5057
  C:2E61H         LINE#         5058
  C:2E61H         LINE#         5059
  C:2E75H         LINE#         5060
  C:2E8BH         LINE#         5061
  C:2EA1H         LINE#         5063
  C:2EACH         LINE#         5065
  C:2EAEH         LINE#         5066
  -------         ENDPROC       DISPSCALEVER_GRAY
  -------         PROC          DISPGRAYHOR16
  -------         DO            
  X:0052H         SYMBOL        i
  D:0002H         SYMBOL        j
  X:0054H         SYMBOL        k
  -------         ENDDO         
  C:2C5CH         LINE#         5068
  C:2C5CH         LINE#         5069
  C:2C5CH         LINE#         5072
  C:2C5FH         LINE#         5074
  C:2C61H         LINE#         5075
  C:2C63H         LINE#         5077
  C:2C69H         LINE#         5078
  C:2C69H         LINE#         5079
  C:2C72H         LINE#         5080
  C:2C72H         LINE#         5081
  C:2C78H         LINE#         5082
  C:2C7FH         LINE#         5084
  C:2C82H         LINE#         5085
  C:2C82H         LINE#         5086
  C:2C88H         LINE#         5087
BL51 BANKED LINKER/LOCATER V6.22                                                      05/24/2020  13:51:50  PAGE 32


  C:2C88H         LINE#         5088
  C:2CBAH         LINE#         5089
  C:2CD0H         LINE#         5090
  C:2CDBH         LINE#         5091
  C:2CF4H         LINE#         5093
  C:2CF6H         LINE#         5094
  -------         ENDPROC       DISPGRAYHOR16
  -------         PROC          DISPGRAYHOR32
  -------         DO            
  X:0038H         SYMBOL        i
  D:0002H         SYMBOL        j
  X:003AH         SYMBOL        k
  -------         ENDDO         
  C:31E2H         LINE#         5096
  C:31E2H         LINE#         5097
  C:31E2H         LINE#         5100
  C:31E5H         LINE#         5102
  C:31E7H         LINE#         5104
  C:31EDH         LINE#         5105
  C:31EDH         LINE#         5106
  C:31F0H         LINE#         5107
  C:31F0H         LINE#         5108
  C:31F6H         LINE#         5109
  C:3201H         LINE#         5111
  C:3204H         LINE#         5112
  C:3204H         LINE#         5113
  C:320AH         LINE#         5114
  C:320AH         LINE#         5115
  C:321EH         LINE#         5116
  C:3234H         LINE#         5117
  C:323FH         LINE#         5118
  C:3255H         LINE#         5120
  C:3257H         LINE#         5121
  -------         ENDPROC       DISPGRAYHOR32
  -------         PROC          DISPSCALEHOR2
  -------         DO            
  X:003CH         SYMBOL        j
  D:0002H         SYMBOL        k
  -------         ENDDO         
  C:1A0DH         LINE#         5123
  C:1A0DH         LINE#         5124
  C:1A0DH         LINE#         5127
  C:1A10H         LINE#         5129
  C:1A12H         LINE#         5130
  C:1A12H         LINE#         5131
  C:1A18H         LINE#         5132
  C:1A35H         LINE#         5133
  C:1A40H         LINE#         5134
  C:1A43H         LINE#         5135
  C:1A43H         LINE#         5136
  C:1A49H         LINE#         5137
  C:1A66H         LINE#         5138
  C:1A71H         LINE#         5139
  C:1A74H         LINE#         5140
  C:1A74H         LINE#         5141
  C:1A7AH         LINE#         5142
  C:1A97H         LINE#         5143
BL51 BANKED LINKER/LOCATER V6.22                                                      05/24/2020  13:51:50  PAGE 33


  C:1AA2H         LINE#         5144
  C:1AA5H         LINE#         5145
  C:1AA5H         LINE#         5146
  C:1AABH         LINE#         5147
  C:1AC8H         LINE#         5148
  C:1AD3H         LINE#         5149
  C:1AD6H         LINE#         5150
  C:1AD6H         LINE#         5151
  C:1ADCH         LINE#         5152
  C:1AF9H         LINE#         5153
  C:1B04H         LINE#         5154
  C:1B07H         LINE#         5155
  C:1B07H         LINE#         5156
  C:1B0DH         LINE#         5157
  C:1B2AH         LINE#         5158
  C:1B35H         LINE#         5159
  C:1B38H         LINE#         5160
  C:1B38H         LINE#         5161
  C:1B3EH         LINE#         5162
  C:1B5BH         LINE#         5163
  C:1B66H         LINE#         5164
  C:1B69H         LINE#         5165
  C:1B69H         LINE#         5166
  C:1B6FH         LINE#         5167
  C:1B8BH         LINE#         5168
  C:1B96H         LINE#         5169
  C:1B99H         LINE#         5170
  C:1B99H         LINE#         5171
  C:1B9FH         LINE#         5172
  C:1BBBH         LINE#         5173
  C:1BC6H         LINE#         5175
  -------         ENDPROC       DISPSCALEHOR2
  -------         PROC          _TOORD
  D:0007H         SYMBOL        ch
  C:3483H         LINE#         5280
  C:3483H         LINE#         5281
  C:3483H         LINE#         5282
  C:3489H         LINE#         5283
  C:3489H         LINE#         5284
  C:348BH         LINE#         5285
  C:348DH         LINE#         5286
  C:3499H         LINE#         5287
  C:3499H         LINE#         5288
  C:349DH         LINE#         5289
  C:349FH         LINE#         5290
  C:34ABH         LINE#         5291
  C:34ABH         LINE#         5292
  C:34AFH         LINE#         5293
  C:34B1H         LINE#         5294
  C:34BDH         LINE#         5295
  C:34BDH         LINE#         5296
  C:34C1H         LINE#         5297
  C:34C3H         LINE#         5298
  C:34CFH         LINE#         5299
  C:34CFH         LINE#         5300
  C:34D3H         LINE#         5301
  C:34D5H         LINE#         5302
BL51 BANKED LINKER/LOCATER V6.22                                                      05/24/2020  13:51:50  PAGE 34


  C:34DBH         LINE#         5303
  C:34DBH         LINE#         5304
  C:34DDH         LINE#         5305
  C:34DDH         LINE#         5307
  C:34DDH         LINE#         5308
  -------         ENDPROC       _TOORD
  C:2787H         SYMBOL        L?0457
  C:279FH         SYMBOL        L?0458
  -------         PROC          L?0456
  -------         ENDPROC       L?0456
  C:2787H         SYMBOL        L?0457
  C:279FH         SYMBOL        L?0458
  -------         PROC          _DISPONECHAR
  D:0001H         SYMBOL        ord
  D:0006H         SYMBOL        Xstart
  D:0002H         SYMBOL        Ystart
  X:006BH         SYMBOL        TextColor
  X:006DH         SYMBOL        BackColor
  -------         DO            
  X:006FH         SYMBOL        i
  D:0002H         SYMBOL        j
  X:0070H         SYMBOL        p
  D:0003H         SYMBOL        dat
  D:0006H         SYMBOL        index
  -------         ENDDO         
  C:27AFH         LINE#         5310
  C:27B5H         LINE#         5311
  C:27B5H         LINE#         5317
  C:27CFH         LINE#         5319
  C:27D3H         LINE#         5321
  C:27DCH         LINE#         5322
  C:27DEH         LINE#         5324
  C:27ECH         LINE#         5326
  C:27F9H         LINE#         5327
  C:2800H         LINE#         5329
  C:2804H         LINE#         5330
  C:2804H         LINE#         5331
  C:2819H         LINE#         5332
  C:281BH         LINE#         5333
  C:281BH         LINE#         5334
  C:2828H         LINE#         5335
  C:2828H         LINE#         5336
  C:282AH         LINE#         5337
  C:282CH         LINE#         5339
  C:282CH         LINE#         5340
  C:2836H         LINE#         5341
  C:2836H         LINE#         5342
  C:283BH         LINE#         5343
  C:2846H         LINE#         5344
  -------         ENDPROC       _DISPONECHAR
  -------         PROC          _DISPSTR
  X:005BH         SYMBOL        str
  X:005EH         SYMBOL        Xstart
  X:0060H         SYMBOL        Ystart
  X:0062H         SYMBOL        TextColor
  X:0064H         SYMBOL        BackColor
  C:2CF7H         LINE#         5346
BL51 BANKED LINKER/LOCATER V6.22                                                      05/24/2020  13:51:50  PAGE 35


  C:2D07H         LINE#         5347
  C:2D07H         LINE#         5349
  C:2D1CH         LINE#         5350
  C:2D1CH         LINE#         5351
  C:2D57H         LINE#         5353
  C:2D63H         LINE#         5354
[...]
  C:12D4H         LINE#         308
  C:12D4H         LINE#         309
  C:12D7H         LINE#         310
  C:12D7H         LINE#         311
  C:12D7H         LINE#         312
  C:12D7H         LINE#         313
  C:12D7H         LINE#         314
  C:12E2H         LINE#         315
  C:12E2H         LINE#         316
  C:12E8H         LINE#         317
  C:12F7H         LINE#         318
  C:12F7H         LINE#         319
  C:12FCH         LINE#         320
  C:12FFH         LINE#         321
  C:130EH         LINE#         322
  C:130EH         LINE#         323
  C:1323H         LINE#         324
  C:1328H         LINE#         325
  C:1330H         LINE#         326
  C:133AH         LINE#         327
  C:1348H         LINE#         328
  C:1356H         LINE#         329
  C:1358H         LINE#         331
  C:1358H         LINE#         332
  C:135DH         LINE#         333
  C:1360H         LINE#         334
  C:1378H         LINE#         335
  C:1378H         LINE#         336
  C:1391H         LINE#         337
  C:1396H         LINE#         338
  C:139EH         LINE#         339
  C:13A5H         LINE#         340
  C:13AAH         LINE#         341
  C:13AAH         LINE#         342
  C:13BEH         LINE#         343
  C:13BEH         LINE#         344
  C:13C5H         LINE#         345
  C:13CAH         LINE#         346
  C:13CAH         LINE#         347
  C:13D8H         LINE#         348
  C:13D8H         LINE#         349
  -------         ENDPROC       USBXCORE_HANDLE_SETUP
  -------         PROC          USBXCORE_FORCE_STALL
  C:39BAH         LINE#         356
BL51 BANKED LINKER/LOCATER V6.22                                                      05/24/2020  13:51:50  PAGE 43


  C:39BAH         LINE#         358
  C:39C5H         LINE#         359
  C:39D0H         LINE#         360
  C:39D6H         LINE#         361
  -------         ENDPROC       USBXCORE_FORCE_STALL
  -------         PROC          USBXCORE_GET_STATUS
  C:3340H         LINE#         367
  C:3340H         LINE#         369
  C:334FH         LINE#         370
  C:334FH         LINE#         371
  C:334FH         LINE#         372
  C:334FH         LINE#         373
  C:334FH         LINE#         374
  C:3351H         LINE#         375
  C:3351H         LINE#         379
  C:3351H         LINE#         381
  C:335FH         LINE#         385
  C:335FH         LINE#         386
  C:335FH         LINE#         387
  C:335FH         LINE#         388
  C:3361H         LINE#         390
  C:3361H         LINE#         392
  C:336FH         LINE#         396
  C:336FH         LINE#         397
  C:337CH         LINE#         398
  C:337CH         LINE#         399
  C:337EH         LINE#         401
  C:337EH         LINE#         402
  C:338CH         LINE#         403
  C:3395H         LINE#         404
  C:3395H         LINE#         405
  C:3395H         LINE#         406
  C:3397H         LINE#         407
  C:3397H         LINE#         408
  C:339AH         LINE#         409
  C:339AH         LINE#         410
  C:339AH         LINE#         411
  C:33A2H         LINE#         412
  C:33A2H         LINE#         413
  C:33A5H         LINE#         414
  C:33ABH         LINE#         415
  C:33B2H         LINE#         416
  C:33B2H         LINE#         417
  -------         ENDPROC       USBXCORE_GET_STATUS
  -------         PROC          USBXCORE_CLEAR_FEATURE
  C:3538H         LINE#         423
  C:3538H         LINE#         425
  C:353EH         LINE#         426
  C:353EH         LINE#         428
  C:3545H         LINE#         429
  C:3545H         LINE#         430
  C:3550H         LINE#         436
  C:355BH         LINE#         437
  C:3560H         LINE#         438
  C:3562H         LINE#         440
  C:3562H         LINE#         442
  C:356DH         LINE#         446
BL51 BANKED LINKER/LOCATER V6.22                                                      05/24/2020  13:51:50  PAGE 44


  C:3578H         LINE#         447
  C:357DH         LINE#         448
  C:357DH         LINE#         449
  C:357FH         LINE#         451
  C:357FH         LINE#         452
  C:3582H         LINE#         453
  C:3582H         LINE#         454
  C:358DH         LINE#         455
  -------         ENDPROC       USBXCORE_CLEAR_FEATURE
  -------         PROC          USBXCORE_VENDOR_USB_API
  C:26B2H         LINE#         462
  C:26B2H         LINE#         464
  C:26BCH         LINE#         465
  C:26BCH         LINE#         466
  C:26C3H         LINE#         467
  C:26C3H         LINE#         468
  C:26C6H         LINE#         469
  C:26C9H         LINE#         470
  C:26CBH         LINE#         472
  C:26CBH         LINE#         473
  C:26D2H         LINE#         474
  C:26D2H         LINE#         477
  C:26DDH         LINE#         482
  C:26E8H         LINE#         483
  C:26F3H         LINE#         485
  C:26F3H         LINE#         486
  C:2706H         LINE#         487
  C:2706H         LINE#         488
  C:270AH         LINE#         489
  C:2715H         LINE#         491
  C:2715H         LINE#         492
  C:2728H         LINE#         493
  C:2728H         LINE#         494
  C:272CH         LINE#         495
  C:2737H         LINE#         497
  C:273DH         LINE#         498
  C:2745H         LINE#         499
  C:2745H         LINE#         500
  C:2748H         LINE#         501
  C:2748H         LINE#         502
  C:2748H         LINE#         503
  C:2753H         LINE#         504
  C:2753H         LINE#         505
  C:2759H         LINE#         506
  C:2760H         LINE#         507
  C:2760H         LINE#         508
  C:2764H         LINE#         509
  C:2764H         LINE#         510
  C:276AH         LINE#         511
  C:2771H         LINE#         512
  C:2771H         LINE#         513
  C:277CH         LINE#         514
  -------         ENDPROC       USBXCORE_VENDOR_USB_API
  -------         PROC          USBXCORE_SET_FEATURE
  C:3590H         LINE#         521
  C:3590H         LINE#         523
  C:3596H         LINE#         524
BL51 BANKED LINKER/LOCATER V6.22                                                      05/24/2020  13:51:50  PAGE 45


  C:3596H         LINE#         526
  C:359DH         LINE#         527
  C:359DH         LINE#         528
  C:35A8H         LINE#         534
  C:35B3H         LINE#         535
  C:35B6H         LINE#         536
  C:35B8H         LINE#         538
  C:35B8H         LINE#         540
  C:35C3H         LINE#         544
  C:35CEH         LINE#         545
  C:35D4H         LINE#         546
  C:35D4H         LINE#         548
  C:35D6H         LINE#         550
  C:35D6H         LINE#         551
  C:35D9H         LINE#         552
  C:35D9H         LINE#         553
  C:35E4H         LINE#         554
  -------         ENDPROC       USBXCORE_SET_FEATURE
  -------         PROC          USBXCORE_SET_ADDRESS
  C:397BH         LINE#         561
  C:397BH         LINE#         563
  C:398AH         LINE#         564
  C:3990H         LINE#         565
  C:3990H         LINE#         566
  C:3993H         LINE#         567
  C:3995H         LINE#         569
  C:3995H         LINE#         570
  C:3998H         LINE#         571
  C:3998H         LINE#         572
  -------         ENDPROC       USBXCORE_SET_ADDRESS
  -------         PROC          USBXCORE_GET_DESCRIPTOR
  C:29B1H         LINE#         579
  C:29B1H         LINE#         580
  C:29C0H         LINE#         581
  C:29C0H         LINE#         582
  C:29C0H         LINE#         583
  C:29CEH         LINE#         584
  C:29D2H         LINE#         585
  C:29D4H         LINE#         586
  C:29D4H         LINE#         587
  C:29E2H         LINE#         588
  C:29F5H         LINE#         589
  C:29F7H         LINE#         590
  C:29F7H         LINE#         591
  C:2A1BH         LINE#         592
  C:2A27H         LINE#         593
  C:2A29H         LINE#         594
  C:2A29H         LINE#         595
  C:2A2CH         LINE#         596
  C:2A2CH         LINE#         597
  C:2A2CH         LINE#         598
  C:2A42H         LINE#         599
  C:2A42H         LINE#         600
  C:2A4AH         LINE#         601
  C:2A4AH         LINE#         602
  C:2A52H         LINE#         603
  C:2A52H         LINE#         604
BL51 BANKED LINKER/LOCATER V6.22                                                      05/24/2020  13:51:50  PAGE 46


  C:2A55H         LINE#         605
  C:2A5BH         LINE#         606
  C:2A62H         LINE#         607
  C:2A62H         LINE#         608
  -------         ENDPROC       USBXCORE_GET_DESCRIPTOR
  -------         PROC          USBXCORE_GET_CONFIGURATION
  C:3734H         LINE#         614
  C:3734H         LINE#         616
  C:373CH         LINE#         617
  C:373CH         LINE#         618
  C:3748H         LINE#         619
  C:3750H         LINE#         620
  C:3750H         LINE#         621
  C:3754H         LINE#         622
  C:3754H         LINE#         623
  C:3762H         LINE#         624
  C:376AH         LINE#         625
  C:376AH         LINE#         626
  C:376DH         LINE#         627
  C:3773H         LINE#         628
  C:377AH         LINE#         629
  -------         ENDPROC       USBXCORE_GET_CONFIGURATION
  -------         PROC          USBXCORE_SET_CONFIGURATION
  C:34DEH         LINE#         635
  C:34DEH         LINE#         637
  C:34E7H         LINE#         638
  C:34E7H         LINE#         639
  C:34EEH         LINE#         640
  C:34F4H         LINE#         641
  C:34F9H         LINE#         642
  C:34FBH         LINE#         644
  C:3506H         LINE#         645
  C:3511H         LINE#         646
  C:351CH         LINE#         653
  C:3527H         LINE#         654
  C:3529H         LINE#         656
  C:3529H         LINE#         657
  C:352FH         LINE#         658
  C:3533H         LINE#         659
  C:3535H         LINE#         660
  C:3535H         LINE#         661
  -------         ENDPROC       USBXCORE_SET_CONFIGURATION
  -------         PROC          USBXCORE_GET_INTERFACE
  C:390CH         LINE#         668
  C:390CH         LINE#         670
  C:391AH         LINE#         671
  C:3922H         LINE#         672
  C:3925H         LINE#         673
  C:392BH         LINE#         674
  C:3932H         LINE#         675
  -------         ENDPROC       USBXCORE_GET_INTERFACE
  -------         PROC          USBXCORE_SET_SOP
  C:3A1CH         LINE#         682
  C:3A1CH         LINE#         684
  C:3A24H         LINE#         685
  C:3A24H         LINE#         686
  C:3A2FH         LINE#         687
BL51 BANKED LINKER/LOCATER V6.22                                                      05/24/2020  13:51:50  PAGE 47


  C:3A2FH         LINE#         688
  -------         ENDPROC       USBXCORE_SET_SOP
  -------         PROC          USBXCORE_USB_ISR
  C:1D65H         LINE#         699
  C:1D82H         LINE#         702
  C:1D88H         LINE#         703
  C:1D9BH         LINE#         706
  C:1DAEH         LINE#         709
  C:1DB2H         LINE#         710
  C:1DB2H         LINE#         711
  C:1DBDH         LINE#         712
  C:1DBDH         LINE#         714
  C:1DC4H         LINE#         715
  C:1DC4H         LINE#         716
  C:1DC7H         LINE#         717
  C:1DC7H         LINE#         719
  C:1DCEH         LINE#         720
  C:1DCEH         LINE#         721
  C:1DDBH         LINE#         722
  C:1DDBH         LINE#         723
  C:1DE2H         LINE#         724
  C:1DE2H         LINE#         725
  C:1DE2H         LINE#         727
  C:1DE2H         LINE#         728
  C:1DE2H         LINE#         730
  C:1DE2H         LINE#         732
  C:1DF5H         LINE#         734
  C:1DF9H         LINE#         735
  C:1DF9H         LINE#         736
  C:1DFCH         LINE#         737
  C:1DFCH         LINE#         740
  C:1E03H         LINE#         741
  C:1E03H         LINE#         742
  C:1E0EH         LINE#         748
  C:1E21H         LINE#         749
  C:1E26H         LINE#         750
  C:1E26H         LINE#         751
  C:1E2DH         LINE#         752
  C:1E2DH         LINE#         754
  C:1E2DH         LINE#         756
  C:1E40H         LINE#         759
  C:1E44H         LINE#         760
  C:1E44H         LINE#         761
  C:1E4FH         LINE#         767
  C:1E62H         LINE#         768
  C:1E66H         LINE#         769
  C:1E66H         LINE#         770
  C:1E6DH         LINE#         771
  C:1E6DH         LINE#         772
  C:1E6DH         LINE#         775
  C:1E7BH         LINE#         776
  C:1E80H         LINE#         777
  C:1E86H         LINE#         778
  C:1E8BH         LINE#         781
  C:1E98H         LINE#         782
  C:1E98H         LINE#         783
  C:1E9BH         LINE#         784
BL51 BANKED LINKER/LOCATER V6.22                                                      05/24/2020  13:51:50  PAGE 48


  C:1E9BH         LINE#         785
  -------         ENDPROC       USBXCORE_USB_ISR
  -------         ENDMOD        USB_API

  -------         MODULE        USB_SUSPEND
  C:0000H         SYMBOL        _ICE_DUMMY_
  D:00D7H         PUBLIC        USB0XCN
  D:00C9H         PUBLIC        REG0CN
  C:3893H         PUBLIC        USB_Suspend
  D:00A9H         PUBLIC        CLKSEL
  D:00B2H         PUBLIC        OSCICN
  D:00B9H         PUBLIC        CLKMUL
  -------         PROC          USB_SUSPEND
  C:3893H         LINE#         70
  C:3893H         LINE#         72
  C:3896H         LINE#         74
  C:3899H         LINE#         76
  C:38A1H         LINE#         79
  C:38A4H         LINE#         80
  C:38A7H         LINE#         81
  C:38AAH         LINE#         82
  C:38ADH         LINE#         84
  C:38AEH         LINE#         86
  C:38B1H         LINE#         88
  C:38B7H         LINE#         92
  C:38BAH         LINE#         94
  C:38BDH         LINE#         95
  -------         ENDPROC       USB_SUSPEND
  -------         ENDMOD        USB_SUSPEND

  -------         MODULE        USB_INT_ENABLE
  C:0000H         SYMBOL        _ICE_DUMMY_
  C:39D7H         PUBLIC        USB_Int_Enable
  D:0096H         PUBLIC        USB0ADR
  D:0097H         PUBLIC        USB0DAT
  -------         PROC          USB_INT_ENABLE
  C:39D7H         LINE#         68
  C:39D7H         LINE#         71
  C:39DEH         LINE#         73
  C:39E4H         LINE#         74
  C:39E4H         LINE#         75
  C:39EFH         LINE#         77
  C:39EFH         LINE#         78
  -------         ENDPROC       USB_INT_ENABLE
  -------         ENDMOD        USB_INT_ENABLE

  -------         MODULE        USB_CLOCK_RECOVERY
  C:0000H         SYMBOL        _ICE_DUMMY_
  C:3A62H         PUBLIC        USBXcore_ClkRec
  D:0096H         PUBLIC        USB0ADR
  D:0097H         PUBLIC        USB0DAT
  -------         PROC          USBXCORE_CLKREC
  C:3A62H         LINE#         45
  C:3A62H         LINE#         47
  C:3A6DH         LINE#         48
  -------         ENDPROC       USBXCORE_CLKREC
  -------         ENDMOD        USB_CLOCK_RECOVERY
BL51 BANKED LINKER/LOCATER V6.22                                                      05/24/2020  13:51:50  PAGE 49



  -------         MODULE        ?C?FPMUL
  C:0C99H         PUBLIC        ?C?FPMUL
  -------         ENDMOD        ?C?FPMUL

  -------         MODULE        ?C?FCAST
  C:0DA9H         PUBLIC        ?C?FCASTC
  C:0DA4H         PUBLIC        ?C?FCASTI
  C:0D9FH         PUBLIC        ?C?FCASTL
  -------         ENDMOD        ?C?FCAST

  -------         MODULE        ?C?CASTF
  C:0DDDH         PUBLIC        ?C?CASTF
  -------         ENDMOD        ?C?CASTF

  -------         MODULE        ?C?COPY
  C:0F2EH         PUBLIC        ?C?COPY
  -------         ENDMOD        ?C?COPY

  -------         MODULE        ?C?CLDPTR
  C:0F54H         PUBLIC        ?C?CLDPTR
  -------         ENDMOD        ?C?CLDPTR

  -------         MODULE        ?C?CLDOPTR
  C:0F6DH         PUBLIC        ?C?CLDOPTR
  -------         ENDMOD        ?C?CLDOPTR

  -------         MODULE        ?C?IMUL
  C:0F9AH         PUBLIC        ?C?IMUL
  -------         ENDMOD        ?C?IMUL

  -------         MODULE        ?C?IILDX
  C:0FACH         PUBLIC        ?C?IILDX
  -------         ENDMOD        ?C?IILDX

  -------         MODULE        ?C?LMUL
  C:0FC2H         PUBLIC        ?C?LMUL
  -------         ENDMOD        ?C?LMUL

  -------         MODULE        ?C?ULDIV
  C:104DH         PUBLIC        ?C?ULDIV
  -------         ENDMOD        ?C?ULDIV

  -------         MODULE        ?C?LNEG
  C:10DFH         PUBLIC        ?C?LNEG
  -------         ENDMOD        ?C?LNEG

  -------         MODULE        ?C?ULCMP
  C:10EDH         PUBLIC        ?C?ULCMP
  -------         ENDMOD        ?C?ULCMP

  -------         MODULE        ?C?ULSHR
  C:10FEH         PUBLIC        ?C?ULSHR
  -------         ENDMOD        ?C?ULSHR

  -------         MODULE        ?C?LSHL
  C:1111H         PUBLIC        ?C?LSHL
BL51 BANKED LINKER/LOCATER V6.22                                                      05/24/2020  13:51:50  PAGE 50


  -------         ENDMOD        ?C?LSHL

  -------         MODULE        ?C?LLDIPDATA
  C:112DH         PUBLIC        ?C?LLDIPDATA
  C:1124H         PUBLIC        ?C?LLDIPDATA1
  C:1126H         PUBLIC        ?C?LLDIPDATA8
  -------         ENDMOD        ?C?LLDIPDATA

  -------         MODULE        ?C?LSTXDATA
  C:1144H         PUBLIC        ?C?LSTXDATA
  -------         ENDMOD        ?C?LSTXDATA

  -------         MODULE        ?C?LSTPDATA
  C:1150H         PUBLIC        ?C?LSTPDATA
  -------         ENDMOD        ?C?LSTPDATA

  -------         MODULE        ?C?LSTKXDATA
  C:115CH         PUBLIC        ?C?LSTKXDATA
  -------         ENDMOD        ?C?LSTKXDATA

  -------         MODULE        ?C?LSTKPDATA
  C:118DH         PUBLIC        ?C?LSTKPDATA
  -------         ENDMOD        ?C?LSTKPDATA

  -------         MODULE        ?C_PBP
  D:0008H         PUBLIC        ?C_PBP
  -------         ENDMOD        ?C_PBP

*** WARNING L14: INCOMPATIBLE MEMORY MODEL
    MODULE:  .\USBX_F34X.LIB (USB_API)
    MODEL:   SMALL

*** WARNING L14: INCOMPATIBLE MEMORY MODEL
    MODULE:  .\USBX_F34X.LIB (USB_SUSPEND)
    MODEL:   SMALL

*** WARNING L14: INCOMPATIBLE MEMORY MODEL
    MODULE:  .\USBX_F34X.LIB (USB_INT_ENABLE)
    MODEL:   SMALL

*** WARNING L14: INCOMPATIBLE MEMORY MODEL
    MODULE:  .\USBX_F34X.LIB (USB_CLOCK_RECOVERY)
    MODEL:   SMALL

*** WARNING L16: UNCALLED SEGMENT, IGNORED FOR OVERLAY PROCESS
    SEGMENT: ?PR?SD_INIT?MMC_SD

*** WARNING L16: UNCALLED SEGMENT, IGNORED FOR OVERLAY PROCESS
    SEGMENT: ?PR?_DISPPICFROMSD?LCD

*** WARNING L16: UNCALLED SEGMENT, IGNORED FOR OVERLAY PROCESS
    SEGMENT: ?PR?DISPSCALEHOR1?LCD

*** WARNING L16: UNCALLED SEGMENT, IGNORED FOR OVERLAY PROCESS
    SEGMENT: ?PR?DISPSCALEVER?LCD

*** WARNING L16: UNCALLED SEGMENT, IGNORED FOR OVERLAY PROCESS
BL51 BANKED LINKER/LOCATER V6.22                                                      05/24/2020  13:51:50  PAGE 51


    SEGMENT: ?PR?DISPSCALEVER_RED?LCD

*** WARNING L16: UNCALLED SEGMENT, IGNORED FOR OVERLAY PROCESS
    SEGMENT: ?PR?DISPSCALEVER_GREEN?LCD

*** WARNING L16: UNCALLED SEGMENT, IGNORED FOR OVERLAY PROCESS
    SEGMENT: ?PR?DISPSCALEVER_BLUE?LCD

*** WARNING L16: UNCALLED SEGMENT, IGNORED FOR OVERLAY PROCESS
    SEGMENT: ?PR?DISPSCALEVER_GRAY?LCD

*** WARNING L16: UNCALLED SEGMENT, IGNORED FOR OVERLAY PROCESS
    SEGMENT: ?PR?DISPGRAYHOR32?LCD

*** WARNING L16: UNCALLED SEGMENT, IGNORED FOR OVERLAY PROCESS
    SEGMENT: ?PR?DISPSCALEHOR2?LCD

*** WARNING L16: UNCALLED SEGMENT, IGNORED FOR OVERLAY PROCESS
    SEGMENT: ?PR?_DRAWGIRD?LCD

*** WARNING L15: MULTIPLE CALL TO SEGMENT
    SEGMENT: ?PR?_WRITECOMM?LCD
    CALLER1: ?PR?USB_API_TEST_ISR?MAIN
    CALLER2: ?C_C51STARTUP

Program Size: data=10.0 xdata=1211 code=14973
LINK/LOCATE RUN COMPLETE.  16 WARNING(S),  0 ERROR(S)
