BL51 BANKED LINKER/LOCATER V6.22                                                        03/07/2022  09:48:24  PAGE 1


BL51 BANKED LINKER/LOCATER V6.22, INVOKED BY:
D:\KEIL C51\C51\BIN\BL51.EXE main.obj, mmc_sd.obj, lcd.obj, tp.obj, .\USBX_F34X.LIB TO GC9203_BOE108_ZT_4W1L RAMSIZE (25
>> 6)


MEMORY MODEL: COMPACT WITH FLOATING POINT ARITHMETIC


INPUT MODULES INCLUDED:
  main.obj (MAIN)
  mmc_sd.obj (MMC_SD)
  lcd.obj (LCD)
  tp.obj (TP)
  .\USBX_F34X.LIB (USB_API)
  .\USBX_F34X.LIB (USB_CLOCK_START)
  .\USBX_F34X.LIB (USB_SUSPEND)
  .\USBX_F34X.LIB (GET_INTERRUPT_SOURCE)
  .\USBX_F34X.LIB (BLOCK_READ)
  .\USBX_F34X.LIB (BLOCK_WRITE)
  .\USBX_F34X.LIB (USB_INT_ENABLE)
  .\USBX_F34X.LIB (USB_CLOCK_RECOVERY)
  .\USBX_F34X.LIB (USB_JUMP_ISR)
  D:\KEIL C51\C51\LIB\C51FPC.LIB (?C?FPMUL)
  D:\KEIL C51\C51\LIB\C51FPC.LIB (?C?FCAST)
  D:\KEIL C51\C51\LIB\C51FPC.LIB (?C?CASTF)
  D:\KEIL C51\C51\LIB\C51FPC.LIB (?C?FPGETOPN)
  D:\KEIL C51\C51\LIB\C51C.LIB (?C_STARTUP)
  D:\KEIL C51\C51\LIB\C51C.LIB (?C?COPY)
  D:\KEIL C51\C51\LIB\C51C.LIB (?C?CLDPTR)
  D:\KEIL C51\C51\LIB\C51C.LIB (?C?CLDOPTR)
  D:\KEIL C51\C51\LIB\C51C.LIB (?C?IMUL)
  D:\KEIL C51\C51\LIB\C51C.LIB (?C?IILDX)
  D:\KEIL C51\C51\LIB\C51C.LIB (?C?ILDOPTR)
  D:\KEIL C51\C51\LIB\C51C.LIB (?C?LMUL)
  D:\KEIL C51\C51\LIB\C51C.LIB (?C?ULDIV)
  D:\KEIL C51\C51\LIB\C51C.LIB (?C?LNEG)
  D:\KEIL C51\C51\LIB\C51C.LIB (?C?ULCMP)
  D:\KEIL C51\C51\LIB\C51C.LIB (?C?ULSHR)
  D:\KEIL C51\C51\LIB\C51C.LIB (?C?LSHL)
  D:\KEIL C51\C51\LIB\C51C.LIB (?C?LLDIPDATA)
  D:\KEIL C51\C51\LIB\C51C.LIB (?C?LSTXDATA)
  D:\KEIL C51\C51\LIB\C51C.LIB (?C?LSTPDATA)
  D:\KEIL C51\C51\LIB\C51C.LIB (?C?LSTKXDATA)
  D:\KEIL C51\C51\LIB\C51C.LIB (?C?LSTKPDATA)
  D:\KEIL C51\C51\LIB\C51C.LIB (?C_PBP)
  D:\KEIL C51\C51\LIB\C51C.LIB (?C_INIT)


LINK MAP OF MODULE:  GC9203_BOE108_ZT_4W1L (MAIN)


            TYPE    BASE      LENGTH    RELOCATION   SEGMENT NAME
            -----------------------------------------------------

            * * * * * * *   D A T A   M E M O R Y   * * * * * * *
            REG     0000H     0008H     ABSOLUTE     "REG BANK 0"
            DATA    0008H     0001H     UNIT         ?C?LIB_DATA
            IDATA   0009H     0001H     UNIT         ?STACK
BL51 BANKED LINKER/LOCATER V6.22                                                      03/07/2022  09:48:24  PAGE 2



            * * * * * * *  X D A T A   M E M O R Y  * * * * * * *
            XDATA   0000H     0010H     INPAGE       ?PD?MAIN
            XDATA   0010H     0004H     INPAGE       ?PD?_MMC_SD_READSINGLEBLOCK?MMC_SD
            XDATA   0014H     0005H     INPAGE       ?PD?_DISPPIC?LCD
            XDATA   0019H     000CH     INPAGE       ?PD?_DISPPICFROMSD?LCD
            XDATA   0025H     0004H     INPAGE       ?PD?DISPSCALEHOR1?LCD
            XDATA   0029H     0004H     INPAGE       ?PD?DISPSCALEVER?LCD
            XDATA   002DH     0004H     INPAGE       ?PD?DISPSCALEVER_RED?LCD
            XDATA   0031H     0004H     INPAGE       ?PD?DISPSCALEVER_GREEN?LCD
            XDATA   0035H     0004H     INPAGE       ?PD?DISPSCALEVER_BLUE?LCD
            XDATA   0039H     0004H     INPAGE       ?PD?DISPSCALEVER_GRAY?LCD
            XDATA   003DH     0004H     INPAGE       ?PD?DISPGRAYHOR32?LCD
            XDATA   0041H     0002H     INPAGE       ?PD?DISPSCALEHOR2?LCD
            XDATA   0043H     000CH     INPAGE       ?PD?_DRAWLINE?LCD
            XDATA   004FH     0004H     INPAGE       ?PD?_DRAWGIRD?LCD
            XDATA   0053H     0002H     INPAGE       ?PD?LCD
            XDATA   0055H     0022H     INPAGE       _PDATA_GROUP_
            XDATA   0077H     0200H     UNIT         ?XD?MMC_SD
            XDATA   0277H     0058H     UNIT         _XDATA_GROUP_
            XDATA   02CFH     0040H     UNIT         ?XD?MAIN
                    030FH     0331H                  *** GAP ***
            XDATA   0640H     0100H     ABSOLUTE     
            XDATA   0740H     0012H     ABSOLUTE     
            XDATA   0752H     0020H     ABSOLUTE     
            XDATA   0772H     000CH     ABSOLUTE     
            XDATA   077EH     0008H     ABSOLUTE     
            XDATA   0786H     0001H     ABSOLUTE     
            XDATA   0787H     0003H     ABSOLUTE     
            XDATA   078AH     0002H     ABSOLUTE     
            XDATA   078CH     0002H     ABSOLUTE     
            XDATA   078EH     0003H     ABSOLUTE     
            XDATA   0791H     0001H     ABSOLUTE     
            XDATA   0792H     0001H     ABSOLUTE     
            XDATA   0793H     0001H     ABSOLUTE     
            XDATA   0794H     0001H     ABSOLUTE     
            XDATA   0795H     0002H     ABSOLUTE     
            XDATA   0797H     0002H     ABSOLUTE     
            XDATA   0799H     0001H     ABSOLUTE     
            XDATA   079AH     0001H     ABSOLUTE     
            XDATA   079BH     0001H     ABSOLUTE     
            XDATA   079CH     0001H     ABSOLUTE     
            XDATA   079DH     0001H     ABSOLUTE     
            XDATA   079EH     0001H     ABSOLUTE     
            XDATA   079FH     0002H     ABSOLUTE     
            XDATA   07A1H     0001H     ABSOLUTE     
            XDATA   07A2H     0001H     ABSOLUTE     
            XDATA   07A3H     000CH     ABSOLUTE     
                    07AFH     0011H                  *** GAP ***
            XDATA   07C0H     0040H     ABSOLUTE     

            * * * * * * *   C O D E   M E M O R Y   * * * * * * *
            CODE    0000H     0003H     ABSOLUTE     
            CODE    0003H     0040H     UNIT         ?PR?_WRITEDISPDATA?LCD
            CODE    0043H     0003H     ABSOLUTE     
            CODE    0046H     0044H     UNIT         ?PR?_WRITECOMM?LCD
                    008AH     0001H                  *** GAP ***
BL51 BANKED LINKER/LOCATER V6.22                                                      03/07/2022  09:48:24  PAGE 3


            CODE    008BH     0003H     ABSOLUTE     
            CODE    008EH     060BH     UNIT         ?PR?CONNTOUSB?MAIN
            CODE    0699H     0600H     UNIT         ?CO?LCD
            CODE    0C99H     0545H     UNIT         ?C?LIB_CODE
            CODE    11DEH     0233H     UNIT         ?PR?USBXCORE_HANDLE_SETUP?USB_API
            CODE    1411H     0232H     UNIT         ?PR?_LCD_READ_IC_ID?LCD
            CODE    1643H     0220H     UNIT         ?PR?DISPSCALEHOR1?LCD
            CODE    1863H     01D6H     UNIT         ?PR?TP_DRAWLINE?TP
            CODE    1A39H     01BAH     UNIT         ?PR?DISPSCALEHOR2?LCD
            CODE    1BF3H     018DH     UNIT         ?PR?LCD_INIT?LCD
            CODE    1D80H     0151H     UNIT         ?PR?USBXCORE_USB_ISR?USB_API
            CODE    1ED1H     0150H     UNIT         ?PR?DISPBAND?LCD
            CODE    2021H     013BH     UNIT         ?PR?USB_API_TEST_ISR?MAIN
            CODE    215CH     0137H     UNIT         ?PR?_USB_INIT?USB_API
            CODE    2293H     0128H     UNIT         ?PR?DISPSCALEVER?LCD
            CODE    23BBH     011BH     UNIT         ?PR?_TP_GETPOSITION?TP
            CODE    24D6H     0111H     UNIT         ?PR?_BLOCK_WRITE?BLOCK_WRITE
            CODE    25E7H     00E6H     UNIT         ?PR?_DISPPICFROMSD?LCD
            CODE    26CDH     00CDH     UNIT         ?PR?USBXCORE_VENDOR_USB_API?USB_API
            CODE    279AH     00C8H     UNIT         ?PR?_DISPONECHAR?LCD
            CODE    2862H     00B7H     UNIT         ?PR?MMC_SD_RESET?MMC_SD
            CODE    2919H     00B3H     UNIT         ?PR?_DISPINT?LCD
            CODE    29CCH     00B2H     UNIT         ?PR?USBXCORE_GET_DESCRIPTOR?USB_API
            CODE    2A7EH     00AFH     UNIT         ?PR?_BLOCK_READ?BLOCK_READ
            CODE    2B2DH     00AAH     UNIT         ?PR?DISPFRAME?LCD
            CODE    2BD7H     00A0H     UNIT         ?PR?DISPSCALEVER_GREEN?LCD
            CODE    2C77H     009BH     UNIT         ?PR?DISPGRAYHOR16?LCD
            CODE    2D12H     0096H     UNIT         ?PR?_DISPSTR?LCD
            CODE    2DA8H     0091H     UNIT         ?PR?DISPSCALEVER_RED?LCD
            CODE    2E39H     0091H     UNIT         ?PR?DISPSCALEVER_GRAY?LCD
            CODE    2ECAH     008FH     UNIT         ?PR?_DRAWGIRD?LCD
            CODE    2F59H     008CH     UNIT         ?C_C51STARTUP
            CODE    2FE5H     0086H     UNIT         ?PR?DISPSCALEVER_BLUE?LCD
            CODE    306BH     0086H     UNIT         ?PR?_DRAWLINE?LCD
            CODE    30F1H     007DH     UNIT         ?PR?_MMC_SD_WRITESINGLEBLOCK?MMC_SD
            CODE    316EH     0078H     UNIT         ?PR?DISPGRAYHOR32?LCD
            CODE    31E6H     0075H     UNIT         ?PR?_MMC_SD_SENDCOMMAND?MMC_SD
            CODE    325BH     0073H     UNIT         ?PR?TP_READ?TP
            CODE    32CEH     0073H     UNIT         ?PR?USBXCORE_GET_STATUS?USB_API
            CODE    3341H     006FH     UNIT         ?PR?_?BLOCKWRITE?LCD
            CODE    33B0H     006CH     UNIT         ?PR?DEVICES_INIT?MAIN
            CODE    341CH     0064H     UNIT         ?PR?_MMC_SD_READSINGLEBLOCK?MMC_SD
            CODE    3480H     005DH     UNIT         ?PR?_DISPPIC?LCD
            CODE    34DDH     005BH     UNIT         ?PR?_TOORD?LCD
            CODE    3538H     005AH     UNIT         ?PR?USBXCORE_SET_CONFIGURATION?USB_API
            CODE    3592H     0058H     UNIT         ?PR?USBXCORE_CLEAR_FEATURE?USB_API
            CODE    35EAH     0057H     UNIT         ?PR?USBXCORE_SET_FEATURE?USB_API
            CODE    3641H     0055H     UNIT         ?PR?_STOPDELAY?MAIN
            CODE    3696H     0052H     UNIT         ?PR?_PUTPIXEL?LCD
            CODE    36E8H     0050H     UNIT         ?CO?MAIN
            CODE    3738H     004EH     UNIT         ?PR?_WRITEDATA?LCD
            CODE    3786H     0047H     UNIT         ?PR?USBXCORE_GET_CONFIGURATION?USB_API
            CODE    37CDH     0043H     UNIT         ?PR?MCU_INIT?MAIN
            CODE    3810H     0043H     UNIT         ?PR?_DISPCOLOR?LCD
            CODE    3853H     003AH     UNIT         ?CO?USB_API
            CODE    388DH     0038H     UNIT         ?PR?USB_CLOCK_START?USB_CLOCK_START
            CODE    38C5H     0034H     UNIT         ?PR?MAIN?MAIN
BL51 BANKED LINKER/LOCATER V6.22                                                      03/07/2022  09:48:24  PAGE 4


            CODE    38F9H     002DH     UNIT         ?C_INITSEG
            CODE    3926H     002BH     UNIT         ?PR?USB_SUSPEND?USB_SUSPEND
            CODE    3951H     0027H     UNIT         ?PR?USBXCORE_USB_RESET?USB_API
            CODE    3978H     0027H     UNIT         ?PR?USBXCORE_GET_INTERFACE?USB_API
            CODE    399FH     0026H     UNIT         ?PR?_TP_WRITE?TP
            CODE    39C5H     0022H     UNIT         ?PR?USBXCORE_JUMP_ISR?USB_JUMP_ISR
            CODE    39E7H     0020H     UNIT         ?PR?USBXCORE_SET_ADDRESS?USB_API
            CODE    3A07H     001FH     UNIT         ?PR?_DELAY?MAIN
            CODE    3A26H     001DH     UNIT         ?PR?USBXCORE_FORCE_STALL?USB_API
            CODE    3A43H     0019H     UNIT         ?PR?USB_INT_ENABLE?USB_INT_ENABLE
            CODE    3A5CH     0016H     UNIT         ?PR?_SPI_WRITEBYTE?MMC_SD
            CODE    3A72H     0016H     UNIT         ?PR?READDATA?LCD
            CODE    3A88H     0014H     UNIT         ?PR?USBXCORE_SET_SOP?USB_API
            CODE    3A9CH     0013H     UNIT         ?PR?WAITKEY?MAIN
            CODE    3AAFH     0011H     UNIT         ?PR?SD_INIT?MMC_SD
            CODE    3AC0H     000EH     UNIT         ?PR?GET_INTERRUPT_SOURCE?GET_INTERRUPT_SOURCE
            CODE    3ACEH     000CH     UNIT         ?PR?USBXCORE_CLKREC?USB_CLOCK_RECOVERY
            CODE    3ADAH     000BH     UNIT         ?PR?SPI_READBYTE?MMC_SD
            CODE    3AE5H     0009H     UNIT         ?PR?_WRITEONEDOT?LCD
            CODE    3AEEH     0008H     UNIT         ?CO?TP
            CODE    3AF6H     0003H     UNIT         ?PR?SUSPEND_DEVICE?MAIN



OVERLAY MAP OF MODULE:   GC9203_BOE108_ZT_4W1L (MAIN)


SEGMENT                                            PDATA_GROUP         XDATA_GROUP
  +--> CALLED SEGMENT                            START    LENGTH     START    LENGTH
------------------------------------------------------------------------------------
?PR?USB_API_TEST_ISR?MAIN                        0055H    0001H      -----    -----
  +--> ?PR?GET_INTERRUPT_SOURCE?GET_INTERRUP...
  +--> ?PR?_BLOCK_READ?BLOCK_READ
  +--> ?PR?SUSPEND_DEVICE?MAIN
  +--> ?PR?MCU_INIT?MAIN
  +--> ?PR?_?BLOCKWRITE?LCD

?PR?SUSPEND_DEVICE?MAIN                          -----    -----      -----    -----
  +--> ?PR?USB_SUSPEND?USB_SUSPEND

?PR?USB_SUSPEND?USB_SUSPEND                      -----    -----      -----    -----
  +--> ?PR?USB_CLOCK_START?USB_CLOCK_START

?PR?_?BLOCKWRITE?LCD                             -----    -----      -----    -----
  +--> ?PR?_WRITECOMM?LCD
  +--> ?PR?_WRITEDATA?LCD

?PR?_WRITEDATA?LCD                               -----    -----      -----    -----
  +--> ?PR?_WRITECOMM?LCD

*** NEW ROOT ***************************************************

?PR?USBXCORE_USB_ISR?USB_API                     -----    -----      -----    -----
  +--> ?PR?USBXCORE_USB_RESET?USB_API
  +--> ?PR?USBXCORE_HANDLE_SETUP?USB_API
  +--> ?PR?USBXCORE_JUMP_ISR?USB_JUMP_ISR

BL51 BANKED LINKER/LOCATER V6.22                                                      03/07/2022  09:48:24  PAGE 5


?PR?USBXCORE_HANDLE_SETUP?USB_API                -----    -----      -----    -----
  +--> ?PR?USBXCORE_GET_STATUS?USB_API
  +--> ?PR?USBXCORE_CLEAR_FEATURE?USB_API
  +--> ?PR?USBXCORE_VENDOR_USB_API?USB_API
  +--> ?PR?USBXCORE_SET_FEATURE?USB_API
  +--> ?PR?USBXCORE_SET_ADDRESS?USB_API
  +--> ?PR?USBXCORE_GET_DESCRIPTOR?USB_API
  +--> ?PR?USBXCORE_GET_CONFIGURATION?USB_API
  +--> ?PR?USBXCORE_SET_CONFIGURATION?USB_API
  +--> ?PR?USBXCORE_GET_INTERFACE?USB_API
  +--> ?PR?USBXCORE_SET_SOP?USB_API
  +--> ?PR?USBXCORE_FORCE_STALL?USB_API

?PR?USBXCORE_GET_STATUS?USB_API                  -----    -----      -----    -----
  +--> ?CO?USB_API
  +--> ?PR?USBXCORE_FORCE_STALL?USB_API
  +--> ?PR?USBXCORE_SET_SOP?USB_API

?PR?USBXCORE_CLEAR_FEATURE?USB_API               -----    -----      -----    -----
  +--> ?PR?USBXCORE_FORCE_STALL?USB_API
  +--> ?PR?USBXCORE_SET_SOP?USB_API

?PR?USBXCORE_VENDOR_USB_API?USB_API              -----    -----      -----    -----
  +--> ?PR?USBXCORE_SET_SOP?USB_API

?PR?USBXCORE_SET_FEATURE?USB_API                 -----    -----      -----    -----
  +--> ?PR?USBXCORE_FORCE_STALL?USB_API
  +--> ?PR?USBXCORE_SET_SOP?USB_API

?PR?USBXCORE_SET_ADDRESS?USB_API                 -----    -----      -----    -----
  +--> ?PR?USBXCORE_SET_SOP?USB_API

?PR?USBXCORE_GET_DESCRIPTOR?USB_API              -----    -----      -----    -----
  +--> ?PR?USBXCORE_FORCE_STALL?USB_API
  +--> ?PR?USBXCORE_SET_SOP?USB_API

?PR?USBXCORE_GET_CONFIGURATION?USB_API           -----    -----      -----    -----
  +--> ?CO?USB_API
  +--> ?PR?USBXCORE_SET_SOP?USB_API

?PR?USBXCORE_SET_CONFIGURATION?USB_API           -----    -----      -----    -----
  +--> ?PR?USBXCORE_SET_SOP?USB_API

?PR?USBXCORE_GET_INTERFACE?USB_API               -----    -----      -----    -----
  +--> ?CO?USB_API
  +--> ?PR?USBXCORE_SET_SOP?USB_API

*** NEW ROOT ***************************************************

?C_C51STARTUP                                    -----    -----      -----    -----
  +--> ?PR?MAIN?MAIN
  +--> ?C_INITSEG

?PR?MAIN?MAIN                                    -----    -----      -----    -----
  +--> ?PR?DEVICES_INIT?MAIN
  +--> ?PR?DISPFRAME?LCD
  +--> ?PR?_STOPDELAY?MAIN
BL51 BANKED LINKER/LOCATER V6.22                                                      03/07/2022  09:48:24  PAGE 6


  +--> ?PR?WAITKEY?MAIN
  +--> ?PR?_DISPCOLOR?LCD
  +--> ?PR?DISPGRAYHOR16?LCD
  +--> ?PR?DISPBAND?LCD
  +--> ?PR?TP_DRAWLINE?TP

?PR?DEVICES_INIT?MAIN                            -----    -----      -----    -----
  +--> ?PR?MCU_INIT?MAIN
  +--> ?PR?USB_CLOCK_START?USB_CLOCK_START
  +--> ?CO?MAIN
  +--> ?PR?_USB_INIT?USB_API
  +--> ?PR?USB_INT_ENABLE?USB_INT_ENABLE
  +--> ?PR?LCD_INIT?LCD

?PR?_USB_INIT?USB_API                            -----    -----      0277H    0011H
  +--> ?CO?USB_API
  +--> ?PR?USBXCORE_CLKREC?USB_CLOCK_RECOVERY

?PR?LCD_INIT?LCD                                 -----    -----      -----    -----
  +--> ?PR?READDATA?LCD
  +--> ?PR?_DELAY?MAIN
  +--> ?PR?_WRITECOMM?LCD
  +--> ?PR?_WRITEDATA?LCD

?PR?READDATA?LCD                                 -----    -----      -----    -----
  +--> ?PR?_LCD_READ_IC_ID?LCD

?PR?_LCD_READ_IC_ID?LCD                          005FH    0008H      -----    -----

?PR?DISPFRAME?LCD                                0056H    0002H      -----    -----
  +--> ?PR?_?BLOCKWRITE?LCD
  +--> ?PR?_WRITEDISPDATA?LCD

?PR?_STOPDELAY?MAIN                              0056H    0004H      -----    -----
  +--> ?PR?WAITKEY?MAIN
  +--> ?PR?_DELAY?MAIN

?PR?WAITKEY?MAIN                                 -----    -----      -----    -----
  +--> ?PR?CONNTOUSB?MAIN
  +--> ?PR?_DELAY?MAIN

?PR?CONNTOUSB?MAIN                               005AH    0005H      0277H    0058H
  +--> ?CO?MAIN
  +--> ?PR?_WRITECOMM?LCD
  +--> ?PR?_WRITEDATA?LCD
  +--> ?PR?_DISPSTR?LCD
  +--> ?PR?_DISPINT?LCD
  +--> ?PR?_WRITEDISPDATA?LCD
  +--> ?PR?_MMC_SD_WRITESINGLEBLOCK?MMC_SD
  +--> ?PR?_BLOCK_WRITE?BLOCK_WRITE
  +--> ?PR?READDATA?LCD
  +--> ?PR?_DELAY?MAIN

?PR?_DISPSTR?LCD                                 005FH    000BH      -----    -----
  +--> ?PR?_TOORD?LCD
  +--> ?PR?_DISPONECHAR?LCD

BL51 BANKED LINKER/LOCATER V6.22                                                      03/07/2022  09:48:24  PAGE 7


?PR?_DISPONECHAR?LCD                             006AH    000DH      -----    -----
  +--> ?PR?_?BLOCKWRITE?LCD
  +--> ?CO?LCD
  +--> ?PR?_WRITEONEDOT?LCD

?PR?_WRITEONEDOT?LCD                             -----    -----      -----    -----
  +--> ?PR?_WRITEDISPDATA?LCD

?PR?_DISPINT?LCD                                 005FH    000AH      -----    -----
  +--> ?PR?_DISPONECHAR?LCD

?PR?_MMC_SD_WRITESINGLEBLOCK?MMC_SD              005FH    0004H      -----    -----
  +--> ?PR?_MMC_SD_SENDCOMMAND?MMC_SD
  +--> ?PR?_SPI_WRITEBYTE?MMC_SD

?PR?_MMC_SD_SENDCOMMAND?MMC_SD                   0063H    0005H      -----    -----
  +--> ?PR?_SPI_WRITEBYTE?MMC_SD

?PR?_DISPCOLOR?LCD                               0056H    0003H      -----    -----
  +--> ?PR?_?BLOCKWRITE?LCD
  +--> ?PR?_WRITEDISPDATA?LCD

?PR?DISPGRAYHOR16?LCD                            0056H    0004H      -----    -----
  +--> ?PR?_?BLOCKWRITE?LCD
  +--> ?PR?_WRITEDISPDATA?LCD

?PR?DISPBAND?LCD                                 0056H    0004H      -----    -----
  +--> ?PR?_?BLOCKWRITE?LCD
  +--> ?PR?_WRITEDISPDATA?LCD

?PR?TP_DRAWLINE?TP                               -----    -----      0277H    0018H
  +--> ?PR?_DISPCOLOR?LCD
  +--> ?CO?TP
  +--> ?PR?_DISPSTR?LCD
  +--> ?PR?_DELAY?MAIN
  +--> ?PR?_TP_GETPOSITION?TP
  +--> ?PR?_PUTPIXEL?LCD

?PR?_TP_GETPOSITION?TP                           -----    -----      028FH    001BH
  +--> ?PR?_TP_WRITE?TP
  +--> ?PR?TP_READ?TP

?PR?_TP_WRITE?TP                                 -----    -----      02AAH    0001H

?PR?TP_READ?TP                                   -----    -----      02AAH    0005H

?PR?_PUTPIXEL?LCD                                0056H    0002H      -----    -----
  +--> ?PR?_?BLOCKWRITE?LCD
  +--> ?PR?_WRITEDISPDATA?LCD



SYMBOL TABLE OF MODULE:  GC9203_BOE108_ZT_4W1L (MAIN)

  VALUE           TYPE          NAME
  ----------------------------------

BL51 BANKED LINKER/LOCATER V6.22                                                      03/07/2022  09:48:24  PAGE 8


  -------         MODULE        MAIN
  C:0000H         SYMBOL        _ICE_DUMMY_
  D:0080H         PUBLIC        P0
  X:0000H         PUBLIC        f_down
  D:0090H         PUBLIC        P1
  D:00A0H         PUBLIC        P2
  D:00B0H         PUBLIC        P3
  C:3733H         PUBLIC        USB_MaxPower
  B:00B0H.6       PUBLIC        KEY_STEP
  D:00A4H         PUBLIC        P0MDOUT
  D:00A5H         PUBLIC        P1MDOUT
  D:00A6H         PUBLIC        P2MDOUT
  D:00A7H         PUBLIC        P3MDOUT
  D:00AEH         PUBLIC        P4MDOUT
  B:0080H.6       PUBLIC        OE
  D:00D9H         PUBLIC        PCA0MD
  C:2021H         PUBLIC        USB_API_TEST_ISR
  C:3AF6H         PUBLIC        Suspend_Device
  C:3645H         PUBLIC        _StopDelay
  D:00E1H         PUBLIC        XBR0
  D:00E2H         PUBLIC        XBR1
  B:00B0H.1       PUBLIC        RS
  C:38C5H         PUBLIC        main
  X:0001H         PUBLIC        VerifyCode0
  X:0002H         PUBLIC        VerifyCode1
  C:36FDH         PUBLIC        USB_PID
  X:0003H         PUBLIC        VerifyCode2
  D:00F1H         PUBLIC        P0MDIN
  D:00F2H         PUBLIC        P1MDIN
  C:36FFH         PUBLIC        USB_MfrStr
  D:00F4H         PUBLIC        P3MDIN
  C:36FBH         PUBLIC        USB_VID
  D:00F8H         PUBLIC        SPI0CN
  X:0004H         PUBLIC        pic
  C:33B0H         PUBLIC        Devices_Init
  C:008EH         PUBLIC        ConnToUSB
  D:00A9H         PUBLIC        CLKSEL
  D:00B2H         PUBLIC        OSCICN
  C:3734H         PUBLIC        USB_PwAttributes
  C:3A9CH         PUBLIC        WaitKey
  C:3737H         SYMBOL        _?ix1000
  B:00A0H.0       PUBLIC        CS0
  X:0005H         PUBLIC        bf
  C:3735H         PUBLIC        USB_bcdDevice
  D:00B9H         PUBLIC        CLKMUL
  X:0007H         PUBLIC        f_debug
  X:0008H         PUBLIC        sd
  X:02CFH         PUBLIC        Packet
  C:37CDH         PUBLIC        MCU_Init
  B:0080H.7       PUBLIC        DIR
  D:00EFH         PUBLIC        RSTSRC
  X:000CH         PUBLIC        f_read
  C:3729H         PUBLIC        USB_SerialStr
  X:000DH         PUBLIC        f_other
  C:3719H         PUBLIC        USB_ProductStr
  X:000EH         PUBLIC        f_para
  D:00A1H         PUBLIC        SPI0CFG
BL51 BANKED LINKER/LOCATER V6.22                                                      03/07/2022  09:48:24  PAGE 9


  C:3A07H         PUBLIC        _Delay
  B:00B0H.7       PUBLIC        KEY_Stop
  X:000FH         PUBLIC        f_init
  -------         PROC          MAIN
  C:38C5H         LINE#         40
  C:38C5H         LINE#         41
  C:38C5H         LINE#         46
  C:38C8H         LINE#         53
  C:38CBH         LINE#         54
  C:38CBH         LINE#         72
  C:38D4H         LINE#         73
  C:38E1H         LINE#         78
  C:38EAH         LINE#         79
  C:38F3H         LINE#         85
  C:38F6H         LINE#         87
  C:38F8H         LINE#         89
  -------         ENDPROC       MAIN
  -------         PROC          _DELAY
  D:0006H         SYMBOL        dly
  -------         DO            
  D:0004H         SYMBOL        i
  D:0002H         SYMBOL        j
  -------         ENDDO         
  C:3A07H         LINE#         91
  C:3A07H         LINE#         92
  C:3A07H         LINE#         95
  C:3A11H         LINE#         96
  C:3A25H         LINE#         97
  -------         ENDPROC       _DELAY
  C:3641H         SYMBOL        L?0133
  -------         PROC          L?0132
  -------         ENDPROC       L?0132
  C:3641H         SYMBOL        L?0133
  -------         PROC          _STOPDELAY
  X:0056H         SYMBOL        sdly
  -------         DO            
  D:0006H         SYMBOL        i
  D:0004H         SYMBOL        j
  X:0058H         SYMBOL        k
  -------         ENDDO         
  C:3645H         LINE#         99
  C:364CH         LINE#         100
  C:364CH         LINE#         102
  C:3651H         LINE#         103
  C:3651H         LINE#         104
  C:3654H         LINE#         105
  C:3654H         LINE#         106
  C:3661H         LINE#         107
  C:3675H         LINE#         108
  C:3675H         LINE#         110
  C:3675H         LINE#         111
  C:367FH         LINE#         112
  C:367FH         LINE#         113
  C:3695H         LINE#         114
  -------         ENDPROC       _STOPDELAY
  -------         PROC          WAITKEY
  C:3A9CH         LINE#         144
BL51 BANKED LINKER/LOCATER V6.22                                                      03/07/2022  09:48:24  PAGE 10


  C:3A9CH         LINE#         145
  C:3A9CH         LINE#         147
  C:3A9FH         LINE#         148
  C:3A9FH         LINE#         150
  C:3AA2H         LINE#         152
  C:3AA4H         LINE#         153
  C:3AABH         LINE#         154
  C:3AAEH         LINE#         156
  -------         ENDPROC       WAITKEY
  -------         PROC          CONNTOUSB
  -------         DO            
  X:005AH         SYMBOL        i
  X:0277H         SYMBOL        reg_data
  X:028FH         SYMBOL        para_data
  D:0007H         SYMBOL        dat
  X:005BH         SYMBOL        reg_index
  X:005DH         SYMBOL        data_num
  X:005EH         SYMBOL        st
  -------         ENDDO         
  C:008EH         LINE#         162
  C:008EH         LINE#         163
  C:008EH         LINE#         170
  C:00A1H         LINE#         172
  C:00A9H         LINE#         173
  C:00A9H         LINE#         174
  C:00B7H         LINE#         175
  C:00B7H         LINE#         176
  C:00C8H         LINE#         177
  C:00C8H         LINE#         178
  C:00EEH         LINE#         179
  C:00F0H         LINE#         180
  C:0104H         LINE#         181
  C:0104H         LINE#         182
  C:012AH         LINE#         184
  C:012AH         LINE#         185
  C:012AH         LINE#         186
  C:012AH         LINE#         188
  C:012AH         LINE#         189
  C:0132H         LINE#         190
  C:013CH         LINE#         191
  C:0146H         LINE#         193
  C:0162H         LINE#         195
  C:016CH         LINE#         196
  C:016CH         LINE#         197
  C:017DH         LINE#         198
  C:017DH         LINE#         199
  C:018EH         LINE#         200
  C:018EH         LINE#         201
  C:01E1H         LINE#         202
  C:01E3H         LINE#         203
  C:01F9H         LINE#         204
  C:01F9H         LINE#         205
  C:024BH         LINE#         206
  C:024BH         LINE#         207
  C:024BH         LINE#         208
  C:024BH         LINE#         210
  C:024BH         LINE#         211
BL51 BANKED LINKER/LOCATER V6.22                                                      03/07/2022  09:48:24  PAGE 11


  C:0253H         LINE#         212
  C:0253H         LINE#         213
  C:025DH         LINE#         214
  C:0267H         LINE#         216
  C:026BH         LINE#         217
  C:026EH         LINE#         221
  C:0276H         LINE#         222
  C:0276H         LINE#         223
  C:0285H         LINE#         224
  C:0285H         LINE#         225
  C:0287H         LINE#         227
  C:0289H         LINE#         228
  C:02A5H         LINE#         229
  C:02A7H         LINE#         231
  C:02D0H         LINE#         232
  C:02F4H         LINE#         233
  C:02FEH         LINE#         234
  C:02FEH         LINE#         235
  C:0306H         LINE#         236
  C:030DH         LINE#         237
  C:0318H         LINE#         238
  C:031EH         LINE#         239
  C:031EH         LINE#         240
  C:0327H         LINE#         242
  C:032BH         LINE#         243
  C:0337H         LINE#         244
  C:033AH         LINE#         247
  C:0342H         LINE#         248
  C:0342H         LINE#         249
  C:034BH         LINE#         250
  C:034BH         LINE#         251
  C:035BH         LINE#         252
  C:035BH         LINE#         253
  C:035DH         LINE#         255
  C:035FH         LINE#         256
  C:037BH         LINE#         257
  C:037DH         LINE#         259
  C:03A6H         LINE#         260
  C:03CAH         LINE#         262
  C:03D4H         LINE#         263
  C:03D4H         LINE#         264
  C:03DCH         LINE#         265
  C:03E3H         LINE#         266
  C:03EEH         LINE#         267
  C:03F4H         LINE#         268
  C:03F4H         LINE#         270
  C:03FDH         LINE#         276
  C:03FDH         LINE#         277
  C:040AH         LINE#         278
  C:040AH         LINE#         279
  C:040CH         LINE#         281
  C:040EH         LINE#         282
  C:042AH         LINE#         283
  C:042CH         LINE#         285
  C:0434H         LINE#         286
  C:0438H         LINE#         287
  C:0444H         LINE#         288
BL51 BANKED LINKER/LOCATER V6.22                                                      03/07/2022  09:48:24  PAGE 12


  C:0444H         LINE#         289
  C:0447H         LINE#         292
  C:044FH         LINE#         293
  C:044FH         LINE#         294
  C:0460H         LINE#         295
  C:0460H         LINE#         296
  C:046DH         LINE#         297
  C:046DH         LINE#         298
  C:048BH         LINE#         299
  C:048DH         LINE#         300
  C:049DH         LINE#         301
  C:049DH         LINE#         302
  C:04BBH         LINE#         303
  C:04BDH         LINE#         304
  C:04CEH         LINE#         305
  C:04CEH         LINE#         306
  C:04D8H         LINE#         307
  C:04E2H         LINE#         308
  C:04E2H         LINE#         309
  C:04E2H         LINE#         310
  C:04E2H         LINE#         312
  C:04E2H         LINE#         313
  C:04EBH         LINE#         314
  C:04EFH         LINE#         315
  C:04FBH         LINE#         316
  C:04FEH         LINE#         319
  C:0506H         LINE#         320
  C:0506H         LINE#         321
  C:0513H         LINE#         322
  C:0524H         LINE#         324
  C:052DH         LINE#         325
  C:053CH         LINE#         327
  C:0544H         LINE#         328
  C:0544H         LINE#         329
  C:054DH         LINE#         330
  C:055CH         LINE#         331
  C:055CH         LINE#         332
  C:055FH         LINE#         333
  C:056EH         LINE#         334
  C:057AH         LINE#         335
  C:0580H         LINE#         336
  C:0580H         LINE#         338
  C:0584H         LINE#         339
  C:0593H         LINE#         341
  C:059AH         LINE#         342
  C:05B6H         LINE#         343
  C:05C0H         LINE#         344
  C:05C0H         LINE#         345
  C:05E6H         LINE#         346
  C:05F9H         LINE#         347
  C:05F9H         LINE#         348
  C:064BH         LINE#         349
  C:0653H         LINE#         350
  C:0653H         LINE#         351
  C:0653H         LINE#         354
  C:0658H         LINE#         355
  C:0658H         LINE#         356
BL51 BANKED LINKER/LOCATER V6.22                                                      03/07/2022  09:48:24  PAGE 13


  C:0665H         LINE#         357
  C:0676H         LINE#         359
  C:067BH         LINE#         360
  C:067FH         LINE#         361
  C:0682H         LINE#         362
  C:0686H         LINE#         364
  C:068AH         LINE#         365
  C:0696H         LINE#         366
  C:0698H         LINE#         367
  -------         ENDPROC       CONNTOUSB
  -------         PROC          MCU_INIT
  -------         DO            
  D:0007H         SYMBOL        n
  -------         ENDDO         
  C:37CDH         LINE#         370
  C:37CDH         LINE#         371
  C:37CDH         LINE#         373
  C:37D0H         LINE#         376
  C:37D3H         LINE#         377
  C:37D6H         LINE#         379
  C:37D9H         LINE#         381
  C:37DFH         LINE#         383
  C:37E2H         LINE#         384
  C:37E7H         LINE#         385
  C:37EAH         LINE#         387
  C:37EDH         LINE#         390
  C:37F0H         LINE#         391
  C:37F3H         LINE#         393
  C:37F6H         LINE#         394
  C:37F9H         LINE#         396
  C:37FCH         LINE#         397
  C:37FFH         LINE#         399
  C:3802H         LINE#         400
  C:3805H         LINE#         401
  C:3807H         LINE#         402
  C:3809H         LINE#         404
  C:380CH         LINE#         405
  C:380FH         LINE#         407
  -------         ENDPROC       MCU_INIT
  -------         PROC          DEVICES_INIT
  C:33B0H         LINE#         409
  C:33B0H         LINE#         410
  C:33B0H         LINE#         412
  C:33B3H         LINE#         415
  C:33B6H         LINE#         416
  C:3410H         LINE#         417
  C:3413H         LINE#         420
  C:3416H         LINE#         421
  C:3419H         LINE#         429
  -------         ENDPROC       DEVICES_INIT
  -------         PROC          SUSPEND_DEVICE
  C:3AF6H         LINE#         433
  C:3AF6H         LINE#         434
  C:3AF6H         LINE#         435
  -------         ENDPROC       SUSPEND_DEVICE
  -------         PROC          USB_API_TEST_ISR
  -------         DO            
BL51 BANKED LINKER/LOCATER V6.22                                                      03/07/2022  09:48:24  PAGE 14


  X:0055H         SYMBOL        INTVAL
  -------         ENDDO         
  C:2021H         LINE#         439
  C:203EH         LINE#         441
  C:2045H         LINE#         443
  C:204BH         LINE#         444
  C:204BH         LINE#         445
  C:2056H         LINE#         447
  C:2072H         LINE#         448
  C:2072H         LINE#         449
  C:2074H         LINE#         450
  C:2076H         LINE#         451
  C:208CH         LINE#         452
  C:208CH         LINE#         453
  C:208EH         LINE#         454
  C:2090H         LINE#         455
  C:20A8H         LINE#         456
  C:20A8H         LINE#         457
  C:20AAH         LINE#         458
  C:20ACH         LINE#         459
  C:20C6H         LINE#         460
  C:20C6H         LINE#         461
  C:20C8H         LINE#         462
  C:20CAH         LINE#         463
  C:20DFH         LINE#         464
  C:20DFH         LINE#         465
  C:20E1H         LINE#         466
  C:20E3H         LINE#         468
  C:20E3H         LINE#         469
  C:20E8H         LINE#         470
  C:20E8H         LINE#         471
  C:20E8H         LINE#         473
  C:20E8H         LINE#         474
  C:20E8H         LINE#         476
  C:20E8H         LINE#         478
  C:20EEH         LINE#         479
  C:20EEH         LINE#         480
  C:20F1H         LINE#         481
  C:20F1H         LINE#         483
  C:20F7H         LINE#         484
  C:20F7H         LINE#         485
  C:20FAH         LINE#         486
  C:20FAH         LINE#         488
  C:2100H         LINE#         489
  C:2100H         LINE#         490
  C:211BH         LINE#         491
  C:211BH         LINE#         493
  C:2121H         LINE#         494
  C:2121H         LINE#         495
  C:2126H         LINE#         496
  C:2141H         LINE#         497
  C:2141H         LINE#         498
  -------         ENDPROC       USB_API_TEST_ISR
  -------         ENDMOD        MAIN

  -------         MODULE        MMC_SD
  C:0000H         SYMBOL        _ICE_DUMMY_
BL51 BANKED LINKER/LOCATER V6.22                                                      03/07/2022  09:48:24  PAGE 15


  D:00A2H         PUBLIC        SPI0CKR
  D:0080H         PUBLIC        P0
  D:0090H         PUBLIC        P1
  D:00A0H         PUBLIC        P2
  D:00B0H         PUBLIC        P3
  C:31E6H         PUBLIC        _MMC_SD_SendCommand
  C:341CH         PUBLIC        _MMC_SD_ReadSingleBlock
  C:3AAFH         PUBLIC        SD_Init
  C:30F1H         PUBLIC        _MMC_SD_WriteSingleBlock
  B:00F8H.7       PUBLIC        SPIF
  B:00F8H.2       PUBLIC        NSSMD0
  C:2862H         PUBLIC        MMC_SD_Reset
  D:00A9H         PUBLIC        CLKSEL
  C:3ADAH         PUBLIC        SPI_ReadByte
  C:3A68H         PUBLIC        _SPI_WriteByte
  D:00A3H         PUBLIC        SPI0DAT
  X:0077H         PUBLIC        buffer
  C:3A5CH         SYMBOL        L?0062
  C:3A61H         SYMBOL        L?0063
  -------         PROC          L?0061
  -------         ENDPROC       L?0061
  C:3A5CH         SYMBOL        L?0062
  C:3A61H         SYMBOL        L?0063
  -------         PROC          _SPI_WRITEBYTE
  D:0007H         SYMBOL        val
  -------         DO            
  D:0007H         SYMBOL        ret
  -------         ENDDO         
  C:3A68H         LINE#         7
  C:3A68H         LINE#         8
  C:3A68H         LINE#         11
  C:3A6AH         LINE#         12
  C:3A6DH         LINE#         13
  C:3A6FH         LINE#         14
  C:3A71H         LINE#         15
  C:3A71H         LINE#         16
  -------         ENDPROC       _SPI_WRITEBYTE
  -------         PROC          SPI_READBYTE
  -------         DO            
  D:0007H         SYMBOL        ret
  -------         ENDDO         
  C:3ADAH         LINE#         18
  C:3ADAH         LINE#         19
  C:3ADAH         LINE#         22
  C:3ADDH         LINE#         23
  C:3AE0H         LINE#         24
  C:3AE2H         LINE#         25
  C:3AE4H         LINE#         26
  C:3AE4H         LINE#         27
  -------         ENDPROC       SPI_READBYTE
  -------         PROC          _MMC_SD_SENDCOMMAND
  D:0006H         SYMBOL        cmd
  X:0064H         SYMBOL        arg
  -------         DO            
  D:0007H         SYMBOL        r1
  D:0003H         SYMBOL        retry
  -------         ENDDO         
BL51 BANKED LINKER/LOCATER V6.22                                                      03/07/2022  09:48:24  PAGE 16


  C:31E6H         LINE#         29
  C:31E8H         LINE#         30
  C:31E8H         LINE#         32
  C:31EAH         LINE#         34
  C:31EAH         LINE#         35
  C:31EAH         LINE#         36
  C:31EDH         LINE#         37
  C:31EDH         LINE#         38
  C:31EDH         LINE#         39
  C:31F0H         LINE#         41
  C:31F2H         LINE#         43
  C:31F9H         LINE#         44
  C:320EH         LINE#         45
  C:3223H         LINE#         46
  C:3238H         LINE#         47
  C:3242H         LINE#         48
  C:3247H         LINE#         50
  C:324FH         LINE#         51
  C:3258H         LINE#         53
  C:325AH         LINE#         55
  C:325AH         LINE#         56
  -------         ENDPROC       _MMC_SD_SENDCOMMAND
  -------         PROC          MMC_SD_RESET
  -------         DO            
  D:0005H         SYMBOL        i
  D:0002H         SYMBOL        retry
  D:0006H         SYMBOL        r1
  -------         ENDDO         
  C:2862H         LINE#         58
  C:2862H         LINE#         59
  C:2862H         LINE#         62
  C:2864H         LINE#         64
  C:2865H         LINE#         65
  C:2868H         LINE#         66
  C:286BH         LINE#         68
  C:286BH         LINE#         69
  C:2877H         LINE#         70
  C:2887H         LINE#         71
  C:2888H         LINE#         72
  C:288EH         LINE#         73
  C:2892H         LINE#         75
  C:2894H         LINE#         77
  C:2894H         LINE#         79
  C:2894H         LINE#         80
  C:28A4H         LINE#         81
  C:28A5H         LINE#         82
  C:28AEH         LINE#         83
  C:28B2H         LINE#         85
  C:28B4H         LINE#         86
  C:28C4H         LINE#         87
  C:28C5H         LINE#         88
  C:28CEH         LINE#         89
  C:28D1H         LINE#         91
  C:28D4H         LINE#         92
  C:28D4H         LINE#         93
  C:28D6H         LINE#         95
  C:28D6H         LINE#         96
BL51 BANKED LINKER/LOCATER V6.22                                                      03/07/2022  09:48:24  PAGE 17


  C:28E6H         LINE#         97
  C:28E7H         LINE#         98
  C:28F0H         LINE#         99
  C:28F3H         LINE#         100
  C:28F3H         LINE#         101
  C:2903H         LINE#         103
  C:2911H         LINE#         104
  C:2914H         LINE#         105
  C:2917H         LINE#         106
  C:2918H         LINE#         107
  -------         ENDPROC       MMC_SD_RESET
  -------         PROC          _MMC_SD_READSINGLEBLOCK
  X:0010H         SYMBOL        sector
  -------         DO            
  D:0007H         SYMBOL        r1
  D:0004H         SYMBOL        i
  D:0002H         SYMBOL        retry
  -------         ENDDO         
  C:341CH         LINE#         109
  C:3421H         LINE#         110
  C:3421H         LINE#         113
  C:3423H         LINE#         115
  C:3426H         LINE#         117
  C:3426H         LINE#         118
  C:3442H         LINE#         119
  C:3443H         LINE#         120
  C:344CH         LINE#         121
  C:344FH         LINE#         124
  C:3451H         LINE#         126
  C:3457H         LINE#         128
  C:345AH         LINE#         129
  C:345AH         LINE#         130
  C:3469H         LINE#         131
  C:3476H         LINE#         133
  C:3476H         LINE#         134
  C:3479H         LINE#         136
  C:347BH         LINE#         137
  C:347EH         LINE#         138
  C:347FH         LINE#         139
  -------         ENDPROC       _MMC_SD_READSINGLEBLOCK
  -------         PROC          _MMC_SD_WRITESINGLEBLOCK
  X:005FH         SYMBOL        sector
  -------         DO            
  D:0006H         SYMBOL        r1
  D:0004H         SYMBOL        i
  D:0002H         SYMBOL        retry
  -------         ENDDO         
  C:30F1H         LINE#         141
  C:30F6H         LINE#         142
  C:30F6H         LINE#         145
  C:30F8H         LINE#         147
  C:30FBH         LINE#         149
  C:30FBH         LINE#         150
  C:3119H         LINE#         151
  C:311AH         LINE#         152
  C:3123H         LINE#         153
  C:3126H         LINE#         157
BL51 BANKED LINKER/LOCATER V6.22                                                      03/07/2022  09:48:24  PAGE 18


  C:3128H         LINE#         159
  C:312DH         LINE#         161
  C:3132H         LINE#         163
  C:3134H         LINE#         164
  C:3134H         LINE#         165
  C:3143H         LINE#         166
  C:3150H         LINE#         168
  C:3150H         LINE#         169
  C:3150H         LINE#         171
  C:3155H         LINE#         173
  C:315CH         LINE#         174
  C:315CH         LINE#         175
  C:315EH         LINE#         176
  C:315FH         LINE#         177
  C:315FH         LINE#         179
  C:3167H         LINE#         181
  C:3169H         LINE#         182
  C:316CH         LINE#         183
  C:316DH         LINE#         184
  -------         ENDPROC       _MMC_SD_WRITESINGLEBLOCK
  -------         PROC          SD_INIT
  -------         DO            
  D:0001H         SYMBOL        n
  -------         ENDDO         
  C:3AAFH         LINE#         187
  C:3AAFH         LINE#         188
  C:3AAFH         LINE#         189
  C:3AB1H         LINE#         191
  C:3AB7H         LINE#         192
  C:3AB7H         LINE#         193
  C:3AB8H         LINE#         194
  C:3ABFH         LINE#         196
  -------         ENDPROC       SD_INIT
  -------         ENDMOD        MMC_SD

  -------         MODULE        LCD
  C:0000H         SYMBOL        _ICE_DUMMY_
  D:0080H         PUBLIC        P0
  C:2B2DH         PUBLIC        DispFrame
  D:0090H         PUBLIC        P1
  C:2BD7H         PUBLIC        DispScaleVer_Green
  D:00A0H         PUBLIC        P2
  D:00B0H         PUBLIC        P3
  C:1ED1H         PUBLIC        DispBand
  C:3742H         PUBLIC        _WriteData
  C:0699H         PUBLIC        ascii
  C:1411H         PUBLIC        _LCD_Read_IC_ID
  D:00A6H         PUBLIC        P2MDOUT
  C:3810H         PUBLIC        _DispColor
  C:2FE5H         PUBLIC        DispScaleVer_Blue
  C:2ECAH         PUBLIC        _DrawGird
  C:306BH         PUBLIC        _DrawLine
  B:00D0H.7       PUBLIC        CY
  C:0046H         PUBLIC        _WriteComm
  C:0018H         PUBLIC        _WriteDispData
  C:2E39H         PUBLIC        DispScaleVer_Gray
  B:00B0H.1       PUBLIC        RS
BL51 BANKED LINKER/LOCATER V6.22                                                      03/07/2022  09:48:24  PAGE 19


  B:0090H.7       PUBLIC        SPI_CLK
  C:2DA8H         PUBLIC        DispScaleVer_Red
  D:00F3H         PUBLIC        P2MDIN
  C:2293H         PUBLIC        DispScaleVer
  C:3480H         PUBLIC        _DispPic
  C:27CAH         PUBLIC        _DispOneChar
  C:316EH         PUBLIC        DispGrayHor32
  C:2C77H         PUBLIC        DispGrayHor16
  C:2919H         PUBLIC        _DispInt
  C:3696H         PUBLIC        _PutPixel
  D:00A9H         PUBLIC        CLKSEL
  B:0090H.6       PUBLIC        RD0
  B:00A0H.0       PUBLIC        CS0
  X:0053H         PUBLIC        LCM_ID
  C:1BF3H         PUBLIC        LCD_Init
  C:2D12H         PUBLIC        _DispStr
  B:0090H.7       PUBLIC        WR0
  C:1643H         PUBLIC        DispScaleHor1
  B:0090H.6       PUBLIC        SPI_DI
  C:3AE5H         PUBLIC        _WriteOneDot
  C:1A39H         PUBLIC        DispScaleHor2
  C:25E7H         PUBLIC        _DispPicFromSD
  B:0080H.7       PUBLIC        DIR
  C:34DDH         PUBLIC        _ToOrd
  B:0080H.5       PUBLIC        RST
  C:3A72H         PUBLIC        ReadData
  C:3359H         PUBLIC        _?BlockWrite
  -------         PROC          _LCD_READ_IC_ID
  X:005FH         SYMBOL        ID
  D:0004H         SYMBOL        Bug
  D:0003H         SYMBOL        flog
  -------         DO            
  X:0060H         SYMBOL        id
  X:0062H         SYMBOL        id1
  X:0064H         SYMBOL        temp
  D:0005H         SYMBOL        i
  D:0007H         SYMBOL        dat
  D:0001H         SYMBOL        id2
  X:0066H         SYMBOL        id3
  D:0002H         SYMBOL        id4
  -------         ENDDO         
  C:1411H         LINE#         35
  C:1415H         LINE#         36
  C:1415H         LINE#         40
  C:141DH         LINE#         41
  C:141DH         LINE#         43
  C:141FH         LINE#         44
  C:1421H         LINE#         45
  C:1423H         LINE#         47
  C:1426H         LINE#         48
  C:1428H         LINE#         49
  C:142AH         LINE#         50
  C:142CH         LINE#         53
  C:142FH         LINE#         54
  C:1432H         LINE#         55
  C:1435H         LINE#         56
  C:1437H         LINE#         57
BL51 BANKED LINKER/LOCATER V6.22                                                      03/07/2022  09:48:24  PAGE 20


  C:1439H         LINE#         58
  C:143BH         LINE#         63
  C:1445H         LINE#         65
  C:144BH         LINE#         66
  C:1453H         LINE#         68
  C:1459H         LINE#         69
  C:145FH         LINE#         70
  C:1469H         LINE#         72
  C:146FH         LINE#         73
  C:1471H         LINE#         75
  C:1477H         LINE#         77
  C:147DH         LINE#         78
  C:1487H         LINE#         80
  C:148DH         LINE#         81
  C:1492H         LINE#         83
  C:1498H         LINE#         85
  C:14A2H         LINE#         86
  C:14ACH         LINE#         88
  C:14B2H         LINE#         89
  C:14B4H         LINE#         91
  C:14C4H         LINE#         92
  C:14CEH         LINE#         94
  C:14D1H         LINE#         95
  C:14D5H         LINE#         96
  C:14D5H         LINE#         97
  C:14DEH         LINE#         98
  C:14E4H         LINE#         99
  C:14E4H         LINE#         100
  C:14EEH         LINE#         101
  C:14F0H         LINE#         102
  C:14F4H         LINE#         103
  C:14F4H         LINE#         104
  C:1503H         LINE#         105
  C:1503H         LINE#         108
  C:1503H         LINE#         109
  C:150CH         LINE#         110
  C:150CH         LINE#         112
  C:150FH         LINE#         113
  C:1513H         LINE#         114
  C:1515H         LINE#         115
  C:1517H         LINE#         116
  C:1519H         LINE#         117
  C:1519H         LINE#         118
  C:151BH         LINE#         119
  C:1523H         LINE#         120
  C:1525H         LINE#         122
  C:1527H         LINE#         123
  C:152BH         LINE#         124
  C:1530H         LINE#         125
  C:1533H         LINE#         128
  C:153DH         LINE#         129
  C:153DH         LINE#         130
  C:153FH         LINE#         131
  C:153FH         LINE#         132
  C:1541H         LINE#         133
  C:1543H         LINE#         134
  C:1545H         LINE#         135
BL51 BANKED LINKER/LOCATER V6.22                                                      03/07/2022  09:48:24  PAGE 21


  C:155CH         LINE#         136
  C:155EH         LINE#         137
  C:1560H         LINE#         138
  C:1567H         LINE#         139
  C:1571H         LINE#         140
  C:1571H         LINE#         141
  C:1573H         LINE#         142
  C:1573H         LINE#         143
  C:1575H         LINE#         144
  C:1577H         LINE#         145
  C:1579H         LINE#         146
  C:1590H         LINE#         147
  C:1592H         LINE#         148
  C:1594H         LINE#         149
  C:1599H         LINE#         150
  C:1599H         LINE#         152
  C:159BH         LINE#         153
  C:159BH         LINE#         154
  C:159DH         LINE#         155
  C:159FH         LINE#         156
  C:15A1H         LINE#         157
  C:15B8H         LINE#         158
  C:15BAH         LINE#         159
  C:15BCH         LINE#         160
  C:15C1H         LINE#         162
  C:15C3H         LINE#         163
  C:15C3H         LINE#         164
  C:15C5H         LINE#         165
  C:15C7H         LINE#         166
  C:15C9H         LINE#         167
  C:15D3H         LINE#         168
  C:15D5H         LINE#         169
  C:15D7H         LINE#         170
  C:15DCH         LINE#         172
  C:15DEH         LINE#         173
  C:15DEH         LINE#         174
  C:15E0H         LINE#         175
  C:15E2H         LINE#         176
  C:15E4H         LINE#         177
  C:15F0H         LINE#         178
  C:15F2H         LINE#         179
  C:15F4H         LINE#         180
  C:15F9H         LINE#         181
  C:15FCH         LINE#         182
  C:15FEH         LINE#         183
  C:1600H         LINE#         184
  C:1602H         LINE#         185
  C:1604H         LINE#         186
  C:1606H         LINE#         187
  C:1608H         LINE#         189
  C:160CH         LINE#         190
  C:160CH         LINE#         191
  C:161CH         LINE#         193
  C:1627H         LINE#         194
  C:1627H         LINE#         195
  C:1627H         LINE#         197
  C:162DH         LINE#         198
BL51 BANKED LINKER/LOCATER V6.22                                                      03/07/2022  09:48:24  PAGE 22


  C:162DH         LINE#         199
  C:1639H         LINE#         200
  C:1639H         LINE#         202
  C:1639H         LINE#         203
  C:163BH         LINE#         204
  C:1642H         LINE#         205
  -------         ENDPROC       _LCD_READ_IC_ID
  -------         PROC          _WRITECOMM
  D:0004H         SYMBOL        i
  -------         DO            
  D:0003H         SYMBOL        j
  D:0007H         SYMBOL        DataH
  -------         ENDDO         
  C:0046H         LINE#         208
  C:004AH         LINE#         209
  C:004AH         LINE#         211
  C:004CH         LINE#         212
  C:004EH         LINE#         276
  C:004EH         LINE#         279
  C:0050H         LINE#         280
  C:0052H         LINE#         281
  C:0052H         LINE#         282
  C:0056H         LINE#         283
  C:005AH         LINE#         285
  C:005CH         LINE#         286
  C:0060H         LINE#         287
  C:0062H         LINE#         289
  C:0064H         LINE#         290
  C:0069H         LINE#         291
  C:006BH         LINE#         292
  C:006DH         LINE#         293
  C:006DH         LINE#         294
  C:0071H         LINE#         295
  C:0075H         LINE#         297
  C:0077H         LINE#         298
  C:007EH         LINE#         299
  C:0080H         LINE#         300
  C:0082H         LINE#         301
  C:0087H         LINE#         316
  C:0087H         LINE#         319
  C:0089H         LINE#         320
  -------         ENDPROC       _WRITECOMM
  C:373DH         SYMBOL        L?0477
  -------         PROC          L?0476
  -------         ENDPROC       L?0476
  C:373DH         SYMBOL        L?0477
  -------         PROC          _WRITEDATA
  D:0004H         SYMBOL        i
  -------         DO            
  D:0003H         SYMBOL        j
  D:0007H         SYMBOL        DataH
  -------         ENDDO         
  C:3742H         LINE#         322
  C:3746H         LINE#         323
  C:3746H         LINE#         325
  C:3748H         LINE#         326
  C:374AH         LINE#         467
BL51 BANKED LINKER/LOCATER V6.22                                                      03/07/2022  09:48:24  PAGE 23


  C:374AH         LINE#         471
  C:374CH         LINE#         472
  C:374EH         LINE#         473
  C:374EH         LINE#         478
  C:3752H         LINE#         479
  C:3756H         LINE#         481
  C:3758H         LINE#         482
  C:375CH         LINE#         483
  C:375EH         LINE#         484
  C:3760H         LINE#         485
  C:3765H         LINE#         486
  C:3767H         LINE#         487
  C:3769H         LINE#         488
  C:3769H         LINE#         489
  C:376DH         LINE#         490
  C:3771H         LINE#         492
  C:3773H         LINE#         493
  C:377AH         LINE#         494
  C:377CH         LINE#         495
  C:377EH         LINE#         496
  C:3783H         LINE#         511
  C:3783H         LINE#         514
  C:3785H         LINE#         515
  -------         ENDPROC       _WRITEDATA
  C:0003H         SYMBOL        L?0475
  -------         PROC          L?0474
  -------         ENDPROC       L?0474
  C:0003H         SYMBOL        L?0475
  -------         PROC          _WRITEDISPDATA
  D:0007H         SYMBOL        DataH
  D:0005H         SYMBOL        DataL
  -------         DO            
  D:0006H         SYMBOL        j
  -------         ENDDO         
  C:0018H         LINE#         517
  C:0018H         LINE#         518
  C:0018H         LINE#         520
  C:001AH         LINE#         594
  C:001AH         LINE#         595
  C:001CH         LINE#         596
  C:001EH         LINE#         597
  C:001EH         LINE#         598
  C:0022H         LINE#         599
  C:0024H         LINE#         600
  C:0026H         LINE#         601
  C:0028H         LINE#         602
  C:002DH         LINE#         604
  C:002FH         LINE#         605
  C:0031H         LINE#         606
  C:0031H         LINE#         607
  C:0035H         LINE#         608
  C:0037H         LINE#         609
  C:0039H         LINE#         610
  C:003BH         LINE#         611
  C:0040H         LINE#         636
  C:0040H         LINE#         639
  C:0042H         LINE#         640
BL51 BANKED LINKER/LOCATER V6.22                                                      03/07/2022  09:48:24  PAGE 24


  -------         ENDPROC       _WRITEDISPDATA
  -------         PROC          _WRITEONEDOT
  D:0004H         SYMBOL        color
  C:3AE5H         LINE#         642
  C:3AE9H         LINE#         643
  C:3AE9H         LINE#         656
  -------         ENDPROC       _WRITEONEDOT
  -------         PROC          LCD_INIT
  C:1BF3H         LINE#         665
  C:1BF3H         LINE#         666
  C:1BF3H         LINE#         667
  C:1BF6H         LINE#         670
  C:1BF8H         LINE#         671
  C:1BFFH         LINE#         673
  C:1C01H         LINE#         674
  C:1C08H         LINE#         676
  C:1C0AH         LINE#         677
  C:1C11H         LINE#         3412
  C:1C18H         LINE#         3413
  C:1C1DH         LINE#         3414
  C:1C1FH         LINE#         3416
  C:1C1FH         LINE#         3417
  C:1C22H         LINE#         3418
  C:1C27H         LINE#         3420
  C:1C2CH         LINE#         3421
  C:1C31H         LINE#         3422
  C:1C36H         LINE#         3424
  C:1C3BH         LINE#         3425
  C:1C40H         LINE#         3426
  C:1C45H         LINE#         3428
  C:1C47H         LINE#         3429
  C:1C4AH         LINE#         3430
  C:1C4FH         LINE#         3432
  C:1C54H         LINE#         3433
  C:1C59H         LINE#         3434
  C:1C5BH         LINE#         3436
  C:1C5BH         LINE#         3437
  C:1C5EH         LINE#         3438
  C:1C63H         LINE#         3440
  C:1C68H         LINE#         3441
  C:1C6DH         LINE#         3442
  C:1C72H         LINE#         3444
  C:1C77H         LINE#         3445
  C:1C7CH         LINE#         3446
  C:1C81H         LINE#         3448
  C:1C86H         LINE#         3449
  C:1C8BH         LINE#         3450
  C:1C90H         LINE#         3452
  C:1C95H         LINE#         3453
  C:1C9AH         LINE#         3454
  C:1C9FH         LINE#         3457
  C:1CA4H         LINE#         3458
  C:1CA9H         LINE#         3459
  C:1CAEH         LINE#         3461
  C:1CB3H         LINE#         3462
  C:1CB8H         LINE#         3463
  C:1CBDH         LINE#         3465
BL51 BANKED LINKER/LOCATER V6.22                                                      03/07/2022  09:48:24  PAGE 25


  C:1CC2H         LINE#         3466
  C:1CC7H         LINE#         3467
  C:1CCCH         LINE#         3469
  C:1CD1H         LINE#         3470
  C:1CD6H         LINE#         3471
  C:1CDBH         LINE#         3473
  C:1CE0H         LINE#         3474
  C:1CE5H         LINE#         3475
  C:1CEAH         LINE#         3477
  C:1CEFH         LINE#         3478
  C:1CF4H         LINE#         3479
  C:1CF9H         LINE#         3481
  C:1CFEH         LINE#         3482
  C:1D03H         LINE#         3483
  C:1D08H         LINE#         3485
  C:1D0DH         LINE#         3486
  C:1D12H         LINE#         3487
  C:1D17H         LINE#         3489
  C:1D1CH         LINE#         3490
  C:1D21H         LINE#         3491
  C:1D26H         LINE#         3494
  C:1D2BH         LINE#         3495
  C:1D30H         LINE#         3496
  C:1D35H         LINE#         3498
  C:1D3AH         LINE#         3499
  C:1D3FH         LINE#         3500
  C:1D44H         LINE#         3502
  C:1D49H         LINE#         3503
  C:1D4EH         LINE#         3504
  C:1D53H         LINE#         3506
  C:1D58H         LINE#         3507
  C:1D5DH         LINE#         3508
  C:1D62H         LINE#         3510
  C:1D67H         LINE#         3511
  C:1D6CH         LINE#         3512
  C:1D71H         LINE#         3514
  C:1D73H         LINE#         3515
  C:1D76H         LINE#         3516
  C:1D7BH         LINE#         3518
  -------         ENDPROC       LCD_INIT
  C:3341H         SYMBOL        L?0469
  C:334BH         SYMBOL        L?0470
  -------         PROC          L?0468
  -------         ENDPROC       L?0468
  C:3341H         SYMBOL        L?0469
  C:334BH         SYMBOL        L?0470
  -------         PROC          _?BLOCKWRITE
  p:0000H         SYMBOL        Xstart
  p:0002H         SYMBOL        Xend
  p:0004H         SYMBOL        Ystart
  p:0006H         SYMBOL        Yend
  C:3359H         LINE#         7936
  C:337AH         LINE#         7938
  C:3381H         LINE#         7939
  C:3386H         LINE#         7940
  C:338BH         LINE#         7941
  C:3390H         LINE#         7944
BL51 BANKED LINKER/LOCATER V6.22                                                      03/07/2022  09:48:24  PAGE 26


  C:3395H         LINE#         7945
  C:339AH         LINE#         7946
  C:339FH         LINE#         7947
  C:33A4H         LINE#         7949
  C:33A9H         LINE#         7950
  -------         ENDPROC       _?BLOCKWRITE
  -------         PROC          _DISPCOLOR
  D:0004H         SYMBOL        color
  -------         DO            
  X:0056H         SYMBOL        i
  D:0002H         SYMBOL        m
  X:0058H         SYMBOL        DataH
  D:0001H         SYMBOL        DataL
  -------         ENDDO         
  C:3810H         LINE#         7953
  C:3812H         LINE#         7954
  C:3812H         LINE#         7957
  C:3818H         LINE#         7959
  C:381BH         LINE#         7961
  C:381DH         LINE#         7962
  C:3823H         LINE#         7963
  C:3823H         LINE#         7964
  C:3826H         LINE#         7965
  C:3826H         LINE#         7966
  C:382FH         LINE#         7967
  C:383AH         LINE#         7968
  C:3850H         LINE#         7970
  C:3852H         LINE#         7971
  -------         ENDPROC       _DISPCOLOR
  -------         PROC          DISPFRAME
  -------         DO            
  D:0002H         SYMBOL        i
  X:0056H         SYMBOL        j
  D:0001H         SYMBOL        DataH
  D:0004H         SYMBOL        DataL
  -------         ENDDO         
  C:2B2DH         LINE#         7973
  C:2B2DH         LINE#         7974
  C:2B2DH         LINE#         7977
  C:2B30H         LINE#         7979
  C:2B32H         LINE#         7982
  C:2B36H         LINE#         7983
  C:2B3CH         LINE#         7985
  C:2B3EH         LINE#         7986
  C:2B3EH         LINE#         7987
  C:2B42H         LINE#         7988
  C:2B49H         LINE#         7989
  C:2B54H         LINE#         7991
  C:2B58H         LINE#         7992
  C:2B5EH         LINE#         7994
  C:2B64H         LINE#         7995
  C:2B64H         LINE#         7996
  C:2B68H         LINE#         7997
  C:2B6EH         LINE#         7999
  C:2B71H         LINE#         8000
  C:2B71H         LINE#         8001
  C:2B74H         LINE#         8002
BL51 BANKED LINKER/LOCATER V6.22                                                      03/07/2022  09:48:24  PAGE 27


  C:2B79H         LINE#         8003
  C:2B84H         LINE#         8005
  C:2B88H         LINE#         8006
  C:2B8EH         LINE#         8008
  C:2BA4H         LINE#         8010
  C:2BA8H         LINE#         8011
  C:2BAEH         LINE#         8013
  C:2BB1H         LINE#         8014
  C:2BB1H         LINE#         8015
  C:2BB5H         LINE#         8016
  C:2BBCH         LINE#         8017
  C:2BC7H         LINE#         8019
  C:2BCBH         LINE#         8020
  C:2BD1H         LINE#         8022
  C:2BD4H         LINE#         8023
  C:2BD6H         LINE#         8024
  -------         ENDPROC       DISPFRAME
  -------         PROC          DISPBAND
  -------         DO            
  D:0002H         SYMBOL        i
  X:0056H         SYMBOL        j
  X:0057H         SYMBOL        k
  X:0058H         SYMBOL        m
  X:0059H         SYMBOL        n
  D:0001H         SYMBOL        x
  -------         ENDDO         
  C:1ED1H         LINE#         8026
  C:1ED1H         LINE#         8027
  C:1ED1H         LINE#         8030
  C:1EDBH         LINE#         8031
  C:1EE4H         LINE#         8032
  C:1EE6H         LINE#         8034
  C:1EE9H         LINE#         8035
  C:1EF7H         LINE#         8036
  C:1EF7H         LINE#         8037
  C:1F0CH         LINE#         8038
  C:1F21H         LINE#         8039
  C:1F45H         LINE#         8040
  C:1F4CH         LINE#         8041
  C:1F5BH         LINE#         8042
  C:1F5BH         LINE#         8043
  C:1F70H         LINE#         8044
  C:1F85H         LINE#         8045
  C:1FA9H         LINE#         8046
  C:1FB0H         LINE#         8047
  C:1FC6H         LINE#         8048
  C:1FC6H         LINE#         8049
  C:1FDBH         LINE#         8050
  C:1FF0H         LINE#         8051
  C:2014H         LINE#         8052
  C:201BH         LINE#         8054
  C:201DH         LINE#         8055
  C:2020H         LINE#         8057
  -------         ENDPROC       DISPBAND
  -------         PROC          _DISPPIC
  D:0006H         SYMBOL        picture
  -------         DO            
BL51 BANKED LINKER/LOCATER V6.22                                                      03/07/2022  09:48:24  PAGE 28


  X:0014H         SYMBOL        p
  X:0017H         SYMBOL        n
  -------         ENDDO         
  C:3480H         LINE#         8060
  C:3480H         LINE#         8061
  C:3480H         LINE#         8064
  C:348FH         LINE#         8065
  C:348FH         LINE#         8066
  C:348FH         LINE#         8068
  C:349CH         LINE#         8070
  C:34AFH         LINE#         8071
  C:34AFH         LINE#         8072
  C:34CFH         LINE#         8073
  C:34DCH         LINE#         8075
  -------         ENDPROC       _DISPPIC
  -------         PROC          _DISPPICFROMSD
  D:0001H         SYMBOL        PicNum
  -------         DO            
  X:0019H         SYMBOL        Address_S
  X:001DH         SYMBOL        Address_E
  D:0002H         SYMBOL        i
  X:0021H         SYMBOL        k
  -------         ENDDO         
  C:25E7H         LINE#         8079
  C:25E9H         LINE#         8080
  C:25E9H         LINE#         8086
  C:25ECH         LINE#         8089
  C:25EEH         LINE#         8091
  C:25F0H         LINE#         8093
  C:25F9H         LINE#         8094
  C:2622H         LINE#         8095
  C:264BH         LINE#         8096
  C:266EH         LINE#         8097
  C:266EH         LINE#         8098
  C:267EH         LINE#         8100
  C:2687H         LINE#         8101
  C:2687H         LINE#         8103
  C:26A2H         LINE#         8104
  C:26ABH         LINE#         8105
  C:26CAH         LINE#         8107
  C:26CCH         LINE#         8145
  -------         ENDPROC       _DISPPICFROMSD
  -------         PROC          DISPSCALEHOR1
  -------         DO            
  X:0025H         SYMBOL        i
  X:0027H         SYMBOL        j
  D:0002H         SYMBOL        k
  -------         ENDDO         
  C:1643H         LINE#         8150
  C:1643H         LINE#         8151
  C:1643H         LINE#         8154
  C:1646H         LINE#         8157
  C:1648H         LINE#         8158
  C:1648H         LINE#         8159
  C:1668H         LINE#         8160
  C:166EH         LINE#         8161
  C:166EH         LINE#         8162
BL51 BANKED LINKER/LOCATER V6.22                                                      03/07/2022  09:48:24  PAGE 29


  C:1674H         LINE#         8163
  C:1674H         LINE#         8164
  C:1689H         LINE#         8165
  C:169FH         LINE#         8166
  C:16B5H         LINE#         8168
  C:16C0H         LINE#         8171
  C:16C3H         LINE#         8172
  C:16C3H         LINE#         8173
  C:16E3H         LINE#         8174
  C:16E9H         LINE#         8175
  C:16E9H         LINE#         8176
  C:16EFH         LINE#         8177
  C:16EFH         LINE#         8178
  C:171AH         LINE#         8179
  C:1730H         LINE#         8180
  C:1746H         LINE#         8181
  C:1754H         LINE#         8184
  C:1757H         LINE#         8185
  C:1757H         LINE#         8186
  C:1777H         LINE#         8187
  C:177DH         LINE#         8188
  C:177DH         LINE#         8189
  C:1783H         LINE#         8190
  C:1783H         LINE#         8191
  C:178DH         LINE#         8192
  C:17A3H         LINE#         8193
  C:17B9H         LINE#         8194
  C:17C4H         LINE#         8197
  C:17C7H         LINE#         8198
  C:17C7H         LINE#         8199
  C:17E7H         LINE#         8200
  C:17EDH         LINE#         8201
  C:17EDH         LINE#         8202
  C:17F3H         LINE#         8203
  C:17F3H         LINE#         8204
  C:1826H         LINE#         8205
  C:183CH         LINE#         8206
  C:1852H         LINE#         8207
  C:1860H         LINE#         8208
  C:1862H         LINE#         8209
  -------         ENDPROC       DISPSCALEHOR1
  -------         PROC          DISPSCALEVER
  -------         DO            
  X:0029H         SYMBOL        i
  X:002BH         SYMBOL        j
  D:0002H         SYMBOL        k
  -------         ENDDO         
  C:2293H         LINE#         8211
  C:2293H         LINE#         8212
  C:2293H         LINE#         8281
  C:2296H         LINE#         8283
  C:2298H         LINE#         8284
  C:2298H         LINE#         8285
  C:229EH         LINE#         8286
  C:229EH         LINE#         8287
  C:22A4H         LINE#         8288
  C:22BAH         LINE#         8289
BL51 BANKED LINKER/LOCATER V6.22                                                      03/07/2022  09:48:24  PAGE 30


  C:22C5H         LINE#         8291
  C:22C8H         LINE#         8292
  C:22C8H         LINE#         8294
  C:22CEH         LINE#         8295
  C:22CEH         LINE#         8297
  C:22D4H         LINE#         8298
  C:22D4H         LINE#         8299
  C:22E6H         LINE#         8300
  C:22FCH         LINE#         8302
  C:2302H         LINE#         8303
  C:2302H         LINE#         8304
  C:232AH         LINE#         8305
  C:2340H         LINE#         8307
  C:2346H         LINE#         8308
  C:2346H         LINE#         8309
  C:234DH         LINE#         8310
  C:2363H         LINE#         8312
  C:2369H         LINE#         8313
  C:2369H         LINE#         8314
  C:237DH         LINE#         8315
  C:2393H         LINE#         8317
  C:23ACH         LINE#         8319
  C:23BAH         LINE#         8321
  -------         ENDPROC       DISPSCALEVER
  -------         PROC          DISPSCALEVER_RED
  -------         DO            
  X:002DH         SYMBOL        i
  X:002FH         SYMBOL        j
  D:0002H         SYMBOL        k
  -------         ENDDO         
  C:2DA8H         LINE#         8323
  C:2DA8H         LINE#         8324
  C:2DA8H         LINE#         8327
  C:2DABH         LINE#         8329
  C:2DADH         LINE#         8331
  C:2DAFH         LINE#         8334
  C:2DB1H         LINE#         8335
  C:2DB1H         LINE#         8336
  C:2DB7H         LINE#         8337
  C:2DB7H         LINE#         8338
  C:2DBDH         LINE#         8339
  C:2DD3H         LINE#         8340
  C:2DDEH         LINE#         8342
  C:2DE1H         LINE#         8343
  C:2DE1H         LINE#         8344
  C:2DE7H         LINE#         8345
  C:2DE7H         LINE#         8347
  C:2DEDH         LINE#         8348
  C:2DEDH         LINE#         8349
  C:2DFFH         LINE#         8350
  C:2E15H         LINE#         8351
  C:2E2BH         LINE#         8353
  C:2E36H         LINE#         8355
  C:2E38H         LINE#         8356
  -------         ENDPROC       DISPSCALEVER_RED
  -------         PROC          DISPSCALEVER_GREEN
  -------         DO            
BL51 BANKED LINKER/LOCATER V6.22                                                      03/07/2022  09:48:24  PAGE 31


  X:0031H         SYMBOL        i
  X:0033H         SYMBOL        j
  D:0002H         SYMBOL        k
  -------         ENDDO         
  C:2BD7H         LINE#         8358
  C:2BD7H         LINE#         8359
  C:2BD7H         LINE#         8362
  C:2BDAH         LINE#         8364
  C:2BDCH         LINE#         8365
  C:2BDEH         LINE#         8368
  C:2BE0H         LINE#         8369
  C:2BE0H         LINE#         8370
  C:2BE6H         LINE#         8371
  C:2BE6H         LINE#         8372
  C:2BECH         LINE#         8374
  C:2C02H         LINE#         8375
  C:2C0DH         LINE#         8377
  C:2C10H         LINE#         8378
  C:2C10H         LINE#         8379
  C:2C16H         LINE#         8380
  C:2C16H         LINE#         8382
  C:2C1CH         LINE#         8383
  C:2C1CH         LINE#         8385
  C:2C3DH         LINE#         8386
  C:2C53H         LINE#         8387
  C:2C69H         LINE#         8389
  C:2C74H         LINE#         8391
  C:2C76H         LINE#         8392
  -------         ENDPROC       DISPSCALEVER_GREEN
  -------         PROC          DISPSCALEVER_BLUE
  -------         DO            
  X:0035H         SYMBOL        i
  X:0037H         SYMBOL        j
  D:0002H         SYMBOL        k
  -------         ENDDO         
  C:2FE5H         LINE#         8394
  C:2FE5H         LINE#         8395
  C:2FE5H         LINE#         8398
  C:2FE8H         LINE#         8400
  C:2FEAH         LINE#         8401
  C:2FECH         LINE#         8404
  C:2FEEH         LINE#         8405
  C:2FEEH         LINE#         8406
  C:2FF4H         LINE#         8407
  C:2FF4H         LINE#         8408
  C:2FFAH         LINE#         8409
  C:3010H         LINE#         8410
  C:301BH         LINE#         8412
  C:301EH         LINE#         8413
  C:301EH         LINE#         8414
  C:3024H         LINE#         8415
  C:3024H         LINE#         8417
  C:302AH         LINE#         8418
  C:302AH         LINE#         8419
  C:3031H         LINE#         8420
  C:3047H         LINE#         8421
  C:305DH         LINE#         8423
BL51 BANKED LINKER/LOCATER V6.22                                                      03/07/2022  09:48:24  PAGE 32


  C:3068H         LINE#         8425
  C:306AH         LINE#         8426
  -------         ENDPROC       DISPSCALEVER_BLUE
  -------         PROC          DISPSCALEVER_GRAY
  -------         DO            
  X:0039H         SYMBOL        i
  X:003BH         SYMBOL        j
  D:0002H         SYMBOL        k
  -------         ENDDO         
  C:2E39H         LINE#         8428
  C:2E39H         LINE#         8429
  C:2E39H         LINE#         8432
  C:2E3CH         LINE#         8434
  C:2E3EH         LINE#         8439
  C:2E40H         LINE#         8440
  C:2E40H         LINE#         8441
  C:2E46H         LINE#         8442
  C:2E46H         LINE#         8443
  C:2E4CH         LINE#         8445
  C:2E62H         LINE#         8446
  C:2E6DH         LINE#         8448
  C:2E70H         LINE#         8449
  C:2E70H         LINE#         8450
  C:2E76H         LINE#         8451
  C:2E76H         LINE#         8453
  C:2E7CH         LINE#         8454
  C:2E7CH         LINE#         8455
  C:2E90H         LINE#         8456
  C:2EA6H         LINE#         8457
  C:2EBCH         LINE#         8459
  C:2EC7H         LINE#         8461
  C:2EC9H         LINE#         8462
  -------         ENDPROC       DISPSCALEVER_GRAY
  -------         PROC          DISPGRAYHOR16
  -------         DO            
  X:0056H         SYMBOL        i
  D:0002H         SYMBOL        j
  X:0058H         SYMBOL        k
  -------         ENDDO         
  C:2C77H         LINE#         8464
  C:2C77H         LINE#         8465
  C:2C77H         LINE#         8468
  C:2C7AH         LINE#         8470
  C:2C7CH         LINE#         8471
  C:2C7EH         LINE#         8473
  C:2C84H         LINE#         8474
  C:2C84H         LINE#         8475
  C:2C8DH         LINE#         8476
  C:2C8DH         LINE#         8477
  C:2C93H         LINE#         8478
  C:2C9AH         LINE#         8480
  C:2C9DH         LINE#         8481
  C:2C9DH         LINE#         8482
  C:2CA3H         LINE#         8483
  C:2CA3H         LINE#         8484
  C:2CD5H         LINE#         8485
  C:2CEBH         LINE#         8486
BL51 BANKED LINKER/LOCATER V6.22                                                      03/07/2022  09:48:24  PAGE 33


  C:2CF6H         LINE#         8487
  C:2D0FH         LINE#         8489
  C:2D11H         LINE#         8490
  -------         ENDPROC       DISPGRAYHOR16
  -------         PROC          DISPGRAYHOR32
  -------         DO            
  X:003DH         SYMBOL        i
  D:0002H         SYMBOL        j
  X:003FH         SYMBOL        k
  -------         ENDDO         
  C:316EH         LINE#         8492
  C:316EH         LINE#         8493
  C:316EH         LINE#         8496
  C:3171H         LINE#         8498
  C:3173H         LINE#         8500
  C:3179H         LINE#         8501
  C:3179H         LINE#         8502
  C:3182H         LINE#         8503
  C:3182H         LINE#         8504
  C:3188H         LINE#         8505
  C:318FH         LINE#         8507
  C:3192H         LINE#         8508
  C:3192H         LINE#         8509
  C:3198H         LINE#         8510
  C:3198H         LINE#         8511
  C:31ACH         LINE#         8512
  C:31C2H         LINE#         8513
  C:31CDH         LINE#         8514
  C:31E3H         LINE#         8516
  C:31E5H         LINE#         8517
  -------         ENDPROC       DISPGRAYHOR32
  -------         PROC          DISPSCALEHOR2
  -------         DO            
  X:0041H         SYMBOL        j
  D:0002H         SYMBOL        k
  -------         ENDDO         
  C:1A39H         LINE#         8519
  C:1A39H         LINE#         8520
  C:1A39H         LINE#         8523
  C:1A3CH         LINE#         8525
  C:1A3EH         LINE#         8526
  C:1A3EH         LINE#         8527
  C:1A44H         LINE#         8528
  C:1A61H         LINE#         8529
  C:1A6CH         LINE#         8530
  C:1A6FH         LINE#         8531
  C:1A6FH         LINE#         8532
  C:1A75H         LINE#         8533
  C:1A92H         LINE#         8534
  C:1A9DH         LINE#         8535
  C:1AA0H         LINE#         8536
  C:1AA0H         LINE#         8537
  C:1AA6H         LINE#         8538
  C:1AC3H         LINE#         8539
  C:1ACEH         LINE#         8540
  C:1AD1H         LINE#         8541
  C:1AD1H         LINE#         8542
BL51 BANKED LINKER/LOCATER V6.22                                                      03/07/2022  09:48:24  PAGE 34


  C:1AD7H         LINE#         8543
  C:1AF4H         LINE#         8544
  C:1AFFH         LINE#         8545
  C:1B02H         LINE#         8546
  C:1B02H         LINE#         8547
  C:1B08H         LINE#         8548
  C:1B25H         LINE#         8549
  C:1B30H         LINE#         8550
  C:1B33H         LINE#         8551
  C:1B33H         LINE#         8552
  C:1B39H         LINE#         8553
  C:1B56H         LINE#         8554
  C:1B61H         LINE#         8555
  C:1B64H         LINE#         8556
  C:1B64H         LINE#         8557
  C:1B6AH         LINE#         8558
  C:1B87H         LINE#         8559
  C:1B92H         LINE#         8560
  C:1B95H         LINE#         8561
  C:1B95H         LINE#         8562
  C:1B9BH         LINE#         8563
  C:1BB7H         LINE#         8564
  C:1BC2H         LINE#         8565
  C:1BC5H         LINE#         8566
  C:1BC5H         LINE#         8567
  C:1BCBH         LINE#         8568
  C:1BE7H         LINE#         8569
  C:1BF2H         LINE#         8571
  -------         ENDPROC       DISPSCALEHOR2
  -------         PROC          _TOORD
  D:0007H         SYMBOL        ch
  C:34DDH         LINE#         8676
  C:34DDH         LINE#         8677
  C:34DDH         LINE#         8678
  C:34E3H         LINE#         8679
  C:34E3H         LINE#         8680
  C:34E5H         LINE#         8681
  C:34E7H         LINE#         8682
  C:34F3H         LINE#         8683
  C:34F3H         LINE#         8684
  C:34F7H         LINE#         8685
  C:34F9H         LINE#         8686
  C:3505H         LINE#         8687
  C:3505H         LINE#         8688
  C:3509H         LINE#         8689
  C:350BH         LINE#         8690
  C:3517H         LINE#         8691
  C:3517H         LINE#         8692
  C:351BH         LINE#         8693
  C:351DH         LINE#         8694
  C:3529H         LINE#         8695
  C:3529H         LINE#         8696
  C:352DH         LINE#         8697
  C:352FH         LINE#         8698
  C:3535H         LINE#         8699
  C:3535H         LINE#         8700
  C:3537H         LINE#         8701
BL51 BANKED LINKER/LOCATER V6.22                                                      03/07/2022  09:48:24  PAGE 35


  C:3537H         LINE#         8703
  C:3537H         LINE#         8704
  -------         ENDPROC       _TOORD
  C:27A2H         SYMBOL        L?0472
  C:27BAH         SYMBOL        L?0473
[...]
  C:130FH         LINE#         310
  C:130FH         LINE#         311
  C:130FH         LINE#         312
  C:130FH         LINE#         313
  C:130FH         LINE#         314
  C:131AH         LINE#         315
  C:131AH         LINE#         316
  C:1320H         LINE#         317
  C:132FH         LINE#         318
  C:132FH         LINE#         319
  C:1334H         LINE#         320
  C:1337H         LINE#         321
  C:1346H         LINE#         322
  C:1346H         LINE#         323
  C:135BH         LINE#         324
  C:1360H         LINE#         325
  C:1368H         LINE#         326
  C:1372H         LINE#         327
  C:1380H         LINE#         328
  C:138EH         LINE#         329
  C:1390H         LINE#         331
  C:1390H         LINE#         332
  C:1395H         LINE#         333
  C:1398H         LINE#         334
  C:13B0H         LINE#         335
  C:13B0H         LINE#         336
  C:13C9H         LINE#         337
  C:13CEH         LINE#         338
  C:13D6H         LINE#         339
  C:13DDH         LINE#         340
  C:13E2H         LINE#         341
  C:13E2H         LINE#         342
  C:13F6H         LINE#         343
  C:13F6H         LINE#         344
  C:13FDH         LINE#         345
  C:1402H         LINE#         346
  C:1402H         LINE#         347
  C:1410H         LINE#         348
  C:1410H         LINE#         349
  -------         ENDPROC       USBXCORE_HANDLE_SETUP
  -------         PROC          USBXCORE_FORCE_STALL
  C:3A26H         LINE#         356
  C:3A26H         LINE#         358
BL51 BANKED LINKER/LOCATER V6.22                                                      03/07/2022  09:48:24  PAGE 44


  C:3A31H         LINE#         359
  C:3A3CH         LINE#         360
  C:3A42H         LINE#         361
  -------         ENDPROC       USBXCORE_FORCE_STALL
  -------         PROC          USBXCORE_GET_STATUS
  C:32CEH         LINE#         367
  C:32CEH         LINE#         369
  C:32DDH         LINE#         370
  C:32DDH         LINE#         371
  C:32DDH         LINE#         372
  C:32DDH         LINE#         373
  C:32DDH         LINE#         374
  C:32DFH         LINE#         375
  C:32DFH         LINE#         379
  C:32DFH         LINE#         381
  C:32EDH         LINE#         385
  C:32EDH         LINE#         386
  C:32EDH         LINE#         387
  C:32EDH         LINE#         388
  C:32EFH         LINE#         390
  C:32EFH         LINE#         392
  C:32FDH         LINE#         396
  C:32FDH         LINE#         397
  C:330AH         LINE#         398
  C:330AH         LINE#         399
  C:330CH         LINE#         401
  C:330CH         LINE#         402
  C:331AH         LINE#         403
  C:3323H         LINE#         404
  C:3323H         LINE#         405
  C:3323H         LINE#         406
  C:3325H         LINE#         407
  C:3325H         LINE#         408
  C:3328H         LINE#         409
  C:3328H         LINE#         410
  C:3328H         LINE#         411
  C:3330H         LINE#         412
  C:3330H         LINE#         413
  C:3333H         LINE#         414
  C:3339H         LINE#         415
  C:3340H         LINE#         416
  C:3340H         LINE#         417
  -------         ENDPROC       USBXCORE_GET_STATUS
  -------         PROC          USBXCORE_CLEAR_FEATURE
  C:3592H         LINE#         423
  C:3592H         LINE#         425
  C:3598H         LINE#         426
  C:3598H         LINE#         428
  C:359FH         LINE#         429
  C:359FH         LINE#         430
  C:35AAH         LINE#         436
  C:35B5H         LINE#         437
  C:35BAH         LINE#         438
  C:35BCH         LINE#         440
  C:35BCH         LINE#         442
  C:35C7H         LINE#         446
  C:35D2H         LINE#         447
BL51 BANKED LINKER/LOCATER V6.22                                                      03/07/2022  09:48:24  PAGE 45


  C:35D7H         LINE#         448
  C:35D7H         LINE#         449
  C:35D9H         LINE#         451
  C:35D9H         LINE#         452
  C:35DCH         LINE#         453
  C:35DCH         LINE#         454
  C:35E7H         LINE#         455
  -------         ENDPROC       USBXCORE_CLEAR_FEATURE
  -------         PROC          USBXCORE_VENDOR_USB_API
  C:26CDH         LINE#         462
  C:26CDH         LINE#         464
  C:26D7H         LINE#         465
  C:26D7H         LINE#         466
  C:26DEH         LINE#         467
  C:26DEH         LINE#         468
  C:26E1H         LINE#         469
  C:26E4H         LINE#         470
  C:26E6H         LINE#         472
  C:26E6H         LINE#         473
  C:26EDH         LINE#         474
  C:26EDH         LINE#         477
  C:26F8H         LINE#         482
  C:2703H         LINE#         483
  C:270EH         LINE#         485
  C:270EH         LINE#         486
  C:2721H         LINE#         487
  C:2721H         LINE#         488
  C:2725H         LINE#         489
  C:2730H         LINE#         491
  C:2730H         LINE#         492
  C:2743H         LINE#         493
  C:2743H         LINE#         494
  C:2747H         LINE#         495
  C:2752H         LINE#         497
  C:2758H         LINE#         498
  C:2760H         LINE#         499
  C:2760H         LINE#         500
  C:2763H         LINE#         501
  C:2763H         LINE#         502
  C:2763H         LINE#         503
  C:276EH         LINE#         504
  C:276EH         LINE#         505
  C:2774H         LINE#         506
  C:277BH         LINE#         507
  C:277BH         LINE#         508
  C:277FH         LINE#         509
  C:277FH         LINE#         510
  C:2785H         LINE#         511
  C:278CH         LINE#         512
  C:278CH         LINE#         513
  C:2797H         LINE#         514
  -------         ENDPROC       USBXCORE_VENDOR_USB_API
  -------         PROC          USBXCORE_SET_FEATURE
  C:35EAH         LINE#         521
  C:35EAH         LINE#         523
  C:35F0H         LINE#         524
  C:35F0H         LINE#         526
BL51 BANKED LINKER/LOCATER V6.22                                                      03/07/2022  09:48:24  PAGE 46


  C:35F7H         LINE#         527
  C:35F7H         LINE#         528
  C:3602H         LINE#         534
  C:360DH         LINE#         535
  C:3610H         LINE#         536
  C:3612H         LINE#         538
  C:3612H         LINE#         540
  C:361DH         LINE#         544
  C:3628H         LINE#         545
  C:362EH         LINE#         546
  C:362EH         LINE#         548
  C:3630H         LINE#         550
  C:3630H         LINE#         551
  C:3633H         LINE#         552
  C:3633H         LINE#         553
  C:363EH         LINE#         554
  -------         ENDPROC       USBXCORE_SET_FEATURE
  -------         PROC          USBXCORE_SET_ADDRESS
  C:39E7H         LINE#         561
  C:39E7H         LINE#         563
  C:39F6H         LINE#         564
  C:39FCH         LINE#         565
  C:39FCH         LINE#         566
  C:39FFH         LINE#         567
  C:3A01H         LINE#         569
  C:3A01H         LINE#         570
  C:3A04H         LINE#         571
  C:3A04H         LINE#         572
  -------         ENDPROC       USBXCORE_SET_ADDRESS
  -------         PROC          USBXCORE_GET_DESCRIPTOR
  C:29CCH         LINE#         579
  C:29CCH         LINE#         580
  C:29DBH         LINE#         581
  C:29DBH         LINE#         582
  C:29DBH         LINE#         583
  C:29E9H         LINE#         584
  C:29EDH         LINE#         585
  C:29EFH         LINE#         586
  C:29EFH         LINE#         587
  C:29FDH         LINE#         588
  C:2A10H         LINE#         589
  C:2A12H         LINE#         590
  C:2A12H         LINE#         591
  C:2A36H         LINE#         592
  C:2A42H         LINE#         593
  C:2A44H         LINE#         594
  C:2A44H         LINE#         595
  C:2A47H         LINE#         596
  C:2A47H         LINE#         597
  C:2A47H         LINE#         598
  C:2A5DH         LINE#         599
  C:2A5DH         LINE#         600
  C:2A65H         LINE#         601
  C:2A65H         LINE#         602
  C:2A6DH         LINE#         603
  C:2A6DH         LINE#         604
  C:2A70H         LINE#         605
BL51 BANKED LINKER/LOCATER V6.22                                                      03/07/2022  09:48:24  PAGE 47


  C:2A76H         LINE#         606
  C:2A7DH         LINE#         607
  C:2A7DH         LINE#         608
  -------         ENDPROC       USBXCORE_GET_DESCRIPTOR
  -------         PROC          USBXCORE_GET_CONFIGURATION
  C:3786H         LINE#         614
  C:3786H         LINE#         616
  C:378EH         LINE#         617
  C:378EH         LINE#         618
  C:379AH         LINE#         619
  C:37A2H         LINE#         620
  C:37A2H         LINE#         621
  C:37A6H         LINE#         622
  C:37A6H         LINE#         623
  C:37B4H         LINE#         624
  C:37BCH         LINE#         625
  C:37BCH         LINE#         626
  C:37BFH         LINE#         627
  C:37C5H         LINE#         628
  C:37CCH         LINE#         629
  -------         ENDPROC       USBXCORE_GET_CONFIGURATION
  -------         PROC          USBXCORE_SET_CONFIGURATION
  C:3538H         LINE#         635
  C:3538H         LINE#         637
  C:3541H         LINE#         638
  C:3541H         LINE#         639
  C:3548H         LINE#         640
  C:354EH         LINE#         641
  C:3553H         LINE#         642
  C:3555H         LINE#         644
  C:3560H         LINE#         645
  C:356BH         LINE#         646
  C:3576H         LINE#         653
  C:3581H         LINE#         654
  C:3583H         LINE#         656
  C:3583H         LINE#         657
  C:3589H         LINE#         658
  C:358DH         LINE#         659
  C:358FH         LINE#         660
  C:358FH         LINE#         661
  -------         ENDPROC       USBXCORE_SET_CONFIGURATION
  -------         PROC          USBXCORE_GET_INTERFACE
  C:3978H         LINE#         668
  C:3978H         LINE#         670
  C:3986H         LINE#         671
  C:398EH         LINE#         672
  C:3991H         LINE#         673
  C:3997H         LINE#         674
  C:399EH         LINE#         675
  -------         ENDPROC       USBXCORE_GET_INTERFACE
  -------         PROC          USBXCORE_SET_SOP
  C:3A88H         LINE#         682
  C:3A88H         LINE#         684
  C:3A90H         LINE#         685
  C:3A90H         LINE#         686
  C:3A9BH         LINE#         687
  C:3A9BH         LINE#         688
BL51 BANKED LINKER/LOCATER V6.22                                                      03/07/2022  09:48:24  PAGE 48


  -------         ENDPROC       USBXCORE_SET_SOP
  -------         PROC          USBXCORE_USB_ISR
  C:1D80H         LINE#         699
  C:1D9DH         LINE#         702
  C:1DA3H         LINE#         703
  C:1DB6H         LINE#         706
  C:1DC9H         LINE#         709
  C:1DCDH         LINE#         710
  C:1DCDH         LINE#         711
  C:1DD8H         LINE#         712
  C:1DD8H         LINE#         714
  C:1DDFH         LINE#         715
  C:1DDFH         LINE#         716
  C:1DE2H         LINE#         717
  C:1DE2H         LINE#         719
  C:1DE9H         LINE#         720
  C:1DE9H         LINE#         721
  C:1DF6H         LINE#         722
  C:1DF6H         LINE#         723
  C:1DFDH         LINE#         724
  C:1DFDH         LINE#         725
  C:1DFDH         LINE#         727
  C:1DFDH         LINE#         728
  C:1DFDH         LINE#         730
  C:1DFDH         LINE#         732
  C:1E10H         LINE#         734
  C:1E14H         LINE#         735
  C:1E14H         LINE#         736
  C:1E17H         LINE#         737
  C:1E17H         LINE#         740
  C:1E1EH         LINE#         741
  C:1E1EH         LINE#         742
  C:1E29H         LINE#         748
  C:1E3CH         LINE#         749
  C:1E41H         LINE#         750
  C:1E41H         LINE#         751
  C:1E48H         LINE#         752
  C:1E48H         LINE#         754
  C:1E48H         LINE#         756
  C:1E5BH         LINE#         759
  C:1E5FH         LINE#         760
  C:1E5FH         LINE#         761
  C:1E6AH         LINE#         767
  C:1E7DH         LINE#         768
  C:1E81H         LINE#         769
  C:1E81H         LINE#         770
  C:1E88H         LINE#         771
  C:1E88H         LINE#         772
  C:1E88H         LINE#         775
  C:1E96H         LINE#         776
  C:1E9BH         LINE#         777
  C:1EA1H         LINE#         778
  C:1EA6H         LINE#         781
  C:1EB3H         LINE#         782
  C:1EB3H         LINE#         783
  C:1EB6H         LINE#         784
  C:1EB6H         LINE#         785
BL51 BANKED LINKER/LOCATER V6.22                                                      03/07/2022  09:48:24  PAGE 49


  -------         ENDPROC       USBXCORE_USB_ISR
  -------         ENDMOD        USB_API

  -------         MODULE        USB_SUSPEND
  C:0000H         SYMBOL        _ICE_DUMMY_
  D:00D7H         PUBLIC        USB0XCN
  D:00C9H         PUBLIC        REG0CN
  C:3926H         PUBLIC        USB_Suspend
  D:00A9H         PUBLIC        CLKSEL
  D:00B2H         PUBLIC        OSCICN
  D:00B9H         PUBLIC        CLKMUL
  -------         PROC          USB_SUSPEND
  C:3926H         LINE#         70
  C:3926H         LINE#         72
  C:3929H         LINE#         74
  C:392CH         LINE#         76
  C:3934H         LINE#         79
  C:3937H         LINE#         80
  C:393AH         LINE#         81
  C:393DH         LINE#         82
  C:3940H         LINE#         84
  C:3941H         LINE#         86
  C:3944H         LINE#         88
  C:394AH         LINE#         92
  C:394DH         LINE#         94
  C:3950H         LINE#         95
  -------         ENDPROC       USB_SUSPEND
  -------         ENDMOD        USB_SUSPEND

  -------         MODULE        USB_INT_ENABLE
  C:0000H         SYMBOL        _ICE_DUMMY_
  C:3A43H         PUBLIC        USB_Int_Enable
  D:0096H         PUBLIC        USB0ADR
  D:0097H         PUBLIC        USB0DAT
  -------         PROC          USB_INT_ENABLE
  C:3A43H         LINE#         68
  C:3A43H         LINE#         71
  C:3A4AH         LINE#         73
  C:3A50H         LINE#         74
  C:3A50H         LINE#         75
  C:3A5BH         LINE#         77
  C:3A5BH         LINE#         78
  -------         ENDPROC       USB_INT_ENABLE
  -------         ENDMOD        USB_INT_ENABLE

  -------         MODULE        USB_CLOCK_RECOVERY
  C:0000H         SYMBOL        _ICE_DUMMY_
  C:3ACEH         PUBLIC        USBXcore_ClkRec
  D:0096H         PUBLIC        USB0ADR
  D:0097H         PUBLIC        USB0DAT
  -------         PROC          USBXCORE_CLKREC
  C:3ACEH         LINE#         45
  C:3ACEH         LINE#         47
  C:3AD9H         LINE#         48
  -------         ENDPROC       USBXCORE_CLKREC
  -------         ENDMOD        USB_CLOCK_RECOVERY

BL51 BANKED LINKER/LOCATER V6.22                                                      03/07/2022  09:48:24  PAGE 50


  -------         MODULE        ?C?FPMUL
  C:0C99H         PUBLIC        ?C?FPMUL
  -------         ENDMOD        ?C?FPMUL

  -------         MODULE        ?C?FCAST
  C:0DA9H         PUBLIC        ?C?FCASTC
  C:0DA4H         PUBLIC        ?C?FCASTI
  C:0D9FH         PUBLIC        ?C?FCASTL
  -------         ENDMOD        ?C?FCAST

  -------         MODULE        ?C?CASTF
  C:0DDDH         PUBLIC        ?C?CASTF
  -------         ENDMOD        ?C?CASTF

  -------         MODULE        ?C?COPY
  C:0F2EH         PUBLIC        ?C?COPY
  -------         ENDMOD        ?C?COPY

  -------         MODULE        ?C?CLDPTR
  C:0F54H         PUBLIC        ?C?CLDPTR
  -------         ENDMOD        ?C?CLDPTR

  -------         MODULE        ?C?CLDOPTR
  C:0F6DH         PUBLIC        ?C?CLDOPTR
  -------         ENDMOD        ?C?CLDOPTR

  -------         MODULE        ?C?IMUL
  C:0F9AH         PUBLIC        ?C?IMUL
  -------         ENDMOD        ?C?IMUL

  -------         MODULE        ?C?IILDX
  C:0FACH         PUBLIC        ?C?IILDX
  -------         ENDMOD        ?C?IILDX

  -------         MODULE        ?C?ILDOPTR
  C:0FC2H         PUBLIC        ?C?ILDOPTR
  -------         ENDMOD        ?C?ILDOPTR

  -------         MODULE        ?C?LMUL
  C:0FFAH         PUBLIC        ?C?LMUL
  -------         ENDMOD        ?C?LMUL

  -------         MODULE        ?C?ULDIV
  C:1085H         PUBLIC        ?C?ULDIV
  -------         ENDMOD        ?C?ULDIV

  -------         MODULE        ?C?LNEG
  C:1117H         PUBLIC        ?C?LNEG
  -------         ENDMOD        ?C?LNEG

  -------         MODULE        ?C?ULCMP
  C:1125H         PUBLIC        ?C?ULCMP
  -------         ENDMOD        ?C?ULCMP

  -------         MODULE        ?C?ULSHR
  C:1136H         PUBLIC        ?C?ULSHR
  -------         ENDMOD        ?C?ULSHR
BL51 BANKED LINKER/LOCATER V6.22                                                      03/07/2022  09:48:24  PAGE 51



  -------         MODULE        ?C?LSHL
  C:1149H         PUBLIC        ?C?LSHL
  -------         ENDMOD        ?C?LSHL

  -------         MODULE        ?C?LLDIPDATA
  C:1165H         PUBLIC        ?C?LLDIPDATA
  C:115CH         PUBLIC        ?C?LLDIPDATA1
  C:115EH         PUBLIC        ?C?LLDIPDATA8
  -------         ENDMOD        ?C?LLDIPDATA

  -------         MODULE        ?C?LSTXDATA
  C:117CH         PUBLIC        ?C?LSTXDATA
  -------         ENDMOD        ?C?LSTXDATA

  -------         MODULE        ?C?LSTPDATA
  C:1188H         PUBLIC        ?C?LSTPDATA
  -------         ENDMOD        ?C?LSTPDATA

  -------         MODULE        ?C?LSTKXDATA
  C:1194H         PUBLIC        ?C?LSTKXDATA
  -------         ENDMOD        ?C?LSTKXDATA

  -------         MODULE        ?C?LSTKPDATA
  C:11C5H         PUBLIC        ?C?LSTKPDATA
  -------         ENDMOD        ?C?LSTKPDATA

  -------         MODULE        ?C_PBP
  D:0008H         PUBLIC        ?C_PBP
  -------         ENDMOD        ?C_PBP

*** WARNING L14: INCOMPATIBLE MEMORY MODEL
    MODULE:  .\USBX_F34X.LIB (USB_API)
    MODEL:   SMALL

*** WARNING L14: INCOMPATIBLE MEMORY MODEL
    MODULE:  .\USBX_F34X.LIB (USB_SUSPEND)
    MODEL:   SMALL

*** WARNING L14: INCOMPATIBLE MEMORY MODEL
    MODULE:  .\USBX_F34X.LIB (USB_INT_ENABLE)
    MODEL:   SMALL

*** WARNING L14: INCOMPATIBLE MEMORY MODEL
    MODULE:  .\USBX_F34X.LIB (USB_CLOCK_RECOVERY)
    MODEL:   SMALL

*** WARNING L16: UNCALLED SEGMENT, IGNORED FOR OVERLAY PROCESS
    SEGMENT: ?PR?SD_INIT?MMC_SD

*** WARNING L16: UNCALLED SEGMENT, IGNORED FOR OVERLAY PROCESS
    SEGMENT: ?PR?_DISPPIC?LCD

*** WARNING L16: UNCALLED SEGMENT, IGNORED FOR OVERLAY PROCESS
    SEGMENT: ?PR?_DISPPICFROMSD?LCD

*** WARNING L16: UNCALLED SEGMENT, IGNORED FOR OVERLAY PROCESS
BL51 BANKED LINKER/LOCATER V6.22                                                      03/07/2022  09:48:24  PAGE 52


    SEGMENT: ?PR?DISPSCALEHOR1?LCD

*** WARNING L16: UNCALLED SEGMENT, IGNORED FOR OVERLAY PROCESS
    SEGMENT: ?PR?DISPSCALEVER?LCD

*** WARNING L16: UNCALLED SEGMENT, IGNORED FOR OVERLAY PROCESS
    SEGMENT: ?PR?DISPSCALEVER_RED?LCD

*** WARNING L16: UNCALLED SEGMENT, IGNORED FOR OVERLAY PROCESS
    SEGMENT: ?PR?DISPSCALEVER_GREEN?LCD

*** WARNING L16: UNCALLED SEGMENT, IGNORED FOR OVERLAY PROCESS
    SEGMENT: ?PR?DISPSCALEVER_BLUE?LCD

*** WARNING L16: UNCALLED SEGMENT, IGNORED FOR OVERLAY PROCESS
    SEGMENT: ?PR?DISPSCALEVER_GRAY?LCD

*** WARNING L16: UNCALLED SEGMENT, IGNORED FOR OVERLAY PROCESS
    SEGMENT: ?PR?DISPGRAYHOR32?LCD

*** WARNING L16: UNCALLED SEGMENT, IGNORED FOR OVERLAY PROCESS
    SEGMENT: ?PR?DISPSCALEHOR2?LCD

*** WARNING L16: UNCALLED SEGMENT, IGNORED FOR OVERLAY PROCESS
    SEGMENT: ?PR?_DRAWGIRD?LCD

Program Size: data=10.0 xdata=1214 code=15096
LINK/LOCATE RUN COMPLETE.  16 WARNING(S),  0 ERROR(S)
