BL51 BANKED LINKER/LOCATER V6.22                                                        08/05/2021  15:48:41  PAGE 1


BL51 BANKED LINKER/LOCATER V6.22, INVOKED BY:
D:\KEIL\C51\BIN\BL51.EXE main.obj, mmc_sd.obj, lcd.obj, tp.obj, .\USBX_F34X.LIB TO GC9304_ZT_CTC24_4W1L RAMSIZE (256)


MEMORY MODEL: COMPACT WITH FLOATING POINT ARITHMETIC


INPUT MODULES INCLUDED:
  main.obj (MAIN)
  mmc_sd.obj (MMC_SD)
  lcd.obj (LCD)
  tp.obj (TP)
  .\USBX_F34X.LIB (USB_API)
  .\USBX_F34X.LIB (USB_CLOCK_START)
  .\USBX_F34X.LIB (USB_SUSPEND)
  .\USBX_F34X.LIB (GET_INTERRUPT_SOURCE)
  .\USBX_F34X.LIB (BLOCK_READ)
  .\USBX_F34X.LIB (BLOCK_WRITE)
  .\USBX_F34X.LIB (USB_INT_ENABLE)
  .\USBX_F34X.LIB (USB_CLOCK_RECOVERY)
  .\USBX_F34X.LIB (USB_JUMP_ISR)
  D:\KEIL\C51\LIB\C51FPC.LIB (?C?FPMUL)
  D:\KEIL\C51\LIB\C51FPC.LIB (?C?FCAST)
  D:\KEIL\C51\LIB\C51FPC.LIB (?C?CASTF)
  D:\KEIL\C51\LIB\C51FPC.LIB (?C?FPGETOPN)
  D:\KEIL\C51\LIB\C51C.LIB (?C_STARTUP)
  D:\KEIL\C51\LIB\C51C.LIB (?C?COPY)
  D:\KEIL\C51\LIB\C51C.LIB (?C?CLDPTR)
  D:\KEIL\C51\LIB\C51C.LIB (?C?CLDOPTR)
  D:\KEIL\C51\LIB\C51C.LIB (?C?IMUL)
  D:\KEIL\C51\LIB\C51C.LIB (?C?IILDX)
  D:\KEIL\C51\LIB\C51C.LIB (?C?ILDOPTR)
  D:\KEIL\C51\LIB\C51C.LIB (?C?LMUL)
  D:\KEIL\C51\LIB\C51C.LIB (?C?ULDIV)
  D:\KEIL\C51\LIB\C51C.LIB (?C?LNEG)
  D:\KEIL\C51\LIB\C51C.LIB (?C?ULCMP)
  D:\KEIL\C51\LIB\C51C.LIB (?C?ULSHR)
  D:\KEIL\C51\LIB\C51C.LIB (?C?LSHL)
  D:\KEIL\C51\LIB\C51C.LIB (?C?LLDIPDATA)
  D:\KEIL\C51\LIB\C51C.LIB (?C?LSTXDATA)
  D:\KEIL\C51\LIB\C51C.LIB (?C?LSTPDATA)
  D:\KEIL\C51\LIB\C51C.LIB (?C?LSTKXDATA)
  D:\KEIL\C51\LIB\C51C.LIB (?C?LSTKPDATA)
  D:\KEIL\C51\LIB\C51C.LIB (?C_PBP)
  D:\KEIL\C51\LIB\C51C.LIB (?C_INIT)


LINK MAP OF MODULE:  GC9304_ZT_CTC24_4W1L (MAIN)


            TYPE    BASE      LENGTH    RELOCATION   SEGMENT NAME
            -----------------------------------------------------

            * * * * * * *   D A T A   M E M O R Y   * * * * * * *
            REG     0000H     0008H     ABSOLUTE     "REG BANK 0"
            DATA    0008H     0001H     UNIT         ?C?LIB_DATA
            IDATA   0009H     0001H     UNIT         ?STACK

BL51 BANKED LINKER/LOCATER V6.22                                                      08/05/2021  15:48:41  PAGE 2


            * * * * * * *  X D A T A   M E M O R Y  * * * * * * *
            XDATA   0000H     0010H     INPAGE       ?PD?MAIN
            XDATA   0010H     0004H     INPAGE       ?PD?_MMC_SD_READSINGLEBLOCK?MMC_SD
            XDATA   0014H     0005H     INPAGE       ?PD?_DISPPIC?LCD
            XDATA   0019H     000DH     INPAGE       ?PD?_DISPPICFROMSD?LCD
            XDATA   0026H     0004H     INPAGE       ?PD?DISPSCALEHOR1?LCD
            XDATA   002AH     0004H     INPAGE       ?PD?DISPSCALEVER?LCD
            XDATA   002EH     0004H     INPAGE       ?PD?DISPSCALEVER_RED?LCD
            XDATA   0032H     0004H     INPAGE       ?PD?DISPSCALEVER_GREEN?LCD
            XDATA   0036H     0004H     INPAGE       ?PD?DISPSCALEVER_BLUE?LCD
            XDATA   003AH     0004H     INPAGE       ?PD?DISPSCALEVER_GRAY?LCD
            XDATA   003EH     0004H     INPAGE       ?PD?DISPGRAYHOR32?LCD
            XDATA   0042H     0002H     INPAGE       ?PD?DISPSCALEHOR2?LCD
            XDATA   0044H     000CH     INPAGE       ?PD?_DRAWLINE?LCD
            XDATA   0050H     0004H     INPAGE       ?PD?_DRAWGIRD?LCD
            XDATA   0054H     0002H     INPAGE       ?PD?LCD
            XDATA   0056H     0024H     INPAGE       _PDATA_GROUP_
            XDATA   007AH     0200H     UNIT         ?XD?MMC_SD
            XDATA   027AH     0058H     UNIT         _XDATA_GROUP_
            XDATA   02D2H     0040H     UNIT         ?XD?MAIN
                    0312H     032EH                  *** GAP ***
            XDATA   0640H     0100H     ABSOLUTE     
            XDATA   0740H     0012H     ABSOLUTE     
            XDATA   0752H     0020H     ABSOLUTE     
            XDATA   0772H     000CH     ABSOLUTE     
            XDATA   077EH     0008H     ABSOLUTE     
            XDATA   0786H     0001H     ABSOLUTE     
            XDATA   0787H     0003H     ABSOLUTE     
            XDATA   078AH     0002H     ABSOLUTE     
            XDATA   078CH     0002H     ABSOLUTE     
            XDATA   078EH     0003H     ABSOLUTE     
            XDATA   0791H     0001H     ABSOLUTE     
            XDATA   0792H     0001H     ABSOLUTE     
            XDATA   0793H     0001H     ABSOLUTE     
            XDATA   0794H     0001H     ABSOLUTE     
            XDATA   0795H     0002H     ABSOLUTE     
            XDATA   0797H     0002H     ABSOLUTE     
            XDATA   0799H     0001H     ABSOLUTE     
            XDATA   079AH     0001H     ABSOLUTE     
            XDATA   079BH     0001H     ABSOLUTE     
            XDATA   079CH     0001H     ABSOLUTE     
            XDATA   079DH     0001H     ABSOLUTE     
            XDATA   079EH     0001H     ABSOLUTE     
            XDATA   079FH     0002H     ABSOLUTE     
            XDATA   07A1H     0001H     ABSOLUTE     
            XDATA   07A2H     0001H     ABSOLUTE     
            XDATA   07A3H     000CH     ABSOLUTE     
                    07AFH     0011H                  *** GAP ***
            XDATA   07C0H     0040H     ABSOLUTE     

            * * * * * * *   C O D E   M E M O R Y   * * * * * * *
            CODE    0000H     0003H     ABSOLUTE     
            CODE    0003H     0040H     UNIT         ?PR?_WRITEDISPDATA?LCD
            CODE    0043H     0003H     ABSOLUTE     
            CODE    0046H     0044H     UNIT         ?PR?_DISPCOLOR?LCD
                    008AH     0001H                  *** GAP ***
            CODE    008BH     0003H     ABSOLUTE     
BL51 BANKED LINKER/LOCATER V6.22                                                      08/05/2021  15:48:41  PAGE 3


            CODE    008EH     A600H     UNIT         ?CO?LCD
            CODE    A68EH     060CH     UNIT         ?PR?CONNTOUSB?MAIN
            CODE    AC9AH     0545H     UNIT         ?C?LIB_CODE
            CODE    B1DFH     0233H     UNIT         ?PR?USBXCORE_HANDLE_SETUP?USB_API
            CODE    B412H     0232H     UNIT         ?PR?_LCD_READ_IC_ID?LCD
            CODE    B644H     0228H     UNIT         ?PR?DISPSCALEHOR1?LCD
            CODE    B86CH     01F4H     UNIT         ?PR?LCD_INIT?LCD
            CODE    BA60H     01BCH     UNIT         ?PR?DISPSCALEHOR2?LCD
            CODE    BC1CH     01A0H     UNIT         ?PR?TP_DRAWLINE?TP
            CODE    BDBCH     0190H     UNIT         ?PR?DISPBAND?LCD
            CODE    BF4CH     0151H     UNIT         ?PR?USBXCORE_USB_ISR?USB_API
            CODE    C09DH     013DH     UNIT         ?PR?USB_API_TEST_ISR?MAIN
            CODE    C1DAH     0137H     UNIT         ?PR?_USB_INIT?USB_API
            CODE    C311H     012AH     UNIT         ?PR?DISPSCALEVER?LCD
            CODE    C43BH     011BH     UNIT         ?PR?_TP_GETPOSITION?TP
            CODE    C556H     0111H     UNIT         ?PR?_BLOCK_WRITE?BLOCK_WRITE
            CODE    C667H     00E9H     UNIT         ?PR?_DISPPICFROMSD?LCD
            CODE    C750H     00CDH     UNIT         ?PR?USBXCORE_VENDOR_USB_API?USB_API
            CODE    C81DH     00CBH     UNIT         ?PR?_DISPONECHAR?LCD
            CODE    C8E8H     00B7H     UNIT         ?PR?MMC_SD_RESET?MMC_SD
            CODE    C99FH     00B3H     UNIT         ?PR?_DISPINT?LCD
            CODE    CA52H     00B2H     UNIT         ?PR?USBXCORE_GET_DESCRIPTOR?USB_API
            CODE    CB04H     00AFH     UNIT         ?PR?_BLOCK_READ?BLOCK_READ
            CODE    CBB3H     00AAH     UNIT         ?PR?DISPFRAME?LCD
            CODE    CC5DH     00A2H     UNIT         ?PR?DISPSCALEVER_GREEN?LCD
            CODE    CCFFH     009BH     UNIT         ?PR?DISPGRAYHOR16?LCD
            CODE    CD9AH     0099H     UNIT         ?PR?_?BLOCKWRITE?LCD
            CODE    CE33H     0096H     UNIT         ?PR?_DISPSTR?LCD
            CODE    CEC9H     0093H     UNIT         ?PR?DISPSCALEVER_RED?LCD
            CODE    CF5CH     0093H     UNIT         ?PR?DISPSCALEVER_GRAY?LCD
            CODE    CFEFH     0090H     UNIT         ?PR?_DRAWGIRD?LCD
            CODE    D07FH     008CH     UNIT         ?C_C51STARTUP
            CODE    D10BH     0088H     UNIT         ?PR?DISPSCALEVER_BLUE?LCD
            CODE    D193H     0086H     UNIT         ?PR?_DRAWLINE?LCD
            CODE    D219H     007DH     UNIT         ?PR?_MMC_SD_WRITESINGLEBLOCK?MMC_SD
            CODE    D296H     0076H     UNIT         ?PR?DISPGRAYHOR32?LCD
            CODE    D30CH     0075H     UNIT         ?PR?_MMC_SD_SENDCOMMAND?MMC_SD
            CODE    D381H     0073H     UNIT         ?PR?TP_READ?TP
            CODE    D3F4H     0073H     UNIT         ?PR?USBXCORE_GET_STATUS?USB_API
            CODE    D467H     006CH     UNIT         ?PR?DEVICES_INIT?MAIN
            CODE    D4D3H     0064H     UNIT         ?PR?_MMC_SD_READSINGLEBLOCK?MMC_SD
            CODE    D537H     0061H     UNIT         ?PR?_DISPPIC?LCD
            CODE    D598H     005BH     UNIT         ?PR?_TOORD?LCD
            CODE    D5F3H     005AH     UNIT         ?PR?USBXCORE_SET_CONFIGURATION?USB_API
            CODE    D64DH     0058H     UNIT         ?PR?USBXCORE_CLEAR_FEATURE?USB_API
            CODE    D6A5H     0057H     UNIT         ?PR?USBXCORE_SET_FEATURE?USB_API
            CODE    D6FCH     0055H     UNIT         ?PR?_STOPDELAY?MAIN
            CODE    D751H     0052H     UNIT         ?PR?_PUTPIXEL?LCD
            CODE    D7A3H     0050H     UNIT         ?CO?MAIN
            CODE    D7F3H     0047H     UNIT         ?PR?USBXCORE_GET_CONFIGURATION?USB_API
            CODE    D83AH     0043H     UNIT         ?PR?MCU_INIT?MAIN
            CODE    D87DH     003AH     UNIT         ?CO?USB_API
            CODE    D8B7H     0038H     UNIT         ?PR?USB_CLOCK_START?USB_CLOCK_START
            CODE    D8EFH     0033H     UNIT         ?PR?MAIN?MAIN
            CODE    D922H     002FH     UNIT         ?PR?_WRITEDATA?LCD
            CODE    D951H     002DH     UNIT         ?C_INITSEG
            CODE    D97EH     002BH     UNIT         ?PR?_WRITECOMM?LCD
BL51 BANKED LINKER/LOCATER V6.22                                                      08/05/2021  15:48:41  PAGE 4


            CODE    D9A9H     002BH     UNIT         ?PR?USB_SUSPEND?USB_SUSPEND
            CODE    D9D4H     0027H     UNIT         ?PR?USBXCORE_USB_RESET?USB_API
            CODE    D9FBH     0027H     UNIT         ?PR?USBXCORE_GET_INTERFACE?USB_API
            CODE    DA22H     0026H     UNIT         ?PR?_TP_WRITE?TP
            CODE    DA48H     0022H     UNIT         ?PR?USBXCORE_JUMP_ISR?USB_JUMP_ISR
            CODE    DA6AH     0020H     UNIT         ?PR?USBXCORE_SET_ADDRESS?USB_API
            CODE    DA8AH     001FH     UNIT         ?PR?_DELAY?MAIN
            CODE    DAA9H     001DH     UNIT         ?PR?USBXCORE_FORCE_STALL?USB_API
            CODE    DAC6H     0019H     UNIT         ?PR?USB_INT_ENABLE?USB_INT_ENABLE
            CODE    DADFH     0016H     UNIT         ?PR?_SPI_WRITEBYTE?MMC_SD
            CODE    DAF5H     0016H     UNIT         ?PR?READDATA?LCD
            CODE    DB0BH     0014H     UNIT         ?PR?USBXCORE_SET_SOP?USB_API
            CODE    DB1FH     0013H     UNIT         ?PR?WAITKEY?MAIN
            CODE    DB32H     0011H     UNIT         ?PR?SD_INIT?MMC_SD
            CODE    DB43H     000EH     UNIT         ?PR?GET_INTERRUPT_SOURCE?GET_INTERRUPT_SOURCE
            CODE    DB51H     000CH     UNIT         ?PR?USBXCORE_CLKREC?USB_CLOCK_RECOVERY
            CODE    DB5DH     000BH     UNIT         ?PR?SPI_READBYTE?MMC_SD
            CODE    DB68H     0009H     UNIT         ?PR?_WRITEONEDOT?LCD
            CODE    DB71H     0003H     UNIT         ?PR?SUSPEND_DEVICE?MAIN



OVERLAY MAP OF MODULE:   GC9304_ZT_CTC24_4W1L (MAIN)


SEGMENT                                            PDATA_GROUP         XDATA_GROUP
  +--> CALLED SEGMENT                            START    LENGTH     START    LENGTH
------------------------------------------------------------------------------------
?PR?USB_API_TEST_ISR?MAIN                        0056H    0001H      -----    -----
  +--> ?PR?GET_INTERRUPT_SOURCE?GET_INTERRUP...
  +--> ?PR?_BLOCK_READ?BLOCK_READ
  +--> ?PR?SUSPEND_DEVICE?MAIN
  +--> ?PR?MCU_INIT?MAIN
  +--> ?PR?_?BLOCKWRITE?LCD

?PR?SUSPEND_DEVICE?MAIN                          -----    -----      -----    -----
  +--> ?PR?USB_SUSPEND?USB_SUSPEND

?PR?USB_SUSPEND?USB_SUSPEND                      -----    -----      -----    -----
  +--> ?PR?USB_CLOCK_START?USB_CLOCK_START

?PR?_?BLOCKWRITE?LCD                             -----    -----      -----    -----
  +--> ?PR?_WRITECOMM?LCD
  +--> ?PR?_WRITEDATA?LCD

?PR?_WRITECOMM?LCD                               0079H    0001H      -----    -----

?PR?_WRITEDATA?LCD                               0079H    0001H      -----    -----

*** NEW ROOT ***************************************************

?PR?USBXCORE_USB_ISR?USB_API                     -----    -----      -----    -----
  +--> ?PR?USBXCORE_USB_RESET?USB_API
  +--> ?PR?USBXCORE_HANDLE_SETUP?USB_API
  +--> ?PR?USBXCORE_JUMP_ISR?USB_JUMP_ISR

?PR?USBXCORE_HANDLE_SETUP?USB_API                -----    -----      -----    -----
BL51 BANKED LINKER/LOCATER V6.22                                                      08/05/2021  15:48:41  PAGE 5


  +--> ?PR?USBXCORE_GET_STATUS?USB_API
  +--> ?PR?USBXCORE_CLEAR_FEATURE?USB_API
  +--> ?PR?USBXCORE_VENDOR_USB_API?USB_API
  +--> ?PR?USBXCORE_SET_FEATURE?USB_API
  +--> ?PR?USBXCORE_SET_ADDRESS?USB_API
  +--> ?PR?USBXCORE_GET_DESCRIPTOR?USB_API
  +--> ?PR?USBXCORE_GET_CONFIGURATION?USB_API
  +--> ?PR?USBXCORE_SET_CONFIGURATION?USB_API
  +--> ?PR?USBXCORE_GET_INTERFACE?USB_API
  +--> ?PR?USBXCORE_SET_SOP?USB_API
  +--> ?PR?USBXCORE_FORCE_STALL?USB_API

?PR?USBXCORE_GET_STATUS?USB_API                  -----    -----      -----    -----
  +--> ?CO?USB_API
  +--> ?PR?USBXCORE_FORCE_STALL?USB_API
  +--> ?PR?USBXCORE_SET_SOP?USB_API

?PR?USBXCORE_CLEAR_FEATURE?USB_API               -----    -----      -----    -----
  +--> ?PR?USBXCORE_FORCE_STALL?USB_API
  +--> ?PR?USBXCORE_SET_SOP?USB_API

?PR?USBXCORE_VENDOR_USB_API?USB_API              -----    -----      -----    -----
  +--> ?PR?USBXCORE_SET_SOP?USB_API

?PR?USBXCORE_SET_FEATURE?USB_API                 -----    -----      -----    -----
  +--> ?PR?USBXCORE_FORCE_STALL?USB_API
  +--> ?PR?USBXCORE_SET_SOP?USB_API

?PR?USBXCORE_SET_ADDRESS?USB_API                 -----    -----      -----    -----
  +--> ?PR?USBXCORE_SET_SOP?USB_API

?PR?USBXCORE_GET_DESCRIPTOR?USB_API              -----    -----      -----    -----
  +--> ?PR?USBXCORE_FORCE_STALL?USB_API
  +--> ?PR?USBXCORE_SET_SOP?USB_API

?PR?USBXCORE_GET_CONFIGURATION?USB_API           -----    -----      -----    -----
  +--> ?CO?USB_API
  +--> ?PR?USBXCORE_SET_SOP?USB_API

?PR?USBXCORE_SET_CONFIGURATION?USB_API           -----    -----      -----    -----
  +--> ?PR?USBXCORE_SET_SOP?USB_API

?PR?USBXCORE_GET_INTERFACE?USB_API               -----    -----      -----    -----
  +--> ?CO?USB_API
  +--> ?PR?USBXCORE_SET_SOP?USB_API

*** NEW ROOT ***************************************************

?C_C51STARTUP                                    -----    -----      -----    -----
  +--> ?PR?MAIN?MAIN
  +--> ?C_INITSEG

?PR?MAIN?MAIN                                    -----    -----      -----    -----
  +--> ?PR?DEVICES_INIT?MAIN
  +--> ?PR?DISPFRAME?LCD
  +--> ?PR?_STOPDELAY?MAIN
  +--> ?PR?WAITKEY?MAIN
BL51 BANKED LINKER/LOCATER V6.22                                                      08/05/2021  15:48:41  PAGE 6


  +--> ?PR?DISPBAND?LCD
  +--> ?PR?DISPGRAYHOR16?LCD
  +--> ?PR?_DISPCOLOR?LCD
  +--> ?PR?TP_DRAWLINE?TP

?PR?DEVICES_INIT?MAIN                            -----    -----      -----    -----
  +--> ?PR?MCU_INIT?MAIN
  +--> ?PR?USB_CLOCK_START?USB_CLOCK_START
  +--> ?CO?MAIN
  +--> ?PR?_USB_INIT?USB_API
  +--> ?PR?USB_INT_ENABLE?USB_INT_ENABLE
  +--> ?PR?LCD_INIT?LCD

?PR?_USB_INIT?USB_API                            -----    -----      027AH    0011H
  +--> ?CO?USB_API
  +--> ?PR?USBXCORE_CLKREC?USB_CLOCK_RECOVERY

?PR?LCD_INIT?LCD                                 -----    -----      -----    -----
  +--> ?PR?READDATA?LCD
  +--> ?PR?_DELAY?MAIN
  +--> ?PR?_WRITECOMM?LCD
  +--> ?PR?_WRITEDATA?LCD

?PR?READDATA?LCD                                 -----    -----      -----    -----
  +--> ?PR?_LCD_READ_IC_ID?LCD

?PR?_LCD_READ_IC_ID?LCD                          0061H    0008H      -----    -----

?PR?DISPFRAME?LCD                                0058H    0002H      -----    -----
  +--> ?PR?_?BLOCKWRITE?LCD
  +--> ?PR?_WRITEDISPDATA?LCD

?PR?_STOPDELAY?MAIN                              0058H    0004H      -----    -----
  +--> ?PR?WAITKEY?MAIN
  +--> ?PR?_DELAY?MAIN

?PR?WAITKEY?MAIN                                 -----    -----      -----    -----
  +--> ?PR?CONNTOUSB?MAIN
  +--> ?PR?_DELAY?MAIN

?PR?CONNTOUSB?MAIN                               005CH    0005H      027AH    0058H
  +--> ?CO?MAIN
  +--> ?PR?_WRITECOMM?LCD
  +--> ?PR?_WRITEDATA?LCD
  +--> ?PR?_DISPSTR?LCD
  +--> ?PR?_DISPINT?LCD
  +--> ?PR?_WRITEDISPDATA?LCD
  +--> ?PR?_MMC_SD_WRITESINGLEBLOCK?MMC_SD
  +--> ?PR?_BLOCK_WRITE?BLOCK_WRITE
  +--> ?PR?READDATA?LCD
  +--> ?PR?_DELAY?MAIN

?PR?_DISPSTR?LCD                                 0061H    000BH      -----    -----
  +--> ?PR?_TOORD?LCD
  +--> ?PR?_DISPONECHAR?LCD

?PR?_DISPONECHAR?LCD                             006CH    000DH      -----    -----
BL51 BANKED LINKER/LOCATER V6.22                                                      08/05/2021  15:48:41  PAGE 7


  +--> ?PR?_?BLOCKWRITE?LCD
  +--> ?CO?LCD
  +--> ?PR?_WRITEONEDOT?LCD

?PR?_WRITEONEDOT?LCD                             -----    -----      -----    -----
  +--> ?PR?_WRITEDISPDATA?LCD

?PR?_DISPINT?LCD                                 0061H    000AH      -----    -----
  +--> ?PR?_DISPONECHAR?LCD

?PR?_MMC_SD_WRITESINGLEBLOCK?MMC_SD              0061H    0004H      -----    -----
  +--> ?PR?_MMC_SD_SENDCOMMAND?MMC_SD
  +--> ?PR?_SPI_WRITEBYTE?MMC_SD

?PR?_MMC_SD_SENDCOMMAND?MMC_SD                   0065H    0005H      -----    -----
  +--> ?PR?_SPI_WRITEBYTE?MMC_SD

?PR?DISPBAND?LCD                                 0058H    0005H      -----    -----
  +--> ?PR?_?BLOCKWRITE?LCD
  +--> ?PR?_WRITEDISPDATA?LCD

?PR?DISPGRAYHOR16?LCD                            0058H    0004H      -----    -----
  +--> ?PR?_?BLOCKWRITE?LCD
  +--> ?PR?_WRITEDISPDATA?LCD

?PR?_DISPCOLOR?LCD                               0058H    0004H      -----    -----
  +--> ?PR?_?BLOCKWRITE?LCD
  +--> ?PR?_WRITEDISPDATA?LCD

?PR?TP_DRAWLINE?TP                               -----    -----      027AH    0018H
  +--> ?PR?_DISPCOLOR?LCD
  +--> ?PR?_DELAY?MAIN
  +--> ?PR?_TP_GETPOSITION?TP
  +--> ?PR?_PUTPIXEL?LCD

?PR?_TP_GETPOSITION?TP                           -----    -----      0292H    001BH
  +--> ?PR?_TP_WRITE?TP
  +--> ?PR?TP_READ?TP

?PR?_TP_WRITE?TP                                 -----    -----      02ADH    0001H

?PR?TP_READ?TP                                   -----    -----      02ADH    0005H

?PR?_PUTPIXEL?LCD                                0058H    0002H      -----    -----
  +--> ?PR?_?BLOCKWRITE?LCD
  +--> ?PR?_WRITEDISPDATA?LCD



SYMBOL TABLE OF MODULE:  GC9304_ZT_CTC24_4W1L (MAIN)

  VALUE           TYPE          NAME
  ----------------------------------

  -------         MODULE        MAIN
  C:0000H         SYMBOL        _ICE_DUMMY_
  D:0080H         PUBLIC        P0
BL51 BANKED LINKER/LOCATER V6.22                                                      08/05/2021  15:48:41  PAGE 8


  X:0000H         PUBLIC        f_down
  D:0090H         PUBLIC        P1
  D:00A0H         PUBLIC        P2
  D:00B0H         PUBLIC        P3
  C:D7EEH         PUBLIC        USB_MaxPower
  B:00B0H.6       PUBLIC        KEY_STEP
  D:00A4H         PUBLIC        P0MDOUT
  D:00A5H         PUBLIC        P1MDOUT
  D:00A6H         PUBLIC        P2MDOUT
  D:00A7H         PUBLIC        P3MDOUT
  D:00AEH         PUBLIC        P4MDOUT
  B:0080H.6       PUBLIC        OE
  D:00D9H         PUBLIC        PCA0MD
  C:C09DH         PUBLIC        USB_API_TEST_ISR
  C:DB71H         PUBLIC        Suspend_Device
  C:D700H         PUBLIC        _StopDelay
  D:00E1H         PUBLIC        XBR0
  D:00E2H         PUBLIC        XBR1
  B:00B0H.1       PUBLIC        RS
  C:D8EFH         PUBLIC        main
  X:0001H         PUBLIC        VerifyCode0
  X:0002H         PUBLIC        VerifyCode1
  C:D7B8H         PUBLIC        USB_PID
  X:0003H         PUBLIC        VerifyCode2
  D:00F1H         PUBLIC        P0MDIN
  D:00F2H         PUBLIC        P1MDIN
  C:D7BAH         PUBLIC        USB_MfrStr
  D:00F4H         PUBLIC        P3MDIN
  C:D7B6H         PUBLIC        USB_VID
  D:00F8H         PUBLIC        SPI0CN
  X:0004H         PUBLIC        pic
  C:D467H         PUBLIC        Devices_Init
  C:A68EH         PUBLIC        ConnToUSB
  D:00A9H         PUBLIC        CLKSEL
  D:00B2H         PUBLIC        OSCICN
  C:D7EFH         PUBLIC        USB_PwAttributes
  C:DB1FH         PUBLIC        WaitKey
  C:D7F2H         SYMBOL        _?ix1000
  B:00B0H.0       PUBLIC        CS0
  X:0005H         PUBLIC        bf
  C:D7F0H         PUBLIC        USB_bcdDevice
  D:00B9H         PUBLIC        CLKMUL
  X:0007H         PUBLIC        f_debug
  X:0008H         PUBLIC        sd
  X:02D2H         PUBLIC        Packet
  C:D83AH         PUBLIC        MCU_Init
  B:0080H.7       PUBLIC        DIR
  D:00EFH         PUBLIC        RSTSRC
  X:000CH         PUBLIC        f_read
  C:D7E4H         PUBLIC        USB_SerialStr
  X:000DH         PUBLIC        f_other
  C:D7D4H         PUBLIC        USB_ProductStr
  X:000EH         PUBLIC        f_para
  D:00A1H         PUBLIC        SPI0CFG
  C:DA8AH         PUBLIC        _Delay
  B:00B0H.7       PUBLIC        KEY_Stop
  X:000FH         PUBLIC        f_init
BL51 BANKED LINKER/LOCATER V6.22                                                      08/05/2021  15:48:41  PAGE 9


  -------         PROC          MAIN
  C:D8EFH         LINE#         40
  C:D8EFH         LINE#         41
  C:D8EFH         LINE#         46
  C:D8F2H         LINE#         48
  C:D8F5H         LINE#         49
  C:D8F5H         LINE#         54
  C:D8FEH         LINE#         59
  C:D907H         LINE#         60
  C:D910H         LINE#         61
  C:D91CH         LINE#         82
  C:D91FH         LINE#         84
  C:D921H         LINE#         85
  -------         ENDPROC       MAIN
  -------         PROC          _DELAY
  D:0006H         SYMBOL        dly
  -------         DO            
  D:0004H         SYMBOL        i
  D:0002H         SYMBOL        j
  -------         ENDDO         
  C:DA8AH         LINE#         88
  C:DA8AH         LINE#         89
  C:DA8AH         LINE#         92
  C:DA94H         LINE#         93
  C:DAA8H         LINE#         94
  -------         ENDPROC       _DELAY
  C:D6FCH         SYMBOL        L?0133
  -------         PROC          L?0132
  -------         ENDPROC       L?0132
  C:D6FCH         SYMBOL        L?0133
  -------         PROC          _STOPDELAY
  X:0058H         SYMBOL        sdly
  -------         DO            
  D:0006H         SYMBOL        i
  D:0004H         SYMBOL        j
  X:005AH         SYMBOL        k
  -------         ENDDO         
  C:D700H         LINE#         96
  C:D707H         LINE#         97
  C:D707H         LINE#         99
  C:D70CH         LINE#         100
  C:D70CH         LINE#         101
  C:D70FH         LINE#         102
  C:D70FH         LINE#         103
  C:D71CH         LINE#         104
  C:D730H         LINE#         105
  C:D730H         LINE#         107
  C:D730H         LINE#         108
  C:D73AH         LINE#         109
  C:D73AH         LINE#         110
  C:D750H         LINE#         111
  -------         ENDPROC       _STOPDELAY
  -------         PROC          WAITKEY
  C:DB1FH         LINE#         140
  C:DB1FH         LINE#         141
  C:DB1FH         LINE#         143
  C:DB22H         LINE#         144
BL51 BANKED LINKER/LOCATER V6.22                                                      08/05/2021  15:48:41  PAGE 10


  C:DB22H         LINE#         146
  C:DB25H         LINE#         148
  C:DB27H         LINE#         149
  C:DB2EH         LINE#         150
  C:DB31H         LINE#         152
  -------         ENDPROC       WAITKEY
  -------         PROC          CONNTOUSB
  -------         DO            
  X:005CH         SYMBOL        i
  X:027AH         SYMBOL        reg_data
  X:0292H         SYMBOL        para_data
  D:0007H         SYMBOL        dat
  X:005DH         SYMBOL        reg_index
  X:005FH         SYMBOL        data_num
  X:0060H         SYMBOL        st
  -------         ENDDO         
  C:A68EH         LINE#         158
  C:A68EH         LINE#         159
  C:A68EH         LINE#         166
  C:A6A1H         LINE#         168
  C:A6A9H         LINE#         169
  C:A6A9H         LINE#         170
  C:A6B7H         LINE#         171
  C:A6B7H         LINE#         172
  C:A6C8H         LINE#         173
  C:A6C8H         LINE#         174
  C:A6EEH         LINE#         175
  C:A6F0H         LINE#         176
  C:A704H         LINE#         177
  C:A704H         LINE#         178
  C:A72AH         LINE#         180
  C:A72AH         LINE#         181
  C:A72AH         LINE#         182
  C:A72AH         LINE#         184
  C:A72AH         LINE#         185
  C:A732H         LINE#         186
  C:A73CH         LINE#         187
  C:A746H         LINE#         189
  C:A762H         LINE#         191
  C:A76CH         LINE#         192
  C:A76CH         LINE#         193
  C:A77DH         LINE#         194
  C:A77DH         LINE#         195
  C:A78EH         LINE#         196
  C:A78EH         LINE#         197
  C:A7E1H         LINE#         198
  C:A7E3H         LINE#         199
  C:A7F9H         LINE#         200
  C:A7F9H         LINE#         201
  C:A84BH         LINE#         202
  C:A84BH         LINE#         203
  C:A84BH         LINE#         204
  C:A84BH         LINE#         206
  C:A84BH         LINE#         207
  C:A853H         LINE#         208
  C:A853H         LINE#         209
  C:A85DH         LINE#         210
BL51 BANKED LINKER/LOCATER V6.22                                                      08/05/2021  15:48:41  PAGE 11


  C:A867H         LINE#         212
  C:A86BH         LINE#         213
  C:A86EH         LINE#         217
  C:A876H         LINE#         218
  C:A876H         LINE#         219
  C:A885H         LINE#         220
  C:A885H         LINE#         221
  C:A887H         LINE#         223
  C:A889H         LINE#         224
  C:A8A5H         LINE#         225
  C:A8A7H         LINE#         227
  C:A8D0H         LINE#         228
  C:A8F4H         LINE#         229
  C:A8FEH         LINE#         230
  C:A8FEH         LINE#         231
  C:A906H         LINE#         232
  C:A90DH         LINE#         233
  C:A918H         LINE#         234
  C:A91EH         LINE#         235
  C:A91EH         LINE#         236
  C:A927H         LINE#         238
  C:A92BH         LINE#         239
  C:A937H         LINE#         240
  C:A93AH         LINE#         243
  C:A942H         LINE#         244
  C:A942H         LINE#         245
  C:A94BH         LINE#         246
  C:A94BH         LINE#         247
  C:A95BH         LINE#         248
  C:A95BH         LINE#         249
  C:A95DH         LINE#         251
  C:A95FH         LINE#         252
  C:A97BH         LINE#         253
  C:A97DH         LINE#         255
  C:A9A6H         LINE#         256
  C:A9CAH         LINE#         258
  C:A9D4H         LINE#         259
  C:A9D4H         LINE#         260
  C:A9DCH         LINE#         261
  C:A9E3H         LINE#         262
  C:A9EEH         LINE#         263
  C:A9F4H         LINE#         264
  C:A9F4H         LINE#         266
  C:A9FDH         LINE#         272
  C:A9FDH         LINE#         273
  C:AA0AH         LINE#         274
  C:AA0AH         LINE#         275
  C:AA0CH         LINE#         277
  C:AA0EH         LINE#         278
  C:AA2AH         LINE#         279
  C:AA2CH         LINE#         281
  C:AA34H         LINE#         282
  C:AA38H         LINE#         283
  C:AA44H         LINE#         284
  C:AA44H         LINE#         285
  C:AA47H         LINE#         288
  C:AA4FH         LINE#         289
BL51 BANKED LINKER/LOCATER V6.22                                                      08/05/2021  15:48:41  PAGE 12


  C:AA4FH         LINE#         290
  C:AA60H         LINE#         291
  C:AA60H         LINE#         292
  C:AA6DH         LINE#         293
  C:AA6DH         LINE#         294
  C:AA8BH         LINE#         295
  C:AA8DH         LINE#         296
  C:AA9DH         LINE#         297
  C:AA9DH         LINE#         298
  C:AABBH         LINE#         299
  C:AABDH         LINE#         300
  C:AACEH         LINE#         301
  C:AACEH         LINE#         302
  C:AAD8H         LINE#         303
  C:AAE2H         LINE#         304
  C:AAE2H         LINE#         305
  C:AAE2H         LINE#         306
  C:AAE2H         LINE#         308
  C:AAE2H         LINE#         309
  C:AAEBH         LINE#         310
  C:AAEFH         LINE#         311
  C:AAFBH         LINE#         312
  C:AAFEH         LINE#         315
  C:AB06H         LINE#         316
  C:AB06H         LINE#         317
  C:AB13H         LINE#         318
  C:AB24H         LINE#         320
  C:AB2DH         LINE#         321
  C:AB3CH         LINE#         323
  C:AB44H         LINE#         324
  C:AB44H         LINE#         325
  C:AB4DH         LINE#         326
  C:AB5CH         LINE#         327
  C:AB5CH         LINE#         328
  C:AB5FH         LINE#         329
  C:AB6EH         LINE#         330
  C:AB7AH         LINE#         331
  C:AB80H         LINE#         332
  C:AB80H         LINE#         334
  C:AB84H         LINE#         335
  C:AB93H         LINE#         337
  C:AB9AH         LINE#         338
  C:ABB6H         LINE#         339
  C:ABC0H         LINE#         340
  C:ABC0H         LINE#         341
  C:ABE6H         LINE#         342
  C:ABF9H         LINE#         343
  C:ABF9H         LINE#         344
  C:AC4BH         LINE#         345
  C:AC53H         LINE#         346
  C:AC53H         LINE#         347
  C:AC53H         LINE#         350
  C:AC58H         LINE#         351
  C:AC58H         LINE#         352
  C:AC65H         LINE#         353
  C:AC76H         LINE#         355
  C:AC7CH         LINE#         356
BL51 BANKED LINKER/LOCATER V6.22                                                      08/05/2021  15:48:41  PAGE 13


  C:AC80H         LINE#         357
  C:AC83H         LINE#         358
  C:AC87H         LINE#         360
  C:AC8BH         LINE#         361
  C:AC97H         LINE#         362
  C:AC99H         LINE#         363
  -------         ENDPROC       CONNTOUSB
  -------         PROC          MCU_INIT
  -------         DO            
  D:0007H         SYMBOL        n
  -------         ENDDO         
  C:D83AH         LINE#         366
  C:D83AH         LINE#         367
  C:D83AH         LINE#         369
  C:D83DH         LINE#         372
  C:D840H         LINE#         373
  C:D843H         LINE#         375
  C:D846H         LINE#         377
  C:D84CH         LINE#         379
  C:D84FH         LINE#         380
  C:D854H         LINE#         381
  C:D857H         LINE#         383
  C:D85AH         LINE#         386
  C:D85DH         LINE#         387
  C:D860H         LINE#         389
  C:D863H         LINE#         390
  C:D866H         LINE#         392
  C:D869H         LINE#         393
  C:D86CH         LINE#         395
  C:D86FH         LINE#         396
  C:D872H         LINE#         397
  C:D874H         LINE#         398
  C:D876H         LINE#         400
  C:D879H         LINE#         401
  C:D87CH         LINE#         403
  -------         ENDPROC       MCU_INIT
  -------         PROC          DEVICES_INIT
  C:D467H         LINE#         405
  C:D467H         LINE#         406
  C:D467H         LINE#         408
  C:D46AH         LINE#         411
  C:D46DH         LINE#         412
  C:D4C7H         LINE#         413
  C:D4CAH         LINE#         416
  C:D4CDH         LINE#         417
  C:D4D0H         LINE#         425
  -------         ENDPROC       DEVICES_INIT
  -------         PROC          SUSPEND_DEVICE
  C:DB71H         LINE#         429
  C:DB71H         LINE#         430
  C:DB71H         LINE#         431
  -------         ENDPROC       SUSPEND_DEVICE
  -------         PROC          USB_API_TEST_ISR
  -------         DO            
  X:0056H         SYMBOL        INTVAL
  -------         ENDDO         
  C:C09DH         LINE#         435
BL51 BANKED LINKER/LOCATER V6.22                                                      08/05/2021  15:48:41  PAGE 14


  C:C0BAH         LINE#         437
  C:C0C1H         LINE#         439
  C:C0C7H         LINE#         440
  C:C0C7H         LINE#         441
  C:C0D2H         LINE#         443
  C:C0EEH         LINE#         444
  C:C0EEH         LINE#         445
  C:C0F0H         LINE#         446
  C:C0F2H         LINE#         447
  C:C108H         LINE#         448
  C:C108H         LINE#         449
  C:C10AH         LINE#         450
  C:C10CH         LINE#         451
  C:C124H         LINE#         452
  C:C124H         LINE#         453
  C:C126H         LINE#         454
  C:C128H         LINE#         455
  C:C142H         LINE#         456
  C:C142H         LINE#         457
  C:C144H         LINE#         458
  C:C146H         LINE#         459
  C:C15BH         LINE#         460
  C:C15BH         LINE#         461
  C:C15DH         LINE#         462
  C:C15FH         LINE#         464
  C:C15FH         LINE#         465
  C:C164H         LINE#         466
  C:C164H         LINE#         467
  C:C164H         LINE#         469
  C:C164H         LINE#         470
  C:C164H         LINE#         472
  C:C164H         LINE#         474
  C:C16AH         LINE#         475
  C:C16AH         LINE#         476
  C:C16DH         LINE#         477
  C:C16DH         LINE#         479
  C:C173H         LINE#         480
  C:C173H         LINE#         481
  C:C176H         LINE#         482
  C:C176H         LINE#         484
  C:C17CH         LINE#         485
  C:C17CH         LINE#         486
  C:C198H         LINE#         487
  C:C198H         LINE#         489
  C:C19EH         LINE#         490
  C:C19EH         LINE#         491
  C:C1A3H         LINE#         492
  C:C1BFH         LINE#         493
  C:C1BFH         LINE#         494
  -------         ENDPROC       USB_API_TEST_ISR
  -------         ENDMOD        MAIN

  -------         MODULE        MMC_SD
  C:0000H         SYMBOL        _ICE_DUMMY_
  D:00A2H         PUBLIC        SPI0CKR
  D:0080H         PUBLIC        P0
  D:0090H         PUBLIC        P1
BL51 BANKED LINKER/LOCATER V6.22                                                      08/05/2021  15:48:41  PAGE 15


  D:00A0H         PUBLIC        P2
  D:00B0H         PUBLIC        P3
  C:D30CH         PUBLIC        _MMC_SD_SendCommand
  C:D4D3H         PUBLIC        _MMC_SD_ReadSingleBlock
  C:DB32H         PUBLIC        SD_Init
  C:D219H         PUBLIC        _MMC_SD_WriteSingleBlock
  B:00F8H.7       PUBLIC        SPIF
  B:00F8H.2       PUBLIC        NSSMD0
  C:C8E8H         PUBLIC        MMC_SD_Reset
  D:00A9H         PUBLIC        CLKSEL
  C:DB5DH         PUBLIC        SPI_ReadByte
  C:DAEBH         PUBLIC        _SPI_WriteByte
  D:00A3H         PUBLIC        SPI0DAT
  X:007AH         PUBLIC        buffer
  C:DADFH         SYMBOL        L?0062
  C:DAE4H         SYMBOL        L?0063
  -------         PROC          L?0061
  -------         ENDPROC       L?0061
  C:DADFH         SYMBOL        L?0062
  C:DAE4H         SYMBOL        L?0063
  -------         PROC          _SPI_WRITEBYTE
  D:0007H         SYMBOL        val
  -------         DO            
  D:0007H         SYMBOL        ret
  -------         ENDDO         
  C:DAEBH         LINE#         7
  C:DAEBH         LINE#         8
  C:DAEBH         LINE#         11
  C:DAEDH         LINE#         12
  C:DAF0H         LINE#         13
  C:DAF2H         LINE#         14
  C:DAF4H         LINE#         15
  C:DAF4H         LINE#         16
  -------         ENDPROC       _SPI_WRITEBYTE
  -------         PROC          SPI_READBYTE
  -------         DO            
  D:0007H         SYMBOL        ret
  -------         ENDDO         
  C:DB5DH         LINE#         18
  C:DB5DH         LINE#         19
  C:DB5DH         LINE#         22
  C:DB60H         LINE#         23
  C:DB63H         LINE#         24
  C:DB65H         LINE#         25
  C:DB67H         LINE#         26
  C:DB67H         LINE#         27
  -------         ENDPROC       SPI_READBYTE
  -------         PROC          _MMC_SD_SENDCOMMAND
  D:0006H         SYMBOL        cmd
  X:0066H         SYMBOL        arg
  -------         DO            
  D:0007H         SYMBOL        r1
  D:0003H         SYMBOL        retry
  -------         ENDDO         
  C:D30CH         LINE#         29
  C:D30EH         LINE#         30
  C:D30EH         LINE#         32
BL51 BANKED LINKER/LOCATER V6.22                                                      08/05/2021  15:48:41  PAGE 16


  C:D310H         LINE#         34
  C:D310H         LINE#         35
  C:D310H         LINE#         36
  C:D313H         LINE#         37
  C:D313H         LINE#         38
  C:D313H         LINE#         39
  C:D316H         LINE#         41
  C:D318H         LINE#         43
  C:D31FH         LINE#         44
  C:D334H         LINE#         45
  C:D349H         LINE#         46
  C:D35EH         LINE#         47
  C:D368H         LINE#         48
  C:D36DH         LINE#         50
  C:D375H         LINE#         51
  C:D37EH         LINE#         53
  C:D380H         LINE#         55
  C:D380H         LINE#         56
  -------         ENDPROC       _MMC_SD_SENDCOMMAND
  -------         PROC          MMC_SD_RESET
  -------         DO            
  D:0005H         SYMBOL        i
  D:0002H         SYMBOL        retry
  D:0006H         SYMBOL        r1
  -------         ENDDO         
  C:C8E8H         LINE#         58
  C:C8E8H         LINE#         59
  C:C8E8H         LINE#         62
  C:C8EAH         LINE#         64
  C:C8EBH         LINE#         65
  C:C8EEH         LINE#         66
  C:C8F1H         LINE#         68
  C:C8F1H         LINE#         69
  C:C8FDH         LINE#         70
  C:C90DH         LINE#         71
  C:C90EH         LINE#         72
  C:C914H         LINE#         73
  C:C918H         LINE#         75
  C:C91AH         LINE#         77
  C:C91AH         LINE#         79
  C:C91AH         LINE#         80
  C:C92AH         LINE#         81
  C:C92BH         LINE#         82
  C:C934H         LINE#         83
  C:C938H         LINE#         85
  C:C93AH         LINE#         86
  C:C94AH         LINE#         87
  C:C94BH         LINE#         88
  C:C954H         LINE#         89
  C:C957H         LINE#         91
  C:C95AH         LINE#         92
  C:C95AH         LINE#         93
  C:C95CH         LINE#         95
  C:C95CH         LINE#         96
  C:C96CH         LINE#         97
  C:C96DH         LINE#         98
  C:C976H         LINE#         99
BL51 BANKED LINKER/LOCATER V6.22                                                      08/05/2021  15:48:41  PAGE 17


  C:C979H         LINE#         100
  C:C979H         LINE#         101
  C:C989H         LINE#         103
  C:C997H         LINE#         104
  C:C99AH         LINE#         105
  C:C99DH         LINE#         106
  C:C99EH         LINE#         107
  -------         ENDPROC       MMC_SD_RESET
  -------         PROC          _MMC_SD_READSINGLEBLOCK
  X:0010H         SYMBOL        sector
  -------         DO            
  D:0007H         SYMBOL        r1
  D:0004H         SYMBOL        i
  D:0002H         SYMBOL        retry
  -------         ENDDO         
  C:D4D3H         LINE#         109
  C:D4D8H         LINE#         110
  C:D4D8H         LINE#         113
  C:D4DAH         LINE#         115
  C:D4DDH         LINE#         117
  C:D4DDH         LINE#         118
  C:D4F9H         LINE#         119
  C:D4FAH         LINE#         120
  C:D503H         LINE#         121
  C:D506H         LINE#         124
  C:D508H         LINE#         126
  C:D50EH         LINE#         128
  C:D511H         LINE#         129
  C:D511H         LINE#         130
  C:D520H         LINE#         131
  C:D52DH         LINE#         133
  C:D52DH         LINE#         134
  C:D530H         LINE#         136
  C:D532H         LINE#         137
  C:D535H         LINE#         138
  C:D536H         LINE#         139
  -------         ENDPROC       _MMC_SD_READSINGLEBLOCK
  -------         PROC          _MMC_SD_WRITESINGLEBLOCK
  X:0061H         SYMBOL        sector
  -------         DO            
  D:0006H         SYMBOL        r1
  D:0004H         SYMBOL        i
  D:0002H         SYMBOL        retry
  -------         ENDDO         
  C:D219H         LINE#         141
  C:D21EH         LINE#         142
  C:D21EH         LINE#         145
  C:D220H         LINE#         147
  C:D223H         LINE#         149
  C:D223H         LINE#         150
  C:D241H         LINE#         151
  C:D242H         LINE#         152
  C:D24BH         LINE#         153
  C:D24EH         LINE#         157
  C:D250H         LINE#         159
  C:D255H         LINE#         161
  C:D25AH         LINE#         163
BL51 BANKED LINKER/LOCATER V6.22                                                      08/05/2021  15:48:41  PAGE 18


  C:D25CH         LINE#         164
  C:D25CH         LINE#         165
  C:D26BH         LINE#         166
  C:D278H         LINE#         168
  C:D278H         LINE#         169
  C:D278H         LINE#         171
  C:D27DH         LINE#         173
  C:D284H         LINE#         174
  C:D284H         LINE#         175
  C:D286H         LINE#         176
  C:D287H         LINE#         177
  C:D287H         LINE#         179
  C:D28FH         LINE#         181
  C:D291H         LINE#         182
  C:D294H         LINE#         183
  C:D295H         LINE#         184
  -------         ENDPROC       _MMC_SD_WRITESINGLEBLOCK
  -------         PROC          SD_INIT
  -------         DO            
  D:0001H         SYMBOL        n
  -------         ENDDO         
  C:DB32H         LINE#         187
  C:DB32H         LINE#         188
  C:DB32H         LINE#         189
  C:DB34H         LINE#         191
  C:DB3AH         LINE#         192
  C:DB3AH         LINE#         193
  C:DB3BH         LINE#         194
  C:DB42H         LINE#         196
  -------         ENDPROC       SD_INIT
  -------         ENDMOD        MMC_SD

  -------         MODULE        LCD
  C:0000H         SYMBOL        _ICE_DUMMY_
  D:0080H         PUBLIC        P0
  C:CBB3H         PUBLIC        DispFrame
  D:0090H         PUBLIC        P1
  C:CC5DH         PUBLIC        DispScaleVer_Green
  D:00A0H         PUBLIC        P2
  D:00B0H         PUBLIC        P3
  C:BDBCH         PUBLIC        DispBand
  C:D926H         PUBLIC        _WriteData
  C:008EH         PUBLIC        ascii
  C:B412H         PUBLIC        _LCD_Read_IC_ID
  D:00A6H         PUBLIC        P2MDOUT
  C:0046H         PUBLIC        _DispColor
  C:D10BH         PUBLIC        DispScaleVer_Blue
  C:CFEFH         PUBLIC        _DrawGird
  C:D193H         PUBLIC        _DrawLine
  B:00D0H.7       PUBLIC        CY
  C:D97EH         PUBLIC        _WriteComm
  C:0018H         PUBLIC        _WriteDispData
  C:CF5CH         PUBLIC        DispScaleVer_Gray
  B:00B0H.1       PUBLIC        RS
  B:00A0H.1       PUBLIC        SPI_CLK
  C:CEC9H         PUBLIC        DispScaleVer_Red
  D:00F3H         PUBLIC        P2MDIN
BL51 BANKED LINKER/LOCATER V6.22                                                      08/05/2021  15:48:41  PAGE 19


  C:C311H         PUBLIC        DispScaleVer
  C:D537H         PUBLIC        _DispPic
  C:C84DH         PUBLIC        _DispOneChar
  C:D296H         PUBLIC        DispGrayHor32
  C:CCFFH         PUBLIC        DispGrayHor16
  C:C99FH         PUBLIC        _DispInt
  C:D751H         PUBLIC        _PutPixel
  D:00A9H         PUBLIC        CLKSEL
  B:0090H.6       PUBLIC        RD0
  B:00B0H.0       PUBLIC        CS0
  C:068EH         PUBLIC        pic_eval
  X:0054H         PUBLIC        LCM_ID
  C:B86CH         PUBLIC        LCD_Init
  C:CE33H         PUBLIC        _DispStr
  B:0090H.7       PUBLIC        WR0
  C:B644H         PUBLIC        DispScaleHor1
  B:00A0H.0       PUBLIC        SPI_DI
  C:DB68H         PUBLIC        _WriteOneDot
  C:BA60H         PUBLIC        DispScaleHor2
  C:C667H         PUBLIC        _DispPicFromSD
  B:0080H.7       PUBLIC        DIR
  C:D598H         PUBLIC        _ToOrd
  B:0080H.5       PUBLIC        RST
  C:DAF5H         PUBLIC        ReadData
  C:CDB4H         PUBLIC        _?BlockWrite
  -------         PROC          _LCD_READ_IC_ID
  X:0061H         SYMBOL        ID
  D:0004H         SYMBOL        Bug
  D:0003H         SYMBOL        flog
  -------         DO            
  X:0062H         SYMBOL        id
  X:0064H         SYMBOL        id1
  X:0066H         SYMBOL        temp
  D:0005H         SYMBOL        i
  D:0007H         SYMBOL        dat
  D:0001H         SYMBOL        id2
  X:0068H         SYMBOL        id3
  D:0002H         SYMBOL        id4
  -------         ENDDO         
  C:B412H         LINE#         35
  C:B416H         LINE#         36
  C:B416H         LINE#         40
  C:B41EH         LINE#         41
  C:B41EH         LINE#         43
  C:B420H         LINE#         44
  C:B422H         LINE#         45
  C:B424H         LINE#         47
  C:B427H         LINE#         48
  C:B429H         LINE#         49
  C:B42BH         LINE#         50
  C:B42DH         LINE#         53
  C:B430H         LINE#         54
  C:B433H         LINE#         55
  C:B436H         LINE#         56
  C:B438H         LINE#         57
  C:B43AH         LINE#         58
  C:B43CH         LINE#         63
BL51 BANKED LINKER/LOCATER V6.22                                                      08/05/2021  15:48:41  PAGE 20


  C:B446H         LINE#         65
  C:B44CH         LINE#         66
  C:B454H         LINE#         68
  C:B45AH         LINE#         69
  C:B460H         LINE#         70
  C:B46AH         LINE#         72
  C:B470H         LINE#         73
  C:B472H         LINE#         75
  C:B478H         LINE#         77
  C:B47EH         LINE#         78
  C:B488H         LINE#         80
  C:B48EH         LINE#         81
  C:B493H         LINE#         83
  C:B499H         LINE#         85
  C:B4A3H         LINE#         86
  C:B4ADH         LINE#         88
  C:B4B3H         LINE#         89
  C:B4B5H         LINE#         91
  C:B4C5H         LINE#         92
  C:B4CFH         LINE#         94
  C:B4D2H         LINE#         95
  C:B4D6H         LINE#         96
  C:B4D6H         LINE#         97
  C:B4DFH         LINE#         98
  C:B4E5H         LINE#         99
  C:B4E5H         LINE#         100
  C:B4EFH         LINE#         101
  C:B4F1H         LINE#         102
  C:B4F5H         LINE#         103
  C:B4F5H         LINE#         104
  C:B504H         LINE#         105
  C:B504H         LINE#         108
  C:B504H         LINE#         109
  C:B50DH         LINE#         110
  C:B50DH         LINE#         112
  C:B510H         LINE#         113
  C:B514H         LINE#         114
  C:B516H         LINE#         115
  C:B518H         LINE#         116
  C:B51AH         LINE#         117
  C:B51AH         LINE#         118
  C:B51CH         LINE#         119
  C:B524H         LINE#         120
  C:B526H         LINE#         122
  C:B528H         LINE#         123
  C:B52CH         LINE#         124
  C:B531H         LINE#         125
  C:B534H         LINE#         128
  C:B53EH         LINE#         129
  C:B53EH         LINE#         130
  C:B540H         LINE#         131
  C:B540H         LINE#         132
  C:B542H         LINE#         133
  C:B544H         LINE#         134
  C:B546H         LINE#         135
  C:B55DH         LINE#         136
  C:B55FH         LINE#         137
BL51 BANKED LINKER/LOCATER V6.22                                                      08/05/2021  15:48:41  PAGE 21


  C:B561H         LINE#         138
  C:B568H         LINE#         139
  C:B572H         LINE#         140
  C:B572H         LINE#         141
  C:B574H         LINE#         142
  C:B574H         LINE#         143
  C:B576H         LINE#         144
  C:B578H         LINE#         145
  C:B57AH         LINE#         146
  C:B591H         LINE#         147
  C:B593H         LINE#         148
  C:B595H         LINE#         149
  C:B59AH         LINE#         150
  C:B59AH         LINE#         152
  C:B59CH         LINE#         153
  C:B59CH         LINE#         154
  C:B59EH         LINE#         155
  C:B5A0H         LINE#         156
  C:B5A2H         LINE#         157
  C:B5B9H         LINE#         158
  C:B5BBH         LINE#         159
  C:B5BDH         LINE#         160
  C:B5C2H         LINE#         162
  C:B5C4H         LINE#         163
  C:B5C4H         LINE#         164
  C:B5C6H         LINE#         165
  C:B5C8H         LINE#         166
  C:B5CAH         LINE#         167
  C:B5D4H         LINE#         168
  C:B5D6H         LINE#         169
  C:B5D8H         LINE#         170
  C:B5DDH         LINE#         172
  C:B5DFH         LINE#         173
  C:B5DFH         LINE#         174
  C:B5E1H         LINE#         175
  C:B5E3H         LINE#         176
  C:B5E5H         LINE#         177
  C:B5F1H         LINE#         178
  C:B5F3H         LINE#         179
  C:B5F5H         LINE#         180
  C:B5FAH         LINE#         181
  C:B5FDH         LINE#         182
  C:B5FFH         LINE#         183
  C:B601H         LINE#         184
  C:B603H         LINE#         185
  C:B605H         LINE#         186
  C:B607H         LINE#         187
  C:B609H         LINE#         189
  C:B60DH         LINE#         190
  C:B60DH         LINE#         191
  C:B61DH         LINE#         193
  C:B628H         LINE#         194
  C:B628H         LINE#         195
  C:B628H         LINE#         197
  C:B62EH         LINE#         198
  C:B62EH         LINE#         199
  C:B63AH         LINE#         200
BL51 BANKED LINKER/LOCATER V6.22                                                      08/05/2021  15:48:41  PAGE 22


  C:B63AH         LINE#         202
  C:B63AH         LINE#         203
  C:B63CH         LINE#         204
  C:B643H         LINE#         205
  -------         ENDPROC       _LCD_READ_IC_ID
  -------         PROC          _WRITECOMM
  D:0004H         SYMBOL        i
  -------         DO            
  D:0003H         SYMBOL        j
  X:0079H         SYMBOL        DataH
  -------         ENDDO         
  C:D97EH         LINE#         208
  C:D982H         LINE#         209
  C:D982H         LINE#         211
  C:D986H         LINE#         212
  C:D988H         LINE#         276
  C:D988H         LINE#         303
  C:D98AH         LINE#         304
  C:D98CH         LINE#         305
  C:D98CH         LINE#         306
  C:D990H         LINE#         307
  C:D994H         LINE#         309
  C:D996H         LINE#         310
  C:D99DH         LINE#         311
  C:D99FH         LINE#         312
  C:D9A1H         LINE#         314
  C:D9A6H         LINE#         316
  C:D9A6H         LINE#         319
  C:D9A8H         LINE#         320
  -------         ENDPROC       _WRITECOMM
  -------         PROC          L?0467
  -------         ENDPROC       L?0467
  -------         PROC          _WRITEDATA
  D:0004H         SYMBOL        i
  -------         DO            
  D:0003H         SYMBOL        j
  X:0079H         SYMBOL        DataH
  -------         ENDDO         
  C:D926H         LINE#         322
  C:D92AH         LINE#         323
  C:D92AH         LINE#         325
  C:D92EH         LINE#         326
  C:D930H         LINE#         466
  C:D930H         LINE#         497
  C:D932H         LINE#         498
  C:D934H         LINE#         499
  C:D934H         LINE#         500
  C:D938H         LINE#         501
  C:D93CH         LINE#         503
  C:D93EH         LINE#         504
  C:D945H         LINE#         505
  C:D947H         LINE#         506
  C:D949H         LINE#         508
  C:D94EH         LINE#         510
  C:D94EH         LINE#         513
  C:D950H         LINE#         514
  -------         ENDPROC       _WRITEDATA
BL51 BANKED LINKER/LOCATER V6.22                                                      08/05/2021  15:48:41  PAGE 23


  C:0003H         SYMBOL        L?0466
  -------         PROC          L?0465
  -------         ENDPROC       L?0465
  C:0003H         SYMBOL        L?0466
  -------         PROC          _WRITEDISPDATA
  D:0007H         SYMBOL        DataH
  D:0005H         SYMBOL        DataL
  -------         DO            
  D:0006H         SYMBOL        j
  -------         ENDDO         
  C:0018H         LINE#         516
  C:0018H         LINE#         517
  C:0018H         LINE#         519
  C:001AH         LINE#         593
  C:001AH         LINE#         594
  C:001CH         LINE#         595
  C:001EH         LINE#         596
  C:001EH         LINE#         597
  C:0022H         LINE#         598
  C:0024H         LINE#         599
  C:0026H         LINE#         600
  C:0028H         LINE#         601
  C:002DH         LINE#         603
  C:002FH         LINE#         604
  C:0031H         LINE#         605
  C:0031H         LINE#         606
  C:0035H         LINE#         607
  C:0037H         LINE#         608
  C:0039H         LINE#         609
  C:003BH         LINE#         610
  C:0040H         LINE#         635
  C:0040H         LINE#         638
  C:0042H         LINE#         639
  -------         ENDPROC       _WRITEDISPDATA
  -------         PROC          _WRITEONEDOT
  D:0004H         SYMBOL        color
  C:DB68H         LINE#         641
  C:DB6CH         LINE#         642
  C:DB6CH         LINE#         655
  -------         ENDPROC       _WRITEONEDOT
  -------         PROC          LCD_INIT
  C:B86CH         LINE#         664
  C:B86CH         LINE#         665
  C:B86CH         LINE#         666
  C:B86FH         LINE#         669
  C:B871H         LINE#         670
  C:B878H         LINE#         672
  C:B87AH         LINE#         673
  C:B881H         LINE#         675
  C:B883H         LINE#         676
  C:B88AH         LINE#         3334
  C:B891H         LINE#         3335
  C:B896H         LINE#         3337
  C:B89BH         LINE#         3338
  C:B8A0H         LINE#         3339
  C:B8A5H         LINE#         3340
  C:B8AAH         LINE#         3342
BL51 BANKED LINKER/LOCATER V6.22                                                      08/05/2021  15:48:41  PAGE 24


  C:B8AFH         LINE#         3343
  C:B8B4H         LINE#         3344
  C:B8B7H         LINE#         3346
  C:B8BCH         LINE#         3347
  C:B8C1H         LINE#         3348
  C:B8C4H         LINE#         3350
  C:B8C9H         LINE#         3351
  C:B8CEH         LINE#         3352
  C:B8D1H         LINE#         3354
  C:B8D6H         LINE#         3355
  C:B8DBH         LINE#         3356
  C:B8E0H         LINE#         3358
  C:B8E5H         LINE#         3359
  C:B8EAH         LINE#         3360
  C:B8EFH         LINE#         3362
  C:B8F4H         LINE#         3363
  C:B8F9H         LINE#         3365
  C:B8FEH         LINE#         3366
  C:B903H         LINE#         3368
  C:B908H         LINE#         3369
  C:B90DH         LINE#         3370
  C:B910H         LINE#         3372
  C:B915H         LINE#         3373
  C:B91AH         LINE#         3374
  C:B91DH         LINE#         3376
  C:B922H         LINE#         3377
  C:B927H         LINE#         3378
  C:B92AH         LINE#         3380
  C:B92FH         LINE#         3381
  C:B934H         LINE#         3382
  C:B937H         LINE#         3384
  C:B93CH         LINE#         3385
  C:B941H         LINE#         3387
  C:B946H         LINE#         3388
  C:B94BH         LINE#         3390
  C:B950H         LINE#         3391
  C:B955H         LINE#         3393
  C:B959H         LINE#         3394
  C:B95EH         LINE#         3395
  C:B961H         LINE#         3396
  C:B964H         LINE#         3397
  C:B969H         LINE#         3399
  C:B96EH         LINE#         3400
  C:B973H         LINE#         3401
  C:B976H         LINE#         3402
  C:B97AH         LINE#         3403
  C:B97FH         LINE#         3404
  C:B984H         LINE#         3406
  C:B989H         LINE#         3407
  C:B98EH         LINE#         3408
  C:B993H         LINE#         3409
  C:B996H         LINE#         3410
  C:B99BH         LINE#         3411
  C:B99FH         LINE#         3412
  C:B9A4H         LINE#         3414
  C:B9A9H         LINE#         3415
  C:B9AEH         LINE#         3416
BL51 BANKED LINKER/LOCATER V6.22                                                      08/05/2021  15:48:41  PAGE 25


  C:B9B3H         LINE#         3417
  C:B9B8H         LINE#         3418
  C:B9BDH         LINE#         3419
  C:B9C0H         LINE#         3420
  C:B9C5H         LINE#         3422
  C:B9CAH         LINE#         3423
  C:B9CFH         LINE#         3424
  C:B9D4H         LINE#         3425
  C:B9D9H         LINE#         3426
  C:B9DEH         LINE#         3427
  C:B9E1H         LINE#         3428
  C:B9E6H         LINE#         3430
  C:B9EBH         LINE#         3431
  C:B9F0H         LINE#         3432
  C:B9F5H         LINE#         3433
  C:B9FAH         LINE#         3434
  C:B9FFH         LINE#         3435
  C:BA03H         LINE#         3436
  C:BA08H         LINE#         3438
  C:BA0DH         LINE#         3439
  C:BA12H         LINE#         3440
  C:BA17H         LINE#         3441
  C:BA1BH         LINE#         3442
  C:BA20H         LINE#         3443
  C:BA25H         LINE#         3444
  C:BA2AH         LINE#         3446
  C:BA2FH         LINE#         3447
  C:BA34H         LINE#         3448
  C:BA39H         LINE#         3449
  C:BA3CH         LINE#         3450
  C:BA41H         LINE#         3451
  C:BA45H         LINE#         3452
  C:BA4AH         LINE#         3459
  C:BA4FH         LINE#         3460
  C:BA54H         LINE#         3461
  C:BA5BH         LINE#         3462
  -------         ENDPROC       LCD_INIT
  C:CD9BH         SYMBOL        L?0459
  C:CDA1H         SYMBOL        L?0460
  C:CDAAH         SYMBOL        L?0461
  -------         PROC          L?0458
  -------         ENDPROC       L?0458
  C:CD9BH         SYMBOL        L?0459
  C:CDA1H         SYMBOL        L?0460
  C:CDAAH         SYMBOL        L?0461
  -------         PROC          _?BLOCKWRITE
  p:0000H         SYMBOL        Xstart
  p:0002H         SYMBOL        Xend
  p:0004H         SYMBOL        Ystart
  p:0006H         SYMBOL        Yend
  C:CDB4H         LINE#         5095
  C:CDD5H         LINE#         5198
  C:CDDCH         LINE#         5199
  C:CDE3H         LINE#         5200
  C:CDEBH         LINE#         5201
  C:CDF6H         LINE#         5202
  C:CE00H         LINE#         5204
BL51 BANKED LINKER/LOCATER V6.22                                                      08/05/2021  15:48:41  PAGE 26


  C:CE05H         LINE#         5205
  C:CE0FH         LINE#         5207
  C:CE16H         LINE#         5208
  C:CE20H         LINE#         5209
  C:CE27H         LINE#         5215
  C:CE2CH         LINE#         5222
  -------         ENDPROC       _?BLOCKWRITE
  -------         PROC          _DISPCOLOR
  D:0004H         SYMBOL        color
  -------         DO            
  X:0058H         SYMBOL        i
  D:0002H         SYMBOL        m
  X:005AH         SYMBOL        DataH
  X:005BH         SYMBOL        DataL
  -------         ENDDO         
  C:0046H         LINE#         5224
  C:0048H         LINE#         5225
  C:0048H         LINE#         5228
  C:004EH         LINE#         5230
  C:0051H         LINE#         5232
  C:0053H         LINE#         5233
  C:0059H         LINE#         5234
  C:0059H         LINE#         5235
  C:005CH         LINE#         5236
  C:005CH         LINE#         5237
  C:0066H         LINE#         5238
  C:0071H         LINE#         5239
  C:0087H         LINE#         5241
  C:0089H         LINE#         5242
  -------         ENDPROC       _DISPCOLOR
  -------         PROC          DISPFRAME
  -------         DO            
  D:0002H         SYMBOL        i
  X:0058H         SYMBOL        j
  D:0001H         SYMBOL        DataH
  D:0004H         SYMBOL        DataL
  -------         ENDDO         
  C:CBB3H         LINE#         5244
  C:CBB3H         LINE#         5245
  C:CBB3H         LINE#         5248
  C:CBB6H         LINE#         5250
  C:CBB8H         LINE#         5253
  C:CBBCH         LINE#         5254
  C:CBC2H         LINE#         5256
  C:CBC4H         LINE#         5257
  C:CBC4H         LINE#         5258
  C:CBC8H         LINE#         5259
  C:CBCFH         LINE#         5260
  C:CBDAH         LINE#         5262
  C:CBDEH         LINE#         5263
  C:CBE4H         LINE#         5265
  C:CBEAH         LINE#         5266
  C:CBEAH         LINE#         5267
  C:CBEEH         LINE#         5268
  C:CBF4H         LINE#         5270
  C:CBF7H         LINE#         5271
  C:CBF7H         LINE#         5272
BL51 BANKED LINKER/LOCATER V6.22                                                      08/05/2021  15:48:41  PAGE 27


  C:CBFAH         LINE#         5273
  C:CBFFH         LINE#         5274
  C:CC0AH         LINE#         5276
  C:CC0EH         LINE#         5277
  C:CC14H         LINE#         5279
  C:CC2AH         LINE#         5281
  C:CC2EH         LINE#         5282
  C:CC34H         LINE#         5284
  C:CC37H         LINE#         5285
  C:CC37H         LINE#         5286
  C:CC3BH         LINE#         5287
  C:CC42H         LINE#         5288
  C:CC4DH         LINE#         5290
  C:CC51H         LINE#         5291
  C:CC57H         LINE#         5293
  C:CC5AH         LINE#         5294
  C:CC5CH         LINE#         5295
  -------         ENDPROC       DISPFRAME
  -------         PROC          DISPBAND
  -------         DO            
  D:0002H         SYMBOL        i
  X:0058H         SYMBOL        j
  X:0059H         SYMBOL        k
  X:005AH         SYMBOL        m
  X:005BH         SYMBOL        n
  X:005CH         SYMBOL        x
  -------         ENDDO         
  C:BDBCH         LINE#         5297
  C:BDBCH         LINE#         5298
  C:BDBCH         LINE#         5301
  C:BDC5H         LINE#         5302
  C:BDCEH         LINE#         5303
  C:BDD0H         LINE#         5306
  C:BDD8H         LINE#         5307
  C:BDE6H         LINE#         5308
  C:BDE6H         LINE#         5309
  C:BE01H         LINE#         5310
  C:BE1CH         LINE#         5311
  C:BE48H         LINE#         5312
  C:BE4FH         LINE#         5313
  C:BE5EH         LINE#         5314
  C:BE5EH         LINE#         5315
  C:BE79H         LINE#         5316
  C:BE94H         LINE#         5317
  C:BEC0H         LINE#         5318
  C:BEC7H         LINE#         5319
  C:BEDDH         LINE#         5320
  C:BEDDH         LINE#         5321
  C:BEF8H         LINE#         5322
  C:BF13H         LINE#         5323
  C:BF3FH         LINE#         5324
  C:BF46H         LINE#         5325
  C:BF48H         LINE#         5326
  C:BF4BH         LINE#         5327
  -------         ENDPROC       DISPBAND
  -------         PROC          _DISPPIC
  D:0006H         SYMBOL        picture
BL51 BANKED LINKER/LOCATER V6.22                                                      08/05/2021  15:48:41  PAGE 28


  -------         DO            
  X:0014H         SYMBOL        p
  X:0017H         SYMBOL        n
  -------         ENDDO         
  C:D537H         LINE#         5330
  C:D537H         LINE#         5331
  C:D537H         LINE#         5334
  C:D546H         LINE#         5335
  C:D546H         LINE#         5336
  C:D546H         LINE#         5338
  C:D557H         LINE#         5340
  C:D56AH         LINE#         5341
  C:D56AH         LINE#         5342
  C:D58AH         LINE#         5343
  C:D597H         LINE#         5345
  -------         ENDPROC       _DISPPIC
  -------         PROC          _DISPPICFROMSD
  X:0019H         SYMBOL        PicNum
  -------         DO            
  X:001AH         SYMBOL        Address_S
  X:001EH         SYMBOL        Address_E
  D:0002H         SYMBOL        i
  X:0022H         SYMBOL        k
  -------         ENDDO         
  C:C667H         LINE#         5349
  C:C66AH         LINE#         5350
  C:C66AH         LINE#         5356
  C:C66DH         LINE#         5359
  C:C66FH         LINE#         5361
  C:C671H         LINE#         5363
  C:C67AH         LINE#         5364
  C:C6A5H         LINE#         5365
  C:C6CEH         LINE#         5366
  C:C6F1H         LINE#         5367
  C:C6F1H         LINE#         5368
  C:C701H         LINE#         5370
  C:C70AH         LINE#         5371
  C:C70AH         LINE#         5373
  C:C725H         LINE#         5374
  C:C72EH         LINE#         5375
  C:C74DH         LINE#         5377
  C:C74FH         LINE#         5415
  -------         ENDPROC       _DISPPICFROMSD
  -------         PROC          DISPSCALEHOR1
  -------         DO            
  X:0026H         SYMBOL        i
  X:0028H         SYMBOL        j
  D:0002H         SYMBOL        k
  -------         ENDDO         
  C:B644H         LINE#         5420
  C:B644H         LINE#         5421
  C:B644H         LINE#         5424
  C:B647H         LINE#         5427
  C:B649H         LINE#         5428
  C:B649H         LINE#         5429
  C:B66BH         LINE#         5430
  C:B671H         LINE#         5431
BL51 BANKED LINKER/LOCATER V6.22                                                      08/05/2021  15:48:41  PAGE 29


  C:B671H         LINE#         5432
  C:B677H         LINE#         5433
  C:B677H         LINE#         5434
  C:B68CH         LINE#         5435
  C:B6A2H         LINE#         5436
  C:B6B8H         LINE#         5438
  C:B6C3H         LINE#         5441
  C:B6C6H         LINE#         5442
  C:B6C6H         LINE#         5443
  C:B6E8H         LINE#         5444
  C:B6EEH         LINE#         5445
  C:B6EEH         LINE#         5446
  C:B6F4H         LINE#         5447
  C:B6F4H         LINE#         5448
  C:B71FH         LINE#         5449
  C:B735H         LINE#         5450
  C:B74BH         LINE#         5451
  C:B759H         LINE#         5454
  C:B75CH         LINE#         5455
  C:B75CH         LINE#         5456
  C:B77EH         LINE#         5457
  C:B784H         LINE#         5458
  C:B784H         LINE#         5459
  C:B78AH         LINE#         5460
  C:B78AH         LINE#         5461
  C:B794H         LINE#         5462
  C:B7AAH         LINE#         5463
  C:B7C0H         LINE#         5464
  C:B7CBH         LINE#         5467
  C:B7CEH         LINE#         5468
  C:B7CEH         LINE#         5469
  C:B7F0H         LINE#         5470
  C:B7F6H         LINE#         5471
  C:B7F6H         LINE#         5472
  C:B7FCH         LINE#         5473
  C:B7FCH         LINE#         5474
  C:B82FH         LINE#         5475
  C:B845H         LINE#         5476
  C:B85BH         LINE#         5477
  C:B869H         LINE#         5478
  C:B86BH         LINE#         5479
  -------         ENDPROC       DISPSCALEHOR1
  -------         PROC          DISPSCALEVER
  -------         DO            
  X:002AH         SYMBOL        i
  X:002CH         SYMBOL        j
  D:0002H         SYMBOL        k
  -------         ENDDO         
  C:C311H         LINE#         5481
  C:C311H         LINE#         5482
  C:C311H         LINE#         5551
  C:C314H         LINE#         5553
  C:C31CH         LINE#         5554
  C:C31CH         LINE#         5555
  C:C322H         LINE#         5556
  C:C322H         LINE#         5557
  C:C328H         LINE#         5558
BL51 BANKED LINKER/LOCATER V6.22                                                      08/05/2021  15:48:41  PAGE 30


  C:C33EH         LINE#         5559
  C:C345H         LINE#         5561
  C:C348H         LINE#         5562
  C:C348H         LINE#         5564
  C:C34EH         LINE#         5565
  C:C34EH         LINE#         5567
  C:C354H         LINE#         5568
  C:C354H         LINE#         5569
  C:C366H         LINE#         5570
  C:C37CH         LINE#         5572
  C:C382H         LINE#         5573
  C:C382H         LINE#         5574
  C:C3AAH         LINE#         5575
  C:C3C0H         LINE#         5577
  C:C3C6H         LINE#         5578
  C:C3C6H         LINE#         5579
  C:C3CDH         LINE#         5580
  C:C3E3H         LINE#         5582
  C:C3E9H         LINE#         5583
  C:C3E9H         LINE#         5584
  C:C3FDH         LINE#         5585
  C:C413H         LINE#         5587
  C:C42CH         LINE#         5589
  C:C43AH         LINE#         5591
  -------         ENDPROC       DISPSCALEVER
  -------         PROC          DISPSCALEVER_RED
  -------         DO            
  X:002EH         SYMBOL        i
  X:0030H         SYMBOL        j
  D:0002H         SYMBOL        k
  -------         ENDDO         
  C:CEC9H         LINE#         5593
  C:CEC9H         LINE#         5594
  C:CEC9H         LINE#         5597
  C:CECCH         LINE#         5599
  C:CECEH         LINE#         5601
  C:CED0H         LINE#         5604
  C:CED8H         LINE#         5605
  C:CED8H         LINE#         5606
  C:CEDEH         LINE#         5607
  C:CEDEH         LINE#         5608
  C:CEE4H         LINE#         5609
  C:CEFAH         LINE#         5610
  C:CF01H         LINE#         5612
  C:CF04H         LINE#         5613
  C:CF04H         LINE#         5614
  C:CF0AH         LINE#         5615
  C:CF0AH         LINE#         5617
  C:CF10H         LINE#         5618
  C:CF10H         LINE#         5619
  C:CF22H         LINE#         5620
  C:CF38H         LINE#         5621
  C:CF4EH         LINE#         5623
  C:CF59H         LINE#         5625
  C:CF5BH         LINE#         5626
  -------         ENDPROC       DISPSCALEVER_RED
  -------         PROC          DISPSCALEVER_GREEN
BL51 BANKED LINKER/LOCATER V6.22                                                      08/05/2021  15:48:41  PAGE 31


  -------         DO            
  X:0032H         SYMBOL        i
  X:0034H         SYMBOL        j
  D:0002H         SYMBOL        k
  -------         ENDDO         
  C:CC5DH         LINE#         5628
  C:CC5DH         LINE#         5629
  C:CC5DH         LINE#         5632
  C:CC60H         LINE#         5634
  C:CC62H         LINE#         5635
  C:CC64H         LINE#         5638
  C:CC6CH         LINE#         5639
  C:CC6CH         LINE#         5640
  C:CC72H         LINE#         5641
  C:CC72H         LINE#         5642
  C:CC78H         LINE#         5644
  C:CC8EH         LINE#         5645
  C:CC95H         LINE#         5647
  C:CC98H         LINE#         5648
  C:CC98H         LINE#         5649
  C:CC9EH         LINE#         5650
  C:CC9EH         LINE#         5652
  C:CCA4H         LINE#         5653
  C:CCA4H         LINE#         5655
  C:CCC5H         LINE#         5656
  C:CCDBH         LINE#         5657
  C:CCF1H         LINE#         5659
  C:CCFCH         LINE#         5661
  C:CCFEH         LINE#         5662
  -------         ENDPROC       DISPSCALEVER_GREEN
  -------         PROC          DISPSCALEVER_BLUE
  -------         DO            
  X:0036H         SYMBOL        i
  X:0038H         SYMBOL        j
  D:0002H         SYMBOL        k
  -------         ENDDO         
  C:D10BH         LINE#         5664
  C:D10BH         LINE#         5665
  C:D10BH         LINE#         5668
  C:D10EH         LINE#         5670
  C:D110H         LINE#         5671
  C:D112H         LINE#         5674
  C:D11AH         LINE#         5675
  C:D11AH         LINE#         5676
  C:D120H         LINE#         5677
  C:D120H         LINE#         5678
  C:D126H         LINE#         5679
  C:D13CH         LINE#         5680
  C:D143H         LINE#         5682
  C:D146H         LINE#         5683
  C:D146H         LINE#         5684
  C:D14CH         LINE#         5685
  C:D14CH         LINE#         5687
  C:D152H         LINE#         5688
  C:D152H         LINE#         5689
  C:D159H         LINE#         5690
  C:D16FH         LINE#         5691
BL51 BANKED LINKER/LOCATER V6.22                                                      08/05/2021  15:48:41  PAGE 32


  C:D185H         LINE#         5693
  C:D190H         LINE#         5695
  C:D192H         LINE#         5696
  -------         ENDPROC       DISPSCALEVER_BLUE
  -------         PROC          DISPSCALEVER_GRAY
  -------         DO            
  X:003AH         SYMBOL        i
  X:003CH         SYMBOL        j
  D:0002H         SYMBOL        k
  -------         ENDDO         
  C:CF5CH         LINE#         5698
  C:CF5CH         LINE#         5699
  C:CF5CH         LINE#         5702
  C:CF5FH         LINE#         5704
  C:CF61H         LINE#         5709
  C:CF69H         LINE#         5710
  C:CF69H         LINE#         5711
  C:CF6FH         LINE#         5712
  C:CF6FH         LINE#         5713
  C:CF75H         LINE#         5715
  C:CF8BH         LINE#         5716
  C:CF92H         LINE#         5718
  C:CF95H         LINE#         5719
  C:CF95H         LINE#         5720
  C:CF9BH         LINE#         5721
  C:CF9BH         LINE#         5723
  C:CFA1H         LINE#         5724
  C:CFA1H         LINE#         5725
  C:CFB5H         LINE#         5726
  C:CFCBH         LINE#         5727
  C:CFE1H         LINE#         5729
  C:CFECH         LINE#         5731
  C:CFEEH         LINE#         5732
  -------         ENDPROC       DISPSCALEVER_GRAY
  -------         PROC          DISPGRAYHOR16
  -------         DO            
  X:0058H         SYMBOL        i
  D:0002H         SYMBOL        j
  X:005AH         SYMBOL        k
  -------         ENDDO         
  C:CCFFH         LINE#         5734
  C:CCFFH         LINE#         5735
  C:CCFFH         LINE#         5738
  C:CD02H         LINE#         5740
  C:CD04H         LINE#         5741
  C:CD06H         LINE#         5743
  C:CD0CH         LINE#         5744
  C:CD0CH         LINE#         5745
  C:CD15H         LINE#         5746
  C:CD15H         LINE#         5747
  C:CD1BH         LINE#         5748
  C:CD22H         LINE#         5750
  C:CD25H         LINE#         5751
  C:CD25H         LINE#         5752
  C:CD2BH         LINE#         5753
  C:CD2BH         LINE#         5754
  C:CD5DH         LINE#         5755
BL51 BANKED LINKER/LOCATER V6.22                                                      08/05/2021  15:48:41  PAGE 33


  C:CD73H         LINE#         5756
  C:CD7EH         LINE#         5757
  C:CD97H         LINE#         5759
  C:CD99H         LINE#         5760
  -------         ENDPROC       DISPGRAYHOR16
  -------         PROC          DISPGRAYHOR32
  -------         DO            
  X:003EH         SYMBOL        i
  D:0002H         SYMBOL        j
  X:0040H         SYMBOL        k
  -------         ENDDO         
  C:D296H         LINE#         5762
  C:D296H         LINE#         5763
  C:D296H         LINE#         5766
  C:D299H         LINE#         5768
  C:D29BH         LINE#         5770
  C:D2A1H         LINE#         5771
  C:D2A1H         LINE#         5772
  C:D2A4H         LINE#         5773
  C:D2A4H         LINE#         5774
  C:D2AAH         LINE#         5775
  C:D2B5H         LINE#         5777
  C:D2B8H         LINE#         5778
  C:D2B8H         LINE#         5779
  C:D2BEH         LINE#         5780
  C:D2BEH         LINE#         5781
  C:D2D2H         LINE#         5782
  C:D2E8H         LINE#         5783
  C:D2F3H         LINE#         5784
  C:D309H         LINE#         5786
  C:D30BH         LINE#         5787
  -------         ENDPROC       DISPGRAYHOR32
  -------         PROC          DISPSCALEHOR2
  -------         DO            
  X:0042H         SYMBOL        j
  D:0002H         SYMBOL        k
  -------         ENDDO         
  C:BA60H         LINE#         5789
  C:BA60H         LINE#         5790
  C:BA60H         LINE#         5793
  C:BA63H         LINE#         5795
  C:BA65H         LINE#         5796
  C:BA65H         LINE#         5797
  C:BA6BH         LINE#         5798
  C:BA88H         LINE#         5799
  C:BA93H         LINE#         5800
  C:BA96H         LINE#         5801
  C:BA96H         LINE#         5802
  C:BA9CH         LINE#         5803
  C:BAB9H         LINE#         5804
  C:BAC4H         LINE#         5805
  C:BAC7H         LINE#         5806
  C:BAC7H         LINE#         5807
  C:BACDH         LINE#         5808
  C:BAEAH         LINE#         5809
  C:BAF5H         LINE#         5810
  C:BAF8H         LINE#         5811
BL51 BANKED LINKER/LOCATER V6.22                                                      08/05/2021  15:48:41  PAGE 34


  C:BAF8H         LINE#         5812
  C:BAFEH         LINE#         5813
  C:BB1BH         LINE#         5814
  C:BB26H         LINE#         5815
  C:BB29H         LINE#         5816
  C:BB29H         LINE#         5817
  C:BB2FH         LINE#         5818
  C:BB4CH         LINE#         5819
  C:BB57H         LINE#         5820
  C:BB5AH         LINE#         5821
  C:BB5AH         LINE#         5822
  C:BB60H         LINE#         5823
  C:BB7DH         LINE#         5824
  C:BB88H         LINE#         5825
  C:BB8BH         LINE#         5826
  C:BB8BH         LINE#         5827
  C:BB91H         LINE#         5828
  C:BBAEH         LINE#         5829
  C:BBB9H         LINE#         5830
  C:BBBCH         LINE#         5831
  C:BBBCH         LINE#         5832
  C:BBC2H         LINE#         5833
  C:BBDEH         LINE#         5834
  C:BBE9H         LINE#         5835
  C:BBF2H         LINE#         5836
  C:BBF2H         LINE#         5837
  C:BBF8H         LINE#         5838
  C:BC14H         LINE#         5839
  C:BC1BH         LINE#         5841
  -------         ENDPROC       DISPSCALEHOR2
  -------         PROC          _TOORD
  D:0007H         SYMBOL        ch
  C:D598H         LINE#         5946
  C:D598H         LINE#         5947
  C:D598H         LINE#         5948
  C:D59EH         LINE#         5949
  C:D59EH         LINE#         5950
  C:D5A0H         LINE#         5951
  C:D5A2H         LINE#         5952
  C:D5AEH         LINE#         5953
  C:D5AEH         LINE#         5954
  C:D5B2H         LINE#         5955
  C:D5B4H         LINE#         5956
  C:D5C0H         LINE#         5957
  C:D5C0H         LINE#         5958
  C:D5C4H         LINE#         5959
  C:D5C6H         LINE#         5960
  C:D5D2H         LINE#         5961
  C:D5D2H         LINE#         5962
  C:D5D6H         LINE#         5963
  C:D5D8H         LINE#         5964
  C:D5E4H         LINE#         5965
  C:D5E4H         LINE#         5966
  C:D5E8H         LINE#         5967
  C:D5EAH         LINE#         5968
  C:D5F0H         LINE#         5969
  C:D5F0H         LINE#         5970
BL51 BANKED LINKER/LOCATER V6.22                                                      08/05/2021  15:48:41  PAGE 35


  C:D5F2H         LINE#         5971
  C:D5F2H         LINE#         5973
  C:D5F2H         LINE#         5974
  -------         ENDPROC       _TOORD
  C:C825H         SYMBOL        L?0463
[...]
  C:B330H         LINE#         318
  C:B330H         LINE#         319
  C:B335H         LINE#         320
  C:B338H         LINE#         321
  C:B347H         LINE#         322
  C:B347H         LINE#         323
  C:B35CH         LINE#         324
  C:B361H         LINE#         325
  C:B369H         LINE#         326
  C:B373H         LINE#         327
  C:B381H         LINE#         328
  C:B38FH         LINE#         329
  C:B391H         LINE#         331
  C:B391H         LINE#         332
  C:B396H         LINE#         333
  C:B399H         LINE#         334
  C:B3B1H         LINE#         335
  C:B3B1H         LINE#         336
  C:B3CAH         LINE#         337
  C:B3CFH         LINE#         338
  C:B3D7H         LINE#         339
  C:B3DEH         LINE#         340
  C:B3E3H         LINE#         341
  C:B3E3H         LINE#         342
  C:B3F7H         LINE#         343
  C:B3F7H         LINE#         344
  C:B3FEH         LINE#         345
  C:B403H         LINE#         346
  C:B403H         LINE#         347
  C:B411H         LINE#         348
  C:B411H         LINE#         349
  -------         ENDPROC       USBXCORE_HANDLE_SETUP
  -------         PROC          USBXCORE_FORCE_STALL
  C:DAA9H         LINE#         356
  C:DAA9H         LINE#         358
  C:DAB4H         LINE#         359
BL51 BANKED LINKER/LOCATER V6.22                                                      08/05/2021  15:48:41  PAGE 44


  C:DABFH         LINE#         360
  C:DAC5H         LINE#         361
  -------         ENDPROC       USBXCORE_FORCE_STALL
  -------         PROC          USBXCORE_GET_STATUS
  C:D3F4H         LINE#         367
  C:D3F4H         LINE#         369
  C:D403H         LINE#         370
  C:D403H         LINE#         371
  C:D403H         LINE#         372
  C:D403H         LINE#         373
  C:D403H         LINE#         374
  C:D405H         LINE#         375
  C:D405H         LINE#         379
  C:D405H         LINE#         381
  C:D413H         LINE#         385
  C:D413H         LINE#         386
  C:D413H         LINE#         387
  C:D413H         LINE#         388
  C:D415H         LINE#         390
  C:D415H         LINE#         392
  C:D423H         LINE#         396
  C:D423H         LINE#         397
  C:D430H         LINE#         398
  C:D430H         LINE#         399
  C:D432H         LINE#         401
  C:D432H         LINE#         402
  C:D440H         LINE#         403
  C:D449H         LINE#         404
  C:D449H         LINE#         405
  C:D449H         LINE#         406
  C:D44BH         LINE#         407
  C:D44BH         LINE#         408
  C:D44EH         LINE#         409
  C:D44EH         LINE#         410
  C:D44EH         LINE#         411
  C:D456H         LINE#         412
  C:D456H         LINE#         413
  C:D459H         LINE#         414
  C:D45FH         LINE#         415
  C:D466H         LINE#         416
  C:D466H         LINE#         417
  -------         ENDPROC       USBXCORE_GET_STATUS
  -------         PROC          USBXCORE_CLEAR_FEATURE
  C:D64DH         LINE#         423
  C:D64DH         LINE#         425
  C:D653H         LINE#         426
  C:D653H         LINE#         428
  C:D65AH         LINE#         429
  C:D65AH         LINE#         430
  C:D665H         LINE#         436
  C:D670H         LINE#         437
  C:D675H         LINE#         438
  C:D677H         LINE#         440
  C:D677H         LINE#         442
  C:D682H         LINE#         446
  C:D68DH         LINE#         447
  C:D692H         LINE#         448
BL51 BANKED LINKER/LOCATER V6.22                                                      08/05/2021  15:48:41  PAGE 45


  C:D692H         LINE#         449
  C:D694H         LINE#         451
  C:D694H         LINE#         452
  C:D697H         LINE#         453
  C:D697H         LINE#         454
  C:D6A2H         LINE#         455
  -------         ENDPROC       USBXCORE_CLEAR_FEATURE
  -------         PROC          USBXCORE_VENDOR_USB_API
  C:C750H         LINE#         462
  C:C750H         LINE#         464
  C:C75AH         LINE#         465
  C:C75AH         LINE#         466
  C:C761H         LINE#         467
  C:C761H         LINE#         468
  C:C764H         LINE#         469
  C:C767H         LINE#         470
  C:C769H         LINE#         472
  C:C769H         LINE#         473
  C:C770H         LINE#         474
  C:C770H         LINE#         477
  C:C77BH         LINE#         482
  C:C786H         LINE#         483
  C:C791H         LINE#         485
  C:C791H         LINE#         486
  C:C7A4H         LINE#         487
  C:C7A4H         LINE#         488
  C:C7A8H         LINE#         489
  C:C7B3H         LINE#         491
  C:C7B3H         LINE#         492
  C:C7C6H         LINE#         493
  C:C7C6H         LINE#         494
  C:C7CAH         LINE#         495
  C:C7D5H         LINE#         497
  C:C7DBH         LINE#         498
  C:C7E3H         LINE#         499
  C:C7E3H         LINE#         500
  C:C7E6H         LINE#         501
  C:C7E6H         LINE#         502
  C:C7E6H         LINE#         503
  C:C7F1H         LINE#         504
  C:C7F1H         LINE#         505
  C:C7F7H         LINE#         506
  C:C7FEH         LINE#         507
  C:C7FEH         LINE#         508
  C:C802H         LINE#         509
  C:C802H         LINE#         510
  C:C808H         LINE#         511
  C:C80FH         LINE#         512
  C:C80FH         LINE#         513
  C:C81AH         LINE#         514
  -------         ENDPROC       USBXCORE_VENDOR_USB_API
  -------         PROC          USBXCORE_SET_FEATURE
  C:D6A5H         LINE#         521
  C:D6A5H         LINE#         523
  C:D6ABH         LINE#         524
  C:D6ABH         LINE#         526
  C:D6B2H         LINE#         527
BL51 BANKED LINKER/LOCATER V6.22                                                      08/05/2021  15:48:41  PAGE 46


  C:D6B2H         LINE#         528
  C:D6BDH         LINE#         534
  C:D6C8H         LINE#         535
  C:D6CBH         LINE#         536
  C:D6CDH         LINE#         538
  C:D6CDH         LINE#         540
  C:D6D8H         LINE#         544
  C:D6E3H         LINE#         545
  C:D6E9H         LINE#         546
  C:D6E9H         LINE#         548
  C:D6EBH         LINE#         550
  C:D6EBH         LINE#         551
  C:D6EEH         LINE#         552
  C:D6EEH         LINE#         553
  C:D6F9H         LINE#         554
  -------         ENDPROC       USBXCORE_SET_FEATURE
  -------         PROC          USBXCORE_SET_ADDRESS
  C:DA6AH         LINE#         561
  C:DA6AH         LINE#         563
  C:DA79H         LINE#         564
  C:DA7FH         LINE#         565
  C:DA7FH         LINE#         566
  C:DA82H         LINE#         567
  C:DA84H         LINE#         569
  C:DA84H         LINE#         570
  C:DA87H         LINE#         571
  C:DA87H         LINE#         572
  -------         ENDPROC       USBXCORE_SET_ADDRESS
  -------         PROC          USBXCORE_GET_DESCRIPTOR
  C:CA52H         LINE#         579
  C:CA52H         LINE#         580
  C:CA61H         LINE#         581
  C:CA61H         LINE#         582
  C:CA61H         LINE#         583
  C:CA6FH         LINE#         584
  C:CA73H         LINE#         585
  C:CA75H         LINE#         586
  C:CA75H         LINE#         587
  C:CA83H         LINE#         588
  C:CA96H         LINE#         589
  C:CA98H         LINE#         590
  C:CA98H         LINE#         591
  C:CABCH         LINE#         592
  C:CAC8H         LINE#         593
  C:CACAH         LINE#         594
  C:CACAH         LINE#         595
  C:CACDH         LINE#         596
  C:CACDH         LINE#         597
  C:CACDH         LINE#         598
  C:CAE3H         LINE#         599
  C:CAE3H         LINE#         600
  C:CAEBH         LINE#         601
  C:CAEBH         LINE#         602
  C:CAF3H         LINE#         603
  C:CAF3H         LINE#         604
  C:CAF6H         LINE#         605
  C:CAFCH         LINE#         606
BL51 BANKED LINKER/LOCATER V6.22                                                      08/05/2021  15:48:41  PAGE 47


  C:CB03H         LINE#         607
  C:CB03H         LINE#         608
  -------         ENDPROC       USBXCORE_GET_DESCRIPTOR
  -------         PROC          USBXCORE_GET_CONFIGURATION
  C:D7F3H         LINE#         614
  C:D7F3H         LINE#         616
  C:D7FBH         LINE#         617
  C:D7FBH         LINE#         618
  C:D807H         LINE#         619
  C:D80FH         LINE#         620
  C:D80FH         LINE#         621
  C:D813H         LINE#         622
  C:D813H         LINE#         623
  C:D821H         LINE#         624
  C:D829H         LINE#         625
  C:D829H         LINE#         626
  C:D82CH         LINE#         627
  C:D832H         LINE#         628
  C:D839H         LINE#         629
  -------         ENDPROC       USBXCORE_GET_CONFIGURATION
  -------         PROC          USBXCORE_SET_CONFIGURATION
  C:D5F3H         LINE#         635
  C:D5F3H         LINE#         637
  C:D5FCH         LINE#         638
  C:D5FCH         LINE#         639
  C:D603H         LINE#         640
  C:D609H         LINE#         641
  C:D60EH         LINE#         642
  C:D610H         LINE#         644
  C:D61BH         LINE#         645
  C:D626H         LINE#         646
  C:D631H         LINE#         653
  C:D63CH         LINE#         654
  C:D63EH         LINE#         656
  C:D63EH         LINE#         657
  C:D644H         LINE#         658
  C:D648H         LINE#         659
  C:D64AH         LINE#         660
  C:D64AH         LINE#         661
  -------         ENDPROC       USBXCORE_SET_CONFIGURATION
  -------         PROC          USBXCORE_GET_INTERFACE
  C:D9FBH         LINE#         668
  C:D9FBH         LINE#         670
  C:DA09H         LINE#         671
  C:DA11H         LINE#         672
  C:DA14H         LINE#         673
  C:DA1AH         LINE#         674
  C:DA21H         LINE#         675
  -------         ENDPROC       USBXCORE_GET_INTERFACE
  -------         PROC          USBXCORE_SET_SOP
  C:DB0BH         LINE#         682
  C:DB0BH         LINE#         684
  C:DB13H         LINE#         685
  C:DB13H         LINE#         686
  C:DB1EH         LINE#         687
  C:DB1EH         LINE#         688
  -------         ENDPROC       USBXCORE_SET_SOP
BL51 BANKED LINKER/LOCATER V6.22                                                      08/05/2021  15:48:41  PAGE 48


  -------         PROC          USBXCORE_USB_ISR
  C:BF4CH         LINE#         699
  C:BF69H         LINE#         702
  C:BF6FH         LINE#         703
  C:BF82H         LINE#         706
  C:BF95H         LINE#         709
  C:BF99H         LINE#         710
  C:BF99H         LINE#         711
  C:BFA4H         LINE#         712
  C:BFA4H         LINE#         714
  C:BFABH         LINE#         715
  C:BFABH         LINE#         716
  C:BFAEH         LINE#         717
  C:BFAEH         LINE#         719
  C:BFB5H         LINE#         720
  C:BFB5H         LINE#         721
  C:BFC2H         LINE#         722
  C:BFC2H         LINE#         723
  C:BFC9H         LINE#         724
  C:BFC9H         LINE#         725
  C:BFC9H         LINE#         727
  C:BFC9H         LINE#         728
  C:BFC9H         LINE#         730
  C:BFC9H         LINE#         732
  C:BFDCH         LINE#         734
  C:BFE0H         LINE#         735
  C:BFE0H         LINE#         736
  C:BFE3H         LINE#         737
  C:BFE3H         LINE#         740
  C:BFEAH         LINE#         741
  C:BFEAH         LINE#         742
  C:BFF5H         LINE#         748
  C:C008H         LINE#         749
  C:C00DH         LINE#         750
  C:C00DH         LINE#         751
  C:C014H         LINE#         752
  C:C014H         LINE#         754
  C:C014H         LINE#         756
  C:C027H         LINE#         759
  C:C02BH         LINE#         760
  C:C02BH         LINE#         761
  C:C036H         LINE#         767
  C:C049H         LINE#         768
  C:C04DH         LINE#         769
  C:C04DH         LINE#         770
  C:C054H         LINE#         771
  C:C054H         LINE#         772
  C:C054H         LINE#         775
  C:C062H         LINE#         776
  C:C067H         LINE#         777
  C:C06DH         LINE#         778
  C:C072H         LINE#         781
  C:C07FH         LINE#         782
  C:C07FH         LINE#         783
  C:C082H         LINE#         784
  C:C082H         LINE#         785
  -------         ENDPROC       USBXCORE_USB_ISR
BL51 BANKED LINKER/LOCATER V6.22                                                      08/05/2021  15:48:41  PAGE 49


  -------         ENDMOD        USB_API

  -------         MODULE        USB_SUSPEND
  C:0000H         SYMBOL        _ICE_DUMMY_
  D:00D7H         PUBLIC        USB0XCN
  D:00C9H         PUBLIC        REG0CN
  C:D9A9H         PUBLIC        USB_Suspend
  D:00A9H         PUBLIC        CLKSEL
  D:00B2H         PUBLIC        OSCICN
  D:00B9H         PUBLIC        CLKMUL
  -------         PROC          USB_SUSPEND
  C:D9A9H         LINE#         70
  C:D9A9H         LINE#         72
  C:D9ACH         LINE#         74
  C:D9AFH         LINE#         76
  C:D9B7H         LINE#         79
  C:D9BAH         LINE#         80
  C:D9BDH         LINE#         81
  C:D9C0H         LINE#         82
  C:D9C3H         LINE#         84
  C:D9C4H         LINE#         86
  C:D9C7H         LINE#         88
  C:D9CDH         LINE#         92
  C:D9D0H         LINE#         94
  C:D9D3H         LINE#         95
  -------         ENDPROC       USB_SUSPEND
  -------         ENDMOD        USB_SUSPEND

  -------         MODULE        USB_INT_ENABLE
  C:0000H         SYMBOL        _ICE_DUMMY_
  C:DAC6H         PUBLIC        USB_Int_Enable
  D:0096H         PUBLIC        USB0ADR
  D:0097H         PUBLIC        USB0DAT
  -------         PROC          USB_INT_ENABLE
  C:DAC6H         LINE#         68
  C:DAC6H         LINE#         71
  C:DACDH         LINE#         73
  C:DAD3H         LINE#         74
  C:DAD3H         LINE#         75
  C:DADEH         LINE#         77
  C:DADEH         LINE#         78
  -------         ENDPROC       USB_INT_ENABLE
  -------         ENDMOD        USB_INT_ENABLE

  -------         MODULE        USB_CLOCK_RECOVERY
  C:0000H         SYMBOL        _ICE_DUMMY_
  C:DB51H         PUBLIC        USBXcore_ClkRec
  D:0096H         PUBLIC        USB0ADR
  D:0097H         PUBLIC        USB0DAT
  -------         PROC          USBXCORE_CLKREC
  C:DB51H         LINE#         45
  C:DB51H         LINE#         47
  C:DB5CH         LINE#         48
  -------         ENDPROC       USBXCORE_CLKREC
  -------         ENDMOD        USB_CLOCK_RECOVERY

  -------         MODULE        ?C?FPMUL
BL51 BANKED LINKER/LOCATER V6.22                                                      08/05/2021  15:48:41  PAGE 50


  C:AC9AH         PUBLIC        ?C?FPMUL
  -------         ENDMOD        ?C?FPMUL

  -------         MODULE        ?C?FCAST
  C:ADAAH         PUBLIC        ?C?FCASTC
  C:ADA5H         PUBLIC        ?C?FCASTI
  C:ADA0H         PUBLIC        ?C?FCASTL
  -------         ENDMOD        ?C?FCAST

  -------         MODULE        ?C?CASTF
  C:ADDEH         PUBLIC        ?C?CASTF
  -------         ENDMOD        ?C?CASTF

  -------         MODULE        ?C?COPY
  C:AF2FH         PUBLIC        ?C?COPY
  -------         ENDMOD        ?C?COPY

  -------         MODULE        ?C?CLDPTR
  C:AF55H         PUBLIC        ?C?CLDPTR
  -------         ENDMOD        ?C?CLDPTR

  -------         MODULE        ?C?CLDOPTR
  C:AF6EH         PUBLIC        ?C?CLDOPTR
  -------         ENDMOD        ?C?CLDOPTR

  -------         MODULE        ?C?IMUL
  C:AF9BH         PUBLIC        ?C?IMUL
  -------         ENDMOD        ?C?IMUL

  -------         MODULE        ?C?IILDX
  C:AFADH         PUBLIC        ?C?IILDX
  -------         ENDMOD        ?C?IILDX

  -------         MODULE        ?C?ILDOPTR
  C:AFC3H         PUBLIC        ?C?ILDOPTR
  -------         ENDMOD        ?C?ILDOPTR

  -------         MODULE        ?C?LMUL
  C:AFFBH         PUBLIC        ?C?LMUL
  -------         ENDMOD        ?C?LMUL

  -------         MODULE        ?C?ULDIV
  C:B086H         PUBLIC        ?C?ULDIV
  -------         ENDMOD        ?C?ULDIV

  -------         MODULE        ?C?LNEG
  C:B118H         PUBLIC        ?C?LNEG
  -------         ENDMOD        ?C?LNEG

  -------         MODULE        ?C?ULCMP
  C:B126H         PUBLIC        ?C?ULCMP
  -------         ENDMOD        ?C?ULCMP

  -------         MODULE        ?C?ULSHR
  C:B137H         PUBLIC        ?C?ULSHR
  -------         ENDMOD        ?C?ULSHR

BL51 BANKED LINKER/LOCATER V6.22                                                      08/05/2021  15:48:41  PAGE 51


  -------         MODULE        ?C?LSHL
  C:B14AH         PUBLIC        ?C?LSHL
  -------         ENDMOD        ?C?LSHL

  -------         MODULE        ?C?LLDIPDATA
  C:B166H         PUBLIC        ?C?LLDIPDATA
  C:B15DH         PUBLIC        ?C?LLDIPDATA1
  C:B15FH         PUBLIC        ?C?LLDIPDATA8
  -------         ENDMOD        ?C?LLDIPDATA

  -------         MODULE        ?C?LSTXDATA
  C:B17DH         PUBLIC        ?C?LSTXDATA
  -------         ENDMOD        ?C?LSTXDATA

  -------         MODULE        ?C?LSTPDATA
  C:B189H         PUBLIC        ?C?LSTPDATA
  -------         ENDMOD        ?C?LSTPDATA

  -------         MODULE        ?C?LSTKXDATA
  C:B195H         PUBLIC        ?C?LSTKXDATA
  -------         ENDMOD        ?C?LSTKXDATA

  -------         MODULE        ?C?LSTKPDATA
  C:B1C6H         PUBLIC        ?C?LSTKPDATA
  -------         ENDMOD        ?C?LSTKPDATA

  -------         MODULE        ?C_PBP
  D:0008H         PUBLIC        ?C_PBP
  -------         ENDMOD        ?C_PBP

*** WARNING L14: INCOMPATIBLE MEMORY MODEL
    MODULE:  .\USBX_F34X.LIB (USB_API)
    MODEL:   SMALL

*** WARNING L14: INCOMPATIBLE MEMORY MODEL
    MODULE:  .\USBX_F34X.LIB (USB_SUSPEND)
    MODEL:   SMALL

*** WARNING L14: INCOMPATIBLE MEMORY MODEL
    MODULE:  .\USBX_F34X.LIB (USB_INT_ENABLE)
    MODEL:   SMALL

*** WARNING L14: INCOMPATIBLE MEMORY MODEL
    MODULE:  .\USBX_F34X.LIB (USB_CLOCK_RECOVERY)
    MODEL:   SMALL

*** WARNING L16: UNCALLED SEGMENT, IGNORED FOR OVERLAY PROCESS
    SEGMENT: ?PR?SD_INIT?MMC_SD

*** WARNING L16: UNCALLED SEGMENT, IGNORED FOR OVERLAY PROCESS
    SEGMENT: ?PR?_DISPPIC?LCD

*** WARNING L16: UNCALLED SEGMENT, IGNORED FOR OVERLAY PROCESS
    SEGMENT: ?PR?_DISPPICFROMSD?LCD

*** WARNING L16: UNCALLED SEGMENT, IGNORED FOR OVERLAY PROCESS
    SEGMENT: ?PR?DISPSCALEHOR1?LCD
BL51 BANKED LINKER/LOCATER V6.22                                                      08/05/2021  15:48:41  PAGE 52



*** WARNING L16: UNCALLED SEGMENT, IGNORED FOR OVERLAY PROCESS
    SEGMENT: ?PR?DISPSCALEVER?LCD

*** WARNING L16: UNCALLED SEGMENT, IGNORED FOR OVERLAY PROCESS
    SEGMENT: ?PR?DISPSCALEVER_RED?LCD

*** WARNING L16: UNCALLED SEGMENT, IGNORED FOR OVERLAY PROCESS
    SEGMENT: ?PR?DISPSCALEVER_GREEN?LCD

*** WARNING L16: UNCALLED SEGMENT, IGNORED FOR OVERLAY PROCESS
    SEGMENT: ?PR?DISPSCALEVER_BLUE?LCD

*** WARNING L16: UNCALLED SEGMENT, IGNORED FOR OVERLAY PROCESS
    SEGMENT: ?PR?DISPSCALEVER_GRAY?LCD

*** WARNING L16: UNCALLED SEGMENT, IGNORED FOR OVERLAY PROCESS
    SEGMENT: ?PR?DISPGRAYHOR32?LCD

*** WARNING L16: UNCALLED SEGMENT, IGNORED FOR OVERLAY PROCESS
    SEGMENT: ?PR?DISPSCALEHOR2?LCD

*** WARNING L16: UNCALLED SEGMENT, IGNORED FOR OVERLAY PROCESS
    SEGMENT: ?PR?_DRAWGIRD?LCD

*** WARNING L15: MULTIPLE CALL TO SEGMENT
    SEGMENT: ?PR?_WRITECOMM?LCD
    CALLER1: ?PR?USB_API_TEST_ISR?MAIN
    CALLER2: ?C_C51STARTUP

*** WARNING L15: MULTIPLE CALL TO SEGMENT
    SEGMENT: ?PR?_WRITEDATA?LCD
    CALLER1: ?PR?USB_API_TEST_ISR?MAIN
    CALLER2: ?C_C51STARTUP

Program Size: data=10.0 xdata=1217 code=56179
LINK/LOCATE RUN COMPLETE.  18 WARNING(S),  0 ERROR(S)
