BL51 BANKED LINKER/LOCATER V6.22                                                        09/15/2020  11:17:04  PAGE 1


BL51 BANKED LINKER/LOCATER V6.22, INVOKED BY:
C:\KEIL\C51\BIN\BL51.EXE main.obj, mmc_sd.obj, lcd.obj, tp.obj, .\USBX_F34X.LIB TO GC9306_CTC24_L8 RAMSIZE (256)


MEMORY MODEL: COMPACT WITH FLOATING POINT ARITHMETIC


INPUT MODULES INCLUDED:
  main.obj (MAIN)
  mmc_sd.obj (MMC_SD)
  lcd.obj (LCD)
  tp.obj (TP)
  .\USBX_F34X.LIB (USB_API)
  .\USBX_F34X.LIB (USB_CLOCK_START)
  .\USBX_F34X.LIB (USB_SUSPEND)
  .\USBX_F34X.LIB (GET_INTERRUPT_SOURCE)
  .\USBX_F34X.LIB (BLOCK_READ)
  .\USBX_F34X.LIB (BLOCK_WRITE)
  .\USBX_F34X.LIB (USB_INT_ENABLE)
  .\USBX_F34X.LIB (USB_CLOCK_RECOVERY)
  .\USBX_F34X.LIB (USB_JUMP_ISR)
  C:\KEIL\C51\LIB\C51FPC.LIB (?C?FPMUL)
  C:\KEIL\C51\LIB\C51FPC.LIB (?C?FCAST)
  C:\KEIL\C51\LIB\C51FPC.LIB (?C?CASTF)
  C:\KEIL\C51\LIB\C51FPC.LIB (?C?FPGETOPN)
  C:\KEIL\C51\LIB\C51C.LIB (?C_STARTUP)
  C:\KEIL\C51\LIB\C51C.LIB (?C?COPY)
  C:\KEIL\C51\LIB\C51C.LIB (?C?CLDPTR)
  C:\KEIL\C51\LIB\C51C.LIB (?C?CLDOPTR)
  C:\KEIL\C51\LIB\C51C.LIB (?C?IMUL)
  C:\KEIL\C51\LIB\C51C.LIB (?C?IILDX)
  C:\KEIL\C51\LIB\C51C.LIB (?C?LMUL)
  C:\KEIL\C51\LIB\C51C.LIB (?C?ULDIV)
  C:\KEIL\C51\LIB\C51C.LIB (?C?LNEG)
  C:\KEIL\C51\LIB\C51C.LIB (?C?ULCMP)
  C:\KEIL\C51\LIB\C51C.LIB (?C?ULSHR)
  C:\KEIL\C51\LIB\C51C.LIB (?C?LSHL)
  C:\KEIL\C51\LIB\C51C.LIB (?C?LLDIPDATA)
  C:\KEIL\C51\LIB\C51C.LIB (?C?LSTXDATA)
  C:\KEIL\C51\LIB\C51C.LIB (?C?LSTPDATA)
  C:\KEIL\C51\LIB\C51C.LIB (?C?LSTKXDATA)
  C:\KEIL\C51\LIB\C51C.LIB (?C?LSTKPDATA)
  C:\KEIL\C51\LIB\C51C.LIB (?C_PBP)
  C:\KEIL\C51\LIB\C51C.LIB (?C_INIT)


LINK MAP OF MODULE:  GC9306_CTC24_L8 (MAIN)


            TYPE    BASE      LENGTH    RELOCATION   SEGMENT NAME
            -----------------------------------------------------

            * * * * * * *   D A T A   M E M O R Y   * * * * * * *
            REG     0000H     0008H     ABSOLUTE     "REG BANK 0"
            DATA    0008H     0001H     UNIT         ?C?LIB_DATA
            IDATA   0009H     0001H     UNIT         ?STACK

            * * * * * * *  X D A T A   M E M O R Y  * * * * * * *
BL51 BANKED LINKER/LOCATER V6.22                                                      09/15/2020  11:17:04  PAGE 2


            XDATA   0000H     0010H     INPAGE       ?PD?MAIN
            XDATA   0010H     0004H     INPAGE       ?PD?_MMC_SD_READSINGLEBLOCK?MMC_SD
            XDATA   0014H     0008H     INPAGE       ?PD?_LCD_READ_IC_ID?LCD
            XDATA   001CH     000DH     INPAGE       ?PD?_DISPPICFROMSD?LCD
            XDATA   0029H     0004H     INPAGE       ?PD?DISPSCALEHOR1?LCD
            XDATA   002DH     0004H     INPAGE       ?PD?DISPSCALEVER?LCD
            XDATA   0031H     0004H     INPAGE       ?PD?DISPSCALEVER_RED?LCD
            XDATA   0035H     0004H     INPAGE       ?PD?DISPSCALEVER_GREEN?LCD
            XDATA   0039H     0004H     INPAGE       ?PD?DISPSCALEVER_BLUE?LCD
            XDATA   003DH     0004H     INPAGE       ?PD?DISPSCALEVER_GRAY?LCD
            XDATA   0041H     0004H     INPAGE       ?PD?DISPGRAYHOR32?LCD
            XDATA   0045H     0002H     INPAGE       ?PD?DISPSCALEHOR2?LCD
            XDATA   0047H     000CH     INPAGE       ?PD?_DRAWLINE?LCD
            XDATA   0053H     0004H     INPAGE       ?PD?_DRAWGIRD?LCD
            XDATA   0057H     0002H     INPAGE       ?PD?LCD
            XDATA   0059H     0026H     INPAGE       _PDATA_GROUP_
            XDATA   007FH     0200H     UNIT         ?XD?MMC_SD
            XDATA   027FH     0058H     UNIT         _XDATA_GROUP_
            XDATA   02D7H     0040H     UNIT         ?XD?MAIN
                    0317H     0329H                  *** GAP ***
            XDATA   0640H     0100H     ABSOLUTE     
            XDATA   0740H     0012H     ABSOLUTE     
            XDATA   0752H     0020H     ABSOLUTE     
            XDATA   0772H     000CH     ABSOLUTE     
            XDATA   077EH     0008H     ABSOLUTE     
            XDATA   0786H     0001H     ABSOLUTE     
            XDATA   0787H     0003H     ABSOLUTE     
            XDATA   078AH     0002H     ABSOLUTE     
            XDATA   078CH     0002H     ABSOLUTE     
            XDATA   078EH     0003H     ABSOLUTE     
            XDATA   0791H     0001H     ABSOLUTE     
            XDATA   0792H     0001H     ABSOLUTE     
            XDATA   0793H     0001H     ABSOLUTE     
            XDATA   0794H     0001H     ABSOLUTE     
            XDATA   0795H     0002H     ABSOLUTE     
            XDATA   0797H     0002H     ABSOLUTE     
            XDATA   0799H     0001H     ABSOLUTE     
            XDATA   079AH     0001H     ABSOLUTE     
            XDATA   079BH     0001H     ABSOLUTE     
            XDATA   079CH     0001H     ABSOLUTE     
            XDATA   079DH     0001H     ABSOLUTE     
            XDATA   079EH     0001H     ABSOLUTE     
            XDATA   079FH     0002H     ABSOLUTE     
            XDATA   07A1H     0001H     ABSOLUTE     
            XDATA   07A2H     0001H     ABSOLUTE     
            XDATA   07A3H     000CH     ABSOLUTE     
                    07AFH     0011H                  *** GAP ***
            XDATA   07C0H     0040H     ABSOLUTE     

            * * * * * * *   C O D E   M E M O R Y   * * * * * * *
            CODE    0000H     0003H     ABSOLUTE     
            CODE    0003H     003AH     UNIT         ?CO?USB_API
            CODE    003DH     0003H     UNIT         ?PR?SUSPEND_DEVICE?MAIN
                    0040H     0003H                  *** GAP ***
            CODE    0043H     0003H     ABSOLUTE     
            CODE    0046H     0044H     UNIT         ?PR?_DISPCOLOR?LCD
                    008AH     0001H                  *** GAP ***
BL51 BANKED LINKER/LOCATER V6.22                                                      09/15/2020  11:17:04  PAGE 3


            CODE    008BH     0003H     ABSOLUTE     
            CODE    008EH     060CH     UNIT         ?PR?CONNTOUSB?MAIN
            CODE    069AH     0600H     UNIT         ?CO?LCD
            CODE    0C9AH     050DH     UNIT         ?C?LIB_CODE
            CODE    11A7H     0233H     UNIT         ?PR?USBXCORE_HANDLE_SETUP?USB_API
            CODE    13DAH     0232H     UNIT         ?PR?_LCD_READ_IC_ID?LCD
            CODE    160CH     0226H     UNIT         ?PR?DISPSCALEHOR1?LCD
            CODE    1832H     01BAH     UNIT         ?PR?DISPSCALEHOR2?LCD
            CODE    19ECH     01A0H     UNIT         ?PR?TP_DRAWLINE?TP
            CODE    1B8CH     018EH     UNIT         ?PR?DISPBAND?LCD
            CODE    1D1AH     0189H     UNIT         ?PR?LCD_INIT?LCD
            CODE    1EA3H     0151H     UNIT         ?PR?USBXCORE_USB_ISR?USB_API
            CODE    1FF4H     013DH     UNIT         ?PR?USB_API_TEST_ISR?MAIN
            CODE    2131H     0137H     UNIT         ?PR?_USB_INIT?USB_API
            CODE    2268H     0128H     UNIT         ?PR?DISPSCALEVER?LCD
            CODE    2390H     011BH     UNIT         ?PR?_TP_GETPOSITION?TP
            CODE    24ABH     0111H     UNIT         ?PR?_BLOCK_WRITE?BLOCK_WRITE
            CODE    25BCH     00E9H     UNIT         ?PR?_DISPPICFROMSD?LCD
            CODE    26A5H     00CDH     UNIT         ?PR?USBXCORE_VENDOR_USB_API?USB_API
            CODE    2772H     00CBH     UNIT         ?PR?_DISPONECHAR?LCD
            CODE    283DH     00B7H     UNIT         ?PR?MMC_SD_RESET?MMC_SD
            CODE    28F4H     00B3H     UNIT         ?PR?_DISPINT?LCD
            CODE    29A7H     00B2H     UNIT         ?PR?USBXCORE_GET_DESCRIPTOR?USB_API
            CODE    2A59H     00AFH     UNIT         ?PR?_BLOCK_READ?BLOCK_READ
            CODE    2B08H     00A4H     UNIT         ?PR?DISPFRAME?LCD
            CODE    2BACH     00A0H     UNIT         ?PR?DISPSCALEVER_GREEN?LCD
            CODE    2C4CH     009BH     UNIT         ?PR?DISPGRAYHOR16?LCD
            CODE    2CE7H     0099H     UNIT         ?PR?_?BLOCKWRITE?LCD
            CODE    2D80H     0096H     UNIT         ?PR?_DISPSTR?LCD
            CODE    2E16H     0091H     UNIT         ?PR?DISPSCALEVER_RED?LCD
            CODE    2EA7H     0091H     UNIT         ?PR?DISPSCALEVER_GRAY?LCD
            CODE    2F38H     0090H     UNIT         ?PR?_DRAWGIRD?LCD
            CODE    2FC8H     008CH     UNIT         ?C_C51STARTUP
            CODE    3054H     0086H     UNIT         ?PR?DISPSCALEVER_BLUE?LCD
            CODE    30DAH     0086H     UNIT         ?PR?_DRAWLINE?LCD
            CODE    3160H     007DH     UNIT         ?PR?_MMC_SD_WRITESINGLEBLOCK?MMC_SD
            CODE    31DDH     0076H     UNIT         ?PR?DISPGRAYHOR32?LCD
            CODE    3253H     0075H     UNIT         ?PR?_MMC_SD_SENDCOMMAND?MMC_SD
            CODE    32C8H     0073H     UNIT         ?PR?TP_READ?TP
            CODE    333BH     0073H     UNIT         ?PR?USBXCORE_GET_STATUS?USB_API
            CODE    33AEH     006CH     UNIT         ?PR?DEVICES_INIT?MAIN
            CODE    341AH     0064H     UNIT         ?PR?_MMC_SD_READSINGLEBLOCK?MMC_SD
            CODE    347EH     005BH     UNIT         ?PR?_TOORD?LCD
            CODE    34D9H     005AH     UNIT         ?PR?USBXCORE_SET_CONFIGURATION?USB_API
            CODE    3533H     0058H     UNIT         ?PR?USBXCORE_CLEAR_FEATURE?USB_API
            CODE    358BH     0057H     UNIT         ?PR?USBXCORE_SET_FEATURE?USB_API
            CODE    35E2H     0055H     UNIT         ?PR?_STOPDELAY?MAIN
            CODE    3637H     0052H     UNIT         ?PR?_PUTPIXEL?LCD
            CODE    3689H     0050H     UNIT         ?CO?MAIN
            CODE    36D9H     0047H     UNIT         ?PR?USBXCORE_GET_CONFIGURATION?USB_API
            CODE    3720H     0043H     UNIT         ?PR?MCU_INIT?MAIN
            CODE    3763H     0038H     UNIT         ?PR?USB_CLOCK_START?USB_CLOCK_START
            CODE    379BH     002DH     UNIT         ?C_INITSEG
            CODE    37C8H     002CH     UNIT         ?PR?_WRITEDISPDATA?LCD
            CODE    37F4H     002BH     UNIT         ?PR?MAIN?MAIN
            CODE    381FH     002BH     UNIT         ?PR?USB_SUSPEND?USB_SUSPEND
            CODE    384AH     0027H     UNIT         ?PR?USBXCORE_USB_RESET?USB_API
BL51 BANKED LINKER/LOCATER V6.22                                                      09/15/2020  11:17:04  PAGE 4


            CODE    3871H     0027H     UNIT         ?PR?USBXCORE_GET_INTERFACE?USB_API
            CODE    3898H     0026H     UNIT         ?PR?_TP_WRITE?TP
            CODE    38BEH     0022H     UNIT         ?PR?USBXCORE_JUMP_ISR?USB_JUMP_ISR
            CODE    38E0H     0020H     UNIT         ?PR?READDATA?LCD
            CODE    3900H     0020H     UNIT         ?PR?USBXCORE_SET_ADDRESS?USB_API
            CODE    3920H     001FH     UNIT         ?PR?_DELAY?MAIN
            CODE    393FH     001DH     UNIT         ?PR?USBXCORE_FORCE_STALL?USB_API
            CODE    395CH     0019H     UNIT         ?PR?_WRITEDATA?LCD
            CODE    3975H     0019H     UNIT         ?PR?USB_INT_ENABLE?USB_INT_ENABLE
            CODE    398EH     0016H     UNIT         ?PR?_SPI_WRITEBYTE?MMC_SD
            CODE    39A4H     0015H     UNIT         ?PR?_WRITECOMM?LCD
            CODE    39B9H     0014H     UNIT         ?PR?USBXCORE_SET_SOP?USB_API
            CODE    39CDH     0013H     UNIT         ?PR?WAITKEY?MAIN
            CODE    39E0H     0011H     UNIT         ?PR?SD_INIT?MMC_SD
            CODE    39F1H     000EH     UNIT         ?PR?GET_INTERRUPT_SOURCE?GET_INTERRUPT_SOURCE
            CODE    39FFH     000CH     UNIT         ?PR?USBXCORE_CLKREC?USB_CLOCK_RECOVERY
            CODE    3A0BH     000BH     UNIT         ?PR?SPI_READBYTE?MMC_SD
            CODE    3A16H     0009H     UNIT         ?PR?_WRITEONEDOT?LCD



OVERLAY MAP OF MODULE:   GC9306_CTC24_L8 (MAIN)


SEGMENT                                            PDATA_GROUP         XDATA_GROUP
  +--> CALLED SEGMENT                            START    LENGTH     START    LENGTH
------------------------------------------------------------------------------------
?PR?USB_API_TEST_ISR?MAIN                        0059H    0001H      -----    -----
  +--> ?PR?GET_INTERRUPT_SOURCE?GET_INTERRUP...
  +--> ?PR?_BLOCK_READ?BLOCK_READ
  +--> ?PR?SUSPEND_DEVICE?MAIN
  +--> ?PR?MCU_INIT?MAIN
  +--> ?PR?_?BLOCKWRITE?LCD

?PR?SUSPEND_DEVICE?MAIN                          -----    -----      -----    -----
  +--> ?PR?USB_SUSPEND?USB_SUSPEND

?PR?USB_SUSPEND?USB_SUSPEND                      -----    -----      -----    -----
  +--> ?PR?USB_CLOCK_START?USB_CLOCK_START

?PR?_?BLOCKWRITE?LCD                             -----    -----      -----    -----
  +--> ?PR?_WRITECOMM?LCD
  +--> ?PR?_WRITEDATA?LCD

?PR?_WRITECOMM?LCD                               007DH    0002H      -----    -----

?PR?_WRITEDATA?LCD                               007DH    0002H      -----    -----

*** NEW ROOT ***************************************************

?PR?USBXCORE_USB_ISR?USB_API                     -----    -----      -----    -----
  +--> ?PR?USBXCORE_USB_RESET?USB_API
  +--> ?PR?USBXCORE_HANDLE_SETUP?USB_API
  +--> ?PR?USBXCORE_JUMP_ISR?USB_JUMP_ISR

?PR?USBXCORE_HANDLE_SETUP?USB_API                -----    -----      -----    -----
  +--> ?PR?USBXCORE_GET_STATUS?USB_API
BL51 BANKED LINKER/LOCATER V6.22                                                      09/15/2020  11:17:04  PAGE 5


  +--> ?PR?USBXCORE_CLEAR_FEATURE?USB_API
  +--> ?PR?USBXCORE_VENDOR_USB_API?USB_API
  +--> ?PR?USBXCORE_SET_FEATURE?USB_API
  +--> ?PR?USBXCORE_SET_ADDRESS?USB_API
  +--> ?PR?USBXCORE_GET_DESCRIPTOR?USB_API
  +--> ?PR?USBXCORE_GET_CONFIGURATION?USB_API
  +--> ?PR?USBXCORE_SET_CONFIGURATION?USB_API
  +--> ?PR?USBXCORE_GET_INTERFACE?USB_API
  +--> ?PR?USBXCORE_SET_SOP?USB_API
  +--> ?PR?USBXCORE_FORCE_STALL?USB_API

?PR?USBXCORE_GET_STATUS?USB_API                  -----    -----      -----    -----
  +--> ?CO?USB_API
  +--> ?PR?USBXCORE_FORCE_STALL?USB_API
  +--> ?PR?USBXCORE_SET_SOP?USB_API

?PR?USBXCORE_CLEAR_FEATURE?USB_API               -----    -----      -----    -----
  +--> ?PR?USBXCORE_FORCE_STALL?USB_API
  +--> ?PR?USBXCORE_SET_SOP?USB_API

?PR?USBXCORE_VENDOR_USB_API?USB_API              -----    -----      -----    -----
  +--> ?PR?USBXCORE_SET_SOP?USB_API

?PR?USBXCORE_SET_FEATURE?USB_API                 -----    -----      -----    -----
  +--> ?PR?USBXCORE_FORCE_STALL?USB_API
  +--> ?PR?USBXCORE_SET_SOP?USB_API

?PR?USBXCORE_SET_ADDRESS?USB_API                 -----    -----      -----    -----
  +--> ?PR?USBXCORE_SET_SOP?USB_API

?PR?USBXCORE_GET_DESCRIPTOR?USB_API              -----    -----      -----    -----
  +--> ?PR?USBXCORE_FORCE_STALL?USB_API
  +--> ?PR?USBXCORE_SET_SOP?USB_API

?PR?USBXCORE_GET_CONFIGURATION?USB_API           -----    -----      -----    -----
  +--> ?CO?USB_API
  +--> ?PR?USBXCORE_SET_SOP?USB_API

?PR?USBXCORE_SET_CONFIGURATION?USB_API           -----    -----      -----    -----
  +--> ?PR?USBXCORE_SET_SOP?USB_API

?PR?USBXCORE_GET_INTERFACE?USB_API               -----    -----      -----    -----
  +--> ?CO?USB_API
  +--> ?PR?USBXCORE_SET_SOP?USB_API

*** NEW ROOT ***************************************************

?C_C51STARTUP                                    -----    -----      -----    -----
  +--> ?PR?MAIN?MAIN
  +--> ?C_INITSEG

?PR?MAIN?MAIN                                    -----    -----      -----    -----
  +--> ?PR?DEVICES_INIT?MAIN
  +--> ?PR?DISPFRAME?LCD
  +--> ?PR?_STOPDELAY?MAIN
  +--> ?PR?DISPBAND?LCD
  +--> ?PR?DISPGRAYHOR16?LCD
BL51 BANKED LINKER/LOCATER V6.22                                                      09/15/2020  11:17:04  PAGE 6


  +--> ?PR?_DISPCOLOR?LCD
  +--> ?PR?TP_DRAWLINE?TP

?PR?DEVICES_INIT?MAIN                            -----    -----      -----    -----
  +--> ?PR?MCU_INIT?MAIN
  +--> ?PR?USB_CLOCK_START?USB_CLOCK_START
  +--> ?CO?MAIN
  +--> ?PR?_USB_INIT?USB_API
  +--> ?PR?USB_INT_ENABLE?USB_INT_ENABLE
  +--> ?PR?LCD_INIT?LCD

?PR?_USB_INIT?USB_API                            -----    -----      027FH    0011H
  +--> ?CO?USB_API
  +--> ?PR?USBXCORE_CLKREC?USB_CLOCK_RECOVERY

?PR?LCD_INIT?LCD                                 -----    -----      -----    -----
  +--> ?PR?READDATA?LCD
  +--> ?PR?_DELAY?MAIN
  +--> ?PR?_WRITECOMM?LCD
  +--> ?PR?_WRITEDATA?LCD

?PR?READDATA?LCD                                 -----    -----      -----    -----
  +--> ?PR?_WRITECOMM?LCD
  +--> ?PR?_WRITEDATA?LCD

?PR?DISPFRAME?LCD                                005CH    0002H      -----    -----
  +--> ?PR?_?BLOCKWRITE?LCD
  +--> ?PR?_WRITEDISPDATA?LCD

?PR?_WRITEDISPDATA?LCD                           007DH    0001H      -----    -----

?PR?_STOPDELAY?MAIN                              005CH    0004H      -----    -----
  +--> ?PR?WAITKEY?MAIN
  +--> ?PR?_DELAY?MAIN

?PR?WAITKEY?MAIN                                 -----    -----      -----    -----
  +--> ?PR?CONNTOUSB?MAIN
  +--> ?PR?_DELAY?MAIN

?PR?CONNTOUSB?MAIN                               0060H    0005H      027FH    0058H
  +--> ?CO?MAIN
  +--> ?PR?_WRITECOMM?LCD
  +--> ?PR?_WRITEDATA?LCD
  +--> ?PR?_DISPSTR?LCD
  +--> ?PR?_DISPINT?LCD
  +--> ?PR?_WRITEDISPDATA?LCD
  +--> ?PR?_MMC_SD_WRITESINGLEBLOCK?MMC_SD
  +--> ?PR?_BLOCK_WRITE?BLOCK_WRITE
  +--> ?PR?READDATA?LCD
  +--> ?PR?_DELAY?MAIN

?PR?_DISPSTR?LCD                                 0065H    000BH      -----    -----
  +--> ?PR?_TOORD?LCD
  +--> ?PR?_DISPONECHAR?LCD

?PR?_DISPONECHAR?LCD                             0070H    000DH      -----    -----
  +--> ?PR?_?BLOCKWRITE?LCD
BL51 BANKED LINKER/LOCATER V6.22                                                      09/15/2020  11:17:04  PAGE 7


  +--> ?CO?LCD
  +--> ?PR?_WRITEONEDOT?LCD

?PR?_WRITEONEDOT?LCD                             -----    -----      -----    -----
  +--> ?PR?_WRITEDISPDATA?LCD

?PR?_DISPINT?LCD                                 0065H    000AH      -----    -----
  +--> ?PR?_DISPONECHAR?LCD

?PR?_MMC_SD_WRITESINGLEBLOCK?MMC_SD              0065H    0004H      -----    -----
  +--> ?PR?_MMC_SD_SENDCOMMAND?MMC_SD
  +--> ?PR?_SPI_WRITEBYTE?MMC_SD

?PR?_MMC_SD_SENDCOMMAND?MMC_SD                   0069H    0005H      -----    -----
  +--> ?PR?_SPI_WRITEBYTE?MMC_SD

?PR?DISPBAND?LCD                                 005CH    0005H      -----    -----
  +--> ?PR?_?BLOCKWRITE?LCD
  +--> ?PR?_WRITEDISPDATA?LCD

?PR?DISPGRAYHOR16?LCD                            005CH    0004H      -----    -----
  +--> ?PR?_?BLOCKWRITE?LCD
  +--> ?PR?_WRITEDISPDATA?LCD

?PR?_DISPCOLOR?LCD                               005CH    0004H      -----    -----
  +--> ?PR?_?BLOCKWRITE?LCD
  +--> ?PR?_WRITEDISPDATA?LCD

?PR?TP_DRAWLINE?TP                               -----    -----      027FH    0018H
  +--> ?PR?_DISPCOLOR?LCD
  +--> ?PR?_DELAY?MAIN
  +--> ?PR?_TP_GETPOSITION?TP
  +--> ?PR?_PUTPIXEL?LCD

?PR?_TP_GETPOSITION?TP                           -----    -----      0297H    001BH
  +--> ?PR?_TP_WRITE?TP
  +--> ?PR?TP_READ?TP

?PR?_TP_WRITE?TP                                 -----    -----      02B2H    0001H

?PR?TP_READ?TP                                   -----    -----      02B2H    0005H

?PR?_PUTPIXEL?LCD                                005CH    0002H      -----    -----
  +--> ?PR?_?BLOCKWRITE?LCD
  +--> ?PR?_WRITEDISPDATA?LCD



SYMBOL TABLE OF MODULE:  GC9306_CTC24_L8 (MAIN)

  VALUE           TYPE          NAME
  ----------------------------------

  -------         MODULE        MAIN
  C:0000H         SYMBOL        _ICE_DUMMY_
  D:0080H         PUBLIC        P0
  X:0000H         PUBLIC        f_down
BL51 BANKED LINKER/LOCATER V6.22                                                      09/15/2020  11:17:04  PAGE 8


  D:0090H         PUBLIC        P1
  D:00A0H         PUBLIC        P2
  D:00B0H         PUBLIC        P3
  C:36D4H         PUBLIC        USB_MaxPower
  B:00B0H.6       PUBLIC        KEY_STEP
  D:00A4H         PUBLIC        P0MDOUT
  D:00A5H         PUBLIC        P1MDOUT
  D:00A6H         PUBLIC        P2MDOUT
  D:00A7H         PUBLIC        P3MDOUT
  D:00AEH         PUBLIC        P4MDOUT
  B:0080H.6       PUBLIC        OE
  D:00D9H         PUBLIC        PCA0MD
  C:1FF4H         PUBLIC        USB_API_TEST_ISR
  C:003DH         PUBLIC        Suspend_Device
  C:35E6H         PUBLIC        _StopDelay
  D:00E1H         PUBLIC        XBR0
  D:00E2H         PUBLIC        XBR1
  B:00B0H.1       PUBLIC        RS
  C:37F4H         PUBLIC        main
  X:0001H         PUBLIC        VerifyCode0
  X:0002H         PUBLIC        VerifyCode1
  C:369EH         PUBLIC        USB_PID
  X:0003H         PUBLIC        VerifyCode2
  D:00F1H         PUBLIC        P0MDIN
  D:00F2H         PUBLIC        P1MDIN
  C:36A0H         PUBLIC        USB_MfrStr
  D:00F4H         PUBLIC        P3MDIN
  C:369CH         PUBLIC        USB_VID
  D:00F8H         PUBLIC        SPI0CN
  X:0004H         PUBLIC        pic
  C:33AEH         PUBLIC        Devices_Init
  C:008EH         PUBLIC        ConnToUSB
  D:00A9H         PUBLIC        CLKSEL
  D:00B2H         PUBLIC        OSCICN
  C:36D5H         PUBLIC        USB_PwAttributes
  C:39CDH         PUBLIC        WaitKey
  C:36D8H         SYMBOL        _?ix1000
  B:00B0H.0       PUBLIC        CS0
  X:0005H         PUBLIC        bf
  C:36D6H         PUBLIC        USB_bcdDevice
  D:00B9H         PUBLIC        CLKMUL
  X:0007H         PUBLIC        f_debug
  X:0008H         PUBLIC        sd
  X:02D7H         PUBLIC        Packet
  C:3720H         PUBLIC        MCU_Init
  B:0080H.7       PUBLIC        DIR
  D:00EFH         PUBLIC        RSTSRC
  X:000CH         PUBLIC        f_read
  C:36CAH         PUBLIC        USB_SerialStr
  X:000DH         PUBLIC        f_other
  C:36BAH         PUBLIC        USB_ProductStr
  X:000EH         PUBLIC        f_para
  D:00A1H         PUBLIC        SPI0CFG
  C:3920H         PUBLIC        _Delay
  B:00B0H.7       PUBLIC        KEY_Stop
  X:000FH         PUBLIC        f_init
  -------         PROC          MAIN
BL51 BANKED LINKER/LOCATER V6.22                                                      09/15/2020  11:17:04  PAGE 9


  C:37F4H         LINE#         40
  C:37F4H         LINE#         41
  C:37F4H         LINE#         46
  C:37F7H         LINE#         48
  C:37FAH         LINE#         49
  C:37FAH         LINE#         67
  C:3804H         LINE#         72
  C:380AH         LINE#         73
  C:3810H         LINE#         74
  C:3819H         LINE#         80
  C:381CH         LINE#         82
  C:381EH         LINE#         83
  -------         ENDPROC       MAIN
  -------         PROC          _DELAY
  D:0006H         SYMBOL        dly
  -------         DO            
  D:0004H         SYMBOL        i
  D:0002H         SYMBOL        j
  -------         ENDDO         
  C:3920H         LINE#         86
  C:3920H         LINE#         87
  C:3920H         LINE#         90
  C:392AH         LINE#         91
  C:393EH         LINE#         92
  -------         ENDPROC       _DELAY
  C:35E2H         SYMBOL        L?0133
  -------         PROC          L?0132
  -------         ENDPROC       L?0132
  C:35E2H         SYMBOL        L?0133
  -------         PROC          _STOPDELAY
  X:005CH         SYMBOL        sdly
  -------         DO            
  D:0006H         SYMBOL        i
  D:0004H         SYMBOL        j
  X:005EH         SYMBOL        k
  -------         ENDDO         
  C:35E6H         LINE#         94
  C:35EDH         LINE#         95
  C:35EDH         LINE#         97
  C:35F2H         LINE#         98
  C:35F2H         LINE#         99
  C:35F5H         LINE#         100
  C:35F5H         LINE#         101
  C:3602H         LINE#         102
  C:3616H         LINE#         103
  C:3616H         LINE#         105
  C:3616H         LINE#         106
  C:3620H         LINE#         107
  C:3620H         LINE#         108
  C:3636H         LINE#         109
  -------         ENDPROC       _STOPDELAY
  -------         PROC          WAITKEY
  C:39CDH         LINE#         138
  C:39CDH         LINE#         139
  C:39CDH         LINE#         141
  C:39D0H         LINE#         142
  C:39D0H         LINE#         144
BL51 BANKED LINKER/LOCATER V6.22                                                      09/15/2020  11:17:04  PAGE 10


  C:39D3H         LINE#         146
  C:39D5H         LINE#         147
  C:39DCH         LINE#         148
  C:39DFH         LINE#         150
  -------         ENDPROC       WAITKEY
  -------         PROC          CONNTOUSB
  -------         DO            
  X:0060H         SYMBOL        i
  X:027FH         SYMBOL        reg_data
  X:0297H         SYMBOL        para_data
  D:0007H         SYMBOL        dat
  X:0061H         SYMBOL        reg_index
  X:0063H         SYMBOL        data_num
  X:0064H         SYMBOL        st
  -------         ENDDO         
  C:008EH         LINE#         155
  C:008EH         LINE#         156
  C:008EH         LINE#         163
  C:00A1H         LINE#         165
  C:00A9H         LINE#         166
  C:00A9H         LINE#         167
  C:00B7H         LINE#         168
  C:00B7H         LINE#         169
  C:00C8H         LINE#         170
  C:00C8H         LINE#         171
  C:00EEH         LINE#         172
  C:00F0H         LINE#         173
  C:0104H         LINE#         174
  C:0104H         LINE#         175
  C:012AH         LINE#         177
  C:012AH         LINE#         178
  C:012AH         LINE#         179
  C:012AH         LINE#         181
  C:012AH         LINE#         182
  C:0132H         LINE#         183
  C:013CH         LINE#         184
  C:0146H         LINE#         186
  C:0162H         LINE#         188
  C:016CH         LINE#         189
  C:016CH         LINE#         190
  C:017DH         LINE#         191
  C:017DH         LINE#         192
  C:018EH         LINE#         193
  C:018EH         LINE#         194
  C:01E1H         LINE#         195
  C:01E3H         LINE#         196
  C:01F9H         LINE#         197
  C:01F9H         LINE#         198
  C:024BH         LINE#         199
  C:024BH         LINE#         200
  C:024BH         LINE#         201
  C:024BH         LINE#         203
  C:024BH         LINE#         204
  C:0253H         LINE#         205
  C:0253H         LINE#         206
  C:025DH         LINE#         207
  C:0267H         LINE#         209
BL51 BANKED LINKER/LOCATER V6.22                                                      09/15/2020  11:17:04  PAGE 11


  C:026BH         LINE#         210
  C:026EH         LINE#         214
  C:0276H         LINE#         215
  C:0276H         LINE#         216
  C:0285H         LINE#         217
  C:0285H         LINE#         218
  C:0287H         LINE#         220
  C:0289H         LINE#         221
  C:02A5H         LINE#         222
  C:02A7H         LINE#         224
  C:02D0H         LINE#         225
  C:02F4H         LINE#         226
  C:02FEH         LINE#         227
  C:02FEH         LINE#         228
  C:0306H         LINE#         229
  C:030DH         LINE#         230
  C:0318H         LINE#         231
  C:031EH         LINE#         232
  C:031EH         LINE#         233
  C:0327H         LINE#         235
  C:032BH         LINE#         236
  C:0337H         LINE#         237
  C:033AH         LINE#         240
  C:0342H         LINE#         241
  C:0342H         LINE#         242
  C:034BH         LINE#         243
  C:034BH         LINE#         244
  C:035BH         LINE#         245
  C:035BH         LINE#         246
  C:035DH         LINE#         248
  C:035FH         LINE#         249
  C:037BH         LINE#         250
  C:037DH         LINE#         252
  C:03A6H         LINE#         253
  C:03CAH         LINE#         255
  C:03D4H         LINE#         256
  C:03D4H         LINE#         257
  C:03DCH         LINE#         258
  C:03E3H         LINE#         259
  C:03EEH         LINE#         260
  C:03F4H         LINE#         261
  C:03F4H         LINE#         263
  C:03FDH         LINE#         269
  C:03FDH         LINE#         270
  C:040AH         LINE#         271
  C:040AH         LINE#         272
  C:040CH         LINE#         274
  C:040EH         LINE#         275
  C:042AH         LINE#         276
  C:042CH         LINE#         278
  C:0434H         LINE#         279
  C:0438H         LINE#         280
  C:0444H         LINE#         281
  C:0444H         LINE#         282
  C:0447H         LINE#         285
  C:044FH         LINE#         286
  C:044FH         LINE#         287
BL51 BANKED LINKER/LOCATER V6.22                                                      09/15/2020  11:17:04  PAGE 12


  C:0460H         LINE#         288
  C:0460H         LINE#         289
  C:046DH         LINE#         290
  C:046DH         LINE#         291
  C:048BH         LINE#         292
  C:048DH         LINE#         293
  C:049DH         LINE#         294
  C:049DH         LINE#         295
  C:04BBH         LINE#         296
  C:04BDH         LINE#         297
  C:04CEH         LINE#         298
  C:04CEH         LINE#         299
  C:04D8H         LINE#         300
  C:04E2H         LINE#         301
  C:04E2H         LINE#         302
  C:04E2H         LINE#         303
  C:04E2H         LINE#         305
  C:04E2H         LINE#         306
  C:04EBH         LINE#         307
  C:04EFH         LINE#         308
  C:04FBH         LINE#         309
  C:04FEH         LINE#         312
  C:0506H         LINE#         313
  C:0506H         LINE#         314
  C:0513H         LINE#         315
  C:0524H         LINE#         317
  C:052DH         LINE#         318
  C:053CH         LINE#         320
  C:0544H         LINE#         321
  C:0544H         LINE#         322
  C:054DH         LINE#         323
  C:055CH         LINE#         324
  C:055CH         LINE#         325
  C:055FH         LINE#         326
  C:056EH         LINE#         327
  C:057AH         LINE#         328
  C:0580H         LINE#         329
  C:0580H         LINE#         331
  C:0584H         LINE#         332
  C:0593H         LINE#         334
  C:059AH         LINE#         335
  C:05B6H         LINE#         336
  C:05C0H         LINE#         337
  C:05C0H         LINE#         338
  C:05E6H         LINE#         339
  C:05F9H         LINE#         340
  C:05F9H         LINE#         341
  C:064BH         LINE#         342
  C:0653H         LINE#         343
  C:0653H         LINE#         344
  C:0653H         LINE#         347
  C:0658H         LINE#         348
  C:0658H         LINE#         349
  C:0665H         LINE#         350
  C:0676H         LINE#         352
  C:067CH         LINE#         353
  C:0680H         LINE#         354
BL51 BANKED LINKER/LOCATER V6.22                                                      09/15/2020  11:17:04  PAGE 13


  C:0683H         LINE#         355
  C:0687H         LINE#         357
  C:068BH         LINE#         358
  C:0697H         LINE#         359
  C:0699H         LINE#         360
  -------         ENDPROC       CONNTOUSB
  -------         PROC          MCU_INIT
  -------         DO            
  D:0007H         SYMBOL        n
  -------         ENDDO         
  C:3720H         LINE#         363
  C:3720H         LINE#         364
  C:3720H         LINE#         366
  C:3723H         LINE#         369
  C:3726H         LINE#         370
  C:3729H         LINE#         372
  C:372CH         LINE#         374
  C:3732H         LINE#         376
  C:3735H         LINE#         377
  C:373AH         LINE#         378
  C:373DH         LINE#         380
  C:3740H         LINE#         383
  C:3743H         LINE#         384
  C:3746H         LINE#         386
  C:3749H         LINE#         387
  C:374CH         LINE#         389
  C:374FH         LINE#         390
  C:3752H         LINE#         392
  C:3755H         LINE#         393
  C:3758H         LINE#         394
  C:375AH         LINE#         395
  C:375CH         LINE#         397
  C:375FH         LINE#         398
  C:3762H         LINE#         400
  -------         ENDPROC       MCU_INIT
  -------         PROC          DEVICES_INIT
  C:33AEH         LINE#         402
  C:33AEH         LINE#         403
  C:33AEH         LINE#         405
  C:33B1H         LINE#         408
  C:33B4H         LINE#         409
  C:340EH         LINE#         410
  C:3411H         LINE#         413
  C:3414H         LINE#         414
  C:3417H         LINE#         422
  -------         ENDPROC       DEVICES_INIT
  -------         PROC          SUSPEND_DEVICE
  C:003DH         LINE#         426
  C:003DH         LINE#         427
  C:003DH         LINE#         428
  -------         ENDPROC       SUSPEND_DEVICE
  -------         PROC          USB_API_TEST_ISR
  -------         DO            
  X:0059H         SYMBOL        INTVAL
  -------         ENDDO         
  C:1FF4H         LINE#         432
  C:2011H         LINE#         434
BL51 BANKED LINKER/LOCATER V6.22                                                      09/15/2020  11:17:04  PAGE 14


  C:2018H         LINE#         436
  C:201EH         LINE#         437
  C:201EH         LINE#         438
  C:2029H         LINE#         440
  C:2045H         LINE#         441
  C:2045H         LINE#         442
  C:2047H         LINE#         443
  C:2049H         LINE#         444
  C:205FH         LINE#         445
  C:205FH         LINE#         446
  C:2061H         LINE#         447
  C:2063H         LINE#         448
  C:207BH         LINE#         449
  C:207BH         LINE#         450
  C:207DH         LINE#         451
  C:207FH         LINE#         452
  C:2099H         LINE#         453
  C:2099H         LINE#         454
  C:209BH         LINE#         455
  C:209DH         LINE#         456
  C:20B2H         LINE#         457
  C:20B2H         LINE#         458
  C:20B4H         LINE#         459
  C:20B6H         LINE#         461
  C:20B6H         LINE#         462
  C:20BBH         LINE#         463
  C:20BBH         LINE#         464
  C:20BBH         LINE#         466
  C:20BBH         LINE#         467
  C:20BBH         LINE#         469
  C:20BBH         LINE#         471
  C:20C1H         LINE#         472
  C:20C1H         LINE#         473
  C:20C4H         LINE#         474
  C:20C4H         LINE#         476
  C:20CAH         LINE#         477
  C:20CAH         LINE#         478
  C:20CDH         LINE#         479
  C:20CDH         LINE#         481
  C:20D3H         LINE#         482
  C:20D3H         LINE#         483
  C:20EFH         LINE#         484
  C:20EFH         LINE#         486
  C:20F5H         LINE#         487
  C:20F5H         LINE#         488
  C:20FAH         LINE#         489
  C:2116H         LINE#         490
  C:2116H         LINE#         491
  -------         ENDPROC       USB_API_TEST_ISR
  -------         ENDMOD        MAIN

  -------         MODULE        MMC_SD
  C:0000H         SYMBOL        _ICE_DUMMY_
  D:00A2H         PUBLIC        SPI0CKR
  D:0080H         PUBLIC        P0
  D:0090H         PUBLIC        P1
  D:00A0H         PUBLIC        P2
BL51 BANKED LINKER/LOCATER V6.22                                                      09/15/2020  11:17:04  PAGE 15


  D:00B0H         PUBLIC        P3
  C:3253H         PUBLIC        _MMC_SD_SendCommand
  C:341AH         PUBLIC        _MMC_SD_ReadSingleBlock
  C:39E0H         PUBLIC        SD_Init
  C:3160H         PUBLIC        _MMC_SD_WriteSingleBlock
  B:00F8H.7       PUBLIC        SPIF
  B:00F8H.2       PUBLIC        NSSMD0
  C:283DH         PUBLIC        MMC_SD_Reset
  D:00A9H         PUBLIC        CLKSEL
  C:3A0BH         PUBLIC        SPI_ReadByte
  C:399AH         PUBLIC        _SPI_WriteByte
  D:00A3H         PUBLIC        SPI0DAT
  X:007FH         PUBLIC        buffer
  C:398EH         SYMBOL        L?0062
  C:3993H         SYMBOL        L?0063
  -------         PROC          L?0061
  -------         ENDPROC       L?0061
  C:398EH         SYMBOL        L?0062
  C:3993H         SYMBOL        L?0063
  -------         PROC          _SPI_WRITEBYTE
  D:0007H         SYMBOL        val
  -------         DO            
  D:0007H         SYMBOL        ret
  -------         ENDDO         
  C:399AH         LINE#         7
  C:399AH         LINE#         8
  C:399AH         LINE#         11
  C:399CH         LINE#         12
  C:399FH         LINE#         13
  C:39A1H         LINE#         14
  C:39A3H         LINE#         15
  C:39A3H         LINE#         16
  -------         ENDPROC       _SPI_WRITEBYTE
  -------         PROC          SPI_READBYTE
  -------         DO            
  D:0007H         SYMBOL        ret
  -------         ENDDO         
  C:3A0BH         LINE#         18
  C:3A0BH         LINE#         19
  C:3A0BH         LINE#         22
  C:3A0EH         LINE#         23
  C:3A11H         LINE#         24
  C:3A13H         LINE#         25
  C:3A15H         LINE#         26
  C:3A15H         LINE#         27
  -------         ENDPROC       SPI_READBYTE
  -------         PROC          _MMC_SD_SENDCOMMAND
  D:0006H         SYMBOL        cmd
  X:006AH         SYMBOL        arg
  -------         DO            
  D:0007H         SYMBOL        r1
  D:0003H         SYMBOL        retry
  -------         ENDDO         
  C:3253H         LINE#         29
  C:3255H         LINE#         30
  C:3255H         LINE#         32
  C:3257H         LINE#         34
BL51 BANKED LINKER/LOCATER V6.22                                                      09/15/2020  11:17:04  PAGE 16


  C:3257H         LINE#         35
  C:3257H         LINE#         36
  C:325AH         LINE#         37
  C:325AH         LINE#         38
  C:325AH         LINE#         39
  C:325DH         LINE#         41
  C:325FH         LINE#         43
  C:3266H         LINE#         44
  C:327BH         LINE#         45
  C:3290H         LINE#         46
  C:32A5H         LINE#         47
  C:32AFH         LINE#         48
  C:32B4H         LINE#         50
  C:32BCH         LINE#         51
  C:32C5H         LINE#         53
  C:32C7H         LINE#         55
  C:32C7H         LINE#         56
  -------         ENDPROC       _MMC_SD_SENDCOMMAND
  -------         PROC          MMC_SD_RESET
  -------         DO            
  D:0005H         SYMBOL        i
  D:0002H         SYMBOL        retry
  D:0006H         SYMBOL        r1
  -------         ENDDO         
  C:283DH         LINE#         58
  C:283DH         LINE#         59
  C:283DH         LINE#         62
  C:283FH         LINE#         64
  C:2840H         LINE#         65
  C:2843H         LINE#         66
  C:2846H         LINE#         68
  C:2846H         LINE#         69
  C:2852H         LINE#         70
  C:2862H         LINE#         71
  C:2863H         LINE#         72
  C:2869H         LINE#         73
  C:286DH         LINE#         75
  C:286FH         LINE#         77
  C:286FH         LINE#         79
  C:286FH         LINE#         80
  C:287FH         LINE#         81
  C:2880H         LINE#         82
  C:2889H         LINE#         83
  C:288DH         LINE#         85
  C:288FH         LINE#         86
  C:289FH         LINE#         87
  C:28A0H         LINE#         88
  C:28A9H         LINE#         89
  C:28ACH         LINE#         91
  C:28AFH         LINE#         92
  C:28AFH         LINE#         93
  C:28B1H         LINE#         95
  C:28B1H         LINE#         96
  C:28C1H         LINE#         97
  C:28C2H         LINE#         98
  C:28CBH         LINE#         99
  C:28CEH         LINE#         100
BL51 BANKED LINKER/LOCATER V6.22                                                      09/15/2020  11:17:04  PAGE 17


  C:28CEH         LINE#         101
  C:28DEH         LINE#         103
  C:28ECH         LINE#         104
  C:28EFH         LINE#         105
  C:28F2H         LINE#         106
  C:28F3H         LINE#         107
  -------         ENDPROC       MMC_SD_RESET
  -------         PROC          _MMC_SD_READSINGLEBLOCK
  X:0010H         SYMBOL        sector
  -------         DO            
  D:0007H         SYMBOL        r1
  D:0004H         SYMBOL        i
  D:0002H         SYMBOL        retry
  -------         ENDDO         
  C:341AH         LINE#         109
  C:341FH         LINE#         110
  C:341FH         LINE#         113
  C:3421H         LINE#         115
  C:3424H         LINE#         117
  C:3424H         LINE#         118
  C:3440H         LINE#         119
  C:3441H         LINE#         120
  C:344AH         LINE#         121
  C:344DH         LINE#         124
  C:344FH         LINE#         126
  C:3455H         LINE#         128
  C:3458H         LINE#         129
  C:3458H         LINE#         130
  C:3467H         LINE#         131
  C:3474H         LINE#         133
  C:3474H         LINE#         134
  C:3477H         LINE#         136
  C:3479H         LINE#         137
  C:347CH         LINE#         138
  C:347DH         LINE#         139
  -------         ENDPROC       _MMC_SD_READSINGLEBLOCK
  -------         PROC          _MMC_SD_WRITESINGLEBLOCK
  X:0065H         SYMBOL        sector
  -------         DO            
  D:0006H         SYMBOL        r1
  D:0004H         SYMBOL        i
  D:0002H         SYMBOL        retry
  -------         ENDDO         
  C:3160H         LINE#         141
  C:3165H         LINE#         142
  C:3165H         LINE#         145
  C:3167H         LINE#         147
  C:316AH         LINE#         149
  C:316AH         LINE#         150
  C:3188H         LINE#         151
  C:3189H         LINE#         152
  C:3192H         LINE#         153
  C:3195H         LINE#         157
  C:3197H         LINE#         159
  C:319CH         LINE#         161
  C:31A1H         LINE#         163
  C:31A3H         LINE#         164
BL51 BANKED LINKER/LOCATER V6.22                                                      09/15/2020  11:17:04  PAGE 18


  C:31A3H         LINE#         165
  C:31B2H         LINE#         166
  C:31BFH         LINE#         168
  C:31BFH         LINE#         169
  C:31BFH         LINE#         171
  C:31C4H         LINE#         173
  C:31CBH         LINE#         174
  C:31CBH         LINE#         175
  C:31CDH         LINE#         176
  C:31CEH         LINE#         177
  C:31CEH         LINE#         179
  C:31D6H         LINE#         181
  C:31D8H         LINE#         182
  C:31DBH         LINE#         183
  C:31DCH         LINE#         184
  -------         ENDPROC       _MMC_SD_WRITESINGLEBLOCK
  -------         PROC          SD_INIT
  -------         DO            
  D:0001H         SYMBOL        n
  -------         ENDDO         
  C:39E0H         LINE#         187
  C:39E0H         LINE#         188
  C:39E0H         LINE#         189
  C:39E2H         LINE#         191
  C:39E8H         LINE#         192
  C:39E8H         LINE#         193
  C:39E9H         LINE#         194
  C:39F0H         LINE#         196
  -------         ENDPROC       SD_INIT
  -------         ENDMOD        MMC_SD

  -------         MODULE        LCD
  C:0000H         SYMBOL        _ICE_DUMMY_
  D:0080H         PUBLIC        P0
  C:2B08H         PUBLIC        DispFrame
  D:0090H         PUBLIC        P1
  C:2BACH         PUBLIC        DispScaleVer_Green
  D:00A0H         PUBLIC        P2
  D:00B0H         PUBLIC        P3
  D:00C7H         PUBLIC        P4
  C:1B8CH         PUBLIC        DispBand
  C:3960H         PUBLIC        _WriteData
  C:069AH         PUBLIC        ascii
  C:13DAH         PUBLIC        _LCD_Read_IC_ID
  D:00A6H         PUBLIC        P2MDOUT
  C:0046H         PUBLIC        _DispColor
  C:3054H         PUBLIC        DispScaleVer_Blue
  C:2F38H         PUBLIC        _DrawGird
  C:30DAH         PUBLIC        _DrawLine
  C:39A4H         PUBLIC        _WriteComm
  C:37DDH         PUBLIC        _WriteDispData
  C:2EA7H         PUBLIC        DispScaleVer_Gray
  B:00B0H.1       PUBLIC        RS
  B:00A0H.1       PUBLIC        SPI_CLK
  C:2E16H         PUBLIC        DispScaleVer_Red
  D:00F3H         PUBLIC        P2MDIN
  C:2268H         PUBLIC        DispScaleVer
BL51 BANKED LINKER/LOCATER V6.22                                                      09/15/2020  11:17:04  PAGE 19


  C:27A2H         PUBLIC        _DispOneChar
  C:31DDH         PUBLIC        DispGrayHor32
  C:2C4CH         PUBLIC        DispGrayHor16
  C:28F4H         PUBLIC        _DispInt
  C:3637H         PUBLIC        _PutPixel
  D:00A9H         PUBLIC        CLKSEL
  B:0090H.6       PUBLIC        RD0
  B:00B0H.0       PUBLIC        CS0
  X:0057H         PUBLIC        LCM_ID
  C:1D1AH         PUBLIC        LCD_Init
  C:2D80H         PUBLIC        _DispStr
  B:0090H.7       PUBLIC        WR0
  C:160CH         PUBLIC        DispScaleHor1
  B:00A0H.0       PUBLIC        SPI_DI
  C:3A16H         PUBLIC        _WriteOneDot
  C:1832H         PUBLIC        DispScaleHor2
  C:25BCH         PUBLIC        _DispPicFromSD
  B:0080H.7       PUBLIC        DIR
  C:347EH         PUBLIC        _ToOrd
  B:0080H.5       PUBLIC        RST
  C:38E0H         PUBLIC        ReadData
  C:2D01H         PUBLIC        _?BlockWrite
  -------         PROC          _LCD_READ_IC_ID
  X:0014H         SYMBOL        ID
  D:0004H         SYMBOL        Bug
  D:0003H         SYMBOL        flog
  -------         DO            
  X:0015H         SYMBOL        id
  X:0017H         SYMBOL        id1
  X:0019H         SYMBOL        temp
  D:0005H         SYMBOL        i
  D:0007H         SYMBOL        dat
  D:0001H         SYMBOL        id2
  X:001BH         SYMBOL        id3
  D:0002H         SYMBOL        id4
  -------         ENDDO         
  C:13DAH         LINE#         35
  C:13DEH         LINE#         36
  C:13DEH         LINE#         40
  C:13E6H         LINE#         41
  C:13E6H         LINE#         43
  C:13E8H         LINE#         44
  C:13EAH         LINE#         45
  C:13ECH         LINE#         47
  C:13EFH         LINE#         48
  C:13F1H         LINE#         49
  C:13F3H         LINE#         50
  C:13F5H         LINE#         53
  C:13F8H         LINE#         54
  C:13FBH         LINE#         55
  C:13FEH         LINE#         56
  C:1400H         LINE#         57
  C:1402H         LINE#         58
  C:1404H         LINE#         63
  C:140EH         LINE#         65
  C:1414H         LINE#         66
  C:141CH         LINE#         68
BL51 BANKED LINKER/LOCATER V6.22                                                      09/15/2020  11:17:04  PAGE 20


  C:1422H         LINE#         69
  C:1428H         LINE#         70
  C:1432H         LINE#         72
  C:1438H         LINE#         73
  C:143AH         LINE#         75
  C:1440H         LINE#         77
  C:1446H         LINE#         78
  C:1450H         LINE#         80
  C:1456H         LINE#         81
  C:145BH         LINE#         83
  C:1461H         LINE#         85
  C:146BH         LINE#         86
  C:1475H         LINE#         88
  C:147BH         LINE#         89
  C:147DH         LINE#         91
  C:148DH         LINE#         92
  C:1497H         LINE#         94
  C:149AH         LINE#         95
  C:149EH         LINE#         96
  C:149EH         LINE#         97
  C:14A7H         LINE#         98
  C:14ADH         LINE#         99
  C:14ADH         LINE#         100
  C:14B7H         LINE#         101
  C:14B9H         LINE#         102
  C:14BDH         LINE#         103
  C:14BDH         LINE#         104
  C:14CCH         LINE#         105
  C:14CCH         LINE#         108
  C:14CCH         LINE#         109
  C:14D5H         LINE#         110
  C:14D5H         LINE#         112
  C:14D8H         LINE#         113
  C:14DCH         LINE#         114
  C:14DEH         LINE#         115
  C:14E0H         LINE#         116
  C:14E2H         LINE#         117
  C:14E2H         LINE#         118
  C:14E4H         LINE#         119
  C:14ECH         LINE#         120
  C:14EEH         LINE#         122
  C:14F0H         LINE#         123
  C:14F4H         LINE#         124
  C:14F9H         LINE#         125
  C:14FCH         LINE#         128
  C:1506H         LINE#         129
  C:1506H         LINE#         130
  C:1508H         LINE#         131
  C:1508H         LINE#         132
  C:150AH         LINE#         133
  C:150CH         LINE#         134
  C:150EH         LINE#         135
  C:1525H         LINE#         136
  C:1527H         LINE#         137
  C:1529H         LINE#         138
  C:1530H         LINE#         139
  C:153AH         LINE#         140
BL51 BANKED LINKER/LOCATER V6.22                                                      09/15/2020  11:17:04  PAGE 21


  C:153AH         LINE#         141
  C:153CH         LINE#         142
  C:153CH         LINE#         143
  C:153EH         LINE#         144
  C:1540H         LINE#         145
  C:1542H         LINE#         146
  C:1559H         LINE#         147
  C:155BH         LINE#         148
  C:155DH         LINE#         149
  C:1562H         LINE#         150
  C:1562H         LINE#         152
  C:1564H         LINE#         153
  C:1564H         LINE#         154
  C:1566H         LINE#         155
  C:1568H         LINE#         156
  C:156AH         LINE#         157
  C:1581H         LINE#         158
  C:1583H         LINE#         159
  C:1585H         LINE#         160
  C:158AH         LINE#         162
  C:158CH         LINE#         163
  C:158CH         LINE#         164
  C:158EH         LINE#         165
  C:1590H         LINE#         166
  C:1592H         LINE#         167
  C:159CH         LINE#         168
  C:159EH         LINE#         169
  C:15A0H         LINE#         170
  C:15A5H         LINE#         172
  C:15A7H         LINE#         173
  C:15A7H         LINE#         174
  C:15A9H         LINE#         175
  C:15ABH         LINE#         176
  C:15ADH         LINE#         177
  C:15B9H         LINE#         178
  C:15BBH         LINE#         179
  C:15BDH         LINE#         180
  C:15C2H         LINE#         181
  C:15C5H         LINE#         182
  C:15C7H         LINE#         183
  C:15C9H         LINE#         184
  C:15CBH         LINE#         185
  C:15CDH         LINE#         186
  C:15CFH         LINE#         187
  C:15D1H         LINE#         189
  C:15D5H         LINE#         190
  C:15D5H         LINE#         191
  C:15E5H         LINE#         193
  C:15F0H         LINE#         194
  C:15F0H         LINE#         195
  C:15F0H         LINE#         197
  C:15F6H         LINE#         198
  C:15F6H         LINE#         199
  C:1602H         LINE#         200
  C:1602H         LINE#         202
  C:1602H         LINE#         203
  C:1604H         LINE#         204
BL51 BANKED LINKER/LOCATER V6.22                                                      09/15/2020  11:17:04  PAGE 22


  C:160BH         LINE#         205
  -------         ENDPROC       _LCD_READ_IC_ID
  -------         PROC          _WRITECOMM
  D:0004H         SYMBOL        i
  -------         DO            
  X:007DH         SYMBOL        j
  X:007EH         SYMBOL        DataH
  -------         ENDDO         
  C:39A4H         LINE#         208
  C:39A6H         LINE#         209
  C:39A6H         LINE#         211
  C:39AAH         LINE#         212
  C:39ACH         LINE#         215
  C:39ACH         LINE#         216
  C:39AEH         LINE#         217
  C:39B0H         LINE#         218
  C:39B2H         LINE#         219
  C:39B4H         LINE#         220
  C:39B6H         LINE#         221
  C:39B6H         LINE#         319
  C:39B8H         LINE#         320
  -------         ENDPROC       _WRITECOMM
  -------         PROC          L?0444
  -------         ENDPROC       L?0444
  -------         PROC          _WRITEDATA
  D:0004H         SYMBOL        i
  -------         DO            
  X:007DH         SYMBOL        j
  X:007EH         SYMBOL        DataH
  -------         ENDDO         
  C:3960H         LINE#         322
  C:3962H         LINE#         323
  C:3962H         LINE#         325
  C:3966H         LINE#         326
  C:3968H         LINE#         329
  C:3968H         LINE#         330
  C:396AH         LINE#         331
  C:396CH         LINE#         332
  C:396EH         LINE#         333
  C:3970H         LINE#         334
  C:3972H         LINE#         335
  C:3972H         LINE#         513
  C:3974H         LINE#         514
  -------         ENDPROC       _WRITEDATA
  C:37C8H         SYMBOL        L?0443
  -------         PROC          L?0442
  -------         ENDPROC       L?0442
  C:37C8H         SYMBOL        L?0443
  -------         PROC          _WRITEDISPDATA
  D:0007H         SYMBOL        DataH
  D:0005H         SYMBOL        DataL
  -------         DO            
  X:007DH         SYMBOL        j
  -------         ENDDO         
  C:37DDH         LINE#         516
  C:37DDH         LINE#         517
  C:37DDH         LINE#         519
BL51 BANKED LINKER/LOCATER V6.22                                                      09/15/2020  11:17:04  PAGE 23


  C:37DFH         LINE#         522
  C:37DFH         LINE#         523
  C:37E1H         LINE#         524
  C:37E3H         LINE#         525
  C:37E5H         LINE#         526
  C:37E7H         LINE#         527
  C:37E9H         LINE#         528
  C:37EDH         LINE#         529
  C:37EFH         LINE#         530
  C:37F1H         LINE#         531
  C:37F1H         LINE#         638
  C:37F3H         LINE#         639
  -------         ENDPROC       _WRITEDISPDATA
  -------         PROC          _WRITEONEDOT
  D:0004H         SYMBOL        color
  C:3A16H         LINE#         641
  C:3A1AH         LINE#         642
  C:3A1AH         LINE#         655
  -------         ENDPROC       _WRITEONEDOT
  -------         PROC          LCD_INIT
  C:1D1AH         LINE#         664
  C:1D1AH         LINE#         665
  C:1D1AH         LINE#         666
  C:1D1DH         LINE#         669
  C:1D1FH         LINE#         670
  C:1D26H         LINE#         672
  C:1D28H         LINE#         673
  C:1D2FH         LINE#         675
  C:1D31H         LINE#         676
  C:1D38H         LINE#         3009
  C:1D3FH         LINE#         3010
  C:1D44H         LINE#         3011
  C:1D49H         LINE#         3012
  C:1D4EH         LINE#         3013
  C:1D53H         LINE#         3014
  C:1D58H         LINE#         3018
  C:1D5DH         LINE#         3019
  C:1D62H         LINE#         3020
  C:1D67H         LINE#         3021
  C:1D6CH         LINE#         3022
  C:1D71H         LINE#         3023
  C:1D76H         LINE#         3024
  C:1D7BH         LINE#         3025
  C:1D80H         LINE#         3026
  C:1D85H         LINE#         3027
  C:1D8AH         LINE#         3028
  C:1D8FH         LINE#         3029
  C:1D94H         LINE#         3030
  C:1D99H         LINE#         3031
  C:1D9EH         LINE#         3032
  C:1DA3H         LINE#         3033
  C:1DA8H         LINE#         3034
  C:1DADH         LINE#         3036
  C:1DB2H         LINE#         3037
  C:1DB7H         LINE#         3038
  C:1DBCH         LINE#         3040
  C:1DC1H         LINE#         3041
BL51 BANKED LINKER/LOCATER V6.22                                                      09/15/2020  11:17:04  PAGE 24


  C:1DC6H         LINE#         3042
  C:1DCBH         LINE#         3043
  C:1DD0H         LINE#         3044
  C:1DD5H         LINE#         3046
  C:1DDAH         LINE#         3047
  C:1DDFH         LINE#         3048
  C:1DE2H         LINE#         3049
  C:1DE5H         LINE#         3050
  C:1DEAH         LINE#         3051
  C:1DEFH         LINE#         3052
  C:1DF4H         LINE#         3053
  C:1DF7H         LINE#         3054
  C:1DFBH         LINE#         3055
  C:1E00H         LINE#         3056
  C:1E05H         LINE#         3059
  C:1E0AH         LINE#         3060
  C:1E0FH         LINE#         3061
  C:1E14H         LINE#         3062
  C:1E19H         LINE#         3063
  C:1E1DH         LINE#         3064
  C:1E22H         LINE#         3065
  C:1E27H         LINE#         3066
  C:1E2CH         LINE#         3067
  C:1E31H         LINE#         3068
  C:1E36H         LINE#         3069
  C:1E39H         LINE#         3070
  C:1E3EH         LINE#         3071
  C:1E43H         LINE#         3072
  C:1E48H         LINE#         3073
  C:1E4DH         LINE#         3074
  C:1E52H         LINE#         3075
  C:1E57H         LINE#         3076
  C:1E5CH         LINE#         3077
  C:1E60H         LINE#         3078
  C:1E65H         LINE#         3079
  C:1E6AH         LINE#         3080
  C:1E6FH         LINE#         3081
  C:1E74H         LINE#         3083
  C:1E79H         LINE#         3084
  C:1E7EH         LINE#         3085
  C:1E83H         LINE#         3086
  C:1E88H         LINE#         3087
  C:1E8DH         LINE#         3093
  C:1E92H         LINE#         3094
  C:1E97H         LINE#         3096
  C:1E9EH         LINE#         3097
  -------         ENDPROC       LCD_INIT
  C:2CE8H         SYMBOL        L?0437
  C:2CEEH         SYMBOL        L?0438
  -------         PROC          L?0436
  -------         ENDPROC       L?0436
  C:2CE8H         SYMBOL        L?0437
  C:2CEEH         SYMBOL        L?0438
  -------         PROC          _?BLOCKWRITE
  p:0000H         SYMBOL        Xstart
  p:0002H         SYMBOL        Xend
  p:0004H         SYMBOL        Ystart
BL51 BANKED LINKER/LOCATER V6.22                                                      09/15/2020  11:17:04  PAGE 25


  p:0006H         SYMBOL        Yend
  C:2D01H         LINE#         4637
  C:2D22H         LINE#         4740
  C:2D29H         LINE#         4741
  C:2D30H         LINE#         4742
  C:2D38H         LINE#         4743
  C:2D43H         LINE#         4744
  C:2D4DH         LINE#         4746
  C:2D52H         LINE#         4747
  C:2D5CH         LINE#         4749
  C:2D63H         LINE#         4750
  C:2D6DH         LINE#         4751
  C:2D74H         LINE#         4757
  C:2D79H         LINE#         4764
  -------         ENDPROC       _?BLOCKWRITE
  -------         PROC          _DISPCOLOR
  D:0004H         SYMBOL        color
  -------         DO            
  X:005CH         SYMBOL        i
  D:0002H         SYMBOL        m
  X:005EH         SYMBOL        DataH
  X:005FH         SYMBOL        DataL
  -------         ENDDO         
  C:0046H         LINE#         4766
  C:0048H         LINE#         4767
  C:0048H         LINE#         4770
  C:004EH         LINE#         4772
  C:0051H         LINE#         4774
  C:0053H         LINE#         4775
  C:0059H         LINE#         4776
  C:0059H         LINE#         4777
  C:005CH         LINE#         4778
  C:005CH         LINE#         4779
  C:0066H         LINE#         4780
  C:0071H         LINE#         4781
  C:0087H         LINE#         4783
  C:0089H         LINE#         4784
  -------         ENDPROC       _DISPCOLOR
  -------         PROC          DISPFRAME
  -------         DO            
  D:0002H         SYMBOL        i
  X:005CH         SYMBOL        j
  D:0001H         SYMBOL        DataH
  D:0006H         SYMBOL        DataL
  -------         ENDDO         
  C:2B08H         LINE#         4786
  C:2B08H         LINE#         4787
  C:2B08H         LINE#         4790
  C:2B0BH         LINE#         4792
  C:2B0DH         LINE#         4795
  C:2B17H         LINE#         4798
  C:2B17H         LINE#         4799
  C:2B17H         LINE#         4801
  C:2B22H         LINE#         4803
  C:2B2DH         LINE#         4805
  C:2B37H         LINE#         4807
  C:2B3CH         LINE#         4808
BL51 BANKED LINKER/LOCATER V6.22                                                      09/15/2020  11:17:04  PAGE 26


  C:2B3CH         LINE#         4810
  C:2B46H         LINE#         4812
  C:2B48H         LINE#         4813
  C:2B48H         LINE#         4815
  C:2B50H         LINE#         4817
  C:2B5BH         LINE#         4820
  C:2B65H         LINE#         4822
  C:2B7BH         LINE#         4824
  C:2B85H         LINE#         4826
  C:2B87H         LINE#         4827
  C:2B87H         LINE#         4829
  C:2B92H         LINE#         4831
  C:2B9DH         LINE#         4833
  C:2BA7H         LINE#         4836
  C:2BA9H         LINE#         4837
  C:2BABH         LINE#         4838
  -------         ENDPROC       DISPFRAME
  -------         PROC          DISPBAND
  -------         DO            
  D:0002H         SYMBOL        i
  X:005CH         SYMBOL        j
  X:005DH         SYMBOL        k
  X:005EH         SYMBOL        m
  X:005FH         SYMBOL        n
  X:0060H         SYMBOL        x
  -------         ENDDO         
  C:1B8CH         LINE#         4840
  C:1B8CH         LINE#         4841
  C:1B8CH         LINE#         4844
  C:1B95H         LINE#         4845
  C:1B9EH         LINE#         4846
  C:1BA0H         LINE#         4849
  C:1BA8H         LINE#         4850
  C:1BB4H         LINE#         4851
  C:1BB4H         LINE#         4852
  C:1BCFH         LINE#         4853
  C:1BEAH         LINE#         4854
  C:1C16H         LINE#         4855
  C:1C1DH         LINE#         4856
  C:1C2CH         LINE#         4857
  C:1C2CH         LINE#         4858
  C:1C47H         LINE#         4859
  C:1C62H         LINE#         4860
  C:1C8EH         LINE#         4861
  C:1C95H         LINE#         4862
  C:1CABH         LINE#         4863
  C:1CABH         LINE#         4864
  C:1CC6H         LINE#         4865
  C:1CE1H         LINE#         4866
  C:1D0DH         LINE#         4867
  C:1D14H         LINE#         4868
  C:1D16H         LINE#         4869
  C:1D19H         LINE#         4870
  -------         ENDPROC       DISPBAND
  -------         PROC          _DISPPICFROMSD
  X:001CH         SYMBOL        PicNum
  -------         DO            
BL51 BANKED LINKER/LOCATER V6.22                                                      09/15/2020  11:17:04  PAGE 27


  X:001DH         SYMBOL        Address_S
  X:0021H         SYMBOL        Address_E
  D:0002H         SYMBOL        i
  X:0025H         SYMBOL        k
  -------         ENDDO         
  C:25BCH         LINE#         4892
  C:25BFH         LINE#         4893
  C:25BFH         LINE#         4899
  C:25C2H         LINE#         4902
  C:25C4H         LINE#         4904
  C:25C6H         LINE#         4906
  C:25CFH         LINE#         4907
  C:25FAH         LINE#         4908
  C:2623H         LINE#         4909
  C:2646H         LINE#         4910
  C:2646H         LINE#         4911
  C:2656H         LINE#         4913
  C:265FH         LINE#         4914
  C:265FH         LINE#         4916
  C:267AH         LINE#         4917
  C:2683H         LINE#         4918
  C:26A2H         LINE#         4920
  C:26A4H         LINE#         4958
  -------         ENDPROC       _DISPPICFROMSD
  -------         PROC          DISPSCALEHOR1
  -------         DO            
  X:0029H         SYMBOL        i
  X:002BH         SYMBOL        j
  D:0002H         SYMBOL        k
  -------         ENDDO         
  C:160CH         LINE#         4963
  C:160CH         LINE#         4964
  C:160CH         LINE#         4967
  C:160FH         LINE#         4970
  C:160FH         LINE#         4971
  C:160FH         LINE#         4972
  C:1631H         LINE#         4973
  C:1637H         LINE#         4974
  C:1637H         LINE#         4975
  C:163DH         LINE#         4976
  C:163DH         LINE#         4977
  C:1652H         LINE#         4978
  C:1668H         LINE#         4979
  C:167EH         LINE#         4981
  C:1689H         LINE#         4984
  C:168CH         LINE#         4985
  C:168CH         LINE#         4986
  C:16AEH         LINE#         4987
  C:16B4H         LINE#         4988
  C:16B4H         LINE#         4989
  C:16BAH         LINE#         4990
  C:16BAH         LINE#         4991
  C:16E5H         LINE#         4992
  C:16FBH         LINE#         4993
  C:1711H         LINE#         4994
  C:171FH         LINE#         4997
  C:1722H         LINE#         4998
BL51 BANKED LINKER/LOCATER V6.22                                                      09/15/2020  11:17:04  PAGE 28


  C:1722H         LINE#         4999
  C:1744H         LINE#         5000
  C:174AH         LINE#         5001
  C:174AH         LINE#         5002
  C:1750H         LINE#         5003
  C:1750H         LINE#         5004
  C:175AH         LINE#         5005
  C:1770H         LINE#         5006
  C:1786H         LINE#         5007
  C:1791H         LINE#         5010
  C:1794H         LINE#         5011
  C:1794H         LINE#         5012
  C:17B6H         LINE#         5013
  C:17BCH         LINE#         5014
  C:17BCH         LINE#         5015
  C:17C2H         LINE#         5016
  C:17C2H         LINE#         5017
  C:17F5H         LINE#         5018
  C:180BH         LINE#         5019
  C:1821H         LINE#         5020
  C:182FH         LINE#         5021
  C:1831H         LINE#         5022
  -------         ENDPROC       DISPSCALEHOR1
  -------         PROC          DISPSCALEVER
  -------         DO            
  X:002DH         SYMBOL        i
  X:002FH         SYMBOL        j
  D:0002H         SYMBOL        k
  -------         ENDDO         
  C:2268H         LINE#         5024
  C:2268H         LINE#         5025
  C:2268H         LINE#         5094
  C:226BH         LINE#         5096
  C:2271H         LINE#         5097
  C:2271H         LINE#         5098
  C:2277H         LINE#         5099
  C:2277H         LINE#         5100
  C:227DH         LINE#         5101
  C:2293H         LINE#         5102
  C:229AH         LINE#         5104
  C:229DH         LINE#         5105
  C:229DH         LINE#         5107
  C:22A3H         LINE#         5108
  C:22A3H         LINE#         5110
  C:22A9H         LINE#         5111
  C:22A9H         LINE#         5112
  C:22BBH         LINE#         5113
  C:22D1H         LINE#         5115
  C:22D7H         LINE#         5116
  C:22D7H         LINE#         5117
  C:22FFH         LINE#         5118
  C:2315H         LINE#         5120
  C:231BH         LINE#         5121
  C:231BH         LINE#         5122
  C:2322H         LINE#         5123
  C:2338H         LINE#         5125
  C:233EH         LINE#         5126
BL51 BANKED LINKER/LOCATER V6.22                                                      09/15/2020  11:17:04  PAGE 29


  C:233EH         LINE#         5127
  C:2352H         LINE#         5128
  C:2368H         LINE#         5130
  C:2381H         LINE#         5132
  C:238FH         LINE#         5134
  -------         ENDPROC       DISPSCALEVER
  -------         PROC          DISPSCALEVER_RED
  -------         DO            
  X:0031H         SYMBOL        i
  X:0033H         SYMBOL        j
  D:0002H         SYMBOL        k
  -------         ENDDO         
  C:2E16H         LINE#         5136
  C:2E16H         LINE#         5137
  C:2E16H         LINE#         5140
  C:2E19H         LINE#         5142
  C:2E1BH         LINE#         5144
  C:2E1DH         LINE#         5147
  C:2E23H         LINE#         5148
  C:2E23H         LINE#         5149
  C:2E29H         LINE#         5150
  C:2E29H         LINE#         5151
  C:2E2FH         LINE#         5152
  C:2E45H         LINE#         5153
  C:2E4CH         LINE#         5155
  C:2E4FH         LINE#         5156
  C:2E4FH         LINE#         5157
  C:2E55H         LINE#         5158
  C:2E55H         LINE#         5160
  C:2E5BH         LINE#         5161
  C:2E5BH         LINE#         5162
  C:2E6DH         LINE#         5163
  C:2E83H         LINE#         5164
  C:2E99H         LINE#         5166
  C:2EA4H         LINE#         5168
  C:2EA6H         LINE#         5169
  -------         ENDPROC       DISPSCALEVER_RED
  -------         PROC          DISPSCALEVER_GREEN
  -------         DO            
  X:0035H         SYMBOL        i
  X:0037H         SYMBOL        j
  D:0002H         SYMBOL        k
  -------         ENDDO         
  C:2BACH         LINE#         5171
  C:2BACH         LINE#         5172
  C:2BACH         LINE#         5175
  C:2BAFH         LINE#         5177
  C:2BB1H         LINE#         5178
  C:2BB3H         LINE#         5181
  C:2BB9H         LINE#         5182
  C:2BB9H         LINE#         5183
  C:2BBFH         LINE#         5184
  C:2BBFH         LINE#         5185
  C:2BC5H         LINE#         5187
  C:2BDBH         LINE#         5188
  C:2BE2H         LINE#         5190
  C:2BE5H         LINE#         5191
BL51 BANKED LINKER/LOCATER V6.22                                                      09/15/2020  11:17:04  PAGE 30


  C:2BE5H         LINE#         5192
  C:2BEBH         LINE#         5193
  C:2BEBH         LINE#         5195
  C:2BF1H         LINE#         5196
  C:2BF1H         LINE#         5198
  C:2C12H         LINE#         5199
  C:2C28H         LINE#         5200
  C:2C3EH         LINE#         5202
  C:2C49H         LINE#         5204
  C:2C4BH         LINE#         5205
  -------         ENDPROC       DISPSCALEVER_GREEN
  -------         PROC          DISPSCALEVER_BLUE
  -------         DO            
  X:0039H         SYMBOL        i
  X:003BH         SYMBOL        j
  D:0002H         SYMBOL        k
  -------         ENDDO         
  C:3054H         LINE#         5207
  C:3054H         LINE#         5208
  C:3054H         LINE#         5211
  C:3057H         LINE#         5213
  C:3059H         LINE#         5214
  C:305BH         LINE#         5217
  C:3061H         LINE#         5218
  C:3061H         LINE#         5219
  C:3067H         LINE#         5220
  C:3067H         LINE#         5221
  C:306DH         LINE#         5222
  C:3083H         LINE#         5223
  C:308AH         LINE#         5225
  C:308DH         LINE#         5226
  C:308DH         LINE#         5227
  C:3093H         LINE#         5228
  C:3093H         LINE#         5230
  C:3099H         LINE#         5231
  C:3099H         LINE#         5232
  C:30A0H         LINE#         5233
  C:30B6H         LINE#         5234
  C:30CCH         LINE#         5236
  C:30D7H         LINE#         5238
  C:30D9H         LINE#         5239
  -------         ENDPROC       DISPSCALEVER_BLUE
  -------         PROC          DISPSCALEVER_GRAY
  -------         DO            
  X:003DH         SYMBOL        i
  X:003FH         SYMBOL        j
  D:0002H         SYMBOL        k
  -------         ENDDO         
  C:2EA7H         LINE#         5241
  C:2EA7H         LINE#         5242
  C:2EA7H         LINE#         5245
  C:2EAAH         LINE#         5247
  C:2EACH         LINE#         5252
  C:2EB2H         LINE#         5253
  C:2EB2H         LINE#         5254
  C:2EB8H         LINE#         5255
  C:2EB8H         LINE#         5256
BL51 BANKED LINKER/LOCATER V6.22                                                      09/15/2020  11:17:04  PAGE 31


  C:2EBEH         LINE#         5258
  C:2ED4H         LINE#         5259
  C:2EDBH         LINE#         5261
  C:2EDEH         LINE#         5262
  C:2EDEH         LINE#         5263
  C:2EE4H         LINE#         5264
  C:2EE4H         LINE#         5266
  C:2EEAH         LINE#         5267
  C:2EEAH         LINE#         5268
  C:2EFEH         LINE#         5269
  C:2F14H         LINE#         5270
  C:2F2AH         LINE#         5272
  C:2F35H         LINE#         5274
  C:2F37H         LINE#         5275
  -------         ENDPROC       DISPSCALEVER_GRAY
  -------         PROC          DISPGRAYHOR16
  -------         DO            
  X:005CH         SYMBOL        i
  D:0002H         SYMBOL        j
  X:005EH         SYMBOL        k
  -------         ENDDO         
  C:2C4CH         LINE#         5277
  C:2C4CH         LINE#         5278
  C:2C4CH         LINE#         5281
  C:2C4FH         LINE#         5283
  C:2C51H         LINE#         5284
  C:2C53H         LINE#         5286
  C:2C59H         LINE#         5287
  C:2C59H         LINE#         5288
  C:2C62H         LINE#         5289
  C:2C62H         LINE#         5290
  C:2C68H         LINE#         5291
  C:2C6FH         LINE#         5293
  C:2C72H         LINE#         5294
  C:2C72H         LINE#         5295
  C:2C78H         LINE#         5296
  C:2C78H         LINE#         5297
  C:2CAAH         LINE#         5298
  C:2CC0H         LINE#         5299
  C:2CCBH         LINE#         5300
  C:2CE4H         LINE#         5302
  C:2CE6H         LINE#         5303
  -------         ENDPROC       DISPGRAYHOR16
  -------         PROC          DISPGRAYHOR32
  -------         DO            
  X:0041H         SYMBOL        i
  D:0002H         SYMBOL        j
  X:0043H         SYMBOL        k
  -------         ENDDO         
  C:31DDH         LINE#         5305
  C:31DDH         LINE#         5306
  C:31DDH         LINE#         5309
  C:31E0H         LINE#         5311
  C:31E2H         LINE#         5313
  C:31E8H         LINE#         5314
  C:31E8H         LINE#         5315
  C:31EBH         LINE#         5316
BL51 BANKED LINKER/LOCATER V6.22                                                      09/15/2020  11:17:04  PAGE 32


  C:31EBH         LINE#         5317
  C:31F1H         LINE#         5318
  C:31FCH         LINE#         5320
  C:31FFH         LINE#         5321
  C:31FFH         LINE#         5322
  C:3205H         LINE#         5323
  C:3205H         LINE#         5324
  C:3219H         LINE#         5325
  C:322FH         LINE#         5326
  C:323AH         LINE#         5327
  C:3250H         LINE#         5329
  C:3252H         LINE#         5330
  -------         ENDPROC       DISPGRAYHOR32
  -------         PROC          DISPSCALEHOR2
  -------         DO            
  X:0045H         SYMBOL        j
  D:0002H         SYMBOL        k
  -------         ENDDO         
  C:1832H         LINE#         5332
  C:1832H         LINE#         5333
  C:1832H         LINE#         5336
  C:1835H         LINE#         5338
  C:1835H         LINE#         5339
  C:1835H         LINE#         5340
  C:183BH         LINE#         5341
  C:1858H         LINE#         5342
  C:1863H         LINE#         5343
  C:1866H         LINE#         5344
  C:1866H         LINE#         5345
  C:186CH         LINE#         5346
  C:1889H         LINE#         5347
  C:1894H         LINE#         5348
  C:1897H         LINE#         5349
  C:1897H         LINE#         5350
  C:189DH         LINE#         5351
  C:18BAH         LINE#         5352
  C:18C5H         LINE#         5353
  C:18C8H         LINE#         5354
  C:18C8H         LINE#         5355
  C:18CEH         LINE#         5356
  C:18EBH         LINE#         5357
  C:18F6H         LINE#         5358
  C:18F9H         LINE#         5359
  C:18F9H         LINE#         5360
  C:18FFH         LINE#         5361
  C:191CH         LINE#         5362
  C:1927H         LINE#         5363
  C:192AH         LINE#         5364
  C:192AH         LINE#         5365
  C:1930H         LINE#         5366
  C:194DH         LINE#         5367
  C:1958H         LINE#         5368
  C:195BH         LINE#         5369
  C:195BH         LINE#         5370
  C:1961H         LINE#         5371
  C:197EH         LINE#         5372
  C:1989H         LINE#         5373
BL51 BANKED LINKER/LOCATER V6.22                                                      09/15/2020  11:17:04  PAGE 33


  C:198CH         LINE#         5374
  C:198CH         LINE#         5375
  C:1992H         LINE#         5376
  C:19AEH         LINE#         5377
  C:19B9H         LINE#         5378
  C:19C2H         LINE#         5379
  C:19C2H         LINE#         5380
  C:19C8H         LINE#         5381
  C:19E4H         LINE#         5382
  C:19EBH         LINE#         5384
  -------         ENDPROC       DISPSCALEHOR2
  -------         PROC          _TOORD
  D:0007H         SYMBOL        ch
  C:347EH         LINE#         5489
  C:347EH         LINE#         5490
  C:347EH         LINE#         5491
  C:3484H         LINE#         5492
  C:3484H         LINE#         5493
  C:3486H         LINE#         5494
  C:3488H         LINE#         5495
  C:3494H         LINE#         5496
  C:3494H         LINE#         5497
  C:3498H         LINE#         5498
  C:349AH         LINE#         5499
  C:34A6H         LINE#         5500
  C:34A6H         LINE#         5501
  C:34AAH         LINE#         5502
  C:34ACH         LINE#         5503
  C:34B8H         LINE#         5504
  C:34B8H         LINE#         5505
  C:34BCH         LINE#         5506
  C:34BEH         LINE#         5507
  C:34CAH         LINE#         5508
  C:34CAH         LINE#         5509
  C:34CEH         LINE#         5510
  C:34D0H         LINE#         5511
  C:34D6H         LINE#         5512
  C:34D6H         LINE#         5513
  C:34D8H         LINE#         5514
  C:34D8H         LINE#         5516
  C:34D8H         LINE#         5517
  -------         ENDPROC       _TOORD
  C:277AH         SYMBOL        L?0440
  C:2792H         SYMBOL        L?0441
  -------         PROC          L?0439
  -------         ENDPROC       L?0439
  C:277AH         SYMBOL        L?0440
  C:2792H         SYMBOL        L?0441
  -------         PROC          _DISPONECHAR
  X:0070H         SYMBOL        ord
  D:0006H         SYMBOL        Xstart
  D:0002H         SYMBOL        Ystart
  X:0075H         SYMBOL        TextColor
  X:0077H         SYMBOL        BackColor
  -------         DO            
  X:0079H         SYMBOL        i
  D:0002H         SYMBOL        j
BL51 BANKED LINKER/LOCATER V6.22                                                      09/15/2020  11:17:04  PAGE 34


  X:007AH         SYMBOL        p
  D:0003H         SYMBOL        dat
  D:0006H         SYMBOL        index
  -------         ENDDO         
  C:27A2H         LINE#         5519
  C:27AAH         LINE#         5520
  C:27AAH         LINE#         5526
  C:27C4H         LINE#         5528
  C:27CAH         LINE#         5530
  C:27D2H         LINE#         5531
  C:27D4H         LINE#         5533
  C:27E2H         LINE#         5535
  C:27EFH         LINE#         5536
  C:27F6H         LINE#         5538
  C:27FAH         LINE#         5539
  C:27FAH         LINE#         5540
  C:280FH         LINE#         5541
  C:2811H         LINE#         5542
  C:2811H         LINE#         5543
  C:281EH         LINE#         5544
  C:281EH         LINE#         5545
  C:2820H         LINE#         5546
  C:2822H         LINE#         5548
  C:2822H         LINE#         5549
  C:282CH         LINE#         5550
  C:282CH         LINE#         5551
  C:2831H         LINE#         5552
  C:283CH         LINE#         5553
  -------         ENDPROC       _DISPONECHAR
  -------         PROC          _DISPSTR
  X:0065H         SYMBOL        str
  X:0068H         SYMBOL        Xstart
  X:006AH         SYMBOL        Ystart
  X:006CH         SYMBOL        TextColor
  X:006EH         SYMBOL        BackColor
  C:2D80H         LINE#         5555
  C:2D90H         LINE#         5556
  C:2D90H         LINE#         5558
  C:2DA5H         LINE#         5559
  C:2DA5H         LINE#         5560
  C:2DE0H         LINE#         5562
  C:2DECH         LINE#         5563
  C:2DECH         LINE#         5564
  C:2DF0H         LINE#         5565
  C:2DF5H         LINE#         5566
  C:2DF7H         LINE#         5568
  C:2DF7H         LINE#         5569
  C:2E02H         LINE#         5570
  C:2E02H         LINE#         5572
  C:2E0EH         LINE#         5573
  C:2E0EH         LINE#         5574
  C:2E12H         LINE#         5575
  C:2E12H         LINE#         5576
  C:2E15H         LINE#         5578
  -------         ENDPROC       _DISPSTR
  -------         PROC          _DISPINT
  X:0065H         SYMBOL        i
BL51 BANKED LINKER/LOCATER V6.22                                                      09/15/2020  11:17:04  PAGE 35


  X:0067H         SYMBOL        Xstart
  X:0069H         SYMBOL        Ystart
  X:006BH         SYMBOL        TextColor
  X:006DH         SYMBOL        BackColor
[...]
  C:12E3H         LINE#         315
  C:12E3H         LINE#         316
  C:12E9H         LINE#         317
  C:12F8H         LINE#         318
  C:12F8H         LINE#         319
  C:12FDH         LINE#         320
  C:1300H         LINE#         321
  C:130FH         LINE#         322
  C:130FH         LINE#         323
  C:1324H         LINE#         324
  C:1329H         LINE#         325
  C:1331H         LINE#         326
  C:133BH         LINE#         327
  C:1349H         LINE#         328
  C:1357H         LINE#         329
  C:1359H         LINE#         331
  C:1359H         LINE#         332
  C:135EH         LINE#         333
  C:1361H         LINE#         334
  C:1379H         LINE#         335
  C:1379H         LINE#         336
  C:1392H         LINE#         337
  C:1397H         LINE#         338
  C:139FH         LINE#         339
  C:13A6H         LINE#         340
  C:13ABH         LINE#         341
  C:13ABH         LINE#         342
  C:13BFH         LINE#         343
  C:13BFH         LINE#         344
  C:13C6H         LINE#         345
  C:13CBH         LINE#         346
  C:13CBH         LINE#         347
  C:13D9H         LINE#         348
  C:13D9H         LINE#         349
  -------         ENDPROC       USBXCORE_HANDLE_SETUP
  -------         PROC          USBXCORE_FORCE_STALL
  C:393FH         LINE#         356
  C:393FH         LINE#         358
  C:394AH         LINE#         359
  C:3955H         LINE#         360
  C:395BH         LINE#         361
  -------         ENDPROC       USBXCORE_FORCE_STALL
  -------         PROC          USBXCORE_GET_STATUS
  C:333BH         LINE#         367
  C:333BH         LINE#         369
  C:334AH         LINE#         370
  C:334AH         LINE#         371
  C:334AH         LINE#         372
  C:334AH         LINE#         373
  C:334AH         LINE#         374
  C:334CH         LINE#         375
  C:334CH         LINE#         379
  C:334CH         LINE#         381
BL51 BANKED LINKER/LOCATER V6.22                                                      09/15/2020  11:17:04  PAGE 43


  C:335AH         LINE#         385
  C:335AH         LINE#         386
  C:335AH         LINE#         387
  C:335AH         LINE#         388
  C:335CH         LINE#         390
  C:335CH         LINE#         392
  C:336AH         LINE#         396
  C:336AH         LINE#         397
  C:3377H         LINE#         398
  C:3377H         LINE#         399
  C:3379H         LINE#         401
  C:3379H         LINE#         402
  C:3387H         LINE#         403
  C:3390H         LINE#         404
  C:3390H         LINE#         405
  C:3390H         LINE#         406
  C:3392H         LINE#         407
  C:3392H         LINE#         408
  C:3395H         LINE#         409
  C:3395H         LINE#         410
  C:3395H         LINE#         411
  C:339DH         LINE#         412
  C:339DH         LINE#         413
  C:33A0H         LINE#         414
  C:33A6H         LINE#         415
  C:33ADH         LINE#         416
  C:33ADH         LINE#         417
  -------         ENDPROC       USBXCORE_GET_STATUS
  -------         PROC          USBXCORE_CLEAR_FEATURE
  C:3533H         LINE#         423
  C:3533H         LINE#         425
  C:3539H         LINE#         426
  C:3539H         LINE#         428
  C:3540H         LINE#         429
  C:3540H         LINE#         430
  C:354BH         LINE#         436
  C:3556H         LINE#         437
  C:355BH         LINE#         438
  C:355DH         LINE#         440
  C:355DH         LINE#         442
  C:3568H         LINE#         446
  C:3573H         LINE#         447
  C:3578H         LINE#         448
  C:3578H         LINE#         449
  C:357AH         LINE#         451
  C:357AH         LINE#         452
  C:357DH         LINE#         453
  C:357DH         LINE#         454
  C:3588H         LINE#         455
  -------         ENDPROC       USBXCORE_CLEAR_FEATURE
  -------         PROC          USBXCORE_VENDOR_USB_API
  C:26A5H         LINE#         462
  C:26A5H         LINE#         464
  C:26AFH         LINE#         465
  C:26AFH         LINE#         466
  C:26B6H         LINE#         467
  C:26B6H         LINE#         468
BL51 BANKED LINKER/LOCATER V6.22                                                      09/15/2020  11:17:04  PAGE 44


  C:26B9H         LINE#         469
  C:26BCH         LINE#         470
  C:26BEH         LINE#         472
  C:26BEH         LINE#         473
  C:26C5H         LINE#         474
  C:26C5H         LINE#         477
  C:26D0H         LINE#         482
  C:26DBH         LINE#         483
  C:26E6H         LINE#         485
  C:26E6H         LINE#         486
  C:26F9H         LINE#         487
  C:26F9H         LINE#         488
  C:26FDH         LINE#         489
  C:2708H         LINE#         491
  C:2708H         LINE#         492
  C:271BH         LINE#         493
  C:271BH         LINE#         494
  C:271FH         LINE#         495
  C:272AH         LINE#         497
  C:2730H         LINE#         498
  C:2738H         LINE#         499
  C:2738H         LINE#         500
  C:273BH         LINE#         501
  C:273BH         LINE#         502
  C:273BH         LINE#         503
  C:2746H         LINE#         504
  C:2746H         LINE#         505
  C:274CH         LINE#         506
  C:2753H         LINE#         507
  C:2753H         LINE#         508
  C:2757H         LINE#         509
  C:2757H         LINE#         510
  C:275DH         LINE#         511
  C:2764H         LINE#         512
  C:2764H         LINE#         513
  C:276FH         LINE#         514
  -------         ENDPROC       USBXCORE_VENDOR_USB_API
  -------         PROC          USBXCORE_SET_FEATURE
  C:358BH         LINE#         521
  C:358BH         LINE#         523
  C:3591H         LINE#         524
  C:3591H         LINE#         526
  C:3598H         LINE#         527
  C:3598H         LINE#         528
  C:35A3H         LINE#         534
  C:35AEH         LINE#         535
  C:35B1H         LINE#         536
  C:35B3H         LINE#         538
  C:35B3H         LINE#         540
  C:35BEH         LINE#         544
  C:35C9H         LINE#         545
  C:35CFH         LINE#         546
  C:35CFH         LINE#         548
  C:35D1H         LINE#         550
  C:35D1H         LINE#         551
  C:35D4H         LINE#         552
  C:35D4H         LINE#         553
BL51 BANKED LINKER/LOCATER V6.22                                                      09/15/2020  11:17:04  PAGE 45


  C:35DFH         LINE#         554
  -------         ENDPROC       USBXCORE_SET_FEATURE
  -------         PROC          USBXCORE_SET_ADDRESS
  C:3900H         LINE#         561
  C:3900H         LINE#         563
  C:390FH         LINE#         564
  C:3915H         LINE#         565
  C:3915H         LINE#         566
  C:3918H         LINE#         567
  C:391AH         LINE#         569
  C:391AH         LINE#         570
  C:391DH         LINE#         571
  C:391DH         LINE#         572
  -------         ENDPROC       USBXCORE_SET_ADDRESS
  -------         PROC          USBXCORE_GET_DESCRIPTOR
  C:29A7H         LINE#         579
  C:29A7H         LINE#         580
  C:29B6H         LINE#         581
  C:29B6H         LINE#         582
  C:29B6H         LINE#         583
  C:29C4H         LINE#         584
  C:29C8H         LINE#         585
  C:29CAH         LINE#         586
  C:29CAH         LINE#         587
  C:29D8H         LINE#         588
  C:29EBH         LINE#         589
  C:29EDH         LINE#         590
  C:29EDH         LINE#         591
  C:2A11H         LINE#         592
  C:2A1DH         LINE#         593
  C:2A1FH         LINE#         594
  C:2A1FH         LINE#         595
  C:2A22H         LINE#         596
  C:2A22H         LINE#         597
  C:2A22H         LINE#         598
  C:2A38H         LINE#         599
  C:2A38H         LINE#         600
  C:2A40H         LINE#         601
  C:2A40H         LINE#         602
  C:2A48H         LINE#         603
  C:2A48H         LINE#         604
  C:2A4BH         LINE#         605
  C:2A51H         LINE#         606
  C:2A58H         LINE#         607
  C:2A58H         LINE#         608
  -------         ENDPROC       USBXCORE_GET_DESCRIPTOR
  -------         PROC          USBXCORE_GET_CONFIGURATION
  C:36D9H         LINE#         614
  C:36D9H         LINE#         616
  C:36E1H         LINE#         617
  C:36E1H         LINE#         618
  C:36EDH         LINE#         619
  C:36F5H         LINE#         620
  C:36F5H         LINE#         621
  C:36F9H         LINE#         622
  C:36F9H         LINE#         623
  C:3707H         LINE#         624
BL51 BANKED LINKER/LOCATER V6.22                                                      09/15/2020  11:17:04  PAGE 46


  C:370FH         LINE#         625
  C:370FH         LINE#         626
  C:3712H         LINE#         627
  C:3718H         LINE#         628
  C:371FH         LINE#         629
  -------         ENDPROC       USBXCORE_GET_CONFIGURATION
  -------         PROC          USBXCORE_SET_CONFIGURATION
  C:34D9H         LINE#         635
  C:34D9H         LINE#         637
  C:34E2H         LINE#         638
  C:34E2H         LINE#         639
  C:34E9H         LINE#         640
  C:34EFH         LINE#         641
  C:34F4H         LINE#         642
  C:34F6H         LINE#         644
  C:3501H         LINE#         645
  C:350CH         LINE#         646
  C:3517H         LINE#         653
  C:3522H         LINE#         654
  C:3524H         LINE#         656
  C:3524H         LINE#         657
  C:352AH         LINE#         658
  C:352EH         LINE#         659
  C:3530H         LINE#         660
  C:3530H         LINE#         661
  -------         ENDPROC       USBXCORE_SET_CONFIGURATION
  -------         PROC          USBXCORE_GET_INTERFACE
  C:3871H         LINE#         668
  C:3871H         LINE#         670
  C:387FH         LINE#         671
  C:3887H         LINE#         672
  C:388AH         LINE#         673
  C:3890H         LINE#         674
  C:3897H         LINE#         675
  -------         ENDPROC       USBXCORE_GET_INTERFACE
  -------         PROC          USBXCORE_SET_SOP
  C:39B9H         LINE#         682
  C:39B9H         LINE#         684
  C:39C1H         LINE#         685
  C:39C1H         LINE#         686
  C:39CCH         LINE#         687
  C:39CCH         LINE#         688
  -------         ENDPROC       USBXCORE_SET_SOP
  -------         PROC          USBXCORE_USB_ISR
  C:1EA3H         LINE#         699
  C:1EC0H         LINE#         702
  C:1EC6H         LINE#         703
  C:1ED9H         LINE#         706
  C:1EECH         LINE#         709
  C:1EF0H         LINE#         710
  C:1EF0H         LINE#         711
  C:1EFBH         LINE#         712
  C:1EFBH         LINE#         714
  C:1F02H         LINE#         715
  C:1F02H         LINE#         716
  C:1F05H         LINE#         717
  C:1F05H         LINE#         719
BL51 BANKED LINKER/LOCATER V6.22                                                      09/15/2020  11:17:04  PAGE 47


  C:1F0CH         LINE#         720
  C:1F0CH         LINE#         721
  C:1F19H         LINE#         722
  C:1F19H         LINE#         723
  C:1F20H         LINE#         724
  C:1F20H         LINE#         725
  C:1F20H         LINE#         727
  C:1F20H         LINE#         728
  C:1F20H         LINE#         730
  C:1F20H         LINE#         732
  C:1F33H         LINE#         734
  C:1F37H         LINE#         735
  C:1F37H         LINE#         736
  C:1F3AH         LINE#         737
  C:1F3AH         LINE#         740
  C:1F41H         LINE#         741
  C:1F41H         LINE#         742
  C:1F4CH         LINE#         748
  C:1F5FH         LINE#         749
  C:1F64H         LINE#         750
  C:1F64H         LINE#         751
  C:1F6BH         LINE#         752
  C:1F6BH         LINE#         754
  C:1F6BH         LINE#         756
  C:1F7EH         LINE#         759
  C:1F82H         LINE#         760
  C:1F82H         LINE#         761
  C:1F8DH         LINE#         767
  C:1FA0H         LINE#         768
  C:1FA4H         LINE#         769
  C:1FA4H         LINE#         770
  C:1FABH         LINE#         771
  C:1FABH         LINE#         772
  C:1FABH         LINE#         775
  C:1FB9H         LINE#         776
  C:1FBEH         LINE#         777
  C:1FC4H         LINE#         778
  C:1FC9H         LINE#         781
  C:1FD6H         LINE#         782
  C:1FD6H         LINE#         783
  C:1FD9H         LINE#         784
  C:1FD9H         LINE#         785
  -------         ENDPROC       USBXCORE_USB_ISR
  -------         ENDMOD        USB_API

  -------         MODULE        USB_SUSPEND
  C:0000H         SYMBOL        _ICE_DUMMY_
  D:00D7H         PUBLIC        USB0XCN
  D:00C9H         PUBLIC        REG0CN
  C:381FH         PUBLIC        USB_Suspend
  D:00A9H         PUBLIC        CLKSEL
  D:00B2H         PUBLIC        OSCICN
  D:00B9H         PUBLIC        CLKMUL
  -------         PROC          USB_SUSPEND
  C:381FH         LINE#         70
  C:381FH         LINE#         72
  C:3822H         LINE#         74
BL51 BANKED LINKER/LOCATER V6.22                                                      09/15/2020  11:17:04  PAGE 48


  C:3825H         LINE#         76
  C:382DH         LINE#         79
  C:3830H         LINE#         80
  C:3833H         LINE#         81
  C:3836H         LINE#         82
  C:3839H         LINE#         84
  C:383AH         LINE#         86
  C:383DH         LINE#         88
  C:3843H         LINE#         92
  C:3846H         LINE#         94
  C:3849H         LINE#         95
  -------         ENDPROC       USB_SUSPEND
  -------         ENDMOD        USB_SUSPEND

  -------         MODULE        USB_INT_ENABLE
  C:0000H         SYMBOL        _ICE_DUMMY_
  C:3975H         PUBLIC        USB_Int_Enable
  D:0096H         PUBLIC        USB0ADR
  D:0097H         PUBLIC        USB0DAT
  -------         PROC          USB_INT_ENABLE
  C:3975H         LINE#         68
  C:3975H         LINE#         71
  C:397CH         LINE#         73
  C:3982H         LINE#         74
  C:3982H         LINE#         75
  C:398DH         LINE#         77
  C:398DH         LINE#         78
  -------         ENDPROC       USB_INT_ENABLE
  -------         ENDMOD        USB_INT_ENABLE

  -------         MODULE        USB_CLOCK_RECOVERY
  C:0000H         SYMBOL        _ICE_DUMMY_
  C:39FFH         PUBLIC        USBXcore_ClkRec
  D:0096H         PUBLIC        USB0ADR
  D:0097H         PUBLIC        USB0DAT
  -------         PROC          USBXCORE_CLKREC
  C:39FFH         LINE#         45
  C:39FFH         LINE#         47
  C:3A0AH         LINE#         48
  -------         ENDPROC       USBXCORE_CLKREC
  -------         ENDMOD        USB_CLOCK_RECOVERY

  -------         MODULE        ?C?FPMUL
  C:0C9AH         PUBLIC        ?C?FPMUL
  -------         ENDMOD        ?C?FPMUL

  -------         MODULE        ?C?FCAST
  C:0DAAH         PUBLIC        ?C?FCASTC
  C:0DA5H         PUBLIC        ?C?FCASTI
  C:0DA0H         PUBLIC        ?C?FCASTL
  -------         ENDMOD        ?C?FCAST

  -------         MODULE        ?C?CASTF
  C:0DDEH         PUBLIC        ?C?CASTF
  -------         ENDMOD        ?C?CASTF

  -------         MODULE        ?C?COPY
BL51 BANKED LINKER/LOCATER V6.22                                                      09/15/2020  11:17:04  PAGE 49


  C:0F2FH         PUBLIC        ?C?COPY
  -------         ENDMOD        ?C?COPY

  -------         MODULE        ?C?CLDPTR
  C:0F55H         PUBLIC        ?C?CLDPTR
  -------         ENDMOD        ?C?CLDPTR

  -------         MODULE        ?C?CLDOPTR
  C:0F6EH         PUBLIC        ?C?CLDOPTR
  -------         ENDMOD        ?C?CLDOPTR

  -------         MODULE        ?C?IMUL
  C:0F9BH         PUBLIC        ?C?IMUL
  -------         ENDMOD        ?C?IMUL

  -------         MODULE        ?C?IILDX
  C:0FADH         PUBLIC        ?C?IILDX
  -------         ENDMOD        ?C?IILDX

  -------         MODULE        ?C?LMUL
  C:0FC3H         PUBLIC        ?C?LMUL
  -------         ENDMOD        ?C?LMUL

  -------         MODULE        ?C?ULDIV
  C:104EH         PUBLIC        ?C?ULDIV
  -------         ENDMOD        ?C?ULDIV

  -------         MODULE        ?C?LNEG
  C:10E0H         PUBLIC        ?C?LNEG
  -------         ENDMOD        ?C?LNEG

  -------         MODULE        ?C?ULCMP
  C:10EEH         PUBLIC        ?C?ULCMP
  -------         ENDMOD        ?C?ULCMP

  -------         MODULE        ?C?ULSHR
  C:10FFH         PUBLIC        ?C?ULSHR
  -------         ENDMOD        ?C?ULSHR

  -------         MODULE        ?C?LSHL
  C:1112H         PUBLIC        ?C?LSHL
  -------         ENDMOD        ?C?LSHL

  -------         MODULE        ?C?LLDIPDATA
  C:112EH         PUBLIC        ?C?LLDIPDATA
  C:1125H         PUBLIC        ?C?LLDIPDATA1
  C:1127H         PUBLIC        ?C?LLDIPDATA8
  -------         ENDMOD        ?C?LLDIPDATA

  -------         MODULE        ?C?LSTXDATA
  C:1145H         PUBLIC        ?C?LSTXDATA
  -------         ENDMOD        ?C?LSTXDATA

  -------         MODULE        ?C?LSTPDATA
  C:1151H         PUBLIC        ?C?LSTPDATA
  -------         ENDMOD        ?C?LSTPDATA

BL51 BANKED LINKER/LOCATER V6.22                                                      09/15/2020  11:17:04  PAGE 50


  -------         MODULE        ?C?LSTKXDATA
  C:115DH         PUBLIC        ?C?LSTKXDATA
  -------         ENDMOD        ?C?LSTKXDATA

  -------         MODULE        ?C?LSTKPDATA
  C:118EH         PUBLIC        ?C?LSTKPDATA
  -------         ENDMOD        ?C?LSTKPDATA

  -------         MODULE        ?C_PBP
  D:0008H         PUBLIC        ?C_PBP
  -------         ENDMOD        ?C_PBP

*** WARNING L14: INCOMPATIBLE MEMORY MODEL
    MODULE:  .\USBX_F34X.LIB (USB_API)
    MODEL:   SMALL

*** WARNING L14: INCOMPATIBLE MEMORY MODEL
    MODULE:  .\USBX_F34X.LIB (USB_SUSPEND)
    MODEL:   SMALL

*** WARNING L14: INCOMPATIBLE MEMORY MODEL
    MODULE:  .\USBX_F34X.LIB (USB_INT_ENABLE)
    MODEL:   SMALL

*** WARNING L14: INCOMPATIBLE MEMORY MODEL
    MODULE:  .\USBX_F34X.LIB (USB_CLOCK_RECOVERY)
    MODEL:   SMALL

*** WARNING L16: UNCALLED SEGMENT, IGNORED FOR OVERLAY PROCESS
    SEGMENT: ?PR?SD_INIT?MMC_SD

*** WARNING L16: UNCALLED SEGMENT, IGNORED FOR OVERLAY PROCESS
    SEGMENT: ?PR?_LCD_READ_IC_ID?LCD

*** WARNING L16: UNCALLED SEGMENT, IGNORED FOR OVERLAY PROCESS
    SEGMENT: ?PR?_DISPPICFROMSD?LCD

*** WARNING L16: UNCALLED SEGMENT, IGNORED FOR OVERLAY PROCESS
    SEGMENT: ?PR?DISPSCALEHOR1?LCD

*** WARNING L16: UNCALLED SEGMENT, IGNORED FOR OVERLAY PROCESS
    SEGMENT: ?PR?DISPSCALEVER?LCD

*** WARNING L16: UNCALLED SEGMENT, IGNORED FOR OVERLAY PROCESS
    SEGMENT: ?PR?DISPSCALEVER_RED?LCD

*** WARNING L16: UNCALLED SEGMENT, IGNORED FOR OVERLAY PROCESS
    SEGMENT: ?PR?DISPSCALEVER_GREEN?LCD

*** WARNING L16: UNCALLED SEGMENT, IGNORED FOR OVERLAY PROCESS
    SEGMENT: ?PR?DISPSCALEVER_BLUE?LCD

*** WARNING L16: UNCALLED SEGMENT, IGNORED FOR OVERLAY PROCESS
    SEGMENT: ?PR?DISPSCALEVER_GRAY?LCD

*** WARNING L16: UNCALLED SEGMENT, IGNORED FOR OVERLAY PROCESS
    SEGMENT: ?PR?DISPGRAYHOR32?LCD
BL51 BANKED LINKER/LOCATER V6.22                                                      09/15/2020  11:17:04  PAGE 51



*** WARNING L16: UNCALLED SEGMENT, IGNORED FOR OVERLAY PROCESS
    SEGMENT: ?PR?DISPSCALEHOR2?LCD

*** WARNING L16: UNCALLED SEGMENT, IGNORED FOR OVERLAY PROCESS
    SEGMENT: ?PR?_DRAWGIRD?LCD

*** WARNING L15: MULTIPLE CALL TO SEGMENT
    SEGMENT: ?PR?_WRITECOMM?LCD
    CALLER1: ?PR?USB_API_TEST_ISR?MAIN
    CALLER2: ?C_C51STARTUP

*** WARNING L15: MULTIPLE CALL TO SEGMENT
    SEGMENT: ?PR?_WRITEDATA?LCD
    CALLER1: ?PR?USB_API_TEST_ISR?MAIN
    CALLER2: ?C_C51STARTUP

Program Size: data=10.0 xdata=1222 code=14875
LINK/LOCATE RUN COMPLETE.  18 WARNING(S),  0 ERROR(S)
