BL51 BANKED LINKER/LOCATER V6.22                                                        08/05/2021  15:45:43  PAGE 1


BL51 BANKED LINKER/LOCATER V6.22, INVOKED BY:
D:\KEIL\C51\BIN\BL51.EXE main.obj, mmc_sd.obj, lcd.obj, tp.obj, .\USBX_F34X.LIB TO GC9304_ZT_CTC24_H8 RAMSIZE (256)


MEMORY MODEL: COMPACT WITH FLOATING POINT ARITHMETIC


INPUT MODULES INCLUDED:
  main.obj (MAIN)
  mmc_sd.obj (MMC_SD)
  lcd.obj (LCD)
  tp.obj (TP)
  .\USBX_F34X.LIB (USB_API)
  .\USBX_F34X.LIB (USB_CLOCK_START)
  .\USBX_F34X.LIB (USB_SUSPEND)
  .\USBX_F34X.LIB (GET_INTERRUPT_SOURCE)
  .\USBX_F34X.LIB (BLOCK_READ)
  .\USBX_F34X.LIB (BLOCK_WRITE)
  .\USBX_F34X.LIB (USB_INT_ENABLE)
  .\USBX_F34X.LIB (USB_CLOCK_RECOVERY)
  .\USBX_F34X.LIB (USB_JUMP_ISR)
  D:\KEIL\C51\LIB\C51FPC.LIB (?C?FPMUL)
  D:\KEIL\C51\LIB\C51FPC.LIB (?C?FCAST)
  D:\KEIL\C51\LIB\C51FPC.LIB (?C?CASTF)
  D:\KEIL\C51\LIB\C51FPC.LIB (?C?FPGETOPN)
  D:\KEIL\C51\LIB\C51C.LIB (?C_STARTUP)
  D:\KEIL\C51\LIB\C51C.LIB (?C?COPY)
  D:\KEIL\C51\LIB\C51C.LIB (?C?CLDPTR)
  D:\KEIL\C51\LIB\C51C.LIB (?C?CLDOPTR)
  D:\KEIL\C51\LIB\C51C.LIB (?C?IMUL)
  D:\KEIL\C51\LIB\C51C.LIB (?C?IILDX)
  D:\KEIL\C51\LIB\C51C.LIB (?C?ILDOPTR)
  D:\KEIL\C51\LIB\C51C.LIB (?C?LMUL)
  D:\KEIL\C51\LIB\C51C.LIB (?C?ULDIV)
  D:\KEIL\C51\LIB\C51C.LIB (?C?LNEG)
  D:\KEIL\C51\LIB\C51C.LIB (?C?ULCMP)
  D:\KEIL\C51\LIB\C51C.LIB (?C?ULSHR)
  D:\KEIL\C51\LIB\C51C.LIB (?C?LSHL)
  D:\KEIL\C51\LIB\C51C.LIB (?C?LLDIPDATA)
  D:\KEIL\C51\LIB\C51C.LIB (?C?LSTXDATA)
  D:\KEIL\C51\LIB\C51C.LIB (?C?LSTPDATA)
  D:\KEIL\C51\LIB\C51C.LIB (?C?LSTKXDATA)
  D:\KEIL\C51\LIB\C51C.LIB (?C?LSTKPDATA)
  D:\KEIL\C51\LIB\C51C.LIB (?C_PBP)
  D:\KEIL\C51\LIB\C51C.LIB (?C_INIT)


LINK MAP OF MODULE:  GC9304_ZT_CTC24_H8 (MAIN)


            TYPE    BASE      LENGTH    RELOCATION   SEGMENT NAME
            -----------------------------------------------------

            * * * * * * *   D A T A   M E M O R Y   * * * * * * *
            REG     0000H     0008H     ABSOLUTE     "REG BANK 0"
            DATA    0008H     0001H     UNIT         ?C?LIB_DATA
            IDATA   0009H     0001H     UNIT         ?STACK

BL51 BANKED LINKER/LOCATER V6.22                                                      08/05/2021  15:45:43  PAGE 2


            * * * * * * *  X D A T A   M E M O R Y  * * * * * * *
            XDATA   0000H     0010H     INPAGE       ?PD?MAIN
            XDATA   0010H     0004H     INPAGE       ?PD?_MMC_SD_READSINGLEBLOCK?MMC_SD
            XDATA   0014H     0005H     INPAGE       ?PD?_DISPPIC?LCD
            XDATA   0019H     000DH     INPAGE       ?PD?_DISPPICFROMSD?LCD
            XDATA   0026H     0004H     INPAGE       ?PD?DISPSCALEHOR1?LCD
            XDATA   002AH     0004H     INPAGE       ?PD?DISPSCALEVER?LCD
            XDATA   002EH     0004H     INPAGE       ?PD?DISPSCALEVER_RED?LCD
            XDATA   0032H     0004H     INPAGE       ?PD?DISPSCALEVER_GREEN?LCD
            XDATA   0036H     0004H     INPAGE       ?PD?DISPSCALEVER_BLUE?LCD
            XDATA   003AH     0004H     INPAGE       ?PD?DISPSCALEVER_GRAY?LCD
            XDATA   003EH     0004H     INPAGE       ?PD?DISPGRAYHOR32?LCD
            XDATA   0042H     0002H     INPAGE       ?PD?DISPSCALEHOR2?LCD
            XDATA   0044H     000CH     INPAGE       ?PD?_DRAWLINE?LCD
            XDATA   0050H     0004H     INPAGE       ?PD?_DRAWGIRD?LCD
            XDATA   0054H     0002H     INPAGE       ?PD?LCD
            XDATA   0056H     0026H     INPAGE       _PDATA_GROUP_
            XDATA   007CH     0200H     UNIT         ?XD?MMC_SD
            XDATA   027CH     0058H     UNIT         _XDATA_GROUP_
            XDATA   02D4H     0040H     UNIT         ?XD?MAIN
                    0314H     032CH                  *** GAP ***
            XDATA   0640H     0100H     ABSOLUTE     
            XDATA   0740H     0012H     ABSOLUTE     
            XDATA   0752H     0020H     ABSOLUTE     
            XDATA   0772H     000CH     ABSOLUTE     
            XDATA   077EH     0008H     ABSOLUTE     
            XDATA   0786H     0001H     ABSOLUTE     
            XDATA   0787H     0003H     ABSOLUTE     
            XDATA   078AH     0002H     ABSOLUTE     
            XDATA   078CH     0002H     ABSOLUTE     
            XDATA   078EH     0003H     ABSOLUTE     
            XDATA   0791H     0001H     ABSOLUTE     
            XDATA   0792H     0001H     ABSOLUTE     
            XDATA   0793H     0001H     ABSOLUTE     
            XDATA   0794H     0001H     ABSOLUTE     
            XDATA   0795H     0002H     ABSOLUTE     
            XDATA   0797H     0002H     ABSOLUTE     
            XDATA   0799H     0001H     ABSOLUTE     
            XDATA   079AH     0001H     ABSOLUTE     
            XDATA   079BH     0001H     ABSOLUTE     
            XDATA   079CH     0001H     ABSOLUTE     
            XDATA   079DH     0001H     ABSOLUTE     
            XDATA   079EH     0001H     ABSOLUTE     
            XDATA   079FH     0002H     ABSOLUTE     
            XDATA   07A1H     0001H     ABSOLUTE     
            XDATA   07A2H     0001H     ABSOLUTE     
            XDATA   07A3H     000CH     ABSOLUTE     
                    07AFH     0011H                  *** GAP ***
            XDATA   07C0H     0040H     ABSOLUTE     

            * * * * * * *   C O D E   M E M O R Y   * * * * * * *
            CODE    0000H     0003H     ABSOLUTE     
            CODE    0003H     003AH     UNIT         ?CO?USB_API
            CODE    003DH     0003H     UNIT         ?PR?SUSPEND_DEVICE?MAIN
                    0040H     0003H                  *** GAP ***
            CODE    0043H     0003H     ABSOLUTE     
            CODE    0046H     0044H     UNIT         ?PR?_DISPCOLOR?LCD
BL51 BANKED LINKER/LOCATER V6.22                                                      08/05/2021  15:45:43  PAGE 3


                    008AH     0001H                  *** GAP ***
            CODE    008BH     0003H     ABSOLUTE     
            CODE    008EH     A600H     UNIT         ?CO?LCD
            CODE    A68EH     060CH     UNIT         ?PR?CONNTOUSB?MAIN
            CODE    AC9AH     0545H     UNIT         ?C?LIB_CODE
            CODE    B1DFH     0233H     UNIT         ?PR?USBXCORE_HANDLE_SETUP?USB_API
            CODE    B412H     0232H     UNIT         ?PR?_LCD_READ_IC_ID?LCD
            CODE    B644H     0226H     UNIT         ?PR?DISPSCALEHOR1?LCD
            CODE    B86AH     01F4H     UNIT         ?PR?LCD_INIT?LCD
            CODE    BA5EH     01BAH     UNIT         ?PR?DISPSCALEHOR2?LCD
            CODE    BC18H     01A0H     UNIT         ?PR?TP_DRAWLINE?TP
            CODE    BDB8H     018EH     UNIT         ?PR?DISPBAND?LCD
            CODE    BF46H     0151H     UNIT         ?PR?USBXCORE_USB_ISR?USB_API
            CODE    C097H     013DH     UNIT         ?PR?USB_API_TEST_ISR?MAIN
            CODE    C1D4H     0137H     UNIT         ?PR?_USB_INIT?USB_API
            CODE    C30BH     0128H     UNIT         ?PR?DISPSCALEVER?LCD
            CODE    C433H     011BH     UNIT         ?PR?_TP_GETPOSITION?TP
            CODE    C54EH     0111H     UNIT         ?PR?_BLOCK_WRITE?BLOCK_WRITE
            CODE    C65FH     00E9H     UNIT         ?PR?_DISPPICFROMSD?LCD
            CODE    C748H     00CDH     UNIT         ?PR?USBXCORE_VENDOR_USB_API?USB_API
            CODE    C815H     00CBH     UNIT         ?PR?_DISPONECHAR?LCD
            CODE    C8E0H     00B7H     UNIT         ?PR?MMC_SD_RESET?MMC_SD
            CODE    C997H     00B3H     UNIT         ?PR?_DISPINT?LCD
            CODE    CA4AH     00B2H     UNIT         ?PR?USBXCORE_GET_DESCRIPTOR?USB_API
            CODE    CAFCH     00AFH     UNIT         ?PR?_BLOCK_READ?BLOCK_READ
            CODE    CBABH     00A4H     UNIT         ?PR?DISPFRAME?LCD
            CODE    CC4FH     00A0H     UNIT         ?PR?DISPSCALEVER_GREEN?LCD
            CODE    CCEFH     009BH     UNIT         ?PR?DISPGRAYHOR16?LCD
            CODE    CD8AH     0099H     UNIT         ?PR?_?BLOCKWRITE?LCD
            CODE    CE23H     0096H     UNIT         ?PR?_DISPSTR?LCD
            CODE    CEB9H     0091H     UNIT         ?PR?DISPSCALEVER_RED?LCD
            CODE    CF4AH     0091H     UNIT         ?PR?DISPSCALEVER_GRAY?LCD
            CODE    CFDBH     0090H     UNIT         ?PR?_DRAWGIRD?LCD
            CODE    D06BH     008CH     UNIT         ?C_C51STARTUP
            CODE    D0F7H     0086H     UNIT         ?PR?DISPSCALEVER_BLUE?LCD
            CODE    D17DH     0086H     UNIT         ?PR?_DRAWLINE?LCD
            CODE    D203H     007DH     UNIT         ?PR?_MMC_SD_WRITESINGLEBLOCK?MMC_SD
            CODE    D280H     0076H     UNIT         ?PR?DISPGRAYHOR32?LCD
            CODE    D2F6H     0075H     UNIT         ?PR?_MMC_SD_SENDCOMMAND?MMC_SD
            CODE    D36BH     0073H     UNIT         ?PR?TP_READ?TP
            CODE    D3DEH     0073H     UNIT         ?PR?USBXCORE_GET_STATUS?USB_API
            CODE    D451H     006CH     UNIT         ?PR?DEVICES_INIT?MAIN
            CODE    D4BDH     0064H     UNIT         ?PR?_MMC_SD_READSINGLEBLOCK?MMC_SD
            CODE    D521H     0061H     UNIT         ?PR?_DISPPIC?LCD
            CODE    D582H     005BH     UNIT         ?PR?_TOORD?LCD
            CODE    D5DDH     005AH     UNIT         ?PR?USBXCORE_SET_CONFIGURATION?USB_API
            CODE    D637H     0058H     UNIT         ?PR?USBXCORE_CLEAR_FEATURE?USB_API
            CODE    D68FH     0057H     UNIT         ?PR?USBXCORE_SET_FEATURE?USB_API
            CODE    D6E6H     0055H     UNIT         ?PR?_STOPDELAY?MAIN
            CODE    D73BH     0052H     UNIT         ?PR?_PUTPIXEL?LCD
            CODE    D78DH     0050H     UNIT         ?CO?MAIN
            CODE    D7DDH     0047H     UNIT         ?PR?USBXCORE_GET_CONFIGURATION?USB_API
            CODE    D824H     0043H     UNIT         ?PR?MCU_INIT?MAIN
            CODE    D867H     0038H     UNIT         ?PR?USB_CLOCK_START?USB_CLOCK_START
            CODE    D89FH     0033H     UNIT         ?PR?MAIN?MAIN
            CODE    D8D2H     002DH     UNIT         ?C_INITSEG
            CODE    D8FFH     002CH     UNIT         ?PR?_WRITEDISPDATA?LCD
BL51 BANKED LINKER/LOCATER V6.22                                                      08/05/2021  15:45:43  PAGE 4


            CODE    D92BH     002BH     UNIT         ?PR?USB_SUSPEND?USB_SUSPEND
            CODE    D956H     0027H     UNIT         ?PR?USBXCORE_USB_RESET?USB_API
            CODE    D97DH     0027H     UNIT         ?PR?USBXCORE_GET_INTERFACE?USB_API
            CODE    D9A4H     0026H     UNIT         ?PR?_TP_WRITE?TP
            CODE    D9CAH     0022H     UNIT         ?PR?USBXCORE_JUMP_ISR?USB_JUMP_ISR
            CODE    D9ECH     0020H     UNIT         ?PR?USBXCORE_SET_ADDRESS?USB_API
            CODE    DA0CH     001FH     UNIT         ?PR?_DELAY?MAIN
            CODE    DA2BH     001DH     UNIT         ?PR?USBXCORE_FORCE_STALL?USB_API
            CODE    DA48H     001CH     UNIT         ?PR?_WRITECOMM?LCD
            CODE    DA64H     001AH     UNIT         ?PR?_WRITEDATA?LCD
            CODE    DA7EH     0019H     UNIT         ?PR?USB_INT_ENABLE?USB_INT_ENABLE
            CODE    DA97H     0016H     UNIT         ?PR?_SPI_WRITEBYTE?MMC_SD
            CODE    DAADH     0016H     UNIT         ?PR?READDATA?LCD
            CODE    DAC3H     0014H     UNIT         ?PR?USBXCORE_SET_SOP?USB_API
            CODE    DAD7H     0013H     UNIT         ?PR?WAITKEY?MAIN
            CODE    DAEAH     0011H     UNIT         ?PR?SD_INIT?MMC_SD
            CODE    DAFBH     000EH     UNIT         ?PR?GET_INTERRUPT_SOURCE?GET_INTERRUPT_SOURCE
            CODE    DB09H     000CH     UNIT         ?PR?USBXCORE_CLKREC?USB_CLOCK_RECOVERY
            CODE    DB15H     000BH     UNIT         ?PR?SPI_READBYTE?MMC_SD
            CODE    DB20H     0009H     UNIT         ?PR?_WRITEONEDOT?LCD



OVERLAY MAP OF MODULE:   GC9304_ZT_CTC24_H8 (MAIN)


SEGMENT                                            PDATA_GROUP         XDATA_GROUP
  +--> CALLED SEGMENT                            START    LENGTH     START    LENGTH
------------------------------------------------------------------------------------
?PR?USB_API_TEST_ISR?MAIN                        0056H    0001H      -----    -----
  +--> ?PR?GET_INTERRUPT_SOURCE?GET_INTERRUP...
  +--> ?PR?_BLOCK_READ?BLOCK_READ
  +--> ?PR?SUSPEND_DEVICE?MAIN
  +--> ?PR?MCU_INIT?MAIN
  +--> ?PR?_?BLOCKWRITE?LCD

?PR?SUSPEND_DEVICE?MAIN                          -----    -----      -----    -----
  +--> ?PR?USB_SUSPEND?USB_SUSPEND

?PR?USB_SUSPEND?USB_SUSPEND                      -----    -----      -----    -----
  +--> ?PR?USB_CLOCK_START?USB_CLOCK_START

?PR?_?BLOCKWRITE?LCD                             -----    -----      -----    -----
  +--> ?PR?_WRITECOMM?LCD
  +--> ?PR?_WRITEDATA?LCD

?PR?_WRITECOMM?LCD                               007AH    0001H      -----    -----

?PR?_WRITEDATA?LCD                               007AH    0002H      -----    -----

*** NEW ROOT ***************************************************

?PR?USBXCORE_USB_ISR?USB_API                     -----    -----      -----    -----
  +--> ?PR?USBXCORE_USB_RESET?USB_API
  +--> ?PR?USBXCORE_HANDLE_SETUP?USB_API
  +--> ?PR?USBXCORE_JUMP_ISR?USB_JUMP_ISR

BL51 BANKED LINKER/LOCATER V6.22                                                      08/05/2021  15:45:43  PAGE 5


?PR?USBXCORE_HANDLE_SETUP?USB_API                -----    -----      -----    -----
  +--> ?PR?USBXCORE_GET_STATUS?USB_API
  +--> ?PR?USBXCORE_CLEAR_FEATURE?USB_API
  +--> ?PR?USBXCORE_VENDOR_USB_API?USB_API
  +--> ?PR?USBXCORE_SET_FEATURE?USB_API
  +--> ?PR?USBXCORE_SET_ADDRESS?USB_API
  +--> ?PR?USBXCORE_GET_DESCRIPTOR?USB_API
  +--> ?PR?USBXCORE_GET_CONFIGURATION?USB_API
  +--> ?PR?USBXCORE_SET_CONFIGURATION?USB_API
  +--> ?PR?USBXCORE_GET_INTERFACE?USB_API
  +--> ?PR?USBXCORE_SET_SOP?USB_API
  +--> ?PR?USBXCORE_FORCE_STALL?USB_API

?PR?USBXCORE_GET_STATUS?USB_API                  -----    -----      -----    -----
  +--> ?CO?USB_API
  +--> ?PR?USBXCORE_FORCE_STALL?USB_API
  +--> ?PR?USBXCORE_SET_SOP?USB_API

?PR?USBXCORE_CLEAR_FEATURE?USB_API               -----    -----      -----    -----
  +--> ?PR?USBXCORE_FORCE_STALL?USB_API
  +--> ?PR?USBXCORE_SET_SOP?USB_API

?PR?USBXCORE_VENDOR_USB_API?USB_API              -----    -----      -----    -----
  +--> ?PR?USBXCORE_SET_SOP?USB_API

?PR?USBXCORE_SET_FEATURE?USB_API                 -----    -----      -----    -----
  +--> ?PR?USBXCORE_FORCE_STALL?USB_API
  +--> ?PR?USBXCORE_SET_SOP?USB_API

?PR?USBXCORE_SET_ADDRESS?USB_API                 -----    -----      -----    -----
  +--> ?PR?USBXCORE_SET_SOP?USB_API

?PR?USBXCORE_GET_DESCRIPTOR?USB_API              -----    -----      -----    -----
  +--> ?PR?USBXCORE_FORCE_STALL?USB_API
  +--> ?PR?USBXCORE_SET_SOP?USB_API

?PR?USBXCORE_GET_CONFIGURATION?USB_API           -----    -----      -----    -----
  +--> ?CO?USB_API
  +--> ?PR?USBXCORE_SET_SOP?USB_API

?PR?USBXCORE_SET_CONFIGURATION?USB_API           -----    -----      -----    -----
  +--> ?PR?USBXCORE_SET_SOP?USB_API

?PR?USBXCORE_GET_INTERFACE?USB_API               -----    -----      -----    -----
  +--> ?CO?USB_API
  +--> ?PR?USBXCORE_SET_SOP?USB_API

*** NEW ROOT ***************************************************

?C_C51STARTUP                                    -----    -----      -----    -----
  +--> ?PR?MAIN?MAIN
  +--> ?C_INITSEG

?PR?MAIN?MAIN                                    -----    -----      -----    -----
  +--> ?PR?DEVICES_INIT?MAIN
  +--> ?PR?DISPFRAME?LCD
  +--> ?PR?_STOPDELAY?MAIN
BL51 BANKED LINKER/LOCATER V6.22                                                      08/05/2021  15:45:43  PAGE 6


  +--> ?PR?WAITKEY?MAIN
  +--> ?PR?DISPBAND?LCD
  +--> ?PR?DISPGRAYHOR16?LCD
  +--> ?PR?_DISPCOLOR?LCD
  +--> ?PR?TP_DRAWLINE?TP

?PR?DEVICES_INIT?MAIN                            -----    -----      -----    -----
  +--> ?PR?MCU_INIT?MAIN
  +--> ?PR?USB_CLOCK_START?USB_CLOCK_START
  +--> ?CO?MAIN
  +--> ?PR?_USB_INIT?USB_API
  +--> ?PR?USB_INT_ENABLE?USB_INT_ENABLE
  +--> ?PR?LCD_INIT?LCD

?PR?_USB_INIT?USB_API                            -----    -----      027CH    0011H
  +--> ?CO?USB_API
  +--> ?PR?USBXCORE_CLKREC?USB_CLOCK_RECOVERY

?PR?LCD_INIT?LCD                                 -----    -----      -----    -----
  +--> ?PR?READDATA?LCD
  +--> ?PR?_DELAY?MAIN
  +--> ?PR?_WRITECOMM?LCD
  +--> ?PR?_WRITEDATA?LCD

?PR?READDATA?LCD                                 -----    -----      -----    -----
  +--> ?PR?_LCD_READ_IC_ID?LCD

?PR?_LCD_READ_IC_ID?LCD                          0062H    0008H      -----    -----

?PR?DISPFRAME?LCD                                0059H    0002H      -----    -----
  +--> ?PR?_?BLOCKWRITE?LCD
  +--> ?PR?_WRITEDISPDATA?LCD

?PR?_WRITEDISPDATA?LCD                           007AH    0001H      -----    -----

?PR?_STOPDELAY?MAIN                              0059H    0004H      -----    -----
  +--> ?PR?WAITKEY?MAIN
  +--> ?PR?_DELAY?MAIN

?PR?WAITKEY?MAIN                                 -----    -----      -----    -----
  +--> ?PR?CONNTOUSB?MAIN
  +--> ?PR?_DELAY?MAIN

?PR?CONNTOUSB?MAIN                               005DH    0005H      027CH    0058H
  +--> ?CO?MAIN
  +--> ?PR?_WRITECOMM?LCD
  +--> ?PR?_WRITEDATA?LCD
  +--> ?PR?_DISPSTR?LCD
  +--> ?PR?_DISPINT?LCD
  +--> ?PR?_WRITEDISPDATA?LCD
  +--> ?PR?_MMC_SD_WRITESINGLEBLOCK?MMC_SD
  +--> ?PR?_BLOCK_WRITE?BLOCK_WRITE
  +--> ?PR?READDATA?LCD
  +--> ?PR?_DELAY?MAIN

?PR?_DISPSTR?LCD                                 0062H    000BH      -----    -----
  +--> ?PR?_TOORD?LCD
BL51 BANKED LINKER/LOCATER V6.22                                                      08/05/2021  15:45:43  PAGE 7


  +--> ?PR?_DISPONECHAR?LCD

?PR?_DISPONECHAR?LCD                             006DH    000DH      -----    -----
  +--> ?PR?_?BLOCKWRITE?LCD
  +--> ?CO?LCD
  +--> ?PR?_WRITEONEDOT?LCD

?PR?_WRITEONEDOT?LCD                             -----    -----      -----    -----
  +--> ?PR?_WRITEDISPDATA?LCD

?PR?_DISPINT?LCD                                 0062H    000AH      -----    -----
  +--> ?PR?_DISPONECHAR?LCD

?PR?_MMC_SD_WRITESINGLEBLOCK?MMC_SD              0062H    0004H      -----    -----
  +--> ?PR?_MMC_SD_SENDCOMMAND?MMC_SD
  +--> ?PR?_SPI_WRITEBYTE?MMC_SD

?PR?_MMC_SD_SENDCOMMAND?MMC_SD                   0066H    0005H      -----    -----
  +--> ?PR?_SPI_WRITEBYTE?MMC_SD

?PR?DISPBAND?LCD                                 0059H    0005H      -----    -----
  +--> ?PR?_?BLOCKWRITE?LCD
  +--> ?PR?_WRITEDISPDATA?LCD

?PR?DISPGRAYHOR16?LCD                            0059H    0004H      -----    -----
  +--> ?PR?_?BLOCKWRITE?LCD
  +--> ?PR?_WRITEDISPDATA?LCD

?PR?_DISPCOLOR?LCD                               0059H    0004H      -----    -----
  +--> ?PR?_?BLOCKWRITE?LCD
  +--> ?PR?_WRITEDISPDATA?LCD

?PR?TP_DRAWLINE?TP                               -----    -----      027CH    0018H
  +--> ?PR?_DISPCOLOR?LCD
  +--> ?PR?_DELAY?MAIN
  +--> ?PR?_TP_GETPOSITION?TP
  +--> ?PR?_PUTPIXEL?LCD

?PR?_TP_GETPOSITION?TP                           -----    -----      0294H    001BH
  +--> ?PR?_TP_WRITE?TP
  +--> ?PR?TP_READ?TP

?PR?_TP_WRITE?TP                                 -----    -----      02AFH    0001H

?PR?TP_READ?TP                                   -----    -----      02AFH    0005H

?PR?_PUTPIXEL?LCD                                0059H    0002H      -----    -----
  +--> ?PR?_?BLOCKWRITE?LCD
  +--> ?PR?_WRITEDISPDATA?LCD



SYMBOL TABLE OF MODULE:  GC9304_ZT_CTC24_H8 (MAIN)

  VALUE           TYPE          NAME
  ----------------------------------

BL51 BANKED LINKER/LOCATER V6.22                                                      08/05/2021  15:45:43  PAGE 8


  -------         MODULE        MAIN
  C:0000H         SYMBOL        _ICE_DUMMY_
  D:0080H         PUBLIC        P0
  X:0000H         PUBLIC        f_down
  D:0090H         PUBLIC        P1
  D:00A0H         PUBLIC        P2
  D:00B0H         PUBLIC        P3
  C:D7D8H         PUBLIC        USB_MaxPower
  B:00B0H.6       PUBLIC        KEY_STEP
  D:00A4H         PUBLIC        P0MDOUT
  D:00A5H         PUBLIC        P1MDOUT
  D:00A6H         PUBLIC        P2MDOUT
  D:00A7H         PUBLIC        P3MDOUT
  D:00AEH         PUBLIC        P4MDOUT
  B:0080H.6       PUBLIC        OE
  D:00D9H         PUBLIC        PCA0MD
  C:C097H         PUBLIC        USB_API_TEST_ISR
  C:003DH         PUBLIC        Suspend_Device
  C:D6EAH         PUBLIC        _StopDelay
  D:00E1H         PUBLIC        XBR0
  D:00E2H         PUBLIC        XBR1
  B:00B0H.1       PUBLIC        RS
  C:D89FH         PUBLIC        main
  X:0001H         PUBLIC        VerifyCode0
  X:0002H         PUBLIC        VerifyCode1
  C:D7A2H         PUBLIC        USB_PID
  X:0003H         PUBLIC        VerifyCode2
  D:00F1H         PUBLIC        P0MDIN
  D:00F2H         PUBLIC        P1MDIN
  C:D7A4H         PUBLIC        USB_MfrStr
  D:00F4H         PUBLIC        P3MDIN
  C:D7A0H         PUBLIC        USB_VID
  D:00F8H         PUBLIC        SPI0CN
  X:0004H         PUBLIC        pic
  C:D451H         PUBLIC        Devices_Init
  C:A68EH         PUBLIC        ConnToUSB
  D:00A9H         PUBLIC        CLKSEL
  D:00B2H         PUBLIC        OSCICN
  C:D7D9H         PUBLIC        USB_PwAttributes
  C:DAD7H         PUBLIC        WaitKey
  C:D7DCH         SYMBOL        _?ix1000
  B:00B0H.0       PUBLIC        CS0
  X:0005H         PUBLIC        bf
  C:D7DAH         PUBLIC        USB_bcdDevice
  D:00B9H         PUBLIC        CLKMUL
  X:0007H         PUBLIC        f_debug
  X:0008H         PUBLIC        sd
  X:02D4H         PUBLIC        Packet
  C:D824H         PUBLIC        MCU_Init
  B:0080H.7       PUBLIC        DIR
  D:00EFH         PUBLIC        RSTSRC
  X:000CH         PUBLIC        f_read
  C:D7CEH         PUBLIC        USB_SerialStr
  X:000DH         PUBLIC        f_other
  C:D7BEH         PUBLIC        USB_ProductStr
  X:000EH         PUBLIC        f_para
  D:00A1H         PUBLIC        SPI0CFG
BL51 BANKED LINKER/LOCATER V6.22                                                      08/05/2021  15:45:43  PAGE 9


  C:DA0CH         PUBLIC        _Delay
  B:00B0H.7       PUBLIC        KEY_Stop
  X:000FH         PUBLIC        f_init
  -------         PROC          MAIN
  C:D89FH         LINE#         40
  C:D89FH         LINE#         41
  C:D89FH         LINE#         46
  C:D8A2H         LINE#         48
  C:D8A5H         LINE#         49
  C:D8A5H         LINE#         54
  C:D8AEH         LINE#         59
  C:D8B7H         LINE#         60
  C:D8C0H         LINE#         61
  C:D8CCH         LINE#         82
  C:D8CFH         LINE#         84
  C:D8D1H         LINE#         85
  -------         ENDPROC       MAIN
  -------         PROC          _DELAY
  D:0006H         SYMBOL        dly
  -------         DO            
  D:0004H         SYMBOL        i
  D:0002H         SYMBOL        j
  -------         ENDDO         
  C:DA0CH         LINE#         88
  C:DA0CH         LINE#         89
  C:DA0CH         LINE#         92
  C:DA16H         LINE#         93
  C:DA2AH         LINE#         94
  -------         ENDPROC       _DELAY
  C:D6E6H         SYMBOL        L?0133
  -------         PROC          L?0132
  -------         ENDPROC       L?0132
  C:D6E6H         SYMBOL        L?0133
  -------         PROC          _STOPDELAY
  X:0059H         SYMBOL        sdly
  -------         DO            
  D:0006H         SYMBOL        i
  D:0004H         SYMBOL        j
  X:005BH         SYMBOL        k
  -------         ENDDO         
  C:D6EAH         LINE#         96
  C:D6F1H         LINE#         97
  C:D6F1H         LINE#         99
  C:D6F6H         LINE#         100
  C:D6F6H         LINE#         101
  C:D6F9H         LINE#         102
  C:D6F9H         LINE#         103
  C:D706H         LINE#         104
  C:D71AH         LINE#         105
  C:D71AH         LINE#         107
  C:D71AH         LINE#         108
  C:D724H         LINE#         109
  C:D724H         LINE#         110
  C:D73AH         LINE#         111
  -------         ENDPROC       _STOPDELAY
  -------         PROC          WAITKEY
  C:DAD7H         LINE#         140
BL51 BANKED LINKER/LOCATER V6.22                                                      08/05/2021  15:45:43  PAGE 10


  C:DAD7H         LINE#         141
  C:DAD7H         LINE#         143
  C:DADAH         LINE#         144
  C:DADAH         LINE#         146
  C:DADDH         LINE#         148
  C:DADFH         LINE#         149
  C:DAE6H         LINE#         150
  C:DAE9H         LINE#         152
  -------         ENDPROC       WAITKEY
  -------         PROC          CONNTOUSB
  -------         DO            
  X:005DH         SYMBOL        i
  X:027CH         SYMBOL        reg_data
  X:0294H         SYMBOL        para_data
  D:0007H         SYMBOL        dat
  X:005EH         SYMBOL        reg_index
  X:0060H         SYMBOL        data_num
  X:0061H         SYMBOL        st
  -------         ENDDO         
  C:A68EH         LINE#         158
  C:A68EH         LINE#         159
  C:A68EH         LINE#         166
  C:A6A1H         LINE#         168
  C:A6A9H         LINE#         169
  C:A6A9H         LINE#         170
  C:A6B7H         LINE#         171
  C:A6B7H         LINE#         172
  C:A6C8H         LINE#         173
  C:A6C8H         LINE#         174
  C:A6EEH         LINE#         175
  C:A6F0H         LINE#         176
  C:A704H         LINE#         177
  C:A704H         LINE#         178
  C:A72AH         LINE#         180
  C:A72AH         LINE#         181
  C:A72AH         LINE#         182
  C:A72AH         LINE#         184
  C:A72AH         LINE#         185
  C:A732H         LINE#         186
  C:A73CH         LINE#         187
  C:A746H         LINE#         189
  C:A762H         LINE#         191
  C:A76CH         LINE#         192
  C:A76CH         LINE#         193
  C:A77DH         LINE#         194
  C:A77DH         LINE#         195
  C:A78EH         LINE#         196
  C:A78EH         LINE#         197
  C:A7E1H         LINE#         198
  C:A7E3H         LINE#         199
  C:A7F9H         LINE#         200
  C:A7F9H         LINE#         201
  C:A84BH         LINE#         202
  C:A84BH         LINE#         203
  C:A84BH         LINE#         204
  C:A84BH         LINE#         206
  C:A84BH         LINE#         207
BL51 BANKED LINKER/LOCATER V6.22                                                      08/05/2021  15:45:43  PAGE 11


  C:A853H         LINE#         208
  C:A853H         LINE#         209
  C:A85DH         LINE#         210
  C:A867H         LINE#         212
  C:A86BH         LINE#         213
  C:A86EH         LINE#         217
  C:A876H         LINE#         218
  C:A876H         LINE#         219
  C:A885H         LINE#         220
  C:A885H         LINE#         221
  C:A887H         LINE#         223
  C:A889H         LINE#         224
  C:A8A5H         LINE#         225
  C:A8A7H         LINE#         227
  C:A8D0H         LINE#         228
  C:A8F4H         LINE#         229
  C:A8FEH         LINE#         230
  C:A8FEH         LINE#         231
  C:A906H         LINE#         232
  C:A90DH         LINE#         233
  C:A918H         LINE#         234
  C:A91EH         LINE#         235
  C:A91EH         LINE#         236
  C:A927H         LINE#         238
  C:A92BH         LINE#         239
  C:A937H         LINE#         240
  C:A93AH         LINE#         243
  C:A942H         LINE#         244
  C:A942H         LINE#         245
  C:A94BH         LINE#         246
  C:A94BH         LINE#         247
  C:A95BH         LINE#         248
  C:A95BH         LINE#         249
  C:A95DH         LINE#         251
  C:A95FH         LINE#         252
  C:A97BH         LINE#         253
  C:A97DH         LINE#         255
  C:A9A6H         LINE#         256
  C:A9CAH         LINE#         258
  C:A9D4H         LINE#         259
  C:A9D4H         LINE#         260
  C:A9DCH         LINE#         261
  C:A9E3H         LINE#         262
  C:A9EEH         LINE#         263
  C:A9F4H         LINE#         264
  C:A9F4H         LINE#         266
  C:A9FDH         LINE#         272
  C:A9FDH         LINE#         273
  C:AA0AH         LINE#         274
  C:AA0AH         LINE#         275
  C:AA0CH         LINE#         277
  C:AA0EH         LINE#         278
  C:AA2AH         LINE#         279
  C:AA2CH         LINE#         281
  C:AA34H         LINE#         282
  C:AA38H         LINE#         283
  C:AA44H         LINE#         284
BL51 BANKED LINKER/LOCATER V6.22                                                      08/05/2021  15:45:43  PAGE 12


  C:AA44H         LINE#         285
  C:AA47H         LINE#         288
  C:AA4FH         LINE#         289
  C:AA4FH         LINE#         290
  C:AA60H         LINE#         291
  C:AA60H         LINE#         292
  C:AA6DH         LINE#         293
  C:AA6DH         LINE#         294
  C:AA8BH         LINE#         295
  C:AA8DH         LINE#         296
  C:AA9DH         LINE#         297
  C:AA9DH         LINE#         298
  C:AABBH         LINE#         299
  C:AABDH         LINE#         300
  C:AACEH         LINE#         301
  C:AACEH         LINE#         302
  C:AAD8H         LINE#         303
  C:AAE2H         LINE#         304
  C:AAE2H         LINE#         305
  C:AAE2H         LINE#         306
  C:AAE2H         LINE#         308
  C:AAE2H         LINE#         309
  C:AAEBH         LINE#         310
  C:AAEFH         LINE#         311
  C:AAFBH         LINE#         312
  C:AAFEH         LINE#         315
  C:AB06H         LINE#         316
  C:AB06H         LINE#         317
  C:AB13H         LINE#         318
  C:AB24H         LINE#         320
  C:AB2DH         LINE#         321
  C:AB3CH         LINE#         323
  C:AB44H         LINE#         324
  C:AB44H         LINE#         325
  C:AB4DH         LINE#         326
  C:AB5CH         LINE#         327
  C:AB5CH         LINE#         328
  C:AB5FH         LINE#         329
  C:AB6EH         LINE#         330
  C:AB7AH         LINE#         331
  C:AB80H         LINE#         332
  C:AB80H         LINE#         334
  C:AB84H         LINE#         335
  C:AB93H         LINE#         337
  C:AB9AH         LINE#         338
  C:ABB6H         LINE#         339
  C:ABC0H         LINE#         340
  C:ABC0H         LINE#         341
  C:ABE6H         LINE#         342
  C:ABF9H         LINE#         343
  C:ABF9H         LINE#         344
  C:AC4BH         LINE#         345
  C:AC53H         LINE#         346
  C:AC53H         LINE#         347
  C:AC53H         LINE#         350
  C:AC58H         LINE#         351
  C:AC58H         LINE#         352
BL51 BANKED LINKER/LOCATER V6.22                                                      08/05/2021  15:45:43  PAGE 13


  C:AC65H         LINE#         353
  C:AC76H         LINE#         355
  C:AC7CH         LINE#         356
  C:AC80H         LINE#         357
  C:AC83H         LINE#         358
  C:AC87H         LINE#         360
  C:AC8BH         LINE#         361
  C:AC97H         LINE#         362
  C:AC99H         LINE#         363
  -------         ENDPROC       CONNTOUSB
  -------         PROC          MCU_INIT
  -------         DO            
  D:0007H         SYMBOL        n
  -------         ENDDO         
  C:D824H         LINE#         366
  C:D824H         LINE#         367
  C:D824H         LINE#         369
  C:D827H         LINE#         372
  C:D82AH         LINE#         373
  C:D82DH         LINE#         375
  C:D830H         LINE#         377
  C:D836H         LINE#         379
  C:D839H         LINE#         380
  C:D83EH         LINE#         381
  C:D841H         LINE#         383
  C:D844H         LINE#         386
  C:D847H         LINE#         387
  C:D84AH         LINE#         389
  C:D84DH         LINE#         390
  C:D850H         LINE#         392
  C:D853H         LINE#         393
  C:D856H         LINE#         395
  C:D859H         LINE#         396
  C:D85CH         LINE#         397
  C:D85EH         LINE#         398
  C:D860H         LINE#         400
  C:D863H         LINE#         401
  C:D866H         LINE#         403
  -------         ENDPROC       MCU_INIT
  -------         PROC          DEVICES_INIT
  C:D451H         LINE#         405
  C:D451H         LINE#         406
  C:D451H         LINE#         408
  C:D454H         LINE#         411
  C:D457H         LINE#         412
  C:D4B1H         LINE#         413
  C:D4B4H         LINE#         416
  C:D4B7H         LINE#         417
  C:D4BAH         LINE#         425
  -------         ENDPROC       DEVICES_INIT
  -------         PROC          SUSPEND_DEVICE
  C:003DH         LINE#         429
  C:003DH         LINE#         430
  C:003DH         LINE#         431
  -------         ENDPROC       SUSPEND_DEVICE
  -------         PROC          USB_API_TEST_ISR
  -------         DO            
BL51 BANKED LINKER/LOCATER V6.22                                                      08/05/2021  15:45:43  PAGE 14


  X:0056H         SYMBOL        INTVAL
  -------         ENDDO         
  C:C097H         LINE#         435
  C:C0B4H         LINE#         437
  C:C0BBH         LINE#         439
  C:C0C1H         LINE#         440
  C:C0C1H         LINE#         441
  C:C0CCH         LINE#         443
  C:C0E8H         LINE#         444
  C:C0E8H         LINE#         445
  C:C0EAH         LINE#         446
  C:C0ECH         LINE#         447
  C:C102H         LINE#         448
  C:C102H         LINE#         449
  C:C104H         LINE#         450
  C:C106H         LINE#         451
  C:C11EH         LINE#         452
  C:C11EH         LINE#         453
  C:C120H         LINE#         454
  C:C122H         LINE#         455
  C:C13CH         LINE#         456
  C:C13CH         LINE#         457
  C:C13EH         LINE#         458
  C:C140H         LINE#         459
  C:C155H         LINE#         460
  C:C155H         LINE#         461
  C:C157H         LINE#         462
  C:C159H         LINE#         464
  C:C159H         LINE#         465
  C:C15EH         LINE#         466
  C:C15EH         LINE#         467
  C:C15EH         LINE#         469
  C:C15EH         LINE#         470
  C:C15EH         LINE#         472
  C:C15EH         LINE#         474
  C:C164H         LINE#         475
  C:C164H         LINE#         476
  C:C167H         LINE#         477
  C:C167H         LINE#         479
  C:C16DH         LINE#         480
  C:C16DH         LINE#         481
  C:C170H         LINE#         482
  C:C170H         LINE#         484
  C:C176H         LINE#         485
  C:C176H         LINE#         486
  C:C192H         LINE#         487
  C:C192H         LINE#         489
  C:C198H         LINE#         490
  C:C198H         LINE#         491
  C:C19DH         LINE#         492
  C:C1B9H         LINE#         493
  C:C1B9H         LINE#         494
  -------         ENDPROC       USB_API_TEST_ISR
  -------         ENDMOD        MAIN

  -------         MODULE        MMC_SD
  C:0000H         SYMBOL        _ICE_DUMMY_
BL51 BANKED LINKER/LOCATER V6.22                                                      08/05/2021  15:45:43  PAGE 15


  D:00A2H         PUBLIC        SPI0CKR
  D:0080H         PUBLIC        P0
  D:0090H         PUBLIC        P1
  D:00A0H         PUBLIC        P2
  D:00B0H         PUBLIC        P3
  C:D2F6H         PUBLIC        _MMC_SD_SendCommand
  C:D4BDH         PUBLIC        _MMC_SD_ReadSingleBlock
  C:DAEAH         PUBLIC        SD_Init
  C:D203H         PUBLIC        _MMC_SD_WriteSingleBlock
  B:00F8H.7       PUBLIC        SPIF
  B:00F8H.2       PUBLIC        NSSMD0
  C:C8E0H         PUBLIC        MMC_SD_Reset
  D:00A9H         PUBLIC        CLKSEL
  C:DB15H         PUBLIC        SPI_ReadByte
  C:DAA3H         PUBLIC        _SPI_WriteByte
  D:00A3H         PUBLIC        SPI0DAT
  X:007CH         PUBLIC        buffer
  C:DA97H         SYMBOL        L?0062
  C:DA9CH         SYMBOL        L?0063
  -------         PROC          L?0061
  -------         ENDPROC       L?0061
  C:DA97H         SYMBOL        L?0062
  C:DA9CH         SYMBOL        L?0063
  -------         PROC          _SPI_WRITEBYTE
  D:0007H         SYMBOL        val
  -------         DO            
  D:0007H         SYMBOL        ret
  -------         ENDDO         
  C:DAA3H         LINE#         7
  C:DAA3H         LINE#         8
  C:DAA3H         LINE#         11
  C:DAA5H         LINE#         12
  C:DAA8H         LINE#         13
  C:DAAAH         LINE#         14
  C:DAACH         LINE#         15
  C:DAACH         LINE#         16
  -------         ENDPROC       _SPI_WRITEBYTE
  -------         PROC          SPI_READBYTE
  -------         DO            
  D:0007H         SYMBOL        ret
  -------         ENDDO         
  C:DB15H         LINE#         18
  C:DB15H         LINE#         19
  C:DB15H         LINE#         22
  C:DB18H         LINE#         23
  C:DB1BH         LINE#         24
  C:DB1DH         LINE#         25
  C:DB1FH         LINE#         26
  C:DB1FH         LINE#         27
  -------         ENDPROC       SPI_READBYTE
  -------         PROC          _MMC_SD_SENDCOMMAND
  D:0006H         SYMBOL        cmd
  X:0067H         SYMBOL        arg
  -------         DO            
  D:0007H         SYMBOL        r1
  D:0003H         SYMBOL        retry
  -------         ENDDO         
BL51 BANKED LINKER/LOCATER V6.22                                                      08/05/2021  15:45:43  PAGE 16


  C:D2F6H         LINE#         29
  C:D2F8H         LINE#         30
  C:D2F8H         LINE#         32
  C:D2FAH         LINE#         34
  C:D2FAH         LINE#         35
  C:D2FAH         LINE#         36
  C:D2FDH         LINE#         37
  C:D2FDH         LINE#         38
  C:D2FDH         LINE#         39
  C:D300H         LINE#         41
  C:D302H         LINE#         43
  C:D309H         LINE#         44
  C:D31EH         LINE#         45
  C:D333H         LINE#         46
  C:D348H         LINE#         47
  C:D352H         LINE#         48
  C:D357H         LINE#         50
  C:D35FH         LINE#         51
  C:D368H         LINE#         53
  C:D36AH         LINE#         55
  C:D36AH         LINE#         56
  -------         ENDPROC       _MMC_SD_SENDCOMMAND
  -------         PROC          MMC_SD_RESET
  -------         DO            
  D:0005H         SYMBOL        i
  D:0002H         SYMBOL        retry
  D:0006H         SYMBOL        r1
  -------         ENDDO         
  C:C8E0H         LINE#         58
  C:C8E0H         LINE#         59
  C:C8E0H         LINE#         62
  C:C8E2H         LINE#         64
  C:C8E3H         LINE#         65
  C:C8E6H         LINE#         66
  C:C8E9H         LINE#         68
  C:C8E9H         LINE#         69
  C:C8F5H         LINE#         70
  C:C905H         LINE#         71
  C:C906H         LINE#         72
  C:C90CH         LINE#         73
  C:C910H         LINE#         75
  C:C912H         LINE#         77
  C:C912H         LINE#         79
  C:C912H         LINE#         80
  C:C922H         LINE#         81
  C:C923H         LINE#         82
  C:C92CH         LINE#         83
  C:C930H         LINE#         85
  C:C932H         LINE#         86
  C:C942H         LINE#         87
  C:C943H         LINE#         88
  C:C94CH         LINE#         89
  C:C94FH         LINE#         91
  C:C952H         LINE#         92
  C:C952H         LINE#         93
  C:C954H         LINE#         95
  C:C954H         LINE#         96
BL51 BANKED LINKER/LOCATER V6.22                                                      08/05/2021  15:45:43  PAGE 17


  C:C964H         LINE#         97
  C:C965H         LINE#         98
  C:C96EH         LINE#         99
  C:C971H         LINE#         100
  C:C971H         LINE#         101
  C:C981H         LINE#         103
  C:C98FH         LINE#         104
  C:C992H         LINE#         105
  C:C995H         LINE#         106
  C:C996H         LINE#         107
  -------         ENDPROC       MMC_SD_RESET
  -------         PROC          _MMC_SD_READSINGLEBLOCK
  X:0010H         SYMBOL        sector
  -------         DO            
  D:0007H         SYMBOL        r1
  D:0004H         SYMBOL        i
  D:0002H         SYMBOL        retry
  -------         ENDDO         
  C:D4BDH         LINE#         109
  C:D4C2H         LINE#         110
  C:D4C2H         LINE#         113
  C:D4C4H         LINE#         115
  C:D4C7H         LINE#         117
  C:D4C7H         LINE#         118
  C:D4E3H         LINE#         119
  C:D4E4H         LINE#         120
  C:D4EDH         LINE#         121
  C:D4F0H         LINE#         124
  C:D4F2H         LINE#         126
  C:D4F8H         LINE#         128
  C:D4FBH         LINE#         129
  C:D4FBH         LINE#         130
  C:D50AH         LINE#         131
  C:D517H         LINE#         133
  C:D517H         LINE#         134
  C:D51AH         LINE#         136
  C:D51CH         LINE#         137
  C:D51FH         LINE#         138
  C:D520H         LINE#         139
  -------         ENDPROC       _MMC_SD_READSINGLEBLOCK
  -------         PROC          _MMC_SD_WRITESINGLEBLOCK
  X:0062H         SYMBOL        sector
  -------         DO            
  D:0006H         SYMBOL        r1
  D:0004H         SYMBOL        i
  D:0002H         SYMBOL        retry
  -------         ENDDO         
  C:D203H         LINE#         141
  C:D208H         LINE#         142
  C:D208H         LINE#         145
  C:D20AH         LINE#         147
  C:D20DH         LINE#         149
  C:D20DH         LINE#         150
  C:D22BH         LINE#         151
  C:D22CH         LINE#         152
  C:D235H         LINE#         153
  C:D238H         LINE#         157
BL51 BANKED LINKER/LOCATER V6.22                                                      08/05/2021  15:45:43  PAGE 18


  C:D23AH         LINE#         159
  C:D23FH         LINE#         161
  C:D244H         LINE#         163
  C:D246H         LINE#         164
  C:D246H         LINE#         165
  C:D255H         LINE#         166
  C:D262H         LINE#         168
  C:D262H         LINE#         169
  C:D262H         LINE#         171
  C:D267H         LINE#         173
  C:D26EH         LINE#         174
  C:D26EH         LINE#         175
  C:D270H         LINE#         176
  C:D271H         LINE#         177
  C:D271H         LINE#         179
  C:D279H         LINE#         181
  C:D27BH         LINE#         182
  C:D27EH         LINE#         183
  C:D27FH         LINE#         184
  -------         ENDPROC       _MMC_SD_WRITESINGLEBLOCK
  -------         PROC          SD_INIT
  -------         DO            
  D:0001H         SYMBOL        n
  -------         ENDDO         
  C:DAEAH         LINE#         187
  C:DAEAH         LINE#         188
  C:DAEAH         LINE#         189
  C:DAECH         LINE#         191
  C:DAF2H         LINE#         192
  C:DAF2H         LINE#         193
  C:DAF3H         LINE#         194
  C:DAFAH         LINE#         196
  -------         ENDPROC       SD_INIT
  -------         ENDMOD        MMC_SD

  -------         MODULE        LCD
  C:0000H         SYMBOL        _ICE_DUMMY_
  D:0080H         PUBLIC        P0
  C:CBABH         PUBLIC        DispFrame
  D:0090H         PUBLIC        P1
  C:CC4FH         PUBLIC        DispScaleVer_Green
  D:00A0H         PUBLIC        P2
  D:00B0H         PUBLIC        P3
  C:BDB8H         PUBLIC        DispBand
  C:DA68H         PUBLIC        _WriteData
  C:008EH         PUBLIC        ascii
  C:B412H         PUBLIC        _LCD_Read_IC_ID
  D:00A6H         PUBLIC        P2MDOUT
  C:0046H         PUBLIC        _DispColor
  C:D0F7H         PUBLIC        DispScaleVer_Blue
  C:CFDBH         PUBLIC        _DrawGird
  C:D17DH         PUBLIC        _DrawLine
  C:DA48H         PUBLIC        _WriteComm
  C:D914H         PUBLIC        _WriteDispData
  C:CF4AH         PUBLIC        DispScaleVer_Gray
  B:00B0H.1       PUBLIC        RS
  B:00A0H.1       PUBLIC        SPI_CLK
BL51 BANKED LINKER/LOCATER V6.22                                                      08/05/2021  15:45:43  PAGE 19


  C:CEB9H         PUBLIC        DispScaleVer_Red
  D:00F3H         PUBLIC        P2MDIN
  C:C30BH         PUBLIC        DispScaleVer
  C:D521H         PUBLIC        _DispPic
  C:C845H         PUBLIC        _DispOneChar
  C:D280H         PUBLIC        DispGrayHor32
  C:CCEFH         PUBLIC        DispGrayHor16
  C:C997H         PUBLIC        _DispInt
  C:D73BH         PUBLIC        _PutPixel
  D:00A9H         PUBLIC        CLKSEL
  B:0090H.6       PUBLIC        RD0
  B:00B0H.0       PUBLIC        CS0
  C:068EH         PUBLIC        pic_eval
  X:0054H         PUBLIC        LCM_ID
  C:B86AH         PUBLIC        LCD_Init
  C:CE23H         PUBLIC        _DispStr
  B:0090H.7       PUBLIC        WR0
  C:B644H         PUBLIC        DispScaleHor1
  B:00A0H.0       PUBLIC        SPI_DI
  C:DB20H         PUBLIC        _WriteOneDot
  C:BA5EH         PUBLIC        DispScaleHor2
  C:C65FH         PUBLIC        _DispPicFromSD
  B:0080H.7       PUBLIC        DIR
  C:D582H         PUBLIC        _ToOrd
  B:0080H.5       PUBLIC        RST
  C:DAADH         PUBLIC        ReadData
  C:CDA4H         PUBLIC        _?BlockWrite
  -------         PROC          _LCD_READ_IC_ID
  X:0062H         SYMBOL        ID
  D:0004H         SYMBOL        Bug
  D:0003H         SYMBOL        flog
  -------         DO            
  X:0063H         SYMBOL        id
  X:0065H         SYMBOL        id1
  X:0067H         SYMBOL        temp
  D:0005H         SYMBOL        i
  D:0007H         SYMBOL        dat
  D:0001H         SYMBOL        id2
  X:0069H         SYMBOL        id3
  D:0002H         SYMBOL        id4
  -------         ENDDO         
  C:B412H         LINE#         35
  C:B416H         LINE#         36
  C:B416H         LINE#         40
  C:B41EH         LINE#         41
  C:B41EH         LINE#         43
  C:B420H         LINE#         44
  C:B422H         LINE#         45
  C:B424H         LINE#         47
  C:B427H         LINE#         48
  C:B429H         LINE#         49
  C:B42BH         LINE#         50
  C:B42DH         LINE#         53
  C:B430H         LINE#         54
  C:B433H         LINE#         55
  C:B436H         LINE#         56
  C:B438H         LINE#         57
BL51 BANKED LINKER/LOCATER V6.22                                                      08/05/2021  15:45:43  PAGE 20


  C:B43AH         LINE#         58
  C:B43CH         LINE#         63
  C:B446H         LINE#         65
  C:B44CH         LINE#         66
  C:B454H         LINE#         68
  C:B45AH         LINE#         69
  C:B460H         LINE#         70
  C:B46AH         LINE#         72
  C:B470H         LINE#         73
  C:B472H         LINE#         75
  C:B478H         LINE#         77
  C:B47EH         LINE#         78
  C:B488H         LINE#         80
  C:B48EH         LINE#         81
  C:B493H         LINE#         83
  C:B499H         LINE#         85
  C:B4A3H         LINE#         86
  C:B4ADH         LINE#         88
  C:B4B3H         LINE#         89
  C:B4B5H         LINE#         91
  C:B4C5H         LINE#         92
  C:B4CFH         LINE#         94
  C:B4D2H         LINE#         95
  C:B4D6H         LINE#         96
  C:B4D6H         LINE#         97
  C:B4DFH         LINE#         98
  C:B4E5H         LINE#         99
  C:B4E5H         LINE#         100
  C:B4EFH         LINE#         101
  C:B4F1H         LINE#         102
  C:B4F5H         LINE#         103
  C:B4F5H         LINE#         104
  C:B504H         LINE#         105
  C:B504H         LINE#         108
  C:B504H         LINE#         109
  C:B50DH         LINE#         110
  C:B50DH         LINE#         112
  C:B510H         LINE#         113
  C:B514H         LINE#         114
  C:B516H         LINE#         115
  C:B518H         LINE#         116
  C:B51AH         LINE#         117
  C:B51AH         LINE#         118
  C:B51CH         LINE#         119
  C:B524H         LINE#         120
  C:B526H         LINE#         122
  C:B528H         LINE#         123
  C:B52CH         LINE#         124
  C:B531H         LINE#         125
  C:B534H         LINE#         128
  C:B53EH         LINE#         129
  C:B53EH         LINE#         130
  C:B540H         LINE#         131
  C:B540H         LINE#         132
  C:B542H         LINE#         133
  C:B544H         LINE#         134
  C:B546H         LINE#         135
BL51 BANKED LINKER/LOCATER V6.22                                                      08/05/2021  15:45:43  PAGE 21


  C:B55DH         LINE#         136
  C:B55FH         LINE#         137
  C:B561H         LINE#         138
  C:B568H         LINE#         139
  C:B572H         LINE#         140
  C:B572H         LINE#         141
  C:B574H         LINE#         142
  C:B574H         LINE#         143
  C:B576H         LINE#         144
  C:B578H         LINE#         145
  C:B57AH         LINE#         146
  C:B591H         LINE#         147
  C:B593H         LINE#         148
  C:B595H         LINE#         149
  C:B59AH         LINE#         150
  C:B59AH         LINE#         152
  C:B59CH         LINE#         153
  C:B59CH         LINE#         154
  C:B59EH         LINE#         155
  C:B5A0H         LINE#         156
  C:B5A2H         LINE#         157
  C:B5B9H         LINE#         158
  C:B5BBH         LINE#         159
  C:B5BDH         LINE#         160
  C:B5C2H         LINE#         162
  C:B5C4H         LINE#         163
  C:B5C4H         LINE#         164
  C:B5C6H         LINE#         165
  C:B5C8H         LINE#         166
  C:B5CAH         LINE#         167
  C:B5D4H         LINE#         168
  C:B5D6H         LINE#         169
  C:B5D8H         LINE#         170
  C:B5DDH         LINE#         172
  C:B5DFH         LINE#         173
  C:B5DFH         LINE#         174
  C:B5E1H         LINE#         175
  C:B5E3H         LINE#         176
  C:B5E5H         LINE#         177
  C:B5F1H         LINE#         178
  C:B5F3H         LINE#         179
  C:B5F5H         LINE#         180
  C:B5FAH         LINE#         181
  C:B5FDH         LINE#         182
  C:B5FFH         LINE#         183
  C:B601H         LINE#         184
  C:B603H         LINE#         185
  C:B605H         LINE#         186
  C:B607H         LINE#         187
  C:B609H         LINE#         189
  C:B60DH         LINE#         190
  C:B60DH         LINE#         191
  C:B61DH         LINE#         193
  C:B628H         LINE#         194
  C:B628H         LINE#         195
  C:B628H         LINE#         197
  C:B62EH         LINE#         198
BL51 BANKED LINKER/LOCATER V6.22                                                      08/05/2021  15:45:43  PAGE 22


  C:B62EH         LINE#         199
  C:B63AH         LINE#         200
  C:B63AH         LINE#         202
  C:B63AH         LINE#         203
  C:B63CH         LINE#         204
  C:B643H         LINE#         205
  -------         ENDPROC       _LCD_READ_IC_ID
  -------         PROC          _WRITECOMM
  D:0004H         SYMBOL        i
  -------         DO            
  X:007AH         SYMBOL        j
  D:0007H         SYMBOL        DataH
  -------         ENDDO         
  C:DA48H         LINE#         208
  C:DA4CH         LINE#         209
  C:DA4CH         LINE#         211
  C:DA4DH         LINE#         212
  C:DA4FH         LINE#         223
  C:DA4FH         LINE#         224
  C:DA51H         LINE#         225
  C:DA53H         LINE#         226
  C:DA55H         LINE#         227
  C:DA57H         LINE#         228
  C:DA59H         LINE#         229
  C:DA5DH         LINE#         230
  C:DA5FH         LINE#         231
  C:DA61H         LINE#         232
  C:DA61H         LINE#         319
  C:DA63H         LINE#         320
  -------         ENDPROC       _WRITECOMM
  -------         PROC          L?0451
  -------         ENDPROC       L?0451
  -------         PROC          _WRITEDATA
  D:0004H         SYMBOL        i
  -------         DO            
  X:007AH         SYMBOL        j
  X:007BH         SYMBOL        DataH
  -------         ENDDO         
  C:DA68H         LINE#         322
  C:DA6AH         LINE#         323
  C:DA6AH         LINE#         325
  C:DA6EH         LINE#         326
  C:DA70H         LINE#         337
  C:DA70H         LINE#         338
  C:DA72H         LINE#         339
  C:DA74H         LINE#         347
  C:DA77H         LINE#         348
  C:DA79H         LINE#         349
  C:DA7BH         LINE#         350
  C:DA7BH         LINE#         513
  C:DA7DH         LINE#         514
  -------         ENDPROC       _WRITEDATA
  C:D8FFH         SYMBOL        L?0450
  -------         PROC          L?0449
  -------         ENDPROC       L?0449
  C:D8FFH         SYMBOL        L?0450
  -------         PROC          _WRITEDISPDATA
BL51 BANKED LINKER/LOCATER V6.22                                                      08/05/2021  15:45:43  PAGE 23


  D:0007H         SYMBOL        DataH
  D:0005H         SYMBOL        DataL
  -------         DO            
  X:007AH         SYMBOL        j
  -------         ENDDO         
  C:D914H         LINE#         516
  C:D914H         LINE#         517
  C:D914H         LINE#         519
  C:D916H         LINE#         533
  C:D916H         LINE#         534
  C:D918H         LINE#         535
  C:D91AH         LINE#         536
  C:D91CH         LINE#         537
  C:D91EH         LINE#         538
  C:D920H         LINE#         539
  C:D924H         LINE#         540
  C:D926H         LINE#         541
  C:D928H         LINE#         542
  C:D928H         LINE#         638
  C:D92AH         LINE#         639
  -------         ENDPROC       _WRITEDISPDATA
  -------         PROC          _WRITEONEDOT
  D:0004H         SYMBOL        color
  C:DB20H         LINE#         641
  C:DB24H         LINE#         642
  C:DB24H         LINE#         655
  -------         ENDPROC       _WRITEONEDOT
  -------         PROC          LCD_INIT
  C:B86AH         LINE#         664
  C:B86AH         LINE#         665
  C:B86AH         LINE#         666
  C:B86DH         LINE#         669
  C:B86FH         LINE#         670
  C:B876H         LINE#         672
  C:B878H         LINE#         673
  C:B87FH         LINE#         675
  C:B881H         LINE#         676
  C:B888H         LINE#         3334
  C:B88FH         LINE#         3335
  C:B894H         LINE#         3337
  C:B899H         LINE#         3338
  C:B89EH         LINE#         3339
  C:B8A3H         LINE#         3340
  C:B8A8H         LINE#         3342
  C:B8ADH         LINE#         3343
  C:B8B2H         LINE#         3344
  C:B8B5H         LINE#         3346
  C:B8BAH         LINE#         3347
  C:B8BFH         LINE#         3348
  C:B8C2H         LINE#         3350
  C:B8C7H         LINE#         3351
  C:B8CCH         LINE#         3352
  C:B8CFH         LINE#         3354
  C:B8D4H         LINE#         3355
  C:B8D9H         LINE#         3356
  C:B8DEH         LINE#         3358
  C:B8E3H         LINE#         3359
BL51 BANKED LINKER/LOCATER V6.22                                                      08/05/2021  15:45:43  PAGE 24


  C:B8E8H         LINE#         3360
  C:B8EDH         LINE#         3362
  C:B8F2H         LINE#         3363
  C:B8F7H         LINE#         3365
  C:B8FCH         LINE#         3366
  C:B901H         LINE#         3368
  C:B906H         LINE#         3369
  C:B90BH         LINE#         3370
  C:B90EH         LINE#         3372
  C:B913H         LINE#         3373
  C:B918H         LINE#         3374
  C:B91BH         LINE#         3376
  C:B920H         LINE#         3377
  C:B925H         LINE#         3378
  C:B928H         LINE#         3380
  C:B92DH         LINE#         3381
  C:B932H         LINE#         3382
  C:B935H         LINE#         3384
  C:B93AH         LINE#         3385
  C:B93FH         LINE#         3387
  C:B944H         LINE#         3388
  C:B949H         LINE#         3390
  C:B94EH         LINE#         3391
  C:B953H         LINE#         3393
  C:B957H         LINE#         3394
  C:B95CH         LINE#         3395
  C:B95FH         LINE#         3396
  C:B962H         LINE#         3397
  C:B967H         LINE#         3399
  C:B96CH         LINE#         3400
  C:B971H         LINE#         3401
  C:B974H         LINE#         3402
  C:B978H         LINE#         3403
  C:B97DH         LINE#         3404
  C:B982H         LINE#         3406
  C:B987H         LINE#         3407
  C:B98CH         LINE#         3408
  C:B991H         LINE#         3409
  C:B994H         LINE#         3410
  C:B999H         LINE#         3411
  C:B99DH         LINE#         3412
  C:B9A2H         LINE#         3414
  C:B9A7H         LINE#         3415
  C:B9ACH         LINE#         3416
  C:B9B1H         LINE#         3417
  C:B9B6H         LINE#         3418
  C:B9BBH         LINE#         3419
  C:B9BEH         LINE#         3420
  C:B9C3H         LINE#         3422
  C:B9C8H         LINE#         3423
  C:B9CDH         LINE#         3424
  C:B9D2H         LINE#         3425
  C:B9D7H         LINE#         3426
  C:B9DCH         LINE#         3427
  C:B9DFH         LINE#         3428
  C:B9E4H         LINE#         3430
  C:B9E9H         LINE#         3431
BL51 BANKED LINKER/LOCATER V6.22                                                      08/05/2021  15:45:43  PAGE 25


  C:B9EEH         LINE#         3432
  C:B9F3H         LINE#         3433
  C:B9F8H         LINE#         3434
  C:B9FDH         LINE#         3435
  C:BA01H         LINE#         3436
  C:BA06H         LINE#         3438
  C:BA0BH         LINE#         3439
  C:BA10H         LINE#         3440
  C:BA15H         LINE#         3441
  C:BA19H         LINE#         3442
  C:BA1EH         LINE#         3443
  C:BA23H         LINE#         3444
  C:BA28H         LINE#         3446
  C:BA2DH         LINE#         3447
  C:BA32H         LINE#         3448
  C:BA37H         LINE#         3449
  C:BA3AH         LINE#         3450
  C:BA3FH         LINE#         3451
  C:BA43H         LINE#         3452
  C:BA48H         LINE#         3459
  C:BA4DH         LINE#         3460
  C:BA52H         LINE#         3461
  C:BA59H         LINE#         3462
  -------         ENDPROC       LCD_INIT
  C:CD8BH         SYMBOL        L?0443
  C:CD91H         SYMBOL        L?0444
  C:CD9AH         SYMBOL        L?0445
  -------         PROC          L?0442
  -------         ENDPROC       L?0442
  C:CD8BH         SYMBOL        L?0443
  C:CD91H         SYMBOL        L?0444
  C:CD9AH         SYMBOL        L?0445
  -------         PROC          _?BLOCKWRITE
  p:0000H         SYMBOL        Xstart
  p:0002H         SYMBOL        Xend
  p:0004H         SYMBOL        Ystart
  p:0006H         SYMBOL        Yend
  C:CDA4H         LINE#         5095
  C:CDC5H         LINE#         5198
  C:CDCCH         LINE#         5199
  C:CDD3H         LINE#         5200
  C:CDDBH         LINE#         5201
  C:CDE6H         LINE#         5202
  C:CDF0H         LINE#         5204
  C:CDF5H         LINE#         5205
  C:CDFFH         LINE#         5207
  C:CE06H         LINE#         5208
  C:CE10H         LINE#         5209
  C:CE17H         LINE#         5215
  C:CE1CH         LINE#         5222
  -------         ENDPROC       _?BLOCKWRITE
  -------         PROC          _DISPCOLOR
  D:0004H         SYMBOL        color
  -------         DO            
  X:0059H         SYMBOL        i
  D:0002H         SYMBOL        m
  X:005BH         SYMBOL        DataH
BL51 BANKED LINKER/LOCATER V6.22                                                      08/05/2021  15:45:43  PAGE 26


  X:005CH         SYMBOL        DataL
  -------         ENDDO         
  C:0046H         LINE#         5224
  C:0048H         LINE#         5225
  C:0048H         LINE#         5228
  C:004EH         LINE#         5230
  C:0051H         LINE#         5232
  C:0053H         LINE#         5233
  C:0059H         LINE#         5234
  C:0059H         LINE#         5235
  C:005CH         LINE#         5236
  C:005CH         LINE#         5237
  C:0066H         LINE#         5238
  C:0071H         LINE#         5239
  C:0087H         LINE#         5241
  C:0089H         LINE#         5242
  -------         ENDPROC       _DISPCOLOR
  -------         PROC          DISPFRAME
  -------         DO            
  D:0002H         SYMBOL        i
  X:0059H         SYMBOL        j
  D:0001H         SYMBOL        DataH
  D:0006H         SYMBOL        DataL
  -------         ENDDO         
  C:CBABH         LINE#         5244
  C:CBABH         LINE#         5245
  C:CBABH         LINE#         5248
  C:CBAEH         LINE#         5250
  C:CBB0H         LINE#         5253
  C:CBB4H         LINE#         5254
  C:CBBAH         LINE#         5256
  C:CBBAH         LINE#         5257
  C:CBBAH         LINE#         5258
  C:CBBEH         LINE#         5259
  C:CBC5H         LINE#         5260
  C:CBD0H         LINE#         5262
  C:CBD4H         LINE#         5263
  C:CBDAH         LINE#         5265
  C:CBDFH         LINE#         5266
  C:CBDFH         LINE#         5267
  C:CBE3H         LINE#         5268
  C:CBE9H         LINE#         5270
  C:CBEBH         LINE#         5271
  C:CBEBH         LINE#         5272
  C:CBEEH         LINE#         5273
  C:CBF3H         LINE#         5274
  C:CBFEH         LINE#         5276
  C:CC02H         LINE#         5277
  C:CC08H         LINE#         5279
  C:CC1EH         LINE#         5281
  C:CC22H         LINE#         5282
  C:CC28H         LINE#         5284
  C:CC2AH         LINE#         5285
  C:CC2AH         LINE#         5286
  C:CC2EH         LINE#         5287
  C:CC35H         LINE#         5288
  C:CC40H         LINE#         5290
BL51 BANKED LINKER/LOCATER V6.22                                                      08/05/2021  15:45:43  PAGE 27


  C:CC44H         LINE#         5291
  C:CC4AH         LINE#         5293
  C:CC4CH         LINE#         5294
  C:CC4EH         LINE#         5295
  -------         ENDPROC       DISPFRAME
  -------         PROC          DISPBAND
  -------         DO            
  D:0002H         SYMBOL        i
  X:0059H         SYMBOL        j
  X:005AH         SYMBOL        k
  X:005BH         SYMBOL        m
  X:005CH         SYMBOL        n
  X:005DH         SYMBOL        x
  -------         ENDDO         
  C:BDB8H         LINE#         5297
  C:BDB8H         LINE#         5298
  C:BDB8H         LINE#         5301
  C:BDC1H         LINE#         5302
  C:BDCAH         LINE#         5303
  C:BDCCH         LINE#         5306
  C:BDD4H         LINE#         5307
  C:BDE0H         LINE#         5308
  C:BDE0H         LINE#         5309
  C:BDFBH         LINE#         5310
  C:BE16H         LINE#         5311
  C:BE42H         LINE#         5312
  C:BE49H         LINE#         5313
  C:BE58H         LINE#         5314
  C:BE58H         LINE#         5315
  C:BE73H         LINE#         5316
  C:BE8EH         LINE#         5317
  C:BEBAH         LINE#         5318
  C:BEC1H         LINE#         5319
  C:BED7H         LINE#         5320
  C:BED7H         LINE#         5321
  C:BEF2H         LINE#         5322
  C:BF0DH         LINE#         5323
  C:BF39H         LINE#         5324
  C:BF40H         LINE#         5325
  C:BF42H         LINE#         5326
  C:BF45H         LINE#         5327
  -------         ENDPROC       DISPBAND
  -------         PROC          _DISPPIC
  D:0006H         SYMBOL        picture
  -------         DO            
  X:0014H         SYMBOL        p
  X:0017H         SYMBOL        n
  -------         ENDDO         
  C:D521H         LINE#         5330
  C:D521H         LINE#         5331
  C:D521H         LINE#         5334
  C:D530H         LINE#         5335
  C:D530H         LINE#         5336
  C:D530H         LINE#         5338
  C:D541H         LINE#         5340
  C:D554H         LINE#         5341
  C:D554H         LINE#         5342
BL51 BANKED LINKER/LOCATER V6.22                                                      08/05/2021  15:45:43  PAGE 28


  C:D574H         LINE#         5343
  C:D581H         LINE#         5345
  -------         ENDPROC       _DISPPIC
  -------         PROC          _DISPPICFROMSD
  X:0019H         SYMBOL        PicNum
  -------         DO            
  X:001AH         SYMBOL        Address_S
  X:001EH         SYMBOL        Address_E
  D:0002H         SYMBOL        i
  X:0022H         SYMBOL        k
  -------         ENDDO         
  C:C65FH         LINE#         5349
  C:C662H         LINE#         5350
  C:C662H         LINE#         5356
  C:C665H         LINE#         5359
  C:C667H         LINE#         5361
  C:C669H         LINE#         5363
  C:C672H         LINE#         5364
  C:C69DH         LINE#         5365
  C:C6C6H         LINE#         5366
  C:C6E9H         LINE#         5367
  C:C6E9H         LINE#         5368
  C:C6F9H         LINE#         5370
  C:C702H         LINE#         5371
  C:C702H         LINE#         5373
  C:C71DH         LINE#         5374
  C:C726H         LINE#         5375
  C:C745H         LINE#         5377
  C:C747H         LINE#         5415
  -------         ENDPROC       _DISPPICFROMSD
  -------         PROC          DISPSCALEHOR1
  -------         DO            
  X:0026H         SYMBOL        i
  X:0028H         SYMBOL        j
  D:0002H         SYMBOL        k
  -------         ENDDO         
  C:B644H         LINE#         5420
  C:B644H         LINE#         5421
  C:B644H         LINE#         5424
  C:B647H         LINE#         5427
  C:B647H         LINE#         5428
  C:B647H         LINE#         5429
  C:B669H         LINE#         5430
  C:B66FH         LINE#         5431
  C:B66FH         LINE#         5432
  C:B675H         LINE#         5433
  C:B675H         LINE#         5434
  C:B68AH         LINE#         5435
  C:B6A0H         LINE#         5436
  C:B6B6H         LINE#         5438
  C:B6C1H         LINE#         5441
  C:B6C4H         LINE#         5442
  C:B6C4H         LINE#         5443
  C:B6E6H         LINE#         5444
  C:B6ECH         LINE#         5445
  C:B6ECH         LINE#         5446
  C:B6F2H         LINE#         5447
BL51 BANKED LINKER/LOCATER V6.22                                                      08/05/2021  15:45:43  PAGE 29


  C:B6F2H         LINE#         5448
  C:B71DH         LINE#         5449
  C:B733H         LINE#         5450
  C:B749H         LINE#         5451
  C:B757H         LINE#         5454
  C:B75AH         LINE#         5455
  C:B75AH         LINE#         5456
  C:B77CH         LINE#         5457
  C:B782H         LINE#         5458
  C:B782H         LINE#         5459
  C:B788H         LINE#         5460
  C:B788H         LINE#         5461
  C:B792H         LINE#         5462
  C:B7A8H         LINE#         5463
  C:B7BEH         LINE#         5464
  C:B7C9H         LINE#         5467
  C:B7CCH         LINE#         5468
  C:B7CCH         LINE#         5469
  C:B7EEH         LINE#         5470
  C:B7F4H         LINE#         5471
  C:B7F4H         LINE#         5472
  C:B7FAH         LINE#         5473
  C:B7FAH         LINE#         5474
  C:B82DH         LINE#         5475
  C:B843H         LINE#         5476
  C:B859H         LINE#         5477
  C:B867H         LINE#         5478
  C:B869H         LINE#         5479
  -------         ENDPROC       DISPSCALEHOR1
  -------         PROC          DISPSCALEVER
  -------         DO            
  X:002AH         SYMBOL        i
  X:002CH         SYMBOL        j
  D:0002H         SYMBOL        k
  -------         ENDDO         
  C:C30BH         LINE#         5481
  C:C30BH         LINE#         5482
  C:C30BH         LINE#         5551
  C:C30EH         LINE#         5553
  C:C314H         LINE#         5554
  C:C314H         LINE#         5555
  C:C31AH         LINE#         5556
  C:C31AH         LINE#         5557
  C:C320H         LINE#         5558
  C:C336H         LINE#         5559
  C:C33DH         LINE#         5561
  C:C340H         LINE#         5562
  C:C340H         LINE#         5564
  C:C346H         LINE#         5565
  C:C346H         LINE#         5567
  C:C34CH         LINE#         5568
  C:C34CH         LINE#         5569
  C:C35EH         LINE#         5570
  C:C374H         LINE#         5572
  C:C37AH         LINE#         5573
  C:C37AH         LINE#         5574
  C:C3A2H         LINE#         5575
BL51 BANKED LINKER/LOCATER V6.22                                                      08/05/2021  15:45:43  PAGE 30


  C:C3B8H         LINE#         5577
  C:C3BEH         LINE#         5578
  C:C3BEH         LINE#         5579
  C:C3C5H         LINE#         5580
  C:C3DBH         LINE#         5582
  C:C3E1H         LINE#         5583
  C:C3E1H         LINE#         5584
  C:C3F5H         LINE#         5585
  C:C40BH         LINE#         5587
  C:C424H         LINE#         5589
  C:C432H         LINE#         5591
  -------         ENDPROC       DISPSCALEVER
  -------         PROC          DISPSCALEVER_RED
  -------         DO            
  X:002EH         SYMBOL        i
  X:0030H         SYMBOL        j
  D:0002H         SYMBOL        k
  -------         ENDDO         
  C:CEB9H         LINE#         5593
  C:CEB9H         LINE#         5594
  C:CEB9H         LINE#         5597
  C:CEBCH         LINE#         5599
  C:CEBEH         LINE#         5601
  C:CEC0H         LINE#         5604
  C:CEC6H         LINE#         5605
  C:CEC6H         LINE#         5606
  C:CECCH         LINE#         5607
  C:CECCH         LINE#         5608
  C:CED2H         LINE#         5609
  C:CEE8H         LINE#         5610
  C:CEEFH         LINE#         5612
  C:CEF2H         LINE#         5613
  C:CEF2H         LINE#         5614
  C:CEF8H         LINE#         5615
  C:CEF8H         LINE#         5617
  C:CEFEH         LINE#         5618
  C:CEFEH         LINE#         5619
  C:CF10H         LINE#         5620
  C:CF26H         LINE#         5621
  C:CF3CH         LINE#         5623
  C:CF47H         LINE#         5625
  C:CF49H         LINE#         5626
  -------         ENDPROC       DISPSCALEVER_RED
  -------         PROC          DISPSCALEVER_GREEN
  -------         DO            
  X:0032H         SYMBOL        i
  X:0034H         SYMBOL        j
  D:0002H         SYMBOL        k
  -------         ENDDO         
  C:CC4FH         LINE#         5628
  C:CC4FH         LINE#         5629
  C:CC4FH         LINE#         5632
  C:CC52H         LINE#         5634
  C:CC54H         LINE#         5635
  C:CC56H         LINE#         5638
  C:CC5CH         LINE#         5639
  C:CC5CH         LINE#         5640
BL51 BANKED LINKER/LOCATER V6.22                                                      08/05/2021  15:45:43  PAGE 31


  C:CC62H         LINE#         5641
  C:CC62H         LINE#         5642
  C:CC68H         LINE#         5644
  C:CC7EH         LINE#         5645
  C:CC85H         LINE#         5647
  C:CC88H         LINE#         5648
  C:CC88H         LINE#         5649
  C:CC8EH         LINE#         5650
  C:CC8EH         LINE#         5652
  C:CC94H         LINE#         5653
  C:CC94H         LINE#         5655
  C:CCB5H         LINE#         5656
  C:CCCBH         LINE#         5657
  C:CCE1H         LINE#         5659
  C:CCECH         LINE#         5661
  C:CCEEH         LINE#         5662
  -------         ENDPROC       DISPSCALEVER_GREEN
  -------         PROC          DISPSCALEVER_BLUE
  -------         DO            
  X:0036H         SYMBOL        i
  X:0038H         SYMBOL        j
  D:0002H         SYMBOL        k
  -------         ENDDO         
  C:D0F7H         LINE#         5664
  C:D0F7H         LINE#         5665
  C:D0F7H         LINE#         5668
  C:D0FAH         LINE#         5670
  C:D0FCH         LINE#         5671
  C:D0FEH         LINE#         5674
  C:D104H         LINE#         5675
  C:D104H         LINE#         5676
  C:D10AH         LINE#         5677
  C:D10AH         LINE#         5678
  C:D110H         LINE#         5679
  C:D126H         LINE#         5680
  C:D12DH         LINE#         5682
  C:D130H         LINE#         5683
  C:D130H         LINE#         5684
  C:D136H         LINE#         5685
  C:D136H         LINE#         5687
  C:D13CH         LINE#         5688
  C:D13CH         LINE#         5689
  C:D143H         LINE#         5690
  C:D159H         LINE#         5691
  C:D16FH         LINE#         5693
  C:D17AH         LINE#         5695
  C:D17CH         LINE#         5696
  -------         ENDPROC       DISPSCALEVER_BLUE
  -------         PROC          DISPSCALEVER_GRAY
  -------         DO            
  X:003AH         SYMBOL        i
  X:003CH         SYMBOL        j
  D:0002H         SYMBOL        k
  -------         ENDDO         
  C:CF4AH         LINE#         5698
  C:CF4AH         LINE#         5699
  C:CF4AH         LINE#         5702
BL51 BANKED LINKER/LOCATER V6.22                                                      08/05/2021  15:45:43  PAGE 32


  C:CF4DH         LINE#         5704
  C:CF4FH         LINE#         5709
  C:CF55H         LINE#         5710
  C:CF55H         LINE#         5711
  C:CF5BH         LINE#         5712
  C:CF5BH         LINE#         5713
  C:CF61H         LINE#         5715
  C:CF77H         LINE#         5716
  C:CF7EH         LINE#         5718
  C:CF81H         LINE#         5719
  C:CF81H         LINE#         5720
  C:CF87H         LINE#         5721
  C:CF87H         LINE#         5723
  C:CF8DH         LINE#         5724
  C:CF8DH         LINE#         5725
  C:CFA1H         LINE#         5726
  C:CFB7H         LINE#         5727
  C:CFCDH         LINE#         5729
  C:CFD8H         LINE#         5731
  C:CFDAH         LINE#         5732
  -------         ENDPROC       DISPSCALEVER_GRAY
  -------         PROC          DISPGRAYHOR16
  -------         DO            
  X:0059H         SYMBOL        i
  D:0002H         SYMBOL        j
  X:005BH         SYMBOL        k
  -------         ENDDO         
  C:CCEFH         LINE#         5734
  C:CCEFH         LINE#         5735
  C:CCEFH         LINE#         5738
  C:CCF2H         LINE#         5740
  C:CCF4H         LINE#         5741
  C:CCF6H         LINE#         5743
  C:CCFCH         LINE#         5744
  C:CCFCH         LINE#         5745
  C:CD05H         LINE#         5746
  C:CD05H         LINE#         5747
  C:CD0BH         LINE#         5748
  C:CD12H         LINE#         5750
  C:CD15H         LINE#         5751
  C:CD15H         LINE#         5752
  C:CD1BH         LINE#         5753
  C:CD1BH         LINE#         5754
  C:CD4DH         LINE#         5755
  C:CD63H         LINE#         5756
  C:CD6EH         LINE#         5757
  C:CD87H         LINE#         5759
  C:CD89H         LINE#         5760
  -------         ENDPROC       DISPGRAYHOR16
  -------         PROC          DISPGRAYHOR32
  -------         DO            
  X:003EH         SYMBOL        i
  D:0002H         SYMBOL        j
  X:0040H         SYMBOL        k
  -------         ENDDO         
  C:D280H         LINE#         5762
  C:D280H         LINE#         5763
BL51 BANKED LINKER/LOCATER V6.22                                                      08/05/2021  15:45:43  PAGE 33


  C:D280H         LINE#         5766
  C:D283H         LINE#         5768
  C:D285H         LINE#         5770
  C:D28BH         LINE#         5771
  C:D28BH         LINE#         5772
  C:D28EH         LINE#         5773
  C:D28EH         LINE#         5774
  C:D294H         LINE#         5775
  C:D29FH         LINE#         5777
  C:D2A2H         LINE#         5778
  C:D2A2H         LINE#         5779
  C:D2A8H         LINE#         5780
  C:D2A8H         LINE#         5781
  C:D2BCH         LINE#         5782
  C:D2D2H         LINE#         5783
  C:D2DDH         LINE#         5784
  C:D2F3H         LINE#         5786
  C:D2F5H         LINE#         5787
  -------         ENDPROC       DISPGRAYHOR32
  -------         PROC          DISPSCALEHOR2
  -------         DO            
  X:0042H         SYMBOL        j
  D:0002H         SYMBOL        k
  -------         ENDDO         
  C:BA5EH         LINE#         5789
  C:BA5EH         LINE#         5790
  C:BA5EH         LINE#         5793
  C:BA61H         LINE#         5795
  C:BA61H         LINE#         5796
  C:BA61H         LINE#         5797
  C:BA67H         LINE#         5798
  C:BA84H         LINE#         5799
  C:BA8FH         LINE#         5800
  C:BA92H         LINE#         5801
  C:BA92H         LINE#         5802
  C:BA98H         LINE#         5803
  C:BAB5H         LINE#         5804
  C:BAC0H         LINE#         5805
  C:BAC3H         LINE#         5806
  C:BAC3H         LINE#         5807
  C:BAC9H         LINE#         5808
  C:BAE6H         LINE#         5809
  C:BAF1H         LINE#         5810
  C:BAF4H         LINE#         5811
  C:BAF4H         LINE#         5812
  C:BAFAH         LINE#         5813
  C:BB17H         LINE#         5814
  C:BB22H         LINE#         5815
  C:BB25H         LINE#         5816
  C:BB25H         LINE#         5817
  C:BB2BH         LINE#         5818
  C:BB48H         LINE#         5819
  C:BB53H         LINE#         5820
  C:BB56H         LINE#         5821
  C:BB56H         LINE#         5822
  C:BB5CH         LINE#         5823
  C:BB79H         LINE#         5824
BL51 BANKED LINKER/LOCATER V6.22                                                      08/05/2021  15:45:43  PAGE 34


  C:BB84H         LINE#         5825
  C:BB87H         LINE#         5826
  C:BB87H         LINE#         5827
  C:BB8DH         LINE#         5828
  C:BBAAH         LINE#         5829
  C:BBB5H         LINE#         5830
  C:BBB8H         LINE#         5831
  C:BBB8H         LINE#         5832
  C:BBBEH         LINE#         5833
  C:BBDAH         LINE#         5834
  C:BBE5H         LINE#         5835
  C:BBEEH         LINE#         5836
  C:BBEEH         LINE#         5837
  C:BBF4H         LINE#         5838
  C:BC10H         LINE#         5839
  C:BC17H         LINE#         5841
  -------         ENDPROC       DISPSCALEHOR2
  -------         PROC          _TOORD
  D:0007H         SYMBOL        ch
  C:D582H         LINE#         5946
  C:D582H         LINE#         5947
  C:D582H         LINE#         5948
  C:D588H         LINE#         5949
  C:D588H         LINE#         5950
  C:D58AH         LINE#         5951
  C:D58CH         LINE#         5952
  C:D598H         LINE#         5953
  C:D598H         LINE#         5954
  C:D59CH         LINE#         5955
  C:D59EH         LINE#         5956
  C:D5AAH         LINE#         5957
  C:D5AAH         LINE#         5958
  C:D5AEH         LINE#         5959
  C:D5B0H         LINE#         5960
  C:D5BCH         LINE#         5961
  C:D5BCH         LINE#         5962
  C:D5C0H         LINE#         5963
  C:D5C2H         LINE#         5964
  C:D5CEH         LINE#         5965
  C:D5CEH         LINE#         5966
  C:D5D2H         LINE#         5967
  C:D5D4H         LINE#         5968
  C:D5DAH         LINE#         5969
  C:D5DAH         LINE#         5970
  C:D5DCH         LINE#         5971
  C:D5DCH         LINE#         5973
  C:D5DCH         LINE#         5974
  -------         ENDPROC       _TOORD
  C:C81DH         SYMBOL        L?0447
  C:C835H         SYMBOL        L?0448
  -------         PROC          L?0446
  -------         ENDPROC       L?0446
  C:C81DH         SYMBOL        L?0447
  C:C835H         SYMBOL        L?0448
  -------         PROC          _DISPONECHAR
  X:006DH         SYMBOL        ord
  D:0006H         SYMBOL        Xstart
BL51 BANKED LINKER/LOCATER V6.22                                                      08/05/2021  15:45:43  PAGE 35


  D:0002H         SYMBOL        Ystart
  X:0072H         SYMBOL        TextColor
  X:0074H         SYMBOL        BackColor
[...]
  C:B330H         LINE#         318
  C:B330H         LINE#         319
  C:B335H         LINE#         320
  C:B338H         LINE#         321
  C:B347H         LINE#         322
  C:B347H         LINE#         323
  C:B35CH         LINE#         324
  C:B361H         LINE#         325
  C:B369H         LINE#         326
  C:B373H         LINE#         327
  C:B381H         LINE#         328
  C:B38FH         LINE#         329
  C:B391H         LINE#         331
  C:B391H         LINE#         332
  C:B396H         LINE#         333
  C:B399H         LINE#         334
  C:B3B1H         LINE#         335
  C:B3B1H         LINE#         336
  C:B3CAH         LINE#         337
  C:B3CFH         LINE#         338
  C:B3D7H         LINE#         339
  C:B3DEH         LINE#         340
  C:B3E3H         LINE#         341
  C:B3E3H         LINE#         342
  C:B3F7H         LINE#         343
  C:B3F7H         LINE#         344
  C:B3FEH         LINE#         345
  C:B403H         LINE#         346
  C:B403H         LINE#         347
  C:B411H         LINE#         348
  C:B411H         LINE#         349
  -------         ENDPROC       USBXCORE_HANDLE_SETUP
  -------         PROC          USBXCORE_FORCE_STALL
  C:DA2BH         LINE#         356
  C:DA2BH         LINE#         358
  C:DA36H         LINE#         359
  C:DA41H         LINE#         360
  C:DA47H         LINE#         361
  -------         ENDPROC       USBXCORE_FORCE_STALL
  -------         PROC          USBXCORE_GET_STATUS
  C:D3DEH         LINE#         367
  C:D3DEH         LINE#         369
  C:D3EDH         LINE#         370
  C:D3EDH         LINE#         371
  C:D3EDH         LINE#         372
  C:D3EDH         LINE#         373
  C:D3EDH         LINE#         374
  C:D3EFH         LINE#         375
  C:D3EFH         LINE#         379
BL51 BANKED LINKER/LOCATER V6.22                                                      08/05/2021  15:45:43  PAGE 44


  C:D3EFH         LINE#         381
  C:D3FDH         LINE#         385
  C:D3FDH         LINE#         386
  C:D3FDH         LINE#         387
  C:D3FDH         LINE#         388
  C:D3FFH         LINE#         390
  C:D3FFH         LINE#         392
  C:D40DH         LINE#         396
  C:D40DH         LINE#         397
  C:D41AH         LINE#         398
  C:D41AH         LINE#         399
  C:D41CH         LINE#         401
  C:D41CH         LINE#         402
  C:D42AH         LINE#         403
  C:D433H         LINE#         404
  C:D433H         LINE#         405
  C:D433H         LINE#         406
  C:D435H         LINE#         407
  C:D435H         LINE#         408
  C:D438H         LINE#         409
  C:D438H         LINE#         410
  C:D438H         LINE#         411
  C:D440H         LINE#         412
  C:D440H         LINE#         413
  C:D443H         LINE#         414
  C:D449H         LINE#         415
  C:D450H         LINE#         416
  C:D450H         LINE#         417
  -------         ENDPROC       USBXCORE_GET_STATUS
  -------         PROC          USBXCORE_CLEAR_FEATURE
  C:D637H         LINE#         423
  C:D637H         LINE#         425
  C:D63DH         LINE#         426
  C:D63DH         LINE#         428
  C:D644H         LINE#         429
  C:D644H         LINE#         430
  C:D64FH         LINE#         436
  C:D65AH         LINE#         437
  C:D65FH         LINE#         438
  C:D661H         LINE#         440
  C:D661H         LINE#         442
  C:D66CH         LINE#         446
  C:D677H         LINE#         447
  C:D67CH         LINE#         448
  C:D67CH         LINE#         449
  C:D67EH         LINE#         451
  C:D67EH         LINE#         452
  C:D681H         LINE#         453
  C:D681H         LINE#         454
  C:D68CH         LINE#         455
  -------         ENDPROC       USBXCORE_CLEAR_FEATURE
  -------         PROC          USBXCORE_VENDOR_USB_API
  C:C748H         LINE#         462
  C:C748H         LINE#         464
  C:C752H         LINE#         465
  C:C752H         LINE#         466
  C:C759H         LINE#         467
BL51 BANKED LINKER/LOCATER V6.22                                                      08/05/2021  15:45:43  PAGE 45


  C:C759H         LINE#         468
  C:C75CH         LINE#         469
  C:C75FH         LINE#         470
  C:C761H         LINE#         472
  C:C761H         LINE#         473
  C:C768H         LINE#         474
  C:C768H         LINE#         477
  C:C773H         LINE#         482
  C:C77EH         LINE#         483
  C:C789H         LINE#         485
  C:C789H         LINE#         486
  C:C79CH         LINE#         487
  C:C79CH         LINE#         488
  C:C7A0H         LINE#         489
  C:C7ABH         LINE#         491
  C:C7ABH         LINE#         492
  C:C7BEH         LINE#         493
  C:C7BEH         LINE#         494
  C:C7C2H         LINE#         495
  C:C7CDH         LINE#         497
  C:C7D3H         LINE#         498
  C:C7DBH         LINE#         499
  C:C7DBH         LINE#         500
  C:C7DEH         LINE#         501
  C:C7DEH         LINE#         502
  C:C7DEH         LINE#         503
  C:C7E9H         LINE#         504
  C:C7E9H         LINE#         505
  C:C7EFH         LINE#         506
  C:C7F6H         LINE#         507
  C:C7F6H         LINE#         508
  C:C7FAH         LINE#         509
  C:C7FAH         LINE#         510
  C:C800H         LINE#         511
  C:C807H         LINE#         512
  C:C807H         LINE#         513
  C:C812H         LINE#         514
  -------         ENDPROC       USBXCORE_VENDOR_USB_API
  -------         PROC          USBXCORE_SET_FEATURE
  C:D68FH         LINE#         521
  C:D68FH         LINE#         523
  C:D695H         LINE#         524
  C:D695H         LINE#         526
  C:D69CH         LINE#         527
  C:D69CH         LINE#         528
  C:D6A7H         LINE#         534
  C:D6B2H         LINE#         535
  C:D6B5H         LINE#         536
  C:D6B7H         LINE#         538
  C:D6B7H         LINE#         540
  C:D6C2H         LINE#         544
  C:D6CDH         LINE#         545
  C:D6D3H         LINE#         546
  C:D6D3H         LINE#         548
  C:D6D5H         LINE#         550
  C:D6D5H         LINE#         551
  C:D6D8H         LINE#         552
BL51 BANKED LINKER/LOCATER V6.22                                                      08/05/2021  15:45:43  PAGE 46


  C:D6D8H         LINE#         553
  C:D6E3H         LINE#         554
  -------         ENDPROC       USBXCORE_SET_FEATURE
  -------         PROC          USBXCORE_SET_ADDRESS
  C:D9ECH         LINE#         561
  C:D9ECH         LINE#         563
  C:D9FBH         LINE#         564
  C:DA01H         LINE#         565
  C:DA01H         LINE#         566
  C:DA04H         LINE#         567
  C:DA06H         LINE#         569
  C:DA06H         LINE#         570
  C:DA09H         LINE#         571
  C:DA09H         LINE#         572
  -------         ENDPROC       USBXCORE_SET_ADDRESS
  -------         PROC          USBXCORE_GET_DESCRIPTOR
  C:CA4AH         LINE#         579
  C:CA4AH         LINE#         580
  C:CA59H         LINE#         581
  C:CA59H         LINE#         582
  C:CA59H         LINE#         583
  C:CA67H         LINE#         584
  C:CA6BH         LINE#         585
  C:CA6DH         LINE#         586
  C:CA6DH         LINE#         587
  C:CA7BH         LINE#         588
  C:CA8EH         LINE#         589
  C:CA90H         LINE#         590
  C:CA90H         LINE#         591
  C:CAB4H         LINE#         592
  C:CAC0H         LINE#         593
  C:CAC2H         LINE#         594
  C:CAC2H         LINE#         595
  C:CAC5H         LINE#         596
  C:CAC5H         LINE#         597
  C:CAC5H         LINE#         598
  C:CADBH         LINE#         599
  C:CADBH         LINE#         600
  C:CAE3H         LINE#         601
  C:CAE3H         LINE#         602
  C:CAEBH         LINE#         603
  C:CAEBH         LINE#         604
  C:CAEEH         LINE#         605
  C:CAF4H         LINE#         606
  C:CAFBH         LINE#         607
  C:CAFBH         LINE#         608
  -------         ENDPROC       USBXCORE_GET_DESCRIPTOR
  -------         PROC          USBXCORE_GET_CONFIGURATION
  C:D7DDH         LINE#         614
  C:D7DDH         LINE#         616
  C:D7E5H         LINE#         617
  C:D7E5H         LINE#         618
  C:D7F1H         LINE#         619
  C:D7F9H         LINE#         620
  C:D7F9H         LINE#         621
  C:D7FDH         LINE#         622
  C:D7FDH         LINE#         623
BL51 BANKED LINKER/LOCATER V6.22                                                      08/05/2021  15:45:43  PAGE 47


  C:D80BH         LINE#         624
  C:D813H         LINE#         625
  C:D813H         LINE#         626
  C:D816H         LINE#         627
  C:D81CH         LINE#         628
  C:D823H         LINE#         629
  -------         ENDPROC       USBXCORE_GET_CONFIGURATION
  -------         PROC          USBXCORE_SET_CONFIGURATION
  C:D5DDH         LINE#         635
  C:D5DDH         LINE#         637
  C:D5E6H         LINE#         638
  C:D5E6H         LINE#         639
  C:D5EDH         LINE#         640
  C:D5F3H         LINE#         641
  C:D5F8H         LINE#         642
  C:D5FAH         LINE#         644
  C:D605H         LINE#         645
  C:D610H         LINE#         646
  C:D61BH         LINE#         653
  C:D626H         LINE#         654
  C:D628H         LINE#         656
  C:D628H         LINE#         657
  C:D62EH         LINE#         658
  C:D632H         LINE#         659
  C:D634H         LINE#         660
  C:D634H         LINE#         661
  -------         ENDPROC       USBXCORE_SET_CONFIGURATION
  -------         PROC          USBXCORE_GET_INTERFACE
  C:D97DH         LINE#         668
  C:D97DH         LINE#         670
  C:D98BH         LINE#         671
  C:D993H         LINE#         672
  C:D996H         LINE#         673
  C:D99CH         LINE#         674
  C:D9A3H         LINE#         675
  -------         ENDPROC       USBXCORE_GET_INTERFACE
  -------         PROC          USBXCORE_SET_SOP
  C:DAC3H         LINE#         682
  C:DAC3H         LINE#         684
  C:DACBH         LINE#         685
  C:DACBH         LINE#         686
  C:DAD6H         LINE#         687
  C:DAD6H         LINE#         688
  -------         ENDPROC       USBXCORE_SET_SOP
  -------         PROC          USBXCORE_USB_ISR
  C:BF46H         LINE#         699
  C:BF63H         LINE#         702
  C:BF69H         LINE#         703
  C:BF7CH         LINE#         706
  C:BF8FH         LINE#         709
  C:BF93H         LINE#         710
  C:BF93H         LINE#         711
  C:BF9EH         LINE#         712
  C:BF9EH         LINE#         714
  C:BFA5H         LINE#         715
  C:BFA5H         LINE#         716
  C:BFA8H         LINE#         717
BL51 BANKED LINKER/LOCATER V6.22                                                      08/05/2021  15:45:43  PAGE 48


  C:BFA8H         LINE#         719
  C:BFAFH         LINE#         720
  C:BFAFH         LINE#         721
  C:BFBCH         LINE#         722
  C:BFBCH         LINE#         723
  C:BFC3H         LINE#         724
  C:BFC3H         LINE#         725
  C:BFC3H         LINE#         727
  C:BFC3H         LINE#         728
  C:BFC3H         LINE#         730
  C:BFC3H         LINE#         732
  C:BFD6H         LINE#         734
  C:BFDAH         LINE#         735
  C:BFDAH         LINE#         736
  C:BFDDH         LINE#         737
  C:BFDDH         LINE#         740
  C:BFE4H         LINE#         741
  C:BFE4H         LINE#         742
  C:BFEFH         LINE#         748
  C:C002H         LINE#         749
  C:C007H         LINE#         750
  C:C007H         LINE#         751
  C:C00EH         LINE#         752
  C:C00EH         LINE#         754
  C:C00EH         LINE#         756
  C:C021H         LINE#         759
  C:C025H         LINE#         760
  C:C025H         LINE#         761
  C:C030H         LINE#         767
  C:C043H         LINE#         768
  C:C047H         LINE#         769
  C:C047H         LINE#         770
  C:C04EH         LINE#         771
  C:C04EH         LINE#         772
  C:C04EH         LINE#         775
  C:C05CH         LINE#         776
  C:C061H         LINE#         777
  C:C067H         LINE#         778
  C:C06CH         LINE#         781
  C:C079H         LINE#         782
  C:C079H         LINE#         783
  C:C07CH         LINE#         784
  C:C07CH         LINE#         785
  -------         ENDPROC       USBXCORE_USB_ISR
  -------         ENDMOD        USB_API

  -------         MODULE        USB_SUSPEND
  C:0000H         SYMBOL        _ICE_DUMMY_
  D:00D7H         PUBLIC        USB0XCN
  D:00C9H         PUBLIC        REG0CN
  C:D92BH         PUBLIC        USB_Suspend
  D:00A9H         PUBLIC        CLKSEL
  D:00B2H         PUBLIC        OSCICN
  D:00B9H         PUBLIC        CLKMUL
  -------         PROC          USB_SUSPEND
  C:D92BH         LINE#         70
  C:D92BH         LINE#         72
BL51 BANKED LINKER/LOCATER V6.22                                                      08/05/2021  15:45:43  PAGE 49


  C:D92EH         LINE#         74
  C:D931H         LINE#         76
  C:D939H         LINE#         79
  C:D93CH         LINE#         80
  C:D93FH         LINE#         81
  C:D942H         LINE#         82
  C:D945H         LINE#         84
  C:D946H         LINE#         86
  C:D949H         LINE#         88
  C:D94FH         LINE#         92
  C:D952H         LINE#         94
  C:D955H         LINE#         95
  -------         ENDPROC       USB_SUSPEND
  -------         ENDMOD        USB_SUSPEND

  -------         MODULE        USB_INT_ENABLE
  C:0000H         SYMBOL        _ICE_DUMMY_
  C:DA7EH         PUBLIC        USB_Int_Enable
  D:0096H         PUBLIC        USB0ADR
  D:0097H         PUBLIC        USB0DAT
  -------         PROC          USB_INT_ENABLE
  C:DA7EH         LINE#         68
  C:DA7EH         LINE#         71
  C:DA85H         LINE#         73
  C:DA8BH         LINE#         74
  C:DA8BH         LINE#         75
  C:DA96H         LINE#         77
  C:DA96H         LINE#         78
  -------         ENDPROC       USB_INT_ENABLE
  -------         ENDMOD        USB_INT_ENABLE

  -------         MODULE        USB_CLOCK_RECOVERY
  C:0000H         SYMBOL        _ICE_DUMMY_
  C:DB09H         PUBLIC        USBXcore_ClkRec
  D:0096H         PUBLIC        USB0ADR
  D:0097H         PUBLIC        USB0DAT
  -------         PROC          USBXCORE_CLKREC
  C:DB09H         LINE#         45
  C:DB09H         LINE#         47
  C:DB14H         LINE#         48
  -------         ENDPROC       USBXCORE_CLKREC
  -------         ENDMOD        USB_CLOCK_RECOVERY

  -------         MODULE        ?C?FPMUL
  C:AC9AH         PUBLIC        ?C?FPMUL
  -------         ENDMOD        ?C?FPMUL

  -------         MODULE        ?C?FCAST
  C:ADAAH         PUBLIC        ?C?FCASTC
  C:ADA5H         PUBLIC        ?C?FCASTI
  C:ADA0H         PUBLIC        ?C?FCASTL
  -------         ENDMOD        ?C?FCAST

  -------         MODULE        ?C?CASTF
  C:ADDEH         PUBLIC        ?C?CASTF
  -------         ENDMOD        ?C?CASTF

BL51 BANKED LINKER/LOCATER V6.22                                                      08/05/2021  15:45:43  PAGE 50


  -------         MODULE        ?C?COPY
  C:AF2FH         PUBLIC        ?C?COPY
  -------         ENDMOD        ?C?COPY

  -------         MODULE        ?C?CLDPTR
  C:AF55H         PUBLIC        ?C?CLDPTR
  -------         ENDMOD        ?C?CLDPTR

  -------         MODULE        ?C?CLDOPTR
  C:AF6EH         PUBLIC        ?C?CLDOPTR
  -------         ENDMOD        ?C?CLDOPTR

  -------         MODULE        ?C?IMUL
  C:AF9BH         PUBLIC        ?C?IMUL
  -------         ENDMOD        ?C?IMUL

  -------         MODULE        ?C?IILDX
  C:AFADH         PUBLIC        ?C?IILDX
  -------         ENDMOD        ?C?IILDX

  -------         MODULE        ?C?ILDOPTR
  C:AFC3H         PUBLIC        ?C?ILDOPTR
  -------         ENDMOD        ?C?ILDOPTR

  -------         MODULE        ?C?LMUL
  C:AFFBH         PUBLIC        ?C?LMUL
  -------         ENDMOD        ?C?LMUL

  -------         MODULE        ?C?ULDIV
  C:B086H         PUBLIC        ?C?ULDIV
  -------         ENDMOD        ?C?ULDIV

  -------         MODULE        ?C?LNEG
  C:B118H         PUBLIC        ?C?LNEG
  -------         ENDMOD        ?C?LNEG

  -------         MODULE        ?C?ULCMP
  C:B126H         PUBLIC        ?C?ULCMP
  -------         ENDMOD        ?C?ULCMP

  -------         MODULE        ?C?ULSHR
  C:B137H         PUBLIC        ?C?ULSHR
  -------         ENDMOD        ?C?ULSHR

  -------         MODULE        ?C?LSHL
  C:B14AH         PUBLIC        ?C?LSHL
  -------         ENDMOD        ?C?LSHL

  -------         MODULE        ?C?LLDIPDATA
  C:B166H         PUBLIC        ?C?LLDIPDATA
  C:B15DH         PUBLIC        ?C?LLDIPDATA1
  C:B15FH         PUBLIC        ?C?LLDIPDATA8
  -------         ENDMOD        ?C?LLDIPDATA

  -------         MODULE        ?C?LSTXDATA
  C:B17DH         PUBLIC        ?C?LSTXDATA
  -------         ENDMOD        ?C?LSTXDATA
BL51 BANKED LINKER/LOCATER V6.22                                                      08/05/2021  15:45:43  PAGE 51



  -------         MODULE        ?C?LSTPDATA
  C:B189H         PUBLIC        ?C?LSTPDATA
  -------         ENDMOD        ?C?LSTPDATA

  -------         MODULE        ?C?LSTKXDATA
  C:B195H         PUBLIC        ?C?LSTKXDATA
  -------         ENDMOD        ?C?LSTKXDATA

  -------         MODULE        ?C?LSTKPDATA
  C:B1C6H         PUBLIC        ?C?LSTKPDATA
  -------         ENDMOD        ?C?LSTKPDATA

  -------         MODULE        ?C_PBP
  D:0008H         PUBLIC        ?C_PBP
  -------         ENDMOD        ?C_PBP

*** WARNING L14: INCOMPATIBLE MEMORY MODEL
    MODULE:  .\USBX_F34X.LIB (USB_API)
    MODEL:   SMALL

*** WARNING L14: INCOMPATIBLE MEMORY MODEL
    MODULE:  .\USBX_F34X.LIB (USB_SUSPEND)
    MODEL:   SMALL

*** WARNING L14: INCOMPATIBLE MEMORY MODEL
    MODULE:  .\USBX_F34X.LIB (USB_INT_ENABLE)
    MODEL:   SMALL

*** WARNING L14: INCOMPATIBLE MEMORY MODEL
    MODULE:  .\USBX_F34X.LIB (USB_CLOCK_RECOVERY)
    MODEL:   SMALL

*** WARNING L16: UNCALLED SEGMENT, IGNORED FOR OVERLAY PROCESS
    SEGMENT: ?PR?SD_INIT?MMC_SD

*** WARNING L16: UNCALLED SEGMENT, IGNORED FOR OVERLAY PROCESS
    SEGMENT: ?PR?_DISPPIC?LCD

*** WARNING L16: UNCALLED SEGMENT, IGNORED FOR OVERLAY PROCESS
    SEGMENT: ?PR?_DISPPICFROMSD?LCD

*** WARNING L16: UNCALLED SEGMENT, IGNORED FOR OVERLAY PROCESS
    SEGMENT: ?PR?DISPSCALEHOR1?LCD

*** WARNING L16: UNCALLED SEGMENT, IGNORED FOR OVERLAY PROCESS
    SEGMENT: ?PR?DISPSCALEVER?LCD

*** WARNING L16: UNCALLED SEGMENT, IGNORED FOR OVERLAY PROCESS
    SEGMENT: ?PR?DISPSCALEVER_RED?LCD

*** WARNING L16: UNCALLED SEGMENT, IGNORED FOR OVERLAY PROCESS
    SEGMENT: ?PR?DISPSCALEVER_GREEN?LCD

*** WARNING L16: UNCALLED SEGMENT, IGNORED FOR OVERLAY PROCESS
    SEGMENT: ?PR?DISPSCALEVER_BLUE?LCD

BL51 BANKED LINKER/LOCATER V6.22                                                      08/05/2021  15:45:43  PAGE 52


*** WARNING L16: UNCALLED SEGMENT, IGNORED FOR OVERLAY PROCESS
    SEGMENT: ?PR?DISPSCALEVER_GRAY?LCD

*** WARNING L16: UNCALLED SEGMENT, IGNORED FOR OVERLAY PROCESS
    SEGMENT: ?PR?DISPGRAYHOR32?LCD

*** WARNING L16: UNCALLED SEGMENT, IGNORED FOR OVERLAY PROCESS
    SEGMENT: ?PR?DISPSCALEHOR2?LCD

*** WARNING L16: UNCALLED SEGMENT, IGNORED FOR OVERLAY PROCESS
    SEGMENT: ?PR?_DRAWGIRD?LCD

*** WARNING L15: MULTIPLE CALL TO SEGMENT
    SEGMENT: ?PR?_WRITECOMM?LCD
    CALLER1: ?PR?USB_API_TEST_ISR?MAIN
    CALLER2: ?C_C51STARTUP

*** WARNING L15: MULTIPLE CALL TO SEGMENT
    SEGMENT: ?PR?_WRITEDATA?LCD
    CALLER1: ?PR?USB_API_TEST_ISR?MAIN
    CALLER2: ?C_C51STARTUP

Program Size: data=10.0 xdata=1219 code=56101
LINK/LOCATE RUN COMPLETE.  18 WARNING(S),  0 ERROR(S)
