BL51 BANKED LINKER/LOCATER V6.22                                                        08/05/2021  15:49:06  PAGE 1


BL51 BANKED LINKER/LOCATER V6.22, INVOKED BY:
D:\KEIL\C51\BIN\BL51.EXE main.obj, mmc_sd.obj, lcd.obj, tp.obj, .\USBX_F34X.LIB TO GC9304_ZT_CTC24_3W2L RAMSIZE (256)


MEMORY MODEL: COMPACT WITH FLOATING POINT ARITHMETIC


INPUT MODULES INCLUDED:
  main.obj (MAIN)
  mmc_sd.obj (MMC_SD)
  lcd.obj (LCD)
  tp.obj (TP)
  .\USBX_F34X.LIB (USB_API)
  .\USBX_F34X.LIB (USB_CLOCK_START)
  .\USBX_F34X.LIB (USB_SUSPEND)
  .\USBX_F34X.LIB (GET_INTERRUPT_SOURCE)
  .\USBX_F34X.LIB (BLOCK_READ)
  .\USBX_F34X.LIB (BLOCK_WRITE)
  .\USBX_F34X.LIB (USB_INT_ENABLE)
  .\USBX_F34X.LIB (USB_CLOCK_RECOVERY)
  .\USBX_F34X.LIB (USB_JUMP_ISR)
  D:\KEIL\C51\LIB\C51FPC.LIB (?C?FPMUL)
  D:\KEIL\C51\LIB\C51FPC.LIB (?C?FCAST)
  D:\KEIL\C51\LIB\C51FPC.LIB (?C?CASTF)
  D:\KEIL\C51\LIB\C51FPC.LIB (?C?FPGETOPN)
  D:\KEIL\C51\LIB\C51C.LIB (?C_STARTUP)
  D:\KEIL\C51\LIB\C51C.LIB (?C?COPY)
  D:\KEIL\C51\LIB\C51C.LIB (?C?CLDPTR)
  D:\KEIL\C51\LIB\C51C.LIB (?C?CLDOPTR)
  D:\KEIL\C51\LIB\C51C.LIB (?C?IMUL)
  D:\KEIL\C51\LIB\C51C.LIB (?C?IILDX)
  D:\KEIL\C51\LIB\C51C.LIB (?C?ILDOPTR)
  D:\KEIL\C51\LIB\C51C.LIB (?C?LMUL)
  D:\KEIL\C51\LIB\C51C.LIB (?C?ULDIV)
  D:\KEIL\C51\LIB\C51C.LIB (?C?LNEG)
  D:\KEIL\C51\LIB\C51C.LIB (?C?ULCMP)
  D:\KEIL\C51\LIB\C51C.LIB (?C?ULSHR)
  D:\KEIL\C51\LIB\C51C.LIB (?C?LSHL)
  D:\KEIL\C51\LIB\C51C.LIB (?C?LLDIPDATA)
  D:\KEIL\C51\LIB\C51C.LIB (?C?LSTXDATA)
  D:\KEIL\C51\LIB\C51C.LIB (?C?LSTPDATA)
  D:\KEIL\C51\LIB\C51C.LIB (?C?LSTKXDATA)
  D:\KEIL\C51\LIB\C51C.LIB (?C?LSTKPDATA)
  D:\KEIL\C51\LIB\C51C.LIB (?C_PBP)
  D:\KEIL\C51\LIB\C51C.LIB (?C_INIT)


LINK MAP OF MODULE:  GC9304_ZT_CTC24_3W2L (MAIN)


            TYPE    BASE      LENGTH    RELOCATION   SEGMENT NAME
            -----------------------------------------------------

            * * * * * * *   D A T A   M E M O R Y   * * * * * * *
            REG     0000H     0008H     ABSOLUTE     "REG BANK 0"
            DATA    0008H     0001H     UNIT         ?C?LIB_DATA
            IDATA   0009H     0001H     UNIT         ?STACK

BL51 BANKED LINKER/LOCATER V6.22                                                      08/05/2021  15:49:06  PAGE 2


            * * * * * * *  X D A T A   M E M O R Y  * * * * * * *
            XDATA   0000H     0010H     INPAGE       ?PD?MAIN
            XDATA   0010H     0004H     INPAGE       ?PD?_MMC_SD_READSINGLEBLOCK?MMC_SD
            XDATA   0014H     0005H     INPAGE       ?PD?_DISPPIC?LCD
            XDATA   0019H     000DH     INPAGE       ?PD?_DISPPICFROMSD?LCD
            XDATA   0026H     0004H     INPAGE       ?PD?DISPSCALEHOR1?LCD
            XDATA   002AH     0004H     INPAGE       ?PD?DISPSCALEVER?LCD
            XDATA   002EH     0004H     INPAGE       ?PD?DISPSCALEVER_RED?LCD
            XDATA   0032H     0004H     INPAGE       ?PD?DISPSCALEVER_GREEN?LCD
            XDATA   0036H     0004H     INPAGE       ?PD?DISPSCALEVER_BLUE?LCD
            XDATA   003AH     0004H     INPAGE       ?PD?DISPSCALEVER_GRAY?LCD
            XDATA   003EH     0004H     INPAGE       ?PD?DISPGRAYHOR32?LCD
            XDATA   0042H     0002H     INPAGE       ?PD?DISPSCALEHOR2?LCD
            XDATA   0044H     000CH     INPAGE       ?PD?_DRAWLINE?LCD
            XDATA   0050H     0004H     INPAGE       ?PD?_DRAWGIRD?LCD
            XDATA   0054H     0002H     INPAGE       ?PD?LCD
            XDATA   0056H     0024H     INPAGE       _PDATA_GROUP_
            XDATA   007AH     0200H     UNIT         ?XD?MMC_SD
            XDATA   027AH     0058H     UNIT         _XDATA_GROUP_
            XDATA   02D2H     0040H     UNIT         ?XD?MAIN
                    0312H     032EH                  *** GAP ***
            XDATA   0640H     0100H     ABSOLUTE     
            XDATA   0740H     0012H     ABSOLUTE     
            XDATA   0752H     0020H     ABSOLUTE     
            XDATA   0772H     000CH     ABSOLUTE     
            XDATA   077EH     0008H     ABSOLUTE     
            XDATA   0786H     0001H     ABSOLUTE     
            XDATA   0787H     0003H     ABSOLUTE     
            XDATA   078AH     0002H     ABSOLUTE     
            XDATA   078CH     0002H     ABSOLUTE     
            XDATA   078EH     0003H     ABSOLUTE     
            XDATA   0791H     0001H     ABSOLUTE     
            XDATA   0792H     0001H     ABSOLUTE     
            XDATA   0793H     0001H     ABSOLUTE     
            XDATA   0794H     0001H     ABSOLUTE     
            XDATA   0795H     0002H     ABSOLUTE     
            XDATA   0797H     0002H     ABSOLUTE     
            XDATA   0799H     0001H     ABSOLUTE     
            XDATA   079AH     0001H     ABSOLUTE     
            XDATA   079BH     0001H     ABSOLUTE     
            XDATA   079CH     0001H     ABSOLUTE     
            XDATA   079DH     0001H     ABSOLUTE     
            XDATA   079EH     0001H     ABSOLUTE     
            XDATA   079FH     0002H     ABSOLUTE     
            XDATA   07A1H     0001H     ABSOLUTE     
            XDATA   07A2H     0001H     ABSOLUTE     
            XDATA   07A3H     000CH     ABSOLUTE     
                    07AFH     0011H                  *** GAP ***
            XDATA   07C0H     0040H     ABSOLUTE     

            * * * * * * *   C O D E   M E M O R Y   * * * * * * *
            CODE    0000H     0003H     ABSOLUTE     
            CODE    0003H     003AH     UNIT         ?CO?USB_API
            CODE    003DH     0003H     UNIT         ?PR?SUSPEND_DEVICE?MAIN
                    0040H     0003H                  *** GAP ***
            CODE    0043H     0003H     ABSOLUTE     
            CODE    0046H     0044H     UNIT         ?PR?_DISPCOLOR?LCD
BL51 BANKED LINKER/LOCATER V6.22                                                      08/05/2021  15:49:06  PAGE 3


                    008AH     0001H                  *** GAP ***
            CODE    008BH     0003H     ABSOLUTE     
            CODE    008EH     A600H     UNIT         ?CO?LCD
            CODE    A68EH     060CH     UNIT         ?PR?CONNTOUSB?MAIN
            CODE    AC9AH     0545H     UNIT         ?C?LIB_CODE
            CODE    B1DFH     0233H     UNIT         ?PR?USBXCORE_HANDLE_SETUP?USB_API
            CODE    B412H     0232H     UNIT         ?PR?_LCD_READ_IC_ID?LCD
            CODE    B644H     0228H     UNIT         ?PR?DISPSCALEHOR1?LCD
            CODE    B86CH     01FEH     UNIT         ?PR?LCD_INIT?LCD
            CODE    BA6AH     01BCH     UNIT         ?PR?DISPSCALEHOR2?LCD
            CODE    BC26H     01A0H     UNIT         ?PR?TP_DRAWLINE?TP
            CODE    BDC6H     0190H     UNIT         ?PR?DISPBAND?LCD
            CODE    BF56H     0151H     UNIT         ?PR?USBXCORE_USB_ISR?USB_API
            CODE    C0A7H     013DH     UNIT         ?PR?USB_API_TEST_ISR?MAIN
            CODE    C1E4H     0137H     UNIT         ?PR?_USB_INIT?USB_API
            CODE    C31BH     012AH     UNIT         ?PR?DISPSCALEVER?LCD
            CODE    C445H     011BH     UNIT         ?PR?_TP_GETPOSITION?TP
            CODE    C560H     0111H     UNIT         ?PR?_BLOCK_WRITE?BLOCK_WRITE
            CODE    C671H     00E9H     UNIT         ?PR?_DISPPICFROMSD?LCD
            CODE    C75AH     00CDH     UNIT         ?PR?USBXCORE_VENDOR_USB_API?USB_API
            CODE    C827H     00CBH     UNIT         ?PR?_DISPONECHAR?LCD
            CODE    C8F2H     00B7H     UNIT         ?PR?MMC_SD_RESET?MMC_SD
            CODE    C9A9H     00B3H     UNIT         ?PR?_DISPINT?LCD
            CODE    CA5CH     00B2H     UNIT         ?PR?USBXCORE_GET_DESCRIPTOR?USB_API
            CODE    CB0EH     00AFH     UNIT         ?PR?_BLOCK_READ?BLOCK_READ
            CODE    CBBDH     00AAH     UNIT         ?PR?DISPFRAME?LCD
            CODE    CC67H     00A2H     UNIT         ?PR?DISPSCALEVER_GREEN?LCD
            CODE    CD09H     009BH     UNIT         ?PR?DISPGRAYHOR16?LCD
            CODE    CDA4H     0099H     UNIT         ?PR?_?BLOCKWRITE?LCD
            CODE    CE3DH     0096H     UNIT         ?PR?_DISPSTR?LCD
            CODE    CED3H     0093H     UNIT         ?PR?DISPSCALEVER_RED?LCD
            CODE    CF66H     0093H     UNIT         ?PR?DISPSCALEVER_GRAY?LCD
            CODE    CFF9H     0090H     UNIT         ?PR?_DRAWGIRD?LCD
            CODE    D089H     008CH     UNIT         ?C_C51STARTUP
            CODE    D115H     0088H     UNIT         ?PR?DISPSCALEVER_BLUE?LCD
            CODE    D19DH     0086H     UNIT         ?PR?_DRAWLINE?LCD
            CODE    D223H     007DH     UNIT         ?PR?_MMC_SD_WRITESINGLEBLOCK?MMC_SD
            CODE    D2A0H     0076H     UNIT         ?PR?DISPGRAYHOR32?LCD
            CODE    D316H     0075H     UNIT         ?PR?_MMC_SD_SENDCOMMAND?MMC_SD
            CODE    D38BH     0073H     UNIT         ?PR?TP_READ?TP
            CODE    D3FEH     0073H     UNIT         ?PR?USBXCORE_GET_STATUS?USB_API
            CODE    D471H     006CH     UNIT         ?PR?DEVICES_INIT?MAIN
            CODE    D4DDH     0064H     UNIT         ?PR?_MMC_SD_READSINGLEBLOCK?MMC_SD
            CODE    D541H     0061H     UNIT         ?PR?_DISPPIC?LCD
            CODE    D5A2H     005BH     UNIT         ?PR?_TOORD?LCD
            CODE    D5FDH     005AH     UNIT         ?PR?USBXCORE_SET_CONFIGURATION?USB_API
            CODE    D657H     0058H     UNIT         ?PR?USBXCORE_CLEAR_FEATURE?USB_API
            CODE    D6AFH     0057H     UNIT         ?PR?USBXCORE_SET_FEATURE?USB_API
            CODE    D706H     0055H     UNIT         ?PR?_STOPDELAY?MAIN
            CODE    D75BH     0052H     UNIT         ?PR?_PUTPIXEL?LCD
            CODE    D7ADH     0050H     UNIT         ?CO?MAIN
            CODE    D7FDH     0047H     UNIT         ?PR?USBXCORE_GET_CONFIGURATION?USB_API
            CODE    D844H     0043H     UNIT         ?PR?MCU_INIT?MAIN
            CODE    D887H     0041H     UNIT         ?PR?_WRITEDISPDATA?LCD
            CODE    D8C8H     0038H     UNIT         ?PR?USB_CLOCK_START?USB_CLOCK_START
            CODE    D900H     0033H     UNIT         ?PR?MAIN?MAIN
            CODE    D933H     0033H     UNIT         ?PR?_WRITEDATA?LCD
BL51 BANKED LINKER/LOCATER V6.22                                                      08/05/2021  15:49:06  PAGE 4


            CODE    D966H     002FH     UNIT         ?PR?_WRITECOMM?LCD
            CODE    D995H     002DH     UNIT         ?C_INITSEG
            CODE    D9C2H     002BH     UNIT         ?PR?USB_SUSPEND?USB_SUSPEND
            CODE    D9EDH     0027H     UNIT         ?PR?USBXCORE_USB_RESET?USB_API
            CODE    DA14H     0027H     UNIT         ?PR?USBXCORE_GET_INTERFACE?USB_API
            CODE    DA3BH     0026H     UNIT         ?PR?_TP_WRITE?TP
            CODE    DA61H     0022H     UNIT         ?PR?USBXCORE_JUMP_ISR?USB_JUMP_ISR
            CODE    DA83H     0020H     UNIT         ?PR?USBXCORE_SET_ADDRESS?USB_API
            CODE    DAA3H     001FH     UNIT         ?PR?_DELAY?MAIN
            CODE    DAC2H     001DH     UNIT         ?PR?USBXCORE_FORCE_STALL?USB_API
            CODE    DADFH     0019H     UNIT         ?PR?USB_INT_ENABLE?USB_INT_ENABLE
            CODE    DAF8H     0016H     UNIT         ?PR?_SPI_WRITEBYTE?MMC_SD
            CODE    DB0EH     0016H     UNIT         ?PR?READDATA?LCD
            CODE    DB24H     0014H     UNIT         ?PR?USBXCORE_SET_SOP?USB_API
            CODE    DB38H     0013H     UNIT         ?PR?WAITKEY?MAIN
            CODE    DB4BH     0011H     UNIT         ?PR?SD_INIT?MMC_SD
            CODE    DB5CH     000EH     UNIT         ?PR?GET_INTERRUPT_SOURCE?GET_INTERRUPT_SOURCE
            CODE    DB6AH     000CH     UNIT         ?PR?USBXCORE_CLKREC?USB_CLOCK_RECOVERY
            CODE    DB76H     000BH     UNIT         ?PR?SPI_READBYTE?MMC_SD
            CODE    DB81H     0009H     UNIT         ?PR?_WRITEONEDOT?LCD



OVERLAY MAP OF MODULE:   GC9304_ZT_CTC24_3W2L (MAIN)


SEGMENT                                            PDATA_GROUP         XDATA_GROUP
  +--> CALLED SEGMENT                            START    LENGTH     START    LENGTH
------------------------------------------------------------------------------------
?PR?USB_API_TEST_ISR?MAIN                        0056H    0001H      -----    -----
  +--> ?PR?GET_INTERRUPT_SOURCE?GET_INTERRUP...
  +--> ?PR?_BLOCK_READ?BLOCK_READ
  +--> ?PR?SUSPEND_DEVICE?MAIN
  +--> ?PR?MCU_INIT?MAIN
  +--> ?PR?_?BLOCKWRITE?LCD

?PR?SUSPEND_DEVICE?MAIN                          -----    -----      -----    -----
  +--> ?PR?USB_SUSPEND?USB_SUSPEND

?PR?USB_SUSPEND?USB_SUSPEND                      -----    -----      -----    -----
  +--> ?PR?USB_CLOCK_START?USB_CLOCK_START

?PR?_?BLOCKWRITE?LCD                             -----    -----      -----    -----
  +--> ?PR?_WRITECOMM?LCD
  +--> ?PR?_WRITEDATA?LCD

?PR?_WRITECOMM?LCD                               0079H    0001H      -----    -----

?PR?_WRITEDATA?LCD                               0079H    0001H      -----    -----

*** NEW ROOT ***************************************************

?PR?USBXCORE_USB_ISR?USB_API                     -----    -----      -----    -----
  +--> ?PR?USBXCORE_USB_RESET?USB_API
  +--> ?PR?USBXCORE_HANDLE_SETUP?USB_API
  +--> ?PR?USBXCORE_JUMP_ISR?USB_JUMP_ISR

BL51 BANKED LINKER/LOCATER V6.22                                                      08/05/2021  15:49:06  PAGE 5


?PR?USBXCORE_HANDLE_SETUP?USB_API                -----    -----      -----    -----
  +--> ?PR?USBXCORE_GET_STATUS?USB_API
  +--> ?PR?USBXCORE_CLEAR_FEATURE?USB_API
  +--> ?PR?USBXCORE_VENDOR_USB_API?USB_API
  +--> ?PR?USBXCORE_SET_FEATURE?USB_API
  +--> ?PR?USBXCORE_SET_ADDRESS?USB_API
  +--> ?PR?USBXCORE_GET_DESCRIPTOR?USB_API
  +--> ?PR?USBXCORE_GET_CONFIGURATION?USB_API
  +--> ?PR?USBXCORE_SET_CONFIGURATION?USB_API
  +--> ?PR?USBXCORE_GET_INTERFACE?USB_API
  +--> ?PR?USBXCORE_SET_SOP?USB_API
  +--> ?PR?USBXCORE_FORCE_STALL?USB_API

?PR?USBXCORE_GET_STATUS?USB_API                  -----    -----      -----    -----
  +--> ?CO?USB_API
  +--> ?PR?USBXCORE_FORCE_STALL?USB_API
  +--> ?PR?USBXCORE_SET_SOP?USB_API

?PR?USBXCORE_CLEAR_FEATURE?USB_API               -----    -----      -----    -----
  +--> ?PR?USBXCORE_FORCE_STALL?USB_API
  +--> ?PR?USBXCORE_SET_SOP?USB_API

?PR?USBXCORE_VENDOR_USB_API?USB_API              -----    -----      -----    -----
  +--> ?PR?USBXCORE_SET_SOP?USB_API

?PR?USBXCORE_SET_FEATURE?USB_API                 -----    -----      -----    -----
  +--> ?PR?USBXCORE_FORCE_STALL?USB_API
  +--> ?PR?USBXCORE_SET_SOP?USB_API

?PR?USBXCORE_SET_ADDRESS?USB_API                 -----    -----      -----    -----
  +--> ?PR?USBXCORE_SET_SOP?USB_API

?PR?USBXCORE_GET_DESCRIPTOR?USB_API              -----    -----      -----    -----
  +--> ?PR?USBXCORE_FORCE_STALL?USB_API
  +--> ?PR?USBXCORE_SET_SOP?USB_API

?PR?USBXCORE_GET_CONFIGURATION?USB_API           -----    -----      -----    -----
  +--> ?CO?USB_API
  +--> ?PR?USBXCORE_SET_SOP?USB_API

?PR?USBXCORE_SET_CONFIGURATION?USB_API           -----    -----      -----    -----
  +--> ?PR?USBXCORE_SET_SOP?USB_API

?PR?USBXCORE_GET_INTERFACE?USB_API               -----    -----      -----    -----
  +--> ?CO?USB_API
  +--> ?PR?USBXCORE_SET_SOP?USB_API

*** NEW ROOT ***************************************************

?C_C51STARTUP                                    -----    -----      -----    -----
  +--> ?PR?MAIN?MAIN
  +--> ?C_INITSEG

?PR?MAIN?MAIN                                    -----    -----      -----    -----
  +--> ?PR?DEVICES_INIT?MAIN
  +--> ?PR?DISPFRAME?LCD
  +--> ?PR?_STOPDELAY?MAIN
BL51 BANKED LINKER/LOCATER V6.22                                                      08/05/2021  15:49:06  PAGE 6


  +--> ?PR?WAITKEY?MAIN
  +--> ?PR?DISPBAND?LCD
  +--> ?PR?DISPGRAYHOR16?LCD
  +--> ?PR?_DISPCOLOR?LCD
  +--> ?PR?TP_DRAWLINE?TP

?PR?DEVICES_INIT?MAIN                            -----    -----      -----    -----
  +--> ?PR?MCU_INIT?MAIN
  +--> ?PR?USB_CLOCK_START?USB_CLOCK_START
  +--> ?CO?MAIN
  +--> ?PR?_USB_INIT?USB_API
  +--> ?PR?USB_INT_ENABLE?USB_INT_ENABLE
  +--> ?PR?LCD_INIT?LCD

?PR?_USB_INIT?USB_API                            -----    -----      027AH    0011H
  +--> ?CO?USB_API
  +--> ?PR?USBXCORE_CLKREC?USB_CLOCK_RECOVERY

?PR?LCD_INIT?LCD                                 -----    -----      -----    -----
  +--> ?PR?READDATA?LCD
  +--> ?PR?_DELAY?MAIN
  +--> ?PR?_WRITECOMM?LCD
  +--> ?PR?_WRITEDATA?LCD

?PR?READDATA?LCD                                 -----    -----      -----    -----
  +--> ?PR?_LCD_READ_IC_ID?LCD

?PR?_LCD_READ_IC_ID?LCD                          0061H    0008H      -----    -----

?PR?DISPFRAME?LCD                                0058H    0002H      -----    -----
  +--> ?PR?_?BLOCKWRITE?LCD
  +--> ?PR?_WRITEDISPDATA?LCD

?PR?_STOPDELAY?MAIN                              0058H    0004H      -----    -----
  +--> ?PR?WAITKEY?MAIN
  +--> ?PR?_DELAY?MAIN

?PR?WAITKEY?MAIN                                 -----    -----      -----    -----
  +--> ?PR?CONNTOUSB?MAIN
  +--> ?PR?_DELAY?MAIN

?PR?CONNTOUSB?MAIN                               005CH    0005H      027AH    0058H
  +--> ?CO?MAIN
  +--> ?PR?_WRITECOMM?LCD
  +--> ?PR?_WRITEDATA?LCD
  +--> ?PR?_DISPSTR?LCD
  +--> ?PR?_DISPINT?LCD
  +--> ?PR?_WRITEDISPDATA?LCD
  +--> ?PR?_MMC_SD_WRITESINGLEBLOCK?MMC_SD
  +--> ?PR?_BLOCK_WRITE?BLOCK_WRITE
  +--> ?PR?READDATA?LCD
  +--> ?PR?_DELAY?MAIN

?PR?_DISPSTR?LCD                                 0061H    000BH      -----    -----
  +--> ?PR?_TOORD?LCD
  +--> ?PR?_DISPONECHAR?LCD

BL51 BANKED LINKER/LOCATER V6.22                                                      08/05/2021  15:49:06  PAGE 7


?PR?_DISPONECHAR?LCD                             006CH    000DH      -----    -----
  +--> ?PR?_?BLOCKWRITE?LCD
  +--> ?CO?LCD
  +--> ?PR?_WRITEONEDOT?LCD

?PR?_WRITEONEDOT?LCD                             -----    -----      -----    -----
  +--> ?PR?_WRITEDISPDATA?LCD

?PR?_DISPINT?LCD                                 0061H    000AH      -----    -----
  +--> ?PR?_DISPONECHAR?LCD

?PR?_MMC_SD_WRITESINGLEBLOCK?MMC_SD              0061H    0004H      -----    -----
  +--> ?PR?_MMC_SD_SENDCOMMAND?MMC_SD
  +--> ?PR?_SPI_WRITEBYTE?MMC_SD

?PR?_MMC_SD_SENDCOMMAND?MMC_SD                   0065H    0005H      -----    -----
  +--> ?PR?_SPI_WRITEBYTE?MMC_SD

?PR?DISPBAND?LCD                                 0058H    0005H      -----    -----
  +--> ?PR?_?BLOCKWRITE?LCD
  +--> ?PR?_WRITEDISPDATA?LCD

?PR?DISPGRAYHOR16?LCD                            0058H    0004H      -----    -----
  +--> ?PR?_?BLOCKWRITE?LCD
  +--> ?PR?_WRITEDISPDATA?LCD

?PR?_DISPCOLOR?LCD                               0058H    0004H      -----    -----
  +--> ?PR?_?BLOCKWRITE?LCD
  +--> ?PR?_WRITEDISPDATA?LCD

?PR?TP_DRAWLINE?TP                               -----    -----      027AH    0018H
  +--> ?PR?_DISPCOLOR?LCD
  +--> ?PR?_DELAY?MAIN
  +--> ?PR?_TP_GETPOSITION?TP
  +--> ?PR?_PUTPIXEL?LCD

?PR?_TP_GETPOSITION?TP                           -----    -----      0292H    001BH
  +--> ?PR?_TP_WRITE?TP
  +--> ?PR?TP_READ?TP

?PR?_TP_WRITE?TP                                 -----    -----      02ADH    0001H

?PR?TP_READ?TP                                   -----    -----      02ADH    0005H

?PR?_PUTPIXEL?LCD                                0058H    0002H      -----    -----
  +--> ?PR?_?BLOCKWRITE?LCD
  +--> ?PR?_WRITEDISPDATA?LCD



SYMBOL TABLE OF MODULE:  GC9304_ZT_CTC24_3W2L (MAIN)

  VALUE           TYPE          NAME
  ----------------------------------

  -------         MODULE        MAIN
  C:0000H         SYMBOL        _ICE_DUMMY_
BL51 BANKED LINKER/LOCATER V6.22                                                      08/05/2021  15:49:06  PAGE 8


  D:0080H         PUBLIC        P0
  X:0000H         PUBLIC        f_down
  D:0090H         PUBLIC        P1
  D:00A0H         PUBLIC        P2
  D:00B0H         PUBLIC        P3
  C:D7F8H         PUBLIC        USB_MaxPower
  B:00B0H.6       PUBLIC        KEY_STEP
  D:00A4H         PUBLIC        P0MDOUT
  D:00A5H         PUBLIC        P1MDOUT
  D:00A6H         PUBLIC        P2MDOUT
  D:00A7H         PUBLIC        P3MDOUT
  D:00AEH         PUBLIC        P4MDOUT
  B:0080H.6       PUBLIC        OE
  D:00D9H         PUBLIC        PCA0MD
  C:C0A7H         PUBLIC        USB_API_TEST_ISR
  C:003DH         PUBLIC        Suspend_Device
  C:D70AH         PUBLIC        _StopDelay
  D:00E1H         PUBLIC        XBR0
  D:00E2H         PUBLIC        XBR1
  B:00B0H.1       PUBLIC        RS
  C:D900H         PUBLIC        main
  X:0001H         PUBLIC        VerifyCode0
  X:0002H         PUBLIC        VerifyCode1
  C:D7C2H         PUBLIC        USB_PID
  X:0003H         PUBLIC        VerifyCode2
  D:00F1H         PUBLIC        P0MDIN
  D:00F2H         PUBLIC        P1MDIN
  C:D7C4H         PUBLIC        USB_MfrStr
  D:00F4H         PUBLIC        P3MDIN
  C:D7C0H         PUBLIC        USB_VID
  D:00F8H         PUBLIC        SPI0CN
  X:0004H         PUBLIC        pic
  C:D471H         PUBLIC        Devices_Init
  C:A68EH         PUBLIC        ConnToUSB
  D:00A9H         PUBLIC        CLKSEL
  D:00B2H         PUBLIC        OSCICN
  C:D7F9H         PUBLIC        USB_PwAttributes
  C:DB38H         PUBLIC        WaitKey
  C:D7FCH         SYMBOL        _?ix1000
  B:00B0H.0       PUBLIC        CS0
  X:0005H         PUBLIC        bf
  C:D7FAH         PUBLIC        USB_bcdDevice
  D:00B9H         PUBLIC        CLKMUL
  X:0007H         PUBLIC        f_debug
  X:0008H         PUBLIC        sd
  X:02D2H         PUBLIC        Packet
  C:D844H         PUBLIC        MCU_Init
  B:0080H.7       PUBLIC        DIR
  D:00EFH         PUBLIC        RSTSRC
  X:000CH         PUBLIC        f_read
  C:D7EEH         PUBLIC        USB_SerialStr
  X:000DH         PUBLIC        f_other
  C:D7DEH         PUBLIC        USB_ProductStr
  X:000EH         PUBLIC        f_para
  D:00A1H         PUBLIC        SPI0CFG
  C:DAA3H         PUBLIC        _Delay
  B:00B0H.7       PUBLIC        KEY_Stop
BL51 BANKED LINKER/LOCATER V6.22                                                      08/05/2021  15:49:06  PAGE 9


  X:000FH         PUBLIC        f_init
  -------         PROC          MAIN
  C:D900H         LINE#         40
  C:D900H         LINE#         41
  C:D900H         LINE#         46
  C:D903H         LINE#         48
  C:D906H         LINE#         49
  C:D906H         LINE#         54
  C:D90FH         LINE#         59
  C:D918H         LINE#         60
  C:D921H         LINE#         61
  C:D92DH         LINE#         82
  C:D930H         LINE#         84
  C:D932H         LINE#         85
  -------         ENDPROC       MAIN
  -------         PROC          _DELAY
  D:0006H         SYMBOL        dly
  -------         DO            
  D:0004H         SYMBOL        i
  D:0002H         SYMBOL        j
  -------         ENDDO         
  C:DAA3H         LINE#         88
  C:DAA3H         LINE#         89
  C:DAA3H         LINE#         92
  C:DAADH         LINE#         93
  C:DAC1H         LINE#         94
  -------         ENDPROC       _DELAY
  C:D706H         SYMBOL        L?0133
  -------         PROC          L?0132
  -------         ENDPROC       L?0132
  C:D706H         SYMBOL        L?0133
  -------         PROC          _STOPDELAY
  X:0058H         SYMBOL        sdly
  -------         DO            
  D:0006H         SYMBOL        i
  D:0004H         SYMBOL        j
  X:005AH         SYMBOL        k
  -------         ENDDO         
  C:D70AH         LINE#         96
  C:D711H         LINE#         97
  C:D711H         LINE#         99
  C:D716H         LINE#         100
  C:D716H         LINE#         101
  C:D719H         LINE#         102
  C:D719H         LINE#         103
  C:D726H         LINE#         104
  C:D73AH         LINE#         105
  C:D73AH         LINE#         107
  C:D73AH         LINE#         108
  C:D744H         LINE#         109
  C:D744H         LINE#         110
  C:D75AH         LINE#         111
  -------         ENDPROC       _STOPDELAY
  -------         PROC          WAITKEY
  C:DB38H         LINE#         140
  C:DB38H         LINE#         141
  C:DB38H         LINE#         143
BL51 BANKED LINKER/LOCATER V6.22                                                      08/05/2021  15:49:06  PAGE 10


  C:DB3BH         LINE#         144
  C:DB3BH         LINE#         146
  C:DB3EH         LINE#         148
  C:DB40H         LINE#         149
  C:DB47H         LINE#         150
  C:DB4AH         LINE#         152
  -------         ENDPROC       WAITKEY
  -------         PROC          CONNTOUSB
  -------         DO            
  X:005CH         SYMBOL        i
  X:027AH         SYMBOL        reg_data
  X:0292H         SYMBOL        para_data
  D:0007H         SYMBOL        dat
  X:005DH         SYMBOL        reg_index
  X:005FH         SYMBOL        data_num
  X:0060H         SYMBOL        st
  -------         ENDDO         
  C:A68EH         LINE#         158
  C:A68EH         LINE#         159
  C:A68EH         LINE#         166
  C:A6A1H         LINE#         168
  C:A6A9H         LINE#         169
  C:A6A9H         LINE#         170
  C:A6B7H         LINE#         171
  C:A6B7H         LINE#         172
  C:A6C8H         LINE#         173
  C:A6C8H         LINE#         174
  C:A6EEH         LINE#         175
  C:A6F0H         LINE#         176
  C:A704H         LINE#         177
  C:A704H         LINE#         178
  C:A72AH         LINE#         180
  C:A72AH         LINE#         181
  C:A72AH         LINE#         182
  C:A72AH         LINE#         184
  C:A72AH         LINE#         185
  C:A732H         LINE#         186
  C:A73CH         LINE#         187
  C:A746H         LINE#         189
  C:A762H         LINE#         191
  C:A76CH         LINE#         192
  C:A76CH         LINE#         193
  C:A77DH         LINE#         194
  C:A77DH         LINE#         195
  C:A78EH         LINE#         196
  C:A78EH         LINE#         197
  C:A7E1H         LINE#         198
  C:A7E3H         LINE#         199
  C:A7F9H         LINE#         200
  C:A7F9H         LINE#         201
  C:A84BH         LINE#         202
  C:A84BH         LINE#         203
  C:A84BH         LINE#         204
  C:A84BH         LINE#         206
  C:A84BH         LINE#         207
  C:A853H         LINE#         208
  C:A853H         LINE#         209
BL51 BANKED LINKER/LOCATER V6.22                                                      08/05/2021  15:49:06  PAGE 11


  C:A85DH         LINE#         210
  C:A867H         LINE#         212
  C:A86BH         LINE#         213
  C:A86EH         LINE#         217
  C:A876H         LINE#         218
  C:A876H         LINE#         219
  C:A885H         LINE#         220
  C:A885H         LINE#         221
  C:A887H         LINE#         223
  C:A889H         LINE#         224
  C:A8A5H         LINE#         225
  C:A8A7H         LINE#         227
  C:A8D0H         LINE#         228
  C:A8F4H         LINE#         229
  C:A8FEH         LINE#         230
  C:A8FEH         LINE#         231
  C:A906H         LINE#         232
  C:A90DH         LINE#         233
  C:A918H         LINE#         234
  C:A91EH         LINE#         235
  C:A91EH         LINE#         236
  C:A927H         LINE#         238
  C:A92BH         LINE#         239
  C:A937H         LINE#         240
  C:A93AH         LINE#         243
  C:A942H         LINE#         244
  C:A942H         LINE#         245
  C:A94BH         LINE#         246
  C:A94BH         LINE#         247
  C:A95BH         LINE#         248
  C:A95BH         LINE#         249
  C:A95DH         LINE#         251
  C:A95FH         LINE#         252
  C:A97BH         LINE#         253
  C:A97DH         LINE#         255
  C:A9A6H         LINE#         256
  C:A9CAH         LINE#         258
  C:A9D4H         LINE#         259
  C:A9D4H         LINE#         260
  C:A9DCH         LINE#         261
  C:A9E3H         LINE#         262
  C:A9EEH         LINE#         263
  C:A9F4H         LINE#         264
  C:A9F4H         LINE#         266
  C:A9FDH         LINE#         272
  C:A9FDH         LINE#         273
  C:AA0AH         LINE#         274
  C:AA0AH         LINE#         275
  C:AA0CH         LINE#         277
  C:AA0EH         LINE#         278
  C:AA2AH         LINE#         279
  C:AA2CH         LINE#         281
  C:AA34H         LINE#         282
  C:AA38H         LINE#         283
  C:AA44H         LINE#         284
  C:AA44H         LINE#         285
  C:AA47H         LINE#         288
BL51 BANKED LINKER/LOCATER V6.22                                                      08/05/2021  15:49:06  PAGE 12


  C:AA4FH         LINE#         289
  C:AA4FH         LINE#         290
  C:AA60H         LINE#         291
  C:AA60H         LINE#         292
  C:AA6DH         LINE#         293
  C:AA6DH         LINE#         294
  C:AA8BH         LINE#         295
  C:AA8DH         LINE#         296
  C:AA9DH         LINE#         297
  C:AA9DH         LINE#         298
  C:AABBH         LINE#         299
  C:AABDH         LINE#         300
  C:AACEH         LINE#         301
  C:AACEH         LINE#         302
  C:AAD8H         LINE#         303
  C:AAE2H         LINE#         304
  C:AAE2H         LINE#         305
  C:AAE2H         LINE#         306
  C:AAE2H         LINE#         308
  C:AAE2H         LINE#         309
  C:AAEBH         LINE#         310
  C:AAEFH         LINE#         311
  C:AAFBH         LINE#         312
  C:AAFEH         LINE#         315
  C:AB06H         LINE#         316
  C:AB06H         LINE#         317
  C:AB13H         LINE#         318
  C:AB24H         LINE#         320
  C:AB2DH         LINE#         321
  C:AB3CH         LINE#         323
  C:AB44H         LINE#         324
  C:AB44H         LINE#         325
  C:AB4DH         LINE#         326
  C:AB5CH         LINE#         327
  C:AB5CH         LINE#         328
  C:AB5FH         LINE#         329
  C:AB6EH         LINE#         330
  C:AB7AH         LINE#         331
  C:AB80H         LINE#         332
  C:AB80H         LINE#         334
  C:AB84H         LINE#         335
  C:AB93H         LINE#         337
  C:AB9AH         LINE#         338
  C:ABB6H         LINE#         339
  C:ABC0H         LINE#         340
  C:ABC0H         LINE#         341
  C:ABE6H         LINE#         342
  C:ABF9H         LINE#         343
  C:ABF9H         LINE#         344
  C:AC4BH         LINE#         345
  C:AC53H         LINE#         346
  C:AC53H         LINE#         347
  C:AC53H         LINE#         350
  C:AC58H         LINE#         351
  C:AC58H         LINE#         352
  C:AC65H         LINE#         353
  C:AC76H         LINE#         355
BL51 BANKED LINKER/LOCATER V6.22                                                      08/05/2021  15:49:06  PAGE 13


  C:AC7CH         LINE#         356
  C:AC80H         LINE#         357
  C:AC83H         LINE#         358
  C:AC87H         LINE#         360
  C:AC8BH         LINE#         361
  C:AC97H         LINE#         362
  C:AC99H         LINE#         363
  -------         ENDPROC       CONNTOUSB
  -------         PROC          MCU_INIT
  -------         DO            
  D:0007H         SYMBOL        n
  -------         ENDDO         
  C:D844H         LINE#         366
  C:D844H         LINE#         367
  C:D844H         LINE#         369
  C:D847H         LINE#         372
  C:D84AH         LINE#         373
  C:D84DH         LINE#         375
  C:D850H         LINE#         377
  C:D856H         LINE#         379
  C:D859H         LINE#         380
  C:D85EH         LINE#         381
  C:D861H         LINE#         383
  C:D864H         LINE#         386
  C:D867H         LINE#         387
  C:D86AH         LINE#         389
  C:D86DH         LINE#         390
  C:D870H         LINE#         392
  C:D873H         LINE#         393
  C:D876H         LINE#         395
  C:D879H         LINE#         396
  C:D87CH         LINE#         397
  C:D87EH         LINE#         398
  C:D880H         LINE#         400
  C:D883H         LINE#         401
  C:D886H         LINE#         403
  -------         ENDPROC       MCU_INIT
  -------         PROC          DEVICES_INIT
  C:D471H         LINE#         405
  C:D471H         LINE#         406
  C:D471H         LINE#         408
  C:D474H         LINE#         411
  C:D477H         LINE#         412
  C:D4D1H         LINE#         413
  C:D4D4H         LINE#         416
  C:D4D7H         LINE#         417
  C:D4DAH         LINE#         425
  -------         ENDPROC       DEVICES_INIT
  -------         PROC          SUSPEND_DEVICE
  C:003DH         LINE#         429
  C:003DH         LINE#         430
  C:003DH         LINE#         431
  -------         ENDPROC       SUSPEND_DEVICE
  -------         PROC          USB_API_TEST_ISR
  -------         DO            
  X:0056H         SYMBOL        INTVAL
  -------         ENDDO         
BL51 BANKED LINKER/LOCATER V6.22                                                      08/05/2021  15:49:06  PAGE 14


  C:C0A7H         LINE#         435
  C:C0C4H         LINE#         437
  C:C0CBH         LINE#         439
  C:C0D1H         LINE#         440
  C:C0D1H         LINE#         441
  C:C0DCH         LINE#         443
  C:C0F8H         LINE#         444
  C:C0F8H         LINE#         445
  C:C0FAH         LINE#         446
  C:C0FCH         LINE#         447
  C:C112H         LINE#         448
  C:C112H         LINE#         449
  C:C114H         LINE#         450
  C:C116H         LINE#         451
  C:C12EH         LINE#         452
  C:C12EH         LINE#         453
  C:C130H         LINE#         454
  C:C132H         LINE#         455
  C:C14CH         LINE#         456
  C:C14CH         LINE#         457
  C:C14EH         LINE#         458
  C:C150H         LINE#         459
  C:C165H         LINE#         460
  C:C165H         LINE#         461
  C:C167H         LINE#         462
  C:C169H         LINE#         464
  C:C169H         LINE#         465
  C:C16EH         LINE#         466
  C:C16EH         LINE#         467
  C:C16EH         LINE#         469
  C:C16EH         LINE#         470
  C:C16EH         LINE#         472
  C:C16EH         LINE#         474
  C:C174H         LINE#         475
  C:C174H         LINE#         476
  C:C177H         LINE#         477
  C:C177H         LINE#         479
  C:C17DH         LINE#         480
  C:C17DH         LINE#         481
  C:C180H         LINE#         482
  C:C180H         LINE#         484
  C:C186H         LINE#         485
  C:C186H         LINE#         486
  C:C1A2H         LINE#         487
  C:C1A2H         LINE#         489
  C:C1A8H         LINE#         490
  C:C1A8H         LINE#         491
  C:C1ADH         LINE#         492
  C:C1C9H         LINE#         493
  C:C1C9H         LINE#         494
  -------         ENDPROC       USB_API_TEST_ISR
  -------         ENDMOD        MAIN

  -------         MODULE        MMC_SD
  C:0000H         SYMBOL        _ICE_DUMMY_
  D:00A2H         PUBLIC        SPI0CKR
  D:0080H         PUBLIC        P0
BL51 BANKED LINKER/LOCATER V6.22                                                      08/05/2021  15:49:06  PAGE 15


  D:0090H         PUBLIC        P1
  D:00A0H         PUBLIC        P2
  D:00B0H         PUBLIC        P3
  C:D316H         PUBLIC        _MMC_SD_SendCommand
  C:D4DDH         PUBLIC        _MMC_SD_ReadSingleBlock
  C:DB4BH         PUBLIC        SD_Init
  C:D223H         PUBLIC        _MMC_SD_WriteSingleBlock
  B:00F8H.7       PUBLIC        SPIF
  B:00F8H.2       PUBLIC        NSSMD0
  C:C8F2H         PUBLIC        MMC_SD_Reset
  D:00A9H         PUBLIC        CLKSEL
  C:DB76H         PUBLIC        SPI_ReadByte
  C:DB04H         PUBLIC        _SPI_WriteByte
  D:00A3H         PUBLIC        SPI0DAT
  X:007AH         PUBLIC        buffer
  C:DAF8H         SYMBOL        L?0062
  C:DAFDH         SYMBOL        L?0063
  -------         PROC          L?0061
  -------         ENDPROC       L?0061
  C:DAF8H         SYMBOL        L?0062
  C:DAFDH         SYMBOL        L?0063
  -------         PROC          _SPI_WRITEBYTE
  D:0007H         SYMBOL        val
  -------         DO            
  D:0007H         SYMBOL        ret
  -------         ENDDO         
  C:DB04H         LINE#         7
  C:DB04H         LINE#         8
  C:DB04H         LINE#         11
  C:DB06H         LINE#         12
  C:DB09H         LINE#         13
  C:DB0BH         LINE#         14
  C:DB0DH         LINE#         15
  C:DB0DH         LINE#         16
  -------         ENDPROC       _SPI_WRITEBYTE
  -------         PROC          SPI_READBYTE
  -------         DO            
  D:0007H         SYMBOL        ret
  -------         ENDDO         
  C:DB76H         LINE#         18
  C:DB76H         LINE#         19
  C:DB76H         LINE#         22
  C:DB79H         LINE#         23
  C:DB7CH         LINE#         24
  C:DB7EH         LINE#         25
  C:DB80H         LINE#         26
  C:DB80H         LINE#         27
  -------         ENDPROC       SPI_READBYTE
  -------         PROC          _MMC_SD_SENDCOMMAND
  D:0006H         SYMBOL        cmd
  X:0066H         SYMBOL        arg
  -------         DO            
  D:0007H         SYMBOL        r1
  D:0003H         SYMBOL        retry
  -------         ENDDO         
  C:D316H         LINE#         29
  C:D318H         LINE#         30
BL51 BANKED LINKER/LOCATER V6.22                                                      08/05/2021  15:49:06  PAGE 16


  C:D318H         LINE#         32
  C:D31AH         LINE#         34
  C:D31AH         LINE#         35
  C:D31AH         LINE#         36
  C:D31DH         LINE#         37
  C:D31DH         LINE#         38
  C:D31DH         LINE#         39
  C:D320H         LINE#         41
  C:D322H         LINE#         43
  C:D329H         LINE#         44
  C:D33EH         LINE#         45
  C:D353H         LINE#         46
  C:D368H         LINE#         47
  C:D372H         LINE#         48
  C:D377H         LINE#         50
  C:D37FH         LINE#         51
  C:D388H         LINE#         53
  C:D38AH         LINE#         55
  C:D38AH         LINE#         56
  -------         ENDPROC       _MMC_SD_SENDCOMMAND
  -------         PROC          MMC_SD_RESET
  -------         DO            
  D:0005H         SYMBOL        i
  D:0002H         SYMBOL        retry
  D:0006H         SYMBOL        r1
  -------         ENDDO         
  C:C8F2H         LINE#         58
  C:C8F2H         LINE#         59
  C:C8F2H         LINE#         62
  C:C8F4H         LINE#         64
  C:C8F5H         LINE#         65
  C:C8F8H         LINE#         66
  C:C8FBH         LINE#         68
  C:C8FBH         LINE#         69
  C:C907H         LINE#         70
  C:C917H         LINE#         71
  C:C918H         LINE#         72
  C:C91EH         LINE#         73
  C:C922H         LINE#         75
  C:C924H         LINE#         77
  C:C924H         LINE#         79
  C:C924H         LINE#         80
  C:C934H         LINE#         81
  C:C935H         LINE#         82
  C:C93EH         LINE#         83
  C:C942H         LINE#         85
  C:C944H         LINE#         86
  C:C954H         LINE#         87
  C:C955H         LINE#         88
  C:C95EH         LINE#         89
  C:C961H         LINE#         91
  C:C964H         LINE#         92
  C:C964H         LINE#         93
  C:C966H         LINE#         95
  C:C966H         LINE#         96
  C:C976H         LINE#         97
  C:C977H         LINE#         98
BL51 BANKED LINKER/LOCATER V6.22                                                      08/05/2021  15:49:06  PAGE 17


  C:C980H         LINE#         99
  C:C983H         LINE#         100
  C:C983H         LINE#         101
  C:C993H         LINE#         103
  C:C9A1H         LINE#         104
  C:C9A4H         LINE#         105
  C:C9A7H         LINE#         106
  C:C9A8H         LINE#         107
  -------         ENDPROC       MMC_SD_RESET
  -------         PROC          _MMC_SD_READSINGLEBLOCK
  X:0010H         SYMBOL        sector
  -------         DO            
  D:0007H         SYMBOL        r1
  D:0004H         SYMBOL        i
  D:0002H         SYMBOL        retry
  -------         ENDDO         
  C:D4DDH         LINE#         109
  C:D4E2H         LINE#         110
  C:D4E2H         LINE#         113
  C:D4E4H         LINE#         115
  C:D4E7H         LINE#         117
  C:D4E7H         LINE#         118
  C:D503H         LINE#         119
  C:D504H         LINE#         120
  C:D50DH         LINE#         121
  C:D510H         LINE#         124
  C:D512H         LINE#         126
  C:D518H         LINE#         128
  C:D51BH         LINE#         129
  C:D51BH         LINE#         130
  C:D52AH         LINE#         131
  C:D537H         LINE#         133
  C:D537H         LINE#         134
  C:D53AH         LINE#         136
  C:D53CH         LINE#         137
  C:D53FH         LINE#         138
  C:D540H         LINE#         139
  -------         ENDPROC       _MMC_SD_READSINGLEBLOCK
  -------         PROC          _MMC_SD_WRITESINGLEBLOCK
  X:0061H         SYMBOL        sector
  -------         DO            
  D:0006H         SYMBOL        r1
  D:0004H         SYMBOL        i
  D:0002H         SYMBOL        retry
  -------         ENDDO         
  C:D223H         LINE#         141
  C:D228H         LINE#         142
  C:D228H         LINE#         145
  C:D22AH         LINE#         147
  C:D22DH         LINE#         149
  C:D22DH         LINE#         150
  C:D24BH         LINE#         151
  C:D24CH         LINE#         152
  C:D255H         LINE#         153
  C:D258H         LINE#         157
  C:D25AH         LINE#         159
  C:D25FH         LINE#         161
BL51 BANKED LINKER/LOCATER V6.22                                                      08/05/2021  15:49:06  PAGE 18


  C:D264H         LINE#         163
  C:D266H         LINE#         164
  C:D266H         LINE#         165
  C:D275H         LINE#         166
  C:D282H         LINE#         168
  C:D282H         LINE#         169
  C:D282H         LINE#         171
  C:D287H         LINE#         173
  C:D28EH         LINE#         174
  C:D28EH         LINE#         175
  C:D290H         LINE#         176
  C:D291H         LINE#         177
  C:D291H         LINE#         179
  C:D299H         LINE#         181
  C:D29BH         LINE#         182
  C:D29EH         LINE#         183
  C:D29FH         LINE#         184
  -------         ENDPROC       _MMC_SD_WRITESINGLEBLOCK
  -------         PROC          SD_INIT
  -------         DO            
  D:0001H         SYMBOL        n
  -------         ENDDO         
  C:DB4BH         LINE#         187
  C:DB4BH         LINE#         188
  C:DB4BH         LINE#         189
  C:DB4DH         LINE#         191
  C:DB53H         LINE#         192
  C:DB53H         LINE#         193
  C:DB54H         LINE#         194
  C:DB5BH         LINE#         196
  -------         ENDPROC       SD_INIT
  -------         ENDMOD        MMC_SD

  -------         MODULE        LCD
  C:0000H         SYMBOL        _ICE_DUMMY_
  D:0080H         PUBLIC        P0
  C:CBBDH         PUBLIC        DispFrame
  D:0090H         PUBLIC        P1
  C:CC67H         PUBLIC        DispScaleVer_Green
  D:00A0H         PUBLIC        P2
  D:00B0H         PUBLIC        P3
  C:BDC6H         PUBLIC        DispBand
  C:D937H         PUBLIC        _WriteData
  C:008EH         PUBLIC        ascii
  C:B412H         PUBLIC        _LCD_Read_IC_ID
  D:00A6H         PUBLIC        P2MDOUT
  C:0046H         PUBLIC        _DispColor
  C:D115H         PUBLIC        DispScaleVer_Blue
  C:CFF9H         PUBLIC        _DrawGird
  C:D19DH         PUBLIC        _DrawLine
  B:00D0H.7       PUBLIC        CY
  C:D966H         PUBLIC        _WriteComm
  C:D89CH         PUBLIC        _WriteDispData
  C:CF66H         PUBLIC        DispScaleVer_Gray
  B:00B0H.1       PUBLIC        RS
  B:00A0H.1       PUBLIC        SPI_CLK
  C:CED3H         PUBLIC        DispScaleVer_Red
BL51 BANKED LINKER/LOCATER V6.22                                                      08/05/2021  15:49:06  PAGE 19


  D:00F3H         PUBLIC        P2MDIN
  C:C31BH         PUBLIC        DispScaleVer
  C:D541H         PUBLIC        _DispPic
  C:C857H         PUBLIC        _DispOneChar
  C:D2A0H         PUBLIC        DispGrayHor32
  C:CD09H         PUBLIC        DispGrayHor16
  C:C9A9H         PUBLIC        _DispInt
  C:D75BH         PUBLIC        _PutPixel
  D:00A9H         PUBLIC        CLKSEL
  B:0090H.6       PUBLIC        RD0
  B:00B0H.0       PUBLIC        CS0
  C:068EH         PUBLIC        pic_eval
  X:0054H         PUBLIC        LCM_ID
  C:B86CH         PUBLIC        LCD_Init
  C:CE3DH         PUBLIC        _DispStr
  B:0090H.7       PUBLIC        WR0
  C:B644H         PUBLIC        DispScaleHor1
  B:00A0H.0       PUBLIC        SPI_DI
  C:DB81H         PUBLIC        _WriteOneDot
  C:BA6AH         PUBLIC        DispScaleHor2
  C:C671H         PUBLIC        _DispPicFromSD
  B:0080H.7       PUBLIC        DIR
  C:D5A2H         PUBLIC        _ToOrd
  B:0080H.5       PUBLIC        RST
  C:DB0EH         PUBLIC        ReadData
  C:CDBEH         PUBLIC        _?BlockWrite
  -------         PROC          _LCD_READ_IC_ID
  X:0061H         SYMBOL        ID
  D:0004H         SYMBOL        Bug
  D:0003H         SYMBOL        flog
  -------         DO            
  X:0062H         SYMBOL        id
  X:0064H         SYMBOL        id1
  X:0066H         SYMBOL        temp
  D:0005H         SYMBOL        i
  D:0007H         SYMBOL        dat
  D:0001H         SYMBOL        id2
  X:0068H         SYMBOL        id3
  D:0002H         SYMBOL        id4
  -------         ENDDO         
  C:B412H         LINE#         35
  C:B416H         LINE#         36
  C:B416H         LINE#         40
  C:B41EH         LINE#         41
  C:B41EH         LINE#         43
  C:B420H         LINE#         44
  C:B422H         LINE#         45
  C:B424H         LINE#         47
  C:B427H         LINE#         48
  C:B429H         LINE#         49
  C:B42BH         LINE#         50
  C:B42DH         LINE#         53
  C:B430H         LINE#         54
  C:B433H         LINE#         55
  C:B436H         LINE#         56
  C:B438H         LINE#         57
  C:B43AH         LINE#         58
BL51 BANKED LINKER/LOCATER V6.22                                                      08/05/2021  15:49:06  PAGE 20


  C:B43CH         LINE#         63
  C:B446H         LINE#         65
  C:B44CH         LINE#         66
  C:B454H         LINE#         68
  C:B45AH         LINE#         69
  C:B460H         LINE#         70
  C:B46AH         LINE#         72
  C:B470H         LINE#         73
  C:B472H         LINE#         75
  C:B478H         LINE#         77
  C:B47EH         LINE#         78
  C:B488H         LINE#         80
  C:B48EH         LINE#         81
  C:B493H         LINE#         83
  C:B499H         LINE#         85
  C:B4A3H         LINE#         86
  C:B4ADH         LINE#         88
  C:B4B3H         LINE#         89
  C:B4B5H         LINE#         91
  C:B4C5H         LINE#         92
  C:B4CFH         LINE#         94
  C:B4D2H         LINE#         95
  C:B4D6H         LINE#         96
  C:B4D6H         LINE#         97
  C:B4DFH         LINE#         98
  C:B4E5H         LINE#         99
  C:B4E5H         LINE#         100
  C:B4EFH         LINE#         101
  C:B4F1H         LINE#         102
  C:B4F5H         LINE#         103
  C:B4F5H         LINE#         104
  C:B504H         LINE#         105
  C:B504H         LINE#         108
  C:B504H         LINE#         109
  C:B50DH         LINE#         110
  C:B50DH         LINE#         112
  C:B510H         LINE#         113
  C:B514H         LINE#         114
  C:B516H         LINE#         115
  C:B518H         LINE#         116
  C:B51AH         LINE#         117
  C:B51AH         LINE#         118
  C:B51CH         LINE#         119
  C:B524H         LINE#         120
  C:B526H         LINE#         122
  C:B528H         LINE#         123
  C:B52CH         LINE#         124
  C:B531H         LINE#         125
  C:B534H         LINE#         128
  C:B53EH         LINE#         129
  C:B53EH         LINE#         130
  C:B540H         LINE#         131
  C:B540H         LINE#         132
  C:B542H         LINE#         133
  C:B544H         LINE#         134
  C:B546H         LINE#         135
  C:B55DH         LINE#         136
BL51 BANKED LINKER/LOCATER V6.22                                                      08/05/2021  15:49:06  PAGE 21


  C:B55FH         LINE#         137
  C:B561H         LINE#         138
  C:B568H         LINE#         139
  C:B572H         LINE#         140
  C:B572H         LINE#         141
  C:B574H         LINE#         142
  C:B574H         LINE#         143
  C:B576H         LINE#         144
  C:B578H         LINE#         145
  C:B57AH         LINE#         146
  C:B591H         LINE#         147
  C:B593H         LINE#         148
  C:B595H         LINE#         149
  C:B59AH         LINE#         150
  C:B59AH         LINE#         152
  C:B59CH         LINE#         153
  C:B59CH         LINE#         154
  C:B59EH         LINE#         155
  C:B5A0H         LINE#         156
  C:B5A2H         LINE#         157
  C:B5B9H         LINE#         158
  C:B5BBH         LINE#         159
  C:B5BDH         LINE#         160
  C:B5C2H         LINE#         162
  C:B5C4H         LINE#         163
  C:B5C4H         LINE#         164
  C:B5C6H         LINE#         165
  C:B5C8H         LINE#         166
  C:B5CAH         LINE#         167
  C:B5D4H         LINE#         168
  C:B5D6H         LINE#         169
  C:B5D8H         LINE#         170
  C:B5DDH         LINE#         172
  C:B5DFH         LINE#         173
  C:B5DFH         LINE#         174
  C:B5E1H         LINE#         175
  C:B5E3H         LINE#         176
  C:B5E5H         LINE#         177
  C:B5F1H         LINE#         178
  C:B5F3H         LINE#         179
  C:B5F5H         LINE#         180
  C:B5FAH         LINE#         181
  C:B5FDH         LINE#         182
  C:B5FFH         LINE#         183
  C:B601H         LINE#         184
  C:B603H         LINE#         185
  C:B605H         LINE#         186
  C:B607H         LINE#         187
  C:B609H         LINE#         189
  C:B60DH         LINE#         190
  C:B60DH         LINE#         191
  C:B61DH         LINE#         193
  C:B628H         LINE#         194
  C:B628H         LINE#         195
  C:B628H         LINE#         197
  C:B62EH         LINE#         198
  C:B62EH         LINE#         199
BL51 BANKED LINKER/LOCATER V6.22                                                      08/05/2021  15:49:06  PAGE 22


  C:B63AH         LINE#         200
  C:B63AH         LINE#         202
  C:B63AH         LINE#         203
  C:B63CH         LINE#         204
  C:B643H         LINE#         205
  -------         ENDPROC       _LCD_READ_IC_ID
  -------         PROC          _WRITECOMM
  D:0004H         SYMBOL        i
  -------         DO            
  D:0003H         SYMBOL        j
  X:0079H         SYMBOL        DataH
  -------         ENDDO         
  C:D966H         LINE#         208
  C:D96AH         LINE#         209
  C:D96AH         LINE#         211
  C:D96EH         LINE#         212
  C:D970H         LINE#         259
  C:D970H         LINE#         260
  C:D972H         LINE#         261
  C:D974H         LINE#         262
  C:D976H         LINE#         263
  C:D978H         LINE#         264
  C:D978H         LINE#         265
  C:D97CH         LINE#         266
  C:D980H         LINE#         268
  C:D982H         LINE#         269
  C:D989H         LINE#         270
  C:D98BH         LINE#         271
  C:D98DH         LINE#         272
  C:D992H         LINE#         273
  C:D992H         LINE#         319
  C:D994H         LINE#         320
  -------         ENDPROC       _WRITECOMM
  -------         PROC          L?0464
  -------         ENDPROC       L?0464
  -------         PROC          _WRITEDATA
  D:0004H         SYMBOL        i
  -------         DO            
  D:0003H         SYMBOL        j
  X:0079H         SYMBOL        DataH
  -------         ENDDO         
  C:D937H         LINE#         322
  C:D93BH         LINE#         323
  C:D93BH         LINE#         325
  C:D93FH         LINE#         326
  C:D941H         LINE#         420
  C:D941H         LINE#         449
  C:D943H         LINE#         450
  C:D945H         LINE#         451
  C:D947H         LINE#         452
  C:D949H         LINE#         453
  C:D949H         LINE#         454
  C:D94DH         LINE#         455
  C:D951H         LINE#         457
  C:D953H         LINE#         458
  C:D95AH         LINE#         459
  C:D95CH         LINE#         460
BL51 BANKED LINKER/LOCATER V6.22                                                      08/05/2021  15:49:06  PAGE 23


  C:D95EH         LINE#         462
  C:D963H         LINE#         464
  C:D963H         LINE#         513
  C:D965H         LINE#         514
  -------         ENDPROC       _WRITEDATA
  C:D887H         SYMBOL        L?0463
  -------         PROC          L?0462
  -------         ENDPROC       L?0462
  C:D887H         SYMBOL        L?0463
  -------         PROC          _WRITEDISPDATA
  D:0007H         SYMBOL        DataH
  D:0005H         SYMBOL        DataL
  -------         DO            
  D:0006H         SYMBOL        j
  -------         ENDDO         
  C:D89CH         LINE#         516
  C:D89CH         LINE#         517
  C:D89CH         LINE#         519
  C:D89EH         LINE#         577
  C:D89EH         LINE#         578
  C:D8A0H         LINE#         579
  C:D8A2H         LINE#         580
  C:D8A4H         LINE#         581
  C:D8A6H         LINE#         582
  C:D8A8H         LINE#         583
  C:D8A8H         LINE#         584
  C:D8AEH         LINE#         585
  C:D8B4H         LINE#         586
  C:D8BAH         LINE#         587
  C:D8C0H         LINE#         588
  C:D8C5H         LINE#         590
  C:D8C5H         LINE#         638
  C:D8C7H         LINE#         639
  -------         ENDPROC       _WRITEDISPDATA
  -------         PROC          _WRITEONEDOT
  D:0004H         SYMBOL        color
  C:DB81H         LINE#         641
  C:DB85H         LINE#         642
  C:DB85H         LINE#         655
  -------         ENDPROC       _WRITEONEDOT
  -------         PROC          LCD_INIT
  C:B86CH         LINE#         664
  C:B86CH         LINE#         665
  C:B86CH         LINE#         666
  C:B86FH         LINE#         669
  C:B871H         LINE#         670
  C:B878H         LINE#         672
  C:B87AH         LINE#         673
  C:B881H         LINE#         675
  C:B883H         LINE#         676
  C:B88AH         LINE#         3334
  C:B891H         LINE#         3335
  C:B896H         LINE#         3337
  C:B89BH         LINE#         3338
  C:B8A0H         LINE#         3339
  C:B8A5H         LINE#         3340
  C:B8AAH         LINE#         3342
BL51 BANKED LINKER/LOCATER V6.22                                                      08/05/2021  15:49:06  PAGE 24


  C:B8AFH         LINE#         3343
  C:B8B4H         LINE#         3344
  C:B8B7H         LINE#         3346
  C:B8BCH         LINE#         3347
  C:B8C1H         LINE#         3348
  C:B8C4H         LINE#         3350
  C:B8C9H         LINE#         3351
  C:B8CEH         LINE#         3352
  C:B8D1H         LINE#         3354
  C:B8D6H         LINE#         3355
  C:B8DBH         LINE#         3356
  C:B8E0H         LINE#         3358
  C:B8E5H         LINE#         3359
  C:B8EAH         LINE#         3360
  C:B8EFH         LINE#         3362
  C:B8F4H         LINE#         3363
  C:B8F9H         LINE#         3365
  C:B8FEH         LINE#         3366
  C:B903H         LINE#         3368
  C:B908H         LINE#         3369
  C:B90DH         LINE#         3370
  C:B910H         LINE#         3372
  C:B915H         LINE#         3373
  C:B91AH         LINE#         3374
  C:B91DH         LINE#         3376
  C:B922H         LINE#         3377
  C:B927H         LINE#         3378
  C:B92AH         LINE#         3380
  C:B92FH         LINE#         3381
  C:B934H         LINE#         3382
  C:B937H         LINE#         3384
  C:B93CH         LINE#         3385
  C:B941H         LINE#         3387
  C:B946H         LINE#         3388
  C:B94BH         LINE#         3390
  C:B950H         LINE#         3391
  C:B955H         LINE#         3393
  C:B959H         LINE#         3394
  C:B95EH         LINE#         3395
  C:B961H         LINE#         3396
  C:B964H         LINE#         3397
  C:B969H         LINE#         3399
  C:B96EH         LINE#         3400
  C:B973H         LINE#         3401
  C:B976H         LINE#         3402
  C:B97AH         LINE#         3403
  C:B97FH         LINE#         3404
  C:B984H         LINE#         3406
  C:B989H         LINE#         3407
  C:B98EH         LINE#         3408
  C:B993H         LINE#         3409
  C:B996H         LINE#         3410
  C:B99BH         LINE#         3411
  C:B99FH         LINE#         3412
  C:B9A4H         LINE#         3414
  C:B9A9H         LINE#         3415
  C:B9AEH         LINE#         3416
BL51 BANKED LINKER/LOCATER V6.22                                                      08/05/2021  15:49:06  PAGE 25


  C:B9B3H         LINE#         3417
  C:B9B8H         LINE#         3418
  C:B9BDH         LINE#         3419
  C:B9C0H         LINE#         3420
  C:B9C5H         LINE#         3422
  C:B9CAH         LINE#         3423
  C:B9CFH         LINE#         3424
  C:B9D4H         LINE#         3425
  C:B9D9H         LINE#         3426
  C:B9DEH         LINE#         3427
  C:B9E1H         LINE#         3428
  C:B9E6H         LINE#         3430
  C:B9EBH         LINE#         3431
  C:B9F0H         LINE#         3432
  C:B9F5H         LINE#         3433
  C:B9FAH         LINE#         3434
  C:B9FFH         LINE#         3435
  C:BA03H         LINE#         3436
  C:BA08H         LINE#         3438
  C:BA0DH         LINE#         3439
  C:BA12H         LINE#         3440
  C:BA17H         LINE#         3441
  C:BA1BH         LINE#         3442
  C:BA20H         LINE#         3443
  C:BA25H         LINE#         3444
  C:BA2AH         LINE#         3446
  C:BA2FH         LINE#         3447
  C:BA34H         LINE#         3448
  C:BA39H         LINE#         3449
  C:BA3CH         LINE#         3450
  C:BA41H         LINE#         3451
  C:BA45H         LINE#         3452
  C:BA4AH         LINE#         3455
  C:BA4FH         LINE#         3456
  C:BA54H         LINE#         3459
  C:BA59H         LINE#         3460
  C:BA5EH         LINE#         3461
  C:BA65H         LINE#         3462
  -------         ENDPROC       LCD_INIT
  C:CDA5H         SYMBOL        L?0456
  C:CDABH         SYMBOL        L?0457
  C:CDB4H         SYMBOL        L?0458
  -------         PROC          L?0455
  -------         ENDPROC       L?0455
  C:CDA5H         SYMBOL        L?0456
  C:CDABH         SYMBOL        L?0457
  C:CDB4H         SYMBOL        L?0458
  -------         PROC          _?BLOCKWRITE
  p:0000H         SYMBOL        Xstart
  p:0002H         SYMBOL        Xend
  p:0004H         SYMBOL        Ystart
  p:0006H         SYMBOL        Yend
  C:CDBEH         LINE#         5095
  C:CDDFH         LINE#         5198
  C:CDE6H         LINE#         5199
  C:CDEDH         LINE#         5200
  C:CDF5H         LINE#         5201
BL51 BANKED LINKER/LOCATER V6.22                                                      08/05/2021  15:49:06  PAGE 26


  C:CE00H         LINE#         5202
  C:CE0AH         LINE#         5204
  C:CE0FH         LINE#         5205
  C:CE19H         LINE#         5207
  C:CE20H         LINE#         5208
  C:CE2AH         LINE#         5209
  C:CE31H         LINE#         5215
  C:CE36H         LINE#         5222
  -------         ENDPROC       _?BLOCKWRITE
  -------         PROC          _DISPCOLOR
  D:0004H         SYMBOL        color
  -------         DO            
  X:0058H         SYMBOL        i
  D:0002H         SYMBOL        m
  X:005AH         SYMBOL        DataH
  X:005BH         SYMBOL        DataL
  -------         ENDDO         
  C:0046H         LINE#         5224
  C:0048H         LINE#         5225
  C:0048H         LINE#         5228
  C:004EH         LINE#         5230
  C:0051H         LINE#         5232
  C:0053H         LINE#         5233
  C:0059H         LINE#         5234
  C:0059H         LINE#         5235
  C:005CH         LINE#         5236
  C:005CH         LINE#         5237
  C:0066H         LINE#         5238
  C:0071H         LINE#         5239
  C:0087H         LINE#         5241
  C:0089H         LINE#         5242
  -------         ENDPROC       _DISPCOLOR
  -------         PROC          DISPFRAME
  -------         DO            
  D:0002H         SYMBOL        i
  X:0058H         SYMBOL        j
  D:0001H         SYMBOL        DataH
  D:0004H         SYMBOL        DataL
  -------         ENDDO         
  C:CBBDH         LINE#         5244
  C:CBBDH         LINE#         5245
  C:CBBDH         LINE#         5248
  C:CBC0H         LINE#         5250
  C:CBC2H         LINE#         5253
  C:CBC6H         LINE#         5254
  C:CBCCH         LINE#         5256
  C:CBCEH         LINE#         5257
  C:CBCEH         LINE#         5258
  C:CBD2H         LINE#         5259
  C:CBD9H         LINE#         5260
  C:CBE4H         LINE#         5262
  C:CBE8H         LINE#         5263
  C:CBEEH         LINE#         5265
  C:CBF4H         LINE#         5266
  C:CBF4H         LINE#         5267
  C:CBF8H         LINE#         5268
  C:CBFEH         LINE#         5270
BL51 BANKED LINKER/LOCATER V6.22                                                      08/05/2021  15:49:06  PAGE 27


  C:CC01H         LINE#         5271
  C:CC01H         LINE#         5272
  C:CC04H         LINE#         5273
  C:CC09H         LINE#         5274
  C:CC14H         LINE#         5276
  C:CC18H         LINE#         5277
  C:CC1EH         LINE#         5279
  C:CC34H         LINE#         5281
  C:CC38H         LINE#         5282
  C:CC3EH         LINE#         5284
  C:CC41H         LINE#         5285
  C:CC41H         LINE#         5286
  C:CC45H         LINE#         5287
  C:CC4CH         LINE#         5288
  C:CC57H         LINE#         5290
  C:CC5BH         LINE#         5291
  C:CC61H         LINE#         5293
  C:CC64H         LINE#         5294
  C:CC66H         LINE#         5295
  -------         ENDPROC       DISPFRAME
  -------         PROC          DISPBAND
  -------         DO            
  D:0002H         SYMBOL        i
  X:0058H         SYMBOL        j
  X:0059H         SYMBOL        k
  X:005AH         SYMBOL        m
  X:005BH         SYMBOL        n
  X:005CH         SYMBOL        x
  -------         ENDDO         
  C:BDC6H         LINE#         5297
  C:BDC6H         LINE#         5298
  C:BDC6H         LINE#         5301
  C:BDCFH         LINE#         5302
  C:BDD8H         LINE#         5303
  C:BDDAH         LINE#         5306
  C:BDE2H         LINE#         5307
  C:BDF0H         LINE#         5308
  C:BDF0H         LINE#         5309
  C:BE0BH         LINE#         5310
  C:BE26H         LINE#         5311
  C:BE52H         LINE#         5312
  C:BE59H         LINE#         5313
  C:BE68H         LINE#         5314
  C:BE68H         LINE#         5315
  C:BE83H         LINE#         5316
  C:BE9EH         LINE#         5317
  C:BECAH         LINE#         5318
  C:BED1H         LINE#         5319
  C:BEE7H         LINE#         5320
  C:BEE7H         LINE#         5321
  C:BF02H         LINE#         5322
  C:BF1DH         LINE#         5323
  C:BF49H         LINE#         5324
  C:BF50H         LINE#         5325
  C:BF52H         LINE#         5326
  C:BF55H         LINE#         5327
  -------         ENDPROC       DISPBAND
BL51 BANKED LINKER/LOCATER V6.22                                                      08/05/2021  15:49:06  PAGE 28


  -------         PROC          _DISPPIC
  D:0006H         SYMBOL        picture
  -------         DO            
  X:0014H         SYMBOL        p
  X:0017H         SYMBOL        n
  -------         ENDDO         
  C:D541H         LINE#         5330
  C:D541H         LINE#         5331
  C:D541H         LINE#         5334
  C:D550H         LINE#         5335
  C:D550H         LINE#         5336
  C:D550H         LINE#         5338
  C:D561H         LINE#         5340
  C:D574H         LINE#         5341
  C:D574H         LINE#         5342
  C:D594H         LINE#         5343
  C:D5A1H         LINE#         5345
  -------         ENDPROC       _DISPPIC
  -------         PROC          _DISPPICFROMSD
  X:0019H         SYMBOL        PicNum
  -------         DO            
  X:001AH         SYMBOL        Address_S
  X:001EH         SYMBOL        Address_E
  D:0002H         SYMBOL        i
  X:0022H         SYMBOL        k
  -------         ENDDO         
  C:C671H         LINE#         5349
  C:C674H         LINE#         5350
  C:C674H         LINE#         5356
  C:C677H         LINE#         5359
  C:C679H         LINE#         5361
  C:C67BH         LINE#         5363
  C:C684H         LINE#         5364
  C:C6AFH         LINE#         5365
  C:C6D8H         LINE#         5366
  C:C6FBH         LINE#         5367
  C:C6FBH         LINE#         5368
  C:C70BH         LINE#         5370
  C:C714H         LINE#         5371
  C:C714H         LINE#         5373
  C:C72FH         LINE#         5374
  C:C738H         LINE#         5375
  C:C757H         LINE#         5377
  C:C759H         LINE#         5415
  -------         ENDPROC       _DISPPICFROMSD
  -------         PROC          DISPSCALEHOR1
  -------         DO            
  X:0026H         SYMBOL        i
  X:0028H         SYMBOL        j
  D:0002H         SYMBOL        k
  -------         ENDDO         
  C:B644H         LINE#         5420
  C:B644H         LINE#         5421
  C:B644H         LINE#         5424
  C:B647H         LINE#         5427
  C:B649H         LINE#         5428
  C:B649H         LINE#         5429
BL51 BANKED LINKER/LOCATER V6.22                                                      08/05/2021  15:49:06  PAGE 29


  C:B66BH         LINE#         5430
  C:B671H         LINE#         5431
  C:B671H         LINE#         5432
  C:B677H         LINE#         5433
  C:B677H         LINE#         5434
  C:B68CH         LINE#         5435
  C:B6A2H         LINE#         5436
  C:B6B8H         LINE#         5438
  C:B6C3H         LINE#         5441
  C:B6C6H         LINE#         5442
  C:B6C6H         LINE#         5443
  C:B6E8H         LINE#         5444
  C:B6EEH         LINE#         5445
  C:B6EEH         LINE#         5446
  C:B6F4H         LINE#         5447
  C:B6F4H         LINE#         5448
  C:B71FH         LINE#         5449
  C:B735H         LINE#         5450
  C:B74BH         LINE#         5451
  C:B759H         LINE#         5454
  C:B75CH         LINE#         5455
  C:B75CH         LINE#         5456
  C:B77EH         LINE#         5457
  C:B784H         LINE#         5458
  C:B784H         LINE#         5459
  C:B78AH         LINE#         5460
  C:B78AH         LINE#         5461
  C:B794H         LINE#         5462
  C:B7AAH         LINE#         5463
  C:B7C0H         LINE#         5464
  C:B7CBH         LINE#         5467
  C:B7CEH         LINE#         5468
  C:B7CEH         LINE#         5469
  C:B7F0H         LINE#         5470
  C:B7F6H         LINE#         5471
  C:B7F6H         LINE#         5472
  C:B7FCH         LINE#         5473
  C:B7FCH         LINE#         5474
  C:B82FH         LINE#         5475
  C:B845H         LINE#         5476
  C:B85BH         LINE#         5477
  C:B869H         LINE#         5478
  C:B86BH         LINE#         5479
  -------         ENDPROC       DISPSCALEHOR1
  -------         PROC          DISPSCALEVER
  -------         DO            
  X:002AH         SYMBOL        i
  X:002CH         SYMBOL        j
  D:0002H         SYMBOL        k
  -------         ENDDO         
  C:C31BH         LINE#         5481
  C:C31BH         LINE#         5482
  C:C31BH         LINE#         5551
  C:C31EH         LINE#         5553
  C:C326H         LINE#         5554
  C:C326H         LINE#         5555
  C:C32CH         LINE#         5556
BL51 BANKED LINKER/LOCATER V6.22                                                      08/05/2021  15:49:06  PAGE 30


  C:C32CH         LINE#         5557
  C:C332H         LINE#         5558
  C:C348H         LINE#         5559
  C:C34FH         LINE#         5561
  C:C352H         LINE#         5562
  C:C352H         LINE#         5564
  C:C358H         LINE#         5565
  C:C358H         LINE#         5567
  C:C35EH         LINE#         5568
  C:C35EH         LINE#         5569
  C:C370H         LINE#         5570
  C:C386H         LINE#         5572
  C:C38CH         LINE#         5573
  C:C38CH         LINE#         5574
  C:C3B4H         LINE#         5575
  C:C3CAH         LINE#         5577
  C:C3D0H         LINE#         5578
  C:C3D0H         LINE#         5579
  C:C3D7H         LINE#         5580
  C:C3EDH         LINE#         5582
  C:C3F3H         LINE#         5583
  C:C3F3H         LINE#         5584
  C:C407H         LINE#         5585
  C:C41DH         LINE#         5587
  C:C436H         LINE#         5589
  C:C444H         LINE#         5591
  -------         ENDPROC       DISPSCALEVER
  -------         PROC          DISPSCALEVER_RED
  -------         DO            
  X:002EH         SYMBOL        i
  X:0030H         SYMBOL        j
  D:0002H         SYMBOL        k
  -------         ENDDO         
  C:CED3H         LINE#         5593
  C:CED3H         LINE#         5594
  C:CED3H         LINE#         5597
  C:CED6H         LINE#         5599
  C:CED8H         LINE#         5601
  C:CEDAH         LINE#         5604
  C:CEE2H         LINE#         5605
  C:CEE2H         LINE#         5606
  C:CEE8H         LINE#         5607
  C:CEE8H         LINE#         5608
  C:CEEEH         LINE#         5609
  C:CF04H         LINE#         5610
  C:CF0BH         LINE#         5612
  C:CF0EH         LINE#         5613
  C:CF0EH         LINE#         5614
  C:CF14H         LINE#         5615
  C:CF14H         LINE#         5617
  C:CF1AH         LINE#         5618
  C:CF1AH         LINE#         5619
  C:CF2CH         LINE#         5620
  C:CF42H         LINE#         5621
  C:CF58H         LINE#         5623
  C:CF63H         LINE#         5625
  C:CF65H         LINE#         5626
BL51 BANKED LINKER/LOCATER V6.22                                                      08/05/2021  15:49:06  PAGE 31


  -------         ENDPROC       DISPSCALEVER_RED
  -------         PROC          DISPSCALEVER_GREEN
  -------         DO            
  X:0032H         SYMBOL        i
  X:0034H         SYMBOL        j
  D:0002H         SYMBOL        k
  -------         ENDDO         
  C:CC67H         LINE#         5628
  C:CC67H         LINE#         5629
  C:CC67H         LINE#         5632
  C:CC6AH         LINE#         5634
  C:CC6CH         LINE#         5635
  C:CC6EH         LINE#         5638
  C:CC76H         LINE#         5639
  C:CC76H         LINE#         5640
  C:CC7CH         LINE#         5641
  C:CC7CH         LINE#         5642
  C:CC82H         LINE#         5644
  C:CC98H         LINE#         5645
  C:CC9FH         LINE#         5647
  C:CCA2H         LINE#         5648
  C:CCA2H         LINE#         5649
  C:CCA8H         LINE#         5650
  C:CCA8H         LINE#         5652
  C:CCAEH         LINE#         5653
  C:CCAEH         LINE#         5655
  C:CCCFH         LINE#         5656
  C:CCE5H         LINE#         5657
  C:CCFBH         LINE#         5659
  C:CD06H         LINE#         5661
  C:CD08H         LINE#         5662
  -------         ENDPROC       DISPSCALEVER_GREEN
  -------         PROC          DISPSCALEVER_BLUE
  -------         DO            
  X:0036H         SYMBOL        i
  X:0038H         SYMBOL        j
  D:0002H         SYMBOL        k
  -------         ENDDO         
  C:D115H         LINE#         5664
  C:D115H         LINE#         5665
  C:D115H         LINE#         5668
  C:D118H         LINE#         5670
  C:D11AH         LINE#         5671
  C:D11CH         LINE#         5674
  C:D124H         LINE#         5675
  C:D124H         LINE#         5676
  C:D12AH         LINE#         5677
  C:D12AH         LINE#         5678
  C:D130H         LINE#         5679
  C:D146H         LINE#         5680
  C:D14DH         LINE#         5682
  C:D150H         LINE#         5683
  C:D150H         LINE#         5684
  C:D156H         LINE#         5685
  C:D156H         LINE#         5687
  C:D15CH         LINE#         5688
  C:D15CH         LINE#         5689
BL51 BANKED LINKER/LOCATER V6.22                                                      08/05/2021  15:49:06  PAGE 32


  C:D163H         LINE#         5690
  C:D179H         LINE#         5691
  C:D18FH         LINE#         5693
  C:D19AH         LINE#         5695
  C:D19CH         LINE#         5696
  -------         ENDPROC       DISPSCALEVER_BLUE
  -------         PROC          DISPSCALEVER_GRAY
  -------         DO            
  X:003AH         SYMBOL        i
  X:003CH         SYMBOL        j
  D:0002H         SYMBOL        k
  -------         ENDDO         
  C:CF66H         LINE#         5698
  C:CF66H         LINE#         5699
  C:CF66H         LINE#         5702
  C:CF69H         LINE#         5704
  C:CF6BH         LINE#         5709
  C:CF73H         LINE#         5710
  C:CF73H         LINE#         5711
  C:CF79H         LINE#         5712
  C:CF79H         LINE#         5713
  C:CF7FH         LINE#         5715
  C:CF95H         LINE#         5716
  C:CF9CH         LINE#         5718
  C:CF9FH         LINE#         5719
  C:CF9FH         LINE#         5720
  C:CFA5H         LINE#         5721
  C:CFA5H         LINE#         5723
  C:CFABH         LINE#         5724
  C:CFABH         LINE#         5725
  C:CFBFH         LINE#         5726
  C:CFD5H         LINE#         5727
  C:CFEBH         LINE#         5729
  C:CFF6H         LINE#         5731
  C:CFF8H         LINE#         5732
  -------         ENDPROC       DISPSCALEVER_GRAY
  -------         PROC          DISPGRAYHOR16
  -------         DO            
  X:0058H         SYMBOL        i
  D:0002H         SYMBOL        j
  X:005AH         SYMBOL        k
  -------         ENDDO         
  C:CD09H         LINE#         5734
  C:CD09H         LINE#         5735
  C:CD09H         LINE#         5738
  C:CD0CH         LINE#         5740
  C:CD0EH         LINE#         5741
  C:CD10H         LINE#         5743
  C:CD16H         LINE#         5744
  C:CD16H         LINE#         5745
  C:CD1FH         LINE#         5746
  C:CD1FH         LINE#         5747
  C:CD25H         LINE#         5748
  C:CD2CH         LINE#         5750
  C:CD2FH         LINE#         5751
  C:CD2FH         LINE#         5752
  C:CD35H         LINE#         5753
BL51 BANKED LINKER/LOCATER V6.22                                                      08/05/2021  15:49:06  PAGE 33


  C:CD35H         LINE#         5754
  C:CD67H         LINE#         5755
  C:CD7DH         LINE#         5756
  C:CD88H         LINE#         5757
  C:CDA1H         LINE#         5759
  C:CDA3H         LINE#         5760
  -------         ENDPROC       DISPGRAYHOR16
  -------         PROC          DISPGRAYHOR32
  -------         DO            
  X:003EH         SYMBOL        i
  D:0002H         SYMBOL        j
  X:0040H         SYMBOL        k
  -------         ENDDO         
  C:D2A0H         LINE#         5762
  C:D2A0H         LINE#         5763
  C:D2A0H         LINE#         5766
  C:D2A3H         LINE#         5768
  C:D2A5H         LINE#         5770
  C:D2ABH         LINE#         5771
  C:D2ABH         LINE#         5772
  C:D2AEH         LINE#         5773
  C:D2AEH         LINE#         5774
  C:D2B4H         LINE#         5775
  C:D2BFH         LINE#         5777
  C:D2C2H         LINE#         5778
  C:D2C2H         LINE#         5779
  C:D2C8H         LINE#         5780
  C:D2C8H         LINE#         5781
  C:D2DCH         LINE#         5782
  C:D2F2H         LINE#         5783
  C:D2FDH         LINE#         5784
  C:D313H         LINE#         5786
  C:D315H         LINE#         5787
  -------         ENDPROC       DISPGRAYHOR32
  -------         PROC          DISPSCALEHOR2
  -------         DO            
  X:0042H         SYMBOL        j
  D:0002H         SYMBOL        k
  -------         ENDDO         
  C:BA6AH         LINE#         5789
  C:BA6AH         LINE#         5790
  C:BA6AH         LINE#         5793
  C:BA6DH         LINE#         5795
  C:BA6FH         LINE#         5796
  C:BA6FH         LINE#         5797
  C:BA75H         LINE#         5798
  C:BA92H         LINE#         5799
  C:BA9DH         LINE#         5800
  C:BAA0H         LINE#         5801
  C:BAA0H         LINE#         5802
  C:BAA6H         LINE#         5803
  C:BAC3H         LINE#         5804
  C:BACEH         LINE#         5805
  C:BAD1H         LINE#         5806
  C:BAD1H         LINE#         5807
  C:BAD7H         LINE#         5808
  C:BAF4H         LINE#         5809
BL51 BANKED LINKER/LOCATER V6.22                                                      08/05/2021  15:49:06  PAGE 34


  C:BAFFH         LINE#         5810
  C:BB02H         LINE#         5811
  C:BB02H         LINE#         5812
  C:BB08H         LINE#         5813
  C:BB25H         LINE#         5814
  C:BB30H         LINE#         5815
  C:BB33H         LINE#         5816
  C:BB33H         LINE#         5817
  C:BB39H         LINE#         5818
  C:BB56H         LINE#         5819
  C:BB61H         LINE#         5820
  C:BB64H         LINE#         5821
  C:BB64H         LINE#         5822
  C:BB6AH         LINE#         5823
  C:BB87H         LINE#         5824
  C:BB92H         LINE#         5825
  C:BB95H         LINE#         5826
  C:BB95H         LINE#         5827
  C:BB9BH         LINE#         5828
  C:BBB8H         LINE#         5829
  C:BBC3H         LINE#         5830
  C:BBC6H         LINE#         5831
  C:BBC6H         LINE#         5832
  C:BBCCH         LINE#         5833
  C:BBE8H         LINE#         5834
  C:BBF3H         LINE#         5835
  C:BBFCH         LINE#         5836
  C:BBFCH         LINE#         5837
  C:BC02H         LINE#         5838
  C:BC1EH         LINE#         5839
  C:BC25H         LINE#         5841
  -------         ENDPROC       DISPSCALEHOR2
  -------         PROC          _TOORD
  D:0007H         SYMBOL        ch
  C:D5A2H         LINE#         5946
  C:D5A2H         LINE#         5947
  C:D5A2H         LINE#         5948
  C:D5A8H         LINE#         5949
  C:D5A8H         LINE#         5950
  C:D5AAH         LINE#         5951
  C:D5ACH         LINE#         5952
  C:D5B8H         LINE#         5953
  C:D5B8H         LINE#         5954
  C:D5BCH         LINE#         5955
  C:D5BEH         LINE#         5956
  C:D5CAH         LINE#         5957
  C:D5CAH         LINE#         5958
  C:D5CEH         LINE#         5959
  C:D5D0H         LINE#         5960
  C:D5DCH         LINE#         5961
  C:D5DCH         LINE#         5962
  C:D5E0H         LINE#         5963
  C:D5E2H         LINE#         5964
  C:D5EEH         LINE#         5965
  C:D5EEH         LINE#         5966
  C:D5F2H         LINE#         5967
  C:D5F4H         LINE#         5968
BL51 BANKED LINKER/LOCATER V6.22                                                      08/05/2021  15:49:06  PAGE 35


  C:D5FAH         LINE#         5969
  C:D5FAH         LINE#         5970
  C:D5FCH         LINE#         5971
  C:D5FCH         LINE#         5973
  C:D5FCH         LINE#         5974
[...]
  C:B330H         LINE#         318
  C:B330H         LINE#         319
  C:B335H         LINE#         320
  C:B338H         LINE#         321
  C:B347H         LINE#         322
  C:B347H         LINE#         323
  C:B35CH         LINE#         324
  C:B361H         LINE#         325
  C:B369H         LINE#         326
  C:B373H         LINE#         327
  C:B381H         LINE#         328
  C:B38FH         LINE#         329
  C:B391H         LINE#         331
  C:B391H         LINE#         332
  C:B396H         LINE#         333
  C:B399H         LINE#         334
  C:B3B1H         LINE#         335
  C:B3B1H         LINE#         336
  C:B3CAH         LINE#         337
  C:B3CFH         LINE#         338
  C:B3D7H         LINE#         339
  C:B3DEH         LINE#         340
  C:B3E3H         LINE#         341
  C:B3E3H         LINE#         342
  C:B3F7H         LINE#         343
  C:B3F7H         LINE#         344
  C:B3FEH         LINE#         345
  C:B403H         LINE#         346
  C:B403H         LINE#         347
  C:B411H         LINE#         348
  C:B411H         LINE#         349
  -------         ENDPROC       USBXCORE_HANDLE_SETUP
  -------         PROC          USBXCORE_FORCE_STALL
  C:DAC2H         LINE#         356
BL51 BANKED LINKER/LOCATER V6.22                                                      08/05/2021  15:49:06  PAGE 44


  C:DAC2H         LINE#         358
  C:DACDH         LINE#         359
  C:DAD8H         LINE#         360
  C:DADEH         LINE#         361
  -------         ENDPROC       USBXCORE_FORCE_STALL
  -------         PROC          USBXCORE_GET_STATUS
  C:D3FEH         LINE#         367
  C:D3FEH         LINE#         369
  C:D40DH         LINE#         370
  C:D40DH         LINE#         371
  C:D40DH         LINE#         372
  C:D40DH         LINE#         373
  C:D40DH         LINE#         374
  C:D40FH         LINE#         375
  C:D40FH         LINE#         379
  C:D40FH         LINE#         381
  C:D41DH         LINE#         385
  C:D41DH         LINE#         386
  C:D41DH         LINE#         387
  C:D41DH         LINE#         388
  C:D41FH         LINE#         390
  C:D41FH         LINE#         392
  C:D42DH         LINE#         396
  C:D42DH         LINE#         397
  C:D43AH         LINE#         398
  C:D43AH         LINE#         399
  C:D43CH         LINE#         401
  C:D43CH         LINE#         402
  C:D44AH         LINE#         403
  C:D453H         LINE#         404
  C:D453H         LINE#         405
  C:D453H         LINE#         406
  C:D455H         LINE#         407
  C:D455H         LINE#         408
  C:D458H         LINE#         409
  C:D458H         LINE#         410
  C:D458H         LINE#         411
  C:D460H         LINE#         412
  C:D460H         LINE#         413
  C:D463H         LINE#         414
  C:D469H         LINE#         415
  C:D470H         LINE#         416
  C:D470H         LINE#         417
  -------         ENDPROC       USBXCORE_GET_STATUS
  -------         PROC          USBXCORE_CLEAR_FEATURE
  C:D657H         LINE#         423
  C:D657H         LINE#         425
  C:D65DH         LINE#         426
  C:D65DH         LINE#         428
  C:D664H         LINE#         429
  C:D664H         LINE#         430
  C:D66FH         LINE#         436
  C:D67AH         LINE#         437
  C:D67FH         LINE#         438
  C:D681H         LINE#         440
  C:D681H         LINE#         442
  C:D68CH         LINE#         446
BL51 BANKED LINKER/LOCATER V6.22                                                      08/05/2021  15:49:06  PAGE 45


  C:D697H         LINE#         447
  C:D69CH         LINE#         448
  C:D69CH         LINE#         449
  C:D69EH         LINE#         451
  C:D69EH         LINE#         452
  C:D6A1H         LINE#         453
  C:D6A1H         LINE#         454
  C:D6ACH         LINE#         455
  -------         ENDPROC       USBXCORE_CLEAR_FEATURE
  -------         PROC          USBXCORE_VENDOR_USB_API
  C:C75AH         LINE#         462
  C:C75AH         LINE#         464
  C:C764H         LINE#         465
  C:C764H         LINE#         466
  C:C76BH         LINE#         467
  C:C76BH         LINE#         468
  C:C76EH         LINE#         469
  C:C771H         LINE#         470
  C:C773H         LINE#         472
  C:C773H         LINE#         473
  C:C77AH         LINE#         474
  C:C77AH         LINE#         477
  C:C785H         LINE#         482
  C:C790H         LINE#         483
  C:C79BH         LINE#         485
  C:C79BH         LINE#         486
  C:C7AEH         LINE#         487
  C:C7AEH         LINE#         488
  C:C7B2H         LINE#         489
  C:C7BDH         LINE#         491
  C:C7BDH         LINE#         492
  C:C7D0H         LINE#         493
  C:C7D0H         LINE#         494
  C:C7D4H         LINE#         495
  C:C7DFH         LINE#         497
  C:C7E5H         LINE#         498
  C:C7EDH         LINE#         499
  C:C7EDH         LINE#         500
  C:C7F0H         LINE#         501
  C:C7F0H         LINE#         502
  C:C7F0H         LINE#         503
  C:C7FBH         LINE#         504
  C:C7FBH         LINE#         505
  C:C801H         LINE#         506
  C:C808H         LINE#         507
  C:C808H         LINE#         508
  C:C80CH         LINE#         509
  C:C80CH         LINE#         510
  C:C812H         LINE#         511
  C:C819H         LINE#         512
  C:C819H         LINE#         513
  C:C824H         LINE#         514
  -------         ENDPROC       USBXCORE_VENDOR_USB_API
  -------         PROC          USBXCORE_SET_FEATURE
  C:D6AFH         LINE#         521
  C:D6AFH         LINE#         523
  C:D6B5H         LINE#         524
BL51 BANKED LINKER/LOCATER V6.22                                                      08/05/2021  15:49:06  PAGE 46


  C:D6B5H         LINE#         526
  C:D6BCH         LINE#         527
  C:D6BCH         LINE#         528
  C:D6C7H         LINE#         534
  C:D6D2H         LINE#         535
  C:D6D5H         LINE#         536
  C:D6D7H         LINE#         538
  C:D6D7H         LINE#         540
  C:D6E2H         LINE#         544
  C:D6EDH         LINE#         545
  C:D6F3H         LINE#         546
  C:D6F3H         LINE#         548
  C:D6F5H         LINE#         550
  C:D6F5H         LINE#         551
  C:D6F8H         LINE#         552
  C:D6F8H         LINE#         553
  C:D703H         LINE#         554
  -------         ENDPROC       USBXCORE_SET_FEATURE
  -------         PROC          USBXCORE_SET_ADDRESS
  C:DA83H         LINE#         561
  C:DA83H         LINE#         563
  C:DA92H         LINE#         564
  C:DA98H         LINE#         565
  C:DA98H         LINE#         566
  C:DA9BH         LINE#         567
  C:DA9DH         LINE#         569
  C:DA9DH         LINE#         570
  C:DAA0H         LINE#         571
  C:DAA0H         LINE#         572
  -------         ENDPROC       USBXCORE_SET_ADDRESS
  -------         PROC          USBXCORE_GET_DESCRIPTOR
  C:CA5CH         LINE#         579
  C:CA5CH         LINE#         580
  C:CA6BH         LINE#         581
  C:CA6BH         LINE#         582
  C:CA6BH         LINE#         583
  C:CA79H         LINE#         584
  C:CA7DH         LINE#         585
  C:CA7FH         LINE#         586
  C:CA7FH         LINE#         587
  C:CA8DH         LINE#         588
  C:CAA0H         LINE#         589
  C:CAA2H         LINE#         590
  C:CAA2H         LINE#         591
  C:CAC6H         LINE#         592
  C:CAD2H         LINE#         593
  C:CAD4H         LINE#         594
  C:CAD4H         LINE#         595
  C:CAD7H         LINE#         596
  C:CAD7H         LINE#         597
  C:CAD7H         LINE#         598
  C:CAEDH         LINE#         599
  C:CAEDH         LINE#         600
  C:CAF5H         LINE#         601
  C:CAF5H         LINE#         602
  C:CAFDH         LINE#         603
  C:CAFDH         LINE#         604
BL51 BANKED LINKER/LOCATER V6.22                                                      08/05/2021  15:49:06  PAGE 47


  C:CB00H         LINE#         605
  C:CB06H         LINE#         606
  C:CB0DH         LINE#         607
  C:CB0DH         LINE#         608
  -------         ENDPROC       USBXCORE_GET_DESCRIPTOR
  -------         PROC          USBXCORE_GET_CONFIGURATION
  C:D7FDH         LINE#         614
  C:D7FDH         LINE#         616
  C:D805H         LINE#         617
  C:D805H         LINE#         618
  C:D811H         LINE#         619
  C:D819H         LINE#         620
  C:D819H         LINE#         621
  C:D81DH         LINE#         622
  C:D81DH         LINE#         623
  C:D82BH         LINE#         624
  C:D833H         LINE#         625
  C:D833H         LINE#         626
  C:D836H         LINE#         627
  C:D83CH         LINE#         628
  C:D843H         LINE#         629
  -------         ENDPROC       USBXCORE_GET_CONFIGURATION
  -------         PROC          USBXCORE_SET_CONFIGURATION
  C:D5FDH         LINE#         635
  C:D5FDH         LINE#         637
  C:D606H         LINE#         638
  C:D606H         LINE#         639
  C:D60DH         LINE#         640
  C:D613H         LINE#         641
  C:D618H         LINE#         642
  C:D61AH         LINE#         644
  C:D625H         LINE#         645
  C:D630H         LINE#         646
  C:D63BH         LINE#         653
  C:D646H         LINE#         654
  C:D648H         LINE#         656
  C:D648H         LINE#         657
  C:D64EH         LINE#         658
  C:D652H         LINE#         659
  C:D654H         LINE#         660
  C:D654H         LINE#         661
  -------         ENDPROC       USBXCORE_SET_CONFIGURATION
  -------         PROC          USBXCORE_GET_INTERFACE
  C:DA14H         LINE#         668
  C:DA14H         LINE#         670
  C:DA22H         LINE#         671
  C:DA2AH         LINE#         672
  C:DA2DH         LINE#         673
  C:DA33H         LINE#         674
  C:DA3AH         LINE#         675
  -------         ENDPROC       USBXCORE_GET_INTERFACE
  -------         PROC          USBXCORE_SET_SOP
  C:DB24H         LINE#         682
  C:DB24H         LINE#         684
  C:DB2CH         LINE#         685
  C:DB2CH         LINE#         686
  C:DB37H         LINE#         687
BL51 BANKED LINKER/LOCATER V6.22                                                      08/05/2021  15:49:06  PAGE 48


  C:DB37H         LINE#         688
  -------         ENDPROC       USBXCORE_SET_SOP
  -------         PROC          USBXCORE_USB_ISR
  C:BF56H         LINE#         699
  C:BF73H         LINE#         702
  C:BF79H         LINE#         703
  C:BF8CH         LINE#         706
  C:BF9FH         LINE#         709
  C:BFA3H         LINE#         710
  C:BFA3H         LINE#         711
  C:BFAEH         LINE#         712
  C:BFAEH         LINE#         714
  C:BFB5H         LINE#         715
  C:BFB5H         LINE#         716
  C:BFB8H         LINE#         717
  C:BFB8H         LINE#         719
  C:BFBFH         LINE#         720
  C:BFBFH         LINE#         721
  C:BFCCH         LINE#         722
  C:BFCCH         LINE#         723
  C:BFD3H         LINE#         724
  C:BFD3H         LINE#         725
  C:BFD3H         LINE#         727
  C:BFD3H         LINE#         728
  C:BFD3H         LINE#         730
  C:BFD3H         LINE#         732
  C:BFE6H         LINE#         734
  C:BFEAH         LINE#         735
  C:BFEAH         LINE#         736
  C:BFEDH         LINE#         737
  C:BFEDH         LINE#         740
  C:BFF4H         LINE#         741
  C:BFF4H         LINE#         742
  C:BFFFH         LINE#         748
  C:C012H         LINE#         749
  C:C017H         LINE#         750
  C:C017H         LINE#         751
  C:C01EH         LINE#         752
  C:C01EH         LINE#         754
  C:C01EH         LINE#         756
  C:C031H         LINE#         759
  C:C035H         LINE#         760
  C:C035H         LINE#         761
  C:C040H         LINE#         767
  C:C053H         LINE#         768
  C:C057H         LINE#         769
  C:C057H         LINE#         770
  C:C05EH         LINE#         771
  C:C05EH         LINE#         772
  C:C05EH         LINE#         775
  C:C06CH         LINE#         776
  C:C071H         LINE#         777
  C:C077H         LINE#         778
  C:C07CH         LINE#         781
  C:C089H         LINE#         782
  C:C089H         LINE#         783
  C:C08CH         LINE#         784
BL51 BANKED LINKER/LOCATER V6.22                                                      08/05/2021  15:49:06  PAGE 49


  C:C08CH         LINE#         785
  -------         ENDPROC       USBXCORE_USB_ISR
  -------         ENDMOD        USB_API

  -------         MODULE        USB_SUSPEND
  C:0000H         SYMBOL        _ICE_DUMMY_
  D:00D7H         PUBLIC        USB0XCN
  D:00C9H         PUBLIC        REG0CN
  C:D9C2H         PUBLIC        USB_Suspend
  D:00A9H         PUBLIC        CLKSEL
  D:00B2H         PUBLIC        OSCICN
  D:00B9H         PUBLIC        CLKMUL
  -------         PROC          USB_SUSPEND
  C:D9C2H         LINE#         70
  C:D9C2H         LINE#         72
  C:D9C5H         LINE#         74
  C:D9C8H         LINE#         76
  C:D9D0H         LINE#         79
  C:D9D3H         LINE#         80
  C:D9D6H         LINE#         81
  C:D9D9H         LINE#         82
  C:D9DCH         LINE#         84
  C:D9DDH         LINE#         86
  C:D9E0H         LINE#         88
  C:D9E6H         LINE#         92
  C:D9E9H         LINE#         94
  C:D9ECH         LINE#         95
  -------         ENDPROC       USB_SUSPEND
  -------         ENDMOD        USB_SUSPEND

  -------         MODULE        USB_INT_ENABLE
  C:0000H         SYMBOL        _ICE_DUMMY_
  C:DADFH         PUBLIC        USB_Int_Enable
  D:0096H         PUBLIC        USB0ADR
  D:0097H         PUBLIC        USB0DAT
  -------         PROC          USB_INT_ENABLE
  C:DADFH         LINE#         68
  C:DADFH         LINE#         71
  C:DAE6H         LINE#         73
  C:DAECH         LINE#         74
  C:DAECH         LINE#         75
  C:DAF7H         LINE#         77
  C:DAF7H         LINE#         78
  -------         ENDPROC       USB_INT_ENABLE
  -------         ENDMOD        USB_INT_ENABLE

  -------         MODULE        USB_CLOCK_RECOVERY
  C:0000H         SYMBOL        _ICE_DUMMY_
  C:DB6AH         PUBLIC        USBXcore_ClkRec
  D:0096H         PUBLIC        USB0ADR
  D:0097H         PUBLIC        USB0DAT
  -------         PROC          USBXCORE_CLKREC
  C:DB6AH         LINE#         45
  C:DB6AH         LINE#         47
  C:DB75H         LINE#         48
  -------         ENDPROC       USBXCORE_CLKREC
  -------         ENDMOD        USB_CLOCK_RECOVERY
BL51 BANKED LINKER/LOCATER V6.22                                                      08/05/2021  15:49:06  PAGE 50



  -------         MODULE        ?C?FPMUL
  C:AC9AH         PUBLIC        ?C?FPMUL
  -------         ENDMOD        ?C?FPMUL

  -------         MODULE        ?C?FCAST
  C:ADAAH         PUBLIC        ?C?FCASTC
  C:ADA5H         PUBLIC        ?C?FCASTI
  C:ADA0H         PUBLIC        ?C?FCASTL
  -------         ENDMOD        ?C?FCAST

  -------         MODULE        ?C?CASTF
  C:ADDEH         PUBLIC        ?C?CASTF
  -------         ENDMOD        ?C?CASTF

  -------         MODULE        ?C?COPY
  C:AF2FH         PUBLIC        ?C?COPY
  -------         ENDMOD        ?C?COPY

  -------         MODULE        ?C?CLDPTR
  C:AF55H         PUBLIC        ?C?CLDPTR
  -------         ENDMOD        ?C?CLDPTR

  -------         MODULE        ?C?CLDOPTR
  C:AF6EH         PUBLIC        ?C?CLDOPTR
  -------         ENDMOD        ?C?CLDOPTR

  -------         MODULE        ?C?IMUL
  C:AF9BH         PUBLIC        ?C?IMUL
  -------         ENDMOD        ?C?IMUL

  -------         MODULE        ?C?IILDX
  C:AFADH         PUBLIC        ?C?IILDX
  -------         ENDMOD        ?C?IILDX

  -------         MODULE        ?C?ILDOPTR
  C:AFC3H         PUBLIC        ?C?ILDOPTR
  -------         ENDMOD        ?C?ILDOPTR

  -------         MODULE        ?C?LMUL
  C:AFFBH         PUBLIC        ?C?LMUL
  -------         ENDMOD        ?C?LMUL

  -------         MODULE        ?C?ULDIV
  C:B086H         PUBLIC        ?C?ULDIV
  -------         ENDMOD        ?C?ULDIV

  -------         MODULE        ?C?LNEG
  C:B118H         PUBLIC        ?C?LNEG
  -------         ENDMOD        ?C?LNEG

  -------         MODULE        ?C?ULCMP
  C:B126H         PUBLIC        ?C?ULCMP
  -------         ENDMOD        ?C?ULCMP

  -------         MODULE        ?C?ULSHR
  C:B137H         PUBLIC        ?C?ULSHR
BL51 BANKED LINKER/LOCATER V6.22                                                      08/05/2021  15:49:06  PAGE 51


  -------         ENDMOD        ?C?ULSHR

  -------         MODULE        ?C?LSHL
  C:B14AH         PUBLIC        ?C?LSHL
  -------         ENDMOD        ?C?LSHL

  -------         MODULE        ?C?LLDIPDATA
  C:B166H         PUBLIC        ?C?LLDIPDATA
  C:B15DH         PUBLIC        ?C?LLDIPDATA1
  C:B15FH         PUBLIC        ?C?LLDIPDATA8
  -------         ENDMOD        ?C?LLDIPDATA

  -------         MODULE        ?C?LSTXDATA
  C:B17DH         PUBLIC        ?C?LSTXDATA
  -------         ENDMOD        ?C?LSTXDATA

  -------         MODULE        ?C?LSTPDATA
  C:B189H         PUBLIC        ?C?LSTPDATA
  -------         ENDMOD        ?C?LSTPDATA

  -------         MODULE        ?C?LSTKXDATA
  C:B195H         PUBLIC        ?C?LSTKXDATA
  -------         ENDMOD        ?C?LSTKXDATA

  -------         MODULE        ?C?LSTKPDATA
  C:B1C6H         PUBLIC        ?C?LSTKPDATA
  -------         ENDMOD        ?C?LSTKPDATA

  -------         MODULE        ?C_PBP
  D:0008H         PUBLIC        ?C_PBP
  -------         ENDMOD        ?C_PBP

*** WARNING L14: INCOMPATIBLE MEMORY MODEL
    MODULE:  .\USBX_F34X.LIB (USB_API)
    MODEL:   SMALL

*** WARNING L14: INCOMPATIBLE MEMORY MODEL
    MODULE:  .\USBX_F34X.LIB (USB_SUSPEND)
    MODEL:   SMALL

*** WARNING L14: INCOMPATIBLE MEMORY MODEL
    MODULE:  .\USBX_F34X.LIB (USB_INT_ENABLE)
    MODEL:   SMALL

*** WARNING L14: INCOMPATIBLE MEMORY MODEL
    MODULE:  .\USBX_F34X.LIB (USB_CLOCK_RECOVERY)
    MODEL:   SMALL

*** WARNING L16: UNCALLED SEGMENT, IGNORED FOR OVERLAY PROCESS
    SEGMENT: ?PR?SD_INIT?MMC_SD

*** WARNING L16: UNCALLED SEGMENT, IGNORED FOR OVERLAY PROCESS
    SEGMENT: ?PR?_DISPPIC?LCD

*** WARNING L16: UNCALLED SEGMENT, IGNORED FOR OVERLAY PROCESS
    SEGMENT: ?PR?_DISPPICFROMSD?LCD

BL51 BANKED LINKER/LOCATER V6.22                                                      08/05/2021  15:49:06  PAGE 52


*** WARNING L16: UNCALLED SEGMENT, IGNORED FOR OVERLAY PROCESS
    SEGMENT: ?PR?DISPSCALEHOR1?LCD

*** WARNING L16: UNCALLED SEGMENT, IGNORED FOR OVERLAY PROCESS
    SEGMENT: ?PR?DISPSCALEVER?LCD

*** WARNING L16: UNCALLED SEGMENT, IGNORED FOR OVERLAY PROCESS
    SEGMENT: ?PR?DISPSCALEVER_RED?LCD

*** WARNING L16: UNCALLED SEGMENT, IGNORED FOR OVERLAY PROCESS
    SEGMENT: ?PR?DISPSCALEVER_GREEN?LCD

*** WARNING L16: UNCALLED SEGMENT, IGNORED FOR OVERLAY PROCESS
    SEGMENT: ?PR?DISPSCALEVER_BLUE?LCD

*** WARNING L16: UNCALLED SEGMENT, IGNORED FOR OVERLAY PROCESS
    SEGMENT: ?PR?DISPSCALEVER_GRAY?LCD

*** WARNING L16: UNCALLED SEGMENT, IGNORED FOR OVERLAY PROCESS
    SEGMENT: ?PR?DISPGRAYHOR32?LCD

*** WARNING L16: UNCALLED SEGMENT, IGNORED FOR OVERLAY PROCESS
    SEGMENT: ?PR?DISPSCALEHOR2?LCD

*** WARNING L16: UNCALLED SEGMENT, IGNORED FOR OVERLAY PROCESS
    SEGMENT: ?PR?_DRAWGIRD?LCD

*** WARNING L15: MULTIPLE CALL TO SEGMENT
    SEGMENT: ?PR?_WRITECOMM?LCD
    CALLER1: ?PR?USB_API_TEST_ISR?MAIN
    CALLER2: ?C_C51STARTUP

*** WARNING L15: MULTIPLE CALL TO SEGMENT
    SEGMENT: ?PR?_WRITEDATA?LCD
    CALLER1: ?PR?USB_API_TEST_ISR?MAIN
    CALLER2: ?C_C51STARTUP

Program Size: data=10.0 xdata=1217 code=56198
LINK/LOCATE RUN COMPLETE.  18 WARNING(S),  0 ERROR(S)
