BL51 BANKED LINKER/LOCATER V6.22                                                        03/29/2022  20:19:34  PAGE 1


BL51 BANKED LINKER/LOCATER V6.22, INVOKED BY:
D:\KEIL C51\C51\BIN\BL51.EXE main.obj, mmc_sd.obj, lcd.obj, tp.obj, .\USBX_F34X.LIB TO GC9306_CTC24_ZT_16BIT RAMSIZE (25
>> 6)


MEMORY MODEL: COMPACT WITH FLOATING POINT ARITHMETIC


INPUT MODULES INCLUDED:
  main.obj (MAIN)
  mmc_sd.obj (MMC_SD)
  lcd.obj (LCD)
  tp.obj (TP)
  .\USBX_F34X.LIB (USB_API)
  .\USBX_F34X.LIB (USB_CLOCK_START)
  .\USBX_F34X.LIB (USB_SUSPEND)
  .\USBX_F34X.LIB (GET_INTERRUPT_SOURCE)
  .\USBX_F34X.LIB (BLOCK_READ)
  .\USBX_F34X.LIB (BLOCK_WRITE)
  .\USBX_F34X.LIB (USB_INT_ENABLE)
  .\USBX_F34X.LIB (USB_CLOCK_RECOVERY)
  .\USBX_F34X.LIB (USB_JUMP_ISR)
  D:\KEIL C51\C51\LIB\C51FPC.LIB (?C?FPMUL)
  D:\KEIL C51\C51\LIB\C51FPC.LIB (?C?FCAST)
  D:\KEIL C51\C51\LIB\C51FPC.LIB (?C?CASTF)
  D:\KEIL C51\C51\LIB\C51FPC.LIB (?C?FPGETOPN)
  D:\KEIL C51\C51\LIB\C51C.LIB (?C_STARTUP)
  D:\KEIL C51\C51\LIB\C51C.LIB (?C?COPY)
  D:\KEIL C51\C51\LIB\C51C.LIB (?C?CLDPTR)
  D:\KEIL C51\C51\LIB\C51C.LIB (?C?CLDOPTR)
  D:\KEIL C51\C51\LIB\C51C.LIB (?C?IMUL)
  D:\KEIL C51\C51\LIB\C51C.LIB (?C?IILDX)
  D:\KEIL C51\C51\LIB\C51C.LIB (?C?ILDOPTR)
  D:\KEIL C51\C51\LIB\C51C.LIB (?C?LMUL)
  D:\KEIL C51\C51\LIB\C51C.LIB (?C?ULDIV)
  D:\KEIL C51\C51\LIB\C51C.LIB (?C?LNEG)
  D:\KEIL C51\C51\LIB\C51C.LIB (?C?ULCMP)
  D:\KEIL C51\C51\LIB\C51C.LIB (?C?ULSHR)
  D:\KEIL C51\C51\LIB\C51C.LIB (?C?LSHL)
  D:\KEIL C51\C51\LIB\C51C.LIB (?C?LLDIPDATA)
  D:\KEIL C51\C51\LIB\C51C.LIB (?C?LSTXDATA)
  D:\KEIL C51\C51\LIB\C51C.LIB (?C?LSTPDATA)
  D:\KEIL C51\C51\LIB\C51C.LIB (?C?LSTKXDATA)
  D:\KEIL C51\C51\LIB\C51C.LIB (?C?LSTKPDATA)
  D:\KEIL C51\C51\LIB\C51C.LIB (?C_PBP)
  D:\KEIL C51\C51\LIB\C51C.LIB (?C_INIT)


LINK MAP OF MODULE:  GC9306_CTC24_ZT_16BIT (MAIN)


            TYPE    BASE      LENGTH    RELOCATION   SEGMENT NAME
            -----------------------------------------------------

            * * * * * * *   D A T A   M E M O R Y   * * * * * * *
            REG     0000H     0008H     ABSOLUTE     "REG BANK 0"
            DATA    0008H     0001H     UNIT         ?C?LIB_DATA
            IDATA   0009H     0001H     UNIT         ?STACK
BL51 BANKED LINKER/LOCATER V6.22                                                      03/29/2022  20:19:34  PAGE 2



            * * * * * * *  X D A T A   M E M O R Y  * * * * * * *
            XDATA   0000H     0010H     INPAGE       ?PD?MAIN
            XDATA   0010H     0004H     INPAGE       ?PD?_MMC_SD_READSINGLEBLOCK?MMC_SD
            XDATA   0014H     0005H     INPAGE       ?PD?_DISPPIC?LCD
            XDATA   0019H     000DH     INPAGE       ?PD?_DISPPICFROMSD?LCD
            XDATA   0026H     0004H     INPAGE       ?PD?DISPSCALEHOR1?LCD
            XDATA   002AH     0004H     INPAGE       ?PD?DISPSCALEVER?LCD
            XDATA   002EH     0004H     INPAGE       ?PD?DISPSCALEVER_RED?LCD
            XDATA   0032H     0004H     INPAGE       ?PD?DISPSCALEVER_GREEN?LCD
            XDATA   0036H     0004H     INPAGE       ?PD?DISPSCALEVER_BLUE?LCD
            XDATA   003AH     0004H     INPAGE       ?PD?DISPSCALEVER_GRAY?LCD
            XDATA   003EH     0004H     INPAGE       ?PD?DISPGRAYHOR32?LCD
            XDATA   0042H     0002H     INPAGE       ?PD?DISPSCALEHOR2?LCD
            XDATA   0044H     000CH     INPAGE       ?PD?_DRAWLINE?LCD
            XDATA   0050H     0004H     INPAGE       ?PD?_DRAWGIRD?LCD
            XDATA   0054H     0002H     INPAGE       ?PD?LCD
            XDATA   0056H     0026H     INPAGE       _PDATA_GROUP_
            XDATA   007CH     0200H     UNIT         ?XD?MMC_SD
            XDATA   027CH     0058H     UNIT         _XDATA_GROUP_
            XDATA   02D4H     0040H     UNIT         ?XD?MAIN
                    0314H     032CH                  *** GAP ***
            XDATA   0640H     0100H     ABSOLUTE     
            XDATA   0740H     0012H     ABSOLUTE     
            XDATA   0752H     0020H     ABSOLUTE     
            XDATA   0772H     000CH     ABSOLUTE     
            XDATA   077EH     0008H     ABSOLUTE     
            XDATA   0786H     0001H     ABSOLUTE     
            XDATA   0787H     0003H     ABSOLUTE     
            XDATA   078AH     0002H     ABSOLUTE     
            XDATA   078CH     0002H     ABSOLUTE     
            XDATA   078EH     0003H     ABSOLUTE     
            XDATA   0791H     0001H     ABSOLUTE     
            XDATA   0792H     0001H     ABSOLUTE     
            XDATA   0793H     0001H     ABSOLUTE     
            XDATA   0794H     0001H     ABSOLUTE     
            XDATA   0795H     0002H     ABSOLUTE     
            XDATA   0797H     0002H     ABSOLUTE     
            XDATA   0799H     0001H     ABSOLUTE     
            XDATA   079AH     0001H     ABSOLUTE     
            XDATA   079BH     0001H     ABSOLUTE     
            XDATA   079CH     0001H     ABSOLUTE     
            XDATA   079DH     0001H     ABSOLUTE     
            XDATA   079EH     0001H     ABSOLUTE     
            XDATA   079FH     0002H     ABSOLUTE     
            XDATA   07A1H     0001H     ABSOLUTE     
            XDATA   07A2H     0001H     ABSOLUTE     
            XDATA   07A3H     000CH     ABSOLUTE     
                    07AFH     0011H                  *** GAP ***
            XDATA   07C0H     0040H     ABSOLUTE     

            * * * * * * *   C O D E   M E M O R Y   * * * * * * *
            CODE    0000H     0003H     ABSOLUTE     
            CODE    0003H     003AH     UNIT         ?CO?USB_API
            CODE    003DH     0003H     UNIT         ?PR?SUSPEND_DEVICE?MAIN
                    0040H     0003H                  *** GAP ***
            CODE    0043H     0003H     ABSOLUTE     
BL51 BANKED LINKER/LOCATER V6.22                                                      03/29/2022  20:19:34  PAGE 3


            CODE    0046H     0044H     UNIT         ?PR?_DISPCOLOR?LCD
                    008AH     0001H                  *** GAP ***
            CODE    008BH     0003H     ABSOLUTE     
            CODE    008EH     060CH     UNIT         ?PR?CONNTOUSB?MAIN
            CODE    069AH     0600H     UNIT         ?CO?LCD
            CODE    0C9AH     0545H     UNIT         ?C?LIB_CODE
            CODE    11DFH     0233H     UNIT         ?PR?USBXCORE_HANDLE_SETUP?USB_API
            CODE    1412H     0232H     UNIT         ?PR?_LCD_READ_IC_ID?LCD
            CODE    1644H     0226H     UNIT         ?PR?DISPSCALEHOR1?LCD
            CODE    186AH     0216H     UNIT         ?PR?LCD_INIT?LCD
            CODE    1A80H     01D8H     UNIT         ?PR?TP_DRAWLINE?TP
            CODE    1C58H     01BAH     UNIT         ?PR?DISPSCALEHOR2?LCD
            CODE    1E12H     018EH     UNIT         ?PR?DISPBAND?LCD
            CODE    1FA0H     0151H     UNIT         ?PR?USBXCORE_USB_ISR?USB_API
            CODE    20F1H     013DH     UNIT         ?PR?USB_API_TEST_ISR?MAIN
            CODE    222EH     0137H     UNIT         ?PR?_USB_INIT?USB_API
            CODE    2365H     0128H     UNIT         ?PR?DISPSCALEVER?LCD
            CODE    248DH     011BH     UNIT         ?PR?_TP_GETPOSITION?TP
            CODE    25A8H     0111H     UNIT         ?PR?_BLOCK_WRITE?BLOCK_WRITE
            CODE    26B9H     00E9H     UNIT         ?PR?_DISPPICFROMSD?LCD
            CODE    27A2H     00CDH     UNIT         ?PR?USBXCORE_VENDOR_USB_API?USB_API
            CODE    286FH     00CBH     UNIT         ?PR?_DISPONECHAR?LCD
            CODE    293AH     00B7H     UNIT         ?PR?MMC_SD_RESET?MMC_SD
            CODE    29F1H     00B3H     UNIT         ?PR?_DISPINT?LCD
            CODE    2AA4H     00B2H     UNIT         ?PR?USBXCORE_GET_DESCRIPTOR?USB_API
            CODE    2B56H     00AFH     UNIT         ?PR?_BLOCK_READ?BLOCK_READ
            CODE    2C05H     00A4H     UNIT         ?PR?DISPFRAME?LCD
            CODE    2CA9H     00A0H     UNIT         ?PR?DISPSCALEVER_GREEN?LCD
            CODE    2D49H     009CH     UNIT         ?PR?_?BLOCKWRITE?LCD
            CODE    2DE5H     009BH     UNIT         ?PR?DISPGRAYHOR16?LCD
            CODE    2E80H     0096H     UNIT         ?PR?_DISPSTR?LCD
            CODE    2F16H     0091H     UNIT         ?PR?DISPSCALEVER_RED?LCD
            CODE    2FA7H     0091H     UNIT         ?PR?DISPSCALEVER_GRAY?LCD
            CODE    3038H     0090H     UNIT         ?PR?_DRAWGIRD?LCD
            CODE    30C8H     008CH     UNIT         ?C_C51STARTUP
            CODE    3154H     0086H     UNIT         ?PR?DISPSCALEVER_BLUE?LCD
            CODE    31DAH     0086H     UNIT         ?PR?_DRAWLINE?LCD
            CODE    3260H     007DH     UNIT         ?PR?_MMC_SD_WRITESINGLEBLOCK?MMC_SD
            CODE    32DDH     0076H     UNIT         ?PR?DISPGRAYHOR32?LCD
            CODE    3353H     0075H     UNIT         ?PR?_MMC_SD_SENDCOMMAND?MMC_SD
            CODE    33C8H     0073H     UNIT         ?PR?TP_READ?TP
            CODE    343BH     0073H     UNIT         ?PR?USBXCORE_GET_STATUS?USB_API
            CODE    34AEH     006CH     UNIT         ?PR?DEVICES_INIT?MAIN
            CODE    351AH     0064H     UNIT         ?PR?_MMC_SD_READSINGLEBLOCK?MMC_SD
            CODE    357EH     0061H     UNIT         ?PR?_DISPPIC?LCD
            CODE    35DFH     005BH     UNIT         ?PR?_TOORD?LCD
            CODE    363AH     005AH     UNIT         ?PR?USBXCORE_SET_CONFIGURATION?USB_API
            CODE    3694H     0058H     UNIT         ?PR?USBXCORE_CLEAR_FEATURE?USB_API
            CODE    36ECH     0057H     UNIT         ?PR?USBXCORE_SET_FEATURE?USB_API
            CODE    3743H     0055H     UNIT         ?PR?_STOPDELAY?MAIN
            CODE    3798H     0052H     UNIT         ?PR?_PUTPIXEL?LCD
            CODE    37EAH     0050H     UNIT         ?CO?MAIN
            CODE    383AH     0047H     UNIT         ?PR?USBXCORE_GET_CONFIGURATION?USB_API
            CODE    3881H     0043H     UNIT         ?PR?MCU_INIT?MAIN
            CODE    38C4H     0038H     UNIT         ?PR?USB_CLOCK_START?USB_CLOCK_START
            CODE    38FCH     002DH     UNIT         ?C_INITSEG
            CODE    3929H     002BH     UNIT         ?PR?USB_SUSPEND?USB_SUSPEND
BL51 BANKED LINKER/LOCATER V6.22                                                      03/29/2022  20:19:34  PAGE 4


            CODE    3954H     0028H     UNIT         ?PR?_WRITEDISPDATA?LCD
            CODE    397CH     0027H     UNIT         ?PR?MAIN?MAIN
            CODE    39A3H     0027H     UNIT         ?PR?USBXCORE_USB_RESET?USB_API
            CODE    39CAH     0027H     UNIT         ?PR?USBXCORE_GET_INTERFACE?USB_API
            CODE    39F1H     0026H     UNIT         ?PR?_TP_WRITE?TP
            CODE    3A17H     0022H     UNIT         ?PR?USBXCORE_JUMP_ISR?USB_JUMP_ISR
            CODE    3A39H     0020H     UNIT         ?PR?USBXCORE_SET_ADDRESS?USB_API
            CODE    3A59H     001FH     UNIT         ?PR?_DELAY?MAIN
            CODE    3A78H     001FH     UNIT         ?PR?_WRITEDATA?LCD
            CODE    3A97H     001DH     UNIT         ?PR?USBXCORE_FORCE_STALL?USB_API
            CODE    3AB4H     001BH     UNIT         ?PR?_WRITECOMM?LCD
            CODE    3ACFH     0019H     UNIT         ?PR?USB_INT_ENABLE?USB_INT_ENABLE
            CODE    3AE8H     0016H     UNIT         ?PR?_SPI_WRITEBYTE?MMC_SD
            CODE    3AFEH     0016H     UNIT         ?PR?READDATA?LCD
            CODE    3B14H     0014H     UNIT         ?PR?USBXCORE_SET_SOP?USB_API
            CODE    3B28H     0013H     UNIT         ?PR?WAITKEY?MAIN
            CODE    3B3BH     0011H     UNIT         ?PR?SD_INIT?MMC_SD
            CODE    3B4CH     000EH     UNIT         ?PR?GET_INTERRUPT_SOURCE?GET_INTERRUPT_SOURCE
            CODE    3B5AH     000CH     UNIT         ?PR?USBXCORE_CLKREC?USB_CLOCK_RECOVERY
            CODE    3B66H     000BH     UNIT         ?PR?SPI_READBYTE?MMC_SD
            CODE    3B71H     0009H     UNIT         ?PR?_WRITEONEDOT?LCD
            CODE    3B7AH     0008H     UNIT         ?CO?TP



OVERLAY MAP OF MODULE:   GC9306_CTC24_ZT_16BIT (MAIN)


SEGMENT                                            PDATA_GROUP         XDATA_GROUP
  +--> CALLED SEGMENT                            START    LENGTH     START    LENGTH
------------------------------------------------------------------------------------
?PR?USB_API_TEST_ISR?MAIN                        0056H    0001H      -----    -----
  +--> ?PR?GET_INTERRUPT_SOURCE?GET_INTERRUP...
  +--> ?PR?_BLOCK_READ?BLOCK_READ
  +--> ?PR?SUSPEND_DEVICE?MAIN
  +--> ?PR?MCU_INIT?MAIN
  +--> ?PR?_?BLOCKWRITE?LCD

?PR?SUSPEND_DEVICE?MAIN                          -----    -----      -----    -----
  +--> ?PR?USB_SUSPEND?USB_SUSPEND

?PR?USB_SUSPEND?USB_SUSPEND                      -----    -----      -----    -----
  +--> ?PR?USB_CLOCK_START?USB_CLOCK_START

?PR?_?BLOCKWRITE?LCD                             -----    -----      -----    -----
  +--> ?PR?_WRITECOMM?LCD
  +--> ?PR?_WRITEDATA?LCD

?PR?_WRITECOMM?LCD                               007AH    0002H      -----    -----

?PR?_WRITEDATA?LCD                               007AH    0002H      -----    -----

*** NEW ROOT ***************************************************

?PR?USBXCORE_USB_ISR?USB_API                     -----    -----      -----    -----
  +--> ?PR?USBXCORE_USB_RESET?USB_API
  +--> ?PR?USBXCORE_HANDLE_SETUP?USB_API
BL51 BANKED LINKER/LOCATER V6.22                                                      03/29/2022  20:19:34  PAGE 5


  +--> ?PR?USBXCORE_JUMP_ISR?USB_JUMP_ISR

?PR?USBXCORE_HANDLE_SETUP?USB_API                -----    -----      -----    -----
  +--> ?PR?USBXCORE_GET_STATUS?USB_API
  +--> ?PR?USBXCORE_CLEAR_FEATURE?USB_API
  +--> ?PR?USBXCORE_VENDOR_USB_API?USB_API
  +--> ?PR?USBXCORE_SET_FEATURE?USB_API
  +--> ?PR?USBXCORE_SET_ADDRESS?USB_API
  +--> ?PR?USBXCORE_GET_DESCRIPTOR?USB_API
  +--> ?PR?USBXCORE_GET_CONFIGURATION?USB_API
  +--> ?PR?USBXCORE_SET_CONFIGURATION?USB_API
  +--> ?PR?USBXCORE_GET_INTERFACE?USB_API
  +--> ?PR?USBXCORE_SET_SOP?USB_API
  +--> ?PR?USBXCORE_FORCE_STALL?USB_API

?PR?USBXCORE_GET_STATUS?USB_API                  -----    -----      -----    -----
  +--> ?CO?USB_API
  +--> ?PR?USBXCORE_FORCE_STALL?USB_API
  +--> ?PR?USBXCORE_SET_SOP?USB_API

?PR?USBXCORE_CLEAR_FEATURE?USB_API               -----    -----      -----    -----
  +--> ?PR?USBXCORE_FORCE_STALL?USB_API
  +--> ?PR?USBXCORE_SET_SOP?USB_API

?PR?USBXCORE_VENDOR_USB_API?USB_API              -----    -----      -----    -----
  +--> ?PR?USBXCORE_SET_SOP?USB_API

?PR?USBXCORE_SET_FEATURE?USB_API                 -----    -----      -----    -----
  +--> ?PR?USBXCORE_FORCE_STALL?USB_API
  +--> ?PR?USBXCORE_SET_SOP?USB_API

?PR?USBXCORE_SET_ADDRESS?USB_API                 -----    -----      -----    -----
  +--> ?PR?USBXCORE_SET_SOP?USB_API

?PR?USBXCORE_GET_DESCRIPTOR?USB_API              -----    -----      -----    -----
  +--> ?PR?USBXCORE_FORCE_STALL?USB_API
  +--> ?PR?USBXCORE_SET_SOP?USB_API

?PR?USBXCORE_GET_CONFIGURATION?USB_API           -----    -----      -----    -----
  +--> ?CO?USB_API
  +--> ?PR?USBXCORE_SET_SOP?USB_API

?PR?USBXCORE_SET_CONFIGURATION?USB_API           -----    -----      -----    -----
  +--> ?PR?USBXCORE_SET_SOP?USB_API

?PR?USBXCORE_GET_INTERFACE?USB_API               -----    -----      -----    -----
  +--> ?CO?USB_API
  +--> ?PR?USBXCORE_SET_SOP?USB_API

*** NEW ROOT ***************************************************

?C_C51STARTUP                                    -----    -----      -----    -----
  +--> ?PR?MAIN?MAIN
  +--> ?C_INITSEG

?PR?MAIN?MAIN                                    -----    -----      -----    -----
  +--> ?PR?DEVICES_INIT?MAIN
BL51 BANKED LINKER/LOCATER V6.22                                                      03/29/2022  20:19:34  PAGE 6


  +--> ?PR?DISPFRAME?LCD
  +--> ?PR?_STOPDELAY?MAIN
  +--> ?PR?WAITKEY?MAIN
  +--> ?PR?DISPGRAYHOR16?LCD
  +--> ?PR?DISPBAND?LCD
  +--> ?PR?TP_DRAWLINE?TP

?PR?DEVICES_INIT?MAIN                            -----    -----      -----    -----
  +--> ?PR?MCU_INIT?MAIN
  +--> ?PR?USB_CLOCK_START?USB_CLOCK_START
  +--> ?CO?MAIN
  +--> ?PR?_USB_INIT?USB_API
  +--> ?PR?USB_INT_ENABLE?USB_INT_ENABLE
  +--> ?PR?LCD_INIT?LCD

?PR?_USB_INIT?USB_API                            -----    -----      027CH    0011H
  +--> ?CO?USB_API
  +--> ?PR?USBXCORE_CLKREC?USB_CLOCK_RECOVERY

?PR?LCD_INIT?LCD                                 -----    -----      -----    -----
  +--> ?PR?READDATA?LCD
  +--> ?PR?_DELAY?MAIN
  +--> ?PR?_WRITECOMM?LCD
  +--> ?PR?_WRITEDATA?LCD

?PR?READDATA?LCD                                 -----    -----      -----    -----
  +--> ?PR?_LCD_READ_IC_ID?LCD

?PR?_LCD_READ_IC_ID?LCD                          0062H    0008H      -----    -----

?PR?DISPFRAME?LCD                                0059H    0002H      -----    -----
  +--> ?PR?_?BLOCKWRITE?LCD
  +--> ?PR?_WRITEDISPDATA?LCD

?PR?_WRITEDISPDATA?LCD                           007AH    0001H      -----    -----

?PR?_STOPDELAY?MAIN                              0059H    0004H      -----    -----
  +--> ?PR?WAITKEY?MAIN
  +--> ?PR?_DELAY?MAIN

?PR?WAITKEY?MAIN                                 -----    -----      -----    -----
  +--> ?PR?CONNTOUSB?MAIN
  +--> ?PR?_DELAY?MAIN

?PR?CONNTOUSB?MAIN                               005DH    0005H      027CH    0058H
  +--> ?CO?MAIN
  +--> ?PR?_WRITECOMM?LCD
  +--> ?PR?_WRITEDATA?LCD
  +--> ?PR?_DISPSTR?LCD
  +--> ?PR?_DISPINT?LCD
  +--> ?PR?_WRITEDISPDATA?LCD
  +--> ?PR?_MMC_SD_WRITESINGLEBLOCK?MMC_SD
  +--> ?PR?_BLOCK_WRITE?BLOCK_WRITE
  +--> ?PR?READDATA?LCD
  +--> ?PR?_DELAY?MAIN

?PR?_DISPSTR?LCD                                 0062H    000BH      -----    -----
BL51 BANKED LINKER/LOCATER V6.22                                                      03/29/2022  20:19:34  PAGE 7


  +--> ?PR?_TOORD?LCD
  +--> ?PR?_DISPONECHAR?LCD

?PR?_DISPONECHAR?LCD                             006DH    000DH      -----    -----
  +--> ?PR?_?BLOCKWRITE?LCD
  +--> ?CO?LCD
  +--> ?PR?_WRITEONEDOT?LCD

?PR?_WRITEONEDOT?LCD                             -----    -----      -----    -----
  +--> ?PR?_WRITEDISPDATA?LCD

?PR?_DISPINT?LCD                                 0062H    000AH      -----    -----
  +--> ?PR?_DISPONECHAR?LCD

?PR?_MMC_SD_WRITESINGLEBLOCK?MMC_SD              0062H    0004H      -----    -----
  +--> ?PR?_MMC_SD_SENDCOMMAND?MMC_SD
  +--> ?PR?_SPI_WRITEBYTE?MMC_SD

?PR?_MMC_SD_SENDCOMMAND?MMC_SD                   0066H    0005H      -----    -----
  +--> ?PR?_SPI_WRITEBYTE?MMC_SD

?PR?DISPGRAYHOR16?LCD                            0059H    0004H      -----    -----
  +--> ?PR?_?BLOCKWRITE?LCD
  +--> ?PR?_WRITEDISPDATA?LCD

?PR?DISPBAND?LCD                                 0059H    0005H      -----    -----
  +--> ?PR?_?BLOCKWRITE?LCD
  +--> ?PR?_WRITEDISPDATA?LCD

?PR?TP_DRAWLINE?TP                               -----    -----      027CH    0018H
  +--> ?PR?_DISPCOLOR?LCD
  +--> ?CO?TP
  +--> ?PR?_DISPSTR?LCD
  +--> ?PR?_DELAY?MAIN
  +--> ?PR?_TP_GETPOSITION?TP
  +--> ?PR?_PUTPIXEL?LCD

?PR?_DISPCOLOR?LCD                               0059H    0004H      -----    -----
  +--> ?PR?_?BLOCKWRITE?LCD
  +--> ?PR?_WRITEDISPDATA?LCD

?PR?_TP_GETPOSITION?TP                           -----    -----      0294H    001BH
  +--> ?PR?_TP_WRITE?TP
  +--> ?PR?TP_READ?TP

?PR?_TP_WRITE?TP                                 -----    -----      02AFH    0001H

?PR?TP_READ?TP                                   -----    -----      02AFH    0005H

?PR?_PUTPIXEL?LCD                                0059H    0002H      -----    -----
  +--> ?PR?_?BLOCKWRITE?LCD
  +--> ?PR?_WRITEDISPDATA?LCD



SYMBOL TABLE OF MODULE:  GC9306_CTC24_ZT_16BIT (MAIN)

BL51 BANKED LINKER/LOCATER V6.22                                                      03/29/2022  20:19:34  PAGE 8


  VALUE           TYPE          NAME
  ----------------------------------

  -------         MODULE        MAIN
  C:0000H         SYMBOL        _ICE_DUMMY_
  D:0080H         PUBLIC        P0
  X:0000H         PUBLIC        f_down
  D:0090H         PUBLIC        P1
  D:00B0H         PUBLIC        P3
  C:3835H         PUBLIC        USB_MaxPower
  B:00B0H.6       PUBLIC        KEY_STEP
  D:00A4H         PUBLIC        P0MDOUT
  D:00A5H         PUBLIC        P1MDOUT
  D:00A6H         PUBLIC        P2MDOUT
  D:00A7H         PUBLIC        P3MDOUT
  D:00AEH         PUBLIC        P4MDOUT
  B:0080H.6       PUBLIC        OE
  D:00D9H         PUBLIC        PCA0MD
  C:20F1H         PUBLIC        USB_API_TEST_ISR
  C:003DH         PUBLIC        Suspend_Device
  C:3747H         PUBLIC        _StopDelay
  D:00E1H         PUBLIC        XBR0
  D:00E2H         PUBLIC        XBR1
  B:00B0H.1       PUBLIC        RS
  C:397CH         PUBLIC        main
  X:0001H         PUBLIC        VerifyCode0
  X:0002H         PUBLIC        VerifyCode1
  C:37FFH         PUBLIC        USB_PID
  X:0003H         PUBLIC        VerifyCode2
  D:00F1H         PUBLIC        P0MDIN
  D:00F2H         PUBLIC        P1MDIN
  C:3801H         PUBLIC        USB_MfrStr
  D:00F4H         PUBLIC        P3MDIN
  C:37FDH         PUBLIC        USB_VID
  D:00F8H         PUBLIC        SPI0CN
  X:0004H         PUBLIC        pic
  C:34AEH         PUBLIC        Devices_Init
  C:008EH         PUBLIC        ConnToUSB
  D:00A9H         PUBLIC        CLKSEL
  D:00B2H         PUBLIC        OSCICN
  C:3836H         PUBLIC        USB_PwAttributes
  C:3B28H         PUBLIC        WaitKey
  C:3839H         SYMBOL        _?ix1000
  B:00B0H.0       PUBLIC        CS0
  X:0005H         PUBLIC        bf
  C:3837H         PUBLIC        USB_bcdDevice
  D:00B9H         PUBLIC        CLKMUL
  X:0007H         PUBLIC        f_debug
  X:0008H         PUBLIC        sd
  X:02D4H         PUBLIC        Packet
  C:3881H         PUBLIC        MCU_Init
  B:0080H.7       PUBLIC        DIR
  D:00EFH         PUBLIC        RSTSRC
  X:000CH         PUBLIC        f_read
  C:382BH         PUBLIC        USB_SerialStr
  X:000DH         PUBLIC        f_other
  C:381BH         PUBLIC        USB_ProductStr
BL51 BANKED LINKER/LOCATER V6.22                                                      03/29/2022  20:19:34  PAGE 9


  X:000EH         PUBLIC        f_para
  D:00A1H         PUBLIC        SPI0CFG
  C:3A59H         PUBLIC        _Delay
  B:00B0H.7       PUBLIC        KEY_Stop
  X:000FH         PUBLIC        f_init
  -------         PROC          MAIN
  C:397CH         LINE#         40
  C:397CH         LINE#         41
  C:397CH         LINE#         46
  C:397FH         LINE#         53
  C:3982H         LINE#         54
  C:3982H         LINE#         71
  C:398BH         LINE#         76
  C:3994H         LINE#         77
  C:399DH         LINE#         83
  C:39A0H         LINE#         85
  C:39A2H         LINE#         87
  -------         ENDPROC       MAIN
  -------         PROC          _DELAY
  D:0006H         SYMBOL        dly
  -------         DO            
  D:0004H         SYMBOL        i
  D:0002H         SYMBOL        j
  -------         ENDDO         
  C:3A59H         LINE#         89
  C:3A59H         LINE#         90
  C:3A59H         LINE#         93
  C:3A63H         LINE#         94
  C:3A77H         LINE#         95
  -------         ENDPROC       _DELAY
  C:3743H         SYMBOL        L?0133
  -------         PROC          L?0132
  -------         ENDPROC       L?0132
  C:3743H         SYMBOL        L?0133
  -------         PROC          _STOPDELAY
  X:0059H         SYMBOL        sdly
  -------         DO            
  D:0006H         SYMBOL        i
  D:0004H         SYMBOL        j
  X:005BH         SYMBOL        k
  -------         ENDDO         
  C:3747H         LINE#         97
  C:374EH         LINE#         98
  C:374EH         LINE#         100
  C:3753H         LINE#         101
  C:3753H         LINE#         102
  C:3756H         LINE#         103
  C:3756H         LINE#         104
  C:3763H         LINE#         105
  C:3777H         LINE#         106
  C:3777H         LINE#         108
  C:3777H         LINE#         109
  C:3781H         LINE#         110
  C:3781H         LINE#         111
  C:3797H         LINE#         112
  -------         ENDPROC       _STOPDELAY
  -------         PROC          WAITKEY
BL51 BANKED LINKER/LOCATER V6.22                                                      03/29/2022  20:19:34  PAGE 10


  C:3B28H         LINE#         142
  C:3B28H         LINE#         143
  C:3B28H         LINE#         145
  C:3B2BH         LINE#         146
  C:3B2BH         LINE#         148
  C:3B2EH         LINE#         150
  C:3B30H         LINE#         151
  C:3B37H         LINE#         152
  C:3B3AH         LINE#         154
  -------         ENDPROC       WAITKEY
  -------         PROC          CONNTOUSB
  -------         DO            
  X:005DH         SYMBOL        i
  X:027CH         SYMBOL        reg_data
  X:0294H         SYMBOL        para_data
  D:0007H         SYMBOL        dat
  X:005EH         SYMBOL        reg_index
  X:0060H         SYMBOL        data_num
  X:0061H         SYMBOL        st
  -------         ENDDO         
  C:008EH         LINE#         160
  C:008EH         LINE#         161
  C:008EH         LINE#         168
  C:00A1H         LINE#         170
  C:00A9H         LINE#         171
  C:00A9H         LINE#         172
  C:00B7H         LINE#         173
  C:00B7H         LINE#         174
  C:00C8H         LINE#         175
  C:00C8H         LINE#         176
  C:00EEH         LINE#         177
  C:00F0H         LINE#         178
  C:0104H         LINE#         179
  C:0104H         LINE#         180
  C:012AH         LINE#         182
  C:012AH         LINE#         183
  C:012AH         LINE#         184
  C:012AH         LINE#         186
  C:012AH         LINE#         187
  C:0132H         LINE#         188
  C:013CH         LINE#         189
  C:0146H         LINE#         191
  C:0162H         LINE#         193
  C:016CH         LINE#         194
  C:016CH         LINE#         195
  C:017DH         LINE#         196
  C:017DH         LINE#         197
  C:018EH         LINE#         198
  C:018EH         LINE#         199
  C:01E1H         LINE#         200
  C:01E3H         LINE#         201
  C:01F9H         LINE#         202
  C:01F9H         LINE#         203
  C:024BH         LINE#         204
  C:024BH         LINE#         205
  C:024BH         LINE#         206
  C:024BH         LINE#         208
BL51 BANKED LINKER/LOCATER V6.22                                                      03/29/2022  20:19:34  PAGE 11


  C:024BH         LINE#         209
  C:0253H         LINE#         210
  C:0253H         LINE#         211
  C:025DH         LINE#         212
  C:0267H         LINE#         214
  C:026BH         LINE#         215
  C:026EH         LINE#         219
  C:0276H         LINE#         220
  C:0276H         LINE#         221
  C:0285H         LINE#         222
  C:0285H         LINE#         223
  C:0287H         LINE#         225
  C:0289H         LINE#         226
  C:02A5H         LINE#         227
  C:02A7H         LINE#         229
  C:02D0H         LINE#         230
  C:02F4H         LINE#         231
  C:02FEH         LINE#         232
  C:02FEH         LINE#         233
  C:0306H         LINE#         234
  C:030DH         LINE#         235
  C:0318H         LINE#         236
  C:031EH         LINE#         237
  C:031EH         LINE#         238
  C:0327H         LINE#         240
  C:032BH         LINE#         241
  C:0337H         LINE#         242
  C:033AH         LINE#         245
  C:0342H         LINE#         246
  C:0342H         LINE#         247
  C:034BH         LINE#         248
  C:034BH         LINE#         249
  C:035BH         LINE#         250
  C:035BH         LINE#         251
  C:035DH         LINE#         253
  C:035FH         LINE#         254
  C:037BH         LINE#         255
  C:037DH         LINE#         257
  C:03A6H         LINE#         258
  C:03CAH         LINE#         260
  C:03D4H         LINE#         261
  C:03D4H         LINE#         262
  C:03DCH         LINE#         263
  C:03E3H         LINE#         264
  C:03EEH         LINE#         265
  C:03F4H         LINE#         266
  C:03F4H         LINE#         268
  C:03FDH         LINE#         274
  C:03FDH         LINE#         275
  C:040AH         LINE#         276
  C:040AH         LINE#         277
  C:040CH         LINE#         279
  C:040EH         LINE#         280
  C:042AH         LINE#         281
  C:042CH         LINE#         283
  C:0434H         LINE#         284
  C:0438H         LINE#         285
BL51 BANKED LINKER/LOCATER V6.22                                                      03/29/2022  20:19:34  PAGE 12


  C:0444H         LINE#         286
  C:0444H         LINE#         287
  C:0447H         LINE#         290
  C:044FH         LINE#         291
  C:044FH         LINE#         292
  C:0460H         LINE#         293
  C:0460H         LINE#         294
  C:046DH         LINE#         295
  C:046DH         LINE#         296
  C:048BH         LINE#         297
  C:048DH         LINE#         298
  C:049DH         LINE#         299
  C:049DH         LINE#         300
  C:04BBH         LINE#         301
  C:04BDH         LINE#         302
  C:04CEH         LINE#         303
  C:04CEH         LINE#         304
  C:04D8H         LINE#         305
  C:04E2H         LINE#         306
  C:04E2H         LINE#         307
  C:04E2H         LINE#         308
  C:04E2H         LINE#         310
  C:04E2H         LINE#         311
  C:04EBH         LINE#         312
  C:04EFH         LINE#         313
  C:04FBH         LINE#         314
  C:04FEH         LINE#         317
  C:0506H         LINE#         318
  C:0506H         LINE#         319
  C:0513H         LINE#         320
  C:0524H         LINE#         322
  C:052DH         LINE#         323
  C:053CH         LINE#         325
  C:0544H         LINE#         326
  C:0544H         LINE#         327
  C:054DH         LINE#         328
  C:055CH         LINE#         329
  C:055CH         LINE#         330
  C:055FH         LINE#         331
  C:056EH         LINE#         332
  C:057AH         LINE#         333
  C:0580H         LINE#         334
  C:0580H         LINE#         336
  C:0584H         LINE#         337
  C:0593H         LINE#         339
  C:059AH         LINE#         340
  C:05B6H         LINE#         341
  C:05C0H         LINE#         342
  C:05C0H         LINE#         343
  C:05E6H         LINE#         344
  C:05F9H         LINE#         345
  C:05F9H         LINE#         346
  C:064BH         LINE#         347
  C:0653H         LINE#         348
  C:0653H         LINE#         349
  C:0653H         LINE#         352
  C:0658H         LINE#         353
BL51 BANKED LINKER/LOCATER V6.22                                                      03/29/2022  20:19:34  PAGE 13


  C:0658H         LINE#         354
  C:0665H         LINE#         355
  C:0676H         LINE#         357
  C:067CH         LINE#         358
  C:0680H         LINE#         359
  C:0683H         LINE#         360
  C:0687H         LINE#         362
  C:068BH         LINE#         363
  C:0697H         LINE#         364
  C:0699H         LINE#         365
  -------         ENDPROC       CONNTOUSB
  -------         PROC          MCU_INIT
  -------         DO            
  D:0007H         SYMBOL        n
  -------         ENDDO         
  C:3881H         LINE#         368
  C:3881H         LINE#         369
  C:3881H         LINE#         371
  C:3884H         LINE#         374
  C:3887H         LINE#         375
  C:388AH         LINE#         377
  C:388DH         LINE#         379
  C:3893H         LINE#         381
  C:3896H         LINE#         382
  C:389BH         LINE#         383
  C:389EH         LINE#         385
  C:38A1H         LINE#         388
  C:38A4H         LINE#         389
  C:38A7H         LINE#         391
  C:38AAH         LINE#         392
  C:38ADH         LINE#         394
  C:38B0H         LINE#         395
  C:38B3H         LINE#         397
  C:38B6H         LINE#         398
  C:38B9H         LINE#         399
  C:38BBH         LINE#         400
  C:38BDH         LINE#         402
  C:38C0H         LINE#         403
  C:38C3H         LINE#         405
  -------         ENDPROC       MCU_INIT
  -------         PROC          DEVICES_INIT
  C:34AEH         LINE#         407
  C:34AEH         LINE#         408
  C:34AEH         LINE#         410
  C:34B1H         LINE#         413
  C:34B4H         LINE#         414
  C:350EH         LINE#         415
  C:3511H         LINE#         418
  C:3514H         LINE#         419
  C:3517H         LINE#         427
  -------         ENDPROC       DEVICES_INIT
  -------         PROC          SUSPEND_DEVICE
  C:003DH         LINE#         431
  C:003DH         LINE#         432
  C:003DH         LINE#         433
  -------         ENDPROC       SUSPEND_DEVICE
  -------         PROC          USB_API_TEST_ISR
BL51 BANKED LINKER/LOCATER V6.22                                                      03/29/2022  20:19:34  PAGE 14


  -------         DO            
  X:0056H         SYMBOL        INTVAL
  -------         ENDDO         
  C:20F1H         LINE#         437
  C:210EH         LINE#         439
  C:2115H         LINE#         441
  C:211BH         LINE#         442
  C:211BH         LINE#         443
  C:2126H         LINE#         445
  C:2142H         LINE#         446
  C:2142H         LINE#         447
  C:2144H         LINE#         448
  C:2146H         LINE#         449
  C:215CH         LINE#         450
  C:215CH         LINE#         451
  C:215EH         LINE#         452
  C:2160H         LINE#         453
  C:2178H         LINE#         454
  C:2178H         LINE#         455
  C:217AH         LINE#         456
  C:217CH         LINE#         457
  C:2196H         LINE#         458
  C:2196H         LINE#         459
  C:2198H         LINE#         460
  C:219AH         LINE#         461
  C:21AFH         LINE#         462
  C:21AFH         LINE#         463
  C:21B1H         LINE#         464
  C:21B3H         LINE#         466
  C:21B3H         LINE#         467
  C:21B8H         LINE#         468
  C:21B8H         LINE#         469
  C:21B8H         LINE#         471
  C:21B8H         LINE#         472
  C:21B8H         LINE#         474
  C:21B8H         LINE#         476
  C:21BEH         LINE#         477
  C:21BEH         LINE#         478
  C:21C1H         LINE#         479
  C:21C1H         LINE#         481
  C:21C7H         LINE#         482
  C:21C7H         LINE#         483
  C:21CAH         LINE#         484
  C:21CAH         LINE#         486
  C:21D0H         LINE#         487
  C:21D0H         LINE#         488
  C:21ECH         LINE#         489
  C:21ECH         LINE#         491
  C:21F2H         LINE#         492
  C:21F2H         LINE#         493
  C:21F7H         LINE#         494
  C:2213H         LINE#         495
  C:2213H         LINE#         496
  -------         ENDPROC       USB_API_TEST_ISR
  -------         ENDMOD        MAIN

  -------         MODULE        MMC_SD
BL51 BANKED LINKER/LOCATER V6.22                                                      03/29/2022  20:19:34  PAGE 15


  C:0000H         SYMBOL        _ICE_DUMMY_
  D:00A2H         PUBLIC        SPI0CKR
  D:0080H         PUBLIC        P0
  D:0090H         PUBLIC        P1
  D:00B0H         PUBLIC        P3
  C:3353H         PUBLIC        _MMC_SD_SendCommand
  C:351AH         PUBLIC        _MMC_SD_ReadSingleBlock
  C:3B3BH         PUBLIC        SD_Init
  C:3260H         PUBLIC        _MMC_SD_WriteSingleBlock
  B:00F8H.7       PUBLIC        SPIF
  B:00F8H.2       PUBLIC        NSSMD0
  C:293AH         PUBLIC        MMC_SD_Reset
  D:00A9H         PUBLIC        CLKSEL
  C:3B66H         PUBLIC        SPI_ReadByte
  C:3AF4H         PUBLIC        _SPI_WriteByte
  D:00A3H         PUBLIC        SPI0DAT
  X:007CH         PUBLIC        buffer
  C:3AE8H         SYMBOL        L?0062
  C:3AEDH         SYMBOL        L?0063
  -------         PROC          L?0061
  -------         ENDPROC       L?0061
  C:3AE8H         SYMBOL        L?0062
  C:3AEDH         SYMBOL        L?0063
  -------         PROC          _SPI_WRITEBYTE
  D:0007H         SYMBOL        val
  -------         DO            
  D:0007H         SYMBOL        ret
  -------         ENDDO         
  C:3AF4H         LINE#         7
  C:3AF4H         LINE#         8
  C:3AF4H         LINE#         11
  C:3AF6H         LINE#         12
  C:3AF9H         LINE#         13
  C:3AFBH         LINE#         14
  C:3AFDH         LINE#         15
  C:3AFDH         LINE#         16
  -------         ENDPROC       _SPI_WRITEBYTE
  -------         PROC          SPI_READBYTE
  -------         DO            
  D:0007H         SYMBOL        ret
  -------         ENDDO         
  C:3B66H         LINE#         18
  C:3B66H         LINE#         19
  C:3B66H         LINE#         22
  C:3B69H         LINE#         23
  C:3B6CH         LINE#         24
  C:3B6EH         LINE#         25
  C:3B70H         LINE#         26
  C:3B70H         LINE#         27
  -------         ENDPROC       SPI_READBYTE
  -------         PROC          _MMC_SD_SENDCOMMAND
  D:0006H         SYMBOL        cmd
  X:0067H         SYMBOL        arg
  -------         DO            
  D:0007H         SYMBOL        r1
  D:0003H         SYMBOL        retry
  -------         ENDDO         
BL51 BANKED LINKER/LOCATER V6.22                                                      03/29/2022  20:19:34  PAGE 16


  C:3353H         LINE#         29
  C:3355H         LINE#         30
  C:3355H         LINE#         32
  C:3357H         LINE#         34
  C:3357H         LINE#         35
  C:3357H         LINE#         36
  C:335AH         LINE#         37
  C:335AH         LINE#         38
  C:335AH         LINE#         39
  C:335DH         LINE#         41
  C:335FH         LINE#         43
  C:3366H         LINE#         44
  C:337BH         LINE#         45
  C:3390H         LINE#         46
  C:33A5H         LINE#         47
  C:33AFH         LINE#         48
  C:33B4H         LINE#         50
  C:33BCH         LINE#         51
  C:33C5H         LINE#         53
  C:33C7H         LINE#         55
  C:33C7H         LINE#         56
  -------         ENDPROC       _MMC_SD_SENDCOMMAND
  -------         PROC          MMC_SD_RESET
  -------         DO            
  D:0005H         SYMBOL        i
  D:0002H         SYMBOL        retry
  D:0006H         SYMBOL        r1
  -------         ENDDO         
  C:293AH         LINE#         58
  C:293AH         LINE#         59
  C:293AH         LINE#         62
  C:293CH         LINE#         64
  C:293DH         LINE#         65
  C:2940H         LINE#         66
  C:2943H         LINE#         68
  C:2943H         LINE#         69
  C:294FH         LINE#         70
  C:295FH         LINE#         71
  C:2960H         LINE#         72
  C:2966H         LINE#         73
  C:296AH         LINE#         75
  C:296CH         LINE#         77
  C:296CH         LINE#         79
  C:296CH         LINE#         80
  C:297CH         LINE#         81
  C:297DH         LINE#         82
  C:2986H         LINE#         83
  C:298AH         LINE#         85
  C:298CH         LINE#         86
  C:299CH         LINE#         87
  C:299DH         LINE#         88
  C:29A6H         LINE#         89
  C:29A9H         LINE#         91
  C:29ACH         LINE#         92
  C:29ACH         LINE#         93
  C:29AEH         LINE#         95
  C:29AEH         LINE#         96
BL51 BANKED LINKER/LOCATER V6.22                                                      03/29/2022  20:19:34  PAGE 17


  C:29BEH         LINE#         97
  C:29BFH         LINE#         98
  C:29C8H         LINE#         99
  C:29CBH         LINE#         100
  C:29CBH         LINE#         101
  C:29DBH         LINE#         103
  C:29E9H         LINE#         104
  C:29ECH         LINE#         105
  C:29EFH         LINE#         106
  C:29F0H         LINE#         107
  -------         ENDPROC       MMC_SD_RESET
  -------         PROC          _MMC_SD_READSINGLEBLOCK
  X:0010H         SYMBOL        sector
  -------         DO            
  D:0007H         SYMBOL        r1
  D:0004H         SYMBOL        i
  D:0002H         SYMBOL        retry
  -------         ENDDO         
  C:351AH         LINE#         109
  C:351FH         LINE#         110
  C:351FH         LINE#         113
  C:3521H         LINE#         115
  C:3524H         LINE#         117
  C:3524H         LINE#         118
  C:3540H         LINE#         119
  C:3541H         LINE#         120
  C:354AH         LINE#         121
  C:354DH         LINE#         124
  C:354FH         LINE#         126
  C:3555H         LINE#         128
  C:3558H         LINE#         129
  C:3558H         LINE#         130
  C:3567H         LINE#         131
  C:3574H         LINE#         133
  C:3574H         LINE#         134
  C:3577H         LINE#         136
  C:3579H         LINE#         137
  C:357CH         LINE#         138
  C:357DH         LINE#         139
  -------         ENDPROC       _MMC_SD_READSINGLEBLOCK
  -------         PROC          _MMC_SD_WRITESINGLEBLOCK
  X:0062H         SYMBOL        sector
  -------         DO            
  D:0006H         SYMBOL        r1
  D:0004H         SYMBOL        i
  D:0002H         SYMBOL        retry
  -------         ENDDO         
  C:3260H         LINE#         141
  C:3265H         LINE#         142
  C:3265H         LINE#         145
  C:3267H         LINE#         147
  C:326AH         LINE#         149
  C:326AH         LINE#         150
  C:3288H         LINE#         151
  C:3289H         LINE#         152
  C:3292H         LINE#         153
  C:3295H         LINE#         157
BL51 BANKED LINKER/LOCATER V6.22                                                      03/29/2022  20:19:34  PAGE 18


  C:3297H         LINE#         159
  C:329CH         LINE#         161
  C:32A1H         LINE#         163
  C:32A3H         LINE#         164
  C:32A3H         LINE#         165
  C:32B2H         LINE#         166
  C:32BFH         LINE#         168
  C:32BFH         LINE#         169
  C:32BFH         LINE#         171
  C:32C4H         LINE#         173
  C:32CBH         LINE#         174
  C:32CBH         LINE#         175
  C:32CDH         LINE#         176
  C:32CEH         LINE#         177
  C:32CEH         LINE#         179
  C:32D6H         LINE#         181
  C:32D8H         LINE#         182
  C:32DBH         LINE#         183
  C:32DCH         LINE#         184
  -------         ENDPROC       _MMC_SD_WRITESINGLEBLOCK
  -------         PROC          SD_INIT
  -------         DO            
  D:0001H         SYMBOL        n
  -------         ENDDO         
  C:3B3BH         LINE#         187
  C:3B3BH         LINE#         188
  C:3B3BH         LINE#         189
  C:3B3DH         LINE#         191
  C:3B43H         LINE#         192
  C:3B43H         LINE#         193
  C:3B44H         LINE#         194
  C:3B4BH         LINE#         196
  -------         ENDPROC       SD_INIT
  -------         ENDMOD        MMC_SD

  -------         MODULE        LCD
  C:0000H         SYMBOL        _ICE_DUMMY_
  D:0080H         PUBLIC        P0
  C:2C05H         PUBLIC        DispFrame
  D:0090H         PUBLIC        P1
  C:2CA9H         PUBLIC        DispScaleVer_Green
  D:00A0H         PUBLIC        P2
  D:00B0H         PUBLIC        P3
  D:00C7H         PUBLIC        P4
  C:1E12H         PUBLIC        DispBand
  C:3A7CH         PUBLIC        _WriteData
  C:069AH         PUBLIC        ascii
  C:1412H         PUBLIC        _LCD_Read_IC_ID
  D:00A6H         PUBLIC        P2MDOUT
  C:0046H         PUBLIC        _DispColor
  C:3154H         PUBLIC        DispScaleVer_Blue
  C:3038H         PUBLIC        _DrawGird
  C:31DAH         PUBLIC        _DrawLine
  C:3AB4H         PUBLIC        _WriteComm
  C:3969H         PUBLIC        _WriteDispData
  C:2FA7H         PUBLIC        DispScaleVer_Gray
  B:00B0H.1       PUBLIC        RS
BL51 BANKED LINKER/LOCATER V6.22                                                      03/29/2022  20:19:34  PAGE 19


  B:0090H.7       PUBLIC        SPI_CLK
  C:2F16H         PUBLIC        DispScaleVer_Red
  D:00F3H         PUBLIC        P2MDIN
  C:2365H         PUBLIC        DispScaleVer
  C:357EH         PUBLIC        _DispPic
  C:289FH         PUBLIC        _DispOneChar
  C:32DDH         PUBLIC        DispGrayHor32
  C:2DE5H         PUBLIC        DispGrayHor16
  C:29F1H         PUBLIC        _DispInt
  C:3798H         PUBLIC        _PutPixel
  D:00A9H         PUBLIC        CLKSEL
  B:0090H.6       PUBLIC        RD0
  B:00B0H.0       PUBLIC        CS0
  X:0054H         PUBLIC        LCM_ID
  C:186AH         PUBLIC        LCD_Init
  C:2E80H         PUBLIC        _DispStr
  B:0090H.7       PUBLIC        WR0
  C:1644H         PUBLIC        DispScaleHor1
  B:0090H.6       PUBLIC        SPI_DI
  C:3B71H         PUBLIC        _WriteOneDot
  C:1C58H         PUBLIC        DispScaleHor2
  C:26B9H         PUBLIC        _DispPicFromSD
  B:0080H.7       PUBLIC        DIR
  C:35DFH         PUBLIC        _ToOrd
  B:0080H.5       PUBLIC        RST
  C:3AFEH         PUBLIC        ReadData
  C:2D63H         PUBLIC        _?BlockWrite
  -------         PROC          _LCD_READ_IC_ID
  X:0062H         SYMBOL        ID
  D:0004H         SYMBOL        Bug
  D:0003H         SYMBOL        flog
  -------         DO            
  X:0063H         SYMBOL        id
  X:0065H         SYMBOL        id1
  X:0067H         SYMBOL        temp
  D:0005H         SYMBOL        i
  D:0007H         SYMBOL        dat
  D:0001H         SYMBOL        id2
  X:0069H         SYMBOL        id3
  D:0002H         SYMBOL        id4
  -------         ENDDO         
  C:1412H         LINE#         35
  C:1416H         LINE#         36
  C:1416H         LINE#         40
  C:141EH         LINE#         41
  C:141EH         LINE#         43
  C:1420H         LINE#         44
  C:1422H         LINE#         45
  C:1424H         LINE#         47
  C:1427H         LINE#         48
  C:1429H         LINE#         49
  C:142BH         LINE#         50
  C:142DH         LINE#         53
  C:1430H         LINE#         54
  C:1433H         LINE#         55
  C:1436H         LINE#         56
  C:1438H         LINE#         57
BL51 BANKED LINKER/LOCATER V6.22                                                      03/29/2022  20:19:34  PAGE 20


  C:143AH         LINE#         58
  C:143CH         LINE#         63
  C:1446H         LINE#         65
  C:144CH         LINE#         66
  C:1454H         LINE#         68
  C:145AH         LINE#         69
  C:1460H         LINE#         70
  C:146AH         LINE#         72
  C:1470H         LINE#         73
  C:1472H         LINE#         75
  C:1478H         LINE#         77
  C:147EH         LINE#         78
  C:1488H         LINE#         80
  C:148EH         LINE#         81
  C:1493H         LINE#         83
  C:1499H         LINE#         85
  C:14A3H         LINE#         86
  C:14ADH         LINE#         88
  C:14B3H         LINE#         89
  C:14B5H         LINE#         91
  C:14C5H         LINE#         92
  C:14CFH         LINE#         94
  C:14D2H         LINE#         95
  C:14D6H         LINE#         96
  C:14D6H         LINE#         97
  C:14DFH         LINE#         98
  C:14E5H         LINE#         99
  C:14E5H         LINE#         100
  C:14EFH         LINE#         101
  C:14F1H         LINE#         102
  C:14F5H         LINE#         103
  C:14F5H         LINE#         104
  C:1504H         LINE#         105
  C:1504H         LINE#         108
  C:1504H         LINE#         109
  C:150DH         LINE#         110
  C:150DH         LINE#         112
  C:1510H         LINE#         113
  C:1514H         LINE#         114
  C:1516H         LINE#         115
  C:1518H         LINE#         116
  C:151AH         LINE#         117
  C:151AH         LINE#         118
  C:151CH         LINE#         119
  C:1524H         LINE#         120
  C:1526H         LINE#         122
  C:1528H         LINE#         123
  C:152CH         LINE#         124
  C:1531H         LINE#         125
  C:1534H         LINE#         128
  C:153EH         LINE#         129
  C:153EH         LINE#         130
  C:1540H         LINE#         131
  C:1540H         LINE#         132
  C:1542H         LINE#         133
  C:1544H         LINE#         134
  C:1546H         LINE#         135
BL51 BANKED LINKER/LOCATER V6.22                                                      03/29/2022  20:19:34  PAGE 21


  C:155DH         LINE#         136
  C:155FH         LINE#         137
  C:1561H         LINE#         138
  C:1568H         LINE#         139
  C:1572H         LINE#         140
  C:1572H         LINE#         141
  C:1574H         LINE#         142
  C:1574H         LINE#         143
  C:1576H         LINE#         144
  C:1578H         LINE#         145
  C:157AH         LINE#         146
  C:1591H         LINE#         147
  C:1593H         LINE#         148
  C:1595H         LINE#         149
  C:159AH         LINE#         150
  C:159AH         LINE#         152
  C:159CH         LINE#         153
  C:159CH         LINE#         154
  C:159EH         LINE#         155
  C:15A0H         LINE#         156
  C:15A2H         LINE#         157
  C:15B9H         LINE#         158
  C:15BBH         LINE#         159
  C:15BDH         LINE#         160
  C:15C2H         LINE#         162
  C:15C4H         LINE#         163
  C:15C4H         LINE#         164
  C:15C6H         LINE#         165
  C:15C8H         LINE#         166
  C:15CAH         LINE#         167
  C:15D4H         LINE#         168
  C:15D6H         LINE#         169
  C:15D8H         LINE#         170
  C:15DDH         LINE#         172
  C:15DFH         LINE#         173
  C:15DFH         LINE#         174
  C:15E1H         LINE#         175
  C:15E3H         LINE#         176
  C:15E5H         LINE#         177
  C:15F1H         LINE#         178
  C:15F3H         LINE#         179
  C:15F5H         LINE#         180
  C:15FAH         LINE#         181
  C:15FDH         LINE#         182
  C:15FFH         LINE#         183
  C:1601H         LINE#         184
  C:1603H         LINE#         185
  C:1605H         LINE#         186
  C:1607H         LINE#         187
  C:1609H         LINE#         189
  C:160DH         LINE#         190
  C:160DH         LINE#         191
  C:161DH         LINE#         193
  C:1628H         LINE#         194
  C:1628H         LINE#         195
  C:1628H         LINE#         197
  C:162EH         LINE#         198
BL51 BANKED LINKER/LOCATER V6.22                                                      03/29/2022  20:19:34  PAGE 22


  C:162EH         LINE#         199
  C:163AH         LINE#         200
  C:163AH         LINE#         202
  C:163AH         LINE#         203
  C:163CH         LINE#         204
  C:1643H         LINE#         205
  -------         ENDPROC       _LCD_READ_IC_ID
  -------         PROC          _WRITECOMM
  D:0004H         SYMBOL        i
  -------         DO            
  X:007AH         SYMBOL        j
  X:007BH         SYMBOL        DataH
  -------         ENDDO         
  C:3AB4H         LINE#         208
  C:3AB8H         LINE#         209
  C:3AB8H         LINE#         211
  C:3ABCH         LINE#         212
  C:3ABEH         LINE#         234
  C:3ABEH         LINE#         235
  C:3AC0H         LINE#         236
  C:3AC2H         LINE#         237
  C:3AC4H         LINE#         238
  C:3AC8H         LINE#         239
  C:3ACAH         LINE#         240
  C:3ACCH         LINE#         241
  C:3ACCH         LINE#         319
  C:3ACEH         LINE#         320
  -------         ENDPROC       _WRITECOMM
  -------         PROC          L?0451
  -------         ENDPROC       L?0451
  -------         PROC          _WRITEDATA
  D:0004H         SYMBOL        i
  -------         DO            
  X:007AH         SYMBOL        j
  X:007BH         SYMBOL        DataH
  -------         ENDDO         
  C:3A7CH         LINE#         322
  C:3A80H         LINE#         323
  C:3A80H         LINE#         325
  C:3A84H         LINE#         326
  C:3A86H         LINE#         352
  C:3A86H         LINE#         353
  C:3A88H         LINE#         354
  C:3A8AH         LINE#         355
  C:3A8CH         LINE#         356
  C:3A90H         LINE#         357
  C:3A92H         LINE#         358
  C:3A94H         LINE#         359
  C:3A94H         LINE#         514
  C:3A96H         LINE#         515
  -------         ENDPROC       _WRITEDATA
  C:3954H         SYMBOL        L?0450
  -------         PROC          L?0449
  -------         ENDPROC       L?0449
  C:3954H         SYMBOL        L?0450
  -------         PROC          _WRITEDISPDATA
  D:0007H         SYMBOL        DataH
BL51 BANKED LINKER/LOCATER V6.22                                                      03/29/2022  20:19:34  PAGE 23


  D:0005H         SYMBOL        DataL
  -------         DO            
  X:007AH         SYMBOL        j
  -------         ENDDO         
  C:3969H         LINE#         517
  C:3969H         LINE#         518
  C:3969H         LINE#         520
  C:396BH         LINE#         545
  C:396BH         LINE#         546
  C:396DH         LINE#         547
  C:396FH         LINE#         548
  C:3971H         LINE#         549
  C:3975H         LINE#         550
  C:3977H         LINE#         551
  C:3979H         LINE#         552
  C:3979H         LINE#         639
  C:397BH         LINE#         640
  -------         ENDPROC       _WRITEDISPDATA
  -------         PROC          _WRITEONEDOT
  D:0004H         SYMBOL        color
  C:3B71H         LINE#         642
  C:3B75H         LINE#         643
  C:3B75H         LINE#         656
  -------         ENDPROC       _WRITEONEDOT
  -------         PROC          LCD_INIT
  C:186AH         LINE#         665
  C:186AH         LINE#         666
  C:186AH         LINE#         667
  C:186DH         LINE#         670
  C:186FH         LINE#         671
  C:1876H         LINE#         673
  C:1878H         LINE#         674
  C:187FH         LINE#         676
  C:1881H         LINE#         677
  C:1888H         LINE#         4035
  C:188FH         LINE#         4036
  C:1894H         LINE#         4040
  C:1899H         LINE#         4041
  C:189EH         LINE#         4042
  C:18A3H         LINE#         4043
  C:18A8H         LINE#         4045
  C:18ADH         LINE#         4046
  C:18B2H         LINE#         4047
  C:18B7H         LINE#         4049
  C:18BCH         LINE#         4050
  C:18C1H         LINE#         4051
  C:18C6H         LINE#         4053
  C:18CBH         LINE#         4054
  C:18D0H         LINE#         4055
  C:18D5H         LINE#         4057
  C:18DAH         LINE#         4058
  C:18DFH         LINE#         4059
  C:18E4H         LINE#         4061
  C:18E9H         LINE#         4062
  C:18EEH         LINE#         4063
  C:18F3H         LINE#         4065
  C:18F8H         LINE#         4066
BL51 BANKED LINKER/LOCATER V6.22                                                      03/29/2022  20:19:34  PAGE 24


  C:18FDH         LINE#         4068
  C:1902H         LINE#         4069
  C:1907H         LINE#         4071
  C:190CH         LINE#         4072
  C:1911H         LINE#         4073
  C:1916H         LINE#         4075
  C:191BH         LINE#         4076
  C:1920H         LINE#         4077
  C:1925H         LINE#         4079
  C:192AH         LINE#         4080
  C:192FH         LINE#         4081
  C:1934H         LINE#         4083
  C:1939H         LINE#         4084
  C:193EH         LINE#         4085
  C:1943H         LINE#         4087
  C:1948H         LINE#         4088
  C:194DH         LINE#         4090
  C:1952H         LINE#         4091
  C:1957H         LINE#         4093
  C:195CH         LINE#         4094
  C:1961H         LINE#         4096
  C:1966H         LINE#         4097
  C:196BH         LINE#         4098
  C:1970H         LINE#         4099
  C:1975H         LINE#         4100
  C:197AH         LINE#         4102
  C:197FH         LINE#         4103
  C:1984H         LINE#         4104
  C:1989H         LINE#         4105
  C:198EH         LINE#         4106
  C:1993H         LINE#         4107
  C:1998H         LINE#         4109
  C:199DH         LINE#         4110
  C:19A2H         LINE#         4111
  C:19A7H         LINE#         4112
  C:19ACH         LINE#         4113
  C:19B1H         LINE#         4114
  C:19B6H         LINE#         4115
  C:19BBH         LINE#         4117
  C:19C0H         LINE#         4118
  C:19C5H         LINE#         4119
  C:19CAH         LINE#         4120
  C:19CFH         LINE#         4121
  C:19D4H         LINE#         4122
  C:19D9H         LINE#         4123
  C:19DEH         LINE#         4125
  C:19E3H         LINE#         4126
  C:19E8H         LINE#         4127
  C:19EDH         LINE#         4128
  C:19F2H         LINE#         4129
  C:19F7H         LINE#         4130
  C:19FCH         LINE#         4131
  C:1A01H         LINE#         4133
  C:1A06H         LINE#         4134
  C:1A0BH         LINE#         4135
  C:1A10H         LINE#         4136
  C:1A15H         LINE#         4137
BL51 BANKED LINKER/LOCATER V6.22                                                      03/29/2022  20:19:34  PAGE 25


  C:1A1AH         LINE#         4138
  C:1A1FH         LINE#         4139
  C:1A24H         LINE#         4141
  C:1A29H         LINE#         4142
  C:1A2EH         LINE#         4143
  C:1A33H         LINE#         4144
  C:1A38H         LINE#         4145
  C:1A3DH         LINE#         4146
  C:1A42H         LINE#         4147
  C:1A47H         LINE#         4149
  C:1A4CH         LINE#         4150
  C:1A51H         LINE#         4151
  C:1A56H         LINE#         4152
  C:1A5BH         LINE#         4153
  C:1A60H         LINE#         4154
  C:1A65H         LINE#         4155
  C:1A6AH         LINE#         4162
  C:1A6FH         LINE#         4163
  C:1A74H         LINE#         4164
  C:1A7BH         LINE#         4165
  -------         ENDPROC       LCD_INIT
  C:2D4AH         SYMBOL        L?0443
  C:2D50H         SYMBOL        L?0444
  C:2D59H         SYMBOL        L?0445
  -------         PROC          L?0442
  -------         ENDPROC       L?0442
  C:2D4AH         SYMBOL        L?0443
  C:2D50H         SYMBOL        L?0444
  C:2D59H         SYMBOL        L?0445
  -------         PROC          _?BLOCKWRITE
  p:0000H         SYMBOL        Xstart
  p:0002H         SYMBOL        Xend
  p:0004H         SYMBOL        Ystart
  p:0006H         SYMBOL        Yend
  C:2D63H         LINE#         6680
  C:2D84H         LINE#         6827
  C:2D8BH         LINE#         6828
  C:2D92H         LINE#         6829
  C:2D9AH         LINE#         6830
  C:2DA5H         LINE#         6831
  C:2DAFH         LINE#         6833
  C:2DB4H         LINE#         6834
  C:2DBEH         LINE#         6836
  C:2DC5H         LINE#         6837
  C:2DCFH         LINE#         6838
  C:2DD6H         LINE#         6844
  C:2DDBH         LINE#         6847
  C:2DDEH         LINE#         6850
  -------         ENDPROC       _?BLOCKWRITE
  -------         PROC          _DISPCOLOR
  D:0004H         SYMBOL        color
  -------         DO            
  X:0059H         SYMBOL        i
  D:0002H         SYMBOL        m
  X:005BH         SYMBOL        DataH
  X:005CH         SYMBOL        DataL
  -------         ENDDO         
BL51 BANKED LINKER/LOCATER V6.22                                                      03/29/2022  20:19:34  PAGE 26


  C:0046H         LINE#         6965
  C:0048H         LINE#         6966
  C:0048H         LINE#         6969
  C:004EH         LINE#         6971
  C:0051H         LINE#         6973
  C:0053H         LINE#         6974
  C:0059H         LINE#         6975
  C:0059H         LINE#         6976
  C:005CH         LINE#         6977
  C:005CH         LINE#         6978
  C:0066H         LINE#         6979
  C:0071H         LINE#         6980
  C:0087H         LINE#         6982
  C:0089H         LINE#         6983
  -------         ENDPROC       _DISPCOLOR
  -------         PROC          DISPFRAME
  -------         DO            
  D:0002H         SYMBOL        i
  X:0059H         SYMBOL        j
  D:0001H         SYMBOL        DataH
  D:0006H         SYMBOL        DataL
  -------         ENDDO         
  C:2C05H         LINE#         6985
  C:2C05H         LINE#         6986
  C:2C05H         LINE#         6989
  C:2C08H         LINE#         6991
  C:2C0AH         LINE#         6994
  C:2C0EH         LINE#         6995
  C:2C14H         LINE#         6997
  C:2C14H         LINE#         6998
  C:2C14H         LINE#         6999
  C:2C18H         LINE#         7000
  C:2C1FH         LINE#         7001
  C:2C2AH         LINE#         7003
  C:2C2EH         LINE#         7004
  C:2C34H         LINE#         7006
  C:2C39H         LINE#         7007
  C:2C39H         LINE#         7008
  C:2C3DH         LINE#         7009
  C:2C43H         LINE#         7011
  C:2C45H         LINE#         7012
  C:2C45H         LINE#         7013
  C:2C48H         LINE#         7014
  C:2C4DH         LINE#         7015
  C:2C58H         LINE#         7017
  C:2C5CH         LINE#         7018
  C:2C62H         LINE#         7020
  C:2C78H         LINE#         7022
  C:2C7CH         LINE#         7023
  C:2C82H         LINE#         7025
  C:2C84H         LINE#         7026
  C:2C84H         LINE#         7027
  C:2C88H         LINE#         7028
  C:2C8FH         LINE#         7029
  C:2C9AH         LINE#         7031
  C:2C9EH         LINE#         7032
  C:2CA4H         LINE#         7034
BL51 BANKED LINKER/LOCATER V6.22                                                      03/29/2022  20:19:34  PAGE 27


  C:2CA6H         LINE#         7035
  C:2CA8H         LINE#         7036
  -------         ENDPROC       DISPFRAME
  -------         PROC          DISPBAND
  -------         DO            
  D:0002H         SYMBOL        i
  X:0059H         SYMBOL        j
  X:005AH         SYMBOL        k
  X:005BH         SYMBOL        m
  X:005CH         SYMBOL        n
  X:005DH         SYMBOL        x
  -------         ENDDO         
  C:1E12H         LINE#         7038
  C:1E12H         LINE#         7039
  C:1E12H         LINE#         7042
  C:1E1BH         LINE#         7043
  C:1E24H         LINE#         7044
  C:1E26H         LINE#         7046
  C:1E2EH         LINE#         7047
  C:1E3AH         LINE#         7048
  C:1E3AH         LINE#         7049
  C:1E55H         LINE#         7050
  C:1E70H         LINE#         7051
  C:1E9CH         LINE#         7052
  C:1EA3H         LINE#         7053
  C:1EB2H         LINE#         7054
  C:1EB2H         LINE#         7055
  C:1ECDH         LINE#         7056
  C:1EE8H         LINE#         7057
  C:1F14H         LINE#         7058
  C:1F1BH         LINE#         7059
  C:1F31H         LINE#         7060
  C:1F31H         LINE#         7061
  C:1F4CH         LINE#         7062
  C:1F67H         LINE#         7063
  C:1F93H         LINE#         7064
  C:1F9AH         LINE#         7066
  C:1F9CH         LINE#         7067
  C:1F9FH         LINE#         7069
  -------         ENDPROC       DISPBAND
  -------         PROC          _DISPPIC
  D:0006H         SYMBOL        picture
  -------         DO            
  X:0014H         SYMBOL        p
  X:0017H         SYMBOL        n
  -------         ENDDO         
  C:357EH         LINE#         7072
  C:357EH         LINE#         7073
  C:357EH         LINE#         7076
  C:358DH         LINE#         7077
  C:358DH         LINE#         7078
  C:358DH         LINE#         7080
  C:359EH         LINE#         7082
  C:35B1H         LINE#         7083
  C:35B1H         LINE#         7084
  C:35D1H         LINE#         7085
  C:35DEH         LINE#         7087
BL51 BANKED LINKER/LOCATER V6.22                                                      03/29/2022  20:19:34  PAGE 28


  -------         ENDPROC       _DISPPIC
  -------         PROC          _DISPPICFROMSD
  X:0019H         SYMBOL        PicNum
  -------         DO            
  X:001AH         SYMBOL        Address_S
  X:001EH         SYMBOL        Address_E
  D:0002H         SYMBOL        i
  X:0022H         SYMBOL        k
  -------         ENDDO         
  C:26B9H         LINE#         7091
  C:26BCH         LINE#         7092
  C:26BCH         LINE#         7098
  C:26BFH         LINE#         7101
  C:26C1H         LINE#         7103
  C:26C3H         LINE#         7105
  C:26CCH         LINE#         7106
  C:26F7H         LINE#         7107
  C:2720H         LINE#         7108
  C:2743H         LINE#         7109
  C:2743H         LINE#         7110
  C:2753H         LINE#         7112
  C:275CH         LINE#         7113
  C:275CH         LINE#         7115
  C:2777H         LINE#         7116
  C:2780H         LINE#         7117
  C:279FH         LINE#         7119
  C:27A1H         LINE#         7157
  -------         ENDPROC       _DISPPICFROMSD
  -------         PROC          DISPSCALEHOR1
  -------         DO            
  X:0026H         SYMBOL        i
  X:0028H         SYMBOL        j
  D:0002H         SYMBOL        k
  -------         ENDDO         
  C:1644H         LINE#         7162
  C:1644H         LINE#         7163
  C:1644H         LINE#         7166
  C:1647H         LINE#         7169
  C:1647H         LINE#         7170
  C:1647H         LINE#         7171
  C:1669H         LINE#         7172
  C:166FH         LINE#         7173
  C:166FH         LINE#         7174
  C:1675H         LINE#         7175
  C:1675H         LINE#         7176
  C:168AH         LINE#         7177
  C:16A0H         LINE#         7178
  C:16B6H         LINE#         7180
  C:16C1H         LINE#         7183
  C:16C4H         LINE#         7184
  C:16C4H         LINE#         7185
  C:16E6H         LINE#         7186
  C:16ECH         LINE#         7187
  C:16ECH         LINE#         7188
  C:16F2H         LINE#         7189
  C:16F2H         LINE#         7190
  C:171DH         LINE#         7191
BL51 BANKED LINKER/LOCATER V6.22                                                      03/29/2022  20:19:34  PAGE 29


  C:1733H         LINE#         7192
  C:1749H         LINE#         7193
  C:1757H         LINE#         7196
  C:175AH         LINE#         7197
  C:175AH         LINE#         7198
  C:177CH         LINE#         7199
  C:1782H         LINE#         7200
  C:1782H         LINE#         7201
  C:1788H         LINE#         7202
  C:1788H         LINE#         7203
  C:1792H         LINE#         7204
  C:17A8H         LINE#         7205
  C:17BEH         LINE#         7206
  C:17C9H         LINE#         7209
  C:17CCH         LINE#         7210
  C:17CCH         LINE#         7211
  C:17EEH         LINE#         7212
  C:17F4H         LINE#         7213
  C:17F4H         LINE#         7214
  C:17FAH         LINE#         7215
  C:17FAH         LINE#         7216
  C:182DH         LINE#         7217
  C:1843H         LINE#         7218
  C:1859H         LINE#         7219
  C:1867H         LINE#         7220
  C:1869H         LINE#         7221
  -------         ENDPROC       DISPSCALEHOR1
  -------         PROC          DISPSCALEVER
  -------         DO            
  X:002AH         SYMBOL        i
  X:002CH         SYMBOL        j
  D:0002H         SYMBOL        k
  -------         ENDDO         
  C:2365H         LINE#         7223
  C:2365H         LINE#         7224
  C:2365H         LINE#         7293
  C:2368H         LINE#         7295
  C:236EH         LINE#         7296
  C:236EH         LINE#         7297
  C:2374H         LINE#         7298
  C:2374H         LINE#         7299
  C:237AH         LINE#         7300
  C:2390H         LINE#         7301
  C:2397H         LINE#         7303
  C:239AH         LINE#         7304
  C:239AH         LINE#         7306
  C:23A0H         LINE#         7307
  C:23A0H         LINE#         7309
  C:23A6H         LINE#         7310
  C:23A6H         LINE#         7311
  C:23B8H         LINE#         7312
  C:23CEH         LINE#         7314
  C:23D4H         LINE#         7315
  C:23D4H         LINE#         7316
  C:23FCH         LINE#         7317
  C:2412H         LINE#         7319
  C:2418H         LINE#         7320
BL51 BANKED LINKER/LOCATER V6.22                                                      03/29/2022  20:19:34  PAGE 30


  C:2418H         LINE#         7321
  C:241FH         LINE#         7322
  C:2435H         LINE#         7324
  C:243BH         LINE#         7325
  C:243BH         LINE#         7326
  C:244FH         LINE#         7327
  C:2465H         LINE#         7329
  C:247EH         LINE#         7331
  C:248CH         LINE#         7333
  -------         ENDPROC       DISPSCALEVER
  -------         PROC          DISPSCALEVER_RED
  -------         DO            
  X:002EH         SYMBOL        i
  X:0030H         SYMBOL        j
  D:0002H         SYMBOL        k
  -------         ENDDO         
  C:2F16H         LINE#         7335
  C:2F16H         LINE#         7336
  C:2F16H         LINE#         7339
  C:2F19H         LINE#         7341
  C:2F1BH         LINE#         7343
  C:2F1DH         LINE#         7346
  C:2F23H         LINE#         7347
  C:2F23H         LINE#         7348
  C:2F29H         LINE#         7349
  C:2F29H         LINE#         7350
  C:2F2FH         LINE#         7351
  C:2F45H         LINE#         7352
  C:2F4CH         LINE#         7354
  C:2F4FH         LINE#         7355
  C:2F4FH         LINE#         7356
  C:2F55H         LINE#         7357
  C:2F55H         LINE#         7359
  C:2F5BH         LINE#         7360
  C:2F5BH         LINE#         7361
  C:2F6DH         LINE#         7362
  C:2F83H         LINE#         7363
  C:2F99H         LINE#         7365
  C:2FA4H         LINE#         7367
  C:2FA6H         LINE#         7368
  -------         ENDPROC       DISPSCALEVER_RED
  -------         PROC          DISPSCALEVER_GREEN
  -------         DO            
  X:0032H         SYMBOL        i
  X:0034H         SYMBOL        j
  D:0002H         SYMBOL        k
  -------         ENDDO         
  C:2CA9H         LINE#         7370
  C:2CA9H         LINE#         7371
  C:2CA9H         LINE#         7374
  C:2CACH         LINE#         7376
  C:2CAEH         LINE#         7377
  C:2CB0H         LINE#         7380
  C:2CB6H         LINE#         7381
  C:2CB6H         LINE#         7382
  C:2CBCH         LINE#         7383
  C:2CBCH         LINE#         7384
BL51 BANKED LINKER/LOCATER V6.22                                                      03/29/2022  20:19:34  PAGE 31


  C:2CC2H         LINE#         7386
  C:2CD8H         LINE#         7387
  C:2CDFH         LINE#         7389
  C:2CE2H         LINE#         7390
  C:2CE2H         LINE#         7391
  C:2CE8H         LINE#         7392
  C:2CE8H         LINE#         7394
  C:2CEEH         LINE#         7395
  C:2CEEH         LINE#         7397
  C:2D0FH         LINE#         7398
  C:2D25H         LINE#         7399
  C:2D3BH         LINE#         7401
  C:2D46H         LINE#         7403
  C:2D48H         LINE#         7404
  -------         ENDPROC       DISPSCALEVER_GREEN
  -------         PROC          DISPSCALEVER_BLUE
  -------         DO            
  X:0036H         SYMBOL        i
  X:0038H         SYMBOL        j
  D:0002H         SYMBOL        k
  -------         ENDDO         
  C:3154H         LINE#         7406
  C:3154H         LINE#         7407
  C:3154H         LINE#         7410
  C:3157H         LINE#         7412
  C:3159H         LINE#         7413
  C:315BH         LINE#         7416
  C:3161H         LINE#         7417
  C:3161H         LINE#         7418
  C:3167H         LINE#         7419
  C:3167H         LINE#         7420
  C:316DH         LINE#         7421
  C:3183H         LINE#         7422
  C:318AH         LINE#         7424
  C:318DH         LINE#         7425
  C:318DH         LINE#         7426
  C:3193H         LINE#         7427
  C:3193H         LINE#         7429
  C:3199H         LINE#         7430
  C:3199H         LINE#         7431
  C:31A0H         LINE#         7432
  C:31B6H         LINE#         7433
  C:31CCH         LINE#         7435
  C:31D7H         LINE#         7437
  C:31D9H         LINE#         7438
  -------         ENDPROC       DISPSCALEVER_BLUE
  -------         PROC          DISPSCALEVER_GRAY
  -------         DO            
  X:003AH         SYMBOL        i
  X:003CH         SYMBOL        j
  D:0002H         SYMBOL        k
  -------         ENDDO         
  C:2FA7H         LINE#         7440
  C:2FA7H         LINE#         7441
  C:2FA7H         LINE#         7444
  C:2FAAH         LINE#         7446
  C:2FACH         LINE#         7451
BL51 BANKED LINKER/LOCATER V6.22                                                      03/29/2022  20:19:34  PAGE 32


  C:2FB2H         LINE#         7452
  C:2FB2H         LINE#         7453
  C:2FB8H         LINE#         7454
  C:2FB8H         LINE#         7455
  C:2FBEH         LINE#         7457
  C:2FD4H         LINE#         7458
  C:2FDBH         LINE#         7460
  C:2FDEH         LINE#         7461
  C:2FDEH         LINE#         7462
  C:2FE4H         LINE#         7463
  C:2FE4H         LINE#         7465
  C:2FEAH         LINE#         7466
  C:2FEAH         LINE#         7467
  C:2FFEH         LINE#         7468
  C:3014H         LINE#         7469
  C:302AH         LINE#         7471
  C:3035H         LINE#         7473
  C:3037H         LINE#         7474
  -------         ENDPROC       DISPSCALEVER_GRAY
  -------         PROC          DISPGRAYHOR16
  -------         DO            
  X:0059H         SYMBOL        i
  D:0002H         SYMBOL        j
  X:005BH         SYMBOL        k
  -------         ENDDO         
  C:2DE5H         LINE#         7476
  C:2DE5H         LINE#         7477
  C:2DE5H         LINE#         7480
  C:2DE8H         LINE#         7482
  C:2DEAH         LINE#         7483
  C:2DECH         LINE#         7485
  C:2DF2H         LINE#         7486
  C:2DF2H         LINE#         7487
  C:2DFBH         LINE#         7488
  C:2DFBH         LINE#         7489
  C:2E01H         LINE#         7490
  C:2E08H         LINE#         7492
  C:2E0BH         LINE#         7493
  C:2E0BH         LINE#         7494
  C:2E11H         LINE#         7495
  C:2E11H         LINE#         7496
  C:2E43H         LINE#         7497
  C:2E59H         LINE#         7498
  C:2E64H         LINE#         7499
  C:2E7DH         LINE#         7501
  C:2E7FH         LINE#         7502
  -------         ENDPROC       DISPGRAYHOR16
  -------         PROC          DISPGRAYHOR32
  -------         DO            
  X:003EH         SYMBOL        i
  D:0002H         SYMBOL        j
  X:0040H         SYMBOL        k
  -------         ENDDO         
  C:32DDH         LINE#         7504
  C:32DDH         LINE#         7505
  C:32DDH         LINE#         7508
  C:32E0H         LINE#         7510
BL51 BANKED LINKER/LOCATER V6.22                                                      03/29/2022  20:19:34  PAGE 33


  C:32E2H         LINE#         7512
  C:32E8H         LINE#         7513
  C:32E8H         LINE#         7514
  C:32EBH         LINE#         7515
  C:32EBH         LINE#         7516
  C:32F1H         LINE#         7517
  C:32FCH         LINE#         7519
  C:32FFH         LINE#         7520
  C:32FFH         LINE#         7521
  C:3305H         LINE#         7522
  C:3305H         LINE#         7523
  C:3319H         LINE#         7524
  C:332FH         LINE#         7525
  C:333AH         LINE#         7526
  C:3350H         LINE#         7528
  C:3352H         LINE#         7529
  -------         ENDPROC       DISPGRAYHOR32
  -------         PROC          DISPSCALEHOR2
  -------         DO            
  X:0042H         SYMBOL        j
  D:0002H         SYMBOL        k
  -------         ENDDO         
  C:1C58H         LINE#         7531
  C:1C58H         LINE#         7532
  C:1C58H         LINE#         7535
  C:1C5BH         LINE#         7537
  C:1C5BH         LINE#         7538
  C:1C5BH         LINE#         7539
  C:1C61H         LINE#         7540
  C:1C7EH         LINE#         7541
  C:1C89H         LINE#         7542
  C:1C8CH         LINE#         7543
  C:1C8CH         LINE#         7544
  C:1C92H         LINE#         7545
  C:1CAFH         LINE#         7546
  C:1CBAH         LINE#         7547
  C:1CBDH         LINE#         7548
  C:1CBDH         LINE#         7549
  C:1CC3H         LINE#         7550
  C:1CE0H         LINE#         7551
  C:1CEBH         LINE#         7552
  C:1CEEH         LINE#         7553
  C:1CEEH         LINE#         7554
  C:1CF4H         LINE#         7555
  C:1D11H         LINE#         7556
  C:1D1CH         LINE#         7557
  C:1D1FH         LINE#         7558
  C:1D1FH         LINE#         7559
  C:1D25H         LINE#         7560
  C:1D42H         LINE#         7561
  C:1D4DH         LINE#         7562
  C:1D50H         LINE#         7563
  C:1D50H         LINE#         7564
  C:1D56H         LINE#         7565
  C:1D73H         LINE#         7566
  C:1D7EH         LINE#         7567
  C:1D81H         LINE#         7568
BL51 BANKED LINKER/LOCATER V6.22                                                      03/29/2022  20:19:34  PAGE 34


  C:1D81H         LINE#         7569
  C:1D87H         LINE#         7570
  C:1DA4H         LINE#         7571
  C:1DAFH         LINE#         7572
  C:1DB2H         LINE#         7573
  C:1DB2H         LINE#         7574
  C:1DB8H         LINE#         7575
  C:1DD4H         LINE#         7576
  C:1DDFH         LINE#         7577
  C:1DE8H         LINE#         7578
  C:1DE8H         LINE#         7579
  C:1DEEH         LINE#         7580
  C:1E0AH         LINE#         7581
  C:1E11H         LINE#         7583
  -------         ENDPROC       DISPSCALEHOR2
  -------         PROC          _TOORD
  D:0007H         SYMBOL        ch
  C:35DFH         LINE#         7688
  C:35DFH         LINE#         7689
  C:35DFH         LINE#         7690
  C:35E5H         LINE#         7691
  C:35E5H         LINE#         7692
  C:35E7H         LINE#         7693
  C:35E9H         LINE#         7694
  C:35F5H         LINE#         7695
  C:35F5H         LINE#         7696
  C:35F9H         LINE#         7697
  C:35FBH         LINE#         7698
  C:3607H         LINE#         7699
  C:3607H         LINE#         7700
  C:360BH         LINE#         7701
  C:360DH         LINE#         7702
  C:3619H         LINE#         7703
  C:3619H         LINE#         7704
  C:361DH         LINE#         7705
  C:361FH         LINE#         7706
  C:362BH         LINE#         7707
  C:362BH         LINE#         7708
  C:362FH         LINE#         7709
  C:3631H         LINE#         7710
  C:3637H         LINE#         7711
  C:3637H         LINE#         7712
  C:3639H         LINE#         7713
  C:3639H         LINE#         7715
  C:3639H         LINE#         7716
  -------         ENDPROC       _TOORD
  C:2877H         SYMBOL        L?0447
  C:288FH         SYMBOL        L?0448
  -------         PROC          L?0446
  -------         ENDPROC       L?0446
  C:2877H         SYMBOL        L?0447
  C:288FH         SYMBOL        L?0448
  -------         PROC          _DISPONECHAR
  X:006DH         SYMBOL        ord
  D:0006H         SYMBOL        Xstart
  D:0002H         SYMBOL        Ystart
  X:0072H         SYMBOL        TextColor
BL51 BANKED LINKER/LOCATER V6.22                                                      03/29/2022  20:19:34  PAGE 35


  X:0074H         SYMBOL        BackColor
[...]
  C:1330H         LINE#         318
  C:1330H         LINE#         319
  C:1335H         LINE#         320
  C:1338H         LINE#         321
  C:1347H         LINE#         322
  C:1347H         LINE#         323
  C:135CH         LINE#         324
  C:1361H         LINE#         325
  C:1369H         LINE#         326
  C:1373H         LINE#         327
  C:1381H         LINE#         328
  C:138FH         LINE#         329
  C:1391H         LINE#         331
  C:1391H         LINE#         332
  C:1396H         LINE#         333
  C:1399H         LINE#         334
  C:13B1H         LINE#         335
  C:13B1H         LINE#         336
  C:13CAH         LINE#         337
  C:13CFH         LINE#         338
  C:13D7H         LINE#         339
  C:13DEH         LINE#         340
  C:13E3H         LINE#         341
  C:13E3H         LINE#         342
  C:13F7H         LINE#         343
  C:13F7H         LINE#         344
  C:13FEH         LINE#         345
  C:1403H         LINE#         346
  C:1403H         LINE#         347
  C:1411H         LINE#         348
  C:1411H         LINE#         349
  -------         ENDPROC       USBXCORE_HANDLE_SETUP
  -------         PROC          USBXCORE_FORCE_STALL
  C:3A97H         LINE#         356
  C:3A97H         LINE#         358
  C:3AA2H         LINE#         359
  C:3AADH         LINE#         360
  C:3AB3H         LINE#         361
  -------         ENDPROC       USBXCORE_FORCE_STALL
  -------         PROC          USBXCORE_GET_STATUS
  C:343BH         LINE#         367
  C:343BH         LINE#         369
  C:344AH         LINE#         370
  C:344AH         LINE#         371
  C:344AH         LINE#         372
  C:344AH         LINE#         373
  C:344AH         LINE#         374
  C:344CH         LINE#         375
  C:344CH         LINE#         379
  C:344CH         LINE#         381
BL51 BANKED LINKER/LOCATER V6.22                                                      03/29/2022  20:19:34  PAGE 44


  C:345AH         LINE#         385
  C:345AH         LINE#         386
  C:345AH         LINE#         387
  C:345AH         LINE#         388
  C:345CH         LINE#         390
  C:345CH         LINE#         392
  C:346AH         LINE#         396
  C:346AH         LINE#         397
  C:3477H         LINE#         398
  C:3477H         LINE#         399
  C:3479H         LINE#         401
  C:3479H         LINE#         402
  C:3487H         LINE#         403
  C:3490H         LINE#         404
  C:3490H         LINE#         405
  C:3490H         LINE#         406
  C:3492H         LINE#         407
  C:3492H         LINE#         408
  C:3495H         LINE#         409
  C:3495H         LINE#         410
  C:3495H         LINE#         411
  C:349DH         LINE#         412
  C:349DH         LINE#         413
  C:34A0H         LINE#         414
  C:34A6H         LINE#         415
  C:34ADH         LINE#         416
  C:34ADH         LINE#         417
  -------         ENDPROC       USBXCORE_GET_STATUS
  -------         PROC          USBXCORE_CLEAR_FEATURE
  C:3694H         LINE#         423
  C:3694H         LINE#         425
  C:369AH         LINE#         426
  C:369AH         LINE#         428
  C:36A1H         LINE#         429
  C:36A1H         LINE#         430
  C:36ACH         LINE#         436
  C:36B7H         LINE#         437
  C:36BCH         LINE#         438
  C:36BEH         LINE#         440
  C:36BEH         LINE#         442
  C:36C9H         LINE#         446
  C:36D4H         LINE#         447
  C:36D9H         LINE#         448
  C:36D9H         LINE#         449
  C:36DBH         LINE#         451
  C:36DBH         LINE#         452
  C:36DEH         LINE#         453
  C:36DEH         LINE#         454
  C:36E9H         LINE#         455
  -------         ENDPROC       USBXCORE_CLEAR_FEATURE
  -------         PROC          USBXCORE_VENDOR_USB_API
  C:27A2H         LINE#         462
  C:27A2H         LINE#         464
  C:27ACH         LINE#         465
  C:27ACH         LINE#         466
  C:27B3H         LINE#         467
  C:27B3H         LINE#         468
BL51 BANKED LINKER/LOCATER V6.22                                                      03/29/2022  20:19:34  PAGE 45


  C:27B6H         LINE#         469
  C:27B9H         LINE#         470
  C:27BBH         LINE#         472
  C:27BBH         LINE#         473
  C:27C2H         LINE#         474
  C:27C2H         LINE#         477
  C:27CDH         LINE#         482
  C:27D8H         LINE#         483
  C:27E3H         LINE#         485
  C:27E3H         LINE#         486
  C:27F6H         LINE#         487
  C:27F6H         LINE#         488
  C:27FAH         LINE#         489
  C:2805H         LINE#         491
  C:2805H         LINE#         492
  C:2818H         LINE#         493
  C:2818H         LINE#         494
  C:281CH         LINE#         495
  C:2827H         LINE#         497
  C:282DH         LINE#         498
  C:2835H         LINE#         499
  C:2835H         LINE#         500
  C:2838H         LINE#         501
  C:2838H         LINE#         502
  C:2838H         LINE#         503
  C:2843H         LINE#         504
  C:2843H         LINE#         505
  C:2849H         LINE#         506
  C:2850H         LINE#         507
  C:2850H         LINE#         508
  C:2854H         LINE#         509
  C:2854H         LINE#         510
  C:285AH         LINE#         511
  C:2861H         LINE#         512
  C:2861H         LINE#         513
  C:286CH         LINE#         514
  -------         ENDPROC       USBXCORE_VENDOR_USB_API
  -------         PROC          USBXCORE_SET_FEATURE
  C:36ECH         LINE#         521
  C:36ECH         LINE#         523
  C:36F2H         LINE#         524
  C:36F2H         LINE#         526
  C:36F9H         LINE#         527
  C:36F9H         LINE#         528
  C:3704H         LINE#         534
  C:370FH         LINE#         535
  C:3712H         LINE#         536
  C:3714H         LINE#         538
  C:3714H         LINE#         540
  C:371FH         LINE#         544
  C:372AH         LINE#         545
  C:3730H         LINE#         546
  C:3730H         LINE#         548
  C:3732H         LINE#         550
  C:3732H         LINE#         551
  C:3735H         LINE#         552
  C:3735H         LINE#         553
BL51 BANKED LINKER/LOCATER V6.22                                                      03/29/2022  20:19:34  PAGE 46


  C:3740H         LINE#         554
  -------         ENDPROC       USBXCORE_SET_FEATURE
  -------         PROC          USBXCORE_SET_ADDRESS
  C:3A39H         LINE#         561
  C:3A39H         LINE#         563
  C:3A48H         LINE#         564
  C:3A4EH         LINE#         565
  C:3A4EH         LINE#         566
  C:3A51H         LINE#         567
  C:3A53H         LINE#         569
  C:3A53H         LINE#         570
  C:3A56H         LINE#         571
  C:3A56H         LINE#         572
  -------         ENDPROC       USBXCORE_SET_ADDRESS
  -------         PROC          USBXCORE_GET_DESCRIPTOR
  C:2AA4H         LINE#         579
  C:2AA4H         LINE#         580
  C:2AB3H         LINE#         581
  C:2AB3H         LINE#         582
  C:2AB3H         LINE#         583
  C:2AC1H         LINE#         584
  C:2AC5H         LINE#         585
  C:2AC7H         LINE#         586
  C:2AC7H         LINE#         587
  C:2AD5H         LINE#         588
  C:2AE8H         LINE#         589
  C:2AEAH         LINE#         590
  C:2AEAH         LINE#         591
  C:2B0EH         LINE#         592
  C:2B1AH         LINE#         593
  C:2B1CH         LINE#         594
  C:2B1CH         LINE#         595
  C:2B1FH         LINE#         596
  C:2B1FH         LINE#         597
  C:2B1FH         LINE#         598
  C:2B35H         LINE#         599
  C:2B35H         LINE#         600
  C:2B3DH         LINE#         601
  C:2B3DH         LINE#         602
  C:2B45H         LINE#         603
  C:2B45H         LINE#         604
  C:2B48H         LINE#         605
  C:2B4EH         LINE#         606
  C:2B55H         LINE#         607
  C:2B55H         LINE#         608
  -------         ENDPROC       USBXCORE_GET_DESCRIPTOR
  -------         PROC          USBXCORE_GET_CONFIGURATION
  C:383AH         LINE#         614
  C:383AH         LINE#         616
  C:3842H         LINE#         617
  C:3842H         LINE#         618
  C:384EH         LINE#         619
  C:3856H         LINE#         620
  C:3856H         LINE#         621
  C:385AH         LINE#         622
  C:385AH         LINE#         623
  C:3868H         LINE#         624
BL51 BANKED LINKER/LOCATER V6.22                                                      03/29/2022  20:19:34  PAGE 47


  C:3870H         LINE#         625
  C:3870H         LINE#         626
  C:3873H         LINE#         627
  C:3879H         LINE#         628
  C:3880H         LINE#         629
  -------         ENDPROC       USBXCORE_GET_CONFIGURATION
  -------         PROC          USBXCORE_SET_CONFIGURATION
  C:363AH         LINE#         635
  C:363AH         LINE#         637
  C:3643H         LINE#         638
  C:3643H         LINE#         639
  C:364AH         LINE#         640
  C:3650H         LINE#         641
  C:3655H         LINE#         642
  C:3657H         LINE#         644
  C:3662H         LINE#         645
  C:366DH         LINE#         646
  C:3678H         LINE#         653
  C:3683H         LINE#         654
  C:3685H         LINE#         656
  C:3685H         LINE#         657
  C:368BH         LINE#         658
  C:368FH         LINE#         659
  C:3691H         LINE#         660
  C:3691H         LINE#         661
  -------         ENDPROC       USBXCORE_SET_CONFIGURATION
  -------         PROC          USBXCORE_GET_INTERFACE
  C:39CAH         LINE#         668
  C:39CAH         LINE#         670
  C:39D8H         LINE#         671
  C:39E0H         LINE#         672
  C:39E3H         LINE#         673
  C:39E9H         LINE#         674
  C:39F0H         LINE#         675
  -------         ENDPROC       USBXCORE_GET_INTERFACE
  -------         PROC          USBXCORE_SET_SOP
  C:3B14H         LINE#         682
  C:3B14H         LINE#         684
  C:3B1CH         LINE#         685
  C:3B1CH         LINE#         686
  C:3B27H         LINE#         687
  C:3B27H         LINE#         688
  -------         ENDPROC       USBXCORE_SET_SOP
  -------         PROC          USBXCORE_USB_ISR
  C:1FA0H         LINE#         699
  C:1FBDH         LINE#         702
  C:1FC3H         LINE#         703
  C:1FD6H         LINE#         706
  C:1FE9H         LINE#         709
  C:1FEDH         LINE#         710
  C:1FEDH         LINE#         711
  C:1FF8H         LINE#         712
  C:1FF8H         LINE#         714
  C:1FFFH         LINE#         715
  C:1FFFH         LINE#         716
  C:2002H         LINE#         717
  C:2002H         LINE#         719
BL51 BANKED LINKER/LOCATER V6.22                                                      03/29/2022  20:19:34  PAGE 48


  C:2009H         LINE#         720
  C:2009H         LINE#         721
  C:2016H         LINE#         722
  C:2016H         LINE#         723
  C:201DH         LINE#         724
  C:201DH         LINE#         725
  C:201DH         LINE#         727
  C:201DH         LINE#         728
  C:201DH         LINE#         730
  C:201DH         LINE#         732
  C:2030H         LINE#         734
  C:2034H         LINE#         735
  C:2034H         LINE#         736
  C:2037H         LINE#         737
  C:2037H         LINE#         740
  C:203EH         LINE#         741
  C:203EH         LINE#         742
  C:2049H         LINE#         748
  C:205CH         LINE#         749
  C:2061H         LINE#         750
  C:2061H         LINE#         751
  C:2068H         LINE#         752
  C:2068H         LINE#         754
  C:2068H         LINE#         756
  C:207BH         LINE#         759
  C:207FH         LINE#         760
  C:207FH         LINE#         761
  C:208AH         LINE#         767
  C:209DH         LINE#         768
  C:20A1H         LINE#         769
  C:20A1H         LINE#         770
  C:20A8H         LINE#         771
  C:20A8H         LINE#         772
  C:20A8H         LINE#         775
  C:20B6H         LINE#         776
  C:20BBH         LINE#         777
  C:20C1H         LINE#         778
  C:20C6H         LINE#         781
  C:20D3H         LINE#         782
  C:20D3H         LINE#         783
  C:20D6H         LINE#         784
  C:20D6H         LINE#         785
  -------         ENDPROC       USBXCORE_USB_ISR
  -------         ENDMOD        USB_API

  -------         MODULE        USB_SUSPEND
  C:0000H         SYMBOL        _ICE_DUMMY_
  D:00D7H         PUBLIC        USB0XCN
  D:00C9H         PUBLIC        REG0CN
  C:3929H         PUBLIC        USB_Suspend
  D:00A9H         PUBLIC        CLKSEL
  D:00B2H         PUBLIC        OSCICN
  D:00B9H         PUBLIC        CLKMUL
  -------         PROC          USB_SUSPEND
  C:3929H         LINE#         70
  C:3929H         LINE#         72
  C:392CH         LINE#         74
BL51 BANKED LINKER/LOCATER V6.22                                                      03/29/2022  20:19:34  PAGE 49


  C:392FH         LINE#         76
  C:3937H         LINE#         79
  C:393AH         LINE#         80
  C:393DH         LINE#         81
  C:3940H         LINE#         82
  C:3943H         LINE#         84
  C:3944H         LINE#         86
  C:3947H         LINE#         88
  C:394DH         LINE#         92
  C:3950H         LINE#         94
  C:3953H         LINE#         95
  -------         ENDPROC       USB_SUSPEND
  -------         ENDMOD        USB_SUSPEND

  -------         MODULE        USB_INT_ENABLE
  C:0000H         SYMBOL        _ICE_DUMMY_
  C:3ACFH         PUBLIC        USB_Int_Enable
  D:0096H         PUBLIC        USB0ADR
  D:0097H         PUBLIC        USB0DAT
  -------         PROC          USB_INT_ENABLE
  C:3ACFH         LINE#         68
  C:3ACFH         LINE#         71
  C:3AD6H         LINE#         73
  C:3ADCH         LINE#         74
  C:3ADCH         LINE#         75
  C:3AE7H         LINE#         77
  C:3AE7H         LINE#         78
  -------         ENDPROC       USB_INT_ENABLE
  -------         ENDMOD        USB_INT_ENABLE

  -------         MODULE        USB_CLOCK_RECOVERY
  C:0000H         SYMBOL        _ICE_DUMMY_
  C:3B5AH         PUBLIC        USBXcore_ClkRec
  D:0096H         PUBLIC        USB0ADR
  D:0097H         PUBLIC        USB0DAT
  -------         PROC          USBXCORE_CLKREC
  C:3B5AH         LINE#         45
  C:3B5AH         LINE#         47
  C:3B65H         LINE#         48
  -------         ENDPROC       USBXCORE_CLKREC
  -------         ENDMOD        USB_CLOCK_RECOVERY

  -------         MODULE        ?C?FPMUL
  C:0C9AH         PUBLIC        ?C?FPMUL
  -------         ENDMOD        ?C?FPMUL

  -------         MODULE        ?C?FCAST
  C:0DAAH         PUBLIC        ?C?FCASTC
  C:0DA5H         PUBLIC        ?C?FCASTI
  C:0DA0H         PUBLIC        ?C?FCASTL
  -------         ENDMOD        ?C?FCAST

  -------         MODULE        ?C?CASTF
  C:0DDEH         PUBLIC        ?C?CASTF
  -------         ENDMOD        ?C?CASTF

  -------         MODULE        ?C?COPY
BL51 BANKED LINKER/LOCATER V6.22                                                      03/29/2022  20:19:34  PAGE 50


  C:0F2FH         PUBLIC        ?C?COPY
  -------         ENDMOD        ?C?COPY

  -------         MODULE        ?C?CLDPTR
  C:0F55H         PUBLIC        ?C?CLDPTR
  -------         ENDMOD        ?C?CLDPTR

  -------         MODULE        ?C?CLDOPTR
  C:0F6EH         PUBLIC        ?C?CLDOPTR
  -------         ENDMOD        ?C?CLDOPTR

  -------         MODULE        ?C?IMUL
  C:0F9BH         PUBLIC        ?C?IMUL
  -------         ENDMOD        ?C?IMUL

  -------         MODULE        ?C?IILDX
  C:0FADH         PUBLIC        ?C?IILDX
  -------         ENDMOD        ?C?IILDX

  -------         MODULE        ?C?ILDOPTR
  C:0FC3H         PUBLIC        ?C?ILDOPTR
  -------         ENDMOD        ?C?ILDOPTR

  -------         MODULE        ?C?LMUL
  C:0FFBH         PUBLIC        ?C?LMUL
  -------         ENDMOD        ?C?LMUL

  -------         MODULE        ?C?ULDIV
  C:1086H         PUBLIC        ?C?ULDIV
  -------         ENDMOD        ?C?ULDIV

  -------         MODULE        ?C?LNEG
  C:1118H         PUBLIC        ?C?LNEG
  -------         ENDMOD        ?C?LNEG

  -------         MODULE        ?C?ULCMP
  C:1126H         PUBLIC        ?C?ULCMP
  -------         ENDMOD        ?C?ULCMP

  -------         MODULE        ?C?ULSHR
  C:1137H         PUBLIC        ?C?ULSHR
  -------         ENDMOD        ?C?ULSHR

  -------         MODULE        ?C?LSHL
  C:114AH         PUBLIC        ?C?LSHL
  -------         ENDMOD        ?C?LSHL

  -------         MODULE        ?C?LLDIPDATA
  C:1166H         PUBLIC        ?C?LLDIPDATA
  C:115DH         PUBLIC        ?C?LLDIPDATA1
  C:115FH         PUBLIC        ?C?LLDIPDATA8
  -------         ENDMOD        ?C?LLDIPDATA

  -------         MODULE        ?C?LSTXDATA
  C:117DH         PUBLIC        ?C?LSTXDATA
  -------         ENDMOD        ?C?LSTXDATA

BL51 BANKED LINKER/LOCATER V6.22                                                      03/29/2022  20:19:34  PAGE 51


  -------         MODULE        ?C?LSTPDATA
  C:1189H         PUBLIC        ?C?LSTPDATA
  -------         ENDMOD        ?C?LSTPDATA

  -------         MODULE        ?C?LSTKXDATA
  C:1195H         PUBLIC        ?C?LSTKXDATA
  -------         ENDMOD        ?C?LSTKXDATA

  -------         MODULE        ?C?LSTKPDATA
  C:11C6H         PUBLIC        ?C?LSTKPDATA
  -------         ENDMOD        ?C?LSTKPDATA

  -------         MODULE        ?C_PBP
  D:0008H         PUBLIC        ?C_PBP
  -------         ENDMOD        ?C_PBP

*** WARNING L14: INCOMPATIBLE MEMORY MODEL
    MODULE:  .\USBX_F34X.LIB (USB_API)
    MODEL:   SMALL

*** WARNING L14: INCOMPATIBLE MEMORY MODEL
    MODULE:  .\USBX_F34X.LIB (USB_SUSPEND)
    MODEL:   SMALL

*** WARNING L14: INCOMPATIBLE MEMORY MODEL
    MODULE:  .\USBX_F34X.LIB (USB_INT_ENABLE)
    MODEL:   SMALL

*** WARNING L14: INCOMPATIBLE MEMORY MODEL
    MODULE:  .\USBX_F34X.LIB (USB_CLOCK_RECOVERY)
    MODEL:   SMALL

*** WARNING L16: UNCALLED SEGMENT, IGNORED FOR OVERLAY PROCESS
    SEGMENT: ?PR?SD_INIT?MMC_SD

*** WARNING L16: UNCALLED SEGMENT, IGNORED FOR OVERLAY PROCESS
    SEGMENT: ?PR?_DISPPIC?LCD

*** WARNING L16: UNCALLED SEGMENT, IGNORED FOR OVERLAY PROCESS
    SEGMENT: ?PR?_DISPPICFROMSD?LCD

*** WARNING L16: UNCALLED SEGMENT, IGNORED FOR OVERLAY PROCESS
    SEGMENT: ?PR?DISPSCALEHOR1?LCD

*** WARNING L16: UNCALLED SEGMENT, IGNORED FOR OVERLAY PROCESS
    SEGMENT: ?PR?DISPSCALEVER?LCD

*** WARNING L16: UNCALLED SEGMENT, IGNORED FOR OVERLAY PROCESS
    SEGMENT: ?PR?DISPSCALEVER_RED?LCD

*** WARNING L16: UNCALLED SEGMENT, IGNORED FOR OVERLAY PROCESS
    SEGMENT: ?PR?DISPSCALEVER_GREEN?LCD

*** WARNING L16: UNCALLED SEGMENT, IGNORED FOR OVERLAY PROCESS
    SEGMENT: ?PR?DISPSCALEVER_BLUE?LCD

*** WARNING L16: UNCALLED SEGMENT, IGNORED FOR OVERLAY PROCESS
BL51 BANKED LINKER/LOCATER V6.22                                                      03/29/2022  20:19:34  PAGE 52


    SEGMENT: ?PR?DISPSCALEVER_GRAY?LCD

*** WARNING L16: UNCALLED SEGMENT, IGNORED FOR OVERLAY PROCESS
    SEGMENT: ?PR?DISPGRAYHOR32?LCD

*** WARNING L16: UNCALLED SEGMENT, IGNORED FOR OVERLAY PROCESS
    SEGMENT: ?PR?DISPSCALEHOR2?LCD

*** WARNING L16: UNCALLED SEGMENT, IGNORED FOR OVERLAY PROCESS
    SEGMENT: ?PR?_DRAWGIRD?LCD

*** WARNING L15: MULTIPLE CALL TO SEGMENT
    SEGMENT: ?PR?_WRITECOMM?LCD
    CALLER1: ?PR?USB_API_TEST_ISR?MAIN
    CALLER2: ?C_C51STARTUP

*** WARNING L15: MULTIPLE CALL TO SEGMENT
    SEGMENT: ?PR?_WRITEDATA?LCD
    CALLER1: ?PR?USB_API_TEST_ISR?MAIN
    CALLER2: ?C_C51STARTUP

Program Size: data=10.0 xdata=1219 code=15230
LINK/LOCATE RUN COMPLETE.  18 WARNING(S),  0 ERROR(S)
