BL51 BANKED LINKER/LOCATER V6.22                                                        04/20/2020  17:33:02  PAGE 1


BL51 BANKED LINKER/LOCATER V6.22, INVOKED BY:
C:\KEIL\C51\BIN\BL51.EXE main.obj, mmc_sd.obj, lcd.obj, tp.obj, .\USBX_F34X.LIB TO HSD20_ST7789V_IPS_4W1L RAMSIZE (256)


MEMORY MODEL: COMPACT WITH FLOATING POINT ARITHMETIC


INPUT MODULES INCLUDED:
  main.obj (MAIN)
  mmc_sd.obj (MMC_SD)
  lcd.obj (LCD)
  tp.obj (TP)
  .\USBX_F34X.LIB (USB_API)
  .\USBX_F34X.LIB (USB_CLOCK_START)
  .\USBX_F34X.LIB (USB_SUSPEND)
  .\USBX_F34X.LIB (GET_INTERRUPT_SOURCE)
  .\USBX_F34X.LIB (BLOCK_READ)
  .\USBX_F34X.LIB (BLOCK_WRITE)
  .\USBX_F34X.LIB (USB_INT_ENABLE)
  .\USBX_F34X.LIB (USB_CLOCK_RECOVERY)
  .\USBX_F34X.LIB (USB_JUMP_ISR)
  C:\KEIL\C51\LIB\C51FPC.LIB (?C?FPMUL)
  C:\KEIL\C51\LIB\C51FPC.LIB (?C?FCAST)
  C:\KEIL\C51\LIB\C51FPC.LIB (?C?CASTF)
  C:\KEIL\C51\LIB\C51FPC.LIB (?C?FPGETOPN)
  C:\KEIL\C51\LIB\C51C.LIB (?C_STARTUP)
  C:\KEIL\C51\LIB\C51C.LIB (?C?COPY)
  C:\KEIL\C51\LIB\C51C.LIB (?C?CLDPTR)
  C:\KEIL\C51\LIB\C51C.LIB (?C?CLDOPTR)
  C:\KEIL\C51\LIB\C51C.LIB (?C?IMUL)
  C:\KEIL\C51\LIB\C51C.LIB (?C?IILDX)
  C:\KEIL\C51\LIB\C51C.LIB (?C?LMUL)
  C:\KEIL\C51\LIB\C51C.LIB (?C?ULDIV)
  C:\KEIL\C51\LIB\C51C.LIB (?C?LNEG)
  C:\KEIL\C51\LIB\C51C.LIB (?C?ULCMP)
  C:\KEIL\C51\LIB\C51C.LIB (?C?ULSHR)
  C:\KEIL\C51\LIB\C51C.LIB (?C?LSHL)
  C:\KEIL\C51\LIB\C51C.LIB (?C?LLDIPDATA)
  C:\KEIL\C51\LIB\C51C.LIB (?C?LSTXDATA)
  C:\KEIL\C51\LIB\C51C.LIB (?C?LSTPDATA)
  C:\KEIL\C51\LIB\C51C.LIB (?C?LSTKXDATA)
  C:\KEIL\C51\LIB\C51C.LIB (?C?LSTKPDATA)
  C:\KEIL\C51\LIB\C51C.LIB (?C_PBP)
  C:\KEIL\C51\LIB\C51C.LIB (?C_INIT)


LINK MAP OF MODULE:  HSD20_ST7789V_IPS_4W1L (MAIN)


            TYPE    BASE      LENGTH    RELOCATION   SEGMENT NAME
            -----------------------------------------------------

            * * * * * * *   D A T A   M E M O R Y   * * * * * * *
            REG     0000H     0008H     ABSOLUTE     "REG BANK 0"
            DATA    0008H     0001H     UNIT         ?C?LIB_DATA
            IDATA   0009H     0001H     UNIT         ?STACK

            * * * * * * *  X D A T A   M E M O R Y  * * * * * * *
BL51 BANKED LINKER/LOCATER V6.22                                                      04/20/2020  17:33:02  PAGE 2


            XDATA   0000H     0010H     INPAGE       ?PD?MAIN
            XDATA   0010H     0004H     INPAGE       ?PD?_MMC_SD_READSINGLEBLOCK?MMC_SD
            XDATA   0014H     000DH     INPAGE       ?PD?_DISPPICFROMSD?LCD
            XDATA   0021H     0004H     INPAGE       ?PD?DISPSCALEHOR1?LCD
            XDATA   0025H     0004H     INPAGE       ?PD?DISPSCALEVER?LCD
            XDATA   0029H     0004H     INPAGE       ?PD?DISPSCALEVER_RED?LCD
            XDATA   002DH     0004H     INPAGE       ?PD?DISPSCALEVER_GREEN?LCD
            XDATA   0031H     0004H     INPAGE       ?PD?DISPSCALEVER_BLUE?LCD
            XDATA   0035H     0004H     INPAGE       ?PD?DISPSCALEVER_GRAY?LCD
            XDATA   0039H     0004H     INPAGE       ?PD?DISPGRAYHOR32?LCD
            XDATA   003DH     0002H     INPAGE       ?PD?DISPSCALEHOR2?LCD
            XDATA   003FH     000CH     INPAGE       ?PD?_DRAWLINE?LCD
            XDATA   004BH     0004H     INPAGE       ?PD?_DRAWGIRD?LCD
            XDATA   004FH     0002H     INPAGE       ?PD?LCD
            XDATA   0051H     0024H     INPAGE       _PDATA_GROUP_
            XDATA   0075H     0200H     UNIT         ?XD?MMC_SD
            XDATA   0275H     0058H     UNIT         _XDATA_GROUP_
            XDATA   02CDH     0040H     UNIT         ?XD?MAIN
                    030DH     0333H                  *** GAP ***
            XDATA   0640H     0100H     ABSOLUTE     
            XDATA   0740H     0012H     ABSOLUTE     
            XDATA   0752H     0020H     ABSOLUTE     
            XDATA   0772H     000CH     ABSOLUTE     
            XDATA   077EH     0008H     ABSOLUTE     
            XDATA   0786H     0001H     ABSOLUTE     
            XDATA   0787H     0003H     ABSOLUTE     
            XDATA   078AH     0002H     ABSOLUTE     
            XDATA   078CH     0002H     ABSOLUTE     
            XDATA   078EH     0003H     ABSOLUTE     
            XDATA   0791H     0001H     ABSOLUTE     
            XDATA   0792H     0001H     ABSOLUTE     
            XDATA   0793H     0001H     ABSOLUTE     
            XDATA   0794H     0001H     ABSOLUTE     
            XDATA   0795H     0002H     ABSOLUTE     
            XDATA   0797H     0002H     ABSOLUTE     
            XDATA   0799H     0001H     ABSOLUTE     
            XDATA   079AH     0001H     ABSOLUTE     
            XDATA   079BH     0001H     ABSOLUTE     
            XDATA   079CH     0001H     ABSOLUTE     
            XDATA   079DH     0001H     ABSOLUTE     
            XDATA   079EH     0001H     ABSOLUTE     
            XDATA   079FH     0002H     ABSOLUTE     
            XDATA   07A1H     0001H     ABSOLUTE     
            XDATA   07A2H     0001H     ABSOLUTE     
            XDATA   07A3H     000CH     ABSOLUTE     
                    07AFH     0011H                  *** GAP ***
            XDATA   07C0H     0040H     ABSOLUTE     

            * * * * * * *   C O D E   M E M O R Y   * * * * * * *
            CODE    0000H     0003H     ABSOLUTE     
            CODE    0003H     0040H     UNIT         ?PR?_WRITEDISPDATA?LCD
            CODE    0043H     0003H     ABSOLUTE     
            CODE    0046H     0044H     UNIT         ?PR?_DISPCOLOR?LCD
                    008AH     0001H                  *** GAP ***
            CODE    008BH     0003H     ABSOLUTE     
            CODE    008EH     060CH     UNIT         ?PR?CONNTOUSB?MAIN
            CODE    069AH     0600H     UNIT         ?CO?LCD
BL51 BANKED LINKER/LOCATER V6.22                                                      04/20/2020  17:33:02  PAGE 3


            CODE    0C9AH     050DH     UNIT         ?C?LIB_CODE
            CODE    11A7H     0233H     UNIT         ?PR?USBXCORE_HANDLE_SETUP?USB_API
            CODE    13DAH     0232H     UNIT         ?PR?_LCD_READ_IC_ID?LCD
            CODE    160CH     0228H     UNIT         ?PR?DISPSCALEHOR1?LCD
            CODE    1834H     01BCH     UNIT         ?PR?DISPSCALEHOR2?LCD
            CODE    19F0H     01A0H     UNIT         ?PR?TP_DRAWLINE?TP
            CODE    1B90H     0190H     UNIT         ?PR?DISPBAND?LCD
            CODE    1D20H     0176H     UNIT         ?PR?LCD_INIT?LCD
            CODE    1E96H     0151H     UNIT         ?PR?USBXCORE_USB_ISR?USB_API
            CODE    1FE7H     013DH     UNIT         ?PR?USB_API_TEST_ISR?MAIN
            CODE    2124H     0137H     UNIT         ?PR?_USB_INIT?USB_API
            CODE    225BH     012AH     UNIT         ?PR?DISPSCALEVER?LCD
            CODE    2385H     011BH     UNIT         ?PR?_TP_GETPOSITION?TP
            CODE    24A0H     0111H     UNIT         ?PR?_BLOCK_WRITE?BLOCK_WRITE
            CODE    25B1H     00E9H     UNIT         ?PR?_DISPPICFROMSD?LCD
            CODE    269AH     00CDH     UNIT         ?PR?USBXCORE_VENDOR_USB_API?USB_API
            CODE    2767H     00CBH     UNIT         ?PR?_DISPONECHAR?LCD
            CODE    2832H     00B7H     UNIT         ?PR?MMC_SD_RESET?MMC_SD
            CODE    28E9H     00B3H     UNIT         ?PR?_DISPINT?LCD
            CODE    299CH     00B2H     UNIT         ?PR?USBXCORE_GET_DESCRIPTOR?USB_API
            CODE    2A4EH     00AFH     UNIT         ?PR?_BLOCK_READ?BLOCK_READ
            CODE    2AFDH     00AAH     UNIT         ?PR?DISPFRAME?LCD
            CODE    2BA7H     00A2H     UNIT         ?PR?DISPSCALEVER_GREEN?LCD
            CODE    2C49H     009CH     UNIT         ?PR?_?BLOCKWRITE?LCD
            CODE    2CE5H     009BH     UNIT         ?PR?DISPGRAYHOR16?LCD
            CODE    2D80H     0096H     UNIT         ?PR?_DISPSTR?LCD
            CODE    2E16H     0093H     UNIT         ?PR?DISPSCALEVER_RED?LCD
            CODE    2EA9H     0093H     UNIT         ?PR?DISPSCALEVER_GRAY?LCD
            CODE    2F3CH     0090H     UNIT         ?PR?_DRAWGIRD?LCD
            CODE    2FCCH     008CH     UNIT         ?C_C51STARTUP
            CODE    3058H     0088H     UNIT         ?PR?DISPSCALEVER_BLUE?LCD
            CODE    30E0H     0086H     UNIT         ?PR?_DRAWLINE?LCD
            CODE    3166H     007DH     UNIT         ?PR?_MMC_SD_WRITESINGLEBLOCK?MMC_SD
            CODE    31E3H     0076H     UNIT         ?PR?DISPGRAYHOR32?LCD
            CODE    3259H     0075H     UNIT         ?PR?_MMC_SD_SENDCOMMAND?MMC_SD
            CODE    32CEH     0073H     UNIT         ?PR?TP_READ?TP
            CODE    3341H     0073H     UNIT         ?PR?USBXCORE_GET_STATUS?USB_API
            CODE    33B4H     006CH     UNIT         ?PR?DEVICES_INIT?MAIN
            CODE    3420H     0064H     UNIT         ?PR?_MMC_SD_READSINGLEBLOCK?MMC_SD
            CODE    3484H     005BH     UNIT         ?PR?_TOORD?LCD
            CODE    34DFH     005AH     UNIT         ?PR?USBXCORE_SET_CONFIGURATION?USB_API
            CODE    3539H     0058H     UNIT         ?PR?USBXCORE_CLEAR_FEATURE?USB_API
            CODE    3591H     0057H     UNIT         ?PR?USBXCORE_SET_FEATURE?USB_API
            CODE    35E8H     0055H     UNIT         ?PR?_STOPDELAY?MAIN
            CODE    363DH     0052H     UNIT         ?PR?_PUTPIXEL?LCD
            CODE    368FH     0050H     UNIT         ?CO?MAIN
            CODE    36DFH     0047H     UNIT         ?PR?USBXCORE_GET_CONFIGURATION?USB_API
            CODE    3726H     0043H     UNIT         ?PR?MCU_INIT?MAIN
            CODE    3769H     003AH     UNIT         ?CO?USB_API
            CODE    37A3H     0038H     UNIT         ?PR?USB_CLOCK_START?USB_CLOCK_START
            CODE    37DBH     0034H     UNIT         ?PR?MAIN?MAIN
            CODE    380FH     002FH     UNIT         ?PR?_WRITEDATA?LCD
            CODE    383EH     002DH     UNIT         ?C_INITSEG
            CODE    386BH     002BH     UNIT         ?PR?_WRITECOMM?LCD
            CODE    3896H     002BH     UNIT         ?PR?USB_SUSPEND?USB_SUSPEND
            CODE    38C1H     0027H     UNIT         ?PR?USBXCORE_USB_RESET?USB_API
            CODE    38E8H     0027H     UNIT         ?PR?USBXCORE_GET_INTERFACE?USB_API
BL51 BANKED LINKER/LOCATER V6.22                                                      04/20/2020  17:33:02  PAGE 4


            CODE    390FH     0026H     UNIT         ?PR?_TP_WRITE?TP
            CODE    3935H     0022H     UNIT         ?PR?USBXCORE_JUMP_ISR?USB_JUMP_ISR
            CODE    3957H     0020H     UNIT         ?PR?USBXCORE_SET_ADDRESS?USB_API
            CODE    3977H     001FH     UNIT         ?PR?_DELAY?MAIN
            CODE    3996H     001DH     UNIT         ?PR?USBXCORE_FORCE_STALL?USB_API
            CODE    39B3H     0019H     UNIT         ?PR?USB_INT_ENABLE?USB_INT_ENABLE
            CODE    39CCH     0016H     UNIT         ?PR?_SPI_WRITEBYTE?MMC_SD
            CODE    39E2H     0016H     UNIT         ?PR?READDATA?LCD
            CODE    39F8H     0014H     UNIT         ?PR?USBXCORE_SET_SOP?USB_API
            CODE    3A0CH     0013H     UNIT         ?PR?WAITKEY?MAIN
            CODE    3A1FH     0011H     UNIT         ?PR?SD_INIT?MMC_SD
            CODE    3A30H     000EH     UNIT         ?PR?GET_INTERRUPT_SOURCE?GET_INTERRUPT_SOURCE
            CODE    3A3EH     000CH     UNIT         ?PR?USBXCORE_CLKREC?USB_CLOCK_RECOVERY
            CODE    3A4AH     000BH     UNIT         ?PR?SPI_READBYTE?MMC_SD
            CODE    3A55H     0009H     UNIT         ?PR?_WRITEONEDOT?LCD
            CODE    3A5EH     0003H     UNIT         ?PR?SUSPEND_DEVICE?MAIN



OVERLAY MAP OF MODULE:   HSD20_ST7789V_IPS_4W1L (MAIN)


SEGMENT                                            PDATA_GROUP         XDATA_GROUP
  +--> CALLED SEGMENT                            START    LENGTH     START    LENGTH
------------------------------------------------------------------------------------
?PR?USB_API_TEST_ISR?MAIN                        0051H    0001H      -----    -----
  +--> ?PR?GET_INTERRUPT_SOURCE?GET_INTERRUP...
  +--> ?PR?_BLOCK_READ?BLOCK_READ
  +--> ?PR?SUSPEND_DEVICE?MAIN
  +--> ?PR?MCU_INIT?MAIN
  +--> ?PR?_?BLOCKWRITE?LCD

?PR?SUSPEND_DEVICE?MAIN                          -----    -----      -----    -----
  +--> ?PR?USB_SUSPEND?USB_SUSPEND

?PR?USB_SUSPEND?USB_SUSPEND                      -----    -----      -----    -----
  +--> ?PR?USB_CLOCK_START?USB_CLOCK_START

?PR?_?BLOCKWRITE?LCD                             -----    -----      -----    -----
  +--> ?PR?_WRITECOMM?LCD
  +--> ?PR?_WRITEDATA?LCD

?PR?_WRITECOMM?LCD                               0074H    0001H      -----    -----

?PR?_WRITEDATA?LCD                               0074H    0001H      -----    -----

*** NEW ROOT ***************************************************

?PR?USBXCORE_USB_ISR?USB_API                     -----    -----      -----    -----
  +--> ?PR?USBXCORE_USB_RESET?USB_API
  +--> ?PR?USBXCORE_HANDLE_SETUP?USB_API
  +--> ?PR?USBXCORE_JUMP_ISR?USB_JUMP_ISR

?PR?USBXCORE_HANDLE_SETUP?USB_API                -----    -----      -----    -----
  +--> ?PR?USBXCORE_GET_STATUS?USB_API
  +--> ?PR?USBXCORE_CLEAR_FEATURE?USB_API
  +--> ?PR?USBXCORE_VENDOR_USB_API?USB_API
BL51 BANKED LINKER/LOCATER V6.22                                                      04/20/2020  17:33:02  PAGE 5


  +--> ?PR?USBXCORE_SET_FEATURE?USB_API
  +--> ?PR?USBXCORE_SET_ADDRESS?USB_API
  +--> ?PR?USBXCORE_GET_DESCRIPTOR?USB_API
  +--> ?PR?USBXCORE_GET_CONFIGURATION?USB_API
  +--> ?PR?USBXCORE_SET_CONFIGURATION?USB_API
  +--> ?PR?USBXCORE_GET_INTERFACE?USB_API
  +--> ?PR?USBXCORE_SET_SOP?USB_API
  +--> ?PR?USBXCORE_FORCE_STALL?USB_API

?PR?USBXCORE_GET_STATUS?USB_API                  -----    -----      -----    -----
  +--> ?CO?USB_API
  +--> ?PR?USBXCORE_FORCE_STALL?USB_API
  +--> ?PR?USBXCORE_SET_SOP?USB_API

?PR?USBXCORE_CLEAR_FEATURE?USB_API               -----    -----      -----    -----
  +--> ?PR?USBXCORE_FORCE_STALL?USB_API
  +--> ?PR?USBXCORE_SET_SOP?USB_API

?PR?USBXCORE_VENDOR_USB_API?USB_API              -----    -----      -----    -----
  +--> ?PR?USBXCORE_SET_SOP?USB_API

?PR?USBXCORE_SET_FEATURE?USB_API                 -----    -----      -----    -----
  +--> ?PR?USBXCORE_FORCE_STALL?USB_API
  +--> ?PR?USBXCORE_SET_SOP?USB_API

?PR?USBXCORE_SET_ADDRESS?USB_API                 -----    -----      -----    -----
  +--> ?PR?USBXCORE_SET_SOP?USB_API

?PR?USBXCORE_GET_DESCRIPTOR?USB_API              -----    -----      -----    -----
  +--> ?PR?USBXCORE_FORCE_STALL?USB_API
  +--> ?PR?USBXCORE_SET_SOP?USB_API

?PR?USBXCORE_GET_CONFIGURATION?USB_API           -----    -----      -----    -----
  +--> ?CO?USB_API
  +--> ?PR?USBXCORE_SET_SOP?USB_API

?PR?USBXCORE_SET_CONFIGURATION?USB_API           -----    -----      -----    -----
  +--> ?PR?USBXCORE_SET_SOP?USB_API

?PR?USBXCORE_GET_INTERFACE?USB_API               -----    -----      -----    -----
  +--> ?CO?USB_API
  +--> ?PR?USBXCORE_SET_SOP?USB_API

*** NEW ROOT ***************************************************

?C_C51STARTUP                                    -----    -----      -----    -----
  +--> ?PR?MAIN?MAIN
  +--> ?C_INITSEG

?PR?MAIN?MAIN                                    -----    -----      -----    -----
  +--> ?PR?DEVICES_INIT?MAIN
  +--> ?PR?_DISPCOLOR?LCD
  +--> ?PR?_STOPDELAY?MAIN
  +--> ?PR?WAITKEY?MAIN
  +--> ?PR?DISPFRAME?LCD
  +--> ?PR?DISPBAND?LCD
  +--> ?PR?DISPGRAYHOR16?LCD
BL51 BANKED LINKER/LOCATER V6.22                                                      04/20/2020  17:33:02  PAGE 6


  +--> ?PR?TP_DRAWLINE?TP

?PR?DEVICES_INIT?MAIN                            -----    -----      -----    -----
  +--> ?PR?MCU_INIT?MAIN
  +--> ?PR?USB_CLOCK_START?USB_CLOCK_START
  +--> ?CO?MAIN
  +--> ?PR?_USB_INIT?USB_API
  +--> ?PR?USB_INT_ENABLE?USB_INT_ENABLE
  +--> ?PR?LCD_INIT?LCD

?PR?_USB_INIT?USB_API                            -----    -----      0275H    0011H
  +--> ?CO?USB_API
  +--> ?PR?USBXCORE_CLKREC?USB_CLOCK_RECOVERY

?PR?LCD_INIT?LCD                                 -----    -----      -----    -----
  +--> ?PR?READDATA?LCD
  +--> ?PR?_DELAY?MAIN
  +--> ?PR?_WRITECOMM?LCD
  +--> ?PR?_WRITEDATA?LCD

?PR?READDATA?LCD                                 -----    -----      -----    -----
  +--> ?PR?_LCD_READ_IC_ID?LCD

?PR?_LCD_READ_IC_ID?LCD                          005CH    0008H      -----    -----

?PR?_DISPCOLOR?LCD                               0053H    0004H      -----    -----
  +--> ?PR?_?BLOCKWRITE?LCD
  +--> ?PR?_WRITEDISPDATA?LCD

?PR?_STOPDELAY?MAIN                              0053H    0004H      -----    -----
  +--> ?PR?WAITKEY?MAIN
  +--> ?PR?_DELAY?MAIN

?PR?WAITKEY?MAIN                                 -----    -----      -----    -----
  +--> ?PR?CONNTOUSB?MAIN
  +--> ?PR?_DELAY?MAIN

?PR?CONNTOUSB?MAIN                               0057H    0005H      0275H    0058H
  +--> ?CO?MAIN
  +--> ?PR?_WRITECOMM?LCD
  +--> ?PR?_WRITEDATA?LCD
  +--> ?PR?_DISPSTR?LCD
  +--> ?PR?_DISPINT?LCD
  +--> ?PR?_WRITEDISPDATA?LCD
  +--> ?PR?_MMC_SD_WRITESINGLEBLOCK?MMC_SD
  +--> ?PR?_BLOCK_WRITE?BLOCK_WRITE
  +--> ?PR?READDATA?LCD
  +--> ?PR?_DELAY?MAIN

?PR?_DISPSTR?LCD                                 005CH    000BH      -----    -----
  +--> ?PR?_TOORD?LCD
  +--> ?PR?_DISPONECHAR?LCD

?PR?_DISPONECHAR?LCD                             0067H    000DH      -----    -----
  +--> ?PR?_?BLOCKWRITE?LCD
  +--> ?CO?LCD
  +--> ?PR?_WRITEONEDOT?LCD
BL51 BANKED LINKER/LOCATER V6.22                                                      04/20/2020  17:33:02  PAGE 7



?PR?_WRITEONEDOT?LCD                             -----    -----      -----    -----
  +--> ?PR?_WRITEDISPDATA?LCD

?PR?_DISPINT?LCD                                 005CH    000AH      -----    -----
  +--> ?PR?_DISPONECHAR?LCD

?PR?_MMC_SD_WRITESINGLEBLOCK?MMC_SD              005CH    0004H      -----    -----
  +--> ?PR?_MMC_SD_SENDCOMMAND?MMC_SD
  +--> ?PR?_SPI_WRITEBYTE?MMC_SD

?PR?_MMC_SD_SENDCOMMAND?MMC_SD                   0060H    0005H      -----    -----
  +--> ?PR?_SPI_WRITEBYTE?MMC_SD

?PR?DISPFRAME?LCD                                0053H    0002H      -----    -----
  +--> ?PR?_?BLOCKWRITE?LCD
  +--> ?PR?_WRITEDISPDATA?LCD

?PR?DISPBAND?LCD                                 0053H    0005H      -----    -----
  +--> ?PR?_?BLOCKWRITE?LCD
  +--> ?PR?_WRITEDISPDATA?LCD

?PR?DISPGRAYHOR16?LCD                            0053H    0004H      -----    -----
  +--> ?PR?_?BLOCKWRITE?LCD
  +--> ?PR?_WRITEDISPDATA?LCD

?PR?TP_DRAWLINE?TP                               -----    -----      0275H    0018H
  +--> ?PR?_DISPCOLOR?LCD
  +--> ?PR?_DELAY?MAIN
  +--> ?PR?_TP_GETPOSITION?TP
  +--> ?PR?_PUTPIXEL?LCD

?PR?_TP_GETPOSITION?TP                           -----    -----      028DH    001BH
  +--> ?PR?_TP_WRITE?TP
  +--> ?PR?TP_READ?TP

?PR?_TP_WRITE?TP                                 -----    -----      02A8H    0001H

?PR?TP_READ?TP                                   -----    -----      02A8H    0005H

?PR?_PUTPIXEL?LCD                                0053H    0002H      -----    -----
  +--> ?PR?_?BLOCKWRITE?LCD
  +--> ?PR?_WRITEDISPDATA?LCD



SYMBOL TABLE OF MODULE:  HSD20_ST7789V_IPS_4W1L (MAIN)

  VALUE           TYPE          NAME
  ----------------------------------

  -------         MODULE        MAIN
  C:0000H         SYMBOL        _ICE_DUMMY_
  D:0080H         PUBLIC        P0
  X:0000H         PUBLIC        f_down
  D:0090H         PUBLIC        P1
  D:00A0H         PUBLIC        P2
BL51 BANKED LINKER/LOCATER V6.22                                                      04/20/2020  17:33:02  PAGE 8


  D:00B0H         PUBLIC        P3
  C:36DAH         PUBLIC        USB_MaxPower
  B:00B0H.6       PUBLIC        KEY_STEP
  D:00A4H         PUBLIC        P0MDOUT
  D:00A5H         PUBLIC        P1MDOUT
  D:00A6H         PUBLIC        P2MDOUT
  D:00A7H         PUBLIC        P3MDOUT
  D:00AEH         PUBLIC        P4MDOUT
  B:0080H.6       PUBLIC        OE
  D:00D9H         PUBLIC        PCA0MD
  C:1FE7H         PUBLIC        USB_API_TEST_ISR
  C:3A5EH         PUBLIC        Suspend_Device
  C:35ECH         PUBLIC        _StopDelay
  D:00E1H         PUBLIC        XBR0
  D:00E2H         PUBLIC        XBR1
  B:00B0H.1       PUBLIC        RS
  C:37DBH         PUBLIC        main
  X:0001H         PUBLIC        VerifyCode0
  X:0002H         PUBLIC        VerifyCode1
  C:36A4H         PUBLIC        USB_PID
  X:0003H         PUBLIC        VerifyCode2
  D:00F1H         PUBLIC        P0MDIN
  D:00F2H         PUBLIC        P1MDIN
  C:36A6H         PUBLIC        USB_MfrStr
  D:00F4H         PUBLIC        P3MDIN
  C:36A2H         PUBLIC        USB_VID
  D:00F8H         PUBLIC        SPI0CN
  X:0004H         PUBLIC        pic
  C:33B4H         PUBLIC        Devices_Init
  C:008EH         PUBLIC        ConnToUSB
  D:00A9H         PUBLIC        CLKSEL
  D:00B2H         PUBLIC        OSCICN
  C:36DBH         PUBLIC        USB_PwAttributes
  C:3A0CH         PUBLIC        WaitKey
  C:36DEH         SYMBOL        _?ix1000
  B:00B0H.0       PUBLIC        CS0
  X:0005H         PUBLIC        bf
  C:36DCH         PUBLIC        USB_bcdDevice
  D:00B9H         PUBLIC        CLKMUL
  X:0007H         PUBLIC        f_debug
  X:0008H         PUBLIC        sd
  X:02CDH         PUBLIC        Packet
  C:3726H         PUBLIC        MCU_Init
  B:0080H.7       PUBLIC        DIR
  D:00EFH         PUBLIC        RSTSRC
  X:000CH         PUBLIC        f_read
  C:36D0H         PUBLIC        USB_SerialStr
  X:000DH         PUBLIC        f_other
  C:36C0H         PUBLIC        USB_ProductStr
  X:000EH         PUBLIC        f_para
  D:00A1H         PUBLIC        SPI0CFG
  C:3977H         PUBLIC        _Delay
  B:00B0H.7       PUBLIC        KEY_Stop
  X:000FH         PUBLIC        f_init
  -------         PROC          MAIN
  C:37DBH         LINE#         40
  C:37DBH         LINE#         41
BL51 BANKED LINKER/LOCATER V6.22                                                      04/20/2020  17:33:02  PAGE 9


  C:37DBH         LINE#         46
  C:37DEH         LINE#         48
  C:37E1H         LINE#         49
  C:37E1H         LINE#         66
  C:37EEH         LINE#         67
  C:37F4H         LINE#         72
  C:37FAH         LINE#         73
  C:3800H         LINE#         74
  C:3809H         LINE#         80
  C:380CH         LINE#         82
  C:380EH         LINE#         83
  -------         ENDPROC       MAIN
  -------         PROC          _DELAY
  D:0006H         SYMBOL        dly
  -------         DO            
  D:0004H         SYMBOL        i
  D:0002H         SYMBOL        j
  -------         ENDDO         
  C:3977H         LINE#         86
  C:3977H         LINE#         87
  C:3977H         LINE#         90
  C:3981H         LINE#         91
  C:3995H         LINE#         92
  -------         ENDPROC       _DELAY
  C:35E8H         SYMBOL        L?0133
  -------         PROC          L?0132
  -------         ENDPROC       L?0132
  C:35E8H         SYMBOL        L?0133
  -------         PROC          _STOPDELAY
  X:0053H         SYMBOL        sdly
  -------         DO            
  D:0006H         SYMBOL        i
  D:0004H         SYMBOL        j
  X:0055H         SYMBOL        k
  -------         ENDDO         
  C:35ECH         LINE#         94
  C:35F3H         LINE#         95
  C:35F3H         LINE#         97
  C:35F8H         LINE#         98
  C:35F8H         LINE#         99
  C:35FBH         LINE#         100
  C:35FBH         LINE#         101
  C:3608H         LINE#         102
  C:361CH         LINE#         103
  C:361CH         LINE#         105
  C:361CH         LINE#         106
  C:3626H         LINE#         107
  C:3626H         LINE#         108
  C:363CH         LINE#         109
  -------         ENDPROC       _STOPDELAY
  -------         PROC          WAITKEY
  C:3A0CH         LINE#         138
  C:3A0CH         LINE#         139
  C:3A0CH         LINE#         141
  C:3A0FH         LINE#         142
  C:3A0FH         LINE#         144
  C:3A12H         LINE#         146
BL51 BANKED LINKER/LOCATER V6.22                                                      04/20/2020  17:33:02  PAGE 10


  C:3A14H         LINE#         147
  C:3A1BH         LINE#         148
  C:3A1EH         LINE#         150
  -------         ENDPROC       WAITKEY
  -------         PROC          CONNTOUSB
  -------         DO            
  X:0057H         SYMBOL        i
  X:0275H         SYMBOL        reg_data
  X:028DH         SYMBOL        para_data
  D:0007H         SYMBOL        dat
  X:0058H         SYMBOL        reg_index
  X:005AH         SYMBOL        data_num
  X:005BH         SYMBOL        st
  -------         ENDDO         
  C:008EH         LINE#         155
  C:008EH         LINE#         156
  C:008EH         LINE#         163
  C:00A1H         LINE#         165
  C:00A9H         LINE#         166
  C:00A9H         LINE#         167
  C:00B7H         LINE#         168
  C:00B7H         LINE#         169
  C:00C8H         LINE#         170
  C:00C8H         LINE#         171
  C:00EEH         LINE#         172
  C:00F0H         LINE#         173
  C:0104H         LINE#         174
  C:0104H         LINE#         175
  C:012AH         LINE#         177
  C:012AH         LINE#         178
  C:012AH         LINE#         179
  C:012AH         LINE#         181
  C:012AH         LINE#         182
  C:0132H         LINE#         183
  C:013CH         LINE#         184
  C:0146H         LINE#         186
  C:0162H         LINE#         188
  C:016CH         LINE#         189
  C:016CH         LINE#         190
  C:017DH         LINE#         191
  C:017DH         LINE#         192
  C:018EH         LINE#         193
  C:018EH         LINE#         194
  C:01E1H         LINE#         195
  C:01E3H         LINE#         196
  C:01F9H         LINE#         197
  C:01F9H         LINE#         198
  C:024BH         LINE#         199
  C:024BH         LINE#         200
  C:024BH         LINE#         201
  C:024BH         LINE#         203
  C:024BH         LINE#         204
  C:0253H         LINE#         205
  C:0253H         LINE#         206
  C:025DH         LINE#         207
  C:0267H         LINE#         209
  C:026BH         LINE#         210
BL51 BANKED LINKER/LOCATER V6.22                                                      04/20/2020  17:33:02  PAGE 11


  C:026EH         LINE#         214
  C:0276H         LINE#         215
  C:0276H         LINE#         216
  C:0285H         LINE#         217
  C:0285H         LINE#         218
  C:0287H         LINE#         220
  C:0289H         LINE#         221
  C:02A5H         LINE#         222
  C:02A7H         LINE#         224
  C:02D0H         LINE#         225
  C:02F4H         LINE#         226
  C:02FEH         LINE#         227
  C:02FEH         LINE#         228
  C:0306H         LINE#         229
  C:030DH         LINE#         230
  C:0318H         LINE#         231
  C:031EH         LINE#         232
  C:031EH         LINE#         233
  C:0327H         LINE#         235
  C:032BH         LINE#         236
  C:0337H         LINE#         237
  C:033AH         LINE#         240
  C:0342H         LINE#         241
  C:0342H         LINE#         242
  C:034BH         LINE#         243
  C:034BH         LINE#         244
  C:035BH         LINE#         245
  C:035BH         LINE#         246
  C:035DH         LINE#         248
  C:035FH         LINE#         249
  C:037BH         LINE#         250
  C:037DH         LINE#         252
  C:03A6H         LINE#         253
  C:03CAH         LINE#         255
  C:03D4H         LINE#         256
  C:03D4H         LINE#         257
  C:03DCH         LINE#         258
  C:03E3H         LINE#         259
  C:03EEH         LINE#         260
  C:03F4H         LINE#         261
  C:03F4H         LINE#         263
  C:03FDH         LINE#         269
  C:03FDH         LINE#         270
  C:040AH         LINE#         271
  C:040AH         LINE#         272
  C:040CH         LINE#         274
  C:040EH         LINE#         275
  C:042AH         LINE#         276
  C:042CH         LINE#         278
  C:0434H         LINE#         279
  C:0438H         LINE#         280
  C:0444H         LINE#         281
  C:0444H         LINE#         282
  C:0447H         LINE#         285
  C:044FH         LINE#         286
  C:044FH         LINE#         287
  C:0460H         LINE#         288
BL51 BANKED LINKER/LOCATER V6.22                                                      04/20/2020  17:33:02  PAGE 12


  C:0460H         LINE#         289
  C:046DH         LINE#         290
  C:046DH         LINE#         291
  C:048BH         LINE#         292
  C:048DH         LINE#         293
  C:049DH         LINE#         294
  C:049DH         LINE#         295
  C:04BBH         LINE#         296
  C:04BDH         LINE#         297
  C:04CEH         LINE#         298
  C:04CEH         LINE#         299
  C:04D8H         LINE#         300
  C:04E2H         LINE#         301
  C:04E2H         LINE#         302
  C:04E2H         LINE#         303
  C:04E2H         LINE#         305
  C:04E2H         LINE#         306
  C:04EBH         LINE#         307
  C:04EFH         LINE#         308
  C:04FBH         LINE#         309
  C:04FEH         LINE#         312
  C:0506H         LINE#         313
  C:0506H         LINE#         314
  C:0513H         LINE#         315
  C:0524H         LINE#         317
  C:052DH         LINE#         318
  C:053CH         LINE#         320
  C:0544H         LINE#         321
  C:0544H         LINE#         322
  C:054DH         LINE#         323
  C:055CH         LINE#         324
  C:055CH         LINE#         325
  C:055FH         LINE#         326
  C:056EH         LINE#         327
  C:057AH         LINE#         328
  C:0580H         LINE#         329
  C:0580H         LINE#         331
  C:0584H         LINE#         332
  C:0593H         LINE#         334
  C:059AH         LINE#         335
  C:05B6H         LINE#         336
  C:05C0H         LINE#         337
  C:05C0H         LINE#         338
  C:05E6H         LINE#         339
  C:05F9H         LINE#         340
  C:05F9H         LINE#         341
  C:064BH         LINE#         342
  C:0653H         LINE#         343
  C:0653H         LINE#         344
  C:0653H         LINE#         347
  C:0658H         LINE#         348
  C:0658H         LINE#         349
  C:0665H         LINE#         350
  C:0676H         LINE#         352
  C:067CH         LINE#         353
  C:0680H         LINE#         354
  C:0683H         LINE#         355
BL51 BANKED LINKER/LOCATER V6.22                                                      04/20/2020  17:33:02  PAGE 13


  C:0687H         LINE#         357
  C:068BH         LINE#         358
  C:0697H         LINE#         359
  C:0699H         LINE#         360
  -------         ENDPROC       CONNTOUSB
  -------         PROC          MCU_INIT
  -------         DO            
  D:0007H         SYMBOL        n
  -------         ENDDO         
  C:3726H         LINE#         363
  C:3726H         LINE#         364
  C:3726H         LINE#         366
  C:3729H         LINE#         369
  C:372CH         LINE#         370
  C:372FH         LINE#         372
  C:3732H         LINE#         374
  C:3738H         LINE#         376
  C:373BH         LINE#         377
  C:3740H         LINE#         378
  C:3743H         LINE#         380
  C:3746H         LINE#         383
  C:3749H         LINE#         384
  C:374CH         LINE#         386
  C:374FH         LINE#         387
  C:3752H         LINE#         389
  C:3755H         LINE#         390
  C:3758H         LINE#         392
  C:375BH         LINE#         393
  C:375EH         LINE#         394
  C:3760H         LINE#         395
  C:3762H         LINE#         397
  C:3765H         LINE#         398
  C:3768H         LINE#         400
  -------         ENDPROC       MCU_INIT
  -------         PROC          DEVICES_INIT
  C:33B4H         LINE#         402
  C:33B4H         LINE#         403
  C:33B4H         LINE#         405
  C:33B7H         LINE#         408
  C:33BAH         LINE#         409
  C:3414H         LINE#         410
  C:3417H         LINE#         413
  C:341AH         LINE#         414
  C:341DH         LINE#         422
  -------         ENDPROC       DEVICES_INIT
  -------         PROC          SUSPEND_DEVICE
  C:3A5EH         LINE#         426
  C:3A5EH         LINE#         427
  C:3A5EH         LINE#         428
  -------         ENDPROC       SUSPEND_DEVICE
  -------         PROC          USB_API_TEST_ISR
  -------         DO            
  X:0051H         SYMBOL        INTVAL
  -------         ENDDO         
  C:1FE7H         LINE#         432
  C:2004H         LINE#         434
  C:200BH         LINE#         436
BL51 BANKED LINKER/LOCATER V6.22                                                      04/20/2020  17:33:02  PAGE 14


  C:2011H         LINE#         437
  C:2011H         LINE#         438
  C:201CH         LINE#         440
  C:2038H         LINE#         441
  C:2038H         LINE#         442
  C:203AH         LINE#         443
  C:203CH         LINE#         444
  C:2052H         LINE#         445
  C:2052H         LINE#         446
  C:2054H         LINE#         447
  C:2056H         LINE#         448
  C:206EH         LINE#         449
  C:206EH         LINE#         450
  C:2070H         LINE#         451
  C:2072H         LINE#         452
  C:208CH         LINE#         453
  C:208CH         LINE#         454
  C:208EH         LINE#         455
  C:2090H         LINE#         456
  C:20A5H         LINE#         457
  C:20A5H         LINE#         458
  C:20A7H         LINE#         459
  C:20A9H         LINE#         461
  C:20A9H         LINE#         462
  C:20AEH         LINE#         463
  C:20AEH         LINE#         464
  C:20AEH         LINE#         466
  C:20AEH         LINE#         467
  C:20AEH         LINE#         469
  C:20AEH         LINE#         471
  C:20B4H         LINE#         472
  C:20B4H         LINE#         473
  C:20B7H         LINE#         474
  C:20B7H         LINE#         476
  C:20BDH         LINE#         477
  C:20BDH         LINE#         478
  C:20C0H         LINE#         479
  C:20C0H         LINE#         481
  C:20C6H         LINE#         482
  C:20C6H         LINE#         483
  C:20E2H         LINE#         484
  C:20E2H         LINE#         486
  C:20E8H         LINE#         487
  C:20E8H         LINE#         488
  C:20EDH         LINE#         489
  C:2109H         LINE#         490
  C:2109H         LINE#         491
  -------         ENDPROC       USB_API_TEST_ISR
  -------         ENDMOD        MAIN

  -------         MODULE        MMC_SD
  C:0000H         SYMBOL        _ICE_DUMMY_
  D:00A2H         PUBLIC        SPI0CKR
  D:0080H         PUBLIC        P0
  D:0090H         PUBLIC        P1
  D:00A0H         PUBLIC        P2
  D:00B0H         PUBLIC        P3
BL51 BANKED LINKER/LOCATER V6.22                                                      04/20/2020  17:33:02  PAGE 15


  C:3259H         PUBLIC        _MMC_SD_SendCommand
  C:3420H         PUBLIC        _MMC_SD_ReadSingleBlock
  C:3A1FH         PUBLIC        SD_Init
  C:3166H         PUBLIC        _MMC_SD_WriteSingleBlock
  B:00F8H.7       PUBLIC        SPIF
  B:00F8H.2       PUBLIC        NSSMD0
  C:2832H         PUBLIC        MMC_SD_Reset
  D:00A9H         PUBLIC        CLKSEL
  C:3A4AH         PUBLIC        SPI_ReadByte
  C:39D8H         PUBLIC        _SPI_WriteByte
  D:00A3H         PUBLIC        SPI0DAT
  X:0075H         PUBLIC        buffer
  C:39CCH         SYMBOL        L?0062
  C:39D1H         SYMBOL        L?0063
  -------         PROC          L?0061
  -------         ENDPROC       L?0061
  C:39CCH         SYMBOL        L?0062
  C:39D1H         SYMBOL        L?0063
  -------         PROC          _SPI_WRITEBYTE
  D:0007H         SYMBOL        val
  -------         DO            
  D:0007H         SYMBOL        ret
  -------         ENDDO         
  C:39D8H         LINE#         7
  C:39D8H         LINE#         8
  C:39D8H         LINE#         11
  C:39DAH         LINE#         12
  C:39DDH         LINE#         13
  C:39DFH         LINE#         14
  C:39E1H         LINE#         15
  C:39E1H         LINE#         16
  -------         ENDPROC       _SPI_WRITEBYTE
  -------         PROC          SPI_READBYTE
  -------         DO            
  D:0007H         SYMBOL        ret
  -------         ENDDO         
  C:3A4AH         LINE#         18
  C:3A4AH         LINE#         19
  C:3A4AH         LINE#         22
  C:3A4DH         LINE#         23
  C:3A50H         LINE#         24
  C:3A52H         LINE#         25
  C:3A54H         LINE#         26
  C:3A54H         LINE#         27
  -------         ENDPROC       SPI_READBYTE
  -------         PROC          _MMC_SD_SENDCOMMAND
  D:0006H         SYMBOL        cmd
  X:0061H         SYMBOL        arg
  -------         DO            
  D:0007H         SYMBOL        r1
  D:0003H         SYMBOL        retry
  -------         ENDDO         
  C:3259H         LINE#         29
  C:325BH         LINE#         30
  C:325BH         LINE#         32
  C:325DH         LINE#         34
  C:325DH         LINE#         35
BL51 BANKED LINKER/LOCATER V6.22                                                      04/20/2020  17:33:02  PAGE 16


  C:325DH         LINE#         36
  C:3260H         LINE#         37
  C:3260H         LINE#         38
  C:3260H         LINE#         39
  C:3263H         LINE#         41
  C:3265H         LINE#         43
  C:326CH         LINE#         44
  C:3281H         LINE#         45
  C:3296H         LINE#         46
  C:32ABH         LINE#         47
  C:32B5H         LINE#         48
  C:32BAH         LINE#         50
  C:32C2H         LINE#         51
  C:32CBH         LINE#         53
  C:32CDH         LINE#         55
  C:32CDH         LINE#         56
  -------         ENDPROC       _MMC_SD_SENDCOMMAND
  -------         PROC          MMC_SD_RESET
  -------         DO            
  D:0005H         SYMBOL        i
  D:0002H         SYMBOL        retry
  D:0006H         SYMBOL        r1
  -------         ENDDO         
  C:2832H         LINE#         58
  C:2832H         LINE#         59
  C:2832H         LINE#         62
  C:2834H         LINE#         64
  C:2835H         LINE#         65
  C:2838H         LINE#         66
  C:283BH         LINE#         68
  C:283BH         LINE#         69
  C:2847H         LINE#         70
  C:2857H         LINE#         71
  C:2858H         LINE#         72
  C:285EH         LINE#         73
  C:2862H         LINE#         75
  C:2864H         LINE#         77
  C:2864H         LINE#         79
  C:2864H         LINE#         80
  C:2874H         LINE#         81
  C:2875H         LINE#         82
  C:287EH         LINE#         83
  C:2882H         LINE#         85
  C:2884H         LINE#         86
  C:2894H         LINE#         87
  C:2895H         LINE#         88
  C:289EH         LINE#         89
  C:28A1H         LINE#         91
  C:28A4H         LINE#         92
  C:28A4H         LINE#         93
  C:28A6H         LINE#         95
  C:28A6H         LINE#         96
  C:28B6H         LINE#         97
  C:28B7H         LINE#         98
  C:28C0H         LINE#         99
  C:28C3H         LINE#         100
  C:28C3H         LINE#         101
BL51 BANKED LINKER/LOCATER V6.22                                                      04/20/2020  17:33:02  PAGE 17


  C:28D3H         LINE#         103
  C:28E1H         LINE#         104
  C:28E4H         LINE#         105
  C:28E7H         LINE#         106
  C:28E8H         LINE#         107
  -------         ENDPROC       MMC_SD_RESET
  -------         PROC          _MMC_SD_READSINGLEBLOCK
  X:0010H         SYMBOL        sector
  -------         DO            
  D:0007H         SYMBOL        r1
  D:0004H         SYMBOL        i
  D:0002H         SYMBOL        retry
  -------         ENDDO         
  C:3420H         LINE#         109
  C:3425H         LINE#         110
  C:3425H         LINE#         113
  C:3427H         LINE#         115
  C:342AH         LINE#         117
  C:342AH         LINE#         118
  C:3446H         LINE#         119
  C:3447H         LINE#         120
  C:3450H         LINE#         121
  C:3453H         LINE#         124
  C:3455H         LINE#         126
  C:345BH         LINE#         128
  C:345EH         LINE#         129
  C:345EH         LINE#         130
  C:346DH         LINE#         131
  C:347AH         LINE#         133
  C:347AH         LINE#         134
  C:347DH         LINE#         136
  C:347FH         LINE#         137
  C:3482H         LINE#         138
  C:3483H         LINE#         139
  -------         ENDPROC       _MMC_SD_READSINGLEBLOCK
  -------         PROC          _MMC_SD_WRITESINGLEBLOCK
  X:005CH         SYMBOL        sector
  -------         DO            
  D:0006H         SYMBOL        r1
  D:0004H         SYMBOL        i
  D:0002H         SYMBOL        retry
  -------         ENDDO         
  C:3166H         LINE#         141
  C:316BH         LINE#         142
  C:316BH         LINE#         145
  C:316DH         LINE#         147
  C:3170H         LINE#         149
  C:3170H         LINE#         150
  C:318EH         LINE#         151
  C:318FH         LINE#         152
  C:3198H         LINE#         153
  C:319BH         LINE#         157
  C:319DH         LINE#         159
  C:31A2H         LINE#         161
  C:31A7H         LINE#         163
  C:31A9H         LINE#         164
  C:31A9H         LINE#         165
BL51 BANKED LINKER/LOCATER V6.22                                                      04/20/2020  17:33:02  PAGE 18


  C:31B8H         LINE#         166
  C:31C5H         LINE#         168
  C:31C5H         LINE#         169
  C:31C5H         LINE#         171
  C:31CAH         LINE#         173
  C:31D1H         LINE#         174
  C:31D1H         LINE#         175
  C:31D3H         LINE#         176
  C:31D4H         LINE#         177
  C:31D4H         LINE#         179
  C:31DCH         LINE#         181
  C:31DEH         LINE#         182
  C:31E1H         LINE#         183
  C:31E2H         LINE#         184
  -------         ENDPROC       _MMC_SD_WRITESINGLEBLOCK
  -------         PROC          SD_INIT
  -------         DO            
  D:0001H         SYMBOL        n
  -------         ENDDO         
  C:3A1FH         LINE#         187
  C:3A1FH         LINE#         188
  C:3A1FH         LINE#         189
  C:3A21H         LINE#         191
  C:3A27H         LINE#         192
  C:3A27H         LINE#         193
  C:3A28H         LINE#         194
  C:3A2FH         LINE#         196
  -------         ENDPROC       SD_INIT
  -------         ENDMOD        MMC_SD

  -------         MODULE        LCD
  C:0000H         SYMBOL        _ICE_DUMMY_
  D:0080H         PUBLIC        P0
  C:2AFDH         PUBLIC        DispFrame
  D:0090H         PUBLIC        P1
  C:2BA7H         PUBLIC        DispScaleVer_Green
  D:00A0H         PUBLIC        P2
  D:00B0H         PUBLIC        P3
  C:1B90H         PUBLIC        DispBand
  C:3813H         PUBLIC        _WriteData
  C:069AH         PUBLIC        ascii
  C:13DAH         PUBLIC        _LCD_Read_IC_ID
  D:00A6H         PUBLIC        P2MDOUT
  C:0046H         PUBLIC        _DispColor
  C:3058H         PUBLIC        DispScaleVer_Blue
  C:2F3CH         PUBLIC        _DrawGird
  C:30E0H         PUBLIC        _DrawLine
  B:00D0H.7       PUBLIC        CY
  C:386BH         PUBLIC        _WriteComm
  C:0018H         PUBLIC        _WriteDispData
  C:2EA9H         PUBLIC        DispScaleVer_Gray
  B:00B0H.1       PUBLIC        RS
  B:00A0H.1       PUBLIC        SPI_CLK
  C:2E16H         PUBLIC        DispScaleVer_Red
  D:00F3H         PUBLIC        P2MDIN
  C:225BH         PUBLIC        DispScaleVer
  C:2797H         PUBLIC        _DispOneChar
BL51 BANKED LINKER/LOCATER V6.22                                                      04/20/2020  17:33:02  PAGE 19


  C:31E3H         PUBLIC        DispGrayHor32
  C:2CE5H         PUBLIC        DispGrayHor16
  C:28E9H         PUBLIC        _DispInt
  C:363DH         PUBLIC        _PutPixel
  D:00A9H         PUBLIC        CLKSEL
  B:0090H.6       PUBLIC        RD0
  B:00B0H.0       PUBLIC        CS0
  X:004FH         PUBLIC        LCM_ID
  C:1D20H         PUBLIC        LCD_Init
  C:2D80H         PUBLIC        _DispStr
  B:0090H.7       PUBLIC        WR0
  C:160CH         PUBLIC        DispScaleHor1
  B:00A0H.0       PUBLIC        SPI_DI
  C:3A55H         PUBLIC        _WriteOneDot
  C:1834H         PUBLIC        DispScaleHor2
  C:25B1H         PUBLIC        _DispPicFromSD
  B:0080H.7       PUBLIC        DIR
  C:3484H         PUBLIC        _ToOrd
  B:0080H.5       PUBLIC        RST
  C:39E2H         PUBLIC        ReadData
  C:2C63H         PUBLIC        _?BlockWrite
  -------         PROC          _LCD_READ_IC_ID
  X:005CH         SYMBOL        ID
  D:0004H         SYMBOL        Bug
  D:0003H         SYMBOL        flog
  -------         DO            
  X:005DH         SYMBOL        id
  X:005FH         SYMBOL        id1
  X:0061H         SYMBOL        temp
  D:0005H         SYMBOL        i
  D:0007H         SYMBOL        dat
  D:0001H         SYMBOL        id2
  X:0063H         SYMBOL        id3
  D:0002H         SYMBOL        id4
  -------         ENDDO         
  C:13DAH         LINE#         35
  C:13DEH         LINE#         36
  C:13DEH         LINE#         40
  C:13E6H         LINE#         41
  C:13E6H         LINE#         43
  C:13E8H         LINE#         44
  C:13EAH         LINE#         45
  C:13ECH         LINE#         47
  C:13EFH         LINE#         48
  C:13F1H         LINE#         49
  C:13F3H         LINE#         50
  C:13F5H         LINE#         53
  C:13F8H         LINE#         54
  C:13FBH         LINE#         55
  C:13FEH         LINE#         56
  C:1400H         LINE#         57
  C:1402H         LINE#         58
  C:1404H         LINE#         63
  C:140EH         LINE#         65
  C:1414H         LINE#         66
  C:141CH         LINE#         68
  C:1422H         LINE#         69
BL51 BANKED LINKER/LOCATER V6.22                                                      04/20/2020  17:33:02  PAGE 20


  C:1428H         LINE#         70
  C:1432H         LINE#         72
  C:1438H         LINE#         73
  C:143AH         LINE#         75
  C:1440H         LINE#         77
  C:1446H         LINE#         78
  C:1450H         LINE#         80
  C:1456H         LINE#         81
  C:145BH         LINE#         83
  C:1461H         LINE#         85
  C:146BH         LINE#         86
  C:1475H         LINE#         88
  C:147BH         LINE#         89
  C:147DH         LINE#         91
  C:148DH         LINE#         92
  C:1497H         LINE#         94
  C:149AH         LINE#         95
  C:149EH         LINE#         96
  C:149EH         LINE#         97
  C:14A7H         LINE#         98
  C:14ADH         LINE#         99
  C:14ADH         LINE#         100
  C:14B7H         LINE#         101
  C:14B9H         LINE#         102
  C:14BDH         LINE#         103
  C:14BDH         LINE#         104
  C:14CCH         LINE#         105
  C:14CCH         LINE#         108
  C:14CCH         LINE#         109
  C:14D5H         LINE#         110
  C:14D5H         LINE#         112
  C:14D8H         LINE#         113
  C:14DCH         LINE#         114
  C:14DEH         LINE#         115
  C:14E0H         LINE#         116
  C:14E2H         LINE#         117
  C:14E2H         LINE#         118
  C:14E4H         LINE#         119
  C:14ECH         LINE#         120
  C:14EEH         LINE#         122
  C:14F0H         LINE#         123
  C:14F4H         LINE#         124
  C:14F9H         LINE#         125
  C:14FCH         LINE#         128
  C:1506H         LINE#         129
  C:1506H         LINE#         130
  C:1508H         LINE#         131
  C:1508H         LINE#         132
  C:150AH         LINE#         133
  C:150CH         LINE#         134
  C:150EH         LINE#         135
  C:1525H         LINE#         136
  C:1527H         LINE#         137
  C:1529H         LINE#         138
  C:1530H         LINE#         139
  C:153AH         LINE#         140
  C:153AH         LINE#         141
BL51 BANKED LINKER/LOCATER V6.22                                                      04/20/2020  17:33:02  PAGE 21


  C:153CH         LINE#         142
  C:153CH         LINE#         143
  C:153EH         LINE#         144
  C:1540H         LINE#         145
  C:1542H         LINE#         146
  C:1559H         LINE#         147
  C:155BH         LINE#         148
  C:155DH         LINE#         149
  C:1562H         LINE#         150
  C:1562H         LINE#         152
  C:1564H         LINE#         153
  C:1564H         LINE#         154
  C:1566H         LINE#         155
  C:1568H         LINE#         156
  C:156AH         LINE#         157
  C:1581H         LINE#         158
  C:1583H         LINE#         159
  C:1585H         LINE#         160
  C:158AH         LINE#         162
  C:158CH         LINE#         163
  C:158CH         LINE#         164
  C:158EH         LINE#         165
  C:1590H         LINE#         166
  C:1592H         LINE#         167
  C:159CH         LINE#         168
  C:159EH         LINE#         169
  C:15A0H         LINE#         170
  C:15A5H         LINE#         172
  C:15A7H         LINE#         173
  C:15A7H         LINE#         174
  C:15A9H         LINE#         175
  C:15ABH         LINE#         176
  C:15ADH         LINE#         177
  C:15B9H         LINE#         178
  C:15BBH         LINE#         179
  C:15BDH         LINE#         180
  C:15C2H         LINE#         181
  C:15C5H         LINE#         182
  C:15C7H         LINE#         183
  C:15C9H         LINE#         184
  C:15CBH         LINE#         185
  C:15CDH         LINE#         186
  C:15CFH         LINE#         187
  C:15D1H         LINE#         189
  C:15D5H         LINE#         190
  C:15D5H         LINE#         191
  C:15E5H         LINE#         193
  C:15F0H         LINE#         194
  C:15F0H         LINE#         195
  C:15F0H         LINE#         197
  C:15F6H         LINE#         198
  C:15F6H         LINE#         199
  C:1602H         LINE#         200
  C:1602H         LINE#         202
  C:1602H         LINE#         203
  C:1604H         LINE#         204
  C:160BH         LINE#         205
BL51 BANKED LINKER/LOCATER V6.22                                                      04/20/2020  17:33:02  PAGE 22


  -------         ENDPROC       _LCD_READ_IC_ID
  -------         PROC          _WRITECOMM
  D:0004H         SYMBOL        i
  -------         DO            
  D:0003H         SYMBOL        j
  X:0074H         SYMBOL        DataH
  -------         ENDDO         
  C:386BH         LINE#         208
  C:386FH         LINE#         209
  C:386FH         LINE#         211
  C:3873H         LINE#         212
  C:3875H         LINE#         276
  C:3875H         LINE#         303
  C:3877H         LINE#         304
  C:3879H         LINE#         305
  C:3879H         LINE#         306
  C:387DH         LINE#         307
  C:3881H         LINE#         309
  C:3883H         LINE#         310
  C:388AH         LINE#         311
  C:388CH         LINE#         312
  C:388EH         LINE#         314
  C:3893H         LINE#         316
  C:3893H         LINE#         319
  C:3895H         LINE#         320
  -------         ENDPROC       _WRITECOMM
  -------         PROC          L?0460
  -------         ENDPROC       L?0460
  -------         PROC          _WRITEDATA
  D:0004H         SYMBOL        i
  -------         DO            
  D:0003H         SYMBOL        j
  X:0074H         SYMBOL        DataH
  -------         ENDDO         
  C:3813H         LINE#         322
  C:3817H         LINE#         323
  C:3817H         LINE#         325
  C:381BH         LINE#         326
  C:381DH         LINE#         466
  C:381DH         LINE#         497
  C:381FH         LINE#         498
  C:3821H         LINE#         499
  C:3821H         LINE#         500
  C:3825H         LINE#         501
  C:3829H         LINE#         503
  C:382BH         LINE#         504
  C:3832H         LINE#         505
  C:3834H         LINE#         506
  C:3836H         LINE#         508
  C:383BH         LINE#         510
  C:383BH         LINE#         513
  C:383DH         LINE#         514
  -------         ENDPROC       _WRITEDATA
  C:0003H         SYMBOL        L?0459
  -------         PROC          L?0458
  -------         ENDPROC       L?0458
  C:0003H         SYMBOL        L?0459
BL51 BANKED LINKER/LOCATER V6.22                                                      04/20/2020  17:33:02  PAGE 23


  -------         PROC          _WRITEDISPDATA
  D:0007H         SYMBOL        DataH
  D:0005H         SYMBOL        DataL
  -------         DO            
  D:0006H         SYMBOL        j
  -------         ENDDO         
  C:0018H         LINE#         516
  C:0018H         LINE#         517
  C:0018H         LINE#         519
  C:001AH         LINE#         593
  C:001AH         LINE#         594
  C:001CH         LINE#         595
  C:001EH         LINE#         596
  C:001EH         LINE#         597
  C:0022H         LINE#         598
  C:0024H         LINE#         599
  C:0026H         LINE#         600
  C:0028H         LINE#         601
  C:002DH         LINE#         603
  C:002FH         LINE#         604
  C:0031H         LINE#         605
  C:0031H         LINE#         606
  C:0035H         LINE#         607
  C:0037H         LINE#         608
  C:0039H         LINE#         609
  C:003BH         LINE#         610
  C:0040H         LINE#         635
  C:0040H         LINE#         638
  C:0042H         LINE#         639
  -------         ENDPROC       _WRITEDISPDATA
  -------         PROC          _WRITEONEDOT
  D:0004H         SYMBOL        color
  C:3A55H         LINE#         641
  C:3A59H         LINE#         642
  C:3A59H         LINE#         655
  -------         ENDPROC       _WRITEONEDOT
  -------         PROC          LCD_INIT
  C:1D20H         LINE#         664
  C:1D20H         LINE#         665
  C:1D20H         LINE#         666
  C:1D23H         LINE#         669
  C:1D25H         LINE#         670
  C:1D2CH         LINE#         672
  C:1D2EH         LINE#         673
  C:1D35H         LINE#         675
  C:1D37H         LINE#         676
  C:1D3EH         LINE#         3820
  C:1D45H         LINE#         3821
  C:1D4AH         LINE#         3823
  C:1D51H         LINE#         3824
  C:1D56H         LINE#         3826
  C:1D5BH         LINE#         3827
  C:1D60H         LINE#         3829
  C:1D65H         LINE#         3830
  C:1D6AH         LINE#         3831
  C:1D6FH         LINE#         3832
  C:1D72H         LINE#         3833
BL51 BANKED LINKER/LOCATER V6.22                                                      04/20/2020  17:33:02  PAGE 24


  C:1D75H         LINE#         3834
  C:1D7AH         LINE#         3836
  C:1D7FH         LINE#         3837
  C:1D84H         LINE#         3838
  C:1D87H         LINE#         3839
  C:1D8AH         LINE#         3840
  C:1D8FH         LINE#         3842
  C:1D94H         LINE#         3843
  C:1D99H         LINE#         3844
  C:1D9CH         LINE#         3845
  C:1DA1H         LINE#         3846
  C:1DA6H         LINE#         3847
  C:1DA9H         LINE#         3849
  C:1DAEH         LINE#         3850
  C:1DB3H         LINE#         3852
  C:1DB8H         LINE#         3853
  C:1DBDH         LINE#         3855
  C:1DC2H         LINE#         3856
  C:1DC7H         LINE#         3858
  C:1DCCH         LINE#         3859
  C:1DD1H         LINE#         3861
  C:1DD6H         LINE#         3862
  C:1DDBH         LINE#         3864
  C:1DE0H         LINE#         3865
  C:1DE5H         LINE#         3867
  C:1DEAH         LINE#         3868
  C:1DEFH         LINE#         3870
  C:1DF4H         LINE#         3871
  C:1DF9H         LINE#         3872
  C:1DFEH         LINE#         3874
  C:1E03H         LINE#         3875
  C:1E08H         LINE#         3876
  C:1E0DH         LINE#         3877
  C:1E12H         LINE#         3878
  C:1E17H         LINE#         3879
  C:1E1CH         LINE#         3880
  C:1E21H         LINE#         3881
  C:1E26H         LINE#         3882
  C:1E2BH         LINE#         3883
  C:1E30H         LINE#         3884
  C:1E35H         LINE#         3885
  C:1E3AH         LINE#         3886
  C:1E3EH         LINE#         3887
  C:1E43H         LINE#         3888
  C:1E48H         LINE#         3890
  C:1E4DH         LINE#         3891
  C:1E52H         LINE#         3892
  C:1E57H         LINE#         3893
  C:1E5CH         LINE#         3894
  C:1E61H         LINE#         3895
  C:1E66H         LINE#         3896
  C:1E69H         LINE#         3897
  C:1E6EH         LINE#         3898
  C:1E73H         LINE#         3899
  C:1E78H         LINE#         3900
  C:1E7DH         LINE#         3901
  C:1E82H         LINE#         3902
BL51 BANKED LINKER/LOCATER V6.22                                                      04/20/2020  17:33:02  PAGE 25


  C:1E87H         LINE#         3903
  C:1E8CH         LINE#         3904
  C:1E91H         LINE#         3910
  -------         ENDPROC       LCD_INIT
  C:2C4AH         SYMBOL        L?0453
  C:2C50H         SYMBOL        L?0454
  -------         PROC          L?0452
  -------         ENDPROC       L?0452
  C:2C4AH         SYMBOL        L?0453
  C:2C50H         SYMBOL        L?0454
  -------         PROC          _?BLOCKWRITE
  p:0000H         SYMBOL        Xstart
  p:0002H         SYMBOL        Xend
  p:0004H         SYMBOL        Ystart
  p:0006H         SYMBOL        Yend
  C:2C63H         LINE#         4427
  C:2C84H         LINE#         4530
  C:2C8BH         LINE#         4531
  C:2C92H         LINE#         4532
  C:2C9AH         LINE#         4533
  C:2CA5H         LINE#         4534
  C:2CAFH         LINE#         4536
  C:2CB4H         LINE#         4537
  C:2CBEH         LINE#         4539
  C:2CC5H         LINE#         4540
  C:2CCFH         LINE#         4541
  C:2CD6H         LINE#         4547
  C:2CDBH         LINE#         4550
  C:2CDEH         LINE#         4554
  -------         ENDPROC       _?BLOCKWRITE
  -------         PROC          _DISPCOLOR
  D:0004H         SYMBOL        color
  -------         DO            
  X:0053H         SYMBOL        i
  D:0002H         SYMBOL        m
  X:0055H         SYMBOL        DataH
  X:0056H         SYMBOL        DataL
  -------         ENDDO         
  C:0046H         LINE#         4556
  C:0048H         LINE#         4557
  C:0048H         LINE#         4560
  C:004EH         LINE#         4562
  C:0051H         LINE#         4564
  C:0053H         LINE#         4565
  C:0059H         LINE#         4566
  C:0059H         LINE#         4567
  C:005CH         LINE#         4568
  C:005CH         LINE#         4569
  C:0066H         LINE#         4570
  C:0071H         LINE#         4571
  C:0087H         LINE#         4573
  C:0089H         LINE#         4574
  -------         ENDPROC       _DISPCOLOR
  -------         PROC          DISPFRAME
  -------         DO            
  D:0002H         SYMBOL        i
  X:0053H         SYMBOL        j
BL51 BANKED LINKER/LOCATER V6.22                                                      04/20/2020  17:33:02  PAGE 26


  D:0001H         SYMBOL        DataH
  D:0004H         SYMBOL        DataL
  -------         ENDDO         
  C:2AFDH         LINE#         4576
  C:2AFDH         LINE#         4577
  C:2AFDH         LINE#         4580
  C:2B00H         LINE#         4582
  C:2B02H         LINE#         4585
  C:2B0CH         LINE#         4588
  C:2B0EH         LINE#         4589
  C:2B0EH         LINE#         4591
  C:2B19H         LINE#         4593
  C:2B24H         LINE#         4595
  C:2B2EH         LINE#         4597
  C:2B34H         LINE#         4598
  C:2B34H         LINE#         4600
  C:2B3EH         LINE#         4602
  C:2B41H         LINE#         4603
  C:2B41H         LINE#         4605
  C:2B49H         LINE#         4607
  C:2B54H         LINE#         4610
  C:2B5EH         LINE#         4612
  C:2B74H         LINE#         4614
  C:2B7EH         LINE#         4616
  C:2B81H         LINE#         4617
  C:2B81H         LINE#         4619
  C:2B8CH         LINE#         4621
  C:2B97H         LINE#         4623
  C:2BA1H         LINE#         4626
  C:2BA4H         LINE#         4627
  C:2BA6H         LINE#         4628
  -------         ENDPROC       DISPFRAME
  -------         PROC          DISPBAND
  -------         DO            
  D:0002H         SYMBOL        i
  X:0053H         SYMBOL        j
  X:0054H         SYMBOL        k
  X:0055H         SYMBOL        m
  X:0056H         SYMBOL        n
  X:0057H         SYMBOL        x
  -------         ENDDO         
  C:1B90H         LINE#         4630
  C:1B90H         LINE#         4631
  C:1B90H         LINE#         4634
  C:1B99H         LINE#         4635
  C:1BA2H         LINE#         4636
  C:1BA4H         LINE#         4639
  C:1BACH         LINE#         4640
  C:1BBAH         LINE#         4641
  C:1BBAH         LINE#         4642
  C:1BD5H         LINE#         4643
  C:1BF0H         LINE#         4644
  C:1C1CH         LINE#         4645
  C:1C23H         LINE#         4646
  C:1C32H         LINE#         4647
  C:1C32H         LINE#         4648
  C:1C4DH         LINE#         4649
BL51 BANKED LINKER/LOCATER V6.22                                                      04/20/2020  17:33:02  PAGE 27


  C:1C68H         LINE#         4650
  C:1C94H         LINE#         4651
  C:1C9BH         LINE#         4652
  C:1CB1H         LINE#         4653
  C:1CB1H         LINE#         4654
  C:1CCCH         LINE#         4655
  C:1CE7H         LINE#         4656
  C:1D13H         LINE#         4657
  C:1D1AH         LINE#         4658
  C:1D1CH         LINE#         4659
  C:1D1FH         LINE#         4660
  -------         ENDPROC       DISPBAND
  -------         PROC          _DISPPICFROMSD
  X:0014H         SYMBOL        PicNum
  -------         DO            
  X:0015H         SYMBOL        Address_S
  X:0019H         SYMBOL        Address_E
  D:0002H         SYMBOL        i
  X:001DH         SYMBOL        k
  -------         ENDDO         
  C:25B1H         LINE#         4682
  C:25B4H         LINE#         4683
  C:25B4H         LINE#         4689
  C:25B7H         LINE#         4692
  C:25B9H         LINE#         4694
  C:25BBH         LINE#         4696
  C:25C4H         LINE#         4697
  C:25EFH         LINE#         4698
  C:2618H         LINE#         4699
  C:263BH         LINE#         4700
  C:263BH         LINE#         4701
  C:264BH         LINE#         4703
  C:2654H         LINE#         4704
  C:2654H         LINE#         4706
  C:266FH         LINE#         4707
  C:2678H         LINE#         4708
  C:2697H         LINE#         4710
  C:2699H         LINE#         4748
  -------         ENDPROC       _DISPPICFROMSD
  -------         PROC          DISPSCALEHOR1
  -------         DO            
  X:0021H         SYMBOL        i
  X:0023H         SYMBOL        j
  D:0002H         SYMBOL        k
  -------         ENDDO         
  C:160CH         LINE#         4753
  C:160CH         LINE#         4754
  C:160CH         LINE#         4757
  C:160FH         LINE#         4760
  C:1611H         LINE#         4761
  C:1611H         LINE#         4762
  C:1633H         LINE#         4763
  C:1639H         LINE#         4764
  C:1639H         LINE#         4765
  C:163FH         LINE#         4766
  C:163FH         LINE#         4767
  C:1654H         LINE#         4768
BL51 BANKED LINKER/LOCATER V6.22                                                      04/20/2020  17:33:02  PAGE 28


  C:166AH         LINE#         4769
  C:1680H         LINE#         4771
  C:168BH         LINE#         4774
  C:168EH         LINE#         4775
  C:168EH         LINE#         4776
  C:16B0H         LINE#         4777
  C:16B6H         LINE#         4778
  C:16B6H         LINE#         4779
  C:16BCH         LINE#         4780
  C:16BCH         LINE#         4781
  C:16E7H         LINE#         4782
  C:16FDH         LINE#         4783
  C:1713H         LINE#         4784
  C:1721H         LINE#         4787
  C:1724H         LINE#         4788
  C:1724H         LINE#         4789
  C:1746H         LINE#         4790
  C:174CH         LINE#         4791
  C:174CH         LINE#         4792
  C:1752H         LINE#         4793
  C:1752H         LINE#         4794
  C:175CH         LINE#         4795
  C:1772H         LINE#         4796
  C:1788H         LINE#         4797
  C:1793H         LINE#         4800
  C:1796H         LINE#         4801
  C:1796H         LINE#         4802
  C:17B8H         LINE#         4803
  C:17BEH         LINE#         4804
  C:17BEH         LINE#         4805
  C:17C4H         LINE#         4806
  C:17C4H         LINE#         4807
  C:17F7H         LINE#         4808
  C:180DH         LINE#         4809
  C:1823H         LINE#         4810
  C:1831H         LINE#         4811
  C:1833H         LINE#         4812
  -------         ENDPROC       DISPSCALEHOR1
  -------         PROC          DISPSCALEVER
  -------         DO            
  X:0025H         SYMBOL        i
  X:0027H         SYMBOL        j
  D:0002H         SYMBOL        k
  -------         ENDDO         
  C:225BH         LINE#         4814
  C:225BH         LINE#         4815
  C:225BH         LINE#         4884
  C:225EH         LINE#         4886
  C:2266H         LINE#         4887
  C:2266H         LINE#         4888
  C:226CH         LINE#         4889
  C:226CH         LINE#         4890
  C:2272H         LINE#         4891
  C:2288H         LINE#         4892
  C:228FH         LINE#         4894
  C:2292H         LINE#         4895
  C:2292H         LINE#         4897
BL51 BANKED LINKER/LOCATER V6.22                                                      04/20/2020  17:33:02  PAGE 29


  C:2298H         LINE#         4898
  C:2298H         LINE#         4900
  C:229EH         LINE#         4901
  C:229EH         LINE#         4902
  C:22B0H         LINE#         4903
  C:22C6H         LINE#         4905
  C:22CCH         LINE#         4906
  C:22CCH         LINE#         4907
  C:22F4H         LINE#         4908
  C:230AH         LINE#         4910
  C:2310H         LINE#         4911
  C:2310H         LINE#         4912
  C:2317H         LINE#         4913
  C:232DH         LINE#         4915
  C:2333H         LINE#         4916
  C:2333H         LINE#         4917
  C:2347H         LINE#         4918
  C:235DH         LINE#         4920
  C:2376H         LINE#         4922
  C:2384H         LINE#         4924
  -------         ENDPROC       DISPSCALEVER
  -------         PROC          DISPSCALEVER_RED
  -------         DO            
  X:0029H         SYMBOL        i
  X:002BH         SYMBOL        j
  D:0002H         SYMBOL        k
  -------         ENDDO         
  C:2E16H         LINE#         4926
  C:2E16H         LINE#         4927
  C:2E16H         LINE#         4930
  C:2E19H         LINE#         4932
  C:2E1BH         LINE#         4934
  C:2E1DH         LINE#         4937
  C:2E25H         LINE#         4938
  C:2E25H         LINE#         4939
  C:2E2BH         LINE#         4940
  C:2E2BH         LINE#         4941
  C:2E31H         LINE#         4942
  C:2E47H         LINE#         4943
  C:2E4EH         LINE#         4945
  C:2E51H         LINE#         4946
  C:2E51H         LINE#         4947
  C:2E57H         LINE#         4948
  C:2E57H         LINE#         4950
  C:2E5DH         LINE#         4951
  C:2E5DH         LINE#         4952
  C:2E6FH         LINE#         4953
  C:2E85H         LINE#         4954
  C:2E9BH         LINE#         4956
  C:2EA6H         LINE#         4958
  C:2EA8H         LINE#         4959
  -------         ENDPROC       DISPSCALEVER_RED
  -------         PROC          DISPSCALEVER_GREEN
  -------         DO            
  X:002DH         SYMBOL        i
  X:002FH         SYMBOL        j
  D:0002H         SYMBOL        k
BL51 BANKED LINKER/LOCATER V6.22                                                      04/20/2020  17:33:02  PAGE 30


  -------         ENDDO         
  C:2BA7H         LINE#         4961
  C:2BA7H         LINE#         4962
  C:2BA7H         LINE#         4965
  C:2BAAH         LINE#         4967
  C:2BACH         LINE#         4968
  C:2BAEH         LINE#         4971
  C:2BB6H         LINE#         4972
  C:2BB6H         LINE#         4973
  C:2BBCH         LINE#         4974
  C:2BBCH         LINE#         4975
  C:2BC2H         LINE#         4977
  C:2BD8H         LINE#         4978
  C:2BDFH         LINE#         4980
  C:2BE2H         LINE#         4981
  C:2BE2H         LINE#         4982
  C:2BE8H         LINE#         4983
  C:2BE8H         LINE#         4985
  C:2BEEH         LINE#         4986
  C:2BEEH         LINE#         4988
  C:2C0FH         LINE#         4989
  C:2C25H         LINE#         4990
  C:2C3BH         LINE#         4992
  C:2C46H         LINE#         4994
  C:2C48H         LINE#         4995
  -------         ENDPROC       DISPSCALEVER_GREEN
  -------         PROC          DISPSCALEVER_BLUE
  -------         DO            
  X:0031H         SYMBOL        i
  X:0033H         SYMBOL        j
  D:0002H         SYMBOL        k
  -------         ENDDO         
  C:3058H         LINE#         4997
  C:3058H         LINE#         4998
  C:3058H         LINE#         5001
  C:305BH         LINE#         5003
  C:305DH         LINE#         5004
  C:305FH         LINE#         5007
  C:3067H         LINE#         5008
  C:3067H         LINE#         5009
  C:306DH         LINE#         5010
  C:306DH         LINE#         5011
  C:3073H         LINE#         5012
  C:3089H         LINE#         5013
  C:3090H         LINE#         5015
  C:3093H         LINE#         5016
  C:3093H         LINE#         5017
  C:3099H         LINE#         5018
  C:3099H         LINE#         5020
  C:309FH         LINE#         5021
  C:309FH         LINE#         5022
  C:30A6H         LINE#         5023
  C:30BCH         LINE#         5024
  C:30D2H         LINE#         5026
  C:30DDH         LINE#         5028
  C:30DFH         LINE#         5029
  -------         ENDPROC       DISPSCALEVER_BLUE
BL51 BANKED LINKER/LOCATER V6.22                                                      04/20/2020  17:33:02  PAGE 31


  -------         PROC          DISPSCALEVER_GRAY
  -------         DO            
  X:0035H         SYMBOL        i
  X:0037H         SYMBOL        j
  D:0002H         SYMBOL        k
  -------         ENDDO         
  C:2EA9H         LINE#         5031
  C:2EA9H         LINE#         5032
  C:2EA9H         LINE#         5035
  C:2EACH         LINE#         5037
  C:2EAEH         LINE#         5042
  C:2EB6H         LINE#         5043
  C:2EB6H         LINE#         5044
  C:2EBCH         LINE#         5045
  C:2EBCH         LINE#         5046
  C:2EC2H         LINE#         5048
  C:2ED8H         LINE#         5049
  C:2EDFH         LINE#         5051
  C:2EE2H         LINE#         5052
  C:2EE2H         LINE#         5053
  C:2EE8H         LINE#         5054
  C:2EE8H         LINE#         5056
  C:2EEEH         LINE#         5057
  C:2EEEH         LINE#         5058
  C:2F02H         LINE#         5059
  C:2F18H         LINE#         5060
  C:2F2EH         LINE#         5062
  C:2F39H         LINE#         5064
  C:2F3BH         LINE#         5065
  -------         ENDPROC       DISPSCALEVER_GRAY
  -------         PROC          DISPGRAYHOR16
  -------         DO            
  X:0053H         SYMBOL        i
  D:0002H         SYMBOL        j
  X:0055H         SYMBOL        k
  -------         ENDDO         
  C:2CE5H         LINE#         5067
  C:2CE5H         LINE#         5068
  C:2CE5H         LINE#         5071
  C:2CE8H         LINE#         5073
  C:2CEAH         LINE#         5074
  C:2CECH         LINE#         5076
  C:2CF2H         LINE#         5077
  C:2CF2H         LINE#         5078
  C:2CFBH         LINE#         5079
  C:2CFBH         LINE#         5080
  C:2D01H         LINE#         5081
  C:2D08H         LINE#         5083
  C:2D0BH         LINE#         5084
  C:2D0BH         LINE#         5085
  C:2D11H         LINE#         5086
  C:2D11H         LINE#         5087
  C:2D43H         LINE#         5088
  C:2D59H         LINE#         5089
  C:2D64H         LINE#         5090
  C:2D7DH         LINE#         5092
  C:2D7FH         LINE#         5093
BL51 BANKED LINKER/LOCATER V6.22                                                      04/20/2020  17:33:02  PAGE 32


  -------         ENDPROC       DISPGRAYHOR16
  -------         PROC          DISPGRAYHOR32
  -------         DO            
  X:0039H         SYMBOL        i
  D:0002H         SYMBOL        j
  X:003BH         SYMBOL        k
  -------         ENDDO         
  C:31E3H         LINE#         5095
  C:31E3H         LINE#         5096
  C:31E3H         LINE#         5099
  C:31E6H         LINE#         5101
  C:31E8H         LINE#         5103
  C:31EEH         LINE#         5104
  C:31EEH         LINE#         5105
  C:31F1H         LINE#         5106
  C:31F1H         LINE#         5107
  C:31F7H         LINE#         5108
  C:3202H         LINE#         5110
  C:3205H         LINE#         5111
  C:3205H         LINE#         5112
  C:320BH         LINE#         5113
  C:320BH         LINE#         5114
  C:321FH         LINE#         5115
  C:3235H         LINE#         5116
  C:3240H         LINE#         5117
  C:3256H         LINE#         5119
  C:3258H         LINE#         5120
  -------         ENDPROC       DISPGRAYHOR32
  -------         PROC          DISPSCALEHOR2
  -------         DO            
  X:003DH         SYMBOL        j
  D:0002H         SYMBOL        k
  -------         ENDDO         
  C:1834H         LINE#         5122
  C:1834H         LINE#         5123
  C:1834H         LINE#         5126
  C:1837H         LINE#         5128
  C:1839H         LINE#         5129
  C:1839H         LINE#         5130
  C:183FH         LINE#         5131
  C:185CH         LINE#         5132
  C:1867H         LINE#         5133
  C:186AH         LINE#         5134
  C:186AH         LINE#         5135
  C:1870H         LINE#         5136
  C:188DH         LINE#         5137
  C:1898H         LINE#         5138
  C:189BH         LINE#         5139
  C:189BH         LINE#         5140
  C:18A1H         LINE#         5141
  C:18BEH         LINE#         5142
  C:18C9H         LINE#         5143
  C:18CCH         LINE#         5144
  C:18CCH         LINE#         5145
  C:18D2H         LINE#         5146
  C:18EFH         LINE#         5147
  C:18FAH         LINE#         5148
BL51 BANKED LINKER/LOCATER V6.22                                                      04/20/2020  17:33:02  PAGE 33


  C:18FDH         LINE#         5149
  C:18FDH         LINE#         5150
  C:1903H         LINE#         5151
  C:1920H         LINE#         5152
  C:192BH         LINE#         5153
  C:192EH         LINE#         5154
  C:192EH         LINE#         5155
  C:1934H         LINE#         5156
  C:1951H         LINE#         5157
  C:195CH         LINE#         5158
  C:195FH         LINE#         5159
  C:195FH         LINE#         5160
  C:1965H         LINE#         5161
  C:1982H         LINE#         5162
  C:198DH         LINE#         5163
  C:1990H         LINE#         5164
  C:1990H         LINE#         5165
  C:1996H         LINE#         5166
  C:19B2H         LINE#         5167
  C:19BDH         LINE#         5168
  C:19C6H         LINE#         5169
  C:19C6H         LINE#         5170
  C:19CCH         LINE#         5171
  C:19E8H         LINE#         5172
  C:19EFH         LINE#         5174
  -------         ENDPROC       DISPSCALEHOR2
  -------         PROC          _TOORD
  D:0007H         SYMBOL        ch
  C:3484H         LINE#         5279
  C:3484H         LINE#         5280
  C:3484H         LINE#         5281
  C:348AH         LINE#         5282
  C:348AH         LINE#         5283
  C:348CH         LINE#         5284
  C:348EH         LINE#         5285
  C:349AH         LINE#         5286
  C:349AH         LINE#         5287
  C:349EH         LINE#         5288
  C:34A0H         LINE#         5289
  C:34ACH         LINE#         5290
  C:34ACH         LINE#         5291
  C:34B0H         LINE#         5292
  C:34B2H         LINE#         5293
  C:34BEH         LINE#         5294
  C:34BEH         LINE#         5295
  C:34C2H         LINE#         5296
  C:34C4H         LINE#         5297
  C:34D0H         LINE#         5298
  C:34D0H         LINE#         5299
  C:34D4H         LINE#         5300
  C:34D6H         LINE#         5301
  C:34DCH         LINE#         5302
  C:34DCH         LINE#         5303
  C:34DEH         LINE#         5304
  C:34DEH         LINE#         5306
  C:34DEH         LINE#         5307
  -------         ENDPROC       _TOORD
BL51 BANKED LINKER/LOCATER V6.22                                                      04/20/2020  17:33:02  PAGE 34


  C:276FH         SYMBOL        L?0456
  C:2787H         SYMBOL        L?0457
  -------         PROC          L?0455
  -------         ENDPROC       L?0455
  C:276FH         SYMBOL        L?0456
  C:2787H         SYMBOL        L?0457
  -------         PROC          _DISPONECHAR
  X:0067H         SYMBOL        ord
  D:0006H         SYMBOL        Xstart
  D:0002H         SYMBOL        Ystart
  X:006CH         SYMBOL        TextColor
  X:006EH         SYMBOL        BackColor
  -------         DO            
  X:0070H         SYMBOL        i
  D:0002H         SYMBOL        j
  X:0071H         SYMBOL        p
  D:0003H         SYMBOL        dat
  D:0006H         SYMBOL        index
  -------         ENDDO         
  C:2797H         LINE#         5309
  C:279FH         LINE#         5310
  C:279FH         LINE#         5316
  C:27B9H         LINE#         5318
  C:27BFH         LINE#         5320
  C:27C7H         LINE#         5321
  C:27C9H         LINE#         5323
  C:27D7H         LINE#         5325
  C:27E4H         LINE#         5326
  C:27EBH         LINE#         5328
  C:27EFH         LINE#         5329
  C:27EFH         LINE#         5330
  C:2804H         LINE#         5331
  C:2806H         LINE#         5332
  C:2806H         LINE#         5333
  C:2813H         LINE#         5334
  C:2813H         LINE#         5335
  C:2815H         LINE#         5336
  C:2817H         LINE#         5338
  C:2817H         LINE#         5339
  C:2821H         LINE#         5340
  C:2821H         LINE#         5341
  C:2826H         LINE#         5342
  C:2831H         LINE#         5343
  -------         ENDPROC       _DISPONECHAR
  -------         PROC          _DISPSTR
  X:005CH         SYMBOL        str
  X:005FH         SYMBOL        Xstart
  X:0061H         SYMBOL        Ystart
  X:0063H         SYMBOL        TextColor
  X:0065H         SYMBOL        BackColor
  C:2D80H         LINE#         5345
  C:2D90H         LINE#         5346
  C:2D90H         LINE#         5348
  C:2DA5H         LINE#         5349
  C:2DA5H         LINE#         5350
  C:2DE0H         LINE#         5352
  C:2DECH         LINE#         5353
BL51 BANKED LINKER/LOCATER V6.22                                                      04/20/2020  17:33:02  PAGE 35


  C:2DECH         LINE#         5354
  C:2DF0H         LINE#         5355
  C:2DF5H         LINE#         5356
  C:2DF7H         LINE#         5358
  C:2DF7H         LINE#         5359
  C:2E02H         LINE#         5360
[...]
  C:12D8H         LINE#         312
  C:12D8H         LINE#         313
  C:12D8H         LINE#         314
  C:12E3H         LINE#         315
  C:12E3H         LINE#         316
  C:12E9H         LINE#         317
  C:12F8H         LINE#         318
  C:12F8H         LINE#         319
  C:12FDH         LINE#         320
  C:1300H         LINE#         321
  C:130FH         LINE#         322
  C:130FH         LINE#         323
  C:1324H         LINE#         324
  C:1329H         LINE#         325
  C:1331H         LINE#         326
  C:133BH         LINE#         327
  C:1349H         LINE#         328
  C:1357H         LINE#         329
  C:1359H         LINE#         331
  C:1359H         LINE#         332
  C:135EH         LINE#         333
  C:1361H         LINE#         334
  C:1379H         LINE#         335
  C:1379H         LINE#         336
  C:1392H         LINE#         337
  C:1397H         LINE#         338
  C:139FH         LINE#         339
  C:13A6H         LINE#         340
  C:13ABH         LINE#         341
  C:13ABH         LINE#         342
  C:13BFH         LINE#         343
  C:13BFH         LINE#         344
  C:13C6H         LINE#         345
  C:13CBH         LINE#         346
  C:13CBH         LINE#         347
  C:13D9H         LINE#         348
  C:13D9H         LINE#         349
  -------         ENDPROC       USBXCORE_HANDLE_SETUP
  -------         PROC          USBXCORE_FORCE_STALL
  C:3996H         LINE#         356
  C:3996H         LINE#         358
  C:39A1H         LINE#         359
  C:39ACH         LINE#         360
  C:39B2H         LINE#         361
  -------         ENDPROC       USBXCORE_FORCE_STALL
  -------         PROC          USBXCORE_GET_STATUS
BL51 BANKED LINKER/LOCATER V6.22                                                      04/20/2020  17:33:02  PAGE 43


  C:3341H         LINE#         367
  C:3341H         LINE#         369
  C:3350H         LINE#         370
  C:3350H         LINE#         371
  C:3350H         LINE#         372
  C:3350H         LINE#         373
  C:3350H         LINE#         374
  C:3352H         LINE#         375
  C:3352H         LINE#         379
  C:3352H         LINE#         381
  C:3360H         LINE#         385
  C:3360H         LINE#         386
  C:3360H         LINE#         387
  C:3360H         LINE#         388
  C:3362H         LINE#         390
  C:3362H         LINE#         392
  C:3370H         LINE#         396
  C:3370H         LINE#         397
  C:337DH         LINE#         398
  C:337DH         LINE#         399
  C:337FH         LINE#         401
  C:337FH         LINE#         402
  C:338DH         LINE#         403
  C:3396H         LINE#         404
  C:3396H         LINE#         405
  C:3396H         LINE#         406
  C:3398H         LINE#         407
  C:3398H         LINE#         408
  C:339BH         LINE#         409
  C:339BH         LINE#         410
  C:339BH         LINE#         411
  C:33A3H         LINE#         412
  C:33A3H         LINE#         413
  C:33A6H         LINE#         414
  C:33ACH         LINE#         415
  C:33B3H         LINE#         416
  C:33B3H         LINE#         417
  -------         ENDPROC       USBXCORE_GET_STATUS
  -------         PROC          USBXCORE_CLEAR_FEATURE
  C:3539H         LINE#         423
  C:3539H         LINE#         425
  C:353FH         LINE#         426
  C:353FH         LINE#         428
  C:3546H         LINE#         429
  C:3546H         LINE#         430
  C:3551H         LINE#         436
  C:355CH         LINE#         437
  C:3561H         LINE#         438
  C:3563H         LINE#         440
  C:3563H         LINE#         442
  C:356EH         LINE#         446
  C:3579H         LINE#         447
  C:357EH         LINE#         448
  C:357EH         LINE#         449
  C:3580H         LINE#         451
  C:3580H         LINE#         452
  C:3583H         LINE#         453
BL51 BANKED LINKER/LOCATER V6.22                                                      04/20/2020  17:33:02  PAGE 44


  C:3583H         LINE#         454
  C:358EH         LINE#         455
  -------         ENDPROC       USBXCORE_CLEAR_FEATURE
  -------         PROC          USBXCORE_VENDOR_USB_API
  C:269AH         LINE#         462
  C:269AH         LINE#         464
  C:26A4H         LINE#         465
  C:26A4H         LINE#         466
  C:26ABH         LINE#         467
  C:26ABH         LINE#         468
  C:26AEH         LINE#         469
  C:26B1H         LINE#         470
  C:26B3H         LINE#         472
  C:26B3H         LINE#         473
  C:26BAH         LINE#         474
  C:26BAH         LINE#         477
  C:26C5H         LINE#         482
  C:26D0H         LINE#         483
  C:26DBH         LINE#         485
  C:26DBH         LINE#         486
  C:26EEH         LINE#         487
  C:26EEH         LINE#         488
  C:26F2H         LINE#         489
  C:26FDH         LINE#         491
  C:26FDH         LINE#         492
  C:2710H         LINE#         493
  C:2710H         LINE#         494
  C:2714H         LINE#         495
  C:271FH         LINE#         497
  C:2725H         LINE#         498
  C:272DH         LINE#         499
  C:272DH         LINE#         500
  C:2730H         LINE#         501
  C:2730H         LINE#         502
  C:2730H         LINE#         503
  C:273BH         LINE#         504
  C:273BH         LINE#         505
  C:2741H         LINE#         506
  C:2748H         LINE#         507
  C:2748H         LINE#         508
  C:274CH         LINE#         509
  C:274CH         LINE#         510
  C:2752H         LINE#         511
  C:2759H         LINE#         512
  C:2759H         LINE#         513
  C:2764H         LINE#         514
  -------         ENDPROC       USBXCORE_VENDOR_USB_API
  -------         PROC          USBXCORE_SET_FEATURE
  C:3591H         LINE#         521
  C:3591H         LINE#         523
  C:3597H         LINE#         524
  C:3597H         LINE#         526
  C:359EH         LINE#         527
  C:359EH         LINE#         528
  C:35A9H         LINE#         534
  C:35B4H         LINE#         535
  C:35B7H         LINE#         536
BL51 BANKED LINKER/LOCATER V6.22                                                      04/20/2020  17:33:02  PAGE 45


  C:35B9H         LINE#         538
  C:35B9H         LINE#         540
  C:35C4H         LINE#         544
  C:35CFH         LINE#         545
  C:35D5H         LINE#         546
  C:35D5H         LINE#         548
  C:35D7H         LINE#         550
  C:35D7H         LINE#         551
  C:35DAH         LINE#         552
  C:35DAH         LINE#         553
  C:35E5H         LINE#         554
  -------         ENDPROC       USBXCORE_SET_FEATURE
  -------         PROC          USBXCORE_SET_ADDRESS
  C:3957H         LINE#         561
  C:3957H         LINE#         563
  C:3966H         LINE#         564
  C:396CH         LINE#         565
  C:396CH         LINE#         566
  C:396FH         LINE#         567
  C:3971H         LINE#         569
  C:3971H         LINE#         570
  C:3974H         LINE#         571
  C:3974H         LINE#         572
  -------         ENDPROC       USBXCORE_SET_ADDRESS
  -------         PROC          USBXCORE_GET_DESCRIPTOR
  C:299CH         LINE#         579
  C:299CH         LINE#         580
  C:29ABH         LINE#         581
  C:29ABH         LINE#         582
  C:29ABH         LINE#         583
  C:29B9H         LINE#         584
  C:29BDH         LINE#         585
  C:29BFH         LINE#         586
  C:29BFH         LINE#         587
  C:29CDH         LINE#         588
  C:29E0H         LINE#         589
  C:29E2H         LINE#         590
  C:29E2H         LINE#         591
  C:2A06H         LINE#         592
  C:2A12H         LINE#         593
  C:2A14H         LINE#         594
  C:2A14H         LINE#         595
  C:2A17H         LINE#         596
  C:2A17H         LINE#         597
  C:2A17H         LINE#         598
  C:2A2DH         LINE#         599
  C:2A2DH         LINE#         600
  C:2A35H         LINE#         601
  C:2A35H         LINE#         602
  C:2A3DH         LINE#         603
  C:2A3DH         LINE#         604
  C:2A40H         LINE#         605
  C:2A46H         LINE#         606
  C:2A4DH         LINE#         607
  C:2A4DH         LINE#         608
  -------         ENDPROC       USBXCORE_GET_DESCRIPTOR
  -------         PROC          USBXCORE_GET_CONFIGURATION
BL51 BANKED LINKER/LOCATER V6.22                                                      04/20/2020  17:33:02  PAGE 46


  C:36DFH         LINE#         614
  C:36DFH         LINE#         616
  C:36E7H         LINE#         617
  C:36E7H         LINE#         618
  C:36F3H         LINE#         619
  C:36FBH         LINE#         620
  C:36FBH         LINE#         621
  C:36FFH         LINE#         622
  C:36FFH         LINE#         623
  C:370DH         LINE#         624
  C:3715H         LINE#         625
  C:3715H         LINE#         626
  C:3718H         LINE#         627
  C:371EH         LINE#         628
  C:3725H         LINE#         629
  -------         ENDPROC       USBXCORE_GET_CONFIGURATION
  -------         PROC          USBXCORE_SET_CONFIGURATION
  C:34DFH         LINE#         635
  C:34DFH         LINE#         637
  C:34E8H         LINE#         638
  C:34E8H         LINE#         639
  C:34EFH         LINE#         640
  C:34F5H         LINE#         641
  C:34FAH         LINE#         642
  C:34FCH         LINE#         644
  C:3507H         LINE#         645
  C:3512H         LINE#         646
  C:351DH         LINE#         653
  C:3528H         LINE#         654
  C:352AH         LINE#         656
  C:352AH         LINE#         657
  C:3530H         LINE#         658
  C:3534H         LINE#         659
  C:3536H         LINE#         660
  C:3536H         LINE#         661
  -------         ENDPROC       USBXCORE_SET_CONFIGURATION
  -------         PROC          USBXCORE_GET_INTERFACE
  C:38E8H         LINE#         668
  C:38E8H         LINE#         670
  C:38F6H         LINE#         671
  C:38FEH         LINE#         672
  C:3901H         LINE#         673
  C:3907H         LINE#         674
  C:390EH         LINE#         675
  -------         ENDPROC       USBXCORE_GET_INTERFACE
  -------         PROC          USBXCORE_SET_SOP
  C:39F8H         LINE#         682
  C:39F8H         LINE#         684
  C:3A00H         LINE#         685
  C:3A00H         LINE#         686
  C:3A0BH         LINE#         687
  C:3A0BH         LINE#         688
  -------         ENDPROC       USBXCORE_SET_SOP
  -------         PROC          USBXCORE_USB_ISR
  C:1E96H         LINE#         699
  C:1EB3H         LINE#         702
  C:1EB9H         LINE#         703
BL51 BANKED LINKER/LOCATER V6.22                                                      04/20/2020  17:33:02  PAGE 47


  C:1ECCH         LINE#         706
  C:1EDFH         LINE#         709
  C:1EE3H         LINE#         710
  C:1EE3H         LINE#         711
  C:1EEEH         LINE#         712
  C:1EEEH         LINE#         714
  C:1EF5H         LINE#         715
  C:1EF5H         LINE#         716
  C:1EF8H         LINE#         717
  C:1EF8H         LINE#         719
  C:1EFFH         LINE#         720
  C:1EFFH         LINE#         721
  C:1F0CH         LINE#         722
  C:1F0CH         LINE#         723
  C:1F13H         LINE#         724
  C:1F13H         LINE#         725
  C:1F13H         LINE#         727
  C:1F13H         LINE#         728
  C:1F13H         LINE#         730
  C:1F13H         LINE#         732
  C:1F26H         LINE#         734
  C:1F2AH         LINE#         735
  C:1F2AH         LINE#         736
  C:1F2DH         LINE#         737
  C:1F2DH         LINE#         740
  C:1F34H         LINE#         741
  C:1F34H         LINE#         742
  C:1F3FH         LINE#         748
  C:1F52H         LINE#         749
  C:1F57H         LINE#         750
  C:1F57H         LINE#         751
  C:1F5EH         LINE#         752
  C:1F5EH         LINE#         754
  C:1F5EH         LINE#         756
  C:1F71H         LINE#         759
  C:1F75H         LINE#         760
  C:1F75H         LINE#         761
  C:1F80H         LINE#         767
  C:1F93H         LINE#         768
  C:1F97H         LINE#         769
  C:1F97H         LINE#         770
  C:1F9EH         LINE#         771
  C:1F9EH         LINE#         772
  C:1F9EH         LINE#         775
  C:1FACH         LINE#         776
  C:1FB1H         LINE#         777
  C:1FB7H         LINE#         778
  C:1FBCH         LINE#         781
  C:1FC9H         LINE#         782
  C:1FC9H         LINE#         783
  C:1FCCH         LINE#         784
  C:1FCCH         LINE#         785
  -------         ENDPROC       USBXCORE_USB_ISR
  -------         ENDMOD        USB_API

  -------         MODULE        USB_SUSPEND
  C:0000H         SYMBOL        _ICE_DUMMY_
BL51 BANKED LINKER/LOCATER V6.22                                                      04/20/2020  17:33:02  PAGE 48


  D:00D7H         PUBLIC        USB0XCN
  D:00C9H         PUBLIC        REG0CN
  C:3896H         PUBLIC        USB_Suspend
  D:00A9H         PUBLIC        CLKSEL
  D:00B2H         PUBLIC        OSCICN
  D:00B9H         PUBLIC        CLKMUL
  -------         PROC          USB_SUSPEND
  C:3896H         LINE#         70
  C:3896H         LINE#         72
  C:3899H         LINE#         74
  C:389CH         LINE#         76
  C:38A4H         LINE#         79
  C:38A7H         LINE#         80
  C:38AAH         LINE#         81
  C:38ADH         LINE#         82
  C:38B0H         LINE#         84
  C:38B1H         LINE#         86
  C:38B4H         LINE#         88
  C:38BAH         LINE#         92
  C:38BDH         LINE#         94
  C:38C0H         LINE#         95
  -------         ENDPROC       USB_SUSPEND
  -------         ENDMOD        USB_SUSPEND

  -------         MODULE        USB_INT_ENABLE
  C:0000H         SYMBOL        _ICE_DUMMY_
  C:39B3H         PUBLIC        USB_Int_Enable
  D:0096H         PUBLIC        USB0ADR
  D:0097H         PUBLIC        USB0DAT
  -------         PROC          USB_INT_ENABLE
  C:39B3H         LINE#         68
  C:39B3H         LINE#         71
  C:39BAH         LINE#         73
  C:39C0H         LINE#         74
  C:39C0H         LINE#         75
  C:39CBH         LINE#         77
  C:39CBH         LINE#         78
  -------         ENDPROC       USB_INT_ENABLE
  -------         ENDMOD        USB_INT_ENABLE

  -------         MODULE        USB_CLOCK_RECOVERY
  C:0000H         SYMBOL        _ICE_DUMMY_
  C:3A3EH         PUBLIC        USBXcore_ClkRec
  D:0096H         PUBLIC        USB0ADR
  D:0097H         PUBLIC        USB0DAT
  -------         PROC          USBXCORE_CLKREC
  C:3A3EH         LINE#         45
  C:3A3EH         LINE#         47
  C:3A49H         LINE#         48
  -------         ENDPROC       USBXCORE_CLKREC
  -------         ENDMOD        USB_CLOCK_RECOVERY

  -------         MODULE        ?C?FPMUL
  C:0C9AH         PUBLIC        ?C?FPMUL
  -------         ENDMOD        ?C?FPMUL

  -------         MODULE        ?C?FCAST
BL51 BANKED LINKER/LOCATER V6.22                                                      04/20/2020  17:33:02  PAGE 49


  C:0DAAH         PUBLIC        ?C?FCASTC
  C:0DA5H         PUBLIC        ?C?FCASTI
  C:0DA0H         PUBLIC        ?C?FCASTL
  -------         ENDMOD        ?C?FCAST

  -------         MODULE        ?C?CASTF
  C:0DDEH         PUBLIC        ?C?CASTF
  -------         ENDMOD        ?C?CASTF

  -------         MODULE        ?C?COPY
  C:0F2FH         PUBLIC        ?C?COPY
  -------         ENDMOD        ?C?COPY

  -------         MODULE        ?C?CLDPTR
  C:0F55H         PUBLIC        ?C?CLDPTR
  -------         ENDMOD        ?C?CLDPTR

  -------         MODULE        ?C?CLDOPTR
  C:0F6EH         PUBLIC        ?C?CLDOPTR
  -------         ENDMOD        ?C?CLDOPTR

  -------         MODULE        ?C?IMUL
  C:0F9BH         PUBLIC        ?C?IMUL
  -------         ENDMOD        ?C?IMUL

  -------         MODULE        ?C?IILDX
  C:0FADH         PUBLIC        ?C?IILDX
  -------         ENDMOD        ?C?IILDX

  -------         MODULE        ?C?LMUL
  C:0FC3H         PUBLIC        ?C?LMUL
  -------         ENDMOD        ?C?LMUL

  -------         MODULE        ?C?ULDIV
  C:104EH         PUBLIC        ?C?ULDIV
  -------         ENDMOD        ?C?ULDIV

  -------         MODULE        ?C?LNEG
  C:10E0H         PUBLIC        ?C?LNEG
  -------         ENDMOD        ?C?LNEG

  -------         MODULE        ?C?ULCMP
  C:10EEH         PUBLIC        ?C?ULCMP
  -------         ENDMOD        ?C?ULCMP

  -------         MODULE        ?C?ULSHR
  C:10FFH         PUBLIC        ?C?ULSHR
  -------         ENDMOD        ?C?ULSHR

  -------         MODULE        ?C?LSHL
  C:1112H         PUBLIC        ?C?LSHL
  -------         ENDMOD        ?C?LSHL

  -------         MODULE        ?C?LLDIPDATA
  C:112EH         PUBLIC        ?C?LLDIPDATA
  C:1125H         PUBLIC        ?C?LLDIPDATA1
  C:1127H         PUBLIC        ?C?LLDIPDATA8
BL51 BANKED LINKER/LOCATER V6.22                                                      04/20/2020  17:33:02  PAGE 50


  -------         ENDMOD        ?C?LLDIPDATA

  -------         MODULE        ?C?LSTXDATA
  C:1145H         PUBLIC        ?C?LSTXDATA
  -------         ENDMOD        ?C?LSTXDATA

  -------         MODULE        ?C?LSTPDATA
  C:1151H         PUBLIC        ?C?LSTPDATA
  -------         ENDMOD        ?C?LSTPDATA

  -------         MODULE        ?C?LSTKXDATA
  C:115DH         PUBLIC        ?C?LSTKXDATA
  -------         ENDMOD        ?C?LSTKXDATA

  -------         MODULE        ?C?LSTKPDATA
  C:118EH         PUBLIC        ?C?LSTKPDATA
  -------         ENDMOD        ?C?LSTKPDATA

  -------         MODULE        ?C_PBP
  D:0008H         PUBLIC        ?C_PBP
  -------         ENDMOD        ?C_PBP

*** WARNING L14: INCOMPATIBLE MEMORY MODEL
    MODULE:  .\USBX_F34X.LIB (USB_API)
    MODEL:   SMALL

*** WARNING L14: INCOMPATIBLE MEMORY MODEL
    MODULE:  .\USBX_F34X.LIB (USB_SUSPEND)
    MODEL:   SMALL

*** WARNING L14: INCOMPATIBLE MEMORY MODEL
    MODULE:  .\USBX_F34X.LIB (USB_INT_ENABLE)
    MODEL:   SMALL

*** WARNING L14: INCOMPATIBLE MEMORY MODEL
    MODULE:  .\USBX_F34X.LIB (USB_CLOCK_RECOVERY)
    MODEL:   SMALL

*** WARNING L16: UNCALLED SEGMENT, IGNORED FOR OVERLAY PROCESS
    SEGMENT: ?PR?SD_INIT?MMC_SD

*** WARNING L16: UNCALLED SEGMENT, IGNORED FOR OVERLAY PROCESS
    SEGMENT: ?PR?_DISPPICFROMSD?LCD

*** WARNING L16: UNCALLED SEGMENT, IGNORED FOR OVERLAY PROCESS
    SEGMENT: ?PR?DISPSCALEHOR1?LCD

*** WARNING L16: UNCALLED SEGMENT, IGNORED FOR OVERLAY PROCESS
    SEGMENT: ?PR?DISPSCALEVER?LCD

*** WARNING L16: UNCALLED SEGMENT, IGNORED FOR OVERLAY PROCESS
    SEGMENT: ?PR?DISPSCALEVER_RED?LCD

*** WARNING L16: UNCALLED SEGMENT, IGNORED FOR OVERLAY PROCESS
    SEGMENT: ?PR?DISPSCALEVER_GREEN?LCD

*** WARNING L16: UNCALLED SEGMENT, IGNORED FOR OVERLAY PROCESS
BL51 BANKED LINKER/LOCATER V6.22                                                      04/20/2020  17:33:02  PAGE 51


    SEGMENT: ?PR?DISPSCALEVER_BLUE?LCD

*** WARNING L16: UNCALLED SEGMENT, IGNORED FOR OVERLAY PROCESS
    SEGMENT: ?PR?DISPSCALEVER_GRAY?LCD

*** WARNING L16: UNCALLED SEGMENT, IGNORED FOR OVERLAY PROCESS
    SEGMENT: ?PR?DISPGRAYHOR32?LCD

*** WARNING L16: UNCALLED SEGMENT, IGNORED FOR OVERLAY PROCESS
    SEGMENT: ?PR?DISPSCALEHOR2?LCD

*** WARNING L16: UNCALLED SEGMENT, IGNORED FOR OVERLAY PROCESS
    SEGMENT: ?PR?_DRAWGIRD?LCD

*** WARNING L15: MULTIPLE CALL TO SEGMENT
    SEGMENT: ?PR?_WRITECOMM?LCD
    CALLER1: ?PR?USB_API_TEST_ISR?MAIN
    CALLER2: ?C_C51STARTUP

*** WARNING L15: MULTIPLE CALL TO SEGMENT
    SEGMENT: ?PR?_WRITEDATA?LCD
    CALLER1: ?PR?USB_API_TEST_ISR?MAIN
    CALLER2: ?C_C51STARTUP

Program Size: data=10.0 xdata=1212 code=14944
LINK/LOCATE RUN COMPLETE.  17 WARNING(S),  0 ERROR(S)
