BL51 BANKED LINKER/LOCATER V6.22                                                        12/07/2018  15:12:48  PAGE 1


BL51 BANKED LINKER/LOCATER V6.22, INVOKED BY:
C:\KEIL\C51\BIN\BL51.EXE main.obj, mmc_sd.obj, lcd.obj, tp.obj, .\USBX_F34X.LIB TO ILI9225G_ID_IVO22_4W1L RAMSIZE (256)


MEMORY MODEL: SMALL WITH FLOATING POINT ARITHMETIC


INPUT MODULES INCLUDED:
  main.obj (MAIN)
  mmc_sd.obj (MMC_SD)
  lcd.obj (LCD)
  tp.obj (TP)
  .\USBX_F34X.LIB (USB_API)
  .\USBX_F34X.LIB (USB_CLOCK_START)
  .\USBX_F34X.LIB (USB_SUSPEND)
  .\USBX_F34X.LIB (GET_INTERRUPT_SOURCE)
  .\USBX_F34X.LIB (BLOCK_READ)
  .\USBX_F34X.LIB (BLOCK_WRITE)
  .\USBX_F34X.LIB (USB_INT_ENABLE)
  .\USBX_F34X.LIB (USB_CLOCK_RECOVERY)
  .\USBX_F34X.LIB (USB_JUMP_ISR)
  C:\KEIL\C51\LIB\C51FPS.LIB (?C?FPMUL)
  C:\KEIL\C51\LIB\C51FPS.LIB (?C?FCAST)
  C:\KEIL\C51\LIB\C51FPS.LIB (?C?CASTF)
  C:\KEIL\C51\LIB\C51FPS.LIB (?C?FPGETOPN)
  C:\KEIL\C51\LIB\C51S.LIB (?C_STARTUP)
  C:\KEIL\C51\LIB\C51S.LIB (?C?COPY)
  C:\KEIL\C51\LIB\C51S.LIB (?C?CLDPTR)
  C:\KEIL\C51\LIB\C51S.LIB (?C?CLDOPTR)
  C:\KEIL\C51\LIB\C51S.LIB (?C?IMUL)
  C:\KEIL\C51\LIB\C51S.LIB (?C?IILDX)
  C:\KEIL\C51\LIB\C51S.LIB (?C?LMUL)
  C:\KEIL\C51\LIB\C51S.LIB (?C?ULDIV)
  C:\KEIL\C51\LIB\C51S.LIB (?C?LNEG)
  C:\KEIL\C51\LIB\C51S.LIB (?C?ULCMP)
  C:\KEIL\C51\LIB\C51S.LIB (?C?ULSHR)
  C:\KEIL\C51\LIB\C51S.LIB (?C?LSHL)
  C:\KEIL\C51\LIB\C51S.LIB (?C?LLDIIDATA)
  C:\KEIL\C51\LIB\C51S.LIB (?C?LSTXDATA)
  C:\KEIL\C51\LIB\C51S.LIB (?C?LSTKXDATA)
  C:\KEIL\C51\LIB\C51S.LIB (?C_IBP)
  C:\KEIL\C51\LIB\C51S.LIB (?C_INIT)


LINK MAP OF MODULE:  ILI9225G_ID_IVO22_4W1L (MAIN)


            TYPE    BASE      LENGTH    RELOCATION   SEGMENT NAME
            -----------------------------------------------------

            * * * * * * *   D A T A   M E M O R Y   * * * * * * *
            REG     0000H     0008H     ABSOLUTE     "REG BANK 0"
            DATA    0008H     0023H     UNIT         _DATA_GROUP_
            DATA    002BH     0010H     UNIT         ?DT?MAIN
            DATA    003BH     000CH     UNIT         ?DT?_DISPPICFROMSD?LCD
            DATA    0047H     000AH     UNIT         ?DT?_DRAWLINE?LCD
            DATA    0051H     0004H     UNIT         ?DT?_MMC_SD_READSINGLEBLOCK?MMC_SD
            DATA    0055H     0004H     UNIT         ?DT?DISPSCALEHOR1?LCD
BL51 BANKED LINKER/LOCATER V6.22                                                      12/07/2018  15:12:48  PAGE 2


            DATA    0059H     0004H     UNIT         ?DT?DISPSCALEVER?LCD
            DATA    005DH     0004H     UNIT         ?DT?DISPSCALEVER_RED?LCD
            DATA    0061H     0004H     UNIT         ?DT?DISPSCALEVER_GREEN?LCD
            DATA    0065H     0004H     UNIT         ?DT?DISPSCALEVER_GRAY?LCD
            DATA    0069H     0004H     UNIT         ?DT?DISPGRAYHOR32?LCD
            DATA    006DH     0004H     UNIT         ?DT?_DRAWGIRD?LCD
            DATA    0071H     0003H     UNIT         ?DT?_DISPREGVALUE?LCD
            DATA    0074H     0002H     UNIT         ?DT?DISPSCALEVER_BLUE?LCD
            DATA    0076H     0002H     UNIT         ?DT?LCD
            DATA    0078H     0001H     UNIT         ?C?LIB_DATA
            IDATA   0079H     0001H     UNIT         ?STACK

            * * * * * * *  X D A T A   M E M O R Y  * * * * * * *
            XDATA   0000H     0200H     UNIT         ?XD?MMC_SD
            XDATA   0200H     0058H     UNIT         _XDATA_GROUP_
            XDATA   0258H     0040H     UNIT         ?XD?MAIN
                    0298H     03A8H                  *** GAP ***
            XDATA   0640H     0100H     ABSOLUTE     
            XDATA   0740H     0012H     ABSOLUTE     
            XDATA   0752H     0020H     ABSOLUTE     
            XDATA   0772H     000CH     ABSOLUTE     
            XDATA   077EH     0008H     ABSOLUTE     
            XDATA   0786H     0001H     ABSOLUTE     
            XDATA   0787H     0003H     ABSOLUTE     
            XDATA   078AH     0002H     ABSOLUTE     
            XDATA   078CH     0002H     ABSOLUTE     
            XDATA   078EH     0003H     ABSOLUTE     
            XDATA   0791H     0001H     ABSOLUTE     
            XDATA   0792H     0001H     ABSOLUTE     
            XDATA   0793H     0001H     ABSOLUTE     
            XDATA   0794H     0001H     ABSOLUTE     
            XDATA   0795H     0002H     ABSOLUTE     
            XDATA   0797H     0002H     ABSOLUTE     
            XDATA   0799H     0001H     ABSOLUTE     
            XDATA   079AH     0001H     ABSOLUTE     
            XDATA   079BH     0001H     ABSOLUTE     
            XDATA   079CH     0001H     ABSOLUTE     
            XDATA   079DH     0001H     ABSOLUTE     
            XDATA   079EH     0001H     ABSOLUTE     
            XDATA   079FH     0002H     ABSOLUTE     
            XDATA   07A1H     0001H     ABSOLUTE     
            XDATA   07A2H     0001H     ABSOLUTE     
            XDATA   07A3H     000CH     ABSOLUTE     
                    07AFH     0011H                  *** GAP ***
            XDATA   07C0H     0040H     ABSOLUTE     

            * * * * * * *   C O D E   M E M O R Y   * * * * * * *
            CODE    0000H     0003H     ABSOLUTE     
            CODE    0003H     003EH     UNIT         ?PR?_WRITEDISPDATA?LCD
                    0041H     0002H                  *** GAP ***
            CODE    0043H     0003H     ABSOLUTE     
            CODE    0046H     0042H     UNIT         ?PR?MCU_INIT?MAIN
            CODE    0088H     0003H     UNIT         ?PR?SUSPEND_DEVICE?MAIN
            CODE    008BH     0003H     ABSOLUTE     
            CODE    008EH     0600H     UNIT         ?CO?LCD
            CODE    068EH     05A0H     UNIT         ?PR?CONNTOUSB?MAIN
            CODE    0C2EH     04E8H     UNIT         ?C?LIB_CODE
BL51 BANKED LINKER/LOCATER V6.22                                                      12/07/2018  15:12:48  PAGE 3


            CODE    1116H     0233H     UNIT         ?PR?USBXCORE_HANDLE_SETUP?USB_API
            CODE    1349H     01CDH     UNIT         ?PR?DISPSCALEHOR1?LCD
            CODE    1516H     01ACH     UNIT         ?PR?LCD_INIT?LCD
            CODE    16C2H     01A5H     UNIT         ?PR?TP_DRAWLINE?TP
            CODE    1867H     0151H     UNIT         ?PR?USBXCORE_USB_ISR?USB_API
            CODE    19B8H     013CH     UNIT         ?PR?DISPSCALEHOR2?LCD
            CODE    1AF4H     0137H     UNIT         ?PR?_USB_INIT?USB_API
            CODE    1C2BH     0128H     UNIT         ?PR?_LCD_READ_IC_ID?LCD
            CODE    1D53H     0121H     UNIT         ?PR?DISPBAND?LCD
            CODE    1E74H     011BH     UNIT         ?PR?_TP_GETPOSITION?TP
            CODE    1F8FH     0111H     UNIT         ?PR?_BLOCK_WRITE?BLOCK_WRITE
            CODE    20A0H     010EH     UNIT         ?PR?USB_API_TEST_ISR?MAIN
            CODE    21AEH     0104H     UNIT         ?PR?DISPSCALEVER?LCD
            CODE    22B2H     00CDH     UNIT         ?PR?USBXCORE_VENDOR_USB_API?USB_API
            CODE    237FH     00BAH     UNIT         ?PR?_?BLOCKWRITE?LCD
            CODE    2439H     00B4H     UNIT         ?PR?_DISPPICFROMSD?LCD
            CODE    24EDH     00B3H     UNIT         ?PR?MMC_SD_RESET?MMC_SD
            CODE    25A0H     00B2H     UNIT         ?PR?USBXCORE_GET_DESCRIPTOR?USB_API
            CODE    2652H     00AFH     UNIT         ?PR?_BLOCK_READ?BLOCK_READ
            CODE    2701H     00A4H     UNIT         ?PR?_DISPONECHAR?LCD
            CODE    27A5H     0097H     UNIT         ?PR?DISPFRAME?LCD
            CODE    283CH     0095H     UNIT         ?PR?_DISPINT?LCD
            CODE    28D1H     008EH     UNIT         ?PR?DISPSCALEVER_GREEN?LCD
            CODE    295FH     008CH     UNIT         ?C_C51STARTUP
            CODE    29EBH     0089H     UNIT         ?PR?DISPGRAYHOR16?LCD
            CODE    2A74H     0082H     UNIT         ?PR?_DISPSTR?LCD
            CODE    2AF6H     007FH     UNIT         ?PR?DISPSCALEVER_RED?LCD
            CODE    2B75H     007FH     UNIT         ?PR?DISPSCALEVER_GRAY?LCD
            CODE    2BF4H     007EH     UNIT         ?PR?_MMC_SD_WRITESINGLEBLOCK?MMC_SD
            CODE    2C72H     0075H     UNIT         ?PR?_DRAWGIRD?LCD
            CODE    2CE7H     0073H     UNIT         ?PR?TP_READ?TP
            CODE    2D5AH     0073H     UNIT         ?PR?USBXCORE_GET_STATUS?USB_API
            CODE    2DCDH     006CH     UNIT         ?PR?DEVICES_INIT?MAIN
            CODE    2E39H     006AH     UNIT         ?PR?DISPGRAYHOR32?LCD
            CODE    2EA3H     0065H     UNIT         ?PR?_MMC_SD_READSINGLEBLOCK?MMC_SD
            CODE    2F08H     0064H     UNIT         ?PR?DISPSCALEVER_BLUE?LCD
            CODE    2F6CH     0064H     UNIT         ?PR?_DRAWLINE?LCD
            CODE    2FD0H     0061H     UNIT         ?PR?_MMC_SD_SENDCOMMAND?MMC_SD
            CODE    3031H     005BH     UNIT         ?PR?_TOORD?LCD
            CODE    308CH     005AH     UNIT         ?PR?USBXCORE_SET_CONFIGURATION?USB_API
            CODE    30E6H     0058H     UNIT         ?PR?USBXCORE_CLEAR_FEATURE?USB_API
            CODE    313EH     0057H     UNIT         ?PR?USBXCORE_SET_FEATURE?USB_API
            CODE    3195H     0050H     UNIT         ?CO?MAIN
            CODE    31E5H     004CH     UNIT         ?PR?_STOPDELAY?MAIN
            CODE    3231H     004AH     UNIT         ?PR?_WRITECOMM?LCD
            CODE    327BH     0049H     UNIT         ?PR?_WRITEDATA?LCD
            CODE    32C4H     0047H     UNIT         ?PR?USBXCORE_GET_CONFIGURATION?USB_API
            CODE    330BH     0046H     UNIT         ?PR?MAIN?MAIN
            CODE    3351H     0042H     UNIT         ?PR?_PUTPIXEL?LCD
            CODE    3393H     003AH     UNIT         ?CO?USB_API
            CODE    33CDH     0038H     UNIT         ?PR?USB_CLOCK_START?USB_CLOCK_START
            CODE    3405H     002BH     UNIT         ?PR?USB_SUSPEND?USB_SUSPEND
            CODE    3430H     0029H     UNIT         ?C_INITSEG
            CODE    3459H     0028H     UNIT         ?PR?_DISPCOLOR?LCD
            CODE    3481H     0027H     UNIT         ?PR?USBXCORE_USB_RESET?USB_API
            CODE    34A8H     0027H     UNIT         ?PR?USBXCORE_GET_INTERFACE?USB_API
            CODE    34CFH     0026H     UNIT         ?PR?_TP_WRITE?TP
BL51 BANKED LINKER/LOCATER V6.22                                                      12/07/2018  15:12:48  PAGE 4


            CODE    34F5H     0022H     UNIT         ?PR?READDATA?LCD
            CODE    3517H     0022H     UNIT         ?PR?USBXCORE_JUMP_ISR?USB_JUMP_ISR
            CODE    3539H     0020H     UNIT         ?PR?USBXCORE_SET_ADDRESS?USB_API
            CODE    3559H     001FH     UNIT         ?PR?_DELAY?MAIN
            CODE    3578H     001DH     UNIT         ?PR?USBXCORE_FORCE_STALL?USB_API
            CODE    3595H     0019H     UNIT         ?PR?USB_INT_ENABLE?USB_INT_ENABLE
            CODE    35AEH     0016H     UNIT         ?PR?_SPI_WRITEBYTE?MMC_SD
            CODE    35C4H     0014H     UNIT         ?PR?USBXCORE_SET_SOP?USB_API
            CODE    35D8H     0013H     UNIT         ?PR?WAITKEY?MAIN
            CODE    35EBH     0011H     UNIT         ?PR?SD_INIT?MMC_SD
            CODE    35FCH     000EH     UNIT         ?PR?GET_INTERRUPT_SOURCE?GET_INTERRUPT_SOURCE
            CODE    360AH     000CH     UNIT         ?PR?USBXCORE_CLKREC?USB_CLOCK_RECOVERY
            CODE    3616H     000BH     UNIT         ?PR?SPI_READBYTE?MMC_SD
            CODE    3621H     0009H     UNIT         ?PR?_WRITEONEDOT?LCD
            CODE    362AH     0007H     UNIT         ?PR?_DISPREGVALUE?LCD



OVERLAY MAP OF MODULE:   ILI9225G_ID_IVO22_4W1L (MAIN)


SEGMENT                                            DATA_GROUP          XDATA_GROUP
  +--> CALLED SEGMENT                            START    LENGTH     START    LENGTH
------------------------------------------------------------------------------------
?PR?USB_API_TEST_ISR?MAIN                        0008H    0001H      -----    -----
  +--> ?PR?GET_INTERRUPT_SOURCE?GET_INTERRUP...
  +--> ?PR?_BLOCK_READ?BLOCK_READ
  +--> ?PR?SUSPEND_DEVICE?MAIN
  +--> ?PR?MCU_INIT?MAIN
  +--> ?PR?_?BLOCKWRITE?LCD

?PR?SUSPEND_DEVICE?MAIN                          -----    -----      -----    -----
  +--> ?PR?USB_SUSPEND?USB_SUSPEND

?PR?USB_SUSPEND?USB_SUSPEND                      -----    -----      -----    -----
  +--> ?PR?USB_CLOCK_START?USB_CLOCK_START

?PR?_?BLOCKWRITE?LCD                             -----    -----      -----    -----
  +--> ?PR?_WRITECOMM?LCD
  +--> ?PR?_WRITEDATA?LCD

?PR?_WRITEDATA?LCD                               -----    -----      -----    -----
  +--> ?PR?_WRITECOMM?LCD

*** NEW ROOT ***************************************************

?PR?USBXCORE_USB_ISR?USB_API                     -----    -----      -----    -----
  +--> ?PR?USBXCORE_USB_RESET?USB_API
  +--> ?PR?USBXCORE_HANDLE_SETUP?USB_API
  +--> ?PR?USBXCORE_JUMP_ISR?USB_JUMP_ISR

?PR?USBXCORE_HANDLE_SETUP?USB_API                -----    -----      -----    -----
  +--> ?PR?USBXCORE_GET_STATUS?USB_API
  +--> ?PR?USBXCORE_CLEAR_FEATURE?USB_API
  +--> ?PR?USBXCORE_VENDOR_USB_API?USB_API
  +--> ?PR?USBXCORE_SET_FEATURE?USB_API
  +--> ?PR?USBXCORE_SET_ADDRESS?USB_API
BL51 BANKED LINKER/LOCATER V6.22                                                      12/07/2018  15:12:48  PAGE 5


  +--> ?PR?USBXCORE_GET_DESCRIPTOR?USB_API
  +--> ?PR?USBXCORE_GET_CONFIGURATION?USB_API
  +--> ?PR?USBXCORE_SET_CONFIGURATION?USB_API
  +--> ?PR?USBXCORE_GET_INTERFACE?USB_API
  +--> ?PR?USBXCORE_SET_SOP?USB_API
  +--> ?PR?USBXCORE_FORCE_STALL?USB_API

?PR?USBXCORE_GET_STATUS?USB_API                  -----    -----      -----    -----
  +--> ?CO?USB_API
  +--> ?PR?USBXCORE_FORCE_STALL?USB_API
  +--> ?PR?USBXCORE_SET_SOP?USB_API

?PR?USBXCORE_CLEAR_FEATURE?USB_API               -----    -----      -----    -----
  +--> ?PR?USBXCORE_FORCE_STALL?USB_API
  +--> ?PR?USBXCORE_SET_SOP?USB_API

?PR?USBXCORE_VENDOR_USB_API?USB_API              -----    -----      -----    -----
  +--> ?PR?USBXCORE_SET_SOP?USB_API

?PR?USBXCORE_SET_FEATURE?USB_API                 -----    -----      -----    -----
  +--> ?PR?USBXCORE_FORCE_STALL?USB_API
  +--> ?PR?USBXCORE_SET_SOP?USB_API

?PR?USBXCORE_SET_ADDRESS?USB_API                 -----    -----      -----    -----
  +--> ?PR?USBXCORE_SET_SOP?USB_API

?PR?USBXCORE_GET_DESCRIPTOR?USB_API              -----    -----      -----    -----
  +--> ?PR?USBXCORE_FORCE_STALL?USB_API
  +--> ?PR?USBXCORE_SET_SOP?USB_API

?PR?USBXCORE_GET_CONFIGURATION?USB_API           -----    -----      -----    -----
  +--> ?CO?USB_API
  +--> ?PR?USBXCORE_SET_SOP?USB_API

?PR?USBXCORE_SET_CONFIGURATION?USB_API           -----    -----      -----    -----
  +--> ?PR?USBXCORE_SET_SOP?USB_API

?PR?USBXCORE_GET_INTERFACE?USB_API               -----    -----      -----    -----
  +--> ?CO?USB_API
  +--> ?PR?USBXCORE_SET_SOP?USB_API

*** NEW ROOT ***************************************************

?C_C51STARTUP                                    -----    -----      -----    -----
  +--> ?PR?MAIN?MAIN
  +--> ?C_INITSEG

?PR?MAIN?MAIN                                    0009H    0001H      -----    -----
  +--> ?PR?DEVICES_INIT?MAIN
  +--> ?PR?DISPFRAME?LCD
  +--> ?PR?_STOPDELAY?MAIN
  +--> ?PR?_DISPINT?LCD
  +--> ?PR?DISPBAND?LCD
  +--> ?PR?DISPGRAYHOR16?LCD
  +--> ?PR?_DISPCOLOR?LCD
  +--> ?PR?TP_DRAWLINE?TP

BL51 BANKED LINKER/LOCATER V6.22                                                      12/07/2018  15:12:48  PAGE 6


?PR?DEVICES_INIT?MAIN                            -----    -----      -----    -----
  +--> ?PR?MCU_INIT?MAIN
  +--> ?PR?USB_CLOCK_START?USB_CLOCK_START
  +--> ?CO?MAIN
  +--> ?PR?_USB_INIT?USB_API
  +--> ?PR?USB_INT_ENABLE?USB_INT_ENABLE
  +--> ?PR?LCD_INIT?LCD

?PR?_USB_INIT?USB_API                            -----    -----      0200H    0011H
  +--> ?CO?USB_API
  +--> ?PR?USBXCORE_CLKREC?USB_CLOCK_RECOVERY

?PR?LCD_INIT?LCD                                 -----    -----      -----    -----
  +--> ?PR?READDATA?LCD
  +--> ?PR?_DELAY?MAIN
  +--> ?PR?_WRITECOMM?LCD
  +--> ?PR?_WRITEDATA?LCD

?PR?READDATA?LCD                                 -----    -----      -----    -----
  +--> ?PR?_WRITECOMM?LCD
  +--> ?PR?_WRITEDATA?LCD
  +--> ?PR?_LCD_READ_IC_ID?LCD

?PR?_LCD_READ_IC_ID?LCD                          0013H    0007H      -----    -----

?PR?DISPFRAME?LCD                                -----    -----      -----    -----
  +--> ?PR?_?BLOCKWRITE?LCD
  +--> ?PR?_WRITEDISPDATA?LCD

?PR?_STOPDELAY?MAIN                              000AH    0004H      -----    -----
  +--> ?PR?WAITKEY?MAIN
  +--> ?PR?_DELAY?MAIN

?PR?WAITKEY?MAIN                                 -----    -----      -----    -----
  +--> ?PR?CONNTOUSB?MAIN
  +--> ?PR?_DELAY?MAIN

?PR?CONNTOUSB?MAIN                               000EH    0005H      0200H    0058H
  +--> ?CO?MAIN
  +--> ?PR?_WRITECOMM?LCD
  +--> ?PR?_WRITEDATA?LCD
  +--> ?PR?_DISPSTR?LCD
  +--> ?PR?_DISPINT?LCD
  +--> ?PR?_WRITEDISPDATA?LCD
  +--> ?PR?_MMC_SD_WRITESINGLEBLOCK?MMC_SD
  +--> ?PR?_BLOCK_WRITE?BLOCK_WRITE
  +--> ?PR?READDATA?LCD
  +--> ?PR?_DELAY?MAIN

?PR?_DISPSTR?LCD                                 0013H    000BH      -----    -----
  +--> ?PR?_TOORD?LCD
  +--> ?PR?_DISPONECHAR?LCD

?PR?_DISPONECHAR?LCD                             001EH    000DH      -----    -----
  +--> ?PR?_?BLOCKWRITE?LCD
  +--> ?CO?LCD
  +--> ?PR?_WRITEONEDOT?LCD
BL51 BANKED LINKER/LOCATER V6.22                                                      12/07/2018  15:12:48  PAGE 7



?PR?_WRITEONEDOT?LCD                             -----    -----      -----    -----
  +--> ?PR?_WRITEDISPDATA?LCD

?PR?_DISPINT?LCD                                 0013H    000AH      -----    -----
  +--> ?PR?_DISPONECHAR?LCD

?PR?_MMC_SD_WRITESINGLEBLOCK?MMC_SD              0013H    0004H      -----    -----
  +--> ?PR?_MMC_SD_SENDCOMMAND?MMC_SD
  +--> ?PR?_SPI_WRITEBYTE?MMC_SD

?PR?_MMC_SD_SENDCOMMAND?MMC_SD                   0017H    0005H      -----    -----
  +--> ?PR?_SPI_WRITEBYTE?MMC_SD

?PR?DISPBAND?LCD                                 000AH    0004H      -----    -----
  +--> ?PR?_?BLOCKWRITE?LCD
  +--> ?PR?_WRITEDISPDATA?LCD

?PR?DISPGRAYHOR16?LCD                            000AH    0004H      -----    -----
  +--> ?PR?_?BLOCKWRITE?LCD
  +--> ?PR?_WRITEDISPDATA?LCD

?PR?_DISPCOLOR?LCD                               000AH    0001H      -----    -----
  +--> ?PR?_?BLOCKWRITE?LCD
  +--> ?PR?_WRITEDISPDATA?LCD

?PR?TP_DRAWLINE?TP                               -----    -----      0200H    0018H
  +--> ?PR?_DELAY?MAIN
  +--> ?PR?_TP_GETPOSITION?TP
  +--> ?PR?_PUTPIXEL?LCD
  +--> ?PR?_DISPCOLOR?LCD

?PR?_TP_GETPOSITION?TP                           -----    -----      0218H    001BH
  +--> ?PR?_TP_WRITE?TP
  +--> ?PR?TP_READ?TP

?PR?_TP_WRITE?TP                                 -----    -----      0233H    0001H

?PR?TP_READ?TP                                   -----    -----      0233H    0005H

?PR?_PUTPIXEL?LCD                                000AH    0002H      -----    -----
  +--> ?PR?_?BLOCKWRITE?LCD
  +--> ?PR?_WRITEDISPDATA?LCD



SYMBOL TABLE OF MODULE:  ILI9225G_ID_IVO22_4W1L (MAIN)

  VALUE           TYPE          NAME
  ----------------------------------

  -------         MODULE        MAIN
  C:0000H         SYMBOL        _ICE_DUMMY_
  D:0080H         PUBLIC        P0
  D:002BH         PUBLIC        f_down
  D:0090H         PUBLIC        P1
  D:00A0H         PUBLIC        P2
BL51 BANKED LINKER/LOCATER V6.22                                                      12/07/2018  15:12:48  PAGE 8


  D:00B0H         PUBLIC        P3
  C:31E0H         PUBLIC        USB_MaxPower
  B:00B0H.6       PUBLIC        KEY_STEP
  D:00A4H         PUBLIC        P0MDOUT
  D:00A5H         PUBLIC        P1MDOUT
  D:00A6H         PUBLIC        P2MDOUT
  D:00A7H         PUBLIC        P3MDOUT
  D:00AEH         PUBLIC        P4MDOUT
  B:0080H.6       PUBLIC        OE
  D:00D9H         PUBLIC        PCA0MD
  C:20A0H         PUBLIC        USB_API_TEST_ISR
  C:0088H         PUBLIC        Suspend_Device
  C:31E9H         PUBLIC        _StopDelay
  D:00E1H         PUBLIC        XBR0
  D:00E2H         PUBLIC        XBR1
  B:00B0H.1       PUBLIC        RS
  C:330BH         PUBLIC        main
  D:002CH         PUBLIC        VerifyCode0
  D:002DH         PUBLIC        VerifyCode1
  C:31AAH         PUBLIC        USB_PID
  D:002EH         PUBLIC        VerifyCode2
  D:00F1H         PUBLIC        P0MDIN
  D:00F2H         PUBLIC        P1MDIN
  C:31ACH         PUBLIC        USB_MfrStr
  D:00F4H         PUBLIC        P3MDIN
  C:31A8H         PUBLIC        USB_VID
  D:00F8H         PUBLIC        SPI0CN
  D:002FH         PUBLIC        pic
  C:2DCDH         PUBLIC        Devices_Init
  C:068EH         PUBLIC        ConnToUSB
  D:00A9H         PUBLIC        CLKSEL
  D:00B2H         PUBLIC        OSCICN
  C:31E1H         PUBLIC        USB_PwAttributes
  C:35D8H         PUBLIC        WaitKey
  C:31E4H         SYMBOL        _?ix1000
  B:00B0H.0       PUBLIC        CS0
  D:0030H         PUBLIC        bf
  C:31E2H         PUBLIC        USB_bcdDevice
  D:00B9H         PUBLIC        CLKMUL
  D:0032H         PUBLIC        f_debug
  D:0033H         PUBLIC        sd
  X:0258H         PUBLIC        Packet
  C:0046H         PUBLIC        MCU_Init
  B:0080H.7       PUBLIC        DIR
  D:00EFH         PUBLIC        RSTSRC
  D:0037H         PUBLIC        f_read
  C:31D6H         PUBLIC        USB_SerialStr
  D:0038H         PUBLIC        f_other
  C:31C6H         PUBLIC        USB_ProductStr
  D:0039H         PUBLIC        f_para
  D:00A1H         PUBLIC        SPI0CFG
  C:3559H         PUBLIC        _Delay
  B:00B0H.7       PUBLIC        KEY_Stop
  D:003AH         PUBLIC        f_init
  -------         PROC          MAIN
  -------         DO            
  D:0009H         SYMBOL        n
BL51 BANKED LINKER/LOCATER V6.22                                                      12/07/2018  15:12:48  PAGE 9


  -------         ENDDO         
  C:330BH         LINE#         40
  C:330BH         LINE#         41
  C:330BH         LINE#         46
  C:330EH         LINE#         48
  C:3311H         LINE#         49
  C:3311H         LINE#         53
  C:3317H         LINE#         54
  C:3336H         LINE#         58
  C:333CH         LINE#         59
  C:3342H         LINE#         60
  C:334BH         LINE#         64
  C:334EH         LINE#         66
  C:3350H         LINE#         67
  -------         ENDPROC       MAIN
  -------         PROC          _DELAY
  D:0006H         SYMBOL        dly
  -------         DO            
  D:0004H         SYMBOL        i
  D:0002H         SYMBOL        j
  -------         ENDDO         
  C:3559H         LINE#         70
  C:3559H         LINE#         71
  C:3559H         LINE#         74
  C:3563H         LINE#         75
  C:3577H         LINE#         76
  -------         ENDPROC       _DELAY
  C:31E5H         SYMBOL        L?0133
  -------         PROC          L?0132
  -------         ENDPROC       L?0132
  C:31E5H         SYMBOL        L?0133
  -------         PROC          _STOPDELAY
  D:000AH         SYMBOL        sdly
  -------         DO            
  D:0006H         SYMBOL        i
  D:0004H         SYMBOL        j
  D:000CH         SYMBOL        k
  -------         ENDDO         
  C:31E9H         LINE#         78
  C:31EDH         LINE#         79
  C:31EDH         LINE#         81
  C:31F2H         LINE#         82
  C:31F2H         LINE#         83
  C:31F5H         LINE#         84
  C:31F5H         LINE#         85
  C:3201H         LINE#         86
  C:3215H         LINE#         87
  C:3215H         LINE#         89
  C:3215H         LINE#         90
  C:321FH         LINE#         91
  C:321FH         LINE#         92
  C:3230H         LINE#         93
  -------         ENDPROC       _STOPDELAY
  -------         PROC          WAITKEY
  C:35D8H         LINE#         122
  C:35D8H         LINE#         123
  C:35D8H         LINE#         125
BL51 BANKED LINKER/LOCATER V6.22                                                      12/07/2018  15:12:48  PAGE 10


  C:35DBH         LINE#         126
  C:35DBH         LINE#         128
  C:35DEH         LINE#         130
  C:35E0H         LINE#         131
  C:35E7H         LINE#         132
  C:35EAH         LINE#         134
  -------         ENDPROC       WAITKEY
  -------         PROC          CONNTOUSB
  -------         DO            
  D:000EH         SYMBOL        i
  X:0200H         SYMBOL        reg_data
  X:0218H         SYMBOL        para_data
  D:0007H         SYMBOL        dat
  D:000FH         SYMBOL        reg_index
  D:0011H         SYMBOL        data_num
  D:0012H         SYMBOL        st
  -------         ENDDO         
  C:068EH         LINE#         139
  C:068EH         LINE#         140
  C:068EH         LINE#         147
  C:06A1H         LINE#         149
  C:06A8H         LINE#         150
  C:06A8H         LINE#         151
  C:06ABH         LINE#         152
  C:06ABH         LINE#         153
  C:06BDH         LINE#         154
  C:06BDH         LINE#         155
  C:06E4H         LINE#         156
  C:06E6H         LINE#         157
  C:06FAH         LINE#         158
  C:06FAH         LINE#         159
  C:0721H         LINE#         161
  C:0721H         LINE#         162
  C:0721H         LINE#         163
  C:0721H         LINE#         165
  C:0721H         LINE#         166
  C:072AH         LINE#         167
  C:0734H         LINE#         168
  C:073EH         LINE#         170
  C:0759H         LINE#         172
  C:0763H         LINE#         173
  C:0763H         LINE#         174
  C:0766H         LINE#         175
  C:0766H         LINE#         176
  C:0778H         LINE#         177
  C:0778H         LINE#         178
  C:07CAH         LINE#         179
  C:07CCH         LINE#         180
  C:07E0H         LINE#         181
  C:07E0H         LINE#         182
  C:0833H         LINE#         183
  C:0833H         LINE#         184
  C:0833H         LINE#         185
  C:0833H         LINE#         187
  C:0833H         LINE#         188
  C:083FH         LINE#         189
  C:083FH         LINE#         190
BL51 BANKED LINKER/LOCATER V6.22                                                      12/07/2018  15:12:48  PAGE 11


  C:0849H         LINE#         191
  C:0853H         LINE#         193
  C:0856H         LINE#         194
  C:0859H         LINE#         198
  C:0860H         LINE#         199
  C:0860H         LINE#         200
  C:086DH         LINE#         201
  C:086DH         LINE#         202
  C:086FH         LINE#         204
  C:0871H         LINE#         205
  C:088EH         LINE#         206
  C:0890H         LINE#         208
  C:08B3H         LINE#         209
  C:08D6H         LINE#         210
  C:08DFH         LINE#         211
  C:08DFH         LINE#         212
  C:08E7H         LINE#         213
  C:08EDH         LINE#         214
  C:08F8H         LINE#         215
  C:08FDH         LINE#         216
  C:08FDH         LINE#         217
  C:0904H         LINE#         219
  C:0907H         LINE#         220
  C:0912H         LINE#         221
  C:0915H         LINE#         224
  C:091CH         LINE#         225
  C:091CH         LINE#         226
  C:0925H         LINE#         227
  C:0925H         LINE#         228
  C:0932H         LINE#         229
  C:0932H         LINE#         230
  C:0934H         LINE#         232
  C:0936H         LINE#         233
  C:0953H         LINE#         234
  C:0955H         LINE#         236
  C:0978H         LINE#         237
  C:099BH         LINE#         239
  C:09A4H         LINE#         240
  C:09A4H         LINE#         241
  C:09ACH         LINE#         242
  C:09B2H         LINE#         243
  C:09BDH         LINE#         244
  C:09C2H         LINE#         245
  C:09C2H         LINE#         247
  C:09C9H         LINE#         253
  C:09C9H         LINE#         254
  C:09D3H         LINE#         255
  C:09D3H         LINE#         256
  C:09D5H         LINE#         258
  C:09D7H         LINE#         259
  C:09F4H         LINE#         260
  C:09F6H         LINE#         262
  C:09FCH         LINE#         263
  C:09FFH         LINE#         264
  C:0A0AH         LINE#         265
  C:0A0AH         LINE#         266
  C:0A0DH         LINE#         269
BL51 BANKED LINKER/LOCATER V6.22                                                      12/07/2018  15:12:48  PAGE 12


  C:0A14H         LINE#         270
  C:0A14H         LINE#         271
  C:0A21H         LINE#         272
  C:0A21H         LINE#         273
  C:0A2FH         LINE#         274
  C:0A2FH         LINE#         275
  C:0A4EH         LINE#         276
  C:0A50H         LINE#         277
  C:0A5FH         LINE#         278
  C:0A5FH         LINE#         279
  C:0A7EH         LINE#         280
  C:0A80H         LINE#         281
  C:0A90H         LINE#         282
  C:0A90H         LINE#         283
  C:0A9AH         LINE#         284
  C:0AA4H         LINE#         285
  C:0AA4H         LINE#         286
  C:0AA4H         LINE#         287
  C:0AA4H         LINE#         289
  C:0AA4H         LINE#         290
  C:0AADH         LINE#         291
  C:0AB0H         LINE#         292
  C:0ABBH         LINE#         293
  C:0ABEH         LINE#         296
  C:0AC5H         LINE#         297
  C:0AC5H         LINE#         298
  C:0AC8H         LINE#         299
  C:0ADCH         LINE#         301
  C:0AE4H         LINE#         302
  C:0AF2H         LINE#         304
  C:0AFAH         LINE#         305
  C:0AFAH         LINE#         306
  C:0B01H         LINE#         307
  C:0B0BH         LINE#         308
  C:0B0BH         LINE#         309
  C:0B0EH         LINE#         310
  C:0B1BH         LINE#         311
  C:0B28H         LINE#         312
  C:0B2EH         LINE#         313
  C:0B2EH         LINE#         315
  C:0B31H         LINE#         316
  C:0B3FH         LINE#         318
  C:0B46H         LINE#         319
  C:0B61H         LINE#         320
  C:0B6BH         LINE#         321
  C:0B6BH         LINE#         322
  C:0B8BH         LINE#         323
  C:0B98H         LINE#         324
  C:0B98H         LINE#         325
  C:0BEBH         LINE#         326
  C:0BF1H         LINE#         327
  C:0BF1H         LINE#         328
  C:0BF1H         LINE#         331
  C:0BF5H         LINE#         332
  C:0BF5H         LINE#         333
  C:0BF8H         LINE#         334
  C:0C0CH         LINE#         336
BL51 BANKED LINKER/LOCATER V6.22                                                      12/07/2018  15:12:48  PAGE 13


  C:0C11H         LINE#         337
  C:0C15H         LINE#         338
  C:0C18H         LINE#         339
  C:0C1CH         LINE#         341
  C:0C1FH         LINE#         342
  C:0C2BH         LINE#         343
  C:0C2DH         LINE#         344
  -------         ENDPROC       CONNTOUSB
  -------         PROC          MCU_INIT
  -------         DO            
  D:0007H         SYMBOL        n
  -------         ENDDO         
  C:0046H         LINE#         347
  C:0046H         LINE#         348
  C:0046H         LINE#         350
  C:0049H         LINE#         353
  C:004CH         LINE#         354
  C:004FH         LINE#         356
  C:0052H         LINE#         358
  C:0057H         LINE#         360
  C:005AH         LINE#         361
  C:005FH         LINE#         362
  C:0062H         LINE#         364
  C:0065H         LINE#         367
  C:0068H         LINE#         368
  C:006BH         LINE#         370
  C:006EH         LINE#         371
  C:0071H         LINE#         373
  C:0074H         LINE#         374
  C:0077H         LINE#         376
  C:007AH         LINE#         377
  C:007DH         LINE#         378
  C:007FH         LINE#         379
  C:0081H         LINE#         381
  C:0084H         LINE#         382
  C:0087H         LINE#         384
  -------         ENDPROC       MCU_INIT
  -------         PROC          DEVICES_INIT
  C:2DCDH         LINE#         386
  C:2DCDH         LINE#         387
  C:2DCDH         LINE#         389
  C:2DD0H         LINE#         392
  C:2DD3H         LINE#         393
  C:2E2DH         LINE#         394
  C:2E30H         LINE#         397
  C:2E33H         LINE#         398
  C:2E36H         LINE#         406
  -------         ENDPROC       DEVICES_INIT
  -------         PROC          SUSPEND_DEVICE
  C:0088H         LINE#         410
  C:0088H         LINE#         411
  C:0088H         LINE#         412
  -------         ENDPROC       SUSPEND_DEVICE
  -------         PROC          USB_API_TEST_ISR
  -------         DO            
  D:0008H         SYMBOL        INTVAL
  -------         ENDDO         
BL51 BANKED LINKER/LOCATER V6.22                                                      12/07/2018  15:12:48  PAGE 14


  C:20A0H         LINE#         416
  C:20BDH         LINE#         418
  C:20C2H         LINE#         420
  C:20C7H         LINE#         421
  C:20C7H         LINE#         422
  C:20D2H         LINE#         424
  C:20E4H         LINE#         425
  C:20E4H         LINE#         426
  C:20E7H         LINE#         427
  C:20E9H         LINE#         428
  C:20F9H         LINE#         429
  C:20F9H         LINE#         430
  C:20FCH         LINE#         431
  C:20FEH         LINE#         432
  C:210FH         LINE#         433
  C:210FH         LINE#         434
  C:2112H         LINE#         435
  C:2114H         LINE#         436
  C:2126H         LINE#         437
  C:2126H         LINE#         438
  C:2129H         LINE#         439
  C:212BH         LINE#         440
  C:213BH         LINE#         441
  C:213BH         LINE#         442
  C:213EH         LINE#         443
  C:2140H         LINE#         445
  C:2140H         LINE#         446
  C:2143H         LINE#         447
  C:2143H         LINE#         448
  C:2143H         LINE#         450
  C:2143H         LINE#         451
  C:2143H         LINE#         453
  C:2143H         LINE#         455
  C:2148H         LINE#         456
  C:2148H         LINE#         457
  C:214BH         LINE#         458
  C:214BH         LINE#         460
  C:2150H         LINE#         461
  C:2150H         LINE#         462
  C:2153H         LINE#         463
  C:2153H         LINE#         465
  C:2158H         LINE#         466
  C:2158H         LINE#         467
  C:2172H         LINE#         468
  C:2172H         LINE#         470
  C:2177H         LINE#         471
  C:2177H         LINE#         472
  C:2179H         LINE#         473
  C:2193H         LINE#         474
  C:2193H         LINE#         475
  -------         ENDPROC       USB_API_TEST_ISR
  -------         ENDMOD        MAIN

  -------         MODULE        MMC_SD
  C:0000H         SYMBOL        _ICE_DUMMY_
  D:00A2H         PUBLIC        SPI0CKR
  D:0080H         PUBLIC        P0
BL51 BANKED LINKER/LOCATER V6.22                                                      12/07/2018  15:12:48  PAGE 15


  D:0090H         PUBLIC        P1
  D:00A0H         PUBLIC        P2
  D:00B0H         PUBLIC        P3
  C:2FD0H         PUBLIC        _MMC_SD_SendCommand
  C:2EA3H         PUBLIC        _MMC_SD_ReadSingleBlock
  C:35EBH         PUBLIC        SD_Init
  C:2BF4H         PUBLIC        _MMC_SD_WriteSingleBlock
  B:00F8H.7       PUBLIC        SPIF
  B:00F8H.2       PUBLIC        NSSMD0
  C:24EDH         PUBLIC        MMC_SD_Reset
  D:00A9H         PUBLIC        CLKSEL
  C:3616H         PUBLIC        SPI_ReadByte
  C:35BAH         PUBLIC        _SPI_WriteByte
  D:00A3H         PUBLIC        SPI0DAT
  X:0000H         PUBLIC        buffer
  C:35AEH         SYMBOL        L?0062
  C:35B3H         SYMBOL        L?0063
  -------         PROC          L?0061
  -------         ENDPROC       L?0061
  C:35AEH         SYMBOL        L?0062
  C:35B3H         SYMBOL        L?0063
  -------         PROC          _SPI_WRITEBYTE
  D:0007H         SYMBOL        val
  -------         DO            
  D:0007H         SYMBOL        ret
  -------         ENDDO         
  C:35BAH         LINE#         7
  C:35BAH         LINE#         8
  C:35BAH         LINE#         11
  C:35BCH         LINE#         12
  C:35BFH         LINE#         13
  C:35C1H         LINE#         14
  C:35C3H         LINE#         15
  C:35C3H         LINE#         16
  -------         ENDPROC       _SPI_WRITEBYTE
  -------         PROC          SPI_READBYTE
  -------         DO            
  D:0007H         SYMBOL        ret
  -------         ENDDO         
  C:3616H         LINE#         18
  C:3616H         LINE#         19
  C:3616H         LINE#         22
  C:3619H         LINE#         23
  C:361CH         LINE#         24
  C:361EH         LINE#         25
  C:3620H         LINE#         26
  C:3620H         LINE#         27
  -------         ENDPROC       SPI_READBYTE
  -------         PROC          _MMC_SD_SENDCOMMAND
  D:0006H         SYMBOL        cmd
  D:0018H         SYMBOL        arg
  -------         DO            
  D:0007H         SYMBOL        r1
  D:0003H         SYMBOL        retry
  -------         ENDDO         
  C:2FD0H         LINE#         30
  C:2FD2H         LINE#         31
BL51 BANKED LINKER/LOCATER V6.22                                                      12/07/2018  15:12:48  PAGE 16


  C:2FD2H         LINE#         33
  C:2FD4H         LINE#         35
  C:2FD4H         LINE#         36
  C:2FD4H         LINE#         37
  C:2FD7H         LINE#         38
  C:2FD7H         LINE#         39
  C:2FD7H         LINE#         40
  C:2FDAH         LINE#         42
  C:2FDCH         LINE#         44
  C:2FE3H         LINE#         45
  C:2FF3H         LINE#         46
  C:3003H         LINE#         47
  C:3013H         LINE#         48
  C:3018H         LINE#         49
  C:301DH         LINE#         51
  C:3025H         LINE#         52
  C:302EH         LINE#         54
  C:3030H         LINE#         56
  C:3030H         LINE#         57
  -------         ENDPROC       _MMC_SD_SENDCOMMAND
  -------         PROC          MMC_SD_RESET
  -------         DO            
  D:0005H         SYMBOL        i
  D:0002H         SYMBOL        retry
  D:0006H         SYMBOL        r1
  -------         ENDDO         
  C:24EDH         LINE#         59
  C:24EDH         LINE#         60
  C:24EDH         LINE#         63
  C:24EFH         LINE#         65
  C:24F0H         LINE#         66
  C:24F3H         LINE#         67
  C:24F6H         LINE#         69
  C:24F6H         LINE#         70
  C:2501H         LINE#         71
  C:2510H         LINE#         72
  C:2511H         LINE#         73
  C:2517H         LINE#         74
  C:251AH         LINE#         76
  C:251CH         LINE#         78
  C:251CH         LINE#         80
  C:251CH         LINE#         81
  C:252CH         LINE#         82
  C:252DH         LINE#         83
  C:2536H         LINE#         84
  C:2539H         LINE#         86
  C:253BH         LINE#         87
  C:254AH         LINE#         88
  C:254BH         LINE#         89
  C:2554H         LINE#         90
  C:2557H         LINE#         92
  C:255AH         LINE#         93
  C:255AH         LINE#         94
  C:255CH         LINE#         96
  C:255CH         LINE#         97
  C:256CH         LINE#         98
  C:256DH         LINE#         99
BL51 BANKED LINKER/LOCATER V6.22                                                      12/07/2018  15:12:48  PAGE 17


  C:2576H         LINE#         100
  C:2579H         LINE#         101
  C:2579H         LINE#         102
  C:2589H         LINE#         104
  C:2598H         LINE#         105
  C:259BH         LINE#         106
  C:259EH         LINE#         107
  C:259FH         LINE#         108
  -------         ENDPROC       MMC_SD_RESET
  -------         PROC          _MMC_SD_READSINGLEBLOCK
  D:0051H         SYMBOL        sector
  -------         DO            
  D:0007H         SYMBOL        r1
  D:0004H         SYMBOL        i
  D:0002H         SYMBOL        retry
  -------         ENDDO         
  C:2EA3H         LINE#         110
  C:2EABH         LINE#         111
  C:2EABH         LINE#         114
  C:2EADH         LINE#         116
  C:2EB0H         LINE#         118
  C:2EB0H         LINE#         119
  C:2ECAH         LINE#         120
  C:2ECBH         LINE#         121
  C:2ED4H         LINE#         122
  C:2ED7H         LINE#         125
  C:2ED9H         LINE#         127
  C:2EDFH         LINE#         129
  C:2EE2H         LINE#         130
  C:2EE2H         LINE#         131
  C:2EF1H         LINE#         132
  C:2EFEH         LINE#         134
  C:2EFEH         LINE#         135
  C:2F01H         LINE#         137
  C:2F03H         LINE#         138
  C:2F06H         LINE#         139
  C:2F07H         LINE#         140
  -------         ENDPROC       _MMC_SD_READSINGLEBLOCK
  -------         PROC          _MMC_SD_WRITESINGLEBLOCK
  D:0013H         SYMBOL        sector
  -------         DO            
  D:0006H         SYMBOL        r1
  D:0004H         SYMBOL        i
  D:0002H         SYMBOL        retry
  -------         ENDDO         
  C:2BF4H         LINE#         142
  C:2BFCH         LINE#         143
  C:2BFCH         LINE#         146
  C:2BFEH         LINE#         148
  C:2C01H         LINE#         150
  C:2C01H         LINE#         151
  C:2C1DH         LINE#         152
  C:2C1EH         LINE#         153
  C:2C27H         LINE#         154
  C:2C2AH         LINE#         158
  C:2C2CH         LINE#         160
  C:2C31H         LINE#         162
BL51 BANKED LINKER/LOCATER V6.22                                                      12/07/2018  15:12:48  PAGE 18


  C:2C36H         LINE#         164
  C:2C38H         LINE#         165
  C:2C38H         LINE#         166
  C:2C47H         LINE#         167
  C:2C54H         LINE#         169
  C:2C54H         LINE#         170
  C:2C54H         LINE#         172
  C:2C59H         LINE#         174
  C:2C60H         LINE#         175
  C:2C60H         LINE#         176
  C:2C62H         LINE#         177
  C:2C63H         LINE#         178
  C:2C63H         LINE#         180
  C:2C6BH         LINE#         182
  C:2C6DH         LINE#         183
  C:2C70H         LINE#         184
  C:2C71H         LINE#         185
  -------         ENDPROC       _MMC_SD_WRITESINGLEBLOCK
  -------         PROC          SD_INIT
  -------         DO            
  D:0001H         SYMBOL        n
  -------         ENDDO         
  C:35EBH         LINE#         188
  C:35EBH         LINE#         189
  C:35EBH         LINE#         190
  C:35EDH         LINE#         192
  C:35F3H         LINE#         193
  C:35F3H         LINE#         194
  C:35F4H         LINE#         195
  C:35FBH         LINE#         197
  -------         ENDPROC       SD_INIT
  -------         ENDMOD        MMC_SD

  -------         MODULE        LCD
  C:0000H         SYMBOL        _ICE_DUMMY_
  D:0080H         PUBLIC        P0
  C:27A5H         PUBLIC        DispFrame
  D:0090H         PUBLIC        P1
  C:28D1H         PUBLIC        DispScaleVer_Green
  D:00A0H         PUBLIC        P2
  D:00B0H         PUBLIC        P3
  C:1D53H         PUBLIC        DispBand
  C:3282H         PUBLIC        _WriteData
  C:008EH         PUBLIC        ascii
  C:1C2BH         PUBLIC        _LCD_Read_IC_ID
  D:00A6H         PUBLIC        P2MDOUT
  C:3459H         PUBLIC        _DispColor
  C:2F08H         PUBLIC        DispScaleVer_Blue
  C:2C72H         PUBLIC        _DrawGird
  C:2F6CH         PUBLIC        _DrawLine
  B:00D0H.7       PUBLIC        CY
  C:3239H         PUBLIC        _WriteComm
  C:0018H         PUBLIC        _WriteDispData
  C:2B75H         PUBLIC        DispScaleVer_Gray
  B:00B0H.1       PUBLIC        RS
  B:00A0H.1       PUBLIC        SPI_CLK
  C:2AF6H         PUBLIC        DispScaleVer_Red
BL51 BANKED LINKER/LOCATER V6.22                                                      12/07/2018  15:12:48  PAGE 19


  C:21AEH         PUBLIC        DispScaleVer
  C:362AH         PUBLIC        _DispRegValue
  C:2716H         PUBLIC        _DispOneChar
  C:2E39H         PUBLIC        DispGrayHor32
  C:29EBH         PUBLIC        DispGrayHor16
  C:283CH         PUBLIC        _DispInt
  C:3351H         PUBLIC        _PutPixel
  D:00A9H         PUBLIC        CLKSEL
  B:0090H.6       PUBLIC        RD0
  B:00B0H.0       PUBLIC        CS0
  D:0076H         PUBLIC        LCM_ID
  C:1516H         PUBLIC        LCD_Init
  C:2A74H         PUBLIC        _DispStr
  C:1349H         PUBLIC        DispScaleHor1
  B:00A0H.0       PUBLIC        SPI_DI
  C:3621H         PUBLIC        _WriteOneDot
  C:19B8H         PUBLIC        DispScaleHor2
  C:2439H         PUBLIC        _DispPicFromSD
  B:0080H.7       PUBLIC        DIR
  C:3031H         PUBLIC        _ToOrd
  B:0080H.5       PUBLIC        RST
  C:34F5H         PUBLIC        ReadData
  C:2396H         PUBLIC        _?BlockWrite
  -------         PROC          _LCD_READ_IC_ID
  D:0007H         SYMBOL        ID
  D:0004H         SYMBOL        Bug
  D:0003H         SYMBOL        flog
  -------         DO            
  D:0013H         SYMBOL        id
  D:0015H         SYMBOL        id1
  D:0017H         SYMBOL        temp
  D:0005H         SYMBOL        i
  D:0007H         SYMBOL        dat
  D:0001H         SYMBOL        id2
  D:0019H         SYMBOL        id3
  -------         ENDDO         
  C:1C2BH         LINE#         35
  C:1C2BH         LINE#         36
  C:1C2BH         LINE#         39
  C:1C34H         LINE#         40
  C:1C34H         LINE#         42
  C:1C37H         LINE#         43
  C:1C37H         LINE#         44
  C:1C39H         LINE#         45
  C:1C3BH         LINE#         46
  C:1C3CH         LINE#         47
  C:1C3CH         LINE#         48
  C:1C3EH         LINE#         49
  C:1C46H         LINE#         50
  C:1C48H         LINE#         52
  C:1C4AH         LINE#         53
  C:1C4EH         LINE#         54
  C:1C52H         LINE#         55
  C:1C55H         LINE#         58
  C:1C5FH         LINE#         59
  C:1C5FH         LINE#         60
  C:1C61H         LINE#         61
BL51 BANKED LINKER/LOCATER V6.22                                                      12/07/2018  15:12:48  PAGE 20


  C:1C61H         LINE#         62
  C:1C63H         LINE#         63
  C:1C65H         LINE#         64
  C:1C67H         LINE#         65
  C:1C7EH         LINE#         66
  C:1C80H         LINE#         67
  C:1C82H         LINE#         68
  C:1C88H         LINE#         69
  C:1C92H         LINE#         70
  C:1C92H         LINE#         71
  C:1C94H         LINE#         72
  C:1C94H         LINE#         73
  C:1C96H         LINE#         74
  C:1C98H         LINE#         75
  C:1C9AH         LINE#         76
  C:1CB1H         LINE#         77
  C:1CB3H         LINE#         78
  C:1CB5H         LINE#         79
  C:1CB9H         LINE#         80
  C:1CB9H         LINE#         82
  C:1CBBH         LINE#         83
  C:1CBBH         LINE#         84
  C:1CBDH         LINE#         85
  C:1CBFH         LINE#         86
  C:1CC1H         LINE#         87
  C:1CD8H         LINE#         88
  C:1CDAH         LINE#         89
  C:1CDCH         LINE#         90
  C:1CE0H         LINE#         92
  C:1CE2H         LINE#         93
  C:1CE2H         LINE#         94
  C:1CE4H         LINE#         95
  C:1CE6H         LINE#         96
  C:1CE8H         LINE#         97
  C:1CF2H         LINE#         98
  C:1CF4H         LINE#         99
  C:1CF6H         LINE#         100
  C:1CFAH         LINE#         102
  C:1CFCH         LINE#         103
  C:1CFCH         LINE#         104
  C:1CFEH         LINE#         105
  C:1D00H         LINE#         106
  C:1D02H         LINE#         107
  C:1D0EH         LINE#         108
  C:1D10H         LINE#         109
  C:1D12H         LINE#         110
  C:1D16H         LINE#         111
  C:1D19H         LINE#         112
  C:1D1BH         LINE#         113
  C:1D1DH         LINE#         114
  C:1D1FH         LINE#         115
  C:1D21H         LINE#         116
  C:1D23H         LINE#         117
  C:1D25H         LINE#         119
  C:1D28H         LINE#         120
  C:1D28H         LINE#         121
  C:1D32H         LINE#         123
BL51 BANKED LINKER/LOCATER V6.22                                                      12/07/2018  15:12:48  PAGE 21


  C:1D3CH         LINE#         124
  C:1D3CH         LINE#         125
  C:1D3CH         LINE#         127
  C:1D41H         LINE#         128
  C:1D41H         LINE#         129
  C:1D4CH         LINE#         130
  C:1D4CH         LINE#         132
  C:1D4CH         LINE#         133
  C:1D4EH         LINE#         134
  C:1D52H         LINE#         135
  -------         ENDPROC       _LCD_READ_IC_ID
  -------         PROC          L?0495
  -------         ENDPROC       L?0495
  -------         PROC          _WRITECOMM
  D:0004H         SYMBOL        i
  -------         DO            
  D:0003H         SYMBOL        j
  D:0007H         SYMBOL        DataH
  -------         ENDDO         
  C:3239H         LINE#         137
  C:323DH         LINE#         138
  C:323DH         LINE#         140
  C:323FH         LINE#         141
  C:3241H         LINE#         205
  C:3241H         LINE#         208
  C:3243H         LINE#         209
  C:3245H         LINE#         210
  C:3245H         LINE#         215
  C:3249H         LINE#         216
  C:324DH         LINE#         218
  C:324FH         LINE#         219
  C:3253H         LINE#         220
  C:3255H         LINE#         222
  C:3257H         LINE#         225
  C:325BH         LINE#         226
  C:325DH         LINE#         227
  C:325FH         LINE#         228
  C:325FH         LINE#         229
  C:3263H         LINE#         230
  C:3267H         LINE#         232
  C:3269H         LINE#         233
  C:3270H         LINE#         234
  C:3272H         LINE#         235
  C:3274H         LINE#         236
  C:3278H         LINE#         251
  C:3278H         LINE#         254
  C:327AH         LINE#         255
  -------         ENDPROC       _WRITECOMM
  C:327BH         SYMBOL        L?0490
  C:327DH         SYMBOL        L?0491
  -------         PROC          L?0489
  -------         ENDPROC       L?0489
  C:327BH         SYMBOL        L?0490
  C:327DH         SYMBOL        L?0491
  -------         PROC          _WRITEDATA
  D:0004H         SYMBOL        i
  -------         DO            
BL51 BANKED LINKER/LOCATER V6.22                                                      12/07/2018  15:12:48  PAGE 22


  D:0003H         SYMBOL        j
  D:0007H         SYMBOL        DataH
  -------         ENDDO         
  C:3282H         LINE#         257
  C:3286H         LINE#         258
  C:3286H         LINE#         260
  C:3288H         LINE#         261
  C:328AH         LINE#         401
  C:328AH         LINE#         405
  C:328CH         LINE#         406
  C:328EH         LINE#         407
  C:328EH         LINE#         412
  C:3292H         LINE#         413
  C:3296H         LINE#         415
  C:3298H         LINE#         416
  C:329CH         LINE#         417
  C:329EH         LINE#         418
  C:32A0H         LINE#         419
  C:32A4H         LINE#         420
  C:32A6H         LINE#         421
  C:32A8H         LINE#         422
  C:32A8H         LINE#         423
  C:32ACH         LINE#         424
  C:32B0H         LINE#         426
  C:32B2H         LINE#         427
  C:32B9H         LINE#         428
  C:32BBH         LINE#         429
  C:32BDH         LINE#         430
  C:32C1H         LINE#         445
  C:32C1H         LINE#         448
  C:32C3H         LINE#         449
  -------         ENDPROC       _WRITEDATA
  C:0003H         SYMBOL        L?0493
  -------         PROC          L?0492
  -------         ENDPROC       L?0492
  C:0003H         SYMBOL        L?0493
  -------         PROC          _WRITEDISPDATA
  D:0007H         SYMBOL        DataH
  D:0005H         SYMBOL        DataL
  -------         DO            
  D:0006H         SYMBOL        j
  -------         ENDDO         
  C:0018H         LINE#         451
  C:0018H         LINE#         452
  C:0018H         LINE#         454
  C:001AH         LINE#         528
  C:001AH         LINE#         529
  C:001CH         LINE#         530
  C:001EH         LINE#         531
  C:001EH         LINE#         532
  C:0022H         LINE#         533
  C:0024H         LINE#         534
  C:0026H         LINE#         535
  C:0028H         LINE#         536
  C:002CH         LINE#         538
  C:002EH         LINE#         539
  C:0030H         LINE#         540
BL51 BANKED LINKER/LOCATER V6.22                                                      12/07/2018  15:12:48  PAGE 23


  C:0030H         LINE#         541
  C:0034H         LINE#         542
  C:0036H         LINE#         543
  C:0038H         LINE#         544
  C:003AH         LINE#         545
  C:003EH         LINE#         570
  C:003EH         LINE#         573
  C:0040H         LINE#         574
  -------         ENDPROC       _WRITEDISPDATA
  -------         PROC          _WRITEONEDOT
  D:0004H         SYMBOL        color
  C:3621H         LINE#         576
  C:3625H         LINE#         577
  C:3625H         LINE#         591
  -------         ENDPROC       _WRITEONEDOT
  -------         PROC          LCD_INIT
  C:1516H         LINE#         599
  C:1516H         LINE#         600
  C:1516H         LINE#         601
  C:1519H         LINE#         604
  C:151BH         LINE#         605
  C:1522H         LINE#         607
  C:1524H         LINE#         608
  C:152BH         LINE#         610
  C:152DH         LINE#         611
  C:1534H         LINE#         861
  C:153BH         LINE#         862
  C:1540H         LINE#         864
  C:1545H         LINE#         865
  C:154CH         LINE#         867
  C:1553H         LINE#         868
  C:1558H         LINE#         870
  C:155DH         LINE#         871
  C:1564H         LINE#         873
  C:156BH         LINE#         874
  C:1571H         LINE#         876
  C:1577H         LINE#         877
  C:157DH         LINE#         879
  C:1583H         LINE#         880
  C:158AH         LINE#         882
  C:1591H         LINE#         883
  C:1598H         LINE#         885
  C:159FH         LINE#         886
  C:15A6H         LINE#         887
  C:15ADH         LINE#         889
  C:15AFH         LINE#         890
  C:15B2H         LINE#         892
  C:15B4H         LINE#         893
  C:15B7H         LINE#         896
  C:15B9H         LINE#         897
  C:15BCH         LINE#         899
  C:15C1H         LINE#         900
  C:15C8H         LINE#         901
  C:15CFH         LINE#         903
  C:15D6H         LINE#         904
  C:15DDH         LINE#         906
  C:15E4H         LINE#         907
BL51 BANKED LINKER/LOCATER V6.22                                                      12/07/2018  15:12:48  PAGE 24


  C:15E9H         LINE#         909
  C:15EEH         LINE#         910
  C:15F5H         LINE#         914
  C:15F7H         LINE#         915
  C:15FAH         LINE#         918
  C:15FFH         LINE#         919
  C:1604H         LINE#         922
  C:1606H         LINE#         923
  C:1609H         LINE#         926
  C:160BH         LINE#         927
  C:160EH         LINE#         929
  C:1613H         LINE#         930
  C:1618H         LINE#         933
  C:161AH         LINE#         934
  C:161DH         LINE#         937
  C:1622H         LINE#         938
  C:1627H         LINE#         941
  C:1629H         LINE#         942
  C:162CH         LINE#         945
  C:1631H         LINE#         946
  C:1636H         LINE#         949
  C:1638H         LINE#         950
  C:163BH         LINE#         953
  C:163DH         LINE#         954
  C:1640H         LINE#         957
  C:1645H         LINE#         958
  C:164BH         LINE#         961
  C:1651H         LINE#         962
  C:1658H         LINE#         965
  C:165FH         LINE#         966
  C:1666H         LINE#         969
  C:166DH         LINE#         970
  C:1674H         LINE#         973
  C:167BH         LINE#         974
  C:1682H         LINE#         977
  C:1684H         LINE#         978
  C:1687H         LINE#         981
  C:168CH         LINE#         982
  C:1692H         LINE#         985
  C:1698H         LINE#         986
  C:169FH         LINE#         989
  C:16A6H         LINE#         990
  C:16ADH         LINE#         993
  C:16B4H         LINE#         994
  C:16BBH         LINE#         996
  -------         ENDPROC       LCD_INIT
  C:237FH         SYMBOL        L?0488
  -------         PROC          L?0487
  -------         ENDPROC       L?0487
  C:237FH         SYMBOL        L?0488
  -------         PROC          _?BLOCKWRITE
  i:0000H         SYMBOL        Xstart
  i:0002H         SYMBOL        Xend
  i:0004H         SYMBOL        Ystart
  i:0006H         SYMBOL        Yend
  C:2396H         LINE#         4060
  C:23B7H         LINE#         4067
BL51 BANKED LINKER/LOCATER V6.22                                                      12/07/2018  15:12:48  PAGE 25


  C:23CAH         LINE#         4068
  C:23DBH         LINE#         4069
  C:23EFH         LINE#         4070
  C:2403H         LINE#         4072
  C:2414H         LINE#         4073
  C:2428H         LINE#         4075
  C:242FH         LINE#         4184
  C:2432H         LINE#         4185
  -------         ENDPROC       _?BLOCKWRITE
  -------         PROC          _DISPCOLOR
  D:0004H         SYMBOL        color
  -------         DO            
  D:0002H         SYMBOL        i
  D:000AH         SYMBOL        DataH
  D:0001H         SYMBOL        DataL
  D:0004H         SYMBOL        m
  -------         ENDDO         
  C:3459H         LINE#         4187
  C:345BH         LINE#         4188
  C:345BH         LINE#         4191
  C:345FH         LINE#         4193
  C:3462H         LINE#         4195
  C:3464H         LINE#         4196
  C:3466H         LINE#         4197
  C:3466H         LINE#         4198
  C:3468H         LINE#         4199
  C:3468H         LINE#         4200
  C:346FH         LINE#         4201
  C:3473H         LINE#         4202
  C:347EH         LINE#         4204
  C:3480H         LINE#         4205
  -------         ENDPROC       _DISPCOLOR
  -------         PROC          DISPBAND
  -------         DO            
  D:0002H         SYMBOL        i
  D:000AH         SYMBOL        j
  D:000BH         SYMBOL        k
  D:000CH         SYMBOL        m
  D:000DH         SYMBOL        n
  D:0001H         SYMBOL        x
  -------         ENDDO         
  C:1D53H         LINE#         4207
  C:1D53H         LINE#         4208
  C:1D53H         LINE#         4212
  C:1D59H         LINE#         4213
  C:1D5FH         LINE#         4214
  C:1D61H         LINE#         4217
  C:1D64H         LINE#         4218
  C:1D6FH         LINE#         4219
  C:1D6FH         LINE#         4220
  C:1D81H         LINE#         4221
  C:1D93H         LINE#         4222
  C:1DB3H         LINE#         4223
  C:1DBAH         LINE#         4224
  C:1DC6H         LINE#         4225
  C:1DC6H         LINE#         4226
  C:1DD8H         LINE#         4227
BL51 BANKED LINKER/LOCATER V6.22                                                      12/07/2018  15:12:48  PAGE 26


  C:1DEAH         LINE#         4228
  C:1E0AH         LINE#         4229
  C:1E11H         LINE#         4230
  C:1E23H         LINE#         4231
  C:1E23H         LINE#         4232
  C:1E35H         LINE#         4233
  C:1E47H         LINE#         4234
  C:1E67H         LINE#         4235
  C:1E6EH         LINE#         4236
  C:1E70H         LINE#         4237
  C:1E73H         LINE#         4238
  -------         ENDPROC       DISPBAND
  -------         PROC          DISPFRAME
  -------         DO            
  D:0002H         SYMBOL        i
  D:0082H         SYMBOL        j
  D:0001H         SYMBOL        DataH
  D:0004H         SYMBOL        DataL
  -------         ENDDO         
  C:27A5H         LINE#         4240
  C:27A5H         LINE#         4241
  C:27A5H         LINE#         4244
  C:27A8H         LINE#         4246
  C:27AAH         LINE#         4249
  C:27B4H         LINE#         4252
  C:27B6H         LINE#         4253
  C:27B6H         LINE#         4255
  C:27C1H         LINE#         4257
  C:27CCH         LINE#         4259
  C:27D6H         LINE#         4261
  C:27D9H         LINE#         4262
  C:27D9H         LINE#         4264
  C:27E3H         LINE#         4266
  C:27E6H         LINE#         4267
  C:27E6H         LINE#         4269
  C:27EEH         LINE#         4271
  C:27F9H         LINE#         4274
  C:2803H         LINE#         4276
  C:280CH         LINE#         4278
  C:2816H         LINE#         4280
  C:2819H         LINE#         4281
  C:2819H         LINE#         4283
  C:2824H         LINE#         4285
  C:282FH         LINE#         4287
  C:2836H         LINE#         4290
  C:2839H         LINE#         4291
  C:283BH         LINE#         4292
  -------         ENDPROC       DISPFRAME
  -------         PROC          _DISPPICFROMSD
  D:0001H         SYMBOL        PicNum
  -------         DO            
  D:003BH         SYMBOL        Address_S
  D:003FH         SYMBOL        Address_E
  D:0002H         SYMBOL        i
  D:0043H         SYMBOL        k
  -------         ENDDO         
  C:2439H         LINE#         4314
BL51 BANKED LINKER/LOCATER V6.22                                                      12/07/2018  15:12:48  PAGE 27


  C:243BH         LINE#         4315
  C:243BH         LINE#         4321
  C:243EH         LINE#         4324
  C:2440H         LINE#         4326
  C:2442H         LINE#         4328
  C:244CH         LINE#         4329
  C:246DH         LINE#         4330
  C:2485H         LINE#         4331
  C:249BH         LINE#         4332
  C:249BH         LINE#         4333
  C:24A6H         LINE#         4335
  C:24AFH         LINE#         4336
  C:24AFH         LINE#         4338
  C:24CAH         LINE#         4339
  C:24D3H         LINE#         4340
  C:24EAH         LINE#         4342
  C:24ECH         LINE#         4380
  -------         ENDPROC       _DISPPICFROMSD
  -------         PROC          DISPSCALEHOR1
  -------         DO            
  D:0055H         SYMBOL        i
  D:0057H         SYMBOL        j
  D:0002H         SYMBOL        k
  -------         ENDDO         
  C:1349H         LINE#         4384
  C:1349H         LINE#         4385
  C:1349H         LINE#         4388
  C:134CH         LINE#         4391
  C:134EH         LINE#         4392
  C:134EH         LINE#         4393
  C:136AH         LINE#         4394
  C:136FH         LINE#         4395
  C:136FH         LINE#         4396
  C:1374H         LINE#         4397
  C:1374H         LINE#         4398
  C:1387H         LINE#         4399
  C:1398H         LINE#         4400
  C:13A9H         LINE#         4402
  C:13B4H         LINE#         4405
  C:13B7H         LINE#         4406
  C:13B7H         LINE#         4407
  C:13D3H         LINE#         4408
  C:13D8H         LINE#         4409
  C:13D8H         LINE#         4410
  C:13DDH         LINE#         4411
  C:13DDH         LINE#         4412
  C:1407H         LINE#         4413
  C:1418H         LINE#         4414
  C:1429H         LINE#         4415
  C:1434H         LINE#         4418
  C:1437H         LINE#         4419
  C:1437H         LINE#         4420
  C:1453H         LINE#         4421
  C:1458H         LINE#         4422
  C:1458H         LINE#         4423
  C:145DH         LINE#         4424
  C:145DH         LINE#         4425
BL51 BANKED LINKER/LOCATER V6.22                                                      12/07/2018  15:12:48  PAGE 28


  C:1464H         LINE#         4426
  C:1475H         LINE#         4427
  C:1486H         LINE#         4428
  C:1491H         LINE#         4431
  C:1494H         LINE#         4432
  C:1494H         LINE#         4433
  C:14B0H         LINE#         4434
  C:14B5H         LINE#         4435
  C:14B5H         LINE#         4436
  C:14BAH         LINE#         4437
  C:14BAH         LINE#         4438
  C:14E6H         LINE#         4439
  C:14F7H         LINE#         4440
  C:1508H         LINE#         4441
  C:1513H         LINE#         4442
  C:1515H         LINE#         4443
  -------         ENDPROC       DISPSCALEHOR1
  -------         PROC          DISPSCALEVER
  -------         DO            
  D:0059H         SYMBOL        i
  D:005BH         SYMBOL        j
  D:0002H         SYMBOL        k
  -------         ENDDO         
  C:21AEH         LINE#         4445
  C:21AEH         LINE#         4446
  C:21AEH         LINE#         4515
  C:21B1H         LINE#         4517
  C:21B3H         LINE#         4518
  C:21B3H         LINE#         4519
  C:21B8H         LINE#         4520
  C:21B8H         LINE#         4521
  C:21BEH         LINE#         4522
  C:21CFH         LINE#         4523
  C:21DAH         LINE#         4525
  C:21DDH         LINE#         4526
  C:21DDH         LINE#         4528
  C:21E2H         LINE#         4529
  C:21E2H         LINE#         4531
  C:21E7H         LINE#         4532
  C:21E7H         LINE#         4533
  C:21F9H         LINE#         4534
  C:220AH         LINE#         4536
  C:220FH         LINE#         4537
  C:220FH         LINE#         4538
  C:2237H         LINE#         4539
  C:2248H         LINE#         4541
  C:224DH         LINE#         4542
  C:224DH         LINE#         4543
  C:2254H         LINE#         4544
  C:2265H         LINE#         4546
  C:226AH         LINE#         4547
  C:226AH         LINE#         4548
  C:227EH         LINE#         4549
  C:228FH         LINE#         4551
  C:22A3H         LINE#         4553
  C:22B1H         LINE#         4555
  -------         ENDPROC       DISPSCALEVER
BL51 BANKED LINKER/LOCATER V6.22                                                      12/07/2018  15:12:48  PAGE 29


  -------         PROC          DISPSCALEVER_RED
  -------         DO            
  D:005DH         SYMBOL        i
  D:005FH         SYMBOL        j
  D:0002H         SYMBOL        k
  -------         ENDDO         
  C:2AF6H         LINE#         4557
  C:2AF6H         LINE#         4558
  C:2AF6H         LINE#         4561
  C:2AF9H         LINE#         4563
  C:2AFBH         LINE#         4565
  C:2AFDH         LINE#         4568
  C:2AFFH         LINE#         4569
  C:2AFFH         LINE#         4570
  C:2B04H         LINE#         4571
  C:2B04H         LINE#         4572
  C:2B0AH         LINE#         4573
  C:2B1BH         LINE#         4574
  C:2B26H         LINE#         4576
  C:2B29H         LINE#         4577
  C:2B29H         LINE#         4578
  C:2B2EH         LINE#         4579
  C:2B2EH         LINE#         4581
  C:2B33H         LINE#         4582
  C:2B33H         LINE#         4583
  C:2B45H         LINE#         4584
  C:2B56H         LINE#         4585
  C:2B67H         LINE#         4587
  C:2B72H         LINE#         4589
  C:2B74H         LINE#         4590
  -------         ENDPROC       DISPSCALEVER_RED
  -------         PROC          DISPSCALEVER_GREEN
  -------         DO            
  D:0061H         SYMBOL        i
  D:0063H         SYMBOL        j
  D:0002H         SYMBOL        k
  -------         ENDDO         
  C:28D1H         LINE#         4592
  C:28D1H         LINE#         4593
  C:28D1H         LINE#         4596
  C:28D4H         LINE#         4598
  C:28D6H         LINE#         4599
  C:28D8H         LINE#         4602
  C:28DAH         LINE#         4603
  C:28DAH         LINE#         4604
  C:28DFH         LINE#         4605
  C:28DFH         LINE#         4606
  C:28E5H         LINE#         4608
  C:28F6H         LINE#         4609
  C:2901H         LINE#         4611
  C:2904H         LINE#         4612
  C:2904H         LINE#         4613
  C:2909H         LINE#         4614
  C:2909H         LINE#         4616
  C:290EH         LINE#         4617
  C:290EH         LINE#         4619
  C:292FH         LINE#         4620
BL51 BANKED LINKER/LOCATER V6.22                                                      12/07/2018  15:12:48  PAGE 30


  C:2940H         LINE#         4621
  C:2951H         LINE#         4623
  C:295CH         LINE#         4625
  C:295EH         LINE#         4626
  -------         ENDPROC       DISPSCALEVER_GREEN
  -------         PROC          DISPSCALEVER_BLUE
  -------         DO            
  D:0074H         SYMBOL        i
  D:0082H         SYMBOL        j
  D:0002H         SYMBOL        k
  -------         ENDDO         
  C:2F08H         LINE#         4628
  C:2F08H         LINE#         4629
  C:2F08H         LINE#         4632
  C:2F0BH         LINE#         4634
  C:2F0DH         LINE#         4635
  C:2F0FH         LINE#         4638
  C:2F11H         LINE#         4639
  C:2F11H         LINE#         4640
  C:2F16H         LINE#         4641
  C:2F16H         LINE#         4642
  C:2F1CH         LINE#         4643
  C:2F25H         LINE#         4644
  C:2F30H         LINE#         4646
  C:2F33H         LINE#         4647
  C:2F33H         LINE#         4648
  C:2F38H         LINE#         4649
  C:2F38H         LINE#         4651
  C:2F3DH         LINE#         4652
  C:2F3DH         LINE#         4653
  C:2F44H         LINE#         4654
  C:2F4DH         LINE#         4655
  C:2F5EH         LINE#         4657
  C:2F69H         LINE#         4659
  C:2F6BH         LINE#         4660
  -------         ENDPROC       DISPSCALEVER_BLUE
  -------         PROC          DISPSCALEVER_GRAY
  -------         DO            
  D:0065H         SYMBOL        i
  D:0067H         SYMBOL        j
  D:0002H         SYMBOL        k
  -------         ENDDO         
  C:2B75H         LINE#         4662
  C:2B75H         LINE#         4663
  C:2B75H         LINE#         4666
  C:2B78H         LINE#         4668
  C:2B7AH         LINE#         4673
  C:2B7CH         LINE#         4674
  C:2B7CH         LINE#         4675
  C:2B81H         LINE#         4676
  C:2B81H         LINE#         4677
  C:2B87H         LINE#         4679
  C:2B98H         LINE#         4680
  C:2BA3H         LINE#         4682
  C:2BA6H         LINE#         4683
  C:2BA6H         LINE#         4684
  C:2BABH         LINE#         4685
BL51 BANKED LINKER/LOCATER V6.22                                                      12/07/2018  15:12:48  PAGE 31


  C:2BABH         LINE#         4687
  C:2BB0H         LINE#         4688
  C:2BB0H         LINE#         4689
  C:2BC4H         LINE#         4690
  C:2BD5H         LINE#         4691
  C:2BE6H         LINE#         4693
  C:2BF1H         LINE#         4695
  C:2BF3H         LINE#         4696
  -------         ENDPROC       DISPSCALEVER_GRAY
  -------         PROC          DISPGRAYHOR16
  -------         DO            
  D:000AH         SYMBOL        i
  D:0002H         SYMBOL        j
  D:000CH         SYMBOL        k
  -------         ENDDO         
  C:29EBH         LINE#         4698
  C:29EBH         LINE#         4699
  C:29EBH         LINE#         4702
  C:29EEH         LINE#         4704
  C:29F0H         LINE#         4705
  C:29F2H         LINE#         4707
  C:29F7H         LINE#         4708
  C:29F7H         LINE#         4709
  C:2A00H         LINE#         4710
  C:2A00H         LINE#         4711
  C:2A06H         LINE#         4712
  C:2A0DH         LINE#         4714
  C:2A10H         LINE#         4715
  C:2A10H         LINE#         4716
  C:2A15H         LINE#         4717
  C:2A15H         LINE#         4718
  C:2A44H         LINE#         4719
  C:2A55H         LINE#         4720
  C:2A60H         LINE#         4721
  C:2A71H         LINE#         4723
  C:2A73H         LINE#         4724
  -------         ENDPROC       DISPGRAYHOR16
  -------         PROC          DISPGRAYHOR32
  -------         DO            
  D:0069H         SYMBOL        i
  D:0002H         SYMBOL        j
  D:006BH         SYMBOL        k
  -------         ENDDO         
  C:2E39H         LINE#         4726
  C:2E39H         LINE#         4727
  C:2E39H         LINE#         4730
  C:2E3CH         LINE#         4732
  C:2E3EH         LINE#         4734
  C:2E43H         LINE#         4735
  C:2E43H         LINE#         4736
  C:2E46H         LINE#         4737
  C:2E46H         LINE#         4738
  C:2E4CH         LINE#         4739
  C:2E57H         LINE#         4741
  C:2E5AH         LINE#         4742
  C:2E5AH         LINE#         4743
  C:2E5FH         LINE#         4744
BL51 BANKED LINKER/LOCATER V6.22                                                      12/07/2018  15:12:48  PAGE 32


  C:2E5FH         LINE#         4745
  C:2E73H         LINE#         4746
  C:2E84H         LINE#         4747
  C:2E8FH         LINE#         4748
  C:2EA0H         LINE#         4750
  C:2EA2H         LINE#         4751
  -------         ENDPROC       DISPGRAYHOR32
  -------         PROC          DISPSCALEHOR2
  -------         DO            
  D:0082H         SYMBOL        j
  D:0002H         SYMBOL        k
  -------         ENDDO         
  C:19B8H         LINE#         4753
  C:19B8H         LINE#         4754
  C:19B8H         LINE#         4757
  C:19BBH         LINE#         4759
  C:19BDH         LINE#         4760
  C:19BDH         LINE#         4761
  C:19C2H         LINE#         4762
  C:19D2H         LINE#         4763
  C:19DDH         LINE#         4764
  C:19E0H         LINE#         4765
  C:19E0H         LINE#         4766
  C:19E5H         LINE#         4767
  C:19F5H         LINE#         4768
  C:1A00H         LINE#         4769
  C:1A03H         LINE#         4770
  C:1A03H         LINE#         4771
  C:1A08H         LINE#         4772
  C:1A18H         LINE#         4773
  C:1A23H         LINE#         4774
  C:1A26H         LINE#         4775
  C:1A26H         LINE#         4776
  C:1A2BH         LINE#         4777
  C:1A3BH         LINE#         4778
  C:1A46H         LINE#         4779
  C:1A49H         LINE#         4780
  C:1A49H         LINE#         4781
  C:1A4EH         LINE#         4782
  C:1A5EH         LINE#         4783
  C:1A69H         LINE#         4784
  C:1A6CH         LINE#         4785
  C:1A6CH         LINE#         4786
  C:1A71H         LINE#         4787
  C:1A81H         LINE#         4788
  C:1A8CH         LINE#         4789
  C:1A8FH         LINE#         4790
  C:1A8FH         LINE#         4791
  C:1A94H         LINE#         4792
  C:1AA4H         LINE#         4793
  C:1AAFH         LINE#         4794
  C:1AB2H         LINE#         4795
  C:1AB2H         LINE#         4796
  C:1AB7H         LINE#         4797
  C:1AC6H         LINE#         4798
  C:1AD1H         LINE#         4799
  C:1AD4H         LINE#         4800
BL51 BANKED LINKER/LOCATER V6.22                                                      12/07/2018  15:12:48  PAGE 33


  C:1AD4H         LINE#         4801
  C:1AD9H         LINE#         4802
  C:1AE8H         LINE#         4803
  C:1AF3H         LINE#         4805
  -------         ENDPROC       DISPSCALEHOR2
  -------         PROC          _TOORD
  D:0007H         SYMBOL        ch
  C:3031H         LINE#         4910
  C:3031H         LINE#         4911
  C:3031H         LINE#         4912
  C:3037H         LINE#         4913
  C:3037H         LINE#         4914
  C:3039H         LINE#         4915
  C:303BH         LINE#         4916
  C:3047H         LINE#         4917
  C:3047H         LINE#         4918
  C:304BH         LINE#         4919
  C:304DH         LINE#         4920
  C:3059H         LINE#         4921
  C:3059H         LINE#         4922
  C:305DH         LINE#         4923
  C:305FH         LINE#         4924
  C:306BH         LINE#         4925
  C:306BH         LINE#         4926
  C:306FH         LINE#         4927
  C:3071H         LINE#         4928
  C:307DH         LINE#         4929
  C:307DH         LINE#         4930
  C:3081H         LINE#         4931
  C:3083H         LINE#         4932
  C:3089H         LINE#         4933
  C:3089H         LINE#         4934
  C:308BH         LINE#         4935
  C:308BH         LINE#         4937
  C:308BH         LINE#         4938
  -------         ENDPROC       _TOORD
  -------         PROC          L?0494
  -------         ENDPROC       L?0494
  -------         PROC          _DISPONECHAR
  D:0001H         SYMBOL        ord
  D:0006H         SYMBOL        Xstart
  D:0002H         SYMBOL        Ystart
  D:0023H         SYMBOL        TextColor
  D:0025H         SYMBOL        BackColor
  -------         DO            
  D:0027H         SYMBOL        i
  D:0002H         SYMBOL        j
  D:0028H         SYMBOL        p
  D:0003H         SYMBOL        dat
  D:0006H         SYMBOL        index
  -------         ENDDO         
  C:2716H         LINE#         4940
  C:271CH         LINE#         4941
  C:271CH         LINE#         4947
  C:2736H         LINE#         4949
  C:273AH         LINE#         4951
  C:2743H         LINE#         4952
BL51 BANKED LINKER/LOCATER V6.22                                                      12/07/2018  15:12:48  PAGE 34


  C:2745H         LINE#         4954
  C:2753H         LINE#         4956
  C:275CH         LINE#         4957
  C:2766H         LINE#         4959
  C:2769H         LINE#         4960
  C:2769H         LINE#         4961
  C:277BH         LINE#         4962
  C:277DH         LINE#         4963
  C:277DH         LINE#         4964
  C:278AH         LINE#         4965
  C:278AH         LINE#         4966
  C:278EH         LINE#         4967
  C:2790H         LINE#         4969
  C:2790H         LINE#         4970
  C:2797H         LINE#         4971
  C:2797H         LINE#         4972
  C:279BH         LINE#         4973
  C:27A4H         LINE#         4974
  -------         ENDPROC       _DISPONECHAR
  -------         PROC          _DISPSTR
  D:0013H         SYMBOL        str
  D:0016H         SYMBOL        Xstart
  D:0018H         SYMBOL        Ystart
  D:001AH         SYMBOL        TextColor
  D:001CH         SYMBOL        BackColor
  C:2A74H         LINE#         4976
  C:2A7EH         LINE#         4977
  C:2A7EH         LINE#         4979
  C:2A8FH         LINE#         4980
  C:2A8FH         LINE#         4981
  C:2ABBH         LINE#         4983
  C:2AC6H         LINE#         4984
  C:2AC6H         LINE#         4985
  C:2ACBH         LINE#         4986
  C:2AD6H         LINE#         4987
  C:2AD8H         LINE#         4989
  C:2AD8H         LINE#         4990
  C:2AE3H         LINE#         4991
  C:2AE3H         LINE#         4993
  C:2AEEH         LINE#         4994
  C:2AEEH         LINE#         4995
  C:2AF3H         LINE#         4996
  C:2AF3H         LINE#         4997
  C:2AF5H         LINE#         4999
  -------         ENDPROC       _DISPSTR
  -------         PROC          _DISPINT
  D:0013H         SYMBOL        i
  D:0015H         SYMBOL        Xstart
  D:0017H         SYMBOL        Ystart
  D:0019H         SYMBOL        TextColor
  D:001BH         SYMBOL        BackColor
  C:283CH         LINE#         5001
  C:2848H         LINE#         5002
  C:2848H         LINE#         5003
  C:2853H         LINE#         5004
  C:2853H         LINE#         5005
  C:2859H         LINE#         5006
BL51 BANKED LINKER/LOCATER V6.22                                                      12/07/2018  15:12:48  PAGE 35


  C:2859H         LINE#         5007
  C:2864H         LINE#         5008
  C:2864H         LINE#         5009
  C:2870H         LINE#         5010
  C:2870H         LINE#         5012
  C:288DH         LINE#         5013
  C:2899H         LINE#         5014
  C:28B0H         LINE#         5015
[...]
  C:1221H         LINE#         287
  C:1221H         LINE#         288
  C:1224H         LINE#         289
  C:1226H         LINE#         290
  C:1226H         LINE#         291
  C:1229H         LINE#         292
  C:122BH         LINE#         293
  C:122BH         LINE#         294
  C:122EH         LINE#         295
  C:1230H         LINE#         296
  C:1230H         LINE#         297
  C:1233H         LINE#         298
  C:1235H         LINE#         299
  C:1235H         LINE#         300
  C:1238H         LINE#         301
  C:123AH         LINE#         302
  C:123AH         LINE#         303
  C:123DH         LINE#         304
  C:123FH         LINE#         305
  C:123FH         LINE#         306
  C:1242H         LINE#         307
  C:1244H         LINE#         308
  C:1244H         LINE#         309
  C:1247H         LINE#         310
  C:1247H         LINE#         311
  C:1247H         LINE#         312
BL51 BANKED LINKER/LOCATER V6.22                                                      12/07/2018  15:12:48  PAGE 42


  C:1247H         LINE#         313
  C:1247H         LINE#         314
  C:1252H         LINE#         315
  C:1252H         LINE#         316
  C:1258H         LINE#         317
  C:1267H         LINE#         318
  C:1267H         LINE#         319
  C:126CH         LINE#         320
  C:126FH         LINE#         321
  C:127EH         LINE#         322
  C:127EH         LINE#         323
  C:1293H         LINE#         324
  C:1298H         LINE#         325
  C:12A0H         LINE#         326
  C:12AAH         LINE#         327
  C:12B8H         LINE#         328
  C:12C6H         LINE#         329
  C:12C8H         LINE#         331
  C:12C8H         LINE#         332
  C:12CDH         LINE#         333
  C:12D0H         LINE#         334
  C:12E8H         LINE#         335
  C:12E8H         LINE#         336
  C:1301H         LINE#         337
  C:1306H         LINE#         338
  C:130EH         LINE#         339
  C:1315H         LINE#         340
  C:131AH         LINE#         341
  C:131AH         LINE#         342
  C:132EH         LINE#         343
  C:132EH         LINE#         344
  C:1335H         LINE#         345
  C:133AH         LINE#         346
  C:133AH         LINE#         347
  C:1348H         LINE#         348
  C:1348H         LINE#         349
  -------         ENDPROC       USBXCORE_HANDLE_SETUP
  -------         PROC          USBXCORE_FORCE_STALL
  C:3578H         LINE#         356
  C:3578H         LINE#         358
  C:3583H         LINE#         359
  C:358EH         LINE#         360
  C:3594H         LINE#         361
  -------         ENDPROC       USBXCORE_FORCE_STALL
  -------         PROC          USBXCORE_GET_STATUS
  C:2D5AH         LINE#         367
  C:2D5AH         LINE#         369
  C:2D69H         LINE#         370
  C:2D69H         LINE#         371
  C:2D69H         LINE#         372
  C:2D69H         LINE#         373
  C:2D69H         LINE#         374
  C:2D6BH         LINE#         375
  C:2D6BH         LINE#         379
  C:2D6BH         LINE#         381
  C:2D79H         LINE#         385
  C:2D79H         LINE#         386
BL51 BANKED LINKER/LOCATER V6.22                                                      12/07/2018  15:12:48  PAGE 43


  C:2D79H         LINE#         387
  C:2D79H         LINE#         388
  C:2D7BH         LINE#         390
  C:2D7BH         LINE#         392
  C:2D89H         LINE#         396
  C:2D89H         LINE#         397
  C:2D96H         LINE#         398
  C:2D96H         LINE#         399
  C:2D98H         LINE#         401
  C:2D98H         LINE#         402
  C:2DA6H         LINE#         403
  C:2DAFH         LINE#         404
  C:2DAFH         LINE#         405
  C:2DAFH         LINE#         406
  C:2DB1H         LINE#         407
  C:2DB1H         LINE#         408
  C:2DB4H         LINE#         409
  C:2DB4H         LINE#         410
  C:2DB4H         LINE#         411
  C:2DBCH         LINE#         412
  C:2DBCH         LINE#         413
  C:2DBFH         LINE#         414
  C:2DC5H         LINE#         415
  C:2DCCH         LINE#         416
  C:2DCCH         LINE#         417
  -------         ENDPROC       USBXCORE_GET_STATUS
  -------         PROC          USBXCORE_CLEAR_FEATURE
  C:30E6H         LINE#         423
  C:30E6H         LINE#         425
  C:30ECH         LINE#         426
  C:30ECH         LINE#         428
  C:30F3H         LINE#         429
  C:30F3H         LINE#         430
  C:30FEH         LINE#         436
  C:3109H         LINE#         437
  C:310EH         LINE#         438
  C:3110H         LINE#         440
  C:3110H         LINE#         442
  C:311BH         LINE#         446
  C:3126H         LINE#         447
  C:312BH         LINE#         448
  C:312BH         LINE#         449
  C:312DH         LINE#         451
  C:312DH         LINE#         452
  C:3130H         LINE#         453
  C:3130H         LINE#         454
  C:313BH         LINE#         455
  -------         ENDPROC       USBXCORE_CLEAR_FEATURE
  -------         PROC          USBXCORE_VENDOR_USB_API
  C:22B2H         LINE#         462
  C:22B2H         LINE#         464
  C:22BCH         LINE#         465
  C:22BCH         LINE#         466
  C:22C3H         LINE#         467
  C:22C3H         LINE#         468
  C:22C6H         LINE#         469
  C:22C9H         LINE#         470
BL51 BANKED LINKER/LOCATER V6.22                                                      12/07/2018  15:12:48  PAGE 44


  C:22CBH         LINE#         472
  C:22CBH         LINE#         473
  C:22D2H         LINE#         474
  C:22D2H         LINE#         477
  C:22DDH         LINE#         482
  C:22E8H         LINE#         483
  C:22F3H         LINE#         485
  C:22F3H         LINE#         486
  C:2306H         LINE#         487
  C:2306H         LINE#         488
  C:230AH         LINE#         489
  C:2315H         LINE#         491
  C:2315H         LINE#         492
  C:2328H         LINE#         493
  C:2328H         LINE#         494
  C:232CH         LINE#         495
  C:2337H         LINE#         497
  C:233DH         LINE#         498
  C:2345H         LINE#         499
  C:2345H         LINE#         500
  C:2348H         LINE#         501
  C:2348H         LINE#         502
  C:2348H         LINE#         503
  C:2353H         LINE#         504
  C:2353H         LINE#         505
  C:2359H         LINE#         506
  C:2360H         LINE#         507
  C:2360H         LINE#         508
  C:2364H         LINE#         509
  C:2364H         LINE#         510
  C:236AH         LINE#         511
  C:2371H         LINE#         512
  C:2371H         LINE#         513
  C:237CH         LINE#         514
  -------         ENDPROC       USBXCORE_VENDOR_USB_API
  -------         PROC          USBXCORE_SET_FEATURE
  C:313EH         LINE#         521
  C:313EH         LINE#         523
  C:3144H         LINE#         524
  C:3144H         LINE#         526
  C:314BH         LINE#         527
  C:314BH         LINE#         528
  C:3156H         LINE#         534
  C:3161H         LINE#         535
  C:3164H         LINE#         536
  C:3166H         LINE#         538
  C:3166H         LINE#         540
  C:3171H         LINE#         544
  C:317CH         LINE#         545
  C:3182H         LINE#         546
  C:3182H         LINE#         548
  C:3184H         LINE#         550
  C:3184H         LINE#         551
  C:3187H         LINE#         552
  C:3187H         LINE#         553
  C:3192H         LINE#         554
  -------         ENDPROC       USBXCORE_SET_FEATURE
BL51 BANKED LINKER/LOCATER V6.22                                                      12/07/2018  15:12:48  PAGE 45


  -------         PROC          USBXCORE_SET_ADDRESS
  C:3539H         LINE#         561
  C:3539H         LINE#         563
  C:3548H         LINE#         564
  C:354EH         LINE#         565
  C:354EH         LINE#         566
  C:3551H         LINE#         567
  C:3553H         LINE#         569
  C:3553H         LINE#         570
  C:3556H         LINE#         571
  C:3556H         LINE#         572
  -------         ENDPROC       USBXCORE_SET_ADDRESS
  -------         PROC          USBXCORE_GET_DESCRIPTOR
  C:25A0H         LINE#         579
  C:25A0H         LINE#         580
  C:25AFH         LINE#         581
  C:25AFH         LINE#         582
  C:25AFH         LINE#         583
  C:25BDH         LINE#         584
  C:25C1H         LINE#         585
  C:25C3H         LINE#         586
  C:25C3H         LINE#         587
  C:25D1H         LINE#         588
  C:25E4H         LINE#         589
  C:25E6H         LINE#         590
  C:25E6H         LINE#         591
  C:260AH         LINE#         592
  C:2616H         LINE#         593
  C:2618H         LINE#         594
  C:2618H         LINE#         595
  C:261BH         LINE#         596
  C:261BH         LINE#         597
  C:261BH         LINE#         598
  C:2631H         LINE#         599
  C:2631H         LINE#         600
  C:2639H         LINE#         601
  C:2639H         LINE#         602
  C:2641H         LINE#         603
  C:2641H         LINE#         604
  C:2644H         LINE#         605
  C:264AH         LINE#         606
  C:2651H         LINE#         607
  C:2651H         LINE#         608
  -------         ENDPROC       USBXCORE_GET_DESCRIPTOR
  -------         PROC          USBXCORE_GET_CONFIGURATION
  C:32C4H         LINE#         614
  C:32C4H         LINE#         616
  C:32CCH         LINE#         617
  C:32CCH         LINE#         618
  C:32D8H         LINE#         619
  C:32E0H         LINE#         620
  C:32E0H         LINE#         621
  C:32E4H         LINE#         622
  C:32E4H         LINE#         623
  C:32F2H         LINE#         624
  C:32FAH         LINE#         625
  C:32FAH         LINE#         626
BL51 BANKED LINKER/LOCATER V6.22                                                      12/07/2018  15:12:48  PAGE 46


  C:32FDH         LINE#         627
  C:3303H         LINE#         628
  C:330AH         LINE#         629
  -------         ENDPROC       USBXCORE_GET_CONFIGURATION
  -------         PROC          USBXCORE_SET_CONFIGURATION
  C:308CH         LINE#         635
  C:308CH         LINE#         637
  C:3095H         LINE#         638
  C:3095H         LINE#         639
  C:309CH         LINE#         640
  C:30A2H         LINE#         641
  C:30A7H         LINE#         642
  C:30A9H         LINE#         644
  C:30B4H         LINE#         645
  C:30BFH         LINE#         646
  C:30CAH         LINE#         653
  C:30D5H         LINE#         654
  C:30D7H         LINE#         656
  C:30D7H         LINE#         657
  C:30DDH         LINE#         658
  C:30E1H         LINE#         659
  C:30E3H         LINE#         660
  C:30E3H         LINE#         661
  -------         ENDPROC       USBXCORE_SET_CONFIGURATION
  -------         PROC          USBXCORE_GET_INTERFACE
  C:34A8H         LINE#         668
  C:34A8H         LINE#         670
  C:34B6H         LINE#         671
  C:34BEH         LINE#         672
  C:34C1H         LINE#         673
  C:34C7H         LINE#         674
  C:34CEH         LINE#         675
  -------         ENDPROC       USBXCORE_GET_INTERFACE
  -------         PROC          USBXCORE_SET_SOP
  C:35C4H         LINE#         682
  C:35C4H         LINE#         684
  C:35CCH         LINE#         685
  C:35CCH         LINE#         686
  C:35D7H         LINE#         687
  C:35D7H         LINE#         688
  -------         ENDPROC       USBXCORE_SET_SOP
  -------         PROC          USBXCORE_USB_ISR
  C:1867H         LINE#         699
  C:1884H         LINE#         702
  C:188AH         LINE#         703
  C:189DH         LINE#         706
  C:18B0H         LINE#         709
  C:18B4H         LINE#         710
  C:18B4H         LINE#         711
  C:18BFH         LINE#         712
  C:18BFH         LINE#         714
  C:18C6H         LINE#         715
  C:18C6H         LINE#         716
  C:18C9H         LINE#         717
  C:18C9H         LINE#         719
  C:18D0H         LINE#         720
  C:18D0H         LINE#         721
BL51 BANKED LINKER/LOCATER V6.22                                                      12/07/2018  15:12:48  PAGE 47


  C:18DDH         LINE#         722
  C:18DDH         LINE#         723
  C:18E4H         LINE#         724
  C:18E4H         LINE#         725
  C:18E4H         LINE#         727
  C:18E4H         LINE#         728
  C:18E4H         LINE#         730
  C:18E4H         LINE#         732
  C:18F7H         LINE#         734
  C:18FBH         LINE#         735
  C:18FBH         LINE#         736
  C:18FEH         LINE#         737
  C:18FEH         LINE#         740
  C:1905H         LINE#         741
  C:1905H         LINE#         742
  C:1910H         LINE#         748
  C:1923H         LINE#         749
  C:1928H         LINE#         750
  C:1928H         LINE#         751
  C:192FH         LINE#         752
  C:192FH         LINE#         754
  C:192FH         LINE#         756
  C:1942H         LINE#         759
  C:1946H         LINE#         760
  C:1946H         LINE#         761
  C:1951H         LINE#         767
  C:1964H         LINE#         768
  C:1968H         LINE#         769
  C:1968H         LINE#         770
  C:196FH         LINE#         771
  C:196FH         LINE#         772
  C:196FH         LINE#         775
  C:197DH         LINE#         776
  C:1982H         LINE#         777
  C:1988H         LINE#         778
  C:198DH         LINE#         781
  C:199AH         LINE#         782
  C:199AH         LINE#         783
  C:199DH         LINE#         784
  C:199DH         LINE#         785
  -------         ENDPROC       USBXCORE_USB_ISR
  -------         ENDMOD        USB_API

  -------         MODULE        USB_SUSPEND
  C:0000H         SYMBOL        _ICE_DUMMY_
  D:00D7H         PUBLIC        USB0XCN
  D:00C9H         PUBLIC        REG0CN
  C:3405H         PUBLIC        USB_Suspend
  D:00A9H         PUBLIC        CLKSEL
  D:00B2H         PUBLIC        OSCICN
  D:00B9H         PUBLIC        CLKMUL
  -------         PROC          USB_SUSPEND
  C:3405H         LINE#         70
  C:3405H         LINE#         72
  C:3408H         LINE#         74
  C:340BH         LINE#         76
  C:3413H         LINE#         79
BL51 BANKED LINKER/LOCATER V6.22                                                      12/07/2018  15:12:48  PAGE 48


  C:3416H         LINE#         80
  C:3419H         LINE#         81
  C:341CH         LINE#         82
  C:341FH         LINE#         84
  C:3420H         LINE#         86
  C:3423H         LINE#         88
  C:3429H         LINE#         92
  C:342CH         LINE#         94
  C:342FH         LINE#         95
  -------         ENDPROC       USB_SUSPEND
  -------         ENDMOD        USB_SUSPEND

  -------         MODULE        USB_INT_ENABLE
  C:0000H         SYMBOL        _ICE_DUMMY_
  C:3595H         PUBLIC        USB_Int_Enable
  D:0096H         PUBLIC        USB0ADR
  D:0097H         PUBLIC        USB0DAT
  -------         PROC          USB_INT_ENABLE
  C:3595H         LINE#         68
  C:3595H         LINE#         71
  C:359CH         LINE#         73
  C:35A2H         LINE#         74
  C:35A2H         LINE#         75
  C:35ADH         LINE#         77
  C:35ADH         LINE#         78
  -------         ENDPROC       USB_INT_ENABLE
  -------         ENDMOD        USB_INT_ENABLE

  -------         MODULE        USB_CLOCK_RECOVERY
  C:0000H         SYMBOL        _ICE_DUMMY_
  C:360AH         PUBLIC        USBXcore_ClkRec
  D:0096H         PUBLIC        USB0ADR
  D:0097H         PUBLIC        USB0DAT
  -------         PROC          USBXCORE_CLKREC
  C:360AH         LINE#         45
  C:360AH         LINE#         47
  C:3615H         LINE#         48
  -------         ENDPROC       USBXCORE_CLKREC
  -------         ENDMOD        USB_CLOCK_RECOVERY

  -------         MODULE        ?C?FPMUL
  C:0C2EH         PUBLIC        ?C?FPMUL
  -------         ENDMOD        ?C?FPMUL

  -------         MODULE        ?C?FCAST
  C:0D3EH         PUBLIC        ?C?FCASTC
  C:0D39H         PUBLIC        ?C?FCASTI
  C:0D34H         PUBLIC        ?C?FCASTL
  -------         ENDMOD        ?C?FCAST

  -------         MODULE        ?C?CASTF
  C:0D72H         PUBLIC        ?C?CASTF
  -------         ENDMOD        ?C?CASTF

  -------         MODULE        ?C?COPY
  C:0EC3H         PUBLIC        ?C?COPY
  -------         ENDMOD        ?C?COPY
BL51 BANKED LINKER/LOCATER V6.22                                                      12/07/2018  15:12:48  PAGE 49



  -------         MODULE        ?C?CLDPTR
  C:0EE9H         PUBLIC        ?C?CLDPTR
  -------         ENDMOD        ?C?CLDPTR

  -------         MODULE        ?C?CLDOPTR
  C:0F02H         PUBLIC        ?C?CLDOPTR
  -------         ENDMOD        ?C?CLDOPTR

  -------         MODULE        ?C?IMUL
  C:0F2FH         PUBLIC        ?C?IMUL
  -------         ENDMOD        ?C?IMUL

  -------         MODULE        ?C?IILDX
  C:0F41H         PUBLIC        ?C?IILDX
  -------         ENDMOD        ?C?IILDX

  -------         MODULE        ?C?LMUL
  C:0F57H         PUBLIC        ?C?LMUL
  -------         ENDMOD        ?C?LMUL

  -------         MODULE        ?C?ULDIV
  C:0FE2H         PUBLIC        ?C?ULDIV
  -------         ENDMOD        ?C?ULDIV

  -------         MODULE        ?C?LNEG
  C:1074H         PUBLIC        ?C?LNEG
  -------         ENDMOD        ?C?LNEG

  -------         MODULE        ?C?ULCMP
  C:1082H         PUBLIC        ?C?ULCMP
  -------         ENDMOD        ?C?ULCMP

  -------         MODULE        ?C?ULSHR
  C:1093H         PUBLIC        ?C?ULSHR
  -------         ENDMOD        ?C?ULSHR

  -------         MODULE        ?C?LSHL
  C:10A6H         PUBLIC        ?C?LSHL
  -------         ENDMOD        ?C?LSHL

  -------         MODULE        ?C?LLDIIDATA
  C:10C2H         PUBLIC        ?C?LLDIIDATA
  C:10B9H         PUBLIC        ?C?LLDIIDATA1
  C:10BBH         PUBLIC        ?C?LLDIIDATA8
  -------         ENDMOD        ?C?LLDIIDATA

  -------         MODULE        ?C?LSTXDATA
  C:10D9H         PUBLIC        ?C?LSTXDATA
  -------         ENDMOD        ?C?LSTXDATA

  -------         MODULE        ?C?LSTKXDATA
  C:10E5H         PUBLIC        ?C?LSTKXDATA
  -------         ENDMOD        ?C?LSTKXDATA

  -------         MODULE        ?C_IBP
  D:0078H         PUBLIC        ?C_IBP
BL51 BANKED LINKER/LOCATER V6.22                                                      12/07/2018  15:12:48  PAGE 50


  -------         ENDMOD        ?C_IBP

*** WARNING L16: UNCALLED SEGMENT, IGNORED FOR OVERLAY PROCESS
    SEGMENT: ?PR?SD_INIT?MMC_SD

*** WARNING L16: UNCALLED SEGMENT, IGNORED FOR OVERLAY PROCESS
    SEGMENT: ?PR?_DISPPICFROMSD?LCD

*** WARNING L16: UNCALLED SEGMENT, IGNORED FOR OVERLAY PROCESS
    SEGMENT: ?PR?DISPSCALEHOR1?LCD

*** WARNING L16: UNCALLED SEGMENT, IGNORED FOR OVERLAY PROCESS
    SEGMENT: ?PR?DISPSCALEVER?LCD

*** WARNING L16: UNCALLED SEGMENT, IGNORED FOR OVERLAY PROCESS
    SEGMENT: ?PR?DISPSCALEVER_RED?LCD

*** WARNING L16: UNCALLED SEGMENT, IGNORED FOR OVERLAY PROCESS
    SEGMENT: ?PR?DISPSCALEVER_GREEN?LCD

*** WARNING L16: UNCALLED SEGMENT, IGNORED FOR OVERLAY PROCESS
    SEGMENT: ?PR?DISPSCALEVER_BLUE?LCD

*** WARNING L16: UNCALLED SEGMENT, IGNORED FOR OVERLAY PROCESS
    SEGMENT: ?PR?DISPSCALEVER_GRAY?LCD

*** WARNING L16: UNCALLED SEGMENT, IGNORED FOR OVERLAY PROCESS
    SEGMENT: ?PR?DISPGRAYHOR32?LCD

*** WARNING L16: UNCALLED SEGMENT, IGNORED FOR OVERLAY PROCESS
    SEGMENT: ?PR?DISPSCALEHOR2?LCD

*** WARNING L16: UNCALLED SEGMENT, IGNORED FOR OVERLAY PROCESS
    SEGMENT: ?PR?_DISPREGVALUE?LCD

*** WARNING L16: UNCALLED SEGMENT, IGNORED FOR OVERLAY PROCESS
    SEGMENT: ?PR?_DRAWGIRD?LCD

Program Size: data=122.0 xdata=1095 code=13871
LINK/LOCATE RUN COMPLETE.  12 WARNING(S),  0 ERROR(S)
