BL51 BANKED LINKER/LOCATER V6.22                                                        07/14/2018  17:48:51  PAGE 1


BL51 BANKED LINKER/LOCATER V6.22, INVOKED BY:
C:\KEIL\C51\BIN\BL51.EXE main.obj, mmc_sd.obj, lcd.obj, tp.obj, .\USBX_F34X.LIB TO ILI9163V_CTC177_16BIT RAMSIZE (256)


MEMORY MODEL: SMALL WITH FLOATING POINT ARITHMETIC


INPUT MODULES INCLUDED:
  main.obj (MAIN)
  mmc_sd.obj (MMC_SD)
  lcd.obj (LCD)
  tp.obj (TP)
  .\USBX_F34X.LIB (USB_API)
  .\USBX_F34X.LIB (USB_CLOCK_START)
  .\USBX_F34X.LIB (USB_SUSPEND)
  .\USBX_F34X.LIB (GET_INTERRUPT_SOURCE)
  .\USBX_F34X.LIB (BLOCK_READ)
  .\USBX_F34X.LIB (BLOCK_WRITE)
  .\USBX_F34X.LIB (USB_INT_ENABLE)
  .\USBX_F34X.LIB (USB_CLOCK_RECOVERY)
  .\USBX_F34X.LIB (USB_JUMP_ISR)
  C:\KEIL\C51\LIB\C51FPS.LIB (?C?FPMUL)
  C:\KEIL\C51\LIB\C51FPS.LIB (?C?FCAST)
  C:\KEIL\C51\LIB\C51FPS.LIB (?C?CASTF)
  C:\KEIL\C51\LIB\C51FPS.LIB (?C?FPGETOPN)
  C:\KEIL\C51\LIB\C51S.LIB (?C_STARTUP)
  C:\KEIL\C51\LIB\C51S.LIB (?C?COPY)
  C:\KEIL\C51\LIB\C51S.LIB (?C?CLDPTR)
  C:\KEIL\C51\LIB\C51S.LIB (?C?CLDOPTR)
  C:\KEIL\C51\LIB\C51S.LIB (?C?IMUL)
  C:\KEIL\C51\LIB\C51S.LIB (?C?IILDX)
  C:\KEIL\C51\LIB\C51S.LIB (?C?LMUL)
  C:\KEIL\C51\LIB\C51S.LIB (?C?ULDIV)
  C:\KEIL\C51\LIB\C51S.LIB (?C?LNEG)
  C:\KEIL\C51\LIB\C51S.LIB (?C?ULCMP)
  C:\KEIL\C51\LIB\C51S.LIB (?C?ULSHR)
  C:\KEIL\C51\LIB\C51S.LIB (?C?LSHL)
  C:\KEIL\C51\LIB\C51S.LIB (?C?LLDIIDATA)
  C:\KEIL\C51\LIB\C51S.LIB (?C?LSTXDATA)
  C:\KEIL\C51\LIB\C51S.LIB (?C?LSTKXDATA)
  C:\KEIL\C51\LIB\C51S.LIB (?C_IBP)
  C:\KEIL\C51\LIB\C51S.LIB (?C_INIT)


LINK MAP OF MODULE:  ILI9163V_CTC177_16BIT (MAIN)


            TYPE    BASE      LENGTH    RELOCATION   SEGMENT NAME
            -----------------------------------------------------

            * * * * * * *   D A T A   M E M O R Y   * * * * * * *
            REG     0000H     0008H     ABSOLUTE     "REG BANK 0"
            DATA    0008H     0027H     UNIT         _DATA_GROUP_
            DATA    002FH     0010H     UNIT         ?DT?MAIN
            DATA    003FH     000DH     UNIT         ?DT?_DISPPICFROMSD?LCD
            DATA    004CH     000AH     UNIT         ?DT?_DRAWLINE?LCD
            DATA    0056H     0004H     UNIT         ?DT?_MMC_SD_READSINGLEBLOCK?MMC_SD
            DATA    005AH     0004H     UNIT         ?DT?DISPSCALEHOR1?LCD
BL51 BANKED LINKER/LOCATER V6.22                                                      07/14/2018  17:48:51  PAGE 2


            DATA    005EH     0004H     UNIT         ?DT?DISPSCALEVER?LCD
            DATA    0062H     0004H     UNIT         ?DT?DISPSCALEVER_RED?LCD
            DATA    0066H     0004H     UNIT         ?DT?DISPSCALEVER_GREEN?LCD
            DATA    006AH     0004H     UNIT         ?DT?DISPSCALEVER_GRAY?LCD
            DATA    006EH     0004H     UNIT         ?DT?DISPGRAYHOR32?LCD
            DATA    0072H     0004H     UNIT         ?DT?_DRAWGIRD?LCD
            DATA    0076H     0002H     UNIT         ?DT?DISPSCALEVER_BLUE?LCD
            DATA    0078H     0002H     UNIT         ?DT?LCD
            DATA    007AH     0001H     UNIT         ?C?LIB_DATA
            IDATA   007BH     0001H     UNIT         ?STACK

            * * * * * * *  X D A T A   M E M O R Y  * * * * * * *
            XDATA   0000H     0200H     UNIT         ?XD?MMC_SD
            XDATA   0200H     0058H     UNIT         _XDATA_GROUP_
            XDATA   0258H     0040H     UNIT         ?XD?MAIN
                    0298H     03A8H                  *** GAP ***
            XDATA   0640H     0100H     ABSOLUTE     
            XDATA   0740H     0012H     ABSOLUTE     
            XDATA   0752H     0020H     ABSOLUTE     
            XDATA   0772H     000CH     ABSOLUTE     
            XDATA   077EH     0008H     ABSOLUTE     
            XDATA   0786H     0001H     ABSOLUTE     
            XDATA   0787H     0003H     ABSOLUTE     
            XDATA   078AH     0002H     ABSOLUTE     
            XDATA   078CH     0002H     ABSOLUTE     
            XDATA   078EH     0003H     ABSOLUTE     
            XDATA   0791H     0001H     ABSOLUTE     
            XDATA   0792H     0001H     ABSOLUTE     
            XDATA   0793H     0001H     ABSOLUTE     
            XDATA   0794H     0001H     ABSOLUTE     
            XDATA   0795H     0002H     ABSOLUTE     
            XDATA   0797H     0002H     ABSOLUTE     
            XDATA   0799H     0001H     ABSOLUTE     
            XDATA   079AH     0001H     ABSOLUTE     
            XDATA   079BH     0001H     ABSOLUTE     
            XDATA   079CH     0001H     ABSOLUTE     
            XDATA   079DH     0001H     ABSOLUTE     
            XDATA   079EH     0001H     ABSOLUTE     
            XDATA   079FH     0002H     ABSOLUTE     
            XDATA   07A1H     0001H     ABSOLUTE     
            XDATA   07A2H     0001H     ABSOLUTE     
            XDATA   07A3H     000CH     ABSOLUTE     
                    07AFH     0011H                  *** GAP ***
            XDATA   07C0H     0040H     ABSOLUTE     

            * * * * * * *   C O D E   M E M O R Y   * * * * * * *
            CODE    0000H     0003H     ABSOLUTE     
            CODE    0003H     003AH     UNIT         ?CO?USB_API
            CODE    003DH     0003H     UNIT         ?PR?SUSPEND_DEVICE?MAIN
                    0040H     0003H                  *** GAP ***
            CODE    0043H     0003H     ABSOLUTE     
            CODE    0046H     0042H     UNIT         ?PR?MCU_INIT?MAIN
                    0088H     0003H                  *** GAP ***
            CODE    008BH     0003H     ABSOLUTE     
            CODE    008EH     0600H     UNIT         ?CO?LCD
            CODE    068EH     05A0H     UNIT         ?PR?CONNTOUSB?MAIN
            CODE    0C2EH     04E8H     UNIT         ?C?LIB_CODE
BL51 BANKED LINKER/LOCATER V6.22                                                      07/14/2018  17:48:51  PAGE 3


            CODE    1116H     0233H     UNIT         ?PR?USBXCORE_HANDLE_SETUP?USB_API
            CODE    1349H     01CBH     UNIT         ?PR?DISPSCALEHOR1?LCD
            CODE    1514H     01A5H     UNIT         ?PR?TP_DRAWLINE?TP
            CODE    16B9H     0151H     UNIT         ?PR?USBXCORE_USB_ISR?USB_API
            CODE    180AH     0149H     UNIT         ?PR?LCD_INIT?LCD
            CODE    1953H     013CH     UNIT         ?PR?DISPSCALEHOR2?LCD
            CODE    1A8FH     013AH     UNIT         ?PR?DISPBAND?LCD
            CODE    1BC9H     0137H     UNIT         ?PR?_USB_INIT?USB_API
            CODE    1D00H     0128H     UNIT         ?PR?_LCD_READ_IC_ID?LCD
            CODE    1E28H     011BH     UNIT         ?PR?_TP_GETPOSITION?TP
            CODE    1F43H     0111H     UNIT         ?PR?_BLOCK_WRITE?BLOCK_WRITE
            CODE    2054H     010EH     UNIT         ?PR?USB_API_TEST_ISR?MAIN
            CODE    2162H     0104H     UNIT         ?PR?DISPSCALEVER?LCD
            CODE    2266H     00CDH     UNIT         ?PR?USBXCORE_VENDOR_USB_API?USB_API
            CODE    2333H     00B4H     UNIT         ?PR?_DISPPICFROMSD?LCD
            CODE    23E7H     00B3H     UNIT         ?PR?MMC_SD_RESET?MMC_SD
            CODE    249AH     00B2H     UNIT         ?PR?USBXCORE_GET_DESCRIPTOR?USB_API
            CODE    254CH     00AFH     UNIT         ?PR?_BLOCK_READ?BLOCK_READ
            CODE    25FBH     00A4H     UNIT         ?PR?_DISPONECHAR?LCD
            CODE    269FH     0099H     UNIT         ?PR?_?BLOCKWRITE?LCD
            CODE    2738H     0095H     UNIT         ?PR?_DISPINT?LCD
            CODE    27CDH     0093H     UNIT         ?PR?DISPFRAME?LCD
            CODE    2860H     008CH     UNIT         ?PR?DISPSCALEVER_GREEN?LCD
            CODE    28ECH     008CH     UNIT         ?C_C51STARTUP
            CODE    2978H     0089H     UNIT         ?PR?DISPGRAYHOR16?LCD
            CODE    2A01H     0082H     UNIT         ?PR?_DISPSTR?LCD
            CODE    2A83H     007FH     UNIT         ?PR?DISPSCALEVER_RED?LCD
            CODE    2B02H     007FH     UNIT         ?PR?DISPSCALEVER_GRAY?LCD
            CODE    2B81H     007EH     UNIT         ?PR?_MMC_SD_WRITESINGLEBLOCK?MMC_SD
            CODE    2BFFH     0075H     UNIT         ?PR?_DRAWGIRD?LCD
            CODE    2C74H     0073H     UNIT         ?PR?TP_READ?TP
            CODE    2CE7H     0073H     UNIT         ?PR?USBXCORE_GET_STATUS?USB_API
            CODE    2D5AH     006CH     UNIT         ?PR?DEVICES_INIT?MAIN
            CODE    2DC6H     006CH     UNIT         ?PR?DISPGRAYHOR32?LCD
            CODE    2E32H     0065H     UNIT         ?PR?_MMC_SD_READSINGLEBLOCK?MMC_SD
            CODE    2E97H     0064H     UNIT         ?PR?DISPSCALEVER_BLUE?LCD
            CODE    2EFBH     0064H     UNIT         ?PR?_DRAWLINE?LCD
            CODE    2F5FH     0061H     UNIT         ?PR?_MMC_SD_SENDCOMMAND?MMC_SD
            CODE    2FC0H     005BH     UNIT         ?PR?_TOORD?LCD
            CODE    301BH     005AH     UNIT         ?PR?USBXCORE_SET_CONFIGURATION?USB_API
            CODE    3075H     0058H     UNIT         ?PR?USBXCORE_CLEAR_FEATURE?USB_API
            CODE    30CDH     0057H     UNIT         ?PR?USBXCORE_SET_FEATURE?USB_API
            CODE    3124H     0050H     UNIT         ?CO?MAIN
            CODE    3174H     004CH     UNIT         ?PR?_STOPDELAY?MAIN
            CODE    31C0H     0049H     UNIT         ?PR?MAIN?MAIN
            CODE    3209H     0047H     UNIT         ?PR?USBXCORE_GET_CONFIGURATION?USB_API
            CODE    3250H     0042H     UNIT         ?PR?_PUTPIXEL?LCD
            CODE    3292H     0038H     UNIT         ?PR?USB_CLOCK_START?USB_CLOCK_START
            CODE    32CAH     002BH     UNIT         ?PR?USB_SUSPEND?USB_SUSPEND
            CODE    32F5H     0029H     UNIT         ?C_INITSEG
            CODE    331EH     0027H     UNIT         ?PR?_DISPCOLOR?LCD
            CODE    3345H     0027H     UNIT         ?PR?USBXCORE_USB_RESET?USB_API
            CODE    336CH     0027H     UNIT         ?PR?USBXCORE_GET_INTERFACE?USB_API
            CODE    3393H     0026H     UNIT         ?PR?_WRITEDISPDATA?LCD
            CODE    33B9H     0026H     UNIT         ?PR?_TP_WRITE?TP
            CODE    33DFH     0022H     UNIT         ?PR?USBXCORE_JUMP_ISR?USB_JUMP_ISR
            CODE    3401H     0020H     UNIT         ?PR?USBXCORE_SET_ADDRESS?USB_API
BL51 BANKED LINKER/LOCATER V6.22                                                      07/14/2018  17:48:51  PAGE 4


            CODE    3421H     001FH     UNIT         ?PR?_DELAY?MAIN
            CODE    3440H     001EH     UNIT         ?PR?_WRITEDATA?LCD
            CODE    345EH     001DH     UNIT         ?PR?USBXCORE_FORCE_STALL?USB_API
            CODE    347BH     001AH     UNIT         ?PR?_WRITECOMM?LCD
            CODE    3495H     0019H     UNIT         ?PR?USB_INT_ENABLE?USB_INT_ENABLE
            CODE    34AEH     0016H     UNIT         ?PR?_SPI_WRITEBYTE?MMC_SD
            CODE    34C4H     0014H     UNIT         ?PR?USBXCORE_SET_SOP?USB_API
            CODE    34D8H     0013H     UNIT         ?PR?WAITKEY?MAIN
            CODE    34EBH     0013H     UNIT         ?PR?READDATA?LCD
            CODE    34FEH     0011H     UNIT         ?PR?SD_INIT?MMC_SD
            CODE    350FH     000EH     UNIT         ?PR?GET_INTERRUPT_SOURCE?GET_INTERRUPT_SOURCE
            CODE    351DH     000CH     UNIT         ?PR?USBXCORE_CLKREC?USB_CLOCK_RECOVERY
            CODE    3529H     000BH     UNIT         ?PR?SPI_READBYTE?MMC_SD
            CODE    3534H     0009H     UNIT         ?PR?_WRITEONEDOT?LCD



OVERLAY MAP OF MODULE:   ILI9163V_CTC177_16BIT (MAIN)


SEGMENT                                            DATA_GROUP          XDATA_GROUP
  +--> CALLED SEGMENT                            START    LENGTH     START    LENGTH
------------------------------------------------------------------------------------
?PR?USB_API_TEST_ISR?MAIN                        0008H    0001H      -----    -----
  +--> ?PR?GET_INTERRUPT_SOURCE?GET_INTERRUP...
  +--> ?PR?_BLOCK_READ?BLOCK_READ
  +--> ?PR?SUSPEND_DEVICE?MAIN
  +--> ?PR?MCU_INIT?MAIN
  +--> ?PR?_?BLOCKWRITE?LCD

?PR?SUSPEND_DEVICE?MAIN                          -----    -----      -----    -----
  +--> ?PR?USB_SUSPEND?USB_SUSPEND

?PR?USB_SUSPEND?USB_SUSPEND                      -----    -----      -----    -----
  +--> ?PR?USB_CLOCK_START?USB_CLOCK_START

?PR?_?BLOCKWRITE?LCD                             -----    -----      -----    -----
  +--> ?PR?_WRITECOMM?LCD
  +--> ?PR?_WRITEDATA?LCD

?PR?_WRITECOMM?LCD                               002DH    0002H      -----    -----

?PR?_WRITEDATA?LCD                               002DH    0002H      -----    -----

*** NEW ROOT ***************************************************

?PR?USBXCORE_USB_ISR?USB_API                     -----    -----      -----    -----
  +--> ?PR?USBXCORE_USB_RESET?USB_API
  +--> ?PR?USBXCORE_HANDLE_SETUP?USB_API
  +--> ?PR?USBXCORE_JUMP_ISR?USB_JUMP_ISR

?PR?USBXCORE_HANDLE_SETUP?USB_API                -----    -----      -----    -----
  +--> ?PR?USBXCORE_GET_STATUS?USB_API
  +--> ?PR?USBXCORE_CLEAR_FEATURE?USB_API
  +--> ?PR?USBXCORE_VENDOR_USB_API?USB_API
  +--> ?PR?USBXCORE_SET_FEATURE?USB_API
  +--> ?PR?USBXCORE_SET_ADDRESS?USB_API
BL51 BANKED LINKER/LOCATER V6.22                                                      07/14/2018  17:48:51  PAGE 5


  +--> ?PR?USBXCORE_GET_DESCRIPTOR?USB_API
  +--> ?PR?USBXCORE_GET_CONFIGURATION?USB_API
  +--> ?PR?USBXCORE_SET_CONFIGURATION?USB_API
  +--> ?PR?USBXCORE_GET_INTERFACE?USB_API
  +--> ?PR?USBXCORE_SET_SOP?USB_API
  +--> ?PR?USBXCORE_FORCE_STALL?USB_API

?PR?USBXCORE_GET_STATUS?USB_API                  -----    -----      -----    -----
  +--> ?CO?USB_API
  +--> ?PR?USBXCORE_FORCE_STALL?USB_API
  +--> ?PR?USBXCORE_SET_SOP?USB_API

?PR?USBXCORE_CLEAR_FEATURE?USB_API               -----    -----      -----    -----
  +--> ?PR?USBXCORE_FORCE_STALL?USB_API
  +--> ?PR?USBXCORE_SET_SOP?USB_API

?PR?USBXCORE_VENDOR_USB_API?USB_API              -----    -----      -----    -----
  +--> ?PR?USBXCORE_SET_SOP?USB_API

?PR?USBXCORE_SET_FEATURE?USB_API                 -----    -----      -----    -----
  +--> ?PR?USBXCORE_FORCE_STALL?USB_API
  +--> ?PR?USBXCORE_SET_SOP?USB_API

?PR?USBXCORE_SET_ADDRESS?USB_API                 -----    -----      -----    -----
  +--> ?PR?USBXCORE_SET_SOP?USB_API

?PR?USBXCORE_GET_DESCRIPTOR?USB_API              -----    -----      -----    -----
  +--> ?PR?USBXCORE_FORCE_STALL?USB_API
  +--> ?PR?USBXCORE_SET_SOP?USB_API

?PR?USBXCORE_GET_CONFIGURATION?USB_API           -----    -----      -----    -----
  +--> ?CO?USB_API
  +--> ?PR?USBXCORE_SET_SOP?USB_API

?PR?USBXCORE_SET_CONFIGURATION?USB_API           -----    -----      -----    -----
  +--> ?PR?USBXCORE_SET_SOP?USB_API

?PR?USBXCORE_GET_INTERFACE?USB_API               -----    -----      -----    -----
  +--> ?CO?USB_API
  +--> ?PR?USBXCORE_SET_SOP?USB_API

*** NEW ROOT ***************************************************

?C_C51STARTUP                                    -----    -----      -----    -----
  +--> ?PR?MAIN?MAIN
  +--> ?C_INITSEG

?PR?MAIN?MAIN                                    000BH    0001H      -----    -----
  +--> ?PR?DEVICES_INIT?MAIN
  +--> ?PR?DISPFRAME?LCD
  +--> ?PR?_STOPDELAY?MAIN
  +--> ?PR?_DISPCOLOR?LCD
  +--> ?PR?DISPGRAYHOR16?LCD
  +--> ?PR?DISPBAND?LCD
  +--> ?PR?TP_DRAWLINE?TP

?PR?DEVICES_INIT?MAIN                            -----    -----      -----    -----
BL51 BANKED LINKER/LOCATER V6.22                                                      07/14/2018  17:48:51  PAGE 6


  +--> ?PR?MCU_INIT?MAIN
  +--> ?PR?USB_CLOCK_START?USB_CLOCK_START
  +--> ?CO?MAIN
  +--> ?PR?_USB_INIT?USB_API
  +--> ?PR?USB_INT_ENABLE?USB_INT_ENABLE
  +--> ?PR?LCD_INIT?LCD

?PR?_USB_INIT?USB_API                            -----    -----      0200H    0011H
  +--> ?CO?USB_API
  +--> ?PR?USBXCORE_CLKREC?USB_CLOCK_RECOVERY

?PR?LCD_INIT?LCD                                 -----    -----      -----    -----
  +--> ?PR?READDATA?LCD
  +--> ?PR?_DELAY?MAIN
  +--> ?PR?_WRITECOMM?LCD
  +--> ?PR?_WRITEDATA?LCD

?PR?READDATA?LCD                                 -----    -----      -----    -----
  +--> ?PR?_LCD_READ_IC_ID?LCD

?PR?_LCD_READ_IC_ID?LCD                          0015H    0008H      -----    -----

?PR?DISPFRAME?LCD                                -----    -----      -----    -----
  +--> ?PR?_?BLOCKWRITE?LCD
  +--> ?PR?_WRITEDISPDATA?LCD

?PR?_WRITEDISPDATA?LCD                           002DH    0001H      -----    -----

?PR?_STOPDELAY?MAIN                              000CH    0004H      -----    -----
  +--> ?PR?WAITKEY?MAIN
  +--> ?PR?_DELAY?MAIN

?PR?WAITKEY?MAIN                                 -----    -----      -----    -----
  +--> ?PR?CONNTOUSB?MAIN
  +--> ?PR?_DELAY?MAIN

?PR?CONNTOUSB?MAIN                               0010H    0005H      0200H    0058H
  +--> ?CO?MAIN
  +--> ?PR?_WRITECOMM?LCD
  +--> ?PR?_WRITEDATA?LCD
  +--> ?PR?_DISPSTR?LCD
  +--> ?PR?_DISPINT?LCD
  +--> ?PR?_WRITEDISPDATA?LCD
  +--> ?PR?_MMC_SD_WRITESINGLEBLOCK?MMC_SD
  +--> ?PR?_BLOCK_WRITE?BLOCK_WRITE
  +--> ?PR?READDATA?LCD
  +--> ?PR?_DELAY?MAIN

?PR?_DISPSTR?LCD                                 0015H    000BH      -----    -----
  +--> ?PR?_TOORD?LCD
  +--> ?PR?_DISPONECHAR?LCD

?PR?_DISPONECHAR?LCD                             0020H    000DH      -----    -----
  +--> ?PR?_?BLOCKWRITE?LCD
  +--> ?CO?LCD
  +--> ?PR?_WRITEONEDOT?LCD

BL51 BANKED LINKER/LOCATER V6.22                                                      07/14/2018  17:48:51  PAGE 7


?PR?_WRITEONEDOT?LCD                             -----    -----      -----    -----
  +--> ?PR?_WRITEDISPDATA?LCD

?PR?_DISPINT?LCD                                 0015H    000AH      -----    -----
  +--> ?PR?_DISPONECHAR?LCD

?PR?_MMC_SD_WRITESINGLEBLOCK?MMC_SD              0015H    0004H      -----    -----
  +--> ?PR?_MMC_SD_SENDCOMMAND?MMC_SD
  +--> ?PR?_SPI_WRITEBYTE?MMC_SD

?PR?_MMC_SD_SENDCOMMAND?MMC_SD                   0019H    0005H      -----    -----
  +--> ?PR?_SPI_WRITEBYTE?MMC_SD

?PR?_DISPCOLOR?LCD                               000CH    0002H      -----    -----
  +--> ?PR?_?BLOCKWRITE?LCD
  +--> ?PR?_WRITEDISPDATA?LCD

?PR?DISPGRAYHOR16?LCD                            000CH    0004H      -----    -----
  +--> ?PR?_?BLOCKWRITE?LCD
  +--> ?PR?_WRITEDISPDATA?LCD

?PR?DISPBAND?LCD                                 000CH    0005H      -----    -----
  +--> ?PR?_?BLOCKWRITE?LCD
  +--> ?PR?_WRITEDISPDATA?LCD

?PR?TP_DRAWLINE?TP                               -----    -----      0200H    0018H
  +--> ?PR?_DELAY?MAIN
  +--> ?PR?_TP_GETPOSITION?TP
  +--> ?PR?_PUTPIXEL?LCD
  +--> ?PR?_DISPCOLOR?LCD

?PR?_TP_GETPOSITION?TP                           -----    -----      0218H    001BH
  +--> ?PR?_TP_WRITE?TP
  +--> ?PR?TP_READ?TP

?PR?_TP_WRITE?TP                                 -----    -----      0233H    0001H

?PR?TP_READ?TP                                   -----    -----      0233H    0005H

?PR?_PUTPIXEL?LCD                                000CH    0002H      -----    -----
  +--> ?PR?_?BLOCKWRITE?LCD
  +--> ?PR?_WRITEDISPDATA?LCD



SYMBOL TABLE OF MODULE:  ILI9163V_CTC177_16BIT (MAIN)

  VALUE           TYPE          NAME
  ----------------------------------

  -------         MODULE        MAIN
  C:0000H         SYMBOL        _ICE_DUMMY_
  D:0080H         PUBLIC        P0
  D:002FH         PUBLIC        f_down
  D:0090H         PUBLIC        P1
  D:00A0H         PUBLIC        P2
  D:00B0H         PUBLIC        P3
BL51 BANKED LINKER/LOCATER V6.22                                                      07/14/2018  17:48:51  PAGE 8


  C:316FH         PUBLIC        USB_MaxPower
  B:00B0H.6       PUBLIC        KEY_STEP
  D:00A4H         PUBLIC        P0MDOUT
  D:00A5H         PUBLIC        P1MDOUT
  D:00A6H         PUBLIC        P2MDOUT
  D:00A7H         PUBLIC        P3MDOUT
  D:00AEH         PUBLIC        P4MDOUT
  B:0080H.6       PUBLIC        OE
  D:00D9H         PUBLIC        PCA0MD
  C:2054H         PUBLIC        USB_API_TEST_ISR
  C:003DH         PUBLIC        Suspend_Device
  C:3178H         PUBLIC        _StopDelay
  D:00E1H         PUBLIC        XBR0
  D:00E2H         PUBLIC        XBR1
  B:00B0H.1       PUBLIC        RS
  C:31C0H         PUBLIC        main
  D:0030H         PUBLIC        VerifyCode0
  D:0031H         PUBLIC        VerifyCode1
  C:3139H         PUBLIC        USB_PID
  D:0032H         PUBLIC        VerifyCode2
  D:00F1H         PUBLIC        P0MDIN
  D:00F2H         PUBLIC        P1MDIN
  C:313BH         PUBLIC        USB_MfrStr
  D:00F4H         PUBLIC        P3MDIN
  C:3137H         PUBLIC        USB_VID
  D:00F8H         PUBLIC        SPI0CN
  D:0033H         PUBLIC        pic
  C:2D5AH         PUBLIC        Devices_Init
  C:068EH         PUBLIC        ConnToUSB
  D:00A9H         PUBLIC        CLKSEL
  D:00B2H         PUBLIC        OSCICN
  C:3170H         PUBLIC        USB_PwAttributes
  C:34D8H         PUBLIC        WaitKey
  C:3173H         SYMBOL        _?ix1000
  B:00B0H.0       PUBLIC        CS0
  D:0034H         PUBLIC        bf
  C:3171H         PUBLIC        USB_bcdDevice
  D:00B9H         PUBLIC        CLKMUL
  D:0036H         PUBLIC        f_debug
  D:0037H         PUBLIC        sd
  X:0258H         PUBLIC        Packet
  C:0046H         PUBLIC        MCU_Init
  B:0080H.7       PUBLIC        DIR
  D:00EFH         PUBLIC        RSTSRC
  D:003BH         PUBLIC        f_read
  C:3165H         PUBLIC        USB_SerialStr
  D:003CH         PUBLIC        f_other
  C:3155H         PUBLIC        USB_ProductStr
  D:003DH         PUBLIC        f_para
  D:00A1H         PUBLIC        SPI0CFG
  C:3421H         PUBLIC        _Delay
  B:00B0H.7       PUBLIC        KEY_Stop
  D:003EH         PUBLIC        f_init
  -------         PROC          MAIN
  -------         DO            
  D:000BH         SYMBOL        n
  -------         ENDDO         
BL51 BANKED LINKER/LOCATER V6.22                                                      07/14/2018  17:48:51  PAGE 9


  C:31C0H         LINE#         41
  C:31C0H         LINE#         42
  C:31C0H         LINE#         46
  C:31C3H         LINE#         48
  C:31C6H         LINE#         49
  C:31C6H         LINE#         51
  C:31CCH         LINE#         52
  C:31D6H         LINE#         53
  C:31E0H         LINE#         54
  C:31EAH         LINE#         55
  C:31F0H         LINE#         56
  C:31F6H         LINE#         57
  C:3203H         LINE#         62
  C:3206H         LINE#         64
  C:3208H         LINE#         67
  -------         ENDPROC       MAIN
  -------         PROC          _DELAY
  D:0006H         SYMBOL        dly
  -------         DO            
  D:0004H         SYMBOL        i
  D:0002H         SYMBOL        j
  -------         ENDDO         
  C:3421H         LINE#         71
  C:3421H         LINE#         72
  C:3421H         LINE#         75
  C:342BH         LINE#         76
  C:343FH         LINE#         77
  -------         ENDPROC       _DELAY
  C:3174H         SYMBOL        L?0133
  -------         PROC          L?0132
  -------         ENDPROC       L?0132
  C:3174H         SYMBOL        L?0133
  -------         PROC          _STOPDELAY
  D:000CH         SYMBOL        sdly
  -------         DO            
  D:0006H         SYMBOL        i
  D:0004H         SYMBOL        j
  D:000EH         SYMBOL        k
  -------         ENDDO         
  C:3178H         LINE#         80
  C:317CH         LINE#         81
  C:317CH         LINE#         83
  C:3181H         LINE#         84
  C:3181H         LINE#         85
  C:3184H         LINE#         86
  C:3184H         LINE#         87
  C:3190H         LINE#         88
  C:31A4H         LINE#         89
  C:31A4H         LINE#         91
  C:31A4H         LINE#         92
  C:31AEH         LINE#         93
  C:31AEH         LINE#         94
  C:31BFH         LINE#         95
  -------         ENDPROC       _STOPDELAY
  -------         PROC          WAITKEY
  C:34D8H         LINE#         125
  C:34D8H         LINE#         126
BL51 BANKED LINKER/LOCATER V6.22                                                      07/14/2018  17:48:51  PAGE 10


  C:34D8H         LINE#         128
  C:34DBH         LINE#         129
  C:34DBH         LINE#         131
  C:34DEH         LINE#         133
  C:34E0H         LINE#         134
  C:34E7H         LINE#         135
  C:34EAH         LINE#         137
  -------         ENDPROC       WAITKEY
  -------         PROC          CONNTOUSB
  -------         DO            
  D:0010H         SYMBOL        i
  X:0200H         SYMBOL        reg_data
  X:0218H         SYMBOL        para_data
  D:0007H         SYMBOL        dat
  D:0011H         SYMBOL        reg_index
  D:0013H         SYMBOL        data_num
  D:0014H         SYMBOL        st
  -------         ENDDO         
  C:068EH         LINE#         158
  C:068EH         LINE#         159
  C:068EH         LINE#         166
  C:06A1H         LINE#         169
  C:06A8H         LINE#         170
  C:06A8H         LINE#         171
  C:06ABH         LINE#         172
  C:06ABH         LINE#         173
  C:06BDH         LINE#         174
  C:06BDH         LINE#         175
  C:06E4H         LINE#         176
  C:06E6H         LINE#         177
  C:06FAH         LINE#         178
  C:06FAH         LINE#         179
  C:0721H         LINE#         181
  C:0721H         LINE#         182
  C:0721H         LINE#         183
  C:0721H         LINE#         185
  C:0721H         LINE#         186
  C:072AH         LINE#         187
  C:0734H         LINE#         188
  C:073EH         LINE#         190
  C:0759H         LINE#         192
  C:0763H         LINE#         193
  C:0763H         LINE#         194
  C:0766H         LINE#         195
  C:0766H         LINE#         196
  C:0778H         LINE#         197
  C:0778H         LINE#         198
  C:07CAH         LINE#         199
  C:07CCH         LINE#         200
  C:07E0H         LINE#         201
  C:07E0H         LINE#         202
  C:0833H         LINE#         203
  C:0833H         LINE#         204
  C:0833H         LINE#         205
  C:0833H         LINE#         207
  C:0833H         LINE#         208
  C:083FH         LINE#         209
BL51 BANKED LINKER/LOCATER V6.22                                                      07/14/2018  17:48:51  PAGE 11


  C:083FH         LINE#         210
  C:0849H         LINE#         211
  C:0853H         LINE#         213
  C:0856H         LINE#         214
  C:0859H         LINE#         218
  C:0860H         LINE#         219
  C:0860H         LINE#         220
  C:086DH         LINE#         221
  C:086DH         LINE#         222
  C:086FH         LINE#         224
  C:0871H         LINE#         225
  C:088EH         LINE#         226
  C:0890H         LINE#         228
  C:08B3H         LINE#         229
  C:08D6H         LINE#         230
  C:08DFH         LINE#         231
  C:08DFH         LINE#         232
  C:08E7H         LINE#         233
  C:08EDH         LINE#         234
  C:08F8H         LINE#         235
  C:08FDH         LINE#         236
  C:08FDH         LINE#         237
  C:0904H         LINE#         239
  C:0907H         LINE#         240
  C:0912H         LINE#         241
  C:0915H         LINE#         244
  C:091CH         LINE#         245
  C:091CH         LINE#         246
  C:0925H         LINE#         247
  C:0925H         LINE#         248
  C:0932H         LINE#         249
  C:0932H         LINE#         250
  C:0934H         LINE#         252
  C:0936H         LINE#         253
  C:0953H         LINE#         254
  C:0955H         LINE#         256
  C:0978H         LINE#         257
  C:099BH         LINE#         259
  C:09A4H         LINE#         260
  C:09A4H         LINE#         261
  C:09ACH         LINE#         262
  C:09B2H         LINE#         263
  C:09BDH         LINE#         264
  C:09C2H         LINE#         265
  C:09C2H         LINE#         267
  C:09C9H         LINE#         273
  C:09C9H         LINE#         274
  C:09D3H         LINE#         275
  C:09D3H         LINE#         276
  C:09D5H         LINE#         278
  C:09D7H         LINE#         279
  C:09F4H         LINE#         280
  C:09F6H         LINE#         282
  C:09FCH         LINE#         283
  C:09FFH         LINE#         284
  C:0A0AH         LINE#         285
  C:0A0AH         LINE#         286
BL51 BANKED LINKER/LOCATER V6.22                                                      07/14/2018  17:48:51  PAGE 12


  C:0A0DH         LINE#         289
  C:0A14H         LINE#         290
  C:0A14H         LINE#         291
  C:0A21H         LINE#         292
  C:0A21H         LINE#         293
  C:0A2FH         LINE#         294
  C:0A2FH         LINE#         295
  C:0A4EH         LINE#         296
  C:0A50H         LINE#         297
  C:0A5FH         LINE#         298
  C:0A5FH         LINE#         299
  C:0A7EH         LINE#         300
  C:0A80H         LINE#         301
  C:0A90H         LINE#         302
  C:0A90H         LINE#         305
  C:0A9AH         LINE#         306
  C:0AA4H         LINE#         307
  C:0AA4H         LINE#         308
  C:0AA4H         LINE#         309
  C:0AA4H         LINE#         311
  C:0AA4H         LINE#         312
  C:0AADH         LINE#         313
  C:0AB0H         LINE#         314
  C:0ABBH         LINE#         315
  C:0ABEH         LINE#         318
  C:0AC5H         LINE#         319
  C:0AC5H         LINE#         320
  C:0AC8H         LINE#         321
  C:0ADCH         LINE#         323
  C:0AE4H         LINE#         324
  C:0AF2H         LINE#         326
  C:0AFAH         LINE#         327
  C:0AFAH         LINE#         328
  C:0B01H         LINE#         329
  C:0B0BH         LINE#         330
  C:0B0BH         LINE#         331
  C:0B0EH         LINE#         332
  C:0B1BH         LINE#         333
  C:0B28H         LINE#         334
  C:0B2EH         LINE#         335
  C:0B2EH         LINE#         337
  C:0B31H         LINE#         338
  C:0B3FH         LINE#         340
  C:0B46H         LINE#         341
  C:0B61H         LINE#         342
  C:0B6BH         LINE#         343
  C:0B6BH         LINE#         344
  C:0B8BH         LINE#         345
  C:0B98H         LINE#         346
  C:0B98H         LINE#         347
  C:0BEBH         LINE#         348
  C:0BF1H         LINE#         349
  C:0BF1H         LINE#         350
  C:0BF1H         LINE#         353
  C:0BF5H         LINE#         354
  C:0BF5H         LINE#         355
  C:0BF8H         LINE#         356
BL51 BANKED LINKER/LOCATER V6.22                                                      07/14/2018  17:48:51  PAGE 13


  C:0C0CH         LINE#         358
  C:0C11H         LINE#         359
  C:0C15H         LINE#         360
  C:0C18H         LINE#         361
  C:0C1CH         LINE#         363
  C:0C1FH         LINE#         364
  C:0C2BH         LINE#         365
  C:0C2DH         LINE#         366
  -------         ENDPROC       CONNTOUSB
  -------         PROC          MCU_INIT
  -------         DO            
  D:0007H         SYMBOL        n
  -------         ENDDO         
  C:0046H         LINE#         369
  C:0046H         LINE#         370
  C:0046H         LINE#         372
  C:0049H         LINE#         375
  C:004CH         LINE#         376
  C:004FH         LINE#         378
  C:0052H         LINE#         380
  C:0057H         LINE#         382
  C:005AH         LINE#         383
  C:005FH         LINE#         384
  C:0062H         LINE#         386
  C:0065H         LINE#         389
  C:0068H         LINE#         390
  C:006BH         LINE#         392
  C:006EH         LINE#         393
  C:0071H         LINE#         395
  C:0074H         LINE#         396
  C:0077H         LINE#         398
  C:007AH         LINE#         399
  C:007DH         LINE#         400
  C:007FH         LINE#         401
  C:0081H         LINE#         406
  C:0084H         LINE#         407
  C:0087H         LINE#         409
  -------         ENDPROC       MCU_INIT
  -------         PROC          DEVICES_INIT
  C:2D5AH         LINE#         411
  C:2D5AH         LINE#         412
  C:2D5AH         LINE#         414
  C:2D5DH         LINE#         417
  C:2D60H         LINE#         418
  C:2DBAH         LINE#         419
  C:2DBDH         LINE#         422
  C:2DC0H         LINE#         423
  C:2DC3H         LINE#         431
  -------         ENDPROC       DEVICES_INIT
  -------         PROC          SUSPEND_DEVICE
  C:003DH         LINE#         435
  C:003DH         LINE#         436
  C:003DH         LINE#         437
  -------         ENDPROC       SUSPEND_DEVICE
  -------         PROC          USB_API_TEST_ISR
  -------         DO            
  D:0008H         SYMBOL        INTVAL
BL51 BANKED LINKER/LOCATER V6.22                                                      07/14/2018  17:48:51  PAGE 14


  -------         ENDDO         
  C:2054H         LINE#         441
  C:2071H         LINE#         443
  C:2076H         LINE#         445
  C:207BH         LINE#         446
  C:207BH         LINE#         447
  C:2086H         LINE#         449
  C:2098H         LINE#         450
  C:2098H         LINE#         451
  C:209BH         LINE#         452
  C:209DH         LINE#         453
  C:20ADH         LINE#         454
  C:20ADH         LINE#         455
  C:20B0H         LINE#         456
  C:20B2H         LINE#         457
  C:20C3H         LINE#         458
  C:20C3H         LINE#         459
  C:20C6H         LINE#         460
  C:20C8H         LINE#         461
  C:20DAH         LINE#         462
  C:20DAH         LINE#         463
  C:20DDH         LINE#         464
  C:20DFH         LINE#         465
  C:20EFH         LINE#         466
  C:20EFH         LINE#         467
  C:20F2H         LINE#         468
  C:20F4H         LINE#         470
  C:20F4H         LINE#         471
  C:20F7H         LINE#         472
  C:20F7H         LINE#         473
  C:20F7H         LINE#         475
  C:20F7H         LINE#         476
  C:20F7H         LINE#         478
  C:20F7H         LINE#         480
  C:20FCH         LINE#         481
  C:20FCH         LINE#         482
  C:20FFH         LINE#         483
  C:20FFH         LINE#         485
  C:2104H         LINE#         486
  C:2104H         LINE#         487
  C:2107H         LINE#         488
  C:2107H         LINE#         490
  C:210CH         LINE#         491
  C:210CH         LINE#         492
  C:2126H         LINE#         493
  C:2126H         LINE#         495
  C:212BH         LINE#         496
  C:212BH         LINE#         497
  C:212DH         LINE#         498
  C:2147H         LINE#         499
  C:2147H         LINE#         500
  -------         ENDPROC       USB_API_TEST_ISR
  -------         ENDMOD        MAIN

  -------         MODULE        MMC_SD
  C:0000H         SYMBOL        _ICE_DUMMY_
  D:00A2H         PUBLIC        SPI0CKR
BL51 BANKED LINKER/LOCATER V6.22                                                      07/14/2018  17:48:51  PAGE 15


  D:0080H         PUBLIC        P0
  D:0090H         PUBLIC        P1
  D:00A0H         PUBLIC        P2
  D:00B0H         PUBLIC        P3
  C:2F5FH         PUBLIC        _MMC_SD_SendCommand
  C:2E32H         PUBLIC        _MMC_SD_ReadSingleBlock
  C:34FEH         PUBLIC        SD_Init
  C:2B81H         PUBLIC        _MMC_SD_WriteSingleBlock
  B:00F8H.7       PUBLIC        SPIF
  B:00F8H.2       PUBLIC        NSSMD0
  C:23E7H         PUBLIC        MMC_SD_Reset
  D:00A9H         PUBLIC        CLKSEL
  C:3529H         PUBLIC        SPI_ReadByte
  C:34BAH         PUBLIC        _SPI_WriteByte
  D:00A3H         PUBLIC        SPI0DAT
  X:0000H         PUBLIC        buffer
  C:34AEH         SYMBOL        L?0062
  C:34B3H         SYMBOL        L?0063
  -------         PROC          L?0061
  -------         ENDPROC       L?0061
  C:34AEH         SYMBOL        L?0062
  C:34B3H         SYMBOL        L?0063
  -------         PROC          _SPI_WRITEBYTE
  D:0007H         SYMBOL        val
  -------         DO            
  D:0007H         SYMBOL        ret
  -------         ENDDO         
  C:34BAH         LINE#         7
  C:34BAH         LINE#         8
  C:34BAH         LINE#         11
  C:34BCH         LINE#         12
  C:34BFH         LINE#         13
  C:34C1H         LINE#         14
  C:34C3H         LINE#         15
  C:34C3H         LINE#         16
  -------         ENDPROC       _SPI_WRITEBYTE
  -------         PROC          SPI_READBYTE
  -------         DO            
  D:0007H         SYMBOL        ret
  -------         ENDDO         
  C:3529H         LINE#         18
  C:3529H         LINE#         19
  C:3529H         LINE#         22
  C:352CH         LINE#         23
  C:352FH         LINE#         24
  C:3531H         LINE#         25
  C:3533H         LINE#         26
  C:3533H         LINE#         27
  -------         ENDPROC       SPI_READBYTE
  -------         PROC          _MMC_SD_SENDCOMMAND
  D:0006H         SYMBOL        cmd
  D:001AH         SYMBOL        arg
  -------         DO            
  D:0007H         SYMBOL        r1
  D:0003H         SYMBOL        retry
  -------         ENDDO         
  C:2F5FH         LINE#         30
BL51 BANKED LINKER/LOCATER V6.22                                                      07/14/2018  17:48:51  PAGE 16


  C:2F61H         LINE#         31
  C:2F61H         LINE#         33
  C:2F63H         LINE#         35
  C:2F63H         LINE#         36
  C:2F63H         LINE#         37
  C:2F66H         LINE#         38
  C:2F66H         LINE#         39
  C:2F66H         LINE#         40
  C:2F69H         LINE#         42
  C:2F6BH         LINE#         44
  C:2F72H         LINE#         45
  C:2F82H         LINE#         46
  C:2F92H         LINE#         47
  C:2FA2H         LINE#         48
  C:2FA7H         LINE#         49
  C:2FACH         LINE#         51
  C:2FB4H         LINE#         52
  C:2FBDH         LINE#         54
  C:2FBFH         LINE#         56
  C:2FBFH         LINE#         57
  -------         ENDPROC       _MMC_SD_SENDCOMMAND
  -------         PROC          MMC_SD_RESET
  -------         DO            
  D:0005H         SYMBOL        i
  D:0002H         SYMBOL        retry
  D:0006H         SYMBOL        r1
  -------         ENDDO         
  C:23E7H         LINE#         59
  C:23E7H         LINE#         60
  C:23E7H         LINE#         63
  C:23E9H         LINE#         65
  C:23EAH         LINE#         66
  C:23EDH         LINE#         67
  C:23F0H         LINE#         69
  C:23F0H         LINE#         70
  C:23FBH         LINE#         71
  C:240AH         LINE#         72
  C:240BH         LINE#         73
  C:2411H         LINE#         74
  C:2414H         LINE#         76
  C:2416H         LINE#         78
  C:2416H         LINE#         80
  C:2416H         LINE#         81
  C:2426H         LINE#         82
  C:2427H         LINE#         83
  C:2430H         LINE#         84
  C:2433H         LINE#         86
  C:2435H         LINE#         87
  C:2444H         LINE#         88
  C:2445H         LINE#         89
  C:244EH         LINE#         90
  C:2451H         LINE#         92
  C:2454H         LINE#         93
  C:2454H         LINE#         94
  C:2456H         LINE#         96
  C:2456H         LINE#         97
  C:2466H         LINE#         98
BL51 BANKED LINKER/LOCATER V6.22                                                      07/14/2018  17:48:51  PAGE 17


  C:2467H         LINE#         99
  C:2470H         LINE#         100
  C:2473H         LINE#         101
  C:2473H         LINE#         102
  C:2483H         LINE#         104
  C:2492H         LINE#         105
  C:2495H         LINE#         106
  C:2498H         LINE#         107
  C:2499H         LINE#         108
  -------         ENDPROC       MMC_SD_RESET
  -------         PROC          _MMC_SD_READSINGLEBLOCK
  D:0056H         SYMBOL        sector
  -------         DO            
  D:0007H         SYMBOL        r1
  D:0004H         SYMBOL        i
  D:0002H         SYMBOL        retry
  -------         ENDDO         
  C:2E32H         LINE#         110
  C:2E3AH         LINE#         111
  C:2E3AH         LINE#         114
  C:2E3CH         LINE#         116
  C:2E3FH         LINE#         118
  C:2E3FH         LINE#         119
  C:2E59H         LINE#         120
  C:2E5AH         LINE#         121
  C:2E63H         LINE#         122
  C:2E66H         LINE#         125
  C:2E68H         LINE#         127
  C:2E6EH         LINE#         129
  C:2E71H         LINE#         130
  C:2E71H         LINE#         131
  C:2E80H         LINE#         132
  C:2E8DH         LINE#         134
  C:2E8DH         LINE#         135
  C:2E90H         LINE#         137
  C:2E92H         LINE#         138
  C:2E95H         LINE#         139
  C:2E96H         LINE#         140
  -------         ENDPROC       _MMC_SD_READSINGLEBLOCK
  -------         PROC          _MMC_SD_WRITESINGLEBLOCK
  D:0015H         SYMBOL        sector
  -------         DO            
  D:0006H         SYMBOL        r1
  D:0004H         SYMBOL        i
  D:0002H         SYMBOL        retry
  -------         ENDDO         
  C:2B81H         LINE#         142
  C:2B89H         LINE#         143
  C:2B89H         LINE#         146
  C:2B8BH         LINE#         148
  C:2B8EH         LINE#         150
  C:2B8EH         LINE#         151
  C:2BAAH         LINE#         152
  C:2BABH         LINE#         153
  C:2BB4H         LINE#         154
  C:2BB7H         LINE#         158
  C:2BB9H         LINE#         160
BL51 BANKED LINKER/LOCATER V6.22                                                      07/14/2018  17:48:51  PAGE 18


  C:2BBEH         LINE#         162
  C:2BC3H         LINE#         164
  C:2BC5H         LINE#         165
  C:2BC5H         LINE#         166
  C:2BD4H         LINE#         167
  C:2BE1H         LINE#         169
  C:2BE1H         LINE#         170
  C:2BE1H         LINE#         172
  C:2BE6H         LINE#         174
  C:2BEDH         LINE#         175
  C:2BEDH         LINE#         176
  C:2BEFH         LINE#         177
  C:2BF0H         LINE#         178
  C:2BF0H         LINE#         180
  C:2BF8H         LINE#         182
  C:2BFAH         LINE#         183
  C:2BFDH         LINE#         184
  C:2BFEH         LINE#         185
  -------         ENDPROC       _MMC_SD_WRITESINGLEBLOCK
  -------         PROC          SD_INIT
  -------         DO            
  D:0001H         SYMBOL        n
  -------         ENDDO         
  C:34FEH         LINE#         188
  C:34FEH         LINE#         189
  C:34FEH         LINE#         190
  C:3500H         LINE#         192
  C:3506H         LINE#         193
  C:3506H         LINE#         194
  C:3507H         LINE#         195
  C:350EH         LINE#         197
  -------         ENDPROC       SD_INIT
  -------         ENDMOD        MMC_SD

  -------         MODULE        LCD
  C:0000H         SYMBOL        _ICE_DUMMY_
  D:0080H         PUBLIC        P0
  C:27CDH         PUBLIC        DispFrame
  D:0090H         PUBLIC        P1
  C:2860H         PUBLIC        DispScaleVer_Green
  D:00A0H         PUBLIC        P2
  D:00B0H         PUBLIC        P3
  D:00C7H         PUBLIC        P4
  C:1A8FH         PUBLIC        DispBand
  C:3444H         PUBLIC        _WriteData
  C:008EH         PUBLIC        ascii
  C:1D00H         PUBLIC        _LCD_Read_IC_ID
  D:00A6H         PUBLIC        P2MDOUT
  C:331EH         PUBLIC        _DispColor
  C:2E97H         PUBLIC        DispScaleVer_Blue
  C:2BFFH         PUBLIC        _DrawGird
  C:2EFBH         PUBLIC        _DrawLine
  C:347BH         PUBLIC        _WriteComm
  C:33A8H         PUBLIC        _WriteDispData
  C:2B02H         PUBLIC        DispScaleVer_Gray
  B:00B0H.1       PUBLIC        RS
  B:00A0H.1       PUBLIC        SPI_CLK
BL51 BANKED LINKER/LOCATER V6.22                                                      07/14/2018  17:48:51  PAGE 19


  C:2A83H         PUBLIC        DispScaleVer_Red
  C:2162H         PUBLIC        DispScaleVer
  C:2610H         PUBLIC        _DispOneChar
  C:2DC6H         PUBLIC        DispGrayHor32
  C:2978H         PUBLIC        DispGrayHor16
  C:2738H         PUBLIC        _DispInt
  C:3250H         PUBLIC        _PutPixel
  D:00A9H         PUBLIC        CLKSEL
  B:0090H.6       PUBLIC        RD0
  B:00B0H.0       PUBLIC        CS0
  D:0078H         PUBLIC        LCM_ID
  C:180AH         PUBLIC        LCD_Init
  C:2A01H         PUBLIC        _DispStr
  B:0090H.7       PUBLIC        WR0
  C:1349H         PUBLIC        DispScaleHor1
  B:00A0H.0       PUBLIC        SPI_DI
  C:3534H         PUBLIC        _WriteOneDot
  C:1953H         PUBLIC        DispScaleHor2
  C:2333H         PUBLIC        _DispPicFromSD
  B:0080H.7       PUBLIC        DIR
  C:2FC0H         PUBLIC        _ToOrd
  B:0080H.5       PUBLIC        RST
  C:34EBH         PUBLIC        ReadData
  C:26B6H         PUBLIC        _?BlockWrite
  -------         PROC          _LCD_READ_IC_ID
  D:0007H         SYMBOL        ID
  D:0004H         SYMBOL        Bug
  D:0003H         SYMBOL        flog
  -------         DO            
  D:0015H         SYMBOL        id
  D:0017H         SYMBOL        id1
  D:0019H         SYMBOL        temp
  D:0005H         SYMBOL        i
  D:0007H         SYMBOL        dat
  D:0001H         SYMBOL        id2
  D:001BH         SYMBOL        id3
  D:001CH         SYMBOL        id4
  -------         ENDDO         
  C:1D00H         LINE#         34
  C:1D00H         LINE#         35
  C:1D00H         LINE#         38
  C:1D09H         LINE#         39
  C:1D09H         LINE#         41
  C:1D0CH         LINE#         42
  C:1D0CH         LINE#         43
  C:1D0EH         LINE#         44
  C:1D10H         LINE#         45
  C:1D11H         LINE#         46
  C:1D11H         LINE#         47
  C:1D13H         LINE#         48
  C:1D1BH         LINE#         49
  C:1D1DH         LINE#         51
  C:1D1FH         LINE#         52
  C:1D23H         LINE#         53
  C:1D27H         LINE#         54
  C:1D2AH         LINE#         57
  C:1D34H         LINE#         58
BL51 BANKED LINKER/LOCATER V6.22                                                      07/14/2018  17:48:51  PAGE 20


  C:1D34H         LINE#         59
  C:1D36H         LINE#         60
  C:1D36H         LINE#         61
  C:1D38H         LINE#         62
  C:1D3AH         LINE#         63
  C:1D3CH         LINE#         64
  C:1D53H         LINE#         65
  C:1D55H         LINE#         66
  C:1D57H         LINE#         67
  C:1D5DH         LINE#         68
  C:1D67H         LINE#         69
  C:1D67H         LINE#         70
  C:1D69H         LINE#         71
  C:1D69H         LINE#         72
  C:1D6BH         LINE#         73
  C:1D6DH         LINE#         74
  C:1D6FH         LINE#         75
  C:1D86H         LINE#         76
  C:1D88H         LINE#         77
  C:1D8AH         LINE#         78
  C:1D8EH         LINE#         79
  C:1D8EH         LINE#         81
  C:1D90H         LINE#         82
  C:1D90H         LINE#         83
  C:1D92H         LINE#         84
  C:1D94H         LINE#         85
  C:1D96H         LINE#         86
  C:1DADH         LINE#         87
  C:1DAFH         LINE#         88
  C:1DB1H         LINE#         89
  C:1DB5H         LINE#         91
  C:1DB7H         LINE#         92
  C:1DB7H         LINE#         93
  C:1DB9H         LINE#         94
  C:1DBBH         LINE#         95
  C:1DBDH         LINE#         96
  C:1DC7H         LINE#         97
  C:1DC9H         LINE#         98
  C:1DCBH         LINE#         99
  C:1DCFH         LINE#         101
  C:1DD1H         LINE#         102
  C:1DD1H         LINE#         103
  C:1DD3H         LINE#         104
  C:1DD5H         LINE#         105
  C:1DD7H         LINE#         106
  C:1DE3H         LINE#         107
  C:1DE5H         LINE#         108
  C:1DE7H         LINE#         109
  C:1DEBH         LINE#         110
  C:1DEEH         LINE#         111
  C:1DF0H         LINE#         112
  C:1DF2H         LINE#         113
  C:1DF4H         LINE#         114
  C:1DF6H         LINE#         115
  C:1DF8H         LINE#         116
  C:1DFAH         LINE#         118
  C:1DFDH         LINE#         119
BL51 BANKED LINKER/LOCATER V6.22                                                      07/14/2018  17:48:51  PAGE 21


  C:1DFDH         LINE#         120
  C:1E07H         LINE#         122
  C:1E11H         LINE#         123
  C:1E11H         LINE#         124
  C:1E11H         LINE#         126
  C:1E16H         LINE#         127
  C:1E16H         LINE#         128
  C:1E21H         LINE#         129
  C:1E21H         LINE#         131
  C:1E21H         LINE#         132
  C:1E23H         LINE#         133
  C:1E27H         LINE#         134
  -------         ENDPROC       _LCD_READ_IC_ID
  -------         PROC          _WRITECOMM
  D:0004H         SYMBOL        i
  -------         DO            
  D:002DH         SYMBOL        j
  D:002EH         SYMBOL        DataH
  -------         ENDDO         
  C:347BH         LINE#         136
  C:347FH         LINE#         137
  C:347FH         LINE#         139
  C:3484H         LINE#         140
  C:3486H         LINE#         162
  C:3486H         LINE#         163
  C:3488H         LINE#         164
  C:348AH         LINE#         165
  C:348CH         LINE#         166
  C:348EH         LINE#         167
  C:3490H         LINE#         168
  C:3492H         LINE#         169
  C:3492H         LINE#         250
  C:3494H         LINE#         251
  -------         ENDPROC       _WRITECOMM
  -------         PROC          L?0465
  -------         ENDPROC       L?0465
  -------         PROC          _WRITEDATA
  D:0004H         SYMBOL        i
  -------         DO            
  D:002DH         SYMBOL        j
  D:002EH         SYMBOL        DataH
  -------         ENDDO         
  C:3444H         LINE#         253
  C:3448H         LINE#         254
  C:3448H         LINE#         256
  C:344DH         LINE#         257
  C:344FH         LINE#         283
  C:344FH         LINE#         284
  C:3451H         LINE#         285
  C:3453H         LINE#         286
  C:3455H         LINE#         287
  C:3457H         LINE#         288
  C:3459H         LINE#         289
  C:345BH         LINE#         290
  C:345BH         LINE#         444
  C:345DH         LINE#         445
  -------         ENDPROC       _WRITEDATA
BL51 BANKED LINKER/LOCATER V6.22                                                      07/14/2018  17:48:51  PAGE 22


  C:3393H         SYMBOL        L?0463
  -------         PROC          L?0462
  -------         ENDPROC       L?0462
  C:3393H         SYMBOL        L?0463
  -------         PROC          _WRITEDISPDATA
  D:0007H         SYMBOL        DataH
  D:0005H         SYMBOL        DataL
  -------         DO            
  D:002DH         SYMBOL        j
  -------         ENDDO         
  C:33A8H         LINE#         447
  C:33A8H         LINE#         448
  C:33A8H         LINE#         450
  C:33AAH         LINE#         475
  C:33AAH         LINE#         476
  C:33ACH         LINE#         477
  C:33AEH         LINE#         478
  C:33B0H         LINE#         479
  C:33B2H         LINE#         480
  C:33B4H         LINE#         481
  C:33B6H         LINE#         482
  C:33B6H         LINE#         569
  C:33B8H         LINE#         570
  -------         ENDPROC       _WRITEDISPDATA
  -------         PROC          _WRITEONEDOT
  D:0004H         SYMBOL        color
  C:3534H         LINE#         572
  C:3538H         LINE#         573
  C:3538H         LINE#         587
  -------         ENDPROC       _WRITEONEDOT
  -------         PROC          LCD_INIT
  C:180AH         LINE#         595
  C:180AH         LINE#         596
  C:180AH         LINE#         597
  C:180DH         LINE#         600
  C:180FH         LINE#         601
  C:1816H         LINE#         603
  C:1818H         LINE#         604
  C:181FH         LINE#         606
  C:1821H         LINE#         607
  C:1828H         LINE#         1136
  C:182FH         LINE#         1137
  C:1834H         LINE#         1139
  C:1839H         LINE#         1140
  C:183EH         LINE#         1141
  C:1843H         LINE#         1143
  C:1848H         LINE#         1144
  C:184DH         LINE#         1146
  C:1852H         LINE#         1147
  C:1857H         LINE#         1148
  C:185CH         LINE#         1150
  C:1861H         LINE#         1151
  C:1866H         LINE#         1153
  C:186BH         LINE#         1154
  C:1870H         LINE#         1156
  C:1875H         LINE#         1157
  C:187AH         LINE#         1159
BL51 BANKED LINKER/LOCATER V6.22                                                      07/14/2018  17:48:51  PAGE 23


  C:187FH         LINE#         1160
  C:1884H         LINE#         1162
  C:1889H         LINE#         1163
  C:188EH         LINE#         1164
  C:1893H         LINE#         1165
  C:1898H         LINE#         1166
  C:189DH         LINE#         1167
  C:18A2H         LINE#         1168
  C:18A7H         LINE#         1169
  C:18ACH         LINE#         1170
  C:18B1H         LINE#         1171
  C:18B6H         LINE#         1172
  C:18BBH         LINE#         1173
  C:18C0H         LINE#         1174
  C:18C5H         LINE#         1175
  C:18CAH         LINE#         1176
  C:18CFH         LINE#         1177
  C:18D4H         LINE#         1179
  C:18D9H         LINE#         1180
  C:18DEH         LINE#         1181
  C:18E3H         LINE#         1182
  C:18E8H         LINE#         1183
  C:18EDH         LINE#         1184
  C:18F2H         LINE#         1185
  C:18F7H         LINE#         1186
  C:18FCH         LINE#         1187
  C:1901H         LINE#         1188
  C:1906H         LINE#         1189
  C:190BH         LINE#         1190
  C:1910H         LINE#         1191
  C:1915H         LINE#         1192
  C:191AH         LINE#         1193
  C:191FH         LINE#         1194
  C:1924H         LINE#         1198
  C:1929H         LINE#         1199
  C:192EH         LINE#         1201
  C:1933H         LINE#         1202
  C:1938H         LINE#         1203
  C:193DH         LINE#         1205
  C:1942H         LINE#         1206
  C:1947H         LINE#         1207
  C:194EH         LINE#         1210
  -------         ENDPROC       LCD_INIT
  C:269FH         SYMBOL        L?0461
  -------         PROC          L?0460
  -------         ENDPROC       L?0460
  C:269FH         SYMBOL        L?0461
  -------         PROC          _?BLOCKWRITE
  i:0000H         SYMBOL        Xstart
  i:0002H         SYMBOL        Xend
  i:0004H         SYMBOL        Ystart
  i:0006H         SYMBOL        Yend
  C:26B6H         LINE#         4072
  C:26D7H         LINE#         4171
  C:26DEH         LINE#         4172
  C:26E5H         LINE#         4173
  C:26EDH         LINE#         4174
BL51 BANKED LINKER/LOCATER V6.22                                                      07/14/2018  17:48:51  PAGE 24


  C:26F8H         LINE#         4175
  C:2702H         LINE#         4177
  C:2707H         LINE#         4178
  C:2711H         LINE#         4179
  C:2718H         LINE#         4180
  C:2722H         LINE#         4181
  C:2729H         LINE#         4188
  C:272EH         LINE#         4191
  C:2731H         LINE#         4192
  -------         ENDPROC       _?BLOCKWRITE
  -------         PROC          _DISPCOLOR
  D:0004H         SYMBOL        color
  -------         DO            
  D:0002H         SYMBOL        i
  D:000CH         SYMBOL        DataH
  D:000DH         SYMBOL        DataL
  D:0006H         SYMBOL        m
  -------         ENDDO         
  C:331EH         LINE#         4195
  C:3320H         LINE#         4196
  C:3320H         LINE#         4199
  C:3325H         LINE#         4201
  C:3328H         LINE#         4206
  C:332AH         LINE#         4207
  C:332AH         LINE#         4208
  C:332AH         LINE#         4209
  C:332CH         LINE#         4210
  C:332CH         LINE#         4272
  C:3333H         LINE#         4274
  C:3337H         LINE#         4275
  C:3342H         LINE#         4277
  C:3344H         LINE#         4279
  -------         ENDPROC       _DISPCOLOR
  -------         PROC          DISPBAND
  -------         DO            
  D:0002H         SYMBOL        i
  D:000CH         SYMBOL        j
  D:000DH         SYMBOL        k
  D:000EH         SYMBOL        m
  D:000FH         SYMBOL        n
  D:0010H         SYMBOL        x
  -------         ENDDO         
  C:1A8FH         LINE#         4281
  C:1A8FH         LINE#         4282
  C:1A8FH         LINE#         4324
  C:1A95H         LINE#         4325
  C:1A9BH         LINE#         4326
  C:1A9DH         LINE#         4358
  C:1AA0H         LINE#         4359
  C:1AA9H         LINE#         4360
  C:1AA9H         LINE#         4361
  C:1ABEH         LINE#         4362
  C:1AD3H         LINE#         4363
  C:1AF6H         LINE#         4364
  C:1AFDH         LINE#         4365
  C:1B09H         LINE#         4366
  C:1B09H         LINE#         4367
BL51 BANKED LINKER/LOCATER V6.22                                                      07/14/2018  17:48:51  PAGE 25


  C:1B1EH         LINE#         4368
  C:1B33H         LINE#         4369
  C:1B56H         LINE#         4370
  C:1B5DH         LINE#         4371
  C:1B6FH         LINE#         4372
  C:1B6FH         LINE#         4373
  C:1B84H         LINE#         4374
  C:1B99H         LINE#         4375
  C:1BBCH         LINE#         4376
  C:1BC3H         LINE#         4377
  C:1BC5H         LINE#         4378
  C:1BC8H         LINE#         4379
  -------         ENDPROC       DISPBAND
  -------         PROC          DISPFRAME
  -------         DO            
  D:0002H         SYMBOL        i
  D:0082H         SYMBOL        j
  D:0006H         SYMBOL        DataH
  D:0004H         SYMBOL        DataL
  -------         ENDDO         
  C:27CDH         LINE#         4381
  C:27CDH         LINE#         4382
  C:27CDH         LINE#         4385
  C:27D0H         LINE#         4387
  C:27D2H         LINE#         4390
  C:27DCH         LINE#         4410
  C:27DCH         LINE#         4411
  C:27DCH         LINE#         4413
  C:27E7H         LINE#         4432
  C:27F2H         LINE#         4434
  C:27FCH         LINE#         4453
  C:2800H         LINE#         4454
  C:2800H         LINE#         4457
  C:280AH         LINE#         4476
  C:280CH         LINE#         4477
  C:280CH         LINE#         4479
  C:2814H         LINE#         4496
  C:281FH         LINE#         4500
  C:2829H         LINE#         4517
  C:2832H         LINE#         4521
  C:283CH         LINE#         4538
  C:283EH         LINE#         4539
  C:283EH         LINE#         4541
  C:2849H         LINE#         4558
  C:2854H         LINE#         4560
  C:285BH         LINE#         4577
  C:285DH         LINE#         4578
  C:285FH         LINE#         4579
  -------         ENDPROC       DISPFRAME
  -------         PROC          _DISPPICFROMSD
  D:003FH         SYMBOL        PicNum
  -------         DO            
  D:0040H         SYMBOL        Address_S
  D:0044H         SYMBOL        Address_E
  D:0002H         SYMBOL        i
  D:0048H         SYMBOL        k
  -------         ENDDO         
BL51 BANKED LINKER/LOCATER V6.22                                                      07/14/2018  17:48:51  PAGE 26


  C:2333H         LINE#         4603
  C:2335H         LINE#         4604
  C:2335H         LINE#         4610
  C:2338H         LINE#         4613
  C:233AH         LINE#         4615
  C:233CH         LINE#         4617
  C:2346H         LINE#         4618
  C:2367H         LINE#         4619
  C:237FH         LINE#         4620
  C:2395H         LINE#         4621
  C:2395H         LINE#         4622
  C:23A0H         LINE#         4624
  C:23A9H         LINE#         4625
  C:23A9H         LINE#         4627
  C:23C4H         LINE#         4628
  C:23CDH         LINE#         4629
  C:23E4H         LINE#         4631
  C:23E6H         LINE#         4668
  -------         ENDPROC       _DISPPICFROMSD
  -------         PROC          DISPSCALEHOR1
  -------         DO            
  D:005AH         SYMBOL        i
  D:005CH         SYMBOL        j
  D:0002H         SYMBOL        k
  -------         ENDDO         
  C:1349H         LINE#         4672
  C:1349H         LINE#         4673
  C:1349H         LINE#         4676
  C:134CH         LINE#         4680
  C:134CH         LINE#         4681
  C:134CH         LINE#         4682
  C:1368H         LINE#         4683
  C:136DH         LINE#         4684
  C:136DH         LINE#         4685
  C:1372H         LINE#         4686
  C:1372H         LINE#         4687
  C:1385H         LINE#         4688
  C:1396H         LINE#         4689
  C:13A7H         LINE#         4691
  C:13B2H         LINE#         4695
  C:13B5H         LINE#         4696
  C:13B5H         LINE#         4697
  C:13D1H         LINE#         4698
  C:13D6H         LINE#         4699
  C:13D6H         LINE#         4700
  C:13DBH         LINE#         4701
  C:13DBH         LINE#         4702
  C:1405H         LINE#         4703
  C:1416H         LINE#         4704
  C:1427H         LINE#         4705
  C:1432H         LINE#         4708
  C:1435H         LINE#         4709
  C:1435H         LINE#         4710
  C:1451H         LINE#         4711
  C:1456H         LINE#         4712
  C:1456H         LINE#         4713
  C:145BH         LINE#         4714
BL51 BANKED LINKER/LOCATER V6.22                                                      07/14/2018  17:48:51  PAGE 27


  C:145BH         LINE#         4715
  C:1462H         LINE#         4716
  C:1473H         LINE#         4717
  C:1484H         LINE#         4718
  C:148FH         LINE#         4721
  C:1492H         LINE#         4722
  C:1492H         LINE#         4723
  C:14AEH         LINE#         4724
  C:14B3H         LINE#         4725
  C:14B3H         LINE#         4726
  C:14B8H         LINE#         4727
  C:14B8H         LINE#         4728
  C:14E4H         LINE#         4729
  C:14F5H         LINE#         4730
  C:1506H         LINE#         4731
  C:1511H         LINE#         4732
  C:1513H         LINE#         4733
  -------         ENDPROC       DISPSCALEHOR1
  -------         PROC          DISPSCALEVER
  -------         DO            
  D:005EH         SYMBOL        i
  D:0060H         SYMBOL        j
  D:0002H         SYMBOL        k
  -------         ENDDO         
  C:2162H         LINE#         4735
  C:2162H         LINE#         4736
  C:2162H         LINE#         4805
  C:2165H         LINE#         4807
  C:216BH         LINE#         4808
  C:216BH         LINE#         4809
  C:2170H         LINE#         4810
  C:2170H         LINE#         4811
  C:2176H         LINE#         4812
  C:2187H         LINE#         4813
  C:218EH         LINE#         4815
  C:2191H         LINE#         4816
  C:2191H         LINE#         4818
  C:2196H         LINE#         4819
  C:2196H         LINE#         4821
  C:219BH         LINE#         4822
  C:219BH         LINE#         4823
  C:21ADH         LINE#         4824
  C:21BEH         LINE#         4826
  C:21C3H         LINE#         4827
  C:21C3H         LINE#         4828
  C:21EBH         LINE#         4829
  C:21FCH         LINE#         4831
  C:2201H         LINE#         4832
  C:2201H         LINE#         4833
  C:2208H         LINE#         4834
  C:2219H         LINE#         4836
  C:221EH         LINE#         4837
  C:221EH         LINE#         4838
  C:2232H         LINE#         4839
  C:2243H         LINE#         4841
  C:2257H         LINE#         4843
  C:2265H         LINE#         4845
BL51 BANKED LINKER/LOCATER V6.22                                                      07/14/2018  17:48:51  PAGE 28


  -------         ENDPROC       DISPSCALEVER
  -------         PROC          DISPSCALEVER_RED
  -------         DO            
  D:0062H         SYMBOL        i
  D:0064H         SYMBOL        j
  D:0002H         SYMBOL        k
  -------         ENDDO         
  C:2A83H         LINE#         4847
  C:2A83H         LINE#         4848
  C:2A83H         LINE#         4851
  C:2A86H         LINE#         4853
  C:2A88H         LINE#         4855
  C:2A8AH         LINE#         4858
  C:2A90H         LINE#         4859
  C:2A90H         LINE#         4860
  C:2A95H         LINE#         4861
  C:2A95H         LINE#         4862
  C:2A9BH         LINE#         4863
  C:2AACH         LINE#         4864
  C:2AB3H         LINE#         4866
  C:2AB6H         LINE#         4867
  C:2AB6H         LINE#         4868
  C:2ABBH         LINE#         4869
  C:2ABBH         LINE#         4871
  C:2AC0H         LINE#         4872
  C:2AC0H         LINE#         4873
  C:2AD2H         LINE#         4874
  C:2AE3H         LINE#         4875
  C:2AF4H         LINE#         4877
  C:2AFFH         LINE#         4879
  C:2B01H         LINE#         4880
  -------         ENDPROC       DISPSCALEVER_RED
  -------         PROC          DISPSCALEVER_GREEN
  -------         DO            
  D:0066H         SYMBOL        i
  D:0068H         SYMBOL        j
  D:0002H         SYMBOL        k
  -------         ENDDO         
  C:2860H         LINE#         4882
  C:2860H         LINE#         4883
  C:2860H         LINE#         4886
  C:2863H         LINE#         4888
  C:2865H         LINE#         4889
  C:2867H         LINE#         4892
  C:2867H         LINE#         4893
  C:2867H         LINE#         4894
  C:286CH         LINE#         4895
  C:286CH         LINE#         4896
  C:2872H         LINE#         4898
  C:2883H         LINE#         4899
  C:288EH         LINE#         4901
  C:2891H         LINE#         4902
  C:2891H         LINE#         4903
  C:2896H         LINE#         4904
  C:2896H         LINE#         4906
  C:289BH         LINE#         4907
  C:289BH         LINE#         4909
BL51 BANKED LINKER/LOCATER V6.22                                                      07/14/2018  17:48:51  PAGE 29


  C:28BCH         LINE#         4910
  C:28CDH         LINE#         4911
  C:28DEH         LINE#         4913
  C:28E9H         LINE#         4915
  C:28EBH         LINE#         4916
  -------         ENDPROC       DISPSCALEVER_GREEN
  -------         PROC          DISPSCALEVER_BLUE
  -------         DO            
  D:0076H         SYMBOL        i
  D:0082H         SYMBOL        j
  D:0002H         SYMBOL        k
  -------         ENDDO         
  C:2E97H         LINE#         4918
  C:2E97H         LINE#         4919
  C:2E97H         LINE#         4922
  C:2E9AH         LINE#         4924
  C:2E9CH         LINE#         4925
  C:2E9EH         LINE#         4928
  C:2EA4H         LINE#         4929
  C:2EA4H         LINE#         4930
  C:2EA9H         LINE#         4931
  C:2EA9H         LINE#         4932
  C:2EAFH         LINE#         4933
  C:2EB8H         LINE#         4934
  C:2EBFH         LINE#         4936
  C:2EC2H         LINE#         4937
  C:2EC2H         LINE#         4938
  C:2EC7H         LINE#         4939
  C:2EC7H         LINE#         4941
  C:2ECCH         LINE#         4942
  C:2ECCH         LINE#         4943
  C:2ED3H         LINE#         4944
  C:2EDCH         LINE#         4945
  C:2EEDH         LINE#         4947
  C:2EF8H         LINE#         4949
  C:2EFAH         LINE#         4950
  -------         ENDPROC       DISPSCALEVER_BLUE
  -------         PROC          DISPSCALEVER_GRAY
  -------         DO            
  D:006AH         SYMBOL        i
  D:006CH         SYMBOL        j
  D:0002H         SYMBOL        k
  -------         ENDDO         
  C:2B02H         LINE#         4952
  C:2B02H         LINE#         4953
  C:2B02H         LINE#         4956
  C:2B05H         LINE#         4958
  C:2B07H         LINE#         4963
  C:2B0DH         LINE#         4964
  C:2B0DH         LINE#         4965
  C:2B12H         LINE#         4966
  C:2B12H         LINE#         4967
  C:2B18H         LINE#         4969
  C:2B29H         LINE#         4970
  C:2B30H         LINE#         4972
  C:2B33H         LINE#         4973
  C:2B33H         LINE#         4974
BL51 BANKED LINKER/LOCATER V6.22                                                      07/14/2018  17:48:51  PAGE 30


  C:2B38H         LINE#         4975
  C:2B38H         LINE#         4977
  C:2B3DH         LINE#         4978
  C:2B3DH         LINE#         4979
  C:2B51H         LINE#         4980
  C:2B62H         LINE#         4981
  C:2B73H         LINE#         4983
  C:2B7EH         LINE#         4985
  C:2B80H         LINE#         4986
  -------         ENDPROC       DISPSCALEVER_GRAY
  -------         PROC          DISPGRAYHOR16
  -------         DO            
  D:000CH         SYMBOL        i
  D:0002H         SYMBOL        j
  D:000EH         SYMBOL        k
  -------         ENDDO         
  C:2978H         LINE#         4988
  C:2978H         LINE#         4989
  C:2978H         LINE#         4992
  C:297BH         LINE#         4994
  C:297DH         LINE#         4995
  C:297FH         LINE#         4997
  C:2984H         LINE#         4998
  C:2984H         LINE#         4999
  C:298DH         LINE#         5000
  C:298DH         LINE#         5001
  C:2993H         LINE#         5002
  C:299AH         LINE#         5004
  C:299DH         LINE#         5005
  C:299DH         LINE#         5006
  C:29A2H         LINE#         5007
  C:29A2H         LINE#         5008
  C:29D1H         LINE#         5009
  C:29E2H         LINE#         5010
  C:29EDH         LINE#         5011
  C:29FEH         LINE#         5013
  C:2A00H         LINE#         5014
  -------         ENDPROC       DISPGRAYHOR16
  -------         PROC          DISPGRAYHOR32
  -------         DO            
  D:006EH         SYMBOL        i
  D:0002H         SYMBOL        j
  D:0070H         SYMBOL        k
  -------         ENDDO         
  C:2DC6H         LINE#         5016
  C:2DC6H         LINE#         5017
  C:2DC6H         LINE#         5020
  C:2DC9H         LINE#         5022
  C:2DCBH         LINE#         5024
  C:2DD0H         LINE#         5025
  C:2DD0H         LINE#         5026
  C:2DD9H         LINE#         5027
  C:2DD9H         LINE#         5028
  C:2DDFH         LINE#         5029
  C:2DE6H         LINE#         5031
  C:2DE9H         LINE#         5032
  C:2DE9H         LINE#         5033
BL51 BANKED LINKER/LOCATER V6.22                                                      07/14/2018  17:48:51  PAGE 31


  C:2DEEH         LINE#         5034
  C:2DEEH         LINE#         5035
  C:2E02H         LINE#         5036
  C:2E13H         LINE#         5037
  C:2E1EH         LINE#         5038
  C:2E2FH         LINE#         5040
  C:2E31H         LINE#         5041
  -------         ENDPROC       DISPGRAYHOR32
  -------         PROC          DISPSCALEHOR2
  -------         DO            
  D:0082H         SYMBOL        j
  D:0002H         SYMBOL        k
  -------         ENDDO         
  C:1953H         LINE#         5043
  C:1953H         LINE#         5044
  C:1953H         LINE#         5047
  C:1956H         LINE#         5049
  C:1956H         LINE#         5050
  C:1956H         LINE#         5051
  C:195BH         LINE#         5052
  C:196BH         LINE#         5053
  C:1976H         LINE#         5054
  C:1979H         LINE#         5055
  C:1979H         LINE#         5056
  C:197EH         LINE#         5057
  C:198EH         LINE#         5058
  C:1999H         LINE#         5059
  C:199CH         LINE#         5060
  C:199CH         LINE#         5061
  C:19A1H         LINE#         5062
  C:19B1H         LINE#         5063
  C:19BCH         LINE#         5064
  C:19BFH         LINE#         5065
  C:19BFH         LINE#         5066
  C:19C4H         LINE#         5067
  C:19D4H         LINE#         5068
  C:19DFH         LINE#         5069
  C:19E2H         LINE#         5070
  C:19E2H         LINE#         5071
  C:19E7H         LINE#         5072
  C:19F7H         LINE#         5073
  C:1A02H         LINE#         5074
  C:1A05H         LINE#         5075
  C:1A05H         LINE#         5076
  C:1A0AH         LINE#         5077
  C:1A1AH         LINE#         5078
  C:1A25H         LINE#         5079
  C:1A28H         LINE#         5080
  C:1A28H         LINE#         5081
  C:1A2DH         LINE#         5082
  C:1A3DH         LINE#         5083
  C:1A48H         LINE#         5084
  C:1A4BH         LINE#         5085
  C:1A4BH         LINE#         5086
  C:1A50H         LINE#         5087
  C:1A5FH         LINE#         5088
  C:1A6AH         LINE#         5089
BL51 BANKED LINKER/LOCATER V6.22                                                      07/14/2018  17:48:51  PAGE 32


  C:1A73H         LINE#         5090
  C:1A73H         LINE#         5091
  C:1A78H         LINE#         5092
  C:1A87H         LINE#         5093
  C:1A8EH         LINE#         5186
  -------         ENDPROC       DISPSCALEHOR2
  -------         PROC          _TOORD
  D:0007H         SYMBOL        ch
  C:2FC0H         LINE#         5292
  C:2FC0H         LINE#         5293
  C:2FC0H         LINE#         5294
  C:2FC6H         LINE#         5295
  C:2FC6H         LINE#         5296
  C:2FC8H         LINE#         5297
  C:2FCAH         LINE#         5298
  C:2FD6H         LINE#         5299
  C:2FD6H         LINE#         5300
  C:2FDAH         LINE#         5301
  C:2FDCH         LINE#         5302
  C:2FE8H         LINE#         5303
  C:2FE8H         LINE#         5304
  C:2FECH         LINE#         5305
  C:2FEEH         LINE#         5306
  C:2FFAH         LINE#         5307
  C:2FFAH         LINE#         5308
  C:2FFEH         LINE#         5309
  C:3000H         LINE#         5310
  C:300CH         LINE#         5311
  C:300CH         LINE#         5312
  C:3010H         LINE#         5313
  C:3012H         LINE#         5314
  C:3018H         LINE#         5315
  C:3018H         LINE#         5316
  C:301AH         LINE#         5317
  C:301AH         LINE#         5319
  C:301AH         LINE#         5320
  -------         ENDPROC       _TOORD
  -------         PROC          L?0464
  -------         ENDPROC       L?0464
  -------         PROC          _DISPONECHAR
  D:0020H         SYMBOL        ord
  D:0006H         SYMBOL        Xstart
  D:0002H         SYMBOL        Ystart
  D:0025H         SYMBOL        TextColor
  D:0027H         SYMBOL        BackColor
  -------         DO            
  D:0029H         SYMBOL        i
  D:0002H         SYMBOL        j
  D:002AH         SYMBOL        p
  D:0003H         SYMBOL        dat
  D:0006H         SYMBOL        index
  -------         ENDDO         
  C:2610H         LINE#         5322
  C:2616H         LINE#         5323
  C:2616H         LINE#         5329
  C:2630H         LINE#         5331
  C:2634H         LINE#         5333
BL51 BANKED LINKER/LOCATER V6.22                                                      07/14/2018  17:48:51  PAGE 33


  C:263DH         LINE#         5334
  C:263FH         LINE#         5336
  C:264DH         LINE#         5338
  C:2656H         LINE#         5339
  C:2660H         LINE#         5341
  C:2663H         LINE#         5342
  C:2663H         LINE#         5343
  C:2675H         LINE#         5344
  C:2677H         LINE#         5345
  C:2677H         LINE#         5346
  C:2684H         LINE#         5347
  C:2684H         LINE#         5348
  C:2688H         LINE#         5349
  C:268AH         LINE#         5351
  C:268AH         LINE#         5352
  C:2691H         LINE#         5353
  C:2691H         LINE#         5354
  C:2695H         LINE#         5355
  C:269EH         LINE#         5356
  -------         ENDPROC       _DISPONECHAR
  -------         PROC          _DISPSTR
  D:0015H         SYMBOL        str
  D:0018H         SYMBOL        Xstart
  D:001AH         SYMBOL        Ystart
  D:001CH         SYMBOL        TextColor
  D:001EH         SYMBOL        BackColor
  C:2A01H         LINE#         5358
  C:2A0BH         LINE#         5359
  C:2A0BH         LINE#         5361
  C:2A1CH         LINE#         5362
  C:2A1CH         LINE#         5363
  C:2A48H         LINE#         5365
  C:2A53H         LINE#         5366
  C:2A53H         LINE#         5367
  C:2A58H         LINE#         5368
  C:2A63H         LINE#         5369
  C:2A65H         LINE#         5371
  C:2A65H         LINE#         5372
  C:2A70H         LINE#         5373
  C:2A70H         LINE#         5375
  C:2A7BH         LINE#         5376
  C:2A7BH         LINE#         5377
  C:2A80H         LINE#         5378
  C:2A80H         LINE#         5379
  C:2A82H         LINE#         5381
  -------         ENDPROC       _DISPSTR
  -------         PROC          _DISPINT
  D:0015H         SYMBOL        i
  D:0017H         SYMBOL        Xstart
  D:0019H         SYMBOL        Ystart
  D:001BH         SYMBOL        TextColor
  D:001DH         SYMBOL        BackColor
  C:2738H         LINE#         5383
  C:2744H         LINE#         5384
  C:2744H         LINE#         5385
  C:274FH         LINE#         5386
  C:274FH         LINE#         5387
BL51 BANKED LINKER/LOCATER V6.22                                                      07/14/2018  17:48:51  PAGE 34


  C:2755H         LINE#         5388
  C:2755H         LINE#         5389
  C:2760H         LINE#         5390
  C:2760H         LINE#         5391
  C:276CH         LINE#         5392
  C:276CH         LINE#         5394
  C:2789H         LINE#         5395
  C:2795H         LINE#         5396
  C:27ACH         LINE#         5397
  -------         ENDPROC       _DISPINT
  -------         PROC          READDATA
  C:34EBH         LINE#         5406
  C:34EBH         LINE#         5407
  C:34EBH         LINE#         5428
  C:34FAH         LINE#         5435
  C:34FDH         LINE#         5436
  -------         ENDPROC       READDATA
  -------         PROC          _PUTPIXEL
  D:0006H         SYMBOL        x
  D:0004H         SYMBOL        y
  D:000CH         SYMBOL        color
  C:3250H         LINE#         5611
  C:3254H         LINE#         5612
  C:3254H         LINE#         5636
  C:3272H         LINE#         5637
  C:327AH         LINE#         5638
  C:3282H         LINE#         5639
  C:328AH         LINE#         5640
  -------         ENDPROC       _PUTPIXEL
  -------         PROC          _DRAWLINE
  D:004CH         SYMBOL        Xstart
  D:004EH         SYMBOL        Xend
  D:0050H         SYMBOL        Ystart
  D:0052H         SYMBOL        Yend
  D:0054H         SYMBOL        color
  -------         DO            
  D:0002H         SYMBOL        i
  D:0082H         SYMBOL        j
  -------         ENDDO         
  C:2EFBH         LINE#         5648
  C:2F07H         LINE#         5649
  C:2F07H         LINE#         5652
  C:2F21H         LINE#         5654
  C:2F35H         LINE#         5655
  C:2F35H         LINE#         5656
  C:2F4DH         LINE#         5657
  C:2F4DH         LINE#         5658
  C:2F54H         LINE#         5659
  C:2F57H         LINE#         5660
  C:2F5EH         LINE#         5661
  -------         ENDPROC       _DRAWLINE
  -------         PROC          _DRAWGIRD
  D:0072H         SYMBOL        color
  -------         DO            
  D:0074H         SYMBOL        i
  -------         ENDDO         
  C:2BFFH         LINE#         5663
BL51 BANKED LINKER/LOCATER V6.22                                                      07/14/2018  17:48:51  PAGE 35


  C:2C03H         LINE#         5664
  C:2C03H         LINE#         5667
  C:2C14H         LINE#         5668
  C:2C14H         LINE#         5669
  C:2C2EH         LINE#         5671
[...]
  C:1229H         LINE#         292
  C:122BH         LINE#         293
  C:122BH         LINE#         294
  C:122EH         LINE#         295
  C:1230H         LINE#         296
  C:1230H         LINE#         297
  C:1233H         LINE#         298
  C:1235H         LINE#         299
  C:1235H         LINE#         300
  C:1238H         LINE#         301
  C:123AH         LINE#         302
  C:123AH         LINE#         303
  C:123DH         LINE#         304
  C:123FH         LINE#         305
  C:123FH         LINE#         306
  C:1242H         LINE#         307
  C:1244H         LINE#         308
  C:1244H         LINE#         309
  C:1247H         LINE#         310
  C:1247H         LINE#         311
  C:1247H         LINE#         312
  C:1247H         LINE#         313
  C:1247H         LINE#         314
  C:1252H         LINE#         315
  C:1252H         LINE#         316
  C:1258H         LINE#         317
  C:1267H         LINE#         318
  C:1267H         LINE#         319
  C:126CH         LINE#         320
  C:126FH         LINE#         321
  C:127EH         LINE#         322
  C:127EH         LINE#         323
  C:1293H         LINE#         324
BL51 BANKED LINKER/LOCATER V6.22                                                      07/14/2018  17:48:51  PAGE 41


  C:1298H         LINE#         325
  C:12A0H         LINE#         326
  C:12AAH         LINE#         327
  C:12B8H         LINE#         328
  C:12C6H         LINE#         329
  C:12C8H         LINE#         331
  C:12C8H         LINE#         332
  C:12CDH         LINE#         333
  C:12D0H         LINE#         334
  C:12E8H         LINE#         335
  C:12E8H         LINE#         336
  C:1301H         LINE#         337
  C:1306H         LINE#         338
  C:130EH         LINE#         339
  C:1315H         LINE#         340
  C:131AH         LINE#         341
  C:131AH         LINE#         342
  C:132EH         LINE#         343
  C:132EH         LINE#         344
  C:1335H         LINE#         345
  C:133AH         LINE#         346
  C:133AH         LINE#         347
  C:1348H         LINE#         348
  C:1348H         LINE#         349
  -------         ENDPROC       USBXCORE_HANDLE_SETUP
  -------         PROC          USBXCORE_FORCE_STALL
  C:345EH         LINE#         356
  C:345EH         LINE#         358
  C:3469H         LINE#         359
  C:3474H         LINE#         360
  C:347AH         LINE#         361
  -------         ENDPROC       USBXCORE_FORCE_STALL
  -------         PROC          USBXCORE_GET_STATUS
  C:2CE7H         LINE#         367
  C:2CE7H         LINE#         369
  C:2CF6H         LINE#         370
  C:2CF6H         LINE#         371
  C:2CF6H         LINE#         372
  C:2CF6H         LINE#         373
  C:2CF6H         LINE#         374
  C:2CF8H         LINE#         375
  C:2CF8H         LINE#         379
  C:2CF8H         LINE#         381
  C:2D06H         LINE#         385
  C:2D06H         LINE#         386
  C:2D06H         LINE#         387
  C:2D06H         LINE#         388
  C:2D08H         LINE#         390
  C:2D08H         LINE#         392
  C:2D16H         LINE#         396
  C:2D16H         LINE#         397
  C:2D23H         LINE#         398
  C:2D23H         LINE#         399
  C:2D25H         LINE#         401
  C:2D25H         LINE#         402
  C:2D33H         LINE#         403
  C:2D3CH         LINE#         404
BL51 BANKED LINKER/LOCATER V6.22                                                      07/14/2018  17:48:51  PAGE 42


  C:2D3CH         LINE#         405
  C:2D3CH         LINE#         406
  C:2D3EH         LINE#         407
  C:2D3EH         LINE#         408
  C:2D41H         LINE#         409
  C:2D41H         LINE#         410
  C:2D41H         LINE#         411
  C:2D49H         LINE#         412
  C:2D49H         LINE#         413
  C:2D4CH         LINE#         414
  C:2D52H         LINE#         415
  C:2D59H         LINE#         416
  C:2D59H         LINE#         417
  -------         ENDPROC       USBXCORE_GET_STATUS
  -------         PROC          USBXCORE_CLEAR_FEATURE
  C:3075H         LINE#         423
  C:3075H         LINE#         425
  C:307BH         LINE#         426
  C:307BH         LINE#         428
  C:3082H         LINE#         429
  C:3082H         LINE#         430
  C:308DH         LINE#         436
  C:3098H         LINE#         437
  C:309DH         LINE#         438
  C:309FH         LINE#         440
  C:309FH         LINE#         442
  C:30AAH         LINE#         446
  C:30B5H         LINE#         447
  C:30BAH         LINE#         448
  C:30BAH         LINE#         449
  C:30BCH         LINE#         451
  C:30BCH         LINE#         452
  C:30BFH         LINE#         453
  C:30BFH         LINE#         454
  C:30CAH         LINE#         455
  -------         ENDPROC       USBXCORE_CLEAR_FEATURE
  -------         PROC          USBXCORE_VENDOR_USB_API
  C:2266H         LINE#         462
  C:2266H         LINE#         464
  C:2270H         LINE#         465
  C:2270H         LINE#         466
  C:2277H         LINE#         467
  C:2277H         LINE#         468
  C:227AH         LINE#         469
  C:227DH         LINE#         470
  C:227FH         LINE#         472
  C:227FH         LINE#         473
  C:2286H         LINE#         474
  C:2286H         LINE#         477
  C:2291H         LINE#         482
  C:229CH         LINE#         483
  C:22A7H         LINE#         485
  C:22A7H         LINE#         486
  C:22BAH         LINE#         487
  C:22BAH         LINE#         488
  C:22BEH         LINE#         489
  C:22C9H         LINE#         491
BL51 BANKED LINKER/LOCATER V6.22                                                      07/14/2018  17:48:51  PAGE 43


  C:22C9H         LINE#         492
  C:22DCH         LINE#         493
  C:22DCH         LINE#         494
  C:22E0H         LINE#         495
  C:22EBH         LINE#         497
  C:22F1H         LINE#         498
  C:22F9H         LINE#         499
  C:22F9H         LINE#         500
  C:22FCH         LINE#         501
  C:22FCH         LINE#         502
  C:22FCH         LINE#         503
  C:2307H         LINE#         504
  C:2307H         LINE#         505
  C:230DH         LINE#         506
  C:2314H         LINE#         507
  C:2314H         LINE#         508
  C:2318H         LINE#         509
  C:2318H         LINE#         510
  C:231EH         LINE#         511
  C:2325H         LINE#         512
  C:2325H         LINE#         513
  C:2330H         LINE#         514
  -------         ENDPROC       USBXCORE_VENDOR_USB_API
  -------         PROC          USBXCORE_SET_FEATURE
  C:30CDH         LINE#         521
  C:30CDH         LINE#         523
  C:30D3H         LINE#         524
  C:30D3H         LINE#         526
  C:30DAH         LINE#         527
  C:30DAH         LINE#         528
  C:30E5H         LINE#         534
  C:30F0H         LINE#         535
  C:30F3H         LINE#         536
  C:30F5H         LINE#         538
  C:30F5H         LINE#         540
  C:3100H         LINE#         544
  C:310BH         LINE#         545
  C:3111H         LINE#         546
  C:3111H         LINE#         548
  C:3113H         LINE#         550
  C:3113H         LINE#         551
  C:3116H         LINE#         552
  C:3116H         LINE#         553
  C:3121H         LINE#         554
  -------         ENDPROC       USBXCORE_SET_FEATURE
  -------         PROC          USBXCORE_SET_ADDRESS
  C:3401H         LINE#         561
  C:3401H         LINE#         563
  C:3410H         LINE#         564
  C:3416H         LINE#         565
  C:3416H         LINE#         566
  C:3419H         LINE#         567
  C:341BH         LINE#         569
  C:341BH         LINE#         570
  C:341EH         LINE#         571
  C:341EH         LINE#         572
  -------         ENDPROC       USBXCORE_SET_ADDRESS
BL51 BANKED LINKER/LOCATER V6.22                                                      07/14/2018  17:48:51  PAGE 44


  -------         PROC          USBXCORE_GET_DESCRIPTOR
  C:249AH         LINE#         579
  C:249AH         LINE#         580
  C:24A9H         LINE#         581
  C:24A9H         LINE#         582
  C:24A9H         LINE#         583
  C:24B7H         LINE#         584
  C:24BBH         LINE#         585
  C:24BDH         LINE#         586
  C:24BDH         LINE#         587
  C:24CBH         LINE#         588
  C:24DEH         LINE#         589
  C:24E0H         LINE#         590
  C:24E0H         LINE#         591
  C:2504H         LINE#         592
  C:2510H         LINE#         593
  C:2512H         LINE#         594
  C:2512H         LINE#         595
  C:2515H         LINE#         596
  C:2515H         LINE#         597
  C:2515H         LINE#         598
  C:252BH         LINE#         599
  C:252BH         LINE#         600
  C:2533H         LINE#         601
  C:2533H         LINE#         602
  C:253BH         LINE#         603
  C:253BH         LINE#         604
  C:253EH         LINE#         605
  C:2544H         LINE#         606
  C:254BH         LINE#         607
  C:254BH         LINE#         608
  -------         ENDPROC       USBXCORE_GET_DESCRIPTOR
  -------         PROC          USBXCORE_GET_CONFIGURATION
  C:3209H         LINE#         614
  C:3209H         LINE#         616
  C:3211H         LINE#         617
  C:3211H         LINE#         618
  C:321DH         LINE#         619
  C:3225H         LINE#         620
  C:3225H         LINE#         621
  C:3229H         LINE#         622
  C:3229H         LINE#         623
  C:3237H         LINE#         624
  C:323FH         LINE#         625
  C:323FH         LINE#         626
  C:3242H         LINE#         627
  C:3248H         LINE#         628
  C:324FH         LINE#         629
  -------         ENDPROC       USBXCORE_GET_CONFIGURATION
  -------         PROC          USBXCORE_SET_CONFIGURATION
  C:301BH         LINE#         635
  C:301BH         LINE#         637
  C:3024H         LINE#         638
  C:3024H         LINE#         639
  C:302BH         LINE#         640
  C:3031H         LINE#         641
  C:3036H         LINE#         642
BL51 BANKED LINKER/LOCATER V6.22                                                      07/14/2018  17:48:51  PAGE 45


  C:3038H         LINE#         644
  C:3043H         LINE#         645
  C:304EH         LINE#         646
  C:3059H         LINE#         653
  C:3064H         LINE#         654
  C:3066H         LINE#         656
  C:3066H         LINE#         657
  C:306CH         LINE#         658
  C:3070H         LINE#         659
  C:3072H         LINE#         660
  C:3072H         LINE#         661
  -------         ENDPROC       USBXCORE_SET_CONFIGURATION
  -------         PROC          USBXCORE_GET_INTERFACE
  C:336CH         LINE#         668
  C:336CH         LINE#         670
  C:337AH         LINE#         671
  C:3382H         LINE#         672
  C:3385H         LINE#         673
  C:338BH         LINE#         674
  C:3392H         LINE#         675
  -------         ENDPROC       USBXCORE_GET_INTERFACE
  -------         PROC          USBXCORE_SET_SOP
  C:34C4H         LINE#         682
  C:34C4H         LINE#         684
  C:34CCH         LINE#         685
  C:34CCH         LINE#         686
  C:34D7H         LINE#         687
  C:34D7H         LINE#         688
  -------         ENDPROC       USBXCORE_SET_SOP
  -------         PROC          USBXCORE_USB_ISR
  C:16B9H         LINE#         699
  C:16D6H         LINE#         702
  C:16DCH         LINE#         703
  C:16EFH         LINE#         706
  C:1702H         LINE#         709
  C:1706H         LINE#         710
  C:1706H         LINE#         711
  C:1711H         LINE#         712
  C:1711H         LINE#         714
  C:1718H         LINE#         715
  C:1718H         LINE#         716
  C:171BH         LINE#         717
  C:171BH         LINE#         719
  C:1722H         LINE#         720
  C:1722H         LINE#         721
  C:172FH         LINE#         722
  C:172FH         LINE#         723
  C:1736H         LINE#         724
  C:1736H         LINE#         725
  C:1736H         LINE#         727
  C:1736H         LINE#         728
  C:1736H         LINE#         730
  C:1736H         LINE#         732
  C:1749H         LINE#         734
  C:174DH         LINE#         735
  C:174DH         LINE#         736
  C:1750H         LINE#         737
BL51 BANKED LINKER/LOCATER V6.22                                                      07/14/2018  17:48:51  PAGE 46


  C:1750H         LINE#         740
  C:1757H         LINE#         741
  C:1757H         LINE#         742
  C:1762H         LINE#         748
  C:1775H         LINE#         749
  C:177AH         LINE#         750
  C:177AH         LINE#         751
  C:1781H         LINE#         752
  C:1781H         LINE#         754
  C:1781H         LINE#         756
  C:1794H         LINE#         759
  C:1798H         LINE#         760
  C:1798H         LINE#         761
  C:17A3H         LINE#         767
  C:17B6H         LINE#         768
  C:17BAH         LINE#         769
  C:17BAH         LINE#         770
  C:17C1H         LINE#         771
  C:17C1H         LINE#         772
  C:17C1H         LINE#         775
  C:17CFH         LINE#         776
  C:17D4H         LINE#         777
  C:17DAH         LINE#         778
  C:17DFH         LINE#         781
  C:17ECH         LINE#         782
  C:17ECH         LINE#         783
  C:17EFH         LINE#         784
  C:17EFH         LINE#         785
  -------         ENDPROC       USBXCORE_USB_ISR
  -------         ENDMOD        USB_API

  -------         MODULE        USB_SUSPEND
  C:0000H         SYMBOL        _ICE_DUMMY_
  D:00D7H         PUBLIC        USB0XCN
  D:00C9H         PUBLIC        REG0CN
  C:32CAH         PUBLIC        USB_Suspend
  D:00A9H         PUBLIC        CLKSEL
  D:00B2H         PUBLIC        OSCICN
  D:00B9H         PUBLIC        CLKMUL
  -------         PROC          USB_SUSPEND
  C:32CAH         LINE#         70
  C:32CAH         LINE#         72
  C:32CDH         LINE#         74
  C:32D0H         LINE#         76
  C:32D8H         LINE#         79
  C:32DBH         LINE#         80
  C:32DEH         LINE#         81
  C:32E1H         LINE#         82
  C:32E4H         LINE#         84
  C:32E5H         LINE#         86
  C:32E8H         LINE#         88
  C:32EEH         LINE#         92
  C:32F1H         LINE#         94
  C:32F4H         LINE#         95
  -------         ENDPROC       USB_SUSPEND
  -------         ENDMOD        USB_SUSPEND

BL51 BANKED LINKER/LOCATER V6.22                                                      07/14/2018  17:48:51  PAGE 47


  -------         MODULE        USB_INT_ENABLE
  C:0000H         SYMBOL        _ICE_DUMMY_
  C:3495H         PUBLIC        USB_Int_Enable
  D:0096H         PUBLIC        USB0ADR
  D:0097H         PUBLIC        USB0DAT
  -------         PROC          USB_INT_ENABLE
  C:3495H         LINE#         68
  C:3495H         LINE#         71
  C:349CH         LINE#         73
  C:34A2H         LINE#         74
  C:34A2H         LINE#         75
  C:34ADH         LINE#         77
  C:34ADH         LINE#         78
  -------         ENDPROC       USB_INT_ENABLE
  -------         ENDMOD        USB_INT_ENABLE

  -------         MODULE        USB_CLOCK_RECOVERY
  C:0000H         SYMBOL        _ICE_DUMMY_
  C:351DH         PUBLIC        USBXcore_ClkRec
  D:0096H         PUBLIC        USB0ADR
  D:0097H         PUBLIC        USB0DAT
  -------         PROC          USBXCORE_CLKREC
  C:351DH         LINE#         45
  C:351DH         LINE#         47
  C:3528H         LINE#         48
  -------         ENDPROC       USBXCORE_CLKREC
  -------         ENDMOD        USB_CLOCK_RECOVERY

  -------         MODULE        ?C?FPMUL
  C:0C2EH         PUBLIC        ?C?FPMUL
  -------         ENDMOD        ?C?FPMUL

  -------         MODULE        ?C?FCAST
  C:0D3EH         PUBLIC        ?C?FCASTC
  C:0D39H         PUBLIC        ?C?FCASTI
  C:0D34H         PUBLIC        ?C?FCASTL
  -------         ENDMOD        ?C?FCAST

  -------         MODULE        ?C?CASTF
  C:0D72H         PUBLIC        ?C?CASTF
  -------         ENDMOD        ?C?CASTF

  -------         MODULE        ?C?COPY
  C:0EC3H         PUBLIC        ?C?COPY
  -------         ENDMOD        ?C?COPY

  -------         MODULE        ?C?CLDPTR
  C:0EE9H         PUBLIC        ?C?CLDPTR
  -------         ENDMOD        ?C?CLDPTR

  -------         MODULE        ?C?CLDOPTR
  C:0F02H         PUBLIC        ?C?CLDOPTR
  -------         ENDMOD        ?C?CLDOPTR

  -------         MODULE        ?C?IMUL
  C:0F2FH         PUBLIC        ?C?IMUL
  -------         ENDMOD        ?C?IMUL
BL51 BANKED LINKER/LOCATER V6.22                                                      07/14/2018  17:48:51  PAGE 48



  -------         MODULE        ?C?IILDX
  C:0F41H         PUBLIC        ?C?IILDX
  -------         ENDMOD        ?C?IILDX

  -------         MODULE        ?C?LMUL
  C:0F57H         PUBLIC        ?C?LMUL
  -------         ENDMOD        ?C?LMUL

  -------         MODULE        ?C?ULDIV
  C:0FE2H         PUBLIC        ?C?ULDIV
  -------         ENDMOD        ?C?ULDIV

  -------         MODULE        ?C?LNEG
  C:1074H         PUBLIC        ?C?LNEG
  -------         ENDMOD        ?C?LNEG

  -------         MODULE        ?C?ULCMP
  C:1082H         PUBLIC        ?C?ULCMP
  -------         ENDMOD        ?C?ULCMP

  -------         MODULE        ?C?ULSHR
  C:1093H         PUBLIC        ?C?ULSHR
  -------         ENDMOD        ?C?ULSHR

  -------         MODULE        ?C?LSHL
  C:10A6H         PUBLIC        ?C?LSHL
  -------         ENDMOD        ?C?LSHL

  -------         MODULE        ?C?LLDIIDATA
  C:10C2H         PUBLIC        ?C?LLDIIDATA
  C:10B9H         PUBLIC        ?C?LLDIIDATA1
  C:10BBH         PUBLIC        ?C?LLDIIDATA8
  -------         ENDMOD        ?C?LLDIIDATA

  -------         MODULE        ?C?LSTXDATA
  C:10D9H         PUBLIC        ?C?LSTXDATA
  -------         ENDMOD        ?C?LSTXDATA

  -------         MODULE        ?C?LSTKXDATA
  C:10E5H         PUBLIC        ?C?LSTKXDATA
  -------         ENDMOD        ?C?LSTKXDATA

  -------         MODULE        ?C_IBP
  D:007AH         PUBLIC        ?C_IBP
  -------         ENDMOD        ?C_IBP

*** WARNING L16: UNCALLED SEGMENT, IGNORED FOR OVERLAY PROCESS
    SEGMENT: ?PR?SD_INIT?MMC_SD

*** WARNING L16: UNCALLED SEGMENT, IGNORED FOR OVERLAY PROCESS
    SEGMENT: ?PR?_DISPPICFROMSD?LCD

*** WARNING L16: UNCALLED SEGMENT, IGNORED FOR OVERLAY PROCESS
    SEGMENT: ?PR?DISPSCALEHOR1?LCD

*** WARNING L16: UNCALLED SEGMENT, IGNORED FOR OVERLAY PROCESS
BL51 BANKED LINKER/LOCATER V6.22                                                      07/14/2018  17:48:51  PAGE 49


    SEGMENT: ?PR?DISPSCALEVER?LCD

*** WARNING L16: UNCALLED SEGMENT, IGNORED FOR OVERLAY PROCESS
    SEGMENT: ?PR?DISPSCALEVER_RED?LCD

*** WARNING L16: UNCALLED SEGMENT, IGNORED FOR OVERLAY PROCESS
    SEGMENT: ?PR?DISPSCALEVER_GREEN?LCD

*** WARNING L16: UNCALLED SEGMENT, IGNORED FOR OVERLAY PROCESS
    SEGMENT: ?PR?DISPSCALEVER_BLUE?LCD

*** WARNING L16: UNCALLED SEGMENT, IGNORED FOR OVERLAY PROCESS
    SEGMENT: ?PR?DISPSCALEVER_GRAY?LCD

*** WARNING L16: UNCALLED SEGMENT, IGNORED FOR OVERLAY PROCESS
    SEGMENT: ?PR?DISPGRAYHOR32?LCD

*** WARNING L16: UNCALLED SEGMENT, IGNORED FOR OVERLAY PROCESS
    SEGMENT: ?PR?DISPSCALEHOR2?LCD

*** WARNING L16: UNCALLED SEGMENT, IGNORED FOR OVERLAY PROCESS
    SEGMENT: ?PR?_DRAWGIRD?LCD

*** WARNING L15: MULTIPLE CALL TO SEGMENT
    SEGMENT: ?PR?_WRITECOMM?LCD
    CALLER1: ?PR?USB_API_TEST_ISR?MAIN
    CALLER2: ?C_C51STARTUP

*** WARNING L15: MULTIPLE CALL TO SEGMENT
    SEGMENT: ?PR?_WRITEDATA?LCD
    CALLER1: ?PR?USB_API_TEST_ISR?MAIN
    CALLER2: ?C_C51STARTUP

Program Size: data=124.0 xdata=1095 code=13623
LINK/LOCATE RUN COMPLETE.  13 WARNING(S),  0 ERROR(S)
