BL51 BANKED LINKER/LOCATER V6.22                                                        09/23/2021  10:28:45  PAGE 1


BL51 BANKED LINKER/LOCATER V6.22, INVOKED BY:
D:\KEIL C51\C51\BIN\BL51.EXE main.obj, mmc_sd.obj, lcd.obj, tp.obj, .\USBX_F34X.LIB TO ILI9163V_CTC177_3W1L RAMSIZE (256
>> )


MEMORY MODEL: COMPACT WITH FLOATING POINT ARITHMETIC


INPUT MODULES INCLUDED:
  main.obj (MAIN)
  mmc_sd.obj (MMC_SD)
  lcd.obj (LCD)
  tp.obj (TP)
  .\USBX_F34X.LIB (USB_API)
  .\USBX_F34X.LIB (USB_CLOCK_START)
  .\USBX_F34X.LIB (USB_SUSPEND)
  .\USBX_F34X.LIB (GET_INTERRUPT_SOURCE)
  .\USBX_F34X.LIB (BLOCK_READ)
  .\USBX_F34X.LIB (BLOCK_WRITE)
  .\USBX_F34X.LIB (USB_INT_ENABLE)
  .\USBX_F34X.LIB (USB_CLOCK_RECOVERY)
  .\USBX_F34X.LIB (USB_JUMP_ISR)
  D:\KEIL C51\C51\LIB\C51FPC.LIB (?C?FPMUL)
  D:\KEIL C51\C51\LIB\C51FPC.LIB (?C?FCAST)
  D:\KEIL C51\C51\LIB\C51FPC.LIB (?C?CASTF)
  D:\KEIL C51\C51\LIB\C51FPC.LIB (?C?FPGETOPN)
  D:\KEIL C51\C51\LIB\C51C.LIB (?C_STARTUP)
  D:\KEIL C51\C51\LIB\C51C.LIB (?C?COPY)
  D:\KEIL C51\C51\LIB\C51C.LIB (?C?CLDPTR)
  D:\KEIL C51\C51\LIB\C51C.LIB (?C?CLDOPTR)
  D:\KEIL C51\C51\LIB\C51C.LIB (?C?IMUL)
  D:\KEIL C51\C51\LIB\C51C.LIB (?C?IILDX)
  D:\KEIL C51\C51\LIB\C51C.LIB (?C?ILDOPTR)
  D:\KEIL C51\C51\LIB\C51C.LIB (?C?LMUL)
  D:\KEIL C51\C51\LIB\C51C.LIB (?C?ULDIV)
  D:\KEIL C51\C51\LIB\C51C.LIB (?C?LNEG)
  D:\KEIL C51\C51\LIB\C51C.LIB (?C?ULCMP)
  D:\KEIL C51\C51\LIB\C51C.LIB (?C?ULSHR)
  D:\KEIL C51\C51\LIB\C51C.LIB (?C?LSHL)
  D:\KEIL C51\C51\LIB\C51C.LIB (?C?LLDIPDATA)
  D:\KEIL C51\C51\LIB\C51C.LIB (?C?LSTXDATA)
  D:\KEIL C51\C51\LIB\C51C.LIB (?C?LSTPDATA)
  D:\KEIL C51\C51\LIB\C51C.LIB (?C?LSTKXDATA)
  D:\KEIL C51\C51\LIB\C51C.LIB (?C?LSTKPDATA)
  D:\KEIL C51\C51\LIB\C51C.LIB (?C_PBP)
  D:\KEIL C51\C51\LIB\C51C.LIB (?C_INIT)


LINK MAP OF MODULE:  ILI9163V_CTC177_3W1L (MAIN)


            TYPE    BASE      LENGTH    RELOCATION   SEGMENT NAME
            -----------------------------------------------------

            * * * * * * *   D A T A   M E M O R Y   * * * * * * *
            REG     0000H     0008H     ABSOLUTE     "REG BANK 0"
            DATA    0008H     0001H     UNIT         ?C?LIB_DATA
            IDATA   0009H     0001H     UNIT         ?STACK
BL51 BANKED LINKER/LOCATER V6.22                                                      09/23/2021  10:28:45  PAGE 2



            * * * * * * *  X D A T A   M E M O R Y  * * * * * * *
            XDATA   0000H     0010H     INPAGE       ?PD?MAIN
            XDATA   0010H     0004H     INPAGE       ?PD?_MMC_SD_READSINGLEBLOCK?MMC_SD
            XDATA   0014H     0005H     INPAGE       ?PD?DISPBAND?LCD
            XDATA   0019H     0005H     INPAGE       ?PD?_DISPPIC?LCD
            XDATA   001EH     000DH     INPAGE       ?PD?_DISPPICFROMSD?LCD
            XDATA   002BH     0004H     INPAGE       ?PD?DISPSCALEHOR1?LCD
            XDATA   002FH     0004H     INPAGE       ?PD?DISPSCALEVER?LCD
            XDATA   0033H     0004H     INPAGE       ?PD?DISPSCALEVER_RED?LCD
            XDATA   0037H     0004H     INPAGE       ?PD?DISPSCALEVER_GREEN?LCD
            XDATA   003BH     0004H     INPAGE       ?PD?DISPSCALEVER_BLUE?LCD
            XDATA   003FH     0004H     INPAGE       ?PD?DISPSCALEVER_GRAY?LCD
            XDATA   0043H     0004H     INPAGE       ?PD?DISPGRAYHOR32?LCD
            XDATA   0047H     0002H     INPAGE       ?PD?DISPSCALEHOR2?LCD
            XDATA   0049H     000CH     INPAGE       ?PD?_DRAWLINE?LCD
            XDATA   0055H     0004H     INPAGE       ?PD?_DRAWGIRD?LCD
            XDATA   0059H     0002H     INPAGE       ?PD?LCD
            XDATA   005BH     0024H     INPAGE       _PDATA_GROUP_
            XDATA   007FH     0200H     UNIT         ?XD?MMC_SD
            XDATA   027FH     0058H     UNIT         _XDATA_GROUP_
            XDATA   02D7H     0040H     UNIT         ?XD?MAIN
                    0317H     0329H                  *** GAP ***
            XDATA   0640H     0100H     ABSOLUTE     
            XDATA   0740H     0012H     ABSOLUTE     
            XDATA   0752H     0020H     ABSOLUTE     
            XDATA   0772H     000CH     ABSOLUTE     
            XDATA   077EH     0008H     ABSOLUTE     
            XDATA   0786H     0001H     ABSOLUTE     
            XDATA   0787H     0003H     ABSOLUTE     
            XDATA   078AH     0002H     ABSOLUTE     
            XDATA   078CH     0002H     ABSOLUTE     
            XDATA   078EH     0003H     ABSOLUTE     
            XDATA   0791H     0001H     ABSOLUTE     
            XDATA   0792H     0001H     ABSOLUTE     
            XDATA   0793H     0001H     ABSOLUTE     
            XDATA   0794H     0001H     ABSOLUTE     
            XDATA   0795H     0002H     ABSOLUTE     
            XDATA   0797H     0002H     ABSOLUTE     
            XDATA   0799H     0001H     ABSOLUTE     
            XDATA   079AH     0001H     ABSOLUTE     
            XDATA   079BH     0001H     ABSOLUTE     
            XDATA   079CH     0001H     ABSOLUTE     
            XDATA   079DH     0001H     ABSOLUTE     
            XDATA   079EH     0001H     ABSOLUTE     
            XDATA   079FH     0002H     ABSOLUTE     
            XDATA   07A1H     0001H     ABSOLUTE     
            XDATA   07A2H     0001H     ABSOLUTE     
            XDATA   07A3H     000CH     ABSOLUTE     
                    07AFH     0011H                  *** GAP ***
            XDATA   07C0H     0040H     ABSOLUTE     

            * * * * * * *   C O D E   M E M O R Y   * * * * * * *
            CODE    0000H     0003H     ABSOLUTE     
            CODE    0003H     003AH     UNIT         ?CO?USB_API
            CODE    003DH     0003H     UNIT         ?PR?SUSPEND_DEVICE?MAIN
                    0040H     0003H                  *** GAP ***
BL51 BANKED LINKER/LOCATER V6.22                                                      09/23/2021  10:28:45  PAGE 3


            CODE    0043H     0003H     ABSOLUTE     
            CODE    0046H     0044H     UNIT         ?PR?_DISPCOLOR?LCD
                    008AH     0001H                  *** GAP ***
            CODE    008BH     0003H     ABSOLUTE     
            CODE    008EH     060BH     UNIT         ?PR?CONNTOUSB?MAIN
            CODE    0699H     0600H     UNIT         ?CO?LCD
            CODE    0C99H     0545H     UNIT         ?C?LIB_CODE
            CODE    11DEH     0233H     UNIT         ?PR?USBXCORE_HANDLE_SETUP?USB_API
            CODE    1411H     0232H     UNIT         ?PR?_LCD_READ_IC_ID?LCD
            CODE    1643H     0220H     UNIT         ?PR?DISPSCALEHOR1?LCD
            CODE    1863H     01D6H     UNIT         ?PR?TP_DRAWLINE?TP
            CODE    1A39H     01BCH     UNIT         ?PR?DISPSCALEHOR2?LCD
            CODE    1BF5H     018CH     UNIT         ?PR?DISPBAND?LCD
            CODE    1D81H     0151H     UNIT         ?PR?USBXCORE_USB_ISR?USB_API
            CODE    1ED2H     0144H     UNIT         ?PR?LCD_INIT?LCD
            CODE    2016H     013BH     UNIT         ?PR?USB_API_TEST_ISR?MAIN
            CODE    2151H     0137H     UNIT         ?PR?_USB_INIT?USB_API
            CODE    2288H     012AH     UNIT         ?PR?DISPSCALEVER?LCD
            CODE    23B2H     011BH     UNIT         ?PR?_TP_GETPOSITION?TP
            CODE    24CDH     0111H     UNIT         ?PR?_BLOCK_WRITE?BLOCK_WRITE
            CODE    25DEH     00E9H     UNIT         ?PR?_DISPPICFROMSD?LCD
            CODE    26C7H     00CDH     UNIT         ?PR?USBXCORE_VENDOR_USB_API?USB_API
            CODE    2794H     00CBH     UNIT         ?PR?_DISPONECHAR?LCD
            CODE    285FH     00B7H     UNIT         ?PR?MMC_SD_RESET?MMC_SD
            CODE    2916H     00B3H     UNIT         ?PR?_DISPINT?LCD
            CODE    29C9H     00B2H     UNIT         ?PR?USBXCORE_GET_DESCRIPTOR?USB_API
            CODE    2A7BH     00AFH     UNIT         ?PR?_BLOCK_READ?BLOCK_READ
            CODE    2B2AH     00AAH     UNIT         ?PR?DISPFRAME?LCD
            CODE    2BD4H     00A0H     UNIT         ?PR?DISPSCALEVER_GREEN?LCD
            CODE    2C74H     009BH     UNIT         ?PR?_?BLOCKWRITE?LCD
            CODE    2D0FH     009BH     UNIT         ?PR?DISPGRAYHOR16?LCD
            CODE    2DAAH     0096H     UNIT         ?PR?_DISPSTR?LCD
            CODE    2E40H     0093H     UNIT         ?PR?DISPSCALEVER_RED?LCD
            CODE    2ED3H     0093H     UNIT         ?PR?DISPSCALEVER_GRAY?LCD
            CODE    2F66H     008FH     UNIT         ?PR?_DRAWGIRD?LCD
            CODE    2FF5H     008CH     UNIT         ?C_C51STARTUP
            CODE    3081H     0088H     UNIT         ?PR?DISPSCALEVER_BLUE?LCD
            CODE    3109H     0086H     UNIT         ?PR?_DRAWLINE?LCD
            CODE    318FH     007DH     UNIT         ?PR?_MMC_SD_WRITESINGLEBLOCK?MMC_SD
            CODE    320CH     0078H     UNIT         ?PR?DISPGRAYHOR32?LCD
            CODE    3284H     0075H     UNIT         ?PR?_MMC_SD_SENDCOMMAND?MMC_SD
            CODE    32F9H     0073H     UNIT         ?PR?TP_READ?TP
            CODE    336CH     0073H     UNIT         ?PR?USBXCORE_GET_STATUS?USB_API
            CODE    33DFH     006CH     UNIT         ?PR?DEVICES_INIT?MAIN
            CODE    344BH     0064H     UNIT         ?PR?_MMC_SD_READSINGLEBLOCK?MMC_SD
            CODE    34AFH     005BH     UNIT         ?PR?_TOORD?LCD
            CODE    350AH     005AH     UNIT         ?PR?USBXCORE_SET_CONFIGURATION?USB_API
            CODE    3564H     0058H     UNIT         ?PR?USBXCORE_CLEAR_FEATURE?USB_API
            CODE    35BCH     0057H     UNIT         ?PR?USBXCORE_SET_FEATURE?USB_API
            CODE    3613H     0055H     UNIT         ?PR?_STOPDELAY?MAIN
            CODE    3668H     0053H     UNIT         ?PR?_DISPPIC?LCD
            CODE    36BBH     0052H     UNIT         ?PR?_PUTPIXEL?LCD
            CODE    370DH     0050H     UNIT         ?CO?MAIN
            CODE    375DH     0049H     UNIT         ?PR?MAIN?MAIN
            CODE    37A6H     0048H     UNIT         ?PR?_WRITEDISPDATA?LCD
            CODE    37EEH     0047H     UNIT         ?PR?USBXCORE_GET_CONFIGURATION?USB_API
            CODE    3835H     0043H     UNIT         ?PR?MCU_INIT?MAIN
BL51 BANKED LINKER/LOCATER V6.22                                                      09/23/2021  10:28:45  PAGE 4


            CODE    3878H     0038H     UNIT         ?PR?USB_CLOCK_START?USB_CLOCK_START
            CODE    38B0H     0033H     UNIT         ?PR?_WRITEDATA?LCD
            CODE    38E3H     002FH     UNIT         ?PR?_WRITECOMM?LCD
            CODE    3912H     002DH     UNIT         ?C_INITSEG
            CODE    393FH     002BH     UNIT         ?PR?USB_SUSPEND?USB_SUSPEND
            CODE    396AH     0027H     UNIT         ?PR?USBXCORE_USB_RESET?USB_API
            CODE    3991H     0027H     UNIT         ?PR?USBXCORE_GET_INTERFACE?USB_API
            CODE    39B8H     0026H     UNIT         ?PR?_TP_WRITE?TP
            CODE    39DEH     0022H     UNIT         ?PR?USBXCORE_JUMP_ISR?USB_JUMP_ISR
            CODE    3A00H     0020H     UNIT         ?PR?USBXCORE_SET_ADDRESS?USB_API
            CODE    3A20H     001FH     UNIT         ?PR?_DELAY?MAIN
            CODE    3A3FH     001DH     UNIT         ?PR?USBXCORE_FORCE_STALL?USB_API
            CODE    3A5CH     0019H     UNIT         ?PR?USB_INT_ENABLE?USB_INT_ENABLE
            CODE    3A75H     0016H     UNIT         ?PR?_SPI_WRITEBYTE?MMC_SD
            CODE    3A8BH     0016H     UNIT         ?PR?READDATA?LCD
            CODE    3AA1H     0014H     UNIT         ?PR?USBXCORE_SET_SOP?USB_API
            CODE    3AB5H     0013H     UNIT         ?PR?WAITKEY?MAIN
            CODE    3AC8H     0011H     UNIT         ?PR?SD_INIT?MMC_SD
            CODE    3AD9H     000EH     UNIT         ?PR?GET_INTERRUPT_SOURCE?GET_INTERRUPT_SOURCE
            CODE    3AE7H     000CH     UNIT         ?PR?USBXCORE_CLKREC?USB_CLOCK_RECOVERY
            CODE    3AF3H     000BH     UNIT         ?PR?SPI_READBYTE?MMC_SD
            CODE    3AFEH     0009H     UNIT         ?PR?_WRITEONEDOT?LCD
            CODE    3B07H     0008H     UNIT         ?CO?TP



OVERLAY MAP OF MODULE:   ILI9163V_CTC177_3W1L (MAIN)


SEGMENT                                            PDATA_GROUP         XDATA_GROUP
  +--> CALLED SEGMENT                            START    LENGTH     START    LENGTH
------------------------------------------------------------------------------------
?PR?USB_API_TEST_ISR?MAIN                        005BH    0001H      -----    -----
  +--> ?PR?GET_INTERRUPT_SOURCE?GET_INTERRUP...
  +--> ?PR?_BLOCK_READ?BLOCK_READ
  +--> ?PR?SUSPEND_DEVICE?MAIN
  +--> ?PR?MCU_INIT?MAIN
  +--> ?PR?_?BLOCKWRITE?LCD

?PR?SUSPEND_DEVICE?MAIN                          -----    -----      -----    -----
  +--> ?PR?USB_SUSPEND?USB_SUSPEND

?PR?USB_SUSPEND?USB_SUSPEND                      -----    -----      -----    -----
  +--> ?PR?USB_CLOCK_START?USB_CLOCK_START

?PR?_?BLOCKWRITE?LCD                             -----    -----      -----    -----
  +--> ?PR?_WRITECOMM?LCD
  +--> ?PR?_WRITEDATA?LCD

?PR?_WRITECOMM?LCD                               007EH    0001H      -----    -----

?PR?_WRITEDATA?LCD                               007EH    0001H      -----    -----

*** NEW ROOT ***************************************************

?PR?USBXCORE_USB_ISR?USB_API                     -----    -----      -----    -----
  +--> ?PR?USBXCORE_USB_RESET?USB_API
BL51 BANKED LINKER/LOCATER V6.22                                                      09/23/2021  10:28:45  PAGE 5


  +--> ?PR?USBXCORE_HANDLE_SETUP?USB_API
  +--> ?PR?USBXCORE_JUMP_ISR?USB_JUMP_ISR

?PR?USBXCORE_HANDLE_SETUP?USB_API                -----    -----      -----    -----
  +--> ?PR?USBXCORE_GET_STATUS?USB_API
  +--> ?PR?USBXCORE_CLEAR_FEATURE?USB_API
  +--> ?PR?USBXCORE_VENDOR_USB_API?USB_API
  +--> ?PR?USBXCORE_SET_FEATURE?USB_API
  +--> ?PR?USBXCORE_SET_ADDRESS?USB_API
  +--> ?PR?USBXCORE_GET_DESCRIPTOR?USB_API
  +--> ?PR?USBXCORE_GET_CONFIGURATION?USB_API
  +--> ?PR?USBXCORE_SET_CONFIGURATION?USB_API
  +--> ?PR?USBXCORE_GET_INTERFACE?USB_API
  +--> ?PR?USBXCORE_SET_SOP?USB_API
  +--> ?PR?USBXCORE_FORCE_STALL?USB_API

?PR?USBXCORE_GET_STATUS?USB_API                  -----    -----      -----    -----
  +--> ?CO?USB_API
  +--> ?PR?USBXCORE_FORCE_STALL?USB_API
  +--> ?PR?USBXCORE_SET_SOP?USB_API

?PR?USBXCORE_CLEAR_FEATURE?USB_API               -----    -----      -----    -----
  +--> ?PR?USBXCORE_FORCE_STALL?USB_API
  +--> ?PR?USBXCORE_SET_SOP?USB_API

?PR?USBXCORE_VENDOR_USB_API?USB_API              -----    -----      -----    -----
  +--> ?PR?USBXCORE_SET_SOP?USB_API

?PR?USBXCORE_SET_FEATURE?USB_API                 -----    -----      -----    -----
  +--> ?PR?USBXCORE_FORCE_STALL?USB_API
  +--> ?PR?USBXCORE_SET_SOP?USB_API

?PR?USBXCORE_SET_ADDRESS?USB_API                 -----    -----      -----    -----
  +--> ?PR?USBXCORE_SET_SOP?USB_API

?PR?USBXCORE_GET_DESCRIPTOR?USB_API              -----    -----      -----    -----
  +--> ?PR?USBXCORE_FORCE_STALL?USB_API
  +--> ?PR?USBXCORE_SET_SOP?USB_API

?PR?USBXCORE_GET_CONFIGURATION?USB_API           -----    -----      -----    -----
  +--> ?CO?USB_API
  +--> ?PR?USBXCORE_SET_SOP?USB_API

?PR?USBXCORE_SET_CONFIGURATION?USB_API           -----    -----      -----    -----
  +--> ?PR?USBXCORE_SET_SOP?USB_API

?PR?USBXCORE_GET_INTERFACE?USB_API               -----    -----      -----    -----
  +--> ?CO?USB_API
  +--> ?PR?USBXCORE_SET_SOP?USB_API

*** NEW ROOT ***************************************************

?C_C51STARTUP                                    -----    -----      -----    -----
  +--> ?PR?MAIN?MAIN
  +--> ?C_INITSEG

?PR?MAIN?MAIN                                    -----    -----      -----    -----
BL51 BANKED LINKER/LOCATER V6.22                                                      09/23/2021  10:28:45  PAGE 6


  +--> ?PR?DEVICES_INIT?MAIN
  +--> ?PR?DISPFRAME?LCD
  +--> ?PR?_STOPDELAY?MAIN
  +--> ?PR?_DISPCOLOR?LCD
  +--> ?PR?DISPGRAYHOR16?LCD
  +--> ?PR?TP_DRAWLINE?TP

?PR?DEVICES_INIT?MAIN                            -----    -----      -----    -----
  +--> ?PR?MCU_INIT?MAIN
  +--> ?PR?USB_CLOCK_START?USB_CLOCK_START
  +--> ?CO?MAIN
  +--> ?PR?_USB_INIT?USB_API
  +--> ?PR?USB_INT_ENABLE?USB_INT_ENABLE
  +--> ?PR?LCD_INIT?LCD

?PR?_USB_INIT?USB_API                            -----    -----      027FH    0011H
  +--> ?CO?USB_API
  +--> ?PR?USBXCORE_CLKREC?USB_CLOCK_RECOVERY

?PR?LCD_INIT?LCD                                 -----    -----      -----    -----
  +--> ?PR?READDATA?LCD
  +--> ?PR?_DELAY?MAIN
  +--> ?PR?_WRITECOMM?LCD
  +--> ?PR?_WRITEDATA?LCD

?PR?READDATA?LCD                                 -----    -----      -----    -----
  +--> ?PR?_LCD_READ_IC_ID?LCD

?PR?_LCD_READ_IC_ID?LCD                          0066H    0008H      -----    -----

?PR?DISPFRAME?LCD                                005DH    0002H      -----    -----
  +--> ?PR?_?BLOCKWRITE?LCD
  +--> ?PR?_WRITEDISPDATA?LCD

?PR?_STOPDELAY?MAIN                              005DH    0004H      -----    -----
  +--> ?PR?WAITKEY?MAIN
  +--> ?PR?_DELAY?MAIN

?PR?WAITKEY?MAIN                                 -----    -----      -----    -----
  +--> ?PR?CONNTOUSB?MAIN
  +--> ?PR?_DELAY?MAIN

?PR?CONNTOUSB?MAIN                               0061H    0005H      027FH    0058H
  +--> ?CO?MAIN
  +--> ?PR?_WRITECOMM?LCD
  +--> ?PR?_WRITEDATA?LCD
  +--> ?PR?_DISPSTR?LCD
  +--> ?PR?_DISPINT?LCD
  +--> ?PR?_WRITEDISPDATA?LCD
  +--> ?PR?_MMC_SD_WRITESINGLEBLOCK?MMC_SD
  +--> ?PR?_BLOCK_WRITE?BLOCK_WRITE
  +--> ?PR?READDATA?LCD
  +--> ?PR?_DELAY?MAIN

?PR?_DISPSTR?LCD                                 0066H    000BH      -----    -----
  +--> ?PR?_TOORD?LCD
  +--> ?PR?_DISPONECHAR?LCD
BL51 BANKED LINKER/LOCATER V6.22                                                      09/23/2021  10:28:45  PAGE 7



?PR?_DISPONECHAR?LCD                             0071H    000DH      -----    -----
  +--> ?PR?_?BLOCKWRITE?LCD
  +--> ?CO?LCD
  +--> ?PR?_WRITEONEDOT?LCD

?PR?_WRITEONEDOT?LCD                             -----    -----      -----    -----
  +--> ?PR?_WRITEDISPDATA?LCD

?PR?_DISPINT?LCD                                 0066H    000AH      -----    -----
  +--> ?PR?_DISPONECHAR?LCD

?PR?_MMC_SD_WRITESINGLEBLOCK?MMC_SD              0066H    0004H      -----    -----
  +--> ?PR?_MMC_SD_SENDCOMMAND?MMC_SD
  +--> ?PR?_SPI_WRITEBYTE?MMC_SD

?PR?_MMC_SD_SENDCOMMAND?MMC_SD                   006AH    0005H      -----    -----
  +--> ?PR?_SPI_WRITEBYTE?MMC_SD

?PR?_DISPCOLOR?LCD                               005DH    0004H      -----    -----
  +--> ?PR?_?BLOCKWRITE?LCD
  +--> ?PR?_WRITEDISPDATA?LCD

?PR?DISPGRAYHOR16?LCD                            005DH    0004H      -----    -----
  +--> ?PR?_?BLOCKWRITE?LCD
  +--> ?PR?_WRITEDISPDATA?LCD

?PR?TP_DRAWLINE?TP                               -----    -----      027FH    0018H
  +--> ?PR?_DISPCOLOR?LCD
  +--> ?CO?TP
  +--> ?PR?_DISPSTR?LCD
  +--> ?PR?_DELAY?MAIN
  +--> ?PR?_TP_GETPOSITION?TP
  +--> ?PR?_PUTPIXEL?LCD

?PR?_TP_GETPOSITION?TP                           -----    -----      0297H    001BH
  +--> ?PR?_TP_WRITE?TP
  +--> ?PR?TP_READ?TP

?PR?_TP_WRITE?TP                                 -----    -----      02B2H    0001H

?PR?TP_READ?TP                                   -----    -----      02B2H    0005H

?PR?_PUTPIXEL?LCD                                005DH    0002H      -----    -----
  +--> ?PR?_?BLOCKWRITE?LCD
  +--> ?PR?_WRITEDISPDATA?LCD



SYMBOL TABLE OF MODULE:  ILI9163V_CTC177_3W1L (MAIN)

  VALUE           TYPE          NAME
  ----------------------------------

  -------         MODULE        MAIN
  C:0000H         SYMBOL        _ICE_DUMMY_
  D:0080H         PUBLIC        P0
BL51 BANKED LINKER/LOCATER V6.22                                                      09/23/2021  10:28:45  PAGE 8


  X:0000H         PUBLIC        f_down
  D:0090H         PUBLIC        P1
  D:00A0H         PUBLIC        P2
  D:00B0H         PUBLIC        P3
  C:3758H         PUBLIC        USB_MaxPower
  B:00B0H.6       PUBLIC        KEY_STEP
  D:00A4H         PUBLIC        P0MDOUT
  D:00A5H         PUBLIC        P1MDOUT
  D:00A6H         PUBLIC        P2MDOUT
  D:00A7H         PUBLIC        P3MDOUT
  D:00AEH         PUBLIC        P4MDOUT
  B:0080H.6       PUBLIC        OE
  D:00D9H         PUBLIC        PCA0MD
  C:2016H         PUBLIC        USB_API_TEST_ISR
  C:003DH         PUBLIC        Suspend_Device
  C:3617H         PUBLIC        _StopDelay
  D:00E1H         PUBLIC        XBR0
  D:00E2H         PUBLIC        XBR1
  B:00B0H.1       PUBLIC        RS
  C:375DH         PUBLIC        main
  X:0001H         PUBLIC        VerifyCode0
  X:0002H         PUBLIC        VerifyCode1
  C:3722H         PUBLIC        USB_PID
  X:0003H         PUBLIC        VerifyCode2
  D:00F1H         PUBLIC        P0MDIN
  D:00F2H         PUBLIC        P1MDIN
  C:3724H         PUBLIC        USB_MfrStr
  D:00F4H         PUBLIC        P3MDIN
  C:3720H         PUBLIC        USB_VID
  D:00F8H         PUBLIC        SPI0CN
  X:0004H         PUBLIC        pic
  C:33DFH         PUBLIC        Devices_Init
  C:008EH         PUBLIC        ConnToUSB
  D:00A9H         PUBLIC        CLKSEL
  D:00B2H         PUBLIC        OSCICN
  C:3759H         PUBLIC        USB_PwAttributes
  C:3AB5H         PUBLIC        WaitKey
  C:375CH         SYMBOL        _?ix1000
  B:00A0H.0       PUBLIC        CS0
  X:0005H         PUBLIC        bf
  C:375AH         PUBLIC        USB_bcdDevice
  D:00B9H         PUBLIC        CLKMUL
  X:0007H         PUBLIC        f_debug
  X:0008H         PUBLIC        sd
  X:02D7H         PUBLIC        Packet
  C:3835H         PUBLIC        MCU_Init
  B:0080H.7       PUBLIC        DIR
  D:00EFH         PUBLIC        RSTSRC
  X:000CH         PUBLIC        f_read
  C:374EH         PUBLIC        USB_SerialStr
  X:000DH         PUBLIC        f_other
  C:373EH         PUBLIC        USB_ProductStr
  X:000EH         PUBLIC        f_para
  D:00A1H         PUBLIC        SPI0CFG
  C:3A20H         PUBLIC        _Delay
  B:00B0H.7       PUBLIC        KEY_Stop
  X:000FH         PUBLIC        f_init
BL51 BANKED LINKER/LOCATER V6.22                                                      09/23/2021  10:28:45  PAGE 9


  -------         PROC          MAIN
  C:375DH         LINE#         40
  C:375DH         LINE#         41
  C:375DH         LINE#         61
  C:3760H         LINE#         63
  C:3763H         LINE#         64
  C:3763H         LINE#         68
  C:3769H         LINE#         69
  C:3773H         LINE#         71
  C:377DH         LINE#         72
  C:3787H         LINE#         73
  C:3791H         LINE#         75
  C:3797H         LINE#         76
  C:37A0H         LINE#         80
  C:37A3H         LINE#         82
  C:37A5H         LINE#         83
  -------         ENDPROC       MAIN
  -------         PROC          _DELAY
  D:0006H         SYMBOL        dly
  -------         DO            
  D:0004H         SYMBOL        i
  D:0002H         SYMBOL        j
  -------         ENDDO         
  C:3A20H         LINE#         86
  C:3A20H         LINE#         87
  C:3A20H         LINE#         90
  C:3A2AH         LINE#         91
  C:3A3EH         LINE#         92
  -------         ENDPROC       _DELAY
  C:3613H         SYMBOL        L?0133
  -------         PROC          L?0132
  -------         ENDPROC       L?0132
  C:3613H         SYMBOL        L?0133
  -------         PROC          _STOPDELAY
  X:005DH         SYMBOL        sdly
  -------         DO            
  D:0006H         SYMBOL        i
  D:0004H         SYMBOL        j
  X:005FH         SYMBOL        k
  -------         ENDDO         
  C:3617H         LINE#         94
  C:361EH         LINE#         95
  C:361EH         LINE#         97
  C:3623H         LINE#         98
  C:3623H         LINE#         99
  C:3626H         LINE#         100
  C:3626H         LINE#         101
  C:3633H         LINE#         102
  C:3647H         LINE#         103
  C:3647H         LINE#         105
  C:3647H         LINE#         106
  C:3651H         LINE#         107
  C:3651H         LINE#         108
  C:3667H         LINE#         109
  -------         ENDPROC       _STOPDELAY
  -------         PROC          WAITKEY
  C:3AB5H         LINE#         138
BL51 BANKED LINKER/LOCATER V6.22                                                      09/23/2021  10:28:45  PAGE 10


  C:3AB5H         LINE#         139
  C:3AB5H         LINE#         141
  C:3AB8H         LINE#         142
  C:3AB8H         LINE#         144
  C:3ABBH         LINE#         146
  C:3ABDH         LINE#         147
  C:3AC4H         LINE#         148
  C:3AC7H         LINE#         150
  -------         ENDPROC       WAITKEY
  -------         PROC          CONNTOUSB
  -------         DO            
  X:0061H         SYMBOL        i
  X:027FH         SYMBOL        reg_data
  X:0297H         SYMBOL        para_data
  D:0007H         SYMBOL        dat
  X:0062H         SYMBOL        reg_index
  X:0064H         SYMBOL        data_num
  X:0065H         SYMBOL        st
  -------         ENDDO         
  C:008EH         LINE#         156
  C:008EH         LINE#         157
  C:008EH         LINE#         164
  C:00A1H         LINE#         166
  C:00A9H         LINE#         167
  C:00A9H         LINE#         168
  C:00B7H         LINE#         169
  C:00B7H         LINE#         170
  C:00C8H         LINE#         171
  C:00C8H         LINE#         172
  C:00EEH         LINE#         173
  C:00F0H         LINE#         174
  C:0104H         LINE#         175
  C:0104H         LINE#         176
  C:012AH         LINE#         178
  C:012AH         LINE#         179
  C:012AH         LINE#         180
  C:012AH         LINE#         182
  C:012AH         LINE#         183
  C:0132H         LINE#         184
  C:013CH         LINE#         185
  C:0146H         LINE#         187
  C:0162H         LINE#         189
  C:016CH         LINE#         190
  C:016CH         LINE#         191
  C:017DH         LINE#         192
  C:017DH         LINE#         193
  C:018EH         LINE#         194
  C:018EH         LINE#         195
  C:01E1H         LINE#         196
  C:01E3H         LINE#         197
  C:01F9H         LINE#         198
  C:01F9H         LINE#         199
  C:024BH         LINE#         200
  C:024BH         LINE#         201
  C:024BH         LINE#         202
  C:024BH         LINE#         204
  C:024BH         LINE#         205
BL51 BANKED LINKER/LOCATER V6.22                                                      09/23/2021  10:28:45  PAGE 11


  C:0253H         LINE#         206
  C:0253H         LINE#         207
  C:025DH         LINE#         208
  C:0267H         LINE#         210
  C:026BH         LINE#         211
  C:026EH         LINE#         215
  C:0276H         LINE#         216
  C:0276H         LINE#         217
  C:0285H         LINE#         218
  C:0285H         LINE#         219
  C:0287H         LINE#         221
  C:0289H         LINE#         222
  C:02A5H         LINE#         223
  C:02A7H         LINE#         225
  C:02D0H         LINE#         226
  C:02F4H         LINE#         227
  C:02FEH         LINE#         228
  C:02FEH         LINE#         229
  C:0306H         LINE#         230
  C:030DH         LINE#         231
  C:0318H         LINE#         232
  C:031EH         LINE#         233
  C:031EH         LINE#         234
  C:0327H         LINE#         236
  C:032BH         LINE#         237
  C:0337H         LINE#         238
  C:033AH         LINE#         241
  C:0342H         LINE#         242
  C:0342H         LINE#         243
  C:034BH         LINE#         244
  C:034BH         LINE#         245
  C:035BH         LINE#         246
  C:035BH         LINE#         247
  C:035DH         LINE#         249
  C:035FH         LINE#         250
  C:037BH         LINE#         251
  C:037DH         LINE#         253
  C:03A6H         LINE#         254
  C:03CAH         LINE#         256
  C:03D4H         LINE#         257
  C:03D4H         LINE#         258
  C:03DCH         LINE#         259
  C:03E3H         LINE#         260
  C:03EEH         LINE#         261
  C:03F4H         LINE#         262
  C:03F4H         LINE#         264
  C:03FDH         LINE#         270
  C:03FDH         LINE#         271
  C:040AH         LINE#         272
  C:040AH         LINE#         273
  C:040CH         LINE#         275
  C:040EH         LINE#         276
  C:042AH         LINE#         277
  C:042CH         LINE#         279
  C:0434H         LINE#         280
  C:0438H         LINE#         281
  C:0444H         LINE#         282
BL51 BANKED LINKER/LOCATER V6.22                                                      09/23/2021  10:28:45  PAGE 12


  C:0444H         LINE#         283
  C:0447H         LINE#         286
  C:044FH         LINE#         287
  C:044FH         LINE#         288
  C:0460H         LINE#         289
  C:0460H         LINE#         290
  C:046DH         LINE#         291
  C:046DH         LINE#         292
  C:048BH         LINE#         293
  C:048DH         LINE#         294
  C:049DH         LINE#         295
  C:049DH         LINE#         296
  C:04BBH         LINE#         297
  C:04BDH         LINE#         298
  C:04CEH         LINE#         299
  C:04CEH         LINE#         300
  C:04D8H         LINE#         301
  C:04E2H         LINE#         302
  C:04E2H         LINE#         303
  C:04E2H         LINE#         304
  C:04E2H         LINE#         306
  C:04E2H         LINE#         307
  C:04EBH         LINE#         308
  C:04EFH         LINE#         309
  C:04FBH         LINE#         310
  C:04FEH         LINE#         313
  C:0506H         LINE#         314
  C:0506H         LINE#         315
  C:0513H         LINE#         316
  C:0524H         LINE#         318
  C:052DH         LINE#         319
  C:053CH         LINE#         321
  C:0544H         LINE#         322
  C:0544H         LINE#         323
  C:054DH         LINE#         324
  C:055CH         LINE#         325
  C:055CH         LINE#         326
  C:055FH         LINE#         327
  C:056EH         LINE#         328
  C:057AH         LINE#         329
  C:0580H         LINE#         330
  C:0580H         LINE#         332
  C:0584H         LINE#         333
  C:0593H         LINE#         335
  C:059AH         LINE#         336
  C:05B6H         LINE#         337
  C:05C0H         LINE#         338
  C:05C0H         LINE#         339
  C:05E6H         LINE#         340
  C:05F9H         LINE#         341
  C:05F9H         LINE#         342
  C:064BH         LINE#         343
  C:0653H         LINE#         344
  C:0653H         LINE#         345
  C:0653H         LINE#         348
  C:0658H         LINE#         349
  C:0658H         LINE#         350
BL51 BANKED LINKER/LOCATER V6.22                                                      09/23/2021  10:28:45  PAGE 13


  C:0665H         LINE#         351
  C:0676H         LINE#         353
  C:067BH         LINE#         354
  C:067FH         LINE#         355
  C:0682H         LINE#         356
  C:0686H         LINE#         358
  C:068AH         LINE#         359
  C:0696H         LINE#         360
  C:0698H         LINE#         361
  -------         ENDPROC       CONNTOUSB
  -------         PROC          MCU_INIT
  -------         DO            
  D:0007H         SYMBOL        n
  -------         ENDDO         
  C:3835H         LINE#         364
  C:3835H         LINE#         365
  C:3835H         LINE#         367
  C:3838H         LINE#         370
  C:383BH         LINE#         371
  C:383EH         LINE#         373
  C:3841H         LINE#         375
  C:3847H         LINE#         377
  C:384AH         LINE#         378
  C:384FH         LINE#         379
  C:3852H         LINE#         381
  C:3855H         LINE#         384
  C:3858H         LINE#         385
  C:385BH         LINE#         387
  C:385EH         LINE#         388
  C:3861H         LINE#         390
  C:3864H         LINE#         391
  C:3867H         LINE#         393
  C:386AH         LINE#         394
  C:386DH         LINE#         395
  C:386FH         LINE#         396
  C:3871H         LINE#         398
  C:3874H         LINE#         399
  C:3877H         LINE#         401
  -------         ENDPROC       MCU_INIT
  -------         PROC          DEVICES_INIT
  C:33DFH         LINE#         403
  C:33DFH         LINE#         404
  C:33DFH         LINE#         406
  C:33E2H         LINE#         409
  C:33E5H         LINE#         410
  C:343FH         LINE#         411
  C:3442H         LINE#         414
  C:3445H         LINE#         415
  C:3448H         LINE#         423
  -------         ENDPROC       DEVICES_INIT
  -------         PROC          SUSPEND_DEVICE
  C:003DH         LINE#         427
  C:003DH         LINE#         428
  C:003DH         LINE#         429
  -------         ENDPROC       SUSPEND_DEVICE
  -------         PROC          USB_API_TEST_ISR
  -------         DO            
BL51 BANKED LINKER/LOCATER V6.22                                                      09/23/2021  10:28:45  PAGE 14


  X:005BH         SYMBOL        INTVAL
  -------         ENDDO         
  C:2016H         LINE#         433
  C:2033H         LINE#         435
  C:203AH         LINE#         437
  C:2040H         LINE#         438
  C:2040H         LINE#         439
  C:204BH         LINE#         441
  C:2067H         LINE#         442
  C:2067H         LINE#         443
  C:2069H         LINE#         444
  C:206BH         LINE#         445
  C:2081H         LINE#         446
  C:2081H         LINE#         447
  C:2083H         LINE#         448
  C:2085H         LINE#         449
  C:209DH         LINE#         450
  C:209DH         LINE#         451
  C:209FH         LINE#         452
  C:20A1H         LINE#         453
  C:20BBH         LINE#         454
  C:20BBH         LINE#         455
  C:20BDH         LINE#         456
  C:20BFH         LINE#         457
  C:20D4H         LINE#         458
  C:20D4H         LINE#         459
  C:20D6H         LINE#         460
  C:20D8H         LINE#         462
  C:20D8H         LINE#         463
  C:20DDH         LINE#         464
  C:20DDH         LINE#         465
  C:20DDH         LINE#         467
  C:20DDH         LINE#         468
  C:20DDH         LINE#         470
  C:20DDH         LINE#         472
  C:20E3H         LINE#         473
  C:20E3H         LINE#         474
  C:20E6H         LINE#         475
  C:20E6H         LINE#         477
  C:20ECH         LINE#         478
  C:20ECH         LINE#         479
  C:20EFH         LINE#         480
  C:20EFH         LINE#         482
  C:20F5H         LINE#         483
  C:20F5H         LINE#         484
  C:2110H         LINE#         485
  C:2110H         LINE#         487
  C:2116H         LINE#         488
  C:2116H         LINE#         489
  C:211BH         LINE#         490
  C:2136H         LINE#         491
  C:2136H         LINE#         492
  -------         ENDPROC       USB_API_TEST_ISR
  -------         ENDMOD        MAIN

  -------         MODULE        MMC_SD
  C:0000H         SYMBOL        _ICE_DUMMY_
BL51 BANKED LINKER/LOCATER V6.22                                                      09/23/2021  10:28:45  PAGE 15


  D:00A2H         PUBLIC        SPI0CKR
  D:0080H         PUBLIC        P0
  D:0090H         PUBLIC        P1
  D:00A0H         PUBLIC        P2
  D:00B0H         PUBLIC        P3
  C:3284H         PUBLIC        _MMC_SD_SendCommand
  C:344BH         PUBLIC        _MMC_SD_ReadSingleBlock
  C:3AC8H         PUBLIC        SD_Init
  C:318FH         PUBLIC        _MMC_SD_WriteSingleBlock
  B:00F8H.7       PUBLIC        SPIF
  B:00F8H.2       PUBLIC        NSSMD0
  C:285FH         PUBLIC        MMC_SD_Reset
  D:00A9H         PUBLIC        CLKSEL
  C:3AF3H         PUBLIC        SPI_ReadByte
  C:3A81H         PUBLIC        _SPI_WriteByte
  D:00A3H         PUBLIC        SPI0DAT
  X:007FH         PUBLIC        buffer
  C:3A75H         SYMBOL        L?0062
  C:3A7AH         SYMBOL        L?0063
  -------         PROC          L?0061
  -------         ENDPROC       L?0061
  C:3A75H         SYMBOL        L?0062
  C:3A7AH         SYMBOL        L?0063
  -------         PROC          _SPI_WRITEBYTE
  D:0007H         SYMBOL        val
  -------         DO            
  D:0007H         SYMBOL        ret
  -------         ENDDO         
  C:3A81H         LINE#         7
  C:3A81H         LINE#         8
  C:3A81H         LINE#         11
  C:3A83H         LINE#         12
  C:3A86H         LINE#         13
  C:3A88H         LINE#         14
  C:3A8AH         LINE#         15
  C:3A8AH         LINE#         16
  -------         ENDPROC       _SPI_WRITEBYTE
  -------         PROC          SPI_READBYTE
  -------         DO            
  D:0007H         SYMBOL        ret
  -------         ENDDO         
  C:3AF3H         LINE#         18
  C:3AF3H         LINE#         19
  C:3AF3H         LINE#         22
  C:3AF6H         LINE#         23
  C:3AF9H         LINE#         24
  C:3AFBH         LINE#         25
  C:3AFDH         LINE#         26
  C:3AFDH         LINE#         27
  -------         ENDPROC       SPI_READBYTE
  -------         PROC          _MMC_SD_SENDCOMMAND
  D:0006H         SYMBOL        cmd
  X:006BH         SYMBOL        arg
  -------         DO            
  D:0007H         SYMBOL        r1
  D:0003H         SYMBOL        retry
  -------         ENDDO         
BL51 BANKED LINKER/LOCATER V6.22                                                      09/23/2021  10:28:45  PAGE 16


  C:3284H         LINE#         29
  C:3286H         LINE#         30
  C:3286H         LINE#         32
  C:3288H         LINE#         34
  C:3288H         LINE#         35
  C:3288H         LINE#         36
  C:328BH         LINE#         37
  C:328BH         LINE#         38
  C:328BH         LINE#         39
  C:328EH         LINE#         41
  C:3290H         LINE#         43
  C:3297H         LINE#         44
  C:32ACH         LINE#         45
  C:32C1H         LINE#         46
  C:32D6H         LINE#         47
  C:32E0H         LINE#         48
  C:32E5H         LINE#         50
  C:32EDH         LINE#         51
  C:32F6H         LINE#         53
  C:32F8H         LINE#         55
  C:32F8H         LINE#         56
  -------         ENDPROC       _MMC_SD_SENDCOMMAND
  -------         PROC          MMC_SD_RESET
  -------         DO            
  D:0005H         SYMBOL        i
  D:0002H         SYMBOL        retry
  D:0006H         SYMBOL        r1
  -------         ENDDO         
  C:285FH         LINE#         58
  C:285FH         LINE#         59
  C:285FH         LINE#         62
  C:2861H         LINE#         64
  C:2862H         LINE#         65
  C:2865H         LINE#         66
  C:2868H         LINE#         68
  C:2868H         LINE#         69
  C:2874H         LINE#         70
  C:2884H         LINE#         71
  C:2885H         LINE#         72
  C:288BH         LINE#         73
  C:288FH         LINE#         75
  C:2891H         LINE#         77
  C:2891H         LINE#         79
  C:2891H         LINE#         80
  C:28A1H         LINE#         81
  C:28A2H         LINE#         82
  C:28ABH         LINE#         83
  C:28AFH         LINE#         85
  C:28B1H         LINE#         86
  C:28C1H         LINE#         87
  C:28C2H         LINE#         88
  C:28CBH         LINE#         89
  C:28CEH         LINE#         91
  C:28D1H         LINE#         92
  C:28D1H         LINE#         93
  C:28D3H         LINE#         95
  C:28D3H         LINE#         96
BL51 BANKED LINKER/LOCATER V6.22                                                      09/23/2021  10:28:45  PAGE 17


  C:28E3H         LINE#         97
  C:28E4H         LINE#         98
  C:28EDH         LINE#         99
  C:28F0H         LINE#         100
  C:28F0H         LINE#         101
  C:2900H         LINE#         103
  C:290EH         LINE#         104
  C:2911H         LINE#         105
  C:2914H         LINE#         106
  C:2915H         LINE#         107
  -------         ENDPROC       MMC_SD_RESET
  -------         PROC          _MMC_SD_READSINGLEBLOCK
  X:0010H         SYMBOL        sector
  -------         DO            
  D:0007H         SYMBOL        r1
  D:0004H         SYMBOL        i
  D:0002H         SYMBOL        retry
  -------         ENDDO         
  C:344BH         LINE#         109
  C:3450H         LINE#         110
  C:3450H         LINE#         113
  C:3452H         LINE#         115
  C:3455H         LINE#         117
  C:3455H         LINE#         118
  C:3471H         LINE#         119
  C:3472H         LINE#         120
  C:347BH         LINE#         121
  C:347EH         LINE#         124
  C:3480H         LINE#         126
  C:3486H         LINE#         128
  C:3489H         LINE#         129
  C:3489H         LINE#         130
  C:3498H         LINE#         131
  C:34A5H         LINE#         133
  C:34A5H         LINE#         134
  C:34A8H         LINE#         136
  C:34AAH         LINE#         137
  C:34ADH         LINE#         138
  C:34AEH         LINE#         139
  -------         ENDPROC       _MMC_SD_READSINGLEBLOCK
  -------         PROC          _MMC_SD_WRITESINGLEBLOCK
  X:0066H         SYMBOL        sector
  -------         DO            
  D:0006H         SYMBOL        r1
  D:0004H         SYMBOL        i
  D:0002H         SYMBOL        retry
  -------         ENDDO         
  C:318FH         LINE#         141
  C:3194H         LINE#         142
  C:3194H         LINE#         145
  C:3196H         LINE#         147
  C:3199H         LINE#         149
  C:3199H         LINE#         150
  C:31B7H         LINE#         151
  C:31B8H         LINE#         152
  C:31C1H         LINE#         153
  C:31C4H         LINE#         157
BL51 BANKED LINKER/LOCATER V6.22                                                      09/23/2021  10:28:45  PAGE 18


  C:31C6H         LINE#         159
  C:31CBH         LINE#         161
  C:31D0H         LINE#         163
  C:31D2H         LINE#         164
  C:31D2H         LINE#         165
  C:31E1H         LINE#         166
  C:31EEH         LINE#         168
  C:31EEH         LINE#         169
  C:31EEH         LINE#         171
  C:31F3H         LINE#         173
  C:31FAH         LINE#         174
  C:31FAH         LINE#         175
  C:31FCH         LINE#         176
  C:31FDH         LINE#         177
  C:31FDH         LINE#         179
  C:3205H         LINE#         181
  C:3207H         LINE#         182
  C:320AH         LINE#         183
  C:320BH         LINE#         184
  -------         ENDPROC       _MMC_SD_WRITESINGLEBLOCK
  -------         PROC          SD_INIT
  -------         DO            
  D:0001H         SYMBOL        n
  -------         ENDDO         
  C:3AC8H         LINE#         187
  C:3AC8H         LINE#         188
  C:3AC8H         LINE#         189
  C:3ACAH         LINE#         191
  C:3AD0H         LINE#         192
  C:3AD0H         LINE#         193
  C:3AD1H         LINE#         194
  C:3AD8H         LINE#         196
  -------         ENDPROC       SD_INIT
  -------         ENDMOD        MMC_SD

  -------         MODULE        LCD
  C:0000H         SYMBOL        _ICE_DUMMY_
  D:0080H         PUBLIC        P0
  C:2B2AH         PUBLIC        DispFrame
  D:0090H         PUBLIC        P1
  C:2BD4H         PUBLIC        DispScaleVer_Green
  D:00A0H         PUBLIC        P2
  D:00B0H         PUBLIC        P3
  C:1BF5H         PUBLIC        DispBand
  C:38B4H         PUBLIC        _WriteData
  C:0699H         PUBLIC        ascii
  C:1411H         PUBLIC        _LCD_Read_IC_ID
  D:00A6H         PUBLIC        P2MDOUT
  C:0046H         PUBLIC        _DispColor
  C:3081H         PUBLIC        DispScaleVer_Blue
  C:2F66H         PUBLIC        _DrawGird
  C:3109H         PUBLIC        _DrawLine
  B:00D0H.7       PUBLIC        CY
  C:38E3H         PUBLIC        _WriteComm
  C:37BBH         PUBLIC        _WriteDispData
  C:2ED3H         PUBLIC        DispScaleVer_Gray
  B:00B0H.1       PUBLIC        RS
BL51 BANKED LINKER/LOCATER V6.22                                                      09/23/2021  10:28:45  PAGE 19


  B:0090H.7       PUBLIC        SPI_CLK
  C:2E40H         PUBLIC        DispScaleVer_Red
  D:00F3H         PUBLIC        P2MDIN
  C:2288H         PUBLIC        DispScaleVer
  C:3668H         PUBLIC        _DispPic
  C:27C4H         PUBLIC        _DispOneChar
  C:320CH         PUBLIC        DispGrayHor32
  C:2D0FH         PUBLIC        DispGrayHor16
  C:2916H         PUBLIC        _DispInt
  C:36BBH         PUBLIC        _PutPixel
  D:00A9H         PUBLIC        CLKSEL
  B:0090H.6       PUBLIC        RD0
  B:00A0H.0       PUBLIC        CS0
  X:0059H         PUBLIC        LCM_ID
  C:1ED2H         PUBLIC        LCD_Init
  C:2DAAH         PUBLIC        _DispStr
  B:0090H.7       PUBLIC        WR0
  C:1643H         PUBLIC        DispScaleHor1
  B:0090H.6       PUBLIC        SPI_DI
  C:3AFEH         PUBLIC        _WriteOneDot
  C:1A39H         PUBLIC        DispScaleHor2
  C:25DEH         PUBLIC        _DispPicFromSD
  B:0080H.7       PUBLIC        DIR
  C:34AFH         PUBLIC        _ToOrd
  B:0080H.5       PUBLIC        RST
  C:3A8BH         PUBLIC        ReadData
  C:2C8DH         PUBLIC        _?BlockWrite
  -------         PROC          _LCD_READ_IC_ID
  X:0066H         SYMBOL        ID
  D:0004H         SYMBOL        Bug
  D:0003H         SYMBOL        flog
  -------         DO            
  X:0067H         SYMBOL        id
  X:0069H         SYMBOL        id1
  X:006BH         SYMBOL        temp
  D:0005H         SYMBOL        i
  D:0007H         SYMBOL        dat
  D:0001H         SYMBOL        id2
  X:006DH         SYMBOL        id3
  D:0002H         SYMBOL        id4
  -------         ENDDO         
  C:1411H         LINE#         35
  C:1415H         LINE#         36
  C:1415H         LINE#         40
  C:141DH         LINE#         41
  C:141DH         LINE#         43
  C:141FH         LINE#         44
  C:1421H         LINE#         45
  C:1423H         LINE#         47
  C:1426H         LINE#         48
  C:1428H         LINE#         49
  C:142AH         LINE#         50
  C:142CH         LINE#         53
  C:142FH         LINE#         54
  C:1432H         LINE#         55
  C:1435H         LINE#         56
  C:1437H         LINE#         57
BL51 BANKED LINKER/LOCATER V6.22                                                      09/23/2021  10:28:45  PAGE 20


  C:1439H         LINE#         58
  C:143BH         LINE#         63
  C:1445H         LINE#         65
  C:144BH         LINE#         66
  C:1453H         LINE#         68
  C:1459H         LINE#         69
  C:145FH         LINE#         70
  C:1469H         LINE#         72
  C:146FH         LINE#         73
  C:1471H         LINE#         75
  C:1477H         LINE#         77
  C:147DH         LINE#         78
  C:1487H         LINE#         80
  C:148DH         LINE#         81
  C:1492H         LINE#         83
  C:1498H         LINE#         85
  C:14A2H         LINE#         86
  C:14ACH         LINE#         88
  C:14B2H         LINE#         89
  C:14B4H         LINE#         91
  C:14C4H         LINE#         92
  C:14CEH         LINE#         94
  C:14D1H         LINE#         95
  C:14D5H         LINE#         96
  C:14D5H         LINE#         97
  C:14DEH         LINE#         98
  C:14E4H         LINE#         99
  C:14E4H         LINE#         100
  C:14EEH         LINE#         101
  C:14F0H         LINE#         102
  C:14F4H         LINE#         103
  C:14F4H         LINE#         104
  C:1503H         LINE#         105
  C:1503H         LINE#         108
  C:1503H         LINE#         109
  C:150CH         LINE#         110
  C:150CH         LINE#         112
  C:150FH         LINE#         113
  C:1513H         LINE#         114
  C:1515H         LINE#         115
  C:1517H         LINE#         116
  C:1519H         LINE#         117
  C:1519H         LINE#         118
  C:151BH         LINE#         119
  C:1523H         LINE#         120
  C:1525H         LINE#         122
  C:1527H         LINE#         123
  C:152BH         LINE#         124
  C:1530H         LINE#         125
  C:1533H         LINE#         128
  C:153DH         LINE#         129
  C:153DH         LINE#         130
  C:153FH         LINE#         131
  C:153FH         LINE#         132
  C:1541H         LINE#         133
  C:1543H         LINE#         134
  C:1545H         LINE#         135
BL51 BANKED LINKER/LOCATER V6.22                                                      09/23/2021  10:28:45  PAGE 21


  C:155CH         LINE#         136
  C:155EH         LINE#         137
  C:1560H         LINE#         138
  C:1567H         LINE#         139
  C:1571H         LINE#         140
  C:1571H         LINE#         141
  C:1573H         LINE#         142
  C:1573H         LINE#         143
  C:1575H         LINE#         144
  C:1577H         LINE#         145
  C:1579H         LINE#         146
  C:1590H         LINE#         147
  C:1592H         LINE#         148
  C:1594H         LINE#         149
  C:1599H         LINE#         150
  C:1599H         LINE#         152
  C:159BH         LINE#         153
  C:159BH         LINE#         154
  C:159DH         LINE#         155
  C:159FH         LINE#         156
  C:15A1H         LINE#         157
  C:15B8H         LINE#         158
  C:15BAH         LINE#         159
  C:15BCH         LINE#         160
  C:15C1H         LINE#         162
  C:15C3H         LINE#         163
  C:15C3H         LINE#         164
  C:15C5H         LINE#         165
  C:15C7H         LINE#         166
  C:15C9H         LINE#         167
  C:15D3H         LINE#         168
  C:15D5H         LINE#         169
  C:15D7H         LINE#         170
  C:15DCH         LINE#         172
  C:15DEH         LINE#         173
  C:15DEH         LINE#         174
  C:15E0H         LINE#         175
  C:15E2H         LINE#         176
  C:15E4H         LINE#         177
  C:15F0H         LINE#         178
  C:15F2H         LINE#         179
  C:15F4H         LINE#         180
  C:15F9H         LINE#         181
  C:15FCH         LINE#         182
  C:15FEH         LINE#         183
  C:1600H         LINE#         184
  C:1602H         LINE#         185
  C:1604H         LINE#         186
  C:1606H         LINE#         187
  C:1608H         LINE#         189
  C:160CH         LINE#         190
  C:160CH         LINE#         191
  C:161CH         LINE#         193
  C:1627H         LINE#         194
  C:1627H         LINE#         195
  C:1627H         LINE#         197
  C:162DH         LINE#         198
BL51 BANKED LINKER/LOCATER V6.22                                                      09/23/2021  10:28:45  PAGE 22


  C:162DH         LINE#         199
  C:1639H         LINE#         200
  C:1639H         LINE#         202
  C:1639H         LINE#         203
  C:163BH         LINE#         204
  C:1642H         LINE#         205
  -------         ENDPROC       _LCD_READ_IC_ID
  -------         PROC          _WRITECOMM
  D:0004H         SYMBOL        i
  -------         DO            
  D:0003H         SYMBOL        j
  X:007EH         SYMBOL        DataH
  -------         ENDDO         
  C:38E3H         LINE#         208
  C:38E7H         LINE#         209
  C:38E7H         LINE#         211
  C:38EBH         LINE#         212
  C:38EDH         LINE#         243
  C:38EDH         LINE#         244
  C:38EFH         LINE#         245
  C:38F1H         LINE#         246
  C:38F3H         LINE#         247
  C:38F5H         LINE#         248
  C:38F5H         LINE#         249
  C:38F9H         LINE#         250
  C:38FDH         LINE#         252
  C:38FFH         LINE#         253
  C:3906H         LINE#         254
  C:3908H         LINE#         255
  C:390AH         LINE#         256
  C:390FH         LINE#         257
  C:390FH         LINE#         319
  C:3911H         LINE#         320
  -------         ENDPROC       _WRITECOMM
  -------         PROC          L?0465
  -------         ENDPROC       L?0465
  -------         PROC          _WRITEDATA
  D:0004H         SYMBOL        i
  -------         DO            
  D:0003H         SYMBOL        j
  X:007EH         SYMBOL        DataH
  -------         ENDDO         
  C:38B4H         LINE#         322
  C:38B8H         LINE#         323
  C:38B8H         LINE#         325
  C:38BCH         LINE#         326
  C:38BEH         LINE#         361
  C:38BEH         LINE#         403
  C:38C0H         LINE#         404
  C:38C2H         LINE#         405
  C:38C4H         LINE#         406
  C:38C6H         LINE#         407
  C:38C6H         LINE#         408
  C:38CAH         LINE#         409
  C:38CEH         LINE#         411
  C:38D0H         LINE#         412
  C:38D7H         LINE#         413
BL51 BANKED LINKER/LOCATER V6.22                                                      09/23/2021  10:28:45  PAGE 23


  C:38D9H         LINE#         414
  C:38DBH         LINE#         416
  C:38E0H         LINE#         418
  C:38E0H         LINE#         513
  C:38E2H         LINE#         514
  -------         ENDPROC       _WRITEDATA
  C:37A6H         SYMBOL        L?0464
  -------         PROC          L?0463
  -------         ENDPROC       L?0463
  C:37A6H         SYMBOL        L?0464
  -------         PROC          _WRITEDISPDATA
  D:0007H         SYMBOL        DataH
  D:0005H         SYMBOL        DataL
  -------         DO            
  D:0006H         SYMBOL        j
  -------         ENDDO         
  C:37BBH         LINE#         516
  C:37BBH         LINE#         517
  C:37BBH         LINE#         519
  C:37BDH         LINE#         553
  C:37BDH         LINE#         554
  C:37BFH         LINE#         555
  C:37C1H         LINE#         556
  C:37C3H         LINE#         557
  C:37C5H         LINE#         558
  C:37C5H         LINE#         559
  C:37C9H         LINE#         560
  C:37CBH         LINE#         561
  C:37CDH         LINE#         562
  C:37CFH         LINE#         563
  C:37D4H         LINE#         565
  C:37D6H         LINE#         566
  C:37D8H         LINE#         567
  C:37DAH         LINE#         568
  C:37DCH         LINE#         569
  C:37DCH         LINE#         570
  C:37E0H         LINE#         571
  C:37E2H         LINE#         572
  C:37E4H         LINE#         573
  C:37E6H         LINE#         574
  C:37EBH         LINE#         575
  C:37EBH         LINE#         638
  C:37EDH         LINE#         639
  -------         ENDPROC       _WRITEDISPDATA
  -------         PROC          _WRITEONEDOT
  D:0004H         SYMBOL        color
  C:3AFEH         LINE#         641
  C:3B02H         LINE#         642
  C:3B02H         LINE#         655
  -------         ENDPROC       _WRITEONEDOT
  -------         PROC          LCD_INIT
  C:1ED2H         LINE#         664
  C:1ED2H         LINE#         665
  C:1ED2H         LINE#         666
  C:1ED5H         LINE#         669
  C:1ED7H         LINE#         670
  C:1EDEH         LINE#         672
BL51 BANKED LINKER/LOCATER V6.22                                                      09/23/2021  10:28:45  PAGE 24


  C:1EE0H         LINE#         673
  C:1EE7H         LINE#         675
  C:1EE9H         LINE#         676
  C:1EF0H         LINE#         1056
  C:1EF7H         LINE#         1057
  C:1EFCH         LINE#         1059
  C:1F01H         LINE#         1060
  C:1F06H         LINE#         1061
  C:1F0BH         LINE#         1063
  C:1F10H         LINE#         1064
  C:1F15H         LINE#         1066
  C:1F1AH         LINE#         1067
  C:1F1FH         LINE#         1068
  C:1F24H         LINE#         1070
  C:1F29H         LINE#         1071
  C:1F2EH         LINE#         1073
  C:1F33H         LINE#         1074
  C:1F38H         LINE#         1076
  C:1F3DH         LINE#         1077
  C:1F42H         LINE#         1079
  C:1F47H         LINE#         1080
  C:1F4CH         LINE#         1082
  C:1F51H         LINE#         1083
  C:1F56H         LINE#         1084
  C:1F5BH         LINE#         1085
  C:1F60H         LINE#         1086
  C:1F65H         LINE#         1087
  C:1F6AH         LINE#         1088
  C:1F6FH         LINE#         1089
  C:1F74H         LINE#         1090
  C:1F79H         LINE#         1091
  C:1F7EH         LINE#         1092
  C:1F83H         LINE#         1093
  C:1F87H         LINE#         1094
  C:1F8CH         LINE#         1095
  C:1F91H         LINE#         1096
  C:1F95H         LINE#         1097
  C:1F9AH         LINE#         1099
  C:1F9FH         LINE#         1100
  C:1FA4H         LINE#         1101
  C:1FA9H         LINE#         1102
  C:1FAEH         LINE#         1103
  C:1FB3H         LINE#         1104
  C:1FB8H         LINE#         1105
  C:1FBDH         LINE#         1106
  C:1FC2H         LINE#         1107
  C:1FC7H         LINE#         1108
  C:1FCCH         LINE#         1109
  C:1FD1H         LINE#         1110
  C:1FD6H         LINE#         1111
  C:1FDBH         LINE#         1112
  C:1FE0H         LINE#         1113
  C:1FE4H         LINE#         1114
  C:1FE9H         LINE#         1116
  C:1FEEH         LINE#         1117
  C:1FF3H         LINE#         1119
  C:1FF8H         LINE#         1120
BL51 BANKED LINKER/LOCATER V6.22                                                      09/23/2021  10:28:45  PAGE 25


  C:1FFDH         LINE#         1121
  C:2002H         LINE#         1123
  C:2007H         LINE#         1124
  C:200CH         LINE#         1125
  C:2013H         LINE#         1127
  -------         ENDPROC       LCD_INIT
  C:2C75H         SYMBOL        L?0459
  -------         PROC          L?0458
  -------         ENDPROC       L?0458
  C:2C75H         SYMBOL        L?0459
  -------         PROC          _?BLOCKWRITE
  p:0000H         SYMBOL        Xstart
  p:0002H         SYMBOL        Xend
  p:0004H         SYMBOL        Ystart
  p:0006H         SYMBOL        Yend
  C:2C8DH         LINE#         5575
  C:2CAEH         LINE#         5691
  C:2CB5H         LINE#         5692
  C:2CBCH         LINE#         5693
  C:2CC4H         LINE#         5694
  C:2CCFH         LINE#         5695
  C:2CD9H         LINE#         5697
  C:2CDEH         LINE#         5698
  C:2CE8H         LINE#         5700
  C:2CEFH         LINE#         5701
  C:2CF9H         LINE#         5702
  C:2D00H         LINE#         5708
  C:2D05H         LINE#         5711
  C:2D08H         LINE#         5716
  -------         ENDPROC       _?BLOCKWRITE
  -------         PROC          _DISPCOLOR
  D:0004H         SYMBOL        color
  -------         DO            
  X:005DH         SYMBOL        i
  D:0002H         SYMBOL        m
  X:005FH         SYMBOL        DataH
  X:0060H         SYMBOL        DataL
  -------         ENDDO         
  C:0046H         LINE#         5771
  C:0048H         LINE#         5772
  C:0048H         LINE#         5775
  C:004EH         LINE#         5777
  C:0051H         LINE#         5779
  C:0053H         LINE#         5780
  C:0059H         LINE#         5781
  C:0059H         LINE#         5782
  C:005CH         LINE#         5783
  C:005CH         LINE#         5784
  C:0066H         LINE#         5785
  C:0071H         LINE#         5786
  C:0087H         LINE#         5788
  C:0089H         LINE#         5789
  -------         ENDPROC       _DISPCOLOR
  -------         PROC          DISPFRAME
  -------         DO            
  D:0002H         SYMBOL        i
  X:005DH         SYMBOL        j
BL51 BANKED LINKER/LOCATER V6.22                                                      09/23/2021  10:28:45  PAGE 26


  D:0001H         SYMBOL        DataH
  D:0004H         SYMBOL        DataL
  -------         ENDDO         
  C:2B2AH         LINE#         5791
  C:2B2AH         LINE#         5792
  C:2B2AH         LINE#         5795
  C:2B2DH         LINE#         5797
  C:2B2FH         LINE#         5800
  C:2B33H         LINE#         5801
  C:2B39H         LINE#         5803
  C:2B3BH         LINE#         5804
  C:2B3BH         LINE#         5805
  C:2B3FH         LINE#         5806
  C:2B46H         LINE#         5807
  C:2B51H         LINE#         5809
  C:2B55H         LINE#         5810
  C:2B5BH         LINE#         5812
  C:2B61H         LINE#         5813
  C:2B61H         LINE#         5814
  C:2B65H         LINE#         5815
  C:2B6BH         LINE#         5817
  C:2B6EH         LINE#         5818
  C:2B6EH         LINE#         5819
  C:2B71H         LINE#         5820
  C:2B76H         LINE#         5821
  C:2B81H         LINE#         5823
  C:2B85H         LINE#         5824
  C:2B8BH         LINE#         5826
  C:2BA1H         LINE#         5828
  C:2BA5H         LINE#         5829
  C:2BABH         LINE#         5831
  C:2BAEH         LINE#         5832
  C:2BAEH         LINE#         5833
  C:2BB2H         LINE#         5834
  C:2BB9H         LINE#         5835
  C:2BC4H         LINE#         5837
  C:2BC8H         LINE#         5838
  C:2BCEH         LINE#         5840
  C:2BD1H         LINE#         5841
  C:2BD3H         LINE#         5842
  -------         ENDPROC       DISPFRAME
  -------         PROC          DISPBAND
  -------         DO            
  D:0002H         SYMBOL        i
  X:0014H         SYMBOL        j
  X:0015H         SYMBOL        k
  X:0016H         SYMBOL        m
  X:0017H         SYMBOL        n
  X:0018H         SYMBOL        x
  -------         ENDDO         
  C:1BF5H         LINE#         5844
  C:1BF5H         LINE#         5845
  C:1BF5H         LINE#         5848
  C:1BFFH         LINE#         5849
  C:1C08H         LINE#         5850
  C:1C0AH         LINE#         5853
  C:1C0DH         LINE#         5854
BL51 BANKED LINKER/LOCATER V6.22                                                      09/23/2021  10:28:45  PAGE 27


  C:1C1BH         LINE#         5855
  C:1C1BH         LINE#         5856
  C:1C36H         LINE#         5857
  C:1C51H         LINE#         5858
  C:1C7DH         LINE#         5859
  C:1C84H         LINE#         5860
  C:1C93H         LINE#         5861
  C:1C93H         LINE#         5862
  C:1CAEH         LINE#         5863
  C:1CC9H         LINE#         5864
  C:1CF5H         LINE#         5865
  C:1CFCH         LINE#         5866
  C:1D12H         LINE#         5867
  C:1D12H         LINE#         5868
  C:1D2DH         LINE#         5869
  C:1D48H         LINE#         5870
  C:1D74H         LINE#         5871
  C:1D7BH         LINE#         5872
  C:1D7DH         LINE#         5873
  C:1D80H         LINE#         5874
  -------         ENDPROC       DISPBAND
  -------         PROC          _DISPPIC
  D:0006H         SYMBOL        picture
  -------         DO            
  X:0019H         SYMBOL        p
  X:001CH         SYMBOL        n
  -------         ENDDO         
  C:3668H         LINE#         5877
  C:3668H         LINE#         5878
  C:3668H         LINE#         5881
  C:3677H         LINE#         5882
  C:3677H         LINE#         5883
  C:3677H         LINE#         5885
  C:367AH         LINE#         5887
  C:368DH         LINE#         5888
  C:368DH         LINE#         5889
  C:36ADH         LINE#         5890
  C:36BAH         LINE#         5892
  -------         ENDPROC       _DISPPIC
  -------         PROC          _DISPPICFROMSD
  X:001EH         SYMBOL        PicNum
  -------         DO            
  X:001FH         SYMBOL        Address_S
  X:0023H         SYMBOL        Address_E
  D:0002H         SYMBOL        i
  X:0027H         SYMBOL        k
  -------         ENDDO         
  C:25DEH         LINE#         5896
  C:25E1H         LINE#         5897
  C:25E1H         LINE#         5903
  C:25E4H         LINE#         5906
  C:25E6H         LINE#         5908
  C:25E8H         LINE#         5910
  C:25F1H         LINE#         5911
  C:261CH         LINE#         5912
  C:2645H         LINE#         5913
  C:2668H         LINE#         5914
BL51 BANKED LINKER/LOCATER V6.22                                                      09/23/2021  10:28:45  PAGE 28


  C:2668H         LINE#         5915
  C:2678H         LINE#         5917
  C:2681H         LINE#         5918
  C:2681H         LINE#         5920
  C:269CH         LINE#         5921
  C:26A5H         LINE#         5922
  C:26C4H         LINE#         5924
  C:26C6H         LINE#         5962
  -------         ENDPROC       _DISPPICFROMSD
  -------         PROC          DISPSCALEHOR1
  -------         DO            
  X:002BH         SYMBOL        i
  X:002DH         SYMBOL        j
  D:0002H         SYMBOL        k
  -------         ENDDO         
  C:1643H         LINE#         5967
  C:1643H         LINE#         5968
  C:1643H         LINE#         5971
  C:1646H         LINE#         5974
  C:1648H         LINE#         5975
  C:1648H         LINE#         5976
  C:1668H         LINE#         5977
  C:166EH         LINE#         5978
  C:166EH         LINE#         5979
  C:1674H         LINE#         5980
  C:1674H         LINE#         5981
  C:1689H         LINE#         5982
  C:169FH         LINE#         5983
  C:16B5H         LINE#         5985
  C:16C0H         LINE#         5988
  C:16C3H         LINE#         5989
  C:16C3H         LINE#         5990
  C:16E3H         LINE#         5991
  C:16E9H         LINE#         5992
  C:16E9H         LINE#         5993
  C:16EFH         LINE#         5994
  C:16EFH         LINE#         5995
  C:171AH         LINE#         5996
  C:1730H         LINE#         5997
  C:1746H         LINE#         5998
  C:1754H         LINE#         6001
  C:1757H         LINE#         6002
  C:1757H         LINE#         6003
  C:1777H         LINE#         6004
  C:177DH         LINE#         6005
  C:177DH         LINE#         6006
  C:1783H         LINE#         6007
  C:1783H         LINE#         6008
  C:178DH         LINE#         6009
  C:17A3H         LINE#         6010
  C:17B9H         LINE#         6011
  C:17C4H         LINE#         6014
  C:17C7H         LINE#         6015
  C:17C7H         LINE#         6016
  C:17E7H         LINE#         6017
  C:17EDH         LINE#         6018
  C:17EDH         LINE#         6019
BL51 BANKED LINKER/LOCATER V6.22                                                      09/23/2021  10:28:45  PAGE 29


  C:17F3H         LINE#         6020
  C:17F3H         LINE#         6021
  C:1826H         LINE#         6022
  C:183CH         LINE#         6023
  C:1852H         LINE#         6024
  C:1860H         LINE#         6025
  C:1862H         LINE#         6026
  -------         ENDPROC       DISPSCALEHOR1
  -------         PROC          DISPSCALEVER
  -------         DO            
  X:002FH         SYMBOL        i
  X:0031H         SYMBOL        j
  D:0002H         SYMBOL        k
  -------         ENDDO         
  C:2288H         LINE#         6028
  C:2288H         LINE#         6029
  C:2288H         LINE#         6098
  C:228BH         LINE#         6100
  C:2293H         LINE#         6101
  C:2293H         LINE#         6102
  C:2299H         LINE#         6103
  C:2299H         LINE#         6104
  C:229FH         LINE#         6105
  C:22B5H         LINE#         6106
  C:22BCH         LINE#         6108
  C:22BFH         LINE#         6109
  C:22BFH         LINE#         6111
  C:22C5H         LINE#         6112
  C:22C5H         LINE#         6114
  C:22CBH         LINE#         6115
  C:22CBH         LINE#         6116
  C:22DDH         LINE#         6117
  C:22F3H         LINE#         6119
  C:22F9H         LINE#         6120
  C:22F9H         LINE#         6121
  C:2321H         LINE#         6122
  C:2337H         LINE#         6124
  C:233DH         LINE#         6125
  C:233DH         LINE#         6126
  C:2344H         LINE#         6127
  C:235AH         LINE#         6129
  C:2360H         LINE#         6130
  C:2360H         LINE#         6131
  C:2374H         LINE#         6132
  C:238AH         LINE#         6134
  C:23A3H         LINE#         6136
  C:23B1H         LINE#         6138
  -------         ENDPROC       DISPSCALEVER
  -------         PROC          DISPSCALEVER_RED
  -------         DO            
  X:0033H         SYMBOL        i
  X:0035H         SYMBOL        j
  D:0002H         SYMBOL        k
  -------         ENDDO         
  C:2E40H         LINE#         6140
  C:2E40H         LINE#         6141
  C:2E40H         LINE#         6144
BL51 BANKED LINKER/LOCATER V6.22                                                      09/23/2021  10:28:45  PAGE 30


  C:2E43H         LINE#         6146
  C:2E45H         LINE#         6148
  C:2E47H         LINE#         6151
  C:2E4FH         LINE#         6152
  C:2E4FH         LINE#         6153
  C:2E55H         LINE#         6154
  C:2E55H         LINE#         6155
  C:2E5BH         LINE#         6156
  C:2E71H         LINE#         6157
  C:2E78H         LINE#         6159
  C:2E7BH         LINE#         6160
  C:2E7BH         LINE#         6161
  C:2E81H         LINE#         6162
  C:2E81H         LINE#         6164
  C:2E87H         LINE#         6165
  C:2E87H         LINE#         6166
  C:2E99H         LINE#         6167
  C:2EAFH         LINE#         6168
  C:2EC5H         LINE#         6170
  C:2ED0H         LINE#         6172
  C:2ED2H         LINE#         6173
  -------         ENDPROC       DISPSCALEVER_RED
  -------         PROC          DISPSCALEVER_GREEN
  -------         DO            
  X:0037H         SYMBOL        i
  X:0039H         SYMBOL        j
  D:0002H         SYMBOL        k
  -------         ENDDO         
  C:2BD4H         LINE#         6175
  C:2BD4H         LINE#         6176
  C:2BD4H         LINE#         6179
  C:2BD7H         LINE#         6181
  C:2BD9H         LINE#         6182
  C:2BDBH         LINE#         6185
  C:2BDDH         LINE#         6186
  C:2BDDH         LINE#         6187
  C:2BE3H         LINE#         6188
  C:2BE3H         LINE#         6189
  C:2BE9H         LINE#         6191
  C:2BFFH         LINE#         6192
  C:2C0AH         LINE#         6194
  C:2C0DH         LINE#         6195
  C:2C0DH         LINE#         6196
  C:2C13H         LINE#         6197
  C:2C13H         LINE#         6199
  C:2C19H         LINE#         6200
  C:2C19H         LINE#         6202
  C:2C3AH         LINE#         6203
  C:2C50H         LINE#         6204
  C:2C66H         LINE#         6206
  C:2C71H         LINE#         6208
  C:2C73H         LINE#         6209
  -------         ENDPROC       DISPSCALEVER_GREEN
  -------         PROC          DISPSCALEVER_BLUE
  -------         DO            
  X:003BH         SYMBOL        i
  X:003DH         SYMBOL        j
BL51 BANKED LINKER/LOCATER V6.22                                                      09/23/2021  10:28:45  PAGE 31


  D:0002H         SYMBOL        k
  -------         ENDDO         
  C:3081H         LINE#         6211
  C:3081H         LINE#         6212
  C:3081H         LINE#         6215
  C:3084H         LINE#         6217
  C:3086H         LINE#         6218
  C:3088H         LINE#         6221
  C:3090H         LINE#         6222
  C:3090H         LINE#         6223
  C:3096H         LINE#         6224
  C:3096H         LINE#         6225
  C:309CH         LINE#         6226
  C:30B2H         LINE#         6227
  C:30B9H         LINE#         6229
  C:30BCH         LINE#         6230
  C:30BCH         LINE#         6231
  C:30C2H         LINE#         6232
  C:30C2H         LINE#         6234
  C:30C8H         LINE#         6235
  C:30C8H         LINE#         6236
  C:30CFH         LINE#         6237
  C:30E5H         LINE#         6238
  C:30FBH         LINE#         6240
  C:3106H         LINE#         6242
  C:3108H         LINE#         6243
  -------         ENDPROC       DISPSCALEVER_BLUE
  -------         PROC          DISPSCALEVER_GRAY
  -------         DO            
  X:003FH         SYMBOL        i
  X:0041H         SYMBOL        j
  D:0002H         SYMBOL        k
  -------         ENDDO         
  C:2ED3H         LINE#         6245
  C:2ED3H         LINE#         6246
  C:2ED3H         LINE#         6249
  C:2ED6H         LINE#         6251
  C:2ED8H         LINE#         6256
  C:2EE0H         LINE#         6257
  C:2EE0H         LINE#         6258
  C:2EE6H         LINE#         6259
  C:2EE6H         LINE#         6260
  C:2EECH         LINE#         6262
  C:2F02H         LINE#         6263
  C:2F09H         LINE#         6265
  C:2F0CH         LINE#         6266
  C:2F0CH         LINE#         6267
  C:2F12H         LINE#         6268
  C:2F12H         LINE#         6270
  C:2F18H         LINE#         6271
  C:2F18H         LINE#         6272
  C:2F2CH         LINE#         6273
  C:2F42H         LINE#         6274
  C:2F58H         LINE#         6276
  C:2F63H         LINE#         6278
  C:2F65H         LINE#         6279
  -------         ENDPROC       DISPSCALEVER_GRAY
BL51 BANKED LINKER/LOCATER V6.22                                                      09/23/2021  10:28:45  PAGE 32


  -------         PROC          DISPGRAYHOR16
  -------         DO            
  X:005DH         SYMBOL        i
  D:0002H         SYMBOL        j
  X:005FH         SYMBOL        k
  -------         ENDDO         
  C:2D0FH         LINE#         6281
  C:2D0FH         LINE#         6282
  C:2D0FH         LINE#         6285
  C:2D12H         LINE#         6287
  C:2D14H         LINE#         6288
  C:2D16H         LINE#         6290
  C:2D1CH         LINE#         6291
  C:2D1CH         LINE#         6292
  C:2D25H         LINE#         6293
  C:2D25H         LINE#         6294
  C:2D2BH         LINE#         6295
  C:2D32H         LINE#         6297
  C:2D35H         LINE#         6298
  C:2D35H         LINE#         6299
  C:2D3BH         LINE#         6300
  C:2D3BH         LINE#         6301
  C:2D6DH         LINE#         6302
  C:2D83H         LINE#         6303
  C:2D8EH         LINE#         6304
  C:2DA7H         LINE#         6306
  C:2DA9H         LINE#         6307
  -------         ENDPROC       DISPGRAYHOR16
  -------         PROC          DISPGRAYHOR32
  -------         DO            
  X:0043H         SYMBOL        i
  D:0002H         SYMBOL        j
  X:0045H         SYMBOL        k
  -------         ENDDO         
  C:320CH         LINE#         6309
  C:320CH         LINE#         6310
  C:320CH         LINE#         6313
  C:320FH         LINE#         6315
  C:3211H         LINE#         6317
  C:3217H         LINE#         6318
  C:3217H         LINE#         6319
  C:3220H         LINE#         6320
  C:3220H         LINE#         6321
  C:3226H         LINE#         6322
  C:322DH         LINE#         6324
  C:3230H         LINE#         6325
  C:3230H         LINE#         6326
  C:3236H         LINE#         6327
  C:3236H         LINE#         6328
  C:324AH         LINE#         6329
  C:3260H         LINE#         6330
  C:326BH         LINE#         6331
  C:3281H         LINE#         6333
  C:3283H         LINE#         6334
  -------         ENDPROC       DISPGRAYHOR32
  -------         PROC          DISPSCALEHOR2
  -------         DO            
BL51 BANKED LINKER/LOCATER V6.22                                                      09/23/2021  10:28:45  PAGE 33


  X:0047H         SYMBOL        j
  D:0002H         SYMBOL        k
  -------         ENDDO         
  C:1A39H         LINE#         6336
  C:1A39H         LINE#         6337
  C:1A39H         LINE#         6340
  C:1A3CH         LINE#         6342
  C:1A3EH         LINE#         6343
  C:1A3EH         LINE#         6344
  C:1A44H         LINE#         6345
  C:1A61H         LINE#         6346
  C:1A6CH         LINE#         6347
  C:1A6FH         LINE#         6348
  C:1A6FH         LINE#         6349
  C:1A75H         LINE#         6350
  C:1A92H         LINE#         6351
  C:1A9DH         LINE#         6352
  C:1AA0H         LINE#         6353
  C:1AA0H         LINE#         6354
  C:1AA6H         LINE#         6355
  C:1AC3H         LINE#         6356
  C:1ACEH         LINE#         6357
  C:1AD1H         LINE#         6358
  C:1AD1H         LINE#         6359
  C:1AD7H         LINE#         6360
  C:1AF4H         LINE#         6361
  C:1AFFH         LINE#         6362
  C:1B02H         LINE#         6363
  C:1B02H         LINE#         6364
  C:1B08H         LINE#         6365
  C:1B25H         LINE#         6366
  C:1B30H         LINE#         6367
  C:1B33H         LINE#         6368
  C:1B33H         LINE#         6369
  C:1B39H         LINE#         6370
  C:1B56H         LINE#         6371
  C:1B61H         LINE#         6372
  C:1B64H         LINE#         6373
  C:1B64H         LINE#         6374
  C:1B6AH         LINE#         6375
  C:1B87H         LINE#         6376
  C:1B92H         LINE#         6377
  C:1B95H         LINE#         6378
  C:1B95H         LINE#         6379
  C:1B9BH         LINE#         6380
  C:1BB7H         LINE#         6381
  C:1BC2H         LINE#         6382
  C:1BCBH         LINE#         6383
  C:1BCBH         LINE#         6384
  C:1BD1H         LINE#         6385
  C:1BEDH         LINE#         6386
  C:1BF4H         LINE#         6388
  -------         ENDPROC       DISPSCALEHOR2
  -------         PROC          _TOORD
  D:0007H         SYMBOL        ch
  C:34AFH         LINE#         6493
  C:34AFH         LINE#         6494
BL51 BANKED LINKER/LOCATER V6.22                                                      09/23/2021  10:28:45  PAGE 34


  C:34AFH         LINE#         6495
  C:34B5H         LINE#         6496
  C:34B5H         LINE#         6497
  C:34B7H         LINE#         6498
  C:34B9H         LINE#         6499
  C:34C5H         LINE#         6500
  C:34C5H         LINE#         6501
  C:34C9H         LINE#         6502
  C:34CBH         LINE#         6503
  C:34D7H         LINE#         6504
  C:34D7H         LINE#         6505
  C:34DBH         LINE#         6506
  C:34DDH         LINE#         6507
  C:34E9H         LINE#         6508
  C:34E9H         LINE#         6509
  C:34EDH         LINE#         6510
  C:34EFH         LINE#         6511
  C:34FBH         LINE#         6512
  C:34FBH         LINE#         6513
  C:34FFH         LINE#         6514
  C:3501H         LINE#         6515
  C:3507H         LINE#         6516
  C:3507H         LINE#         6517
  C:3509H         LINE#         6518
  C:3509H         LINE#         6520
  C:3509H         LINE#         6521
  -------         ENDPROC       _TOORD
  C:279CH         SYMBOL        L?0461
  C:27B4H         SYMBOL        L?0462
  -------         PROC          L?0460
  -------         ENDPROC       L?0460
  C:279CH         SYMBOL        L?0461
  C:27B4H         SYMBOL        L?0462
  -------         PROC          _DISPONECHAR
  X:0071H         SYMBOL        ord
  D:0006H         SYMBOL        Xstart
  D:0002H         SYMBOL        Ystart
  X:0076H         SYMBOL        TextColor
  X:0078H         SYMBOL        BackColor
  -------         DO            
  X:007AH         SYMBOL        i
  D:0002H         SYMBOL        j
  X:007BH         SYMBOL        p
  D:0003H         SYMBOL        dat
  D:0006H         SYMBOL        index
  -------         ENDDO         
  C:27C4H         LINE#         6523
  C:27CCH         LINE#         6524
  C:27CCH         LINE#         6530
  C:27E6H         LINE#         6532
  C:27ECH         LINE#         6534
  C:27F4H         LINE#         6535
  C:27F6H         LINE#         6537
  C:2804H         LINE#         6539
  C:2811H         LINE#         6540
  C:2818H         LINE#         6542
  C:281CH         LINE#         6543
BL51 BANKED LINKER/LOCATER V6.22                                                      09/23/2021  10:28:45  PAGE 35


  C:281CH         LINE#         6544
  C:2831H         LINE#         6545
[...]
  C:135BH         LINE#         324
  C:1360H         LINE#         325
  C:1368H         LINE#         326
  C:1372H         LINE#         327
  C:1380H         LINE#         328
BL51 BANKED LINKER/LOCATER V6.22                                                      09/23/2021  10:28:45  PAGE 43


  C:138EH         LINE#         329
  C:1390H         LINE#         331
  C:1390H         LINE#         332
  C:1395H         LINE#         333
  C:1398H         LINE#         334
  C:13B0H         LINE#         335
  C:13B0H         LINE#         336
  C:13C9H         LINE#         337
  C:13CEH         LINE#         338
  C:13D6H         LINE#         339
  C:13DDH         LINE#         340
  C:13E2H         LINE#         341
  C:13E2H         LINE#         342
  C:13F6H         LINE#         343
  C:13F6H         LINE#         344
  C:13FDH         LINE#         345
  C:1402H         LINE#         346
  C:1402H         LINE#         347
  C:1410H         LINE#         348
  C:1410H         LINE#         349
  -------         ENDPROC       USBXCORE_HANDLE_SETUP
  -------         PROC          USBXCORE_FORCE_STALL
  C:3A3FH         LINE#         356
  C:3A3FH         LINE#         358
  C:3A4AH         LINE#         359
  C:3A55H         LINE#         360
  C:3A5BH         LINE#         361
  -------         ENDPROC       USBXCORE_FORCE_STALL
  -------         PROC          USBXCORE_GET_STATUS
  C:336CH         LINE#         367
  C:336CH         LINE#         369
  C:337BH         LINE#         370
  C:337BH         LINE#         371
  C:337BH         LINE#         372
  C:337BH         LINE#         373
  C:337BH         LINE#         374
  C:337DH         LINE#         375
  C:337DH         LINE#         379
  C:337DH         LINE#         381
  C:338BH         LINE#         385
  C:338BH         LINE#         386
  C:338BH         LINE#         387
  C:338BH         LINE#         388
  C:338DH         LINE#         390
  C:338DH         LINE#         392
  C:339BH         LINE#         396
  C:339BH         LINE#         397
  C:33A8H         LINE#         398
  C:33A8H         LINE#         399
  C:33AAH         LINE#         401
  C:33AAH         LINE#         402
  C:33B8H         LINE#         403
  C:33C1H         LINE#         404
  C:33C1H         LINE#         405
  C:33C1H         LINE#         406
  C:33C3H         LINE#         407
  C:33C3H         LINE#         408
BL51 BANKED LINKER/LOCATER V6.22                                                      09/23/2021  10:28:45  PAGE 44


  C:33C6H         LINE#         409
  C:33C6H         LINE#         410
  C:33C6H         LINE#         411
  C:33CEH         LINE#         412
  C:33CEH         LINE#         413
  C:33D1H         LINE#         414
  C:33D7H         LINE#         415
  C:33DEH         LINE#         416
  C:33DEH         LINE#         417
  -------         ENDPROC       USBXCORE_GET_STATUS
  -------         PROC          USBXCORE_CLEAR_FEATURE
  C:3564H         LINE#         423
  C:3564H         LINE#         425
  C:356AH         LINE#         426
  C:356AH         LINE#         428
  C:3571H         LINE#         429
  C:3571H         LINE#         430
  C:357CH         LINE#         436
  C:3587H         LINE#         437
  C:358CH         LINE#         438
  C:358EH         LINE#         440
  C:358EH         LINE#         442
  C:3599H         LINE#         446
  C:35A4H         LINE#         447
  C:35A9H         LINE#         448
  C:35A9H         LINE#         449
  C:35ABH         LINE#         451
  C:35ABH         LINE#         452
  C:35AEH         LINE#         453
  C:35AEH         LINE#         454
  C:35B9H         LINE#         455
  -------         ENDPROC       USBXCORE_CLEAR_FEATURE
  -------         PROC          USBXCORE_VENDOR_USB_API
  C:26C7H         LINE#         462
  C:26C7H         LINE#         464
  C:26D1H         LINE#         465
  C:26D1H         LINE#         466
  C:26D8H         LINE#         467
  C:26D8H         LINE#         468
  C:26DBH         LINE#         469
  C:26DEH         LINE#         470
  C:26E0H         LINE#         472
  C:26E0H         LINE#         473
  C:26E7H         LINE#         474
  C:26E7H         LINE#         477
  C:26F2H         LINE#         482
  C:26FDH         LINE#         483
  C:2708H         LINE#         485
  C:2708H         LINE#         486
  C:271BH         LINE#         487
  C:271BH         LINE#         488
  C:271FH         LINE#         489
  C:272AH         LINE#         491
  C:272AH         LINE#         492
  C:273DH         LINE#         493
  C:273DH         LINE#         494
  C:2741H         LINE#         495
BL51 BANKED LINKER/LOCATER V6.22                                                      09/23/2021  10:28:45  PAGE 45


  C:274CH         LINE#         497
  C:2752H         LINE#         498
  C:275AH         LINE#         499
  C:275AH         LINE#         500
  C:275DH         LINE#         501
  C:275DH         LINE#         502
  C:275DH         LINE#         503
  C:2768H         LINE#         504
  C:2768H         LINE#         505
  C:276EH         LINE#         506
  C:2775H         LINE#         507
  C:2775H         LINE#         508
  C:2779H         LINE#         509
  C:2779H         LINE#         510
  C:277FH         LINE#         511
  C:2786H         LINE#         512
  C:2786H         LINE#         513
  C:2791H         LINE#         514
  -------         ENDPROC       USBXCORE_VENDOR_USB_API
  -------         PROC          USBXCORE_SET_FEATURE
  C:35BCH         LINE#         521
  C:35BCH         LINE#         523
  C:35C2H         LINE#         524
  C:35C2H         LINE#         526
  C:35C9H         LINE#         527
  C:35C9H         LINE#         528
  C:35D4H         LINE#         534
  C:35DFH         LINE#         535
  C:35E2H         LINE#         536
  C:35E4H         LINE#         538
  C:35E4H         LINE#         540
  C:35EFH         LINE#         544
  C:35FAH         LINE#         545
  C:3600H         LINE#         546
  C:3600H         LINE#         548
  C:3602H         LINE#         550
  C:3602H         LINE#         551
  C:3605H         LINE#         552
  C:3605H         LINE#         553
  C:3610H         LINE#         554
  -------         ENDPROC       USBXCORE_SET_FEATURE
  -------         PROC          USBXCORE_SET_ADDRESS
  C:3A00H         LINE#         561
  C:3A00H         LINE#         563
  C:3A0FH         LINE#         564
  C:3A15H         LINE#         565
  C:3A15H         LINE#         566
  C:3A18H         LINE#         567
  C:3A1AH         LINE#         569
  C:3A1AH         LINE#         570
  C:3A1DH         LINE#         571
  C:3A1DH         LINE#         572
  -------         ENDPROC       USBXCORE_SET_ADDRESS
  -------         PROC          USBXCORE_GET_DESCRIPTOR
  C:29C9H         LINE#         579
  C:29C9H         LINE#         580
  C:29D8H         LINE#         581
BL51 BANKED LINKER/LOCATER V6.22                                                      09/23/2021  10:28:45  PAGE 46


  C:29D8H         LINE#         582
  C:29D8H         LINE#         583
  C:29E6H         LINE#         584
  C:29EAH         LINE#         585
  C:29ECH         LINE#         586
  C:29ECH         LINE#         587
  C:29FAH         LINE#         588
  C:2A0DH         LINE#         589
  C:2A0FH         LINE#         590
  C:2A0FH         LINE#         591
  C:2A33H         LINE#         592
  C:2A3FH         LINE#         593
  C:2A41H         LINE#         594
  C:2A41H         LINE#         595
  C:2A44H         LINE#         596
  C:2A44H         LINE#         597
  C:2A44H         LINE#         598
  C:2A5AH         LINE#         599
  C:2A5AH         LINE#         600
  C:2A62H         LINE#         601
  C:2A62H         LINE#         602
  C:2A6AH         LINE#         603
  C:2A6AH         LINE#         604
  C:2A6DH         LINE#         605
  C:2A73H         LINE#         606
  C:2A7AH         LINE#         607
  C:2A7AH         LINE#         608
  -------         ENDPROC       USBXCORE_GET_DESCRIPTOR
  -------         PROC          USBXCORE_GET_CONFIGURATION
  C:37EEH         LINE#         614
  C:37EEH         LINE#         616
  C:37F6H         LINE#         617
  C:37F6H         LINE#         618
  C:3802H         LINE#         619
  C:380AH         LINE#         620
  C:380AH         LINE#         621
  C:380EH         LINE#         622
  C:380EH         LINE#         623
  C:381CH         LINE#         624
  C:3824H         LINE#         625
  C:3824H         LINE#         626
  C:3827H         LINE#         627
  C:382DH         LINE#         628
  C:3834H         LINE#         629
  -------         ENDPROC       USBXCORE_GET_CONFIGURATION
  -------         PROC          USBXCORE_SET_CONFIGURATION
  C:350AH         LINE#         635
  C:350AH         LINE#         637
  C:3513H         LINE#         638
  C:3513H         LINE#         639
  C:351AH         LINE#         640
  C:3520H         LINE#         641
  C:3525H         LINE#         642
  C:3527H         LINE#         644
  C:3532H         LINE#         645
  C:353DH         LINE#         646
  C:3548H         LINE#         653
BL51 BANKED LINKER/LOCATER V6.22                                                      09/23/2021  10:28:45  PAGE 47


  C:3553H         LINE#         654
  C:3555H         LINE#         656
  C:3555H         LINE#         657
  C:355BH         LINE#         658
  C:355FH         LINE#         659
  C:3561H         LINE#         660
  C:3561H         LINE#         661
  -------         ENDPROC       USBXCORE_SET_CONFIGURATION
  -------         PROC          USBXCORE_GET_INTERFACE
  C:3991H         LINE#         668
  C:3991H         LINE#         670
  C:399FH         LINE#         671
  C:39A7H         LINE#         672
  C:39AAH         LINE#         673
  C:39B0H         LINE#         674
  C:39B7H         LINE#         675
  -------         ENDPROC       USBXCORE_GET_INTERFACE
  -------         PROC          USBXCORE_SET_SOP
  C:3AA1H         LINE#         682
  C:3AA1H         LINE#         684
  C:3AA9H         LINE#         685
  C:3AA9H         LINE#         686
  C:3AB4H         LINE#         687
  C:3AB4H         LINE#         688
  -------         ENDPROC       USBXCORE_SET_SOP
  -------         PROC          USBXCORE_USB_ISR
  C:1D81H         LINE#         699
  C:1D9EH         LINE#         702
  C:1DA4H         LINE#         703
  C:1DB7H         LINE#         706
  C:1DCAH         LINE#         709
  C:1DCEH         LINE#         710
  C:1DCEH         LINE#         711
  C:1DD9H         LINE#         712
  C:1DD9H         LINE#         714
  C:1DE0H         LINE#         715
  C:1DE0H         LINE#         716
  C:1DE3H         LINE#         717
  C:1DE3H         LINE#         719
  C:1DEAH         LINE#         720
  C:1DEAH         LINE#         721
  C:1DF7H         LINE#         722
  C:1DF7H         LINE#         723
  C:1DFEH         LINE#         724
  C:1DFEH         LINE#         725
  C:1DFEH         LINE#         727
  C:1DFEH         LINE#         728
  C:1DFEH         LINE#         730
  C:1DFEH         LINE#         732
  C:1E11H         LINE#         734
  C:1E15H         LINE#         735
  C:1E15H         LINE#         736
  C:1E18H         LINE#         737
  C:1E18H         LINE#         740
  C:1E1FH         LINE#         741
  C:1E1FH         LINE#         742
  C:1E2AH         LINE#         748
BL51 BANKED LINKER/LOCATER V6.22                                                      09/23/2021  10:28:45  PAGE 48


  C:1E3DH         LINE#         749
  C:1E42H         LINE#         750
  C:1E42H         LINE#         751
  C:1E49H         LINE#         752
  C:1E49H         LINE#         754
  C:1E49H         LINE#         756
  C:1E5CH         LINE#         759
  C:1E60H         LINE#         760
  C:1E60H         LINE#         761
  C:1E6BH         LINE#         767
  C:1E7EH         LINE#         768
  C:1E82H         LINE#         769
  C:1E82H         LINE#         770
  C:1E89H         LINE#         771
  C:1E89H         LINE#         772
  C:1E89H         LINE#         775
  C:1E97H         LINE#         776
  C:1E9CH         LINE#         777
  C:1EA2H         LINE#         778
  C:1EA7H         LINE#         781
  C:1EB4H         LINE#         782
  C:1EB4H         LINE#         783
  C:1EB7H         LINE#         784
  C:1EB7H         LINE#         785
  -------         ENDPROC       USBXCORE_USB_ISR
  -------         ENDMOD        USB_API

  -------         MODULE        USB_SUSPEND
  C:0000H         SYMBOL        _ICE_DUMMY_
  D:00D7H         PUBLIC        USB0XCN
  D:00C9H         PUBLIC        REG0CN
  C:393FH         PUBLIC        USB_Suspend
  D:00A9H         PUBLIC        CLKSEL
  D:00B2H         PUBLIC        OSCICN
  D:00B9H         PUBLIC        CLKMUL
  -------         PROC          USB_SUSPEND
  C:393FH         LINE#         70
  C:393FH         LINE#         72
  C:3942H         LINE#         74
  C:3945H         LINE#         76
  C:394DH         LINE#         79
  C:3950H         LINE#         80
  C:3953H         LINE#         81
  C:3956H         LINE#         82
  C:3959H         LINE#         84
  C:395AH         LINE#         86
  C:395DH         LINE#         88
  C:3963H         LINE#         92
  C:3966H         LINE#         94
  C:3969H         LINE#         95
  -------         ENDPROC       USB_SUSPEND
  -------         ENDMOD        USB_SUSPEND

  -------         MODULE        USB_INT_ENABLE
  C:0000H         SYMBOL        _ICE_DUMMY_
  C:3A5CH         PUBLIC        USB_Int_Enable
  D:0096H         PUBLIC        USB0ADR
BL51 BANKED LINKER/LOCATER V6.22                                                      09/23/2021  10:28:45  PAGE 49


  D:0097H         PUBLIC        USB0DAT
  -------         PROC          USB_INT_ENABLE
  C:3A5CH         LINE#         68
  C:3A5CH         LINE#         71
  C:3A63H         LINE#         73
  C:3A69H         LINE#         74
  C:3A69H         LINE#         75
  C:3A74H         LINE#         77
  C:3A74H         LINE#         78
  -------         ENDPROC       USB_INT_ENABLE
  -------         ENDMOD        USB_INT_ENABLE

  -------         MODULE        USB_CLOCK_RECOVERY
  C:0000H         SYMBOL        _ICE_DUMMY_
  C:3AE7H         PUBLIC        USBXcore_ClkRec
  D:0096H         PUBLIC        USB0ADR
  D:0097H         PUBLIC        USB0DAT
  -------         PROC          USBXCORE_CLKREC
  C:3AE7H         LINE#         45
  C:3AE7H         LINE#         47
  C:3AF2H         LINE#         48
  -------         ENDPROC       USBXCORE_CLKREC
  -------         ENDMOD        USB_CLOCK_RECOVERY

  -------         MODULE        ?C?FPMUL
  C:0C99H         PUBLIC        ?C?FPMUL
  -------         ENDMOD        ?C?FPMUL

  -------         MODULE        ?C?FCAST
  C:0DA9H         PUBLIC        ?C?FCASTC
  C:0DA4H         PUBLIC        ?C?FCASTI
  C:0D9FH         PUBLIC        ?C?FCASTL
  -------         ENDMOD        ?C?FCAST

  -------         MODULE        ?C?CASTF
  C:0DDDH         PUBLIC        ?C?CASTF
  -------         ENDMOD        ?C?CASTF

  -------         MODULE        ?C?COPY
  C:0F2EH         PUBLIC        ?C?COPY
  -------         ENDMOD        ?C?COPY

  -------         MODULE        ?C?CLDPTR
  C:0F54H         PUBLIC        ?C?CLDPTR
  -------         ENDMOD        ?C?CLDPTR

  -------         MODULE        ?C?CLDOPTR
  C:0F6DH         PUBLIC        ?C?CLDOPTR
  -------         ENDMOD        ?C?CLDOPTR

  -------         MODULE        ?C?IMUL
  C:0F9AH         PUBLIC        ?C?IMUL
  -------         ENDMOD        ?C?IMUL

  -------         MODULE        ?C?IILDX
  C:0FACH         PUBLIC        ?C?IILDX
  -------         ENDMOD        ?C?IILDX
BL51 BANKED LINKER/LOCATER V6.22                                                      09/23/2021  10:28:45  PAGE 50



  -------         MODULE        ?C?ILDOPTR
  C:0FC2H         PUBLIC        ?C?ILDOPTR
  -------         ENDMOD        ?C?ILDOPTR

  -------         MODULE        ?C?LMUL
  C:0FFAH         PUBLIC        ?C?LMUL
  -------         ENDMOD        ?C?LMUL

  -------         MODULE        ?C?ULDIV
  C:1085H         PUBLIC        ?C?ULDIV
  -------         ENDMOD        ?C?ULDIV

  -------         MODULE        ?C?LNEG
  C:1117H         PUBLIC        ?C?LNEG
  -------         ENDMOD        ?C?LNEG

  -------         MODULE        ?C?ULCMP
  C:1125H         PUBLIC        ?C?ULCMP
  -------         ENDMOD        ?C?ULCMP

  -------         MODULE        ?C?ULSHR
  C:1136H         PUBLIC        ?C?ULSHR
  -------         ENDMOD        ?C?ULSHR

  -------         MODULE        ?C?LSHL
  C:1149H         PUBLIC        ?C?LSHL
  -------         ENDMOD        ?C?LSHL

  -------         MODULE        ?C?LLDIPDATA
  C:1165H         PUBLIC        ?C?LLDIPDATA
  C:115CH         PUBLIC        ?C?LLDIPDATA1
  C:115EH         PUBLIC        ?C?LLDIPDATA8
  -------         ENDMOD        ?C?LLDIPDATA

  -------         MODULE        ?C?LSTXDATA
  C:117CH         PUBLIC        ?C?LSTXDATA
  -------         ENDMOD        ?C?LSTXDATA

  -------         MODULE        ?C?LSTPDATA
  C:1188H         PUBLIC        ?C?LSTPDATA
  -------         ENDMOD        ?C?LSTPDATA

  -------         MODULE        ?C?LSTKXDATA
  C:1194H         PUBLIC        ?C?LSTKXDATA
  -------         ENDMOD        ?C?LSTKXDATA

  -------         MODULE        ?C?LSTKPDATA
  C:11C5H         PUBLIC        ?C?LSTKPDATA
  -------         ENDMOD        ?C?LSTKPDATA

  -------         MODULE        ?C_PBP
  D:0008H         PUBLIC        ?C_PBP
  -------         ENDMOD        ?C_PBP

*** WARNING L14: INCOMPATIBLE MEMORY MODEL
    MODULE:  .\USBX_F34X.LIB (USB_API)
BL51 BANKED LINKER/LOCATER V6.22                                                      09/23/2021  10:28:45  PAGE 51


    MODEL:   SMALL

*** WARNING L14: INCOMPATIBLE MEMORY MODEL
    MODULE:  .\USBX_F34X.LIB (USB_SUSPEND)
    MODEL:   SMALL

*** WARNING L14: INCOMPATIBLE MEMORY MODEL
    MODULE:  .\USBX_F34X.LIB (USB_INT_ENABLE)
    MODEL:   SMALL

*** WARNING L14: INCOMPATIBLE MEMORY MODEL
    MODULE:  .\USBX_F34X.LIB (USB_CLOCK_RECOVERY)
    MODEL:   SMALL

*** WARNING L16: UNCALLED SEGMENT, IGNORED FOR OVERLAY PROCESS
    SEGMENT: ?PR?SD_INIT?MMC_SD

*** WARNING L16: UNCALLED SEGMENT, IGNORED FOR OVERLAY PROCESS
    SEGMENT: ?PR?DISPBAND?LCD

*** WARNING L16: UNCALLED SEGMENT, IGNORED FOR OVERLAY PROCESS
    SEGMENT: ?PR?_DISPPIC?LCD

*** WARNING L16: UNCALLED SEGMENT, IGNORED FOR OVERLAY PROCESS
    SEGMENT: ?PR?_DISPPICFROMSD?LCD

*** WARNING L16: UNCALLED SEGMENT, IGNORED FOR OVERLAY PROCESS
    SEGMENT: ?PR?DISPSCALEHOR1?LCD

*** WARNING L16: UNCALLED SEGMENT, IGNORED FOR OVERLAY PROCESS
    SEGMENT: ?PR?DISPSCALEVER?LCD

*** WARNING L16: UNCALLED SEGMENT, IGNORED FOR OVERLAY PROCESS
    SEGMENT: ?PR?DISPSCALEVER_RED?LCD

*** WARNING L16: UNCALLED SEGMENT, IGNORED FOR OVERLAY PROCESS
    SEGMENT: ?PR?DISPSCALEVER_GREEN?LCD

*** WARNING L16: UNCALLED SEGMENT, IGNORED FOR OVERLAY PROCESS
    SEGMENT: ?PR?DISPSCALEVER_BLUE?LCD

*** WARNING L16: UNCALLED SEGMENT, IGNORED FOR OVERLAY PROCESS
    SEGMENT: ?PR?DISPSCALEVER_GRAY?LCD

*** WARNING L16: UNCALLED SEGMENT, IGNORED FOR OVERLAY PROCESS
    SEGMENT: ?PR?DISPGRAYHOR32?LCD

*** WARNING L16: UNCALLED SEGMENT, IGNORED FOR OVERLAY PROCESS
    SEGMENT: ?PR?DISPSCALEHOR2?LCD

*** WARNING L16: UNCALLED SEGMENT, IGNORED FOR OVERLAY PROCESS
    SEGMENT: ?PR?_DRAWGIRD?LCD

*** WARNING L15: MULTIPLE CALL TO SEGMENT
    SEGMENT: ?PR?_WRITECOMM?LCD
    CALLER1: ?PR?USB_API_TEST_ISR?MAIN
    CALLER2: ?C_C51STARTUP
BL51 BANKED LINKER/LOCATER V6.22                                                      09/23/2021  10:28:45  PAGE 52



*** WARNING L15: MULTIPLE CALL TO SEGMENT
    SEGMENT: ?PR?_WRITEDATA?LCD
    CALLER1: ?PR?USB_API_TEST_ISR?MAIN
    CALLER2: ?C_C51STARTUP

Program Size: data=10.0 xdata=1222 code=15115
LINK/LOCATE RUN COMPLETE.  19 WARNING(S),  0 ERROR(S)
