BL51 BANKED LINKER/LOCATER V6.22                                                        11/01/2021  14:27:01  PAGE 1


BL51 BANKED LINKER/LOCATER V6.22, INVOKED BY:
D:\KEIL C51\C51\BIN\BL51.EXE main.obj, mmc_sd.obj, lcd.obj, tp.obj, .\USBX_F34X.LIB TO ILI9342C_HSD231_ZT_L8 RAMSIZE (25
>> 6)


MEMORY MODEL: COMPACT WITH FLOATING POINT ARITHMETIC


INPUT MODULES INCLUDED:
  main.obj (MAIN)
  mmc_sd.obj (MMC_SD)
  lcd.obj (LCD)
  tp.obj (TP)
  .\USBX_F34X.LIB (USB_API)
  .\USBX_F34X.LIB (USB_CLOCK_START)
  .\USBX_F34X.LIB (USB_SUSPEND)
  .\USBX_F34X.LIB (GET_INTERRUPT_SOURCE)
  .\USBX_F34X.LIB (BLOCK_READ)
  .\USBX_F34X.LIB (BLOCK_WRITE)
  .\USBX_F34X.LIB (USB_INT_ENABLE)
  .\USBX_F34X.LIB (USB_CLOCK_RECOVERY)
  .\USBX_F34X.LIB (USB_JUMP_ISR)
  D:\KEIL C51\C51\LIB\C51FPC.LIB (?C?FPMUL)
  D:\KEIL C51\C51\LIB\C51FPC.LIB (?C?FCAST)
  D:\KEIL C51\C51\LIB\C51FPC.LIB (?C?CASTF)
  D:\KEIL C51\C51\LIB\C51FPC.LIB (?C?FPGETOPN)
  D:\KEIL C51\C51\LIB\C51C.LIB (?C_STARTUP)
  D:\KEIL C51\C51\LIB\C51C.LIB (?C?COPY)
  D:\KEIL C51\C51\LIB\C51C.LIB (?C?CLDPTR)
  D:\KEIL C51\C51\LIB\C51C.LIB (?C?CLDOPTR)
  D:\KEIL C51\C51\LIB\C51C.LIB (?C?IMUL)
  D:\KEIL C51\C51\LIB\C51C.LIB (?C?IILDX)
  D:\KEIL C51\C51\LIB\C51C.LIB (?C?ILDOPTR)
  D:\KEIL C51\C51\LIB\C51C.LIB (?C?LMUL)
  D:\KEIL C51\C51\LIB\C51C.LIB (?C?ULDIV)
  D:\KEIL C51\C51\LIB\C51C.LIB (?C?LNEG)
  D:\KEIL C51\C51\LIB\C51C.LIB (?C?ULCMP)
  D:\KEIL C51\C51\LIB\C51C.LIB (?C?ULSHR)
  D:\KEIL C51\C51\LIB\C51C.LIB (?C?LSHL)
  D:\KEIL C51\C51\LIB\C51C.LIB (?C?LLDIPDATA)
  D:\KEIL C51\C51\LIB\C51C.LIB (?C?LSTXDATA)
  D:\KEIL C51\C51\LIB\C51C.LIB (?C?LSTPDATA)
  D:\KEIL C51\C51\LIB\C51C.LIB (?C?LSTKXDATA)
  D:\KEIL C51\C51\LIB\C51C.LIB (?C?LSTKPDATA)
  D:\KEIL C51\C51\LIB\C51C.LIB (?C_PBP)
  D:\KEIL C51\C51\LIB\C51C.LIB (?C_INIT)


LINK MAP OF MODULE:  ILI9342C_HSD231_ZT_L8 (MAIN)


            TYPE    BASE      LENGTH    RELOCATION   SEGMENT NAME
            -----------------------------------------------------

            * * * * * * *   D A T A   M E M O R Y   * * * * * * *
            REG     0000H     0008H     ABSOLUTE     "REG BANK 0"
            DATA    0008H     0001H     UNIT         ?C?LIB_DATA
            IDATA   0009H     0001H     UNIT         ?STACK
BL51 BANKED LINKER/LOCATER V6.22                                                      11/01/2021  14:27:01  PAGE 2



            * * * * * * *  X D A T A   M E M O R Y  * * * * * * *
            XDATA   0000H     0010H     INPAGE       ?PD?MAIN
            XDATA   0010H     0004H     INPAGE       ?PD?_MMC_SD_READSINGLEBLOCK?MMC_SD
            XDATA   0014H     0005H     INPAGE       ?PD?_DISPPIC?LCD
            XDATA   0019H     000DH     INPAGE       ?PD?_DISPPICFROMSD?LCD
            XDATA   0026H     0004H     INPAGE       ?PD?DISPSCALEHOR1?LCD
            XDATA   002AH     0004H     INPAGE       ?PD?DISPSCALEVER?LCD
            XDATA   002EH     0004H     INPAGE       ?PD?DISPSCALEVER_RED?LCD
            XDATA   0032H     0004H     INPAGE       ?PD?DISPSCALEVER_GREEN?LCD
            XDATA   0036H     0004H     INPAGE       ?PD?DISPSCALEVER_BLUE?LCD
            XDATA   003AH     0004H     INPAGE       ?PD?DISPSCALEVER_GRAY?LCD
            XDATA   003EH     0004H     INPAGE       ?PD?DISPGRAYHOR32?LCD
            XDATA   0042H     0002H     INPAGE       ?PD?DISPSCALEHOR2?LCD
            XDATA   0044H     000CH     INPAGE       ?PD?_DRAWLINE?LCD
            XDATA   0050H     0004H     INPAGE       ?PD?_DRAWGIRD?LCD
            XDATA   0054H     0002H     INPAGE       ?PD?LCD
            XDATA   0056H     0026H     INPAGE       _PDATA_GROUP_
            XDATA   007CH     0200H     UNIT         ?XD?MMC_SD
            XDATA   027CH     0058H     UNIT         _XDATA_GROUP_
            XDATA   02D4H     0040H     UNIT         ?XD?MAIN
                    0314H     032CH                  *** GAP ***
            XDATA   0640H     0100H     ABSOLUTE     
            XDATA   0740H     0012H     ABSOLUTE     
            XDATA   0752H     0020H     ABSOLUTE     
            XDATA   0772H     000CH     ABSOLUTE     
            XDATA   077EH     0008H     ABSOLUTE     
            XDATA   0786H     0001H     ABSOLUTE     
            XDATA   0787H     0003H     ABSOLUTE     
            XDATA   078AH     0002H     ABSOLUTE     
            XDATA   078CH     0002H     ABSOLUTE     
            XDATA   078EH     0003H     ABSOLUTE     
            XDATA   0791H     0001H     ABSOLUTE     
            XDATA   0792H     0001H     ABSOLUTE     
            XDATA   0793H     0001H     ABSOLUTE     
            XDATA   0794H     0001H     ABSOLUTE     
            XDATA   0795H     0002H     ABSOLUTE     
            XDATA   0797H     0002H     ABSOLUTE     
            XDATA   0799H     0001H     ABSOLUTE     
            XDATA   079AH     0001H     ABSOLUTE     
            XDATA   079BH     0001H     ABSOLUTE     
            XDATA   079CH     0001H     ABSOLUTE     
            XDATA   079DH     0001H     ABSOLUTE     
            XDATA   079EH     0001H     ABSOLUTE     
            XDATA   079FH     0002H     ABSOLUTE     
            XDATA   07A1H     0001H     ABSOLUTE     
            XDATA   07A2H     0001H     ABSOLUTE     
            XDATA   07A3H     000CH     ABSOLUTE     
                    07AFH     0011H                  *** GAP ***
            XDATA   07C0H     0040H     ABSOLUTE     

            * * * * * * *   C O D E   M E M O R Y   * * * * * * *
            CODE    0000H     0003H     ABSOLUTE     
            CODE    0003H     003DH     UNIT         ?PR?MAIN?MAIN
            CODE    0040H     0003H     UNIT         ?PR?SUSPEND_DEVICE?MAIN
            CODE    0043H     0003H     ABSOLUTE     
            CODE    0046H     0044H     UNIT         ?PR?_DISPCOLOR?LCD
BL51 BANKED LINKER/LOCATER V6.22                                                      11/01/2021  14:27:01  PAGE 3


                    008AH     0001H                  *** GAP ***
            CODE    008BH     0003H     ABSOLUTE     
            CODE    008EH     060CH     UNIT         ?PR?CONNTOUSB?MAIN
            CODE    069AH     0600H     UNIT         ?CO?LCD
            CODE    0C9AH     0545H     UNIT         ?C?LIB_CODE
            CODE    11DFH     0233H     UNIT         ?PR?USBXCORE_HANDLE_SETUP?USB_API
            CODE    1412H     0232H     UNIT         ?PR?_LCD_READ_IC_ID?LCD
            CODE    1644H     021EH     UNIT         ?PR?DISPSCALEHOR1?LCD
            CODE    1862H     021DH     UNIT         ?PR?TP_DRAWLINE?TP
            CODE    1A7FH     01BAH     UNIT         ?PR?DISPSCALEHOR2?LCD
            CODE    1C39H     018FH     UNIT         ?PR?DISPBAND?LCD
            CODE    1DC8H     0151H     UNIT         ?PR?USBXCORE_USB_ISR?USB_API
            CODE    1F19H     013BH     UNIT         ?PR?USB_API_TEST_ISR?MAIN
            CODE    2054H     0137H     UNIT         ?PR?_USB_INIT?USB_API
            CODE    218BH     012EH     UNIT         ?PR?LCD_INIT?LCD
            CODE    22B9H     0126H     UNIT         ?PR?DISPSCALEVER?LCD
            CODE    23DFH     011BH     UNIT         ?PR?_TP_GETPOSITION?TP
            CODE    24FAH     0111H     UNIT         ?PR?_BLOCK_WRITE?BLOCK_WRITE
            CODE    260BH     00E9H     UNIT         ?PR?_DISPPICFROMSD?LCD
            CODE    26F4H     00CDH     UNIT         ?PR?USBXCORE_VENDOR_USB_API?USB_API
            CODE    27C1H     00CBH     UNIT         ?PR?_DISPONECHAR?LCD
            CODE    288CH     00B7H     UNIT         ?PR?MMC_SD_RESET?MMC_SD
            CODE    2943H     00B4H     UNIT         ?PR?_DISPINT?LCD
            CODE    29F7H     00B2H     UNIT         ?PR?USBXCORE_GET_DESCRIPTOR?USB_API
            CODE    2AA9H     00AFH     UNIT         ?PR?_BLOCK_READ?BLOCK_READ
            CODE    2B58H     00A4H     UNIT         ?PR?DISPFRAME?LCD
            CODE    2BFCH     009EH     UNIT         ?PR?DISPSCALEVER_GREEN?LCD
            CODE    2C9AH     009BH     UNIT         ?PR?_?BLOCKWRITE?LCD
            CODE    2D35H     009BH     UNIT         ?PR?DISPGRAYHOR16?LCD
            CODE    2DD0H     0096H     UNIT         ?PR?_DISPSTR?LCD
            CODE    2E66H     008FH     UNIT         ?PR?DISPSCALEVER_RED?LCD
            CODE    2EF5H     008FH     UNIT         ?PR?DISPSCALEVER_GRAY?LCD
            CODE    2F84H     008FH     UNIT         ?PR?_DRAWGIRD?LCD
            CODE    3013H     008CH     UNIT         ?C_C51STARTUP
            CODE    309FH     0086H     UNIT         ?PR?_DRAWLINE?LCD
            CODE    3125H     0084H     UNIT         ?PR?DISPSCALEVER_BLUE?LCD
            CODE    31A9H     007DH     UNIT         ?PR?_MMC_SD_WRITESINGLEBLOCK?MMC_SD
            CODE    3226H     0078H     UNIT         ?PR?DISPGRAYHOR32?LCD
            CODE    329EH     0075H     UNIT         ?PR?_MMC_SD_SENDCOMMAND?MMC_SD
            CODE    3313H     0073H     UNIT         ?PR?TP_READ?TP
            CODE    3386H     0073H     UNIT         ?PR?USBXCORE_GET_STATUS?USB_API
            CODE    33F9H     006CH     UNIT         ?PR?DEVICES_INIT?MAIN
            CODE    3465H     0064H     UNIT         ?PR?_MMC_SD_READSINGLEBLOCK?MMC_SD
            CODE    34C9H     0063H     UNIT         ?PR?_DISPPIC?LCD
            CODE    352CH     005BH     UNIT         ?PR?_TOORD?LCD
            CODE    3587H     005AH     UNIT         ?PR?USBXCORE_SET_CONFIGURATION?USB_API
            CODE    35E1H     0058H     UNIT         ?PR?USBXCORE_CLEAR_FEATURE?USB_API
            CODE    3639H     0057H     UNIT         ?PR?USBXCORE_SET_FEATURE?USB_API
            CODE    3690H     0055H     UNIT         ?PR?_STOPDELAY?MAIN
            CODE    36E5H     0052H     UNIT         ?PR?_PUTPIXEL?LCD
            CODE    3737H     0050H     UNIT         ?CO?MAIN
            CODE    3787H     0047H     UNIT         ?PR?USBXCORE_GET_CONFIGURATION?USB_API
            CODE    37CEH     0043H     UNIT         ?PR?MCU_INIT?MAIN
            CODE    3811H     003AH     UNIT         ?CO?USB_API
            CODE    384BH     0038H     UNIT         ?PR?USB_CLOCK_START?USB_CLOCK_START
            CODE    3883H     002DH     UNIT         ?C_INITSEG
            CODE    38B0H     002CH     UNIT         ?PR?_WRITEDISPDATA?LCD
BL51 BANKED LINKER/LOCATER V6.22                                                      11/01/2021  14:27:01  PAGE 4


            CODE    38DCH     002BH     UNIT         ?PR?USB_SUSPEND?USB_SUSPEND
            CODE    3907H     0027H     UNIT         ?PR?USBXCORE_USB_RESET?USB_API
            CODE    392EH     0027H     UNIT         ?PR?USBXCORE_GET_INTERFACE?USB_API
            CODE    3955H     0026H     UNIT         ?PR?_TP_WRITE?TP
            CODE    397BH     0022H     UNIT         ?PR?USBXCORE_JUMP_ISR?USB_JUMP_ISR
            CODE    399DH     0020H     UNIT         ?PR?USBXCORE_SET_ADDRESS?USB_API
            CODE    39BDH     001FH     UNIT         ?PR?_DELAY?MAIN
            CODE    39DCH     001DH     UNIT         ?PR?USBXCORE_FORCE_STALL?USB_API
            CODE    39F9H     0019H     UNIT         ?PR?_WRITEDATA?LCD
            CODE    3A12H     0019H     UNIT         ?PR?USB_INT_ENABLE?USB_INT_ENABLE
            CODE    3A2BH     0016H     UNIT         ?PR?_SPI_WRITEBYTE?MMC_SD
            CODE    3A41H     0016H     UNIT         ?PR?READDATA?LCD
            CODE    3A57H     0015H     UNIT         ?PR?_WRITECOMM?LCD
            CODE    3A6CH     0014H     UNIT         ?PR?USBXCORE_SET_SOP?USB_API
            CODE    3A80H     0013H     UNIT         ?PR?WAITKEY?MAIN
            CODE    3A93H     0011H     UNIT         ?PR?SD_INIT?MMC_SD
            CODE    3AA4H     000EH     UNIT         ?PR?GET_INTERRUPT_SOURCE?GET_INTERRUPT_SOURCE
            CODE    3AB2H     000CH     UNIT         ?PR?USBXCORE_CLKREC?USB_CLOCK_RECOVERY
            CODE    3ABEH     000BH     UNIT         ?PR?SPI_READBYTE?MMC_SD
            CODE    3AC9H     0009H     UNIT         ?PR?_WRITEONEDOT?LCD
            CODE    3AD2H     0008H     UNIT         ?CO?TP



OVERLAY MAP OF MODULE:   ILI9342C_HSD231_ZT_L8 (MAIN)


SEGMENT                                            PDATA_GROUP         XDATA_GROUP
  +--> CALLED SEGMENT                            START    LENGTH     START    LENGTH
------------------------------------------------------------------------------------
?PR?USB_API_TEST_ISR?MAIN                        0056H    0001H      -----    -----
  +--> ?PR?GET_INTERRUPT_SOURCE?GET_INTERRUP...
  +--> ?PR?_BLOCK_READ?BLOCK_READ
  +--> ?PR?SUSPEND_DEVICE?MAIN
  +--> ?PR?MCU_INIT?MAIN
  +--> ?PR?_?BLOCKWRITE?LCD

?PR?SUSPEND_DEVICE?MAIN                          -----    -----      -----    -----
  +--> ?PR?USB_SUSPEND?USB_SUSPEND

?PR?USB_SUSPEND?USB_SUSPEND                      -----    -----      -----    -----
  +--> ?PR?USB_CLOCK_START?USB_CLOCK_START

?PR?_?BLOCKWRITE?LCD                             -----    -----      -----    -----
  +--> ?PR?_WRITECOMM?LCD
  +--> ?PR?_WRITEDATA?LCD

?PR?_WRITECOMM?LCD                               007AH    0002H      -----    -----

?PR?_WRITEDATA?LCD                               007AH    0002H      -----    -----

*** NEW ROOT ***************************************************

?PR?USBXCORE_USB_ISR?USB_API                     -----    -----      -----    -----
  +--> ?PR?USBXCORE_USB_RESET?USB_API
  +--> ?PR?USBXCORE_HANDLE_SETUP?USB_API
  +--> ?PR?USBXCORE_JUMP_ISR?USB_JUMP_ISR
BL51 BANKED LINKER/LOCATER V6.22                                                      11/01/2021  14:27:01  PAGE 5



?PR?USBXCORE_HANDLE_SETUP?USB_API                -----    -----      -----    -----
  +--> ?PR?USBXCORE_GET_STATUS?USB_API
  +--> ?PR?USBXCORE_CLEAR_FEATURE?USB_API
  +--> ?PR?USBXCORE_VENDOR_USB_API?USB_API
  +--> ?PR?USBXCORE_SET_FEATURE?USB_API
  +--> ?PR?USBXCORE_SET_ADDRESS?USB_API
  +--> ?PR?USBXCORE_GET_DESCRIPTOR?USB_API
  +--> ?PR?USBXCORE_GET_CONFIGURATION?USB_API
  +--> ?PR?USBXCORE_SET_CONFIGURATION?USB_API
  +--> ?PR?USBXCORE_GET_INTERFACE?USB_API
  +--> ?PR?USBXCORE_SET_SOP?USB_API
  +--> ?PR?USBXCORE_FORCE_STALL?USB_API

?PR?USBXCORE_GET_STATUS?USB_API                  -----    -----      -----    -----
  +--> ?CO?USB_API
  +--> ?PR?USBXCORE_FORCE_STALL?USB_API
  +--> ?PR?USBXCORE_SET_SOP?USB_API

?PR?USBXCORE_CLEAR_FEATURE?USB_API               -----    -----      -----    -----
  +--> ?PR?USBXCORE_FORCE_STALL?USB_API
  +--> ?PR?USBXCORE_SET_SOP?USB_API

?PR?USBXCORE_VENDOR_USB_API?USB_API              -----    -----      -----    -----
  +--> ?PR?USBXCORE_SET_SOP?USB_API

?PR?USBXCORE_SET_FEATURE?USB_API                 -----    -----      -----    -----
  +--> ?PR?USBXCORE_FORCE_STALL?USB_API
  +--> ?PR?USBXCORE_SET_SOP?USB_API

?PR?USBXCORE_SET_ADDRESS?USB_API                 -----    -----      -----    -----
  +--> ?PR?USBXCORE_SET_SOP?USB_API

?PR?USBXCORE_GET_DESCRIPTOR?USB_API              -----    -----      -----    -----
  +--> ?PR?USBXCORE_FORCE_STALL?USB_API
  +--> ?PR?USBXCORE_SET_SOP?USB_API

?PR?USBXCORE_GET_CONFIGURATION?USB_API           -----    -----      -----    -----
  +--> ?CO?USB_API
  +--> ?PR?USBXCORE_SET_SOP?USB_API

?PR?USBXCORE_SET_CONFIGURATION?USB_API           -----    -----      -----    -----
  +--> ?PR?USBXCORE_SET_SOP?USB_API

?PR?USBXCORE_GET_INTERFACE?USB_API               -----    -----      -----    -----
  +--> ?CO?USB_API
  +--> ?PR?USBXCORE_SET_SOP?USB_API

*** NEW ROOT ***************************************************

?C_C51STARTUP                                    -----    -----      -----    -----
  +--> ?PR?MAIN?MAIN
  +--> ?C_INITSEG

?PR?MAIN?MAIN                                    -----    -----      -----    -----
  +--> ?PR?DEVICES_INIT?MAIN
  +--> ?PR?DISPFRAME?LCD
BL51 BANKED LINKER/LOCATER V6.22                                                      11/01/2021  14:27:01  PAGE 6


  +--> ?PR?_STOPDELAY?MAIN
  +--> ?PR?WAITKEY?MAIN
  +--> ?PR?_DISPCOLOR?LCD
  +--> ?PR?DISPGRAYHOR16?LCD
  +--> ?PR?DISPBAND?LCD
  +--> ?PR?TP_DRAWLINE?TP

?PR?DEVICES_INIT?MAIN                            -----    -----      -----    -----
  +--> ?PR?MCU_INIT?MAIN
  +--> ?PR?USB_CLOCK_START?USB_CLOCK_START
  +--> ?CO?MAIN
  +--> ?PR?_USB_INIT?USB_API
  +--> ?PR?USB_INT_ENABLE?USB_INT_ENABLE
  +--> ?PR?LCD_INIT?LCD

?PR?_USB_INIT?USB_API                            -----    -----      027CH    0011H
  +--> ?CO?USB_API
  +--> ?PR?USBXCORE_CLKREC?USB_CLOCK_RECOVERY

?PR?LCD_INIT?LCD                                 -----    -----      -----    -----
  +--> ?PR?READDATA?LCD
  +--> ?PR?_DELAY?MAIN
  +--> ?PR?_WRITECOMM?LCD
  +--> ?PR?_WRITEDATA?LCD

?PR?READDATA?LCD                                 -----    -----      -----    -----
  +--> ?PR?_LCD_READ_IC_ID?LCD

?PR?_LCD_READ_IC_ID?LCD                          0062H    0008H      -----    -----

?PR?DISPFRAME?LCD                                0059H    0002H      -----    -----
  +--> ?PR?_?BLOCKWRITE?LCD
  +--> ?PR?_WRITEDISPDATA?LCD

?PR?_WRITEDISPDATA?LCD                           007AH    0001H      -----    -----

?PR?_STOPDELAY?MAIN                              0059H    0004H      -----    -----
  +--> ?PR?WAITKEY?MAIN
  +--> ?PR?_DELAY?MAIN

?PR?WAITKEY?MAIN                                 -----    -----      -----    -----
  +--> ?PR?CONNTOUSB?MAIN
  +--> ?PR?_DELAY?MAIN

?PR?CONNTOUSB?MAIN                               005DH    0005H      027CH    0058H
  +--> ?CO?MAIN
  +--> ?PR?_WRITECOMM?LCD
  +--> ?PR?_WRITEDATA?LCD
  +--> ?PR?_DISPSTR?LCD
  +--> ?PR?_DISPINT?LCD
  +--> ?PR?_WRITEDISPDATA?LCD
  +--> ?PR?_MMC_SD_WRITESINGLEBLOCK?MMC_SD
  +--> ?PR?_BLOCK_WRITE?BLOCK_WRITE
  +--> ?PR?READDATA?LCD
  +--> ?PR?_DELAY?MAIN

?PR?_DISPSTR?LCD                                 0062H    000BH      -----    -----
BL51 BANKED LINKER/LOCATER V6.22                                                      11/01/2021  14:27:01  PAGE 7


  +--> ?PR?_TOORD?LCD
  +--> ?PR?_DISPONECHAR?LCD

?PR?_DISPONECHAR?LCD                             006DH    000DH      -----    -----
  +--> ?PR?_?BLOCKWRITE?LCD
  +--> ?CO?LCD
  +--> ?PR?_WRITEONEDOT?LCD

?PR?_WRITEONEDOT?LCD                             -----    -----      -----    -----
  +--> ?PR?_WRITEDISPDATA?LCD

?PR?_DISPINT?LCD                                 0062H    000AH      -----    -----
  +--> ?PR?_DISPONECHAR?LCD

?PR?_MMC_SD_WRITESINGLEBLOCK?MMC_SD              0062H    0004H      -----    -----
  +--> ?PR?_MMC_SD_SENDCOMMAND?MMC_SD
  +--> ?PR?_SPI_WRITEBYTE?MMC_SD

?PR?_MMC_SD_SENDCOMMAND?MMC_SD                   0066H    0005H      -----    -----
  +--> ?PR?_SPI_WRITEBYTE?MMC_SD

?PR?_DISPCOLOR?LCD                               0059H    0004H      -----    -----
  +--> ?PR?_?BLOCKWRITE?LCD
  +--> ?PR?_WRITEDISPDATA?LCD

?PR?DISPGRAYHOR16?LCD                            0059H    0004H      -----    -----
  +--> ?PR?_?BLOCKWRITE?LCD
  +--> ?PR?_WRITEDISPDATA?LCD

?PR?DISPBAND?LCD                                 0059H    0005H      -----    -----
  +--> ?PR?_?BLOCKWRITE?LCD
  +--> ?PR?_WRITEDISPDATA?LCD

?PR?TP_DRAWLINE?TP                               -----    -----      027CH    0018H
  +--> ?PR?_DISPCOLOR?LCD
  +--> ?CO?TP
  +--> ?PR?_DISPSTR?LCD
  +--> ?PR?_DELAY?MAIN
  +--> ?PR?_TP_GETPOSITION?TP
  +--> ?PR?_PUTPIXEL?LCD

?PR?_TP_GETPOSITION?TP                           -----    -----      0294H    001BH
  +--> ?PR?_TP_WRITE?TP
  +--> ?PR?TP_READ?TP

?PR?_TP_WRITE?TP                                 -----    -----      02AFH    0001H

?PR?TP_READ?TP                                   -----    -----      02AFH    0005H

?PR?_PUTPIXEL?LCD                                0059H    0002H      -----    -----
  +--> ?PR?_?BLOCKWRITE?LCD
  +--> ?PR?_WRITEDISPDATA?LCD



SYMBOL TABLE OF MODULE:  ILI9342C_HSD231_ZT_L8 (MAIN)

BL51 BANKED LINKER/LOCATER V6.22                                                      11/01/2021  14:27:01  PAGE 8


  VALUE           TYPE          NAME
  ----------------------------------

  -------         MODULE        MAIN
  C:0000H         SYMBOL        _ICE_DUMMY_
  D:0080H         PUBLIC        P0
  X:0000H         PUBLIC        f_down
  D:0090H         PUBLIC        P1
  D:00B0H         PUBLIC        P3
  C:3782H         PUBLIC        USB_MaxPower
  B:00B0H.6       PUBLIC        KEY_STEP
  D:00A4H         PUBLIC        P0MDOUT
  D:00A5H         PUBLIC        P1MDOUT
  D:00A6H         PUBLIC        P2MDOUT
  D:00A7H         PUBLIC        P3MDOUT
  D:00AEH         PUBLIC        P4MDOUT
  B:0080H.6       PUBLIC        OE
  D:00D9H         PUBLIC        PCA0MD
  C:1F19H         PUBLIC        USB_API_TEST_ISR
  C:0040H         PUBLIC        Suspend_Device
  C:3694H         PUBLIC        _StopDelay
  D:00E1H         PUBLIC        XBR0
  D:00E2H         PUBLIC        XBR1
  B:00B0H.1       PUBLIC        RS
  C:0003H         PUBLIC        main
  X:0001H         PUBLIC        VerifyCode0
  X:0002H         PUBLIC        VerifyCode1
  C:374CH         PUBLIC        USB_PID
  X:0003H         PUBLIC        VerifyCode2
  D:00F1H         PUBLIC        P0MDIN
  D:00F2H         PUBLIC        P1MDIN
  C:374EH         PUBLIC        USB_MfrStr
  D:00F4H         PUBLIC        P3MDIN
  C:374AH         PUBLIC        USB_VID
  D:00F8H         PUBLIC        SPI0CN
  X:0004H         PUBLIC        pic
  C:33F9H         PUBLIC        Devices_Init
  C:008EH         PUBLIC        ConnToUSB
  D:00A9H         PUBLIC        CLKSEL
  D:00B2H         PUBLIC        OSCICN
  C:3783H         PUBLIC        USB_PwAttributes
  C:3A80H         PUBLIC        WaitKey
  C:3786H         SYMBOL        _?ix1000
  B:00B0H.0       PUBLIC        CS0
  X:0005H         PUBLIC        bf
  C:3784H         PUBLIC        USB_bcdDevice
  D:00B9H         PUBLIC        CLKMUL
  X:0007H         PUBLIC        f_debug
  X:0008H         PUBLIC        sd
  X:02D4H         PUBLIC        Packet
  C:37CEH         PUBLIC        MCU_Init
  B:0080H.7       PUBLIC        DIR
  D:00EFH         PUBLIC        RSTSRC
  X:000CH         PUBLIC        f_read
  C:3778H         PUBLIC        USB_SerialStr
  X:000DH         PUBLIC        f_other
  C:3768H         PUBLIC        USB_ProductStr
BL51 BANKED LINKER/LOCATER V6.22                                                      11/01/2021  14:27:01  PAGE 9


  X:000EH         PUBLIC        f_para
  D:00A1H         PUBLIC        SPI0CFG
  C:39BDH         PUBLIC        _Delay
  B:00B0H.7       PUBLIC        KEY_Stop
  X:000FH         PUBLIC        f_init
  -------         PROC          MAIN
  C:0003H         LINE#         40
  C:0003H         LINE#         41
  C:0003H         LINE#         61
  C:0006H         LINE#         63
  C:0009H         LINE#         64
  C:0009H         LINE#         68
  C:0012H         LINE#         69
  C:001FH         LINE#         74
  C:0028H         LINE#         75
  C:0031H         LINE#         76
  C:003AH         LINE#         80
  C:003DH         LINE#         82
  C:003FH         LINE#         83
  -------         ENDPROC       MAIN
  -------         PROC          _DELAY
  D:0006H         SYMBOL        dly
  -------         DO            
  D:0004H         SYMBOL        i
  D:0002H         SYMBOL        j
  -------         ENDDO         
  C:39BDH         LINE#         86
  C:39BDH         LINE#         87
  C:39BDH         LINE#         90
  C:39C7H         LINE#         91
  C:39DBH         LINE#         92
  -------         ENDPROC       _DELAY
  C:3690H         SYMBOL        L?0133
  -------         PROC          L?0132
  -------         ENDPROC       L?0132
  C:3690H         SYMBOL        L?0133
  -------         PROC          _STOPDELAY
  X:0059H         SYMBOL        sdly
  -------         DO            
  D:0006H         SYMBOL        i
  D:0004H         SYMBOL        j
  X:005BH         SYMBOL        k
  -------         ENDDO         
  C:3694H         LINE#         94
  C:369BH         LINE#         95
  C:369BH         LINE#         97
  C:36A0H         LINE#         98
  C:36A0H         LINE#         99
  C:36A3H         LINE#         100
  C:36A3H         LINE#         101
  C:36B0H         LINE#         102
  C:36C4H         LINE#         103
  C:36C4H         LINE#         105
  C:36C4H         LINE#         106
  C:36CEH         LINE#         107
  C:36CEH         LINE#         108
  C:36E4H         LINE#         109
BL51 BANKED LINKER/LOCATER V6.22                                                      11/01/2021  14:27:01  PAGE 10


  -------         ENDPROC       _STOPDELAY
  -------         PROC          WAITKEY
  C:3A80H         LINE#         139
  C:3A80H         LINE#         140
  C:3A80H         LINE#         142
  C:3A83H         LINE#         143
  C:3A83H         LINE#         145
  C:3A86H         LINE#         147
  C:3A88H         LINE#         148
  C:3A8FH         LINE#         149
  C:3A92H         LINE#         151
  -------         ENDPROC       WAITKEY
  -------         PROC          CONNTOUSB
  -------         DO            
  X:005DH         SYMBOL        i
  X:027CH         SYMBOL        reg_data
  X:0294H         SYMBOL        para_data
  D:0007H         SYMBOL        dat
  X:005EH         SYMBOL        reg_index
  X:0060H         SYMBOL        data_num
  X:0061H         SYMBOL        st
  -------         ENDDO         
  C:008EH         LINE#         157
  C:008EH         LINE#         158
  C:008EH         LINE#         165
  C:00A1H         LINE#         167
  C:00A9H         LINE#         168
  C:00A9H         LINE#         169
  C:00B7H         LINE#         170
  C:00B7H         LINE#         171
  C:00C8H         LINE#         172
  C:00C8H         LINE#         173
  C:00EEH         LINE#         174
  C:00F0H         LINE#         175
  C:0104H         LINE#         176
  C:0104H         LINE#         177
  C:012AH         LINE#         179
  C:012AH         LINE#         180
  C:012AH         LINE#         181
  C:012AH         LINE#         183
  C:012AH         LINE#         184
  C:0132H         LINE#         185
  C:013CH         LINE#         186
  C:0146H         LINE#         188
  C:0162H         LINE#         190
  C:016CH         LINE#         191
  C:016CH         LINE#         192
  C:017DH         LINE#         193
  C:017DH         LINE#         194
  C:018EH         LINE#         195
  C:018EH         LINE#         196
  C:01E1H         LINE#         197
  C:01E3H         LINE#         198
  C:01F9H         LINE#         199
  C:01F9H         LINE#         200
  C:024BH         LINE#         201
  C:024BH         LINE#         202
BL51 BANKED LINKER/LOCATER V6.22                                                      11/01/2021  14:27:01  PAGE 11


  C:024BH         LINE#         203
  C:024BH         LINE#         205
  C:024BH         LINE#         206
  C:0253H         LINE#         207
  C:0253H         LINE#         208
  C:025DH         LINE#         209
  C:0267H         LINE#         211
  C:026BH         LINE#         212
  C:026EH         LINE#         216
  C:0276H         LINE#         217
  C:0276H         LINE#         218
  C:0285H         LINE#         219
  C:0285H         LINE#         220
  C:0287H         LINE#         222
  C:0289H         LINE#         223
  C:02A5H         LINE#         224
  C:02A7H         LINE#         226
  C:02D0H         LINE#         227
  C:02F4H         LINE#         228
  C:02FEH         LINE#         229
  C:02FEH         LINE#         230
  C:0306H         LINE#         231
  C:030DH         LINE#         232
  C:0318H         LINE#         233
  C:031EH         LINE#         234
  C:031EH         LINE#         235
  C:0327H         LINE#         237
  C:032BH         LINE#         238
  C:0337H         LINE#         239
  C:033AH         LINE#         242
  C:0342H         LINE#         243
  C:0342H         LINE#         244
  C:034BH         LINE#         245
  C:034BH         LINE#         246
  C:035BH         LINE#         247
  C:035BH         LINE#         248
  C:035DH         LINE#         250
  C:035FH         LINE#         251
  C:037BH         LINE#         252
  C:037DH         LINE#         254
  C:03A6H         LINE#         255
  C:03CAH         LINE#         257
  C:03D4H         LINE#         258
  C:03D4H         LINE#         259
  C:03DCH         LINE#         260
  C:03E3H         LINE#         261
  C:03EEH         LINE#         262
  C:03F4H         LINE#         263
  C:03F4H         LINE#         265
  C:03FDH         LINE#         271
  C:03FDH         LINE#         272
  C:040AH         LINE#         273
  C:040AH         LINE#         274
  C:040CH         LINE#         276
  C:040EH         LINE#         277
  C:042AH         LINE#         278
  C:042CH         LINE#         280
BL51 BANKED LINKER/LOCATER V6.22                                                      11/01/2021  14:27:01  PAGE 12


  C:0434H         LINE#         281
  C:0438H         LINE#         282
  C:0444H         LINE#         283
  C:0444H         LINE#         284
  C:0447H         LINE#         287
  C:044FH         LINE#         288
  C:044FH         LINE#         289
  C:0460H         LINE#         290
  C:0460H         LINE#         291
  C:046DH         LINE#         292
  C:046DH         LINE#         293
  C:048BH         LINE#         294
  C:048DH         LINE#         295
  C:049DH         LINE#         296
  C:049DH         LINE#         297
  C:04BBH         LINE#         298
  C:04BDH         LINE#         299
  C:04CEH         LINE#         300
  C:04CEH         LINE#         301
  C:04D8H         LINE#         302
  C:04E2H         LINE#         303
  C:04E2H         LINE#         304
  C:04E2H         LINE#         305
  C:04E2H         LINE#         307
  C:04E2H         LINE#         308
  C:04EBH         LINE#         309
  C:04EFH         LINE#         310
  C:04FBH         LINE#         311
  C:04FEH         LINE#         314
  C:0506H         LINE#         315
  C:0506H         LINE#         316
  C:0513H         LINE#         317
  C:0524H         LINE#         319
  C:052DH         LINE#         320
  C:053CH         LINE#         322
  C:0544H         LINE#         323
  C:0544H         LINE#         324
  C:054DH         LINE#         325
  C:055CH         LINE#         326
  C:055CH         LINE#         327
  C:055FH         LINE#         328
  C:056EH         LINE#         329
  C:057AH         LINE#         330
  C:0580H         LINE#         331
  C:0580H         LINE#         333
  C:0584H         LINE#         334
  C:0593H         LINE#         336
  C:059AH         LINE#         337
  C:05B6H         LINE#         338
  C:05C0H         LINE#         339
  C:05C0H         LINE#         340
  C:05E6H         LINE#         341
  C:05F9H         LINE#         342
  C:05F9H         LINE#         343
  C:064BH         LINE#         344
  C:0653H         LINE#         345
  C:0653H         LINE#         346
BL51 BANKED LINKER/LOCATER V6.22                                                      11/01/2021  14:27:01  PAGE 13


  C:0653H         LINE#         349
  C:0658H         LINE#         350
  C:0658H         LINE#         351
  C:0665H         LINE#         352
  C:0676H         LINE#         354
  C:067BH         LINE#         355
  C:067FH         LINE#         356
  C:0683H         LINE#         357
  C:0687H         LINE#         359
  C:068BH         LINE#         360
  C:0697H         LINE#         361
  C:0699H         LINE#         362
  -------         ENDPROC       CONNTOUSB
  -------         PROC          MCU_INIT
  -------         DO            
  D:0007H         SYMBOL        n
  -------         ENDDO         
  C:37CEH         LINE#         365
  C:37CEH         LINE#         366
  C:37CEH         LINE#         368
  C:37D1H         LINE#         371
  C:37D4H         LINE#         372
  C:37D7H         LINE#         374
  C:37DAH         LINE#         376
  C:37E0H         LINE#         378
  C:37E3H         LINE#         379
  C:37E8H         LINE#         380
  C:37EBH         LINE#         382
  C:37EEH         LINE#         385
  C:37F1H         LINE#         386
  C:37F4H         LINE#         388
  C:37F7H         LINE#         389
  C:37FAH         LINE#         391
  C:37FDH         LINE#         392
  C:3800H         LINE#         394
  C:3803H         LINE#         395
  C:3806H         LINE#         396
  C:3808H         LINE#         397
  C:380AH         LINE#         399
  C:380DH         LINE#         400
  C:3810H         LINE#         402
  -------         ENDPROC       MCU_INIT
  -------         PROC          DEVICES_INIT
  C:33F9H         LINE#         404
  C:33F9H         LINE#         405
  C:33F9H         LINE#         407
  C:33FCH         LINE#         410
  C:33FFH         LINE#         411
  C:3459H         LINE#         412
  C:345CH         LINE#         415
  C:345FH         LINE#         416
  C:3462H         LINE#         424
  -------         ENDPROC       DEVICES_INIT
  -------         PROC          SUSPEND_DEVICE
  C:0040H         LINE#         428
  C:0040H         LINE#         429
  C:0040H         LINE#         430
BL51 BANKED LINKER/LOCATER V6.22                                                      11/01/2021  14:27:01  PAGE 14


  -------         ENDPROC       SUSPEND_DEVICE
  -------         PROC          USB_API_TEST_ISR
  -------         DO            
  X:0056H         SYMBOL        INTVAL
  -------         ENDDO         
  C:1F19H         LINE#         434
  C:1F36H         LINE#         436
  C:1F3DH         LINE#         438
  C:1F43H         LINE#         439
  C:1F43H         LINE#         440
  C:1F4EH         LINE#         442
  C:1F6AH         LINE#         443
  C:1F6AH         LINE#         444
  C:1F6CH         LINE#         445
  C:1F6EH         LINE#         446
  C:1F84H         LINE#         447
  C:1F84H         LINE#         448
  C:1F86H         LINE#         449
  C:1F88H         LINE#         450
  C:1FA0H         LINE#         451
  C:1FA0H         LINE#         452
  C:1FA2H         LINE#         453
  C:1FA4H         LINE#         454
  C:1FBEH         LINE#         455
  C:1FBEH         LINE#         456
  C:1FC0H         LINE#         457
  C:1FC2H         LINE#         458
  C:1FD7H         LINE#         459
  C:1FD7H         LINE#         460
  C:1FD9H         LINE#         461
  C:1FDBH         LINE#         463
  C:1FDBH         LINE#         464
  C:1FE0H         LINE#         465
  C:1FE0H         LINE#         466
  C:1FE0H         LINE#         468
  C:1FE0H         LINE#         469
  C:1FE0H         LINE#         471
  C:1FE0H         LINE#         473
  C:1FE6H         LINE#         474
  C:1FE6H         LINE#         475
  C:1FE9H         LINE#         476
  C:1FE9H         LINE#         478
  C:1FEFH         LINE#         479
  C:1FEFH         LINE#         480
  C:1FF2H         LINE#         481
  C:1FF2H         LINE#         483
  C:1FF8H         LINE#         484
  C:1FF8H         LINE#         485
  C:2013H         LINE#         486
  C:2013H         LINE#         488
  C:2019H         LINE#         489
  C:2019H         LINE#         490
  C:201EH         LINE#         491
  C:2039H         LINE#         492
  C:2039H         LINE#         493
  -------         ENDPROC       USB_API_TEST_ISR
  -------         ENDMOD        MAIN
BL51 BANKED LINKER/LOCATER V6.22                                                      11/01/2021  14:27:01  PAGE 15



  -------         MODULE        MMC_SD
  C:0000H         SYMBOL        _ICE_DUMMY_
  D:00A2H         PUBLIC        SPI0CKR
  D:0080H         PUBLIC        P0
  D:0090H         PUBLIC        P1
  D:00B0H         PUBLIC        P3
  C:329EH         PUBLIC        _MMC_SD_SendCommand
  C:3465H         PUBLIC        _MMC_SD_ReadSingleBlock
  C:3A93H         PUBLIC        SD_Init
  C:31A9H         PUBLIC        _MMC_SD_WriteSingleBlock
  B:00F8H.7       PUBLIC        SPIF
  B:00F8H.2       PUBLIC        NSSMD0
  C:288CH         PUBLIC        MMC_SD_Reset
  D:00A9H         PUBLIC        CLKSEL
  C:3ABEH         PUBLIC        SPI_ReadByte
  C:3A37H         PUBLIC        _SPI_WriteByte
  D:00A3H         PUBLIC        SPI0DAT
  X:007CH         PUBLIC        buffer
  C:3A2BH         SYMBOL        L?0062
  C:3A30H         SYMBOL        L?0063
  -------         PROC          L?0061
  -------         ENDPROC       L?0061
  C:3A2BH         SYMBOL        L?0062
  C:3A30H         SYMBOL        L?0063
  -------         PROC          _SPI_WRITEBYTE
  D:0007H         SYMBOL        val
  -------         DO            
  D:0007H         SYMBOL        ret
  -------         ENDDO         
  C:3A37H         LINE#         7
  C:3A37H         LINE#         8
  C:3A37H         LINE#         11
  C:3A39H         LINE#         12
  C:3A3CH         LINE#         13
  C:3A3EH         LINE#         14
  C:3A40H         LINE#         15
  C:3A40H         LINE#         16
  -------         ENDPROC       _SPI_WRITEBYTE
  -------         PROC          SPI_READBYTE
  -------         DO            
  D:0007H         SYMBOL        ret
  -------         ENDDO         
  C:3ABEH         LINE#         18
  C:3ABEH         LINE#         19
  C:3ABEH         LINE#         22
  C:3AC1H         LINE#         23
  C:3AC4H         LINE#         24
  C:3AC6H         LINE#         25
  C:3AC8H         LINE#         26
  C:3AC8H         LINE#         27
  -------         ENDPROC       SPI_READBYTE
  -------         PROC          _MMC_SD_SENDCOMMAND
  D:0006H         SYMBOL        cmd
  X:0067H         SYMBOL        arg
  -------         DO            
  D:0007H         SYMBOL        r1
BL51 BANKED LINKER/LOCATER V6.22                                                      11/01/2021  14:27:01  PAGE 16


  D:0003H         SYMBOL        retry
  -------         ENDDO         
  C:329EH         LINE#         29
  C:32A0H         LINE#         30
  C:32A0H         LINE#         32
  C:32A2H         LINE#         34
  C:32A2H         LINE#         35
  C:32A2H         LINE#         36
  C:32A5H         LINE#         37
  C:32A5H         LINE#         38
  C:32A5H         LINE#         39
  C:32A8H         LINE#         41
  C:32AAH         LINE#         43
  C:32B1H         LINE#         44
  C:32C6H         LINE#         45
  C:32DBH         LINE#         46
  C:32F0H         LINE#         47
  C:32FAH         LINE#         48
  C:32FFH         LINE#         50
  C:3307H         LINE#         51
  C:3310H         LINE#         53
  C:3312H         LINE#         55
  C:3312H         LINE#         56
  -------         ENDPROC       _MMC_SD_SENDCOMMAND
  -------         PROC          MMC_SD_RESET
  -------         DO            
  D:0005H         SYMBOL        i
  D:0002H         SYMBOL        retry
  D:0006H         SYMBOL        r1
  -------         ENDDO         
  C:288CH         LINE#         58
  C:288CH         LINE#         59
  C:288CH         LINE#         62
  C:288EH         LINE#         64
  C:288FH         LINE#         65
  C:2892H         LINE#         66
  C:2895H         LINE#         68
  C:2895H         LINE#         69
  C:28A1H         LINE#         70
  C:28B1H         LINE#         71
  C:28B2H         LINE#         72
  C:28B8H         LINE#         73
  C:28BCH         LINE#         75
  C:28BEH         LINE#         77
  C:28BEH         LINE#         79
  C:28BEH         LINE#         80
  C:28CEH         LINE#         81
  C:28CFH         LINE#         82
  C:28D8H         LINE#         83
  C:28DCH         LINE#         85
  C:28DEH         LINE#         86
  C:28EEH         LINE#         87
  C:28EFH         LINE#         88
  C:28F8H         LINE#         89
  C:28FBH         LINE#         91
  C:28FEH         LINE#         92
  C:28FEH         LINE#         93
BL51 BANKED LINKER/LOCATER V6.22                                                      11/01/2021  14:27:01  PAGE 17


  C:2900H         LINE#         95
  C:2900H         LINE#         96
  C:2910H         LINE#         97
  C:2911H         LINE#         98
  C:291AH         LINE#         99
  C:291DH         LINE#         100
  C:291DH         LINE#         101
  C:292DH         LINE#         103
  C:293BH         LINE#         104
  C:293EH         LINE#         105
  C:2941H         LINE#         106
  C:2942H         LINE#         107
  -------         ENDPROC       MMC_SD_RESET
  -------         PROC          _MMC_SD_READSINGLEBLOCK
  X:0010H         SYMBOL        sector
  -------         DO            
  D:0007H         SYMBOL        r1
  D:0004H         SYMBOL        i
  D:0002H         SYMBOL        retry
  -------         ENDDO         
  C:3465H         LINE#         109
  C:346AH         LINE#         110
  C:346AH         LINE#         113
  C:346CH         LINE#         115
  C:346FH         LINE#         117
  C:346FH         LINE#         118
  C:348BH         LINE#         119
  C:348CH         LINE#         120
  C:3495H         LINE#         121
  C:3498H         LINE#         124
  C:349AH         LINE#         126
  C:34A0H         LINE#         128
  C:34A3H         LINE#         129
  C:34A3H         LINE#         130
  C:34B2H         LINE#         131
  C:34BFH         LINE#         133
  C:34BFH         LINE#         134
  C:34C2H         LINE#         136
  C:34C4H         LINE#         137
  C:34C7H         LINE#         138
  C:34C8H         LINE#         139
  -------         ENDPROC       _MMC_SD_READSINGLEBLOCK
  -------         PROC          _MMC_SD_WRITESINGLEBLOCK
  X:0062H         SYMBOL        sector
  -------         DO            
  D:0006H         SYMBOL        r1
  D:0004H         SYMBOL        i
  D:0002H         SYMBOL        retry
  -------         ENDDO         
  C:31A9H         LINE#         141
  C:31AEH         LINE#         142
  C:31AEH         LINE#         145
  C:31B0H         LINE#         147
  C:31B3H         LINE#         149
  C:31B3H         LINE#         150
  C:31D1H         LINE#         151
  C:31D2H         LINE#         152
BL51 BANKED LINKER/LOCATER V6.22                                                      11/01/2021  14:27:01  PAGE 18


  C:31DBH         LINE#         153
  C:31DEH         LINE#         157
  C:31E0H         LINE#         159
  C:31E5H         LINE#         161
  C:31EAH         LINE#         163
  C:31ECH         LINE#         164
  C:31ECH         LINE#         165
  C:31FBH         LINE#         166
  C:3208H         LINE#         168
  C:3208H         LINE#         169
  C:3208H         LINE#         171
  C:320DH         LINE#         173
  C:3214H         LINE#         174
  C:3214H         LINE#         175
  C:3216H         LINE#         176
  C:3217H         LINE#         177
  C:3217H         LINE#         179
  C:321FH         LINE#         181
  C:3221H         LINE#         182
  C:3224H         LINE#         183
  C:3225H         LINE#         184
  -------         ENDPROC       _MMC_SD_WRITESINGLEBLOCK
  -------         PROC          SD_INIT
  -------         DO            
  D:0001H         SYMBOL        n
  -------         ENDDO         
  C:3A93H         LINE#         187
  C:3A93H         LINE#         188
  C:3A93H         LINE#         189
  C:3A95H         LINE#         191
  C:3A9BH         LINE#         192
  C:3A9BH         LINE#         193
  C:3A9CH         LINE#         194
  C:3AA3H         LINE#         196
  -------         ENDPROC       SD_INIT
  -------         ENDMOD        MMC_SD

  -------         MODULE        LCD
  C:0000H         SYMBOL        _ICE_DUMMY_
  D:0080H         PUBLIC        P0
  C:2B58H         PUBLIC        DispFrame
  D:0090H         PUBLIC        P1
  C:2BFCH         PUBLIC        DispScaleVer_Green
  D:00A0H         PUBLIC        P2
  D:00B0H         PUBLIC        P3
  D:00C7H         PUBLIC        P4
  C:1C39H         PUBLIC        DispBand
  C:39FDH         PUBLIC        _WriteData
  C:069AH         PUBLIC        ascii
  C:1412H         PUBLIC        _LCD_Read_IC_ID
  D:00A6H         PUBLIC        P2MDOUT
  C:0046H         PUBLIC        _DispColor
  C:3125H         PUBLIC        DispScaleVer_Blue
  C:2F84H         PUBLIC        _DrawGird
  C:309FH         PUBLIC        _DrawLine
  C:3A57H         PUBLIC        _WriteComm
  C:38C5H         PUBLIC        _WriteDispData
BL51 BANKED LINKER/LOCATER V6.22                                                      11/01/2021  14:27:01  PAGE 19


  C:2EF5H         PUBLIC        DispScaleVer_Gray
  B:00B0H.1       PUBLIC        RS
  B:0090H.7       PUBLIC        SPI_CLK
  C:2E66H         PUBLIC        DispScaleVer_Red
  D:00F3H         PUBLIC        P2MDIN
  C:22B9H         PUBLIC        DispScaleVer
  C:34C9H         PUBLIC        _DispPic
  C:27F1H         PUBLIC        _DispOneChar
  C:3226H         PUBLIC        DispGrayHor32
  C:2D35H         PUBLIC        DispGrayHor16
  C:2943H         PUBLIC        _DispInt
  C:36E5H         PUBLIC        _PutPixel
  D:00A9H         PUBLIC        CLKSEL
  B:0090H.6       PUBLIC        RD0
  B:00B0H.0       PUBLIC        CS0
  X:0054H         PUBLIC        LCM_ID
  C:218BH         PUBLIC        LCD_Init
  C:2DD0H         PUBLIC        _DispStr
  B:0090H.7       PUBLIC        WR0
  C:1644H         PUBLIC        DispScaleHor1
  B:0090H.6       PUBLIC        SPI_DI
  C:3AC9H         PUBLIC        _WriteOneDot
  C:1A7FH         PUBLIC        DispScaleHor2
  C:260BH         PUBLIC        _DispPicFromSD
  B:0080H.7       PUBLIC        DIR
  C:352CH         PUBLIC        _ToOrd
  B:0080H.5       PUBLIC        RST
  C:3A41H         PUBLIC        ReadData
  C:2CB3H         PUBLIC        _?BlockWrite
  -------         PROC          _LCD_READ_IC_ID
  X:0062H         SYMBOL        ID
  D:0004H         SYMBOL        Bug
  D:0003H         SYMBOL        flog
  -------         DO            
  X:0063H         SYMBOL        id
  X:0065H         SYMBOL        id1
  X:0067H         SYMBOL        temp
  D:0005H         SYMBOL        i
  D:0007H         SYMBOL        dat
  D:0001H         SYMBOL        id2
  X:0069H         SYMBOL        id3
  D:0002H         SYMBOL        id4
  -------         ENDDO         
  C:1412H         LINE#         35
  C:1416H         LINE#         36
  C:1416H         LINE#         40
  C:141EH         LINE#         41
  C:141EH         LINE#         43
  C:1420H         LINE#         44
  C:1422H         LINE#         45
  C:1424H         LINE#         47
  C:1427H         LINE#         48
  C:1429H         LINE#         49
  C:142BH         LINE#         50
  C:142DH         LINE#         53
  C:1430H         LINE#         54
  C:1433H         LINE#         55
BL51 BANKED LINKER/LOCATER V6.22                                                      11/01/2021  14:27:01  PAGE 20


  C:1436H         LINE#         56
  C:1438H         LINE#         57
  C:143AH         LINE#         58
  C:143CH         LINE#         63
  C:1446H         LINE#         65
  C:144CH         LINE#         66
  C:1454H         LINE#         68
  C:145AH         LINE#         69
  C:1460H         LINE#         70
  C:146AH         LINE#         72
  C:1470H         LINE#         73
  C:1472H         LINE#         75
  C:1478H         LINE#         77
  C:147EH         LINE#         78
  C:1488H         LINE#         80
  C:148EH         LINE#         81
  C:1493H         LINE#         83
  C:1499H         LINE#         85
  C:14A3H         LINE#         86
  C:14ADH         LINE#         88
  C:14B3H         LINE#         89
  C:14B5H         LINE#         91
  C:14C5H         LINE#         92
  C:14CFH         LINE#         94
  C:14D2H         LINE#         95
  C:14D6H         LINE#         96
  C:14D6H         LINE#         97
  C:14DFH         LINE#         98
  C:14E5H         LINE#         99
  C:14E5H         LINE#         100
  C:14EFH         LINE#         101
  C:14F1H         LINE#         102
  C:14F5H         LINE#         103
  C:14F5H         LINE#         104
  C:1504H         LINE#         105
  C:1504H         LINE#         108
  C:1504H         LINE#         109
  C:150DH         LINE#         110
  C:150DH         LINE#         112
  C:1510H         LINE#         113
  C:1514H         LINE#         114
  C:1516H         LINE#         115
  C:1518H         LINE#         116
  C:151AH         LINE#         117
  C:151AH         LINE#         118
  C:151CH         LINE#         119
  C:1524H         LINE#         120
  C:1526H         LINE#         122
  C:1528H         LINE#         123
  C:152CH         LINE#         124
  C:1531H         LINE#         125
  C:1534H         LINE#         128
  C:153EH         LINE#         129
  C:153EH         LINE#         130
  C:1540H         LINE#         131
  C:1540H         LINE#         132
  C:1542H         LINE#         133
BL51 BANKED LINKER/LOCATER V6.22                                                      11/01/2021  14:27:01  PAGE 21


  C:1544H         LINE#         134
  C:1546H         LINE#         135
  C:155DH         LINE#         136
  C:155FH         LINE#         137
  C:1561H         LINE#         138
  C:1568H         LINE#         139
  C:1572H         LINE#         140
  C:1572H         LINE#         141
  C:1574H         LINE#         142
  C:1574H         LINE#         143
  C:1576H         LINE#         144
  C:1578H         LINE#         145
  C:157AH         LINE#         146
  C:1591H         LINE#         147
  C:1593H         LINE#         148
  C:1595H         LINE#         149
  C:159AH         LINE#         150
  C:159AH         LINE#         152
  C:159CH         LINE#         153
  C:159CH         LINE#         154
  C:159EH         LINE#         155
  C:15A0H         LINE#         156
  C:15A2H         LINE#         157
  C:15B9H         LINE#         158
  C:15BBH         LINE#         159
  C:15BDH         LINE#         160
  C:15C2H         LINE#         162
  C:15C4H         LINE#         163
  C:15C4H         LINE#         164
  C:15C6H         LINE#         165
  C:15C8H         LINE#         166
  C:15CAH         LINE#         167
  C:15D4H         LINE#         168
  C:15D6H         LINE#         169
  C:15D8H         LINE#         170
  C:15DDH         LINE#         172
  C:15DFH         LINE#         173
  C:15DFH         LINE#         174
  C:15E1H         LINE#         175
  C:15E3H         LINE#         176
  C:15E5H         LINE#         177
  C:15F1H         LINE#         178
  C:15F3H         LINE#         179
  C:15F5H         LINE#         180
  C:15FAH         LINE#         181
  C:15FDH         LINE#         182
  C:15FFH         LINE#         183
  C:1601H         LINE#         184
  C:1603H         LINE#         185
  C:1605H         LINE#         186
  C:1607H         LINE#         187
  C:1609H         LINE#         189
  C:160DH         LINE#         190
  C:160DH         LINE#         191
  C:161DH         LINE#         193
  C:1628H         LINE#         194
  C:1628H         LINE#         195
BL51 BANKED LINKER/LOCATER V6.22                                                      11/01/2021  14:27:01  PAGE 22


  C:1628H         LINE#         197
  C:162EH         LINE#         198
  C:162EH         LINE#         199
  C:163AH         LINE#         200
  C:163AH         LINE#         202
  C:163AH         LINE#         203
  C:163CH         LINE#         204
  C:1643H         LINE#         205
  -------         ENDPROC       _LCD_READ_IC_ID
  -------         PROC          _WRITECOMM
  D:0004H         SYMBOL        i
  -------         DO            
  X:007AH         SYMBOL        j
  X:007BH         SYMBOL        DataH
  -------         ENDDO         
  C:3A57H         LINE#         208
  C:3A59H         LINE#         209
  C:3A59H         LINE#         211
  C:3A5DH         LINE#         212
  C:3A5FH         LINE#         215
  C:3A5FH         LINE#         216
  C:3A61H         LINE#         217
  C:3A63H         LINE#         218
  C:3A65H         LINE#         219
  C:3A67H         LINE#         220
  C:3A69H         LINE#         221
  C:3A69H         LINE#         319
  C:3A6BH         LINE#         320
  -------         ENDPROC       _WRITECOMM
  -------         PROC          L?0451
  -------         ENDPROC       L?0451
  -------         PROC          _WRITEDATA
  D:0004H         SYMBOL        i
  -------         DO            
  X:007AH         SYMBOL        j
  X:007BH         SYMBOL        DataH
  -------         ENDDO         
  C:39FDH         LINE#         322
  C:39FFH         LINE#         323
  C:39FFH         LINE#         325
  C:3A03H         LINE#         326
  C:3A05H         LINE#         329
  C:3A05H         LINE#         330
  C:3A07H         LINE#         331
  C:3A09H         LINE#         332
  C:3A0BH         LINE#         333
  C:3A0DH         LINE#         334
  C:3A0FH         LINE#         335
  C:3A0FH         LINE#         514
  C:3A11H         LINE#         515
  -------         ENDPROC       _WRITEDATA
  C:38B0H         SYMBOL        L?0450
  -------         PROC          L?0449
  -------         ENDPROC       L?0449
  C:38B0H         SYMBOL        L?0450
  -------         PROC          _WRITEDISPDATA
  D:0007H         SYMBOL        DataH
BL51 BANKED LINKER/LOCATER V6.22                                                      11/01/2021  14:27:01  PAGE 23


  D:0005H         SYMBOL        DataL
  -------         DO            
  X:007AH         SYMBOL        j
  -------         ENDDO         
  C:38C5H         LINE#         517
  C:38C5H         LINE#         518
  C:38C5H         LINE#         520
  C:38C7H         LINE#         523
  C:38C7H         LINE#         524
  C:38C9H         LINE#         525
  C:38CBH         LINE#         526
  C:38CDH         LINE#         527
  C:38CFH         LINE#         528
  C:38D1H         LINE#         529
  C:38D5H         LINE#         530
  C:38D7H         LINE#         531
  C:38D9H         LINE#         532
  C:38D9H         LINE#         639
  C:38DBH         LINE#         640
  -------         ENDPROC       _WRITEDISPDATA
  -------         PROC          _WRITEONEDOT
  D:0004H         SYMBOL        color
  C:3AC9H         LINE#         642
  C:3ACDH         LINE#         643
  C:3ACDH         LINE#         656
  -------         ENDPROC       _WRITEONEDOT
  -------         PROC          LCD_INIT
  C:218BH         LINE#         665
  C:218BH         LINE#         666
  C:218BH         LINE#         667
  C:218EH         LINE#         670
  C:2190H         LINE#         671
  C:2197H         LINE#         673
  C:2199H         LINE#         674
  C:21A0H         LINE#         676
  C:21A2H         LINE#         677
  C:21A9H         LINE#         5866
  C:21B0H         LINE#         5867
  C:21B5H         LINE#         5868
  C:21BAH         LINE#         5869
  C:21BFH         LINE#         5871
  C:21C4H         LINE#         5872
  C:21C9H         LINE#         5873
  C:21CEH         LINE#         5874
  C:21D3H         LINE#         5876
  C:21D8H         LINE#         5877
  C:21DDH         LINE#         5878
  C:21E2H         LINE#         5880
  C:21E7H         LINE#         5881
  C:21ECH         LINE#         5883
  C:21F1H         LINE#         5884
  C:21F6H         LINE#         5886
  C:21FBH         LINE#         5887
  C:2200H         LINE#         5888
  C:2205H         LINE#         5890
  C:220AH         LINE#         5891
  C:220FH         LINE#         5893
BL51 BANKED LINKER/LOCATER V6.22                                                      11/01/2021  14:27:01  PAGE 24


  C:2214H         LINE#         5894
  C:2219H         LINE#         5895
  C:221EH         LINE#         5896
  C:2223H         LINE#         5897
  C:2228H         LINE#         5898
  C:222DH         LINE#         5899
  C:2232H         LINE#         5900
  C:2237H         LINE#         5901
  C:223AH         LINE#         5902
  C:223FH         LINE#         5903
  C:2244H         LINE#         5904
  C:2249H         LINE#         5905
  C:224EH         LINE#         5906
  C:2253H         LINE#         5907
  C:2256H         LINE#         5908
  C:225BH         LINE#         5910
  C:2260H         LINE#         5911
  C:2265H         LINE#         5912
  C:226AH         LINE#         5913
  C:226EH         LINE#         5914
  C:2273H         LINE#         5915
  C:2278H         LINE#         5916
  C:227DH         LINE#         5917
  C:2282H         LINE#         5918
  C:2287H         LINE#         5919
  C:228CH         LINE#         5920
  C:2291H         LINE#         5921
  C:2296H         LINE#         5922
  C:229AH         LINE#         5923
  C:229FH         LINE#         5924
  C:22A3H         LINE#         5925
  C:22A8H         LINE#         5927
  C:22ADH         LINE#         5928
  C:22B2H         LINE#         5929
  -------         ENDPROC       LCD_INIT
  C:2C9BH         SYMBOL        L?0443
  C:2CA2H         SYMBOL        L?0444
  C:2CABH         SYMBOL        L?0445
  -------         PROC          L?0442
  -------         ENDPROC       L?0442
  C:2C9BH         SYMBOL        L?0443
  C:2CA2H         SYMBOL        L?0444
  C:2CABH         SYMBOL        L?0445
  -------         PROC          _?BLOCKWRITE
  p:0000H         SYMBOL        Xstart
  p:0002H         SYMBOL        Xend
  p:0004H         SYMBOL        Ystart
  p:0006H         SYMBOL        Yend
  C:2CB3H         LINE#         6262
  C:2CD4H         LINE#         6394
  C:2CDBH         LINE#         6395
  C:2CE2H         LINE#         6396
  C:2CEAH         LINE#         6397
  C:2CF5H         LINE#         6398
  C:2CFFH         LINE#         6400
  C:2D04H         LINE#         6401
  C:2D0EH         LINE#         6403
BL51 BANKED LINKER/LOCATER V6.22                                                      11/01/2021  14:27:01  PAGE 25


  C:2D15H         LINE#         6404
  C:2D1FH         LINE#         6405
  C:2D26H         LINE#         6411
  C:2D2BH         LINE#         6414
  C:2D2EH         LINE#         6419
  -------         ENDPROC       _?BLOCKWRITE
  -------         PROC          _DISPCOLOR
  D:0004H         SYMBOL        color
  -------         DO            
  X:0059H         SYMBOL        i
  D:0002H         SYMBOL        m
  X:005BH         SYMBOL        DataH
  X:005CH         SYMBOL        DataL
  -------         ENDDO         
  C:0046H         LINE#         6474
  C:0048H         LINE#         6475
  C:0048H         LINE#         6478
  C:004EH         LINE#         6480
  C:0051H         LINE#         6482
  C:0053H         LINE#         6483
  C:0059H         LINE#         6484
  C:0059H         LINE#         6485
  C:005CH         LINE#         6486
  C:005CH         LINE#         6487
  C:0066H         LINE#         6488
  C:0071H         LINE#         6489
  C:0087H         LINE#         6491
  C:0089H         LINE#         6492
  -------         ENDPROC       _DISPCOLOR
  -------         PROC          DISPFRAME
  -------         DO            
  D:0002H         SYMBOL        i
  X:0059H         SYMBOL        j
  D:0001H         SYMBOL        DataH
  D:0006H         SYMBOL        DataL
  -------         ENDDO         
  C:2B58H         LINE#         6494
  C:2B58H         LINE#         6495
  C:2B58H         LINE#         6498
  C:2B5BH         LINE#         6500
  C:2B5DH         LINE#         6503
  C:2B61H         LINE#         6504
  C:2B67H         LINE#         6506
  C:2B67H         LINE#         6507
  C:2B67H         LINE#         6508
  C:2B6BH         LINE#         6509
  C:2B72H         LINE#         6510
  C:2B7DH         LINE#         6512
  C:2B81H         LINE#         6513
  C:2B87H         LINE#         6515
  C:2B8CH         LINE#         6516
  C:2B8CH         LINE#         6517
  C:2B90H         LINE#         6518
  C:2B96H         LINE#         6520
  C:2B98H         LINE#         6521
  C:2B98H         LINE#         6522
  C:2B9BH         LINE#         6523
BL51 BANKED LINKER/LOCATER V6.22                                                      11/01/2021  14:27:01  PAGE 26


  C:2BA0H         LINE#         6524
  C:2BABH         LINE#         6526
  C:2BAFH         LINE#         6527
  C:2BB5H         LINE#         6529
  C:2BCBH         LINE#         6531
  C:2BCFH         LINE#         6532
  C:2BD5H         LINE#         6534
  C:2BD7H         LINE#         6535
  C:2BD7H         LINE#         6536
  C:2BDBH         LINE#         6537
  C:2BE2H         LINE#         6538
  C:2BEDH         LINE#         6540
  C:2BF1H         LINE#         6541
  C:2BF7H         LINE#         6543
  C:2BF9H         LINE#         6544
  C:2BFBH         LINE#         6545
  -------         ENDPROC       DISPFRAME
  -------         PROC          DISPBAND
  -------         DO            
  D:0002H         SYMBOL        i
  X:0059H         SYMBOL        j
  X:005AH         SYMBOL        k
  X:005BH         SYMBOL        m
  X:005CH         SYMBOL        n
  X:005DH         SYMBOL        x
  -------         ENDDO         
  C:1C39H         LINE#         6547
  C:1C39H         LINE#         6548
  C:1C39H         LINE#         6551
  C:1C43H         LINE#         6552
  C:1C4BH         LINE#         6553
  C:1C4DH         LINE#         6555
  C:1C56H         LINE#         6556
  C:1C62H         LINE#         6557
  C:1C62H         LINE#         6558
  C:1C7DH         LINE#         6559
  C:1C98H         LINE#         6560
  C:1CC4H         LINE#         6561
  C:1CCBH         LINE#         6562
  C:1CDAH         LINE#         6563
  C:1CDAH         LINE#         6564
  C:1CF5H         LINE#         6565
  C:1D10H         LINE#         6566
  C:1D3CH         LINE#         6567
  C:1D43H         LINE#         6568
  C:1D59H         LINE#         6569
  C:1D59H         LINE#         6570
  C:1D74H         LINE#         6571
  C:1D8FH         LINE#         6572
  C:1DBBH         LINE#         6573
  C:1DC2H         LINE#         6575
  C:1DC4H         LINE#         6576
  C:1DC7H         LINE#         6578
  -------         ENDPROC       DISPBAND
  -------         PROC          _DISPPIC
  D:0006H         SYMBOL        picture
  -------         DO            
BL51 BANKED LINKER/LOCATER V6.22                                                      11/01/2021  14:27:01  PAGE 27


  X:0014H         SYMBOL        p
  X:0017H         SYMBOL        n
  -------         ENDDO         
  C:34C9H         LINE#         6581
  C:34C9H         LINE#         6582
  C:34C9H         LINE#         6585
  C:34D8H         LINE#         6586
  C:34D8H         LINE#         6587
  C:34D8H         LINE#         6589
  C:34EBH         LINE#         6591
  C:34FEH         LINE#         6592
  C:34FEH         LINE#         6593
  C:351EH         LINE#         6594
  C:352BH         LINE#         6596
  -------         ENDPROC       _DISPPIC
  -------         PROC          _DISPPICFROMSD
  X:0019H         SYMBOL        PicNum
  -------         DO            
  X:001AH         SYMBOL        Address_S
  X:001EH         SYMBOL        Address_E
  D:0002H         SYMBOL        i
  X:0022H         SYMBOL        k
  -------         ENDDO         
  C:260BH         LINE#         6600
  C:260EH         LINE#         6601
  C:260EH         LINE#         6607
  C:2611H         LINE#         6610
  C:2613H         LINE#         6612
  C:2615H         LINE#         6614
  C:261EH         LINE#         6615
  C:2649H         LINE#         6616
  C:2672H         LINE#         6617
  C:2695H         LINE#         6618
  C:2695H         LINE#         6619
  C:26A5H         LINE#         6621
  C:26AEH         LINE#         6622
  C:26AEH         LINE#         6624
  C:26C9H         LINE#         6625
  C:26D2H         LINE#         6626
  C:26F1H         LINE#         6628
  C:26F3H         LINE#         6666
  -------         ENDPROC       _DISPPICFROMSD
  -------         PROC          DISPSCALEHOR1
  -------         DO            
  X:0026H         SYMBOL        i
  X:0028H         SYMBOL        j
  D:0002H         SYMBOL        k
  -------         ENDDO         
  C:1644H         LINE#         6671
  C:1644H         LINE#         6672
  C:1644H         LINE#         6675
  C:1647H         LINE#         6678
  C:1647H         LINE#         6679
  C:1647H         LINE#         6680
  C:1667H         LINE#         6681
  C:166DH         LINE#         6682
  C:166DH         LINE#         6683
BL51 BANKED LINKER/LOCATER V6.22                                                      11/01/2021  14:27:01  PAGE 28


  C:1673H         LINE#         6684
  C:1673H         LINE#         6685
  C:1688H         LINE#         6686
  C:169EH         LINE#         6687
  C:16B4H         LINE#         6689
  C:16BFH         LINE#         6692
  C:16C2H         LINE#         6693
  C:16C2H         LINE#         6694
  C:16E2H         LINE#         6695
  C:16E8H         LINE#         6696
  C:16E8H         LINE#         6697
  C:16EEH         LINE#         6698
  C:16EEH         LINE#         6699
  C:1719H         LINE#         6700
  C:172FH         LINE#         6701
  C:1745H         LINE#         6702
  C:1753H         LINE#         6705
  C:1756H         LINE#         6706
  C:1756H         LINE#         6707
  C:1776H         LINE#         6708
  C:177CH         LINE#         6709
  C:177CH         LINE#         6710
  C:1782H         LINE#         6711
  C:1782H         LINE#         6712
  C:178CH         LINE#         6713
  C:17A2H         LINE#         6714
  C:17B8H         LINE#         6715
  C:17C3H         LINE#         6718
  C:17C6H         LINE#         6719
  C:17C6H         LINE#         6720
  C:17E6H         LINE#         6721
  C:17ECH         LINE#         6722
  C:17ECH         LINE#         6723
  C:17F2H         LINE#         6724
  C:17F2H         LINE#         6725
  C:1825H         LINE#         6726
  C:183BH         LINE#         6727
  C:1851H         LINE#         6728
  C:185FH         LINE#         6729
  C:1861H         LINE#         6730
  -------         ENDPROC       DISPSCALEHOR1
  -------         PROC          DISPSCALEVER
  -------         DO            
  X:002AH         SYMBOL        i
  X:002CH         SYMBOL        j
  D:0002H         SYMBOL        k
  -------         ENDDO         
  C:22B9H         LINE#         6732
  C:22B9H         LINE#         6733
  C:22B9H         LINE#         6802
  C:22BCH         LINE#         6804
  C:22BCH         LINE#         6805
  C:22BCH         LINE#         6806
  C:22C2H         LINE#         6807
  C:22C2H         LINE#         6808
  C:22C8H         LINE#         6809
  C:22DEH         LINE#         6810
BL51 BANKED LINKER/LOCATER V6.22                                                      11/01/2021  14:27:01  PAGE 29


  C:22E9H         LINE#         6812
  C:22ECH         LINE#         6813
  C:22ECH         LINE#         6815
  C:22F2H         LINE#         6816
  C:22F2H         LINE#         6818
  C:22F8H         LINE#         6819
  C:22F8H         LINE#         6820
  C:230AH         LINE#         6821
  C:2320H         LINE#         6823
  C:2326H         LINE#         6824
  C:2326H         LINE#         6825
  C:234EH         LINE#         6826
  C:2364H         LINE#         6828
  C:236AH         LINE#         6829
  C:236AH         LINE#         6830
  C:2371H         LINE#         6831
  C:2387H         LINE#         6833
  C:238DH         LINE#         6834
  C:238DH         LINE#         6835
  C:23A1H         LINE#         6836
  C:23B7H         LINE#         6838
  C:23D0H         LINE#         6840
  C:23DEH         LINE#         6842
  -------         ENDPROC       DISPSCALEVER
  -------         PROC          DISPSCALEVER_RED
  -------         DO            
  X:002EH         SYMBOL        i
  X:0030H         SYMBOL        j
  D:0002H         SYMBOL        k
  -------         ENDDO         
  C:2E66H         LINE#         6844
  C:2E66H         LINE#         6845
  C:2E66H         LINE#         6848
  C:2E69H         LINE#         6850
  C:2E6BH         LINE#         6852
  C:2E6DH         LINE#         6855
  C:2E6DH         LINE#         6856
  C:2E6DH         LINE#         6857
  C:2E73H         LINE#         6858
  C:2E73H         LINE#         6859
  C:2E79H         LINE#         6860
  C:2E8FH         LINE#         6861
  C:2E9AH         LINE#         6863
  C:2E9DH         LINE#         6864
  C:2E9DH         LINE#         6865
  C:2EA3H         LINE#         6866
  C:2EA3H         LINE#         6868
  C:2EA9H         LINE#         6869
  C:2EA9H         LINE#         6870
  C:2EBBH         LINE#         6871
  C:2ED1H         LINE#         6872
  C:2EE7H         LINE#         6874
  C:2EF2H         LINE#         6876
  C:2EF4H         LINE#         6877
  -------         ENDPROC       DISPSCALEVER_RED
  -------         PROC          DISPSCALEVER_GREEN
  -------         DO            
BL51 BANKED LINKER/LOCATER V6.22                                                      11/01/2021  14:27:01  PAGE 30


  X:0032H         SYMBOL        i
  X:0034H         SYMBOL        j
  D:0002H         SYMBOL        k
  -------         ENDDO         
  C:2BFCH         LINE#         6879
  C:2BFCH         LINE#         6880
  C:2BFCH         LINE#         6883
  C:2BFFH         LINE#         6885
  C:2C01H         LINE#         6886
  C:2C03H         LINE#         6889
  C:2C03H         LINE#         6890
  C:2C03H         LINE#         6891
  C:2C09H         LINE#         6892
  C:2C09H         LINE#         6893
  C:2C0FH         LINE#         6895
  C:2C25H         LINE#         6896
  C:2C30H         LINE#         6898
  C:2C33H         LINE#         6899
  C:2C33H         LINE#         6900
  C:2C39H         LINE#         6901
  C:2C39H         LINE#         6903
  C:2C3FH         LINE#         6904
  C:2C3FH         LINE#         6906
  C:2C60H         LINE#         6907
  C:2C76H         LINE#         6908
  C:2C8CH         LINE#         6910
  C:2C97H         LINE#         6912
  C:2C99H         LINE#         6913
  -------         ENDPROC       DISPSCALEVER_GREEN
  -------         PROC          DISPSCALEVER_BLUE
  -------         DO            
  X:0036H         SYMBOL        i
  X:0038H         SYMBOL        j
  D:0002H         SYMBOL        k
  -------         ENDDO         
  C:3125H         LINE#         6915
  C:3125H         LINE#         6916
  C:3125H         LINE#         6919
  C:3128H         LINE#         6921
  C:312AH         LINE#         6922
  C:312CH         LINE#         6925
  C:312CH         LINE#         6926
  C:312CH         LINE#         6927
  C:3132H         LINE#         6928
  C:3132H         LINE#         6929
  C:3138H         LINE#         6930
  C:314EH         LINE#         6931
  C:3159H         LINE#         6933
  C:315CH         LINE#         6934
  C:315CH         LINE#         6935
  C:3162H         LINE#         6936
  C:3162H         LINE#         6938
  C:3168H         LINE#         6939
  C:3168H         LINE#         6940
  C:316FH         LINE#         6941
  C:3185H         LINE#         6942
  C:319BH         LINE#         6944
BL51 BANKED LINKER/LOCATER V6.22                                                      11/01/2021  14:27:01  PAGE 31


  C:31A6H         LINE#         6946
  C:31A8H         LINE#         6947
  -------         ENDPROC       DISPSCALEVER_BLUE
  -------         PROC          DISPSCALEVER_GRAY
  -------         DO            
  X:003AH         SYMBOL        i
  X:003CH         SYMBOL        j
  D:0002H         SYMBOL        k
  -------         ENDDO         
  C:2EF5H         LINE#         6949
  C:2EF5H         LINE#         6950
  C:2EF5H         LINE#         6953
  C:2EF8H         LINE#         6955
  C:2EFAH         LINE#         6960
  C:2EFAH         LINE#         6961
  C:2EFAH         LINE#         6962
  C:2F00H         LINE#         6963
  C:2F00H         LINE#         6964
  C:2F06H         LINE#         6966
  C:2F1CH         LINE#         6967
  C:2F27H         LINE#         6969
  C:2F2AH         LINE#         6970
  C:2F2AH         LINE#         6971
  C:2F30H         LINE#         6972
  C:2F30H         LINE#         6974
  C:2F36H         LINE#         6975
  C:2F36H         LINE#         6976
  C:2F4AH         LINE#         6977
  C:2F60H         LINE#         6978
  C:2F76H         LINE#         6980
  C:2F81H         LINE#         6982
  C:2F83H         LINE#         6983
  -------         ENDPROC       DISPSCALEVER_GRAY
  -------         PROC          DISPGRAYHOR16
  -------         DO            
  X:0059H         SYMBOL        i
  D:0002H         SYMBOL        j
  X:005BH         SYMBOL        k
  -------         ENDDO         
  C:2D35H         LINE#         6985
  C:2D35H         LINE#         6986
  C:2D35H         LINE#         6989
  C:2D38H         LINE#         6991
  C:2D3AH         LINE#         6992
  C:2D3CH         LINE#         6994
  C:2D42H         LINE#         6995
  C:2D42H         LINE#         6996
  C:2D4BH         LINE#         6997
  C:2D4BH         LINE#         6998
  C:2D51H         LINE#         6999
  C:2D58H         LINE#         7001
  C:2D5BH         LINE#         7002
  C:2D5BH         LINE#         7003
  C:2D61H         LINE#         7004
  C:2D61H         LINE#         7005
  C:2D93H         LINE#         7006
  C:2DA9H         LINE#         7007
BL51 BANKED LINKER/LOCATER V6.22                                                      11/01/2021  14:27:01  PAGE 32


  C:2DB4H         LINE#         7008
  C:2DCDH         LINE#         7010
  C:2DCFH         LINE#         7011
  -------         ENDPROC       DISPGRAYHOR16
  -------         PROC          DISPGRAYHOR32
  -------         DO            
  X:003EH         SYMBOL        i
  D:0002H         SYMBOL        j
  X:0040H         SYMBOL        k
  -------         ENDDO         
  C:3226H         LINE#         7013
  C:3226H         LINE#         7014
  C:3226H         LINE#         7017
  C:3229H         LINE#         7019
  C:322BH         LINE#         7021
  C:3231H         LINE#         7022
  C:3231H         LINE#         7023
  C:323AH         LINE#         7024
  C:323AH         LINE#         7025
  C:3240H         LINE#         7026
  C:3247H         LINE#         7028
  C:324AH         LINE#         7029
  C:324AH         LINE#         7030
  C:3250H         LINE#         7031
  C:3250H         LINE#         7032
  C:3264H         LINE#         7033
  C:327AH         LINE#         7034
  C:3285H         LINE#         7035
  C:329BH         LINE#         7037
  C:329DH         LINE#         7038
  -------         ENDPROC       DISPGRAYHOR32
  -------         PROC          DISPSCALEHOR2
  -------         DO            
  X:0042H         SYMBOL        j
  D:0002H         SYMBOL        k
  -------         ENDDO         
  C:1A7FH         LINE#         7040
  C:1A7FH         LINE#         7041
  C:1A7FH         LINE#         7044
  C:1A82H         LINE#         7046
  C:1A82H         LINE#         7047
  C:1A82H         LINE#         7048
  C:1A88H         LINE#         7049
  C:1AA5H         LINE#         7050
  C:1AB0H         LINE#         7051
  C:1AB3H         LINE#         7052
  C:1AB3H         LINE#         7053
  C:1AB9H         LINE#         7054
  C:1AD6H         LINE#         7055
  C:1AE1H         LINE#         7056
  C:1AE4H         LINE#         7057
  C:1AE4H         LINE#         7058
  C:1AEAH         LINE#         7059
  C:1B07H         LINE#         7060
  C:1B12H         LINE#         7061
  C:1B15H         LINE#         7062
  C:1B15H         LINE#         7063
BL51 BANKED LINKER/LOCATER V6.22                                                      11/01/2021  14:27:01  PAGE 33


  C:1B1BH         LINE#         7064
  C:1B38H         LINE#         7065
  C:1B43H         LINE#         7066
  C:1B46H         LINE#         7067
  C:1B46H         LINE#         7068
  C:1B4CH         LINE#         7069
  C:1B69H         LINE#         7070
  C:1B74H         LINE#         7071
  C:1B77H         LINE#         7072
  C:1B77H         LINE#         7073
  C:1B7DH         LINE#         7074
  C:1B9AH         LINE#         7075
  C:1BA5H         LINE#         7076
  C:1BA8H         LINE#         7077
  C:1BA8H         LINE#         7078
  C:1BAEH         LINE#         7079
  C:1BCBH         LINE#         7080
  C:1BD6H         LINE#         7081
  C:1BD9H         LINE#         7082
  C:1BD9H         LINE#         7083
  C:1BDFH         LINE#         7084
  C:1BFBH         LINE#         7085
  C:1C06H         LINE#         7086
  C:1C0FH         LINE#         7087
  C:1C0FH         LINE#         7088
  C:1C15H         LINE#         7089
  C:1C31H         LINE#         7090
  C:1C38H         LINE#         7092
  -------         ENDPROC       DISPSCALEHOR2
  -------         PROC          _TOORD
  D:0007H         SYMBOL        ch
  C:352CH         LINE#         7197
  C:352CH         LINE#         7198
  C:352CH         LINE#         7199
  C:3532H         LINE#         7200
  C:3532H         LINE#         7201
  C:3534H         LINE#         7202
  C:3536H         LINE#         7203
  C:3542H         LINE#         7204
  C:3542H         LINE#         7205
  C:3546H         LINE#         7206
  C:3548H         LINE#         7207
  C:3554H         LINE#         7208
  C:3554H         LINE#         7209
  C:3558H         LINE#         7210
  C:355AH         LINE#         7211
  C:3566H         LINE#         7212
  C:3566H         LINE#         7213
  C:356AH         LINE#         7214
  C:356CH         LINE#         7215
  C:3578H         LINE#         7216
  C:3578H         LINE#         7217
  C:357CH         LINE#         7218
  C:357EH         LINE#         7219
  C:3584H         LINE#         7220
  C:3584H         LINE#         7221
  C:3586H         LINE#         7222
BL51 BANKED LINKER/LOCATER V6.22                                                      11/01/2021  14:27:01  PAGE 34


  C:3586H         LINE#         7224
  C:3586H         LINE#         7225
  -------         ENDPROC       _TOORD
  C:27C9H         SYMBOL        L?0447
  C:27E1H         SYMBOL        L?0448
  -------         PROC          L?0446
  -------         ENDPROC       L?0446
  C:27C9H         SYMBOL        L?0447
  C:27E1H         SYMBOL        L?0448
  -------         PROC          _DISPONECHAR
  X:006DH         SYMBOL        ord
  D:0006H         SYMBOL        Xstart
  D:0002H         SYMBOL        Ystart
  X:0072H         SYMBOL        TextColor
  X:0074H         SYMBOL        BackColor
  -------         DO            
  X:0076H         SYMBOL        i
  D:0002H         SYMBOL        j
  X:0077H         SYMBOL        p
  D:0003H         SYMBOL        dat
  D:0006H         SYMBOL        index
  -------         ENDDO         
  C:27F1H         LINE#         7227
  C:27F9H         LINE#         7228
  C:27F9H         LINE#         7234
  C:2813H         LINE#         7236
  C:2819H         LINE#         7238
  C:2821H         LINE#         7239
  C:2823H         LINE#         7241
  C:2831H         LINE#         7243
  C:283EH         LINE#         7244
  C:2845H         LINE#         7246
  C:2849H         LINE#         7247
  C:2849H         LINE#         7248
  C:285EH         LINE#         7249
  C:2860H         LINE#         7250
  C:2860H         LINE#         7251
  C:286DH         LINE#         7252
  C:286DH         LINE#         7253
  C:286FH         LINE#         7254
  C:2871H         LINE#         7256
  C:2871H         LINE#         7257
  C:287BH         LINE#         7258
  C:287BH         LINE#         7259
  C:2880H         LINE#         7260
  C:288BH         LINE#         7261
  -------         ENDPROC       _DISPONECHAR
  -------         PROC          _DISPSTR
  X:0062H         SYMBOL        str
  X:0065H         SYMBOL        Xstart
  X:0067H         SYMBOL        Ystart
  X:0069H         SYMBOL        TextColor
  X:006BH         SYMBOL        BackColor
  C:2DD0H         LINE#         7263
  C:2DE0H         LINE#         7264
  C:2DE0H         LINE#         7266
  C:2DF5H         LINE#         7267
BL51 BANKED LINKER/LOCATER V6.22                                                      11/01/2021  14:27:01  PAGE 35


  C:2DF5H         LINE#         7268
  C:2E30H         LINE#         7270
[...]
  C:1330H         LINE#         318
  C:1330H         LINE#         319
  C:1335H         LINE#         320
  C:1338H         LINE#         321
  C:1347H         LINE#         322
  C:1347H         LINE#         323
  C:135CH         LINE#         324
  C:1361H         LINE#         325
  C:1369H         LINE#         326
  C:1373H         LINE#         327
  C:1381H         LINE#         328
  C:138FH         LINE#         329
  C:1391H         LINE#         331
  C:1391H         LINE#         332
  C:1396H         LINE#         333
  C:1399H         LINE#         334
  C:13B1H         LINE#         335
  C:13B1H         LINE#         336
  C:13CAH         LINE#         337
  C:13CFH         LINE#         338
  C:13D7H         LINE#         339
  C:13DEH         LINE#         340
  C:13E3H         LINE#         341
  C:13E3H         LINE#         342
  C:13F7H         LINE#         343
  C:13F7H         LINE#         344
  C:13FEH         LINE#         345
  C:1403H         LINE#         346
  C:1403H         LINE#         347
  C:1411H         LINE#         348
  C:1411H         LINE#         349
  -------         ENDPROC       USBXCORE_HANDLE_SETUP
  -------         PROC          USBXCORE_FORCE_STALL
  C:39DCH         LINE#         356
BL51 BANKED LINKER/LOCATER V6.22                                                      11/01/2021  14:27:01  PAGE 43


  C:39DCH         LINE#         358
  C:39E7H         LINE#         359
  C:39F2H         LINE#         360
  C:39F8H         LINE#         361
  -------         ENDPROC       USBXCORE_FORCE_STALL
  -------         PROC          USBXCORE_GET_STATUS
  C:3386H         LINE#         367
  C:3386H         LINE#         369
  C:3395H         LINE#         370
  C:3395H         LINE#         371
  C:3395H         LINE#         372
  C:3395H         LINE#         373
  C:3395H         LINE#         374
  C:3397H         LINE#         375
  C:3397H         LINE#         379
  C:3397H         LINE#         381
  C:33A5H         LINE#         385
  C:33A5H         LINE#         386
  C:33A5H         LINE#         387
  C:33A5H         LINE#         388
  C:33A7H         LINE#         390
  C:33A7H         LINE#         392
  C:33B5H         LINE#         396
  C:33B5H         LINE#         397
  C:33C2H         LINE#         398
  C:33C2H         LINE#         399
  C:33C4H         LINE#         401
  C:33C4H         LINE#         402
  C:33D2H         LINE#         403
  C:33DBH         LINE#         404
  C:33DBH         LINE#         405
  C:33DBH         LINE#         406
  C:33DDH         LINE#         407
  C:33DDH         LINE#         408
  C:33E0H         LINE#         409
  C:33E0H         LINE#         410
  C:33E0H         LINE#         411
  C:33E8H         LINE#         412
  C:33E8H         LINE#         413
  C:33EBH         LINE#         414
  C:33F1H         LINE#         415
  C:33F8H         LINE#         416
  C:33F8H         LINE#         417
  -------         ENDPROC       USBXCORE_GET_STATUS
  -------         PROC          USBXCORE_CLEAR_FEATURE
  C:35E1H         LINE#         423
  C:35E1H         LINE#         425
  C:35E7H         LINE#         426
  C:35E7H         LINE#         428
  C:35EEH         LINE#         429
  C:35EEH         LINE#         430
  C:35F9H         LINE#         436
  C:3604H         LINE#         437
  C:3609H         LINE#         438
  C:360BH         LINE#         440
  C:360BH         LINE#         442
  C:3616H         LINE#         446
BL51 BANKED LINKER/LOCATER V6.22                                                      11/01/2021  14:27:01  PAGE 44


  C:3621H         LINE#         447
  C:3626H         LINE#         448
  C:3626H         LINE#         449
  C:3628H         LINE#         451
  C:3628H         LINE#         452
  C:362BH         LINE#         453
  C:362BH         LINE#         454
  C:3636H         LINE#         455
  -------         ENDPROC       USBXCORE_CLEAR_FEATURE
  -------         PROC          USBXCORE_VENDOR_USB_API
  C:26F4H         LINE#         462
  C:26F4H         LINE#         464
  C:26FEH         LINE#         465
  C:26FEH         LINE#         466
  C:2705H         LINE#         467
  C:2705H         LINE#         468
  C:2708H         LINE#         469
  C:270BH         LINE#         470
  C:270DH         LINE#         472
  C:270DH         LINE#         473
  C:2714H         LINE#         474
  C:2714H         LINE#         477
  C:271FH         LINE#         482
  C:272AH         LINE#         483
  C:2735H         LINE#         485
  C:2735H         LINE#         486
  C:2748H         LINE#         487
  C:2748H         LINE#         488
  C:274CH         LINE#         489
  C:2757H         LINE#         491
  C:2757H         LINE#         492
  C:276AH         LINE#         493
  C:276AH         LINE#         494
  C:276EH         LINE#         495
  C:2779H         LINE#         497
  C:277FH         LINE#         498
  C:2787H         LINE#         499
  C:2787H         LINE#         500
  C:278AH         LINE#         501
  C:278AH         LINE#         502
  C:278AH         LINE#         503
  C:2795H         LINE#         504
  C:2795H         LINE#         505
  C:279BH         LINE#         506
  C:27A2H         LINE#         507
  C:27A2H         LINE#         508
  C:27A6H         LINE#         509
  C:27A6H         LINE#         510
  C:27ACH         LINE#         511
  C:27B3H         LINE#         512
  C:27B3H         LINE#         513
  C:27BEH         LINE#         514
  -------         ENDPROC       USBXCORE_VENDOR_USB_API
  -------         PROC          USBXCORE_SET_FEATURE
  C:3639H         LINE#         521
  C:3639H         LINE#         523
  C:363FH         LINE#         524
BL51 BANKED LINKER/LOCATER V6.22                                                      11/01/2021  14:27:01  PAGE 45


  C:363FH         LINE#         526
  C:3646H         LINE#         527
  C:3646H         LINE#         528
  C:3651H         LINE#         534
  C:365CH         LINE#         535
  C:365FH         LINE#         536
  C:3661H         LINE#         538
  C:3661H         LINE#         540
  C:366CH         LINE#         544
  C:3677H         LINE#         545
  C:367DH         LINE#         546
  C:367DH         LINE#         548
  C:367FH         LINE#         550
  C:367FH         LINE#         551
  C:3682H         LINE#         552
  C:3682H         LINE#         553
  C:368DH         LINE#         554
  -------         ENDPROC       USBXCORE_SET_FEATURE
  -------         PROC          USBXCORE_SET_ADDRESS
  C:399DH         LINE#         561
  C:399DH         LINE#         563
  C:39ACH         LINE#         564
  C:39B2H         LINE#         565
  C:39B2H         LINE#         566
  C:39B5H         LINE#         567
  C:39B7H         LINE#         569
  C:39B7H         LINE#         570
  C:39BAH         LINE#         571
  C:39BAH         LINE#         572
  -------         ENDPROC       USBXCORE_SET_ADDRESS
  -------         PROC          USBXCORE_GET_DESCRIPTOR
  C:29F7H         LINE#         579
  C:29F7H         LINE#         580
  C:2A06H         LINE#         581
  C:2A06H         LINE#         582
  C:2A06H         LINE#         583
  C:2A14H         LINE#         584
  C:2A18H         LINE#         585
  C:2A1AH         LINE#         586
  C:2A1AH         LINE#         587
  C:2A28H         LINE#         588
  C:2A3BH         LINE#         589
  C:2A3DH         LINE#         590
  C:2A3DH         LINE#         591
  C:2A61H         LINE#         592
  C:2A6DH         LINE#         593
  C:2A6FH         LINE#         594
  C:2A6FH         LINE#         595
  C:2A72H         LINE#         596
  C:2A72H         LINE#         597
  C:2A72H         LINE#         598
  C:2A88H         LINE#         599
  C:2A88H         LINE#         600
  C:2A90H         LINE#         601
  C:2A90H         LINE#         602
  C:2A98H         LINE#         603
  C:2A98H         LINE#         604
BL51 BANKED LINKER/LOCATER V6.22                                                      11/01/2021  14:27:01  PAGE 46


  C:2A9BH         LINE#         605
  C:2AA1H         LINE#         606
  C:2AA8H         LINE#         607
  C:2AA8H         LINE#         608
  -------         ENDPROC       USBXCORE_GET_DESCRIPTOR
  -------         PROC          USBXCORE_GET_CONFIGURATION
  C:3787H         LINE#         614
  C:3787H         LINE#         616
  C:378FH         LINE#         617
  C:378FH         LINE#         618
  C:379BH         LINE#         619
  C:37A3H         LINE#         620
  C:37A3H         LINE#         621
  C:37A7H         LINE#         622
  C:37A7H         LINE#         623
  C:37B5H         LINE#         624
  C:37BDH         LINE#         625
  C:37BDH         LINE#         626
  C:37C0H         LINE#         627
  C:37C6H         LINE#         628
  C:37CDH         LINE#         629
  -------         ENDPROC       USBXCORE_GET_CONFIGURATION
  -------         PROC          USBXCORE_SET_CONFIGURATION
  C:3587H         LINE#         635
  C:3587H         LINE#         637
  C:3590H         LINE#         638
  C:3590H         LINE#         639
  C:3597H         LINE#         640
  C:359DH         LINE#         641
  C:35A2H         LINE#         642
  C:35A4H         LINE#         644
  C:35AFH         LINE#         645
  C:35BAH         LINE#         646
  C:35C5H         LINE#         653
  C:35D0H         LINE#         654
  C:35D2H         LINE#         656
  C:35D2H         LINE#         657
  C:35D8H         LINE#         658
  C:35DCH         LINE#         659
  C:35DEH         LINE#         660
  C:35DEH         LINE#         661
  -------         ENDPROC       USBXCORE_SET_CONFIGURATION
  -------         PROC          USBXCORE_GET_INTERFACE
  C:392EH         LINE#         668
  C:392EH         LINE#         670
  C:393CH         LINE#         671
  C:3944H         LINE#         672
  C:3947H         LINE#         673
  C:394DH         LINE#         674
  C:3954H         LINE#         675
  -------         ENDPROC       USBXCORE_GET_INTERFACE
  -------         PROC          USBXCORE_SET_SOP
  C:3A6CH         LINE#         682
  C:3A6CH         LINE#         684
  C:3A74H         LINE#         685
  C:3A74H         LINE#         686
  C:3A7FH         LINE#         687
BL51 BANKED LINKER/LOCATER V6.22                                                      11/01/2021  14:27:01  PAGE 47


  C:3A7FH         LINE#         688
  -------         ENDPROC       USBXCORE_SET_SOP
  -------         PROC          USBXCORE_USB_ISR
  C:1DC8H         LINE#         699
  C:1DE5H         LINE#         702
  C:1DEBH         LINE#         703
  C:1DFEH         LINE#         706
  C:1E11H         LINE#         709
  C:1E15H         LINE#         710
  C:1E15H         LINE#         711
  C:1E20H         LINE#         712
  C:1E20H         LINE#         714
  C:1E27H         LINE#         715
  C:1E27H         LINE#         716
  C:1E2AH         LINE#         717
  C:1E2AH         LINE#         719
  C:1E31H         LINE#         720
  C:1E31H         LINE#         721
  C:1E3EH         LINE#         722
  C:1E3EH         LINE#         723
  C:1E45H         LINE#         724
  C:1E45H         LINE#         725
  C:1E45H         LINE#         727
  C:1E45H         LINE#         728
  C:1E45H         LINE#         730
  C:1E45H         LINE#         732
  C:1E58H         LINE#         734
  C:1E5CH         LINE#         735
  C:1E5CH         LINE#         736
  C:1E5FH         LINE#         737
  C:1E5FH         LINE#         740
  C:1E66H         LINE#         741
  C:1E66H         LINE#         742
  C:1E71H         LINE#         748
  C:1E84H         LINE#         749
  C:1E89H         LINE#         750
  C:1E89H         LINE#         751
  C:1E90H         LINE#         752
  C:1E90H         LINE#         754
  C:1E90H         LINE#         756
  C:1EA3H         LINE#         759
  C:1EA7H         LINE#         760
  C:1EA7H         LINE#         761
  C:1EB2H         LINE#         767
  C:1EC5H         LINE#         768
  C:1EC9H         LINE#         769
  C:1EC9H         LINE#         770
  C:1ED0H         LINE#         771
  C:1ED0H         LINE#         772
  C:1ED0H         LINE#         775
  C:1EDEH         LINE#         776
  C:1EE3H         LINE#         777
  C:1EE9H         LINE#         778
  C:1EEEH         LINE#         781
  C:1EFBH         LINE#         782
  C:1EFBH         LINE#         783
  C:1EFEH         LINE#         784
BL51 BANKED LINKER/LOCATER V6.22                                                      11/01/2021  14:27:01  PAGE 48


  C:1EFEH         LINE#         785
  -------         ENDPROC       USBXCORE_USB_ISR
  -------         ENDMOD        USB_API

  -------         MODULE        USB_SUSPEND
  C:0000H         SYMBOL        _ICE_DUMMY_
  D:00D7H         PUBLIC        USB0XCN
  D:00C9H         PUBLIC        REG0CN
  C:38DCH         PUBLIC        USB_Suspend
  D:00A9H         PUBLIC        CLKSEL
  D:00B2H         PUBLIC        OSCICN
  D:00B9H         PUBLIC        CLKMUL
  -------         PROC          USB_SUSPEND
  C:38DCH         LINE#         70
  C:38DCH         LINE#         72
  C:38DFH         LINE#         74
  C:38E2H         LINE#         76
  C:38EAH         LINE#         79
  C:38EDH         LINE#         80
  C:38F0H         LINE#         81
  C:38F3H         LINE#         82
  C:38F6H         LINE#         84
  C:38F7H         LINE#         86
  C:38FAH         LINE#         88
  C:3900H         LINE#         92
  C:3903H         LINE#         94
  C:3906H         LINE#         95
  -------         ENDPROC       USB_SUSPEND
  -------         ENDMOD        USB_SUSPEND

  -------         MODULE        USB_INT_ENABLE
  C:0000H         SYMBOL        _ICE_DUMMY_
  C:3A12H         PUBLIC        USB_Int_Enable
  D:0096H         PUBLIC        USB0ADR
  D:0097H         PUBLIC        USB0DAT
  -------         PROC          USB_INT_ENABLE
  C:3A12H         LINE#         68
  C:3A12H         LINE#         71
  C:3A19H         LINE#         73
  C:3A1FH         LINE#         74
  C:3A1FH         LINE#         75
  C:3A2AH         LINE#         77
  C:3A2AH         LINE#         78
  -------         ENDPROC       USB_INT_ENABLE
  -------         ENDMOD        USB_INT_ENABLE

  -------         MODULE        USB_CLOCK_RECOVERY
  C:0000H         SYMBOL        _ICE_DUMMY_
  C:3AB2H         PUBLIC        USBXcore_ClkRec
  D:0096H         PUBLIC        USB0ADR
  D:0097H         PUBLIC        USB0DAT
  -------         PROC          USBXCORE_CLKREC
  C:3AB2H         LINE#         45
  C:3AB2H         LINE#         47
  C:3ABDH         LINE#         48
  -------         ENDPROC       USBXCORE_CLKREC
  -------         ENDMOD        USB_CLOCK_RECOVERY
BL51 BANKED LINKER/LOCATER V6.22                                                      11/01/2021  14:27:01  PAGE 49



  -------         MODULE        ?C?FPMUL
  C:0C9AH         PUBLIC        ?C?FPMUL
  -------         ENDMOD        ?C?FPMUL

  -------         MODULE        ?C?FCAST
  C:0DAAH         PUBLIC        ?C?FCASTC
  C:0DA5H         PUBLIC        ?C?FCASTI
  C:0DA0H         PUBLIC        ?C?FCASTL
  -------         ENDMOD        ?C?FCAST

  -------         MODULE        ?C?CASTF
  C:0DDEH         PUBLIC        ?C?CASTF
  -------         ENDMOD        ?C?CASTF

  -------         MODULE        ?C?COPY
  C:0F2FH         PUBLIC        ?C?COPY
  -------         ENDMOD        ?C?COPY

  -------         MODULE        ?C?CLDPTR
  C:0F55H         PUBLIC        ?C?CLDPTR
  -------         ENDMOD        ?C?CLDPTR

  -------         MODULE        ?C?CLDOPTR
  C:0F6EH         PUBLIC        ?C?CLDOPTR
  -------         ENDMOD        ?C?CLDOPTR

  -------         MODULE        ?C?IMUL
  C:0F9BH         PUBLIC        ?C?IMUL
  -------         ENDMOD        ?C?IMUL

  -------         MODULE        ?C?IILDX
  C:0FADH         PUBLIC        ?C?IILDX
  -------         ENDMOD        ?C?IILDX

  -------         MODULE        ?C?ILDOPTR
  C:0FC3H         PUBLIC        ?C?ILDOPTR
  -------         ENDMOD        ?C?ILDOPTR

  -------         MODULE        ?C?LMUL
  C:0FFBH         PUBLIC        ?C?LMUL
  -------         ENDMOD        ?C?LMUL

  -------         MODULE        ?C?ULDIV
  C:1086H         PUBLIC        ?C?ULDIV
  -------         ENDMOD        ?C?ULDIV

  -------         MODULE        ?C?LNEG
  C:1118H         PUBLIC        ?C?LNEG
  -------         ENDMOD        ?C?LNEG

  -------         MODULE        ?C?ULCMP
  C:1126H         PUBLIC        ?C?ULCMP
  -------         ENDMOD        ?C?ULCMP

  -------         MODULE        ?C?ULSHR
  C:1137H         PUBLIC        ?C?ULSHR
BL51 BANKED LINKER/LOCATER V6.22                                                      11/01/2021  14:27:01  PAGE 50


  -------         ENDMOD        ?C?ULSHR

  -------         MODULE        ?C?LSHL
  C:114AH         PUBLIC        ?C?LSHL
  -------         ENDMOD        ?C?LSHL

  -------         MODULE        ?C?LLDIPDATA
  C:1166H         PUBLIC        ?C?LLDIPDATA
  C:115DH         PUBLIC        ?C?LLDIPDATA1
  C:115FH         PUBLIC        ?C?LLDIPDATA8
  -------         ENDMOD        ?C?LLDIPDATA

  -------         MODULE        ?C?LSTXDATA
  C:117DH         PUBLIC        ?C?LSTXDATA
  -------         ENDMOD        ?C?LSTXDATA

  -------         MODULE        ?C?LSTPDATA
  C:1189H         PUBLIC        ?C?LSTPDATA
  -------         ENDMOD        ?C?LSTPDATA

  -------         MODULE        ?C?LSTKXDATA
  C:1195H         PUBLIC        ?C?LSTKXDATA
  -------         ENDMOD        ?C?LSTKXDATA

  -------         MODULE        ?C?LSTKPDATA
  C:11C6H         PUBLIC        ?C?LSTKPDATA
  -------         ENDMOD        ?C?LSTKPDATA

  -------         MODULE        ?C_PBP
  D:0008H         PUBLIC        ?C_PBP
  -------         ENDMOD        ?C_PBP

*** WARNING L14: INCOMPATIBLE MEMORY MODEL
    MODULE:  .\USBX_F34X.LIB (USB_API)
    MODEL:   SMALL

*** WARNING L14: INCOMPATIBLE MEMORY MODEL
    MODULE:  .\USBX_F34X.LIB (USB_SUSPEND)
    MODEL:   SMALL

*** WARNING L14: INCOMPATIBLE MEMORY MODEL
    MODULE:  .\USBX_F34X.LIB (USB_INT_ENABLE)
    MODEL:   SMALL

*** WARNING L14: INCOMPATIBLE MEMORY MODEL
    MODULE:  .\USBX_F34X.LIB (USB_CLOCK_RECOVERY)
    MODEL:   SMALL

*** WARNING L16: UNCALLED SEGMENT, IGNORED FOR OVERLAY PROCESS
    SEGMENT: ?PR?SD_INIT?MMC_SD

*** WARNING L16: UNCALLED SEGMENT, IGNORED FOR OVERLAY PROCESS
    SEGMENT: ?PR?_DISPPIC?LCD

*** WARNING L16: UNCALLED SEGMENT, IGNORED FOR OVERLAY PROCESS
    SEGMENT: ?PR?_DISPPICFROMSD?LCD

BL51 BANKED LINKER/LOCATER V6.22                                                      11/01/2021  14:27:01  PAGE 51


*** WARNING L16: UNCALLED SEGMENT, IGNORED FOR OVERLAY PROCESS
    SEGMENT: ?PR?DISPSCALEHOR1?LCD

*** WARNING L16: UNCALLED SEGMENT, IGNORED FOR OVERLAY PROCESS
    SEGMENT: ?PR?DISPSCALEVER?LCD

*** WARNING L16: UNCALLED SEGMENT, IGNORED FOR OVERLAY PROCESS
    SEGMENT: ?PR?DISPSCALEVER_RED?LCD

*** WARNING L16: UNCALLED SEGMENT, IGNORED FOR OVERLAY PROCESS
    SEGMENT: ?PR?DISPSCALEVER_GREEN?LCD

*** WARNING L16: UNCALLED SEGMENT, IGNORED FOR OVERLAY PROCESS
    SEGMENT: ?PR?DISPSCALEVER_BLUE?LCD

*** WARNING L16: UNCALLED SEGMENT, IGNORED FOR OVERLAY PROCESS
    SEGMENT: ?PR?DISPSCALEVER_GRAY?LCD

*** WARNING L16: UNCALLED SEGMENT, IGNORED FOR OVERLAY PROCESS
    SEGMENT: ?PR?DISPGRAYHOR32?LCD

*** WARNING L16: UNCALLED SEGMENT, IGNORED FOR OVERLAY PROCESS
    SEGMENT: ?PR?DISPSCALEHOR2?LCD

*** WARNING L16: UNCALLED SEGMENT, IGNORED FOR OVERLAY PROCESS
    SEGMENT: ?PR?_DRAWGIRD?LCD

*** WARNING L15: MULTIPLE CALL TO SEGMENT
    SEGMENT: ?PR?_WRITECOMM?LCD
    CALLER1: ?PR?USB_API_TEST_ISR?MAIN
    CALLER2: ?C_C51STARTUP

*** WARNING L15: MULTIPLE CALL TO SEGMENT
    SEGMENT: ?PR?_WRITEDATA?LCD
    CALLER1: ?PR?USB_API_TEST_ISR?MAIN
    CALLER2: ?C_C51STARTUP

Program Size: data=10.0 xdata=1219 code=15065
LINK/LOCATE RUN COMPLETE.  18 WARNING(S),  0 ERROR(S)
