BL51 BANKED LINKER/LOCATER V6.22                                                        08/23/2021  19:05:03  PAGE 1


BL51 BANKED LINKER/LOCATER V6.22, INVOKED BY:
D:\KEIL C51\C51\BIN\BL51.EXE main.obj, mmc_sd.obj, lcd.obj, tp.obj, .\USBX_F34X.LIB TO ILI9342C_LAIBAO20_IPS_3W1L RAMSIZ
>> E (256)


MEMORY MODEL: COMPACT WITH FLOATING POINT ARITHMETIC


INPUT MODULES INCLUDED:
  main.obj (MAIN)
  mmc_sd.obj (MMC_SD)
  lcd.obj (LCD)
  tp.obj (TP)
  .\USBX_F34X.LIB (USB_API)
  .\USBX_F34X.LIB (USB_CLOCK_START)
  .\USBX_F34X.LIB (USB_SUSPEND)
  .\USBX_F34X.LIB (GET_INTERRUPT_SOURCE)
  .\USBX_F34X.LIB (BLOCK_READ)
  .\USBX_F34X.LIB (BLOCK_WRITE)
  .\USBX_F34X.LIB (USB_INT_ENABLE)
  .\USBX_F34X.LIB (USB_CLOCK_RECOVERY)
  .\USBX_F34X.LIB (USB_JUMP_ISR)
  D:\KEIL C51\C51\LIB\C51FPC.LIB (?C?FPMUL)
  D:\KEIL C51\C51\LIB\C51FPC.LIB (?C?FCAST)
  D:\KEIL C51\C51\LIB\C51FPC.LIB (?C?CASTF)
  D:\KEIL C51\C51\LIB\C51FPC.LIB (?C?FPGETOPN)
  D:\KEIL C51\C51\LIB\C51C.LIB (?C_STARTUP)
  D:\KEIL C51\C51\LIB\C51C.LIB (?C?COPY)
  D:\KEIL C51\C51\LIB\C51C.LIB (?C?CLDPTR)
  D:\KEIL C51\C51\LIB\C51C.LIB (?C?CLDOPTR)
  D:\KEIL C51\C51\LIB\C51C.LIB (?C?IMUL)
  D:\KEIL C51\C51\LIB\C51C.LIB (?C?IILDX)
  D:\KEIL C51\C51\LIB\C51C.LIB (?C?ILDOPTR)
  D:\KEIL C51\C51\LIB\C51C.LIB (?C?LMUL)
  D:\KEIL C51\C51\LIB\C51C.LIB (?C?ULDIV)
  D:\KEIL C51\C51\LIB\C51C.LIB (?C?LNEG)
  D:\KEIL C51\C51\LIB\C51C.LIB (?C?ULCMP)
  D:\KEIL C51\C51\LIB\C51C.LIB (?C?ULSHR)
  D:\KEIL C51\C51\LIB\C51C.LIB (?C?LSHL)
  D:\KEIL C51\C51\LIB\C51C.LIB (?C?LLDIPDATA)
  D:\KEIL C51\C51\LIB\C51C.LIB (?C?LSTXDATA)
  D:\KEIL C51\C51\LIB\C51C.LIB (?C?LSTPDATA)
  D:\KEIL C51\C51\LIB\C51C.LIB (?C?LSTKXDATA)
  D:\KEIL C51\C51\LIB\C51C.LIB (?C?LSTKPDATA)
  D:\KEIL C51\C51\LIB\C51C.LIB (?C_PBP)
  D:\KEIL C51\C51\LIB\C51C.LIB (?C_INIT)


LINK MAP OF MODULE:  ILI9342C_LAIBAO20_IPS_3W1L (MAIN)


            TYPE    BASE      LENGTH    RELOCATION   SEGMENT NAME
            -----------------------------------------------------

            * * * * * * *   D A T A   M E M O R Y   * * * * * * *
            REG     0000H     0008H     ABSOLUTE     "REG BANK 0"
            DATA    0008H     0001H     UNIT         ?C?LIB_DATA
            IDATA   0009H     0001H     UNIT         ?STACK
BL51 BANKED LINKER/LOCATER V6.22                                                      08/23/2021  19:05:03  PAGE 2



            * * * * * * *  X D A T A   M E M O R Y  * * * * * * *
            XDATA   0000H     0010H     INPAGE       ?PD?MAIN
            XDATA   0010H     0004H     INPAGE       ?PD?_MMC_SD_READSINGLEBLOCK?MMC_SD
            XDATA   0014H     0005H     INPAGE       ?PD?DISPBAND?LCD
            XDATA   0019H     0005H     INPAGE       ?PD?_DISPPIC?LCD
            XDATA   001EH     000DH     INPAGE       ?PD?_DISPPICFROMSD?LCD
            XDATA   002BH     0004H     INPAGE       ?PD?DISPSCALEHOR1?LCD
            XDATA   002FH     0004H     INPAGE       ?PD?DISPSCALEVER?LCD
            XDATA   0033H     0004H     INPAGE       ?PD?DISPSCALEVER_RED?LCD
            XDATA   0037H     0004H     INPAGE       ?PD?DISPSCALEVER_GREEN?LCD
            XDATA   003BH     0004H     INPAGE       ?PD?DISPSCALEVER_BLUE?LCD
            XDATA   003FH     0004H     INPAGE       ?PD?DISPSCALEVER_GRAY?LCD
            XDATA   0043H     0004H     INPAGE       ?PD?DISPGRAYHOR32?LCD
            XDATA   0047H     0002H     INPAGE       ?PD?DISPSCALEHOR2?LCD
            XDATA   0049H     000CH     INPAGE       ?PD?_DRAWLINE?LCD
            XDATA   0055H     0004H     INPAGE       ?PD?_DRAWGIRD?LCD
            XDATA   0059H     0002H     INPAGE       ?PD?LCD
            XDATA   005BH     0024H     INPAGE       _PDATA_GROUP_
            XDATA   007FH     0200H     UNIT         ?XD?MMC_SD
            XDATA   027FH     0058H     UNIT         _XDATA_GROUP_
            XDATA   02D7H     0040H     UNIT         ?XD?MAIN
                    0317H     0329H                  *** GAP ***
            XDATA   0640H     0100H     ABSOLUTE     
            XDATA   0740H     0012H     ABSOLUTE     
            XDATA   0752H     0020H     ABSOLUTE     
            XDATA   0772H     000CH     ABSOLUTE     
            XDATA   077EH     0008H     ABSOLUTE     
            XDATA   0786H     0001H     ABSOLUTE     
            XDATA   0787H     0003H     ABSOLUTE     
            XDATA   078AH     0002H     ABSOLUTE     
            XDATA   078CH     0002H     ABSOLUTE     
            XDATA   078EH     0003H     ABSOLUTE     
            XDATA   0791H     0001H     ABSOLUTE     
            XDATA   0792H     0001H     ABSOLUTE     
            XDATA   0793H     0001H     ABSOLUTE     
            XDATA   0794H     0001H     ABSOLUTE     
            XDATA   0795H     0002H     ABSOLUTE     
            XDATA   0797H     0002H     ABSOLUTE     
            XDATA   0799H     0001H     ABSOLUTE     
            XDATA   079AH     0001H     ABSOLUTE     
            XDATA   079BH     0001H     ABSOLUTE     
            XDATA   079CH     0001H     ABSOLUTE     
            XDATA   079DH     0001H     ABSOLUTE     
            XDATA   079EH     0001H     ABSOLUTE     
            XDATA   079FH     0002H     ABSOLUTE     
            XDATA   07A1H     0001H     ABSOLUTE     
            XDATA   07A2H     0001H     ABSOLUTE     
            XDATA   07A3H     000CH     ABSOLUTE     
                    07AFH     0011H                  *** GAP ***
            XDATA   07C0H     0040H     ABSOLUTE     

            * * * * * * *   C O D E   M E M O R Y   * * * * * * *
            CODE    0000H     0003H     ABSOLUTE     
            CODE    0003H     003AH     UNIT         ?CO?USB_API
            CODE    003DH     0003H     UNIT         ?PR?SUSPEND_DEVICE?MAIN
                    0040H     0003H                  *** GAP ***
BL51 BANKED LINKER/LOCATER V6.22                                                      08/23/2021  19:05:03  PAGE 3


            CODE    0043H     0003H     ABSOLUTE     
            CODE    0046H     0044H     UNIT         ?PR?_DISPCOLOR?LCD
                    008AH     0001H                  *** GAP ***
            CODE    008BH     0003H     ABSOLUTE     
            CODE    008EH     060CH     UNIT         ?PR?CONNTOUSB?MAIN
            CODE    069AH     0600H     UNIT         ?CO?LCD
            CODE    0C9AH     0545H     UNIT         ?C?LIB_CODE
            CODE    11DFH     0233H     UNIT         ?PR?USBXCORE_HANDLE_SETUP?USB_API
            CODE    1412H     0232H     UNIT         ?PR?_LCD_READ_IC_ID?LCD
            CODE    1644H     0220H     UNIT         ?PR?DISPSCALEHOR1?LCD
            CODE    1864H     01BCH     UNIT         ?PR?DISPSCALEHOR2?LCD
            CODE    1A20H     01A0H     UNIT         ?PR?TP_DRAWLINE?TP
            CODE    1BC0H     0191H     UNIT         ?PR?DISPBAND?LCD
            CODE    1D51H     0164H     UNIT         ?PR?LCD_INIT?LCD
            CODE    1EB5H     0151H     UNIT         ?PR?USBXCORE_USB_ISR?USB_API
            CODE    2006H     013BH     UNIT         ?PR?USB_API_TEST_ISR?MAIN
            CODE    2141H     0137H     UNIT         ?PR?_USB_INIT?USB_API
            CODE    2278H     0128H     UNIT         ?PR?DISPSCALEVER?LCD
            CODE    23A0H     011BH     UNIT         ?PR?_TP_GETPOSITION?TP
            CODE    24BBH     0111H     UNIT         ?PR?_BLOCK_WRITE?BLOCK_WRITE
            CODE    25CCH     00E9H     UNIT         ?PR?_DISPPICFROMSD?LCD
            CODE    26B5H     00CDH     UNIT         ?PR?USBXCORE_VENDOR_USB_API?USB_API
            CODE    2782H     00CBH     UNIT         ?PR?_DISPONECHAR?LCD
            CODE    284DH     00B7H     UNIT         ?PR?MMC_SD_RESET?MMC_SD
            CODE    2904H     00B4H     UNIT         ?PR?_DISPINT?LCD
            CODE    29B8H     00B2H     UNIT         ?PR?USBXCORE_GET_DESCRIPTOR?USB_API
            CODE    2A6AH     00AFH     UNIT         ?PR?_BLOCK_READ?BLOCK_READ
            CODE    2B19H     00AAH     UNIT         ?PR?DISPFRAME?LCD
            CODE    2BC3H     00A0H     UNIT         ?PR?DISPSCALEVER_GREEN?LCD
            CODE    2C63H     009BH     UNIT         ?PR?_?BLOCKWRITE?LCD
            CODE    2CFEH     009BH     UNIT         ?PR?DISPGRAYHOR16?LCD
            CODE    2D99H     0096H     UNIT         ?PR?_DISPSTR?LCD
            CODE    2E2FH     0091H     UNIT         ?PR?DISPSCALEVER_RED?LCD
            CODE    2EC0H     0091H     UNIT         ?PR?DISPSCALEVER_GRAY?LCD
            CODE    2F51H     008FH     UNIT         ?PR?_DRAWGIRD?LCD
            CODE    2FE0H     008CH     UNIT         ?C_C51STARTUP
            CODE    306CH     0086H     UNIT         ?PR?DISPSCALEVER_BLUE?LCD
            CODE    30F2H     0086H     UNIT         ?PR?_DRAWLINE?LCD
            CODE    3178H     007DH     UNIT         ?PR?_MMC_SD_WRITESINGLEBLOCK?MMC_SD
            CODE    31F5H     0078H     UNIT         ?PR?DISPGRAYHOR32?LCD
            CODE    326DH     0075H     UNIT         ?PR?_MMC_SD_SENDCOMMAND?MMC_SD
            CODE    32E2H     0073H     UNIT         ?PR?TP_READ?TP
            CODE    3355H     0073H     UNIT         ?PR?USBXCORE_GET_STATUS?USB_API
            CODE    33C8H     006CH     UNIT         ?PR?DEVICES_INIT?MAIN
            CODE    3434H     0064H     UNIT         ?PR?_MMC_SD_READSINGLEBLOCK?MMC_SD
            CODE    3498H     0063H     UNIT         ?PR?_DISPPIC?LCD
            CODE    34FBH     005BH     UNIT         ?PR?_TOORD?LCD
            CODE    3556H     005AH     UNIT         ?PR?USBXCORE_SET_CONFIGURATION?USB_API
            CODE    35B0H     0058H     UNIT         ?PR?USBXCORE_CLEAR_FEATURE?USB_API
            CODE    3608H     0057H     UNIT         ?PR?USBXCORE_SET_FEATURE?USB_API
            CODE    365FH     0055H     UNIT         ?PR?_STOPDELAY?MAIN
            CODE    36B4H     0052H     UNIT         ?PR?_PUTPIXEL?LCD
            CODE    3706H     0050H     UNIT         ?CO?MAIN
            CODE    3756H     0049H     UNIT         ?PR?MAIN?MAIN
            CODE    379FH     0048H     UNIT         ?PR?_WRITEDISPDATA?LCD
            CODE    37E7H     0047H     UNIT         ?PR?USBXCORE_GET_CONFIGURATION?USB_API
            CODE    382EH     0043H     UNIT         ?PR?MCU_INIT?MAIN
BL51 BANKED LINKER/LOCATER V6.22                                                      08/23/2021  19:05:03  PAGE 4


            CODE    3871H     0038H     UNIT         ?PR?USB_CLOCK_START?USB_CLOCK_START
            CODE    38A9H     0033H     UNIT         ?PR?_WRITEDATA?LCD
            CODE    38DCH     002FH     UNIT         ?PR?_WRITECOMM?LCD
            CODE    390BH     002DH     UNIT         ?C_INITSEG
            CODE    3938H     002BH     UNIT         ?PR?USB_SUSPEND?USB_SUSPEND
            CODE    3963H     0027H     UNIT         ?PR?USBXCORE_USB_RESET?USB_API
            CODE    398AH     0027H     UNIT         ?PR?USBXCORE_GET_INTERFACE?USB_API
            CODE    39B1H     0026H     UNIT         ?PR?_TP_WRITE?TP
            CODE    39D7H     0022H     UNIT         ?PR?USBXCORE_JUMP_ISR?USB_JUMP_ISR
            CODE    39F9H     0020H     UNIT         ?PR?USBXCORE_SET_ADDRESS?USB_API
            CODE    3A19H     001FH     UNIT         ?PR?_DELAY?MAIN
            CODE    3A38H     001DH     UNIT         ?PR?USBXCORE_FORCE_STALL?USB_API
            CODE    3A55H     0019H     UNIT         ?PR?USB_INT_ENABLE?USB_INT_ENABLE
            CODE    3A6EH     0016H     UNIT         ?PR?_SPI_WRITEBYTE?MMC_SD
            CODE    3A84H     0016H     UNIT         ?PR?READDATA?LCD
            CODE    3A9AH     0014H     UNIT         ?PR?USBXCORE_SET_SOP?USB_API
            CODE    3AAEH     0013H     UNIT         ?PR?WAITKEY?MAIN
            CODE    3AC1H     0011H     UNIT         ?PR?SD_INIT?MMC_SD
            CODE    3AD2H     000EH     UNIT         ?PR?GET_INTERRUPT_SOURCE?GET_INTERRUPT_SOURCE
            CODE    3AE0H     000CH     UNIT         ?PR?USBXCORE_CLKREC?USB_CLOCK_RECOVERY
            CODE    3AECH     000BH     UNIT         ?PR?SPI_READBYTE?MMC_SD
            CODE    3AF7H     0009H     UNIT         ?PR?_WRITEONEDOT?LCD



OVERLAY MAP OF MODULE:   ILI9342C_LAIBAO20_IPS_3W1L (MAIN)


SEGMENT                                            PDATA_GROUP         XDATA_GROUP
  +--> CALLED SEGMENT                            START    LENGTH     START    LENGTH
------------------------------------------------------------------------------------
?PR?USB_API_TEST_ISR?MAIN                        005BH    0001H      -----    -----
  +--> ?PR?GET_INTERRUPT_SOURCE?GET_INTERRUP...
  +--> ?PR?_BLOCK_READ?BLOCK_READ
  +--> ?PR?SUSPEND_DEVICE?MAIN
  +--> ?PR?MCU_INIT?MAIN
  +--> ?PR?_?BLOCKWRITE?LCD

?PR?SUSPEND_DEVICE?MAIN                          -----    -----      -----    -----
  +--> ?PR?USB_SUSPEND?USB_SUSPEND

?PR?USB_SUSPEND?USB_SUSPEND                      -----    -----      -----    -----
  +--> ?PR?USB_CLOCK_START?USB_CLOCK_START

?PR?_?BLOCKWRITE?LCD                             -----    -----      -----    -----
  +--> ?PR?_WRITECOMM?LCD
  +--> ?PR?_WRITEDATA?LCD

?PR?_WRITECOMM?LCD                               007EH    0001H      -----    -----

?PR?_WRITEDATA?LCD                               007EH    0001H      -----    -----

*** NEW ROOT ***************************************************

?PR?USBXCORE_USB_ISR?USB_API                     -----    -----      -----    -----
  +--> ?PR?USBXCORE_USB_RESET?USB_API
  +--> ?PR?USBXCORE_HANDLE_SETUP?USB_API
BL51 BANKED LINKER/LOCATER V6.22                                                      08/23/2021  19:05:03  PAGE 5


  +--> ?PR?USBXCORE_JUMP_ISR?USB_JUMP_ISR

?PR?USBXCORE_HANDLE_SETUP?USB_API                -----    -----      -----    -----
  +--> ?PR?USBXCORE_GET_STATUS?USB_API
  +--> ?PR?USBXCORE_CLEAR_FEATURE?USB_API
  +--> ?PR?USBXCORE_VENDOR_USB_API?USB_API
  +--> ?PR?USBXCORE_SET_FEATURE?USB_API
  +--> ?PR?USBXCORE_SET_ADDRESS?USB_API
  +--> ?PR?USBXCORE_GET_DESCRIPTOR?USB_API
  +--> ?PR?USBXCORE_GET_CONFIGURATION?USB_API
  +--> ?PR?USBXCORE_SET_CONFIGURATION?USB_API
  +--> ?PR?USBXCORE_GET_INTERFACE?USB_API
  +--> ?PR?USBXCORE_SET_SOP?USB_API
  +--> ?PR?USBXCORE_FORCE_STALL?USB_API

?PR?USBXCORE_GET_STATUS?USB_API                  -----    -----      -----    -----
  +--> ?CO?USB_API
  +--> ?PR?USBXCORE_FORCE_STALL?USB_API
  +--> ?PR?USBXCORE_SET_SOP?USB_API

?PR?USBXCORE_CLEAR_FEATURE?USB_API               -----    -----      -----    -----
  +--> ?PR?USBXCORE_FORCE_STALL?USB_API
  +--> ?PR?USBXCORE_SET_SOP?USB_API

?PR?USBXCORE_VENDOR_USB_API?USB_API              -----    -----      -----    -----
  +--> ?PR?USBXCORE_SET_SOP?USB_API

?PR?USBXCORE_SET_FEATURE?USB_API                 -----    -----      -----    -----
  +--> ?PR?USBXCORE_FORCE_STALL?USB_API
  +--> ?PR?USBXCORE_SET_SOP?USB_API

?PR?USBXCORE_SET_ADDRESS?USB_API                 -----    -----      -----    -----
  +--> ?PR?USBXCORE_SET_SOP?USB_API

?PR?USBXCORE_GET_DESCRIPTOR?USB_API              -----    -----      -----    -----
  +--> ?PR?USBXCORE_FORCE_STALL?USB_API
  +--> ?PR?USBXCORE_SET_SOP?USB_API

?PR?USBXCORE_GET_CONFIGURATION?USB_API           -----    -----      -----    -----
  +--> ?CO?USB_API
  +--> ?PR?USBXCORE_SET_SOP?USB_API

?PR?USBXCORE_SET_CONFIGURATION?USB_API           -----    -----      -----    -----
  +--> ?PR?USBXCORE_SET_SOP?USB_API

?PR?USBXCORE_GET_INTERFACE?USB_API               -----    -----      -----    -----
  +--> ?CO?USB_API
  +--> ?PR?USBXCORE_SET_SOP?USB_API

*** NEW ROOT ***************************************************

?C_C51STARTUP                                    -----    -----      -----    -----
  +--> ?PR?MAIN?MAIN
  +--> ?C_INITSEG

?PR?MAIN?MAIN                                    -----    -----      -----    -----
  +--> ?PR?DEVICES_INIT?MAIN
BL51 BANKED LINKER/LOCATER V6.22                                                      08/23/2021  19:05:03  PAGE 6


  +--> ?PR?DISPFRAME?LCD
  +--> ?PR?_STOPDELAY?MAIN
  +--> ?PR?_DISPCOLOR?LCD
  +--> ?PR?DISPGRAYHOR16?LCD
  +--> ?PR?TP_DRAWLINE?TP

?PR?DEVICES_INIT?MAIN                            -----    -----      -----    -----
  +--> ?PR?MCU_INIT?MAIN
  +--> ?PR?USB_CLOCK_START?USB_CLOCK_START
  +--> ?CO?MAIN
  +--> ?PR?_USB_INIT?USB_API
  +--> ?PR?USB_INT_ENABLE?USB_INT_ENABLE
  +--> ?PR?LCD_INIT?LCD

?PR?_USB_INIT?USB_API                            -----    -----      027FH    0011H
  +--> ?CO?USB_API
  +--> ?PR?USBXCORE_CLKREC?USB_CLOCK_RECOVERY

?PR?LCD_INIT?LCD                                 -----    -----      -----    -----
  +--> ?PR?READDATA?LCD
  +--> ?PR?_DELAY?MAIN
  +--> ?PR?_WRITECOMM?LCD
  +--> ?PR?_WRITEDATA?LCD

?PR?READDATA?LCD                                 -----    -----      -----    -----
  +--> ?PR?_LCD_READ_IC_ID?LCD

?PR?_LCD_READ_IC_ID?LCD                          0066H    0008H      -----    -----

?PR?DISPFRAME?LCD                                005DH    0002H      -----    -----
  +--> ?PR?_?BLOCKWRITE?LCD
  +--> ?PR?_WRITEDISPDATA?LCD

?PR?_STOPDELAY?MAIN                              005DH    0004H      -----    -----
  +--> ?PR?WAITKEY?MAIN
  +--> ?PR?_DELAY?MAIN

?PR?WAITKEY?MAIN                                 -----    -----      -----    -----
  +--> ?PR?CONNTOUSB?MAIN
  +--> ?PR?_DELAY?MAIN

?PR?CONNTOUSB?MAIN                               0061H    0005H      027FH    0058H
  +--> ?CO?MAIN
  +--> ?PR?_WRITECOMM?LCD
  +--> ?PR?_WRITEDATA?LCD
  +--> ?PR?_DISPSTR?LCD
  +--> ?PR?_DISPINT?LCD
  +--> ?PR?_WRITEDISPDATA?LCD
  +--> ?PR?_MMC_SD_WRITESINGLEBLOCK?MMC_SD
  +--> ?PR?_BLOCK_WRITE?BLOCK_WRITE
  +--> ?PR?READDATA?LCD
  +--> ?PR?_DELAY?MAIN

?PR?_DISPSTR?LCD                                 0066H    000BH      -----    -----
  +--> ?PR?_TOORD?LCD
  +--> ?PR?_DISPONECHAR?LCD

BL51 BANKED LINKER/LOCATER V6.22                                                      08/23/2021  19:05:03  PAGE 7


?PR?_DISPONECHAR?LCD                             0071H    000DH      -----    -----
  +--> ?PR?_?BLOCKWRITE?LCD
  +--> ?CO?LCD
  +--> ?PR?_WRITEONEDOT?LCD

?PR?_WRITEONEDOT?LCD                             -----    -----      -----    -----
  +--> ?PR?_WRITEDISPDATA?LCD

?PR?_DISPINT?LCD                                 0066H    000AH      -----    -----
  +--> ?PR?_DISPONECHAR?LCD

?PR?_MMC_SD_WRITESINGLEBLOCK?MMC_SD              0066H    0004H      -----    -----
  +--> ?PR?_MMC_SD_SENDCOMMAND?MMC_SD
  +--> ?PR?_SPI_WRITEBYTE?MMC_SD

?PR?_MMC_SD_SENDCOMMAND?MMC_SD                   006AH    0005H      -----    -----
  +--> ?PR?_SPI_WRITEBYTE?MMC_SD

?PR?_DISPCOLOR?LCD                               005DH    0004H      -----    -----
  +--> ?PR?_?BLOCKWRITE?LCD
  +--> ?PR?_WRITEDISPDATA?LCD

?PR?DISPGRAYHOR16?LCD                            005DH    0004H      -----    -----
  +--> ?PR?_?BLOCKWRITE?LCD
  +--> ?PR?_WRITEDISPDATA?LCD

?PR?TP_DRAWLINE?TP                               -----    -----      027FH    0018H
  +--> ?PR?_DISPCOLOR?LCD
  +--> ?PR?_DELAY?MAIN
  +--> ?PR?_TP_GETPOSITION?TP
  +--> ?PR?_PUTPIXEL?LCD

?PR?_TP_GETPOSITION?TP                           -----    -----      0297H    001BH
  +--> ?PR?_TP_WRITE?TP
  +--> ?PR?TP_READ?TP

?PR?_TP_WRITE?TP                                 -----    -----      02B2H    0001H

?PR?TP_READ?TP                                   -----    -----      02B2H    0005H

?PR?_PUTPIXEL?LCD                                005DH    0002H      -----    -----
  +--> ?PR?_?BLOCKWRITE?LCD
  +--> ?PR?_WRITEDISPDATA?LCD



SYMBOL TABLE OF MODULE:  ILI9342C_LAIBAO20_IPS_3W1L (MAIN)

  VALUE           TYPE          NAME
  ----------------------------------

  -------         MODULE        MAIN
  C:0000H         SYMBOL        _ICE_DUMMY_
  D:0080H         PUBLIC        P0
  X:0000H         PUBLIC        f_down
  D:0090H         PUBLIC        P1
  D:00A0H         PUBLIC        P2
BL51 BANKED LINKER/LOCATER V6.22                                                      08/23/2021  19:05:03  PAGE 8


  D:00B0H         PUBLIC        P3
  C:3751H         PUBLIC        USB_MaxPower
  B:00B0H.6       PUBLIC        KEY_STEP
  D:00A4H         PUBLIC        P0MDOUT
  D:00A5H         PUBLIC        P1MDOUT
  D:00A6H         PUBLIC        P2MDOUT
  D:00A7H         PUBLIC        P3MDOUT
  D:00AEH         PUBLIC        P4MDOUT
  B:0080H.6       PUBLIC        OE
  D:00D9H         PUBLIC        PCA0MD
  C:2006H         PUBLIC        USB_API_TEST_ISR
  C:003DH         PUBLIC        Suspend_Device
  C:3663H         PUBLIC        _StopDelay
  D:00E1H         PUBLIC        XBR0
  D:00E2H         PUBLIC        XBR1
  B:00B0H.1       PUBLIC        RS
  C:3756H         PUBLIC        main
  X:0001H         PUBLIC        VerifyCode0
  X:0002H         PUBLIC        VerifyCode1
  C:371BH         PUBLIC        USB_PID
  X:0003H         PUBLIC        VerifyCode2
  D:00F1H         PUBLIC        P0MDIN
  D:00F2H         PUBLIC        P1MDIN
  C:371DH         PUBLIC        USB_MfrStr
  D:00F4H         PUBLIC        P3MDIN
  C:3719H         PUBLIC        USB_VID
  D:00F8H         PUBLIC        SPI0CN
  X:0004H         PUBLIC        pic
  C:33C8H         PUBLIC        Devices_Init
  C:008EH         PUBLIC        ConnToUSB
  D:00A9H         PUBLIC        CLKSEL
  D:00B2H         PUBLIC        OSCICN
  C:3752H         PUBLIC        USB_PwAttributes
  C:3AAEH         PUBLIC        WaitKey
  C:3755H         SYMBOL        _?ix1000
  B:00A0H.0       PUBLIC        CS0
  X:0005H         PUBLIC        bf
  C:3753H         PUBLIC        USB_bcdDevice
  D:00B9H         PUBLIC        CLKMUL
  X:0007H         PUBLIC        f_debug
  X:0008H         PUBLIC        sd
  X:02D7H         PUBLIC        Packet
  C:382EH         PUBLIC        MCU_Init
  B:0080H.7       PUBLIC        DIR
  D:00EFH         PUBLIC        RSTSRC
  X:000CH         PUBLIC        f_read
  C:3747H         PUBLIC        USB_SerialStr
  X:000DH         PUBLIC        f_other
  C:3737H         PUBLIC        USB_ProductStr
  X:000EH         PUBLIC        f_para
  D:00A1H         PUBLIC        SPI0CFG
  C:3A19H         PUBLIC        _Delay
  B:00B0H.7       PUBLIC        KEY_Stop
  X:000FH         PUBLIC        f_init
  -------         PROC          MAIN
  C:3756H         LINE#         40
  C:3756H         LINE#         41
BL51 BANKED LINKER/LOCATER V6.22                                                      08/23/2021  19:05:03  PAGE 9


  C:3756H         LINE#         61
  C:3759H         LINE#         63
  C:375CH         LINE#         64
  C:375CH         LINE#         67
  C:3762H         LINE#         68
  C:376CH         LINE#         70
  C:3776H         LINE#         71
  C:3780H         LINE#         72
  C:378AH         LINE#         74
  C:3790H         LINE#         75
  C:3799H         LINE#         79
  C:379CH         LINE#         81
  C:379EH         LINE#         82
  -------         ENDPROC       MAIN
  -------         PROC          _DELAY
  D:0006H         SYMBOL        dly
  -------         DO            
  D:0004H         SYMBOL        i
  D:0002H         SYMBOL        j
  -------         ENDDO         
  C:3A19H         LINE#         85
  C:3A19H         LINE#         86
  C:3A19H         LINE#         89
  C:3A23H         LINE#         90
  C:3A37H         LINE#         91
  -------         ENDPROC       _DELAY
  C:365FH         SYMBOL        L?0133
  -------         PROC          L?0132
  -------         ENDPROC       L?0132
  C:365FH         SYMBOL        L?0133
  -------         PROC          _STOPDELAY
  X:005DH         SYMBOL        sdly
  -------         DO            
  D:0006H         SYMBOL        i
  D:0004H         SYMBOL        j
  X:005FH         SYMBOL        k
  -------         ENDDO         
  C:3663H         LINE#         93
  C:366AH         LINE#         94
  C:366AH         LINE#         96
  C:366FH         LINE#         97
  C:366FH         LINE#         98
  C:3672H         LINE#         99
  C:3672H         LINE#         100
  C:367FH         LINE#         101
  C:3693H         LINE#         102
  C:3693H         LINE#         104
  C:3693H         LINE#         105
  C:369DH         LINE#         106
  C:369DH         LINE#         107
  C:36B3H         LINE#         108
  -------         ENDPROC       _STOPDELAY
  -------         PROC          WAITKEY
  C:3AAEH         LINE#         137
  C:3AAEH         LINE#         138
  C:3AAEH         LINE#         140
  C:3AB1H         LINE#         141
BL51 BANKED LINKER/LOCATER V6.22                                                      08/23/2021  19:05:03  PAGE 10


  C:3AB1H         LINE#         143
  C:3AB4H         LINE#         145
  C:3AB6H         LINE#         146
  C:3ABDH         LINE#         147
  C:3AC0H         LINE#         149
  -------         ENDPROC       WAITKEY
  -------         PROC          CONNTOUSB
  -------         DO            
  X:0061H         SYMBOL        i
  X:027FH         SYMBOL        reg_data
  X:0297H         SYMBOL        para_data
  D:0007H         SYMBOL        dat
  X:0062H         SYMBOL        reg_index
  X:0064H         SYMBOL        data_num
  X:0065H         SYMBOL        st
  -------         ENDDO         
  C:008EH         LINE#         155
  C:008EH         LINE#         156
  C:008EH         LINE#         163
  C:00A1H         LINE#         165
  C:00A9H         LINE#         166
  C:00A9H         LINE#         167
  C:00B7H         LINE#         168
  C:00B7H         LINE#         169
  C:00C8H         LINE#         170
  C:00C8H         LINE#         171
  C:00EEH         LINE#         172
  C:00F0H         LINE#         173
  C:0104H         LINE#         174
  C:0104H         LINE#         175
  C:012AH         LINE#         177
  C:012AH         LINE#         178
  C:012AH         LINE#         179
  C:012AH         LINE#         181
  C:012AH         LINE#         182
  C:0132H         LINE#         183
  C:013CH         LINE#         184
  C:0146H         LINE#         186
  C:0162H         LINE#         188
  C:016CH         LINE#         189
  C:016CH         LINE#         190
  C:017DH         LINE#         191
  C:017DH         LINE#         192
  C:018EH         LINE#         193
  C:018EH         LINE#         194
  C:01E1H         LINE#         195
  C:01E3H         LINE#         196
  C:01F9H         LINE#         197
  C:01F9H         LINE#         198
  C:024BH         LINE#         199
  C:024BH         LINE#         200
  C:024BH         LINE#         201
  C:024BH         LINE#         203
  C:024BH         LINE#         204
  C:0253H         LINE#         205
  C:0253H         LINE#         206
  C:025DH         LINE#         207
BL51 BANKED LINKER/LOCATER V6.22                                                      08/23/2021  19:05:03  PAGE 11


  C:0267H         LINE#         209
  C:026BH         LINE#         210
  C:026EH         LINE#         214
  C:0276H         LINE#         215
  C:0276H         LINE#         216
  C:0285H         LINE#         217
  C:0285H         LINE#         218
  C:0287H         LINE#         220
  C:0289H         LINE#         221
  C:02A5H         LINE#         222
  C:02A7H         LINE#         224
  C:02D0H         LINE#         225
  C:02F4H         LINE#         226
  C:02FEH         LINE#         227
  C:02FEH         LINE#         228
  C:0306H         LINE#         229
  C:030DH         LINE#         230
  C:0318H         LINE#         231
  C:031EH         LINE#         232
  C:031EH         LINE#         233
  C:0327H         LINE#         235
  C:032BH         LINE#         236
  C:0337H         LINE#         237
  C:033AH         LINE#         240
  C:0342H         LINE#         241
  C:0342H         LINE#         242
  C:034BH         LINE#         243
  C:034BH         LINE#         244
  C:035BH         LINE#         245
  C:035BH         LINE#         246
  C:035DH         LINE#         248
  C:035FH         LINE#         249
  C:037BH         LINE#         250
  C:037DH         LINE#         252
  C:03A6H         LINE#         253
  C:03CAH         LINE#         255
  C:03D4H         LINE#         256
  C:03D4H         LINE#         257
  C:03DCH         LINE#         258
  C:03E3H         LINE#         259
  C:03EEH         LINE#         260
  C:03F4H         LINE#         261
  C:03F4H         LINE#         263
  C:03FDH         LINE#         269
  C:03FDH         LINE#         270
  C:040AH         LINE#         271
  C:040AH         LINE#         272
  C:040CH         LINE#         274
  C:040EH         LINE#         275
  C:042AH         LINE#         276
  C:042CH         LINE#         278
  C:0434H         LINE#         279
  C:0438H         LINE#         280
  C:0444H         LINE#         281
  C:0444H         LINE#         282
  C:0447H         LINE#         285
  C:044FH         LINE#         286
BL51 BANKED LINKER/LOCATER V6.22                                                      08/23/2021  19:05:03  PAGE 12


  C:044FH         LINE#         287
  C:0460H         LINE#         288
  C:0460H         LINE#         289
  C:046DH         LINE#         290
  C:046DH         LINE#         291
  C:048BH         LINE#         292
  C:048DH         LINE#         293
  C:049DH         LINE#         294
  C:049DH         LINE#         295
  C:04BBH         LINE#         296
  C:04BDH         LINE#         297
  C:04CEH         LINE#         298
  C:04CEH         LINE#         299
  C:04D8H         LINE#         300
  C:04E2H         LINE#         301
  C:04E2H         LINE#         302
  C:04E2H         LINE#         303
  C:04E2H         LINE#         305
  C:04E2H         LINE#         306
  C:04EBH         LINE#         307
  C:04EFH         LINE#         308
  C:04FBH         LINE#         309
  C:04FEH         LINE#         312
  C:0506H         LINE#         313
  C:0506H         LINE#         314
  C:0513H         LINE#         315
  C:0524H         LINE#         317
  C:052DH         LINE#         318
  C:053CH         LINE#         320
  C:0544H         LINE#         321
  C:0544H         LINE#         322
  C:054DH         LINE#         323
  C:055CH         LINE#         324
  C:055CH         LINE#         325
  C:055FH         LINE#         326
  C:056EH         LINE#         327
  C:057AH         LINE#         328
  C:0580H         LINE#         329
  C:0580H         LINE#         331
  C:0584H         LINE#         332
  C:0593H         LINE#         334
  C:059AH         LINE#         335
  C:05B6H         LINE#         336
  C:05C0H         LINE#         337
  C:05C0H         LINE#         338
  C:05E6H         LINE#         339
  C:05F9H         LINE#         340
  C:05F9H         LINE#         341
  C:064BH         LINE#         342
  C:0653H         LINE#         343
  C:0653H         LINE#         344
  C:0653H         LINE#         347
  C:0658H         LINE#         348
  C:0658H         LINE#         349
  C:0665H         LINE#         350
  C:0676H         LINE#         352
  C:067BH         LINE#         353
BL51 BANKED LINKER/LOCATER V6.22                                                      08/23/2021  19:05:03  PAGE 13


  C:067FH         LINE#         354
  C:0683H         LINE#         355
  C:0687H         LINE#         357
  C:068BH         LINE#         358
  C:0697H         LINE#         359
  C:0699H         LINE#         360
  -------         ENDPROC       CONNTOUSB
  -------         PROC          MCU_INIT
  -------         DO            
  D:0007H         SYMBOL        n
  -------         ENDDO         
  C:382EH         LINE#         363
  C:382EH         LINE#         364
  C:382EH         LINE#         366
  C:3831H         LINE#         369
  C:3834H         LINE#         370
  C:3837H         LINE#         372
  C:383AH         LINE#         374
  C:3840H         LINE#         376
  C:3843H         LINE#         377
  C:3848H         LINE#         378
  C:384BH         LINE#         380
  C:384EH         LINE#         383
  C:3851H         LINE#         384
  C:3854H         LINE#         386
  C:3857H         LINE#         387
  C:385AH         LINE#         389
  C:385DH         LINE#         390
  C:3860H         LINE#         392
  C:3863H         LINE#         393
  C:3866H         LINE#         394
  C:3868H         LINE#         395
  C:386AH         LINE#         397
  C:386DH         LINE#         398
  C:3870H         LINE#         400
  -------         ENDPROC       MCU_INIT
  -------         PROC          DEVICES_INIT
  C:33C8H         LINE#         402
  C:33C8H         LINE#         403
  C:33C8H         LINE#         405
  C:33CBH         LINE#         408
  C:33CEH         LINE#         409
  C:3428H         LINE#         410
  C:342BH         LINE#         413
  C:342EH         LINE#         414
  C:3431H         LINE#         422
  -------         ENDPROC       DEVICES_INIT
  -------         PROC          SUSPEND_DEVICE
  C:003DH         LINE#         426
  C:003DH         LINE#         427
  C:003DH         LINE#         428
  -------         ENDPROC       SUSPEND_DEVICE
  -------         PROC          USB_API_TEST_ISR
  -------         DO            
  X:005BH         SYMBOL        INTVAL
  -------         ENDDO         
  C:2006H         LINE#         432
BL51 BANKED LINKER/LOCATER V6.22                                                      08/23/2021  19:05:03  PAGE 14


  C:2023H         LINE#         434
  C:202AH         LINE#         436
  C:2030H         LINE#         437
  C:2030H         LINE#         438
  C:203BH         LINE#         440
  C:2057H         LINE#         441
  C:2057H         LINE#         442
  C:2059H         LINE#         443
  C:205BH         LINE#         444
  C:2071H         LINE#         445
  C:2071H         LINE#         446
  C:2073H         LINE#         447
  C:2075H         LINE#         448
  C:208DH         LINE#         449
  C:208DH         LINE#         450
  C:208FH         LINE#         451
  C:2091H         LINE#         452
  C:20ABH         LINE#         453
  C:20ABH         LINE#         454
  C:20ADH         LINE#         455
  C:20AFH         LINE#         456
  C:20C4H         LINE#         457
  C:20C4H         LINE#         458
  C:20C6H         LINE#         459
  C:20C8H         LINE#         461
  C:20C8H         LINE#         462
  C:20CDH         LINE#         463
  C:20CDH         LINE#         464
  C:20CDH         LINE#         466
  C:20CDH         LINE#         467
  C:20CDH         LINE#         469
  C:20CDH         LINE#         471
  C:20D3H         LINE#         472
  C:20D3H         LINE#         473
  C:20D6H         LINE#         474
  C:20D6H         LINE#         476
  C:20DCH         LINE#         477
  C:20DCH         LINE#         478
  C:20DFH         LINE#         479
  C:20DFH         LINE#         481
  C:20E5H         LINE#         482
  C:20E5H         LINE#         483
  C:2100H         LINE#         484
  C:2100H         LINE#         486
  C:2106H         LINE#         487
  C:2106H         LINE#         488
  C:210BH         LINE#         489
  C:2126H         LINE#         490
  C:2126H         LINE#         491
  -------         ENDPROC       USB_API_TEST_ISR
  -------         ENDMOD        MAIN

  -------         MODULE        MMC_SD
  C:0000H         SYMBOL        _ICE_DUMMY_
  D:00A2H         PUBLIC        SPI0CKR
  D:0080H         PUBLIC        P0
  D:0090H         PUBLIC        P1
BL51 BANKED LINKER/LOCATER V6.22                                                      08/23/2021  19:05:03  PAGE 15


  D:00A0H         PUBLIC        P2
  D:00B0H         PUBLIC        P3
  C:326DH         PUBLIC        _MMC_SD_SendCommand
  C:3434H         PUBLIC        _MMC_SD_ReadSingleBlock
  C:3AC1H         PUBLIC        SD_Init
  C:3178H         PUBLIC        _MMC_SD_WriteSingleBlock
  B:00F8H.7       PUBLIC        SPIF
  B:00F8H.2       PUBLIC        NSSMD0
  C:284DH         PUBLIC        MMC_SD_Reset
  D:00A9H         PUBLIC        CLKSEL
  C:3AECH         PUBLIC        SPI_ReadByte
  C:3A7AH         PUBLIC        _SPI_WriteByte
  D:00A3H         PUBLIC        SPI0DAT
  X:007FH         PUBLIC        buffer
  C:3A6EH         SYMBOL        L?0062
  C:3A73H         SYMBOL        L?0063
  -------         PROC          L?0061
  -------         ENDPROC       L?0061
  C:3A6EH         SYMBOL        L?0062
  C:3A73H         SYMBOL        L?0063
  -------         PROC          _SPI_WRITEBYTE
  D:0007H         SYMBOL        val
  -------         DO            
  D:0007H         SYMBOL        ret
  -------         ENDDO         
  C:3A7AH         LINE#         7
  C:3A7AH         LINE#         8
  C:3A7AH         LINE#         11
  C:3A7CH         LINE#         12
  C:3A7FH         LINE#         13
  C:3A81H         LINE#         14
  C:3A83H         LINE#         15
  C:3A83H         LINE#         16
  -------         ENDPROC       _SPI_WRITEBYTE
  -------         PROC          SPI_READBYTE
  -------         DO            
  D:0007H         SYMBOL        ret
  -------         ENDDO         
  C:3AECH         LINE#         18
  C:3AECH         LINE#         19
  C:3AECH         LINE#         22
  C:3AEFH         LINE#         23
  C:3AF2H         LINE#         24
  C:3AF4H         LINE#         25
  C:3AF6H         LINE#         26
  C:3AF6H         LINE#         27
  -------         ENDPROC       SPI_READBYTE
  -------         PROC          _MMC_SD_SENDCOMMAND
  D:0006H         SYMBOL        cmd
  X:006BH         SYMBOL        arg
  -------         DO            
  D:0007H         SYMBOL        r1
  D:0003H         SYMBOL        retry
  -------         ENDDO         
  C:326DH         LINE#         29
  C:326FH         LINE#         30
  C:326FH         LINE#         32
BL51 BANKED LINKER/LOCATER V6.22                                                      08/23/2021  19:05:03  PAGE 16


  C:3271H         LINE#         34
  C:3271H         LINE#         35
  C:3271H         LINE#         36
  C:3274H         LINE#         37
  C:3274H         LINE#         38
  C:3274H         LINE#         39
  C:3277H         LINE#         41
  C:3279H         LINE#         43
  C:3280H         LINE#         44
  C:3295H         LINE#         45
  C:32AAH         LINE#         46
  C:32BFH         LINE#         47
  C:32C9H         LINE#         48
  C:32CEH         LINE#         50
  C:32D6H         LINE#         51
  C:32DFH         LINE#         53
  C:32E1H         LINE#         55
  C:32E1H         LINE#         56
  -------         ENDPROC       _MMC_SD_SENDCOMMAND
  -------         PROC          MMC_SD_RESET
  -------         DO            
  D:0005H         SYMBOL        i
  D:0002H         SYMBOL        retry
  D:0006H         SYMBOL        r1
  -------         ENDDO         
  C:284DH         LINE#         58
  C:284DH         LINE#         59
  C:284DH         LINE#         62
  C:284FH         LINE#         64
  C:2850H         LINE#         65
  C:2853H         LINE#         66
  C:2856H         LINE#         68
  C:2856H         LINE#         69
  C:2862H         LINE#         70
  C:2872H         LINE#         71
  C:2873H         LINE#         72
  C:2879H         LINE#         73
  C:287DH         LINE#         75
  C:287FH         LINE#         77
  C:287FH         LINE#         79
  C:287FH         LINE#         80
  C:288FH         LINE#         81
  C:2890H         LINE#         82
  C:2899H         LINE#         83
  C:289DH         LINE#         85
  C:289FH         LINE#         86
  C:28AFH         LINE#         87
  C:28B0H         LINE#         88
  C:28B9H         LINE#         89
  C:28BCH         LINE#         91
  C:28BFH         LINE#         92
  C:28BFH         LINE#         93
  C:28C1H         LINE#         95
  C:28C1H         LINE#         96
  C:28D1H         LINE#         97
  C:28D2H         LINE#         98
  C:28DBH         LINE#         99
BL51 BANKED LINKER/LOCATER V6.22                                                      08/23/2021  19:05:03  PAGE 17


  C:28DEH         LINE#         100
  C:28DEH         LINE#         101
  C:28EEH         LINE#         103
  C:28FCH         LINE#         104
  C:28FFH         LINE#         105
  C:2902H         LINE#         106
  C:2903H         LINE#         107
  -------         ENDPROC       MMC_SD_RESET
  -------         PROC          _MMC_SD_READSINGLEBLOCK
  X:0010H         SYMBOL        sector
  -------         DO            
  D:0007H         SYMBOL        r1
  D:0004H         SYMBOL        i
  D:0002H         SYMBOL        retry
  -------         ENDDO         
  C:3434H         LINE#         109
  C:3439H         LINE#         110
  C:3439H         LINE#         113
  C:343BH         LINE#         115
  C:343EH         LINE#         117
  C:343EH         LINE#         118
  C:345AH         LINE#         119
  C:345BH         LINE#         120
  C:3464H         LINE#         121
  C:3467H         LINE#         124
  C:3469H         LINE#         126
  C:346FH         LINE#         128
  C:3472H         LINE#         129
  C:3472H         LINE#         130
  C:3481H         LINE#         131
  C:348EH         LINE#         133
  C:348EH         LINE#         134
  C:3491H         LINE#         136
  C:3493H         LINE#         137
  C:3496H         LINE#         138
  C:3497H         LINE#         139
  -------         ENDPROC       _MMC_SD_READSINGLEBLOCK
  -------         PROC          _MMC_SD_WRITESINGLEBLOCK
  X:0066H         SYMBOL        sector
  -------         DO            
  D:0006H         SYMBOL        r1
  D:0004H         SYMBOL        i
  D:0002H         SYMBOL        retry
  -------         ENDDO         
  C:3178H         LINE#         141
  C:317DH         LINE#         142
  C:317DH         LINE#         145
  C:317FH         LINE#         147
  C:3182H         LINE#         149
  C:3182H         LINE#         150
  C:31A0H         LINE#         151
  C:31A1H         LINE#         152
  C:31AAH         LINE#         153
  C:31ADH         LINE#         157
  C:31AFH         LINE#         159
  C:31B4H         LINE#         161
  C:31B9H         LINE#         163
BL51 BANKED LINKER/LOCATER V6.22                                                      08/23/2021  19:05:03  PAGE 18


  C:31BBH         LINE#         164
  C:31BBH         LINE#         165
  C:31CAH         LINE#         166
  C:31D7H         LINE#         168
  C:31D7H         LINE#         169
  C:31D7H         LINE#         171
  C:31DCH         LINE#         173
  C:31E3H         LINE#         174
  C:31E3H         LINE#         175
  C:31E5H         LINE#         176
  C:31E6H         LINE#         177
  C:31E6H         LINE#         179
  C:31EEH         LINE#         181
  C:31F0H         LINE#         182
  C:31F3H         LINE#         183
  C:31F4H         LINE#         184
  -------         ENDPROC       _MMC_SD_WRITESINGLEBLOCK
  -------         PROC          SD_INIT
  -------         DO            
  D:0001H         SYMBOL        n
  -------         ENDDO         
  C:3AC1H         LINE#         187
  C:3AC1H         LINE#         188
  C:3AC1H         LINE#         189
  C:3AC3H         LINE#         191
  C:3AC9H         LINE#         192
  C:3AC9H         LINE#         193
  C:3ACAH         LINE#         194
  C:3AD1H         LINE#         196
  -------         ENDPROC       SD_INIT
  -------         ENDMOD        MMC_SD

  -------         MODULE        LCD
  C:0000H         SYMBOL        _ICE_DUMMY_
  D:0080H         PUBLIC        P0
  C:2B19H         PUBLIC        DispFrame
  D:0090H         PUBLIC        P1
  C:2BC3H         PUBLIC        DispScaleVer_Green
  D:00A0H         PUBLIC        P2
  D:00B0H         PUBLIC        P3
  C:1BC0H         PUBLIC        DispBand
  C:38ADH         PUBLIC        _WriteData
  C:069AH         PUBLIC        ascii
  C:1412H         PUBLIC        _LCD_Read_IC_ID
  D:00A6H         PUBLIC        P2MDOUT
  C:0046H         PUBLIC        _DispColor
  C:306CH         PUBLIC        DispScaleVer_Blue
  C:2F51H         PUBLIC        _DrawGird
  C:30F2H         PUBLIC        _DrawLine
  B:00D0H.7       PUBLIC        CY
  C:38DCH         PUBLIC        _WriteComm
  C:37B4H         PUBLIC        _WriteDispData
  C:2EC0H         PUBLIC        DispScaleVer_Gray
  B:00B0H.1       PUBLIC        RS
  B:0090H.7       PUBLIC        SPI_CLK
  C:2E2FH         PUBLIC        DispScaleVer_Red
  D:00F3H         PUBLIC        P2MDIN
BL51 BANKED LINKER/LOCATER V6.22                                                      08/23/2021  19:05:03  PAGE 19


  C:2278H         PUBLIC        DispScaleVer
  C:3498H         PUBLIC        _DispPic
  C:27B2H         PUBLIC        _DispOneChar
  C:31F5H         PUBLIC        DispGrayHor32
  C:2CFEH         PUBLIC        DispGrayHor16
  C:2904H         PUBLIC        _DispInt
  C:36B4H         PUBLIC        _PutPixel
  D:00A9H         PUBLIC        CLKSEL
  B:0090H.6       PUBLIC        RD0
  B:00A0H.0       PUBLIC        CS0
  X:0059H         PUBLIC        LCM_ID
  C:1D51H         PUBLIC        LCD_Init
  C:2D99H         PUBLIC        _DispStr
  B:0090H.7       PUBLIC        WR0
  C:1644H         PUBLIC        DispScaleHor1
  B:0090H.6       PUBLIC        SPI_DI
  C:3AF7H         PUBLIC        _WriteOneDot
  C:1864H         PUBLIC        DispScaleHor2
  C:25CCH         PUBLIC        _DispPicFromSD
  B:0080H.7       PUBLIC        DIR
  C:34FBH         PUBLIC        _ToOrd
  B:0080H.5       PUBLIC        RST
  C:3A84H         PUBLIC        ReadData
  C:2C7CH         PUBLIC        _?BlockWrite
  -------         PROC          _LCD_READ_IC_ID
  X:0066H         SYMBOL        ID
  D:0004H         SYMBOL        Bug
  D:0003H         SYMBOL        flog
  -------         DO            
  X:0067H         SYMBOL        id
  X:0069H         SYMBOL        id1
  X:006BH         SYMBOL        temp
  D:0005H         SYMBOL        i
  D:0007H         SYMBOL        dat
  D:0001H         SYMBOL        id2
  X:006DH         SYMBOL        id3
  D:0002H         SYMBOL        id4
  -------         ENDDO         
  C:1412H         LINE#         35
  C:1416H         LINE#         36
  C:1416H         LINE#         40
  C:141EH         LINE#         41
  C:141EH         LINE#         43
  C:1420H         LINE#         44
  C:1422H         LINE#         45
  C:1424H         LINE#         47
  C:1427H         LINE#         48
  C:1429H         LINE#         49
  C:142BH         LINE#         50
  C:142DH         LINE#         53
  C:1430H         LINE#         54
  C:1433H         LINE#         55
  C:1436H         LINE#         56
  C:1438H         LINE#         57
  C:143AH         LINE#         58
  C:143CH         LINE#         63
  C:1446H         LINE#         65
BL51 BANKED LINKER/LOCATER V6.22                                                      08/23/2021  19:05:03  PAGE 20


  C:144CH         LINE#         66
  C:1454H         LINE#         68
  C:145AH         LINE#         69
  C:1460H         LINE#         70
  C:146AH         LINE#         72
  C:1470H         LINE#         73
  C:1472H         LINE#         75
  C:1478H         LINE#         77
  C:147EH         LINE#         78
  C:1488H         LINE#         80
  C:148EH         LINE#         81
  C:1493H         LINE#         83
  C:1499H         LINE#         85
  C:14A3H         LINE#         86
  C:14ADH         LINE#         88
  C:14B3H         LINE#         89
  C:14B5H         LINE#         91
  C:14C5H         LINE#         92
  C:14CFH         LINE#         94
  C:14D2H         LINE#         95
  C:14D6H         LINE#         96
  C:14D6H         LINE#         97
  C:14DFH         LINE#         98
  C:14E5H         LINE#         99
  C:14E5H         LINE#         100
  C:14EFH         LINE#         101
  C:14F1H         LINE#         102
  C:14F5H         LINE#         103
  C:14F5H         LINE#         104
  C:1504H         LINE#         105
  C:1504H         LINE#         108
  C:1504H         LINE#         109
  C:150DH         LINE#         110
  C:150DH         LINE#         112
  C:1510H         LINE#         113
  C:1514H         LINE#         114
  C:1516H         LINE#         115
  C:1518H         LINE#         116
  C:151AH         LINE#         117
  C:151AH         LINE#         118
  C:151CH         LINE#         119
  C:1524H         LINE#         120
  C:1526H         LINE#         122
  C:1528H         LINE#         123
  C:152CH         LINE#         124
  C:1531H         LINE#         125
  C:1534H         LINE#         128
  C:153EH         LINE#         129
  C:153EH         LINE#         130
  C:1540H         LINE#         131
  C:1540H         LINE#         132
  C:1542H         LINE#         133
  C:1544H         LINE#         134
  C:1546H         LINE#         135
  C:155DH         LINE#         136
  C:155FH         LINE#         137
  C:1561H         LINE#         138
BL51 BANKED LINKER/LOCATER V6.22                                                      08/23/2021  19:05:03  PAGE 21


  C:1568H         LINE#         139
  C:1572H         LINE#         140
  C:1572H         LINE#         141
  C:1574H         LINE#         142
  C:1574H         LINE#         143
  C:1576H         LINE#         144
  C:1578H         LINE#         145
  C:157AH         LINE#         146
  C:1591H         LINE#         147
  C:1593H         LINE#         148
  C:1595H         LINE#         149
  C:159AH         LINE#         150
  C:159AH         LINE#         152
  C:159CH         LINE#         153
  C:159CH         LINE#         154
  C:159EH         LINE#         155
  C:15A0H         LINE#         156
  C:15A2H         LINE#         157
  C:15B9H         LINE#         158
  C:15BBH         LINE#         159
  C:15BDH         LINE#         160
  C:15C2H         LINE#         162
  C:15C4H         LINE#         163
  C:15C4H         LINE#         164
  C:15C6H         LINE#         165
  C:15C8H         LINE#         166
  C:15CAH         LINE#         167
  C:15D4H         LINE#         168
  C:15D6H         LINE#         169
  C:15D8H         LINE#         170
  C:15DDH         LINE#         172
  C:15DFH         LINE#         173
  C:15DFH         LINE#         174
  C:15E1H         LINE#         175
  C:15E3H         LINE#         176
  C:15E5H         LINE#         177
  C:15F1H         LINE#         178
  C:15F3H         LINE#         179
  C:15F5H         LINE#         180
  C:15FAH         LINE#         181
  C:15FDH         LINE#         182
  C:15FFH         LINE#         183
  C:1601H         LINE#         184
  C:1603H         LINE#         185
  C:1605H         LINE#         186
  C:1607H         LINE#         187
  C:1609H         LINE#         189
  C:160DH         LINE#         190
  C:160DH         LINE#         191
  C:161DH         LINE#         193
  C:1628H         LINE#         194
  C:1628H         LINE#         195
  C:1628H         LINE#         197
  C:162EH         LINE#         198
  C:162EH         LINE#         199
  C:163AH         LINE#         200
  C:163AH         LINE#         202
BL51 BANKED LINKER/LOCATER V6.22                                                      08/23/2021  19:05:03  PAGE 22


  C:163AH         LINE#         203
  C:163CH         LINE#         204
  C:1643H         LINE#         205
  -------         ENDPROC       _LCD_READ_IC_ID
  -------         PROC          _WRITECOMM
  D:0004H         SYMBOL        i
  -------         DO            
  D:0003H         SYMBOL        j
  X:007EH         SYMBOL        DataH
  -------         ENDDO         
  C:38DCH         LINE#         208
  C:38E0H         LINE#         209
  C:38E0H         LINE#         211
  C:38E4H         LINE#         212
  C:38E6H         LINE#         243
  C:38E6H         LINE#         244
  C:38E8H         LINE#         245
  C:38EAH         LINE#         246
  C:38ECH         LINE#         247
  C:38EEH         LINE#         248
  C:38EEH         LINE#         249
  C:38F2H         LINE#         250
  C:38F6H         LINE#         252
  C:38F8H         LINE#         253
  C:38FFH         LINE#         254
  C:3901H         LINE#         255
  C:3903H         LINE#         256
  C:3908H         LINE#         257
  C:3908H         LINE#         319
  C:390AH         LINE#         320
  -------         ENDPROC       _WRITECOMM
  -------         PROC          L?0467
  -------         ENDPROC       L?0467
  -------         PROC          _WRITEDATA
  D:0004H         SYMBOL        i
  -------         DO            
  D:0003H         SYMBOL        j
  X:007EH         SYMBOL        DataH
  -------         ENDDO         
  C:38ADH         LINE#         322
  C:38B1H         LINE#         323
  C:38B1H         LINE#         325
  C:38B5H         LINE#         326
  C:38B7H         LINE#         361
  C:38B7H         LINE#         403
  C:38B9H         LINE#         404
  C:38BBH         LINE#         405
  C:38BDH         LINE#         406
  C:38BFH         LINE#         407
  C:38BFH         LINE#         408
  C:38C3H         LINE#         409
  C:38C7H         LINE#         411
  C:38C9H         LINE#         412
  C:38D0H         LINE#         413
  C:38D2H         LINE#         414
  C:38D4H         LINE#         416
  C:38D9H         LINE#         418
BL51 BANKED LINKER/LOCATER V6.22                                                      08/23/2021  19:05:03  PAGE 23


  C:38D9H         LINE#         513
  C:38DBH         LINE#         514
  -------         ENDPROC       _WRITEDATA
  C:379FH         SYMBOL        L?0466
  -------         PROC          L?0465
  -------         ENDPROC       L?0465
  C:379FH         SYMBOL        L?0466
  -------         PROC          _WRITEDISPDATA
  D:0007H         SYMBOL        DataH
  D:0005H         SYMBOL        DataL
  -------         DO            
  D:0006H         SYMBOL        j
  -------         ENDDO         
  C:37B4H         LINE#         516
  C:37B4H         LINE#         517
  C:37B4H         LINE#         519
  C:37B6H         LINE#         553
  C:37B6H         LINE#         554
  C:37B8H         LINE#         555
  C:37BAH         LINE#         556
  C:37BCH         LINE#         557
  C:37BEH         LINE#         558
  C:37BEH         LINE#         559
  C:37C2H         LINE#         560
  C:37C4H         LINE#         561
  C:37C6H         LINE#         562
  C:37C8H         LINE#         563
  C:37CDH         LINE#         565
  C:37CFH         LINE#         566
  C:37D1H         LINE#         567
  C:37D3H         LINE#         568
  C:37D5H         LINE#         569
  C:37D5H         LINE#         570
  C:37D9H         LINE#         571
  C:37DBH         LINE#         572
  C:37DDH         LINE#         573
  C:37DFH         LINE#         574
  C:37E4H         LINE#         575
  C:37E4H         LINE#         638
  C:37E6H         LINE#         639
  -------         ENDPROC       _WRITEDISPDATA
  -------         PROC          _WRITEONEDOT
  D:0004H         SYMBOL        color
  C:3AF7H         LINE#         641
  C:3AFBH         LINE#         642
  C:3AFBH         LINE#         655
  -------         ENDPROC       _WRITEONEDOT
  -------         PROC          LCD_INIT
  C:1D51H         LINE#         664
  C:1D51H         LINE#         665
  C:1D51H         LINE#         666
  C:1D54H         LINE#         669
  C:1D56H         LINE#         670
  C:1D5DH         LINE#         672
  C:1D5FH         LINE#         673
  C:1D66H         LINE#         675
  C:1D68H         LINE#         676
BL51 BANKED LINKER/LOCATER V6.22                                                      08/23/2021  19:05:03  PAGE 24


  C:1D6FH         LINE#         4769
  C:1D76H         LINE#         4770
  C:1D7BH         LINE#         4771
  C:1D80H         LINE#         4772
  C:1D85H         LINE#         4774
  C:1D8AH         LINE#         4775
  C:1D8FH         LINE#         4776
  C:1D94H         LINE#         4778
  C:1D99H         LINE#         4779
  C:1D9EH         LINE#         4781
  C:1DA3H         LINE#         4782
  C:1DA8H         LINE#         4784
  C:1DADH         LINE#         4786
  C:1DB2H         LINE#         4787
  C:1DB7H         LINE#         4789
  C:1DBCH         LINE#         4790
  C:1DC1H         LINE#         4791
  C:1DC6H         LINE#         4793
  C:1DCBH         LINE#         4794
  C:1DD0H         LINE#         4796
  C:1DD5H         LINE#         4797
  C:1DDAH         LINE#         4798
  C:1DDDH         LINE#         4799
  C:1DE1H         LINE#         4800
  C:1DE6H         LINE#         4802
  C:1DEBH         LINE#         4803
  C:1DF0H         LINE#         4804
  C:1DF3H         LINE#         4805
  C:1DF6H         LINE#         4806
  C:1DFBH         LINE#         4808
  C:1E00H         LINE#         4809
  C:1E05H         LINE#         4811
  C:1E0AH         LINE#         4812
  C:1E0FH         LINE#         4813
  C:1E14H         LINE#         4814
  C:1E17H         LINE#         4815
  C:1E1AH         LINE#         4816
  C:1E1FH         LINE#         4817
  C:1E24H         LINE#         4818
  C:1E29H         LINE#         4819
  C:1E2EH         LINE#         4820
  C:1E33H         LINE#         4821
  C:1E38H         LINE#         4822
  C:1E3DH         LINE#         4823
  C:1E42H         LINE#         4824
  C:1E47H         LINE#         4825
  C:1E4CH         LINE#         4826
  C:1E51H         LINE#         4828
  C:1E56H         LINE#         4829
  C:1E5BH         LINE#         4830
  C:1E60H         LINE#         4831
  C:1E65H         LINE#         4832
  C:1E6AH         LINE#         4833
  C:1E6FH         LINE#         4834
  C:1E74H         LINE#         4835
  C:1E79H         LINE#         4836
  C:1E7EH         LINE#         4837
BL51 BANKED LINKER/LOCATER V6.22                                                      08/23/2021  19:05:03  PAGE 25


  C:1E83H         LINE#         4838
  C:1E88H         LINE#         4839
  C:1E8DH         LINE#         4840
  C:1E92H         LINE#         4841
  C:1E97H         LINE#         4842
  C:1E9AH         LINE#         4843
  C:1E9FH         LINE#         4845
  C:1EA4H         LINE#         4846
  C:1EA9H         LINE#         4847
  C:1EB0H         LINE#         4848
  -------         ENDPROC       LCD_INIT
  C:2C64H         SYMBOL        L?0459
  C:2C6BH         SYMBOL        L?0460
  C:2C74H         SYMBOL        L?0461
  -------         PROC          L?0458
  -------         ENDPROC       L?0458
  C:2C64H         SYMBOL        L?0459
  C:2C6BH         SYMBOL        L?0460
  C:2C74H         SYMBOL        L?0461
  -------         PROC          _?BLOCKWRITE
  p:0000H         SYMBOL        Xstart
  p:0002H         SYMBOL        Xend
  p:0004H         SYMBOL        Ystart
  p:0006H         SYMBOL        Yend
  C:2C7CH         LINE#         5247
  C:2C9DH         LINE#         5350
  C:2CA4H         LINE#         5351
  C:2CABH         LINE#         5352
  C:2CB3H         LINE#         5353
  C:2CBEH         LINE#         5354
  C:2CC8H         LINE#         5356
  C:2CCDH         LINE#         5357
  C:2CD7H         LINE#         5359
  C:2CDEH         LINE#         5360
  C:2CE8H         LINE#         5361
  C:2CEFH         LINE#         5367
  C:2CF4H         LINE#         5370
  C:2CF7H         LINE#         5375
  -------         ENDPROC       _?BLOCKWRITE
  -------         PROC          _DISPCOLOR
  D:0004H         SYMBOL        color
  -------         DO            
  X:005DH         SYMBOL        i
  D:0002H         SYMBOL        m
  X:005FH         SYMBOL        DataH
  X:0060H         SYMBOL        DataL
  -------         ENDDO         
  C:0046H         LINE#         5394
  C:0048H         LINE#         5395
  C:0048H         LINE#         5398
  C:004EH         LINE#         5400
  C:0051H         LINE#         5402
  C:0053H         LINE#         5403
  C:0059H         LINE#         5404
  C:0059H         LINE#         5405
  C:005CH         LINE#         5406
  C:005CH         LINE#         5407
BL51 BANKED LINKER/LOCATER V6.22                                                      08/23/2021  19:05:03  PAGE 26


  C:0066H         LINE#         5408
  C:0071H         LINE#         5409
  C:0087H         LINE#         5411
  C:0089H         LINE#         5412
  -------         ENDPROC       _DISPCOLOR
  -------         PROC          DISPFRAME
  -------         DO            
  D:0002H         SYMBOL        i
  X:005DH         SYMBOL        j
  D:0001H         SYMBOL        DataH
  D:0004H         SYMBOL        DataL
  -------         ENDDO         
  C:2B19H         LINE#         5414
  C:2B19H         LINE#         5415
  C:2B19H         LINE#         5418
  C:2B1CH         LINE#         5420
  C:2B1EH         LINE#         5423
  C:2B22H         LINE#         5424
  C:2B28H         LINE#         5426
  C:2B2AH         LINE#         5427
  C:2B2AH         LINE#         5428
  C:2B2EH         LINE#         5429
  C:2B35H         LINE#         5430
  C:2B40H         LINE#         5432
  C:2B44H         LINE#         5433
  C:2B4AH         LINE#         5435
  C:2B50H         LINE#         5436
  C:2B50H         LINE#         5437
  C:2B54H         LINE#         5438
  C:2B5AH         LINE#         5440
  C:2B5DH         LINE#         5441
  C:2B5DH         LINE#         5442
  C:2B60H         LINE#         5443
  C:2B65H         LINE#         5444
  C:2B70H         LINE#         5446
  C:2B74H         LINE#         5447
  C:2B7AH         LINE#         5449
  C:2B90H         LINE#         5451
  C:2B94H         LINE#         5452
  C:2B9AH         LINE#         5454
  C:2B9DH         LINE#         5455
  C:2B9DH         LINE#         5456
  C:2BA1H         LINE#         5457
  C:2BA8H         LINE#         5458
  C:2BB3H         LINE#         5460
  C:2BB7H         LINE#         5461
  C:2BBDH         LINE#         5463
  C:2BC0H         LINE#         5464
  C:2BC2H         LINE#         5465
  -------         ENDPROC       DISPFRAME
  -------         PROC          DISPBAND
  -------         DO            
  D:0002H         SYMBOL        i
  X:0014H         SYMBOL        j
  X:0015H         SYMBOL        k
  X:0016H         SYMBOL        m
  X:0017H         SYMBOL        n
BL51 BANKED LINKER/LOCATER V6.22                                                      08/23/2021  19:05:03  PAGE 27


  X:0018H         SYMBOL        x
  -------         ENDDO         
  C:1BC0H         LINE#         5467
  C:1BC0H         LINE#         5468
  C:1BC0H         LINE#         5471
  C:1BCAH         LINE#         5472
  C:1BD2H         LINE#         5473
  C:1BD4H         LINE#         5476
  C:1BDDH         LINE#         5477
  C:1BEBH         LINE#         5478
  C:1BEBH         LINE#         5479
  C:1C06H         LINE#         5480
  C:1C21H         LINE#         5481
  C:1C4DH         LINE#         5482
  C:1C54H         LINE#         5483
  C:1C63H         LINE#         5484
  C:1C63H         LINE#         5485
  C:1C7EH         LINE#         5486
  C:1C99H         LINE#         5487
  C:1CC5H         LINE#         5488
  C:1CCCH         LINE#         5489
  C:1CE2H         LINE#         5490
  C:1CE2H         LINE#         5491
  C:1CFDH         LINE#         5492
  C:1D18H         LINE#         5493
  C:1D44H         LINE#         5494
  C:1D4BH         LINE#         5495
  C:1D4DH         LINE#         5496
  C:1D50H         LINE#         5497
  -------         ENDPROC       DISPBAND
  -------         PROC          _DISPPIC
  D:0006H         SYMBOL        picture
  -------         DO            
  X:0019H         SYMBOL        p
  X:001CH         SYMBOL        n
  -------         ENDDO         
  C:3498H         LINE#         5500
  C:3498H         LINE#         5501
  C:3498H         LINE#         5504
  C:34A7H         LINE#         5505
  C:34A7H         LINE#         5506
  C:34A7H         LINE#         5508
  C:34BAH         LINE#         5510
  C:34CDH         LINE#         5511
  C:34CDH         LINE#         5512
  C:34EDH         LINE#         5513
  C:34FAH         LINE#         5515
  -------         ENDPROC       _DISPPIC
  -------         PROC          _DISPPICFROMSD
  X:001EH         SYMBOL        PicNum
  -------         DO            
  X:001FH         SYMBOL        Address_S
  X:0023H         SYMBOL        Address_E
  D:0002H         SYMBOL        i
  X:0027H         SYMBOL        k
  -------         ENDDO         
  C:25CCH         LINE#         5519
BL51 BANKED LINKER/LOCATER V6.22                                                      08/23/2021  19:05:03  PAGE 28


  C:25CFH         LINE#         5520
  C:25CFH         LINE#         5526
  C:25D2H         LINE#         5529
  C:25D4H         LINE#         5531
  C:25D6H         LINE#         5533
  C:25DFH         LINE#         5534
  C:260AH         LINE#         5535
  C:2633H         LINE#         5536
  C:2656H         LINE#         5537
  C:2656H         LINE#         5538
  C:2666H         LINE#         5540
  C:266FH         LINE#         5541
  C:266FH         LINE#         5543
  C:268AH         LINE#         5544
  C:2693H         LINE#         5545
  C:26B2H         LINE#         5547
  C:26B4H         LINE#         5585
  -------         ENDPROC       _DISPPICFROMSD
  -------         PROC          DISPSCALEHOR1
  -------         DO            
  X:002BH         SYMBOL        i
  X:002DH         SYMBOL        j
  D:0002H         SYMBOL        k
  -------         ENDDO         
  C:1644H         LINE#         5590
  C:1644H         LINE#         5591
  C:1644H         LINE#         5594
  C:1647H         LINE#         5597
  C:1649H         LINE#         5598
  C:1649H         LINE#         5599
  C:1669H         LINE#         5600
  C:166FH         LINE#         5601
  C:166FH         LINE#         5602
  C:1675H         LINE#         5603
  C:1675H         LINE#         5604
  C:168AH         LINE#         5605
  C:16A0H         LINE#         5606
  C:16B6H         LINE#         5608
  C:16C1H         LINE#         5611
  C:16C4H         LINE#         5612
  C:16C4H         LINE#         5613
  C:16E4H         LINE#         5614
  C:16EAH         LINE#         5615
  C:16EAH         LINE#         5616
  C:16F0H         LINE#         5617
  C:16F0H         LINE#         5618
  C:171BH         LINE#         5619
  C:1731H         LINE#         5620
  C:1747H         LINE#         5621
  C:1755H         LINE#         5624
  C:1758H         LINE#         5625
  C:1758H         LINE#         5626
  C:1778H         LINE#         5627
  C:177EH         LINE#         5628
  C:177EH         LINE#         5629
  C:1784H         LINE#         5630
  C:1784H         LINE#         5631
BL51 BANKED LINKER/LOCATER V6.22                                                      08/23/2021  19:05:03  PAGE 29


  C:178EH         LINE#         5632
  C:17A4H         LINE#         5633
  C:17BAH         LINE#         5634
  C:17C5H         LINE#         5637
  C:17C8H         LINE#         5638
  C:17C8H         LINE#         5639
  C:17E8H         LINE#         5640
  C:17EEH         LINE#         5641
  C:17EEH         LINE#         5642
  C:17F4H         LINE#         5643
  C:17F4H         LINE#         5644
  C:1827H         LINE#         5645
  C:183DH         LINE#         5646
  C:1853H         LINE#         5647
  C:1861H         LINE#         5648
  C:1863H         LINE#         5649
  -------         ENDPROC       DISPSCALEHOR1
  -------         PROC          DISPSCALEVER
  -------         DO            
  X:002FH         SYMBOL        i
  X:0031H         SYMBOL        j
  D:0002H         SYMBOL        k
  -------         ENDDO         
  C:2278H         LINE#         5651
  C:2278H         LINE#         5652
  C:2278H         LINE#         5721
  C:227BH         LINE#         5723
  C:227DH         LINE#         5724
  C:227DH         LINE#         5725
  C:2283H         LINE#         5726
  C:2283H         LINE#         5727
  C:2289H         LINE#         5728
  C:229FH         LINE#         5729
  C:22AAH         LINE#         5731
  C:22ADH         LINE#         5732
  C:22ADH         LINE#         5734
  C:22B3H         LINE#         5735
  C:22B3H         LINE#         5737
  C:22B9H         LINE#         5738
  C:22B9H         LINE#         5739
  C:22CBH         LINE#         5740
  C:22E1H         LINE#         5742
  C:22E7H         LINE#         5743
  C:22E7H         LINE#         5744
  C:230FH         LINE#         5745
  C:2325H         LINE#         5747
  C:232BH         LINE#         5748
  C:232BH         LINE#         5749
  C:2332H         LINE#         5750
  C:2348H         LINE#         5752
  C:234EH         LINE#         5753
  C:234EH         LINE#         5754
  C:2362H         LINE#         5755
  C:2378H         LINE#         5757
  C:2391H         LINE#         5759
  C:239FH         LINE#         5761
  -------         ENDPROC       DISPSCALEVER
BL51 BANKED LINKER/LOCATER V6.22                                                      08/23/2021  19:05:03  PAGE 30


  -------         PROC          DISPSCALEVER_RED
  -------         DO            
  X:0033H         SYMBOL        i
  X:0035H         SYMBOL        j
  D:0002H         SYMBOL        k
  -------         ENDDO         
  C:2E2FH         LINE#         5763
  C:2E2FH         LINE#         5764
  C:2E2FH         LINE#         5767
  C:2E32H         LINE#         5769
  C:2E34H         LINE#         5771
  C:2E36H         LINE#         5774
  C:2E38H         LINE#         5775
  C:2E38H         LINE#         5776
  C:2E3EH         LINE#         5777
  C:2E3EH         LINE#         5778
  C:2E44H         LINE#         5779
  C:2E5AH         LINE#         5780
  C:2E65H         LINE#         5782
  C:2E68H         LINE#         5783
  C:2E68H         LINE#         5784
  C:2E6EH         LINE#         5785
  C:2E6EH         LINE#         5787
  C:2E74H         LINE#         5788
  C:2E74H         LINE#         5789
  C:2E86H         LINE#         5790
  C:2E9CH         LINE#         5791
  C:2EB2H         LINE#         5793
  C:2EBDH         LINE#         5795
  C:2EBFH         LINE#         5796
  -------         ENDPROC       DISPSCALEVER_RED
  -------         PROC          DISPSCALEVER_GREEN
  -------         DO            
  X:0037H         SYMBOL        i
  X:0039H         SYMBOL        j
  D:0002H         SYMBOL        k
  -------         ENDDO         
  C:2BC3H         LINE#         5798
  C:2BC3H         LINE#         5799
  C:2BC3H         LINE#         5802
  C:2BC6H         LINE#         5804
  C:2BC8H         LINE#         5805
  C:2BCAH         LINE#         5808
  C:2BCCH         LINE#         5809
  C:2BCCH         LINE#         5810
  C:2BD2H         LINE#         5811
  C:2BD2H         LINE#         5812
  C:2BD8H         LINE#         5814
  C:2BEEH         LINE#         5815
  C:2BF9H         LINE#         5817
  C:2BFCH         LINE#         5818
  C:2BFCH         LINE#         5819
  C:2C02H         LINE#         5820
  C:2C02H         LINE#         5822
  C:2C08H         LINE#         5823
  C:2C08H         LINE#         5825
  C:2C29H         LINE#         5826
BL51 BANKED LINKER/LOCATER V6.22                                                      08/23/2021  19:05:03  PAGE 31


  C:2C3FH         LINE#         5827
  C:2C55H         LINE#         5829
  C:2C60H         LINE#         5831
  C:2C62H         LINE#         5832
  -------         ENDPROC       DISPSCALEVER_GREEN
  -------         PROC          DISPSCALEVER_BLUE
  -------         DO            
  X:003BH         SYMBOL        i
  X:003DH         SYMBOL        j
  D:0002H         SYMBOL        k
  -------         ENDDO         
  C:306CH         LINE#         5834
  C:306CH         LINE#         5835
  C:306CH         LINE#         5838
  C:306FH         LINE#         5840
  C:3071H         LINE#         5841
  C:3073H         LINE#         5844
  C:3075H         LINE#         5845
  C:3075H         LINE#         5846
  C:307BH         LINE#         5847
  C:307BH         LINE#         5848
  C:3081H         LINE#         5849
  C:3097H         LINE#         5850
  C:30A2H         LINE#         5852
  C:30A5H         LINE#         5853
  C:30A5H         LINE#         5854
  C:30ABH         LINE#         5855
  C:30ABH         LINE#         5857
  C:30B1H         LINE#         5858
  C:30B1H         LINE#         5859
  C:30B8H         LINE#         5860
  C:30CEH         LINE#         5861
  C:30E4H         LINE#         5863
  C:30EFH         LINE#         5865
  C:30F1H         LINE#         5866
  -------         ENDPROC       DISPSCALEVER_BLUE
  -------         PROC          DISPSCALEVER_GRAY
  -------         DO            
  X:003FH         SYMBOL        i
  X:0041H         SYMBOL        j
  D:0002H         SYMBOL        k
  -------         ENDDO         
  C:2EC0H         LINE#         5868
  C:2EC0H         LINE#         5869
  C:2EC0H         LINE#         5872
  C:2EC3H         LINE#         5874
  C:2EC5H         LINE#         5879
  C:2EC7H         LINE#         5880
  C:2EC7H         LINE#         5881
  C:2ECDH         LINE#         5882
  C:2ECDH         LINE#         5883
  C:2ED3H         LINE#         5885
  C:2EE9H         LINE#         5886
  C:2EF4H         LINE#         5888
  C:2EF7H         LINE#         5889
  C:2EF7H         LINE#         5890
  C:2EFDH         LINE#         5891
BL51 BANKED LINKER/LOCATER V6.22                                                      08/23/2021  19:05:03  PAGE 32


  C:2EFDH         LINE#         5893
  C:2F03H         LINE#         5894
  C:2F03H         LINE#         5895
  C:2F17H         LINE#         5896
  C:2F2DH         LINE#         5897
  C:2F43H         LINE#         5899
  C:2F4EH         LINE#         5901
  C:2F50H         LINE#         5902
  -------         ENDPROC       DISPSCALEVER_GRAY
  -------         PROC          DISPGRAYHOR16
  -------         DO            
  X:005DH         SYMBOL        i
  D:0002H         SYMBOL        j
  X:005FH         SYMBOL        k
  -------         ENDDO         
  C:2CFEH         LINE#         5904
  C:2CFEH         LINE#         5905
  C:2CFEH         LINE#         5908
  C:2D01H         LINE#         5910
  C:2D03H         LINE#         5911
  C:2D05H         LINE#         5913
  C:2D0BH         LINE#         5914
  C:2D0BH         LINE#         5915
  C:2D14H         LINE#         5916
  C:2D14H         LINE#         5917
  C:2D1AH         LINE#         5918
  C:2D21H         LINE#         5920
  C:2D24H         LINE#         5921
  C:2D24H         LINE#         5922
  C:2D2AH         LINE#         5923
  C:2D2AH         LINE#         5924
  C:2D5CH         LINE#         5925
  C:2D72H         LINE#         5926
  C:2D7DH         LINE#         5927
  C:2D96H         LINE#         5929
  C:2D98H         LINE#         5930
  -------         ENDPROC       DISPGRAYHOR16
  -------         PROC          DISPGRAYHOR32
  -------         DO            
  X:0043H         SYMBOL        i
  D:0002H         SYMBOL        j
  X:0045H         SYMBOL        k
  -------         ENDDO         
  C:31F5H         LINE#         5932
  C:31F5H         LINE#         5933
  C:31F5H         LINE#         5936
  C:31F8H         LINE#         5938
  C:31FAH         LINE#         5940
  C:3200H         LINE#         5941
  C:3200H         LINE#         5942
  C:3209H         LINE#         5943
  C:3209H         LINE#         5944
  C:320FH         LINE#         5945
  C:3216H         LINE#         5947
  C:3219H         LINE#         5948
  C:3219H         LINE#         5949
  C:321FH         LINE#         5950
BL51 BANKED LINKER/LOCATER V6.22                                                      08/23/2021  19:05:03  PAGE 33


  C:321FH         LINE#         5951
  C:3233H         LINE#         5952
  C:3249H         LINE#         5953
  C:3254H         LINE#         5954
  C:326AH         LINE#         5956
  C:326CH         LINE#         5957
  -------         ENDPROC       DISPGRAYHOR32
  -------         PROC          DISPSCALEHOR2
  -------         DO            
  X:0047H         SYMBOL        j
  D:0002H         SYMBOL        k
  -------         ENDDO         
  C:1864H         LINE#         5959
  C:1864H         LINE#         5960
  C:1864H         LINE#         5963
  C:1867H         LINE#         5965
  C:1869H         LINE#         5966
  C:1869H         LINE#         5967
  C:186FH         LINE#         5968
  C:188CH         LINE#         5969
  C:1897H         LINE#         5970
  C:189AH         LINE#         5971
  C:189AH         LINE#         5972
  C:18A0H         LINE#         5973
  C:18BDH         LINE#         5974
  C:18C8H         LINE#         5975
  C:18CBH         LINE#         5976
  C:18CBH         LINE#         5977
  C:18D1H         LINE#         5978
  C:18EEH         LINE#         5979
  C:18F9H         LINE#         5980
  C:18FCH         LINE#         5981
  C:18FCH         LINE#         5982
  C:1902H         LINE#         5983
  C:191FH         LINE#         5984
  C:192AH         LINE#         5985
  C:192DH         LINE#         5986
  C:192DH         LINE#         5987
  C:1933H         LINE#         5988
  C:1950H         LINE#         5989
  C:195BH         LINE#         5990
  C:195EH         LINE#         5991
  C:195EH         LINE#         5992
  C:1964H         LINE#         5993
  C:1981H         LINE#         5994
  C:198CH         LINE#         5995
  C:198FH         LINE#         5996
  C:198FH         LINE#         5997
  C:1995H         LINE#         5998
  C:19B2H         LINE#         5999
  C:19BDH         LINE#         6000
  C:19C0H         LINE#         6001
  C:19C0H         LINE#         6002
  C:19C6H         LINE#         6003
  C:19E2H         LINE#         6004
  C:19EDH         LINE#         6005
  C:19F6H         LINE#         6006
BL51 BANKED LINKER/LOCATER V6.22                                                      08/23/2021  19:05:03  PAGE 34


  C:19F6H         LINE#         6007
  C:19FCH         LINE#         6008
  C:1A18H         LINE#         6009
  C:1A1FH         LINE#         6011
  -------         ENDPROC       DISPSCALEHOR2
  -------         PROC          _TOORD
  D:0007H         SYMBOL        ch
  C:34FBH         LINE#         6116
  C:34FBH         LINE#         6117
  C:34FBH         LINE#         6118
  C:3501H         LINE#         6119
  C:3501H         LINE#         6120
  C:3503H         LINE#         6121
  C:3505H         LINE#         6122
  C:3511H         LINE#         6123
  C:3511H         LINE#         6124
  C:3515H         LINE#         6125
  C:3517H         LINE#         6126
  C:3523H         LINE#         6127
  C:3523H         LINE#         6128
  C:3527H         LINE#         6129
  C:3529H         LINE#         6130
  C:3535H         LINE#         6131
  C:3535H         LINE#         6132
  C:3539H         LINE#         6133
  C:353BH         LINE#         6134
  C:3547H         LINE#         6135
  C:3547H         LINE#         6136
  C:354BH         LINE#         6137
  C:354DH         LINE#         6138
  C:3553H         LINE#         6139
  C:3553H         LINE#         6140
  C:3555H         LINE#         6141
  C:3555H         LINE#         6143
  C:3555H         LINE#         6144
  -------         ENDPROC       _TOORD
  C:278AH         SYMBOL        L?0463
  C:27A2H         SYMBOL        L?0464
  -------         PROC          L?0462
  -------         ENDPROC       L?0462
  C:278AH         SYMBOL        L?0463
  C:27A2H         SYMBOL        L?0464
  -------         PROC          _DISPONECHAR
  X:0071H         SYMBOL        ord
  D:0006H         SYMBOL        Xstart
  D:0002H         SYMBOL        Ystart
  X:0076H         SYMBOL        TextColor
  X:0078H         SYMBOL        BackColor
  -------         DO            
  X:007AH         SYMBOL        i
  D:0002H         SYMBOL        j
  X:007BH         SYMBOL        p
  D:0003H         SYMBOL        dat
  D:0006H         SYMBOL        index
  -------         ENDDO         
  C:27B2H         LINE#         6146
  C:27BAH         LINE#         6147
BL51 BANKED LINKER/LOCATER V6.22                                                      08/23/2021  19:05:03  PAGE 35


  C:27BAH         LINE#         6153
[...]


  C:1347H         LINE#         322
  C:1347H         LINE#         323
  C:135CH         LINE#         324
  C:1361H         LINE#         325
  C:1369H         LINE#         326
  C:1373H         LINE#         327
  C:1381H         LINE#         328
  C:138FH         LINE#         329
  C:1391H         LINE#         331
  C:1391H         LINE#         332
  C:1396H         LINE#         333
  C:1399H         LINE#         334
  C:13B1H         LINE#         335
  C:13B1H         LINE#         336
  C:13CAH         LINE#         337
  C:13CFH         LINE#         338
  C:13D7H         LINE#         339
  C:13DEH         LINE#         340
  C:13E3H         LINE#         341
  C:13E3H         LINE#         342
  C:13F7H         LINE#         343
  C:13F7H         LINE#         344
  C:13FEH         LINE#         345
  C:1403H         LINE#         346
  C:1403H         LINE#         347
  C:1411H         LINE#         348
  C:1411H         LINE#         349
  -------         ENDPROC       USBXCORE_HANDLE_SETUP
  -------         PROC          USBXCORE_FORCE_STALL
  C:3A38H         LINE#         356
  C:3A38H         LINE#         358
  C:3A43H         LINE#         359
  C:3A4EH         LINE#         360
  C:3A54H         LINE#         361
  -------         ENDPROC       USBXCORE_FORCE_STALL
  -------         PROC          USBXCORE_GET_STATUS
  C:3355H         LINE#         367
  C:3355H         LINE#         369
  C:3364H         LINE#         370
  C:3364H         LINE#         371
  C:3364H         LINE#         372
  C:3364H         LINE#         373
  C:3364H         LINE#         374
  C:3366H         LINE#         375
  C:3366H         LINE#         379
  C:3366H         LINE#         381
  C:3374H         LINE#         385
  C:3374H         LINE#         386
  C:3374H         LINE#         387
  C:3374H         LINE#         388
  C:3376H         LINE#         390
  C:3376H         LINE#         392
  C:3384H         LINE#         396
  C:3384H         LINE#         397
  C:3391H         LINE#         398
  C:3391H         LINE#         399
  C:3393H         LINE#         401
BL51 BANKED LINKER/LOCATER V6.22                                                      08/23/2021  19:05:03  PAGE 44


  C:3393H         LINE#         402
  C:33A1H         LINE#         403
  C:33AAH         LINE#         404
  C:33AAH         LINE#         405
  C:33AAH         LINE#         406
  C:33ACH         LINE#         407
  C:33ACH         LINE#         408
  C:33AFH         LINE#         409
  C:33AFH         LINE#         410
  C:33AFH         LINE#         411
  C:33B7H         LINE#         412
  C:33B7H         LINE#         413
  C:33BAH         LINE#         414
  C:33C0H         LINE#         415
  C:33C7H         LINE#         416
  C:33C7H         LINE#         417
  -------         ENDPROC       USBXCORE_GET_STATUS
  -------         PROC          USBXCORE_CLEAR_FEATURE
  C:35B0H         LINE#         423
  C:35B0H         LINE#         425
  C:35B6H         LINE#         426
  C:35B6H         LINE#         428
  C:35BDH         LINE#         429
  C:35BDH         LINE#         430
  C:35C8H         LINE#         436
  C:35D3H         LINE#         437
  C:35D8H         LINE#         438
  C:35DAH         LINE#         440
  C:35DAH         LINE#         442
  C:35E5H         LINE#         446
  C:35F0H         LINE#         447
  C:35F5H         LINE#         448
  C:35F5H         LINE#         449
  C:35F7H         LINE#         451
  C:35F7H         LINE#         452
  C:35FAH         LINE#         453
  C:35FAH         LINE#         454
  C:3605H         LINE#         455
  -------         ENDPROC       USBXCORE_CLEAR_FEATURE
  -------         PROC          USBXCORE_VENDOR_USB_API
  C:26B5H         LINE#         462
  C:26B5H         LINE#         464
  C:26BFH         LINE#         465
  C:26BFH         LINE#         466
  C:26C6H         LINE#         467
  C:26C6H         LINE#         468
  C:26C9H         LINE#         469
  C:26CCH         LINE#         470
  C:26CEH         LINE#         472
  C:26CEH         LINE#         473
  C:26D5H         LINE#         474
  C:26D5H         LINE#         477
  C:26E0H         LINE#         482
  C:26EBH         LINE#         483
  C:26F6H         LINE#         485
  C:26F6H         LINE#         486
  C:2709H         LINE#         487
BL51 BANKED LINKER/LOCATER V6.22                                                      08/23/2021  19:05:03  PAGE 45


  C:2709H         LINE#         488
  C:270DH         LINE#         489
  C:2718H         LINE#         491
  C:2718H         LINE#         492
  C:272BH         LINE#         493
  C:272BH         LINE#         494
  C:272FH         LINE#         495
  C:273AH         LINE#         497
  C:2740H         LINE#         498
  C:2748H         LINE#         499
  C:2748H         LINE#         500
  C:274BH         LINE#         501
  C:274BH         LINE#         502
  C:274BH         LINE#         503
  C:2756H         LINE#         504
  C:2756H         LINE#         505
  C:275CH         LINE#         506
  C:2763H         LINE#         507
  C:2763H         LINE#         508
  C:2767H         LINE#         509
  C:2767H         LINE#         510
  C:276DH         LINE#         511
  C:2774H         LINE#         512
  C:2774H         LINE#         513
  C:277FH         LINE#         514
  -------         ENDPROC       USBXCORE_VENDOR_USB_API
  -------         PROC          USBXCORE_SET_FEATURE
  C:3608H         LINE#         521
  C:3608H         LINE#         523
  C:360EH         LINE#         524
  C:360EH         LINE#         526
  C:3615H         LINE#         527
  C:3615H         LINE#         528
  C:3620H         LINE#         534
  C:362BH         LINE#         535
  C:362EH         LINE#         536
  C:3630H         LINE#         538
  C:3630H         LINE#         540
  C:363BH         LINE#         544
  C:3646H         LINE#         545
  C:364CH         LINE#         546
  C:364CH         LINE#         548
  C:364EH         LINE#         550
  C:364EH         LINE#         551
  C:3651H         LINE#         552
  C:3651H         LINE#         553
  C:365CH         LINE#         554
  -------         ENDPROC       USBXCORE_SET_FEATURE
  -------         PROC          USBXCORE_SET_ADDRESS
  C:39F9H         LINE#         561
  C:39F9H         LINE#         563
  C:3A08H         LINE#         564
  C:3A0EH         LINE#         565
  C:3A0EH         LINE#         566
  C:3A11H         LINE#         567
  C:3A13H         LINE#         569
  C:3A13H         LINE#         570
BL51 BANKED LINKER/LOCATER V6.22                                                      08/23/2021  19:05:03  PAGE 46


  C:3A16H         LINE#         571
  C:3A16H         LINE#         572
  -------         ENDPROC       USBXCORE_SET_ADDRESS
  -------         PROC          USBXCORE_GET_DESCRIPTOR
  C:29B8H         LINE#         579
  C:29B8H         LINE#         580
  C:29C7H         LINE#         581
  C:29C7H         LINE#         582
  C:29C7H         LINE#         583
  C:29D5H         LINE#         584
  C:29D9H         LINE#         585
  C:29DBH         LINE#         586
  C:29DBH         LINE#         587
  C:29E9H         LINE#         588
  C:29FCH         LINE#         589
  C:29FEH         LINE#         590
  C:29FEH         LINE#         591
  C:2A22H         LINE#         592
  C:2A2EH         LINE#         593
  C:2A30H         LINE#         594
  C:2A30H         LINE#         595
  C:2A33H         LINE#         596
  C:2A33H         LINE#         597
  C:2A33H         LINE#         598
  C:2A49H         LINE#         599
  C:2A49H         LINE#         600
  C:2A51H         LINE#         601
  C:2A51H         LINE#         602
  C:2A59H         LINE#         603
  C:2A59H         LINE#         604
  C:2A5CH         LINE#         605
  C:2A62H         LINE#         606
  C:2A69H         LINE#         607
  C:2A69H         LINE#         608
  -------         ENDPROC       USBXCORE_GET_DESCRIPTOR
  -------         PROC          USBXCORE_GET_CONFIGURATION
  C:37E7H         LINE#         614
  C:37E7H         LINE#         616
  C:37EFH         LINE#         617
  C:37EFH         LINE#         618
  C:37FBH         LINE#         619
  C:3803H         LINE#         620
  C:3803H         LINE#         621
  C:3807H         LINE#         622
  C:3807H         LINE#         623
  C:3815H         LINE#         624
  C:381DH         LINE#         625
  C:381DH         LINE#         626
  C:3820H         LINE#         627
  C:3826H         LINE#         628
  C:382DH         LINE#         629
  -------         ENDPROC       USBXCORE_GET_CONFIGURATION
  -------         PROC          USBXCORE_SET_CONFIGURATION
  C:3556H         LINE#         635
  C:3556H         LINE#         637
  C:355FH         LINE#         638
  C:355FH         LINE#         639
BL51 BANKED LINKER/LOCATER V6.22                                                      08/23/2021  19:05:03  PAGE 47


  C:3566H         LINE#         640
  C:356CH         LINE#         641
  C:3571H         LINE#         642
  C:3573H         LINE#         644
  C:357EH         LINE#         645
  C:3589H         LINE#         646
  C:3594H         LINE#         653
  C:359FH         LINE#         654
  C:35A1H         LINE#         656
  C:35A1H         LINE#         657
  C:35A7H         LINE#         658
  C:35ABH         LINE#         659
  C:35ADH         LINE#         660
  C:35ADH         LINE#         661
  -------         ENDPROC       USBXCORE_SET_CONFIGURATION
  -------         PROC          USBXCORE_GET_INTERFACE
  C:398AH         LINE#         668
  C:398AH         LINE#         670
  C:3998H         LINE#         671
  C:39A0H         LINE#         672
  C:39A3H         LINE#         673
  C:39A9H         LINE#         674
  C:39B0H         LINE#         675
  -------         ENDPROC       USBXCORE_GET_INTERFACE
  -------         PROC          USBXCORE_SET_SOP
  C:3A9AH         LINE#         682
  C:3A9AH         LINE#         684
  C:3AA2H         LINE#         685
  C:3AA2H         LINE#         686
  C:3AADH         LINE#         687
  C:3AADH         LINE#         688
  -------         ENDPROC       USBXCORE_SET_SOP
  -------         PROC          USBXCORE_USB_ISR
  C:1EB5H         LINE#         699
  C:1ED2H         LINE#         702
  C:1ED8H         LINE#         703
  C:1EEBH         LINE#         706
  C:1EFEH         LINE#         709
  C:1F02H         LINE#         710
  C:1F02H         LINE#         711
  C:1F0DH         LINE#         712
  C:1F0DH         LINE#         714
  C:1F14H         LINE#         715
  C:1F14H         LINE#         716
  C:1F17H         LINE#         717
  C:1F17H         LINE#         719
  C:1F1EH         LINE#         720
  C:1F1EH         LINE#         721
  C:1F2BH         LINE#         722
  C:1F2BH         LINE#         723
  C:1F32H         LINE#         724
  C:1F32H         LINE#         725
  C:1F32H         LINE#         727
  C:1F32H         LINE#         728
  C:1F32H         LINE#         730
  C:1F32H         LINE#         732
  C:1F45H         LINE#         734
BL51 BANKED LINKER/LOCATER V6.22                                                      08/23/2021  19:05:03  PAGE 48


  C:1F49H         LINE#         735
  C:1F49H         LINE#         736
  C:1F4CH         LINE#         737
  C:1F4CH         LINE#         740
  C:1F53H         LINE#         741
  C:1F53H         LINE#         742
  C:1F5EH         LINE#         748
  C:1F71H         LINE#         749
  C:1F76H         LINE#         750
  C:1F76H         LINE#         751
  C:1F7DH         LINE#         752
  C:1F7DH         LINE#         754
  C:1F7DH         LINE#         756
  C:1F90H         LINE#         759
  C:1F94H         LINE#         760
  C:1F94H         LINE#         761
  C:1F9FH         LINE#         767
  C:1FB2H         LINE#         768
  C:1FB6H         LINE#         769
  C:1FB6H         LINE#         770
  C:1FBDH         LINE#         771
  C:1FBDH         LINE#         772
  C:1FBDH         LINE#         775
  C:1FCBH         LINE#         776
  C:1FD0H         LINE#         777
  C:1FD6H         LINE#         778
  C:1FDBH         LINE#         781
  C:1FE8H         LINE#         782
  C:1FE8H         LINE#         783
  C:1FEBH         LINE#         784
  C:1FEBH         LINE#         785
  -------         ENDPROC       USBXCORE_USB_ISR
  -------         ENDMOD        USB_API

  -------         MODULE        USB_SUSPEND
  C:0000H         SYMBOL        _ICE_DUMMY_
  D:00D7H         PUBLIC        USB0XCN
  D:00C9H         PUBLIC        REG0CN
  C:3938H         PUBLIC        USB_Suspend
  D:00A9H         PUBLIC        CLKSEL
  D:00B2H         PUBLIC        OSCICN
  D:00B9H         PUBLIC        CLKMUL
  -------         PROC          USB_SUSPEND
  C:3938H         LINE#         70
  C:3938H         LINE#         72
  C:393BH         LINE#         74
  C:393EH         LINE#         76
  C:3946H         LINE#         79
  C:3949H         LINE#         80
  C:394CH         LINE#         81
  C:394FH         LINE#         82
  C:3952H         LINE#         84
  C:3953H         LINE#         86
  C:3956H         LINE#         88
  C:395CH         LINE#         92
  C:395FH         LINE#         94
  C:3962H         LINE#         95
BL51 BANKED LINKER/LOCATER V6.22                                                      08/23/2021  19:05:03  PAGE 49


  -------         ENDPROC       USB_SUSPEND
  -------         ENDMOD        USB_SUSPEND

  -------         MODULE        USB_INT_ENABLE
  C:0000H         SYMBOL        _ICE_DUMMY_
  C:3A55H         PUBLIC        USB_Int_Enable
  D:0096H         PUBLIC        USB0ADR
  D:0097H         PUBLIC        USB0DAT
  -------         PROC          USB_INT_ENABLE
  C:3A55H         LINE#         68
  C:3A55H         LINE#         71
  C:3A5CH         LINE#         73
  C:3A62H         LINE#         74
  C:3A62H         LINE#         75
  C:3A6DH         LINE#         77
  C:3A6DH         LINE#         78
  -------         ENDPROC       USB_INT_ENABLE
  -------         ENDMOD        USB_INT_ENABLE

  -------         MODULE        USB_CLOCK_RECOVERY
  C:0000H         SYMBOL        _ICE_DUMMY_
  C:3AE0H         PUBLIC        USBXcore_ClkRec
  D:0096H         PUBLIC        USB0ADR
  D:0097H         PUBLIC        USB0DAT
  -------         PROC          USBXCORE_CLKREC
  C:3AE0H         LINE#         45
  C:3AE0H         LINE#         47
  C:3AEBH         LINE#         48
  -------         ENDPROC       USBXCORE_CLKREC
  -------         ENDMOD        USB_CLOCK_RECOVERY

  -------         MODULE        ?C?FPMUL
  C:0C9AH         PUBLIC        ?C?FPMUL
  -------         ENDMOD        ?C?FPMUL

  -------         MODULE        ?C?FCAST
  C:0DAAH         PUBLIC        ?C?FCASTC
  C:0DA5H         PUBLIC        ?C?FCASTI
  C:0DA0H         PUBLIC        ?C?FCASTL
  -------         ENDMOD        ?C?FCAST

  -------         MODULE        ?C?CASTF
  C:0DDEH         PUBLIC        ?C?CASTF
  -------         ENDMOD        ?C?CASTF

  -------         MODULE        ?C?COPY
  C:0F2FH         PUBLIC        ?C?COPY
  -------         ENDMOD        ?C?COPY

  -------         MODULE        ?C?CLDPTR
  C:0F55H         PUBLIC        ?C?CLDPTR
  -------         ENDMOD        ?C?CLDPTR

  -------         MODULE        ?C?CLDOPTR
  C:0F6EH         PUBLIC        ?C?CLDOPTR
  -------         ENDMOD        ?C?CLDOPTR

BL51 BANKED LINKER/LOCATER V6.22                                                      08/23/2021  19:05:03  PAGE 50


  -------         MODULE        ?C?IMUL
  C:0F9BH         PUBLIC        ?C?IMUL
  -------         ENDMOD        ?C?IMUL

  -------         MODULE        ?C?IILDX
  C:0FADH         PUBLIC        ?C?IILDX
  -------         ENDMOD        ?C?IILDX

  -------         MODULE        ?C?ILDOPTR
  C:0FC3H         PUBLIC        ?C?ILDOPTR
  -------         ENDMOD        ?C?ILDOPTR

  -------         MODULE        ?C?LMUL
  C:0FFBH         PUBLIC        ?C?LMUL
  -------         ENDMOD        ?C?LMUL

  -------         MODULE        ?C?ULDIV
  C:1086H         PUBLIC        ?C?ULDIV
  -------         ENDMOD        ?C?ULDIV

  -------         MODULE        ?C?LNEG
  C:1118H         PUBLIC        ?C?LNEG
  -------         ENDMOD        ?C?LNEG

  -------         MODULE        ?C?ULCMP
  C:1126H         PUBLIC        ?C?ULCMP
  -------         ENDMOD        ?C?ULCMP

  -------         MODULE        ?C?ULSHR
  C:1137H         PUBLIC        ?C?ULSHR
  -------         ENDMOD        ?C?ULSHR

  -------         MODULE        ?C?LSHL
  C:114AH         PUBLIC        ?C?LSHL
  -------         ENDMOD        ?C?LSHL

  -------         MODULE        ?C?LLDIPDATA
  C:1166H         PUBLIC        ?C?LLDIPDATA
  C:115DH         PUBLIC        ?C?LLDIPDATA1
  C:115FH         PUBLIC        ?C?LLDIPDATA8
  -------         ENDMOD        ?C?LLDIPDATA

  -------         MODULE        ?C?LSTXDATA
  C:117DH         PUBLIC        ?C?LSTXDATA
  -------         ENDMOD        ?C?LSTXDATA

  -------         MODULE        ?C?LSTPDATA
  C:1189H         PUBLIC        ?C?LSTPDATA
  -------         ENDMOD        ?C?LSTPDATA

  -------         MODULE        ?C?LSTKXDATA
  C:1195H         PUBLIC        ?C?LSTKXDATA
  -------         ENDMOD        ?C?LSTKXDATA

  -------         MODULE        ?C?LSTKPDATA
  C:11C6H         PUBLIC        ?C?LSTKPDATA
  -------         ENDMOD        ?C?LSTKPDATA
BL51 BANKED LINKER/LOCATER V6.22                                                      08/23/2021  19:05:03  PAGE 51



  -------         MODULE        ?C_PBP
  D:0008H         PUBLIC        ?C_PBP
  -------         ENDMOD        ?C_PBP

*** WARNING L14: INCOMPATIBLE MEMORY MODEL
    MODULE:  .\USBX_F34X.LIB (USB_API)
    MODEL:   SMALL

*** WARNING L14: INCOMPATIBLE MEMORY MODEL
    MODULE:  .\USBX_F34X.LIB (USB_SUSPEND)
    MODEL:   SMALL

*** WARNING L14: INCOMPATIBLE MEMORY MODEL
    MODULE:  .\USBX_F34X.LIB (USB_INT_ENABLE)
    MODEL:   SMALL

*** WARNING L14: INCOMPATIBLE MEMORY MODEL
    MODULE:  .\USBX_F34X.LIB (USB_CLOCK_RECOVERY)
    MODEL:   SMALL

*** WARNING L16: UNCALLED SEGMENT, IGNORED FOR OVERLAY PROCESS
    SEGMENT: ?PR?SD_INIT?MMC_SD

*** WARNING L16: UNCALLED SEGMENT, IGNORED FOR OVERLAY PROCESS
    SEGMENT: ?PR?DISPBAND?LCD

*** WARNING L16: UNCALLED SEGMENT, IGNORED FOR OVERLAY PROCESS
    SEGMENT: ?PR?_DISPPIC?LCD

*** WARNING L16: UNCALLED SEGMENT, IGNORED FOR OVERLAY PROCESS
    SEGMENT: ?PR?_DISPPICFROMSD?LCD

*** WARNING L16: UNCALLED SEGMENT, IGNORED FOR OVERLAY PROCESS
    SEGMENT: ?PR?DISPSCALEHOR1?LCD

*** WARNING L16: UNCALLED SEGMENT, IGNORED FOR OVERLAY PROCESS
    SEGMENT: ?PR?DISPSCALEVER?LCD

*** WARNING L16: UNCALLED SEGMENT, IGNORED FOR OVERLAY PROCESS
    SEGMENT: ?PR?DISPSCALEVER_RED?LCD

*** WARNING L16: UNCALLED SEGMENT, IGNORED FOR OVERLAY PROCESS
    SEGMENT: ?PR?DISPSCALEVER_GREEN?LCD

*** WARNING L16: UNCALLED SEGMENT, IGNORED FOR OVERLAY PROCESS
    SEGMENT: ?PR?DISPSCALEVER_BLUE?LCD

*** WARNING L16: UNCALLED SEGMENT, IGNORED FOR OVERLAY PROCESS
    SEGMENT: ?PR?DISPSCALEVER_GRAY?LCD

*** WARNING L16: UNCALLED SEGMENT, IGNORED FOR OVERLAY PROCESS
    SEGMENT: ?PR?DISPGRAYHOR32?LCD

*** WARNING L16: UNCALLED SEGMENT, IGNORED FOR OVERLAY PROCESS
    SEGMENT: ?PR?DISPSCALEHOR2?LCD

BL51 BANKED LINKER/LOCATER V6.22                                                      08/23/2021  19:05:03  PAGE 52


*** WARNING L16: UNCALLED SEGMENT, IGNORED FOR OVERLAY PROCESS
    SEGMENT: ?PR?_DRAWGIRD?LCD

*** WARNING L15: MULTIPLE CALL TO SEGMENT
    SEGMENT: ?PR?_WRITECOMM?LCD
    CALLER1: ?PR?USB_API_TEST_ISR?MAIN
    CALLER2: ?C_C51STARTUP

*** WARNING L15: MULTIPLE CALL TO SEGMENT
    SEGMENT: ?PR?_WRITEDATA?LCD
    CALLER1: ?PR?USB_API_TEST_ISR?MAIN
    CALLER2: ?C_C51STARTUP

Program Size: data=10.0 xdata=1222 code=15100
LINK/LOCATE RUN COMPLETE.  19 WARNING(S),  0 ERROR(S)
