BL51 BANKED LINKER/LOCATER V6.22                                                        09/20/2019  10:04:50  PAGE 1


BL51 BANKED LINKER/LOCATER V6.22, INVOKED BY:
C:\KEIL\C51\BIN\BL51.EXE main.obj, mmc_sd.obj, lcd.obj, tp.obj, .\USBX_F34X.LIB TO ILI9340X_CTC24_H8 RAMSIZE (256)


MEMORY MODEL: COMPACT WITH FLOATING POINT ARITHMETIC


INPUT MODULES INCLUDED:
  main.obj (MAIN)
  mmc_sd.obj (MMC_SD)
  lcd.obj (LCD)
  tp.obj (TP)
  .\USBX_F34X.LIB (USB_API)
  .\USBX_F34X.LIB (USB_CLOCK_START)
  .\USBX_F34X.LIB (USB_SUSPEND)
  .\USBX_F34X.LIB (GET_INTERRUPT_SOURCE)
  .\USBX_F34X.LIB (BLOCK_READ)
  .\USBX_F34X.LIB (BLOCK_WRITE)
  .\USBX_F34X.LIB (USB_INT_ENABLE)
  .\USBX_F34X.LIB (USB_CLOCK_RECOVERY)
  .\USBX_F34X.LIB (USB_JUMP_ISR)
  C:\KEIL\C51\LIB\C51FPC.LIB (?C?FPMUL)
  C:\KEIL\C51\LIB\C51FPC.LIB (?C?FCAST)
  C:\KEIL\C51\LIB\C51FPC.LIB (?C?CASTF)
  C:\KEIL\C51\LIB\C51FPC.LIB (?C?FPGETOPN)
  C:\KEIL\C51\LIB\C51C.LIB (?C_STARTUP)
  C:\KEIL\C51\LIB\C51C.LIB (?C?COPY)
  C:\KEIL\C51\LIB\C51C.LIB (?C?CLDPTR)
  C:\KEIL\C51\LIB\C51C.LIB (?C?CLDOPTR)
  C:\KEIL\C51\LIB\C51C.LIB (?C?IMUL)
  C:\KEIL\C51\LIB\C51C.LIB (?C?IILDX)
  C:\KEIL\C51\LIB\C51C.LIB (?C?LMUL)
  C:\KEIL\C51\LIB\C51C.LIB (?C?ULDIV)
  C:\KEIL\C51\LIB\C51C.LIB (?C?LNEG)
  C:\KEIL\C51\LIB\C51C.LIB (?C?ULCMP)
  C:\KEIL\C51\LIB\C51C.LIB (?C?ULSHR)
  C:\KEIL\C51\LIB\C51C.LIB (?C?LSHL)
  C:\KEIL\C51\LIB\C51C.LIB (?C?LLDIPDATA)
  C:\KEIL\C51\LIB\C51C.LIB (?C?LSTXDATA)
  C:\KEIL\C51\LIB\C51C.LIB (?C?LSTPDATA)
  C:\KEIL\C51\LIB\C51C.LIB (?C?LSTKXDATA)
  C:\KEIL\C51\LIB\C51C.LIB (?C?LSTKPDATA)
  C:\KEIL\C51\LIB\C51C.LIB (?C_PBP)
  C:\KEIL\C51\LIB\C51C.LIB (?C_INIT)


LINK MAP OF MODULE:  ILI9340X_CTC24_H8 (MAIN)


            TYPE    BASE      LENGTH    RELOCATION   SEGMENT NAME
            -----------------------------------------------------

            * * * * * * *   D A T A   M E M O R Y   * * * * * * *
            REG     0000H     0008H     ABSOLUTE     "REG BANK 0"
            DATA    0008H     0001H     UNIT         ?C?LIB_DATA
            IDATA   0009H     0001H     UNIT         ?STACK

            * * * * * * *  X D A T A   M E M O R Y  * * * * * * *
BL51 BANKED LINKER/LOCATER V6.22                                                      09/20/2019  10:04:50  PAGE 2


            XDATA   0000H     0010H     INPAGE       ?PD?MAIN
            XDATA   0010H     0004H     INPAGE       ?PD?_MMC_SD_READSINGLEBLOCK?MMC_SD
            XDATA   0014H     000DH     INPAGE       ?PD?_DISPPICFROMSD?LCD
            XDATA   0021H     0004H     INPAGE       ?PD?DISPSCALEHOR1?LCD
            XDATA   0025H     0004H     INPAGE       ?PD?DISPSCALEVER?LCD
            XDATA   0029H     0004H     INPAGE       ?PD?DISPSCALEVER_RED?LCD
            XDATA   002DH     0004H     INPAGE       ?PD?DISPSCALEVER_GREEN?LCD
            XDATA   0031H     0004H     INPAGE       ?PD?DISPSCALEVER_BLUE?LCD
            XDATA   0035H     0004H     INPAGE       ?PD?DISPSCALEVER_GRAY?LCD
            XDATA   0039H     0004H     INPAGE       ?PD?DISPGRAYHOR32?LCD
            XDATA   003DH     0002H     INPAGE       ?PD?DISPSCALEHOR2?LCD
            XDATA   003FH     000CH     INPAGE       ?PD?_DRAWLINE?LCD
            XDATA   004BH     0004H     INPAGE       ?PD?_DRAWGIRD?LCD
            XDATA   004FH     0002H     INPAGE       ?PD?LCD
            XDATA   0051H     0026H     INPAGE       _PDATA_GROUP_
            XDATA   0077H     0200H     UNIT         ?XD?MMC_SD
            XDATA   0277H     0058H     UNIT         _XDATA_GROUP_
            XDATA   02CFH     0040H     UNIT         ?XD?MAIN
                    030FH     0331H                  *** GAP ***
            XDATA   0640H     0100H     ABSOLUTE     
            XDATA   0740H     0012H     ABSOLUTE     
            XDATA   0752H     0020H     ABSOLUTE     
            XDATA   0772H     000CH     ABSOLUTE     
            XDATA   077EH     0008H     ABSOLUTE     
            XDATA   0786H     0001H     ABSOLUTE     
            XDATA   0787H     0003H     ABSOLUTE     
            XDATA   078AH     0002H     ABSOLUTE     
            XDATA   078CH     0002H     ABSOLUTE     
            XDATA   078EH     0003H     ABSOLUTE     
            XDATA   0791H     0001H     ABSOLUTE     
            XDATA   0792H     0001H     ABSOLUTE     
            XDATA   0793H     0001H     ABSOLUTE     
            XDATA   0794H     0001H     ABSOLUTE     
            XDATA   0795H     0002H     ABSOLUTE     
            XDATA   0797H     0002H     ABSOLUTE     
            XDATA   0799H     0001H     ABSOLUTE     
            XDATA   079AH     0001H     ABSOLUTE     
            XDATA   079BH     0001H     ABSOLUTE     
            XDATA   079CH     0001H     ABSOLUTE     
            XDATA   079DH     0001H     ABSOLUTE     
            XDATA   079EH     0001H     ABSOLUTE     
            XDATA   079FH     0002H     ABSOLUTE     
            XDATA   07A1H     0001H     ABSOLUTE     
            XDATA   07A2H     0001H     ABSOLUTE     
            XDATA   07A3H     000CH     ABSOLUTE     
                    07AFH     0011H                  *** GAP ***
            XDATA   07C0H     0040H     ABSOLUTE     

            * * * * * * *   C O D E   M E M O R Y   * * * * * * *
            CODE    0000H     0003H     ABSOLUTE     
            CODE    0003H     003AH     UNIT         ?CO?USB_API
            CODE    003DH     0003H     UNIT         ?PR?SUSPEND_DEVICE?MAIN
                    0040H     0003H                  *** GAP ***
            CODE    0043H     0003H     ABSOLUTE     
            CODE    0046H     0044H     UNIT         ?PR?_DISPCOLOR?LCD
                    008AH     0001H                  *** GAP ***
            CODE    008BH     0003H     ABSOLUTE     
BL51 BANKED LINKER/LOCATER V6.22                                                      09/20/2019  10:04:50  PAGE 3


            CODE    008EH     060CH     UNIT         ?PR?CONNTOUSB?MAIN
            CODE    069AH     0600H     UNIT         ?CO?LCD
            CODE    0C9AH     050DH     UNIT         ?C?LIB_CODE
            CODE    11A7H     0233H     UNIT         ?PR?USBXCORE_HANDLE_SETUP?USB_API
            CODE    13DAH     0226H     UNIT         ?PR?DISPSCALEHOR1?LCD
            CODE    1600H     01BAH     UNIT         ?PR?DISPSCALEHOR2?LCD
            CODE    17BAH     01A0H     UNIT         ?PR?TP_DRAWLINE?TP
            CODE    195AH     018EH     UNIT         ?PR?DISPBAND?LCD
            CODE    1AE8H     0182H     UNIT         ?PR?LCD_INIT?LCD
            CODE    1C6AH     0151H     UNIT         ?PR?USBXCORE_USB_ISR?USB_API
            CODE    1DBBH     0142H     UNIT         ?PR?_LCD_READ_IC_ID?LCD
            CODE    1EFDH     013DH     UNIT         ?PR?USB_API_TEST_ISR?MAIN
            CODE    203AH     0137H     UNIT         ?PR?_USB_INIT?USB_API
            CODE    2171H     0128H     UNIT         ?PR?DISPSCALEVER?LCD
            CODE    2299H     011BH     UNIT         ?PR?_TP_GETPOSITION?TP
            CODE    23B4H     0111H     UNIT         ?PR?_BLOCK_WRITE?BLOCK_WRITE
            CODE    24C5H     00E9H     UNIT         ?PR?_DISPPICFROMSD?LCD
            CODE    25AEH     00CDH     UNIT         ?PR?USBXCORE_VENDOR_USB_API?USB_API
            CODE    267BH     00CBH     UNIT         ?PR?_DISPONECHAR?LCD
            CODE    2746H     00B7H     UNIT         ?PR?MMC_SD_RESET?MMC_SD
            CODE    27FDH     00B3H     UNIT         ?PR?_DISPINT?LCD
            CODE    28B0H     00B2H     UNIT         ?PR?USBXCORE_GET_DESCRIPTOR?USB_API
            CODE    2962H     00AFH     UNIT         ?PR?_BLOCK_READ?BLOCK_READ
            CODE    2A11H     00A4H     UNIT         ?PR?DISPFRAME?LCD
            CODE    2AB5H     00A3H     UNIT         ?PR?_?BLOCKWRITE?LCD
            CODE    2B58H     00A0H     UNIT         ?PR?DISPSCALEVER_GREEN?LCD
            CODE    2BF8H     009BH     UNIT         ?PR?DISPGRAYHOR16?LCD
            CODE    2C93H     0096H     UNIT         ?PR?_DISPSTR?LCD
            CODE    2D29H     0091H     UNIT         ?PR?DISPSCALEVER_RED?LCD
            CODE    2DBAH     0091H     UNIT         ?PR?DISPSCALEVER_GRAY?LCD
            CODE    2E4BH     0090H     UNIT         ?PR?_DRAWGIRD?LCD
            CODE    2EDBH     008CH     UNIT         ?C_C51STARTUP
            CODE    2F67H     0086H     UNIT         ?PR?DISPSCALEVER_BLUE?LCD
            CODE    2FEDH     0086H     UNIT         ?PR?_DRAWLINE?LCD
            CODE    3073H     007DH     UNIT         ?PR?_MMC_SD_WRITESINGLEBLOCK?MMC_SD
            CODE    30F0H     0076H     UNIT         ?PR?DISPGRAYHOR32?LCD
            CODE    3166H     0075H     UNIT         ?PR?_MMC_SD_SENDCOMMAND?MMC_SD
            CODE    31DBH     0073H     UNIT         ?PR?TP_READ?TP
            CODE    324EH     0073H     UNIT         ?PR?USBXCORE_GET_STATUS?USB_API
            CODE    32C1H     006CH     UNIT         ?PR?DEVICES_INIT?MAIN
            CODE    332DH     0064H     UNIT         ?PR?_MMC_SD_READSINGLEBLOCK?MMC_SD
            CODE    3391H     005BH     UNIT         ?PR?_TOORD?LCD
            CODE    33ECH     005AH     UNIT         ?PR?USBXCORE_SET_CONFIGURATION?USB_API
            CODE    3446H     0058H     UNIT         ?PR?USBXCORE_CLEAR_FEATURE?USB_API
            CODE    349EH     0057H     UNIT         ?PR?USBXCORE_SET_FEATURE?USB_API
            CODE    34F5H     0055H     UNIT         ?PR?_STOPDELAY?MAIN
            CODE    354AH     0052H     UNIT         ?PR?_PUTPIXEL?LCD
            CODE    359CH     0050H     UNIT         ?CO?MAIN
            CODE    35ECH     0047H     UNIT         ?PR?USBXCORE_GET_CONFIGURATION?USB_API
            CODE    3633H     0043H     UNIT         ?PR?MCU_INIT?MAIN
            CODE    3676H     0038H     UNIT         ?PR?USB_CLOCK_START?USB_CLOCK_START
            CODE    36AEH     002DH     UNIT         ?C_INITSEG
            CODE    36DBH     002CH     UNIT         ?PR?_WRITEDISPDATA?LCD
            CODE    3707H     002BH     UNIT         ?PR?USB_SUSPEND?USB_SUSPEND
            CODE    3732H     0027H     UNIT         ?PR?MAIN?MAIN
            CODE    3759H     0027H     UNIT         ?PR?USBXCORE_USB_RESET?USB_API
            CODE    3780H     0027H     UNIT         ?PR?USBXCORE_GET_INTERFACE?USB_API
BL51 BANKED LINKER/LOCATER V6.22                                                      09/20/2019  10:04:50  PAGE 4


            CODE    37A7H     0026H     UNIT         ?PR?_TP_WRITE?TP
            CODE    37CDH     0022H     UNIT         ?PR?USBXCORE_JUMP_ISR?USB_JUMP_ISR
            CODE    37EFH     0020H     UNIT         ?PR?USBXCORE_SET_ADDRESS?USB_API
            CODE    380FH     001FH     UNIT         ?PR?_DELAY?MAIN
            CODE    382EH     001DH     UNIT         ?PR?USBXCORE_FORCE_STALL?USB_API
            CODE    384BH     001CH     UNIT         ?PR?_WRITECOMM?LCD
            CODE    3867H     001AH     UNIT         ?PR?_WRITEDATA?LCD
            CODE    3881H     0019H     UNIT         ?PR?USB_INT_ENABLE?USB_INT_ENABLE
            CODE    389AH     0016H     UNIT         ?PR?_SPI_WRITEBYTE?MMC_SD
            CODE    38B0H     0016H     UNIT         ?PR?READDATA?LCD
            CODE    38C6H     0014H     UNIT         ?PR?USBXCORE_SET_SOP?USB_API
            CODE    38DAH     0013H     UNIT         ?PR?WAITKEY?MAIN
            CODE    38EDH     0011H     UNIT         ?PR?SD_INIT?MMC_SD
            CODE    38FEH     000EH     UNIT         ?PR?GET_INTERRUPT_SOURCE?GET_INTERRUPT_SOURCE
            CODE    390CH     000CH     UNIT         ?PR?USBXCORE_CLKREC?USB_CLOCK_RECOVERY
            CODE    3918H     000BH     UNIT         ?PR?SPI_READBYTE?MMC_SD
            CODE    3923H     0009H     UNIT         ?PR?_WRITEONEDOT?LCD



OVERLAY MAP OF MODULE:   ILI9340X_CTC24_H8 (MAIN)


SEGMENT                                            PDATA_GROUP         XDATA_GROUP
  +--> CALLED SEGMENT                            START    LENGTH     START    LENGTH
------------------------------------------------------------------------------------
?PR?USB_API_TEST_ISR?MAIN                        0051H    0001H      -----    -----
  +--> ?PR?GET_INTERRUPT_SOURCE?GET_INTERRUP...
  +--> ?PR?_BLOCK_READ?BLOCK_READ
  +--> ?PR?SUSPEND_DEVICE?MAIN
  +--> ?PR?MCU_INIT?MAIN
  +--> ?PR?_?BLOCKWRITE?LCD

?PR?SUSPEND_DEVICE?MAIN                          -----    -----      -----    -----
  +--> ?PR?USB_SUSPEND?USB_SUSPEND

?PR?USB_SUSPEND?USB_SUSPEND                      -----    -----      -----    -----
  +--> ?PR?USB_CLOCK_START?USB_CLOCK_START

?PR?_?BLOCKWRITE?LCD                             -----    -----      -----    -----
  +--> ?PR?_WRITECOMM?LCD
  +--> ?PR?_WRITEDATA?LCD

?PR?_WRITECOMM?LCD                               0075H    0001H      -----    -----

?PR?_WRITEDATA?LCD                               0075H    0002H      -----    -----

*** NEW ROOT ***************************************************

?PR?USBXCORE_USB_ISR?USB_API                     -----    -----      -----    -----
  +--> ?PR?USBXCORE_USB_RESET?USB_API
  +--> ?PR?USBXCORE_HANDLE_SETUP?USB_API
  +--> ?PR?USBXCORE_JUMP_ISR?USB_JUMP_ISR

?PR?USBXCORE_HANDLE_SETUP?USB_API                -----    -----      -----    -----
  +--> ?PR?USBXCORE_GET_STATUS?USB_API
  +--> ?PR?USBXCORE_CLEAR_FEATURE?USB_API
BL51 BANKED LINKER/LOCATER V6.22                                                      09/20/2019  10:04:50  PAGE 5


  +--> ?PR?USBXCORE_VENDOR_USB_API?USB_API
  +--> ?PR?USBXCORE_SET_FEATURE?USB_API
  +--> ?PR?USBXCORE_SET_ADDRESS?USB_API
  +--> ?PR?USBXCORE_GET_DESCRIPTOR?USB_API
  +--> ?PR?USBXCORE_GET_CONFIGURATION?USB_API
  +--> ?PR?USBXCORE_SET_CONFIGURATION?USB_API
  +--> ?PR?USBXCORE_GET_INTERFACE?USB_API
  +--> ?PR?USBXCORE_SET_SOP?USB_API
  +--> ?PR?USBXCORE_FORCE_STALL?USB_API

?PR?USBXCORE_GET_STATUS?USB_API                  -----    -----      -----    -----
  +--> ?CO?USB_API
  +--> ?PR?USBXCORE_FORCE_STALL?USB_API
  +--> ?PR?USBXCORE_SET_SOP?USB_API

?PR?USBXCORE_CLEAR_FEATURE?USB_API               -----    -----      -----    -----
  +--> ?PR?USBXCORE_FORCE_STALL?USB_API
  +--> ?PR?USBXCORE_SET_SOP?USB_API

?PR?USBXCORE_VENDOR_USB_API?USB_API              -----    -----      -----    -----
  +--> ?PR?USBXCORE_SET_SOP?USB_API

?PR?USBXCORE_SET_FEATURE?USB_API                 -----    -----      -----    -----
  +--> ?PR?USBXCORE_FORCE_STALL?USB_API
  +--> ?PR?USBXCORE_SET_SOP?USB_API

?PR?USBXCORE_SET_ADDRESS?USB_API                 -----    -----      -----    -----
  +--> ?PR?USBXCORE_SET_SOP?USB_API

?PR?USBXCORE_GET_DESCRIPTOR?USB_API              -----    -----      -----    -----
  +--> ?PR?USBXCORE_FORCE_STALL?USB_API
  +--> ?PR?USBXCORE_SET_SOP?USB_API

?PR?USBXCORE_GET_CONFIGURATION?USB_API           -----    -----      -----    -----
  +--> ?CO?USB_API
  +--> ?PR?USBXCORE_SET_SOP?USB_API

?PR?USBXCORE_SET_CONFIGURATION?USB_API           -----    -----      -----    -----
  +--> ?PR?USBXCORE_SET_SOP?USB_API

?PR?USBXCORE_GET_INTERFACE?USB_API               -----    -----      -----    -----
  +--> ?CO?USB_API
  +--> ?PR?USBXCORE_SET_SOP?USB_API

*** NEW ROOT ***************************************************

?C_C51STARTUP                                    -----    -----      -----    -----
  +--> ?PR?MAIN?MAIN
  +--> ?C_INITSEG

?PR?MAIN?MAIN                                    -----    -----      -----    -----
  +--> ?PR?DEVICES_INIT?MAIN
  +--> ?PR?DISPFRAME?LCD
  +--> ?PR?_STOPDELAY?MAIN
  +--> ?PR?DISPBAND?LCD
  +--> ?PR?DISPGRAYHOR16?LCD
  +--> ?PR?_DISPCOLOR?LCD
BL51 BANKED LINKER/LOCATER V6.22                                                      09/20/2019  10:04:50  PAGE 6


  +--> ?PR?TP_DRAWLINE?TP

?PR?DEVICES_INIT?MAIN                            -----    -----      -----    -----
  +--> ?PR?MCU_INIT?MAIN
  +--> ?PR?USB_CLOCK_START?USB_CLOCK_START
  +--> ?CO?MAIN
  +--> ?PR?_USB_INIT?USB_API
  +--> ?PR?USB_INT_ENABLE?USB_INT_ENABLE
  +--> ?PR?LCD_INIT?LCD

?PR?_USB_INIT?USB_API                            -----    -----      0277H    0011H
  +--> ?CO?USB_API
  +--> ?PR?USBXCORE_CLKREC?USB_CLOCK_RECOVERY

?PR?LCD_INIT?LCD                                 -----    -----      -----    -----
  +--> ?PR?READDATA?LCD
  +--> ?PR?_DELAY?MAIN
  +--> ?PR?_WRITECOMM?LCD
  +--> ?PR?_WRITEDATA?LCD

?PR?READDATA?LCD                                 -----    -----      -----    -----
  +--> ?PR?_LCD_READ_IC_ID?LCD

?PR?_LCD_READ_IC_ID?LCD                          005DH    0008H      -----    -----

?PR?DISPFRAME?LCD                                0054H    0002H      -----    -----
  +--> ?PR?_?BLOCKWRITE?LCD
  +--> ?PR?_WRITEDISPDATA?LCD

?PR?_WRITEDISPDATA?LCD                           0075H    0001H      -----    -----

?PR?_STOPDELAY?MAIN                              0054H    0004H      -----    -----
  +--> ?PR?WAITKEY?MAIN
  +--> ?PR?_DELAY?MAIN

?PR?WAITKEY?MAIN                                 -----    -----      -----    -----
  +--> ?PR?CONNTOUSB?MAIN
  +--> ?PR?_DELAY?MAIN

?PR?CONNTOUSB?MAIN                               0058H    0005H      0277H    0058H
  +--> ?CO?MAIN
  +--> ?PR?_WRITECOMM?LCD
  +--> ?PR?_WRITEDATA?LCD
  +--> ?PR?_DISPSTR?LCD
  +--> ?PR?_DISPINT?LCD
  +--> ?PR?_WRITEDISPDATA?LCD
  +--> ?PR?_MMC_SD_WRITESINGLEBLOCK?MMC_SD
  +--> ?PR?_BLOCK_WRITE?BLOCK_WRITE
  +--> ?PR?READDATA?LCD
  +--> ?PR?_DELAY?MAIN

?PR?_DISPSTR?LCD                                 005DH    000BH      -----    -----
  +--> ?PR?_TOORD?LCD
  +--> ?PR?_DISPONECHAR?LCD

?PR?_DISPONECHAR?LCD                             0068H    000DH      -----    -----
  +--> ?PR?_?BLOCKWRITE?LCD
BL51 BANKED LINKER/LOCATER V6.22                                                      09/20/2019  10:04:50  PAGE 7


  +--> ?CO?LCD
  +--> ?PR?_WRITEONEDOT?LCD

?PR?_WRITEONEDOT?LCD                             -----    -----      -----    -----
  +--> ?PR?_WRITEDISPDATA?LCD

?PR?_DISPINT?LCD                                 005DH    000AH      -----    -----
  +--> ?PR?_DISPONECHAR?LCD

?PR?_MMC_SD_WRITESINGLEBLOCK?MMC_SD              005DH    0004H      -----    -----
  +--> ?PR?_MMC_SD_SENDCOMMAND?MMC_SD
  +--> ?PR?_SPI_WRITEBYTE?MMC_SD

?PR?_MMC_SD_SENDCOMMAND?MMC_SD                   0061H    0005H      -----    -----
  +--> ?PR?_SPI_WRITEBYTE?MMC_SD

?PR?DISPBAND?LCD                                 0054H    0005H      -----    -----
  +--> ?PR?_?BLOCKWRITE?LCD
  +--> ?PR?_WRITEDISPDATA?LCD

?PR?DISPGRAYHOR16?LCD                            0054H    0004H      -----    -----
  +--> ?PR?_?BLOCKWRITE?LCD
  +--> ?PR?_WRITEDISPDATA?LCD

?PR?_DISPCOLOR?LCD                               0054H    0004H      -----    -----
  +--> ?PR?_?BLOCKWRITE?LCD
  +--> ?PR?_WRITEDISPDATA?LCD

?PR?TP_DRAWLINE?TP                               -----    -----      0277H    0018H
  +--> ?PR?_DISPCOLOR?LCD
  +--> ?PR?_DELAY?MAIN
  +--> ?PR?_TP_GETPOSITION?TP
  +--> ?PR?_PUTPIXEL?LCD

?PR?_TP_GETPOSITION?TP                           -----    -----      028FH    001BH
  +--> ?PR?_TP_WRITE?TP
  +--> ?PR?TP_READ?TP

?PR?_TP_WRITE?TP                                 -----    -----      02AAH    0001H

?PR?TP_READ?TP                                   -----    -----      02AAH    0005H

?PR?_PUTPIXEL?LCD                                0054H    0002H      -----    -----
  +--> ?PR?_?BLOCKWRITE?LCD
  +--> ?PR?_WRITEDISPDATA?LCD



SYMBOL TABLE OF MODULE:  ILI9340X_CTC24_H8 (MAIN)

  VALUE           TYPE          NAME
  ----------------------------------

  -------         MODULE        MAIN
  C:0000H         SYMBOL        _ICE_DUMMY_
  D:0080H         PUBLIC        P0
  X:0000H         PUBLIC        f_down
BL51 BANKED LINKER/LOCATER V6.22                                                      09/20/2019  10:04:50  PAGE 8


  D:0090H         PUBLIC        P1
  D:00A0H         PUBLIC        P2
  D:00B0H         PUBLIC        P3
  C:35E7H         PUBLIC        USB_MaxPower
  B:00B0H.6       PUBLIC        KEY_STEP
  D:00A4H         PUBLIC        P0MDOUT
  D:00A5H         PUBLIC        P1MDOUT
  D:00A6H         PUBLIC        P2MDOUT
  D:00A7H         PUBLIC        P3MDOUT
  D:00AEH         PUBLIC        P4MDOUT
  B:0080H.6       PUBLIC        OE
  D:00D9H         PUBLIC        PCA0MD
  C:1EFDH         PUBLIC        USB_API_TEST_ISR
  C:003DH         PUBLIC        Suspend_Device
  C:34F9H         PUBLIC        _StopDelay
  D:00E1H         PUBLIC        XBR0
  D:00E2H         PUBLIC        XBR1
  B:00B0H.1       PUBLIC        RS
  C:3732H         PUBLIC        main
  X:0001H         PUBLIC        VerifyCode0
  X:0002H         PUBLIC        VerifyCode1
  C:35B1H         PUBLIC        USB_PID
  X:0003H         PUBLIC        VerifyCode2
  D:00F1H         PUBLIC        P0MDIN
  D:00F2H         PUBLIC        P1MDIN
  C:35B3H         PUBLIC        USB_MfrStr
  D:00F4H         PUBLIC        P3MDIN
  C:35AFH         PUBLIC        USB_VID
  D:00F8H         PUBLIC        SPI0CN
  X:0004H         PUBLIC        pic
  C:32C1H         PUBLIC        Devices_Init
  C:008EH         PUBLIC        ConnToUSB
  D:00A9H         PUBLIC        CLKSEL
  D:00B2H         PUBLIC        OSCICN
  C:35E8H         PUBLIC        USB_PwAttributes
  C:38DAH         PUBLIC        WaitKey
  C:35EBH         SYMBOL        _?ix1000
  B:00B0H.0       PUBLIC        CS0
  X:0005H         PUBLIC        bf
  C:35E9H         PUBLIC        USB_bcdDevice
  D:00B9H         PUBLIC        CLKMUL
  X:0007H         PUBLIC        f_debug
  X:0008H         PUBLIC        sd
  X:02CFH         PUBLIC        Packet
  C:3633H         PUBLIC        MCU_Init
  B:0080H.7       PUBLIC        DIR
  D:00EFH         PUBLIC        RSTSRC
  X:000CH         PUBLIC        f_read
  C:35DDH         PUBLIC        USB_SerialStr
  X:000DH         PUBLIC        f_other
  C:35CDH         PUBLIC        USB_ProductStr
  X:000EH         PUBLIC        f_para
  D:00A1H         PUBLIC        SPI0CFG
  C:380FH         PUBLIC        _Delay
  B:00B0H.7       PUBLIC        KEY_Stop
  X:000FH         PUBLIC        f_init
  -------         PROC          MAIN
BL51 BANKED LINKER/LOCATER V6.22                                                      09/20/2019  10:04:50  PAGE 9


  C:3732H         LINE#         40
  C:3732H         LINE#         41
  C:3732H         LINE#         46
  C:3735H         LINE#         48
  C:3738H         LINE#         49
  C:3738H         LINE#         67
  C:373EH         LINE#         72
  C:3744H         LINE#         73
  C:374AH         LINE#         74
  C:3753H         LINE#         80
  C:3756H         LINE#         82
  C:3758H         LINE#         83
  -------         ENDPROC       MAIN
  -------         PROC          _DELAY
  D:0006H         SYMBOL        dly
  -------         DO            
  D:0004H         SYMBOL        i
  D:0002H         SYMBOL        j
  -------         ENDDO         
  C:380FH         LINE#         86
  C:380FH         LINE#         87
  C:380FH         LINE#         90
  C:3819H         LINE#         91
  C:382DH         LINE#         92
  -------         ENDPROC       _DELAY
  C:34F5H         SYMBOL        L?0133
  -------         PROC          L?0132
  -------         ENDPROC       L?0132
  C:34F5H         SYMBOL        L?0133
  -------         PROC          _STOPDELAY
  X:0054H         SYMBOL        sdly
  -------         DO            
  D:0006H         SYMBOL        i
  D:0004H         SYMBOL        j
  X:0056H         SYMBOL        k
  -------         ENDDO         
  C:34F9H         LINE#         94
  C:3500H         LINE#         95
  C:3500H         LINE#         97
  C:3505H         LINE#         98
  C:3505H         LINE#         99
  C:3508H         LINE#         100
  C:3508H         LINE#         101
  C:3515H         LINE#         102
  C:3529H         LINE#         103
  C:3529H         LINE#         105
  C:3529H         LINE#         106
  C:3533H         LINE#         107
  C:3533H         LINE#         108
  C:3549H         LINE#         109
  -------         ENDPROC       _STOPDELAY
  -------         PROC          WAITKEY
  C:38DAH         LINE#         138
  C:38DAH         LINE#         139
  C:38DAH         LINE#         141
  C:38DDH         LINE#         142
  C:38DDH         LINE#         144
BL51 BANKED LINKER/LOCATER V6.22                                                      09/20/2019  10:04:50  PAGE 10


  C:38E0H         LINE#         146
  C:38E2H         LINE#         147
  C:38E9H         LINE#         148
  C:38ECH         LINE#         150
  -------         ENDPROC       WAITKEY
  -------         PROC          CONNTOUSB
  -------         DO            
  X:0058H         SYMBOL        i
  X:0277H         SYMBOL        reg_data
  X:028FH         SYMBOL        para_data
  D:0007H         SYMBOL        dat
  X:0059H         SYMBOL        reg_index
  X:005BH         SYMBOL        data_num
  X:005CH         SYMBOL        st
  -------         ENDDO         
  C:008EH         LINE#         155
  C:008EH         LINE#         156
  C:008EH         LINE#         163
  C:00A1H         LINE#         165
  C:00A9H         LINE#         166
  C:00A9H         LINE#         167
  C:00B7H         LINE#         168
  C:00B7H         LINE#         169
  C:00C8H         LINE#         170
  C:00C8H         LINE#         171
  C:00EEH         LINE#         172
  C:00F0H         LINE#         173
  C:0104H         LINE#         174
  C:0104H         LINE#         175
  C:012AH         LINE#         177
  C:012AH         LINE#         178
  C:012AH         LINE#         179
  C:012AH         LINE#         181
  C:012AH         LINE#         182
  C:0132H         LINE#         183
  C:013CH         LINE#         184
  C:0146H         LINE#         186
  C:0162H         LINE#         188
  C:016CH         LINE#         189
  C:016CH         LINE#         190
  C:017DH         LINE#         191
  C:017DH         LINE#         192
  C:018EH         LINE#         193
  C:018EH         LINE#         194
  C:01E1H         LINE#         195
  C:01E3H         LINE#         196
  C:01F9H         LINE#         197
  C:01F9H         LINE#         198
  C:024BH         LINE#         199
  C:024BH         LINE#         200
  C:024BH         LINE#         201
  C:024BH         LINE#         203
  C:024BH         LINE#         204
  C:0253H         LINE#         205
  C:0253H         LINE#         206
  C:025DH         LINE#         207
  C:0267H         LINE#         209
BL51 BANKED LINKER/LOCATER V6.22                                                      09/20/2019  10:04:50  PAGE 11


  C:026BH         LINE#         210
  C:026EH         LINE#         214
  C:0276H         LINE#         215
  C:0276H         LINE#         216
  C:0285H         LINE#         217
  C:0285H         LINE#         218
  C:0287H         LINE#         220
  C:0289H         LINE#         221
  C:02A5H         LINE#         222
  C:02A7H         LINE#         224
  C:02D0H         LINE#         225
  C:02F4H         LINE#         226
  C:02FEH         LINE#         227
  C:02FEH         LINE#         228
  C:0306H         LINE#         229
  C:030DH         LINE#         230
  C:0318H         LINE#         231
  C:031EH         LINE#         232
  C:031EH         LINE#         233
  C:0327H         LINE#         235
  C:032BH         LINE#         236
  C:0337H         LINE#         237
  C:033AH         LINE#         240
  C:0342H         LINE#         241
  C:0342H         LINE#         242
  C:034BH         LINE#         243
  C:034BH         LINE#         244
  C:035BH         LINE#         245
  C:035BH         LINE#         246
  C:035DH         LINE#         248
  C:035FH         LINE#         249
  C:037BH         LINE#         250
  C:037DH         LINE#         252
  C:03A6H         LINE#         253
  C:03CAH         LINE#         255
  C:03D4H         LINE#         256
  C:03D4H         LINE#         257
  C:03DCH         LINE#         258
  C:03E3H         LINE#         259
  C:03EEH         LINE#         260
  C:03F4H         LINE#         261
  C:03F4H         LINE#         263
  C:03FDH         LINE#         269
  C:03FDH         LINE#         270
  C:040AH         LINE#         271
  C:040AH         LINE#         272
  C:040CH         LINE#         274
  C:040EH         LINE#         275
  C:042AH         LINE#         276
  C:042CH         LINE#         278
  C:0434H         LINE#         279
  C:0438H         LINE#         280
  C:0444H         LINE#         281
  C:0444H         LINE#         282
  C:0447H         LINE#         285
  C:044FH         LINE#         286
  C:044FH         LINE#         287
BL51 BANKED LINKER/LOCATER V6.22                                                      09/20/2019  10:04:50  PAGE 12


  C:0460H         LINE#         288
  C:0460H         LINE#         289
  C:046DH         LINE#         290
  C:046DH         LINE#         291
  C:048BH         LINE#         292
  C:048DH         LINE#         293
  C:049DH         LINE#         294
  C:049DH         LINE#         295
  C:04BBH         LINE#         296
  C:04BDH         LINE#         297
  C:04CEH         LINE#         298
  C:04CEH         LINE#         299
  C:04D8H         LINE#         300
  C:04E2H         LINE#         301
  C:04E2H         LINE#         302
  C:04E2H         LINE#         303
  C:04E2H         LINE#         305
  C:04E2H         LINE#         306
  C:04EBH         LINE#         307
  C:04EFH         LINE#         308
  C:04FBH         LINE#         309
  C:04FEH         LINE#         312
  C:0506H         LINE#         313
  C:0506H         LINE#         314
  C:0513H         LINE#         315
  C:0524H         LINE#         317
  C:052DH         LINE#         318
  C:053CH         LINE#         320
  C:0544H         LINE#         321
  C:0544H         LINE#         322
  C:054DH         LINE#         323
  C:055CH         LINE#         324
  C:055CH         LINE#         325
  C:055FH         LINE#         326
  C:056EH         LINE#         327
  C:057AH         LINE#         328
  C:0580H         LINE#         329
  C:0580H         LINE#         331
  C:0584H         LINE#         332
  C:0593H         LINE#         334
  C:059AH         LINE#         335
  C:05B6H         LINE#         336
  C:05C0H         LINE#         337
  C:05C0H         LINE#         338
  C:05E6H         LINE#         339
  C:05F9H         LINE#         340
  C:05F9H         LINE#         341
  C:064BH         LINE#         342
  C:0653H         LINE#         343
  C:0653H         LINE#         344
  C:0653H         LINE#         347
  C:0658H         LINE#         348
  C:0658H         LINE#         349
  C:0665H         LINE#         350
  C:0676H         LINE#         352
  C:067CH         LINE#         353
  C:0680H         LINE#         354
BL51 BANKED LINKER/LOCATER V6.22                                                      09/20/2019  10:04:50  PAGE 13


  C:0683H         LINE#         355
  C:0687H         LINE#         357
  C:068BH         LINE#         358
  C:0697H         LINE#         359
  C:0699H         LINE#         360
  -------         ENDPROC       CONNTOUSB
  -------         PROC          MCU_INIT
  -------         DO            
  D:0007H         SYMBOL        n
  -------         ENDDO         
  C:3633H         LINE#         363
  C:3633H         LINE#         364
  C:3633H         LINE#         366
  C:3636H         LINE#         369
  C:3639H         LINE#         370
  C:363CH         LINE#         372
  C:363FH         LINE#         374
  C:3645H         LINE#         376
  C:3648H         LINE#         377
  C:364DH         LINE#         378
  C:3650H         LINE#         380
  C:3653H         LINE#         383
  C:3656H         LINE#         384
  C:3659H         LINE#         386
  C:365CH         LINE#         387
  C:365FH         LINE#         389
  C:3662H         LINE#         390
  C:3665H         LINE#         392
  C:3668H         LINE#         393
  C:366BH         LINE#         394
  C:366DH         LINE#         395
  C:366FH         LINE#         397
  C:3672H         LINE#         398
  C:3675H         LINE#         400
  -------         ENDPROC       MCU_INIT
  -------         PROC          DEVICES_INIT
  C:32C1H         LINE#         402
  C:32C1H         LINE#         403
  C:32C1H         LINE#         405
  C:32C4H         LINE#         408
  C:32C7H         LINE#         409
  C:3321H         LINE#         410
  C:3324H         LINE#         413
  C:3327H         LINE#         414
  C:332AH         LINE#         422
  -------         ENDPROC       DEVICES_INIT
  -------         PROC          SUSPEND_DEVICE
  C:003DH         LINE#         426
  C:003DH         LINE#         427
  C:003DH         LINE#         428
  -------         ENDPROC       SUSPEND_DEVICE
  -------         PROC          USB_API_TEST_ISR
  -------         DO            
  X:0051H         SYMBOL        INTVAL
  -------         ENDDO         
  C:1EFDH         LINE#         432
  C:1F1AH         LINE#         434
BL51 BANKED LINKER/LOCATER V6.22                                                      09/20/2019  10:04:50  PAGE 14


  C:1F21H         LINE#         436
  C:1F27H         LINE#         437
  C:1F27H         LINE#         438
  C:1F32H         LINE#         440
  C:1F4EH         LINE#         441
  C:1F4EH         LINE#         442
  C:1F50H         LINE#         443
  C:1F52H         LINE#         444
  C:1F68H         LINE#         445
  C:1F68H         LINE#         446
  C:1F6AH         LINE#         447
  C:1F6CH         LINE#         448
  C:1F84H         LINE#         449
  C:1F84H         LINE#         450
  C:1F86H         LINE#         451
  C:1F88H         LINE#         452
  C:1FA2H         LINE#         453
  C:1FA2H         LINE#         454
  C:1FA4H         LINE#         455
  C:1FA6H         LINE#         456
  C:1FBBH         LINE#         457
  C:1FBBH         LINE#         458
  C:1FBDH         LINE#         459
  C:1FBFH         LINE#         461
  C:1FBFH         LINE#         462
  C:1FC4H         LINE#         463
  C:1FC4H         LINE#         464
  C:1FC4H         LINE#         466
  C:1FC4H         LINE#         467
  C:1FC4H         LINE#         469
  C:1FC4H         LINE#         471
  C:1FCAH         LINE#         472
  C:1FCAH         LINE#         473
  C:1FCDH         LINE#         474
  C:1FCDH         LINE#         476
  C:1FD3H         LINE#         477
  C:1FD3H         LINE#         478
  C:1FD6H         LINE#         479
  C:1FD6H         LINE#         481
  C:1FDCH         LINE#         482
  C:1FDCH         LINE#         483
  C:1FF8H         LINE#         484
  C:1FF8H         LINE#         486
  C:1FFEH         LINE#         487
  C:1FFEH         LINE#         488
  C:2003H         LINE#         489
  C:201FH         LINE#         490
  C:201FH         LINE#         491
  -------         ENDPROC       USB_API_TEST_ISR
  -------         ENDMOD        MAIN

  -------         MODULE        MMC_SD
  C:0000H         SYMBOL        _ICE_DUMMY_
  D:00A2H         PUBLIC        SPI0CKR
  D:0080H         PUBLIC        P0
  D:0090H         PUBLIC        P1
  D:00A0H         PUBLIC        P2
BL51 BANKED LINKER/LOCATER V6.22                                                      09/20/2019  10:04:50  PAGE 15


  D:00B0H         PUBLIC        P3
  C:3166H         PUBLIC        _MMC_SD_SendCommand
  C:332DH         PUBLIC        _MMC_SD_ReadSingleBlock
  C:38EDH         PUBLIC        SD_Init
  C:3073H         PUBLIC        _MMC_SD_WriteSingleBlock
  B:00F8H.7       PUBLIC        SPIF
  B:00F8H.2       PUBLIC        NSSMD0
  C:2746H         PUBLIC        MMC_SD_Reset
  D:00A9H         PUBLIC        CLKSEL
  C:3918H         PUBLIC        SPI_ReadByte
  C:38A6H         PUBLIC        _SPI_WriteByte
  D:00A3H         PUBLIC        SPI0DAT
  X:0077H         PUBLIC        buffer
  C:389AH         SYMBOL        L?0062
  C:389FH         SYMBOL        L?0063
  -------         PROC          L?0061
  -------         ENDPROC       L?0061
  C:389AH         SYMBOL        L?0062
  C:389FH         SYMBOL        L?0063
  -------         PROC          _SPI_WRITEBYTE
  D:0007H         SYMBOL        val
  -------         DO            
  D:0007H         SYMBOL        ret
  -------         ENDDO         
  C:38A6H         LINE#         7
  C:38A6H         LINE#         8
  C:38A6H         LINE#         11
  C:38A8H         LINE#         12
  C:38ABH         LINE#         13
  C:38ADH         LINE#         14
  C:38AFH         LINE#         15
  C:38AFH         LINE#         16
  -------         ENDPROC       _SPI_WRITEBYTE
  -------         PROC          SPI_READBYTE
  -------         DO            
  D:0007H         SYMBOL        ret
  -------         ENDDO         
  C:3918H         LINE#         18
  C:3918H         LINE#         19
  C:3918H         LINE#         22
  C:391BH         LINE#         23
  C:391EH         LINE#         24
  C:3920H         LINE#         25
  C:3922H         LINE#         26
  C:3922H         LINE#         27
  -------         ENDPROC       SPI_READBYTE
  -------         PROC          _MMC_SD_SENDCOMMAND
  D:0006H         SYMBOL        cmd
  X:0062H         SYMBOL        arg
  -------         DO            
  D:0007H         SYMBOL        r1
  D:0003H         SYMBOL        retry
  -------         ENDDO         
  C:3166H         LINE#         29
  C:3168H         LINE#         30
  C:3168H         LINE#         32
  C:316AH         LINE#         34
BL51 BANKED LINKER/LOCATER V6.22                                                      09/20/2019  10:04:50  PAGE 16


  C:316AH         LINE#         35
  C:316AH         LINE#         36
  C:316DH         LINE#         37
  C:316DH         LINE#         38
  C:316DH         LINE#         39
  C:3170H         LINE#         41
  C:3172H         LINE#         43
  C:3179H         LINE#         44
  C:318EH         LINE#         45
  C:31A3H         LINE#         46
  C:31B8H         LINE#         47
  C:31C2H         LINE#         48
  C:31C7H         LINE#         50
  C:31CFH         LINE#         51
  C:31D8H         LINE#         53
  C:31DAH         LINE#         55
  C:31DAH         LINE#         56
  -------         ENDPROC       _MMC_SD_SENDCOMMAND
  -------         PROC          MMC_SD_RESET
  -------         DO            
  D:0005H         SYMBOL        i
  D:0002H         SYMBOL        retry
  D:0006H         SYMBOL        r1
  -------         ENDDO         
  C:2746H         LINE#         58
  C:2746H         LINE#         59
  C:2746H         LINE#         62
  C:2748H         LINE#         64
  C:2749H         LINE#         65
  C:274CH         LINE#         66
  C:274FH         LINE#         68
  C:274FH         LINE#         69
  C:275BH         LINE#         70
  C:276BH         LINE#         71
  C:276CH         LINE#         72
  C:2772H         LINE#         73
  C:2776H         LINE#         75
  C:2778H         LINE#         77
  C:2778H         LINE#         79
  C:2778H         LINE#         80
  C:2788H         LINE#         81
  C:2789H         LINE#         82
  C:2792H         LINE#         83
  C:2796H         LINE#         85
  C:2798H         LINE#         86
  C:27A8H         LINE#         87
  C:27A9H         LINE#         88
  C:27B2H         LINE#         89
  C:27B5H         LINE#         91
  C:27B8H         LINE#         92
  C:27B8H         LINE#         93
  C:27BAH         LINE#         95
  C:27BAH         LINE#         96
  C:27CAH         LINE#         97
  C:27CBH         LINE#         98
  C:27D4H         LINE#         99
  C:27D7H         LINE#         100
BL51 BANKED LINKER/LOCATER V6.22                                                      09/20/2019  10:04:50  PAGE 17


  C:27D7H         LINE#         101
  C:27E7H         LINE#         103
  C:27F5H         LINE#         104
  C:27F8H         LINE#         105
  C:27FBH         LINE#         106
  C:27FCH         LINE#         107
  -------         ENDPROC       MMC_SD_RESET
  -------         PROC          _MMC_SD_READSINGLEBLOCK
  X:0010H         SYMBOL        sector
  -------         DO            
  D:0007H         SYMBOL        r1
  D:0004H         SYMBOL        i
  D:0002H         SYMBOL        retry
  -------         ENDDO         
  C:332DH         LINE#         109
  C:3332H         LINE#         110
  C:3332H         LINE#         113
  C:3334H         LINE#         115
  C:3337H         LINE#         117
  C:3337H         LINE#         118
  C:3353H         LINE#         119
  C:3354H         LINE#         120
  C:335DH         LINE#         121
  C:3360H         LINE#         124
  C:3362H         LINE#         126
  C:3368H         LINE#         128
  C:336BH         LINE#         129
  C:336BH         LINE#         130
  C:337AH         LINE#         131
  C:3387H         LINE#         133
  C:3387H         LINE#         134
  C:338AH         LINE#         136
  C:338CH         LINE#         137
  C:338FH         LINE#         138
  C:3390H         LINE#         139
  -------         ENDPROC       _MMC_SD_READSINGLEBLOCK
  -------         PROC          _MMC_SD_WRITESINGLEBLOCK
  X:005DH         SYMBOL        sector
  -------         DO            
  D:0006H         SYMBOL        r1
  D:0004H         SYMBOL        i
  D:0002H         SYMBOL        retry
  -------         ENDDO         
  C:3073H         LINE#         141
  C:3078H         LINE#         142
  C:3078H         LINE#         145
  C:307AH         LINE#         147
  C:307DH         LINE#         149
  C:307DH         LINE#         150
  C:309BH         LINE#         151
  C:309CH         LINE#         152
  C:30A5H         LINE#         153
  C:30A8H         LINE#         157
  C:30AAH         LINE#         159
  C:30AFH         LINE#         161
  C:30B4H         LINE#         163
  C:30B6H         LINE#         164
BL51 BANKED LINKER/LOCATER V6.22                                                      09/20/2019  10:04:50  PAGE 18


  C:30B6H         LINE#         165
  C:30C5H         LINE#         166
  C:30D2H         LINE#         168
  C:30D2H         LINE#         169
  C:30D2H         LINE#         171
  C:30D7H         LINE#         173
  C:30DEH         LINE#         174
  C:30DEH         LINE#         175
  C:30E0H         LINE#         176
  C:30E1H         LINE#         177
  C:30E1H         LINE#         179
  C:30E9H         LINE#         181
  C:30EBH         LINE#         182
  C:30EEH         LINE#         183
  C:30EFH         LINE#         184
  -------         ENDPROC       _MMC_SD_WRITESINGLEBLOCK
  -------         PROC          SD_INIT
  -------         DO            
  D:0001H         SYMBOL        n
  -------         ENDDO         
  C:38EDH         LINE#         187
  C:38EDH         LINE#         188
  C:38EDH         LINE#         189
  C:38EFH         LINE#         191
  C:38F5H         LINE#         192
  C:38F5H         LINE#         193
  C:38F6H         LINE#         194
  C:38FDH         LINE#         196
  -------         ENDPROC       SD_INIT
  -------         ENDMOD        MMC_SD

  -------         MODULE        LCD
  C:0000H         SYMBOL        _ICE_DUMMY_
  D:0080H         PUBLIC        P0
  C:2A11H         PUBLIC        DispFrame
  D:0090H         PUBLIC        P1
  C:2B58H         PUBLIC        DispScaleVer_Green
  D:00A0H         PUBLIC        P2
  D:00B0H         PUBLIC        P3
  C:195AH         PUBLIC        DispBand
  C:386BH         PUBLIC        _WriteData
  C:069AH         PUBLIC        ascii
  C:1DBBH         PUBLIC        _LCD_Read_IC_ID
  D:00A6H         PUBLIC        P2MDOUT
  C:0046H         PUBLIC        _DispColor
  C:2F67H         PUBLIC        DispScaleVer_Blue
  C:2E4BH         PUBLIC        _DrawGird
  C:2FEDH         PUBLIC        _DrawLine
  C:384BH         PUBLIC        _WriteComm
  C:36F0H         PUBLIC        _WriteDispData
  C:2DBAH         PUBLIC        DispScaleVer_Gray
  B:00B0H.1       PUBLIC        RS
  B:00A0H.1       PUBLIC        SPI_CLK
  C:2D29H         PUBLIC        DispScaleVer_Red
  C:2171H         PUBLIC        DispScaleVer
  C:26ABH         PUBLIC        _DispOneChar
  C:30F0H         PUBLIC        DispGrayHor32
BL51 BANKED LINKER/LOCATER V6.22                                                      09/20/2019  10:04:50  PAGE 19


  C:2BF8H         PUBLIC        DispGrayHor16
  C:27FDH         PUBLIC        _DispInt
  C:354AH         PUBLIC        _PutPixel
  D:00A9H         PUBLIC        CLKSEL
  B:0090H.6       PUBLIC        RD0
  B:00B0H.0       PUBLIC        CS0
  X:004FH         PUBLIC        LCM_ID
  C:1AE8H         PUBLIC        LCD_Init
  C:2C93H         PUBLIC        _DispStr
  B:0090H.7       PUBLIC        WR0
  C:13DAH         PUBLIC        DispScaleHor1
  B:00A0H.0       PUBLIC        SPI_DI
  C:3923H         PUBLIC        _WriteOneDot
  C:1600H         PUBLIC        DispScaleHor2
  C:24C5H         PUBLIC        _DispPicFromSD
  B:0080H.7       PUBLIC        DIR
  C:3391H         PUBLIC        _ToOrd
  B:0080H.5       PUBLIC        RST
  C:38B0H         PUBLIC        ReadData
  C:2ACFH         PUBLIC        _?BlockWrite
  -------         PROC          _LCD_READ_IC_ID
  X:005DH         SYMBOL        ID
  D:0004H         SYMBOL        Bug
  D:0003H         SYMBOL        flog
  -------         DO            
  X:005EH         SYMBOL        id
  X:0060H         SYMBOL        id1
  X:0062H         SYMBOL        temp
  D:0005H         SYMBOL        i
  D:0007H         SYMBOL        dat
  D:0001H         SYMBOL        id2
  X:0064H         SYMBOL        id3
  -------         ENDDO         
  C:1DBBH         LINE#         35
  C:1DBFH         LINE#         36
  C:1DBFH         LINE#         39
  C:1DC8H         LINE#         40
  C:1DC8H         LINE#         42
  C:1DCBH         LINE#         43
  C:1DCDH         LINE#         44
  C:1DCFH         LINE#         45
  C:1DD1H         LINE#         46
  C:1DD3H         LINE#         47
  C:1DD3H         LINE#         48
  C:1DD5H         LINE#         49
  C:1DDDH         LINE#         50
  C:1DDFH         LINE#         52
  C:1DE1H         LINE#         53
  C:1DE5H         LINE#         54
  C:1DEAH         LINE#         55
  C:1DEDH         LINE#         58
  C:1DF7H         LINE#         59
  C:1DF7H         LINE#         60
  C:1DF9H         LINE#         61
  C:1DF9H         LINE#         62
  C:1DFBH         LINE#         63
  C:1DFDH         LINE#         64
BL51 BANKED LINKER/LOCATER V6.22                                                      09/20/2019  10:04:50  PAGE 20


  C:1DFFH         LINE#         65
  C:1E16H         LINE#         66
  C:1E18H         LINE#         67
  C:1E1AH         LINE#         68
  C:1E21H         LINE#         69
  C:1E2BH         LINE#         70
  C:1E2BH         LINE#         71
  C:1E2DH         LINE#         72
  C:1E2DH         LINE#         73
  C:1E2FH         LINE#         74
  C:1E31H         LINE#         75
  C:1E33H         LINE#         76
  C:1E4AH         LINE#         77
  C:1E4CH         LINE#         78
  C:1E4EH         LINE#         79
  C:1E53H         LINE#         80
  C:1E53H         LINE#         82
  C:1E55H         LINE#         83
  C:1E55H         LINE#         84
  C:1E57H         LINE#         85
  C:1E59H         LINE#         86
  C:1E5BH         LINE#         87
  C:1E72H         LINE#         88
  C:1E74H         LINE#         89
  C:1E76H         LINE#         90
  C:1E7BH         LINE#         92
  C:1E7DH         LINE#         93
  C:1E7DH         LINE#         94
  C:1E7FH         LINE#         95
  C:1E81H         LINE#         96
  C:1E83H         LINE#         97
  C:1E8DH         LINE#         98
  C:1E8FH         LINE#         99
  C:1E91H         LINE#         100
  C:1E96H         LINE#         102
  C:1E98H         LINE#         103
  C:1E98H         LINE#         104
  C:1E9AH         LINE#         105
  C:1E9CH         LINE#         106
  C:1E9EH         LINE#         107
  C:1EAAH         LINE#         108
  C:1EACH         LINE#         109
  C:1EAEH         LINE#         110
  C:1EB3H         LINE#         111
  C:1EB6H         LINE#         112
  C:1EB8H         LINE#         113
  C:1EBAH         LINE#         114
  C:1EBCH         LINE#         115
  C:1EBEH         LINE#         116
  C:1EC0H         LINE#         117
  C:1EC2H         LINE#         119
  C:1EC6H         LINE#         120
  C:1EC6H         LINE#         121
  C:1ED6H         LINE#         123
  C:1EE1H         LINE#         124
  C:1EE1H         LINE#         125
  C:1EE1H         LINE#         127
BL51 BANKED LINKER/LOCATER V6.22                                                      09/20/2019  10:04:50  PAGE 21


  C:1EE7H         LINE#         128
  C:1EE7H         LINE#         129
  C:1EF3H         LINE#         130
  C:1EF3H         LINE#         132
  C:1EF3H         LINE#         133
  C:1EF5H         LINE#         134
  C:1EFCH         LINE#         135
  -------         ENDPROC       _LCD_READ_IC_ID
  -------         PROC          _WRITECOMM
  D:0004H         SYMBOL        i
  -------         DO            
  X:0075H         SYMBOL        j
  D:0007H         SYMBOL        DataH
  -------         ENDDO         
  C:384BH         LINE#         138
  C:384FH         LINE#         139
  C:384FH         LINE#         141
  C:3850H         LINE#         142
  C:3852H         LINE#         153
  C:3852H         LINE#         154
  C:3854H         LINE#         155
  C:3856H         LINE#         156
  C:3858H         LINE#         157
  C:385AH         LINE#         158
  C:385CH         LINE#         159
  C:3860H         LINE#         160
  C:3862H         LINE#         161
  C:3864H         LINE#         162
  C:3864H         LINE#         255
  C:3866H         LINE#         256
  -------         ENDPROC       _WRITECOMM
  -------         PROC          L?0436
  -------         ENDPROC       L?0436
  -------         PROC          _WRITEDATA
  D:0004H         SYMBOL        i
  -------         DO            
  X:0075H         SYMBOL        j
  X:0076H         SYMBOL        DataH
  -------         ENDDO         
  C:386BH         LINE#         258
  C:386DH         LINE#         259
  C:386DH         LINE#         261
  C:3871H         LINE#         262
  C:3873H         LINE#         273
  C:3873H         LINE#         274
  C:3875H         LINE#         275
  C:3877H         LINE#         283
  C:387AH         LINE#         284
  C:387CH         LINE#         285
  C:387EH         LINE#         286
  C:387EH         LINE#         449
  C:3880H         LINE#         450
  -------         ENDPROC       _WRITEDATA
  C:36DBH         SYMBOL        L?0435
  -------         PROC          L?0434
  -------         ENDPROC       L?0434
  C:36DBH         SYMBOL        L?0435
BL51 BANKED LINKER/LOCATER V6.22                                                      09/20/2019  10:04:50  PAGE 22


  -------         PROC          _WRITEDISPDATA
  D:0007H         SYMBOL        DataH
  D:0005H         SYMBOL        DataL
  -------         DO            
  X:0075H         SYMBOL        j
  -------         ENDDO         
  C:36F0H         LINE#         452
  C:36F0H         LINE#         453
  C:36F0H         LINE#         455
  C:36F2H         LINE#         469
  C:36F2H         LINE#         470
  C:36F4H         LINE#         471
  C:36F6H         LINE#         472
  C:36F8H         LINE#         473
  C:36FAH         LINE#         474
  C:36FCH         LINE#         475
  C:3700H         LINE#         476
  C:3702H         LINE#         477
  C:3704H         LINE#         478
  C:3704H         LINE#         574
  C:3706H         LINE#         575
  -------         ENDPROC       _WRITEDISPDATA
  -------         PROC          _WRITEONEDOT
  D:0004H         SYMBOL        color
  C:3923H         LINE#         577
  C:3927H         LINE#         578
  C:3927H         LINE#         592
  -------         ENDPROC       _WRITEONEDOT
  -------         PROC          LCD_INIT
  C:1AE8H         LINE#         600
  C:1AE8H         LINE#         601
  C:1AE8H         LINE#         602
  C:1AEBH         LINE#         605
  C:1AEDH         LINE#         606
  C:1AF4H         LINE#         608
  C:1AF6H         LINE#         609
  C:1AFDH         LINE#         611
  C:1AFFH         LINE#         612
  C:1B06H         LINE#         2963
  C:1B0DH         LINE#         2964
  C:1B12H         LINE#         2965
  C:1B19H         LINE#         2966
  C:1B1EH         LINE#         2967
  C:1B25H         LINE#         2968
  C:1B2AH         LINE#         2969
  C:1B2EH         LINE#         2971
  C:1B35H         LINE#         2972
  C:1B3AH         LINE#         2974
  C:1B3FH         LINE#         2975
  C:1B44H         LINE#         2976
  C:1B49H         LINE#         2977
  C:1B4EH         LINE#         2978
  C:1B53H         LINE#         2979
  C:1B58H         LINE#         2980
  C:1B5DH         LINE#         2981
  C:1B62H         LINE#         2983
  C:1B67H         LINE#         2984
BL51 BANKED LINKER/LOCATER V6.22                                                      09/20/2019  10:04:50  PAGE 23


  C:1B6CH         LINE#         2985
  C:1B71H         LINE#         2986
  C:1B76H         LINE#         2987
  C:1B7BH         LINE#         2988
  C:1B80H         LINE#         2989
  C:1B85H         LINE#         2990
  C:1B88H         LINE#         2992
  C:1B8DH         LINE#         2993
  C:1B92H         LINE#         2995
  C:1B97H         LINE#         2996
  C:1B9CH         LINE#         2997
  C:1BA1H         LINE#         2998
  C:1BA6H         LINE#         3000
  C:1BABH         LINE#         3001
  C:1BB0H         LINE#         3003
  C:1BB5H         LINE#         3004
  C:1BBAH         LINE#         3006
  C:1BBFH         LINE#         3007
  C:1BC4H         LINE#         3009
  C:1BC9H         LINE#         3010
  C:1BCEH         LINE#         3012
  C:1BD3H         LINE#         3013
  C:1BD8H         LINE#         3014
  C:1BDDH         LINE#         3015
  C:1BE2H         LINE#         3016
  C:1BE7H         LINE#         3017
  C:1BECH         LINE#         3018
  C:1BF1H         LINE#         3019
  C:1BF6H         LINE#         3020
  C:1BFBH         LINE#         3021
  C:1C00H         LINE#         3022
  C:1C05H         LINE#         3023
  C:1C0AH         LINE#         3024
  C:1C0DH         LINE#         3025
  C:1C12H         LINE#         3026
  C:1C17H         LINE#         3027
  C:1C1CH         LINE#         3029
  C:1C21H         LINE#         3030
  C:1C26H         LINE#         3031
  C:1C2BH         LINE#         3032
  C:1C30H         LINE#         3033
  C:1C35H         LINE#         3034
  C:1C3AH         LINE#         3035
  C:1C3FH         LINE#         3036
  C:1C44H         LINE#         3037
  C:1C49H         LINE#         3038
  C:1C4EH         LINE#         3039
  C:1C53H         LINE#         3040
  C:1C58H         LINE#         3041
  C:1C5BH         LINE#         3042
  C:1C60H         LINE#         3043
  C:1C65H         LINE#         3044
  -------         ENDPROC       LCD_INIT
  C:2AB6H         SYMBOL        L?0429
  C:2ABCH         SYMBOL        L?0430
  -------         PROC          L?0428
  -------         ENDPROC       L?0428
BL51 BANKED LINKER/LOCATER V6.22                                                      09/20/2019  10:04:50  PAGE 24


  C:2AB6H         SYMBOL        L?0429
  C:2ABCH         SYMBOL        L?0430
  -------         PROC          _?BLOCKWRITE
  p:0000H         SYMBOL        Xstart
  p:0002H         SYMBOL        Xend
  p:0004H         SYMBOL        Ystart
  p:0006H         SYMBOL        Yend
  C:2ACFH         LINE#         4265
  C:2AF0H         LINE#         4366
  C:2AF7H         LINE#         4367
  C:2AFEH         LINE#         4368
  C:2B06H         LINE#         4369
  C:2B11H         LINE#         4370
  C:2B1BH         LINE#         4372
  C:2B20H         LINE#         4373
  C:2B2AH         LINE#         4374
  C:2B31H         LINE#         4375
  C:2B3BH         LINE#         4376
  C:2B42H         LINE#         4379
  C:2B47H         LINE#         4380
  C:2B4CH         LINE#         4382
  C:2B51H         LINE#         4389
  -------         ENDPROC       _?BLOCKWRITE
  -------         PROC          _DISPCOLOR
  D:0004H         SYMBOL        color
  -------         DO            
  X:0054H         SYMBOL        i
  D:0002H         SYMBOL        m
  X:0056H         SYMBOL        DataH
  X:0057H         SYMBOL        DataL
  -------         ENDDO         
  C:0046H         LINE#         4391
  C:0048H         LINE#         4392
  C:0048H         LINE#         4395
  C:004EH         LINE#         4397
  C:0051H         LINE#         4399
  C:0053H         LINE#         4400
  C:0059H         LINE#         4401
  C:0059H         LINE#         4402
  C:005CH         LINE#         4403
  C:005CH         LINE#         4404
  C:0066H         LINE#         4405
  C:0071H         LINE#         4406
  C:0087H         LINE#         4408
  C:0089H         LINE#         4409
  -------         ENDPROC       _DISPCOLOR
  -------         PROC          DISPFRAME
  -------         DO            
  D:0002H         SYMBOL        i
  X:0054H         SYMBOL        j
  D:0001H         SYMBOL        DataH
  D:0006H         SYMBOL        DataL
  -------         ENDDO         
  C:2A11H         LINE#         4411
  C:2A11H         LINE#         4412
  C:2A11H         LINE#         4415
  C:2A14H         LINE#         4417
BL51 BANKED LINKER/LOCATER V6.22                                                      09/20/2019  10:04:50  PAGE 25


  C:2A16H         LINE#         4420
  C:2A20H         LINE#         4423
  C:2A20H         LINE#         4424
  C:2A20H         LINE#         4426
  C:2A2BH         LINE#         4428
  C:2A36H         LINE#         4430
  C:2A40H         LINE#         4432
  C:2A45H         LINE#         4433
  C:2A45H         LINE#         4435
  C:2A4FH         LINE#         4437
  C:2A51H         LINE#         4438
  C:2A51H         LINE#         4440
  C:2A59H         LINE#         4442
  C:2A64H         LINE#         4445
  C:2A6EH         LINE#         4447
  C:2A84H         LINE#         4449
  C:2A8EH         LINE#         4451
  C:2A90H         LINE#         4452
  C:2A90H         LINE#         4454
  C:2A9BH         LINE#         4456
  C:2AA6H         LINE#         4458
  C:2AB0H         LINE#         4461
  C:2AB2H         LINE#         4462
  C:2AB4H         LINE#         4463
  -------         ENDPROC       DISPFRAME
  -------         PROC          DISPBAND
  -------         DO            
  D:0002H         SYMBOL        i
  X:0054H         SYMBOL        j
  X:0055H         SYMBOL        k
  X:0056H         SYMBOL        m
  X:0057H         SYMBOL        n
  X:0058H         SYMBOL        x
  -------         ENDDO         
  C:195AH         LINE#         4465
  C:195AH         LINE#         4466
  C:195AH         LINE#         4470
  C:1963H         LINE#         4471
  C:196CH         LINE#         4472
  C:196EH         LINE#         4475
  C:1976H         LINE#         4476
  C:1982H         LINE#         4477
  C:1982H         LINE#         4478
  C:199DH         LINE#         4479
  C:19B8H         LINE#         4480
  C:19E4H         LINE#         4481
  C:19EBH         LINE#         4482
  C:19FAH         LINE#         4483
  C:19FAH         LINE#         4484
  C:1A15H         LINE#         4485
  C:1A30H         LINE#         4486
  C:1A5CH         LINE#         4487
  C:1A63H         LINE#         4488
  C:1A79H         LINE#         4489
  C:1A79H         LINE#         4490
  C:1A94H         LINE#         4491
  C:1AAFH         LINE#         4492
BL51 BANKED LINKER/LOCATER V6.22                                                      09/20/2019  10:04:50  PAGE 26


  C:1ADBH         LINE#         4493
  C:1AE2H         LINE#         4494
  C:1AE4H         LINE#         4495
  C:1AE7H         LINE#         4496
  -------         ENDPROC       DISPBAND
  -------         PROC          _DISPPICFROMSD
  X:0014H         SYMBOL        PicNum
  -------         DO            
  X:0015H         SYMBOL        Address_S
  X:0019H         SYMBOL        Address_E
  D:0002H         SYMBOL        i
  X:001DH         SYMBOL        k
  -------         ENDDO         
  C:24C5H         LINE#         4518
  C:24C8H         LINE#         4519
  C:24C8H         LINE#         4525
  C:24CBH         LINE#         4528
  C:24CDH         LINE#         4530
  C:24CFH         LINE#         4532
  C:24D8H         LINE#         4533
  C:2503H         LINE#         4534
  C:252CH         LINE#         4535
  C:254FH         LINE#         4536
  C:254FH         LINE#         4537
  C:255FH         LINE#         4539
  C:2568H         LINE#         4540
  C:2568H         LINE#         4542
  C:2583H         LINE#         4543
  C:258CH         LINE#         4544
  C:25ABH         LINE#         4546
  C:25ADH         LINE#         4584
  -------         ENDPROC       _DISPPICFROMSD
  -------         PROC          DISPSCALEHOR1
  -------         DO            
  X:0021H         SYMBOL        i
  X:0023H         SYMBOL        j
  D:0002H         SYMBOL        k
  -------         ENDDO         
  C:13DAH         LINE#         4589
  C:13DAH         LINE#         4590
  C:13DAH         LINE#         4593
  C:13DDH         LINE#         4596
  C:13DDH         LINE#         4597
  C:13DDH         LINE#         4598
  C:13FFH         LINE#         4599
  C:1405H         LINE#         4600
  C:1405H         LINE#         4601
  C:140BH         LINE#         4602
  C:140BH         LINE#         4603
  C:1420H         LINE#         4604
  C:1436H         LINE#         4605
  C:144CH         LINE#         4607
  C:1457H         LINE#         4610
  C:145AH         LINE#         4611
  C:145AH         LINE#         4612
  C:147CH         LINE#         4613
  C:1482H         LINE#         4614
BL51 BANKED LINKER/LOCATER V6.22                                                      09/20/2019  10:04:50  PAGE 27


  C:1482H         LINE#         4615
  C:1488H         LINE#         4616
  C:1488H         LINE#         4617
  C:14B3H         LINE#         4618
  C:14C9H         LINE#         4619
  C:14DFH         LINE#         4620
  C:14EDH         LINE#         4623
  C:14F0H         LINE#         4624
  C:14F0H         LINE#         4625
  C:1512H         LINE#         4626
  C:1518H         LINE#         4627
  C:1518H         LINE#         4628
  C:151EH         LINE#         4629
  C:151EH         LINE#         4630
  C:1528H         LINE#         4631
  C:153EH         LINE#         4632
  C:1554H         LINE#         4633
  C:155FH         LINE#         4636
  C:1562H         LINE#         4637
  C:1562H         LINE#         4638
  C:1584H         LINE#         4639
  C:158AH         LINE#         4640
  C:158AH         LINE#         4641
  C:1590H         LINE#         4642
  C:1590H         LINE#         4643
  C:15C3H         LINE#         4644
  C:15D9H         LINE#         4645
  C:15EFH         LINE#         4646
  C:15FDH         LINE#         4647
  C:15FFH         LINE#         4648
  -------         ENDPROC       DISPSCALEHOR1
  -------         PROC          DISPSCALEVER
  -------         DO            
  X:0025H         SYMBOL        i
  X:0027H         SYMBOL        j
  D:0002H         SYMBOL        k
  -------         ENDDO         
  C:2171H         LINE#         4650
  C:2171H         LINE#         4651
  C:2171H         LINE#         4720
  C:2174H         LINE#         4722
  C:217AH         LINE#         4723
  C:217AH         LINE#         4724
  C:2180H         LINE#         4725
  C:2180H         LINE#         4726
  C:2186H         LINE#         4727
  C:219CH         LINE#         4728
  C:21A3H         LINE#         4730
  C:21A6H         LINE#         4731
  C:21A6H         LINE#         4733
  C:21ACH         LINE#         4734
  C:21ACH         LINE#         4736
  C:21B2H         LINE#         4737
  C:21B2H         LINE#         4738
  C:21C4H         LINE#         4739
  C:21DAH         LINE#         4741
  C:21E0H         LINE#         4742
BL51 BANKED LINKER/LOCATER V6.22                                                      09/20/2019  10:04:50  PAGE 28


  C:21E0H         LINE#         4743
  C:2208H         LINE#         4744
  C:221EH         LINE#         4746
  C:2224H         LINE#         4747
  C:2224H         LINE#         4748
  C:222BH         LINE#         4749
  C:2241H         LINE#         4751
  C:2247H         LINE#         4752
  C:2247H         LINE#         4753
  C:225BH         LINE#         4754
  C:2271H         LINE#         4756
  C:228AH         LINE#         4758
  C:2298H         LINE#         4760
  -------         ENDPROC       DISPSCALEVER
  -------         PROC          DISPSCALEVER_RED
  -------         DO            
  X:0029H         SYMBOL        i
  X:002BH         SYMBOL        j
  D:0002H         SYMBOL        k
  -------         ENDDO         
  C:2D29H         LINE#         4762
  C:2D29H         LINE#         4763
  C:2D29H         LINE#         4766
  C:2D2CH         LINE#         4768
  C:2D2EH         LINE#         4770
  C:2D30H         LINE#         4773
  C:2D36H         LINE#         4774
  C:2D36H         LINE#         4775
  C:2D3CH         LINE#         4776
  C:2D3CH         LINE#         4777
  C:2D42H         LINE#         4778
  C:2D58H         LINE#         4779
  C:2D5FH         LINE#         4781
  C:2D62H         LINE#         4782
  C:2D62H         LINE#         4783
  C:2D68H         LINE#         4784
  C:2D68H         LINE#         4786
  C:2D6EH         LINE#         4787
  C:2D6EH         LINE#         4788
  C:2D80H         LINE#         4789
  C:2D96H         LINE#         4790
  C:2DACH         LINE#         4792
  C:2DB7H         LINE#         4794
  C:2DB9H         LINE#         4795
  -------         ENDPROC       DISPSCALEVER_RED
  -------         PROC          DISPSCALEVER_GREEN
  -------         DO            
  X:002DH         SYMBOL        i
  X:002FH         SYMBOL        j
  D:0002H         SYMBOL        k
  -------         ENDDO         
  C:2B58H         LINE#         4797
  C:2B58H         LINE#         4798
  C:2B58H         LINE#         4801
  C:2B5BH         LINE#         4803
  C:2B5DH         LINE#         4804
  C:2B5FH         LINE#         4807
BL51 BANKED LINKER/LOCATER V6.22                                                      09/20/2019  10:04:50  PAGE 29


  C:2B65H         LINE#         4808
  C:2B65H         LINE#         4809
  C:2B6BH         LINE#         4810
  C:2B6BH         LINE#         4811
  C:2B71H         LINE#         4813
  C:2B87H         LINE#         4814
  C:2B8EH         LINE#         4816
  C:2B91H         LINE#         4817
  C:2B91H         LINE#         4818
  C:2B97H         LINE#         4819
  C:2B97H         LINE#         4821
  C:2B9DH         LINE#         4822
  C:2B9DH         LINE#         4824
  C:2BBEH         LINE#         4825
  C:2BD4H         LINE#         4826
  C:2BEAH         LINE#         4828
  C:2BF5H         LINE#         4830
  C:2BF7H         LINE#         4831
  -------         ENDPROC       DISPSCALEVER_GREEN
  -------         PROC          DISPSCALEVER_BLUE
  -------         DO            
  X:0031H         SYMBOL        i
  X:0033H         SYMBOL        j
  D:0002H         SYMBOL        k
  -------         ENDDO         
  C:2F67H         LINE#         4833
  C:2F67H         LINE#         4834
  C:2F67H         LINE#         4837
  C:2F6AH         LINE#         4839
  C:2F6CH         LINE#         4840
  C:2F6EH         LINE#         4843
  C:2F74H         LINE#         4844
  C:2F74H         LINE#         4845
  C:2F7AH         LINE#         4846
  C:2F7AH         LINE#         4847
  C:2F80H         LINE#         4848
  C:2F96H         LINE#         4849
  C:2F9DH         LINE#         4851
  C:2FA0H         LINE#         4852
  C:2FA0H         LINE#         4853
  C:2FA6H         LINE#         4854
  C:2FA6H         LINE#         4856
  C:2FACH         LINE#         4857
  C:2FACH         LINE#         4858
  C:2FB3H         LINE#         4859
  C:2FC9H         LINE#         4860
  C:2FDFH         LINE#         4862
  C:2FEAH         LINE#         4864
  C:2FECH         LINE#         4865
  -------         ENDPROC       DISPSCALEVER_BLUE
  -------         PROC          DISPSCALEVER_GRAY
  -------         DO            
  X:0035H         SYMBOL        i
  X:0037H         SYMBOL        j
  D:0002H         SYMBOL        k
  -------         ENDDO         
  C:2DBAH         LINE#         4867
BL51 BANKED LINKER/LOCATER V6.22                                                      09/20/2019  10:04:50  PAGE 30


  C:2DBAH         LINE#         4868
  C:2DBAH         LINE#         4871
  C:2DBDH         LINE#         4873
  C:2DBFH         LINE#         4878
  C:2DC5H         LINE#         4879
  C:2DC5H         LINE#         4880
  C:2DCBH         LINE#         4881
  C:2DCBH         LINE#         4882
  C:2DD1H         LINE#         4884
  C:2DE7H         LINE#         4885
  C:2DEEH         LINE#         4887
  C:2DF1H         LINE#         4888
  C:2DF1H         LINE#         4889
  C:2DF7H         LINE#         4890
  C:2DF7H         LINE#         4892
  C:2DFDH         LINE#         4893
  C:2DFDH         LINE#         4894
  C:2E11H         LINE#         4895
  C:2E27H         LINE#         4896
  C:2E3DH         LINE#         4898
  C:2E48H         LINE#         4900
  C:2E4AH         LINE#         4901
  -------         ENDPROC       DISPSCALEVER_GRAY
  -------         PROC          DISPGRAYHOR16
  -------         DO            
  X:0054H         SYMBOL        i
  D:0002H         SYMBOL        j
  X:0056H         SYMBOL        k
  -------         ENDDO         
  C:2BF8H         LINE#         4903
  C:2BF8H         LINE#         4904
  C:2BF8H         LINE#         4907
  C:2BFBH         LINE#         4909
  C:2BFDH         LINE#         4910
  C:2BFFH         LINE#         4912
  C:2C05H         LINE#         4913
  C:2C05H         LINE#         4914
  C:2C0EH         LINE#         4915
  C:2C0EH         LINE#         4916
  C:2C14H         LINE#         4917
  C:2C1BH         LINE#         4919
  C:2C1EH         LINE#         4920
  C:2C1EH         LINE#         4921
  C:2C24H         LINE#         4922
  C:2C24H         LINE#         4923
  C:2C56H         LINE#         4924
  C:2C6CH         LINE#         4925
  C:2C77H         LINE#         4926
  C:2C90H         LINE#         4928
  C:2C92H         LINE#         4929
  -------         ENDPROC       DISPGRAYHOR16
  -------         PROC          DISPGRAYHOR32
  -------         DO            
  X:0039H         SYMBOL        i
  D:0002H         SYMBOL        j
  X:003BH         SYMBOL        k
  -------         ENDDO         
BL51 BANKED LINKER/LOCATER V6.22                                                      09/20/2019  10:04:50  PAGE 31


  C:30F0H         LINE#         4931
  C:30F0H         LINE#         4932
  C:30F0H         LINE#         4935
  C:30F3H         LINE#         4937
  C:30F5H         LINE#         4939
  C:30FBH         LINE#         4940
  C:30FBH         LINE#         4941
  C:30FEH         LINE#         4942
  C:30FEH         LINE#         4943
  C:3104H         LINE#         4944
  C:310FH         LINE#         4946
  C:3112H         LINE#         4947
  C:3112H         LINE#         4948
  C:3118H         LINE#         4949
  C:3118H         LINE#         4950
  C:312CH         LINE#         4951
  C:3142H         LINE#         4952
  C:314DH         LINE#         4953
  C:3163H         LINE#         4955
  C:3165H         LINE#         4956
  -------         ENDPROC       DISPGRAYHOR32
  -------         PROC          DISPSCALEHOR2
  -------         DO            
  X:003DH         SYMBOL        j
  D:0002H         SYMBOL        k
  -------         ENDDO         
  C:1600H         LINE#         4958
  C:1600H         LINE#         4959
  C:1600H         LINE#         4962
  C:1603H         LINE#         4964
  C:1603H         LINE#         4965
  C:1603H         LINE#         4966
  C:1609H         LINE#         4967
  C:1626H         LINE#         4968
  C:1631H         LINE#         4969
  C:1634H         LINE#         4970
  C:1634H         LINE#         4971
  C:163AH         LINE#         4972
  C:1657H         LINE#         4973
  C:1662H         LINE#         4974
  C:1665H         LINE#         4975
  C:1665H         LINE#         4976
  C:166BH         LINE#         4977
  C:1688H         LINE#         4978
  C:1693H         LINE#         4979
  C:1696H         LINE#         4980
  C:1696H         LINE#         4981
  C:169CH         LINE#         4982
  C:16B9H         LINE#         4983
  C:16C4H         LINE#         4984
  C:16C7H         LINE#         4985
  C:16C7H         LINE#         4986
  C:16CDH         LINE#         4987
  C:16EAH         LINE#         4988
  C:16F5H         LINE#         4989
  C:16F8H         LINE#         4990
  C:16F8H         LINE#         4991
BL51 BANKED LINKER/LOCATER V6.22                                                      09/20/2019  10:04:50  PAGE 32


  C:16FEH         LINE#         4992
  C:171BH         LINE#         4993
  C:1726H         LINE#         4994
  C:1729H         LINE#         4995
  C:1729H         LINE#         4996
  C:172FH         LINE#         4997
  C:174CH         LINE#         4998
  C:1757H         LINE#         4999
  C:175AH         LINE#         5000
  C:175AH         LINE#         5001
  C:1760H         LINE#         5002
  C:177CH         LINE#         5003
  C:1787H         LINE#         5004
  C:1790H         LINE#         5005
  C:1790H         LINE#         5006
  C:1796H         LINE#         5007
  C:17B2H         LINE#         5008
  C:17B9H         LINE#         5010
  -------         ENDPROC       DISPSCALEHOR2
  -------         PROC          _TOORD
  D:0007H         SYMBOL        ch
  C:3391H         LINE#         5115
  C:3391H         LINE#         5116
  C:3391H         LINE#         5117
  C:3397H         LINE#         5118
  C:3397H         LINE#         5119
  C:3399H         LINE#         5120
  C:339BH         LINE#         5121
  C:33A7H         LINE#         5122
  C:33A7H         LINE#         5123
  C:33ABH         LINE#         5124
  C:33ADH         LINE#         5125
  C:33B9H         LINE#         5126
  C:33B9H         LINE#         5127
  C:33BDH         LINE#         5128
  C:33BFH         LINE#         5129
  C:33CBH         LINE#         5130
  C:33CBH         LINE#         5131
  C:33CFH         LINE#         5132
  C:33D1H         LINE#         5133
  C:33DDH         LINE#         5134
  C:33DDH         LINE#         5135
  C:33E1H         LINE#         5136
  C:33E3H         LINE#         5137
  C:33E9H         LINE#         5138
  C:33E9H         LINE#         5139
  C:33EBH         LINE#         5140
  C:33EBH         LINE#         5142
  C:33EBH         LINE#         5143
  -------         ENDPROC       _TOORD
  C:2683H         SYMBOL        L?0432
  C:269BH         SYMBOL        L?0433
  -------         PROC          L?0431
  -------         ENDPROC       L?0431
  C:2683H         SYMBOL        L?0432
  C:269BH         SYMBOL        L?0433
  -------         PROC          _DISPONECHAR
BL51 BANKED LINKER/LOCATER V6.22                                                      09/20/2019  10:04:50  PAGE 33


  X:0068H         SYMBOL        ord
  D:0006H         SYMBOL        Xstart
  D:0002H         SYMBOL        Ystart
  X:006DH         SYMBOL        TextColor
  X:006FH         SYMBOL        BackColor
  -------         DO            
  X:0071H         SYMBOL        i
  D:0002H         SYMBOL        j
  X:0072H         SYMBOL        p
  D:0003H         SYMBOL        dat
  D:0006H         SYMBOL        index
  -------         ENDDO         
  C:26ABH         LINE#         5145
  C:26B3H         LINE#         5146
  C:26B3H         LINE#         5152
  C:26CDH         LINE#         5154
  C:26D3H         LINE#         5156
  C:26DBH         LINE#         5157
  C:26DDH         LINE#         5159
  C:26EBH         LINE#         5161
  C:26F8H         LINE#         5162
  C:26FFH         LINE#         5164
  C:2703H         LINE#         5165
  C:2703H         LINE#         5166
  C:2718H         LINE#         5167
  C:271AH         LINE#         5168
  C:271AH         LINE#         5169
  C:2727H         LINE#         5170
  C:2727H         LINE#         5171
  C:2729H         LINE#         5172
  C:272BH         LINE#         5174
  C:272BH         LINE#         5175
  C:2735H         LINE#         5176
  C:2735H         LINE#         5177
  C:273AH         LINE#         5178
  C:2745H         LINE#         5179
  -------         ENDPROC       _DISPONECHAR
  -------         PROC          _DISPSTR
  X:005DH         SYMBOL        str
  X:0060H         SYMBOL        Xstart
  X:0062H         SYMBOL        Ystart
  X:0064H         SYMBOL        TextColor
  X:0066H         SYMBOL        BackColor
  C:2C93H         LINE#         5181
  C:2CA3H         LINE#         5182
  C:2CA3H         LINE#         5184
  C:2CB8H         LINE#         5185
  C:2CB8H         LINE#         5186
  C:2CF3H         LINE#         5188
  C:2CFFH         LINE#         5189
  C:2CFFH         LINE#         5190
  C:2D03H         LINE#         5191
  C:2D08H         LINE#         5192
  C:2D0AH         LINE#         5194
  C:2D0AH         LINE#         5195
  C:2D15H         LINE#         5196
  C:2D15H         LINE#         5198
BL51 BANKED LINKER/LOCATER V6.22                                                      09/20/2019  10:04:50  PAGE 34


  C:2D21H         LINE#         5199
  C:2D21H         LINE#         5200
  C:2D25H         LINE#         5201
  C:2D25H         LINE#         5202
  C:2D28H         LINE#         5204
  -------         ENDPROC       _DISPSTR
  -------         PROC          _DISPINT
  X:005DH         SYMBOL        i
  X:005FH         SYMBOL        Xstart
  X:0061H         SYMBOL        Ystart
  X:0063H         SYMBOL        TextColor
  X:0065H         SYMBOL        BackColor
  C:27FDH         LINE#         5206
  C:2812H         LINE#         5207
  C:2812H         LINE#         5208
  C:281AH         LINE#         5209
  C:281AH         LINE#         5210
  C:2821H         LINE#         5211
  C:2821H         LINE#         5212
  C:2830H         LINE#         5213
  C:2830H         LINE#         5214
  C:2839H         LINE#         5215
  C:2839H         LINE#         5217
  C:284BH         LINE#         5218
  C:2859H         LINE#         5219
  C:2872H         LINE#         5220
  -------         ENDPROC       _DISPINT
  -------         PROC          READDATA
  C:38B0H         LINE#         5228
  C:38B0H         LINE#         5229
  C:38B0H         LINE#         5249
  C:38C2H         LINE#         5256
  C:38C5H         LINE#         5257
  -------         ENDPROC       READDATA
  -------         PROC          _PUTPIXEL
  D:0006H         SYMBOL        x
  D:0004H         SYMBOL        y
  X:0054H         SYMBOL        color
  C:354AH         LINE#         5433
  C:3551H         LINE#         5434
  C:3551H         LINE#         5435
  C:356FH         LINE#         5436
  C:357BH         LINE#         5437
  C:3586H         LINE#         5438
  C:3591H         LINE#         5439
  -------         ENDPROC       _PUTPIXEL
  -------         PROC          _DRAWLINE
  X:003FH         SYMBOL        Xstart
  X:0041H         SYMBOL        Xend
  D:0082H         SYMBOL        Ystart
  X:0045H         SYMBOL        Yend
  X:0047H         SYMBOL        color
  -------         DO            
  X:0049H         SYMBOL        i
  D:0002H         SYMBOL        j
  -------         ENDDO         
  C:2FEDH         LINE#         5442
BL51 BANKED LINKER/LOCATER V6.22                                                      09/20/2019  10:04:50  PAGE 35


  C:2FFEH         LINE#         5443
  C:2FFEH         LINE#         5446
  C:3019H         LINE#         5448
[...]
  C:12D8H         LINE#         312
  C:12D8H         LINE#         313
  C:12D8H         LINE#         314
  C:12E3H         LINE#         315
  C:12E3H         LINE#         316
  C:12E9H         LINE#         317
  C:12F8H         LINE#         318
  C:12F8H         LINE#         319
  C:12FDH         LINE#         320
  C:1300H         LINE#         321
  C:130FH         LINE#         322
  C:130FH         LINE#         323
  C:1324H         LINE#         324
  C:1329H         LINE#         325
  C:1331H         LINE#         326
  C:133BH         LINE#         327
  C:1349H         LINE#         328
  C:1357H         LINE#         329
  C:1359H         LINE#         331
  C:1359H         LINE#         332
  C:135EH         LINE#         333
  C:1361H         LINE#         334
  C:1379H         LINE#         335
  C:1379H         LINE#         336
  C:1392H         LINE#         337
  C:1397H         LINE#         338
  C:139FH         LINE#         339
  C:13A6H         LINE#         340
  C:13ABH         LINE#         341
  C:13ABH         LINE#         342
  C:13BFH         LINE#         343
  C:13BFH         LINE#         344
  C:13C6H         LINE#         345
  C:13CBH         LINE#         346
  C:13CBH         LINE#         347
  C:13D9H         LINE#         348
  C:13D9H         LINE#         349
  -------         ENDPROC       USBXCORE_HANDLE_SETUP
  -------         PROC          USBXCORE_FORCE_STALL
  C:382EH         LINE#         356
  C:382EH         LINE#         358
  C:3839H         LINE#         359
  C:3844H         LINE#         360
  C:384AH         LINE#         361
  -------         ENDPROC       USBXCORE_FORCE_STALL
  -------         PROC          USBXCORE_GET_STATUS
  C:324EH         LINE#         367
  C:324EH         LINE#         369
  C:325DH         LINE#         370
  C:325DH         LINE#         371
  C:325DH         LINE#         372
  C:325DH         LINE#         373
  C:325DH         LINE#         374
BL51 BANKED LINKER/LOCATER V6.22                                                      09/20/2019  10:04:50  PAGE 42


  C:325FH         LINE#         375
  C:325FH         LINE#         379
  C:325FH         LINE#         381
  C:326DH         LINE#         385
  C:326DH         LINE#         386
  C:326DH         LINE#         387
  C:326DH         LINE#         388
  C:326FH         LINE#         390
  C:326FH         LINE#         392
  C:327DH         LINE#         396
  C:327DH         LINE#         397
  C:328AH         LINE#         398
  C:328AH         LINE#         399
  C:328CH         LINE#         401
  C:328CH         LINE#         402
  C:329AH         LINE#         403
  C:32A3H         LINE#         404
  C:32A3H         LINE#         405
  C:32A3H         LINE#         406
  C:32A5H         LINE#         407
  C:32A5H         LINE#         408
  C:32A8H         LINE#         409
  C:32A8H         LINE#         410
  C:32A8H         LINE#         411
  C:32B0H         LINE#         412
  C:32B0H         LINE#         413
  C:32B3H         LINE#         414
  C:32B9H         LINE#         415
  C:32C0H         LINE#         416
  C:32C0H         LINE#         417
  -------         ENDPROC       USBXCORE_GET_STATUS
  -------         PROC          USBXCORE_CLEAR_FEATURE
  C:3446H         LINE#         423
  C:3446H         LINE#         425
  C:344CH         LINE#         426
  C:344CH         LINE#         428
  C:3453H         LINE#         429
  C:3453H         LINE#         430
  C:345EH         LINE#         436
  C:3469H         LINE#         437
  C:346EH         LINE#         438
  C:3470H         LINE#         440
  C:3470H         LINE#         442
  C:347BH         LINE#         446
  C:3486H         LINE#         447
  C:348BH         LINE#         448
  C:348BH         LINE#         449
  C:348DH         LINE#         451
  C:348DH         LINE#         452
  C:3490H         LINE#         453
  C:3490H         LINE#         454
  C:349BH         LINE#         455
  -------         ENDPROC       USBXCORE_CLEAR_FEATURE
  -------         PROC          USBXCORE_VENDOR_USB_API
  C:25AEH         LINE#         462
  C:25AEH         LINE#         464
  C:25B8H         LINE#         465
BL51 BANKED LINKER/LOCATER V6.22                                                      09/20/2019  10:04:50  PAGE 43


  C:25B8H         LINE#         466
  C:25BFH         LINE#         467
  C:25BFH         LINE#         468
  C:25C2H         LINE#         469
  C:25C5H         LINE#         470
  C:25C7H         LINE#         472
  C:25C7H         LINE#         473
  C:25CEH         LINE#         474
  C:25CEH         LINE#         477
  C:25D9H         LINE#         482
  C:25E4H         LINE#         483
  C:25EFH         LINE#         485
  C:25EFH         LINE#         486
  C:2602H         LINE#         487
  C:2602H         LINE#         488
  C:2606H         LINE#         489
  C:2611H         LINE#         491
  C:2611H         LINE#         492
  C:2624H         LINE#         493
  C:2624H         LINE#         494
  C:2628H         LINE#         495
  C:2633H         LINE#         497
  C:2639H         LINE#         498
  C:2641H         LINE#         499
  C:2641H         LINE#         500
  C:2644H         LINE#         501
  C:2644H         LINE#         502
  C:2644H         LINE#         503
  C:264FH         LINE#         504
  C:264FH         LINE#         505
  C:2655H         LINE#         506
  C:265CH         LINE#         507
  C:265CH         LINE#         508
  C:2660H         LINE#         509
  C:2660H         LINE#         510
  C:2666H         LINE#         511
  C:266DH         LINE#         512
  C:266DH         LINE#         513
  C:2678H         LINE#         514
  -------         ENDPROC       USBXCORE_VENDOR_USB_API
  -------         PROC          USBXCORE_SET_FEATURE
  C:349EH         LINE#         521
  C:349EH         LINE#         523
  C:34A4H         LINE#         524
  C:34A4H         LINE#         526
  C:34ABH         LINE#         527
  C:34ABH         LINE#         528
  C:34B6H         LINE#         534
  C:34C1H         LINE#         535
  C:34C4H         LINE#         536
  C:34C6H         LINE#         538
  C:34C6H         LINE#         540
  C:34D1H         LINE#         544
  C:34DCH         LINE#         545
  C:34E2H         LINE#         546
  C:34E2H         LINE#         548
  C:34E4H         LINE#         550
BL51 BANKED LINKER/LOCATER V6.22                                                      09/20/2019  10:04:50  PAGE 44


  C:34E4H         LINE#         551
  C:34E7H         LINE#         552
  C:34E7H         LINE#         553
  C:34F2H         LINE#         554
  -------         ENDPROC       USBXCORE_SET_FEATURE
  -------         PROC          USBXCORE_SET_ADDRESS
  C:37EFH         LINE#         561
  C:37EFH         LINE#         563
  C:37FEH         LINE#         564
  C:3804H         LINE#         565
  C:3804H         LINE#         566
  C:3807H         LINE#         567
  C:3809H         LINE#         569
  C:3809H         LINE#         570
  C:380CH         LINE#         571
  C:380CH         LINE#         572
  -------         ENDPROC       USBXCORE_SET_ADDRESS
  -------         PROC          USBXCORE_GET_DESCRIPTOR
  C:28B0H         LINE#         579
  C:28B0H         LINE#         580
  C:28BFH         LINE#         581
  C:28BFH         LINE#         582
  C:28BFH         LINE#         583
  C:28CDH         LINE#         584
  C:28D1H         LINE#         585
  C:28D3H         LINE#         586
  C:28D3H         LINE#         587
  C:28E1H         LINE#         588
  C:28F4H         LINE#         589
  C:28F6H         LINE#         590
  C:28F6H         LINE#         591
  C:291AH         LINE#         592
  C:2926H         LINE#         593
  C:2928H         LINE#         594
  C:2928H         LINE#         595
  C:292BH         LINE#         596
  C:292BH         LINE#         597
  C:292BH         LINE#         598
  C:2941H         LINE#         599
  C:2941H         LINE#         600
  C:2949H         LINE#         601
  C:2949H         LINE#         602
  C:2951H         LINE#         603
  C:2951H         LINE#         604
  C:2954H         LINE#         605
  C:295AH         LINE#         606
  C:2961H         LINE#         607
  C:2961H         LINE#         608
  -------         ENDPROC       USBXCORE_GET_DESCRIPTOR
  -------         PROC          USBXCORE_GET_CONFIGURATION
  C:35ECH         LINE#         614
  C:35ECH         LINE#         616
  C:35F4H         LINE#         617
  C:35F4H         LINE#         618
  C:3600H         LINE#         619
  C:3608H         LINE#         620
  C:3608H         LINE#         621
BL51 BANKED LINKER/LOCATER V6.22                                                      09/20/2019  10:04:50  PAGE 45


  C:360CH         LINE#         622
  C:360CH         LINE#         623
  C:361AH         LINE#         624
  C:3622H         LINE#         625
  C:3622H         LINE#         626
  C:3625H         LINE#         627
  C:362BH         LINE#         628
  C:3632H         LINE#         629
  -------         ENDPROC       USBXCORE_GET_CONFIGURATION
  -------         PROC          USBXCORE_SET_CONFIGURATION
  C:33ECH         LINE#         635
  C:33ECH         LINE#         637
  C:33F5H         LINE#         638
  C:33F5H         LINE#         639
  C:33FCH         LINE#         640
  C:3402H         LINE#         641
  C:3407H         LINE#         642
  C:3409H         LINE#         644
  C:3414H         LINE#         645
  C:341FH         LINE#         646
  C:342AH         LINE#         653
  C:3435H         LINE#         654
  C:3437H         LINE#         656
  C:3437H         LINE#         657
  C:343DH         LINE#         658
  C:3441H         LINE#         659
  C:3443H         LINE#         660
  C:3443H         LINE#         661
  -------         ENDPROC       USBXCORE_SET_CONFIGURATION
  -------         PROC          USBXCORE_GET_INTERFACE
  C:3780H         LINE#         668
  C:3780H         LINE#         670
  C:378EH         LINE#         671
  C:3796H         LINE#         672
  C:3799H         LINE#         673
  C:379FH         LINE#         674
  C:37A6H         LINE#         675
  -------         ENDPROC       USBXCORE_GET_INTERFACE
  -------         PROC          USBXCORE_SET_SOP
  C:38C6H         LINE#         682
  C:38C6H         LINE#         684
  C:38CEH         LINE#         685
  C:38CEH         LINE#         686
  C:38D9H         LINE#         687
  C:38D9H         LINE#         688
  -------         ENDPROC       USBXCORE_SET_SOP
  -------         PROC          USBXCORE_USB_ISR
  C:1C6AH         LINE#         699
  C:1C87H         LINE#         702
  C:1C8DH         LINE#         703
  C:1CA0H         LINE#         706
  C:1CB3H         LINE#         709
  C:1CB7H         LINE#         710
  C:1CB7H         LINE#         711
  C:1CC2H         LINE#         712
  C:1CC2H         LINE#         714
  C:1CC9H         LINE#         715
BL51 BANKED LINKER/LOCATER V6.22                                                      09/20/2019  10:04:50  PAGE 46


  C:1CC9H         LINE#         716
  C:1CCCH         LINE#         717
  C:1CCCH         LINE#         719
  C:1CD3H         LINE#         720
  C:1CD3H         LINE#         721
  C:1CE0H         LINE#         722
  C:1CE0H         LINE#         723
  C:1CE7H         LINE#         724
  C:1CE7H         LINE#         725
  C:1CE7H         LINE#         727
  C:1CE7H         LINE#         728
  C:1CE7H         LINE#         730
  C:1CE7H         LINE#         732
  C:1CFAH         LINE#         734
  C:1CFEH         LINE#         735
  C:1CFEH         LINE#         736
  C:1D01H         LINE#         737
  C:1D01H         LINE#         740
  C:1D08H         LINE#         741
  C:1D08H         LINE#         742
  C:1D13H         LINE#         748
  C:1D26H         LINE#         749
  C:1D2BH         LINE#         750
  C:1D2BH         LINE#         751
  C:1D32H         LINE#         752
  C:1D32H         LINE#         754
  C:1D32H         LINE#         756
  C:1D45H         LINE#         759
  C:1D49H         LINE#         760
  C:1D49H         LINE#         761
  C:1D54H         LINE#         767
  C:1D67H         LINE#         768
  C:1D6BH         LINE#         769
  C:1D6BH         LINE#         770
  C:1D72H         LINE#         771
  C:1D72H         LINE#         772
  C:1D72H         LINE#         775
  C:1D80H         LINE#         776
  C:1D85H         LINE#         777
  C:1D8BH         LINE#         778
  C:1D90H         LINE#         781
  C:1D9DH         LINE#         782
  C:1D9DH         LINE#         783
  C:1DA0H         LINE#         784
  C:1DA0H         LINE#         785
  -------         ENDPROC       USBXCORE_USB_ISR
  -------         ENDMOD        USB_API

  -------         MODULE        USB_SUSPEND
  C:0000H         SYMBOL        _ICE_DUMMY_
  D:00D7H         PUBLIC        USB0XCN
  D:00C9H         PUBLIC        REG0CN
  C:3707H         PUBLIC        USB_Suspend
  D:00A9H         PUBLIC        CLKSEL
  D:00B2H         PUBLIC        OSCICN
  D:00B9H         PUBLIC        CLKMUL
  -------         PROC          USB_SUSPEND
BL51 BANKED LINKER/LOCATER V6.22                                                      09/20/2019  10:04:50  PAGE 47


  C:3707H         LINE#         70
  C:3707H         LINE#         72
  C:370AH         LINE#         74
  C:370DH         LINE#         76
  C:3715H         LINE#         79
  C:3718H         LINE#         80
  C:371BH         LINE#         81
  C:371EH         LINE#         82
  C:3721H         LINE#         84
  C:3722H         LINE#         86
  C:3725H         LINE#         88
  C:372BH         LINE#         92
  C:372EH         LINE#         94
  C:3731H         LINE#         95
  -------         ENDPROC       USB_SUSPEND
  -------         ENDMOD        USB_SUSPEND

  -------         MODULE        USB_INT_ENABLE
  C:0000H         SYMBOL        _ICE_DUMMY_
  C:3881H         PUBLIC        USB_Int_Enable
  D:0096H         PUBLIC        USB0ADR
  D:0097H         PUBLIC        USB0DAT
  -------         PROC          USB_INT_ENABLE
  C:3881H         LINE#         68
  C:3881H         LINE#         71
  C:3888H         LINE#         73
  C:388EH         LINE#         74
  C:388EH         LINE#         75
  C:3899H         LINE#         77
  C:3899H         LINE#         78
  -------         ENDPROC       USB_INT_ENABLE
  -------         ENDMOD        USB_INT_ENABLE

  -------         MODULE        USB_CLOCK_RECOVERY
  C:0000H         SYMBOL        _ICE_DUMMY_
  C:390CH         PUBLIC        USBXcore_ClkRec
  D:0096H         PUBLIC        USB0ADR
  D:0097H         PUBLIC        USB0DAT
  -------         PROC          USBXCORE_CLKREC
  C:390CH         LINE#         45
  C:390CH         LINE#         47
  C:3917H         LINE#         48
  -------         ENDPROC       USBXCORE_CLKREC
  -------         ENDMOD        USB_CLOCK_RECOVERY

  -------         MODULE        ?C?FPMUL
  C:0C9AH         PUBLIC        ?C?FPMUL
  -------         ENDMOD        ?C?FPMUL

  -------         MODULE        ?C?FCAST
  C:0DAAH         PUBLIC        ?C?FCASTC
  C:0DA5H         PUBLIC        ?C?FCASTI
  C:0DA0H         PUBLIC        ?C?FCASTL
  -------         ENDMOD        ?C?FCAST

  -------         MODULE        ?C?CASTF
  C:0DDEH         PUBLIC        ?C?CASTF
BL51 BANKED LINKER/LOCATER V6.22                                                      09/20/2019  10:04:50  PAGE 48


  -------         ENDMOD        ?C?CASTF

  -------         MODULE        ?C?COPY
  C:0F2FH         PUBLIC        ?C?COPY
  -------         ENDMOD        ?C?COPY

  -------         MODULE        ?C?CLDPTR
  C:0F55H         PUBLIC        ?C?CLDPTR
  -------         ENDMOD        ?C?CLDPTR

  -------         MODULE        ?C?CLDOPTR
  C:0F6EH         PUBLIC        ?C?CLDOPTR
  -------         ENDMOD        ?C?CLDOPTR

  -------         MODULE        ?C?IMUL
  C:0F9BH         PUBLIC        ?C?IMUL
  -------         ENDMOD        ?C?IMUL

  -------         MODULE        ?C?IILDX
  C:0FADH         PUBLIC        ?C?IILDX
  -------         ENDMOD        ?C?IILDX

  -------         MODULE        ?C?LMUL
  C:0FC3H         PUBLIC        ?C?LMUL
  -------         ENDMOD        ?C?LMUL

  -------         MODULE        ?C?ULDIV
  C:104EH         PUBLIC        ?C?ULDIV
  -------         ENDMOD        ?C?ULDIV

  -------         MODULE        ?C?LNEG
  C:10E0H         PUBLIC        ?C?LNEG
  -------         ENDMOD        ?C?LNEG

  -------         MODULE        ?C?ULCMP
  C:10EEH         PUBLIC        ?C?ULCMP
  -------         ENDMOD        ?C?ULCMP

  -------         MODULE        ?C?ULSHR
  C:10FFH         PUBLIC        ?C?ULSHR
  -------         ENDMOD        ?C?ULSHR

  -------         MODULE        ?C?LSHL
  C:1112H         PUBLIC        ?C?LSHL
  -------         ENDMOD        ?C?LSHL

  -------         MODULE        ?C?LLDIPDATA
  C:112EH         PUBLIC        ?C?LLDIPDATA
  C:1125H         PUBLIC        ?C?LLDIPDATA1
  C:1127H         PUBLIC        ?C?LLDIPDATA8
  -------         ENDMOD        ?C?LLDIPDATA

  -------         MODULE        ?C?LSTXDATA
  C:1145H         PUBLIC        ?C?LSTXDATA
  -------         ENDMOD        ?C?LSTXDATA

  -------         MODULE        ?C?LSTPDATA
BL51 BANKED LINKER/LOCATER V6.22                                                      09/20/2019  10:04:50  PAGE 49


  C:1151H         PUBLIC        ?C?LSTPDATA
  -------         ENDMOD        ?C?LSTPDATA

  -------         MODULE        ?C?LSTKXDATA
  C:115DH         PUBLIC        ?C?LSTKXDATA
  -------         ENDMOD        ?C?LSTKXDATA

  -------         MODULE        ?C?LSTKPDATA
  C:118EH         PUBLIC        ?C?LSTKPDATA
  -------         ENDMOD        ?C?LSTKPDATA

  -------         MODULE        ?C_PBP
  D:0008H         PUBLIC        ?C_PBP
  -------         ENDMOD        ?C_PBP

*** WARNING L14: INCOMPATIBLE MEMORY MODEL
    MODULE:  .\USBX_F34X.LIB (USB_API)
    MODEL:   SMALL

*** WARNING L14: INCOMPATIBLE MEMORY MODEL
    MODULE:  .\USBX_F34X.LIB (USB_SUSPEND)
    MODEL:   SMALL

*** WARNING L14: INCOMPATIBLE MEMORY MODEL
    MODULE:  .\USBX_F34X.LIB (USB_INT_ENABLE)
    MODEL:   SMALL

*** WARNING L14: INCOMPATIBLE MEMORY MODEL
    MODULE:  .\USBX_F34X.LIB (USB_CLOCK_RECOVERY)
    MODEL:   SMALL

*** WARNING L16: UNCALLED SEGMENT, IGNORED FOR OVERLAY PROCESS
    SEGMENT: ?PR?SD_INIT?MMC_SD

*** WARNING L16: UNCALLED SEGMENT, IGNORED FOR OVERLAY PROCESS
    SEGMENT: ?PR?_DISPPICFROMSD?LCD

*** WARNING L16: UNCALLED SEGMENT, IGNORED FOR OVERLAY PROCESS
    SEGMENT: ?PR?DISPSCALEHOR1?LCD

*** WARNING L16: UNCALLED SEGMENT, IGNORED FOR OVERLAY PROCESS
    SEGMENT: ?PR?DISPSCALEVER?LCD

*** WARNING L16: UNCALLED SEGMENT, IGNORED FOR OVERLAY PROCESS
    SEGMENT: ?PR?DISPSCALEVER_RED?LCD

*** WARNING L16: UNCALLED SEGMENT, IGNORED FOR OVERLAY PROCESS
    SEGMENT: ?PR?DISPSCALEVER_GREEN?LCD

*** WARNING L16: UNCALLED SEGMENT, IGNORED FOR OVERLAY PROCESS
    SEGMENT: ?PR?DISPSCALEVER_BLUE?LCD

*** WARNING L16: UNCALLED SEGMENT, IGNORED FOR OVERLAY PROCESS
    SEGMENT: ?PR?DISPSCALEVER_GRAY?LCD

*** WARNING L16: UNCALLED SEGMENT, IGNORED FOR OVERLAY PROCESS
    SEGMENT: ?PR?DISPGRAYHOR32?LCD
BL51 BANKED LINKER/LOCATER V6.22                                                      09/20/2019  10:04:50  PAGE 50



*** WARNING L16: UNCALLED SEGMENT, IGNORED FOR OVERLAY PROCESS
    SEGMENT: ?PR?DISPSCALEHOR2?LCD

*** WARNING L16: UNCALLED SEGMENT, IGNORED FOR OVERLAY PROCESS
    SEGMENT: ?PR?_DRAWGIRD?LCD

*** WARNING L15: MULTIPLE CALL TO SEGMENT
    SEGMENT: ?PR?_WRITECOMM?LCD
    CALLER1: ?PR?USB_API_TEST_ISR?MAIN
    CALLER2: ?C_C51STARTUP

*** WARNING L15: MULTIPLE CALL TO SEGMENT
    SEGMENT: ?PR?_WRITEDATA?LCD
    CALLER1: ?PR?USB_API_TEST_ISR?MAIN
    CALLER2: ?C_C51STARTUP

Program Size: data=10.0 xdata=1214 code=14632
LINK/LOCATE RUN COMPLETE.  17 WARNING(S),  0 ERROR(S)
