BL51 BANKED LINKER/LOCATER V6.22                                                        08/24/2021  09:23:01  PAGE 1


BL51 BANKED LINKER/LOCATER V6.22, INVOKED BY:
D:\KEIL C51\C51\BIN\BL51.EXE main.obj, mmc_sd.obj, lcd.obj, tp.obj, .\USBX_F34X.LIB TO ILI9341V_HSD28_IPS_16BIT RAMSIZE 
>> (256)


MEMORY MODEL: COMPACT WITH FLOATING POINT ARITHMETIC


INPUT MODULES INCLUDED:
  main.obj (MAIN)
  mmc_sd.obj (MMC_SD)
  lcd.obj (LCD)
  tp.obj (TP)
  .\USBX_F34X.LIB (USB_API)
  .\USBX_F34X.LIB (USB_CLOCK_START)
  .\USBX_F34X.LIB (USB_SUSPEND)
  .\USBX_F34X.LIB (GET_INTERRUPT_SOURCE)
  .\USBX_F34X.LIB (BLOCK_READ)
  .\USBX_F34X.LIB (BLOCK_WRITE)
  .\USBX_F34X.LIB (USB_INT_ENABLE)
  .\USBX_F34X.LIB (USB_CLOCK_RECOVERY)
  .\USBX_F34X.LIB (USB_JUMP_ISR)
  D:\KEIL C51\C51\LIB\C51FPC.LIB (?C?FPMUL)
  D:\KEIL C51\C51\LIB\C51FPC.LIB (?C?FCAST)
  D:\KEIL C51\C51\LIB\C51FPC.LIB (?C?CASTF)
  D:\KEIL C51\C51\LIB\C51FPC.LIB (?C?FPGETOPN)
  D:\KEIL C51\C51\LIB\C51C.LIB (?C_STARTUP)
  D:\KEIL C51\C51\LIB\C51C.LIB (?C?COPY)
  D:\KEIL C51\C51\LIB\C51C.LIB (?C?CLDPTR)
  D:\KEIL C51\C51\LIB\C51C.LIB (?C?CLDOPTR)
  D:\KEIL C51\C51\LIB\C51C.LIB (?C?IMUL)
  D:\KEIL C51\C51\LIB\C51C.LIB (?C?IILDX)
  D:\KEIL C51\C51\LIB\C51C.LIB (?C?ILDOPTR)
  D:\KEIL C51\C51\LIB\C51C.LIB (?C?LMUL)
  D:\KEIL C51\C51\LIB\C51C.LIB (?C?ULDIV)
  D:\KEIL C51\C51\LIB\C51C.LIB (?C?LNEG)
  D:\KEIL C51\C51\LIB\C51C.LIB (?C?ULCMP)
  D:\KEIL C51\C51\LIB\C51C.LIB (?C?ULSHR)
  D:\KEIL C51\C51\LIB\C51C.LIB (?C?LSHL)
  D:\KEIL C51\C51\LIB\C51C.LIB (?C?LLDIPDATA)
  D:\KEIL C51\C51\LIB\C51C.LIB (?C?LSTXDATA)
  D:\KEIL C51\C51\LIB\C51C.LIB (?C?LSTPDATA)
  D:\KEIL C51\C51\LIB\C51C.LIB (?C?LSTKXDATA)
  D:\KEIL C51\C51\LIB\C51C.LIB (?C?LSTKPDATA)
  D:\KEIL C51\C51\LIB\C51C.LIB (?C_PBP)
  D:\KEIL C51\C51\LIB\C51C.LIB (?C_INIT)


LINK MAP OF MODULE:  ILI9341V_HSD28_IPS_16BIT (MAIN)


            TYPE    BASE      LENGTH    RELOCATION   SEGMENT NAME
            -----------------------------------------------------

            * * * * * * *   D A T A   M E M O R Y   * * * * * * *
            REG     0000H     0008H     ABSOLUTE     "REG BANK 0"
            DATA    0008H     0001H     UNIT         ?C?LIB_DATA
            IDATA   0009H     0001H     UNIT         ?STACK
BL51 BANKED LINKER/LOCATER V6.22                                                      08/24/2021  09:23:01  PAGE 2



            * * * * * * *  X D A T A   M E M O R Y  * * * * * * *
            XDATA   0000H     0010H     INPAGE       ?PD?MAIN
            XDATA   0010H     0004H     INPAGE       ?PD?_MMC_SD_READSINGLEBLOCK?MMC_SD
            XDATA   0014H     0005H     INPAGE       ?PD?DISPBAND?LCD
            XDATA   0019H     0005H     INPAGE       ?PD?_DISPPIC?LCD
            XDATA   001EH     000DH     INPAGE       ?PD?_DISPPICFROMSD?LCD
            XDATA   002BH     0004H     INPAGE       ?PD?DISPSCALEHOR1?LCD
            XDATA   002FH     0004H     INPAGE       ?PD?DISPSCALEVER?LCD
            XDATA   0033H     0004H     INPAGE       ?PD?DISPSCALEVER_RED?LCD
            XDATA   0037H     0004H     INPAGE       ?PD?DISPSCALEVER_GREEN?LCD
            XDATA   003BH     0004H     INPAGE       ?PD?DISPSCALEVER_BLUE?LCD
            XDATA   003FH     0004H     INPAGE       ?PD?DISPSCALEVER_GRAY?LCD
            XDATA   0043H     0004H     INPAGE       ?PD?DISPGRAYHOR32?LCD
            XDATA   0047H     0002H     INPAGE       ?PD?DISPSCALEHOR2?LCD
            XDATA   0049H     000CH     INPAGE       ?PD?_DRAWLINE?LCD
            XDATA   0055H     0004H     INPAGE       ?PD?_DRAWGIRD?LCD
            XDATA   0059H     0002H     INPAGE       ?PD?LCD
            XDATA   005BH     0026H     INPAGE       _PDATA_GROUP_
            XDATA   0081H     0200H     UNIT         ?XD?MMC_SD
            XDATA   0281H     0058H     UNIT         _XDATA_GROUP_
            XDATA   02D9H     0040H     UNIT         ?XD?MAIN
                    0319H     0327H                  *** GAP ***
            XDATA   0640H     0100H     ABSOLUTE     
            XDATA   0740H     0012H     ABSOLUTE     
            XDATA   0752H     0020H     ABSOLUTE     
            XDATA   0772H     000CH     ABSOLUTE     
            XDATA   077EH     0008H     ABSOLUTE     
            XDATA   0786H     0001H     ABSOLUTE     
            XDATA   0787H     0003H     ABSOLUTE     
            XDATA   078AH     0002H     ABSOLUTE     
            XDATA   078CH     0002H     ABSOLUTE     
            XDATA   078EH     0003H     ABSOLUTE     
            XDATA   0791H     0001H     ABSOLUTE     
            XDATA   0792H     0001H     ABSOLUTE     
            XDATA   0793H     0001H     ABSOLUTE     
            XDATA   0794H     0001H     ABSOLUTE     
            XDATA   0795H     0002H     ABSOLUTE     
            XDATA   0797H     0002H     ABSOLUTE     
            XDATA   0799H     0001H     ABSOLUTE     
            XDATA   079AH     0001H     ABSOLUTE     
            XDATA   079BH     0001H     ABSOLUTE     
            XDATA   079CH     0001H     ABSOLUTE     
            XDATA   079DH     0001H     ABSOLUTE     
            XDATA   079EH     0001H     ABSOLUTE     
            XDATA   079FH     0002H     ABSOLUTE     
            XDATA   07A1H     0001H     ABSOLUTE     
            XDATA   07A2H     0001H     ABSOLUTE     
            XDATA   07A3H     000CH     ABSOLUTE     
                    07AFH     0011H                  *** GAP ***
            XDATA   07C0H     0040H     ABSOLUTE     

            * * * * * * *   C O D E   M E M O R Y   * * * * * * *
            CODE    0000H     0003H     ABSOLUTE     
            CODE    0003H     003AH     UNIT         ?CO?USB_API
            CODE    003DH     0003H     UNIT         ?PR?SUSPEND_DEVICE?MAIN
                    0040H     0003H                  *** GAP ***
BL51 BANKED LINKER/LOCATER V6.22                                                      08/24/2021  09:23:01  PAGE 3


            CODE    0043H     0003H     ABSOLUTE     
            CODE    0046H     0044H     UNIT         ?PR?_DISPCOLOR?LCD
                    008AH     0001H                  *** GAP ***
            CODE    008BH     0003H     ABSOLUTE     
            CODE    008EH     060CH     UNIT         ?PR?CONNTOUSB?MAIN
            CODE    069AH     0600H     UNIT         ?CO?LCD
            CODE    0C9AH     0545H     UNIT         ?C?LIB_CODE
            CODE    11DFH     0233H     UNIT         ?PR?USBXCORE_HANDLE_SETUP?USB_API
            CODE    1412H     0232H     UNIT         ?PR?_LCD_READ_IC_ID?LCD
            CODE    1644H     0226H     UNIT         ?PR?DISPSCALEHOR1?LCD
            CODE    186AH     01E0H     UNIT         ?PR?LCD_INIT?LCD
            CODE    1A4AH     01BAH     UNIT         ?PR?DISPSCALEHOR2?LCD
            CODE    1C04H     01A0H     UNIT         ?PR?TP_DRAWLINE?TP
            CODE    1DA4H     018EH     UNIT         ?PR?DISPBAND?LCD
            CODE    1F32H     0151H     UNIT         ?PR?USBXCORE_USB_ISR?USB_API
            CODE    2083H     013DH     UNIT         ?PR?USB_API_TEST_ISR?MAIN
            CODE    21C0H     0137H     UNIT         ?PR?_USB_INIT?USB_API
            CODE    22F7H     0128H     UNIT         ?PR?DISPSCALEVER?LCD
            CODE    241FH     011BH     UNIT         ?PR?_TP_GETPOSITION?TP
            CODE    253AH     0111H     UNIT         ?PR?_BLOCK_WRITE?BLOCK_WRITE
            CODE    264BH     00E9H     UNIT         ?PR?_DISPPICFROMSD?LCD
            CODE    2734H     00CDH     UNIT         ?PR?USBXCORE_VENDOR_USB_API?USB_API
            CODE    2801H     00CBH     UNIT         ?PR?_DISPONECHAR?LCD
            CODE    28CCH     00B7H     UNIT         ?PR?MMC_SD_RESET?MMC_SD
            CODE    2983H     00B3H     UNIT         ?PR?_DISPINT?LCD
            CODE    2A36H     00B2H     UNIT         ?PR?USBXCORE_GET_DESCRIPTOR?USB_API
            CODE    2AE8H     00AFH     UNIT         ?PR?_BLOCK_READ?BLOCK_READ
            CODE    2B97H     00A4H     UNIT         ?PR?DISPFRAME?LCD
            CODE    2C3BH     00A0H     UNIT         ?PR?DISPSCALEVER_GREEN?LCD
            CODE    2CDBH     009BH     UNIT         ?PR?DISPGRAYHOR16?LCD
            CODE    2D76H     0099H     UNIT         ?PR?_?BLOCKWRITE?LCD
            CODE    2E0FH     0096H     UNIT         ?PR?_DISPSTR?LCD
            CODE    2EA5H     0091H     UNIT         ?PR?DISPSCALEVER_RED?LCD
            CODE    2F36H     0091H     UNIT         ?PR?DISPSCALEVER_GRAY?LCD
            CODE    2FC7H     0090H     UNIT         ?PR?_DRAWGIRD?LCD
            CODE    3057H     008CH     UNIT         ?C_C51STARTUP
            CODE    30E3H     0086H     UNIT         ?PR?DISPSCALEVER_BLUE?LCD
            CODE    3169H     0086H     UNIT         ?PR?_DRAWLINE?LCD
            CODE    31EFH     007DH     UNIT         ?PR?_MMC_SD_WRITESINGLEBLOCK?MMC_SD
            CODE    326CH     0076H     UNIT         ?PR?DISPGRAYHOR32?LCD
            CODE    32E2H     0075H     UNIT         ?PR?_MMC_SD_SENDCOMMAND?MMC_SD
            CODE    3357H     0073H     UNIT         ?PR?TP_READ?TP
            CODE    33CAH     0073H     UNIT         ?PR?USBXCORE_GET_STATUS?USB_API
            CODE    343DH     006CH     UNIT         ?PR?DEVICES_INIT?MAIN
            CODE    34A9H     0064H     UNIT         ?PR?_MMC_SD_READSINGLEBLOCK?MMC_SD
            CODE    350DH     0061H     UNIT         ?PR?_DISPPIC?LCD
            CODE    356EH     005BH     UNIT         ?PR?_TOORD?LCD
            CODE    35C9H     005AH     UNIT         ?PR?USBXCORE_SET_CONFIGURATION?USB_API
            CODE    3623H     0058H     UNIT         ?PR?USBXCORE_CLEAR_FEATURE?USB_API
            CODE    367BH     0057H     UNIT         ?PR?USBXCORE_SET_FEATURE?USB_API
            CODE    36D2H     0055H     UNIT         ?PR?_STOPDELAY?MAIN
            CODE    3727H     0052H     UNIT         ?PR?_PUTPIXEL?LCD
            CODE    3779H     0050H     UNIT         ?CO?MAIN
            CODE    37C9H     0049H     UNIT         ?PR?MAIN?MAIN
            CODE    3812H     0047H     UNIT         ?PR?USBXCORE_GET_CONFIGURATION?USB_API
            CODE    3859H     0043H     UNIT         ?PR?MCU_INIT?MAIN
            CODE    389CH     0038H     UNIT         ?PR?USB_CLOCK_START?USB_CLOCK_START
BL51 BANKED LINKER/LOCATER V6.22                                                      08/24/2021  09:23:01  PAGE 4


            CODE    38D4H     002DH     UNIT         ?C_INITSEG
            CODE    3901H     002BH     UNIT         ?PR?USB_SUSPEND?USB_SUSPEND
            CODE    392CH     0028H     UNIT         ?PR?_WRITEDISPDATA?LCD
            CODE    3954H     0027H     UNIT         ?PR?USBXCORE_USB_RESET?USB_API
            CODE    397BH     0027H     UNIT         ?PR?USBXCORE_GET_INTERFACE?USB_API
            CODE    39A2H     0026H     UNIT         ?PR?_TP_WRITE?TP
            CODE    39C8H     0022H     UNIT         ?PR?USBXCORE_JUMP_ISR?USB_JUMP_ISR
            CODE    39EAH     0020H     UNIT         ?PR?USBXCORE_SET_ADDRESS?USB_API
            CODE    3A0AH     001FH     UNIT         ?PR?_DELAY?MAIN
            CODE    3A29H     001FH     UNIT         ?PR?_WRITEDATA?LCD
            CODE    3A48H     001DH     UNIT         ?PR?USBXCORE_FORCE_STALL?USB_API
            CODE    3A65H     001BH     UNIT         ?PR?_WRITECOMM?LCD
            CODE    3A80H     0019H     UNIT         ?PR?USB_INT_ENABLE?USB_INT_ENABLE
            CODE    3A99H     0016H     UNIT         ?PR?_SPI_WRITEBYTE?MMC_SD
            CODE    3AAFH     0016H     UNIT         ?PR?READDATA?LCD
            CODE    3AC5H     0014H     UNIT         ?PR?USBXCORE_SET_SOP?USB_API
            CODE    3AD9H     0013H     UNIT         ?PR?WAITKEY?MAIN
            CODE    3AECH     0011H     UNIT         ?PR?SD_INIT?MMC_SD
            CODE    3AFDH     000EH     UNIT         ?PR?GET_INTERRUPT_SOURCE?GET_INTERRUPT_SOURCE
            CODE    3B0BH     000CH     UNIT         ?PR?USBXCORE_CLKREC?USB_CLOCK_RECOVERY
            CODE    3B17H     000BH     UNIT         ?PR?SPI_READBYTE?MMC_SD
            CODE    3B22H     0009H     UNIT         ?PR?_WRITEONEDOT?LCD



OVERLAY MAP OF MODULE:   ILI9341V_HSD28_IPS_16BIT (MAIN)


SEGMENT                                            PDATA_GROUP         XDATA_GROUP
  +--> CALLED SEGMENT                            START    LENGTH     START    LENGTH
------------------------------------------------------------------------------------
?PR?USB_API_TEST_ISR?MAIN                        005BH    0001H      -----    -----
  +--> ?PR?GET_INTERRUPT_SOURCE?GET_INTERRUP...
  +--> ?PR?_BLOCK_READ?BLOCK_READ
  +--> ?PR?SUSPEND_DEVICE?MAIN
  +--> ?PR?MCU_INIT?MAIN
  +--> ?PR?_?BLOCKWRITE?LCD

?PR?SUSPEND_DEVICE?MAIN                          -----    -----      -----    -----
  +--> ?PR?USB_SUSPEND?USB_SUSPEND

?PR?USB_SUSPEND?USB_SUSPEND                      -----    -----      -----    -----
  +--> ?PR?USB_CLOCK_START?USB_CLOCK_START

?PR?_?BLOCKWRITE?LCD                             -----    -----      -----    -----
  +--> ?PR?_WRITECOMM?LCD
  +--> ?PR?_WRITEDATA?LCD

?PR?_WRITECOMM?LCD                               007FH    0002H      -----    -----

?PR?_WRITEDATA?LCD                               007FH    0002H      -----    -----

*** NEW ROOT ***************************************************

?PR?USBXCORE_USB_ISR?USB_API                     -----    -----      -----    -----
  +--> ?PR?USBXCORE_USB_RESET?USB_API
  +--> ?PR?USBXCORE_HANDLE_SETUP?USB_API
BL51 BANKED LINKER/LOCATER V6.22                                                      08/24/2021  09:23:01  PAGE 5


  +--> ?PR?USBXCORE_JUMP_ISR?USB_JUMP_ISR

?PR?USBXCORE_HANDLE_SETUP?USB_API                -----    -----      -----    -----
  +--> ?PR?USBXCORE_GET_STATUS?USB_API
  +--> ?PR?USBXCORE_CLEAR_FEATURE?USB_API
  +--> ?PR?USBXCORE_VENDOR_USB_API?USB_API
  +--> ?PR?USBXCORE_SET_FEATURE?USB_API
  +--> ?PR?USBXCORE_SET_ADDRESS?USB_API
  +--> ?PR?USBXCORE_GET_DESCRIPTOR?USB_API
  +--> ?PR?USBXCORE_GET_CONFIGURATION?USB_API
  +--> ?PR?USBXCORE_SET_CONFIGURATION?USB_API
  +--> ?PR?USBXCORE_GET_INTERFACE?USB_API
  +--> ?PR?USBXCORE_SET_SOP?USB_API
  +--> ?PR?USBXCORE_FORCE_STALL?USB_API

?PR?USBXCORE_GET_STATUS?USB_API                  -----    -----      -----    -----
  +--> ?CO?USB_API
  +--> ?PR?USBXCORE_FORCE_STALL?USB_API
  +--> ?PR?USBXCORE_SET_SOP?USB_API

?PR?USBXCORE_CLEAR_FEATURE?USB_API               -----    -----      -----    -----
  +--> ?PR?USBXCORE_FORCE_STALL?USB_API
  +--> ?PR?USBXCORE_SET_SOP?USB_API

?PR?USBXCORE_VENDOR_USB_API?USB_API              -----    -----      -----    -----
  +--> ?PR?USBXCORE_SET_SOP?USB_API

?PR?USBXCORE_SET_FEATURE?USB_API                 -----    -----      -----    -----
  +--> ?PR?USBXCORE_FORCE_STALL?USB_API
  +--> ?PR?USBXCORE_SET_SOP?USB_API

?PR?USBXCORE_SET_ADDRESS?USB_API                 -----    -----      -----    -----
  +--> ?PR?USBXCORE_SET_SOP?USB_API

?PR?USBXCORE_GET_DESCRIPTOR?USB_API              -----    -----      -----    -----
  +--> ?PR?USBXCORE_FORCE_STALL?USB_API
  +--> ?PR?USBXCORE_SET_SOP?USB_API

?PR?USBXCORE_GET_CONFIGURATION?USB_API           -----    -----      -----    -----
  +--> ?CO?USB_API
  +--> ?PR?USBXCORE_SET_SOP?USB_API

?PR?USBXCORE_SET_CONFIGURATION?USB_API           -----    -----      -----    -----
  +--> ?PR?USBXCORE_SET_SOP?USB_API

?PR?USBXCORE_GET_INTERFACE?USB_API               -----    -----      -----    -----
  +--> ?CO?USB_API
  +--> ?PR?USBXCORE_SET_SOP?USB_API

*** NEW ROOT ***************************************************

?C_C51STARTUP                                    -----    -----      -----    -----
  +--> ?PR?MAIN?MAIN
  +--> ?C_INITSEG

?PR?MAIN?MAIN                                    -----    -----      -----    -----
  +--> ?PR?DEVICES_INIT?MAIN
BL51 BANKED LINKER/LOCATER V6.22                                                      08/24/2021  09:23:01  PAGE 6


  +--> ?PR?DISPFRAME?LCD
  +--> ?PR?_STOPDELAY?MAIN
  +--> ?PR?_DISPCOLOR?LCD
  +--> ?PR?DISPGRAYHOR16?LCD
  +--> ?PR?TP_DRAWLINE?TP

?PR?DEVICES_INIT?MAIN                            -----    -----      -----    -----
  +--> ?PR?MCU_INIT?MAIN
  +--> ?PR?USB_CLOCK_START?USB_CLOCK_START
  +--> ?CO?MAIN
  +--> ?PR?_USB_INIT?USB_API
  +--> ?PR?USB_INT_ENABLE?USB_INT_ENABLE
  +--> ?PR?LCD_INIT?LCD

?PR?_USB_INIT?USB_API                            -----    -----      0281H    0011H
  +--> ?CO?USB_API
  +--> ?PR?USBXCORE_CLKREC?USB_CLOCK_RECOVERY

?PR?LCD_INIT?LCD                                 -----    -----      -----    -----
  +--> ?PR?READDATA?LCD
  +--> ?PR?_DELAY?MAIN
  +--> ?PR?_WRITECOMM?LCD
  +--> ?PR?_WRITEDATA?LCD

?PR?READDATA?LCD                                 -----    -----      -----    -----
  +--> ?PR?_LCD_READ_IC_ID?LCD

?PR?_LCD_READ_IC_ID?LCD                          0067H    0008H      -----    -----

?PR?DISPFRAME?LCD                                005EH    0002H      -----    -----
  +--> ?PR?_?BLOCKWRITE?LCD
  +--> ?PR?_WRITEDISPDATA?LCD

?PR?_WRITEDISPDATA?LCD                           007FH    0001H      -----    -----

?PR?_STOPDELAY?MAIN                              005EH    0004H      -----    -----
  +--> ?PR?WAITKEY?MAIN
  +--> ?PR?_DELAY?MAIN

?PR?WAITKEY?MAIN                                 -----    -----      -----    -----
  +--> ?PR?CONNTOUSB?MAIN
  +--> ?PR?_DELAY?MAIN

?PR?CONNTOUSB?MAIN                               0062H    0005H      0281H    0058H
  +--> ?CO?MAIN
  +--> ?PR?_WRITECOMM?LCD
  +--> ?PR?_WRITEDATA?LCD
  +--> ?PR?_DISPSTR?LCD
  +--> ?PR?_DISPINT?LCD
  +--> ?PR?_WRITEDISPDATA?LCD
  +--> ?PR?_MMC_SD_WRITESINGLEBLOCK?MMC_SD
  +--> ?PR?_BLOCK_WRITE?BLOCK_WRITE
  +--> ?PR?READDATA?LCD
  +--> ?PR?_DELAY?MAIN

?PR?_DISPSTR?LCD                                 0067H    000BH      -----    -----
  +--> ?PR?_TOORD?LCD
BL51 BANKED LINKER/LOCATER V6.22                                                      08/24/2021  09:23:01  PAGE 7


  +--> ?PR?_DISPONECHAR?LCD

?PR?_DISPONECHAR?LCD                             0072H    000DH      -----    -----
  +--> ?PR?_?BLOCKWRITE?LCD
  +--> ?CO?LCD
  +--> ?PR?_WRITEONEDOT?LCD

?PR?_WRITEONEDOT?LCD                             -----    -----      -----    -----
  +--> ?PR?_WRITEDISPDATA?LCD

?PR?_DISPINT?LCD                                 0067H    000AH      -----    -----
  +--> ?PR?_DISPONECHAR?LCD

?PR?_MMC_SD_WRITESINGLEBLOCK?MMC_SD              0067H    0004H      -----    -----
  +--> ?PR?_MMC_SD_SENDCOMMAND?MMC_SD
  +--> ?PR?_SPI_WRITEBYTE?MMC_SD

?PR?_MMC_SD_SENDCOMMAND?MMC_SD                   006BH    0005H      -----    -----
  +--> ?PR?_SPI_WRITEBYTE?MMC_SD

?PR?_DISPCOLOR?LCD                               005EH    0004H      -----    -----
  +--> ?PR?_?BLOCKWRITE?LCD
  +--> ?PR?_WRITEDISPDATA?LCD

?PR?DISPGRAYHOR16?LCD                            005EH    0004H      -----    -----
  +--> ?PR?_?BLOCKWRITE?LCD
  +--> ?PR?_WRITEDISPDATA?LCD

?PR?TP_DRAWLINE?TP                               -----    -----      0281H    0018H
  +--> ?PR?_DISPCOLOR?LCD
  +--> ?PR?_DELAY?MAIN
  +--> ?PR?_TP_GETPOSITION?TP
  +--> ?PR?_PUTPIXEL?LCD

?PR?_TP_GETPOSITION?TP                           -----    -----      0299H    001BH
  +--> ?PR?_TP_WRITE?TP
  +--> ?PR?TP_READ?TP

?PR?_TP_WRITE?TP                                 -----    -----      02B4H    0001H

?PR?TP_READ?TP                                   -----    -----      02B4H    0005H

?PR?_PUTPIXEL?LCD                                005EH    0002H      -----    -----
  +--> ?PR?_?BLOCKWRITE?LCD
  +--> ?PR?_WRITEDISPDATA?LCD



SYMBOL TABLE OF MODULE:  ILI9341V_HSD28_IPS_16BIT (MAIN)

  VALUE           TYPE          NAME
  ----------------------------------

  -------         MODULE        MAIN
  C:0000H         SYMBOL        _ICE_DUMMY_
  D:0080H         PUBLIC        P0
  X:0000H         PUBLIC        f_down
BL51 BANKED LINKER/LOCATER V6.22                                                      08/24/2021  09:23:01  PAGE 8


  D:0090H         PUBLIC        P1
  D:00A0H         PUBLIC        P2
  D:00B0H         PUBLIC        P3
  C:37C4H         PUBLIC        USB_MaxPower
  B:00B0H.6       PUBLIC        KEY_STEP
  D:00A4H         PUBLIC        P0MDOUT
  D:00A5H         PUBLIC        P1MDOUT
  D:00A6H         PUBLIC        P2MDOUT
  D:00A7H         PUBLIC        P3MDOUT
  D:00AEH         PUBLIC        P4MDOUT
  B:0080H.6       PUBLIC        OE
  D:00D9H         PUBLIC        PCA0MD
  C:2083H         PUBLIC        USB_API_TEST_ISR
  C:003DH         PUBLIC        Suspend_Device
  C:36D6H         PUBLIC        _StopDelay
  D:00E1H         PUBLIC        XBR0
  D:00E2H         PUBLIC        XBR1
  B:00B0H.1       PUBLIC        RS
  C:37C9H         PUBLIC        main
  X:0001H         PUBLIC        VerifyCode0
  X:0002H         PUBLIC        VerifyCode1
  C:378EH         PUBLIC        USB_PID
  X:0003H         PUBLIC        VerifyCode2
  D:00F1H         PUBLIC        P0MDIN
  D:00F2H         PUBLIC        P1MDIN
  C:3790H         PUBLIC        USB_MfrStr
  D:00F4H         PUBLIC        P3MDIN
  C:378CH         PUBLIC        USB_VID
  D:00F8H         PUBLIC        SPI0CN
  X:0004H         PUBLIC        pic
  C:343DH         PUBLIC        Devices_Init
  C:008EH         PUBLIC        ConnToUSB
  D:00A9H         PUBLIC        CLKSEL
  D:00B2H         PUBLIC        OSCICN
  C:37C5H         PUBLIC        USB_PwAttributes
  C:3AD9H         PUBLIC        WaitKey
  C:37C8H         SYMBOL        _?ix1000
  B:00B0H.0       PUBLIC        CS0
  X:0005H         PUBLIC        bf
  C:37C6H         PUBLIC        USB_bcdDevice
  D:00B9H         PUBLIC        CLKMUL
  X:0007H         PUBLIC        f_debug
  X:0008H         PUBLIC        sd
  X:02D9H         PUBLIC        Packet
  C:3859H         PUBLIC        MCU_Init
  B:0080H.7       PUBLIC        DIR
  D:00EFH         PUBLIC        RSTSRC
  X:000CH         PUBLIC        f_read
  C:37BAH         PUBLIC        USB_SerialStr
  X:000DH         PUBLIC        f_other
  C:37AAH         PUBLIC        USB_ProductStr
  X:000EH         PUBLIC        f_para
  D:00A1H         PUBLIC        SPI0CFG
  C:3A0AH         PUBLIC        _Delay
  B:00B0H.7       PUBLIC        KEY_Stop
  X:000FH         PUBLIC        f_init
  -------         PROC          MAIN
BL51 BANKED LINKER/LOCATER V6.22                                                      08/24/2021  09:23:01  PAGE 9


  C:37C9H         LINE#         40
  C:37C9H         LINE#         41
  C:37C9H         LINE#         61
  C:37CCH         LINE#         63
  C:37CFH         LINE#         64
  C:37CFH         LINE#         67
  C:37D5H         LINE#         68
  C:37DFH         LINE#         70
  C:37E9H         LINE#         71
  C:37F3H         LINE#         72
  C:37FDH         LINE#         74
  C:3803H         LINE#         75
  C:380CH         LINE#         79
  C:380FH         LINE#         81
  C:3811H         LINE#         82
  -------         ENDPROC       MAIN
  -------         PROC          _DELAY
  D:0006H         SYMBOL        dly
  -------         DO            
  D:0004H         SYMBOL        i
  D:0002H         SYMBOL        j
  -------         ENDDO         
  C:3A0AH         LINE#         85
  C:3A0AH         LINE#         86
  C:3A0AH         LINE#         89
  C:3A14H         LINE#         90
  C:3A28H         LINE#         91
  -------         ENDPROC       _DELAY
  C:36D2H         SYMBOL        L?0133
  -------         PROC          L?0132
  -------         ENDPROC       L?0132
  C:36D2H         SYMBOL        L?0133
  -------         PROC          _STOPDELAY
  X:005EH         SYMBOL        sdly
  -------         DO            
  D:0006H         SYMBOL        i
  D:0004H         SYMBOL        j
  X:0060H         SYMBOL        k
  -------         ENDDO         
  C:36D6H         LINE#         93
  C:36DDH         LINE#         94
  C:36DDH         LINE#         96
  C:36E2H         LINE#         97
  C:36E2H         LINE#         98
  C:36E5H         LINE#         99
  C:36E5H         LINE#         100
  C:36F2H         LINE#         101
  C:3706H         LINE#         102
  C:3706H         LINE#         104
  C:3706H         LINE#         105
  C:3710H         LINE#         106
  C:3710H         LINE#         107
  C:3726H         LINE#         108
  -------         ENDPROC       _STOPDELAY
  -------         PROC          WAITKEY
  C:3AD9H         LINE#         137
  C:3AD9H         LINE#         138
BL51 BANKED LINKER/LOCATER V6.22                                                      08/24/2021  09:23:01  PAGE 10


  C:3AD9H         LINE#         140
  C:3ADCH         LINE#         141
  C:3ADCH         LINE#         143
  C:3ADFH         LINE#         145
  C:3AE1H         LINE#         146
  C:3AE8H         LINE#         147
  C:3AEBH         LINE#         149
  -------         ENDPROC       WAITKEY
  -------         PROC          CONNTOUSB
  -------         DO            
  X:0062H         SYMBOL        i
  X:0281H         SYMBOL        reg_data
  X:0299H         SYMBOL        para_data
  D:0007H         SYMBOL        dat
  X:0063H         SYMBOL        reg_index
  X:0065H         SYMBOL        data_num
  X:0066H         SYMBOL        st
  -------         ENDDO         
  C:008EH         LINE#         155
  C:008EH         LINE#         156
  C:008EH         LINE#         163
  C:00A1H         LINE#         165
  C:00A9H         LINE#         166
  C:00A9H         LINE#         167
  C:00B7H         LINE#         168
  C:00B7H         LINE#         169
  C:00C8H         LINE#         170
  C:00C8H         LINE#         171
  C:00EEH         LINE#         172
  C:00F0H         LINE#         173
  C:0104H         LINE#         174
  C:0104H         LINE#         175
  C:012AH         LINE#         177
  C:012AH         LINE#         178
  C:012AH         LINE#         179
  C:012AH         LINE#         181
  C:012AH         LINE#         182
  C:0132H         LINE#         183
  C:013CH         LINE#         184
  C:0146H         LINE#         186
  C:0162H         LINE#         188
  C:016CH         LINE#         189
  C:016CH         LINE#         190
  C:017DH         LINE#         191
  C:017DH         LINE#         192
  C:018EH         LINE#         193
  C:018EH         LINE#         194
  C:01E1H         LINE#         195
  C:01E3H         LINE#         196
  C:01F9H         LINE#         197
  C:01F9H         LINE#         198
  C:024BH         LINE#         199
  C:024BH         LINE#         200
  C:024BH         LINE#         201
  C:024BH         LINE#         203
  C:024BH         LINE#         204
  C:0253H         LINE#         205
BL51 BANKED LINKER/LOCATER V6.22                                                      08/24/2021  09:23:01  PAGE 11


  C:0253H         LINE#         206
  C:025DH         LINE#         207
  C:0267H         LINE#         209
  C:026BH         LINE#         210
  C:026EH         LINE#         214
  C:0276H         LINE#         215
  C:0276H         LINE#         216
  C:0285H         LINE#         217
  C:0285H         LINE#         218
  C:0287H         LINE#         220
  C:0289H         LINE#         221
  C:02A5H         LINE#         222
  C:02A7H         LINE#         224
  C:02D0H         LINE#         225
  C:02F4H         LINE#         226
  C:02FEH         LINE#         227
  C:02FEH         LINE#         228
  C:0306H         LINE#         229
  C:030DH         LINE#         230
  C:0318H         LINE#         231
  C:031EH         LINE#         232
  C:031EH         LINE#         233
  C:0327H         LINE#         235
  C:032BH         LINE#         236
  C:0337H         LINE#         237
  C:033AH         LINE#         240
  C:0342H         LINE#         241
  C:0342H         LINE#         242
  C:034BH         LINE#         243
  C:034BH         LINE#         244
  C:035BH         LINE#         245
  C:035BH         LINE#         246
  C:035DH         LINE#         248
  C:035FH         LINE#         249
  C:037BH         LINE#         250
  C:037DH         LINE#         252
  C:03A6H         LINE#         253
  C:03CAH         LINE#         255
  C:03D4H         LINE#         256
  C:03D4H         LINE#         257
  C:03DCH         LINE#         258
  C:03E3H         LINE#         259
  C:03EEH         LINE#         260
  C:03F4H         LINE#         261
  C:03F4H         LINE#         263
  C:03FDH         LINE#         269
  C:03FDH         LINE#         270
  C:040AH         LINE#         271
  C:040AH         LINE#         272
  C:040CH         LINE#         274
  C:040EH         LINE#         275
  C:042AH         LINE#         276
  C:042CH         LINE#         278
  C:0434H         LINE#         279
  C:0438H         LINE#         280
  C:0444H         LINE#         281
  C:0444H         LINE#         282
BL51 BANKED LINKER/LOCATER V6.22                                                      08/24/2021  09:23:01  PAGE 12


  C:0447H         LINE#         285
  C:044FH         LINE#         286
  C:044FH         LINE#         287
  C:0460H         LINE#         288
  C:0460H         LINE#         289
  C:046DH         LINE#         290
  C:046DH         LINE#         291
  C:048BH         LINE#         292
  C:048DH         LINE#         293
  C:049DH         LINE#         294
  C:049DH         LINE#         295
  C:04BBH         LINE#         296
  C:04BDH         LINE#         297
  C:04CEH         LINE#         298
  C:04CEH         LINE#         299
  C:04D8H         LINE#         300
  C:04E2H         LINE#         301
  C:04E2H         LINE#         302
  C:04E2H         LINE#         303
  C:04E2H         LINE#         305
  C:04E2H         LINE#         306
  C:04EBH         LINE#         307
  C:04EFH         LINE#         308
  C:04FBH         LINE#         309
  C:04FEH         LINE#         312
  C:0506H         LINE#         313
  C:0506H         LINE#         314
  C:0513H         LINE#         315
  C:0524H         LINE#         317
  C:052DH         LINE#         318
  C:053CH         LINE#         320
  C:0544H         LINE#         321
  C:0544H         LINE#         322
  C:054DH         LINE#         323
  C:055CH         LINE#         324
  C:055CH         LINE#         325
  C:055FH         LINE#         326
  C:056EH         LINE#         327
  C:057AH         LINE#         328
  C:0580H         LINE#         329
  C:0580H         LINE#         331
  C:0584H         LINE#         332
  C:0593H         LINE#         334
  C:059AH         LINE#         335
  C:05B6H         LINE#         336
  C:05C0H         LINE#         337
  C:05C0H         LINE#         338
  C:05E6H         LINE#         339
  C:05F9H         LINE#         340
  C:05F9H         LINE#         341
  C:064BH         LINE#         342
  C:0653H         LINE#         343
  C:0653H         LINE#         344
  C:0653H         LINE#         347
  C:0658H         LINE#         348
  C:0658H         LINE#         349
  C:0665H         LINE#         350
BL51 BANKED LINKER/LOCATER V6.22                                                      08/24/2021  09:23:01  PAGE 13


  C:0676H         LINE#         352
  C:067CH         LINE#         353
  C:0680H         LINE#         354
  C:0683H         LINE#         355
  C:0687H         LINE#         357
  C:068BH         LINE#         358
  C:0697H         LINE#         359
  C:0699H         LINE#         360
  -------         ENDPROC       CONNTOUSB
  -------         PROC          MCU_INIT
  -------         DO            
  D:0007H         SYMBOL        n
  -------         ENDDO         
  C:3859H         LINE#         363
  C:3859H         LINE#         364
  C:3859H         LINE#         366
  C:385CH         LINE#         369
  C:385FH         LINE#         370
  C:3862H         LINE#         372
  C:3865H         LINE#         374
  C:386BH         LINE#         376
  C:386EH         LINE#         377
  C:3873H         LINE#         378
  C:3876H         LINE#         380
  C:3879H         LINE#         383
  C:387CH         LINE#         384
  C:387FH         LINE#         386
  C:3882H         LINE#         387
  C:3885H         LINE#         389
  C:3888H         LINE#         390
  C:388BH         LINE#         392
  C:388EH         LINE#         393
  C:3891H         LINE#         394
  C:3893H         LINE#         395
  C:3895H         LINE#         397
  C:3898H         LINE#         398
  C:389BH         LINE#         400
  -------         ENDPROC       MCU_INIT
  -------         PROC          DEVICES_INIT
  C:343DH         LINE#         402
  C:343DH         LINE#         403
  C:343DH         LINE#         405
  C:3440H         LINE#         408
  C:3443H         LINE#         409
  C:349DH         LINE#         410
  C:34A0H         LINE#         413
  C:34A3H         LINE#         414
  C:34A6H         LINE#         422
  -------         ENDPROC       DEVICES_INIT
  -------         PROC          SUSPEND_DEVICE
  C:003DH         LINE#         426
  C:003DH         LINE#         427
  C:003DH         LINE#         428
  -------         ENDPROC       SUSPEND_DEVICE
  -------         PROC          USB_API_TEST_ISR
  -------         DO            
  X:005BH         SYMBOL        INTVAL
BL51 BANKED LINKER/LOCATER V6.22                                                      08/24/2021  09:23:01  PAGE 14


  -------         ENDDO         
  C:2083H         LINE#         432
  C:20A0H         LINE#         434
  C:20A7H         LINE#         436
  C:20ADH         LINE#         437
  C:20ADH         LINE#         438
  C:20B8H         LINE#         440
  C:20D4H         LINE#         441
  C:20D4H         LINE#         442
  C:20D6H         LINE#         443
  C:20D8H         LINE#         444
  C:20EEH         LINE#         445
  C:20EEH         LINE#         446
  C:20F0H         LINE#         447
  C:20F2H         LINE#         448
  C:210AH         LINE#         449
  C:210AH         LINE#         450
  C:210CH         LINE#         451
  C:210EH         LINE#         452
  C:2128H         LINE#         453
  C:2128H         LINE#         454
  C:212AH         LINE#         455
  C:212CH         LINE#         456
  C:2141H         LINE#         457
  C:2141H         LINE#         458
  C:2143H         LINE#         459
  C:2145H         LINE#         461
  C:2145H         LINE#         462
  C:214AH         LINE#         463
  C:214AH         LINE#         464
  C:214AH         LINE#         466
  C:214AH         LINE#         467
  C:214AH         LINE#         469
  C:214AH         LINE#         471
  C:2150H         LINE#         472
  C:2150H         LINE#         473
  C:2153H         LINE#         474
  C:2153H         LINE#         476
  C:2159H         LINE#         477
  C:2159H         LINE#         478
  C:215CH         LINE#         479
  C:215CH         LINE#         481
  C:2162H         LINE#         482
  C:2162H         LINE#         483
  C:217EH         LINE#         484
  C:217EH         LINE#         486
  C:2184H         LINE#         487
  C:2184H         LINE#         488
  C:2189H         LINE#         489
  C:21A5H         LINE#         490
  C:21A5H         LINE#         491
  -------         ENDPROC       USB_API_TEST_ISR
  -------         ENDMOD        MAIN

  -------         MODULE        MMC_SD
  C:0000H         SYMBOL        _ICE_DUMMY_
  D:00A2H         PUBLIC        SPI0CKR
BL51 BANKED LINKER/LOCATER V6.22                                                      08/24/2021  09:23:01  PAGE 15


  D:0080H         PUBLIC        P0
  D:0090H         PUBLIC        P1
  D:00A0H         PUBLIC        P2
  D:00B0H         PUBLIC        P3
  C:32E2H         PUBLIC        _MMC_SD_SendCommand
  C:34A9H         PUBLIC        _MMC_SD_ReadSingleBlock
  C:3AECH         PUBLIC        SD_Init
  C:31EFH         PUBLIC        _MMC_SD_WriteSingleBlock
  B:00F8H.7       PUBLIC        SPIF
  B:00F8H.2       PUBLIC        NSSMD0
  C:28CCH         PUBLIC        MMC_SD_Reset
  D:00A9H         PUBLIC        CLKSEL
  C:3B17H         PUBLIC        SPI_ReadByte
  C:3AA5H         PUBLIC        _SPI_WriteByte
  D:00A3H         PUBLIC        SPI0DAT
  X:0081H         PUBLIC        buffer
  C:3A99H         SYMBOL        L?0062
  C:3A9EH         SYMBOL        L?0063
  -------         PROC          L?0061
  -------         ENDPROC       L?0061
  C:3A99H         SYMBOL        L?0062
  C:3A9EH         SYMBOL        L?0063
  -------         PROC          _SPI_WRITEBYTE
  D:0007H         SYMBOL        val
  -------         DO            
  D:0007H         SYMBOL        ret
  -------         ENDDO         
  C:3AA5H         LINE#         7
  C:3AA5H         LINE#         8
  C:3AA5H         LINE#         11
  C:3AA7H         LINE#         12
  C:3AAAH         LINE#         13
  C:3AACH         LINE#         14
  C:3AAEH         LINE#         15
  C:3AAEH         LINE#         16
  -------         ENDPROC       _SPI_WRITEBYTE
  -------         PROC          SPI_READBYTE
  -------         DO            
  D:0007H         SYMBOL        ret
  -------         ENDDO         
  C:3B17H         LINE#         18
  C:3B17H         LINE#         19
  C:3B17H         LINE#         22
  C:3B1AH         LINE#         23
  C:3B1DH         LINE#         24
  C:3B1FH         LINE#         25
  C:3B21H         LINE#         26
  C:3B21H         LINE#         27
  -------         ENDPROC       SPI_READBYTE
  -------         PROC          _MMC_SD_SENDCOMMAND
  D:0006H         SYMBOL        cmd
  X:006CH         SYMBOL        arg
  -------         DO            
  D:0007H         SYMBOL        r1
  D:0003H         SYMBOL        retry
  -------         ENDDO         
  C:32E2H         LINE#         29
BL51 BANKED LINKER/LOCATER V6.22                                                      08/24/2021  09:23:01  PAGE 16


  C:32E4H         LINE#         30
  C:32E4H         LINE#         32
  C:32E6H         LINE#         34
  C:32E6H         LINE#         35
  C:32E6H         LINE#         36
  C:32E9H         LINE#         37
  C:32E9H         LINE#         38
  C:32E9H         LINE#         39
  C:32ECH         LINE#         41
  C:32EEH         LINE#         43
  C:32F5H         LINE#         44
  C:330AH         LINE#         45
  C:331FH         LINE#         46
  C:3334H         LINE#         47
  C:333EH         LINE#         48
  C:3343H         LINE#         50
  C:334BH         LINE#         51
  C:3354H         LINE#         53
  C:3356H         LINE#         55
  C:3356H         LINE#         56
  -------         ENDPROC       _MMC_SD_SENDCOMMAND
  -------         PROC          MMC_SD_RESET
  -------         DO            
  D:0005H         SYMBOL        i
  D:0002H         SYMBOL        retry
  D:0006H         SYMBOL        r1
  -------         ENDDO         
  C:28CCH         LINE#         58
  C:28CCH         LINE#         59
  C:28CCH         LINE#         62
  C:28CEH         LINE#         64
  C:28CFH         LINE#         65
  C:28D2H         LINE#         66
  C:28D5H         LINE#         68
  C:28D5H         LINE#         69
  C:28E1H         LINE#         70
  C:28F1H         LINE#         71
  C:28F2H         LINE#         72
  C:28F8H         LINE#         73
  C:28FCH         LINE#         75
  C:28FEH         LINE#         77
  C:28FEH         LINE#         79
  C:28FEH         LINE#         80
  C:290EH         LINE#         81
  C:290FH         LINE#         82
  C:2918H         LINE#         83
  C:291CH         LINE#         85
  C:291EH         LINE#         86
  C:292EH         LINE#         87
  C:292FH         LINE#         88
  C:2938H         LINE#         89
  C:293BH         LINE#         91
  C:293EH         LINE#         92
  C:293EH         LINE#         93
  C:2940H         LINE#         95
  C:2940H         LINE#         96
  C:2950H         LINE#         97
BL51 BANKED LINKER/LOCATER V6.22                                                      08/24/2021  09:23:01  PAGE 17


  C:2951H         LINE#         98
  C:295AH         LINE#         99
  C:295DH         LINE#         100
  C:295DH         LINE#         101
  C:296DH         LINE#         103
  C:297BH         LINE#         104
  C:297EH         LINE#         105
  C:2981H         LINE#         106
  C:2982H         LINE#         107
  -------         ENDPROC       MMC_SD_RESET
  -------         PROC          _MMC_SD_READSINGLEBLOCK
  X:0010H         SYMBOL        sector
  -------         DO            
  D:0007H         SYMBOL        r1
  D:0004H         SYMBOL        i
  D:0002H         SYMBOL        retry
  -------         ENDDO         
  C:34A9H         LINE#         109
  C:34AEH         LINE#         110
  C:34AEH         LINE#         113
  C:34B0H         LINE#         115
  C:34B3H         LINE#         117
  C:34B3H         LINE#         118
  C:34CFH         LINE#         119
  C:34D0H         LINE#         120
  C:34D9H         LINE#         121
  C:34DCH         LINE#         124
  C:34DEH         LINE#         126
  C:34E4H         LINE#         128
  C:34E7H         LINE#         129
  C:34E7H         LINE#         130
  C:34F6H         LINE#         131
  C:3503H         LINE#         133
  C:3503H         LINE#         134
  C:3506H         LINE#         136
  C:3508H         LINE#         137
  C:350BH         LINE#         138
  C:350CH         LINE#         139
  -------         ENDPROC       _MMC_SD_READSINGLEBLOCK
  -------         PROC          _MMC_SD_WRITESINGLEBLOCK
  X:0067H         SYMBOL        sector
  -------         DO            
  D:0006H         SYMBOL        r1
  D:0004H         SYMBOL        i
  D:0002H         SYMBOL        retry
  -------         ENDDO         
  C:31EFH         LINE#         141
  C:31F4H         LINE#         142
  C:31F4H         LINE#         145
  C:31F6H         LINE#         147
  C:31F9H         LINE#         149
  C:31F9H         LINE#         150
  C:3217H         LINE#         151
  C:3218H         LINE#         152
  C:3221H         LINE#         153
  C:3224H         LINE#         157
  C:3226H         LINE#         159
BL51 BANKED LINKER/LOCATER V6.22                                                      08/24/2021  09:23:01  PAGE 18


  C:322BH         LINE#         161
  C:3230H         LINE#         163
  C:3232H         LINE#         164
  C:3232H         LINE#         165
  C:3241H         LINE#         166
  C:324EH         LINE#         168
  C:324EH         LINE#         169
  C:324EH         LINE#         171
  C:3253H         LINE#         173
  C:325AH         LINE#         174
  C:325AH         LINE#         175
  C:325CH         LINE#         176
  C:325DH         LINE#         177
  C:325DH         LINE#         179
  C:3265H         LINE#         181
  C:3267H         LINE#         182
  C:326AH         LINE#         183
  C:326BH         LINE#         184
  -------         ENDPROC       _MMC_SD_WRITESINGLEBLOCK
  -------         PROC          SD_INIT
  -------         DO            
  D:0001H         SYMBOL        n
  -------         ENDDO         
  C:3AECH         LINE#         187
  C:3AECH         LINE#         188
  C:3AECH         LINE#         189
  C:3AEEH         LINE#         191
  C:3AF4H         LINE#         192
  C:3AF4H         LINE#         193
  C:3AF5H         LINE#         194
  C:3AFCH         LINE#         196
  -------         ENDPROC       SD_INIT
  -------         ENDMOD        MMC_SD

  -------         MODULE        LCD
  C:0000H         SYMBOL        _ICE_DUMMY_
  D:0080H         PUBLIC        P0
  C:2B97H         PUBLIC        DispFrame
  D:0090H         PUBLIC        P1
  C:2C3BH         PUBLIC        DispScaleVer_Green
  D:00A0H         PUBLIC        P2
  D:00B0H         PUBLIC        P3
  D:00C7H         PUBLIC        P4
  C:1DA4H         PUBLIC        DispBand
  C:3A2DH         PUBLIC        _WriteData
  C:069AH         PUBLIC        ascii
  C:1412H         PUBLIC        _LCD_Read_IC_ID
  D:00A6H         PUBLIC        P2MDOUT
  C:0046H         PUBLIC        _DispColor
  C:30E3H         PUBLIC        DispScaleVer_Blue
  C:2FC7H         PUBLIC        _DrawGird
  C:3169H         PUBLIC        _DrawLine
  C:3A65H         PUBLIC        _WriteComm
  C:3941H         PUBLIC        _WriteDispData
  C:2F36H         PUBLIC        DispScaleVer_Gray
  B:00B0H.1       PUBLIC        RS
  B:00A0H.1       PUBLIC        SPI_CLK
BL51 BANKED LINKER/LOCATER V6.22                                                      08/24/2021  09:23:01  PAGE 19


  C:2EA5H         PUBLIC        DispScaleVer_Red
  D:00F3H         PUBLIC        P2MDIN
  C:22F7H         PUBLIC        DispScaleVer
  C:350DH         PUBLIC        _DispPic
  C:2831H         PUBLIC        _DispOneChar
  C:326CH         PUBLIC        DispGrayHor32
  C:2CDBH         PUBLIC        DispGrayHor16
  C:2983H         PUBLIC        _DispInt
  C:3727H         PUBLIC        _PutPixel
  D:00A9H         PUBLIC        CLKSEL
  B:0090H.6       PUBLIC        RD0
  B:00B0H.0       PUBLIC        CS0
  X:0059H         PUBLIC        LCM_ID
  C:186AH         PUBLIC        LCD_Init
  C:2E0FH         PUBLIC        _DispStr
  B:0090H.7       PUBLIC        WR0
  C:1644H         PUBLIC        DispScaleHor1
  B:00A0H.0       PUBLIC        SPI_DI
  C:3B22H         PUBLIC        _WriteOneDot
  C:1A4AH         PUBLIC        DispScaleHor2
  C:264BH         PUBLIC        _DispPicFromSD
  B:0080H.7       PUBLIC        DIR
  C:356EH         PUBLIC        _ToOrd
  B:0080H.5       PUBLIC        RST
  C:3AAFH         PUBLIC        ReadData
  C:2D90H         PUBLIC        _?BlockWrite
  -------         PROC          _LCD_READ_IC_ID
  X:0067H         SYMBOL        ID
  D:0004H         SYMBOL        Bug
  D:0003H         SYMBOL        flog
  -------         DO            
  X:0068H         SYMBOL        id
  X:006AH         SYMBOL        id1
  X:006CH         SYMBOL        temp
  D:0005H         SYMBOL        i
  D:0007H         SYMBOL        dat
  D:0001H         SYMBOL        id2
  X:006EH         SYMBOL        id3
  D:0002H         SYMBOL        id4
  -------         ENDDO         
  C:1412H         LINE#         35
  C:1416H         LINE#         36
  C:1416H         LINE#         40
  C:141EH         LINE#         41
  C:141EH         LINE#         43
  C:1420H         LINE#         44
  C:1422H         LINE#         45
  C:1424H         LINE#         47
  C:1427H         LINE#         48
  C:1429H         LINE#         49
  C:142BH         LINE#         50
  C:142DH         LINE#         53
  C:1430H         LINE#         54
  C:1433H         LINE#         55
  C:1436H         LINE#         56
  C:1438H         LINE#         57
  C:143AH         LINE#         58
BL51 BANKED LINKER/LOCATER V6.22                                                      08/24/2021  09:23:01  PAGE 20


  C:143CH         LINE#         63
  C:1446H         LINE#         65
  C:144CH         LINE#         66
  C:1454H         LINE#         68
  C:145AH         LINE#         69
  C:1460H         LINE#         70
  C:146AH         LINE#         72
  C:1470H         LINE#         73
  C:1472H         LINE#         75
  C:1478H         LINE#         77
  C:147EH         LINE#         78
  C:1488H         LINE#         80
  C:148EH         LINE#         81
  C:1493H         LINE#         83
  C:1499H         LINE#         85
  C:14A3H         LINE#         86
  C:14ADH         LINE#         88
  C:14B3H         LINE#         89
  C:14B5H         LINE#         91
  C:14C5H         LINE#         92
  C:14CFH         LINE#         94
  C:14D2H         LINE#         95
  C:14D6H         LINE#         96
  C:14D6H         LINE#         97
  C:14DFH         LINE#         98
  C:14E5H         LINE#         99
  C:14E5H         LINE#         100
  C:14EFH         LINE#         101
  C:14F1H         LINE#         102
  C:14F5H         LINE#         103
  C:14F5H         LINE#         104
  C:1504H         LINE#         105
  C:1504H         LINE#         108
  C:1504H         LINE#         109
  C:150DH         LINE#         110
  C:150DH         LINE#         112
  C:1510H         LINE#         113
  C:1514H         LINE#         114
  C:1516H         LINE#         115
  C:1518H         LINE#         116
  C:151AH         LINE#         117
  C:151AH         LINE#         118
  C:151CH         LINE#         119
  C:1524H         LINE#         120
  C:1526H         LINE#         122
  C:1528H         LINE#         123
  C:152CH         LINE#         124
  C:1531H         LINE#         125
  C:1534H         LINE#         128
  C:153EH         LINE#         129
  C:153EH         LINE#         130
  C:1540H         LINE#         131
  C:1540H         LINE#         132
  C:1542H         LINE#         133
  C:1544H         LINE#         134
  C:1546H         LINE#         135
  C:155DH         LINE#         136
BL51 BANKED LINKER/LOCATER V6.22                                                      08/24/2021  09:23:01  PAGE 21


  C:155FH         LINE#         137
  C:1561H         LINE#         138
  C:1568H         LINE#         139
  C:1572H         LINE#         140
  C:1572H         LINE#         141
  C:1574H         LINE#         142
  C:1574H         LINE#         143
  C:1576H         LINE#         144
  C:1578H         LINE#         145
  C:157AH         LINE#         146
  C:1591H         LINE#         147
  C:1593H         LINE#         148
  C:1595H         LINE#         149
  C:159AH         LINE#         150
  C:159AH         LINE#         152
  C:159CH         LINE#         153
  C:159CH         LINE#         154
  C:159EH         LINE#         155
  C:15A0H         LINE#         156
  C:15A2H         LINE#         157
  C:15B9H         LINE#         158
  C:15BBH         LINE#         159
  C:15BDH         LINE#         160
  C:15C2H         LINE#         162
  C:15C4H         LINE#         163
  C:15C4H         LINE#         164
  C:15C6H         LINE#         165
  C:15C8H         LINE#         166
  C:15CAH         LINE#         167
  C:15D4H         LINE#         168
  C:15D6H         LINE#         169
  C:15D8H         LINE#         170
  C:15DDH         LINE#         172
  C:15DFH         LINE#         173
  C:15DFH         LINE#         174
  C:15E1H         LINE#         175
  C:15E3H         LINE#         176
  C:15E5H         LINE#         177
  C:15F1H         LINE#         178
  C:15F3H         LINE#         179
  C:15F5H         LINE#         180
  C:15FAH         LINE#         181
  C:15FDH         LINE#         182
  C:15FFH         LINE#         183
  C:1601H         LINE#         184
  C:1603H         LINE#         185
  C:1605H         LINE#         186
  C:1607H         LINE#         187
  C:1609H         LINE#         189
  C:160DH         LINE#         190
  C:160DH         LINE#         191
  C:161DH         LINE#         193
  C:1628H         LINE#         194
  C:1628H         LINE#         195
  C:1628H         LINE#         197
  C:162EH         LINE#         198
  C:162EH         LINE#         199
BL51 BANKED LINKER/LOCATER V6.22                                                      08/24/2021  09:23:01  PAGE 22


  C:163AH         LINE#         200
  C:163AH         LINE#         202
  C:163AH         LINE#         203
  C:163CH         LINE#         204
  C:1643H         LINE#         205
  -------         ENDPROC       _LCD_READ_IC_ID
  -------         PROC          _WRITECOMM
  D:0004H         SYMBOL        i
  -------         DO            
  X:007FH         SYMBOL        j
  X:0080H         SYMBOL        DataH
  -------         ENDDO         
  C:3A65H         LINE#         208
  C:3A69H         LINE#         209
  C:3A69H         LINE#         211
  C:3A6DH         LINE#         212
  C:3A6FH         LINE#         234
  C:3A6FH         LINE#         235
  C:3A71H         LINE#         236
  C:3A73H         LINE#         237
  C:3A75H         LINE#         238
  C:3A79H         LINE#         239
  C:3A7BH         LINE#         240
  C:3A7DH         LINE#         241
  C:3A7DH         LINE#         319
  C:3A7FH         LINE#         320
  -------         ENDPROC       _WRITECOMM
  -------         PROC          L?0451
  -------         ENDPROC       L?0451
  -------         PROC          _WRITEDATA
  D:0004H         SYMBOL        i
  -------         DO            
  X:007FH         SYMBOL        j
  X:0080H         SYMBOL        DataH
  -------         ENDDO         
  C:3A2DH         LINE#         322
  C:3A31H         LINE#         323
  C:3A31H         LINE#         325
  C:3A35H         LINE#         326
  C:3A37H         LINE#         352
  C:3A37H         LINE#         353
  C:3A39H         LINE#         354
  C:3A3BH         LINE#         355
  C:3A3DH         LINE#         356
  C:3A41H         LINE#         357
  C:3A43H         LINE#         358
  C:3A45H         LINE#         359
  C:3A45H         LINE#         513
  C:3A47H         LINE#         514
  -------         ENDPROC       _WRITEDATA
  C:392CH         SYMBOL        L?0450
  -------         PROC          L?0449
  -------         ENDPROC       L?0449
  C:392CH         SYMBOL        L?0450
  -------         PROC          _WRITEDISPDATA
  D:0007H         SYMBOL        DataH
  D:0005H         SYMBOL        DataL
BL51 BANKED LINKER/LOCATER V6.22                                                      08/24/2021  09:23:01  PAGE 23


  -------         DO            
  X:007FH         SYMBOL        j
  -------         ENDDO         
  C:3941H         LINE#         516
  C:3941H         LINE#         517
  C:3941H         LINE#         519
  C:3943H         LINE#         544
  C:3943H         LINE#         545
  C:3945H         LINE#         546
  C:3947H         LINE#         547
  C:3949H         LINE#         548
  C:394DH         LINE#         549
  C:394FH         LINE#         550
  C:3951H         LINE#         551
  C:3951H         LINE#         638
  C:3953H         LINE#         639
  -------         ENDPROC       _WRITEDISPDATA
  -------         PROC          _WRITEONEDOT
  D:0004H         SYMBOL        color
  C:3B22H         LINE#         641
  C:3B26H         LINE#         642
  C:3B26H         LINE#         655
  -------         ENDPROC       _WRITEONEDOT
  -------         PROC          LCD_INIT
  C:186AH         LINE#         664
  C:186AH         LINE#         665
  C:186AH         LINE#         666
  C:186DH         LINE#         669
  C:186FH         LINE#         670
  C:1876H         LINE#         672
  C:1878H         LINE#         673
  C:187FH         LINE#         675
  C:1881H         LINE#         676
  C:1888H         LINE#         2867
  C:188FH         LINE#         2868
  C:1894H         LINE#         2869
  C:1899H         LINE#         2870
  C:189EH         LINE#         2872
  C:18A3H         LINE#         2873
  C:18A8H         LINE#         2874
  C:18ADH         LINE#         2875
  C:18B2H         LINE#         2876
  C:18B7H         LINE#         2878
  C:18BCH         LINE#         2879
  C:18C1H         LINE#         2880
  C:18C6H         LINE#         2881
  C:18CBH         LINE#         2883
  C:18D0H         LINE#         2884
  C:18D5H         LINE#         2885
  C:18DAH         LINE#         2886
  C:18DFH         LINE#         2887
  C:18E4H         LINE#         2888
  C:18E9H         LINE#         2890
  C:18EEH         LINE#         2892
  C:18F3H         LINE#         2893
  C:18F8H         LINE#         2895
  C:18FDH         LINE#         2896
BL51 BANKED LINKER/LOCATER V6.22                                                      08/24/2021  09:23:01  PAGE 24


  C:1902H         LINE#         2898
  C:1907H         LINE#         2899
  C:190CH         LINE#         2900
  C:1911H         LINE#         2902
  C:1916H         LINE#         2903
  C:191BH         LINE#         2905
  C:1920H         LINE#         2906
  C:1925H         LINE#         2908
  C:192AH         LINE#         2909
  C:192FH         LINE#         2910
  C:1934H         LINE#         2912
  C:1939H         LINE#         2913
  C:193EH         LINE#         2915
  C:1943H         LINE#         2916
  C:1948H         LINE#         2918
  C:194DH         LINE#         2919
  C:1952H         LINE#         2921
  C:1957H         LINE#         2922
  C:195CH         LINE#         2923
  C:1961H         LINE#         2925
  C:1966H         LINE#         2926
  C:196BH         LINE#         2927
  C:1970H         LINE#         2929
  C:1975H         LINE#         2930
  C:197AH         LINE#         2931
  C:197FH         LINE#         2933
  C:1984H         LINE#         2934
  C:1989H         LINE#         2936
  C:198EH         LINE#         2937
  C:1993H         LINE#         2939
  C:1998H         LINE#         2940
  C:199DH         LINE#         2941
  C:19A2H         LINE#         2942
  C:19A7H         LINE#         2943
  C:19ACH         LINE#         2944
  C:19B1H         LINE#         2945
  C:19B6H         LINE#         2946
  C:19BBH         LINE#         2947
  C:19C0H         LINE#         2948
  C:19C5H         LINE#         2949
  C:19CAH         LINE#         2950
  C:19CFH         LINE#         2951
  C:19D4H         LINE#         2952
  C:19D9H         LINE#         2953
  C:19DEH         LINE#         2954
  C:19E3H         LINE#         2956
  C:19E8H         LINE#         2957
  C:19EDH         LINE#         2958
  C:19F2H         LINE#         2959
  C:19F7H         LINE#         2960
  C:19FCH         LINE#         2961
  C:1A01H         LINE#         2962
  C:1A06H         LINE#         2963
  C:1A0BH         LINE#         2964
  C:1A10H         LINE#         2965
  C:1A15H         LINE#         2966
  C:1A1AH         LINE#         2967
BL51 BANKED LINKER/LOCATER V6.22                                                      08/24/2021  09:23:01  PAGE 25


  C:1A1FH         LINE#         2968
  C:1A24H         LINE#         2969
  C:1A29H         LINE#         2970
  C:1A2EH         LINE#         2971
  C:1A33H         LINE#         2973
  C:1A38H         LINE#         2974
  C:1A3EH         LINE#         2976
  C:1A45H         LINE#         2977
  -------         ENDPROC       LCD_INIT
  C:2D77H         SYMBOL        L?0443
  C:2D7DH         SYMBOL        L?0444
  C:2D86H         SYMBOL        L?0445
  -------         PROC          L?0442
  -------         ENDPROC       L?0442
  C:2D77H         SYMBOL        L?0443
  C:2D7DH         SYMBOL        L?0444
  C:2D86H         SYMBOL        L?0445
  -------         PROC          _?BLOCKWRITE
  p:0000H         SYMBOL        Xstart
  p:0002H         SYMBOL        Xend
  p:0004H         SYMBOL        Ystart
  p:0006H         SYMBOL        Yend
  C:2D90H         LINE#         5275
  C:2DB1H         LINE#         5378
  C:2DB8H         LINE#         5379
  C:2DBFH         LINE#         5380
  C:2DC7H         LINE#         5381
  C:2DD2H         LINE#         5382
  C:2DDCH         LINE#         5384
  C:2DE1H         LINE#         5385
  C:2DEBH         LINE#         5387
  C:2DF2H         LINE#         5388
  C:2DFCH         LINE#         5389
  C:2E03H         LINE#         5395
  C:2E08H         LINE#         5403
  -------         ENDPROC       _?BLOCKWRITE
  -------         PROC          _DISPCOLOR
  D:0004H         SYMBOL        color
  -------         DO            
  X:005EH         SYMBOL        i
  D:0002H         SYMBOL        m
  X:0060H         SYMBOL        DataH
  X:0061H         SYMBOL        DataL
  -------         ENDDO         
  C:0046H         LINE#         5422
  C:0048H         LINE#         5423
  C:0048H         LINE#         5426
  C:004EH         LINE#         5428
  C:0051H         LINE#         5430
  C:0053H         LINE#         5431
  C:0059H         LINE#         5432
  C:0059H         LINE#         5433
  C:005CH         LINE#         5434
  C:005CH         LINE#         5435
  C:0066H         LINE#         5436
  C:0071H         LINE#         5437
  C:0087H         LINE#         5439
BL51 BANKED LINKER/LOCATER V6.22                                                      08/24/2021  09:23:01  PAGE 26


  C:0089H         LINE#         5440
  -------         ENDPROC       _DISPCOLOR
  -------         PROC          DISPFRAME
  -------         DO            
  D:0002H         SYMBOL        i
  X:005EH         SYMBOL        j
  D:0001H         SYMBOL        DataH
  D:0006H         SYMBOL        DataL
  -------         ENDDO         
  C:2B97H         LINE#         5442
  C:2B97H         LINE#         5443
  C:2B97H         LINE#         5446
  C:2B9AH         LINE#         5448
  C:2B9CH         LINE#         5451
  C:2BA0H         LINE#         5452
  C:2BA6H         LINE#         5454
  C:2BA6H         LINE#         5455
  C:2BA6H         LINE#         5456
  C:2BAAH         LINE#         5457
  C:2BB1H         LINE#         5458
  C:2BBCH         LINE#         5460
  C:2BC0H         LINE#         5461
  C:2BC6H         LINE#         5463
  C:2BCBH         LINE#         5464
  C:2BCBH         LINE#         5465
  C:2BCFH         LINE#         5466
  C:2BD5H         LINE#         5468
  C:2BD7H         LINE#         5469
  C:2BD7H         LINE#         5470
  C:2BDAH         LINE#         5471
  C:2BDFH         LINE#         5472
  C:2BEAH         LINE#         5474
  C:2BEEH         LINE#         5475
  C:2BF4H         LINE#         5477
  C:2C0AH         LINE#         5479
  C:2C0EH         LINE#         5480
  C:2C14H         LINE#         5482
  C:2C16H         LINE#         5483
  C:2C16H         LINE#         5484
  C:2C1AH         LINE#         5485
  C:2C21H         LINE#         5486
  C:2C2CH         LINE#         5488
  C:2C30H         LINE#         5489
  C:2C36H         LINE#         5491
  C:2C38H         LINE#         5492
  C:2C3AH         LINE#         5493
  -------         ENDPROC       DISPFRAME
  -------         PROC          DISPBAND
  -------         DO            
  D:0002H         SYMBOL        i
  X:0014H         SYMBOL        j
  X:0015H         SYMBOL        k
  X:0016H         SYMBOL        m
  X:0017H         SYMBOL        n
  X:0018H         SYMBOL        x
  -------         ENDDO         
  C:1DA4H         LINE#         5495
BL51 BANKED LINKER/LOCATER V6.22                                                      08/24/2021  09:23:01  PAGE 27


  C:1DA4H         LINE#         5496
  C:1DA4H         LINE#         5499
  C:1DADH         LINE#         5500
  C:1DB6H         LINE#         5501
  C:1DB8H         LINE#         5504
  C:1DC0H         LINE#         5505
  C:1DCCH         LINE#         5506
  C:1DCCH         LINE#         5507
  C:1DE7H         LINE#         5508
  C:1E02H         LINE#         5509
  C:1E2EH         LINE#         5510
  C:1E35H         LINE#         5511
  C:1E44H         LINE#         5512
  C:1E44H         LINE#         5513
  C:1E5FH         LINE#         5514
  C:1E7AH         LINE#         5515
  C:1EA6H         LINE#         5516
  C:1EADH         LINE#         5517
  C:1EC3H         LINE#         5518
  C:1EC3H         LINE#         5519
  C:1EDEH         LINE#         5520
  C:1EF9H         LINE#         5521
  C:1F25H         LINE#         5522
  C:1F2CH         LINE#         5523
  C:1F2EH         LINE#         5524
  C:1F31H         LINE#         5525
  -------         ENDPROC       DISPBAND
  -------         PROC          _DISPPIC
  D:0006H         SYMBOL        picture
  -------         DO            
  X:0019H         SYMBOL        p
  X:001CH         SYMBOL        n
  -------         ENDDO         
  C:350DH         LINE#         5528
  C:350DH         LINE#         5529
  C:350DH         LINE#         5532
  C:351CH         LINE#         5533
  C:351CH         LINE#         5534
  C:351CH         LINE#         5536
  C:352DH         LINE#         5538
  C:3540H         LINE#         5539
  C:3540H         LINE#         5540
  C:3560H         LINE#         5541
  C:356DH         LINE#         5543
  -------         ENDPROC       _DISPPIC
  -------         PROC          _DISPPICFROMSD
  X:001EH         SYMBOL        PicNum
  -------         DO            
  X:001FH         SYMBOL        Address_S
  X:0023H         SYMBOL        Address_E
  D:0002H         SYMBOL        i
  X:0027H         SYMBOL        k
  -------         ENDDO         
  C:264BH         LINE#         5547
  C:264EH         LINE#         5548
  C:264EH         LINE#         5554
  C:2651H         LINE#         5557
BL51 BANKED LINKER/LOCATER V6.22                                                      08/24/2021  09:23:01  PAGE 28


  C:2653H         LINE#         5559
  C:2655H         LINE#         5561
  C:265EH         LINE#         5562
  C:2689H         LINE#         5563
  C:26B2H         LINE#         5564
  C:26D5H         LINE#         5565
  C:26D5H         LINE#         5566
  C:26E5H         LINE#         5568
  C:26EEH         LINE#         5569
  C:26EEH         LINE#         5571
  C:2709H         LINE#         5572
  C:2712H         LINE#         5573
  C:2731H         LINE#         5575
  C:2733H         LINE#         5613
  -------         ENDPROC       _DISPPICFROMSD
  -------         PROC          DISPSCALEHOR1
  -------         DO            
  X:002BH         SYMBOL        i
  X:002DH         SYMBOL        j
  D:0002H         SYMBOL        k
  -------         ENDDO         
  C:1644H         LINE#         5618
  C:1644H         LINE#         5619
  C:1644H         LINE#         5622
  C:1647H         LINE#         5625
  C:1647H         LINE#         5626
  C:1647H         LINE#         5627
  C:1669H         LINE#         5628
  C:166FH         LINE#         5629
  C:166FH         LINE#         5630
  C:1675H         LINE#         5631
  C:1675H         LINE#         5632
  C:168AH         LINE#         5633
  C:16A0H         LINE#         5634
  C:16B6H         LINE#         5636
  C:16C1H         LINE#         5639
  C:16C4H         LINE#         5640
  C:16C4H         LINE#         5641
  C:16E6H         LINE#         5642
  C:16ECH         LINE#         5643
  C:16ECH         LINE#         5644
  C:16F2H         LINE#         5645
  C:16F2H         LINE#         5646
  C:171DH         LINE#         5647
  C:1733H         LINE#         5648
  C:1749H         LINE#         5649
  C:1757H         LINE#         5652
  C:175AH         LINE#         5653
  C:175AH         LINE#         5654
  C:177CH         LINE#         5655
  C:1782H         LINE#         5656
  C:1782H         LINE#         5657
  C:1788H         LINE#         5658
  C:1788H         LINE#         5659
  C:1792H         LINE#         5660
  C:17A8H         LINE#         5661
  C:17BEH         LINE#         5662
BL51 BANKED LINKER/LOCATER V6.22                                                      08/24/2021  09:23:01  PAGE 29


  C:17C9H         LINE#         5665
  C:17CCH         LINE#         5666
  C:17CCH         LINE#         5667
  C:17EEH         LINE#         5668
  C:17F4H         LINE#         5669
  C:17F4H         LINE#         5670
  C:17FAH         LINE#         5671
  C:17FAH         LINE#         5672
  C:182DH         LINE#         5673
  C:1843H         LINE#         5674
  C:1859H         LINE#         5675
  C:1867H         LINE#         5676
  C:1869H         LINE#         5677
  -------         ENDPROC       DISPSCALEHOR1
  -------         PROC          DISPSCALEVER
  -------         DO            
  X:002FH         SYMBOL        i
  X:0031H         SYMBOL        j
  D:0002H         SYMBOL        k
  -------         ENDDO         
  C:22F7H         LINE#         5679
  C:22F7H         LINE#         5680
  C:22F7H         LINE#         5749
  C:22FAH         LINE#         5751
  C:2300H         LINE#         5752
  C:2300H         LINE#         5753
  C:2306H         LINE#         5754
  C:2306H         LINE#         5755
  C:230CH         LINE#         5756
  C:2322H         LINE#         5757
  C:2329H         LINE#         5759
  C:232CH         LINE#         5760
  C:232CH         LINE#         5762
  C:2332H         LINE#         5763
  C:2332H         LINE#         5765
  C:2338H         LINE#         5766
  C:2338H         LINE#         5767
  C:234AH         LINE#         5768
  C:2360H         LINE#         5770
  C:2366H         LINE#         5771
  C:2366H         LINE#         5772
  C:238EH         LINE#         5773
  C:23A4H         LINE#         5775
  C:23AAH         LINE#         5776
  C:23AAH         LINE#         5777
  C:23B1H         LINE#         5778
  C:23C7H         LINE#         5780
  C:23CDH         LINE#         5781
  C:23CDH         LINE#         5782
  C:23E1H         LINE#         5783
  C:23F7H         LINE#         5785
  C:2410H         LINE#         5787
  C:241EH         LINE#         5789
  -------         ENDPROC       DISPSCALEVER
  -------         PROC          DISPSCALEVER_RED
  -------         DO            
  X:0033H         SYMBOL        i
BL51 BANKED LINKER/LOCATER V6.22                                                      08/24/2021  09:23:01  PAGE 30


  X:0035H         SYMBOL        j
  D:0002H         SYMBOL        k
  -------         ENDDO         
  C:2EA5H         LINE#         5791
  C:2EA5H         LINE#         5792
  C:2EA5H         LINE#         5795
  C:2EA8H         LINE#         5797
  C:2EAAH         LINE#         5799
  C:2EACH         LINE#         5802
  C:2EB2H         LINE#         5803
  C:2EB2H         LINE#         5804
  C:2EB8H         LINE#         5805
  C:2EB8H         LINE#         5806
  C:2EBEH         LINE#         5807
  C:2ED4H         LINE#         5808
  C:2EDBH         LINE#         5810
  C:2EDEH         LINE#         5811
  C:2EDEH         LINE#         5812
  C:2EE4H         LINE#         5813
  C:2EE4H         LINE#         5815
  C:2EEAH         LINE#         5816
  C:2EEAH         LINE#         5817
  C:2EFCH         LINE#         5818
  C:2F12H         LINE#         5819
  C:2F28H         LINE#         5821
  C:2F33H         LINE#         5823
  C:2F35H         LINE#         5824
  -------         ENDPROC       DISPSCALEVER_RED
  -------         PROC          DISPSCALEVER_GREEN
  -------         DO            
  X:0037H         SYMBOL        i
  X:0039H         SYMBOL        j
  D:0002H         SYMBOL        k
  -------         ENDDO         
  C:2C3BH         LINE#         5826
  C:2C3BH         LINE#         5827
  C:2C3BH         LINE#         5830
  C:2C3EH         LINE#         5832
  C:2C40H         LINE#         5833
  C:2C42H         LINE#         5836
  C:2C48H         LINE#         5837
  C:2C48H         LINE#         5838
  C:2C4EH         LINE#         5839
  C:2C4EH         LINE#         5840
  C:2C54H         LINE#         5842
  C:2C6AH         LINE#         5843
  C:2C71H         LINE#         5845
  C:2C74H         LINE#         5846
  C:2C74H         LINE#         5847
  C:2C7AH         LINE#         5848
  C:2C7AH         LINE#         5850
  C:2C80H         LINE#         5851
  C:2C80H         LINE#         5853
  C:2CA1H         LINE#         5854
  C:2CB7H         LINE#         5855
  C:2CCDH         LINE#         5857
  C:2CD8H         LINE#         5859
BL51 BANKED LINKER/LOCATER V6.22                                                      08/24/2021  09:23:01  PAGE 31


  C:2CDAH         LINE#         5860
  -------         ENDPROC       DISPSCALEVER_GREEN
  -------         PROC          DISPSCALEVER_BLUE
  -------         DO            
  X:003BH         SYMBOL        i
  X:003DH         SYMBOL        j
  D:0002H         SYMBOL        k
  -------         ENDDO         
  C:30E3H         LINE#         5862
  C:30E3H         LINE#         5863
  C:30E3H         LINE#         5866
  C:30E6H         LINE#         5868
  C:30E8H         LINE#         5869
  C:30EAH         LINE#         5872
  C:30F0H         LINE#         5873
  C:30F0H         LINE#         5874
  C:30F6H         LINE#         5875
  C:30F6H         LINE#         5876
  C:30FCH         LINE#         5877
  C:3112H         LINE#         5878
  C:3119H         LINE#         5880
  C:311CH         LINE#         5881
  C:311CH         LINE#         5882
  C:3122H         LINE#         5883
  C:3122H         LINE#         5885
  C:3128H         LINE#         5886
  C:3128H         LINE#         5887
  C:312FH         LINE#         5888
  C:3145H         LINE#         5889
  C:315BH         LINE#         5891
  C:3166H         LINE#         5893
  C:3168H         LINE#         5894
  -------         ENDPROC       DISPSCALEVER_BLUE
  -------         PROC          DISPSCALEVER_GRAY
  -------         DO            
  X:003FH         SYMBOL        i
  X:0041H         SYMBOL        j
  D:0002H         SYMBOL        k
  -------         ENDDO         
  C:2F36H         LINE#         5896
  C:2F36H         LINE#         5897
  C:2F36H         LINE#         5900
  C:2F39H         LINE#         5902
  C:2F3BH         LINE#         5907
  C:2F41H         LINE#         5908
  C:2F41H         LINE#         5909
  C:2F47H         LINE#         5910
  C:2F47H         LINE#         5911
  C:2F4DH         LINE#         5913
  C:2F63H         LINE#         5914
  C:2F6AH         LINE#         5916
  C:2F6DH         LINE#         5917
  C:2F6DH         LINE#         5918
  C:2F73H         LINE#         5919
  C:2F73H         LINE#         5921
  C:2F79H         LINE#         5922
  C:2F79H         LINE#         5923
BL51 BANKED LINKER/LOCATER V6.22                                                      08/24/2021  09:23:01  PAGE 32


  C:2F8DH         LINE#         5924
  C:2FA3H         LINE#         5925
  C:2FB9H         LINE#         5927
  C:2FC4H         LINE#         5929
  C:2FC6H         LINE#         5930
  -------         ENDPROC       DISPSCALEVER_GRAY
  -------         PROC          DISPGRAYHOR16
  -------         DO            
  X:005EH         SYMBOL        i
  D:0002H         SYMBOL        j
  X:0060H         SYMBOL        k
  -------         ENDDO         
  C:2CDBH         LINE#         5932
  C:2CDBH         LINE#         5933
  C:2CDBH         LINE#         5936
  C:2CDEH         LINE#         5938
  C:2CE0H         LINE#         5939
  C:2CE2H         LINE#         5941
  C:2CE8H         LINE#         5942
  C:2CE8H         LINE#         5943
  C:2CF1H         LINE#         5944
  C:2CF1H         LINE#         5945
  C:2CF7H         LINE#         5946
  C:2CFEH         LINE#         5948
  C:2D01H         LINE#         5949
  C:2D01H         LINE#         5950
  C:2D07H         LINE#         5951
  C:2D07H         LINE#         5952
  C:2D39H         LINE#         5953
  C:2D4FH         LINE#         5954
  C:2D5AH         LINE#         5955
  C:2D73H         LINE#         5957
  C:2D75H         LINE#         5958
  -------         ENDPROC       DISPGRAYHOR16
  -------         PROC          DISPGRAYHOR32
  -------         DO            
  X:0043H         SYMBOL        i
  D:0002H         SYMBOL        j
  X:0045H         SYMBOL        k
  -------         ENDDO         
  C:326CH         LINE#         5960
  C:326CH         LINE#         5961
  C:326CH         LINE#         5964
  C:326FH         LINE#         5966
  C:3271H         LINE#         5968
  C:3277H         LINE#         5969
  C:3277H         LINE#         5970
  C:327AH         LINE#         5971
  C:327AH         LINE#         5972
  C:3280H         LINE#         5973
  C:328BH         LINE#         5975
  C:328EH         LINE#         5976
  C:328EH         LINE#         5977
  C:3294H         LINE#         5978
  C:3294H         LINE#         5979
  C:32A8H         LINE#         5980
  C:32BEH         LINE#         5981
BL51 BANKED LINKER/LOCATER V6.22                                                      08/24/2021  09:23:01  PAGE 33


  C:32C9H         LINE#         5982
  C:32DFH         LINE#         5984
  C:32E1H         LINE#         5985
  -------         ENDPROC       DISPGRAYHOR32
  -------         PROC          DISPSCALEHOR2
  -------         DO            
  X:0047H         SYMBOL        j
  D:0002H         SYMBOL        k
  -------         ENDDO         
  C:1A4AH         LINE#         5987
  C:1A4AH         LINE#         5988
  C:1A4AH         LINE#         5991
  C:1A4DH         LINE#         5993
  C:1A4DH         LINE#         5994
  C:1A4DH         LINE#         5995
  C:1A53H         LINE#         5996
  C:1A70H         LINE#         5997
  C:1A7BH         LINE#         5998
  C:1A7EH         LINE#         5999
  C:1A7EH         LINE#         6000
  C:1A84H         LINE#         6001
  C:1AA1H         LINE#         6002
  C:1AACH         LINE#         6003
  C:1AAFH         LINE#         6004
  C:1AAFH         LINE#         6005
  C:1AB5H         LINE#         6006
  C:1AD2H         LINE#         6007
  C:1ADDH         LINE#         6008
  C:1AE0H         LINE#         6009
  C:1AE0H         LINE#         6010
  C:1AE6H         LINE#         6011
  C:1B03H         LINE#         6012
  C:1B0EH         LINE#         6013
  C:1B11H         LINE#         6014
  C:1B11H         LINE#         6015
  C:1B17H         LINE#         6016
  C:1B34H         LINE#         6017
  C:1B3FH         LINE#         6018
  C:1B42H         LINE#         6019
  C:1B42H         LINE#         6020
  C:1B48H         LINE#         6021
  C:1B65H         LINE#         6022
  C:1B70H         LINE#         6023
  C:1B73H         LINE#         6024
  C:1B73H         LINE#         6025
  C:1B79H         LINE#         6026
  C:1B96H         LINE#         6027
  C:1BA1H         LINE#         6028
  C:1BA4H         LINE#         6029
  C:1BA4H         LINE#         6030
  C:1BAAH         LINE#         6031
  C:1BC6H         LINE#         6032
  C:1BD1H         LINE#         6033
  C:1BDAH         LINE#         6034
  C:1BDAH         LINE#         6035
  C:1BE0H         LINE#         6036
  C:1BFCH         LINE#         6037
BL51 BANKED LINKER/LOCATER V6.22                                                      08/24/2021  09:23:01  PAGE 34


  C:1C03H         LINE#         6039
  -------         ENDPROC       DISPSCALEHOR2
  -------         PROC          _TOORD
  D:0007H         SYMBOL        ch
  C:356EH         LINE#         6144
  C:356EH         LINE#         6145
  C:356EH         LINE#         6146
  C:3574H         LINE#         6147
  C:3574H         LINE#         6148
  C:3576H         LINE#         6149
  C:3578H         LINE#         6150
  C:3584H         LINE#         6151
  C:3584H         LINE#         6152
  C:3588H         LINE#         6153
  C:358AH         LINE#         6154
  C:3596H         LINE#         6155
  C:3596H         LINE#         6156
  C:359AH         LINE#         6157
  C:359CH         LINE#         6158
  C:35A8H         LINE#         6159
  C:35A8H         LINE#         6160
  C:35ACH         LINE#         6161
  C:35AEH         LINE#         6162
  C:35BAH         LINE#         6163
  C:35BAH         LINE#         6164
  C:35BEH         LINE#         6165
  C:35C0H         LINE#         6166
  C:35C6H         LINE#         6167
  C:35C6H         LINE#         6168
  C:35C8H         LINE#         6169
  C:35C8H         LINE#         6171
  C:35C8H         LINE#         6172
  -------         ENDPROC       _TOORD
  C:2809H         SYMBOL        L?0447
  C:2821H         SYMBOL        L?0448
  -------         PROC          L?0446
  -------         ENDPROC       L?0446
  C:2809H         SYMBOL        L?0447
  C:2821H         SYMBOL        L?0448
  -------         PROC          _DISPONECHAR
  X:0072H         SYMBOL        ord
  D:0006H         SYMBOL        Xstart
  D:0002H         SYMBOL        Ystart
  X:0077H         SYMBOL        TextColor
  X:0079H         SYMBOL        BackColor
  -------         DO            
  X:007BH         SYMBOL        i
  D:0002H         SYMBOL        j
  X:007CH         SYMBOL        p
  D:0003H         SYMBOL        dat
  D:0006H         SYMBOL        index
  -------         ENDDO         
  C:2831H         LINE#         6174
  C:2839H         LINE#         6175
  C:2839H         LINE#         6181
  C:2853H         LINE#         6183
  C:2859H         LINE#         6185
BL51 BANKED LINKER/LOCATER V6.22                                                      08/24/2021  09:23:01  PAGE 35


[...]
  C:135CH         LINE#         324
BL51 BANKED LINKER/LOCATER V6.22                                                      08/24/2021  09:23:01  PAGE 43


  C:1361H         LINE#         325
  C:1369H         LINE#         326
  C:1373H         LINE#         327
  C:1381H         LINE#         328
  C:138FH         LINE#         329
  C:1391H         LINE#         331
  C:1391H         LINE#         332
  C:1396H         LINE#         333
  C:1399H         LINE#         334
  C:13B1H         LINE#         335
  C:13B1H         LINE#         336
  C:13CAH         LINE#         337
  C:13CFH         LINE#         338
  C:13D7H         LINE#         339
  C:13DEH         LINE#         340
  C:13E3H         LINE#         341
  C:13E3H         LINE#         342
  C:13F7H         LINE#         343
  C:13F7H         LINE#         344
  C:13FEH         LINE#         345
  C:1403H         LINE#         346
  C:1403H         LINE#         347
  C:1411H         LINE#         348
  C:1411H         LINE#         349
  -------         ENDPROC       USBXCORE_HANDLE_SETUP
  -------         PROC          USBXCORE_FORCE_STALL
  C:3A48H         LINE#         356
  C:3A48H         LINE#         358
  C:3A53H         LINE#         359
  C:3A5EH         LINE#         360
  C:3A64H         LINE#         361
  -------         ENDPROC       USBXCORE_FORCE_STALL
  -------         PROC          USBXCORE_GET_STATUS
  C:33CAH         LINE#         367
  C:33CAH         LINE#         369
  C:33D9H         LINE#         370
  C:33D9H         LINE#         371
  C:33D9H         LINE#         372
  C:33D9H         LINE#         373
  C:33D9H         LINE#         374
  C:33DBH         LINE#         375
  C:33DBH         LINE#         379
  C:33DBH         LINE#         381
  C:33E9H         LINE#         385
  C:33E9H         LINE#         386
  C:33E9H         LINE#         387
  C:33E9H         LINE#         388
  C:33EBH         LINE#         390
  C:33EBH         LINE#         392
  C:33F9H         LINE#         396
  C:33F9H         LINE#         397
  C:3406H         LINE#         398
  C:3406H         LINE#         399
  C:3408H         LINE#         401
  C:3408H         LINE#         402
  C:3416H         LINE#         403
  C:341FH         LINE#         404
BL51 BANKED LINKER/LOCATER V6.22                                                      08/24/2021  09:23:01  PAGE 44


  C:341FH         LINE#         405
  C:341FH         LINE#         406
  C:3421H         LINE#         407
  C:3421H         LINE#         408
  C:3424H         LINE#         409
  C:3424H         LINE#         410
  C:3424H         LINE#         411
  C:342CH         LINE#         412
  C:342CH         LINE#         413
  C:342FH         LINE#         414
  C:3435H         LINE#         415
  C:343CH         LINE#         416
  C:343CH         LINE#         417
  -------         ENDPROC       USBXCORE_GET_STATUS
  -------         PROC          USBXCORE_CLEAR_FEATURE
  C:3623H         LINE#         423
  C:3623H         LINE#         425
  C:3629H         LINE#         426
  C:3629H         LINE#         428
  C:3630H         LINE#         429
  C:3630H         LINE#         430
  C:363BH         LINE#         436
  C:3646H         LINE#         437
  C:364BH         LINE#         438
  C:364DH         LINE#         440
  C:364DH         LINE#         442
  C:3658H         LINE#         446
  C:3663H         LINE#         447
  C:3668H         LINE#         448
  C:3668H         LINE#         449
  C:366AH         LINE#         451
  C:366AH         LINE#         452
  C:366DH         LINE#         453
  C:366DH         LINE#         454
  C:3678H         LINE#         455
  -------         ENDPROC       USBXCORE_CLEAR_FEATURE
  -------         PROC          USBXCORE_VENDOR_USB_API
  C:2734H         LINE#         462
  C:2734H         LINE#         464
  C:273EH         LINE#         465
  C:273EH         LINE#         466
  C:2745H         LINE#         467
  C:2745H         LINE#         468
  C:2748H         LINE#         469
  C:274BH         LINE#         470
  C:274DH         LINE#         472
  C:274DH         LINE#         473
  C:2754H         LINE#         474
  C:2754H         LINE#         477
  C:275FH         LINE#         482
  C:276AH         LINE#         483
  C:2775H         LINE#         485
  C:2775H         LINE#         486
  C:2788H         LINE#         487
  C:2788H         LINE#         488
  C:278CH         LINE#         489
  C:2797H         LINE#         491
BL51 BANKED LINKER/LOCATER V6.22                                                      08/24/2021  09:23:01  PAGE 45


  C:2797H         LINE#         492
  C:27AAH         LINE#         493
  C:27AAH         LINE#         494
  C:27AEH         LINE#         495
  C:27B9H         LINE#         497
  C:27BFH         LINE#         498
  C:27C7H         LINE#         499
  C:27C7H         LINE#         500
  C:27CAH         LINE#         501
  C:27CAH         LINE#         502
  C:27CAH         LINE#         503
  C:27D5H         LINE#         504
  C:27D5H         LINE#         505
  C:27DBH         LINE#         506
  C:27E2H         LINE#         507
  C:27E2H         LINE#         508
  C:27E6H         LINE#         509
  C:27E6H         LINE#         510
  C:27ECH         LINE#         511
  C:27F3H         LINE#         512
  C:27F3H         LINE#         513
  C:27FEH         LINE#         514
  -------         ENDPROC       USBXCORE_VENDOR_USB_API
  -------         PROC          USBXCORE_SET_FEATURE
  C:367BH         LINE#         521
  C:367BH         LINE#         523
  C:3681H         LINE#         524
  C:3681H         LINE#         526
  C:3688H         LINE#         527
  C:3688H         LINE#         528
  C:3693H         LINE#         534
  C:369EH         LINE#         535
  C:36A1H         LINE#         536
  C:36A3H         LINE#         538
  C:36A3H         LINE#         540
  C:36AEH         LINE#         544
  C:36B9H         LINE#         545
  C:36BFH         LINE#         546
  C:36BFH         LINE#         548
  C:36C1H         LINE#         550
  C:36C1H         LINE#         551
  C:36C4H         LINE#         552
  C:36C4H         LINE#         553
  C:36CFH         LINE#         554
  -------         ENDPROC       USBXCORE_SET_FEATURE
  -------         PROC          USBXCORE_SET_ADDRESS
  C:39EAH         LINE#         561
  C:39EAH         LINE#         563
  C:39F9H         LINE#         564
  C:39FFH         LINE#         565
  C:39FFH         LINE#         566
  C:3A02H         LINE#         567
  C:3A04H         LINE#         569
  C:3A04H         LINE#         570
  C:3A07H         LINE#         571
  C:3A07H         LINE#         572
  -------         ENDPROC       USBXCORE_SET_ADDRESS
BL51 BANKED LINKER/LOCATER V6.22                                                      08/24/2021  09:23:01  PAGE 46


  -------         PROC          USBXCORE_GET_DESCRIPTOR
  C:2A36H         LINE#         579
  C:2A36H         LINE#         580
  C:2A45H         LINE#         581
  C:2A45H         LINE#         582
  C:2A45H         LINE#         583
  C:2A53H         LINE#         584
  C:2A57H         LINE#         585
  C:2A59H         LINE#         586
  C:2A59H         LINE#         587
  C:2A67H         LINE#         588
  C:2A7AH         LINE#         589
  C:2A7CH         LINE#         590
  C:2A7CH         LINE#         591
  C:2AA0H         LINE#         592
  C:2AACH         LINE#         593
  C:2AAEH         LINE#         594
  C:2AAEH         LINE#         595
  C:2AB1H         LINE#         596
  C:2AB1H         LINE#         597
  C:2AB1H         LINE#         598
  C:2AC7H         LINE#         599
  C:2AC7H         LINE#         600
  C:2ACFH         LINE#         601
  C:2ACFH         LINE#         602
  C:2AD7H         LINE#         603
  C:2AD7H         LINE#         604
  C:2ADAH         LINE#         605
  C:2AE0H         LINE#         606
  C:2AE7H         LINE#         607
  C:2AE7H         LINE#         608
  -------         ENDPROC       USBXCORE_GET_DESCRIPTOR
  -------         PROC          USBXCORE_GET_CONFIGURATION
  C:3812H         LINE#         614
  C:3812H         LINE#         616
  C:381AH         LINE#         617
  C:381AH         LINE#         618
  C:3826H         LINE#         619
  C:382EH         LINE#         620
  C:382EH         LINE#         621
  C:3832H         LINE#         622
  C:3832H         LINE#         623
  C:3840H         LINE#         624
  C:3848H         LINE#         625
  C:3848H         LINE#         626
  C:384BH         LINE#         627
  C:3851H         LINE#         628
  C:3858H         LINE#         629
  -------         ENDPROC       USBXCORE_GET_CONFIGURATION
  -------         PROC          USBXCORE_SET_CONFIGURATION
  C:35C9H         LINE#         635
  C:35C9H         LINE#         637
  C:35D2H         LINE#         638
  C:35D2H         LINE#         639
  C:35D9H         LINE#         640
  C:35DFH         LINE#         641
  C:35E4H         LINE#         642
BL51 BANKED LINKER/LOCATER V6.22                                                      08/24/2021  09:23:01  PAGE 47


  C:35E6H         LINE#         644
  C:35F1H         LINE#         645
  C:35FCH         LINE#         646
  C:3607H         LINE#         653
  C:3612H         LINE#         654
  C:3614H         LINE#         656
  C:3614H         LINE#         657
  C:361AH         LINE#         658
  C:361EH         LINE#         659
  C:3620H         LINE#         660
  C:3620H         LINE#         661
  -------         ENDPROC       USBXCORE_SET_CONFIGURATION
  -------         PROC          USBXCORE_GET_INTERFACE
  C:397BH         LINE#         668
  C:397BH         LINE#         670
  C:3989H         LINE#         671
  C:3991H         LINE#         672
  C:3994H         LINE#         673
  C:399AH         LINE#         674
  C:39A1H         LINE#         675
  -------         ENDPROC       USBXCORE_GET_INTERFACE
  -------         PROC          USBXCORE_SET_SOP
  C:3AC5H         LINE#         682
  C:3AC5H         LINE#         684
  C:3ACDH         LINE#         685
  C:3ACDH         LINE#         686
  C:3AD8H         LINE#         687
  C:3AD8H         LINE#         688
  -------         ENDPROC       USBXCORE_SET_SOP
  -------         PROC          USBXCORE_USB_ISR
  C:1F32H         LINE#         699
  C:1F4FH         LINE#         702
  C:1F55H         LINE#         703
  C:1F68H         LINE#         706
  C:1F7BH         LINE#         709
  C:1F7FH         LINE#         710
  C:1F7FH         LINE#         711
  C:1F8AH         LINE#         712
  C:1F8AH         LINE#         714
  C:1F91H         LINE#         715
  C:1F91H         LINE#         716
  C:1F94H         LINE#         717
  C:1F94H         LINE#         719
  C:1F9BH         LINE#         720
  C:1F9BH         LINE#         721
  C:1FA8H         LINE#         722
  C:1FA8H         LINE#         723
  C:1FAFH         LINE#         724
  C:1FAFH         LINE#         725
  C:1FAFH         LINE#         727
  C:1FAFH         LINE#         728
  C:1FAFH         LINE#         730
  C:1FAFH         LINE#         732
  C:1FC2H         LINE#         734
  C:1FC6H         LINE#         735
  C:1FC6H         LINE#         736
  C:1FC9H         LINE#         737
BL51 BANKED LINKER/LOCATER V6.22                                                      08/24/2021  09:23:01  PAGE 48


  C:1FC9H         LINE#         740
  C:1FD0H         LINE#         741
  C:1FD0H         LINE#         742
  C:1FDBH         LINE#         748
  C:1FEEH         LINE#         749
  C:1FF3H         LINE#         750
  C:1FF3H         LINE#         751
  C:1FFAH         LINE#         752
  C:1FFAH         LINE#         754
  C:1FFAH         LINE#         756
  C:200DH         LINE#         759
  C:2011H         LINE#         760
  C:2011H         LINE#         761
  C:201CH         LINE#         767
  C:202FH         LINE#         768
  C:2033H         LINE#         769
  C:2033H         LINE#         770
  C:203AH         LINE#         771
  C:203AH         LINE#         772
  C:203AH         LINE#         775
  C:2048H         LINE#         776
  C:204DH         LINE#         777
  C:2053H         LINE#         778
  C:2058H         LINE#         781
  C:2065H         LINE#         782
  C:2065H         LINE#         783
  C:2068H         LINE#         784
  C:2068H         LINE#         785
  -------         ENDPROC       USBXCORE_USB_ISR
  -------         ENDMOD        USB_API

  -------         MODULE        USB_SUSPEND
  C:0000H         SYMBOL        _ICE_DUMMY_
  D:00D7H         PUBLIC        USB0XCN
  D:00C9H         PUBLIC        REG0CN
  C:3901H         PUBLIC        USB_Suspend
  D:00A9H         PUBLIC        CLKSEL
  D:00B2H         PUBLIC        OSCICN
  D:00B9H         PUBLIC        CLKMUL
  -------         PROC          USB_SUSPEND
  C:3901H         LINE#         70
  C:3901H         LINE#         72
  C:3904H         LINE#         74
  C:3907H         LINE#         76
  C:390FH         LINE#         79
  C:3912H         LINE#         80
  C:3915H         LINE#         81
  C:3918H         LINE#         82
  C:391BH         LINE#         84
  C:391CH         LINE#         86
  C:391FH         LINE#         88
  C:3925H         LINE#         92
  C:3928H         LINE#         94
  C:392BH         LINE#         95
  -------         ENDPROC       USB_SUSPEND
  -------         ENDMOD        USB_SUSPEND

BL51 BANKED LINKER/LOCATER V6.22                                                      08/24/2021  09:23:01  PAGE 49


  -------         MODULE        USB_INT_ENABLE
  C:0000H         SYMBOL        _ICE_DUMMY_
  C:3A80H         PUBLIC        USB_Int_Enable
  D:0096H         PUBLIC        USB0ADR
  D:0097H         PUBLIC        USB0DAT
  -------         PROC          USB_INT_ENABLE
  C:3A80H         LINE#         68
  C:3A80H         LINE#         71
  C:3A87H         LINE#         73
  C:3A8DH         LINE#         74
  C:3A8DH         LINE#         75
  C:3A98H         LINE#         77
  C:3A98H         LINE#         78
  -------         ENDPROC       USB_INT_ENABLE
  -------         ENDMOD        USB_INT_ENABLE

  -------         MODULE        USB_CLOCK_RECOVERY
  C:0000H         SYMBOL        _ICE_DUMMY_
  C:3B0BH         PUBLIC        USBXcore_ClkRec
  D:0096H         PUBLIC        USB0ADR
  D:0097H         PUBLIC        USB0DAT
  -------         PROC          USBXCORE_CLKREC
  C:3B0BH         LINE#         45
  C:3B0BH         LINE#         47
  C:3B16H         LINE#         48
  -------         ENDPROC       USBXCORE_CLKREC
  -------         ENDMOD        USB_CLOCK_RECOVERY

  -------         MODULE        ?C?FPMUL
  C:0C9AH         PUBLIC        ?C?FPMUL
  -------         ENDMOD        ?C?FPMUL

  -------         MODULE        ?C?FCAST
  C:0DAAH         PUBLIC        ?C?FCASTC
  C:0DA5H         PUBLIC        ?C?FCASTI
  C:0DA0H         PUBLIC        ?C?FCASTL
  -------         ENDMOD        ?C?FCAST

  -------         MODULE        ?C?CASTF
  C:0DDEH         PUBLIC        ?C?CASTF
  -------         ENDMOD        ?C?CASTF

  -------         MODULE        ?C?COPY
  C:0F2FH         PUBLIC        ?C?COPY
  -------         ENDMOD        ?C?COPY

  -------         MODULE        ?C?CLDPTR
  C:0F55H         PUBLIC        ?C?CLDPTR
  -------         ENDMOD        ?C?CLDPTR

  -------         MODULE        ?C?CLDOPTR
  C:0F6EH         PUBLIC        ?C?CLDOPTR
  -------         ENDMOD        ?C?CLDOPTR

  -------         MODULE        ?C?IMUL
  C:0F9BH         PUBLIC        ?C?IMUL
  -------         ENDMOD        ?C?IMUL
BL51 BANKED LINKER/LOCATER V6.22                                                      08/24/2021  09:23:01  PAGE 50



  -------         MODULE        ?C?IILDX
  C:0FADH         PUBLIC        ?C?IILDX
  -------         ENDMOD        ?C?IILDX

  -------         MODULE        ?C?ILDOPTR
  C:0FC3H         PUBLIC        ?C?ILDOPTR
  -------         ENDMOD        ?C?ILDOPTR

  -------         MODULE        ?C?LMUL
  C:0FFBH         PUBLIC        ?C?LMUL
  -------         ENDMOD        ?C?LMUL

  -------         MODULE        ?C?ULDIV
  C:1086H         PUBLIC        ?C?ULDIV
  -------         ENDMOD        ?C?ULDIV

  -------         MODULE        ?C?LNEG
  C:1118H         PUBLIC        ?C?LNEG
  -------         ENDMOD        ?C?LNEG

  -------         MODULE        ?C?ULCMP
  C:1126H         PUBLIC        ?C?ULCMP
  -------         ENDMOD        ?C?ULCMP

  -------         MODULE        ?C?ULSHR
  C:1137H         PUBLIC        ?C?ULSHR
  -------         ENDMOD        ?C?ULSHR

  -------         MODULE        ?C?LSHL
  C:114AH         PUBLIC        ?C?LSHL
  -------         ENDMOD        ?C?LSHL

  -------         MODULE        ?C?LLDIPDATA
  C:1166H         PUBLIC        ?C?LLDIPDATA
  C:115DH         PUBLIC        ?C?LLDIPDATA1
  C:115FH         PUBLIC        ?C?LLDIPDATA8
  -------         ENDMOD        ?C?LLDIPDATA

  -------         MODULE        ?C?LSTXDATA
  C:117DH         PUBLIC        ?C?LSTXDATA
  -------         ENDMOD        ?C?LSTXDATA

  -------         MODULE        ?C?LSTPDATA
  C:1189H         PUBLIC        ?C?LSTPDATA
  -------         ENDMOD        ?C?LSTPDATA

  -------         MODULE        ?C?LSTKXDATA
  C:1195H         PUBLIC        ?C?LSTKXDATA
  -------         ENDMOD        ?C?LSTKXDATA

  -------         MODULE        ?C?LSTKPDATA
  C:11C6H         PUBLIC        ?C?LSTKPDATA
  -------         ENDMOD        ?C?LSTKPDATA

  -------         MODULE        ?C_PBP
  D:0008H         PUBLIC        ?C_PBP
BL51 BANKED LINKER/LOCATER V6.22                                                      08/24/2021  09:23:01  PAGE 51


  -------         ENDMOD        ?C_PBP

*** WARNING L14: INCOMPATIBLE MEMORY MODEL
    MODULE:  .\USBX_F34X.LIB (USB_API)
    MODEL:   SMALL

*** WARNING L14: INCOMPATIBLE MEMORY MODEL
    MODULE:  .\USBX_F34X.LIB (USB_SUSPEND)
    MODEL:   SMALL

*** WARNING L14: INCOMPATIBLE MEMORY MODEL
    MODULE:  .\USBX_F34X.LIB (USB_INT_ENABLE)
    MODEL:   SMALL

*** WARNING L14: INCOMPATIBLE MEMORY MODEL
    MODULE:  .\USBX_F34X.LIB (USB_CLOCK_RECOVERY)
    MODEL:   SMALL

*** WARNING L16: UNCALLED SEGMENT, IGNORED FOR OVERLAY PROCESS
    SEGMENT: ?PR?SD_INIT?MMC_SD

*** WARNING L16: UNCALLED SEGMENT, IGNORED FOR OVERLAY PROCESS
    SEGMENT: ?PR?DISPBAND?LCD

*** WARNING L16: UNCALLED SEGMENT, IGNORED FOR OVERLAY PROCESS
    SEGMENT: ?PR?_DISPPIC?LCD

*** WARNING L16: UNCALLED SEGMENT, IGNORED FOR OVERLAY PROCESS
    SEGMENT: ?PR?_DISPPICFROMSD?LCD

*** WARNING L16: UNCALLED SEGMENT, IGNORED FOR OVERLAY PROCESS
    SEGMENT: ?PR?DISPSCALEHOR1?LCD

*** WARNING L16: UNCALLED SEGMENT, IGNORED FOR OVERLAY PROCESS
    SEGMENT: ?PR?DISPSCALEVER?LCD

*** WARNING L16: UNCALLED SEGMENT, IGNORED FOR OVERLAY PROCESS
    SEGMENT: ?PR?DISPSCALEVER_RED?LCD

*** WARNING L16: UNCALLED SEGMENT, IGNORED FOR OVERLAY PROCESS
    SEGMENT: ?PR?DISPSCALEVER_GREEN?LCD

*** WARNING L16: UNCALLED SEGMENT, IGNORED FOR OVERLAY PROCESS
    SEGMENT: ?PR?DISPSCALEVER_BLUE?LCD

*** WARNING L16: UNCALLED SEGMENT, IGNORED FOR OVERLAY PROCESS
    SEGMENT: ?PR?DISPSCALEVER_GRAY?LCD

*** WARNING L16: UNCALLED SEGMENT, IGNORED FOR OVERLAY PROCESS
    SEGMENT: ?PR?DISPGRAYHOR32?LCD

*** WARNING L16: UNCALLED SEGMENT, IGNORED FOR OVERLAY PROCESS
    SEGMENT: ?PR?DISPSCALEHOR2?LCD

*** WARNING L16: UNCALLED SEGMENT, IGNORED FOR OVERLAY PROCESS
    SEGMENT: ?PR?_DRAWGIRD?LCD

BL51 BANKED LINKER/LOCATER V6.22                                                      08/24/2021  09:23:01  PAGE 52


*** WARNING L15: MULTIPLE CALL TO SEGMENT
    SEGMENT: ?PR?_WRITECOMM?LCD
    CALLER1: ?PR?USB_API_TEST_ISR?MAIN
    CALLER2: ?C_C51STARTUP

*** WARNING L15: MULTIPLE CALL TO SEGMENT
    SEGMENT: ?PR?_WRITEDATA?LCD
    CALLER1: ?PR?USB_API_TEST_ISR?MAIN
    CALLER2: ?C_C51STARTUP

Program Size: data=10.0 xdata=1224 code=15143
LINK/LOCATE RUN COMPLETE.  19 WARNING(S),  0 ERROR(S)
