BL51 BANKED LINKER/LOCATER V6.22                                                        05/22/2019  15:18:36  PAGE 1


BL51 BANKED LINKER/LOCATER V6.22, INVOKED BY:
C:\KEIL\C51\BIN\BL51.EXE main.obj, mmc_sd.obj, lcd.obj, tp.obj, .\USBX_F34X.LIB TO ILI9341V_TM22_4W1L RAMSIZE (256)


MEMORY MODEL: COMPACT WITH FLOATING POINT ARITHMETIC


INPUT MODULES INCLUDED:
  main.obj (MAIN)
  mmc_sd.obj (MMC_SD)
  lcd.obj (LCD)
  tp.obj (TP)
  .\USBX_F34X.LIB (USB_API)
  .\USBX_F34X.LIB (USB_CLOCK_START)
  .\USBX_F34X.LIB (USB_SUSPEND)
  .\USBX_F34X.LIB (GET_INTERRUPT_SOURCE)
  .\USBX_F34X.LIB (BLOCK_READ)
  .\USBX_F34X.LIB (BLOCK_WRITE)
  .\USBX_F34X.LIB (USB_INT_ENABLE)
  .\USBX_F34X.LIB (USB_CLOCK_RECOVERY)
  .\USBX_F34X.LIB (USB_JUMP_ISR)
  C:\KEIL\C51\LIB\C51FPC.LIB (?C?FPMUL)
  C:\KEIL\C51\LIB\C51FPC.LIB (?C?FCAST)
  C:\KEIL\C51\LIB\C51FPC.LIB (?C?CASTF)
  C:\KEIL\C51\LIB\C51FPC.LIB (?C?FPGETOPN)
  C:\KEIL\C51\LIB\C51C.LIB (?C_STARTUP)
  C:\KEIL\C51\LIB\C51C.LIB (?C?COPY)
  C:\KEIL\C51\LIB\C51C.LIB (?C?CLDPTR)
  C:\KEIL\C51\LIB\C51C.LIB (?C?CLDOPTR)
  C:\KEIL\C51\LIB\C51C.LIB (?C?IMUL)
  C:\KEIL\C51\LIB\C51C.LIB (?C?IILDX)
  C:\KEIL\C51\LIB\C51C.LIB (?C?LMUL)
  C:\KEIL\C51\LIB\C51C.LIB (?C?ULDIV)
  C:\KEIL\C51\LIB\C51C.LIB (?C?LNEG)
  C:\KEIL\C51\LIB\C51C.LIB (?C?ULCMP)
  C:\KEIL\C51\LIB\C51C.LIB (?C?ULSHR)
  C:\KEIL\C51\LIB\C51C.LIB (?C?LSHL)
  C:\KEIL\C51\LIB\C51C.LIB (?C?LLDIPDATA)
  C:\KEIL\C51\LIB\C51C.LIB (?C?LSTXDATA)
  C:\KEIL\C51\LIB\C51C.LIB (?C?LSTPDATA)
  C:\KEIL\C51\LIB\C51C.LIB (?C?LSTKXDATA)
  C:\KEIL\C51\LIB\C51C.LIB (?C?LSTKPDATA)
  C:\KEIL\C51\LIB\C51C.LIB (?C_PBP)
  C:\KEIL\C51\LIB\C51C.LIB (?C_INIT)


LINK MAP OF MODULE:  ILI9341V_TM22_4W1L (MAIN)


            TYPE    BASE      LENGTH    RELOCATION   SEGMENT NAME
            -----------------------------------------------------

            * * * * * * *   D A T A   M E M O R Y   * * * * * * *
            REG     0000H     0008H     ABSOLUTE     "REG BANK 0"
            DATA    0008H     0001H     UNIT         ?C?LIB_DATA
            IDATA   0009H     0001H     UNIT         ?STACK

            * * * * * * *  X D A T A   M E M O R Y  * * * * * * *
BL51 BANKED LINKER/LOCATER V6.22                                                      05/22/2019  15:18:36  PAGE 2


            XDATA   0000H     0004H     INPAGE       ?PD?_STOPDELAY?MAIN
            XDATA   0004H     0005H     INPAGE       ?PD?CONNTOUSB?MAIN
            XDATA   0009H     0010H     INPAGE       ?PD?MAIN
            XDATA   0019H     0005H     INPAGE       ?PD?_MMC_SD_SENDCOMMAND?MMC_SD
            XDATA   001EH     0004H     INPAGE       ?PD?_MMC_SD_READSINGLEBLOCK?MMC_SD
            XDATA   0022H     0004H     INPAGE       ?PD?_MMC_SD_WRITESINGLEBLOCK?MMC_SD
            XDATA   0026H     000DH     INPAGE       ?PD?_DISPPICFROMSD?LCD
            XDATA   0033H     0004H     INPAGE       ?PD?DISPSCALEHOR1?LCD
            XDATA   0037H     0004H     INPAGE       ?PD?DISPSCALEVER?LCD
            XDATA   003BH     0004H     INPAGE       ?PD?DISPSCALEVER_RED?LCD
            XDATA   003FH     0004H     INPAGE       ?PD?DISPSCALEVER_GREEN?LCD
            XDATA   0043H     0004H     INPAGE       ?PD?DISPSCALEVER_BLUE?LCD
            XDATA   0047H     0004H     INPAGE       ?PD?DISPSCALEVER_GRAY?LCD
            XDATA   004BH     0004H     INPAGE       ?PD?DISPGRAYHOR32?LCD
            XDATA   004FH     0002H     INPAGE       ?PD?DISPSCALEHOR2?LCD
            XDATA   0051H     000DH     INPAGE       ?PD?_DISPONECHAR?LCD
            XDATA   005EH     000BH     INPAGE       ?PD?_DISPSTR?LCD
            XDATA   0069H     000AH     INPAGE       ?PD?_DISPINT?LCD
            XDATA   0073H     000CH     INPAGE       ?PD?_DRAWLINE?LCD
            XDATA   007FH     0004H     INPAGE       ?PD?_DRAWGIRD?LCD
            XDATA   0083H     0002H     INPAGE       ?PD?LCD
            XDATA   0085H     000BH     INPAGE       _PDATA_GROUP_
            XDATA   0090H     0200H     UNIT         ?XD?MMC_SD
            XDATA   0290H     0058H     UNIT         ?XD?CONNTOUSB?MAIN
            XDATA   02E8H     0040H     UNIT         ?XD?MAIN
            XDATA   0328H     0038H     UNIT         _XDATA_GROUP_
                    0360H     02E0H                  *** GAP ***
            XDATA   0640H     0100H     ABSOLUTE     
            XDATA   0740H     0012H     ABSOLUTE     
            XDATA   0752H     0020H     ABSOLUTE     
            XDATA   0772H     000CH     ABSOLUTE     
            XDATA   077EH     0008H     ABSOLUTE     
            XDATA   0786H     0001H     ABSOLUTE     
            XDATA   0787H     0003H     ABSOLUTE     
            XDATA   078AH     0002H     ABSOLUTE     
            XDATA   078CH     0002H     ABSOLUTE     
            XDATA   078EH     0003H     ABSOLUTE     
            XDATA   0791H     0001H     ABSOLUTE     
            XDATA   0792H     0001H     ABSOLUTE     
            XDATA   0793H     0001H     ABSOLUTE     
            XDATA   0794H     0001H     ABSOLUTE     
            XDATA   0795H     0002H     ABSOLUTE     
            XDATA   0797H     0002H     ABSOLUTE     
            XDATA   0799H     0001H     ABSOLUTE     
            XDATA   079AH     0001H     ABSOLUTE     
            XDATA   079BH     0001H     ABSOLUTE     
            XDATA   079CH     0001H     ABSOLUTE     
            XDATA   079DH     0001H     ABSOLUTE     
            XDATA   079EH     0001H     ABSOLUTE     
            XDATA   079FH     0002H     ABSOLUTE     
            XDATA   07A1H     0001H     ABSOLUTE     
            XDATA   07A2H     0001H     ABSOLUTE     
            XDATA   07A3H     000CH     ABSOLUTE     
                    07AFH     0011H                  *** GAP ***
            XDATA   07C0H     0040H     ABSOLUTE     

            * * * * * * *   C O D E   M E M O R Y   * * * * * * *
BL51 BANKED LINKER/LOCATER V6.22                                                      05/22/2019  15:18:36  PAGE 3


            CODE    0000H     0003H     ABSOLUTE     
            CODE    0003H     0040H     UNIT         ?PR?_WRITEDISPDATA?LCD
            CODE    0043H     0003H     ABSOLUTE     
            CODE    0046H     0044H     UNIT         ?PR?_DISPCOLOR?LCD
                    008AH     0001H                  *** GAP ***
            CODE    008BH     0003H     ABSOLUTE     
            CODE    008EH     060CH     UNIT         ?PR?CONNTOUSB?MAIN
            CODE    069AH     0600H     UNIT         ?CO?LCD
            CODE    0C9AH     050DH     UNIT         ?C?LIB_CODE
            CODE    11A7H     0233H     UNIT         ?PR?USBXCORE_HANDLE_SETUP?USB_API
            CODE    13DAH     0228H     UNIT         ?PR?DISPSCALEHOR1?LCD
            CODE    1602H     01C8H     UNIT         ?PR?LCD_INIT?LCD
            CODE    17CAH     01BCH     UNIT         ?PR?DISPSCALEHOR2?LCD
            CODE    1986H     01A0H     UNIT         ?PR?TP_DRAWLINE?TP
            CODE    1B26H     0190H     UNIT         ?PR?DISPBAND?LCD
            CODE    1CB6H     0151H     UNIT         ?PR?USBXCORE_USB_ISR?USB_API
            CODE    1E07H     0142H     UNIT         ?PR?_LCD_READ_IC_ID?LCD
            CODE    1F49H     013DH     UNIT         ?PR?USB_API_TEST_ISR?MAIN
            CODE    2086H     0137H     UNIT         ?PR?_USB_INIT?USB_API
            CODE    21BDH     012AH     UNIT         ?PR?DISPSCALEVER?LCD
            CODE    22E7H     011BH     UNIT         ?PR?_TP_GETPOSITION?TP
            CODE    2402H     0111H     UNIT         ?PR?_BLOCK_WRITE?BLOCK_WRITE
            CODE    2513H     00E9H     UNIT         ?PR?_DISPPICFROMSD?LCD
            CODE    25FCH     00CDH     UNIT         ?PR?USBXCORE_VENDOR_USB_API?USB_API
            CODE    26C9H     00CBH     UNIT         ?PR?_DISPONECHAR?LCD
            CODE    2794H     00B7H     UNIT         ?PR?MMC_SD_RESET?MMC_SD
            CODE    284BH     00B3H     UNIT         ?PR?_DISPINT?LCD
            CODE    28FEH     00B2H     UNIT         ?PR?USBXCORE_GET_DESCRIPTOR?USB_API
            CODE    29B0H     00AFH     UNIT         ?PR?_BLOCK_READ?BLOCK_READ
            CODE    2A5FH     00AAH     UNIT         ?PR?DISPFRAME?LCD
            CODE    2B09H     00A2H     UNIT         ?PR?DISPSCALEVER_GREEN?LCD
            CODE    2BABH     009CH     UNIT         ?PR?_?BLOCKWRITE?LCD
            CODE    2C47H     009BH     UNIT         ?PR?DISPGRAYHOR16?LCD
            CODE    2CE2H     0096H     UNIT         ?PR?_DISPSTR?LCD
            CODE    2D78H     0093H     UNIT         ?PR?DISPSCALEVER_RED?LCD
            CODE    2E0BH     0093H     UNIT         ?PR?DISPSCALEVER_GRAY?LCD
            CODE    2E9EH     0090H     UNIT         ?PR?_DRAWGIRD?LCD
            CODE    2F2EH     008CH     UNIT         ?C_C51STARTUP
            CODE    2FBAH     0088H     UNIT         ?PR?DISPSCALEVER_BLUE?LCD
            CODE    3042H     0086H     UNIT         ?PR?_DRAWLINE?LCD
            CODE    30C8H     007DH     UNIT         ?PR?_MMC_SD_WRITESINGLEBLOCK?MMC_SD
            CODE    3145H     0076H     UNIT         ?PR?DISPGRAYHOR32?LCD
            CODE    31BBH     0075H     UNIT         ?PR?_MMC_SD_SENDCOMMAND?MMC_SD
            CODE    3230H     0073H     UNIT         ?PR?TP_READ?TP
            CODE    32A3H     0073H     UNIT         ?PR?USBXCORE_GET_STATUS?USB_API
            CODE    3316H     006CH     UNIT         ?PR?DEVICES_INIT?MAIN
            CODE    3382H     0064H     UNIT         ?PR?_MMC_SD_READSINGLEBLOCK?MMC_SD
            CODE    33E6H     005BH     UNIT         ?PR?_TOORD?LCD
            CODE    3441H     005AH     UNIT         ?PR?USBXCORE_SET_CONFIGURATION?USB_API
            CODE    349BH     0058H     UNIT         ?PR?USBXCORE_CLEAR_FEATURE?USB_API
            CODE    34F3H     0057H     UNIT         ?PR?USBXCORE_SET_FEATURE?USB_API
            CODE    354AH     0052H     UNIT         ?PR?_PUTPIXEL?LCD
            CODE    359CH     0051H     UNIT         ?PR?_STOPDELAY?MAIN
            CODE    35EDH     0050H     UNIT         ?CO?MAIN
            CODE    363DH     0047H     UNIT         ?PR?USBXCORE_GET_CONFIGURATION?USB_API
            CODE    3684H     0043H     UNIT         ?PR?MCU_INIT?MAIN
            CODE    36C7H     003AH     UNIT         ?CO?USB_API
BL51 BANKED LINKER/LOCATER V6.22                                                      05/22/2019  15:18:36  PAGE 4


            CODE    3701H     0038H     UNIT         ?PR?USB_CLOCK_START?USB_CLOCK_START
            CODE    3739H     002FH     UNIT         ?PR?_WRITEDATA?LCD
            CODE    3768H     002DH     UNIT         ?C_INITSEG
            CODE    3795H     002BH     UNIT         ?PR?_WRITECOMM?LCD
            CODE    37C0H     002BH     UNIT         ?PR?USB_SUSPEND?USB_SUSPEND
            CODE    37EBH     0027H     UNIT         ?PR?USBXCORE_USB_RESET?USB_API
            CODE    3812H     0027H     UNIT         ?PR?USBXCORE_GET_INTERFACE?USB_API
            CODE    3839H     0026H     UNIT         ?PR?_TP_WRITE?TP
            CODE    385FH     0022H     UNIT         ?PR?USBXCORE_JUMP_ISR?USB_JUMP_ISR
            CODE    3881H     0020H     UNIT         ?PR?USBXCORE_SET_ADDRESS?USB_API
            CODE    38A1H     001FH     UNIT         ?PR?_DELAY?MAIN
            CODE    38C0H     001DH     UNIT         ?PR?USBXCORE_FORCE_STALL?USB_API
            CODE    38DDH     001BH     UNIT         ?PR?MAIN?MAIN
            CODE    38F8H     0019H     UNIT         ?PR?USB_INT_ENABLE?USB_INT_ENABLE
            CODE    3911H     0016H     UNIT         ?PR?_SPI_WRITEBYTE?MMC_SD
            CODE    3927H     0016H     UNIT         ?PR?READDATA?LCD
            CODE    393DH     0014H     UNIT         ?PR?USBXCORE_SET_SOP?USB_API
            CODE    3951H     0013H     UNIT         ?PR?WAITKEY?MAIN
            CODE    3964H     0011H     UNIT         ?PR?SD_INIT?MMC_SD
            CODE    3975H     000EH     UNIT         ?PR?GET_INTERRUPT_SOURCE?GET_INTERRUPT_SOURCE
            CODE    3983H     000CH     UNIT         ?PR?USBXCORE_CLKREC?USB_CLOCK_RECOVERY
            CODE    398FH     000BH     UNIT         ?PR?SPI_READBYTE?MMC_SD
            CODE    399AH     0009H     UNIT         ?PR?_WRITEONEDOT?LCD
            CODE    39A3H     0003H     UNIT         ?PR?SUSPEND_DEVICE?MAIN



OVERLAY MAP OF MODULE:   ILI9341V_TM22_4W1L (MAIN)


SEGMENT                                            PDATA_GROUP         XDATA_GROUP
  +--> CALLED SEGMENT                            START    LENGTH     START    LENGTH
------------------------------------------------------------------------------------
?PR?USB_API_TEST_ISR?MAIN                        0085H    0001H      -----    -----
  +--> ?PR?GET_INTERRUPT_SOURCE?GET_INTERRUP...
  +--> ?PR?_BLOCK_READ?BLOCK_READ
  +--> ?PR?SUSPEND_DEVICE?MAIN
  +--> ?PR?MCU_INIT?MAIN
  +--> ?PR?_?BLOCKWRITE?LCD

?PR?SUSPEND_DEVICE?MAIN                          -----    -----      -----    -----
  +--> ?PR?USB_SUSPEND?USB_SUSPEND

?PR?USB_SUSPEND?USB_SUSPEND                      -----    -----      -----    -----
  +--> ?PR?USB_CLOCK_START?USB_CLOCK_START

?PR?_?BLOCKWRITE?LCD                             -----    -----      -----    -----
  +--> ?PR?_WRITECOMM?LCD
  +--> ?PR?_WRITEDATA?LCD

?PR?_WRITECOMM?LCD                               008DH    0001H      -----    -----

?PR?_WRITEDATA?LCD                               008DH    0001H      -----    -----

*** NEW ROOT ***************************************************

?PR?USBXCORE_USB_ISR?USB_API                     -----    -----      -----    -----
BL51 BANKED LINKER/LOCATER V6.22                                                      05/22/2019  15:18:36  PAGE 5


  +--> ?PR?USBXCORE_USB_RESET?USB_API
  +--> ?PR?USBXCORE_HANDLE_SETUP?USB_API
  +--> ?PR?USBXCORE_JUMP_ISR?USB_JUMP_ISR

?PR?USBXCORE_HANDLE_SETUP?USB_API                -----    -----      -----    -----
  +--> ?PR?USBXCORE_GET_STATUS?USB_API
  +--> ?PR?USBXCORE_CLEAR_FEATURE?USB_API
  +--> ?PR?USBXCORE_VENDOR_USB_API?USB_API
  +--> ?PR?USBXCORE_SET_FEATURE?USB_API
  +--> ?PR?USBXCORE_SET_ADDRESS?USB_API
  +--> ?PR?USBXCORE_GET_DESCRIPTOR?USB_API
  +--> ?PR?USBXCORE_GET_CONFIGURATION?USB_API
  +--> ?PR?USBXCORE_SET_CONFIGURATION?USB_API
  +--> ?PR?USBXCORE_GET_INTERFACE?USB_API
  +--> ?PR?USBXCORE_SET_SOP?USB_API
  +--> ?PR?USBXCORE_FORCE_STALL?USB_API

?PR?USBXCORE_GET_STATUS?USB_API                  -----    -----      -----    -----
  +--> ?CO?USB_API
  +--> ?PR?USBXCORE_FORCE_STALL?USB_API
  +--> ?PR?USBXCORE_SET_SOP?USB_API

?PR?USBXCORE_CLEAR_FEATURE?USB_API               -----    -----      -----    -----
  +--> ?PR?USBXCORE_FORCE_STALL?USB_API
  +--> ?PR?USBXCORE_SET_SOP?USB_API

?PR?USBXCORE_VENDOR_USB_API?USB_API              -----    -----      -----    -----
  +--> ?PR?USBXCORE_SET_SOP?USB_API

?PR?USBXCORE_SET_FEATURE?USB_API                 -----    -----      -----    -----
  +--> ?PR?USBXCORE_FORCE_STALL?USB_API
  +--> ?PR?USBXCORE_SET_SOP?USB_API

?PR?USBXCORE_SET_ADDRESS?USB_API                 -----    -----      -----    -----
  +--> ?PR?USBXCORE_SET_SOP?USB_API

?PR?USBXCORE_GET_DESCRIPTOR?USB_API              -----    -----      -----    -----
  +--> ?PR?USBXCORE_FORCE_STALL?USB_API
  +--> ?PR?USBXCORE_SET_SOP?USB_API

?PR?USBXCORE_GET_CONFIGURATION?USB_API           -----    -----      -----    -----
  +--> ?CO?USB_API
  +--> ?PR?USBXCORE_SET_SOP?USB_API

?PR?USBXCORE_SET_CONFIGURATION?USB_API           -----    -----      -----    -----
  +--> ?PR?USBXCORE_SET_SOP?USB_API

?PR?USBXCORE_GET_INTERFACE?USB_API               -----    -----      -----    -----
  +--> ?CO?USB_API
  +--> ?PR?USBXCORE_SET_SOP?USB_API

*** NEW ROOT ***************************************************

?C_C51STARTUP                                    -----    -----      -----    -----
  +--> ?PR?MAIN?MAIN
  +--> ?C_INITSEG

BL51 BANKED LINKER/LOCATER V6.22                                                      05/22/2019  15:18:36  PAGE 6


?PR?MAIN?MAIN                                    0087H    0001H      -----    -----
  +--> ?PR?DEVICES_INIT?MAIN
  +--> ?PR?DISPFRAME?LCD
  +--> ?PR?DISPBAND?LCD
  +--> ?PR?DISPGRAYHOR16?LCD
  +--> ?PR?_DISPCOLOR?LCD
  +--> ?PR?TP_DRAWLINE?TP

?PR?DEVICES_INIT?MAIN                            -----    -----      -----    -----
  +--> ?PR?MCU_INIT?MAIN
  +--> ?PR?USB_CLOCK_START?USB_CLOCK_START
  +--> ?CO?MAIN
  +--> ?PR?_USB_INIT?USB_API
  +--> ?PR?USB_INT_ENABLE?USB_INT_ENABLE
  +--> ?PR?LCD_INIT?LCD

?PR?_USB_INIT?USB_API                            -----    -----      0328H    0011H
  +--> ?CO?USB_API
  +--> ?PR?USBXCORE_CLKREC?USB_CLOCK_RECOVERY

?PR?LCD_INIT?LCD                                 -----    -----      -----    -----
  +--> ?PR?READDATA?LCD
  +--> ?PR?_DELAY?MAIN
  +--> ?PR?_WRITECOMM?LCD
  +--> ?PR?_WRITEDATA?LCD

?PR?READDATA?LCD                                 -----    -----      -----    -----
  +--> ?PR?_LCD_READ_IC_ID?LCD

?PR?_LCD_READ_IC_ID?LCD                          0088H    0008H      -----    -----

?PR?DISPFRAME?LCD                                0088H    0002H      -----    -----
  +--> ?PR?_?BLOCKWRITE?LCD
  +--> ?PR?_WRITEDISPDATA?LCD

?PR?DISPBAND?LCD                                 0088H    0005H      -----    -----
  +--> ?PR?_?BLOCKWRITE?LCD
  +--> ?PR?_WRITEDISPDATA?LCD

?PR?DISPGRAYHOR16?LCD                            0088H    0004H      -----    -----
  +--> ?PR?_?BLOCKWRITE?LCD
  +--> ?PR?_WRITEDISPDATA?LCD

?PR?_DISPCOLOR?LCD                               0088H    0004H      -----    -----
  +--> ?PR?_?BLOCKWRITE?LCD
  +--> ?PR?_WRITEDISPDATA?LCD

?PR?TP_DRAWLINE?TP                               -----    -----      0328H    0018H
  +--> ?PR?_DISPCOLOR?LCD
  +--> ?PR?_DELAY?MAIN
  +--> ?PR?_TP_GETPOSITION?TP
  +--> ?PR?_PUTPIXEL?LCD

?PR?_TP_GETPOSITION?TP                           -----    -----      0340H    001BH
  +--> ?PR?_TP_WRITE?TP
  +--> ?PR?TP_READ?TP

BL51 BANKED LINKER/LOCATER V6.22                                                      05/22/2019  15:18:36  PAGE 7


?PR?_TP_WRITE?TP                                 -----    -----      035BH    0001H

?PR?TP_READ?TP                                   -----    -----      035BH    0005H

?PR?_PUTPIXEL?LCD                                0088H    0002H      -----    -----
  +--> ?PR?_?BLOCKWRITE?LCD
  +--> ?PR?_WRITEDISPDATA?LCD



SYMBOL TABLE OF MODULE:  ILI9341V_TM22_4W1L (MAIN)

  VALUE           TYPE          NAME
  ----------------------------------

  -------         MODULE        MAIN
  C:0000H         SYMBOL        _ICE_DUMMY_
  D:0080H         PUBLIC        P0
  X:0009H         PUBLIC        f_down
  D:0090H         PUBLIC        P1
  D:00A0H         PUBLIC        P2
  D:00B0H         PUBLIC        P3
  C:3638H         PUBLIC        USB_MaxPower
  B:00B0H.6       PUBLIC        KEY_STEP
  D:00A4H         PUBLIC        P0MDOUT
  D:00A5H         PUBLIC        P1MDOUT
  D:00A6H         PUBLIC        P2MDOUT
  D:00A7H         PUBLIC        P3MDOUT
  D:00AEH         PUBLIC        P4MDOUT
  B:0080H.6       PUBLIC        OE
  D:00D9H         PUBLIC        PCA0MD
  C:1F49H         PUBLIC        USB_API_TEST_ISR
  C:39A3H         PUBLIC        Suspend_Device
  C:359CH         PUBLIC        _StopDelay
  D:00E1H         PUBLIC        XBR0
  D:00E2H         PUBLIC        XBR1
  B:00B0H.1       PUBLIC        RS
  C:38DDH         PUBLIC        main
  X:000AH         PUBLIC        VerifyCode0
  X:000BH         PUBLIC        VerifyCode1
  C:3602H         PUBLIC        USB_PID
  X:000CH         PUBLIC        VerifyCode2
  D:00F1H         PUBLIC        P0MDIN
  D:00F2H         PUBLIC        P1MDIN
  C:3604H         PUBLIC        USB_MfrStr
  D:00F4H         PUBLIC        P3MDIN
  C:3600H         PUBLIC        USB_VID
  D:00F8H         PUBLIC        SPI0CN
  X:000DH         PUBLIC        pic
  C:3316H         PUBLIC        Devices_Init
  C:008EH         PUBLIC        ConnToUSB
  D:00A9H         PUBLIC        CLKSEL
  D:00B2H         PUBLIC        OSCICN
  C:3639H         PUBLIC        USB_PwAttributes
  C:3951H         PUBLIC        WaitKey
  C:363CH         SYMBOL        _?ix1000
  B:00B0H.0       PUBLIC        CS0
BL51 BANKED LINKER/LOCATER V6.22                                                      05/22/2019  15:18:36  PAGE 8


  X:000EH         PUBLIC        bf
  C:363AH         PUBLIC        USB_bcdDevice
  D:00B9H         PUBLIC        CLKMUL
  X:0010H         PUBLIC        f_debug
  X:0011H         PUBLIC        sd
  X:02E8H         PUBLIC        Packet
  C:3684H         PUBLIC        MCU_Init
  B:0080H.7       PUBLIC        DIR
  D:00EFH         PUBLIC        RSTSRC
  X:0015H         PUBLIC        f_read
  C:362EH         PUBLIC        USB_SerialStr
  X:0016H         PUBLIC        f_other
  C:361EH         PUBLIC        USB_ProductStr
  X:0017H         PUBLIC        f_para
  D:00A1H         PUBLIC        SPI0CFG
  C:38A1H         PUBLIC        _Delay
  B:00B0H.7       PUBLIC        KEY_Stop
  X:0018H         PUBLIC        f_init
  -------         PROC          MAIN
  -------         DO            
  X:0087H         SYMBOL        n
  -------         ENDDO         
  C:38DDH         LINE#         40
  C:38DDH         LINE#         41
  C:38DDH         LINE#         46
  C:38E0H         LINE#         48
  C:38E3H         LINE#         49
  C:38E3H         LINE#         67
  C:38E6H         LINE#         72
  C:38E9H         LINE#         73
  C:38ECH         LINE#         74
  C:38F2H         LINE#         80
  C:38F5H         LINE#         82
  C:38F7H         LINE#         83
  -------         ENDPROC       MAIN
  -------         PROC          _DELAY
  D:0006H         SYMBOL        dly
  -------         DO            
  D:0004H         SYMBOL        i
  D:0002H         SYMBOL        j
  -------         ENDDO         
  C:38A1H         LINE#         86
  C:38A1H         LINE#         87
  C:38A1H         LINE#         90
  C:38ABH         LINE#         91
  C:38BFH         LINE#         92
  -------         ENDPROC       _DELAY
  -------         PROC          _STOPDELAY
  X:0000H         SYMBOL        sdly
  -------         DO            
  D:0006H         SYMBOL        i
  D:0004H         SYMBOL        j
  X:0002H         SYMBOL        k
  -------         ENDDO         
  C:359CH         LINE#         94
  C:35A3H         LINE#         95
  C:35A3H         LINE#         97
BL51 BANKED LINKER/LOCATER V6.22                                                      05/22/2019  15:18:36  PAGE 9


  C:35A8H         LINE#         98
  C:35A8H         LINE#         99
  C:35ABH         LINE#         100
  C:35ABH         LINE#         101
  C:35B8H         LINE#         102
  C:35CCH         LINE#         103
  C:35CCH         LINE#         105
  C:35CCH         LINE#         106
  C:35D6H         LINE#         107
  C:35D6H         LINE#         108
  C:35ECH         LINE#         109
  -------         ENDPROC       _STOPDELAY
  -------         PROC          WAITKEY
  C:3951H         LINE#         138
  C:3951H         LINE#         139
  C:3951H         LINE#         141
  C:3954H         LINE#         142
  C:3954H         LINE#         144
  C:3957H         LINE#         146
  C:3959H         LINE#         147
  C:3960H         LINE#         148
  C:3963H         LINE#         150
  -------         ENDPROC       WAITKEY
  -------         PROC          CONNTOUSB
  -------         DO            
  X:0004H         SYMBOL        i
  X:0290H         SYMBOL        reg_data
  X:02A8H         SYMBOL        para_data
  D:0007H         SYMBOL        dat
  X:0005H         SYMBOL        reg_index
  X:0007H         SYMBOL        data_num
  X:0008H         SYMBOL        st
  -------         ENDDO         
  C:008EH         LINE#         155
  C:008EH         LINE#         156
  C:008EH         LINE#         163
  C:00A1H         LINE#         165
  C:00A9H         LINE#         166
  C:00A9H         LINE#         167
  C:00B7H         LINE#         168
  C:00B7H         LINE#         169
  C:00C8H         LINE#         170
  C:00C8H         LINE#         171
  C:00EEH         LINE#         172
  C:00F0H         LINE#         173
  C:0104H         LINE#         174
  C:0104H         LINE#         175
  C:012AH         LINE#         177
  C:012AH         LINE#         178
  C:012AH         LINE#         179
  C:012AH         LINE#         181
  C:012AH         LINE#         182
  C:0132H         LINE#         183
  C:013CH         LINE#         184
  C:0146H         LINE#         186
  C:0162H         LINE#         188
  C:016CH         LINE#         189
BL51 BANKED LINKER/LOCATER V6.22                                                      05/22/2019  15:18:36  PAGE 10


  C:016CH         LINE#         190
  C:017DH         LINE#         191
  C:017DH         LINE#         192
  C:018EH         LINE#         193
  C:018EH         LINE#         194
  C:01E1H         LINE#         195
  C:01E3H         LINE#         196
  C:01F9H         LINE#         197
  C:01F9H         LINE#         198
  C:024BH         LINE#         199
  C:024BH         LINE#         200
  C:024BH         LINE#         201
  C:024BH         LINE#         203
  C:024BH         LINE#         204
  C:0253H         LINE#         205
  C:0253H         LINE#         206
  C:025DH         LINE#         207
  C:0267H         LINE#         209
  C:026BH         LINE#         210
  C:026EH         LINE#         214
  C:0276H         LINE#         215
  C:0276H         LINE#         216
  C:0285H         LINE#         217
  C:0285H         LINE#         218
  C:0287H         LINE#         220
  C:0289H         LINE#         221
  C:02A5H         LINE#         222
  C:02A7H         LINE#         224
  C:02D0H         LINE#         225
  C:02F4H         LINE#         226
  C:02FEH         LINE#         227
  C:02FEH         LINE#         228
  C:0306H         LINE#         229
  C:030DH         LINE#         230
  C:0318H         LINE#         231
  C:031EH         LINE#         232
  C:031EH         LINE#         233
  C:0327H         LINE#         235
  C:032BH         LINE#         236
  C:0337H         LINE#         237
  C:033AH         LINE#         240
  C:0342H         LINE#         241
  C:0342H         LINE#         242
  C:034BH         LINE#         243
  C:034BH         LINE#         244
  C:035BH         LINE#         245
  C:035BH         LINE#         246
  C:035DH         LINE#         248
  C:035FH         LINE#         249
  C:037BH         LINE#         250
  C:037DH         LINE#         252
  C:03A6H         LINE#         253
  C:03CAH         LINE#         255
  C:03D4H         LINE#         256
  C:03D4H         LINE#         257
  C:03DCH         LINE#         258
  C:03E3H         LINE#         259
BL51 BANKED LINKER/LOCATER V6.22                                                      05/22/2019  15:18:36  PAGE 11


  C:03EEH         LINE#         260
  C:03F4H         LINE#         261
  C:03F4H         LINE#         263
  C:03FDH         LINE#         269
  C:03FDH         LINE#         270
  C:040AH         LINE#         271
  C:040AH         LINE#         272
  C:040CH         LINE#         274
  C:040EH         LINE#         275
  C:042AH         LINE#         276
  C:042CH         LINE#         278
  C:0434H         LINE#         279
  C:0438H         LINE#         280
  C:0444H         LINE#         281
  C:0444H         LINE#         282
  C:0447H         LINE#         285
  C:044FH         LINE#         286
  C:044FH         LINE#         287
  C:0460H         LINE#         288
  C:0460H         LINE#         289
  C:046DH         LINE#         290
  C:046DH         LINE#         291
  C:048BH         LINE#         292
  C:048DH         LINE#         293
  C:049DH         LINE#         294
  C:049DH         LINE#         295
  C:04BBH         LINE#         296
  C:04BDH         LINE#         297
  C:04CEH         LINE#         298
  C:04CEH         LINE#         299
  C:04D8H         LINE#         300
  C:04E2H         LINE#         301
  C:04E2H         LINE#         302
  C:04E2H         LINE#         303
  C:04E2H         LINE#         305
  C:04E2H         LINE#         306
  C:04EBH         LINE#         307
  C:04EFH         LINE#         308
  C:04FBH         LINE#         309
  C:04FEH         LINE#         312
  C:0506H         LINE#         313
  C:0506H         LINE#         314
  C:0513H         LINE#         315
  C:0524H         LINE#         317
  C:052DH         LINE#         318
  C:053CH         LINE#         320
  C:0544H         LINE#         321
  C:0544H         LINE#         322
  C:054DH         LINE#         323
  C:055CH         LINE#         324
  C:055CH         LINE#         325
  C:055FH         LINE#         326
  C:056EH         LINE#         327
  C:057AH         LINE#         328
  C:0580H         LINE#         329
  C:0580H         LINE#         331
  C:0584H         LINE#         332
BL51 BANKED LINKER/LOCATER V6.22                                                      05/22/2019  15:18:36  PAGE 12


  C:0593H         LINE#         334
  C:059AH         LINE#         335
  C:05B6H         LINE#         336
  C:05C0H         LINE#         337
  C:05C0H         LINE#         338
  C:05E6H         LINE#         339
  C:05F9H         LINE#         340
  C:05F9H         LINE#         341
  C:064BH         LINE#         342
  C:0653H         LINE#         343
  C:0653H         LINE#         344
  C:0653H         LINE#         347
  C:0658H         LINE#         348
  C:0658H         LINE#         349
  C:0665H         LINE#         350
  C:0676H         LINE#         352
  C:067CH         LINE#         353
  C:0680H         LINE#         354
  C:0683H         LINE#         355
  C:0687H         LINE#         357
  C:068BH         LINE#         358
  C:0697H         LINE#         359
  C:0699H         LINE#         360
  -------         ENDPROC       CONNTOUSB
  -------         PROC          MCU_INIT
  -------         DO            
  D:0007H         SYMBOL        n
  -------         ENDDO         
  C:3684H         LINE#         363
  C:3684H         LINE#         364
  C:3684H         LINE#         366
  C:3687H         LINE#         369
  C:368AH         LINE#         370
  C:368DH         LINE#         372
  C:3690H         LINE#         374
  C:3696H         LINE#         376
  C:3699H         LINE#         377
  C:369EH         LINE#         378
  C:36A1H         LINE#         380
  C:36A4H         LINE#         383
  C:36A7H         LINE#         384
  C:36AAH         LINE#         386
  C:36ADH         LINE#         387
  C:36B0H         LINE#         389
  C:36B3H         LINE#         390
  C:36B6H         LINE#         392
  C:36B9H         LINE#         393
  C:36BCH         LINE#         394
  C:36BEH         LINE#         395
  C:36C0H         LINE#         397
  C:36C3H         LINE#         398
  C:36C6H         LINE#         400
  -------         ENDPROC       MCU_INIT
  -------         PROC          DEVICES_INIT
  C:3316H         LINE#         402
  C:3316H         LINE#         403
  C:3316H         LINE#         405
BL51 BANKED LINKER/LOCATER V6.22                                                      05/22/2019  15:18:36  PAGE 13


  C:3319H         LINE#         408
  C:331CH         LINE#         409
  C:3376H         LINE#         410
  C:3379H         LINE#         413
  C:337CH         LINE#         414
  C:337FH         LINE#         422
  -------         ENDPROC       DEVICES_INIT
  -------         PROC          SUSPEND_DEVICE
  C:39A3H         LINE#         426
  C:39A3H         LINE#         427
  C:39A3H         LINE#         428
  -------         ENDPROC       SUSPEND_DEVICE
  -------         PROC          USB_API_TEST_ISR
  -------         DO            
  X:0085H         SYMBOL        INTVAL
  -------         ENDDO         
  C:1F49H         LINE#         432
  C:1F66H         LINE#         434
  C:1F6DH         LINE#         436
  C:1F73H         LINE#         437
  C:1F73H         LINE#         438
  C:1F7EH         LINE#         440
  C:1F9AH         LINE#         441
  C:1F9AH         LINE#         442
  C:1F9CH         LINE#         443
  C:1F9EH         LINE#         444
  C:1FB4H         LINE#         445
  C:1FB4H         LINE#         446
  C:1FB6H         LINE#         447
  C:1FB8H         LINE#         448
  C:1FD0H         LINE#         449
  C:1FD0H         LINE#         450
  C:1FD2H         LINE#         451
  C:1FD4H         LINE#         452
  C:1FEEH         LINE#         453
  C:1FEEH         LINE#         454
  C:1FF0H         LINE#         455
  C:1FF2H         LINE#         456
  C:2007H         LINE#         457
  C:2007H         LINE#         458
  C:2009H         LINE#         459
  C:200BH         LINE#         461
  C:200BH         LINE#         462
  C:2010H         LINE#         463
  C:2010H         LINE#         464
  C:2010H         LINE#         466
  C:2010H         LINE#         467
  C:2010H         LINE#         469
  C:2010H         LINE#         471
  C:2016H         LINE#         472
  C:2016H         LINE#         473
  C:2019H         LINE#         474
  C:2019H         LINE#         476
  C:201FH         LINE#         477
  C:201FH         LINE#         478
  C:2022H         LINE#         479
  C:2022H         LINE#         481
BL51 BANKED LINKER/LOCATER V6.22                                                      05/22/2019  15:18:36  PAGE 14


  C:2028H         LINE#         482
  C:2028H         LINE#         483
  C:2044H         LINE#         484
  C:2044H         LINE#         486
  C:204AH         LINE#         487
  C:204AH         LINE#         488
  C:204FH         LINE#         489
  C:206BH         LINE#         490
  C:206BH         LINE#         491
  -------         ENDPROC       USB_API_TEST_ISR
  -------         ENDMOD        MAIN

  -------         MODULE        MMC_SD
  C:0000H         SYMBOL        _ICE_DUMMY_
  D:00A2H         PUBLIC        SPI0CKR
  D:0080H         PUBLIC        P0
  D:0090H         PUBLIC        P1
  D:00A0H         PUBLIC        P2
  D:00B0H         PUBLIC        P3
  C:31BBH         PUBLIC        _MMC_SD_SendCommand
  C:3382H         PUBLIC        _MMC_SD_ReadSingleBlock
  C:3964H         PUBLIC        SD_Init
  C:30C8H         PUBLIC        _MMC_SD_WriteSingleBlock
  B:00F8H.7       PUBLIC        SPIF
  B:00F8H.2       PUBLIC        NSSMD0
  C:2794H         PUBLIC        MMC_SD_Reset
  D:00A9H         PUBLIC        CLKSEL
  C:398FH         PUBLIC        SPI_ReadByte
  C:391DH         PUBLIC        _SPI_WriteByte
  D:00A3H         PUBLIC        SPI0DAT
  X:0090H         PUBLIC        buffer
  C:3911H         SYMBOL        L?0062
  C:3916H         SYMBOL        L?0063
  -------         PROC          L?0061
  -------         ENDPROC       L?0061
  C:3911H         SYMBOL        L?0062
  C:3916H         SYMBOL        L?0063
  -------         PROC          _SPI_WRITEBYTE
  D:0007H         SYMBOL        val
  -------         DO            
  D:0007H         SYMBOL        ret
  -------         ENDDO         
  C:391DH         LINE#         7
  C:391DH         LINE#         8
  C:391DH         LINE#         11
  C:391FH         LINE#         12
  C:3922H         LINE#         13
  C:3924H         LINE#         14
  C:3926H         LINE#         15
  C:3926H         LINE#         16
  -------         ENDPROC       _SPI_WRITEBYTE
  -------         PROC          SPI_READBYTE
  -------         DO            
  D:0007H         SYMBOL        ret
  -------         ENDDO         
  C:398FH         LINE#         18
  C:398FH         LINE#         19
BL51 BANKED LINKER/LOCATER V6.22                                                      05/22/2019  15:18:36  PAGE 15


  C:398FH         LINE#         22
  C:3992H         LINE#         23
  C:3995H         LINE#         24
  C:3997H         LINE#         25
  C:3999H         LINE#         26
  C:3999H         LINE#         27
  -------         ENDPROC       SPI_READBYTE
  -------         PROC          _MMC_SD_SENDCOMMAND
  D:0006H         SYMBOL        cmd
  X:001AH         SYMBOL        arg
  -------         DO            
  D:0007H         SYMBOL        r1
  D:0003H         SYMBOL        retry
  -------         ENDDO         
  C:31BBH         LINE#         29
  C:31BDH         LINE#         30
  C:31BDH         LINE#         32
  C:31BFH         LINE#         34
  C:31BFH         LINE#         35
  C:31BFH         LINE#         36
  C:31C2H         LINE#         37
  C:31C2H         LINE#         38
  C:31C2H         LINE#         39
  C:31C5H         LINE#         41
  C:31C7H         LINE#         43
  C:31CEH         LINE#         44
  C:31E3H         LINE#         45
  C:31F8H         LINE#         46
  C:320DH         LINE#         47
  C:3217H         LINE#         48
  C:321CH         LINE#         50
  C:3224H         LINE#         51
  C:322DH         LINE#         53
  C:322FH         LINE#         55
  C:322FH         LINE#         56
  -------         ENDPROC       _MMC_SD_SENDCOMMAND
  -------         PROC          MMC_SD_RESET
  -------         DO            
  D:0005H         SYMBOL        i
  D:0002H         SYMBOL        retry
  D:0006H         SYMBOL        r1
  -------         ENDDO         
  C:2794H         LINE#         58
  C:2794H         LINE#         59
  C:2794H         LINE#         62
  C:2796H         LINE#         64
  C:2797H         LINE#         65
  C:279AH         LINE#         66
  C:279DH         LINE#         68
  C:279DH         LINE#         69
  C:27A9H         LINE#         70
  C:27B9H         LINE#         71
  C:27BAH         LINE#         72
  C:27C0H         LINE#         73
  C:27C4H         LINE#         75
  C:27C6H         LINE#         77
  C:27C6H         LINE#         79
BL51 BANKED LINKER/LOCATER V6.22                                                      05/22/2019  15:18:36  PAGE 16


  C:27C6H         LINE#         80
  C:27D6H         LINE#         81
  C:27D7H         LINE#         82
  C:27E0H         LINE#         83
  C:27E4H         LINE#         85
  C:27E6H         LINE#         86
  C:27F6H         LINE#         87
  C:27F7H         LINE#         88
  C:2800H         LINE#         89
  C:2803H         LINE#         91
  C:2806H         LINE#         92
  C:2806H         LINE#         93
  C:2808H         LINE#         95
  C:2808H         LINE#         96
  C:2818H         LINE#         97
  C:2819H         LINE#         98
  C:2822H         LINE#         99
  C:2825H         LINE#         100
  C:2825H         LINE#         101
  C:2835H         LINE#         103
  C:2843H         LINE#         104
  C:2846H         LINE#         105
  C:2849H         LINE#         106
  C:284AH         LINE#         107
  -------         ENDPROC       MMC_SD_RESET
  -------         PROC          _MMC_SD_READSINGLEBLOCK
  X:001EH         SYMBOL        sector
  -------         DO            
  D:0007H         SYMBOL        r1
  D:0004H         SYMBOL        i
  D:0002H         SYMBOL        retry
  -------         ENDDO         
  C:3382H         LINE#         109
  C:3387H         LINE#         110
  C:3387H         LINE#         113
  C:3389H         LINE#         115
  C:338CH         LINE#         117
  C:338CH         LINE#         118
  C:33A8H         LINE#         119
  C:33A9H         LINE#         120
  C:33B2H         LINE#         121
  C:33B5H         LINE#         124
  C:33B7H         LINE#         126
  C:33BDH         LINE#         128
  C:33C0H         LINE#         129
  C:33C0H         LINE#         130
  C:33CFH         LINE#         131
  C:33DCH         LINE#         133
  C:33DCH         LINE#         134
  C:33DFH         LINE#         136
  C:33E1H         LINE#         137
  C:33E4H         LINE#         138
  C:33E5H         LINE#         139
  -------         ENDPROC       _MMC_SD_READSINGLEBLOCK
  -------         PROC          _MMC_SD_WRITESINGLEBLOCK
  X:0022H         SYMBOL        sector
  -------         DO            
BL51 BANKED LINKER/LOCATER V6.22                                                      05/22/2019  15:18:36  PAGE 17


  D:0006H         SYMBOL        r1
  D:0004H         SYMBOL        i
  D:0002H         SYMBOL        retry
  -------         ENDDO         
  C:30C8H         LINE#         141
  C:30CDH         LINE#         142
  C:30CDH         LINE#         145
  C:30CFH         LINE#         147
  C:30D2H         LINE#         149
  C:30D2H         LINE#         150
  C:30F0H         LINE#         151
  C:30F1H         LINE#         152
  C:30FAH         LINE#         153
  C:30FDH         LINE#         157
  C:30FFH         LINE#         159
  C:3104H         LINE#         161
  C:3109H         LINE#         163
  C:310BH         LINE#         164
  C:310BH         LINE#         165
  C:311AH         LINE#         166
  C:3127H         LINE#         168
  C:3127H         LINE#         169
  C:3127H         LINE#         171
  C:312CH         LINE#         173
  C:3133H         LINE#         174
  C:3133H         LINE#         175
  C:3135H         LINE#         176
  C:3136H         LINE#         177
  C:3136H         LINE#         179
  C:313EH         LINE#         181
  C:3140H         LINE#         182
  C:3143H         LINE#         183
  C:3144H         LINE#         184
  -------         ENDPROC       _MMC_SD_WRITESINGLEBLOCK
  -------         PROC          SD_INIT
  -------         DO            
  D:0001H         SYMBOL        n
  -------         ENDDO         
  C:3964H         LINE#         187
  C:3964H         LINE#         188
  C:3964H         LINE#         189
  C:3966H         LINE#         191
  C:396CH         LINE#         192
  C:396CH         LINE#         193
  C:396DH         LINE#         194
  C:3974H         LINE#         196
  -------         ENDPROC       SD_INIT
  -------         ENDMOD        MMC_SD

  -------         MODULE        LCD
  C:0000H         SYMBOL        _ICE_DUMMY_
  D:0080H         PUBLIC        P0
  C:2A5FH         PUBLIC        DispFrame
  D:0090H         PUBLIC        P1
  C:2B09H         PUBLIC        DispScaleVer_Green
  D:00A0H         PUBLIC        P2
  D:00B0H         PUBLIC        P3
BL51 BANKED LINKER/LOCATER V6.22                                                      05/22/2019  15:18:36  PAGE 18


  C:1B26H         PUBLIC        DispBand
  C:373DH         PUBLIC        _WriteData
  C:069AH         PUBLIC        ascii
  C:1E07H         PUBLIC        _LCD_Read_IC_ID
  D:00A6H         PUBLIC        P2MDOUT
  C:0046H         PUBLIC        _DispColor
  C:2FBAH         PUBLIC        DispScaleVer_Blue
  C:2E9EH         PUBLIC        _DrawGird
  C:3042H         PUBLIC        _DrawLine
  B:00D0H.7       PUBLIC        CY
  C:3795H         PUBLIC        _WriteComm
  C:0018H         PUBLIC        _WriteDispData
  C:2E0BH         PUBLIC        DispScaleVer_Gray
  B:00B0H.1       PUBLIC        RS
  B:00A0H.1       PUBLIC        SPI_CLK
  C:2D78H         PUBLIC        DispScaleVer_Red
  C:21BDH         PUBLIC        DispScaleVer
  C:26F9H         PUBLIC        _DispOneChar
  C:3145H         PUBLIC        DispGrayHor32
  C:2C47H         PUBLIC        DispGrayHor16
  C:284BH         PUBLIC        _DispInt
  C:354AH         PUBLIC        _PutPixel
  D:00A9H         PUBLIC        CLKSEL
  B:0090H.6       PUBLIC        RD0
  B:00B0H.0       PUBLIC        CS0
  X:0083H         PUBLIC        LCM_ID
  C:1602H         PUBLIC        LCD_Init
  C:2CE2H         PUBLIC        _DispStr
  C:13DAH         PUBLIC        DispScaleHor1
  B:00A0H.0       PUBLIC        SPI_DI
  C:399AH         PUBLIC        _WriteOneDot
  C:17CAH         PUBLIC        DispScaleHor2
  C:2513H         PUBLIC        _DispPicFromSD
  B:0080H.7       PUBLIC        DIR
  C:33E6H         PUBLIC        _ToOrd
  B:0080H.5       PUBLIC        RST
  C:3927H         PUBLIC        ReadData
  C:2BC5H         PUBLIC        _?BlockWrite
  -------         PROC          _LCD_READ_IC_ID
  X:0088H         SYMBOL        ID
  D:0004H         SYMBOL        Bug
  D:0003H         SYMBOL        flog
  -------         DO            
  X:0089H         SYMBOL        id
  X:008BH         SYMBOL        id1
  X:008DH         SYMBOL        temp
  D:0005H         SYMBOL        i
  D:0007H         SYMBOL        dat
  D:0001H         SYMBOL        id2
  X:008FH         SYMBOL        id3
  -------         ENDDO         
  C:1E07H         LINE#         35
  C:1E0BH         LINE#         36
  C:1E0BH         LINE#         39
  C:1E14H         LINE#         40
  C:1E14H         LINE#         42
  C:1E17H         LINE#         43
BL51 BANKED LINKER/LOCATER V6.22                                                      05/22/2019  15:18:36  PAGE 19


  C:1E19H         LINE#         44
  C:1E1BH         LINE#         45
  C:1E1DH         LINE#         46
  C:1E1FH         LINE#         47
  C:1E1FH         LINE#         48
  C:1E21H         LINE#         49
  C:1E29H         LINE#         50
  C:1E2BH         LINE#         52
  C:1E2DH         LINE#         53
  C:1E31H         LINE#         54
  C:1E36H         LINE#         55
  C:1E39H         LINE#         58
  C:1E43H         LINE#         59
  C:1E43H         LINE#         60
  C:1E45H         LINE#         61
  C:1E45H         LINE#         62
  C:1E47H         LINE#         63
  C:1E49H         LINE#         64
  C:1E4BH         LINE#         65
  C:1E62H         LINE#         66
  C:1E64H         LINE#         67
  C:1E66H         LINE#         68
  C:1E6DH         LINE#         69
  C:1E77H         LINE#         70
  C:1E77H         LINE#         71
  C:1E79H         LINE#         72
  C:1E79H         LINE#         73
  C:1E7BH         LINE#         74
  C:1E7DH         LINE#         75
  C:1E7FH         LINE#         76
  C:1E96H         LINE#         77
  C:1E98H         LINE#         78
  C:1E9AH         LINE#         79
  C:1E9FH         LINE#         80
  C:1E9FH         LINE#         82
  C:1EA1H         LINE#         83
  C:1EA1H         LINE#         84
  C:1EA3H         LINE#         85
  C:1EA5H         LINE#         86
  C:1EA7H         LINE#         87
  C:1EBEH         LINE#         88
  C:1EC0H         LINE#         89
  C:1EC2H         LINE#         90
  C:1EC7H         LINE#         92
  C:1EC9H         LINE#         93
  C:1EC9H         LINE#         94
  C:1ECBH         LINE#         95
  C:1ECDH         LINE#         96
  C:1ECFH         LINE#         97
  C:1ED9H         LINE#         98
  C:1EDBH         LINE#         99
  C:1EDDH         LINE#         100
  C:1EE2H         LINE#         102
  C:1EE4H         LINE#         103
  C:1EE4H         LINE#         104
  C:1EE6H         LINE#         105
  C:1EE8H         LINE#         106
BL51 BANKED LINKER/LOCATER V6.22                                                      05/22/2019  15:18:36  PAGE 20


  C:1EEAH         LINE#         107
  C:1EF6H         LINE#         108
  C:1EF8H         LINE#         109
  C:1EFAH         LINE#         110
  C:1EFFH         LINE#         111
  C:1F02H         LINE#         112
  C:1F04H         LINE#         113
  C:1F06H         LINE#         114
  C:1F08H         LINE#         115
  C:1F0AH         LINE#         116
  C:1F0CH         LINE#         117
  C:1F0EH         LINE#         119
  C:1F12H         LINE#         120
  C:1F12H         LINE#         121
  C:1F22H         LINE#         123
  C:1F2DH         LINE#         124
  C:1F2DH         LINE#         125
  C:1F2DH         LINE#         127
  C:1F33H         LINE#         128
  C:1F33H         LINE#         129
  C:1F3FH         LINE#         130
  C:1F3FH         LINE#         132
  C:1F3FH         LINE#         133
  C:1F41H         LINE#         134
  C:1F48H         LINE#         135
  -------         ENDPROC       _LCD_READ_IC_ID
  -------         PROC          _WRITECOMM
  D:0004H         SYMBOL        i
  -------         DO            
  D:0003H         SYMBOL        j
  X:008DH         SYMBOL        DataH
  -------         ENDDO         
  C:3795H         LINE#         138
  C:3799H         LINE#         139
  C:3799H         LINE#         141
  C:379DH         LINE#         142
  C:379FH         LINE#         206
  C:379FH         LINE#         239
  C:37A1H         LINE#         240
  C:37A3H         LINE#         241
  C:37A3H         LINE#         242
  C:37A7H         LINE#         243
  C:37ABH         LINE#         245
  C:37ADH         LINE#         246
  C:37B4H         LINE#         247
  C:37B6H         LINE#         248
  C:37B8H         LINE#         250
  C:37BDH         LINE#         252
  C:37BDH         LINE#         255
  C:37BFH         LINE#         256
  -------         ENDPROC       _WRITECOMM
  -------         PROC          L?0452
  -------         ENDPROC       L?0452
  -------         PROC          _WRITEDATA
  D:0004H         SYMBOL        i
  -------         DO            
  D:0003H         SYMBOL        j
BL51 BANKED LINKER/LOCATER V6.22                                                      05/22/2019  15:18:36  PAGE 21


  X:008DH         SYMBOL        DataH
  -------         ENDDO         
  C:373DH         LINE#         258
  C:3741H         LINE#         259
  C:3741H         LINE#         261
  C:3745H         LINE#         262
  C:3747H         LINE#         402
  C:3747H         LINE#         433
  C:3749H         LINE#         434
  C:374BH         LINE#         435
  C:374BH         LINE#         436
  C:374FH         LINE#         437
  C:3753H         LINE#         439
  C:3755H         LINE#         440
  C:375CH         LINE#         441
  C:375EH         LINE#         442
  C:3760H         LINE#         444
  C:3765H         LINE#         446
  C:3765H         LINE#         449
  C:3767H         LINE#         450
  -------         ENDPROC       _WRITEDATA
  C:0003H         SYMBOL        L?0451
  -------         PROC          L?0450
  -------         ENDPROC       L?0450
  C:0003H         SYMBOL        L?0451
  -------         PROC          _WRITEDISPDATA
  D:0007H         SYMBOL        DataH
  D:0005H         SYMBOL        DataL
  -------         DO            
  D:0006H         SYMBOL        j
  -------         ENDDO         
  C:0018H         LINE#         452
  C:0018H         LINE#         453
  C:0018H         LINE#         455
  C:001AH         LINE#         529
  C:001AH         LINE#         530
  C:001CH         LINE#         531
  C:001EH         LINE#         532
  C:001EH         LINE#         533
  C:0022H         LINE#         534
  C:0024H         LINE#         535
  C:0026H         LINE#         536
  C:0028H         LINE#         537
  C:002DH         LINE#         539
  C:002FH         LINE#         540
  C:0031H         LINE#         541
  C:0031H         LINE#         542
  C:0035H         LINE#         543
  C:0037H         LINE#         544
  C:0039H         LINE#         545
  C:003BH         LINE#         546
  C:0040H         LINE#         571
  C:0040H         LINE#         574
  C:0042H         LINE#         575
  -------         ENDPROC       _WRITEDISPDATA
  -------         PROC          _WRITEONEDOT
  D:0004H         SYMBOL        color
BL51 BANKED LINKER/LOCATER V6.22                                                      05/22/2019  15:18:36  PAGE 22


  C:399AH         LINE#         577
  C:399EH         LINE#         578
  C:399EH         LINE#         592
  -------         ENDPROC       _WRITEONEDOT
  -------         PROC          LCD_INIT
  C:1602H         LINE#         600
  C:1602H         LINE#         601
  C:1602H         LINE#         602
  C:1605H         LINE#         605
  C:1607H         LINE#         606
  C:160EH         LINE#         608
  C:1610H         LINE#         609
  C:1617H         LINE#         611
  C:1619H         LINE#         612
  C:1620H         LINE#         2258
  C:1627H         LINE#         2259
  C:162CH         LINE#         2260
  C:1631H         LINE#         2261
  C:1636H         LINE#         2263
  C:163BH         LINE#         2264
  C:1640H         LINE#         2265
  C:1645H         LINE#         2266
  C:164AH         LINE#         2267
  C:164FH         LINE#         2269
  C:1654H         LINE#         2270
  C:1659H         LINE#         2271
  C:165EH         LINE#         2272
  C:1663H         LINE#         2274
  C:1668H         LINE#         2275
  C:166DH         LINE#         2276
  C:1672H         LINE#         2277
  C:1677H         LINE#         2278
  C:167CH         LINE#         2279
  C:1681H         LINE#         2281
  C:1686H         LINE#         2282
  C:168BH         LINE#         2284
  C:1690H         LINE#         2285
  C:1695H         LINE#         2286
  C:1698H         LINE#         2288
  C:169DH         LINE#         2289
  C:16A2H         LINE#         2291
  C:16A7H         LINE#         2292
  C:16ACH         LINE#         2294
  C:16B1H         LINE#         2295
  C:16B6H         LINE#         2296
  C:16BBH         LINE#         2298
  C:16C0H         LINE#         2299
  C:16C5H         LINE#         2301
  C:16CAH         LINE#         2302
  C:16CFH         LINE#         2304
  C:16D4H         LINE#         2305
  C:16D9H         LINE#         2307
  C:16DEH         LINE#         2308
  C:16E3H         LINE#         2309
  C:16E8H         LINE#         2311
  C:16EDH         LINE#         2312
  C:16F2H         LINE#         2313
BL51 BANKED LINKER/LOCATER V6.22                                                      05/22/2019  15:18:36  PAGE 23


  C:16F7H         LINE#         2315
  C:16FCH         LINE#         2316
  C:1701H         LINE#         2317
  C:1706H         LINE#         2319
  C:170BH         LINE#         2320
  C:1710H         LINE#         2322
  C:1715H         LINE#         2323
  C:171AH         LINE#         2325
  C:171FH         LINE#         2326
  C:1724H         LINE#         2327
  C:1729H         LINE#         2328
  C:172EH         LINE#         2329
  C:1733H         LINE#         2330
  C:1738H         LINE#         2331
  C:173DH         LINE#         2332
  C:1742H         LINE#         2333
  C:1747H         LINE#         2334
  C:174CH         LINE#         2335
  C:1751H         LINE#         2336
  C:1756H         LINE#         2337
  C:175BH         LINE#         2338
  C:1760H         LINE#         2339
  C:1765H         LINE#         2340
  C:176AH         LINE#         2342
  C:176FH         LINE#         2343
  C:1774H         LINE#         2344
  C:1779H         LINE#         2345
  C:177EH         LINE#         2346
  C:1783H         LINE#         2347
  C:1788H         LINE#         2348
  C:178DH         LINE#         2349
  C:1792H         LINE#         2350
  C:1797H         LINE#         2351
  C:179CH         LINE#         2352
  C:17A1H         LINE#         2353
  C:17A6H         LINE#         2354
  C:17AAH         LINE#         2355
  C:17AFH         LINE#         2356
  C:17B4H         LINE#         2357
  C:17B9H         LINE#         2359
  C:17BEH         LINE#         2360
  C:17C3H         LINE#         2361
  -------         ENDPROC       LCD_INIT
  C:2BACH         SYMBOL        L?0445
  C:2BB2H         SYMBOL        L?0446
  -------         PROC          L?0444
  -------         ENDPROC       L?0444
  C:2BACH         SYMBOL        L?0445
  C:2BB2H         SYMBOL        L?0446
  -------         PROC          _?BLOCKWRITE
  p:0000H         SYMBOL        Xstart
  p:0002H         SYMBOL        Xend
  p:0004H         SYMBOL        Ystart
  p:0006H         SYMBOL        Yend
  C:2BC5H         LINE#         4178
  C:2BE6H         LINE#         4279
  C:2BEDH         LINE#         4280
BL51 BANKED LINKER/LOCATER V6.22                                                      05/22/2019  15:18:36  PAGE 24


  C:2BF4H         LINE#         4281
  C:2BFCH         LINE#         4282
  C:2C07H         LINE#         4283
  C:2C11H         LINE#         4285
  C:2C16H         LINE#         4286
  C:2C20H         LINE#         4287
  C:2C27H         LINE#         4288
  C:2C31H         LINE#         4289
  C:2C38H         LINE#         4295
  C:2C3DH         LINE#         4298
  C:2C40H         LINE#         4302
  -------         ENDPROC       _?BLOCKWRITE
  -------         PROC          _DISPCOLOR
  D:0004H         SYMBOL        color
  -------         DO            
  X:0088H         SYMBOL        i
  D:0002H         SYMBOL        m
  X:008AH         SYMBOL        DataH
  X:008BH         SYMBOL        DataL
  -------         ENDDO         
  C:0046H         LINE#         4304
  C:0048H         LINE#         4305
  C:0048H         LINE#         4308
  C:004EH         LINE#         4310
  C:0051H         LINE#         4312
  C:0053H         LINE#         4313
  C:0059H         LINE#         4314
  C:0059H         LINE#         4315
  C:005CH         LINE#         4316
  C:005CH         LINE#         4317
  C:0066H         LINE#         4318
  C:0071H         LINE#         4319
  C:0087H         LINE#         4321
  C:0089H         LINE#         4322
  -------         ENDPROC       _DISPCOLOR
  -------         PROC          DISPFRAME
  -------         DO            
  D:0002H         SYMBOL        i
  X:0088H         SYMBOL        j
  D:0001H         SYMBOL        DataH
  D:0004H         SYMBOL        DataL
  -------         ENDDO         
  C:2A5FH         LINE#         4324
  C:2A5FH         LINE#         4325
  C:2A5FH         LINE#         4328
  C:2A62H         LINE#         4330
  C:2A64H         LINE#         4333
  C:2A6EH         LINE#         4336
  C:2A70H         LINE#         4337
  C:2A70H         LINE#         4339
  C:2A7BH         LINE#         4341
  C:2A86H         LINE#         4343
  C:2A90H         LINE#         4345
  C:2A96H         LINE#         4346
  C:2A96H         LINE#         4348
  C:2AA0H         LINE#         4350
  C:2AA3H         LINE#         4351
BL51 BANKED LINKER/LOCATER V6.22                                                      05/22/2019  15:18:36  PAGE 25


  C:2AA3H         LINE#         4353
  C:2AABH         LINE#         4355
  C:2AB6H         LINE#         4358
  C:2AC0H         LINE#         4360
  C:2AD6H         LINE#         4362
  C:2AE0H         LINE#         4364
  C:2AE3H         LINE#         4365
  C:2AE3H         LINE#         4367
  C:2AEEH         LINE#         4369
  C:2AF9H         LINE#         4371
  C:2B03H         LINE#         4374
  C:2B06H         LINE#         4375
  C:2B08H         LINE#         4376
  -------         ENDPROC       DISPFRAME
  -------         PROC          DISPBAND
  -------         DO            
  D:0002H         SYMBOL        i
  X:0088H         SYMBOL        j
  X:0089H         SYMBOL        k
  X:008AH         SYMBOL        m
  X:008BH         SYMBOL        n
  X:008CH         SYMBOL        x
  -------         ENDDO         
  C:1B26H         LINE#         4378
  C:1B26H         LINE#         4379
  C:1B26H         LINE#         4383
  C:1B2FH         LINE#         4384
  C:1B38H         LINE#         4385
  C:1B3AH         LINE#         4388
  C:1B42H         LINE#         4389
  C:1B50H         LINE#         4390
  C:1B50H         LINE#         4391
  C:1B6BH         LINE#         4392
  C:1B86H         LINE#         4393
  C:1BB2H         LINE#         4394
  C:1BB9H         LINE#         4395
  C:1BC8H         LINE#         4396
  C:1BC8H         LINE#         4397
  C:1BE3H         LINE#         4398
  C:1BFEH         LINE#         4399
  C:1C2AH         LINE#         4400
  C:1C31H         LINE#         4401
  C:1C47H         LINE#         4402
  C:1C47H         LINE#         4403
  C:1C62H         LINE#         4404
  C:1C7DH         LINE#         4405
  C:1CA9H         LINE#         4406
  C:1CB0H         LINE#         4407
  C:1CB2H         LINE#         4408
  C:1CB5H         LINE#         4409
  -------         ENDPROC       DISPBAND
  -------         PROC          _DISPPICFROMSD
  X:0026H         SYMBOL        PicNum
  -------         DO            
  X:0027H         SYMBOL        Address_S
  X:002BH         SYMBOL        Address_E
  D:0002H         SYMBOL        i
BL51 BANKED LINKER/LOCATER V6.22                                                      05/22/2019  15:18:36  PAGE 26


  X:002FH         SYMBOL        k
  -------         ENDDO         
  C:2513H         LINE#         4431
  C:2516H         LINE#         4432
  C:2516H         LINE#         4438
  C:2519H         LINE#         4441
  C:251BH         LINE#         4443
  C:251DH         LINE#         4445
  C:2526H         LINE#         4446
  C:2551H         LINE#         4447
  C:257AH         LINE#         4448
  C:259DH         LINE#         4449
  C:259DH         LINE#         4450
  C:25ADH         LINE#         4452
  C:25B6H         LINE#         4453
  C:25B6H         LINE#         4455
  C:25D1H         LINE#         4456
  C:25DAH         LINE#         4457
  C:25F9H         LINE#         4459
  C:25FBH         LINE#         4497
  -------         ENDPROC       _DISPPICFROMSD
  -------         PROC          DISPSCALEHOR1
  -------         DO            
  X:0033H         SYMBOL        i
  X:0035H         SYMBOL        j
  D:0002H         SYMBOL        k
  -------         ENDDO         
  C:13DAH         LINE#         4502
  C:13DAH         LINE#         4503
  C:13DAH         LINE#         4506
  C:13DDH         LINE#         4509
  C:13DFH         LINE#         4510
  C:13DFH         LINE#         4511
  C:1401H         LINE#         4512
  C:1407H         LINE#         4513
  C:1407H         LINE#         4514
  C:140DH         LINE#         4515
  C:140DH         LINE#         4516
  C:1422H         LINE#         4517
  C:1438H         LINE#         4518
  C:144EH         LINE#         4520
  C:1459H         LINE#         4523
  C:145CH         LINE#         4524
  C:145CH         LINE#         4525
  C:147EH         LINE#         4526
  C:1484H         LINE#         4527
  C:1484H         LINE#         4528
  C:148AH         LINE#         4529
  C:148AH         LINE#         4530
  C:14B5H         LINE#         4531
  C:14CBH         LINE#         4532
  C:14E1H         LINE#         4533
  C:14EFH         LINE#         4536
  C:14F2H         LINE#         4537
  C:14F2H         LINE#         4538
  C:1514H         LINE#         4539
  C:151AH         LINE#         4540
BL51 BANKED LINKER/LOCATER V6.22                                                      05/22/2019  15:18:36  PAGE 27


  C:151AH         LINE#         4541
  C:1520H         LINE#         4542
  C:1520H         LINE#         4543
  C:152AH         LINE#         4544
  C:1540H         LINE#         4545
  C:1556H         LINE#         4546
  C:1561H         LINE#         4549
  C:1564H         LINE#         4550
  C:1564H         LINE#         4551
  C:1586H         LINE#         4552
  C:158CH         LINE#         4553
  C:158CH         LINE#         4554
  C:1592H         LINE#         4555
  C:1592H         LINE#         4556
  C:15C5H         LINE#         4557
  C:15DBH         LINE#         4558
  C:15F1H         LINE#         4559
  C:15FFH         LINE#         4560
  C:1601H         LINE#         4561
  -------         ENDPROC       DISPSCALEHOR1
  -------         PROC          DISPSCALEVER
  -------         DO            
  X:0037H         SYMBOL        i
  X:0039H         SYMBOL        j
  D:0002H         SYMBOL        k
  -------         ENDDO         
  C:21BDH         LINE#         4563
  C:21BDH         LINE#         4564
  C:21BDH         LINE#         4633
  C:21C0H         LINE#         4635
  C:21C8H         LINE#         4636
  C:21C8H         LINE#         4637
  C:21CEH         LINE#         4638
  C:21CEH         LINE#         4639
  C:21D4H         LINE#         4640
  C:21EAH         LINE#         4641
  C:21F1H         LINE#         4643
  C:21F4H         LINE#         4644
  C:21F4H         LINE#         4646
  C:21FAH         LINE#         4647
  C:21FAH         LINE#         4649
  C:2200H         LINE#         4650
  C:2200H         LINE#         4651
  C:2212H         LINE#         4652
  C:2228H         LINE#         4654
  C:222EH         LINE#         4655
  C:222EH         LINE#         4656
  C:2256H         LINE#         4657
  C:226CH         LINE#         4659
  C:2272H         LINE#         4660
  C:2272H         LINE#         4661
  C:2279H         LINE#         4662
  C:228FH         LINE#         4664
  C:2295H         LINE#         4665
  C:2295H         LINE#         4666
  C:22A9H         LINE#         4667
  C:22BFH         LINE#         4669
BL51 BANKED LINKER/LOCATER V6.22                                                      05/22/2019  15:18:36  PAGE 28


  C:22D8H         LINE#         4671
  C:22E6H         LINE#         4673
  -------         ENDPROC       DISPSCALEVER
  -------         PROC          DISPSCALEVER_RED
  -------         DO            
  X:003BH         SYMBOL        i
  X:003DH         SYMBOL        j
  D:0002H         SYMBOL        k
  -------         ENDDO         
  C:2D78H         LINE#         4675
  C:2D78H         LINE#         4676
  C:2D78H         LINE#         4679
  C:2D7BH         LINE#         4681
  C:2D7DH         LINE#         4683
  C:2D7FH         LINE#         4686
  C:2D87H         LINE#         4687
  C:2D87H         LINE#         4688
  C:2D8DH         LINE#         4689
  C:2D8DH         LINE#         4690
  C:2D93H         LINE#         4691
  C:2DA9H         LINE#         4692
  C:2DB0H         LINE#         4694
  C:2DB3H         LINE#         4695
  C:2DB3H         LINE#         4696
  C:2DB9H         LINE#         4697
  C:2DB9H         LINE#         4699
  C:2DBFH         LINE#         4700
  C:2DBFH         LINE#         4701
  C:2DD1H         LINE#         4702
  C:2DE7H         LINE#         4703
  C:2DFDH         LINE#         4705
  C:2E08H         LINE#         4707
  C:2E0AH         LINE#         4708
  -------         ENDPROC       DISPSCALEVER_RED
  -------         PROC          DISPSCALEVER_GREEN
  -------         DO            
  X:003FH         SYMBOL        i
  X:0041H         SYMBOL        j
  D:0002H         SYMBOL        k
  -------         ENDDO         
  C:2B09H         LINE#         4710
  C:2B09H         LINE#         4711
  C:2B09H         LINE#         4714
  C:2B0CH         LINE#         4716
  C:2B0EH         LINE#         4717
  C:2B10H         LINE#         4720
  C:2B18H         LINE#         4721
  C:2B18H         LINE#         4722
  C:2B1EH         LINE#         4723
  C:2B1EH         LINE#         4724
  C:2B24H         LINE#         4726
  C:2B3AH         LINE#         4727
  C:2B41H         LINE#         4729
  C:2B44H         LINE#         4730
  C:2B44H         LINE#         4731
  C:2B4AH         LINE#         4732
  C:2B4AH         LINE#         4734
BL51 BANKED LINKER/LOCATER V6.22                                                      05/22/2019  15:18:36  PAGE 29


  C:2B50H         LINE#         4735
  C:2B50H         LINE#         4737
  C:2B71H         LINE#         4738
  C:2B87H         LINE#         4739
  C:2B9DH         LINE#         4741
  C:2BA8H         LINE#         4743
  C:2BAAH         LINE#         4744
  -------         ENDPROC       DISPSCALEVER_GREEN
  -------         PROC          DISPSCALEVER_BLUE
  -------         DO            
  X:0043H         SYMBOL        i
  X:0045H         SYMBOL        j
  D:0002H         SYMBOL        k
  -------         ENDDO         
  C:2FBAH         LINE#         4746
  C:2FBAH         LINE#         4747
  C:2FBAH         LINE#         4750
  C:2FBDH         LINE#         4752
  C:2FBFH         LINE#         4753
  C:2FC1H         LINE#         4756
  C:2FC9H         LINE#         4757
  C:2FC9H         LINE#         4758
  C:2FCFH         LINE#         4759
  C:2FCFH         LINE#         4760
  C:2FD5H         LINE#         4761
  C:2FEBH         LINE#         4762
  C:2FF2H         LINE#         4764
  C:2FF5H         LINE#         4765
  C:2FF5H         LINE#         4766
  C:2FFBH         LINE#         4767
  C:2FFBH         LINE#         4769
  C:3001H         LINE#         4770
  C:3001H         LINE#         4771
  C:3008H         LINE#         4772
  C:301EH         LINE#         4773
  C:3034H         LINE#         4775
  C:303FH         LINE#         4777
  C:3041H         LINE#         4778
  -------         ENDPROC       DISPSCALEVER_BLUE
  -------         PROC          DISPSCALEVER_GRAY
  -------         DO            
  X:0047H         SYMBOL        i
  X:0049H         SYMBOL        j
  D:0002H         SYMBOL        k
  -------         ENDDO         
  C:2E0BH         LINE#         4780
  C:2E0BH         LINE#         4781
  C:2E0BH         LINE#         4784
  C:2E0EH         LINE#         4786
  C:2E10H         LINE#         4791
  C:2E18H         LINE#         4792
  C:2E18H         LINE#         4793
  C:2E1EH         LINE#         4794
  C:2E1EH         LINE#         4795
  C:2E24H         LINE#         4797
  C:2E3AH         LINE#         4798
  C:2E41H         LINE#         4800
BL51 BANKED LINKER/LOCATER V6.22                                                      05/22/2019  15:18:36  PAGE 30


  C:2E44H         LINE#         4801
  C:2E44H         LINE#         4802
  C:2E4AH         LINE#         4803
  C:2E4AH         LINE#         4805
  C:2E50H         LINE#         4806
  C:2E50H         LINE#         4807
  C:2E64H         LINE#         4808
  C:2E7AH         LINE#         4809
  C:2E90H         LINE#         4811
  C:2E9BH         LINE#         4813
  C:2E9DH         LINE#         4814
  -------         ENDPROC       DISPSCALEVER_GRAY
  -------         PROC          DISPGRAYHOR16
  -------         DO            
  X:0088H         SYMBOL        i
  D:0002H         SYMBOL        j
  X:008AH         SYMBOL        k
  -------         ENDDO         
  C:2C47H         LINE#         4816
  C:2C47H         LINE#         4817
  C:2C47H         LINE#         4820
  C:2C4AH         LINE#         4822
  C:2C4CH         LINE#         4823
  C:2C4EH         LINE#         4825
  C:2C54H         LINE#         4826
  C:2C54H         LINE#         4827
  C:2C5DH         LINE#         4828
  C:2C5DH         LINE#         4829
  C:2C63H         LINE#         4830
  C:2C6AH         LINE#         4832
  C:2C6DH         LINE#         4833
  C:2C6DH         LINE#         4834
  C:2C73H         LINE#         4835
  C:2C73H         LINE#         4836
  C:2CA5H         LINE#         4837
  C:2CBBH         LINE#         4838
  C:2CC6H         LINE#         4839
  C:2CDFH         LINE#         4841
  C:2CE1H         LINE#         4842
  -------         ENDPROC       DISPGRAYHOR16
  -------         PROC          DISPGRAYHOR32
  -------         DO            
  X:004BH         SYMBOL        i
  D:0002H         SYMBOL        j
  X:004DH         SYMBOL        k
  -------         ENDDO         
  C:3145H         LINE#         4844
  C:3145H         LINE#         4845
  C:3145H         LINE#         4848
  C:3148H         LINE#         4850
  C:314AH         LINE#         4852
  C:3150H         LINE#         4853
  C:3150H         LINE#         4854
  C:3153H         LINE#         4855
  C:3153H         LINE#         4856
  C:3159H         LINE#         4857
  C:3164H         LINE#         4859
BL51 BANKED LINKER/LOCATER V6.22                                                      05/22/2019  15:18:36  PAGE 31


  C:3167H         LINE#         4860
  C:3167H         LINE#         4861
  C:316DH         LINE#         4862
  C:316DH         LINE#         4863
  C:3181H         LINE#         4864
  C:3197H         LINE#         4865
  C:31A2H         LINE#         4866
  C:31B8H         LINE#         4868
  C:31BAH         LINE#         4869
  -------         ENDPROC       DISPGRAYHOR32
  -------         PROC          DISPSCALEHOR2
  -------         DO            
  X:004FH         SYMBOL        j
  D:0002H         SYMBOL        k
  -------         ENDDO         
  C:17CAH         LINE#         4871
  C:17CAH         LINE#         4872
  C:17CAH         LINE#         4875
  C:17CDH         LINE#         4877
  C:17CFH         LINE#         4878
  C:17CFH         LINE#         4879
  C:17D5H         LINE#         4880
  C:17F2H         LINE#         4881
  C:17FDH         LINE#         4882
  C:1800H         LINE#         4883
  C:1800H         LINE#         4884
  C:1806H         LINE#         4885
  C:1823H         LINE#         4886
  C:182EH         LINE#         4887
  C:1831H         LINE#         4888
  C:1831H         LINE#         4889
  C:1837H         LINE#         4890
  C:1854H         LINE#         4891
  C:185FH         LINE#         4892
  C:1862H         LINE#         4893
  C:1862H         LINE#         4894
  C:1868H         LINE#         4895
  C:1885H         LINE#         4896
  C:1890H         LINE#         4897
  C:1893H         LINE#         4898
  C:1893H         LINE#         4899
  C:1899H         LINE#         4900
  C:18B6H         LINE#         4901
  C:18C1H         LINE#         4902
  C:18C4H         LINE#         4903
  C:18C4H         LINE#         4904
  C:18CAH         LINE#         4905
  C:18E7H         LINE#         4906
  C:18F2H         LINE#         4907
  C:18F5H         LINE#         4908
  C:18F5H         LINE#         4909
  C:18FBH         LINE#         4910
  C:1918H         LINE#         4911
  C:1923H         LINE#         4912
  C:1926H         LINE#         4913
  C:1926H         LINE#         4914
  C:192CH         LINE#         4915
BL51 BANKED LINKER/LOCATER V6.22                                                      05/22/2019  15:18:36  PAGE 32


  C:1948H         LINE#         4916
  C:1953H         LINE#         4917
  C:195CH         LINE#         4918
  C:195CH         LINE#         4919
  C:1962H         LINE#         4920
  C:197EH         LINE#         4921
  C:1985H         LINE#         4923
  -------         ENDPROC       DISPSCALEHOR2
  -------         PROC          _TOORD
  D:0007H         SYMBOL        ch
  C:33E6H         LINE#         5028
  C:33E6H         LINE#         5029
  C:33E6H         LINE#         5030
  C:33ECH         LINE#         5031
  C:33ECH         LINE#         5032
  C:33EEH         LINE#         5033
  C:33F0H         LINE#         5034
  C:33FCH         LINE#         5035
  C:33FCH         LINE#         5036
  C:3400H         LINE#         5037
  C:3402H         LINE#         5038
  C:340EH         LINE#         5039
  C:340EH         LINE#         5040
  C:3412H         LINE#         5041
  C:3414H         LINE#         5042
  C:3420H         LINE#         5043
  C:3420H         LINE#         5044
  C:3424H         LINE#         5045
  C:3426H         LINE#         5046
  C:3432H         LINE#         5047
  C:3432H         LINE#         5048
  C:3436H         LINE#         5049
  C:3438H         LINE#         5050
  C:343EH         LINE#         5051
  C:343EH         LINE#         5052
  C:3440H         LINE#         5053
  C:3440H         LINE#         5055
  C:3440H         LINE#         5056
  -------         ENDPROC       _TOORD
  C:26D1H         SYMBOL        L?0448
  C:26E9H         SYMBOL        L?0449
  -------         PROC          L?0447
  -------         ENDPROC       L?0447
  C:26D1H         SYMBOL        L?0448
  C:26E9H         SYMBOL        L?0449
  -------         PROC          _DISPONECHAR
  X:0051H         SYMBOL        ord
  D:0006H         SYMBOL        Xstart
  D:0002H         SYMBOL        Ystart
  X:0056H         SYMBOL        TextColor
  X:0058H         SYMBOL        BackColor
  -------         DO            
  X:005AH         SYMBOL        i
  D:0002H         SYMBOL        j
  X:005BH         SYMBOL        p
  D:0003H         SYMBOL        dat
  D:0006H         SYMBOL        index
BL51 BANKED LINKER/LOCATER V6.22                                                      05/22/2019  15:18:36  PAGE 33


  -------         ENDDO         
  C:26F9H         LINE#         5058
  C:2701H         LINE#         5059
  C:2701H         LINE#         5065
  C:271BH         LINE#         5067
  C:2721H         LINE#         5069
  C:2729H         LINE#         5070
  C:272BH         LINE#         5072
  C:2739H         LINE#         5074
  C:2746H         LINE#         5075
  C:274DH         LINE#         5077
  C:2751H         LINE#         5078
  C:2751H         LINE#         5079
  C:2766H         LINE#         5080
  C:2768H         LINE#         5081
  C:2768H         LINE#         5082
  C:2775H         LINE#         5083
  C:2775H         LINE#         5084
  C:2777H         LINE#         5085
  C:2779H         LINE#         5087
  C:2779H         LINE#         5088
  C:2783H         LINE#         5089
  C:2783H         LINE#         5090
  C:2788H         LINE#         5091
  C:2793H         LINE#         5092
  -------         ENDPROC       _DISPONECHAR
  -------         PROC          _DISPSTR
  X:005EH         SYMBOL        str
  X:0061H         SYMBOL        Xstart
  X:0063H         SYMBOL        Ystart
  X:0065H         SYMBOL        TextColor
  X:0067H         SYMBOL        BackColor
  C:2CE2H         LINE#         5094
  C:2CF2H         LINE#         5095
  C:2CF2H         LINE#         5097
  C:2D07H         LINE#         5098
  C:2D07H         LINE#         5099
  C:2D42H         LINE#         5101
  C:2D4EH         LINE#         5102
  C:2D4EH         LINE#         5103
  C:2D52H         LINE#         5104
  C:2D57H         LINE#         5105
  C:2D59H         LINE#         5107
  C:2D59H         LINE#         5108
  C:2D64H         LINE#         5109
  C:2D64H         LINE#         5111
  C:2D70H         LINE#         5112
  C:2D70H         LINE#         5113
  C:2D74H         LINE#         5114
  C:2D74H         LINE#         5115
  C:2D77H         LINE#         5117
  -------         ENDPROC       _DISPSTR
  -------         PROC          _DISPINT
  X:0069H         SYMBOL        i
  X:006BH         SYMBOL        Xstart
  X:006DH         SYMBOL        Ystart
  X:006FH         SYMBOL        TextColor
BL51 BANKED LINKER/LOCATER V6.22                                                      05/22/2019  15:18:36  PAGE 34


  X:0071H         SYMBOL        BackColor
  C:284BH         LINE#         5119
  C:2860H         LINE#         5120
  C:2860H         LINE#         5121
  C:2868H         LINE#         5122
  C:2868H         LINE#         5123
  C:286FH         LINE#         5124
  C:286FH         LINE#         5125
  C:287EH         LINE#         5126
  C:287EH         LINE#         5127
  C:2887H         LINE#         5128
  C:2887H         LINE#         5130
  C:2899H         LINE#         5131
  C:28A7H         LINE#         5132
  C:28C0H         LINE#         5133
  -------         ENDPROC       _DISPINT
  -------         PROC          READDATA
  C:3927H         LINE#         5141
  C:3927H         LINE#         5142
  C:3927H         LINE#         5162
  C:3939H         LINE#         5169
  C:393CH         LINE#         5170
  -------         ENDPROC       READDATA
  -------         PROC          _PUTPIXEL
  D:0006H         SYMBOL        x
  D:0004H         SYMBOL        y
  X:0088H         SYMBOL        color
  C:354AH         LINE#         5346
  C:3551H         LINE#         5347
  C:3551H         LINE#         5348
  C:356FH         LINE#         5349
  C:357BH         LINE#         5350
  C:3586H         LINE#         5351
  C:3591H         LINE#         5352
  -------         ENDPROC       _PUTPIXEL
  -------         PROC          _DRAWLINE
  X:0073H         SYMBOL        Xstart
  X:0075H         SYMBOL        Xend
  D:0082H         SYMBOL        Ystart
  X:0079H         SYMBOL        Yend
  X:007BH         SYMBOL        color
  -------         DO            
  X:007DH         SYMBOL        i
  D:0002H         SYMBOL        j
  -------         ENDDO         
  C:3042H         LINE#         5355
  C:3053H         LINE#         5356
  C:3053H         LINE#         5359
  C:306EH         LINE#         5361
  C:308EH         LINE#         5362
  C:308EH         LINE#         5363
  C:30A9H         LINE#         5364
  C:30A9H         LINE#         5365
[...]
  C:12F8H         LINE#         318
BL51 BANKED LINKER/LOCATER V6.22                                                      05/22/2019  15:18:36  PAGE 41


  C:12F8H         LINE#         319
  C:12FDH         LINE#         320
  C:1300H         LINE#         321
  C:130FH         LINE#         322
  C:130FH         LINE#         323
  C:1324H         LINE#         324
  C:1329H         LINE#         325
  C:1331H         LINE#         326
  C:133BH         LINE#         327
  C:1349H         LINE#         328
  C:1357H         LINE#         329
  C:1359H         LINE#         331
  C:1359H         LINE#         332
  C:135EH         LINE#         333
  C:1361H         LINE#         334
  C:1379H         LINE#         335
  C:1379H         LINE#         336
  C:1392H         LINE#         337
  C:1397H         LINE#         338
  C:139FH         LINE#         339
  C:13A6H         LINE#         340
  C:13ABH         LINE#         341
  C:13ABH         LINE#         342
  C:13BFH         LINE#         343
  C:13BFH         LINE#         344
  C:13C6H         LINE#         345
  C:13CBH         LINE#         346
  C:13CBH         LINE#         347
  C:13D9H         LINE#         348
  C:13D9H         LINE#         349
  -------         ENDPROC       USBXCORE_HANDLE_SETUP
  -------         PROC          USBXCORE_FORCE_STALL
  C:38C0H         LINE#         356
  C:38C0H         LINE#         358
  C:38CBH         LINE#         359
  C:38D6H         LINE#         360
  C:38DCH         LINE#         361
  -------         ENDPROC       USBXCORE_FORCE_STALL
  -------         PROC          USBXCORE_GET_STATUS
  C:32A3H         LINE#         367
  C:32A3H         LINE#         369
  C:32B2H         LINE#         370
  C:32B2H         LINE#         371
  C:32B2H         LINE#         372
  C:32B2H         LINE#         373
  C:32B2H         LINE#         374
  C:32B4H         LINE#         375
  C:32B4H         LINE#         379
  C:32B4H         LINE#         381
  C:32C2H         LINE#         385
  C:32C2H         LINE#         386
  C:32C2H         LINE#         387
  C:32C2H         LINE#         388
  C:32C4H         LINE#         390
  C:32C4H         LINE#         392
  C:32D2H         LINE#         396
  C:32D2H         LINE#         397
BL51 BANKED LINKER/LOCATER V6.22                                                      05/22/2019  15:18:36  PAGE 42


  C:32DFH         LINE#         398
  C:32DFH         LINE#         399
  C:32E1H         LINE#         401
  C:32E1H         LINE#         402
  C:32EFH         LINE#         403
  C:32F8H         LINE#         404
  C:32F8H         LINE#         405
  C:32F8H         LINE#         406
  C:32FAH         LINE#         407
  C:32FAH         LINE#         408
  C:32FDH         LINE#         409
  C:32FDH         LINE#         410
  C:32FDH         LINE#         411
  C:3305H         LINE#         412
  C:3305H         LINE#         413
  C:3308H         LINE#         414
  C:330EH         LINE#         415
  C:3315H         LINE#         416
  C:3315H         LINE#         417
  -------         ENDPROC       USBXCORE_GET_STATUS
  -------         PROC          USBXCORE_CLEAR_FEATURE
  C:349BH         LINE#         423
  C:349BH         LINE#         425
  C:34A1H         LINE#         426
  C:34A1H         LINE#         428
  C:34A8H         LINE#         429
  C:34A8H         LINE#         430
  C:34B3H         LINE#         436
  C:34BEH         LINE#         437
  C:34C3H         LINE#         438
  C:34C5H         LINE#         440
  C:34C5H         LINE#         442
  C:34D0H         LINE#         446
  C:34DBH         LINE#         447
  C:34E0H         LINE#         448
  C:34E0H         LINE#         449
  C:34E2H         LINE#         451
  C:34E2H         LINE#         452
  C:34E5H         LINE#         453
  C:34E5H         LINE#         454
  C:34F0H         LINE#         455
  -------         ENDPROC       USBXCORE_CLEAR_FEATURE
  -------         PROC          USBXCORE_VENDOR_USB_API
  C:25FCH         LINE#         462
  C:25FCH         LINE#         464
  C:2606H         LINE#         465
  C:2606H         LINE#         466
  C:260DH         LINE#         467
  C:260DH         LINE#         468
  C:2610H         LINE#         469
  C:2613H         LINE#         470
  C:2615H         LINE#         472
  C:2615H         LINE#         473
  C:261CH         LINE#         474
  C:261CH         LINE#         477
  C:2627H         LINE#         482
  C:2632H         LINE#         483
BL51 BANKED LINKER/LOCATER V6.22                                                      05/22/2019  15:18:36  PAGE 43


  C:263DH         LINE#         485
  C:263DH         LINE#         486
  C:2650H         LINE#         487
  C:2650H         LINE#         488
  C:2654H         LINE#         489
  C:265FH         LINE#         491
  C:265FH         LINE#         492
  C:2672H         LINE#         493
  C:2672H         LINE#         494
  C:2676H         LINE#         495
  C:2681H         LINE#         497
  C:2687H         LINE#         498
  C:268FH         LINE#         499
  C:268FH         LINE#         500
  C:2692H         LINE#         501
  C:2692H         LINE#         502
  C:2692H         LINE#         503
  C:269DH         LINE#         504
  C:269DH         LINE#         505
  C:26A3H         LINE#         506
  C:26AAH         LINE#         507
  C:26AAH         LINE#         508
  C:26AEH         LINE#         509
  C:26AEH         LINE#         510
  C:26B4H         LINE#         511
  C:26BBH         LINE#         512
  C:26BBH         LINE#         513
  C:26C6H         LINE#         514
  -------         ENDPROC       USBXCORE_VENDOR_USB_API
  -------         PROC          USBXCORE_SET_FEATURE
  C:34F3H         LINE#         521
  C:34F3H         LINE#         523
  C:34F9H         LINE#         524
  C:34F9H         LINE#         526
  C:3500H         LINE#         527
  C:3500H         LINE#         528
  C:350BH         LINE#         534
  C:3516H         LINE#         535
  C:3519H         LINE#         536
  C:351BH         LINE#         538
  C:351BH         LINE#         540
  C:3526H         LINE#         544
  C:3531H         LINE#         545
  C:3537H         LINE#         546
  C:3537H         LINE#         548
  C:3539H         LINE#         550
  C:3539H         LINE#         551
  C:353CH         LINE#         552
  C:353CH         LINE#         553
  C:3547H         LINE#         554
  -------         ENDPROC       USBXCORE_SET_FEATURE
  -------         PROC          USBXCORE_SET_ADDRESS
  C:3881H         LINE#         561
  C:3881H         LINE#         563
  C:3890H         LINE#         564
  C:3896H         LINE#         565
  C:3896H         LINE#         566
BL51 BANKED LINKER/LOCATER V6.22                                                      05/22/2019  15:18:36  PAGE 44


  C:3899H         LINE#         567
  C:389BH         LINE#         569
  C:389BH         LINE#         570
  C:389EH         LINE#         571
  C:389EH         LINE#         572
  -------         ENDPROC       USBXCORE_SET_ADDRESS
  -------         PROC          USBXCORE_GET_DESCRIPTOR
  C:28FEH         LINE#         579
  C:28FEH         LINE#         580
  C:290DH         LINE#         581
  C:290DH         LINE#         582
  C:290DH         LINE#         583
  C:291BH         LINE#         584
  C:291FH         LINE#         585
  C:2921H         LINE#         586
  C:2921H         LINE#         587
  C:292FH         LINE#         588
  C:2942H         LINE#         589
  C:2944H         LINE#         590
  C:2944H         LINE#         591
  C:2968H         LINE#         592
  C:2974H         LINE#         593
  C:2976H         LINE#         594
  C:2976H         LINE#         595
  C:2979H         LINE#         596
  C:2979H         LINE#         597
  C:2979H         LINE#         598
  C:298FH         LINE#         599
  C:298FH         LINE#         600
  C:2997H         LINE#         601
  C:2997H         LINE#         602
  C:299FH         LINE#         603
  C:299FH         LINE#         604
  C:29A2H         LINE#         605
  C:29A8H         LINE#         606
  C:29AFH         LINE#         607
  C:29AFH         LINE#         608
  -------         ENDPROC       USBXCORE_GET_DESCRIPTOR
  -------         PROC          USBXCORE_GET_CONFIGURATION
  C:363DH         LINE#         614
  C:363DH         LINE#         616
  C:3645H         LINE#         617
  C:3645H         LINE#         618
  C:3651H         LINE#         619
  C:3659H         LINE#         620
  C:3659H         LINE#         621
  C:365DH         LINE#         622
  C:365DH         LINE#         623
  C:366BH         LINE#         624
  C:3673H         LINE#         625
  C:3673H         LINE#         626
  C:3676H         LINE#         627
  C:367CH         LINE#         628
  C:3683H         LINE#         629
  -------         ENDPROC       USBXCORE_GET_CONFIGURATION
  -------         PROC          USBXCORE_SET_CONFIGURATION
  C:3441H         LINE#         635
BL51 BANKED LINKER/LOCATER V6.22                                                      05/22/2019  15:18:36  PAGE 45


  C:3441H         LINE#         637
  C:344AH         LINE#         638
  C:344AH         LINE#         639
  C:3451H         LINE#         640
  C:3457H         LINE#         641
  C:345CH         LINE#         642
  C:345EH         LINE#         644
  C:3469H         LINE#         645
  C:3474H         LINE#         646
  C:347FH         LINE#         653
  C:348AH         LINE#         654
  C:348CH         LINE#         656
  C:348CH         LINE#         657
  C:3492H         LINE#         658
  C:3496H         LINE#         659
  C:3498H         LINE#         660
  C:3498H         LINE#         661
  -------         ENDPROC       USBXCORE_SET_CONFIGURATION
  -------         PROC          USBXCORE_GET_INTERFACE
  C:3812H         LINE#         668
  C:3812H         LINE#         670
  C:3820H         LINE#         671
  C:3828H         LINE#         672
  C:382BH         LINE#         673
  C:3831H         LINE#         674
  C:3838H         LINE#         675
  -------         ENDPROC       USBXCORE_GET_INTERFACE
  -------         PROC          USBXCORE_SET_SOP
  C:393DH         LINE#         682
  C:393DH         LINE#         684
  C:3945H         LINE#         685
  C:3945H         LINE#         686
  C:3950H         LINE#         687
  C:3950H         LINE#         688
  -------         ENDPROC       USBXCORE_SET_SOP
  -------         PROC          USBXCORE_USB_ISR
  C:1CB6H         LINE#         699
  C:1CD3H         LINE#         702
  C:1CD9H         LINE#         703
  C:1CECH         LINE#         706
  C:1CFFH         LINE#         709
  C:1D03H         LINE#         710
  C:1D03H         LINE#         711
  C:1D0EH         LINE#         712
  C:1D0EH         LINE#         714
  C:1D15H         LINE#         715
  C:1D15H         LINE#         716
  C:1D18H         LINE#         717
  C:1D18H         LINE#         719
  C:1D1FH         LINE#         720
  C:1D1FH         LINE#         721
  C:1D2CH         LINE#         722
  C:1D2CH         LINE#         723
  C:1D33H         LINE#         724
  C:1D33H         LINE#         725
  C:1D33H         LINE#         727
  C:1D33H         LINE#         728
BL51 BANKED LINKER/LOCATER V6.22                                                      05/22/2019  15:18:36  PAGE 46


  C:1D33H         LINE#         730
  C:1D33H         LINE#         732
  C:1D46H         LINE#         734
  C:1D4AH         LINE#         735
  C:1D4AH         LINE#         736
  C:1D4DH         LINE#         737
  C:1D4DH         LINE#         740
  C:1D54H         LINE#         741
  C:1D54H         LINE#         742
  C:1D5FH         LINE#         748
  C:1D72H         LINE#         749
  C:1D77H         LINE#         750
  C:1D77H         LINE#         751
  C:1D7EH         LINE#         752
  C:1D7EH         LINE#         754
  C:1D7EH         LINE#         756
  C:1D91H         LINE#         759
  C:1D95H         LINE#         760
  C:1D95H         LINE#         761
  C:1DA0H         LINE#         767
  C:1DB3H         LINE#         768
  C:1DB7H         LINE#         769
  C:1DB7H         LINE#         770
  C:1DBEH         LINE#         771
  C:1DBEH         LINE#         772
  C:1DBEH         LINE#         775
  C:1DCCH         LINE#         776
  C:1DD1H         LINE#         777
  C:1DD7H         LINE#         778
  C:1DDCH         LINE#         781
  C:1DE9H         LINE#         782
  C:1DE9H         LINE#         783
  C:1DECH         LINE#         784
  C:1DECH         LINE#         785
  -------         ENDPROC       USBXCORE_USB_ISR
  -------         ENDMOD        USB_API

  -------         MODULE        USB_SUSPEND
  C:0000H         SYMBOL        _ICE_DUMMY_
  D:00D7H         PUBLIC        USB0XCN
  D:00C9H         PUBLIC        REG0CN
  C:37C0H         PUBLIC        USB_Suspend
  D:00A9H         PUBLIC        CLKSEL
  D:00B2H         PUBLIC        OSCICN
  D:00B9H         PUBLIC        CLKMUL
  -------         PROC          USB_SUSPEND
  C:37C0H         LINE#         70
  C:37C0H         LINE#         72
  C:37C3H         LINE#         74
  C:37C6H         LINE#         76
  C:37CEH         LINE#         79
  C:37D1H         LINE#         80
  C:37D4H         LINE#         81
  C:37D7H         LINE#         82
  C:37DAH         LINE#         84
  C:37DBH         LINE#         86
  C:37DEH         LINE#         88
BL51 BANKED LINKER/LOCATER V6.22                                                      05/22/2019  15:18:36  PAGE 47


  C:37E4H         LINE#         92
  C:37E7H         LINE#         94
  C:37EAH         LINE#         95
  -------         ENDPROC       USB_SUSPEND
  -------         ENDMOD        USB_SUSPEND

  -------         MODULE        USB_INT_ENABLE
  C:0000H         SYMBOL        _ICE_DUMMY_
  C:38F8H         PUBLIC        USB_Int_Enable
  D:0096H         PUBLIC        USB0ADR
  D:0097H         PUBLIC        USB0DAT
  -------         PROC          USB_INT_ENABLE
  C:38F8H         LINE#         68
  C:38F8H         LINE#         71
  C:38FFH         LINE#         73
  C:3905H         LINE#         74
  C:3905H         LINE#         75
  C:3910H         LINE#         77
  C:3910H         LINE#         78
  -------         ENDPROC       USB_INT_ENABLE
  -------         ENDMOD        USB_INT_ENABLE

  -------         MODULE        USB_CLOCK_RECOVERY
  C:0000H         SYMBOL        _ICE_DUMMY_
  C:3983H         PUBLIC        USBXcore_ClkRec
  D:0096H         PUBLIC        USB0ADR
  D:0097H         PUBLIC        USB0DAT
  -------         PROC          USBXCORE_CLKREC
  C:3983H         LINE#         45
  C:3983H         LINE#         47
  C:398EH         LINE#         48
  -------         ENDPROC       USBXCORE_CLKREC
  -------         ENDMOD        USB_CLOCK_RECOVERY

  -------         MODULE        ?C?FPMUL
  C:0C9AH         PUBLIC        ?C?FPMUL
  -------         ENDMOD        ?C?FPMUL

  -------         MODULE        ?C?FCAST
  C:0DAAH         PUBLIC        ?C?FCASTC
  C:0DA5H         PUBLIC        ?C?FCASTI
  C:0DA0H         PUBLIC        ?C?FCASTL
  -------         ENDMOD        ?C?FCAST

  -------         MODULE        ?C?CASTF
  C:0DDEH         PUBLIC        ?C?CASTF
  -------         ENDMOD        ?C?CASTF

  -------         MODULE        ?C?COPY
  C:0F2FH         PUBLIC        ?C?COPY
  -------         ENDMOD        ?C?COPY

  -------         MODULE        ?C?CLDPTR
  C:0F55H         PUBLIC        ?C?CLDPTR
  -------         ENDMOD        ?C?CLDPTR

  -------         MODULE        ?C?CLDOPTR
BL51 BANKED LINKER/LOCATER V6.22                                                      05/22/2019  15:18:36  PAGE 48


  C:0F6EH         PUBLIC        ?C?CLDOPTR
  -------         ENDMOD        ?C?CLDOPTR

  -------         MODULE        ?C?IMUL
  C:0F9BH         PUBLIC        ?C?IMUL
  -------         ENDMOD        ?C?IMUL

  -------         MODULE        ?C?IILDX
  C:0FADH         PUBLIC        ?C?IILDX
  -------         ENDMOD        ?C?IILDX

  -------         MODULE        ?C?LMUL
  C:0FC3H         PUBLIC        ?C?LMUL
  -------         ENDMOD        ?C?LMUL

  -------         MODULE        ?C?ULDIV
  C:104EH         PUBLIC        ?C?ULDIV
  -------         ENDMOD        ?C?ULDIV

  -------         MODULE        ?C?LNEG
  C:10E0H         PUBLIC        ?C?LNEG
  -------         ENDMOD        ?C?LNEG

  -------         MODULE        ?C?ULCMP
  C:10EEH         PUBLIC        ?C?ULCMP
  -------         ENDMOD        ?C?ULCMP

  -------         MODULE        ?C?ULSHR
  C:10FFH         PUBLIC        ?C?ULSHR
  -------         ENDMOD        ?C?ULSHR

  -------         MODULE        ?C?LSHL
  C:1112H         PUBLIC        ?C?LSHL
  -------         ENDMOD        ?C?LSHL

  -------         MODULE        ?C?LLDIPDATA
  C:112EH         PUBLIC        ?C?LLDIPDATA
  C:1125H         PUBLIC        ?C?LLDIPDATA1
  C:1127H         PUBLIC        ?C?LLDIPDATA8
  -------         ENDMOD        ?C?LLDIPDATA

  -------         MODULE        ?C?LSTXDATA
  C:1145H         PUBLIC        ?C?LSTXDATA
  -------         ENDMOD        ?C?LSTXDATA

  -------         MODULE        ?C?LSTPDATA
  C:1151H         PUBLIC        ?C?LSTPDATA
  -------         ENDMOD        ?C?LSTPDATA

  -------         MODULE        ?C?LSTKXDATA
  C:115DH         PUBLIC        ?C?LSTKXDATA
  -------         ENDMOD        ?C?LSTKXDATA

  -------         MODULE        ?C?LSTKPDATA
  C:118EH         PUBLIC        ?C?LSTKPDATA
  -------         ENDMOD        ?C?LSTKPDATA

BL51 BANKED LINKER/LOCATER V6.22                                                      05/22/2019  15:18:36  PAGE 49


  -------         MODULE        ?C_PBP
  D:0008H         PUBLIC        ?C_PBP
  -------         ENDMOD        ?C_PBP

*** WARNING L14: INCOMPATIBLE MEMORY MODEL
    MODULE:  .\USBX_F34X.LIB (USB_API)
    MODEL:   SMALL

*** WARNING L14: INCOMPATIBLE MEMORY MODEL
    MODULE:  .\USBX_F34X.LIB (USB_SUSPEND)
    MODEL:   SMALL

*** WARNING L14: INCOMPATIBLE MEMORY MODEL
    MODULE:  .\USBX_F34X.LIB (USB_INT_ENABLE)
    MODEL:   SMALL

*** WARNING L14: INCOMPATIBLE MEMORY MODEL
    MODULE:  .\USBX_F34X.LIB (USB_CLOCK_RECOVERY)
    MODEL:   SMALL

*** WARNING L16: UNCALLED SEGMENT, IGNORED FOR OVERLAY PROCESS
    SEGMENT: ?PR?_STOPDELAY?MAIN

*** WARNING L16: UNCALLED SEGMENT, IGNORED FOR OVERLAY PROCESS
    SEGMENT: ?PR?SD_INIT?MMC_SD

*** WARNING L16: UNCALLED SEGMENT, IGNORED FOR OVERLAY PROCESS
    SEGMENT: ?PR?_DISPPICFROMSD?LCD

*** WARNING L16: UNCALLED SEGMENT, IGNORED FOR OVERLAY PROCESS
    SEGMENT: ?PR?DISPSCALEHOR1?LCD

*** WARNING L16: UNCALLED SEGMENT, IGNORED FOR OVERLAY PROCESS
    SEGMENT: ?PR?DISPSCALEVER?LCD

*** WARNING L16: UNCALLED SEGMENT, IGNORED FOR OVERLAY PROCESS
    SEGMENT: ?PR?DISPSCALEVER_RED?LCD

*** WARNING L16: UNCALLED SEGMENT, IGNORED FOR OVERLAY PROCESS
    SEGMENT: ?PR?DISPSCALEVER_GREEN?LCD

*** WARNING L16: UNCALLED SEGMENT, IGNORED FOR OVERLAY PROCESS
    SEGMENT: ?PR?DISPSCALEVER_BLUE?LCD

*** WARNING L16: UNCALLED SEGMENT, IGNORED FOR OVERLAY PROCESS
    SEGMENT: ?PR?DISPSCALEVER_GRAY?LCD

*** WARNING L16: UNCALLED SEGMENT, IGNORED FOR OVERLAY PROCESS
    SEGMENT: ?PR?DISPGRAYHOR32?LCD

*** WARNING L16: UNCALLED SEGMENT, IGNORED FOR OVERLAY PROCESS
    SEGMENT: ?PR?DISPSCALEHOR2?LCD

*** WARNING L16: UNCALLED SEGMENT, IGNORED FOR OVERLAY PROCESS
    SEGMENT: ?PR?_DRAWGIRD?LCD

*** WARNING L15: MULTIPLE CALL TO SEGMENT
BL51 BANKED LINKER/LOCATER V6.22                                                      05/22/2019  15:18:36  PAGE 50


    SEGMENT: ?PR?_WRITECOMM?LCD
    CALLER1: ?PR?USB_API_TEST_ISR?MAIN
    CALLER2: ?C_C51STARTUP

*** WARNING L15: MULTIPLE CALL TO SEGMENT
    SEGMENT: ?PR?_WRITEDATA?LCD
    CALLER1: ?PR?USB_API_TEST_ISR?MAIN
    CALLER2: ?C_C51STARTUP

Program Size: data=10.0 xdata=1295 code=14757
LINK/LOCATE RUN COMPLETE.  18 WARNING(S),  0 ERROR(S)
