BL51 BANKED LINKER/LOCATER V6.22                                                        07/05/2019  09:35:34  PAGE 1


BL51 BANKED LINKER/LOCATER V6.22, INVOKED BY:
C:\KEIL\C51\BIN\BL51.EXE main.obj, mmc_sd.obj, lcd.obj, tp.obj, .\USBX_F34X.LIB TO ILI9163V_HSD144_4W1L RAMSIZE (256)


MEMORY MODEL: COMPACT WITH FLOATING POINT ARITHMETIC


INPUT MODULES INCLUDED:
  main.obj (MAIN)
  mmc_sd.obj (MMC_SD)
  lcd.obj (LCD)
  tp.obj (TP)
  .\USBX_F34X.LIB (USB_API)
  .\USBX_F34X.LIB (USB_CLOCK_START)
  .\USBX_F34X.LIB (USB_SUSPEND)
  .\USBX_F34X.LIB (GET_INTERRUPT_SOURCE)
  .\USBX_F34X.LIB (BLOCK_READ)
  .\USBX_F34X.LIB (BLOCK_WRITE)
  .\USBX_F34X.LIB (USB_INT_ENABLE)
  .\USBX_F34X.LIB (USB_CLOCK_RECOVERY)
  .\USBX_F34X.LIB (USB_JUMP_ISR)
  C:\KEIL\C51\LIB\C51FPC.LIB (?C?FPMUL)
  C:\KEIL\C51\LIB\C51FPC.LIB (?C?FCAST)
  C:\KEIL\C51\LIB\C51FPC.LIB (?C?CASTF)
  C:\KEIL\C51\LIB\C51FPC.LIB (?C?FPGETOPN)
  C:\KEIL\C51\LIB\C51C.LIB (?C_STARTUP)
  C:\KEIL\C51\LIB\C51C.LIB (?C?COPY)
  C:\KEIL\C51\LIB\C51C.LIB (?C?CLDPTR)
  C:\KEIL\C51\LIB\C51C.LIB (?C?CLDOPTR)
  C:\KEIL\C51\LIB\C51C.LIB (?C?IMUL)
  C:\KEIL\C51\LIB\C51C.LIB (?C?IILDX)
  C:\KEIL\C51\LIB\C51C.LIB (?C?LMUL)
  C:\KEIL\C51\LIB\C51C.LIB (?C?ULDIV)
  C:\KEIL\C51\LIB\C51C.LIB (?C?LNEG)
  C:\KEIL\C51\LIB\C51C.LIB (?C?ULCMP)
  C:\KEIL\C51\LIB\C51C.LIB (?C?ULSHR)
  C:\KEIL\C51\LIB\C51C.LIB (?C?LSHL)
  C:\KEIL\C51\LIB\C51C.LIB (?C?LLDIPDATA)
  C:\KEIL\C51\LIB\C51C.LIB (?C?LSTXDATA)
  C:\KEIL\C51\LIB\C51C.LIB (?C?LSTPDATA)
  C:\KEIL\C51\LIB\C51C.LIB (?C?LSTKXDATA)
  C:\KEIL\C51\LIB\C51C.LIB (?C?LSTKPDATA)
  C:\KEIL\C51\LIB\C51C.LIB (?C_PBP)
  C:\KEIL\C51\LIB\C51C.LIB (?C_INIT)


LINK MAP OF MODULE:  ILI9163V_HSD144_4W1L (MAIN)


            TYPE    BASE      LENGTH    RELOCATION   SEGMENT NAME
            -----------------------------------------------------

            * * * * * * *   D A T A   M E M O R Y   * * * * * * *
            REG     0000H     0008H     ABSOLUTE     "REG BANK 0"
            DATA    0008H     0001H     UNIT         ?C?LIB_DATA
            IDATA   0009H     0001H     UNIT         ?STACK

            * * * * * * *  X D A T A   M E M O R Y  * * * * * * *
BL51 BANKED LINKER/LOCATER V6.22                                                      07/05/2019  09:35:34  PAGE 2


            XDATA   0000H     0010H     INPAGE       ?PD?MAIN
            XDATA   0010H     0004H     INPAGE       ?PD?_MMC_SD_READSINGLEBLOCK?MMC_SD
            XDATA   0014H     000DH     INPAGE       ?PD?_DISPPICFROMSD?LCD
            XDATA   0021H     0004H     INPAGE       ?PD?DISPSCALEHOR1?LCD
            XDATA   0025H     0004H     INPAGE       ?PD?DISPSCALEVER?LCD
            XDATA   0029H     0004H     INPAGE       ?PD?DISPSCALEVER_RED?LCD
            XDATA   002DH     0004H     INPAGE       ?PD?DISPSCALEVER_GREEN?LCD
            XDATA   0031H     0004H     INPAGE       ?PD?DISPSCALEVER_BLUE?LCD
            XDATA   0035H     0004H     INPAGE       ?PD?DISPSCALEVER_GRAY?LCD
            XDATA   0039H     0004H     INPAGE       ?PD?DISPGRAYHOR32?LCD
            XDATA   003DH     0002H     INPAGE       ?PD?DISPSCALEHOR2?LCD
            XDATA   003FH     000CH     INPAGE       ?PD?_DRAWLINE?LCD
            XDATA   004BH     0004H     INPAGE       ?PD?_DRAWGIRD?LCD
            XDATA   004FH     0002H     INPAGE       ?PD?LCD
            XDATA   0051H     0024H     INPAGE       _PDATA_GROUP_
            XDATA   0075H     0200H     UNIT         ?XD?MMC_SD
            XDATA   0275H     0058H     UNIT         _XDATA_GROUP_
            XDATA   02CDH     0040H     UNIT         ?XD?MAIN
                    030DH     0333H                  *** GAP ***
            XDATA   0640H     0100H     ABSOLUTE     
            XDATA   0740H     0012H     ABSOLUTE     
            XDATA   0752H     0020H     ABSOLUTE     
            XDATA   0772H     000CH     ABSOLUTE     
            XDATA   077EH     0008H     ABSOLUTE     
            XDATA   0786H     0001H     ABSOLUTE     
            XDATA   0787H     0003H     ABSOLUTE     
            XDATA   078AH     0002H     ABSOLUTE     
            XDATA   078CH     0002H     ABSOLUTE     
            XDATA   078EH     0003H     ABSOLUTE     
            XDATA   0791H     0001H     ABSOLUTE     
            XDATA   0792H     0001H     ABSOLUTE     
            XDATA   0793H     0001H     ABSOLUTE     
            XDATA   0794H     0001H     ABSOLUTE     
            XDATA   0795H     0002H     ABSOLUTE     
            XDATA   0797H     0002H     ABSOLUTE     
            XDATA   0799H     0001H     ABSOLUTE     
            XDATA   079AH     0001H     ABSOLUTE     
            XDATA   079BH     0001H     ABSOLUTE     
            XDATA   079CH     0001H     ABSOLUTE     
            XDATA   079DH     0001H     ABSOLUTE     
            XDATA   079EH     0001H     ABSOLUTE     
            XDATA   079FH     0002H     ABSOLUTE     
            XDATA   07A1H     0001H     ABSOLUTE     
            XDATA   07A2H     0001H     ABSOLUTE     
            XDATA   07A3H     000CH     ABSOLUTE     
                    07AFH     0011H                  *** GAP ***
            XDATA   07C0H     0040H     ABSOLUTE     

            * * * * * * *   C O D E   M E M O R Y   * * * * * * *
            CODE    0000H     0003H     ABSOLUTE     
            CODE    0003H     0040H     UNIT         ?PR?_WRITEDISPDATA?LCD
            CODE    0043H     0003H     ABSOLUTE     
            CODE    0046H     0044H     UNIT         ?PR?_DISPCOLOR?LCD
                    008AH     0001H                  *** GAP ***
            CODE    008BH     0003H     ABSOLUTE     
            CODE    008EH     060BH     UNIT         ?PR?CONNTOUSB?MAIN
            CODE    0699H     0600H     UNIT         ?CO?LCD
BL51 BANKED LINKER/LOCATER V6.22                                                      07/05/2019  09:35:34  PAGE 3


            CODE    0C99H     050DH     UNIT         ?C?LIB_CODE
            CODE    11A6H     0233H     UNIT         ?PR?USBXCORE_HANDLE_SETUP?USB_API
            CODE    13D9H     0220H     UNIT         ?PR?DISPSCALEHOR1?LCD
            CODE    15F9H     01BCH     UNIT         ?PR?DISPSCALEHOR2?LCD
            CODE    17B5H     019EH     UNIT         ?PR?TP_DRAWLINE?TP
            CODE    1953H     018CH     UNIT         ?PR?DISPBAND?LCD
            CODE    1ADFH     0151H     UNIT         ?PR?USBXCORE_USB_ISR?USB_API
            CODE    1C30H     0144H     UNIT         ?PR?LCD_INIT?LCD
            CODE    1D74H     0142H     UNIT         ?PR?_LCD_READ_IC_ID?LCD
            CODE    1EB6H     0139H     UNIT         ?PR?USB_API_TEST_ISR?MAIN
            CODE    1FEFH     0137H     UNIT         ?PR?_USB_INIT?USB_API
            CODE    2126H     012AH     UNIT         ?PR?DISPSCALEVER?LCD
            CODE    2250H     011BH     UNIT         ?PR?_TP_GETPOSITION?TP
            CODE    236BH     0111H     UNIT         ?PR?_BLOCK_WRITE?BLOCK_WRITE
            CODE    247CH     00E9H     UNIT         ?PR?_DISPPICFROMSD?LCD
            CODE    2565H     00CDH     UNIT         ?PR?USBXCORE_VENDOR_USB_API?USB_API
            CODE    2632H     00CBH     UNIT         ?PR?_DISPONECHAR?LCD
            CODE    26FDH     00B7H     UNIT         ?PR?MMC_SD_RESET?MMC_SD
            CODE    27B4H     00B3H     UNIT         ?PR?_DISPINT?LCD
            CODE    2867H     00B2H     UNIT         ?PR?USBXCORE_GET_DESCRIPTOR?USB_API
            CODE    2919H     00AFH     UNIT         ?PR?_BLOCK_READ?BLOCK_READ
            CODE    29C8H     00AAH     UNIT         ?PR?DISPFRAME?LCD
            CODE    2A72H     00A2H     UNIT         ?PR?DISPSCALEVER_GREEN?LCD
            CODE    2B14H     009BH     UNIT         ?PR?DISPGRAYHOR16?LCD
            CODE    2BAFH     009AH     UNIT         ?PR?_?BLOCKWRITE?LCD
            CODE    2C49H     0096H     UNIT         ?PR?_DISPSTR?LCD
            CODE    2CDFH     0093H     UNIT         ?PR?DISPSCALEVER_RED?LCD
            CODE    2D72H     0093H     UNIT         ?PR?DISPSCALEVER_GRAY?LCD
            CODE    2E05H     008FH     UNIT         ?PR?_DRAWGIRD?LCD
            CODE    2E94H     008CH     UNIT         ?C_C51STARTUP
            CODE    2F20H     0088H     UNIT         ?PR?DISPSCALEVER_BLUE?LCD
            CODE    2FA8H     0086H     UNIT         ?PR?_DRAWLINE?LCD
            CODE    302EH     007DH     UNIT         ?PR?_MMC_SD_WRITESINGLEBLOCK?MMC_SD
            CODE    30ABH     0078H     UNIT         ?PR?DISPGRAYHOR32?LCD
            CODE    3123H     0075H     UNIT         ?PR?_MMC_SD_SENDCOMMAND?MMC_SD
            CODE    3198H     0073H     UNIT         ?PR?TP_READ?TP
            CODE    320BH     0073H     UNIT         ?PR?USBXCORE_GET_STATUS?USB_API
            CODE    327EH     006CH     UNIT         ?PR?DEVICES_INIT?MAIN
            CODE    32EAH     0064H     UNIT         ?PR?_MMC_SD_READSINGLEBLOCK?MMC_SD
            CODE    334EH     005BH     UNIT         ?PR?_TOORD?LCD
            CODE    33A9H     005AH     UNIT         ?PR?USBXCORE_SET_CONFIGURATION?USB_API
            CODE    3403H     0058H     UNIT         ?PR?USBXCORE_CLEAR_FEATURE?USB_API
            CODE    345BH     0057H     UNIT         ?PR?USBXCORE_SET_FEATURE?USB_API
            CODE    34B2H     0055H     UNIT         ?PR?_STOPDELAY?MAIN
            CODE    3507H     0052H     UNIT         ?PR?_PUTPIXEL?LCD
            CODE    3559H     0050H     UNIT         ?CO?MAIN
            CODE    35A9H     0047H     UNIT         ?PR?USBXCORE_GET_CONFIGURATION?USB_API
            CODE    35F0H     0043H     UNIT         ?PR?MCU_INIT?MAIN
            CODE    3633H     003AH     UNIT         ?CO?USB_API
            CODE    366DH     0038H     UNIT         ?PR?USB_CLOCK_START?USB_CLOCK_START
            CODE    36A5H     002FH     UNIT         ?PR?_WRITEDATA?LCD
            CODE    36D4H     002DH     UNIT         ?C_INITSEG
            CODE    3701H     002BH     UNIT         ?PR?_WRITECOMM?LCD
            CODE    372CH     002BH     UNIT         ?PR?USB_SUSPEND?USB_SUSPEND
            CODE    3757H     0027H     UNIT         ?PR?MAIN?MAIN
            CODE    377EH     0027H     UNIT         ?PR?USBXCORE_USB_RESET?USB_API
            CODE    37A5H     0027H     UNIT         ?PR?USBXCORE_GET_INTERFACE?USB_API
BL51 BANKED LINKER/LOCATER V6.22                                                      07/05/2019  09:35:34  PAGE 4


            CODE    37CCH     0026H     UNIT         ?PR?_TP_WRITE?TP
            CODE    37F2H     0022H     UNIT         ?PR?USBXCORE_JUMP_ISR?USB_JUMP_ISR
            CODE    3814H     0020H     UNIT         ?PR?USBXCORE_SET_ADDRESS?USB_API
            CODE    3834H     001FH     UNIT         ?PR?_DELAY?MAIN
            CODE    3853H     001DH     UNIT         ?PR?USBXCORE_FORCE_STALL?USB_API
            CODE    3870H     0019H     UNIT         ?PR?USB_INT_ENABLE?USB_INT_ENABLE
            CODE    3889H     0016H     UNIT         ?PR?_SPI_WRITEBYTE?MMC_SD
            CODE    389FH     0016H     UNIT         ?PR?READDATA?LCD
            CODE    38B5H     0014H     UNIT         ?PR?USBXCORE_SET_SOP?USB_API
            CODE    38C9H     0013H     UNIT         ?PR?WAITKEY?MAIN
            CODE    38DCH     0011H     UNIT         ?PR?SD_INIT?MMC_SD
            CODE    38EDH     000EH     UNIT         ?PR?GET_INTERRUPT_SOURCE?GET_INTERRUPT_SOURCE
            CODE    38FBH     000CH     UNIT         ?PR?USBXCORE_CLKREC?USB_CLOCK_RECOVERY
            CODE    3907H     000BH     UNIT         ?PR?SPI_READBYTE?MMC_SD
            CODE    3912H     0009H     UNIT         ?PR?_WRITEONEDOT?LCD
            CODE    391BH     0003H     UNIT         ?PR?SUSPEND_DEVICE?MAIN



OVERLAY MAP OF MODULE:   ILI9163V_HSD144_4W1L (MAIN)


SEGMENT                                            PDATA_GROUP         XDATA_GROUP
  +--> CALLED SEGMENT                            START    LENGTH     START    LENGTH
------------------------------------------------------------------------------------
?PR?USB_API_TEST_ISR?MAIN                        0051H    0001H      -----    -----
  +--> ?PR?GET_INTERRUPT_SOURCE?GET_INTERRUP...
  +--> ?PR?_BLOCK_READ?BLOCK_READ
  +--> ?PR?SUSPEND_DEVICE?MAIN
  +--> ?PR?MCU_INIT?MAIN
  +--> ?PR?_?BLOCKWRITE?LCD

?PR?SUSPEND_DEVICE?MAIN                          -----    -----      -----    -----
  +--> ?PR?USB_SUSPEND?USB_SUSPEND

?PR?USB_SUSPEND?USB_SUSPEND                      -----    -----      -----    -----
  +--> ?PR?USB_CLOCK_START?USB_CLOCK_START

?PR?_?BLOCKWRITE?LCD                             -----    -----      -----    -----
  +--> ?PR?_WRITECOMM?LCD
  +--> ?PR?_WRITEDATA?LCD

?PR?_WRITECOMM?LCD                               0074H    0001H      -----    -----

?PR?_WRITEDATA?LCD                               0074H    0001H      -----    -----

*** NEW ROOT ***************************************************

?PR?USBXCORE_USB_ISR?USB_API                     -----    -----      -----    -----
  +--> ?PR?USBXCORE_USB_RESET?USB_API
  +--> ?PR?USBXCORE_HANDLE_SETUP?USB_API
  +--> ?PR?USBXCORE_JUMP_ISR?USB_JUMP_ISR

?PR?USBXCORE_HANDLE_SETUP?USB_API                -----    -----      -----    -----
  +--> ?PR?USBXCORE_GET_STATUS?USB_API
  +--> ?PR?USBXCORE_CLEAR_FEATURE?USB_API
  +--> ?PR?USBXCORE_VENDOR_USB_API?USB_API
BL51 BANKED LINKER/LOCATER V6.22                                                      07/05/2019  09:35:34  PAGE 5


  +--> ?PR?USBXCORE_SET_FEATURE?USB_API
  +--> ?PR?USBXCORE_SET_ADDRESS?USB_API
  +--> ?PR?USBXCORE_GET_DESCRIPTOR?USB_API
  +--> ?PR?USBXCORE_GET_CONFIGURATION?USB_API
  +--> ?PR?USBXCORE_SET_CONFIGURATION?USB_API
  +--> ?PR?USBXCORE_GET_INTERFACE?USB_API
  +--> ?PR?USBXCORE_SET_SOP?USB_API
  +--> ?PR?USBXCORE_FORCE_STALL?USB_API

?PR?USBXCORE_GET_STATUS?USB_API                  -----    -----      -----    -----
  +--> ?CO?USB_API
  +--> ?PR?USBXCORE_FORCE_STALL?USB_API
  +--> ?PR?USBXCORE_SET_SOP?USB_API

?PR?USBXCORE_CLEAR_FEATURE?USB_API               -----    -----      -----    -----
  +--> ?PR?USBXCORE_FORCE_STALL?USB_API
  +--> ?PR?USBXCORE_SET_SOP?USB_API

?PR?USBXCORE_VENDOR_USB_API?USB_API              -----    -----      -----    -----
  +--> ?PR?USBXCORE_SET_SOP?USB_API

?PR?USBXCORE_SET_FEATURE?USB_API                 -----    -----      -----    -----
  +--> ?PR?USBXCORE_FORCE_STALL?USB_API
  +--> ?PR?USBXCORE_SET_SOP?USB_API

?PR?USBXCORE_SET_ADDRESS?USB_API                 -----    -----      -----    -----
  +--> ?PR?USBXCORE_SET_SOP?USB_API

?PR?USBXCORE_GET_DESCRIPTOR?USB_API              -----    -----      -----    -----
  +--> ?PR?USBXCORE_FORCE_STALL?USB_API
  +--> ?PR?USBXCORE_SET_SOP?USB_API

?PR?USBXCORE_GET_CONFIGURATION?USB_API           -----    -----      -----    -----
  +--> ?CO?USB_API
  +--> ?PR?USBXCORE_SET_SOP?USB_API

?PR?USBXCORE_SET_CONFIGURATION?USB_API           -----    -----      -----    -----
  +--> ?PR?USBXCORE_SET_SOP?USB_API

?PR?USBXCORE_GET_INTERFACE?USB_API               -----    -----      -----    -----
  +--> ?CO?USB_API
  +--> ?PR?USBXCORE_SET_SOP?USB_API

*** NEW ROOT ***************************************************

?C_C51STARTUP                                    -----    -----      -----    -----
  +--> ?PR?MAIN?MAIN
  +--> ?C_INITSEG

?PR?MAIN?MAIN                                    -----    -----      -----    -----
  +--> ?PR?DEVICES_INIT?MAIN
  +--> ?PR?DISPFRAME?LCD
  +--> ?PR?_STOPDELAY?MAIN
  +--> ?PR?DISPBAND?LCD
  +--> ?PR?DISPGRAYHOR16?LCD
  +--> ?PR?_DISPCOLOR?LCD
  +--> ?PR?TP_DRAWLINE?TP
BL51 BANKED LINKER/LOCATER V6.22                                                      07/05/2019  09:35:34  PAGE 6



?PR?DEVICES_INIT?MAIN                            -----    -----      -----    -----
  +--> ?PR?MCU_INIT?MAIN
  +--> ?PR?USB_CLOCK_START?USB_CLOCK_START
  +--> ?CO?MAIN
  +--> ?PR?_USB_INIT?USB_API
  +--> ?PR?USB_INT_ENABLE?USB_INT_ENABLE
  +--> ?PR?LCD_INIT?LCD

?PR?_USB_INIT?USB_API                            -----    -----      0275H    0011H
  +--> ?CO?USB_API
  +--> ?PR?USBXCORE_CLKREC?USB_CLOCK_RECOVERY

?PR?LCD_INIT?LCD                                 -----    -----      -----    -----
  +--> ?PR?READDATA?LCD
  +--> ?PR?_DELAY?MAIN
  +--> ?PR?_WRITECOMM?LCD
  +--> ?PR?_WRITEDATA?LCD

?PR?READDATA?LCD                                 -----    -----      -----    -----
  +--> ?PR?_LCD_READ_IC_ID?LCD

?PR?_LCD_READ_IC_ID?LCD                          005CH    0008H      -----    -----

?PR?DISPFRAME?LCD                                0053H    0002H      -----    -----
  +--> ?PR?_?BLOCKWRITE?LCD
  +--> ?PR?_WRITEDISPDATA?LCD

?PR?_STOPDELAY?MAIN                              0053H    0004H      -----    -----
  +--> ?PR?WAITKEY?MAIN
  +--> ?PR?_DELAY?MAIN

?PR?WAITKEY?MAIN                                 -----    -----      -----    -----
  +--> ?PR?CONNTOUSB?MAIN
  +--> ?PR?_DELAY?MAIN

?PR?CONNTOUSB?MAIN                               0057H    0005H      0275H    0058H
  +--> ?CO?MAIN
  +--> ?PR?_WRITECOMM?LCD
  +--> ?PR?_WRITEDATA?LCD
  +--> ?PR?_DISPSTR?LCD
  +--> ?PR?_DISPINT?LCD
  +--> ?PR?_WRITEDISPDATA?LCD
  +--> ?PR?_MMC_SD_WRITESINGLEBLOCK?MMC_SD
  +--> ?PR?_BLOCK_WRITE?BLOCK_WRITE
  +--> ?PR?READDATA?LCD
  +--> ?PR?_DELAY?MAIN

?PR?_DISPSTR?LCD                                 005CH    000BH      -----    -----
  +--> ?PR?_TOORD?LCD
  +--> ?PR?_DISPONECHAR?LCD

?PR?_DISPONECHAR?LCD                             0067H    000DH      -----    -----
  +--> ?PR?_?BLOCKWRITE?LCD
  +--> ?CO?LCD
  +--> ?PR?_WRITEONEDOT?LCD

BL51 BANKED LINKER/LOCATER V6.22                                                      07/05/2019  09:35:34  PAGE 7


?PR?_WRITEONEDOT?LCD                             -----    -----      -----    -----
  +--> ?PR?_WRITEDISPDATA?LCD

?PR?_DISPINT?LCD                                 005CH    000AH      -----    -----
  +--> ?PR?_DISPONECHAR?LCD

?PR?_MMC_SD_WRITESINGLEBLOCK?MMC_SD              005CH    0004H      -----    -----
  +--> ?PR?_MMC_SD_SENDCOMMAND?MMC_SD
  +--> ?PR?_SPI_WRITEBYTE?MMC_SD

?PR?_MMC_SD_SENDCOMMAND?MMC_SD                   0060H    0005H      -----    -----
  +--> ?PR?_SPI_WRITEBYTE?MMC_SD

?PR?DISPBAND?LCD                                 0053H    0005H      -----    -----
  +--> ?PR?_?BLOCKWRITE?LCD
  +--> ?PR?_WRITEDISPDATA?LCD

?PR?DISPGRAYHOR16?LCD                            0053H    0004H      -----    -----
  +--> ?PR?_?BLOCKWRITE?LCD
  +--> ?PR?_WRITEDISPDATA?LCD

?PR?_DISPCOLOR?LCD                               0053H    0004H      -----    -----
  +--> ?PR?_?BLOCKWRITE?LCD
  +--> ?PR?_WRITEDISPDATA?LCD

?PR?TP_DRAWLINE?TP                               -----    -----      0275H    0018H
  +--> ?PR?_DISPCOLOR?LCD
  +--> ?PR?_DELAY?MAIN
  +--> ?PR?_TP_GETPOSITION?TP
  +--> ?PR?_PUTPIXEL?LCD

?PR?_TP_GETPOSITION?TP                           -----    -----      028DH    001BH
  +--> ?PR?_TP_WRITE?TP
  +--> ?PR?TP_READ?TP

?PR?_TP_WRITE?TP                                 -----    -----      02A8H    0001H

?PR?TP_READ?TP                                   -----    -----      02A8H    0005H

?PR?_PUTPIXEL?LCD                                0053H    0002H      -----    -----
  +--> ?PR?_?BLOCKWRITE?LCD
  +--> ?PR?_WRITEDISPDATA?LCD



SYMBOL TABLE OF MODULE:  ILI9163V_HSD144_4W1L (MAIN)

  VALUE           TYPE          NAME
  ----------------------------------

  -------         MODULE        MAIN
  C:0000H         SYMBOL        _ICE_DUMMY_
  D:0080H         PUBLIC        P0
  X:0000H         PUBLIC        f_down
  D:0090H         PUBLIC        P1
  D:00A0H         PUBLIC        P2
  D:00B0H         PUBLIC        P3
BL51 BANKED LINKER/LOCATER V6.22                                                      07/05/2019  09:35:34  PAGE 8


  C:35A4H         PUBLIC        USB_MaxPower
  B:00B0H.6       PUBLIC        KEY_STEP
  D:00A4H         PUBLIC        P0MDOUT
  D:00A5H         PUBLIC        P1MDOUT
  D:00A6H         PUBLIC        P2MDOUT
  D:00A7H         PUBLIC        P3MDOUT
  D:00AEH         PUBLIC        P4MDOUT
  B:0080H.6       PUBLIC        OE
  D:00D9H         PUBLIC        PCA0MD
  C:1EB6H         PUBLIC        USB_API_TEST_ISR
  C:391BH         PUBLIC        Suspend_Device
  C:34B6H         PUBLIC        _StopDelay
  D:00E1H         PUBLIC        XBR0
  D:00E2H         PUBLIC        XBR1
  B:00B0H.1       PUBLIC        RS
  C:3757H         PUBLIC        main
  X:0001H         PUBLIC        VerifyCode0
  X:0002H         PUBLIC        VerifyCode1
  C:356EH         PUBLIC        USB_PID
  X:0003H         PUBLIC        VerifyCode2
  D:00F1H         PUBLIC        P0MDIN
  D:00F2H         PUBLIC        P1MDIN
  C:3570H         PUBLIC        USB_MfrStr
  D:00F4H         PUBLIC        P3MDIN
  C:356CH         PUBLIC        USB_VID
  D:00F8H         PUBLIC        SPI0CN
  X:0004H         PUBLIC        pic
  C:327EH         PUBLIC        Devices_Init
  C:008EH         PUBLIC        ConnToUSB
  D:00A9H         PUBLIC        CLKSEL
  D:00B2H         PUBLIC        OSCICN
  C:35A5H         PUBLIC        USB_PwAttributes
  C:38C9H         PUBLIC        WaitKey
  C:35A8H         SYMBOL        _?ix1000
  B:00B0H.0       PUBLIC        CS0
  X:0005H         PUBLIC        bf
  C:35A6H         PUBLIC        USB_bcdDevice
  D:00B9H         PUBLIC        CLKMUL
  X:0007H         PUBLIC        f_debug
  X:0008H         PUBLIC        sd
  X:02CDH         PUBLIC        Packet
  C:35F0H         PUBLIC        MCU_Init
  B:0080H.7       PUBLIC        DIR
  D:00EFH         PUBLIC        RSTSRC
  X:000CH         PUBLIC        f_read
  C:359AH         PUBLIC        USB_SerialStr
  X:000DH         PUBLIC        f_other
  C:358AH         PUBLIC        USB_ProductStr
  X:000EH         PUBLIC        f_para
  D:00A1H         PUBLIC        SPI0CFG
  C:3834H         PUBLIC        _Delay
  B:00B0H.7       PUBLIC        KEY_Stop
  X:000FH         PUBLIC        f_init
  -------         PROC          MAIN
  C:3757H         LINE#         40
  C:3757H         LINE#         41
  C:3757H         LINE#         46
BL51 BANKED LINKER/LOCATER V6.22                                                      07/05/2019  09:35:34  PAGE 9


  C:375AH         LINE#         48
  C:375DH         LINE#         49
  C:375DH         LINE#         67
  C:3763H         LINE#         72
  C:3769H         LINE#         73
  C:376FH         LINE#         74
  C:3778H         LINE#         80
  C:377BH         LINE#         82
  C:377DH         LINE#         83
  -------         ENDPROC       MAIN
  -------         PROC          _DELAY
  D:0006H         SYMBOL        dly
  -------         DO            
  D:0004H         SYMBOL        i
  D:0002H         SYMBOL        j
  -------         ENDDO         
  C:3834H         LINE#         86
  C:3834H         LINE#         87
  C:3834H         LINE#         90
  C:383EH         LINE#         91
  C:3852H         LINE#         92
  -------         ENDPROC       _DELAY
  C:34B2H         SYMBOL        L?0133
  -------         PROC          L?0132
  -------         ENDPROC       L?0132
  C:34B2H         SYMBOL        L?0133
  -------         PROC          _STOPDELAY
  X:0053H         SYMBOL        sdly
  -------         DO            
  D:0006H         SYMBOL        i
  D:0004H         SYMBOL        j
  X:0055H         SYMBOL        k
  -------         ENDDO         
  C:34B6H         LINE#         94
  C:34BDH         LINE#         95
  C:34BDH         LINE#         97
  C:34C2H         LINE#         98
  C:34C2H         LINE#         99
  C:34C5H         LINE#         100
  C:34C5H         LINE#         101
  C:34D2H         LINE#         102
  C:34E6H         LINE#         103
  C:34E6H         LINE#         105
  C:34E6H         LINE#         106
  C:34F0H         LINE#         107
  C:34F0H         LINE#         108
  C:3506H         LINE#         109
  -------         ENDPROC       _STOPDELAY
  -------         PROC          WAITKEY
  C:38C9H         LINE#         138
  C:38C9H         LINE#         139
  C:38C9H         LINE#         141
  C:38CCH         LINE#         142
  C:38CCH         LINE#         144
  C:38CFH         LINE#         146
  C:38D1H         LINE#         147
  C:38D8H         LINE#         148
BL51 BANKED LINKER/LOCATER V6.22                                                      07/05/2019  09:35:34  PAGE 10


  C:38DBH         LINE#         150
  -------         ENDPROC       WAITKEY
  -------         PROC          CONNTOUSB
  -------         DO            
  X:0057H         SYMBOL        i
  X:0275H         SYMBOL        reg_data
  X:028DH         SYMBOL        para_data
  D:0007H         SYMBOL        dat
  X:0058H         SYMBOL        reg_index
  X:005AH         SYMBOL        data_num
  X:005BH         SYMBOL        st
  -------         ENDDO         
  C:008EH         LINE#         155
  C:008EH         LINE#         156
  C:008EH         LINE#         163
  C:00A1H         LINE#         165
  C:00A9H         LINE#         166
  C:00A9H         LINE#         167
  C:00B7H         LINE#         168
  C:00B7H         LINE#         169
  C:00C8H         LINE#         170
  C:00C8H         LINE#         171
  C:00EEH         LINE#         172
  C:00F0H         LINE#         173
  C:0104H         LINE#         174
  C:0104H         LINE#         175
  C:012AH         LINE#         177
  C:012AH         LINE#         178
  C:012AH         LINE#         179
  C:012AH         LINE#         181
  C:012AH         LINE#         182
  C:0132H         LINE#         183
  C:013CH         LINE#         184
  C:0146H         LINE#         186
  C:0162H         LINE#         188
  C:016CH         LINE#         189
  C:016CH         LINE#         190
  C:017DH         LINE#         191
  C:017DH         LINE#         192
  C:018EH         LINE#         193
  C:018EH         LINE#         194
  C:01E1H         LINE#         195
  C:01E3H         LINE#         196
  C:01F9H         LINE#         197
  C:01F9H         LINE#         198
  C:024BH         LINE#         199
  C:024BH         LINE#         200
  C:024BH         LINE#         201
  C:024BH         LINE#         203
  C:024BH         LINE#         204
  C:0253H         LINE#         205
  C:0253H         LINE#         206
  C:025DH         LINE#         207
  C:0267H         LINE#         209
  C:026BH         LINE#         210
  C:026EH         LINE#         214
  C:0276H         LINE#         215
BL51 BANKED LINKER/LOCATER V6.22                                                      07/05/2019  09:35:34  PAGE 11


  C:0276H         LINE#         216
  C:0285H         LINE#         217
  C:0285H         LINE#         218
  C:0287H         LINE#         220
  C:0289H         LINE#         221
  C:02A5H         LINE#         222
  C:02A7H         LINE#         224
  C:02D0H         LINE#         225
  C:02F4H         LINE#         226
  C:02FEH         LINE#         227
  C:02FEH         LINE#         228
  C:0306H         LINE#         229
  C:030DH         LINE#         230
  C:0318H         LINE#         231
  C:031EH         LINE#         232
  C:031EH         LINE#         233
  C:0327H         LINE#         235
  C:032BH         LINE#         236
  C:0337H         LINE#         237
  C:033AH         LINE#         240
  C:0342H         LINE#         241
  C:0342H         LINE#         242
  C:034BH         LINE#         243
  C:034BH         LINE#         244
  C:035BH         LINE#         245
  C:035BH         LINE#         246
  C:035DH         LINE#         248
  C:035FH         LINE#         249
  C:037BH         LINE#         250
  C:037DH         LINE#         252
  C:03A6H         LINE#         253
  C:03CAH         LINE#         255
  C:03D4H         LINE#         256
  C:03D4H         LINE#         257
  C:03DCH         LINE#         258
  C:03E3H         LINE#         259
  C:03EEH         LINE#         260
  C:03F4H         LINE#         261
  C:03F4H         LINE#         263
  C:03FDH         LINE#         269
  C:03FDH         LINE#         270
  C:040AH         LINE#         271
  C:040AH         LINE#         272
  C:040CH         LINE#         274
  C:040EH         LINE#         275
  C:042AH         LINE#         276
  C:042CH         LINE#         278
  C:0434H         LINE#         279
  C:0438H         LINE#         280
  C:0444H         LINE#         281
  C:0444H         LINE#         282
  C:0447H         LINE#         285
  C:044FH         LINE#         286
  C:044FH         LINE#         287
  C:0460H         LINE#         288
  C:0460H         LINE#         289
  C:046DH         LINE#         290
BL51 BANKED LINKER/LOCATER V6.22                                                      07/05/2019  09:35:34  PAGE 12


  C:046DH         LINE#         291
  C:048BH         LINE#         292
  C:048DH         LINE#         293
  C:049DH         LINE#         294
  C:049DH         LINE#         295
  C:04BBH         LINE#         296
  C:04BDH         LINE#         297
  C:04CEH         LINE#         298
  C:04CEH         LINE#         299
  C:04D8H         LINE#         300
  C:04E2H         LINE#         301
  C:04E2H         LINE#         302
  C:04E2H         LINE#         303
  C:04E2H         LINE#         305
  C:04E2H         LINE#         306
  C:04EBH         LINE#         307
  C:04EFH         LINE#         308
  C:04FBH         LINE#         309
  C:04FEH         LINE#         312
  C:0506H         LINE#         313
  C:0506H         LINE#         314
  C:0513H         LINE#         315
  C:0524H         LINE#         317
  C:052DH         LINE#         318
  C:053CH         LINE#         320
  C:0544H         LINE#         321
  C:0544H         LINE#         322
  C:054DH         LINE#         323
  C:055CH         LINE#         324
  C:055CH         LINE#         325
  C:055FH         LINE#         326
  C:056EH         LINE#         327
  C:057AH         LINE#         328
  C:0580H         LINE#         329
  C:0580H         LINE#         331
  C:0584H         LINE#         332
  C:0593H         LINE#         334
  C:059AH         LINE#         335
  C:05B6H         LINE#         336
  C:05C0H         LINE#         337
  C:05C0H         LINE#         338
  C:05E6H         LINE#         339
  C:05F9H         LINE#         340
  C:05F9H         LINE#         341
  C:064BH         LINE#         342
  C:0653H         LINE#         343
  C:0653H         LINE#         344
  C:0653H         LINE#         347
  C:0658H         LINE#         348
  C:0658H         LINE#         349
  C:0665H         LINE#         350
  C:0676H         LINE#         352
  C:067BH         LINE#         353
  C:067FH         LINE#         354
  C:0682H         LINE#         355
  C:0686H         LINE#         357
  C:068AH         LINE#         358
BL51 BANKED LINKER/LOCATER V6.22                                                      07/05/2019  09:35:34  PAGE 13


  C:0696H         LINE#         359
  C:0698H         LINE#         360
  -------         ENDPROC       CONNTOUSB
  -------         PROC          MCU_INIT
  -------         DO            
  D:0007H         SYMBOL        n
  -------         ENDDO         
  C:35F0H         LINE#         363
  C:35F0H         LINE#         364
  C:35F0H         LINE#         366
  C:35F3H         LINE#         369
  C:35F6H         LINE#         370
  C:35F9H         LINE#         372
  C:35FCH         LINE#         374
  C:3602H         LINE#         376
  C:3605H         LINE#         377
  C:360AH         LINE#         378
  C:360DH         LINE#         380
  C:3610H         LINE#         383
  C:3613H         LINE#         384
  C:3616H         LINE#         386
  C:3619H         LINE#         387
  C:361CH         LINE#         389
  C:361FH         LINE#         390
  C:3622H         LINE#         392
  C:3625H         LINE#         393
  C:3628H         LINE#         394
  C:362AH         LINE#         395
  C:362CH         LINE#         397
  C:362FH         LINE#         398
  C:3632H         LINE#         400
  -------         ENDPROC       MCU_INIT
  -------         PROC          DEVICES_INIT
  C:327EH         LINE#         402
  C:327EH         LINE#         403
  C:327EH         LINE#         405
  C:3281H         LINE#         408
  C:3284H         LINE#         409
  C:32DEH         LINE#         410
  C:32E1H         LINE#         413
  C:32E4H         LINE#         414
  C:32E7H         LINE#         422
  -------         ENDPROC       DEVICES_INIT
  -------         PROC          SUSPEND_DEVICE
  C:391BH         LINE#         426
  C:391BH         LINE#         427
  C:391BH         LINE#         428
  -------         ENDPROC       SUSPEND_DEVICE
  -------         PROC          USB_API_TEST_ISR
  -------         DO            
  X:0051H         SYMBOL        INTVAL
  -------         ENDDO         
  C:1EB6H         LINE#         432
  C:1ED3H         LINE#         434
  C:1EDAH         LINE#         436
  C:1EE0H         LINE#         437
  C:1EE0H         LINE#         438
BL51 BANKED LINKER/LOCATER V6.22                                                      07/05/2019  09:35:34  PAGE 14


  C:1EEBH         LINE#         440
  C:1F07H         LINE#         441
  C:1F07H         LINE#         442
  C:1F09H         LINE#         443
  C:1F0BH         LINE#         444
  C:1F21H         LINE#         445
  C:1F21H         LINE#         446
  C:1F23H         LINE#         447
  C:1F25H         LINE#         448
  C:1F3DH         LINE#         449
  C:1F3DH         LINE#         450
  C:1F3FH         LINE#         451
  C:1F41H         LINE#         452
  C:1F5BH         LINE#         453
  C:1F5BH         LINE#         454
  C:1F5DH         LINE#         455
  C:1F5FH         LINE#         456
  C:1F74H         LINE#         457
  C:1F74H         LINE#         458
  C:1F76H         LINE#         459
  C:1F78H         LINE#         461
  C:1F78H         LINE#         462
  C:1F7DH         LINE#         463
  C:1F7DH         LINE#         464
  C:1F7DH         LINE#         466
  C:1F7DH         LINE#         467
  C:1F7DH         LINE#         469
  C:1F7DH         LINE#         471
  C:1F83H         LINE#         472
  C:1F83H         LINE#         473
  C:1F86H         LINE#         474
  C:1F86H         LINE#         476
  C:1F8CH         LINE#         477
  C:1F8CH         LINE#         478
  C:1F8FH         LINE#         479
  C:1F8FH         LINE#         481
  C:1F95H         LINE#         482
  C:1F95H         LINE#         483
  C:1FAFH         LINE#         484
  C:1FAFH         LINE#         486
  C:1FB5H         LINE#         487
  C:1FB5H         LINE#         488
  C:1FBAH         LINE#         489
  C:1FD4H         LINE#         490
  C:1FD4H         LINE#         491
  -------         ENDPROC       USB_API_TEST_ISR
  -------         ENDMOD        MAIN

  -------         MODULE        MMC_SD
  C:0000H         SYMBOL        _ICE_DUMMY_
  D:00A2H         PUBLIC        SPI0CKR
  D:0080H         PUBLIC        P0
  D:0090H         PUBLIC        P1
  D:00A0H         PUBLIC        P2
  D:00B0H         PUBLIC        P3
  C:3123H         PUBLIC        _MMC_SD_SendCommand
  C:32EAH         PUBLIC        _MMC_SD_ReadSingleBlock
BL51 BANKED LINKER/LOCATER V6.22                                                      07/05/2019  09:35:34  PAGE 15


  C:38DCH         PUBLIC        SD_Init
  C:302EH         PUBLIC        _MMC_SD_WriteSingleBlock
  B:00F8H.7       PUBLIC        SPIF
  B:00F8H.2       PUBLIC        NSSMD0
  C:26FDH         PUBLIC        MMC_SD_Reset
  D:00A9H         PUBLIC        CLKSEL
  C:3907H         PUBLIC        SPI_ReadByte
  C:3895H         PUBLIC        _SPI_WriteByte
  D:00A3H         PUBLIC        SPI0DAT
  X:0075H         PUBLIC        buffer
  C:3889H         SYMBOL        L?0062
  C:388EH         SYMBOL        L?0063
  -------         PROC          L?0061
  -------         ENDPROC       L?0061
  C:3889H         SYMBOL        L?0062
  C:388EH         SYMBOL        L?0063
  -------         PROC          _SPI_WRITEBYTE
  D:0007H         SYMBOL        val
  -------         DO            
  D:0007H         SYMBOL        ret
  -------         ENDDO         
  C:3895H         LINE#         7
  C:3895H         LINE#         8
  C:3895H         LINE#         11
  C:3897H         LINE#         12
  C:389AH         LINE#         13
  C:389CH         LINE#         14
  C:389EH         LINE#         15
  C:389EH         LINE#         16
  -------         ENDPROC       _SPI_WRITEBYTE
  -------         PROC          SPI_READBYTE
  -------         DO            
  D:0007H         SYMBOL        ret
  -------         ENDDO         
  C:3907H         LINE#         18
  C:3907H         LINE#         19
  C:3907H         LINE#         22
  C:390AH         LINE#         23
  C:390DH         LINE#         24
  C:390FH         LINE#         25
  C:3911H         LINE#         26
  C:3911H         LINE#         27
  -------         ENDPROC       SPI_READBYTE
  -------         PROC          _MMC_SD_SENDCOMMAND
  D:0006H         SYMBOL        cmd
  X:0061H         SYMBOL        arg
  -------         DO            
  D:0007H         SYMBOL        r1
  D:0003H         SYMBOL        retry
  -------         ENDDO         
  C:3123H         LINE#         29
  C:3125H         LINE#         30
  C:3125H         LINE#         32
  C:3127H         LINE#         34
  C:3127H         LINE#         35
  C:3127H         LINE#         36
  C:312AH         LINE#         37
BL51 BANKED LINKER/LOCATER V6.22                                                      07/05/2019  09:35:34  PAGE 16


  C:312AH         LINE#         38
  C:312AH         LINE#         39
  C:312DH         LINE#         41
  C:312FH         LINE#         43
  C:3136H         LINE#         44
  C:314BH         LINE#         45
  C:3160H         LINE#         46
  C:3175H         LINE#         47
  C:317FH         LINE#         48
  C:3184H         LINE#         50
  C:318CH         LINE#         51
  C:3195H         LINE#         53
  C:3197H         LINE#         55
  C:3197H         LINE#         56
  -------         ENDPROC       _MMC_SD_SENDCOMMAND
  -------         PROC          MMC_SD_RESET
  -------         DO            
  D:0005H         SYMBOL        i
  D:0002H         SYMBOL        retry
  D:0006H         SYMBOL        r1
  -------         ENDDO         
  C:26FDH         LINE#         58
  C:26FDH         LINE#         59
  C:26FDH         LINE#         62
  C:26FFH         LINE#         64
  C:2700H         LINE#         65
  C:2703H         LINE#         66
  C:2706H         LINE#         68
  C:2706H         LINE#         69
  C:2712H         LINE#         70
  C:2722H         LINE#         71
  C:2723H         LINE#         72
  C:2729H         LINE#         73
  C:272DH         LINE#         75
  C:272FH         LINE#         77
  C:272FH         LINE#         79
  C:272FH         LINE#         80
  C:273FH         LINE#         81
  C:2740H         LINE#         82
  C:2749H         LINE#         83
  C:274DH         LINE#         85
  C:274FH         LINE#         86
  C:275FH         LINE#         87
  C:2760H         LINE#         88
  C:2769H         LINE#         89
  C:276CH         LINE#         91
  C:276FH         LINE#         92
  C:276FH         LINE#         93
  C:2771H         LINE#         95
  C:2771H         LINE#         96
  C:2781H         LINE#         97
  C:2782H         LINE#         98
  C:278BH         LINE#         99
  C:278EH         LINE#         100
  C:278EH         LINE#         101
  C:279EH         LINE#         103
  C:27ACH         LINE#         104
BL51 BANKED LINKER/LOCATER V6.22                                                      07/05/2019  09:35:34  PAGE 17


  C:27AFH         LINE#         105
  C:27B2H         LINE#         106
  C:27B3H         LINE#         107
  -------         ENDPROC       MMC_SD_RESET
  -------         PROC          _MMC_SD_READSINGLEBLOCK
  X:0010H         SYMBOL        sector
  -------         DO            
  D:0007H         SYMBOL        r1
  D:0004H         SYMBOL        i
  D:0002H         SYMBOL        retry
  -------         ENDDO         
  C:32EAH         LINE#         109
  C:32EFH         LINE#         110
  C:32EFH         LINE#         113
  C:32F1H         LINE#         115
  C:32F4H         LINE#         117
  C:32F4H         LINE#         118
  C:3310H         LINE#         119
  C:3311H         LINE#         120
  C:331AH         LINE#         121
  C:331DH         LINE#         124
  C:331FH         LINE#         126
  C:3325H         LINE#         128
  C:3328H         LINE#         129
  C:3328H         LINE#         130
  C:3337H         LINE#         131
  C:3344H         LINE#         133
  C:3344H         LINE#         134
  C:3347H         LINE#         136
  C:3349H         LINE#         137
  C:334CH         LINE#         138
  C:334DH         LINE#         139
  -------         ENDPROC       _MMC_SD_READSINGLEBLOCK
  -------         PROC          _MMC_SD_WRITESINGLEBLOCK
  X:005CH         SYMBOL        sector
  -------         DO            
  D:0006H         SYMBOL        r1
  D:0004H         SYMBOL        i
  D:0002H         SYMBOL        retry
  -------         ENDDO         
  C:302EH         LINE#         141
  C:3033H         LINE#         142
  C:3033H         LINE#         145
  C:3035H         LINE#         147
  C:3038H         LINE#         149
  C:3038H         LINE#         150
  C:3056H         LINE#         151
  C:3057H         LINE#         152
  C:3060H         LINE#         153
  C:3063H         LINE#         157
  C:3065H         LINE#         159
  C:306AH         LINE#         161
  C:306FH         LINE#         163
  C:3071H         LINE#         164
  C:3071H         LINE#         165
  C:3080H         LINE#         166
  C:308DH         LINE#         168
BL51 BANKED LINKER/LOCATER V6.22                                                      07/05/2019  09:35:34  PAGE 18


  C:308DH         LINE#         169
  C:308DH         LINE#         171
  C:3092H         LINE#         173
  C:3099H         LINE#         174
  C:3099H         LINE#         175
  C:309BH         LINE#         176
  C:309CH         LINE#         177
  C:309CH         LINE#         179
  C:30A4H         LINE#         181
  C:30A6H         LINE#         182
  C:30A9H         LINE#         183
  C:30AAH         LINE#         184
  -------         ENDPROC       _MMC_SD_WRITESINGLEBLOCK
  -------         PROC          SD_INIT
  -------         DO            
  D:0001H         SYMBOL        n
  -------         ENDDO         
  C:38DCH         LINE#         187
  C:38DCH         LINE#         188
  C:38DCH         LINE#         189
  C:38DEH         LINE#         191
  C:38E4H         LINE#         192
  C:38E4H         LINE#         193
  C:38E5H         LINE#         194
  C:38ECH         LINE#         196
  -------         ENDPROC       SD_INIT
  -------         ENDMOD        MMC_SD

  -------         MODULE        LCD
  C:0000H         SYMBOL        _ICE_DUMMY_
  D:0080H         PUBLIC        P0
  C:29C8H         PUBLIC        DispFrame
  D:0090H         PUBLIC        P1
  C:2A72H         PUBLIC        DispScaleVer_Green
  D:00A0H         PUBLIC        P2
  D:00B0H         PUBLIC        P3
  C:1953H         PUBLIC        DispBand
  C:36A9H         PUBLIC        _WriteData
  C:0699H         PUBLIC        ascii
  C:1D74H         PUBLIC        _LCD_Read_IC_ID
  D:00A6H         PUBLIC        P2MDOUT
  C:0046H         PUBLIC        _DispColor
  C:2F20H         PUBLIC        DispScaleVer_Blue
  C:2E05H         PUBLIC        _DrawGird
  C:2FA8H         PUBLIC        _DrawLine
  B:00D0H.7       PUBLIC        CY
  C:3701H         PUBLIC        _WriteComm
  C:0018H         PUBLIC        _WriteDispData
  C:2D72H         PUBLIC        DispScaleVer_Gray
  B:00B0H.1       PUBLIC        RS
  B:00A0H.1       PUBLIC        SPI_CLK
  C:2CDFH         PUBLIC        DispScaleVer_Red
  C:2126H         PUBLIC        DispScaleVer
  C:2662H         PUBLIC        _DispOneChar
  C:30ABH         PUBLIC        DispGrayHor32
  C:2B14H         PUBLIC        DispGrayHor16
  C:27B4H         PUBLIC        _DispInt
BL51 BANKED LINKER/LOCATER V6.22                                                      07/05/2019  09:35:34  PAGE 19


  C:3507H         PUBLIC        _PutPixel
  D:00A9H         PUBLIC        CLKSEL
  B:0090H.6       PUBLIC        RD0
  B:00B0H.0       PUBLIC        CS0
  X:004FH         PUBLIC        LCM_ID
  C:1C30H         PUBLIC        LCD_Init
  C:2C49H         PUBLIC        _DispStr
  C:13D9H         PUBLIC        DispScaleHor1
  B:00A0H.0       PUBLIC        SPI_DI
  C:3912H         PUBLIC        _WriteOneDot
  C:15F9H         PUBLIC        DispScaleHor2
  C:247CH         PUBLIC        _DispPicFromSD
  B:0080H.7       PUBLIC        DIR
  C:334EH         PUBLIC        _ToOrd
  B:0080H.5       PUBLIC        RST
  C:389FH         PUBLIC        ReadData
  C:2BC7H         PUBLIC        _?BlockWrite
  -------         PROC          _LCD_READ_IC_ID
  X:005CH         SYMBOL        ID
  D:0004H         SYMBOL        Bug
  D:0003H         SYMBOL        flog
  -------         DO            
  X:005DH         SYMBOL        id
  X:005FH         SYMBOL        id1
  X:0061H         SYMBOL        temp
  D:0005H         SYMBOL        i
  D:0007H         SYMBOL        dat
  D:0001H         SYMBOL        id2
  X:0063H         SYMBOL        id3
  -------         ENDDO         
  C:1D74H         LINE#         35
  C:1D78H         LINE#         36
  C:1D78H         LINE#         39
  C:1D81H         LINE#         40
  C:1D81H         LINE#         42
  C:1D84H         LINE#         43
  C:1D86H         LINE#         44
  C:1D88H         LINE#         45
  C:1D8AH         LINE#         46
  C:1D8CH         LINE#         47
  C:1D8CH         LINE#         48
  C:1D8EH         LINE#         49
  C:1D96H         LINE#         50
  C:1D98H         LINE#         52
  C:1D9AH         LINE#         53
  C:1D9EH         LINE#         54
  C:1DA3H         LINE#         55
  C:1DA6H         LINE#         58
  C:1DB0H         LINE#         59
  C:1DB0H         LINE#         60
  C:1DB2H         LINE#         61
  C:1DB2H         LINE#         62
  C:1DB4H         LINE#         63
  C:1DB6H         LINE#         64
  C:1DB8H         LINE#         65
  C:1DCFH         LINE#         66
  C:1DD1H         LINE#         67
BL51 BANKED LINKER/LOCATER V6.22                                                      07/05/2019  09:35:34  PAGE 20


  C:1DD3H         LINE#         68
  C:1DDAH         LINE#         69
  C:1DE4H         LINE#         70
  C:1DE4H         LINE#         71
  C:1DE6H         LINE#         72
  C:1DE6H         LINE#         73
  C:1DE8H         LINE#         74
  C:1DEAH         LINE#         75
  C:1DECH         LINE#         76
  C:1E03H         LINE#         77
  C:1E05H         LINE#         78
  C:1E07H         LINE#         79
  C:1E0CH         LINE#         80
  C:1E0CH         LINE#         82
  C:1E0EH         LINE#         83
  C:1E0EH         LINE#         84
  C:1E10H         LINE#         85
  C:1E12H         LINE#         86
  C:1E14H         LINE#         87
  C:1E2BH         LINE#         88
  C:1E2DH         LINE#         89
  C:1E2FH         LINE#         90
  C:1E34H         LINE#         92
  C:1E36H         LINE#         93
  C:1E36H         LINE#         94
  C:1E38H         LINE#         95
  C:1E3AH         LINE#         96
  C:1E3CH         LINE#         97
  C:1E46H         LINE#         98
  C:1E48H         LINE#         99
  C:1E4AH         LINE#         100
  C:1E4FH         LINE#         102
  C:1E51H         LINE#         103
  C:1E51H         LINE#         104
  C:1E53H         LINE#         105
  C:1E55H         LINE#         106
  C:1E57H         LINE#         107
  C:1E63H         LINE#         108
  C:1E65H         LINE#         109
  C:1E67H         LINE#         110
  C:1E6CH         LINE#         111
  C:1E6FH         LINE#         112
  C:1E71H         LINE#         113
  C:1E73H         LINE#         114
  C:1E75H         LINE#         115
  C:1E77H         LINE#         116
  C:1E79H         LINE#         117
  C:1E7BH         LINE#         119
  C:1E7FH         LINE#         120
  C:1E7FH         LINE#         121
  C:1E8FH         LINE#         123
  C:1E9AH         LINE#         124
  C:1E9AH         LINE#         125
  C:1E9AH         LINE#         127
  C:1EA0H         LINE#         128
  C:1EA0H         LINE#         129
  C:1EACH         LINE#         130
BL51 BANKED LINKER/LOCATER V6.22                                                      07/05/2019  09:35:34  PAGE 21


  C:1EACH         LINE#         132
  C:1EACH         LINE#         133
  C:1EAEH         LINE#         134
  C:1EB5H         LINE#         135
  -------         ENDPROC       _LCD_READ_IC_ID
  -------         PROC          _WRITECOMM
  D:0004H         SYMBOL        i
  -------         DO            
  D:0003H         SYMBOL        j
  X:0074H         SYMBOL        DataH
  -------         ENDDO         
  C:3701H         LINE#         138
  C:3705H         LINE#         139
  C:3705H         LINE#         141
  C:3709H         LINE#         142
  C:370BH         LINE#         206
  C:370BH         LINE#         239
  C:370DH         LINE#         240
  C:370FH         LINE#         241
  C:370FH         LINE#         242
  C:3713H         LINE#         243
  C:3717H         LINE#         245
  C:3719H         LINE#         246
  C:3720H         LINE#         247
  C:3722H         LINE#         248
  C:3724H         LINE#         250
  C:3729H         LINE#         252
  C:3729H         LINE#         255
  C:372BH         LINE#         256
  -------         ENDPROC       _WRITECOMM
  -------         PROC          L?0451
  -------         ENDPROC       L?0451
  -------         PROC          _WRITEDATA
  D:0004H         SYMBOL        i
  -------         DO            
  D:0003H         SYMBOL        j
  X:0074H         SYMBOL        DataH
  -------         ENDDO         
  C:36A9H         LINE#         258
  C:36ADH         LINE#         259
  C:36ADH         LINE#         261
  C:36B1H         LINE#         262
  C:36B3H         LINE#         402
  C:36B3H         LINE#         433
  C:36B5H         LINE#         434
  C:36B7H         LINE#         435
  C:36B7H         LINE#         436
  C:36BBH         LINE#         437
  C:36BFH         LINE#         439
  C:36C1H         LINE#         440
  C:36C8H         LINE#         441
  C:36CAH         LINE#         442
  C:36CCH         LINE#         444
  C:36D1H         LINE#         446
  C:36D1H         LINE#         449
  C:36D3H         LINE#         450
  -------         ENDPROC       _WRITEDATA
BL51 BANKED LINKER/LOCATER V6.22                                                      07/05/2019  09:35:34  PAGE 22


  C:0003H         SYMBOL        L?0450
  -------         PROC          L?0449
  -------         ENDPROC       L?0449
  C:0003H         SYMBOL        L?0450
  -------         PROC          _WRITEDISPDATA
  D:0007H         SYMBOL        DataH
  D:0005H         SYMBOL        DataL
  -------         DO            
  D:0006H         SYMBOL        j
  -------         ENDDO         
  C:0018H         LINE#         452
  C:0018H         LINE#         453
  C:0018H         LINE#         455
  C:001AH         LINE#         529
  C:001AH         LINE#         530
  C:001CH         LINE#         531
  C:001EH         LINE#         532
  C:001EH         LINE#         533
  C:0022H         LINE#         534
  C:0024H         LINE#         535
  C:0026H         LINE#         536
  C:0028H         LINE#         537
  C:002DH         LINE#         539
  C:002FH         LINE#         540
  C:0031H         LINE#         541
  C:0031H         LINE#         542
  C:0035H         LINE#         543
  C:0037H         LINE#         544
  C:0039H         LINE#         545
  C:003BH         LINE#         546
  C:0040H         LINE#         571
  C:0040H         LINE#         574
  C:0042H         LINE#         575
  -------         ENDPROC       _WRITEDISPDATA
  -------         PROC          _WRITEONEDOT
  D:0004H         SYMBOL        color
  C:3912H         LINE#         577
  C:3916H         LINE#         578
  C:3916H         LINE#         592
  -------         ENDPROC       _WRITEONEDOT
  -------         PROC          LCD_INIT
  C:1C30H         LINE#         600
  C:1C30H         LINE#         601
  C:1C30H         LINE#         602
  C:1C33H         LINE#         605
  C:1C35H         LINE#         606
  C:1C3CH         LINE#         608
  C:1C3EH         LINE#         609
  C:1C45H         LINE#         611
  C:1C47H         LINE#         612
  C:1C4EH         LINE#         984
  C:1C55H         LINE#         985
  C:1C5AH         LINE#         987
  C:1C5FH         LINE#         988
  C:1C64H         LINE#         989
  C:1C69H         LINE#         991
  C:1C6EH         LINE#         992
BL51 BANKED LINKER/LOCATER V6.22                                                      07/05/2019  09:35:34  PAGE 23


  C:1C73H         LINE#         994
  C:1C78H         LINE#         995
  C:1C7DH         LINE#         996
  C:1C82H         LINE#         998
  C:1C87H         LINE#         999
  C:1C8CH         LINE#         1001
  C:1C91H         LINE#         1002
  C:1C96H         LINE#         1004
  C:1C9BH         LINE#         1005
  C:1CA0H         LINE#         1007
  C:1CA5H         LINE#         1008
  C:1CAAH         LINE#         1010
  C:1CAFH         LINE#         1011
  C:1CB4H         LINE#         1012
  C:1CB9H         LINE#         1013
  C:1CBEH         LINE#         1014
  C:1CC3H         LINE#         1015
  C:1CC8H         LINE#         1016
  C:1CCDH         LINE#         1017
  C:1CD2H         LINE#         1018
  C:1CD7H         LINE#         1019
  C:1CDCH         LINE#         1020
  C:1CE1H         LINE#         1021
  C:1CE5H         LINE#         1022
  C:1CEAH         LINE#         1023
  C:1CEFH         LINE#         1024
  C:1CF3H         LINE#         1025
  C:1CF8H         LINE#         1027
  C:1CFDH         LINE#         1028
  C:1D02H         LINE#         1029
  C:1D07H         LINE#         1030
  C:1D0CH         LINE#         1031
  C:1D11H         LINE#         1032
  C:1D16H         LINE#         1033
  C:1D1BH         LINE#         1034
  C:1D20H         LINE#         1035
  C:1D25H         LINE#         1036
  C:1D2AH         LINE#         1037
  C:1D2FH         LINE#         1038
  C:1D34H         LINE#         1039
  C:1D39H         LINE#         1040
  C:1D3EH         LINE#         1041
  C:1D42H         LINE#         1042
  C:1D47H         LINE#         1044
  C:1D4CH         LINE#         1045
  C:1D51H         LINE#         1047
  C:1D56H         LINE#         1048
  C:1D5BH         LINE#         1049
  C:1D60H         LINE#         1051
  C:1D65H         LINE#         1052
  C:1D6AH         LINE#         1053
  C:1D71H         LINE#         1055
  -------         ENDPROC       LCD_INIT
  C:2BB0H         SYMBOL        L?0445
  -------         PROC          L?0444
  -------         ENDPROC       L?0444
  C:2BB0H         SYMBOL        L?0445
BL51 BANKED LINKER/LOCATER V6.22                                                      07/05/2019  09:35:34  PAGE 24


  -------         PROC          _?BLOCKWRITE
  p:0000H         SYMBOL        Xstart
  p:0002H         SYMBOL        Xend
  p:0004H         SYMBOL        Ystart
  p:0006H         SYMBOL        Yend
  C:2BC7H         LINE#         4262
  C:2BE8H         LINE#         4363
  C:2BEFH         LINE#         4364
  C:2BF6H         LINE#         4365
  C:2BFEH         LINE#         4366
  C:2C09H         LINE#         4367
  C:2C13H         LINE#         4369
  C:2C18H         LINE#         4370
  C:2C22H         LINE#         4371
  C:2C29H         LINE#         4372
  C:2C33H         LINE#         4373
  C:2C3AH         LINE#         4379
  C:2C3FH         LINE#         4382
  C:2C42H         LINE#         4386
  -------         ENDPROC       _?BLOCKWRITE
  -------         PROC          _DISPCOLOR
  D:0004H         SYMBOL        color
  -------         DO            
  X:0053H         SYMBOL        i
  D:0002H         SYMBOL        m
  X:0055H         SYMBOL        DataH
  X:0056H         SYMBOL        DataL
  -------         ENDDO         
  C:0046H         LINE#         4388
  C:0048H         LINE#         4389
  C:0048H         LINE#         4392
  C:004EH         LINE#         4394
  C:0051H         LINE#         4396
  C:0053H         LINE#         4397
  C:0059H         LINE#         4398
  C:0059H         LINE#         4399
  C:005CH         LINE#         4400
  C:005CH         LINE#         4401
  C:0066H         LINE#         4402
  C:0071H         LINE#         4403
  C:0087H         LINE#         4405
  C:0089H         LINE#         4406
  -------         ENDPROC       _DISPCOLOR
  -------         PROC          DISPFRAME
  -------         DO            
  D:0002H         SYMBOL        i
  X:0053H         SYMBOL        j
  D:0001H         SYMBOL        DataH
  D:0004H         SYMBOL        DataL
  -------         ENDDO         
  C:29C8H         LINE#         4408
  C:29C8H         LINE#         4409
  C:29C8H         LINE#         4412
  C:29CBH         LINE#         4414
  C:29CDH         LINE#         4417
  C:29D7H         LINE#         4420
  C:29D9H         LINE#         4421
BL51 BANKED LINKER/LOCATER V6.22                                                      07/05/2019  09:35:34  PAGE 25


  C:29D9H         LINE#         4423
  C:29E4H         LINE#         4425
  C:29EFH         LINE#         4427
  C:29F9H         LINE#         4429
  C:29FFH         LINE#         4430
  C:29FFH         LINE#         4432
  C:2A09H         LINE#         4434
  C:2A0CH         LINE#         4435
  C:2A0CH         LINE#         4437
  C:2A14H         LINE#         4439
  C:2A1FH         LINE#         4442
  C:2A29H         LINE#         4444
  C:2A3FH         LINE#         4446
  C:2A49H         LINE#         4448
  C:2A4CH         LINE#         4449
  C:2A4CH         LINE#         4451
  C:2A57H         LINE#         4453
  C:2A62H         LINE#         4455
  C:2A6CH         LINE#         4458
  C:2A6FH         LINE#         4459
  C:2A71H         LINE#         4460
  -------         ENDPROC       DISPFRAME
  -------         PROC          DISPBAND
  -------         DO            
  D:0002H         SYMBOL        i
  X:0053H         SYMBOL        j
  X:0054H         SYMBOL        k
  X:0055H         SYMBOL        m
  X:0056H         SYMBOL        n
  X:0057H         SYMBOL        x
  -------         ENDDO         
  C:1953H         LINE#         4462
  C:1953H         LINE#         4463
  C:1953H         LINE#         4467
  C:195DH         LINE#         4468
  C:1966H         LINE#         4469
  C:1968H         LINE#         4472
  C:196BH         LINE#         4473
  C:1979H         LINE#         4474
  C:1979H         LINE#         4475
  C:1994H         LINE#         4476
  C:19AFH         LINE#         4477
  C:19DBH         LINE#         4478
  C:19E2H         LINE#         4479
  C:19F1H         LINE#         4480
  C:19F1H         LINE#         4481
  C:1A0CH         LINE#         4482
  C:1A27H         LINE#         4483
  C:1A53H         LINE#         4484
  C:1A5AH         LINE#         4485
  C:1A70H         LINE#         4486
  C:1A70H         LINE#         4487
  C:1A8BH         LINE#         4488
  C:1AA6H         LINE#         4489
  C:1AD2H         LINE#         4490
  C:1AD9H         LINE#         4491
  C:1ADBH         LINE#         4492
BL51 BANKED LINKER/LOCATER V6.22                                                      07/05/2019  09:35:34  PAGE 26


  C:1ADEH         LINE#         4493
  -------         ENDPROC       DISPBAND
  -------         PROC          _DISPPICFROMSD
  X:0014H         SYMBOL        PicNum
  -------         DO            
  X:0015H         SYMBOL        Address_S
  X:0019H         SYMBOL        Address_E
  D:0002H         SYMBOL        i
  X:001DH         SYMBOL        k
  -------         ENDDO         
  C:247CH         LINE#         4515
  C:247FH         LINE#         4516
  C:247FH         LINE#         4522
  C:2482H         LINE#         4525
  C:2484H         LINE#         4527
  C:2486H         LINE#         4529
  C:248FH         LINE#         4530
  C:24BAH         LINE#         4531
  C:24E3H         LINE#         4532
  C:2506H         LINE#         4533
  C:2506H         LINE#         4534
  C:2516H         LINE#         4536
  C:251FH         LINE#         4537
  C:251FH         LINE#         4539
  C:253AH         LINE#         4540
  C:2543H         LINE#         4541
  C:2562H         LINE#         4543
  C:2564H         LINE#         4581
  -------         ENDPROC       _DISPPICFROMSD
  -------         PROC          DISPSCALEHOR1
  -------         DO            
  X:0021H         SYMBOL        i
  X:0023H         SYMBOL        j
  D:0002H         SYMBOL        k
  -------         ENDDO         
  C:13D9H         LINE#         4586
  C:13D9H         LINE#         4587
  C:13D9H         LINE#         4590
  C:13DCH         LINE#         4593
  C:13DEH         LINE#         4594
  C:13DEH         LINE#         4595
  C:13FEH         LINE#         4596
  C:1404H         LINE#         4597
  C:1404H         LINE#         4598
  C:140AH         LINE#         4599
  C:140AH         LINE#         4600
  C:141FH         LINE#         4601
  C:1435H         LINE#         4602
  C:144BH         LINE#         4604
  C:1456H         LINE#         4607
  C:1459H         LINE#         4608
  C:1459H         LINE#         4609
  C:1479H         LINE#         4610
  C:147FH         LINE#         4611
  C:147FH         LINE#         4612
  C:1485H         LINE#         4613
  C:1485H         LINE#         4614
BL51 BANKED LINKER/LOCATER V6.22                                                      07/05/2019  09:35:34  PAGE 27


  C:14B0H         LINE#         4615
  C:14C6H         LINE#         4616
  C:14DCH         LINE#         4617
  C:14EAH         LINE#         4620
  C:14EDH         LINE#         4621
  C:14EDH         LINE#         4622
  C:150DH         LINE#         4623
  C:1513H         LINE#         4624
  C:1513H         LINE#         4625
  C:1519H         LINE#         4626
  C:1519H         LINE#         4627
  C:1523H         LINE#         4628
  C:1539H         LINE#         4629
  C:154FH         LINE#         4630
  C:155AH         LINE#         4633
  C:155DH         LINE#         4634
  C:155DH         LINE#         4635
  C:157DH         LINE#         4636
  C:1583H         LINE#         4637
  C:1583H         LINE#         4638
  C:1589H         LINE#         4639
  C:1589H         LINE#         4640
  C:15BCH         LINE#         4641
  C:15D2H         LINE#         4642
  C:15E8H         LINE#         4643
  C:15F6H         LINE#         4644
  C:15F8H         LINE#         4645
  -------         ENDPROC       DISPSCALEHOR1
  -------         PROC          DISPSCALEVER
  -------         DO            
  X:0025H         SYMBOL        i
  X:0027H         SYMBOL        j
  D:0002H         SYMBOL        k
  -------         ENDDO         
  C:2126H         LINE#         4647
  C:2126H         LINE#         4648
  C:2126H         LINE#         4717
  C:2129H         LINE#         4719
  C:2131H         LINE#         4720
  C:2131H         LINE#         4721
  C:2137H         LINE#         4722
  C:2137H         LINE#         4723
  C:213DH         LINE#         4724
  C:2153H         LINE#         4725
  C:215AH         LINE#         4727
  C:215DH         LINE#         4728
  C:215DH         LINE#         4730
  C:2163H         LINE#         4731
  C:2163H         LINE#         4733
  C:2169H         LINE#         4734
  C:2169H         LINE#         4735
  C:217BH         LINE#         4736
  C:2191H         LINE#         4738
  C:2197H         LINE#         4739
  C:2197H         LINE#         4740
  C:21BFH         LINE#         4741
  C:21D5H         LINE#         4743
BL51 BANKED LINKER/LOCATER V6.22                                                      07/05/2019  09:35:34  PAGE 28


  C:21DBH         LINE#         4744
  C:21DBH         LINE#         4745
  C:21E2H         LINE#         4746
  C:21F8H         LINE#         4748
  C:21FEH         LINE#         4749
  C:21FEH         LINE#         4750
  C:2212H         LINE#         4751
  C:2228H         LINE#         4753
  C:2241H         LINE#         4755
  C:224FH         LINE#         4757
  -------         ENDPROC       DISPSCALEVER
  -------         PROC          DISPSCALEVER_RED
  -------         DO            
  X:0029H         SYMBOL        i
  X:002BH         SYMBOL        j
  D:0002H         SYMBOL        k
  -------         ENDDO         
  C:2CDFH         LINE#         4759
  C:2CDFH         LINE#         4760
  C:2CDFH         LINE#         4763
  C:2CE2H         LINE#         4765
  C:2CE4H         LINE#         4767
  C:2CE6H         LINE#         4770
  C:2CEEH         LINE#         4771
  C:2CEEH         LINE#         4772
  C:2CF4H         LINE#         4773
  C:2CF4H         LINE#         4774
  C:2CFAH         LINE#         4775
  C:2D10H         LINE#         4776
  C:2D17H         LINE#         4778
  C:2D1AH         LINE#         4779
  C:2D1AH         LINE#         4780
  C:2D20H         LINE#         4781
  C:2D20H         LINE#         4783
  C:2D26H         LINE#         4784
  C:2D26H         LINE#         4785
  C:2D38H         LINE#         4786
  C:2D4EH         LINE#         4787
  C:2D64H         LINE#         4789
  C:2D6FH         LINE#         4791
  C:2D71H         LINE#         4792
  -------         ENDPROC       DISPSCALEVER_RED
  -------         PROC          DISPSCALEVER_GREEN
  -------         DO            
  X:002DH         SYMBOL        i
  X:002FH         SYMBOL        j
  D:0002H         SYMBOL        k
  -------         ENDDO         
  C:2A72H         LINE#         4794
  C:2A72H         LINE#         4795
  C:2A72H         LINE#         4798
  C:2A75H         LINE#         4800
  C:2A77H         LINE#         4801
  C:2A79H         LINE#         4804
  C:2A81H         LINE#         4805
  C:2A81H         LINE#         4806
  C:2A87H         LINE#         4807
BL51 BANKED LINKER/LOCATER V6.22                                                      07/05/2019  09:35:34  PAGE 29


  C:2A87H         LINE#         4808
  C:2A8DH         LINE#         4810
  C:2AA3H         LINE#         4811
  C:2AAAH         LINE#         4813
  C:2AADH         LINE#         4814
  C:2AADH         LINE#         4815
  C:2AB3H         LINE#         4816
  C:2AB3H         LINE#         4818
  C:2AB9H         LINE#         4819
  C:2AB9H         LINE#         4821
  C:2ADAH         LINE#         4822
  C:2AF0H         LINE#         4823
  C:2B06H         LINE#         4825
  C:2B11H         LINE#         4827
  C:2B13H         LINE#         4828
  -------         ENDPROC       DISPSCALEVER_GREEN
  -------         PROC          DISPSCALEVER_BLUE
  -------         DO            
  X:0031H         SYMBOL        i
  X:0033H         SYMBOL        j
  D:0002H         SYMBOL        k
  -------         ENDDO         
  C:2F20H         LINE#         4830
  C:2F20H         LINE#         4831
  C:2F20H         LINE#         4834
  C:2F23H         LINE#         4836
  C:2F25H         LINE#         4837
  C:2F27H         LINE#         4840
  C:2F2FH         LINE#         4841
  C:2F2FH         LINE#         4842
  C:2F35H         LINE#         4843
  C:2F35H         LINE#         4844
  C:2F3BH         LINE#         4845
  C:2F51H         LINE#         4846
  C:2F58H         LINE#         4848
  C:2F5BH         LINE#         4849
  C:2F5BH         LINE#         4850
  C:2F61H         LINE#         4851
  C:2F61H         LINE#         4853
  C:2F67H         LINE#         4854
  C:2F67H         LINE#         4855
  C:2F6EH         LINE#         4856
  C:2F84H         LINE#         4857
  C:2F9AH         LINE#         4859
  C:2FA5H         LINE#         4861
  C:2FA7H         LINE#         4862
  -------         ENDPROC       DISPSCALEVER_BLUE
  -------         PROC          DISPSCALEVER_GRAY
  -------         DO            
  X:0035H         SYMBOL        i
  X:0037H         SYMBOL        j
  D:0002H         SYMBOL        k
  -------         ENDDO         
  C:2D72H         LINE#         4864
  C:2D72H         LINE#         4865
  C:2D72H         LINE#         4868
  C:2D75H         LINE#         4870
BL51 BANKED LINKER/LOCATER V6.22                                                      07/05/2019  09:35:34  PAGE 30


  C:2D77H         LINE#         4875
  C:2D7FH         LINE#         4876
  C:2D7FH         LINE#         4877
  C:2D85H         LINE#         4878
  C:2D85H         LINE#         4879
  C:2D8BH         LINE#         4881
  C:2DA1H         LINE#         4882
  C:2DA8H         LINE#         4884
  C:2DABH         LINE#         4885
  C:2DABH         LINE#         4886
  C:2DB1H         LINE#         4887
  C:2DB1H         LINE#         4889
  C:2DB7H         LINE#         4890
  C:2DB7H         LINE#         4891
  C:2DCBH         LINE#         4892
  C:2DE1H         LINE#         4893
  C:2DF7H         LINE#         4895
  C:2E02H         LINE#         4897
  C:2E04H         LINE#         4898
  -------         ENDPROC       DISPSCALEVER_GRAY
  -------         PROC          DISPGRAYHOR16
  -------         DO            
  X:0053H         SYMBOL        i
  D:0002H         SYMBOL        j
  X:0055H         SYMBOL        k
  -------         ENDDO         
  C:2B14H         LINE#         4900
  C:2B14H         LINE#         4901
  C:2B14H         LINE#         4904
  C:2B17H         LINE#         4906
  C:2B19H         LINE#         4907
  C:2B1BH         LINE#         4909
  C:2B21H         LINE#         4910
  C:2B21H         LINE#         4911
  C:2B2AH         LINE#         4912
  C:2B2AH         LINE#         4913
  C:2B30H         LINE#         4914
  C:2B37H         LINE#         4916
  C:2B3AH         LINE#         4917
  C:2B3AH         LINE#         4918
  C:2B40H         LINE#         4919
  C:2B40H         LINE#         4920
  C:2B72H         LINE#         4921
  C:2B88H         LINE#         4922
  C:2B93H         LINE#         4923
  C:2BACH         LINE#         4925
  C:2BAEH         LINE#         4926
  -------         ENDPROC       DISPGRAYHOR16
  -------         PROC          DISPGRAYHOR32
  -------         DO            
  X:0039H         SYMBOL        i
  D:0002H         SYMBOL        j
  X:003BH         SYMBOL        k
  -------         ENDDO         
  C:30ABH         LINE#         4928
  C:30ABH         LINE#         4929
  C:30ABH         LINE#         4932
BL51 BANKED LINKER/LOCATER V6.22                                                      07/05/2019  09:35:34  PAGE 31


  C:30AEH         LINE#         4934
  C:30B0H         LINE#         4936
  C:30B6H         LINE#         4937
  C:30B6H         LINE#         4938
  C:30BFH         LINE#         4939
  C:30BFH         LINE#         4940
  C:30C5H         LINE#         4941
  C:30CCH         LINE#         4943
  C:30CFH         LINE#         4944
  C:30CFH         LINE#         4945
  C:30D5H         LINE#         4946
  C:30D5H         LINE#         4947
  C:30E9H         LINE#         4948
  C:30FFH         LINE#         4949
  C:310AH         LINE#         4950
  C:3120H         LINE#         4952
  C:3122H         LINE#         4953
  -------         ENDPROC       DISPGRAYHOR32
  -------         PROC          DISPSCALEHOR2
  -------         DO            
  X:003DH         SYMBOL        j
  D:0002H         SYMBOL        k
  -------         ENDDO         
  C:15F9H         LINE#         4955
  C:15F9H         LINE#         4956
  C:15F9H         LINE#         4959
  C:15FCH         LINE#         4961
  C:15FEH         LINE#         4962
  C:15FEH         LINE#         4963
  C:1604H         LINE#         4964
  C:1621H         LINE#         4965
  C:162CH         LINE#         4966
  C:162FH         LINE#         4967
  C:162FH         LINE#         4968
  C:1635H         LINE#         4969
  C:1652H         LINE#         4970
  C:165DH         LINE#         4971
  C:1660H         LINE#         4972
  C:1660H         LINE#         4973
  C:1666H         LINE#         4974
  C:1683H         LINE#         4975
  C:168EH         LINE#         4976
  C:1691H         LINE#         4977
  C:1691H         LINE#         4978
  C:1697H         LINE#         4979
  C:16B4H         LINE#         4980
  C:16BFH         LINE#         4981
  C:16C2H         LINE#         4982
  C:16C2H         LINE#         4983
  C:16C8H         LINE#         4984
  C:16E5H         LINE#         4985
  C:16F0H         LINE#         4986
  C:16F3H         LINE#         4987
  C:16F3H         LINE#         4988
  C:16F9H         LINE#         4989
  C:1716H         LINE#         4990
  C:1721H         LINE#         4991
BL51 BANKED LINKER/LOCATER V6.22                                                      07/05/2019  09:35:34  PAGE 32


  C:1724H         LINE#         4992
  C:1724H         LINE#         4993
  C:172AH         LINE#         4994
  C:1747H         LINE#         4995
  C:1752H         LINE#         4996
  C:1755H         LINE#         4997
  C:1755H         LINE#         4998
  C:175BH         LINE#         4999
  C:1777H         LINE#         5000
  C:1782H         LINE#         5001
  C:178BH         LINE#         5002
  C:178BH         LINE#         5003
  C:1791H         LINE#         5004
  C:17ADH         LINE#         5005
  C:17B4H         LINE#         5007
  -------         ENDPROC       DISPSCALEHOR2
  -------         PROC          _TOORD
  D:0007H         SYMBOL        ch
  C:334EH         LINE#         5112
  C:334EH         LINE#         5113
  C:334EH         LINE#         5114
  C:3354H         LINE#         5115
  C:3354H         LINE#         5116
  C:3356H         LINE#         5117
  C:3358H         LINE#         5118
  C:3364H         LINE#         5119
  C:3364H         LINE#         5120
  C:3368H         LINE#         5121
  C:336AH         LINE#         5122
  C:3376H         LINE#         5123
  C:3376H         LINE#         5124
  C:337AH         LINE#         5125
  C:337CH         LINE#         5126
  C:3388H         LINE#         5127
  C:3388H         LINE#         5128
  C:338CH         LINE#         5129
  C:338EH         LINE#         5130
  C:339AH         LINE#         5131
  C:339AH         LINE#         5132
  C:339EH         LINE#         5133
  C:33A0H         LINE#         5134
  C:33A6H         LINE#         5135
  C:33A6H         LINE#         5136
  C:33A8H         LINE#         5137
  C:33A8H         LINE#         5139
  C:33A8H         LINE#         5140
  -------         ENDPROC       _TOORD
  C:263AH         SYMBOL        L?0447
  C:2652H         SYMBOL        L?0448
  -------         PROC          L?0446
  -------         ENDPROC       L?0446
  C:263AH         SYMBOL        L?0447
  C:2652H         SYMBOL        L?0448
  -------         PROC          _DISPONECHAR
  X:0067H         SYMBOL        ord
  D:0006H         SYMBOL        Xstart
  D:0002H         SYMBOL        Ystart
BL51 BANKED LINKER/LOCATER V6.22                                                      07/05/2019  09:35:34  PAGE 33


  X:006CH         SYMBOL        TextColor
  X:006EH         SYMBOL        BackColor
  -------         DO            
  X:0070H         SYMBOL        i
  D:0002H         SYMBOL        j
  X:0071H         SYMBOL        p
  D:0003H         SYMBOL        dat
  D:0006H         SYMBOL        index
  -------         ENDDO         
  C:2662H         LINE#         5142
  C:266AH         LINE#         5143
  C:266AH         LINE#         5149
  C:2684H         LINE#         5151
  C:268AH         LINE#         5153
  C:2692H         LINE#         5154
  C:2694H         LINE#         5156
  C:26A2H         LINE#         5158
  C:26AFH         LINE#         5159
  C:26B6H         LINE#         5161
  C:26BAH         LINE#         5162
  C:26BAH         LINE#         5163
  C:26CFH         LINE#         5164
  C:26D1H         LINE#         5165
  C:26D1H         LINE#         5166
  C:26DEH         LINE#         5167
  C:26DEH         LINE#         5168
  C:26E0H         LINE#         5169
  C:26E2H         LINE#         5171
  C:26E2H         LINE#         5172
  C:26ECH         LINE#         5173
  C:26ECH         LINE#         5174
  C:26F1H         LINE#         5175
  C:26FCH         LINE#         5176
  -------         ENDPROC       _DISPONECHAR
  -------         PROC          _DISPSTR
  X:005CH         SYMBOL        str
  X:005FH         SYMBOL        Xstart
  X:0061H         SYMBOL        Ystart
  X:0063H         SYMBOL        TextColor
  X:0065H         SYMBOL        BackColor
  C:2C49H         LINE#         5178
  C:2C59H         LINE#         5179
  C:2C59H         LINE#         5181
  C:2C6EH         LINE#         5182
  C:2C6EH         LINE#         5183
  C:2CA9H         LINE#         5185
  C:2CB5H         LINE#         5186
  C:2CB5H         LINE#         5187
  C:2CB9H         LINE#         5188
  C:2CBEH         LINE#         5189
  C:2CC0H         LINE#         5191
  C:2CC0H         LINE#         5192
  C:2CCBH         LINE#         5193
  C:2CCBH         LINE#         5195
  C:2CD7H         LINE#         5196
  C:2CD7H         LINE#         5197
  C:2CDBH         LINE#         5198
BL51 BANKED LINKER/LOCATER V6.22                                                      07/05/2019  09:35:34  PAGE 34


  C:2CDBH         LINE#         5199
  C:2CDEH         LINE#         5201
  -------         ENDPROC       _DISPSTR
  -------         PROC          _DISPINT
  X:005CH         SYMBOL        i
  X:005EH         SYMBOL        Xstart
  X:0060H         SYMBOL        Ystart
  X:0062H         SYMBOL        TextColor
  X:0064H         SYMBOL        BackColor
  C:27B4H         LINE#         5203
  C:27C9H         LINE#         5204
  C:27C9H         LINE#         5205
  C:27D1H         LINE#         5206
  C:27D1H         LINE#         5207
  C:27D8H         LINE#         5208
  C:27D8H         LINE#         5209
  C:27E7H         LINE#         5210
  C:27E7H         LINE#         5211
  C:27F0H         LINE#         5212
  C:27F0H         LINE#         5214
  C:2802H         LINE#         5215
  C:2810H         LINE#         5216
  C:2829H         LINE#         5217
  -------         ENDPROC       _DISPINT
  -------         PROC          READDATA
  C:389FH         LINE#         5225
  C:389FH         LINE#         5226
  C:389FH         LINE#         5246
  C:38B1H         LINE#         5253
  C:38B4H         LINE#         5254
  -------         ENDPROC       READDATA
  -------         PROC          _PUTPIXEL
  D:0006H         SYMBOL        x
  D:0004H         SYMBOL        y
  X:0053H         SYMBOL        color
  C:3507H         LINE#         5430
  C:350EH         LINE#         5431
  C:350EH         LINE#         5432
  C:352CH         LINE#         5433
  C:3538H         LINE#         5434
  C:3543H         LINE#         5435
  C:354EH         LINE#         5436
  -------         ENDPROC       _PUTPIXEL
  -------         PROC          _DRAWLINE
  X:003FH         SYMBOL        Xstart
  X:0041H         SYMBOL        Xend
  D:0082H         SYMBOL        Ystart
  X:0045H         SYMBOL        Yend
  X:0047H         SYMBOL        color
  -------         DO            
  X:0049H         SYMBOL        i
  D:0002H         SYMBOL        j
  -------         ENDDO         
  C:2FA8H         LINE#         5439
  C:2FB9H         LINE#         5440
  C:2FB9H         LINE#         5443
  C:2FD4H         LINE#         5445
BL51 BANKED LINKER/LOCATER V6.22                                                      07/05/2019  09:35:34  PAGE 35


  C:2FF4H         LINE#         5446
  C:2FF4H         LINE#         5447
  C:300FH         LINE#         5448
  C:300FH         LINE#         5449
  C:3019H         LINE#         5450
[...]
  C:12D7H         LINE#         312
  C:12D7H         LINE#         313
  C:12D7H         LINE#         314
  C:12E2H         LINE#         315
  C:12E2H         LINE#         316
  C:12E8H         LINE#         317
  C:12F7H         LINE#         318
  C:12F7H         LINE#         319
  C:12FCH         LINE#         320
  C:12FFH         LINE#         321
  C:130EH         LINE#         322
  C:130EH         LINE#         323
  C:1323H         LINE#         324
  C:1328H         LINE#         325
  C:1330H         LINE#         326
  C:133AH         LINE#         327
  C:1348H         LINE#         328
  C:1356H         LINE#         329
  C:1358H         LINE#         331
  C:1358H         LINE#         332
  C:135DH         LINE#         333
  C:1360H         LINE#         334
  C:1378H         LINE#         335
  C:1378H         LINE#         336
  C:1391H         LINE#         337
  C:1396H         LINE#         338
  C:139EH         LINE#         339
  C:13A5H         LINE#         340
  C:13AAH         LINE#         341
  C:13AAH         LINE#         342
  C:13BEH         LINE#         343
  C:13BEH         LINE#         344
  C:13C5H         LINE#         345
  C:13CAH         LINE#         346
  C:13CAH         LINE#         347
  C:13D8H         LINE#         348
  C:13D8H         LINE#         349
  -------         ENDPROC       USBXCORE_HANDLE_SETUP
  -------         PROC          USBXCORE_FORCE_STALL
  C:3853H         LINE#         356
  C:3853H         LINE#         358
  C:385EH         LINE#         359
  C:3869H         LINE#         360
  C:386FH         LINE#         361
  -------         ENDPROC       USBXCORE_FORCE_STALL
  -------         PROC          USBXCORE_GET_STATUS
  C:320BH         LINE#         367
  C:320BH         LINE#         369
  C:321AH         LINE#         370
  C:321AH         LINE#         371
  C:321AH         LINE#         372
  C:321AH         LINE#         373
  C:321AH         LINE#         374
  C:321CH         LINE#         375
  C:321CH         LINE#         379
  C:321CH         LINE#         381
BL51 BANKED LINKER/LOCATER V6.22                                                      07/05/2019  09:35:34  PAGE 42


  C:322AH         LINE#         385
  C:322AH         LINE#         386
  C:322AH         LINE#         387
  C:322AH         LINE#         388
  C:322CH         LINE#         390
  C:322CH         LINE#         392
  C:323AH         LINE#         396
  C:323AH         LINE#         397
  C:3247H         LINE#         398
  C:3247H         LINE#         399
  C:3249H         LINE#         401
  C:3249H         LINE#         402
  C:3257H         LINE#         403
  C:3260H         LINE#         404
  C:3260H         LINE#         405
  C:3260H         LINE#         406
  C:3262H         LINE#         407
  C:3262H         LINE#         408
  C:3265H         LINE#         409
  C:3265H         LINE#         410
  C:3265H         LINE#         411
  C:326DH         LINE#         412
  C:326DH         LINE#         413
  C:3270H         LINE#         414
  C:3276H         LINE#         415
  C:327DH         LINE#         416
  C:327DH         LINE#         417
  -------         ENDPROC       USBXCORE_GET_STATUS
  -------         PROC          USBXCORE_CLEAR_FEATURE
  C:3403H         LINE#         423
  C:3403H         LINE#         425
  C:3409H         LINE#         426
  C:3409H         LINE#         428
  C:3410H         LINE#         429
  C:3410H         LINE#         430
  C:341BH         LINE#         436
  C:3426H         LINE#         437
  C:342BH         LINE#         438
  C:342DH         LINE#         440
  C:342DH         LINE#         442
  C:3438H         LINE#         446
  C:3443H         LINE#         447
  C:3448H         LINE#         448
  C:3448H         LINE#         449
  C:344AH         LINE#         451
  C:344AH         LINE#         452
  C:344DH         LINE#         453
  C:344DH         LINE#         454
  C:3458H         LINE#         455
  -------         ENDPROC       USBXCORE_CLEAR_FEATURE
  -------         PROC          USBXCORE_VENDOR_USB_API
  C:2565H         LINE#         462
  C:2565H         LINE#         464
  C:256FH         LINE#         465
  C:256FH         LINE#         466
  C:2576H         LINE#         467
  C:2576H         LINE#         468
BL51 BANKED LINKER/LOCATER V6.22                                                      07/05/2019  09:35:34  PAGE 43


  C:2579H         LINE#         469
  C:257CH         LINE#         470
  C:257EH         LINE#         472
  C:257EH         LINE#         473
  C:2585H         LINE#         474
  C:2585H         LINE#         477
  C:2590H         LINE#         482
  C:259BH         LINE#         483
  C:25A6H         LINE#         485
  C:25A6H         LINE#         486
  C:25B9H         LINE#         487
  C:25B9H         LINE#         488
  C:25BDH         LINE#         489
  C:25C8H         LINE#         491
  C:25C8H         LINE#         492
  C:25DBH         LINE#         493
  C:25DBH         LINE#         494
  C:25DFH         LINE#         495
  C:25EAH         LINE#         497
  C:25F0H         LINE#         498
  C:25F8H         LINE#         499
  C:25F8H         LINE#         500
  C:25FBH         LINE#         501
  C:25FBH         LINE#         502
  C:25FBH         LINE#         503
  C:2606H         LINE#         504
  C:2606H         LINE#         505
  C:260CH         LINE#         506
  C:2613H         LINE#         507
  C:2613H         LINE#         508
  C:2617H         LINE#         509
  C:2617H         LINE#         510
  C:261DH         LINE#         511
  C:2624H         LINE#         512
  C:2624H         LINE#         513
  C:262FH         LINE#         514
  -------         ENDPROC       USBXCORE_VENDOR_USB_API
  -------         PROC          USBXCORE_SET_FEATURE
  C:345BH         LINE#         521
  C:345BH         LINE#         523
  C:3461H         LINE#         524
  C:3461H         LINE#         526
  C:3468H         LINE#         527
  C:3468H         LINE#         528
  C:3473H         LINE#         534
  C:347EH         LINE#         535
  C:3481H         LINE#         536
  C:3483H         LINE#         538
  C:3483H         LINE#         540
  C:348EH         LINE#         544
  C:3499H         LINE#         545
  C:349FH         LINE#         546
  C:349FH         LINE#         548
  C:34A1H         LINE#         550
  C:34A1H         LINE#         551
  C:34A4H         LINE#         552
  C:34A4H         LINE#         553
BL51 BANKED LINKER/LOCATER V6.22                                                      07/05/2019  09:35:34  PAGE 44


  C:34AFH         LINE#         554
  -------         ENDPROC       USBXCORE_SET_FEATURE
  -------         PROC          USBXCORE_SET_ADDRESS
  C:3814H         LINE#         561
  C:3814H         LINE#         563
  C:3823H         LINE#         564
  C:3829H         LINE#         565
  C:3829H         LINE#         566
  C:382CH         LINE#         567
  C:382EH         LINE#         569
  C:382EH         LINE#         570
  C:3831H         LINE#         571
  C:3831H         LINE#         572
  -------         ENDPROC       USBXCORE_SET_ADDRESS
  -------         PROC          USBXCORE_GET_DESCRIPTOR
  C:2867H         LINE#         579
  C:2867H         LINE#         580
  C:2876H         LINE#         581
  C:2876H         LINE#         582
  C:2876H         LINE#         583
  C:2884H         LINE#         584
  C:2888H         LINE#         585
  C:288AH         LINE#         586
  C:288AH         LINE#         587
  C:2898H         LINE#         588
  C:28ABH         LINE#         589
  C:28ADH         LINE#         590
  C:28ADH         LINE#         591
  C:28D1H         LINE#         592
  C:28DDH         LINE#         593
  C:28DFH         LINE#         594
  C:28DFH         LINE#         595
  C:28E2H         LINE#         596
  C:28E2H         LINE#         597
  C:28E2H         LINE#         598
  C:28F8H         LINE#         599
  C:28F8H         LINE#         600
  C:2900H         LINE#         601
  C:2900H         LINE#         602
  C:2908H         LINE#         603
  C:2908H         LINE#         604
  C:290BH         LINE#         605
  C:2911H         LINE#         606
  C:2918H         LINE#         607
  C:2918H         LINE#         608
  -------         ENDPROC       USBXCORE_GET_DESCRIPTOR
  -------         PROC          USBXCORE_GET_CONFIGURATION
  C:35A9H         LINE#         614
  C:35A9H         LINE#         616
  C:35B1H         LINE#         617
  C:35B1H         LINE#         618
  C:35BDH         LINE#         619
  C:35C5H         LINE#         620
  C:35C5H         LINE#         621
  C:35C9H         LINE#         622
  C:35C9H         LINE#         623
  C:35D7H         LINE#         624
BL51 BANKED LINKER/LOCATER V6.22                                                      07/05/2019  09:35:34  PAGE 45


  C:35DFH         LINE#         625
  C:35DFH         LINE#         626
  C:35E2H         LINE#         627
  C:35E8H         LINE#         628
  C:35EFH         LINE#         629
  -------         ENDPROC       USBXCORE_GET_CONFIGURATION
  -------         PROC          USBXCORE_SET_CONFIGURATION
  C:33A9H         LINE#         635
  C:33A9H         LINE#         637
  C:33B2H         LINE#         638
  C:33B2H         LINE#         639
  C:33B9H         LINE#         640
  C:33BFH         LINE#         641
  C:33C4H         LINE#         642
  C:33C6H         LINE#         644
  C:33D1H         LINE#         645
  C:33DCH         LINE#         646
  C:33E7H         LINE#         653
  C:33F2H         LINE#         654
  C:33F4H         LINE#         656
  C:33F4H         LINE#         657
  C:33FAH         LINE#         658
  C:33FEH         LINE#         659
  C:3400H         LINE#         660
  C:3400H         LINE#         661
  -------         ENDPROC       USBXCORE_SET_CONFIGURATION
  -------         PROC          USBXCORE_GET_INTERFACE
  C:37A5H         LINE#         668
  C:37A5H         LINE#         670
  C:37B3H         LINE#         671
  C:37BBH         LINE#         672
  C:37BEH         LINE#         673
  C:37C4H         LINE#         674
  C:37CBH         LINE#         675
  -------         ENDPROC       USBXCORE_GET_INTERFACE
  -------         PROC          USBXCORE_SET_SOP
  C:38B5H         LINE#         682
  C:38B5H         LINE#         684
  C:38BDH         LINE#         685
  C:38BDH         LINE#         686
  C:38C8H         LINE#         687
  C:38C8H         LINE#         688
  -------         ENDPROC       USBXCORE_SET_SOP
  -------         PROC          USBXCORE_USB_ISR
  C:1ADFH         LINE#         699
  C:1AFCH         LINE#         702
  C:1B02H         LINE#         703
  C:1B15H         LINE#         706
  C:1B28H         LINE#         709
  C:1B2CH         LINE#         710
  C:1B2CH         LINE#         711
  C:1B37H         LINE#         712
  C:1B37H         LINE#         714
  C:1B3EH         LINE#         715
  C:1B3EH         LINE#         716
  C:1B41H         LINE#         717
  C:1B41H         LINE#         719
BL51 BANKED LINKER/LOCATER V6.22                                                      07/05/2019  09:35:34  PAGE 46


  C:1B48H         LINE#         720
  C:1B48H         LINE#         721
  C:1B55H         LINE#         722
  C:1B55H         LINE#         723
  C:1B5CH         LINE#         724
  C:1B5CH         LINE#         725
  C:1B5CH         LINE#         727
  C:1B5CH         LINE#         728
  C:1B5CH         LINE#         730
  C:1B5CH         LINE#         732
  C:1B6FH         LINE#         734
  C:1B73H         LINE#         735
  C:1B73H         LINE#         736
  C:1B76H         LINE#         737
  C:1B76H         LINE#         740
  C:1B7DH         LINE#         741
  C:1B7DH         LINE#         742
  C:1B88H         LINE#         748
  C:1B9BH         LINE#         749
  C:1BA0H         LINE#         750
  C:1BA0H         LINE#         751
  C:1BA7H         LINE#         752
  C:1BA7H         LINE#         754
  C:1BA7H         LINE#         756
  C:1BBAH         LINE#         759
  C:1BBEH         LINE#         760
  C:1BBEH         LINE#         761
  C:1BC9H         LINE#         767
  C:1BDCH         LINE#         768
  C:1BE0H         LINE#         769
  C:1BE0H         LINE#         770
  C:1BE7H         LINE#         771
  C:1BE7H         LINE#         772
  C:1BE7H         LINE#         775
  C:1BF5H         LINE#         776
  C:1BFAH         LINE#         777
  C:1C00H         LINE#         778
  C:1C05H         LINE#         781
  C:1C12H         LINE#         782
  C:1C12H         LINE#         783
  C:1C15H         LINE#         784
  C:1C15H         LINE#         785
  -------         ENDPROC       USBXCORE_USB_ISR
  -------         ENDMOD        USB_API

  -------         MODULE        USB_SUSPEND
  C:0000H         SYMBOL        _ICE_DUMMY_
  D:00D7H         PUBLIC        USB0XCN
  D:00C9H         PUBLIC        REG0CN
  C:372CH         PUBLIC        USB_Suspend
  D:00A9H         PUBLIC        CLKSEL
  D:00B2H         PUBLIC        OSCICN
  D:00B9H         PUBLIC        CLKMUL
  -------         PROC          USB_SUSPEND
  C:372CH         LINE#         70
  C:372CH         LINE#         72
  C:372FH         LINE#         74
BL51 BANKED LINKER/LOCATER V6.22                                                      07/05/2019  09:35:34  PAGE 47


  C:3732H         LINE#         76
  C:373AH         LINE#         79
  C:373DH         LINE#         80
  C:3740H         LINE#         81
  C:3743H         LINE#         82
  C:3746H         LINE#         84
  C:3747H         LINE#         86
  C:374AH         LINE#         88
  C:3750H         LINE#         92
  C:3753H         LINE#         94
  C:3756H         LINE#         95
  -------         ENDPROC       USB_SUSPEND
  -------         ENDMOD        USB_SUSPEND

  -------         MODULE        USB_INT_ENABLE
  C:0000H         SYMBOL        _ICE_DUMMY_
  C:3870H         PUBLIC        USB_Int_Enable
  D:0096H         PUBLIC        USB0ADR
  D:0097H         PUBLIC        USB0DAT
  -------         PROC          USB_INT_ENABLE
  C:3870H         LINE#         68
  C:3870H         LINE#         71
  C:3877H         LINE#         73
  C:387DH         LINE#         74
  C:387DH         LINE#         75
  C:3888H         LINE#         77
  C:3888H         LINE#         78
  -------         ENDPROC       USB_INT_ENABLE
  -------         ENDMOD        USB_INT_ENABLE

  -------         MODULE        USB_CLOCK_RECOVERY
  C:0000H         SYMBOL        _ICE_DUMMY_
  C:38FBH         PUBLIC        USBXcore_ClkRec
  D:0096H         PUBLIC        USB0ADR
  D:0097H         PUBLIC        USB0DAT
  -------         PROC          USBXCORE_CLKREC
  C:38FBH         LINE#         45
  C:38FBH         LINE#         47
  C:3906H         LINE#         48
  -------         ENDPROC       USBXCORE_CLKREC
  -------         ENDMOD        USB_CLOCK_RECOVERY

  -------         MODULE        ?C?FPMUL
  C:0C99H         PUBLIC        ?C?FPMUL
  -------         ENDMOD        ?C?FPMUL

  -------         MODULE        ?C?FCAST
  C:0DA9H         PUBLIC        ?C?FCASTC
  C:0DA4H         PUBLIC        ?C?FCASTI
  C:0D9FH         PUBLIC        ?C?FCASTL
  -------         ENDMOD        ?C?FCAST

  -------         MODULE        ?C?CASTF
  C:0DDDH         PUBLIC        ?C?CASTF
  -------         ENDMOD        ?C?CASTF

  -------         MODULE        ?C?COPY
BL51 BANKED LINKER/LOCATER V6.22                                                      07/05/2019  09:35:34  PAGE 48


  C:0F2EH         PUBLIC        ?C?COPY
  -------         ENDMOD        ?C?COPY

  -------         MODULE        ?C?CLDPTR
  C:0F54H         PUBLIC        ?C?CLDPTR
  -------         ENDMOD        ?C?CLDPTR

  -------         MODULE        ?C?CLDOPTR
  C:0F6DH         PUBLIC        ?C?CLDOPTR
  -------         ENDMOD        ?C?CLDOPTR

  -------         MODULE        ?C?IMUL
  C:0F9AH         PUBLIC        ?C?IMUL
  -------         ENDMOD        ?C?IMUL

  -------         MODULE        ?C?IILDX
  C:0FACH         PUBLIC        ?C?IILDX
  -------         ENDMOD        ?C?IILDX

  -------         MODULE        ?C?LMUL
  C:0FC2H         PUBLIC        ?C?LMUL
  -------         ENDMOD        ?C?LMUL

  -------         MODULE        ?C?ULDIV
  C:104DH         PUBLIC        ?C?ULDIV
  -------         ENDMOD        ?C?ULDIV

  -------         MODULE        ?C?LNEG
  C:10DFH         PUBLIC        ?C?LNEG
  -------         ENDMOD        ?C?LNEG

  -------         MODULE        ?C?ULCMP
  C:10EDH         PUBLIC        ?C?ULCMP
  -------         ENDMOD        ?C?ULCMP

  -------         MODULE        ?C?ULSHR
  C:10FEH         PUBLIC        ?C?ULSHR
  -------         ENDMOD        ?C?ULSHR

  -------         MODULE        ?C?LSHL
  C:1111H         PUBLIC        ?C?LSHL
  -------         ENDMOD        ?C?LSHL

  -------         MODULE        ?C?LLDIPDATA
  C:112DH         PUBLIC        ?C?LLDIPDATA
  C:1124H         PUBLIC        ?C?LLDIPDATA1
  C:1126H         PUBLIC        ?C?LLDIPDATA8
  -------         ENDMOD        ?C?LLDIPDATA

  -------         MODULE        ?C?LSTXDATA
  C:1144H         PUBLIC        ?C?LSTXDATA
  -------         ENDMOD        ?C?LSTXDATA

  -------         MODULE        ?C?LSTPDATA
  C:1150H         PUBLIC        ?C?LSTPDATA
  -------         ENDMOD        ?C?LSTPDATA

BL51 BANKED LINKER/LOCATER V6.22                                                      07/05/2019  09:35:34  PAGE 49


  -------         MODULE        ?C?LSTKXDATA
  C:115CH         PUBLIC        ?C?LSTKXDATA
  -------         ENDMOD        ?C?LSTKXDATA

  -------         MODULE        ?C?LSTKPDATA
  C:118DH         PUBLIC        ?C?LSTKPDATA
  -------         ENDMOD        ?C?LSTKPDATA

  -------         MODULE        ?C_PBP
  D:0008H         PUBLIC        ?C_PBP
  -------         ENDMOD        ?C_PBP

*** WARNING L14: INCOMPATIBLE MEMORY MODEL
    MODULE:  .\USBX_F34X.LIB (USB_API)
    MODEL:   SMALL

*** WARNING L14: INCOMPATIBLE MEMORY MODEL
    MODULE:  .\USBX_F34X.LIB (USB_SUSPEND)
    MODEL:   SMALL

*** WARNING L14: INCOMPATIBLE MEMORY MODEL
    MODULE:  .\USBX_F34X.LIB (USB_INT_ENABLE)
    MODEL:   SMALL

*** WARNING L14: INCOMPATIBLE MEMORY MODEL
    MODULE:  .\USBX_F34X.LIB (USB_CLOCK_RECOVERY)
    MODEL:   SMALL

*** WARNING L16: UNCALLED SEGMENT, IGNORED FOR OVERLAY PROCESS
    SEGMENT: ?PR?SD_INIT?MMC_SD

*** WARNING L16: UNCALLED SEGMENT, IGNORED FOR OVERLAY PROCESS
    SEGMENT: ?PR?_DISPPICFROMSD?LCD

*** WARNING L16: UNCALLED SEGMENT, IGNORED FOR OVERLAY PROCESS
    SEGMENT: ?PR?DISPSCALEHOR1?LCD

*** WARNING L16: UNCALLED SEGMENT, IGNORED FOR OVERLAY PROCESS
    SEGMENT: ?PR?DISPSCALEVER?LCD

*** WARNING L16: UNCALLED SEGMENT, IGNORED FOR OVERLAY PROCESS
    SEGMENT: ?PR?DISPSCALEVER_RED?LCD

*** WARNING L16: UNCALLED SEGMENT, IGNORED FOR OVERLAY PROCESS
    SEGMENT: ?PR?DISPSCALEVER_GREEN?LCD

*** WARNING L16: UNCALLED SEGMENT, IGNORED FOR OVERLAY PROCESS
    SEGMENT: ?PR?DISPSCALEVER_BLUE?LCD

*** WARNING L16: UNCALLED SEGMENT, IGNORED FOR OVERLAY PROCESS
    SEGMENT: ?PR?DISPSCALEVER_GRAY?LCD

*** WARNING L16: UNCALLED SEGMENT, IGNORED FOR OVERLAY PROCESS
    SEGMENT: ?PR?DISPGRAYHOR32?LCD

*** WARNING L16: UNCALLED SEGMENT, IGNORED FOR OVERLAY PROCESS
    SEGMENT: ?PR?DISPSCALEHOR2?LCD
BL51 BANKED LINKER/LOCATER V6.22                                                      07/05/2019  09:35:34  PAGE 50



*** WARNING L16: UNCALLED SEGMENT, IGNORED FOR OVERLAY PROCESS
    SEGMENT: ?PR?_DRAWGIRD?LCD

*** WARNING L15: MULTIPLE CALL TO SEGMENT
    SEGMENT: ?PR?_WRITECOMM?LCD
    CALLER1: ?PR?USB_API_TEST_ISR?MAIN
    CALLER2: ?C_C51STARTUP

*** WARNING L15: MULTIPLE CALL TO SEGMENT
    SEGMENT: ?PR?_WRITEDATA?LCD
    CALLER1: ?PR?USB_API_TEST_ISR?MAIN
    CALLER2: ?C_C51STARTUP

Program Size: data=10.0 xdata=1212 code=14621
LINK/LOCATE RUN COMPLETE.  17 WARNING(S),  0 ERROR(S)
