BL51 BANKED LINKER/LOCATER V6.22                                                        07/02/2019  14:54:59  PAGE 1


BL51 BANKED LINKER/LOCATER V6.22, INVOKED BY:
C:\KEIL\C51\BIN\BL51.EXE main.obj, mmc_sd.obj, lcd.obj, tp.obj, .\USBX_F34X.LIB TO ILI9341V_IVO28_4W1L RAMSIZE (256)


MEMORY MODEL: COMPACT WITH FLOATING POINT ARITHMETIC


INPUT MODULES INCLUDED:
  main.obj (MAIN)
  mmc_sd.obj (MMC_SD)
  lcd.obj (LCD)
  tp.obj (TP)
  .\USBX_F34X.LIB (USB_API)
  .\USBX_F34X.LIB (USB_CLOCK_START)
  .\USBX_F34X.LIB (USB_SUSPEND)
  .\USBX_F34X.LIB (GET_INTERRUPT_SOURCE)
  .\USBX_F34X.LIB (BLOCK_READ)
  .\USBX_F34X.LIB (BLOCK_WRITE)
  .\USBX_F34X.LIB (USB_INT_ENABLE)
  .\USBX_F34X.LIB (USB_CLOCK_RECOVERY)
  .\USBX_F34X.LIB (USB_JUMP_ISR)
  C:\KEIL\C51\LIB\C51FPC.LIB (?C?FPMUL)
  C:\KEIL\C51\LIB\C51FPC.LIB (?C?FCAST)
  C:\KEIL\C51\LIB\C51FPC.LIB (?C?CASTF)
  C:\KEIL\C51\LIB\C51FPC.LIB (?C?FPGETOPN)
  C:\KEIL\C51\LIB\C51C.LIB (?C_STARTUP)
  C:\KEIL\C51\LIB\C51C.LIB (?C?COPY)
  C:\KEIL\C51\LIB\C51C.LIB (?C?CLDPTR)
  C:\KEIL\C51\LIB\C51C.LIB (?C?CLDOPTR)
  C:\KEIL\C51\LIB\C51C.LIB (?C?IMUL)
  C:\KEIL\C51\LIB\C51C.LIB (?C?IILDX)
  C:\KEIL\C51\LIB\C51C.LIB (?C?LMUL)
  C:\KEIL\C51\LIB\C51C.LIB (?C?ULDIV)
  C:\KEIL\C51\LIB\C51C.LIB (?C?LNEG)
  C:\KEIL\C51\LIB\C51C.LIB (?C?ULCMP)
  C:\KEIL\C51\LIB\C51C.LIB (?C?ULSHR)
  C:\KEIL\C51\LIB\C51C.LIB (?C?LSHL)
  C:\KEIL\C51\LIB\C51C.LIB (?C?LLDIPDATA)
  C:\KEIL\C51\LIB\C51C.LIB (?C?LSTXDATA)
  C:\KEIL\C51\LIB\C51C.LIB (?C?LSTPDATA)
  C:\KEIL\C51\LIB\C51C.LIB (?C?LSTKXDATA)
  C:\KEIL\C51\LIB\C51C.LIB (?C?LSTKPDATA)
  C:\KEIL\C51\LIB\C51C.LIB (?C_PBP)
  C:\KEIL\C51\LIB\C51C.LIB (?C_INIT)


LINK MAP OF MODULE:  ILI9341V_IVO28_4W1L (MAIN)


            TYPE    BASE      LENGTH    RELOCATION   SEGMENT NAME
            -----------------------------------------------------

            * * * * * * *   D A T A   M E M O R Y   * * * * * * *
            REG     0000H     0008H     ABSOLUTE     "REG BANK 0"
            DATA    0008H     0001H     UNIT         ?C?LIB_DATA
            IDATA   0009H     0001H     UNIT         ?STACK

            * * * * * * *  X D A T A   M E M O R Y  * * * * * * *
BL51 BANKED LINKER/LOCATER V6.22                                                      07/02/2019  14:54:59  PAGE 2


            XDATA   0000H     0010H     INPAGE       ?PD?MAIN
            XDATA   0010H     0004H     INPAGE       ?PD?_MMC_SD_READSINGLEBLOCK?MMC_SD
            XDATA   0014H     000DH     INPAGE       ?PD?_DISPPICFROMSD?LCD
            XDATA   0021H     0004H     INPAGE       ?PD?DISPSCALEHOR1?LCD
            XDATA   0025H     0004H     INPAGE       ?PD?DISPSCALEVER?LCD
            XDATA   0029H     0004H     INPAGE       ?PD?DISPSCALEVER_RED?LCD
            XDATA   002DH     0004H     INPAGE       ?PD?DISPSCALEVER_GREEN?LCD
            XDATA   0031H     0004H     INPAGE       ?PD?DISPSCALEVER_BLUE?LCD
            XDATA   0035H     0004H     INPAGE       ?PD?DISPSCALEVER_GRAY?LCD
            XDATA   0039H     0004H     INPAGE       ?PD?DISPGRAYHOR32?LCD
            XDATA   003DH     0002H     INPAGE       ?PD?DISPSCALEHOR2?LCD
            XDATA   003FH     000CH     INPAGE       ?PD?_DRAWLINE?LCD
            XDATA   004BH     0004H     INPAGE       ?PD?_DRAWGIRD?LCD
            XDATA   004FH     0002H     INPAGE       ?PD?LCD
            XDATA   0051H     0024H     INPAGE       _PDATA_GROUP_
            XDATA   0075H     0200H     UNIT         ?XD?MMC_SD
            XDATA   0275H     0058H     UNIT         _XDATA_GROUP_
            XDATA   02CDH     0040H     UNIT         ?XD?MAIN
                    030DH     0333H                  *** GAP ***
            XDATA   0640H     0100H     ABSOLUTE     
            XDATA   0740H     0012H     ABSOLUTE     
            XDATA   0752H     0020H     ABSOLUTE     
            XDATA   0772H     000CH     ABSOLUTE     
            XDATA   077EH     0008H     ABSOLUTE     
            XDATA   0786H     0001H     ABSOLUTE     
            XDATA   0787H     0003H     ABSOLUTE     
            XDATA   078AH     0002H     ABSOLUTE     
            XDATA   078CH     0002H     ABSOLUTE     
            XDATA   078EH     0003H     ABSOLUTE     
            XDATA   0791H     0001H     ABSOLUTE     
            XDATA   0792H     0001H     ABSOLUTE     
            XDATA   0793H     0001H     ABSOLUTE     
            XDATA   0794H     0001H     ABSOLUTE     
            XDATA   0795H     0002H     ABSOLUTE     
            XDATA   0797H     0002H     ABSOLUTE     
            XDATA   0799H     0001H     ABSOLUTE     
            XDATA   079AH     0001H     ABSOLUTE     
            XDATA   079BH     0001H     ABSOLUTE     
            XDATA   079CH     0001H     ABSOLUTE     
            XDATA   079DH     0001H     ABSOLUTE     
            XDATA   079EH     0001H     ABSOLUTE     
            XDATA   079FH     0002H     ABSOLUTE     
            XDATA   07A1H     0001H     ABSOLUTE     
            XDATA   07A2H     0001H     ABSOLUTE     
            XDATA   07A3H     000CH     ABSOLUTE     
                    07AFH     0011H                  *** GAP ***
            XDATA   07C0H     0040H     ABSOLUTE     

            * * * * * * *   C O D E   M E M O R Y   * * * * * * *
            CODE    0000H     0003H     ABSOLUTE     
            CODE    0003H     0040H     UNIT         ?PR?_WRITEDISPDATA?LCD
            CODE    0043H     0003H     ABSOLUTE     
            CODE    0046H     0044H     UNIT         ?PR?_DISPCOLOR?LCD
                    008AH     0001H                  *** GAP ***
            CODE    008BH     0003H     ABSOLUTE     
            CODE    008EH     060CH     UNIT         ?PR?CONNTOUSB?MAIN
            CODE    069AH     0600H     UNIT         ?CO?LCD
BL51 BANKED LINKER/LOCATER V6.22                                                      07/02/2019  14:54:59  PAGE 3


            CODE    0C9AH     050DH     UNIT         ?C?LIB_CODE
            CODE    11A7H     0233H     UNIT         ?PR?USBXCORE_HANDLE_SETUP?USB_API
            CODE    13DAH     0228H     UNIT         ?PR?DISPSCALEHOR1?LCD
            CODE    1602H     01C5H     UNIT         ?PR?LCD_INIT?LCD
            CODE    17C7H     01BCH     UNIT         ?PR?DISPSCALEHOR2?LCD
            CODE    1983H     01A0H     UNIT         ?PR?TP_DRAWLINE?TP
            CODE    1B23H     0190H     UNIT         ?PR?DISPBAND?LCD
            CODE    1CB3H     0151H     UNIT         ?PR?USBXCORE_USB_ISR?USB_API
            CODE    1E04H     0142H     UNIT         ?PR?_LCD_READ_IC_ID?LCD
            CODE    1F46H     013DH     UNIT         ?PR?USB_API_TEST_ISR?MAIN
            CODE    2083H     0137H     UNIT         ?PR?_USB_INIT?USB_API
            CODE    21BAH     012AH     UNIT         ?PR?DISPSCALEVER?LCD
            CODE    22E4H     011BH     UNIT         ?PR?_TP_GETPOSITION?TP
            CODE    23FFH     0111H     UNIT         ?PR?_BLOCK_WRITE?BLOCK_WRITE
            CODE    2510H     00E9H     UNIT         ?PR?_DISPPICFROMSD?LCD
            CODE    25F9H     00CDH     UNIT         ?PR?USBXCORE_VENDOR_USB_API?USB_API
            CODE    26C6H     00CBH     UNIT         ?PR?_DISPONECHAR?LCD
            CODE    2791H     00B7H     UNIT         ?PR?MMC_SD_RESET?MMC_SD
            CODE    2848H     00B3H     UNIT         ?PR?_DISPINT?LCD
            CODE    28FBH     00B2H     UNIT         ?PR?USBXCORE_GET_DESCRIPTOR?USB_API
            CODE    29ADH     00AFH     UNIT         ?PR?_BLOCK_READ?BLOCK_READ
            CODE    2A5CH     00AAH     UNIT         ?PR?DISPFRAME?LCD
            CODE    2B06H     00A2H     UNIT         ?PR?DISPSCALEVER_GREEN?LCD
            CODE    2BA8H     009CH     UNIT         ?PR?_?BLOCKWRITE?LCD
            CODE    2C44H     009BH     UNIT         ?PR?DISPGRAYHOR16?LCD
            CODE    2CDFH     0096H     UNIT         ?PR?_DISPSTR?LCD
            CODE    2D75H     0093H     UNIT         ?PR?DISPSCALEVER_RED?LCD
            CODE    2E08H     0093H     UNIT         ?PR?DISPSCALEVER_GRAY?LCD
            CODE    2E9BH     0090H     UNIT         ?PR?_DRAWGIRD?LCD
            CODE    2F2BH     008CH     UNIT         ?C_C51STARTUP
            CODE    2FB7H     0088H     UNIT         ?PR?DISPSCALEVER_BLUE?LCD
            CODE    303FH     0086H     UNIT         ?PR?_DRAWLINE?LCD
            CODE    30C5H     007DH     UNIT         ?PR?_MMC_SD_WRITESINGLEBLOCK?MMC_SD
            CODE    3142H     0076H     UNIT         ?PR?DISPGRAYHOR32?LCD
            CODE    31B8H     0075H     UNIT         ?PR?_MMC_SD_SENDCOMMAND?MMC_SD
            CODE    322DH     0073H     UNIT         ?PR?TP_READ?TP
            CODE    32A0H     0073H     UNIT         ?PR?USBXCORE_GET_STATUS?USB_API
            CODE    3313H     006CH     UNIT         ?PR?DEVICES_INIT?MAIN
            CODE    337FH     0064H     UNIT         ?PR?_MMC_SD_READSINGLEBLOCK?MMC_SD
            CODE    33E3H     005BH     UNIT         ?PR?_TOORD?LCD
            CODE    343EH     005AH     UNIT         ?PR?USBXCORE_SET_CONFIGURATION?USB_API
            CODE    3498H     0058H     UNIT         ?PR?USBXCORE_CLEAR_FEATURE?USB_API
            CODE    34F0H     0057H     UNIT         ?PR?USBXCORE_SET_FEATURE?USB_API
            CODE    3547H     0055H     UNIT         ?PR?_STOPDELAY?MAIN
            CODE    359CH     0052H     UNIT         ?PR?_PUTPIXEL?LCD
            CODE    35EEH     0050H     UNIT         ?CO?MAIN
            CODE    363EH     0047H     UNIT         ?PR?USBXCORE_GET_CONFIGURATION?USB_API
            CODE    3685H     0043H     UNIT         ?PR?MCU_INIT?MAIN
            CODE    36C8H     003AH     UNIT         ?CO?USB_API
            CODE    3702H     0038H     UNIT         ?PR?USB_CLOCK_START?USB_CLOCK_START
            CODE    373AH     002FH     UNIT         ?PR?_WRITEDATA?LCD
            CODE    3769H     002DH     UNIT         ?C_INITSEG
            CODE    3796H     002BH     UNIT         ?PR?_WRITECOMM?LCD
            CODE    37C1H     002BH     UNIT         ?PR?USB_SUSPEND?USB_SUSPEND
            CODE    37ECH     0027H     UNIT         ?PR?USBXCORE_USB_RESET?USB_API
            CODE    3813H     0027H     UNIT         ?PR?USBXCORE_GET_INTERFACE?USB_API
            CODE    383AH     0026H     UNIT         ?PR?_TP_WRITE?TP
BL51 BANKED LINKER/LOCATER V6.22                                                      07/02/2019  14:54:59  PAGE 4


            CODE    3860H     0024H     UNIT         ?PR?MAIN?MAIN
            CODE    3884H     0022H     UNIT         ?PR?USBXCORE_JUMP_ISR?USB_JUMP_ISR
            CODE    38A6H     0020H     UNIT         ?PR?USBXCORE_SET_ADDRESS?USB_API
            CODE    38C6H     001FH     UNIT         ?PR?_DELAY?MAIN
            CODE    38E5H     001DH     UNIT         ?PR?USBXCORE_FORCE_STALL?USB_API
            CODE    3902H     0019H     UNIT         ?PR?USB_INT_ENABLE?USB_INT_ENABLE
            CODE    391BH     0016H     UNIT         ?PR?_SPI_WRITEBYTE?MMC_SD
            CODE    3931H     0016H     UNIT         ?PR?READDATA?LCD
            CODE    3947H     0014H     UNIT         ?PR?USBXCORE_SET_SOP?USB_API
            CODE    395BH     0013H     UNIT         ?PR?WAITKEY?MAIN
            CODE    396EH     0011H     UNIT         ?PR?SD_INIT?MMC_SD
            CODE    397FH     000EH     UNIT         ?PR?GET_INTERRUPT_SOURCE?GET_INTERRUPT_SOURCE
            CODE    398DH     000CH     UNIT         ?PR?USBXCORE_CLKREC?USB_CLOCK_RECOVERY
            CODE    3999H     000BH     UNIT         ?PR?SPI_READBYTE?MMC_SD
            CODE    39A4H     0009H     UNIT         ?PR?_WRITEONEDOT?LCD
            CODE    39ADH     0003H     UNIT         ?PR?SUSPEND_DEVICE?MAIN



OVERLAY MAP OF MODULE:   ILI9341V_IVO28_4W1L (MAIN)


SEGMENT                                            PDATA_GROUP         XDATA_GROUP
  +--> CALLED SEGMENT                            START    LENGTH     START    LENGTH
------------------------------------------------------------------------------------
?PR?USB_API_TEST_ISR?MAIN                        0051H    0001H      -----    -----
  +--> ?PR?GET_INTERRUPT_SOURCE?GET_INTERRUP...
  +--> ?PR?_BLOCK_READ?BLOCK_READ
  +--> ?PR?SUSPEND_DEVICE?MAIN
  +--> ?PR?MCU_INIT?MAIN
  +--> ?PR?_?BLOCKWRITE?LCD

?PR?SUSPEND_DEVICE?MAIN                          -----    -----      -----    -----
  +--> ?PR?USB_SUSPEND?USB_SUSPEND

?PR?USB_SUSPEND?USB_SUSPEND                      -----    -----      -----    -----
  +--> ?PR?USB_CLOCK_START?USB_CLOCK_START

?PR?_?BLOCKWRITE?LCD                             -----    -----      -----    -----
  +--> ?PR?_WRITECOMM?LCD
  +--> ?PR?_WRITEDATA?LCD

?PR?_WRITECOMM?LCD                               0074H    0001H      -----    -----

?PR?_WRITEDATA?LCD                               0074H    0001H      -----    -----

*** NEW ROOT ***************************************************

?PR?USBXCORE_USB_ISR?USB_API                     -----    -----      -----    -----
  +--> ?PR?USBXCORE_USB_RESET?USB_API
  +--> ?PR?USBXCORE_HANDLE_SETUP?USB_API
  +--> ?PR?USBXCORE_JUMP_ISR?USB_JUMP_ISR

?PR?USBXCORE_HANDLE_SETUP?USB_API                -----    -----      -----    -----
  +--> ?PR?USBXCORE_GET_STATUS?USB_API
  +--> ?PR?USBXCORE_CLEAR_FEATURE?USB_API
  +--> ?PR?USBXCORE_VENDOR_USB_API?USB_API
BL51 BANKED LINKER/LOCATER V6.22                                                      07/02/2019  14:54:59  PAGE 5


  +--> ?PR?USBXCORE_SET_FEATURE?USB_API
  +--> ?PR?USBXCORE_SET_ADDRESS?USB_API
  +--> ?PR?USBXCORE_GET_DESCRIPTOR?USB_API
  +--> ?PR?USBXCORE_GET_CONFIGURATION?USB_API
  +--> ?PR?USBXCORE_SET_CONFIGURATION?USB_API
  +--> ?PR?USBXCORE_GET_INTERFACE?USB_API
  +--> ?PR?USBXCORE_SET_SOP?USB_API
  +--> ?PR?USBXCORE_FORCE_STALL?USB_API

?PR?USBXCORE_GET_STATUS?USB_API                  -----    -----      -----    -----
  +--> ?CO?USB_API
  +--> ?PR?USBXCORE_FORCE_STALL?USB_API
  +--> ?PR?USBXCORE_SET_SOP?USB_API

?PR?USBXCORE_CLEAR_FEATURE?USB_API               -----    -----      -----    -----
  +--> ?PR?USBXCORE_FORCE_STALL?USB_API
  +--> ?PR?USBXCORE_SET_SOP?USB_API

?PR?USBXCORE_VENDOR_USB_API?USB_API              -----    -----      -----    -----
  +--> ?PR?USBXCORE_SET_SOP?USB_API

?PR?USBXCORE_SET_FEATURE?USB_API                 -----    -----      -----    -----
  +--> ?PR?USBXCORE_FORCE_STALL?USB_API
  +--> ?PR?USBXCORE_SET_SOP?USB_API

?PR?USBXCORE_SET_ADDRESS?USB_API                 -----    -----      -----    -----
  +--> ?PR?USBXCORE_SET_SOP?USB_API

?PR?USBXCORE_GET_DESCRIPTOR?USB_API              -----    -----      -----    -----
  +--> ?PR?USBXCORE_FORCE_STALL?USB_API
  +--> ?PR?USBXCORE_SET_SOP?USB_API

?PR?USBXCORE_GET_CONFIGURATION?USB_API           -----    -----      -----    -----
  +--> ?CO?USB_API
  +--> ?PR?USBXCORE_SET_SOP?USB_API

?PR?USBXCORE_SET_CONFIGURATION?USB_API           -----    -----      -----    -----
  +--> ?PR?USBXCORE_SET_SOP?USB_API

?PR?USBXCORE_GET_INTERFACE?USB_API               -----    -----      -----    -----
  +--> ?CO?USB_API
  +--> ?PR?USBXCORE_SET_SOP?USB_API

*** NEW ROOT ***************************************************

?C_C51STARTUP                                    -----    -----      -----    -----
  +--> ?PR?MAIN?MAIN
  +--> ?C_INITSEG

?PR?MAIN?MAIN                                    -----    -----      -----    -----
  +--> ?PR?DEVICES_INIT?MAIN
  +--> ?PR?DISPFRAME?LCD
  +--> ?PR?_STOPDELAY?MAIN
  +--> ?PR?DISPBAND?LCD
  +--> ?PR?DISPGRAYHOR16?LCD
  +--> ?PR?_DISPCOLOR?LCD
  +--> ?PR?TP_DRAWLINE?TP
BL51 BANKED LINKER/LOCATER V6.22                                                      07/02/2019  14:54:59  PAGE 6



?PR?DEVICES_INIT?MAIN                            -----    -----      -----    -----
  +--> ?PR?MCU_INIT?MAIN
  +--> ?PR?USB_CLOCK_START?USB_CLOCK_START
  +--> ?CO?MAIN
  +--> ?PR?_USB_INIT?USB_API
  +--> ?PR?USB_INT_ENABLE?USB_INT_ENABLE
  +--> ?PR?LCD_INIT?LCD

?PR?_USB_INIT?USB_API                            -----    -----      0275H    0011H
  +--> ?CO?USB_API
  +--> ?PR?USBXCORE_CLKREC?USB_CLOCK_RECOVERY

?PR?LCD_INIT?LCD                                 -----    -----      -----    -----
  +--> ?PR?READDATA?LCD
  +--> ?PR?_DELAY?MAIN
  +--> ?PR?_WRITECOMM?LCD
  +--> ?PR?_WRITEDATA?LCD

?PR?READDATA?LCD                                 -----    -----      -----    -----
  +--> ?PR?_LCD_READ_IC_ID?LCD

?PR?_LCD_READ_IC_ID?LCD                          005CH    0008H      -----    -----

?PR?DISPFRAME?LCD                                0053H    0002H      -----    -----
  +--> ?PR?_?BLOCKWRITE?LCD
  +--> ?PR?_WRITEDISPDATA?LCD

?PR?_STOPDELAY?MAIN                              0053H    0004H      -----    -----
  +--> ?PR?WAITKEY?MAIN
  +--> ?PR?_DELAY?MAIN

?PR?WAITKEY?MAIN                                 -----    -----      -----    -----
  +--> ?PR?CONNTOUSB?MAIN
  +--> ?PR?_DELAY?MAIN

?PR?CONNTOUSB?MAIN                               0057H    0005H      0275H    0058H
  +--> ?CO?MAIN
  +--> ?PR?_WRITECOMM?LCD
  +--> ?PR?_WRITEDATA?LCD
  +--> ?PR?_DISPSTR?LCD
  +--> ?PR?_DISPINT?LCD
  +--> ?PR?_WRITEDISPDATA?LCD
  +--> ?PR?_MMC_SD_WRITESINGLEBLOCK?MMC_SD
  +--> ?PR?_BLOCK_WRITE?BLOCK_WRITE
  +--> ?PR?READDATA?LCD
  +--> ?PR?_DELAY?MAIN

?PR?_DISPSTR?LCD                                 005CH    000BH      -----    -----
  +--> ?PR?_TOORD?LCD
  +--> ?PR?_DISPONECHAR?LCD

?PR?_DISPONECHAR?LCD                             0067H    000DH      -----    -----
  +--> ?PR?_?BLOCKWRITE?LCD
  +--> ?CO?LCD
  +--> ?PR?_WRITEONEDOT?LCD

BL51 BANKED LINKER/LOCATER V6.22                                                      07/02/2019  14:54:59  PAGE 7


?PR?_WRITEONEDOT?LCD                             -----    -----      -----    -----
  +--> ?PR?_WRITEDISPDATA?LCD

?PR?_DISPINT?LCD                                 005CH    000AH      -----    -----
  +--> ?PR?_DISPONECHAR?LCD

?PR?_MMC_SD_WRITESINGLEBLOCK?MMC_SD              005CH    0004H      -----    -----
  +--> ?PR?_MMC_SD_SENDCOMMAND?MMC_SD
  +--> ?PR?_SPI_WRITEBYTE?MMC_SD

?PR?_MMC_SD_SENDCOMMAND?MMC_SD                   0060H    0005H      -----    -----
  +--> ?PR?_SPI_WRITEBYTE?MMC_SD

?PR?DISPBAND?LCD                                 0053H    0005H      -----    -----
  +--> ?PR?_?BLOCKWRITE?LCD
  +--> ?PR?_WRITEDISPDATA?LCD

?PR?DISPGRAYHOR16?LCD                            0053H    0004H      -----    -----
  +--> ?PR?_?BLOCKWRITE?LCD
  +--> ?PR?_WRITEDISPDATA?LCD

?PR?_DISPCOLOR?LCD                               0053H    0004H      -----    -----
  +--> ?PR?_?BLOCKWRITE?LCD
  +--> ?PR?_WRITEDISPDATA?LCD

?PR?TP_DRAWLINE?TP                               -----    -----      0275H    0018H
  +--> ?PR?_DISPCOLOR?LCD
  +--> ?PR?_DELAY?MAIN
  +--> ?PR?_TP_GETPOSITION?TP
  +--> ?PR?_PUTPIXEL?LCD

?PR?_TP_GETPOSITION?TP                           -----    -----      028DH    001BH
  +--> ?PR?_TP_WRITE?TP
  +--> ?PR?TP_READ?TP

?PR?_TP_WRITE?TP                                 -----    -----      02A8H    0001H

?PR?TP_READ?TP                                   -----    -----      02A8H    0005H

?PR?_PUTPIXEL?LCD                                0053H    0002H      -----    -----
  +--> ?PR?_?BLOCKWRITE?LCD
  +--> ?PR?_WRITEDISPDATA?LCD



SYMBOL TABLE OF MODULE:  ILI9341V_IVO28_4W1L (MAIN)

  VALUE           TYPE          NAME
  ----------------------------------

  -------         MODULE        MAIN
  C:0000H         SYMBOL        _ICE_DUMMY_
  D:0080H         PUBLIC        P0
  X:0000H         PUBLIC        f_down
  D:0090H         PUBLIC        P1
  D:00A0H         PUBLIC        P2
  D:00B0H         PUBLIC        P3
BL51 BANKED LINKER/LOCATER V6.22                                                      07/02/2019  14:54:59  PAGE 8


  C:3639H         PUBLIC        USB_MaxPower
  B:00B0H.6       PUBLIC        KEY_STEP
  D:00A4H         PUBLIC        P0MDOUT
  D:00A5H         PUBLIC        P1MDOUT
  D:00A6H         PUBLIC        P2MDOUT
  D:00A7H         PUBLIC        P3MDOUT
  D:00AEH         PUBLIC        P4MDOUT
  B:0080H.6       PUBLIC        OE
  D:00D9H         PUBLIC        PCA0MD
  C:1F46H         PUBLIC        USB_API_TEST_ISR
  C:39ADH         PUBLIC        Suspend_Device
  C:354BH         PUBLIC        _StopDelay
  D:00E1H         PUBLIC        XBR0
  D:00E2H         PUBLIC        XBR1
  B:00B0H.1       PUBLIC        RS
  C:3860H         PUBLIC        main
  X:0001H         PUBLIC        VerifyCode0
  X:0002H         PUBLIC        VerifyCode1
  C:3603H         PUBLIC        USB_PID
  X:0003H         PUBLIC        VerifyCode2
  D:00F1H         PUBLIC        P0MDIN
  D:00F2H         PUBLIC        P1MDIN
  C:3605H         PUBLIC        USB_MfrStr
  D:00F4H         PUBLIC        P3MDIN
  C:3601H         PUBLIC        USB_VID
  D:00F8H         PUBLIC        SPI0CN
  X:0004H         PUBLIC        pic
  C:3313H         PUBLIC        Devices_Init
  C:008EH         PUBLIC        ConnToUSB
  D:00A9H         PUBLIC        CLKSEL
  D:00B2H         PUBLIC        OSCICN
  C:363AH         PUBLIC        USB_PwAttributes
  C:395BH         PUBLIC        WaitKey
  C:363DH         SYMBOL        _?ix1000
  B:00B0H.0       PUBLIC        CS0
  X:0005H         PUBLIC        bf
  C:363BH         PUBLIC        USB_bcdDevice
  D:00B9H         PUBLIC        CLKMUL
  X:0007H         PUBLIC        f_debug
  X:0008H         PUBLIC        sd
  X:02CDH         PUBLIC        Packet
  C:3685H         PUBLIC        MCU_Init
  B:0080H.7       PUBLIC        DIR
  D:00EFH         PUBLIC        RSTSRC
  X:000CH         PUBLIC        f_read
  C:362FH         PUBLIC        USB_SerialStr
  X:000DH         PUBLIC        f_other
  C:361FH         PUBLIC        USB_ProductStr
  X:000EH         PUBLIC        f_para
  D:00A1H         PUBLIC        SPI0CFG
  C:38C6H         PUBLIC        _Delay
  B:00B0H.7       PUBLIC        KEY_Stop
  X:000FH         PUBLIC        f_init
  -------         PROC          MAIN
  C:3860H         LINE#         40
  C:3860H         LINE#         41
  C:3860H         LINE#         46
BL51 BANKED LINKER/LOCATER V6.22                                                      07/02/2019  14:54:59  PAGE 9


  C:3863H         LINE#         48
  C:3866H         LINE#         49
  C:3866H         LINE#         67
  C:386CH         LINE#         72
  C:3872H         LINE#         73
  C:3878H         LINE#         74
  C:387EH         LINE#         80
  C:3881H         LINE#         82
  C:3883H         LINE#         83
  -------         ENDPROC       MAIN
  -------         PROC          _DELAY
  D:0006H         SYMBOL        dly
  -------         DO            
  D:0004H         SYMBOL        i
  D:0002H         SYMBOL        j
  -------         ENDDO         
  C:38C6H         LINE#         86
  C:38C6H         LINE#         87
  C:38C6H         LINE#         90
  C:38D0H         LINE#         91
  C:38E4H         LINE#         92
  -------         ENDPROC       _DELAY
  C:3547H         SYMBOL        L?0133
  -------         PROC          L?0132
  -------         ENDPROC       L?0132
  C:3547H         SYMBOL        L?0133
  -------         PROC          _STOPDELAY
  X:0053H         SYMBOL        sdly
  -------         DO            
  D:0006H         SYMBOL        i
  D:0004H         SYMBOL        j
  X:0055H         SYMBOL        k
  -------         ENDDO         
  C:354BH         LINE#         94
  C:3552H         LINE#         95
  C:3552H         LINE#         97
  C:3557H         LINE#         98
  C:3557H         LINE#         99
  C:355AH         LINE#         100
  C:355AH         LINE#         101
  C:3567H         LINE#         102
  C:357BH         LINE#         103
  C:357BH         LINE#         105
  C:357BH         LINE#         106
  C:3585H         LINE#         107
  C:3585H         LINE#         108
  C:359BH         LINE#         109
  -------         ENDPROC       _STOPDELAY
  -------         PROC          WAITKEY
  C:395BH         LINE#         138
  C:395BH         LINE#         139
  C:395BH         LINE#         141
  C:395EH         LINE#         142
  C:395EH         LINE#         144
  C:3961H         LINE#         146
  C:3963H         LINE#         147
  C:396AH         LINE#         148
BL51 BANKED LINKER/LOCATER V6.22                                                      07/02/2019  14:54:59  PAGE 10


  C:396DH         LINE#         150
  -------         ENDPROC       WAITKEY
  -------         PROC          CONNTOUSB
  -------         DO            
  X:0057H         SYMBOL        i
  X:0275H         SYMBOL        reg_data
  X:028DH         SYMBOL        para_data
  D:0007H         SYMBOL        dat
  X:0058H         SYMBOL        reg_index
  X:005AH         SYMBOL        data_num
  X:005BH         SYMBOL        st
  -------         ENDDO         
  C:008EH         LINE#         155
  C:008EH         LINE#         156
  C:008EH         LINE#         163
  C:00A1H         LINE#         165
  C:00A9H         LINE#         166
  C:00A9H         LINE#         167
  C:00B7H         LINE#         168
  C:00B7H         LINE#         169
  C:00C8H         LINE#         170
  C:00C8H         LINE#         171
  C:00EEH         LINE#         172
  C:00F0H         LINE#         173
  C:0104H         LINE#         174
  C:0104H         LINE#         175
  C:012AH         LINE#         177
  C:012AH         LINE#         178
  C:012AH         LINE#         179
  C:012AH         LINE#         181
  C:012AH         LINE#         182
  C:0132H         LINE#         183
  C:013CH         LINE#         184
  C:0146H         LINE#         186
  C:0162H         LINE#         188
  C:016CH         LINE#         189
  C:016CH         LINE#         190
  C:017DH         LINE#         191
  C:017DH         LINE#         192
  C:018EH         LINE#         193
  C:018EH         LINE#         194
  C:01E1H         LINE#         195
  C:01E3H         LINE#         196
  C:01F9H         LINE#         197
  C:01F9H         LINE#         198
  C:024BH         LINE#         199
  C:024BH         LINE#         200
  C:024BH         LINE#         201
  C:024BH         LINE#         203
  C:024BH         LINE#         204
  C:0253H         LINE#         205
  C:0253H         LINE#         206
  C:025DH         LINE#         207
  C:0267H         LINE#         209
  C:026BH         LINE#         210
  C:026EH         LINE#         214
  C:0276H         LINE#         215
BL51 BANKED LINKER/LOCATER V6.22                                                      07/02/2019  14:54:59  PAGE 11


  C:0276H         LINE#         216
  C:0285H         LINE#         217
  C:0285H         LINE#         218
  C:0287H         LINE#         220
  C:0289H         LINE#         221
  C:02A5H         LINE#         222
  C:02A7H         LINE#         224
  C:02D0H         LINE#         225
  C:02F4H         LINE#         226
  C:02FEH         LINE#         227
  C:02FEH         LINE#         228
  C:0306H         LINE#         229
  C:030DH         LINE#         230
  C:0318H         LINE#         231
  C:031EH         LINE#         232
  C:031EH         LINE#         233
  C:0327H         LINE#         235
  C:032BH         LINE#         236
  C:0337H         LINE#         237
  C:033AH         LINE#         240
  C:0342H         LINE#         241
  C:0342H         LINE#         242
  C:034BH         LINE#         243
  C:034BH         LINE#         244
  C:035BH         LINE#         245
  C:035BH         LINE#         246
  C:035DH         LINE#         248
  C:035FH         LINE#         249
  C:037BH         LINE#         250
  C:037DH         LINE#         252
  C:03A6H         LINE#         253
  C:03CAH         LINE#         255
  C:03D4H         LINE#         256
  C:03D4H         LINE#         257
  C:03DCH         LINE#         258
  C:03E3H         LINE#         259
  C:03EEH         LINE#         260
  C:03F4H         LINE#         261
  C:03F4H         LINE#         263
  C:03FDH         LINE#         269
  C:03FDH         LINE#         270
  C:040AH         LINE#         271
  C:040AH         LINE#         272
  C:040CH         LINE#         274
  C:040EH         LINE#         275
  C:042AH         LINE#         276
  C:042CH         LINE#         278
  C:0434H         LINE#         279
  C:0438H         LINE#         280
  C:0444H         LINE#         281
  C:0444H         LINE#         282
  C:0447H         LINE#         285
  C:044FH         LINE#         286
  C:044FH         LINE#         287
  C:0460H         LINE#         288
  C:0460H         LINE#         289
  C:046DH         LINE#         290
BL51 BANKED LINKER/LOCATER V6.22                                                      07/02/2019  14:54:59  PAGE 12


  C:046DH         LINE#         291
  C:048BH         LINE#         292
  C:048DH         LINE#         293
  C:049DH         LINE#         294
  C:049DH         LINE#         295
  C:04BBH         LINE#         296
  C:04BDH         LINE#         297
  C:04CEH         LINE#         298
  C:04CEH         LINE#         299
  C:04D8H         LINE#         300
  C:04E2H         LINE#         301
  C:04E2H         LINE#         302
  C:04E2H         LINE#         303
  C:04E2H         LINE#         305
  C:04E2H         LINE#         306
  C:04EBH         LINE#         307
  C:04EFH         LINE#         308
  C:04FBH         LINE#         309
  C:04FEH         LINE#         312
  C:0506H         LINE#         313
  C:0506H         LINE#         314
  C:0513H         LINE#         315
  C:0524H         LINE#         317
  C:052DH         LINE#         318
  C:053CH         LINE#         320
  C:0544H         LINE#         321
  C:0544H         LINE#         322
  C:054DH         LINE#         323
  C:055CH         LINE#         324
  C:055CH         LINE#         325
  C:055FH         LINE#         326
  C:056EH         LINE#         327
  C:057AH         LINE#         328
  C:0580H         LINE#         329
  C:0580H         LINE#         331
  C:0584H         LINE#         332
  C:0593H         LINE#         334
  C:059AH         LINE#         335
  C:05B6H         LINE#         336
  C:05C0H         LINE#         337
  C:05C0H         LINE#         338
  C:05E6H         LINE#         339
  C:05F9H         LINE#         340
  C:05F9H         LINE#         341
  C:064BH         LINE#         342
  C:0653H         LINE#         343
  C:0653H         LINE#         344
  C:0653H         LINE#         347
  C:0658H         LINE#         348
  C:0658H         LINE#         349
  C:0665H         LINE#         350
  C:0676H         LINE#         352
  C:067CH         LINE#         353
  C:0680H         LINE#         354
  C:0683H         LINE#         355
  C:0687H         LINE#         357
  C:068BH         LINE#         358
BL51 BANKED LINKER/LOCATER V6.22                                                      07/02/2019  14:54:59  PAGE 13


  C:0697H         LINE#         359
  C:0699H         LINE#         360
  -------         ENDPROC       CONNTOUSB
  -------         PROC          MCU_INIT
  -------         DO            
  D:0007H         SYMBOL        n
  -------         ENDDO         
  C:3685H         LINE#         363
  C:3685H         LINE#         364
  C:3685H         LINE#         366
  C:3688H         LINE#         369
  C:368BH         LINE#         370
  C:368EH         LINE#         372
  C:3691H         LINE#         374
  C:3697H         LINE#         376
  C:369AH         LINE#         377
  C:369FH         LINE#         378
  C:36A2H         LINE#         380
  C:36A5H         LINE#         383
  C:36A8H         LINE#         384
  C:36ABH         LINE#         386
  C:36AEH         LINE#         387
  C:36B1H         LINE#         389
  C:36B4H         LINE#         390
  C:36B7H         LINE#         392
  C:36BAH         LINE#         393
  C:36BDH         LINE#         394
  C:36BFH         LINE#         395
  C:36C1H         LINE#         397
  C:36C4H         LINE#         398
  C:36C7H         LINE#         400
  -------         ENDPROC       MCU_INIT
  -------         PROC          DEVICES_INIT
  C:3313H         LINE#         402
  C:3313H         LINE#         403
  C:3313H         LINE#         405
  C:3316H         LINE#         408
  C:3319H         LINE#         409
  C:3373H         LINE#         410
  C:3376H         LINE#         413
  C:3379H         LINE#         414
  C:337CH         LINE#         422
  -------         ENDPROC       DEVICES_INIT
  -------         PROC          SUSPEND_DEVICE
  C:39ADH         LINE#         426
  C:39ADH         LINE#         427
  C:39ADH         LINE#         428
  -------         ENDPROC       SUSPEND_DEVICE
  -------         PROC          USB_API_TEST_ISR
  -------         DO            
  X:0051H         SYMBOL        INTVAL
  -------         ENDDO         
  C:1F46H         LINE#         432
  C:1F63H         LINE#         434
  C:1F6AH         LINE#         436
  C:1F70H         LINE#         437
  C:1F70H         LINE#         438
BL51 BANKED LINKER/LOCATER V6.22                                                      07/02/2019  14:54:59  PAGE 14


  C:1F7BH         LINE#         440
  C:1F97H         LINE#         441
  C:1F97H         LINE#         442
  C:1F99H         LINE#         443
  C:1F9BH         LINE#         444
  C:1FB1H         LINE#         445
  C:1FB1H         LINE#         446
  C:1FB3H         LINE#         447
  C:1FB5H         LINE#         448
  C:1FCDH         LINE#         449
  C:1FCDH         LINE#         450
  C:1FCFH         LINE#         451
  C:1FD1H         LINE#         452
  C:1FEBH         LINE#         453
  C:1FEBH         LINE#         454
  C:1FEDH         LINE#         455
  C:1FEFH         LINE#         456
  C:2004H         LINE#         457
  C:2004H         LINE#         458
  C:2006H         LINE#         459
  C:2008H         LINE#         461
  C:2008H         LINE#         462
  C:200DH         LINE#         463
  C:200DH         LINE#         464
  C:200DH         LINE#         466
  C:200DH         LINE#         467
  C:200DH         LINE#         469
  C:200DH         LINE#         471
  C:2013H         LINE#         472
  C:2013H         LINE#         473
  C:2016H         LINE#         474
  C:2016H         LINE#         476
  C:201CH         LINE#         477
  C:201CH         LINE#         478
  C:201FH         LINE#         479
  C:201FH         LINE#         481
  C:2025H         LINE#         482
  C:2025H         LINE#         483
  C:2041H         LINE#         484
  C:2041H         LINE#         486
  C:2047H         LINE#         487
  C:2047H         LINE#         488
  C:204CH         LINE#         489
  C:2068H         LINE#         490
  C:2068H         LINE#         491
  -------         ENDPROC       USB_API_TEST_ISR
  -------         ENDMOD        MAIN

  -------         MODULE        MMC_SD
  C:0000H         SYMBOL        _ICE_DUMMY_
  D:00A2H         PUBLIC        SPI0CKR
  D:0080H         PUBLIC        P0
  D:0090H         PUBLIC        P1
  D:00A0H         PUBLIC        P2
  D:00B0H         PUBLIC        P3
  C:31B8H         PUBLIC        _MMC_SD_SendCommand
  C:337FH         PUBLIC        _MMC_SD_ReadSingleBlock
BL51 BANKED LINKER/LOCATER V6.22                                                      07/02/2019  14:54:59  PAGE 15


  C:396EH         PUBLIC        SD_Init
  C:30C5H         PUBLIC        _MMC_SD_WriteSingleBlock
  B:00F8H.7       PUBLIC        SPIF
  B:00F8H.2       PUBLIC        NSSMD0
  C:2791H         PUBLIC        MMC_SD_Reset
  D:00A9H         PUBLIC        CLKSEL
  C:3999H         PUBLIC        SPI_ReadByte
  C:3927H         PUBLIC        _SPI_WriteByte
  D:00A3H         PUBLIC        SPI0DAT
  X:0075H         PUBLIC        buffer
  C:391BH         SYMBOL        L?0062
  C:3920H         SYMBOL        L?0063
  -------         PROC          L?0061
  -------         ENDPROC       L?0061
  C:391BH         SYMBOL        L?0062
  C:3920H         SYMBOL        L?0063
  -------         PROC          _SPI_WRITEBYTE
  D:0007H         SYMBOL        val
  -------         DO            
  D:0007H         SYMBOL        ret
  -------         ENDDO         
  C:3927H         LINE#         7
  C:3927H         LINE#         8
  C:3927H         LINE#         11
  C:3929H         LINE#         12
  C:392CH         LINE#         13
  C:392EH         LINE#         14
  C:3930H         LINE#         15
  C:3930H         LINE#         16
  -------         ENDPROC       _SPI_WRITEBYTE
  -------         PROC          SPI_READBYTE
  -------         DO            
  D:0007H         SYMBOL        ret
  -------         ENDDO         
  C:3999H         LINE#         18
  C:3999H         LINE#         19
  C:3999H         LINE#         22
  C:399CH         LINE#         23
  C:399FH         LINE#         24
  C:39A1H         LINE#         25
  C:39A3H         LINE#         26
  C:39A3H         LINE#         27
  -------         ENDPROC       SPI_READBYTE
  -------         PROC          _MMC_SD_SENDCOMMAND
  D:0006H         SYMBOL        cmd
  X:0061H         SYMBOL        arg
  -------         DO            
  D:0007H         SYMBOL        r1
  D:0003H         SYMBOL        retry
  -------         ENDDO         
  C:31B8H         LINE#         29
  C:31BAH         LINE#         30
  C:31BAH         LINE#         32
  C:31BCH         LINE#         34
  C:31BCH         LINE#         35
  C:31BCH         LINE#         36
  C:31BFH         LINE#         37
BL51 BANKED LINKER/LOCATER V6.22                                                      07/02/2019  14:54:59  PAGE 16


  C:31BFH         LINE#         38
  C:31BFH         LINE#         39
  C:31C2H         LINE#         41
  C:31C4H         LINE#         43
  C:31CBH         LINE#         44
  C:31E0H         LINE#         45
  C:31F5H         LINE#         46
  C:320AH         LINE#         47
  C:3214H         LINE#         48
  C:3219H         LINE#         50
  C:3221H         LINE#         51
  C:322AH         LINE#         53
  C:322CH         LINE#         55
  C:322CH         LINE#         56
  -------         ENDPROC       _MMC_SD_SENDCOMMAND
  -------         PROC          MMC_SD_RESET
  -------         DO            
  D:0005H         SYMBOL        i
  D:0002H         SYMBOL        retry
  D:0006H         SYMBOL        r1
  -------         ENDDO         
  C:2791H         LINE#         58
  C:2791H         LINE#         59
  C:2791H         LINE#         62
  C:2793H         LINE#         64
  C:2794H         LINE#         65
  C:2797H         LINE#         66
  C:279AH         LINE#         68
  C:279AH         LINE#         69
  C:27A6H         LINE#         70
  C:27B6H         LINE#         71
  C:27B7H         LINE#         72
  C:27BDH         LINE#         73
  C:27C1H         LINE#         75
  C:27C3H         LINE#         77
  C:27C3H         LINE#         79
  C:27C3H         LINE#         80
  C:27D3H         LINE#         81
  C:27D4H         LINE#         82
  C:27DDH         LINE#         83
  C:27E1H         LINE#         85
  C:27E3H         LINE#         86
  C:27F3H         LINE#         87
  C:27F4H         LINE#         88
  C:27FDH         LINE#         89
  C:2800H         LINE#         91
  C:2803H         LINE#         92
  C:2803H         LINE#         93
  C:2805H         LINE#         95
  C:2805H         LINE#         96
  C:2815H         LINE#         97
  C:2816H         LINE#         98
  C:281FH         LINE#         99
  C:2822H         LINE#         100
  C:2822H         LINE#         101
  C:2832H         LINE#         103
  C:2840H         LINE#         104
BL51 BANKED LINKER/LOCATER V6.22                                                      07/02/2019  14:54:59  PAGE 17


  C:2843H         LINE#         105
  C:2846H         LINE#         106
  C:2847H         LINE#         107
  -------         ENDPROC       MMC_SD_RESET
  -------         PROC          _MMC_SD_READSINGLEBLOCK
  X:0010H         SYMBOL        sector
  -------         DO            
  D:0007H         SYMBOL        r1
  D:0004H         SYMBOL        i
  D:0002H         SYMBOL        retry
  -------         ENDDO         
  C:337FH         LINE#         109
  C:3384H         LINE#         110
  C:3384H         LINE#         113
  C:3386H         LINE#         115
  C:3389H         LINE#         117
  C:3389H         LINE#         118
  C:33A5H         LINE#         119
  C:33A6H         LINE#         120
  C:33AFH         LINE#         121
  C:33B2H         LINE#         124
  C:33B4H         LINE#         126
  C:33BAH         LINE#         128
  C:33BDH         LINE#         129
  C:33BDH         LINE#         130
  C:33CCH         LINE#         131
  C:33D9H         LINE#         133
  C:33D9H         LINE#         134
  C:33DCH         LINE#         136
  C:33DEH         LINE#         137
  C:33E1H         LINE#         138
  C:33E2H         LINE#         139
  -------         ENDPROC       _MMC_SD_READSINGLEBLOCK
  -------         PROC          _MMC_SD_WRITESINGLEBLOCK
  X:005CH         SYMBOL        sector
  -------         DO            
  D:0006H         SYMBOL        r1
  D:0004H         SYMBOL        i
  D:0002H         SYMBOL        retry
  -------         ENDDO         
  C:30C5H         LINE#         141
  C:30CAH         LINE#         142
  C:30CAH         LINE#         145
  C:30CCH         LINE#         147
  C:30CFH         LINE#         149
  C:30CFH         LINE#         150
  C:30EDH         LINE#         151
  C:30EEH         LINE#         152
  C:30F7H         LINE#         153
  C:30FAH         LINE#         157
  C:30FCH         LINE#         159
  C:3101H         LINE#         161
  C:3106H         LINE#         163
  C:3108H         LINE#         164
  C:3108H         LINE#         165
  C:3117H         LINE#         166
  C:3124H         LINE#         168
BL51 BANKED LINKER/LOCATER V6.22                                                      07/02/2019  14:54:59  PAGE 18


  C:3124H         LINE#         169
  C:3124H         LINE#         171
  C:3129H         LINE#         173
  C:3130H         LINE#         174
  C:3130H         LINE#         175
  C:3132H         LINE#         176
  C:3133H         LINE#         177
  C:3133H         LINE#         179
  C:313BH         LINE#         181
  C:313DH         LINE#         182
  C:3140H         LINE#         183
  C:3141H         LINE#         184
  -------         ENDPROC       _MMC_SD_WRITESINGLEBLOCK
  -------         PROC          SD_INIT
  -------         DO            
  D:0001H         SYMBOL        n
  -------         ENDDO         
  C:396EH         LINE#         187
  C:396EH         LINE#         188
  C:396EH         LINE#         189
  C:3970H         LINE#         191
  C:3976H         LINE#         192
  C:3976H         LINE#         193
  C:3977H         LINE#         194
  C:397EH         LINE#         196
  -------         ENDPROC       SD_INIT
  -------         ENDMOD        MMC_SD

  -------         MODULE        LCD
  C:0000H         SYMBOL        _ICE_DUMMY_
  D:0080H         PUBLIC        P0
  C:2A5CH         PUBLIC        DispFrame
  D:0090H         PUBLIC        P1
  C:2B06H         PUBLIC        DispScaleVer_Green
  D:00A0H         PUBLIC        P2
  D:00B0H         PUBLIC        P3
  C:1B23H         PUBLIC        DispBand
  C:373EH         PUBLIC        _WriteData
  C:069AH         PUBLIC        ascii
  C:1E04H         PUBLIC        _LCD_Read_IC_ID
  D:00A6H         PUBLIC        P2MDOUT
  C:0046H         PUBLIC        _DispColor
  C:2FB7H         PUBLIC        DispScaleVer_Blue
  C:2E9BH         PUBLIC        _DrawGird
  C:303FH         PUBLIC        _DrawLine
  B:00D0H.7       PUBLIC        CY
  C:3796H         PUBLIC        _WriteComm
  C:0018H         PUBLIC        _WriteDispData
  C:2E08H         PUBLIC        DispScaleVer_Gray
  B:00B0H.1       PUBLIC        RS
  B:00A0H.1       PUBLIC        SPI_CLK
  C:2D75H         PUBLIC        DispScaleVer_Red
  C:21BAH         PUBLIC        DispScaleVer
  C:26F6H         PUBLIC        _DispOneChar
  C:3142H         PUBLIC        DispGrayHor32
  C:2C44H         PUBLIC        DispGrayHor16
  C:2848H         PUBLIC        _DispInt
BL51 BANKED LINKER/LOCATER V6.22                                                      07/02/2019  14:54:59  PAGE 19


  C:359CH         PUBLIC        _PutPixel
  D:00A9H         PUBLIC        CLKSEL
  B:0090H.6       PUBLIC        RD0
  B:00B0H.0       PUBLIC        CS0
  X:004FH         PUBLIC        LCM_ID
  C:1602H         PUBLIC        LCD_Init
  C:2CDFH         PUBLIC        _DispStr
  C:13DAH         PUBLIC        DispScaleHor1
  B:00A0H.0       PUBLIC        SPI_DI
  C:39A4H         PUBLIC        _WriteOneDot
  C:17C7H         PUBLIC        DispScaleHor2
  C:2510H         PUBLIC        _DispPicFromSD
  B:0080H.7       PUBLIC        DIR
  C:33E3H         PUBLIC        _ToOrd
  B:0080H.5       PUBLIC        RST
  C:3931H         PUBLIC        ReadData
  C:2BC2H         PUBLIC        _?BlockWrite
  -------         PROC          _LCD_READ_IC_ID
  X:005CH         SYMBOL        ID
  D:0004H         SYMBOL        Bug
  D:0003H         SYMBOL        flog
  -------         DO            
  X:005DH         SYMBOL        id
  X:005FH         SYMBOL        id1
  X:0061H         SYMBOL        temp
  D:0005H         SYMBOL        i
  D:0007H         SYMBOL        dat
  D:0001H         SYMBOL        id2
  X:0063H         SYMBOL        id3
  -------         ENDDO         
  C:1E04H         LINE#         35
  C:1E08H         LINE#         36
  C:1E08H         LINE#         39
  C:1E11H         LINE#         40
  C:1E11H         LINE#         42
  C:1E14H         LINE#         43
  C:1E16H         LINE#         44
  C:1E18H         LINE#         45
  C:1E1AH         LINE#         46
  C:1E1CH         LINE#         47
  C:1E1CH         LINE#         48
  C:1E1EH         LINE#         49
  C:1E26H         LINE#         50
  C:1E28H         LINE#         52
  C:1E2AH         LINE#         53
  C:1E2EH         LINE#         54
  C:1E33H         LINE#         55
  C:1E36H         LINE#         58
  C:1E40H         LINE#         59
  C:1E40H         LINE#         60
  C:1E42H         LINE#         61
  C:1E42H         LINE#         62
  C:1E44H         LINE#         63
  C:1E46H         LINE#         64
  C:1E48H         LINE#         65
  C:1E5FH         LINE#         66
  C:1E61H         LINE#         67
BL51 BANKED LINKER/LOCATER V6.22                                                      07/02/2019  14:54:59  PAGE 20


  C:1E63H         LINE#         68
  C:1E6AH         LINE#         69
  C:1E74H         LINE#         70
  C:1E74H         LINE#         71
  C:1E76H         LINE#         72
  C:1E76H         LINE#         73
  C:1E78H         LINE#         74
  C:1E7AH         LINE#         75
  C:1E7CH         LINE#         76
  C:1E93H         LINE#         77
  C:1E95H         LINE#         78
  C:1E97H         LINE#         79
  C:1E9CH         LINE#         80
  C:1E9CH         LINE#         82
  C:1E9EH         LINE#         83
  C:1E9EH         LINE#         84
  C:1EA0H         LINE#         85
  C:1EA2H         LINE#         86
  C:1EA4H         LINE#         87
  C:1EBBH         LINE#         88
  C:1EBDH         LINE#         89
  C:1EBFH         LINE#         90
  C:1EC4H         LINE#         92
  C:1EC6H         LINE#         93
  C:1EC6H         LINE#         94
  C:1EC8H         LINE#         95
  C:1ECAH         LINE#         96
  C:1ECCH         LINE#         97
  C:1ED6H         LINE#         98
  C:1ED8H         LINE#         99
  C:1EDAH         LINE#         100
  C:1EDFH         LINE#         102
  C:1EE1H         LINE#         103
  C:1EE1H         LINE#         104
  C:1EE3H         LINE#         105
  C:1EE5H         LINE#         106
  C:1EE7H         LINE#         107
  C:1EF3H         LINE#         108
  C:1EF5H         LINE#         109
  C:1EF7H         LINE#         110
  C:1EFCH         LINE#         111
  C:1EFFH         LINE#         112
  C:1F01H         LINE#         113
  C:1F03H         LINE#         114
  C:1F05H         LINE#         115
  C:1F07H         LINE#         116
  C:1F09H         LINE#         117
  C:1F0BH         LINE#         119
  C:1F0FH         LINE#         120
  C:1F0FH         LINE#         121
  C:1F1FH         LINE#         123
  C:1F2AH         LINE#         124
  C:1F2AH         LINE#         125
  C:1F2AH         LINE#         127
  C:1F30H         LINE#         128
  C:1F30H         LINE#         129
  C:1F3CH         LINE#         130
BL51 BANKED LINKER/LOCATER V6.22                                                      07/02/2019  14:54:59  PAGE 21


  C:1F3CH         LINE#         132
  C:1F3CH         LINE#         133
  C:1F3EH         LINE#         134
  C:1F45H         LINE#         135
  -------         ENDPROC       _LCD_READ_IC_ID
  -------         PROC          _WRITECOMM
  D:0004H         SYMBOL        i
  -------         DO            
  D:0003H         SYMBOL        j
  X:0074H         SYMBOL        DataH
  -------         ENDDO         
  C:3796H         LINE#         138
  C:379AH         LINE#         139
  C:379AH         LINE#         141
  C:379EH         LINE#         142
  C:37A0H         LINE#         206
  C:37A0H         LINE#         239
  C:37A2H         LINE#         240
  C:37A4H         LINE#         241
  C:37A4H         LINE#         242
  C:37A8H         LINE#         243
  C:37ACH         LINE#         245
  C:37AEH         LINE#         246
  C:37B5H         LINE#         247
  C:37B7H         LINE#         248
  C:37B9H         LINE#         250
  C:37BEH         LINE#         252
  C:37BEH         LINE#         255
  C:37C0H         LINE#         256
  -------         ENDPROC       _WRITECOMM
  -------         PROC          L?0452
  -------         ENDPROC       L?0452
  -------         PROC          _WRITEDATA
  D:0004H         SYMBOL        i
  -------         DO            
  D:0003H         SYMBOL        j
  X:0074H         SYMBOL        DataH
  -------         ENDDO         
  C:373EH         LINE#         258
  C:3742H         LINE#         259
  C:3742H         LINE#         261
  C:3746H         LINE#         262
  C:3748H         LINE#         402
  C:3748H         LINE#         433
  C:374AH         LINE#         434
  C:374CH         LINE#         435
  C:374CH         LINE#         436
  C:3750H         LINE#         437
  C:3754H         LINE#         439
  C:3756H         LINE#         440
  C:375DH         LINE#         441
  C:375FH         LINE#         442
  C:3761H         LINE#         444
  C:3766H         LINE#         446
  C:3766H         LINE#         449
  C:3768H         LINE#         450
  -------         ENDPROC       _WRITEDATA
BL51 BANKED LINKER/LOCATER V6.22                                                      07/02/2019  14:54:59  PAGE 22


  C:0003H         SYMBOL        L?0451
  -------         PROC          L?0450
  -------         ENDPROC       L?0450
  C:0003H         SYMBOL        L?0451
  -------         PROC          _WRITEDISPDATA
  D:0007H         SYMBOL        DataH
  D:0005H         SYMBOL        DataL
  -------         DO            
  D:0006H         SYMBOL        j
  -------         ENDDO         
  C:0018H         LINE#         452
  C:0018H         LINE#         453
  C:0018H         LINE#         455
  C:001AH         LINE#         529
  C:001AH         LINE#         530
  C:001CH         LINE#         531
  C:001EH         LINE#         532
  C:001EH         LINE#         533
  C:0022H         LINE#         534
  C:0024H         LINE#         535
  C:0026H         LINE#         536
  C:0028H         LINE#         537
  C:002DH         LINE#         539
  C:002FH         LINE#         540
  C:0031H         LINE#         541
  C:0031H         LINE#         542
  C:0035H         LINE#         543
  C:0037H         LINE#         544
  C:0039H         LINE#         545
  C:003BH         LINE#         546
  C:0040H         LINE#         571
  C:0040H         LINE#         574
  C:0042H         LINE#         575
  -------         ENDPROC       _WRITEDISPDATA
  -------         PROC          _WRITEONEDOT
  D:0004H         SYMBOL        color
  C:39A4H         LINE#         577
  C:39A8H         LINE#         578
  C:39A8H         LINE#         592
  -------         ENDPROC       _WRITEONEDOT
  -------         PROC          LCD_INIT
  C:1602H         LINE#         600
  C:1602H         LINE#         601
  C:1602H         LINE#         602
  C:1605H         LINE#         605
  C:1607H         LINE#         606
  C:160EH         LINE#         608
  C:1610H         LINE#         609
  C:1617H         LINE#         611
  C:1619H         LINE#         612
  C:1620H         LINE#         2152
  C:1627H         LINE#         2153
  C:162CH         LINE#         2154
  C:1631H         LINE#         2155
  C:1636H         LINE#         2157
  C:163BH         LINE#         2158
  C:1640H         LINE#         2159
BL51 BANKED LINKER/LOCATER V6.22                                                      07/02/2019  14:54:59  PAGE 23


  C:1645H         LINE#         2160
  C:164AH         LINE#         2161
  C:164FH         LINE#         2163
  C:1654H         LINE#         2164
  C:1659H         LINE#         2165
  C:165EH         LINE#         2166
  C:1663H         LINE#         2168
  C:1668H         LINE#         2169
  C:166DH         LINE#         2170
  C:1672H         LINE#         2171
  C:1677H         LINE#         2172
  C:167CH         LINE#         2173
  C:1681H         LINE#         2175
  C:1686H         LINE#         2176
  C:168BH         LINE#         2178
  C:1690H         LINE#         2179
  C:1695H         LINE#         2180
  C:1698H         LINE#         2182
  C:169DH         LINE#         2183
  C:16A2H         LINE#         2185
  C:16A7H         LINE#         2186
  C:16ACH         LINE#         2188
  C:16B1H         LINE#         2189
  C:16B6H         LINE#         2190
  C:16BBH         LINE#         2192
  C:16C0H         LINE#         2193
  C:16C5H         LINE#         2195
  C:16CAH         LINE#         2196
  C:16CFH         LINE#         2198
  C:16D4H         LINE#         2199
  C:16D9H         LINE#         2200
  C:16DEH         LINE#         2201
  C:16E3H         LINE#         2202
  C:16E8H         LINE#         2204
  C:16EDH         LINE#         2205
  C:16F2H         LINE#         2206
  C:16F7H         LINE#         2208
  C:16FCH         LINE#         2209
  C:1701H         LINE#         2210
  C:1706H         LINE#         2212
  C:170BH         LINE#         2213
  C:1710H         LINE#         2215
  C:1715H         LINE#         2216
  C:171AH         LINE#         2218
  C:171FH         LINE#         2219
  C:1724H         LINE#         2220
  C:1729H         LINE#         2221
  C:172EH         LINE#         2222
  C:1733H         LINE#         2223
  C:1738H         LINE#         2224
  C:173DH         LINE#         2225
  C:1742H         LINE#         2226
  C:1747H         LINE#         2227
  C:174CH         LINE#         2228
  C:1751H         LINE#         2229
  C:1756H         LINE#         2230
  C:175BH         LINE#         2231
BL51 BANKED LINKER/LOCATER V6.22                                                      07/02/2019  14:54:59  PAGE 24


  C:1760H         LINE#         2232
  C:1763H         LINE#         2233
  C:1768H         LINE#         2235
  C:176DH         LINE#         2236
  C:1772H         LINE#         2237
  C:1777H         LINE#         2238
  C:177CH         LINE#         2239
  C:1781H         LINE#         2240
  C:1786H         LINE#         2241
  C:178BH         LINE#         2242
  C:1790H         LINE#         2243
  C:1795H         LINE#         2244
  C:179AH         LINE#         2245
  C:179FH         LINE#         2246
  C:17A4H         LINE#         2247
  C:17A9H         LINE#         2248
  C:17AEH         LINE#         2249
  C:17B1H         LINE#         2250
  C:17B6H         LINE#         2252
  C:17BBH         LINE#         2253
  C:17C0H         LINE#         2254
  -------         ENDPROC       LCD_INIT
  C:2BA9H         SYMBOL        L?0445
  C:2BAFH         SYMBOL        L?0446
  -------         PROC          L?0444
  -------         ENDPROC       L?0444
  C:2BA9H         SYMBOL        L?0445
  C:2BAFH         SYMBOL        L?0446
  -------         PROC          _?BLOCKWRITE
  p:0000H         SYMBOL        Xstart
  p:0002H         SYMBOL        Xend
  p:0004H         SYMBOL        Ystart
  p:0006H         SYMBOL        Yend
  C:2BC2H         LINE#         4262
  C:2BE3H         LINE#         4363
  C:2BEAH         LINE#         4364
  C:2BF1H         LINE#         4365
  C:2BF9H         LINE#         4366
  C:2C04H         LINE#         4367
  C:2C0EH         LINE#         4369
  C:2C13H         LINE#         4370
  C:2C1DH         LINE#         4371
  C:2C24H         LINE#         4372
  C:2C2EH         LINE#         4373
  C:2C35H         LINE#         4379
  C:2C3AH         LINE#         4382
  C:2C3DH         LINE#         4386
  -------         ENDPROC       _?BLOCKWRITE
  -------         PROC          _DISPCOLOR
  D:0004H         SYMBOL        color
  -------         DO            
  X:0053H         SYMBOL        i
  D:0002H         SYMBOL        m
  X:0055H         SYMBOL        DataH
  X:0056H         SYMBOL        DataL
  -------         ENDDO         
  C:0046H         LINE#         4388
BL51 BANKED LINKER/LOCATER V6.22                                                      07/02/2019  14:54:59  PAGE 25


  C:0048H         LINE#         4389
  C:0048H         LINE#         4392
  C:004EH         LINE#         4394
  C:0051H         LINE#         4396
  C:0053H         LINE#         4397
  C:0059H         LINE#         4398
  C:0059H         LINE#         4399
  C:005CH         LINE#         4400
  C:005CH         LINE#         4401
  C:0066H         LINE#         4402
  C:0071H         LINE#         4403
  C:0087H         LINE#         4405
  C:0089H         LINE#         4406
  -------         ENDPROC       _DISPCOLOR
  -------         PROC          DISPFRAME
  -------         DO            
  D:0002H         SYMBOL        i
  X:0053H         SYMBOL        j
  D:0001H         SYMBOL        DataH
  D:0004H         SYMBOL        DataL
  -------         ENDDO         
  C:2A5CH         LINE#         4408
  C:2A5CH         LINE#         4409
  C:2A5CH         LINE#         4412
  C:2A5FH         LINE#         4414
  C:2A61H         LINE#         4417
  C:2A6BH         LINE#         4420
  C:2A6DH         LINE#         4421
  C:2A6DH         LINE#         4423
  C:2A78H         LINE#         4425
  C:2A83H         LINE#         4427
  C:2A8DH         LINE#         4429
  C:2A93H         LINE#         4430
  C:2A93H         LINE#         4432
  C:2A9DH         LINE#         4434
  C:2AA0H         LINE#         4435
  C:2AA0H         LINE#         4437
  C:2AA8H         LINE#         4439
  C:2AB3H         LINE#         4442
  C:2ABDH         LINE#         4444
  C:2AD3H         LINE#         4446
  C:2ADDH         LINE#         4448
  C:2AE0H         LINE#         4449
  C:2AE0H         LINE#         4451
  C:2AEBH         LINE#         4453
  C:2AF6H         LINE#         4455
  C:2B00H         LINE#         4458
  C:2B03H         LINE#         4459
  C:2B05H         LINE#         4460
  -------         ENDPROC       DISPFRAME
  -------         PROC          DISPBAND
  -------         DO            
  D:0002H         SYMBOL        i
  X:0053H         SYMBOL        j
  X:0054H         SYMBOL        k
  X:0055H         SYMBOL        m
  X:0056H         SYMBOL        n
BL51 BANKED LINKER/LOCATER V6.22                                                      07/02/2019  14:54:59  PAGE 26


  X:0057H         SYMBOL        x
  -------         ENDDO         
  C:1B23H         LINE#         4462
  C:1B23H         LINE#         4463
  C:1B23H         LINE#         4467
  C:1B2CH         LINE#         4468
  C:1B35H         LINE#         4469
  C:1B37H         LINE#         4472
  C:1B3FH         LINE#         4473
  C:1B4DH         LINE#         4474
  C:1B4DH         LINE#         4475
  C:1B68H         LINE#         4476
  C:1B83H         LINE#         4477
  C:1BAFH         LINE#         4478
  C:1BB6H         LINE#         4479
  C:1BC5H         LINE#         4480
  C:1BC5H         LINE#         4481
  C:1BE0H         LINE#         4482
  C:1BFBH         LINE#         4483
  C:1C27H         LINE#         4484
  C:1C2EH         LINE#         4485
  C:1C44H         LINE#         4486
  C:1C44H         LINE#         4487
  C:1C5FH         LINE#         4488
  C:1C7AH         LINE#         4489
  C:1CA6H         LINE#         4490
  C:1CADH         LINE#         4491
  C:1CAFH         LINE#         4492
  C:1CB2H         LINE#         4493
  -------         ENDPROC       DISPBAND
  -------         PROC          _DISPPICFROMSD
  X:0014H         SYMBOL        PicNum
  -------         DO            
  X:0015H         SYMBOL        Address_S
  X:0019H         SYMBOL        Address_E
  D:0002H         SYMBOL        i
  X:001DH         SYMBOL        k
  -------         ENDDO         
  C:2510H         LINE#         4515
  C:2513H         LINE#         4516
  C:2513H         LINE#         4522
  C:2516H         LINE#         4525
  C:2518H         LINE#         4527
  C:251AH         LINE#         4529
  C:2523H         LINE#         4530
  C:254EH         LINE#         4531
  C:2577H         LINE#         4532
  C:259AH         LINE#         4533
  C:259AH         LINE#         4534
  C:25AAH         LINE#         4536
  C:25B3H         LINE#         4537
  C:25B3H         LINE#         4539
  C:25CEH         LINE#         4540
  C:25D7H         LINE#         4541
  C:25F6H         LINE#         4543
  C:25F8H         LINE#         4581
  -------         ENDPROC       _DISPPICFROMSD
BL51 BANKED LINKER/LOCATER V6.22                                                      07/02/2019  14:54:59  PAGE 27


  -------         PROC          DISPSCALEHOR1
  -------         DO            
  X:0021H         SYMBOL        i
  X:0023H         SYMBOL        j
  D:0002H         SYMBOL        k
  -------         ENDDO         
  C:13DAH         LINE#         4586
  C:13DAH         LINE#         4587
  C:13DAH         LINE#         4590
  C:13DDH         LINE#         4593
  C:13DFH         LINE#         4594
  C:13DFH         LINE#         4595
  C:1401H         LINE#         4596
  C:1407H         LINE#         4597
  C:1407H         LINE#         4598
  C:140DH         LINE#         4599
  C:140DH         LINE#         4600
  C:1422H         LINE#         4601
  C:1438H         LINE#         4602
  C:144EH         LINE#         4604
  C:1459H         LINE#         4607
  C:145CH         LINE#         4608
  C:145CH         LINE#         4609
  C:147EH         LINE#         4610
  C:1484H         LINE#         4611
  C:1484H         LINE#         4612
  C:148AH         LINE#         4613
  C:148AH         LINE#         4614
  C:14B5H         LINE#         4615
  C:14CBH         LINE#         4616
  C:14E1H         LINE#         4617
  C:14EFH         LINE#         4620
  C:14F2H         LINE#         4621
  C:14F2H         LINE#         4622
  C:1514H         LINE#         4623
  C:151AH         LINE#         4624
  C:151AH         LINE#         4625
  C:1520H         LINE#         4626
  C:1520H         LINE#         4627
  C:152AH         LINE#         4628
  C:1540H         LINE#         4629
  C:1556H         LINE#         4630
  C:1561H         LINE#         4633
  C:1564H         LINE#         4634
  C:1564H         LINE#         4635
  C:1586H         LINE#         4636
  C:158CH         LINE#         4637
  C:158CH         LINE#         4638
  C:1592H         LINE#         4639
  C:1592H         LINE#         4640
  C:15C5H         LINE#         4641
  C:15DBH         LINE#         4642
  C:15F1H         LINE#         4643
  C:15FFH         LINE#         4644
  C:1601H         LINE#         4645
  -------         ENDPROC       DISPSCALEHOR1
  -------         PROC          DISPSCALEVER
BL51 BANKED LINKER/LOCATER V6.22                                                      07/02/2019  14:54:59  PAGE 28


  -------         DO            
  X:0025H         SYMBOL        i
  X:0027H         SYMBOL        j
  D:0002H         SYMBOL        k
  -------         ENDDO         
  C:21BAH         LINE#         4647
  C:21BAH         LINE#         4648
  C:21BAH         LINE#         4717
  C:21BDH         LINE#         4719
  C:21C5H         LINE#         4720
  C:21C5H         LINE#         4721
  C:21CBH         LINE#         4722
  C:21CBH         LINE#         4723
  C:21D1H         LINE#         4724
  C:21E7H         LINE#         4725
  C:21EEH         LINE#         4727
  C:21F1H         LINE#         4728
  C:21F1H         LINE#         4730
  C:21F7H         LINE#         4731
  C:21F7H         LINE#         4733
  C:21FDH         LINE#         4734
  C:21FDH         LINE#         4735
  C:220FH         LINE#         4736
  C:2225H         LINE#         4738
  C:222BH         LINE#         4739
  C:222BH         LINE#         4740
  C:2253H         LINE#         4741
  C:2269H         LINE#         4743
  C:226FH         LINE#         4744
  C:226FH         LINE#         4745
  C:2276H         LINE#         4746
  C:228CH         LINE#         4748
  C:2292H         LINE#         4749
  C:2292H         LINE#         4750
  C:22A6H         LINE#         4751
  C:22BCH         LINE#         4753
  C:22D5H         LINE#         4755
  C:22E3H         LINE#         4757
  -------         ENDPROC       DISPSCALEVER
  -------         PROC          DISPSCALEVER_RED
  -------         DO            
  X:0029H         SYMBOL        i
  X:002BH         SYMBOL        j
  D:0002H         SYMBOL        k
  -------         ENDDO         
  C:2D75H         LINE#         4759
  C:2D75H         LINE#         4760
  C:2D75H         LINE#         4763
  C:2D78H         LINE#         4765
  C:2D7AH         LINE#         4767
  C:2D7CH         LINE#         4770
  C:2D84H         LINE#         4771
  C:2D84H         LINE#         4772
  C:2D8AH         LINE#         4773
  C:2D8AH         LINE#         4774
  C:2D90H         LINE#         4775
  C:2DA6H         LINE#         4776
BL51 BANKED LINKER/LOCATER V6.22                                                      07/02/2019  14:54:59  PAGE 29


  C:2DADH         LINE#         4778
  C:2DB0H         LINE#         4779
  C:2DB0H         LINE#         4780
  C:2DB6H         LINE#         4781
  C:2DB6H         LINE#         4783
  C:2DBCH         LINE#         4784
  C:2DBCH         LINE#         4785
  C:2DCEH         LINE#         4786
  C:2DE4H         LINE#         4787
  C:2DFAH         LINE#         4789
  C:2E05H         LINE#         4791
  C:2E07H         LINE#         4792
  -------         ENDPROC       DISPSCALEVER_RED
  -------         PROC          DISPSCALEVER_GREEN
  -------         DO            
  X:002DH         SYMBOL        i
  X:002FH         SYMBOL        j
  D:0002H         SYMBOL        k
  -------         ENDDO         
  C:2B06H         LINE#         4794
  C:2B06H         LINE#         4795
  C:2B06H         LINE#         4798
  C:2B09H         LINE#         4800
  C:2B0BH         LINE#         4801
  C:2B0DH         LINE#         4804
  C:2B15H         LINE#         4805
  C:2B15H         LINE#         4806
  C:2B1BH         LINE#         4807
  C:2B1BH         LINE#         4808
  C:2B21H         LINE#         4810
  C:2B37H         LINE#         4811
  C:2B3EH         LINE#         4813
  C:2B41H         LINE#         4814
  C:2B41H         LINE#         4815
  C:2B47H         LINE#         4816
  C:2B47H         LINE#         4818
  C:2B4DH         LINE#         4819
  C:2B4DH         LINE#         4821
  C:2B6EH         LINE#         4822
  C:2B84H         LINE#         4823
  C:2B9AH         LINE#         4825
  C:2BA5H         LINE#         4827
  C:2BA7H         LINE#         4828
  -------         ENDPROC       DISPSCALEVER_GREEN
  -------         PROC          DISPSCALEVER_BLUE
  -------         DO            
  X:0031H         SYMBOL        i
  X:0033H         SYMBOL        j
  D:0002H         SYMBOL        k
  -------         ENDDO         
  C:2FB7H         LINE#         4830
  C:2FB7H         LINE#         4831
  C:2FB7H         LINE#         4834
  C:2FBAH         LINE#         4836
  C:2FBCH         LINE#         4837
  C:2FBEH         LINE#         4840
  C:2FC6H         LINE#         4841
BL51 BANKED LINKER/LOCATER V6.22                                                      07/02/2019  14:54:59  PAGE 30


  C:2FC6H         LINE#         4842
  C:2FCCH         LINE#         4843
  C:2FCCH         LINE#         4844
  C:2FD2H         LINE#         4845
  C:2FE8H         LINE#         4846
  C:2FEFH         LINE#         4848
  C:2FF2H         LINE#         4849
  C:2FF2H         LINE#         4850
  C:2FF8H         LINE#         4851
  C:2FF8H         LINE#         4853
  C:2FFEH         LINE#         4854
  C:2FFEH         LINE#         4855
  C:3005H         LINE#         4856
  C:301BH         LINE#         4857
  C:3031H         LINE#         4859
  C:303CH         LINE#         4861
  C:303EH         LINE#         4862
  -------         ENDPROC       DISPSCALEVER_BLUE
  -------         PROC          DISPSCALEVER_GRAY
  -------         DO            
  X:0035H         SYMBOL        i
  X:0037H         SYMBOL        j
  D:0002H         SYMBOL        k
  -------         ENDDO         
  C:2E08H         LINE#         4864
  C:2E08H         LINE#         4865
  C:2E08H         LINE#         4868
  C:2E0BH         LINE#         4870
  C:2E0DH         LINE#         4875
  C:2E15H         LINE#         4876
  C:2E15H         LINE#         4877
  C:2E1BH         LINE#         4878
  C:2E1BH         LINE#         4879
  C:2E21H         LINE#         4881
  C:2E37H         LINE#         4882
  C:2E3EH         LINE#         4884
  C:2E41H         LINE#         4885
  C:2E41H         LINE#         4886
  C:2E47H         LINE#         4887
  C:2E47H         LINE#         4889
  C:2E4DH         LINE#         4890
  C:2E4DH         LINE#         4891
  C:2E61H         LINE#         4892
  C:2E77H         LINE#         4893
  C:2E8DH         LINE#         4895
  C:2E98H         LINE#         4897
  C:2E9AH         LINE#         4898
  -------         ENDPROC       DISPSCALEVER_GRAY
  -------         PROC          DISPGRAYHOR16
  -------         DO            
  X:0053H         SYMBOL        i
  D:0002H         SYMBOL        j
  X:0055H         SYMBOL        k
  -------         ENDDO         
  C:2C44H         LINE#         4900
  C:2C44H         LINE#         4901
  C:2C44H         LINE#         4904
BL51 BANKED LINKER/LOCATER V6.22                                                      07/02/2019  14:54:59  PAGE 31


  C:2C47H         LINE#         4906
  C:2C49H         LINE#         4907
  C:2C4BH         LINE#         4909
  C:2C51H         LINE#         4910
  C:2C51H         LINE#         4911
  C:2C5AH         LINE#         4912
  C:2C5AH         LINE#         4913
  C:2C60H         LINE#         4914
  C:2C67H         LINE#         4916
  C:2C6AH         LINE#         4917
  C:2C6AH         LINE#         4918
  C:2C70H         LINE#         4919
  C:2C70H         LINE#         4920
  C:2CA2H         LINE#         4921
  C:2CB8H         LINE#         4922
  C:2CC3H         LINE#         4923
  C:2CDCH         LINE#         4925
  C:2CDEH         LINE#         4926
  -------         ENDPROC       DISPGRAYHOR16
  -------         PROC          DISPGRAYHOR32
  -------         DO            
  X:0039H         SYMBOL        i
  D:0002H         SYMBOL        j
  X:003BH         SYMBOL        k
  -------         ENDDO         
  C:3142H         LINE#         4928
  C:3142H         LINE#         4929
  C:3142H         LINE#         4932
  C:3145H         LINE#         4934
  C:3147H         LINE#         4936
  C:314DH         LINE#         4937
  C:314DH         LINE#         4938
  C:3150H         LINE#         4939
  C:3150H         LINE#         4940
  C:3156H         LINE#         4941
  C:3161H         LINE#         4943
  C:3164H         LINE#         4944
  C:3164H         LINE#         4945
  C:316AH         LINE#         4946
  C:316AH         LINE#         4947
  C:317EH         LINE#         4948
  C:3194H         LINE#         4949
  C:319FH         LINE#         4950
  C:31B5H         LINE#         4952
  C:31B7H         LINE#         4953
  -------         ENDPROC       DISPGRAYHOR32
  -------         PROC          DISPSCALEHOR2
  -------         DO            
  X:003DH         SYMBOL        j
  D:0002H         SYMBOL        k
  -------         ENDDO         
  C:17C7H         LINE#         4955
  C:17C7H         LINE#         4956
  C:17C7H         LINE#         4959
  C:17CAH         LINE#         4961
  C:17CCH         LINE#         4962
  C:17CCH         LINE#         4963
BL51 BANKED LINKER/LOCATER V6.22                                                      07/02/2019  14:54:59  PAGE 32


  C:17D2H         LINE#         4964
  C:17EFH         LINE#         4965
  C:17FAH         LINE#         4966
  C:17FDH         LINE#         4967
  C:17FDH         LINE#         4968
  C:1803H         LINE#         4969
  C:1820H         LINE#         4970
  C:182BH         LINE#         4971
  C:182EH         LINE#         4972
  C:182EH         LINE#         4973
  C:1834H         LINE#         4974
  C:1851H         LINE#         4975
  C:185CH         LINE#         4976
  C:185FH         LINE#         4977
  C:185FH         LINE#         4978
  C:1865H         LINE#         4979
  C:1882H         LINE#         4980
  C:188DH         LINE#         4981
  C:1890H         LINE#         4982
  C:1890H         LINE#         4983
  C:1896H         LINE#         4984
  C:18B3H         LINE#         4985
  C:18BEH         LINE#         4986
  C:18C1H         LINE#         4987
  C:18C1H         LINE#         4988
  C:18C7H         LINE#         4989
  C:18E4H         LINE#         4990
  C:18EFH         LINE#         4991
  C:18F2H         LINE#         4992
  C:18F2H         LINE#         4993
  C:18F8H         LINE#         4994
  C:1915H         LINE#         4995
  C:1920H         LINE#         4996
  C:1923H         LINE#         4997
  C:1923H         LINE#         4998
  C:1929H         LINE#         4999
  C:1945H         LINE#         5000
  C:1950H         LINE#         5001
  C:1959H         LINE#         5002
  C:1959H         LINE#         5003
  C:195FH         LINE#         5004
  C:197BH         LINE#         5005
  C:1982H         LINE#         5007
  -------         ENDPROC       DISPSCALEHOR2
  -------         PROC          _TOORD
  D:0007H         SYMBOL        ch
  C:33E3H         LINE#         5112
  C:33E3H         LINE#         5113
  C:33E3H         LINE#         5114
  C:33E9H         LINE#         5115
  C:33E9H         LINE#         5116
  C:33EBH         LINE#         5117
  C:33EDH         LINE#         5118
  C:33F9H         LINE#         5119
  C:33F9H         LINE#         5120
  C:33FDH         LINE#         5121
  C:33FFH         LINE#         5122
BL51 BANKED LINKER/LOCATER V6.22                                                      07/02/2019  14:54:59  PAGE 33


  C:340BH         LINE#         5123
  C:340BH         LINE#         5124
  C:340FH         LINE#         5125
  C:3411H         LINE#         5126
  C:341DH         LINE#         5127
  C:341DH         LINE#         5128
  C:3421H         LINE#         5129
  C:3423H         LINE#         5130
  C:342FH         LINE#         5131
  C:342FH         LINE#         5132
  C:3433H         LINE#         5133
  C:3435H         LINE#         5134
  C:343BH         LINE#         5135
  C:343BH         LINE#         5136
  C:343DH         LINE#         5137
  C:343DH         LINE#         5139
  C:343DH         LINE#         5140
  -------         ENDPROC       _TOORD
  C:26CEH         SYMBOL        L?0448
  C:26E6H         SYMBOL        L?0449
  -------         PROC          L?0447
  -------         ENDPROC       L?0447
  C:26CEH         SYMBOL        L?0448
  C:26E6H         SYMBOL        L?0449
  -------         PROC          _DISPONECHAR
  X:0067H         SYMBOL        ord
  D:0006H         SYMBOL        Xstart
  D:0002H         SYMBOL        Ystart
  X:006CH         SYMBOL        TextColor
  X:006EH         SYMBOL        BackColor
  -------         DO            
  X:0070H         SYMBOL        i
  D:0002H         SYMBOL        j
  X:0071H         SYMBOL        p
  D:0003H         SYMBOL        dat
  D:0006H         SYMBOL        index
  -------         ENDDO         
  C:26F6H         LINE#         5142
  C:26FEH         LINE#         5143
  C:26FEH         LINE#         5149
  C:2718H         LINE#         5151
  C:271EH         LINE#         5153
  C:2726H         LINE#         5154
  C:2728H         LINE#         5156
  C:2736H         LINE#         5158
  C:2743H         LINE#         5159
  C:274AH         LINE#         5161
  C:274EH         LINE#         5162
  C:274EH         LINE#         5163
  C:2763H         LINE#         5164
  C:2765H         LINE#         5165
  C:2765H         LINE#         5166
  C:2772H         LINE#         5167
  C:2772H         LINE#         5168
  C:2774H         LINE#         5169
  C:2776H         LINE#         5171
  C:2776H         LINE#         5172
BL51 BANKED LINKER/LOCATER V6.22                                                      07/02/2019  14:54:59  PAGE 34


  C:2780H         LINE#         5173
  C:2780H         LINE#         5174
  C:2785H         LINE#         5175
  C:2790H         LINE#         5176
  -------         ENDPROC       _DISPONECHAR
  -------         PROC          _DISPSTR
  X:005CH         SYMBOL        str
  X:005FH         SYMBOL        Xstart
  X:0061H         SYMBOL        Ystart
  X:0063H         SYMBOL        TextColor
  X:0065H         SYMBOL        BackColor
  C:2CDFH         LINE#         5178
  C:2CEFH         LINE#         5179
  C:2CEFH         LINE#         5181
  C:2D04H         LINE#         5182
  C:2D04H         LINE#         5183
  C:2D3FH         LINE#         5185
  C:2D4BH         LINE#         5186
  C:2D4BH         LINE#         5187
  C:2D4FH         LINE#         5188
  C:2D54H         LINE#         5189
  C:2D56H         LINE#         5191
  C:2D56H         LINE#         5192
  C:2D61H         LINE#         5193
  C:2D61H         LINE#         5195
  C:2D6DH         LINE#         5196
  C:2D6DH         LINE#         5197
  C:2D71H         LINE#         5198
  C:2D71H         LINE#         5199
  C:2D74H         LINE#         5201
  -------         ENDPROC       _DISPSTR
  -------         PROC          _DISPINT
  X:005CH         SYMBOL        i
  X:005EH         SYMBOL        Xstart
  X:0060H         SYMBOL        Ystart
  X:0062H         SYMBOL        TextColor
  X:0064H         SYMBOL        BackColor
  C:2848H         LINE#         5203
  C:285DH         LINE#         5204
  C:285DH         LINE#         5205
  C:2865H         LINE#         5206
  C:2865H         LINE#         5207
  C:286CH         LINE#         5208
  C:286CH         LINE#         5209
  C:287BH         LINE#         5210
  C:287BH         LINE#         5211
  C:2884H         LINE#         5212
  C:2884H         LINE#         5214
  C:2896H         LINE#         5215
  C:28A4H         LINE#         5216
  C:28BDH         LINE#         5217
  -------         ENDPROC       _DISPINT
  -------         PROC          READDATA
  C:3931H         LINE#         5225
  C:3931H         LINE#         5226
  C:3931H         LINE#         5246
  C:3943H         LINE#         5253
BL51 BANKED LINKER/LOCATER V6.22                                                      07/02/2019  14:54:59  PAGE 35


  C:3946H         LINE#         5254
  -------         ENDPROC       READDATA
  -------         PROC          _PUTPIXEL
  D:0006H         SYMBOL        x
  D:0004H         SYMBOL        y
[...]
  C:12D8H         LINE#         312
  C:12D8H         LINE#         313
  C:12D8H         LINE#         314
  C:12E3H         LINE#         315
  C:12E3H         LINE#         316
  C:12E9H         LINE#         317
  C:12F8H         LINE#         318
  C:12F8H         LINE#         319
  C:12FDH         LINE#         320
  C:1300H         LINE#         321
  C:130FH         LINE#         322
  C:130FH         LINE#         323
  C:1324H         LINE#         324
  C:1329H         LINE#         325
  C:1331H         LINE#         326
  C:133BH         LINE#         327
  C:1349H         LINE#         328
  C:1357H         LINE#         329
  C:1359H         LINE#         331
  C:1359H         LINE#         332
  C:135EH         LINE#         333
  C:1361H         LINE#         334
  C:1379H         LINE#         335
  C:1379H         LINE#         336
  C:1392H         LINE#         337
  C:1397H         LINE#         338
  C:139FH         LINE#         339
  C:13A6H         LINE#         340
BL51 BANKED LINKER/LOCATER V6.22                                                      07/02/2019  14:54:59  PAGE 42


  C:13ABH         LINE#         341
  C:13ABH         LINE#         342
  C:13BFH         LINE#         343
  C:13BFH         LINE#         344
  C:13C6H         LINE#         345
  C:13CBH         LINE#         346
  C:13CBH         LINE#         347
  C:13D9H         LINE#         348
  C:13D9H         LINE#         349
  -------         ENDPROC       USBXCORE_HANDLE_SETUP
  -------         PROC          USBXCORE_FORCE_STALL
  C:38E5H         LINE#         356
  C:38E5H         LINE#         358
  C:38F0H         LINE#         359
  C:38FBH         LINE#         360
  C:3901H         LINE#         361
  -------         ENDPROC       USBXCORE_FORCE_STALL
  -------         PROC          USBXCORE_GET_STATUS
  C:32A0H         LINE#         367
  C:32A0H         LINE#         369
  C:32AFH         LINE#         370
  C:32AFH         LINE#         371
  C:32AFH         LINE#         372
  C:32AFH         LINE#         373
  C:32AFH         LINE#         374
  C:32B1H         LINE#         375
  C:32B1H         LINE#         379
  C:32B1H         LINE#         381
  C:32BFH         LINE#         385
  C:32BFH         LINE#         386
  C:32BFH         LINE#         387
  C:32BFH         LINE#         388
  C:32C1H         LINE#         390
  C:32C1H         LINE#         392
  C:32CFH         LINE#         396
  C:32CFH         LINE#         397
  C:32DCH         LINE#         398
  C:32DCH         LINE#         399
  C:32DEH         LINE#         401
  C:32DEH         LINE#         402
  C:32ECH         LINE#         403
  C:32F5H         LINE#         404
  C:32F5H         LINE#         405
  C:32F5H         LINE#         406
  C:32F7H         LINE#         407
  C:32F7H         LINE#         408
  C:32FAH         LINE#         409
  C:32FAH         LINE#         410
  C:32FAH         LINE#         411
  C:3302H         LINE#         412
  C:3302H         LINE#         413
  C:3305H         LINE#         414
  C:330BH         LINE#         415
  C:3312H         LINE#         416
  C:3312H         LINE#         417
  -------         ENDPROC       USBXCORE_GET_STATUS
  -------         PROC          USBXCORE_CLEAR_FEATURE
BL51 BANKED LINKER/LOCATER V6.22                                                      07/02/2019  14:54:59  PAGE 43


  C:3498H         LINE#         423
  C:3498H         LINE#         425
  C:349EH         LINE#         426
  C:349EH         LINE#         428
  C:34A5H         LINE#         429
  C:34A5H         LINE#         430
  C:34B0H         LINE#         436
  C:34BBH         LINE#         437
  C:34C0H         LINE#         438
  C:34C2H         LINE#         440
  C:34C2H         LINE#         442
  C:34CDH         LINE#         446
  C:34D8H         LINE#         447
  C:34DDH         LINE#         448
  C:34DDH         LINE#         449
  C:34DFH         LINE#         451
  C:34DFH         LINE#         452
  C:34E2H         LINE#         453
  C:34E2H         LINE#         454
  C:34EDH         LINE#         455
  -------         ENDPROC       USBXCORE_CLEAR_FEATURE
  -------         PROC          USBXCORE_VENDOR_USB_API
  C:25F9H         LINE#         462
  C:25F9H         LINE#         464
  C:2603H         LINE#         465
  C:2603H         LINE#         466
  C:260AH         LINE#         467
  C:260AH         LINE#         468
  C:260DH         LINE#         469
  C:2610H         LINE#         470
  C:2612H         LINE#         472
  C:2612H         LINE#         473
  C:2619H         LINE#         474
  C:2619H         LINE#         477
  C:2624H         LINE#         482
  C:262FH         LINE#         483
  C:263AH         LINE#         485
  C:263AH         LINE#         486
  C:264DH         LINE#         487
  C:264DH         LINE#         488
  C:2651H         LINE#         489
  C:265CH         LINE#         491
  C:265CH         LINE#         492
  C:266FH         LINE#         493
  C:266FH         LINE#         494
  C:2673H         LINE#         495
  C:267EH         LINE#         497
  C:2684H         LINE#         498
  C:268CH         LINE#         499
  C:268CH         LINE#         500
  C:268FH         LINE#         501
  C:268FH         LINE#         502
  C:268FH         LINE#         503
  C:269AH         LINE#         504
  C:269AH         LINE#         505
  C:26A0H         LINE#         506
  C:26A7H         LINE#         507
BL51 BANKED LINKER/LOCATER V6.22                                                      07/02/2019  14:54:59  PAGE 44


  C:26A7H         LINE#         508
  C:26ABH         LINE#         509
  C:26ABH         LINE#         510
  C:26B1H         LINE#         511
  C:26B8H         LINE#         512
  C:26B8H         LINE#         513
  C:26C3H         LINE#         514
  -------         ENDPROC       USBXCORE_VENDOR_USB_API
  -------         PROC          USBXCORE_SET_FEATURE
  C:34F0H         LINE#         521
  C:34F0H         LINE#         523
  C:34F6H         LINE#         524
  C:34F6H         LINE#         526
  C:34FDH         LINE#         527
  C:34FDH         LINE#         528
  C:3508H         LINE#         534
  C:3513H         LINE#         535
  C:3516H         LINE#         536
  C:3518H         LINE#         538
  C:3518H         LINE#         540
  C:3523H         LINE#         544
  C:352EH         LINE#         545
  C:3534H         LINE#         546
  C:3534H         LINE#         548
  C:3536H         LINE#         550
  C:3536H         LINE#         551
  C:3539H         LINE#         552
  C:3539H         LINE#         553
  C:3544H         LINE#         554
  -------         ENDPROC       USBXCORE_SET_FEATURE
  -------         PROC          USBXCORE_SET_ADDRESS
  C:38A6H         LINE#         561
  C:38A6H         LINE#         563
  C:38B5H         LINE#         564
  C:38BBH         LINE#         565
  C:38BBH         LINE#         566
  C:38BEH         LINE#         567
  C:38C0H         LINE#         569
  C:38C0H         LINE#         570
  C:38C3H         LINE#         571
  C:38C3H         LINE#         572
  -------         ENDPROC       USBXCORE_SET_ADDRESS
  -------         PROC          USBXCORE_GET_DESCRIPTOR
  C:28FBH         LINE#         579
  C:28FBH         LINE#         580
  C:290AH         LINE#         581
  C:290AH         LINE#         582
  C:290AH         LINE#         583
  C:2918H         LINE#         584
  C:291CH         LINE#         585
  C:291EH         LINE#         586
  C:291EH         LINE#         587
  C:292CH         LINE#         588
  C:293FH         LINE#         589
  C:2941H         LINE#         590
  C:2941H         LINE#         591
  C:2965H         LINE#         592
BL51 BANKED LINKER/LOCATER V6.22                                                      07/02/2019  14:54:59  PAGE 45


  C:2971H         LINE#         593
  C:2973H         LINE#         594
  C:2973H         LINE#         595
  C:2976H         LINE#         596
  C:2976H         LINE#         597
  C:2976H         LINE#         598
  C:298CH         LINE#         599
  C:298CH         LINE#         600
  C:2994H         LINE#         601
  C:2994H         LINE#         602
  C:299CH         LINE#         603
  C:299CH         LINE#         604
  C:299FH         LINE#         605
  C:29A5H         LINE#         606
  C:29ACH         LINE#         607
  C:29ACH         LINE#         608
  -------         ENDPROC       USBXCORE_GET_DESCRIPTOR
  -------         PROC          USBXCORE_GET_CONFIGURATION
  C:363EH         LINE#         614
  C:363EH         LINE#         616
  C:3646H         LINE#         617
  C:3646H         LINE#         618
  C:3652H         LINE#         619
  C:365AH         LINE#         620
  C:365AH         LINE#         621
  C:365EH         LINE#         622
  C:365EH         LINE#         623
  C:366CH         LINE#         624
  C:3674H         LINE#         625
  C:3674H         LINE#         626
  C:3677H         LINE#         627
  C:367DH         LINE#         628
  C:3684H         LINE#         629
  -------         ENDPROC       USBXCORE_GET_CONFIGURATION
  -------         PROC          USBXCORE_SET_CONFIGURATION
  C:343EH         LINE#         635
  C:343EH         LINE#         637
  C:3447H         LINE#         638
  C:3447H         LINE#         639
  C:344EH         LINE#         640
  C:3454H         LINE#         641
  C:3459H         LINE#         642
  C:345BH         LINE#         644
  C:3466H         LINE#         645
  C:3471H         LINE#         646
  C:347CH         LINE#         653
  C:3487H         LINE#         654
  C:3489H         LINE#         656
  C:3489H         LINE#         657
  C:348FH         LINE#         658
  C:3493H         LINE#         659
  C:3495H         LINE#         660
  C:3495H         LINE#         661
  -------         ENDPROC       USBXCORE_SET_CONFIGURATION
  -------         PROC          USBXCORE_GET_INTERFACE
  C:3813H         LINE#         668
  C:3813H         LINE#         670
BL51 BANKED LINKER/LOCATER V6.22                                                      07/02/2019  14:54:59  PAGE 46


  C:3821H         LINE#         671
  C:3829H         LINE#         672
  C:382CH         LINE#         673
  C:3832H         LINE#         674
  C:3839H         LINE#         675
  -------         ENDPROC       USBXCORE_GET_INTERFACE
  -------         PROC          USBXCORE_SET_SOP
  C:3947H         LINE#         682
  C:3947H         LINE#         684
  C:394FH         LINE#         685
  C:394FH         LINE#         686
  C:395AH         LINE#         687
  C:395AH         LINE#         688
  -------         ENDPROC       USBXCORE_SET_SOP
  -------         PROC          USBXCORE_USB_ISR
  C:1CB3H         LINE#         699
  C:1CD0H         LINE#         702
  C:1CD6H         LINE#         703
  C:1CE9H         LINE#         706
  C:1CFCH         LINE#         709
  C:1D00H         LINE#         710
  C:1D00H         LINE#         711
  C:1D0BH         LINE#         712
  C:1D0BH         LINE#         714
  C:1D12H         LINE#         715
  C:1D12H         LINE#         716
  C:1D15H         LINE#         717
  C:1D15H         LINE#         719
  C:1D1CH         LINE#         720
  C:1D1CH         LINE#         721
  C:1D29H         LINE#         722
  C:1D29H         LINE#         723
  C:1D30H         LINE#         724
  C:1D30H         LINE#         725
  C:1D30H         LINE#         727
  C:1D30H         LINE#         728
  C:1D30H         LINE#         730
  C:1D30H         LINE#         732
  C:1D43H         LINE#         734
  C:1D47H         LINE#         735
  C:1D47H         LINE#         736
  C:1D4AH         LINE#         737
  C:1D4AH         LINE#         740
  C:1D51H         LINE#         741
  C:1D51H         LINE#         742
  C:1D5CH         LINE#         748
  C:1D6FH         LINE#         749
  C:1D74H         LINE#         750
  C:1D74H         LINE#         751
  C:1D7BH         LINE#         752
  C:1D7BH         LINE#         754
  C:1D7BH         LINE#         756
  C:1D8EH         LINE#         759
  C:1D92H         LINE#         760
  C:1D92H         LINE#         761
  C:1D9DH         LINE#         767
  C:1DB0H         LINE#         768
BL51 BANKED LINKER/LOCATER V6.22                                                      07/02/2019  14:54:59  PAGE 47


  C:1DB4H         LINE#         769
  C:1DB4H         LINE#         770
  C:1DBBH         LINE#         771
  C:1DBBH         LINE#         772
  C:1DBBH         LINE#         775
  C:1DC9H         LINE#         776
  C:1DCEH         LINE#         777
  C:1DD4H         LINE#         778
  C:1DD9H         LINE#         781
  C:1DE6H         LINE#         782
  C:1DE6H         LINE#         783
  C:1DE9H         LINE#         784
  C:1DE9H         LINE#         785
  -------         ENDPROC       USBXCORE_USB_ISR
  -------         ENDMOD        USB_API

  -------         MODULE        USB_SUSPEND
  C:0000H         SYMBOL        _ICE_DUMMY_
  D:00D7H         PUBLIC        USB0XCN
  D:00C9H         PUBLIC        REG0CN
  C:37C1H         PUBLIC        USB_Suspend
  D:00A9H         PUBLIC        CLKSEL
  D:00B2H         PUBLIC        OSCICN
  D:00B9H         PUBLIC        CLKMUL
  -------         PROC          USB_SUSPEND
  C:37C1H         LINE#         70
  C:37C1H         LINE#         72
  C:37C4H         LINE#         74
  C:37C7H         LINE#         76
  C:37CFH         LINE#         79
  C:37D2H         LINE#         80
  C:37D5H         LINE#         81
  C:37D8H         LINE#         82
  C:37DBH         LINE#         84
  C:37DCH         LINE#         86
  C:37DFH         LINE#         88
  C:37E5H         LINE#         92
  C:37E8H         LINE#         94
  C:37EBH         LINE#         95
  -------         ENDPROC       USB_SUSPEND
  -------         ENDMOD        USB_SUSPEND

  -------         MODULE        USB_INT_ENABLE
  C:0000H         SYMBOL        _ICE_DUMMY_
  C:3902H         PUBLIC        USB_Int_Enable
  D:0096H         PUBLIC        USB0ADR
  D:0097H         PUBLIC        USB0DAT
  -------         PROC          USB_INT_ENABLE
  C:3902H         LINE#         68
  C:3902H         LINE#         71
  C:3909H         LINE#         73
  C:390FH         LINE#         74
  C:390FH         LINE#         75
  C:391AH         LINE#         77
  C:391AH         LINE#         78
  -------         ENDPROC       USB_INT_ENABLE
  -------         ENDMOD        USB_INT_ENABLE
BL51 BANKED LINKER/LOCATER V6.22                                                      07/02/2019  14:54:59  PAGE 48



  -------         MODULE        USB_CLOCK_RECOVERY
  C:0000H         SYMBOL        _ICE_DUMMY_
  C:398DH         PUBLIC        USBXcore_ClkRec
  D:0096H         PUBLIC        USB0ADR
  D:0097H         PUBLIC        USB0DAT
  -------         PROC          USBXCORE_CLKREC
  C:398DH         LINE#         45
  C:398DH         LINE#         47
  C:3998H         LINE#         48
  -------         ENDPROC       USBXCORE_CLKREC
  -------         ENDMOD        USB_CLOCK_RECOVERY

  -------         MODULE        ?C?FPMUL
  C:0C9AH         PUBLIC        ?C?FPMUL
  -------         ENDMOD        ?C?FPMUL

  -------         MODULE        ?C?FCAST
  C:0DAAH         PUBLIC        ?C?FCASTC
  C:0DA5H         PUBLIC        ?C?FCASTI
  C:0DA0H         PUBLIC        ?C?FCASTL
  -------         ENDMOD        ?C?FCAST

  -------         MODULE        ?C?CASTF
  C:0DDEH         PUBLIC        ?C?CASTF
  -------         ENDMOD        ?C?CASTF

  -------         MODULE        ?C?COPY
  C:0F2FH         PUBLIC        ?C?COPY
  -------         ENDMOD        ?C?COPY

  -------         MODULE        ?C?CLDPTR
  C:0F55H         PUBLIC        ?C?CLDPTR
  -------         ENDMOD        ?C?CLDPTR

  -------         MODULE        ?C?CLDOPTR
  C:0F6EH         PUBLIC        ?C?CLDOPTR
  -------         ENDMOD        ?C?CLDOPTR

  -------         MODULE        ?C?IMUL
  C:0F9BH         PUBLIC        ?C?IMUL
  -------         ENDMOD        ?C?IMUL

  -------         MODULE        ?C?IILDX
  C:0FADH         PUBLIC        ?C?IILDX
  -------         ENDMOD        ?C?IILDX

  -------         MODULE        ?C?LMUL
  C:0FC3H         PUBLIC        ?C?LMUL
  -------         ENDMOD        ?C?LMUL

  -------         MODULE        ?C?ULDIV
  C:104EH         PUBLIC        ?C?ULDIV
  -------         ENDMOD        ?C?ULDIV

  -------         MODULE        ?C?LNEG
  C:10E0H         PUBLIC        ?C?LNEG
BL51 BANKED LINKER/LOCATER V6.22                                                      07/02/2019  14:54:59  PAGE 49


  -------         ENDMOD        ?C?LNEG

  -------         MODULE        ?C?ULCMP
  C:10EEH         PUBLIC        ?C?ULCMP
  -------         ENDMOD        ?C?ULCMP

  -------         MODULE        ?C?ULSHR
  C:10FFH         PUBLIC        ?C?ULSHR
  -------         ENDMOD        ?C?ULSHR

  -------         MODULE        ?C?LSHL
  C:1112H         PUBLIC        ?C?LSHL
  -------         ENDMOD        ?C?LSHL

  -------         MODULE        ?C?LLDIPDATA
  C:112EH         PUBLIC        ?C?LLDIPDATA
  C:1125H         PUBLIC        ?C?LLDIPDATA1
  C:1127H         PUBLIC        ?C?LLDIPDATA8
  -------         ENDMOD        ?C?LLDIPDATA

  -------         MODULE        ?C?LSTXDATA
  C:1145H         PUBLIC        ?C?LSTXDATA
  -------         ENDMOD        ?C?LSTXDATA

  -------         MODULE        ?C?LSTPDATA
  C:1151H         PUBLIC        ?C?LSTPDATA
  -------         ENDMOD        ?C?LSTPDATA

  -------         MODULE        ?C?LSTKXDATA
  C:115DH         PUBLIC        ?C?LSTKXDATA
  -------         ENDMOD        ?C?LSTKXDATA

  -------         MODULE        ?C?LSTKPDATA
  C:118EH         PUBLIC        ?C?LSTKPDATA
  -------         ENDMOD        ?C?LSTKPDATA

  -------         MODULE        ?C_PBP
  D:0008H         PUBLIC        ?C_PBP
  -------         ENDMOD        ?C_PBP

*** WARNING L14: INCOMPATIBLE MEMORY MODEL
    MODULE:  .\USBX_F34X.LIB (USB_API)
    MODEL:   SMALL

*** WARNING L14: INCOMPATIBLE MEMORY MODEL
    MODULE:  .\USBX_F34X.LIB (USB_SUSPEND)
    MODEL:   SMALL

*** WARNING L14: INCOMPATIBLE MEMORY MODEL
    MODULE:  .\USBX_F34X.LIB (USB_INT_ENABLE)
    MODEL:   SMALL

*** WARNING L14: INCOMPATIBLE MEMORY MODEL
    MODULE:  .\USBX_F34X.LIB (USB_CLOCK_RECOVERY)
    MODEL:   SMALL

*** WARNING L16: UNCALLED SEGMENT, IGNORED FOR OVERLAY PROCESS
BL51 BANKED LINKER/LOCATER V6.22                                                      07/02/2019  14:54:59  PAGE 50


    SEGMENT: ?PR?SD_INIT?MMC_SD

*** WARNING L16: UNCALLED SEGMENT, IGNORED FOR OVERLAY PROCESS
    SEGMENT: ?PR?_DISPPICFROMSD?LCD

*** WARNING L16: UNCALLED SEGMENT, IGNORED FOR OVERLAY PROCESS
    SEGMENT: ?PR?DISPSCALEHOR1?LCD

*** WARNING L16: UNCALLED SEGMENT, IGNORED FOR OVERLAY PROCESS
    SEGMENT: ?PR?DISPSCALEVER?LCD

*** WARNING L16: UNCALLED SEGMENT, IGNORED FOR OVERLAY PROCESS
    SEGMENT: ?PR?DISPSCALEVER_RED?LCD

*** WARNING L16: UNCALLED SEGMENT, IGNORED FOR OVERLAY PROCESS
    SEGMENT: ?PR?DISPSCALEVER_GREEN?LCD

*** WARNING L16: UNCALLED SEGMENT, IGNORED FOR OVERLAY PROCESS
    SEGMENT: ?PR?DISPSCALEVER_BLUE?LCD

*** WARNING L16: UNCALLED SEGMENT, IGNORED FOR OVERLAY PROCESS
    SEGMENT: ?PR?DISPSCALEVER_GRAY?LCD

*** WARNING L16: UNCALLED SEGMENT, IGNORED FOR OVERLAY PROCESS
    SEGMENT: ?PR?DISPGRAYHOR32?LCD

*** WARNING L16: UNCALLED SEGMENT, IGNORED FOR OVERLAY PROCESS
    SEGMENT: ?PR?DISPSCALEHOR2?LCD

*** WARNING L16: UNCALLED SEGMENT, IGNORED FOR OVERLAY PROCESS
    SEGMENT: ?PR?_DRAWGIRD?LCD

*** WARNING L15: MULTIPLE CALL TO SEGMENT
    SEGMENT: ?PR?_WRITECOMM?LCD
    CALLER1: ?PR?USB_API_TEST_ISR?MAIN
    CALLER2: ?C_C51STARTUP

*** WARNING L15: MULTIPLE CALL TO SEGMENT
    SEGMENT: ?PR?_WRITEDATA?LCD
    CALLER1: ?PR?USB_API_TEST_ISR?MAIN
    CALLER2: ?C_C51STARTUP

Program Size: data=10.0 xdata=1212 code=14767
LINK/LOCATE RUN COMPLETE.  17 WARNING(S),  0 ERROR(S)
