BL51 BANKED LINKER/LOCATER V6.22                                                        01/13/2022  13:50:31  PAGE 1


BL51 BANKED LINKER/LOCATER V6.22, INVOKED BY:
D:\KEIL C51\C51\BIN\BL51.EXE main.obj, mmc_sd.obj, lcd.obj, tp.obj, .\USBX_F34X.LIB TO ILI9342C_HSD231_ZT_4W1L RAMSIZE (
>> 256)


MEMORY MODEL: COMPACT WITH FLOATING POINT ARITHMETIC


INPUT MODULES INCLUDED:
  main.obj (MAIN)
  mmc_sd.obj (MMC_SD)
  lcd.obj (LCD)
  tp.obj (TP)
  .\USBX_F34X.LIB (USB_API)
  .\USBX_F34X.LIB (USB_CLOCK_START)
  .\USBX_F34X.LIB (USB_SUSPEND)
  .\USBX_F34X.LIB (GET_INTERRUPT_SOURCE)
  .\USBX_F34X.LIB (BLOCK_READ)
  .\USBX_F34X.LIB (BLOCK_WRITE)
  .\USBX_F34X.LIB (USB_INT_ENABLE)
  .\USBX_F34X.LIB (USB_CLOCK_RECOVERY)
  .\USBX_F34X.LIB (USB_JUMP_ISR)
  D:\KEIL C51\C51\LIB\C51FPC.LIB (?C?FPMUL)
  D:\KEIL C51\C51\LIB\C51FPC.LIB (?C?FCAST)
  D:\KEIL C51\C51\LIB\C51FPC.LIB (?C?CASTF)
  D:\KEIL C51\C51\LIB\C51FPC.LIB (?C?FPGETOPN)
  D:\KEIL C51\C51\LIB\C51C.LIB (?C_STARTUP)
  D:\KEIL C51\C51\LIB\C51C.LIB (?C?COPY)
  D:\KEIL C51\C51\LIB\C51C.LIB (?C?CLDPTR)
  D:\KEIL C51\C51\LIB\C51C.LIB (?C?CLDOPTR)
  D:\KEIL C51\C51\LIB\C51C.LIB (?C?IMUL)
  D:\KEIL C51\C51\LIB\C51C.LIB (?C?IILDX)
  D:\KEIL C51\C51\LIB\C51C.LIB (?C?ILDOPTR)
  D:\KEIL C51\C51\LIB\C51C.LIB (?C?LMUL)
  D:\KEIL C51\C51\LIB\C51C.LIB (?C?ULDIV)
  D:\KEIL C51\C51\LIB\C51C.LIB (?C?LNEG)
  D:\KEIL C51\C51\LIB\C51C.LIB (?C?ULCMP)
  D:\KEIL C51\C51\LIB\C51C.LIB (?C?ULSHR)
  D:\KEIL C51\C51\LIB\C51C.LIB (?C?LSHL)
  D:\KEIL C51\C51\LIB\C51C.LIB (?C?LLDIPDATA)
  D:\KEIL C51\C51\LIB\C51C.LIB (?C?LSTXDATA)
  D:\KEIL C51\C51\LIB\C51C.LIB (?C?LSTPDATA)
  D:\KEIL C51\C51\LIB\C51C.LIB (?C?LSTKXDATA)
  D:\KEIL C51\C51\LIB\C51C.LIB (?C?LSTKPDATA)
  D:\KEIL C51\C51\LIB\C51C.LIB (?C_PBP)
  D:\KEIL C51\C51\LIB\C51C.LIB (?C_INIT)


LINK MAP OF MODULE:  ILI9342C_HSD231_ZT_4W1L (MAIN)


            TYPE    BASE      LENGTH    RELOCATION   SEGMENT NAME
            -----------------------------------------------------

            * * * * * * *   D A T A   M E M O R Y   * * * * * * *
            REG     0000H     0008H     ABSOLUTE     "REG BANK 0"
            DATA    0008H     0001H     UNIT         ?C?LIB_DATA
            IDATA   0009H     0001H     UNIT         ?STACK
BL51 BANKED LINKER/LOCATER V6.22                                                      01/13/2022  13:50:31  PAGE 2



            * * * * * * *  X D A T A   M E M O R Y  * * * * * * *
            XDATA   0000H     0010H     INPAGE       ?PD?MAIN
            XDATA   0010H     0004H     INPAGE       ?PD?_MMC_SD_READSINGLEBLOCK?MMC_SD
            XDATA   0014H     0005H     INPAGE       ?PD?_DISPPIC?LCD
            XDATA   0019H     000DH     INPAGE       ?PD?_DISPPICFROMSD?LCD
            XDATA   0026H     0004H     INPAGE       ?PD?DISPSCALEHOR1?LCD
            XDATA   002AH     0004H     INPAGE       ?PD?DISPSCALEVER?LCD
            XDATA   002EH     0004H     INPAGE       ?PD?DISPSCALEVER_RED?LCD
            XDATA   0032H     0004H     INPAGE       ?PD?DISPSCALEVER_GREEN?LCD
            XDATA   0036H     0004H     INPAGE       ?PD?DISPSCALEVER_BLUE?LCD
            XDATA   003AH     0004H     INPAGE       ?PD?DISPSCALEVER_GRAY?LCD
            XDATA   003EH     0004H     INPAGE       ?PD?DISPGRAYHOR32?LCD
            XDATA   0042H     0002H     INPAGE       ?PD?DISPSCALEHOR2?LCD
            XDATA   0044H     000CH     INPAGE       ?PD?_DRAWLINE?LCD
            XDATA   0050H     0004H     INPAGE       ?PD?_DRAWGIRD?LCD
            XDATA   0054H     0002H     INPAGE       ?PD?LCD
            XDATA   0056H     0024H     INPAGE       _PDATA_GROUP_
            XDATA   007AH     0200H     UNIT         ?XD?MMC_SD
            XDATA   027AH     0058H     UNIT         _XDATA_GROUP_
            XDATA   02D2H     0040H     UNIT         ?XD?MAIN
                    0312H     032EH                  *** GAP ***
            XDATA   0640H     0100H     ABSOLUTE     
            XDATA   0740H     0012H     ABSOLUTE     
            XDATA   0752H     0020H     ABSOLUTE     
            XDATA   0772H     000CH     ABSOLUTE     
            XDATA   077EH     0008H     ABSOLUTE     
            XDATA   0786H     0001H     ABSOLUTE     
            XDATA   0787H     0003H     ABSOLUTE     
            XDATA   078AH     0002H     ABSOLUTE     
            XDATA   078CH     0002H     ABSOLUTE     
            XDATA   078EH     0003H     ABSOLUTE     
            XDATA   0791H     0001H     ABSOLUTE     
            XDATA   0792H     0001H     ABSOLUTE     
            XDATA   0793H     0001H     ABSOLUTE     
            XDATA   0794H     0001H     ABSOLUTE     
            XDATA   0795H     0002H     ABSOLUTE     
            XDATA   0797H     0002H     ABSOLUTE     
            XDATA   0799H     0001H     ABSOLUTE     
            XDATA   079AH     0001H     ABSOLUTE     
            XDATA   079BH     0001H     ABSOLUTE     
            XDATA   079CH     0001H     ABSOLUTE     
            XDATA   079DH     0001H     ABSOLUTE     
            XDATA   079EH     0001H     ABSOLUTE     
            XDATA   079FH     0002H     ABSOLUTE     
            XDATA   07A1H     0001H     ABSOLUTE     
            XDATA   07A2H     0001H     ABSOLUTE     
            XDATA   07A3H     000CH     ABSOLUTE     
                    07AFH     0011H                  *** GAP ***
            XDATA   07C0H     0040H     ABSOLUTE     

            * * * * * * *   C O D E   M E M O R Y   * * * * * * *
            CODE    0000H     0003H     ABSOLUTE     
            CODE    0003H     0040H     UNIT         ?PR?_WRITEDISPDATA?LCD
            CODE    0043H     0003H     ABSOLUTE     
            CODE    0046H     0044H     UNIT         ?PR?_DISPCOLOR?LCD
                    008AH     0001H                  *** GAP ***
BL51 BANKED LINKER/LOCATER V6.22                                                      01/13/2022  13:50:31  PAGE 3


            CODE    008BH     0003H     ABSOLUTE     
            CODE    008EH     060CH     UNIT         ?PR?CONNTOUSB?MAIN
            CODE    069AH     0600H     UNIT         ?CO?LCD
            CODE    0C9AH     0545H     UNIT         ?C?LIB_CODE
            CODE    11DFH     0233H     UNIT         ?PR?USBXCORE_HANDLE_SETUP?USB_API
            CODE    1412H     0232H     UNIT         ?PR?_LCD_READ_IC_ID?LCD
            CODE    1644H     0220H     UNIT         ?PR?DISPSCALEHOR1?LCD
            CODE    1864H     01D8H     UNIT         ?PR?TP_DRAWLINE?TP
            CODE    1A3CH     01BCH     UNIT         ?PR?DISPSCALEHOR2?LCD
            CODE    1BF8H     0191H     UNIT         ?PR?DISPBAND?LCD
            CODE    1D89H     0151H     UNIT         ?PR?USBXCORE_USB_ISR?USB_API
            CODE    1EDAH     013BH     UNIT         ?PR?USB_API_TEST_ISR?MAIN
            CODE    2015H     0137H     UNIT         ?PR?_USB_INIT?USB_API
            CODE    214CH     012EH     UNIT         ?PR?LCD_INIT?LCD
            CODE    227AH     0128H     UNIT         ?PR?DISPSCALEVER?LCD
            CODE    23A2H     011BH     UNIT         ?PR?_TP_GETPOSITION?TP
            CODE    24BDH     0111H     UNIT         ?PR?_BLOCK_WRITE?BLOCK_WRITE
            CODE    25CEH     00E9H     UNIT         ?PR?_DISPPICFROMSD?LCD
            CODE    26B7H     00CDH     UNIT         ?PR?USBXCORE_VENDOR_USB_API?USB_API
            CODE    2784H     00CBH     UNIT         ?PR?_DISPONECHAR?LCD
            CODE    284FH     00B7H     UNIT         ?PR?MMC_SD_RESET?MMC_SD
            CODE    2906H     00B4H     UNIT         ?PR?_DISPINT?LCD
            CODE    29BAH     00B2H     UNIT         ?PR?USBXCORE_GET_DESCRIPTOR?USB_API
            CODE    2A6CH     00AFH     UNIT         ?PR?_BLOCK_READ?BLOCK_READ
            CODE    2B1BH     00AAH     UNIT         ?PR?DISPFRAME?LCD
            CODE    2BC5H     00A0H     UNIT         ?PR?DISPSCALEVER_GREEN?LCD
            CODE    2C65H     009BH     UNIT         ?PR?_?BLOCKWRITE?LCD
            CODE    2D00H     009BH     UNIT         ?PR?DISPGRAYHOR16?LCD
            CODE    2D9BH     0096H     UNIT         ?PR?_DISPSTR?LCD
            CODE    2E31H     0091H     UNIT         ?PR?DISPSCALEVER_RED?LCD
            CODE    2EC2H     0091H     UNIT         ?PR?DISPSCALEVER_GRAY?LCD
            CODE    2F53H     008FH     UNIT         ?PR?_DRAWGIRD?LCD
            CODE    2FE2H     008CH     UNIT         ?C_C51STARTUP
            CODE    306EH     0086H     UNIT         ?PR?DISPSCALEVER_BLUE?LCD
            CODE    30F4H     0086H     UNIT         ?PR?_DRAWLINE?LCD
            CODE    317AH     007DH     UNIT         ?PR?_MMC_SD_WRITESINGLEBLOCK?MMC_SD
            CODE    31F7H     0078H     UNIT         ?PR?DISPGRAYHOR32?LCD
            CODE    326FH     0075H     UNIT         ?PR?_MMC_SD_SENDCOMMAND?MMC_SD
            CODE    32E4H     0073H     UNIT         ?PR?TP_READ?TP
            CODE    3357H     0073H     UNIT         ?PR?USBXCORE_GET_STATUS?USB_API
            CODE    33CAH     006CH     UNIT         ?PR?DEVICES_INIT?MAIN
            CODE    3436H     0064H     UNIT         ?PR?_MMC_SD_READSINGLEBLOCK?MMC_SD
            CODE    349AH     0063H     UNIT         ?PR?_DISPPIC?LCD
            CODE    34FDH     005BH     UNIT         ?PR?_TOORD?LCD
            CODE    3558H     005AH     UNIT         ?PR?USBXCORE_SET_CONFIGURATION?USB_API
            CODE    35B2H     0058H     UNIT         ?PR?USBXCORE_CLEAR_FEATURE?USB_API
            CODE    360AH     0057H     UNIT         ?PR?USBXCORE_SET_FEATURE?USB_API
            CODE    3661H     0055H     UNIT         ?PR?_STOPDELAY?MAIN
            CODE    36B6H     0052H     UNIT         ?PR?_PUTPIXEL?LCD
            CODE    3708H     0050H     UNIT         ?CO?MAIN
            CODE    3758H     0047H     UNIT         ?PR?USBXCORE_GET_CONFIGURATION?USB_API
            CODE    379FH     0043H     UNIT         ?PR?MCU_INIT?MAIN
            CODE    37E2H     003DH     UNIT         ?PR?MAIN?MAIN
            CODE    381FH     003AH     UNIT         ?CO?USB_API
            CODE    3859H     0038H     UNIT         ?PR?USB_CLOCK_START?USB_CLOCK_START
            CODE    3891H     002FH     UNIT         ?PR?_WRITEDATA?LCD
            CODE    38C0H     002DH     UNIT         ?C_INITSEG
BL51 BANKED LINKER/LOCATER V6.22                                                      01/13/2022  13:50:31  PAGE 4


            CODE    38EDH     002BH     UNIT         ?PR?_WRITECOMM?LCD
            CODE    3918H     002BH     UNIT         ?PR?USB_SUSPEND?USB_SUSPEND
            CODE    3943H     0027H     UNIT         ?PR?USBXCORE_USB_RESET?USB_API
            CODE    396AH     0027H     UNIT         ?PR?USBXCORE_GET_INTERFACE?USB_API
            CODE    3991H     0026H     UNIT         ?PR?_TP_WRITE?TP
            CODE    39B7H     0022H     UNIT         ?PR?USBXCORE_JUMP_ISR?USB_JUMP_ISR
            CODE    39D9H     0020H     UNIT         ?PR?USBXCORE_SET_ADDRESS?USB_API
            CODE    39F9H     001FH     UNIT         ?PR?_DELAY?MAIN
            CODE    3A18H     001DH     UNIT         ?PR?USBXCORE_FORCE_STALL?USB_API
            CODE    3A35H     0019H     UNIT         ?PR?USB_INT_ENABLE?USB_INT_ENABLE
            CODE    3A4EH     0016H     UNIT         ?PR?_SPI_WRITEBYTE?MMC_SD
            CODE    3A64H     0016H     UNIT         ?PR?READDATA?LCD
            CODE    3A7AH     0014H     UNIT         ?PR?USBXCORE_SET_SOP?USB_API
            CODE    3A8EH     0013H     UNIT         ?PR?WAITKEY?MAIN
            CODE    3AA1H     0011H     UNIT         ?PR?SD_INIT?MMC_SD
            CODE    3AB2H     000EH     UNIT         ?PR?GET_INTERRUPT_SOURCE?GET_INTERRUPT_SOURCE
            CODE    3AC0H     000CH     UNIT         ?PR?USBXCORE_CLKREC?USB_CLOCK_RECOVERY
            CODE    3ACCH     000BH     UNIT         ?PR?SPI_READBYTE?MMC_SD
            CODE    3AD7H     0009H     UNIT         ?PR?_WRITEONEDOT?LCD
            CODE    3AE0H     0008H     UNIT         ?CO?TP
            CODE    3AE8H     0003H     UNIT         ?PR?SUSPEND_DEVICE?MAIN



OVERLAY MAP OF MODULE:   ILI9342C_HSD231_ZT_4W1L (MAIN)


SEGMENT                                            PDATA_GROUP         XDATA_GROUP
  +--> CALLED SEGMENT                            START    LENGTH     START    LENGTH
------------------------------------------------------------------------------------
?PR?USB_API_TEST_ISR?MAIN                        0056H    0001H      -----    -----
  +--> ?PR?GET_INTERRUPT_SOURCE?GET_INTERRUP...
  +--> ?PR?_BLOCK_READ?BLOCK_READ
  +--> ?PR?SUSPEND_DEVICE?MAIN
  +--> ?PR?MCU_INIT?MAIN
  +--> ?PR?_?BLOCKWRITE?LCD

?PR?SUSPEND_DEVICE?MAIN                          -----    -----      -----    -----
  +--> ?PR?USB_SUSPEND?USB_SUSPEND

?PR?USB_SUSPEND?USB_SUSPEND                      -----    -----      -----    -----
  +--> ?PR?USB_CLOCK_START?USB_CLOCK_START

?PR?_?BLOCKWRITE?LCD                             -----    -----      -----    -----
  +--> ?PR?_WRITECOMM?LCD
  +--> ?PR?_WRITEDATA?LCD

?PR?_WRITECOMM?LCD                               0079H    0001H      -----    -----

?PR?_WRITEDATA?LCD                               0079H    0001H      -----    -----

*** NEW ROOT ***************************************************

?PR?USBXCORE_USB_ISR?USB_API                     -----    -----      -----    -----
  +--> ?PR?USBXCORE_USB_RESET?USB_API
  +--> ?PR?USBXCORE_HANDLE_SETUP?USB_API
  +--> ?PR?USBXCORE_JUMP_ISR?USB_JUMP_ISR
BL51 BANKED LINKER/LOCATER V6.22                                                      01/13/2022  13:50:31  PAGE 5



?PR?USBXCORE_HANDLE_SETUP?USB_API                -----    -----      -----    -----
  +--> ?PR?USBXCORE_GET_STATUS?USB_API
  +--> ?PR?USBXCORE_CLEAR_FEATURE?USB_API
  +--> ?PR?USBXCORE_VENDOR_USB_API?USB_API
  +--> ?PR?USBXCORE_SET_FEATURE?USB_API
  +--> ?PR?USBXCORE_SET_ADDRESS?USB_API
  +--> ?PR?USBXCORE_GET_DESCRIPTOR?USB_API
  +--> ?PR?USBXCORE_GET_CONFIGURATION?USB_API
  +--> ?PR?USBXCORE_SET_CONFIGURATION?USB_API
  +--> ?PR?USBXCORE_GET_INTERFACE?USB_API
  +--> ?PR?USBXCORE_SET_SOP?USB_API
  +--> ?PR?USBXCORE_FORCE_STALL?USB_API

?PR?USBXCORE_GET_STATUS?USB_API                  -----    -----      -----    -----
  +--> ?CO?USB_API
  +--> ?PR?USBXCORE_FORCE_STALL?USB_API
  +--> ?PR?USBXCORE_SET_SOP?USB_API

?PR?USBXCORE_CLEAR_FEATURE?USB_API               -----    -----      -----    -----
  +--> ?PR?USBXCORE_FORCE_STALL?USB_API
  +--> ?PR?USBXCORE_SET_SOP?USB_API

?PR?USBXCORE_VENDOR_USB_API?USB_API              -----    -----      -----    -----
  +--> ?PR?USBXCORE_SET_SOP?USB_API

?PR?USBXCORE_SET_FEATURE?USB_API                 -----    -----      -----    -----
  +--> ?PR?USBXCORE_FORCE_STALL?USB_API
  +--> ?PR?USBXCORE_SET_SOP?USB_API

?PR?USBXCORE_SET_ADDRESS?USB_API                 -----    -----      -----    -----
  +--> ?PR?USBXCORE_SET_SOP?USB_API

?PR?USBXCORE_GET_DESCRIPTOR?USB_API              -----    -----      -----    -----
  +--> ?PR?USBXCORE_FORCE_STALL?USB_API
  +--> ?PR?USBXCORE_SET_SOP?USB_API

?PR?USBXCORE_GET_CONFIGURATION?USB_API           -----    -----      -----    -----
  +--> ?CO?USB_API
  +--> ?PR?USBXCORE_SET_SOP?USB_API

?PR?USBXCORE_SET_CONFIGURATION?USB_API           -----    -----      -----    -----
  +--> ?PR?USBXCORE_SET_SOP?USB_API

?PR?USBXCORE_GET_INTERFACE?USB_API               -----    -----      -----    -----
  +--> ?CO?USB_API
  +--> ?PR?USBXCORE_SET_SOP?USB_API

*** NEW ROOT ***************************************************

?C_C51STARTUP                                    -----    -----      -----    -----
  +--> ?PR?MAIN?MAIN
  +--> ?C_INITSEG

?PR?MAIN?MAIN                                    -----    -----      -----    -----
  +--> ?PR?DEVICES_INIT?MAIN
  +--> ?PR?DISPFRAME?LCD
BL51 BANKED LINKER/LOCATER V6.22                                                      01/13/2022  13:50:31  PAGE 6


  +--> ?PR?_STOPDELAY?MAIN
  +--> ?PR?WAITKEY?MAIN
  +--> ?PR?_DISPCOLOR?LCD
  +--> ?PR?DISPGRAYHOR16?LCD
  +--> ?PR?DISPBAND?LCD
  +--> ?PR?TP_DRAWLINE?TP

?PR?DEVICES_INIT?MAIN                            -----    -----      -----    -----
  +--> ?PR?MCU_INIT?MAIN
  +--> ?PR?USB_CLOCK_START?USB_CLOCK_START
  +--> ?CO?MAIN
  +--> ?PR?_USB_INIT?USB_API
  +--> ?PR?USB_INT_ENABLE?USB_INT_ENABLE
  +--> ?PR?LCD_INIT?LCD

?PR?_USB_INIT?USB_API                            -----    -----      027AH    0011H
  +--> ?CO?USB_API
  +--> ?PR?USBXCORE_CLKREC?USB_CLOCK_RECOVERY

?PR?LCD_INIT?LCD                                 -----    -----      -----    -----
  +--> ?PR?READDATA?LCD
  +--> ?PR?_DELAY?MAIN
  +--> ?PR?_WRITECOMM?LCD
  +--> ?PR?_WRITEDATA?LCD

?PR?READDATA?LCD                                 -----    -----      -----    -----
  +--> ?PR?_LCD_READ_IC_ID?LCD

?PR?_LCD_READ_IC_ID?LCD                          0061H    0008H      -----    -----

?PR?DISPFRAME?LCD                                0058H    0002H      -----    -----
  +--> ?PR?_?BLOCKWRITE?LCD
  +--> ?PR?_WRITEDISPDATA?LCD

?PR?_STOPDELAY?MAIN                              0058H    0004H      -----    -----
  +--> ?PR?WAITKEY?MAIN
  +--> ?PR?_DELAY?MAIN

?PR?WAITKEY?MAIN                                 -----    -----      -----    -----
  +--> ?PR?CONNTOUSB?MAIN
  +--> ?PR?_DELAY?MAIN

?PR?CONNTOUSB?MAIN                               005CH    0005H      027AH    0058H
  +--> ?CO?MAIN
  +--> ?PR?_WRITECOMM?LCD
  +--> ?PR?_WRITEDATA?LCD
  +--> ?PR?_DISPSTR?LCD
  +--> ?PR?_DISPINT?LCD
  +--> ?PR?_WRITEDISPDATA?LCD
  +--> ?PR?_MMC_SD_WRITESINGLEBLOCK?MMC_SD
  +--> ?PR?_BLOCK_WRITE?BLOCK_WRITE
  +--> ?PR?READDATA?LCD
  +--> ?PR?_DELAY?MAIN

?PR?_DISPSTR?LCD                                 0061H    000BH      -----    -----
  +--> ?PR?_TOORD?LCD
  +--> ?PR?_DISPONECHAR?LCD
BL51 BANKED LINKER/LOCATER V6.22                                                      01/13/2022  13:50:31  PAGE 7



?PR?_DISPONECHAR?LCD                             006CH    000DH      -----    -----
  +--> ?PR?_?BLOCKWRITE?LCD
  +--> ?CO?LCD
  +--> ?PR?_WRITEONEDOT?LCD

?PR?_WRITEONEDOT?LCD                             -----    -----      -----    -----
  +--> ?PR?_WRITEDISPDATA?LCD

?PR?_DISPINT?LCD                                 0061H    000AH      -----    -----
  +--> ?PR?_DISPONECHAR?LCD

?PR?_MMC_SD_WRITESINGLEBLOCK?MMC_SD              0061H    0004H      -----    -----
  +--> ?PR?_MMC_SD_SENDCOMMAND?MMC_SD
  +--> ?PR?_SPI_WRITEBYTE?MMC_SD

?PR?_MMC_SD_SENDCOMMAND?MMC_SD                   0065H    0005H      -----    -----
  +--> ?PR?_SPI_WRITEBYTE?MMC_SD

?PR?_DISPCOLOR?LCD                               0058H    0004H      -----    -----
  +--> ?PR?_?BLOCKWRITE?LCD
  +--> ?PR?_WRITEDISPDATA?LCD

?PR?DISPGRAYHOR16?LCD                            0058H    0004H      -----    -----
  +--> ?PR?_?BLOCKWRITE?LCD
  +--> ?PR?_WRITEDISPDATA?LCD

?PR?DISPBAND?LCD                                 0058H    0005H      -----    -----
  +--> ?PR?_?BLOCKWRITE?LCD
  +--> ?PR?_WRITEDISPDATA?LCD

?PR?TP_DRAWLINE?TP                               -----    -----      027AH    0018H
  +--> ?PR?_DISPCOLOR?LCD
  +--> ?CO?TP
  +--> ?PR?_DISPSTR?LCD
  +--> ?PR?_DELAY?MAIN
  +--> ?PR?_TP_GETPOSITION?TP
  +--> ?PR?_PUTPIXEL?LCD

?PR?_TP_GETPOSITION?TP                           -----    -----      0292H    001BH
  +--> ?PR?_TP_WRITE?TP
  +--> ?PR?TP_READ?TP

?PR?_TP_WRITE?TP                                 -----    -----      02ADH    0001H

?PR?TP_READ?TP                                   -----    -----      02ADH    0005H

?PR?_PUTPIXEL?LCD                                0058H    0002H      -----    -----
  +--> ?PR?_?BLOCKWRITE?LCD
  +--> ?PR?_WRITEDISPDATA?LCD



SYMBOL TABLE OF MODULE:  ILI9342C_HSD231_ZT_4W1L (MAIN)

  VALUE           TYPE          NAME
  ----------------------------------
BL51 BANKED LINKER/LOCATER V6.22                                                      01/13/2022  13:50:31  PAGE 8



  -------         MODULE        MAIN
  C:0000H         SYMBOL        _ICE_DUMMY_
  D:0080H         PUBLIC        P0
  X:0000H         PUBLIC        f_down
  D:0090H         PUBLIC        P1
  D:00A0H         PUBLIC        P2
  D:00B0H         PUBLIC        P3
  C:3753H         PUBLIC        USB_MaxPower
  B:00B0H.6       PUBLIC        KEY_STEP
  D:00A4H         PUBLIC        P0MDOUT
  D:00A5H         PUBLIC        P1MDOUT
  D:00A6H         PUBLIC        P2MDOUT
  D:00A7H         PUBLIC        P3MDOUT
  D:00AEH         PUBLIC        P4MDOUT
  B:0080H.6       PUBLIC        OE
  D:00D9H         PUBLIC        PCA0MD
  C:1EDAH         PUBLIC        USB_API_TEST_ISR
  C:3AE8H         PUBLIC        Suspend_Device
  C:3665H         PUBLIC        _StopDelay
  D:00E1H         PUBLIC        XBR0
  D:00E2H         PUBLIC        XBR1
  B:00B0H.1       PUBLIC        RS
  C:37E2H         PUBLIC        main
  X:0001H         PUBLIC        VerifyCode0
  X:0002H         PUBLIC        VerifyCode1
  C:371DH         PUBLIC        USB_PID
  X:0003H         PUBLIC        VerifyCode2
  D:00F1H         PUBLIC        P0MDIN
  D:00F2H         PUBLIC        P1MDIN
  C:371FH         PUBLIC        USB_MfrStr
  D:00F4H         PUBLIC        P3MDIN
  C:371BH         PUBLIC        USB_VID
  D:00F8H         PUBLIC        SPI0CN
  X:0004H         PUBLIC        pic
  C:33CAH         PUBLIC        Devices_Init
  C:008EH         PUBLIC        ConnToUSB
  D:00A9H         PUBLIC        CLKSEL
  D:00B2H         PUBLIC        OSCICN
  C:3754H         PUBLIC        USB_PwAttributes
  C:3A8EH         PUBLIC        WaitKey
  C:3757H         SYMBOL        _?ix1000
  B:00A0H.0       PUBLIC        CS0
  X:0005H         PUBLIC        bf
  C:3755H         PUBLIC        USB_bcdDevice
  D:00B9H         PUBLIC        CLKMUL
  X:0007H         PUBLIC        f_debug
  X:0008H         PUBLIC        sd
  X:02D2H         PUBLIC        Packet
  C:379FH         PUBLIC        MCU_Init
  B:0080H.7       PUBLIC        DIR
  D:00EFH         PUBLIC        RSTSRC
  X:000CH         PUBLIC        f_read
  C:3749H         PUBLIC        USB_SerialStr
  X:000DH         PUBLIC        f_other
  C:3739H         PUBLIC        USB_ProductStr
  X:000EH         PUBLIC        f_para
BL51 BANKED LINKER/LOCATER V6.22                                                      01/13/2022  13:50:31  PAGE 9


  D:00A1H         PUBLIC        SPI0CFG
  C:39F9H         PUBLIC        _Delay
  B:00B0H.7       PUBLIC        KEY_Stop
  X:000FH         PUBLIC        f_init
  -------         PROC          MAIN
  C:37E2H         LINE#         40
  C:37E2H         LINE#         41
  C:37E2H         LINE#         46
  C:37E5H         LINE#         53
  C:37E8H         LINE#         54
  C:37E8H         LINE#         72
  C:37F1H         LINE#         73
  C:37FEH         LINE#         78
  C:3807H         LINE#         79
  C:3810H         LINE#         80
  C:3819H         LINE#         85
  C:381CH         LINE#         87
  C:381EH         LINE#         89
  -------         ENDPROC       MAIN
  -------         PROC          _DELAY
  D:0006H         SYMBOL        dly
  -------         DO            
  D:0004H         SYMBOL        i
  D:0002H         SYMBOL        j
  -------         ENDDO         
  C:39F9H         LINE#         91
  C:39F9H         LINE#         92
  C:39F9H         LINE#         95
  C:3A03H         LINE#         96
  C:3A17H         LINE#         97
  -------         ENDPROC       _DELAY
  C:3661H         SYMBOL        L?0133
  -------         PROC          L?0132
  -------         ENDPROC       L?0132
  C:3661H         SYMBOL        L?0133
  -------         PROC          _STOPDELAY
  X:0058H         SYMBOL        sdly
  -------         DO            
  D:0006H         SYMBOL        i
  D:0004H         SYMBOL        j
  X:005AH         SYMBOL        k
  -------         ENDDO         
  C:3665H         LINE#         99
  C:366CH         LINE#         100
  C:366CH         LINE#         102
  C:3671H         LINE#         103
  C:3671H         LINE#         104
  C:3674H         LINE#         105
  C:3674H         LINE#         106
  C:3681H         LINE#         107
  C:3695H         LINE#         108
  C:3695H         LINE#         110
  C:3695H         LINE#         111
  C:369FH         LINE#         112
  C:369FH         LINE#         113
  C:36B5H         LINE#         114
  -------         ENDPROC       _STOPDELAY
BL51 BANKED LINKER/LOCATER V6.22                                                      01/13/2022  13:50:31  PAGE 10


  -------         PROC          WAITKEY
  C:3A8EH         LINE#         144
  C:3A8EH         LINE#         145
  C:3A8EH         LINE#         147
  C:3A91H         LINE#         148
  C:3A91H         LINE#         150
  C:3A94H         LINE#         152
  C:3A96H         LINE#         153
  C:3A9DH         LINE#         154
  C:3AA0H         LINE#         156
  -------         ENDPROC       WAITKEY
  -------         PROC          CONNTOUSB
  -------         DO            
  X:005CH         SYMBOL        i
  X:027AH         SYMBOL        reg_data
  X:0292H         SYMBOL        para_data
  D:0007H         SYMBOL        dat
  X:005DH         SYMBOL        reg_index
  X:005FH         SYMBOL        data_num
  X:0060H         SYMBOL        st
  -------         ENDDO         
  C:008EH         LINE#         162
  C:008EH         LINE#         163
  C:008EH         LINE#         170
  C:00A1H         LINE#         172
  C:00A9H         LINE#         173
  C:00A9H         LINE#         174
  C:00B7H         LINE#         175
  C:00B7H         LINE#         176
  C:00C8H         LINE#         177
  C:00C8H         LINE#         178
  C:00EEH         LINE#         179
  C:00F0H         LINE#         180
  C:0104H         LINE#         181
  C:0104H         LINE#         182
  C:012AH         LINE#         184
  C:012AH         LINE#         185
  C:012AH         LINE#         186
  C:012AH         LINE#         188
  C:012AH         LINE#         189
  C:0132H         LINE#         190
  C:013CH         LINE#         191
  C:0146H         LINE#         193
  C:0162H         LINE#         195
  C:016CH         LINE#         196
  C:016CH         LINE#         197
  C:017DH         LINE#         198
  C:017DH         LINE#         199
  C:018EH         LINE#         200
  C:018EH         LINE#         201
  C:01E1H         LINE#         202
  C:01E3H         LINE#         203
  C:01F9H         LINE#         204
  C:01F9H         LINE#         205
  C:024BH         LINE#         206
  C:024BH         LINE#         207
  C:024BH         LINE#         208
BL51 BANKED LINKER/LOCATER V6.22                                                      01/13/2022  13:50:31  PAGE 11


  C:024BH         LINE#         210
  C:024BH         LINE#         211
  C:0253H         LINE#         212
  C:0253H         LINE#         213
  C:025DH         LINE#         214
  C:0267H         LINE#         216
  C:026BH         LINE#         217
  C:026EH         LINE#         221
  C:0276H         LINE#         222
  C:0276H         LINE#         223
  C:0285H         LINE#         224
  C:0285H         LINE#         225
  C:0287H         LINE#         227
  C:0289H         LINE#         228
  C:02A5H         LINE#         229
  C:02A7H         LINE#         231
  C:02D0H         LINE#         232
  C:02F4H         LINE#         233
  C:02FEH         LINE#         234
  C:02FEH         LINE#         235
  C:0306H         LINE#         236
  C:030DH         LINE#         237
  C:0318H         LINE#         238
  C:031EH         LINE#         239
  C:031EH         LINE#         240
  C:0327H         LINE#         242
  C:032BH         LINE#         243
  C:0337H         LINE#         244
  C:033AH         LINE#         247
  C:0342H         LINE#         248
  C:0342H         LINE#         249
  C:034BH         LINE#         250
  C:034BH         LINE#         251
  C:035BH         LINE#         252
  C:035BH         LINE#         253
  C:035DH         LINE#         255
  C:035FH         LINE#         256
  C:037BH         LINE#         257
  C:037DH         LINE#         259
  C:03A6H         LINE#         260
  C:03CAH         LINE#         262
  C:03D4H         LINE#         263
  C:03D4H         LINE#         264
  C:03DCH         LINE#         265
  C:03E3H         LINE#         266
  C:03EEH         LINE#         267
  C:03F4H         LINE#         268
  C:03F4H         LINE#         270
  C:03FDH         LINE#         276
  C:03FDH         LINE#         277
  C:040AH         LINE#         278
  C:040AH         LINE#         279
  C:040CH         LINE#         281
  C:040EH         LINE#         282
  C:042AH         LINE#         283
  C:042CH         LINE#         285
  C:0434H         LINE#         286
BL51 BANKED LINKER/LOCATER V6.22                                                      01/13/2022  13:50:31  PAGE 12


  C:0438H         LINE#         287
  C:0444H         LINE#         288
  C:0444H         LINE#         289
  C:0447H         LINE#         292
  C:044FH         LINE#         293
  C:044FH         LINE#         294
  C:0460H         LINE#         295
  C:0460H         LINE#         296
  C:046DH         LINE#         297
  C:046DH         LINE#         298
  C:048BH         LINE#         299
  C:048DH         LINE#         300
  C:049DH         LINE#         301
  C:049DH         LINE#         302
  C:04BBH         LINE#         303
  C:04BDH         LINE#         304
  C:04CEH         LINE#         305
  C:04CEH         LINE#         306
  C:04D8H         LINE#         307
  C:04E2H         LINE#         308
  C:04E2H         LINE#         309
  C:04E2H         LINE#         310
  C:04E2H         LINE#         312
  C:04E2H         LINE#         313
  C:04EBH         LINE#         314
  C:04EFH         LINE#         315
  C:04FBH         LINE#         316
  C:04FEH         LINE#         319
  C:0506H         LINE#         320
  C:0506H         LINE#         321
  C:0513H         LINE#         322
  C:0524H         LINE#         324
  C:052DH         LINE#         325
  C:053CH         LINE#         327
  C:0544H         LINE#         328
  C:0544H         LINE#         329
  C:054DH         LINE#         330
  C:055CH         LINE#         331
  C:055CH         LINE#         332
  C:055FH         LINE#         333
  C:056EH         LINE#         334
  C:057AH         LINE#         335
  C:0580H         LINE#         336
  C:0580H         LINE#         338
  C:0584H         LINE#         339
  C:0593H         LINE#         341
  C:059AH         LINE#         342
  C:05B6H         LINE#         343
  C:05C0H         LINE#         344
  C:05C0H         LINE#         345
  C:05E6H         LINE#         346
  C:05F9H         LINE#         347
  C:05F9H         LINE#         348
  C:064BH         LINE#         349
  C:0653H         LINE#         350
  C:0653H         LINE#         351
  C:0653H         LINE#         354
BL51 BANKED LINKER/LOCATER V6.22                                                      01/13/2022  13:50:31  PAGE 13


  C:0658H         LINE#         355
  C:0658H         LINE#         356
  C:0665H         LINE#         357
  C:0676H         LINE#         359
  C:067BH         LINE#         360
  C:067FH         LINE#         361
  C:0683H         LINE#         362
  C:0687H         LINE#         364
  C:068BH         LINE#         365
  C:0697H         LINE#         366
  C:0699H         LINE#         367
  -------         ENDPROC       CONNTOUSB
  -------         PROC          MCU_INIT
  -------         DO            
  D:0007H         SYMBOL        n
  -------         ENDDO         
  C:379FH         LINE#         370
  C:379FH         LINE#         371
  C:379FH         LINE#         373
  C:37A2H         LINE#         376
  C:37A5H         LINE#         377
  C:37A8H         LINE#         379
  C:37ABH         LINE#         381
  C:37B1H         LINE#         383
  C:37B4H         LINE#         384
  C:37B9H         LINE#         385
  C:37BCH         LINE#         387
  C:37BFH         LINE#         390
  C:37C2H         LINE#         391
  C:37C5H         LINE#         393
  C:37C8H         LINE#         394
  C:37CBH         LINE#         396
  C:37CEH         LINE#         397
  C:37D1H         LINE#         399
  C:37D4H         LINE#         400
  C:37D7H         LINE#         401
  C:37D9H         LINE#         402
  C:37DBH         LINE#         404
  C:37DEH         LINE#         405
  C:37E1H         LINE#         407
  -------         ENDPROC       MCU_INIT
  -------         PROC          DEVICES_INIT
  C:33CAH         LINE#         409
  C:33CAH         LINE#         410
  C:33CAH         LINE#         412
  C:33CDH         LINE#         415
  C:33D0H         LINE#         416
  C:342AH         LINE#         417
  C:342DH         LINE#         420
  C:3430H         LINE#         421
  C:3433H         LINE#         429
  -------         ENDPROC       DEVICES_INIT
  -------         PROC          SUSPEND_DEVICE
  C:3AE8H         LINE#         433
  C:3AE8H         LINE#         434
  C:3AE8H         LINE#         435
  -------         ENDPROC       SUSPEND_DEVICE
BL51 BANKED LINKER/LOCATER V6.22                                                      01/13/2022  13:50:31  PAGE 14


  -------         PROC          USB_API_TEST_ISR
  -------         DO            
  X:0056H         SYMBOL        INTVAL
  -------         ENDDO         
  C:1EDAH         LINE#         439
  C:1EF7H         LINE#         441
  C:1EFEH         LINE#         443
  C:1F04H         LINE#         444
  C:1F04H         LINE#         445
  C:1F0FH         LINE#         447
  C:1F2BH         LINE#         448
  C:1F2BH         LINE#         449
  C:1F2DH         LINE#         450
  C:1F2FH         LINE#         451
  C:1F45H         LINE#         452
  C:1F45H         LINE#         453
  C:1F47H         LINE#         454
  C:1F49H         LINE#         455
  C:1F61H         LINE#         456
  C:1F61H         LINE#         457
  C:1F63H         LINE#         458
  C:1F65H         LINE#         459
  C:1F7FH         LINE#         460
  C:1F7FH         LINE#         461
  C:1F81H         LINE#         462
  C:1F83H         LINE#         463
  C:1F98H         LINE#         464
  C:1F98H         LINE#         465
  C:1F9AH         LINE#         466
  C:1F9CH         LINE#         468
  C:1F9CH         LINE#         469
  C:1FA1H         LINE#         470
  C:1FA1H         LINE#         471
  C:1FA1H         LINE#         473
  C:1FA1H         LINE#         474
  C:1FA1H         LINE#         476
  C:1FA1H         LINE#         478
  C:1FA7H         LINE#         479
  C:1FA7H         LINE#         480
  C:1FAAH         LINE#         481
  C:1FAAH         LINE#         483
  C:1FB0H         LINE#         484
  C:1FB0H         LINE#         485
  C:1FB3H         LINE#         486
  C:1FB3H         LINE#         488
  C:1FB9H         LINE#         489
  C:1FB9H         LINE#         490
  C:1FD4H         LINE#         491
  C:1FD4H         LINE#         493
  C:1FDAH         LINE#         494
  C:1FDAH         LINE#         495
  C:1FDFH         LINE#         496
  C:1FFAH         LINE#         497
  C:1FFAH         LINE#         498
  -------         ENDPROC       USB_API_TEST_ISR
  -------         ENDMOD        MAIN

BL51 BANKED LINKER/LOCATER V6.22                                                      01/13/2022  13:50:31  PAGE 15


  -------         MODULE        MMC_SD
  C:0000H         SYMBOL        _ICE_DUMMY_
  D:00A2H         PUBLIC        SPI0CKR
  D:0080H         PUBLIC        P0
  D:0090H         PUBLIC        P1
  D:00A0H         PUBLIC        P2
  D:00B0H         PUBLIC        P3
  C:326FH         PUBLIC        _MMC_SD_SendCommand
  C:3436H         PUBLIC        _MMC_SD_ReadSingleBlock
  C:3AA1H         PUBLIC        SD_Init
  C:317AH         PUBLIC        _MMC_SD_WriteSingleBlock
  B:00F8H.7       PUBLIC        SPIF
  B:00F8H.2       PUBLIC        NSSMD0
  C:284FH         PUBLIC        MMC_SD_Reset
  D:00A9H         PUBLIC        CLKSEL
  C:3ACCH         PUBLIC        SPI_ReadByte
  C:3A5AH         PUBLIC        _SPI_WriteByte
  D:00A3H         PUBLIC        SPI0DAT
  X:007AH         PUBLIC        buffer
  C:3A4EH         SYMBOL        L?0062
  C:3A53H         SYMBOL        L?0063
  -------         PROC          L?0061
  -------         ENDPROC       L?0061
  C:3A4EH         SYMBOL        L?0062
  C:3A53H         SYMBOL        L?0063
  -------         PROC          _SPI_WRITEBYTE
  D:0007H         SYMBOL        val
  -------         DO            
  D:0007H         SYMBOL        ret
  -------         ENDDO         
  C:3A5AH         LINE#         7
  C:3A5AH         LINE#         8
  C:3A5AH         LINE#         11
  C:3A5CH         LINE#         12
  C:3A5FH         LINE#         13
  C:3A61H         LINE#         14
  C:3A63H         LINE#         15
  C:3A63H         LINE#         16
  -------         ENDPROC       _SPI_WRITEBYTE
  -------         PROC          SPI_READBYTE
  -------         DO            
  D:0007H         SYMBOL        ret
  -------         ENDDO         
  C:3ACCH         LINE#         18
  C:3ACCH         LINE#         19
  C:3ACCH         LINE#         22
  C:3ACFH         LINE#         23
  C:3AD2H         LINE#         24
  C:3AD4H         LINE#         25
  C:3AD6H         LINE#         26
  C:3AD6H         LINE#         27
  -------         ENDPROC       SPI_READBYTE
  -------         PROC          _MMC_SD_SENDCOMMAND
  D:0006H         SYMBOL        cmd
  X:0066H         SYMBOL        arg
  -------         DO            
  D:0007H         SYMBOL        r1
BL51 BANKED LINKER/LOCATER V6.22                                                      01/13/2022  13:50:31  PAGE 16


  D:0003H         SYMBOL        retry
  -------         ENDDO         
  C:326FH         LINE#         29
  C:3271H         LINE#         30
  C:3271H         LINE#         32
  C:3273H         LINE#         34
  C:3273H         LINE#         35
  C:3273H         LINE#         36
  C:3276H         LINE#         37
  C:3276H         LINE#         38
  C:3276H         LINE#         39
  C:3279H         LINE#         41
  C:327BH         LINE#         43
  C:3282H         LINE#         44
  C:3297H         LINE#         45
  C:32ACH         LINE#         46
  C:32C1H         LINE#         47
  C:32CBH         LINE#         48
  C:32D0H         LINE#         50
  C:32D8H         LINE#         51
  C:32E1H         LINE#         53
  C:32E3H         LINE#         55
  C:32E3H         LINE#         56
  -------         ENDPROC       _MMC_SD_SENDCOMMAND
  -------         PROC          MMC_SD_RESET
  -------         DO            
  D:0005H         SYMBOL        i
  D:0002H         SYMBOL        retry
  D:0006H         SYMBOL        r1
  -------         ENDDO         
  C:284FH         LINE#         58
  C:284FH         LINE#         59
  C:284FH         LINE#         62
  C:2851H         LINE#         64
  C:2852H         LINE#         65
  C:2855H         LINE#         66
  C:2858H         LINE#         68
  C:2858H         LINE#         69
  C:2864H         LINE#         70
  C:2874H         LINE#         71
  C:2875H         LINE#         72
  C:287BH         LINE#         73
  C:287FH         LINE#         75
  C:2881H         LINE#         77
  C:2881H         LINE#         79
  C:2881H         LINE#         80
  C:2891H         LINE#         81
  C:2892H         LINE#         82
  C:289BH         LINE#         83
  C:289FH         LINE#         85
  C:28A1H         LINE#         86
  C:28B1H         LINE#         87
  C:28B2H         LINE#         88
  C:28BBH         LINE#         89
  C:28BEH         LINE#         91
  C:28C1H         LINE#         92
  C:28C1H         LINE#         93
BL51 BANKED LINKER/LOCATER V6.22                                                      01/13/2022  13:50:31  PAGE 17


  C:28C3H         LINE#         95
  C:28C3H         LINE#         96
  C:28D3H         LINE#         97
  C:28D4H         LINE#         98
  C:28DDH         LINE#         99
  C:28E0H         LINE#         100
  C:28E0H         LINE#         101
  C:28F0H         LINE#         103
  C:28FEH         LINE#         104
  C:2901H         LINE#         105
  C:2904H         LINE#         106
  C:2905H         LINE#         107
  -------         ENDPROC       MMC_SD_RESET
  -------         PROC          _MMC_SD_READSINGLEBLOCK
  X:0010H         SYMBOL        sector
  -------         DO            
  D:0007H         SYMBOL        r1
  D:0004H         SYMBOL        i
  D:0002H         SYMBOL        retry
  -------         ENDDO         
  C:3436H         LINE#         109
  C:343BH         LINE#         110
  C:343BH         LINE#         113
  C:343DH         LINE#         115
  C:3440H         LINE#         117
  C:3440H         LINE#         118
  C:345CH         LINE#         119
  C:345DH         LINE#         120
  C:3466H         LINE#         121
  C:3469H         LINE#         124
  C:346BH         LINE#         126
  C:3471H         LINE#         128
  C:3474H         LINE#         129
  C:3474H         LINE#         130
  C:3483H         LINE#         131
  C:3490H         LINE#         133
  C:3490H         LINE#         134
  C:3493H         LINE#         136
  C:3495H         LINE#         137
  C:3498H         LINE#         138
  C:3499H         LINE#         139
  -------         ENDPROC       _MMC_SD_READSINGLEBLOCK
  -------         PROC          _MMC_SD_WRITESINGLEBLOCK
  X:0061H         SYMBOL        sector
  -------         DO            
  D:0006H         SYMBOL        r1
  D:0004H         SYMBOL        i
  D:0002H         SYMBOL        retry
  -------         ENDDO         
  C:317AH         LINE#         141
  C:317FH         LINE#         142
  C:317FH         LINE#         145
  C:3181H         LINE#         147
  C:3184H         LINE#         149
  C:3184H         LINE#         150
  C:31A2H         LINE#         151
  C:31A3H         LINE#         152
BL51 BANKED LINKER/LOCATER V6.22                                                      01/13/2022  13:50:31  PAGE 18


  C:31ACH         LINE#         153
  C:31AFH         LINE#         157
  C:31B1H         LINE#         159
  C:31B6H         LINE#         161
  C:31BBH         LINE#         163
  C:31BDH         LINE#         164
  C:31BDH         LINE#         165
  C:31CCH         LINE#         166
  C:31D9H         LINE#         168
  C:31D9H         LINE#         169
  C:31D9H         LINE#         171
  C:31DEH         LINE#         173
  C:31E5H         LINE#         174
  C:31E5H         LINE#         175
  C:31E7H         LINE#         176
  C:31E8H         LINE#         177
  C:31E8H         LINE#         179
  C:31F0H         LINE#         181
  C:31F2H         LINE#         182
  C:31F5H         LINE#         183
  C:31F6H         LINE#         184
  -------         ENDPROC       _MMC_SD_WRITESINGLEBLOCK
  -------         PROC          SD_INIT
  -------         DO            
  D:0001H         SYMBOL        n
  -------         ENDDO         
  C:3AA1H         LINE#         187
  C:3AA1H         LINE#         188
  C:3AA1H         LINE#         189
  C:3AA3H         LINE#         191
  C:3AA9H         LINE#         192
  C:3AA9H         LINE#         193
  C:3AAAH         LINE#         194
  C:3AB1H         LINE#         196
  -------         ENDPROC       SD_INIT
  -------         ENDMOD        MMC_SD

  -------         MODULE        LCD
  C:0000H         SYMBOL        _ICE_DUMMY_
  D:0080H         PUBLIC        P0
  C:2B1BH         PUBLIC        DispFrame
  D:0090H         PUBLIC        P1
  C:2BC5H         PUBLIC        DispScaleVer_Green
  D:00A0H         PUBLIC        P2
  D:00B0H         PUBLIC        P3
  C:1BF8H         PUBLIC        DispBand
  C:3895H         PUBLIC        _WriteData
  C:069AH         PUBLIC        ascii
  C:1412H         PUBLIC        _LCD_Read_IC_ID
  D:00A6H         PUBLIC        P2MDOUT
  C:0046H         PUBLIC        _DispColor
  C:306EH         PUBLIC        DispScaleVer_Blue
  C:2F53H         PUBLIC        _DrawGird
  C:30F4H         PUBLIC        _DrawLine
  B:00D0H.7       PUBLIC        CY
  C:38EDH         PUBLIC        _WriteComm
  C:0018H         PUBLIC        _WriteDispData
BL51 BANKED LINKER/LOCATER V6.22                                                      01/13/2022  13:50:31  PAGE 19


  C:2EC2H         PUBLIC        DispScaleVer_Gray
  B:00B0H.1       PUBLIC        RS
  B:0090H.7       PUBLIC        SPI_CLK
  C:2E31H         PUBLIC        DispScaleVer_Red
  D:00F3H         PUBLIC        P2MDIN
  C:227AH         PUBLIC        DispScaleVer
  C:349AH         PUBLIC        _DispPic
  C:27B4H         PUBLIC        _DispOneChar
  C:31F7H         PUBLIC        DispGrayHor32
  C:2D00H         PUBLIC        DispGrayHor16
  C:2906H         PUBLIC        _DispInt
  C:36B6H         PUBLIC        _PutPixel
  D:00A9H         PUBLIC        CLKSEL
  B:0090H.6       PUBLIC        RD0
  B:00A0H.0       PUBLIC        CS0
  X:0054H         PUBLIC        LCM_ID
  C:214CH         PUBLIC        LCD_Init
  C:2D9BH         PUBLIC        _DispStr
  B:0090H.7       PUBLIC        WR0
  C:1644H         PUBLIC        DispScaleHor1
  B:0090H.6       PUBLIC        SPI_DI
  C:3AD7H         PUBLIC        _WriteOneDot
  C:1A3CH         PUBLIC        DispScaleHor2
  C:25CEH         PUBLIC        _DispPicFromSD
  B:0080H.7       PUBLIC        DIR
  C:34FDH         PUBLIC        _ToOrd
  B:0080H.5       PUBLIC        RST
  C:3A64H         PUBLIC        ReadData
  C:2C7EH         PUBLIC        _?BlockWrite
  -------         PROC          _LCD_READ_IC_ID
  X:0061H         SYMBOL        ID
  D:0004H         SYMBOL        Bug
  D:0003H         SYMBOL        flog
  -------         DO            
  X:0062H         SYMBOL        id
  X:0064H         SYMBOL        id1
  X:0066H         SYMBOL        temp
  D:0005H         SYMBOL        i
  D:0007H         SYMBOL        dat
  D:0001H         SYMBOL        id2
  X:0068H         SYMBOL        id3
  D:0002H         SYMBOL        id4
  -------         ENDDO         
  C:1412H         LINE#         35
  C:1416H         LINE#         36
  C:1416H         LINE#         40
  C:141EH         LINE#         41
  C:141EH         LINE#         43
  C:1420H         LINE#         44
  C:1422H         LINE#         45
  C:1424H         LINE#         47
  C:1427H         LINE#         48
  C:1429H         LINE#         49
  C:142BH         LINE#         50
  C:142DH         LINE#         53
  C:1430H         LINE#         54
  C:1433H         LINE#         55
BL51 BANKED LINKER/LOCATER V6.22                                                      01/13/2022  13:50:31  PAGE 20


  C:1436H         LINE#         56
  C:1438H         LINE#         57
  C:143AH         LINE#         58
  C:143CH         LINE#         63
  C:1446H         LINE#         65
  C:144CH         LINE#         66
  C:1454H         LINE#         68
  C:145AH         LINE#         69
  C:1460H         LINE#         70
  C:146AH         LINE#         72
  C:1470H         LINE#         73
  C:1472H         LINE#         75
  C:1478H         LINE#         77
  C:147EH         LINE#         78
  C:1488H         LINE#         80
  C:148EH         LINE#         81
  C:1493H         LINE#         83
  C:1499H         LINE#         85
  C:14A3H         LINE#         86
  C:14ADH         LINE#         88
  C:14B3H         LINE#         89
  C:14B5H         LINE#         91
  C:14C5H         LINE#         92
  C:14CFH         LINE#         94
  C:14D2H         LINE#         95
  C:14D6H         LINE#         96
  C:14D6H         LINE#         97
  C:14DFH         LINE#         98
  C:14E5H         LINE#         99
  C:14E5H         LINE#         100
  C:14EFH         LINE#         101
  C:14F1H         LINE#         102
  C:14F5H         LINE#         103
  C:14F5H         LINE#         104
  C:1504H         LINE#         105
  C:1504H         LINE#         108
  C:1504H         LINE#         109
  C:150DH         LINE#         110
  C:150DH         LINE#         112
  C:1510H         LINE#         113
  C:1514H         LINE#         114
  C:1516H         LINE#         115
  C:1518H         LINE#         116
  C:151AH         LINE#         117
  C:151AH         LINE#         118
  C:151CH         LINE#         119
  C:1524H         LINE#         120
  C:1526H         LINE#         122
  C:1528H         LINE#         123
  C:152CH         LINE#         124
  C:1531H         LINE#         125
  C:1534H         LINE#         128
  C:153EH         LINE#         129
  C:153EH         LINE#         130
  C:1540H         LINE#         131
  C:1540H         LINE#         132
  C:1542H         LINE#         133
BL51 BANKED LINKER/LOCATER V6.22                                                      01/13/2022  13:50:31  PAGE 21


  C:1544H         LINE#         134
  C:1546H         LINE#         135
  C:155DH         LINE#         136
  C:155FH         LINE#         137
  C:1561H         LINE#         138
  C:1568H         LINE#         139
  C:1572H         LINE#         140
  C:1572H         LINE#         141
  C:1574H         LINE#         142
  C:1574H         LINE#         143
  C:1576H         LINE#         144
  C:1578H         LINE#         145
  C:157AH         LINE#         146
  C:1591H         LINE#         147
  C:1593H         LINE#         148
  C:1595H         LINE#         149
  C:159AH         LINE#         150
  C:159AH         LINE#         152
  C:159CH         LINE#         153
  C:159CH         LINE#         154
  C:159EH         LINE#         155
  C:15A0H         LINE#         156
  C:15A2H         LINE#         157
  C:15B9H         LINE#         158
  C:15BBH         LINE#         159
  C:15BDH         LINE#         160
  C:15C2H         LINE#         162
  C:15C4H         LINE#         163
  C:15C4H         LINE#         164
  C:15C6H         LINE#         165
  C:15C8H         LINE#         166
  C:15CAH         LINE#         167
  C:15D4H         LINE#         168
  C:15D6H         LINE#         169
  C:15D8H         LINE#         170
  C:15DDH         LINE#         172
  C:15DFH         LINE#         173
  C:15DFH         LINE#         174
  C:15E1H         LINE#         175
  C:15E3H         LINE#         176
  C:15E5H         LINE#         177
  C:15F1H         LINE#         178
  C:15F3H         LINE#         179
  C:15F5H         LINE#         180
  C:15FAH         LINE#         181
  C:15FDH         LINE#         182
  C:15FFH         LINE#         183
  C:1601H         LINE#         184
  C:1603H         LINE#         185
  C:1605H         LINE#         186
  C:1607H         LINE#         187
  C:1609H         LINE#         189
  C:160DH         LINE#         190
  C:160DH         LINE#         191
  C:161DH         LINE#         193
  C:1628H         LINE#         194
  C:1628H         LINE#         195
BL51 BANKED LINKER/LOCATER V6.22                                                      01/13/2022  13:50:31  PAGE 22


  C:1628H         LINE#         197
  C:162EH         LINE#         198
  C:162EH         LINE#         199
  C:163AH         LINE#         200
  C:163AH         LINE#         202
  C:163AH         LINE#         203
  C:163CH         LINE#         204
  C:1643H         LINE#         205
  -------         ENDPROC       _LCD_READ_IC_ID
  -------         PROC          _WRITECOMM
  D:0004H         SYMBOL        i
  -------         DO            
  D:0003H         SYMBOL        j
  X:0079H         SYMBOL        DataH
  -------         ENDDO         
  C:38EDH         LINE#         208
  C:38F1H         LINE#         209
  C:38F1H         LINE#         211
  C:38F5H         LINE#         212
  C:38F7H         LINE#         276
  C:38F7H         LINE#         303
  C:38F9H         LINE#         304
  C:38FBH         LINE#         305
  C:38FBH         LINE#         306
  C:38FFH         LINE#         307
  C:3903H         LINE#         309
  C:3905H         LINE#         310
  C:390CH         LINE#         311
  C:390EH         LINE#         312
  C:3910H         LINE#         314
  C:3915H         LINE#         316
  C:3915H         LINE#         319
  C:3917H         LINE#         320
  -------         ENDPROC       _WRITECOMM
  -------         PROC          L?0467
  -------         ENDPROC       L?0467
  -------         PROC          _WRITEDATA
  D:0004H         SYMBOL        i
  -------         DO            
  D:0003H         SYMBOL        j
  X:0079H         SYMBOL        DataH
  -------         ENDDO         
  C:3895H         LINE#         322
  C:3899H         LINE#         323
  C:3899H         LINE#         325
  C:389DH         LINE#         326
  C:389FH         LINE#         467
  C:389FH         LINE#         498
  C:38A1H         LINE#         499
  C:38A3H         LINE#         500
  C:38A3H         LINE#         501
  C:38A7H         LINE#         502
  C:38ABH         LINE#         504
  C:38ADH         LINE#         505
  C:38B4H         LINE#         506
  C:38B6H         LINE#         507
  C:38B8H         LINE#         509
BL51 BANKED LINKER/LOCATER V6.22                                                      01/13/2022  13:50:31  PAGE 23


  C:38BDH         LINE#         511
  C:38BDH         LINE#         514
  C:38BFH         LINE#         515
  -------         ENDPROC       _WRITEDATA
  C:0003H         SYMBOL        L?0466
  -------         PROC          L?0465
  -------         ENDPROC       L?0465
  C:0003H         SYMBOL        L?0466
  -------         PROC          _WRITEDISPDATA
  D:0007H         SYMBOL        DataH
  D:0005H         SYMBOL        DataL
  -------         DO            
  D:0006H         SYMBOL        j
  -------         ENDDO         
  C:0018H         LINE#         517
  C:0018H         LINE#         518
  C:0018H         LINE#         520
  C:001AH         LINE#         594
  C:001AH         LINE#         595
  C:001CH         LINE#         596
  C:001EH         LINE#         597
  C:001EH         LINE#         598
  C:0022H         LINE#         599
  C:0024H         LINE#         600
  C:0026H         LINE#         601
  C:0028H         LINE#         602
  C:002DH         LINE#         604
  C:002FH         LINE#         605
  C:0031H         LINE#         606
  C:0031H         LINE#         607
  C:0035H         LINE#         608
  C:0037H         LINE#         609
  C:0039H         LINE#         610
  C:003BH         LINE#         611
  C:0040H         LINE#         636
  C:0040H         LINE#         639
  C:0042H         LINE#         640
  -------         ENDPROC       _WRITEDISPDATA
  -------         PROC          _WRITEONEDOT
  D:0004H         SYMBOL        color
  C:3AD7H         LINE#         642
  C:3ADBH         LINE#         643
  C:3ADBH         LINE#         656
  -------         ENDPROC       _WRITEONEDOT
  -------         PROC          LCD_INIT
  C:214CH         LINE#         665
  C:214CH         LINE#         666
  C:214CH         LINE#         667
  C:214FH         LINE#         670
  C:2151H         LINE#         671
  C:2158H         LINE#         673
  C:215AH         LINE#         674
  C:2161H         LINE#         676
  C:2163H         LINE#         677
  C:216AH         LINE#         6563
  C:2171H         LINE#         6564
  C:2176H         LINE#         6565
BL51 BANKED LINKER/LOCATER V6.22                                                      01/13/2022  13:50:31  PAGE 24


  C:217BH         LINE#         6566
  C:2180H         LINE#         6568
  C:2185H         LINE#         6569
  C:218AH         LINE#         6570
  C:218FH         LINE#         6571
  C:2194H         LINE#         6573
  C:2199H         LINE#         6574
  C:219EH         LINE#         6575
  C:21A3H         LINE#         6577
  C:21A8H         LINE#         6578
  C:21ADH         LINE#         6580
  C:21B2H         LINE#         6581
  C:21B7H         LINE#         6583
  C:21BCH         LINE#         6584
  C:21C1H         LINE#         6585
  C:21C6H         LINE#         6587
  C:21CBH         LINE#         6588
  C:21D0H         LINE#         6590
  C:21D5H         LINE#         6591
  C:21DAH         LINE#         6592
  C:21DFH         LINE#         6593
  C:21E4H         LINE#         6594
  C:21E9H         LINE#         6595
  C:21EEH         LINE#         6596
  C:21F3H         LINE#         6597
  C:21F8H         LINE#         6598
  C:21FBH         LINE#         6599
  C:2200H         LINE#         6600
  C:2205H         LINE#         6601
  C:220AH         LINE#         6602
  C:220FH         LINE#         6603
  C:2214H         LINE#         6604
  C:2217H         LINE#         6605
  C:221CH         LINE#         6607
  C:2221H         LINE#         6608
  C:2226H         LINE#         6609
  C:222BH         LINE#         6610
  C:222FH         LINE#         6611
  C:2234H         LINE#         6612
  C:2239H         LINE#         6613
  C:223EH         LINE#         6614
  C:2243H         LINE#         6615
  C:2248H         LINE#         6616
  C:224DH         LINE#         6617
  C:2252H         LINE#         6618
  C:2257H         LINE#         6619
  C:225BH         LINE#         6620
  C:2260H         LINE#         6621
  C:2264H         LINE#         6622
  C:2269H         LINE#         6624
  C:226EH         LINE#         6625
  C:2273H         LINE#         6626
  -------         ENDPROC       LCD_INIT
  C:2C66H         SYMBOL        L?0459
  C:2C6DH         SYMBOL        L?0460
  C:2C76H         SYMBOL        L?0461
  -------         PROC          L?0458
BL51 BANKED LINKER/LOCATER V6.22                                                      01/13/2022  13:50:31  PAGE 25


  -------         ENDPROC       L?0458
  C:2C66H         SYMBOL        L?0459
  C:2C6DH         SYMBOL        L?0460
  C:2C76H         SYMBOL        L?0461
  -------         PROC          _?BLOCKWRITE
  p:0000H         SYMBOL        Xstart
  p:0002H         SYMBOL        Xend
  p:0004H         SYMBOL        Ystart
  p:0006H         SYMBOL        Yend
  C:2C7EH         LINE#         6982
  C:2C9FH         LINE#         7129
  C:2CA6H         LINE#         7130
  C:2CADH         LINE#         7131
  C:2CB5H         LINE#         7132
  C:2CC0H         LINE#         7133
  C:2CCAH         LINE#         7135
  C:2CCFH         LINE#         7136
  C:2CD9H         LINE#         7138
  C:2CE0H         LINE#         7139
  C:2CEAH         LINE#         7140
  C:2CF1H         LINE#         7146
  C:2CF6H         LINE#         7149
  C:2CF9H         LINE#         7154
  -------         ENDPROC       _?BLOCKWRITE
  -------         PROC          _DISPCOLOR
  D:0004H         SYMBOL        color
  -------         DO            
  X:0058H         SYMBOL        i
  D:0002H         SYMBOL        m
  X:005AH         SYMBOL        DataH
  X:005BH         SYMBOL        DataL
  -------         ENDDO         
  C:0046H         LINE#         7209
  C:0048H         LINE#         7210
  C:0048H         LINE#         7213
  C:004EH         LINE#         7215
  C:0051H         LINE#         7217
  C:0053H         LINE#         7218
  C:0059H         LINE#         7219
  C:0059H         LINE#         7220
  C:005CH         LINE#         7221
  C:005CH         LINE#         7222
  C:0066H         LINE#         7223
  C:0071H         LINE#         7224
  C:0087H         LINE#         7226
  C:0089H         LINE#         7227
  -------         ENDPROC       _DISPCOLOR
  -------         PROC          DISPFRAME
  -------         DO            
  D:0002H         SYMBOL        i
  X:0058H         SYMBOL        j
  D:0001H         SYMBOL        DataH
  D:0004H         SYMBOL        DataL
  -------         ENDDO         
  C:2B1BH         LINE#         7229
  C:2B1BH         LINE#         7230
  C:2B1BH         LINE#         7233
BL51 BANKED LINKER/LOCATER V6.22                                                      01/13/2022  13:50:31  PAGE 26


  C:2B1EH         LINE#         7235
  C:2B20H         LINE#         7238
  C:2B24H         LINE#         7239
  C:2B2AH         LINE#         7241
  C:2B2CH         LINE#         7242
  C:2B2CH         LINE#         7243
  C:2B30H         LINE#         7244
  C:2B37H         LINE#         7245
  C:2B42H         LINE#         7247
  C:2B46H         LINE#         7248
  C:2B4CH         LINE#         7250
  C:2B52H         LINE#         7251
  C:2B52H         LINE#         7252
  C:2B56H         LINE#         7253
  C:2B5CH         LINE#         7255
  C:2B5FH         LINE#         7256
  C:2B5FH         LINE#         7257
  C:2B62H         LINE#         7258
  C:2B67H         LINE#         7259
  C:2B72H         LINE#         7261
  C:2B76H         LINE#         7262
  C:2B7CH         LINE#         7264
  C:2B92H         LINE#         7266
  C:2B96H         LINE#         7267
  C:2B9CH         LINE#         7269
  C:2B9FH         LINE#         7270
  C:2B9FH         LINE#         7271
  C:2BA3H         LINE#         7272
  C:2BAAH         LINE#         7273
  C:2BB5H         LINE#         7275
  C:2BB9H         LINE#         7276
  C:2BBFH         LINE#         7278
  C:2BC2H         LINE#         7279
  C:2BC4H         LINE#         7280
  -------         ENDPROC       DISPFRAME
  -------         PROC          DISPBAND
  -------         DO            
  D:0002H         SYMBOL        i
  X:0058H         SYMBOL        j
  X:0059H         SYMBOL        k
  X:005AH         SYMBOL        m
  X:005BH         SYMBOL        n
  X:005CH         SYMBOL        x
  -------         ENDDO         
  C:1BF8H         LINE#         7282
  C:1BF8H         LINE#         7283
  C:1BF8H         LINE#         7286
  C:1C02H         LINE#         7287
  C:1C0AH         LINE#         7288
  C:1C0CH         LINE#         7290
  C:1C15H         LINE#         7291
  C:1C23H         LINE#         7292
  C:1C23H         LINE#         7293
  C:1C3EH         LINE#         7294
  C:1C59H         LINE#         7295
  C:1C85H         LINE#         7296
  C:1C8CH         LINE#         7297
BL51 BANKED LINKER/LOCATER V6.22                                                      01/13/2022  13:50:31  PAGE 27


  C:1C9BH         LINE#         7298
  C:1C9BH         LINE#         7299
  C:1CB6H         LINE#         7300
  C:1CD1H         LINE#         7301
  C:1CFDH         LINE#         7302
  C:1D04H         LINE#         7303
  C:1D1AH         LINE#         7304
  C:1D1AH         LINE#         7305
  C:1D35H         LINE#         7306
  C:1D50H         LINE#         7307
  C:1D7CH         LINE#         7308
  C:1D83H         LINE#         7310
  C:1D85H         LINE#         7311
  C:1D88H         LINE#         7313
  -------         ENDPROC       DISPBAND
  -------         PROC          _DISPPIC
  D:0006H         SYMBOL        picture
  -------         DO            
  X:0014H         SYMBOL        p
  X:0017H         SYMBOL        n
  -------         ENDDO         
  C:349AH         LINE#         7316
  C:349AH         LINE#         7317
  C:349AH         LINE#         7320
  C:34A9H         LINE#         7321
  C:34A9H         LINE#         7322
  C:34A9H         LINE#         7324
  C:34BCH         LINE#         7326
  C:34CFH         LINE#         7327
  C:34CFH         LINE#         7328
  C:34EFH         LINE#         7329
  C:34FCH         LINE#         7331
  -------         ENDPROC       _DISPPIC
  -------         PROC          _DISPPICFROMSD
  X:0019H         SYMBOL        PicNum
  -------         DO            
  X:001AH         SYMBOL        Address_S
  X:001EH         SYMBOL        Address_E
  D:0002H         SYMBOL        i
  X:0022H         SYMBOL        k
  -------         ENDDO         
  C:25CEH         LINE#         7335
  C:25D1H         LINE#         7336
  C:25D1H         LINE#         7342
  C:25D4H         LINE#         7345
  C:25D6H         LINE#         7347
  C:25D8H         LINE#         7349
  C:25E1H         LINE#         7350
  C:260CH         LINE#         7351
  C:2635H         LINE#         7352
  C:2658H         LINE#         7353
  C:2658H         LINE#         7354
  C:2668H         LINE#         7356
  C:2671H         LINE#         7357
  C:2671H         LINE#         7359
  C:268CH         LINE#         7360
  C:2695H         LINE#         7361
BL51 BANKED LINKER/LOCATER V6.22                                                      01/13/2022  13:50:31  PAGE 28


  C:26B4H         LINE#         7363
  C:26B6H         LINE#         7401
  -------         ENDPROC       _DISPPICFROMSD
  -------         PROC          DISPSCALEHOR1
  -------         DO            
  X:0026H         SYMBOL        i
  X:0028H         SYMBOL        j
  D:0002H         SYMBOL        k
  -------         ENDDO         
  C:1644H         LINE#         7406
  C:1644H         LINE#         7407
  C:1644H         LINE#         7410
  C:1647H         LINE#         7413
  C:1649H         LINE#         7414
  C:1649H         LINE#         7415
  C:1669H         LINE#         7416
  C:166FH         LINE#         7417
  C:166FH         LINE#         7418
  C:1675H         LINE#         7419
  C:1675H         LINE#         7420
  C:168AH         LINE#         7421
  C:16A0H         LINE#         7422
  C:16B6H         LINE#         7424
  C:16C1H         LINE#         7427
  C:16C4H         LINE#         7428
  C:16C4H         LINE#         7429
  C:16E4H         LINE#         7430
  C:16EAH         LINE#         7431
  C:16EAH         LINE#         7432
  C:16F0H         LINE#         7433
  C:16F0H         LINE#         7434
  C:171BH         LINE#         7435
  C:1731H         LINE#         7436
  C:1747H         LINE#         7437
  C:1755H         LINE#         7440
  C:1758H         LINE#         7441
  C:1758H         LINE#         7442
  C:1778H         LINE#         7443
  C:177EH         LINE#         7444
  C:177EH         LINE#         7445
  C:1784H         LINE#         7446
  C:1784H         LINE#         7447
  C:178EH         LINE#         7448
  C:17A4H         LINE#         7449
  C:17BAH         LINE#         7450
  C:17C5H         LINE#         7453
  C:17C8H         LINE#         7454
  C:17C8H         LINE#         7455
  C:17E8H         LINE#         7456
  C:17EEH         LINE#         7457
  C:17EEH         LINE#         7458
  C:17F4H         LINE#         7459
  C:17F4H         LINE#         7460
  C:1827H         LINE#         7461
  C:183DH         LINE#         7462
  C:1853H         LINE#         7463
  C:1861H         LINE#         7464
BL51 BANKED LINKER/LOCATER V6.22                                                      01/13/2022  13:50:31  PAGE 29


  C:1863H         LINE#         7465
  -------         ENDPROC       DISPSCALEHOR1
  -------         PROC          DISPSCALEVER
  -------         DO            
  X:002AH         SYMBOL        i
  X:002CH         SYMBOL        j
  D:0002H         SYMBOL        k
  -------         ENDDO         
  C:227AH         LINE#         7467
  C:227AH         LINE#         7468
  C:227AH         LINE#         7537
  C:227DH         LINE#         7539
  C:227FH         LINE#         7540
  C:227FH         LINE#         7541
  C:2285H         LINE#         7542
  C:2285H         LINE#         7543
  C:228BH         LINE#         7544
  C:22A1H         LINE#         7545
  C:22ACH         LINE#         7547
  C:22AFH         LINE#         7548
  C:22AFH         LINE#         7550
  C:22B5H         LINE#         7551
  C:22B5H         LINE#         7553
  C:22BBH         LINE#         7554
  C:22BBH         LINE#         7555
  C:22CDH         LINE#         7556
  C:22E3H         LINE#         7558
  C:22E9H         LINE#         7559
  C:22E9H         LINE#         7560
  C:2311H         LINE#         7561
  C:2327H         LINE#         7563
  C:232DH         LINE#         7564
  C:232DH         LINE#         7565
  C:2334H         LINE#         7566
  C:234AH         LINE#         7568
  C:2350H         LINE#         7569
  C:2350H         LINE#         7570
  C:2364H         LINE#         7571
  C:237AH         LINE#         7573
  C:2393H         LINE#         7575
  C:23A1H         LINE#         7577
  -------         ENDPROC       DISPSCALEVER
  -------         PROC          DISPSCALEVER_RED
  -------         DO            
  X:002EH         SYMBOL        i
  X:0030H         SYMBOL        j
  D:0002H         SYMBOL        k
  -------         ENDDO         
  C:2E31H         LINE#         7579
  C:2E31H         LINE#         7580
  C:2E31H         LINE#         7583
  C:2E34H         LINE#         7585
  C:2E36H         LINE#         7587
  C:2E38H         LINE#         7590
  C:2E3AH         LINE#         7591
  C:2E3AH         LINE#         7592
  C:2E40H         LINE#         7593
BL51 BANKED LINKER/LOCATER V6.22                                                      01/13/2022  13:50:31  PAGE 30


  C:2E40H         LINE#         7594
  C:2E46H         LINE#         7595
  C:2E5CH         LINE#         7596
  C:2E67H         LINE#         7598
  C:2E6AH         LINE#         7599
  C:2E6AH         LINE#         7600
  C:2E70H         LINE#         7601
  C:2E70H         LINE#         7603
  C:2E76H         LINE#         7604
  C:2E76H         LINE#         7605
  C:2E88H         LINE#         7606
  C:2E9EH         LINE#         7607
  C:2EB4H         LINE#         7609
  C:2EBFH         LINE#         7611
  C:2EC1H         LINE#         7612
  -------         ENDPROC       DISPSCALEVER_RED
  -------         PROC          DISPSCALEVER_GREEN
  -------         DO            
  X:0032H         SYMBOL        i
  X:0034H         SYMBOL        j
  D:0002H         SYMBOL        k
  -------         ENDDO         
  C:2BC5H         LINE#         7614
  C:2BC5H         LINE#         7615
  C:2BC5H         LINE#         7618
  C:2BC8H         LINE#         7620
  C:2BCAH         LINE#         7621
  C:2BCCH         LINE#         7624
  C:2BCEH         LINE#         7625
  C:2BCEH         LINE#         7626
  C:2BD4H         LINE#         7627
  C:2BD4H         LINE#         7628
  C:2BDAH         LINE#         7630
  C:2BF0H         LINE#         7631
  C:2BFBH         LINE#         7633
  C:2BFEH         LINE#         7634
  C:2BFEH         LINE#         7635
  C:2C04H         LINE#         7636
  C:2C04H         LINE#         7638
  C:2C0AH         LINE#         7639
  C:2C0AH         LINE#         7641
  C:2C2BH         LINE#         7642
  C:2C41H         LINE#         7643
  C:2C57H         LINE#         7645
  C:2C62H         LINE#         7647
  C:2C64H         LINE#         7648
  -------         ENDPROC       DISPSCALEVER_GREEN
  -------         PROC          DISPSCALEVER_BLUE
  -------         DO            
  X:0036H         SYMBOL        i
  X:0038H         SYMBOL        j
  D:0002H         SYMBOL        k
  -------         ENDDO         
  C:306EH         LINE#         7650
  C:306EH         LINE#         7651
  C:306EH         LINE#         7654
  C:3071H         LINE#         7656
BL51 BANKED LINKER/LOCATER V6.22                                                      01/13/2022  13:50:31  PAGE 31


  C:3073H         LINE#         7657
  C:3075H         LINE#         7660
  C:3077H         LINE#         7661
  C:3077H         LINE#         7662
  C:307DH         LINE#         7663
  C:307DH         LINE#         7664
  C:3083H         LINE#         7665
  C:3099H         LINE#         7666
  C:30A4H         LINE#         7668
  C:30A7H         LINE#         7669
  C:30A7H         LINE#         7670
  C:30ADH         LINE#         7671
  C:30ADH         LINE#         7673
  C:30B3H         LINE#         7674
  C:30B3H         LINE#         7675
  C:30BAH         LINE#         7676
  C:30D0H         LINE#         7677
  C:30E6H         LINE#         7679
  C:30F1H         LINE#         7681
  C:30F3H         LINE#         7682
  -------         ENDPROC       DISPSCALEVER_BLUE
  -------         PROC          DISPSCALEVER_GRAY
  -------         DO            
  X:003AH         SYMBOL        i
  X:003CH         SYMBOL        j
  D:0002H         SYMBOL        k
  -------         ENDDO         
  C:2EC2H         LINE#         7684
  C:2EC2H         LINE#         7685
  C:2EC2H         LINE#         7688
  C:2EC5H         LINE#         7690
  C:2EC7H         LINE#         7695
  C:2EC9H         LINE#         7696
  C:2EC9H         LINE#         7697
  C:2ECFH         LINE#         7698
  C:2ECFH         LINE#         7699
  C:2ED5H         LINE#         7701
  C:2EEBH         LINE#         7702
  C:2EF6H         LINE#         7704
  C:2EF9H         LINE#         7705
  C:2EF9H         LINE#         7706
  C:2EFFH         LINE#         7707
  C:2EFFH         LINE#         7709
  C:2F05H         LINE#         7710
  C:2F05H         LINE#         7711
  C:2F19H         LINE#         7712
  C:2F2FH         LINE#         7713
  C:2F45H         LINE#         7715
  C:2F50H         LINE#         7717
  C:2F52H         LINE#         7718
  -------         ENDPROC       DISPSCALEVER_GRAY
  -------         PROC          DISPGRAYHOR16
  -------         DO            
  X:0058H         SYMBOL        i
  D:0002H         SYMBOL        j
  X:005AH         SYMBOL        k
  -------         ENDDO         
BL51 BANKED LINKER/LOCATER V6.22                                                      01/13/2022  13:50:31  PAGE 32


  C:2D00H         LINE#         7720
  C:2D00H         LINE#         7721
  C:2D00H         LINE#         7724
  C:2D03H         LINE#         7726
  C:2D05H         LINE#         7727
  C:2D07H         LINE#         7729
  C:2D0DH         LINE#         7730
  C:2D0DH         LINE#         7731
  C:2D16H         LINE#         7732
  C:2D16H         LINE#         7733
  C:2D1CH         LINE#         7734
  C:2D23H         LINE#         7736
  C:2D26H         LINE#         7737
  C:2D26H         LINE#         7738
  C:2D2CH         LINE#         7739
  C:2D2CH         LINE#         7740
  C:2D5EH         LINE#         7741
  C:2D74H         LINE#         7742
  C:2D7FH         LINE#         7743
  C:2D98H         LINE#         7745
  C:2D9AH         LINE#         7746
  -------         ENDPROC       DISPGRAYHOR16
  -------         PROC          DISPGRAYHOR32
  -------         DO            
  X:003EH         SYMBOL        i
  D:0002H         SYMBOL        j
  X:0040H         SYMBOL        k
  -------         ENDDO         
  C:31F7H         LINE#         7748
  C:31F7H         LINE#         7749
  C:31F7H         LINE#         7752
  C:31FAH         LINE#         7754
  C:31FCH         LINE#         7756
  C:3202H         LINE#         7757
  C:3202H         LINE#         7758
  C:320BH         LINE#         7759
  C:320BH         LINE#         7760
  C:3211H         LINE#         7761
  C:3218H         LINE#         7763
  C:321BH         LINE#         7764
  C:321BH         LINE#         7765
  C:3221H         LINE#         7766
  C:3221H         LINE#         7767
  C:3235H         LINE#         7768
  C:324BH         LINE#         7769
  C:3256H         LINE#         7770
  C:326CH         LINE#         7772
  C:326EH         LINE#         7773
  -------         ENDPROC       DISPGRAYHOR32
  -------         PROC          DISPSCALEHOR2
  -------         DO            
  X:0042H         SYMBOL        j
  D:0002H         SYMBOL        k
  -------         ENDDO         
  C:1A3CH         LINE#         7775
  C:1A3CH         LINE#         7776
  C:1A3CH         LINE#         7779
BL51 BANKED LINKER/LOCATER V6.22                                                      01/13/2022  13:50:31  PAGE 33


  C:1A3FH         LINE#         7781
  C:1A41H         LINE#         7782
  C:1A41H         LINE#         7783
  C:1A47H         LINE#         7784
  C:1A64H         LINE#         7785
  C:1A6FH         LINE#         7786
  C:1A72H         LINE#         7787
  C:1A72H         LINE#         7788
  C:1A78H         LINE#         7789
  C:1A95H         LINE#         7790
  C:1AA0H         LINE#         7791
  C:1AA3H         LINE#         7792
  C:1AA3H         LINE#         7793
  C:1AA9H         LINE#         7794
  C:1AC6H         LINE#         7795
  C:1AD1H         LINE#         7796
  C:1AD4H         LINE#         7797
  C:1AD4H         LINE#         7798
  C:1ADAH         LINE#         7799
  C:1AF7H         LINE#         7800
  C:1B02H         LINE#         7801
  C:1B05H         LINE#         7802
  C:1B05H         LINE#         7803
  C:1B0BH         LINE#         7804
  C:1B28H         LINE#         7805
  C:1B33H         LINE#         7806
  C:1B36H         LINE#         7807
  C:1B36H         LINE#         7808
  C:1B3CH         LINE#         7809
  C:1B59H         LINE#         7810
  C:1B64H         LINE#         7811
  C:1B67H         LINE#         7812
  C:1B67H         LINE#         7813
  C:1B6DH         LINE#         7814
  C:1B8AH         LINE#         7815
  C:1B95H         LINE#         7816
  C:1B98H         LINE#         7817
  C:1B98H         LINE#         7818
  C:1B9EH         LINE#         7819
  C:1BBAH         LINE#         7820
  C:1BC5H         LINE#         7821
  C:1BCEH         LINE#         7822
  C:1BCEH         LINE#         7823
  C:1BD4H         LINE#         7824
  C:1BF0H         LINE#         7825
  C:1BF7H         LINE#         7827
  -------         ENDPROC       DISPSCALEHOR2
  -------         PROC          _TOORD
  D:0007H         SYMBOL        ch
  C:34FDH         LINE#         7932
  C:34FDH         LINE#         7933
  C:34FDH         LINE#         7934
  C:3503H         LINE#         7935
  C:3503H         LINE#         7936
  C:3505H         LINE#         7937
  C:3507H         LINE#         7938
  C:3513H         LINE#         7939
BL51 BANKED LINKER/LOCATER V6.22                                                      01/13/2022  13:50:31  PAGE 34


  C:3513H         LINE#         7940
  C:3517H         LINE#         7941
  C:3519H         LINE#         7942
  C:3525H         LINE#         7943
  C:3525H         LINE#         7944
  C:3529H         LINE#         7945
  C:352BH         LINE#         7946
  C:3537H         LINE#         7947
  C:3537H         LINE#         7948
  C:353BH         LINE#         7949
  C:353DH         LINE#         7950
  C:3549H         LINE#         7951
  C:3549H         LINE#         7952
  C:354DH         LINE#         7953
  C:354FH         LINE#         7954
  C:3555H         LINE#         7955
  C:3555H         LINE#         7956
  C:3557H         LINE#         7957
  C:3557H         LINE#         7959
  C:3557H         LINE#         7960
  -------         ENDPROC       _TOORD
  C:278CH         SYMBOL        L?0463
  C:27A4H         SYMBOL        L?0464
  -------         PROC          L?0462
  -------         ENDPROC       L?0462
  C:278CH         SYMBOL        L?0463
  C:27A4H         SYMBOL        L?0464
  -------         PROC          _DISPONECHAR
  X:006CH         SYMBOL        ord
  D:0006H         SYMBOL        Xstart
  D:0002H         SYMBOL        Ystart
  X:0071H         SYMBOL        TextColor
  X:0073H         SYMBOL        BackColor
  -------         DO            
  X:0075H         SYMBOL        i
  D:0002H         SYMBOL        j
  X:0076H         SYMBOL        p
  D:0003H         SYMBOL        dat
  D:0006H         SYMBOL        index
  -------         ENDDO         
  C:27B4H         LINE#         7962
  C:27BCH         LINE#         7963
  C:27BCH         LINE#         7969
  C:27D6H         LINE#         7971
  C:27DCH         LINE#         7973
  C:27E4H         LINE#         7974
  C:27E6H         LINE#         7976
  C:27F4H         LINE#         7978
  C:2801H         LINE#         7979
  C:2808H         LINE#         7981
  C:280CH         LINE#         7982
  C:280CH         LINE#         7983
  C:2821H         LINE#         7984
  C:2823H         LINE#         7985
  C:2823H         LINE#         7986
  C:2830H         LINE#         7987
  C:2830H         LINE#         7988
BL51 BANKED LINKER/LOCATER V6.22                                                      01/13/2022  13:50:31  PAGE 35


  C:2832H         LINE#         7989
  C:2834H         LINE#         7991
  C:2834H         LINE#         7992
[...]
  C:1330H         LINE#         318
  C:1330H         LINE#         319
  C:1335H         LINE#         320
  C:1338H         LINE#         321
  C:1347H         LINE#         322
  C:1347H         LINE#         323
  C:135CH         LINE#         324
  C:1361H         LINE#         325
  C:1369H         LINE#         326
  C:1373H         LINE#         327
  C:1381H         LINE#         328
  C:138FH         LINE#         329
  C:1391H         LINE#         331
  C:1391H         LINE#         332
  C:1396H         LINE#         333
  C:1399H         LINE#         334
  C:13B1H         LINE#         335
BL51 BANKED LINKER/LOCATER V6.22                                                      01/13/2022  13:50:31  PAGE 43


  C:13B1H         LINE#         336
  C:13CAH         LINE#         337
  C:13CFH         LINE#         338
  C:13D7H         LINE#         339
  C:13DEH         LINE#         340
  C:13E3H         LINE#         341
  C:13E3H         LINE#         342
  C:13F7H         LINE#         343
  C:13F7H         LINE#         344
  C:13FEH         LINE#         345
  C:1403H         LINE#         346
  C:1403H         LINE#         347
  C:1411H         LINE#         348
  C:1411H         LINE#         349
  -------         ENDPROC       USBXCORE_HANDLE_SETUP
  -------         PROC          USBXCORE_FORCE_STALL
  C:3A18H         LINE#         356
  C:3A18H         LINE#         358
  C:3A23H         LINE#         359
  C:3A2EH         LINE#         360
  C:3A34H         LINE#         361
  -------         ENDPROC       USBXCORE_FORCE_STALL
  -------         PROC          USBXCORE_GET_STATUS
  C:3357H         LINE#         367
  C:3357H         LINE#         369
  C:3366H         LINE#         370
  C:3366H         LINE#         371
  C:3366H         LINE#         372
  C:3366H         LINE#         373
  C:3366H         LINE#         374
  C:3368H         LINE#         375
  C:3368H         LINE#         379
  C:3368H         LINE#         381
  C:3376H         LINE#         385
  C:3376H         LINE#         386
  C:3376H         LINE#         387
  C:3376H         LINE#         388
  C:3378H         LINE#         390
  C:3378H         LINE#         392
  C:3386H         LINE#         396
  C:3386H         LINE#         397
  C:3393H         LINE#         398
  C:3393H         LINE#         399
  C:3395H         LINE#         401
  C:3395H         LINE#         402
  C:33A3H         LINE#         403
  C:33ACH         LINE#         404
  C:33ACH         LINE#         405
  C:33ACH         LINE#         406
  C:33AEH         LINE#         407
  C:33AEH         LINE#         408
  C:33B1H         LINE#         409
  C:33B1H         LINE#         410
  C:33B1H         LINE#         411
  C:33B9H         LINE#         412
  C:33B9H         LINE#         413
  C:33BCH         LINE#         414
BL51 BANKED LINKER/LOCATER V6.22                                                      01/13/2022  13:50:31  PAGE 44


  C:33C2H         LINE#         415
  C:33C9H         LINE#         416
  C:33C9H         LINE#         417
  -------         ENDPROC       USBXCORE_GET_STATUS
  -------         PROC          USBXCORE_CLEAR_FEATURE
  C:35B2H         LINE#         423
  C:35B2H         LINE#         425
  C:35B8H         LINE#         426
  C:35B8H         LINE#         428
  C:35BFH         LINE#         429
  C:35BFH         LINE#         430
  C:35CAH         LINE#         436
  C:35D5H         LINE#         437
  C:35DAH         LINE#         438
  C:35DCH         LINE#         440
  C:35DCH         LINE#         442
  C:35E7H         LINE#         446
  C:35F2H         LINE#         447
  C:35F7H         LINE#         448
  C:35F7H         LINE#         449
  C:35F9H         LINE#         451
  C:35F9H         LINE#         452
  C:35FCH         LINE#         453
  C:35FCH         LINE#         454
  C:3607H         LINE#         455
  -------         ENDPROC       USBXCORE_CLEAR_FEATURE
  -------         PROC          USBXCORE_VENDOR_USB_API
  C:26B7H         LINE#         462
  C:26B7H         LINE#         464
  C:26C1H         LINE#         465
  C:26C1H         LINE#         466
  C:26C8H         LINE#         467
  C:26C8H         LINE#         468
  C:26CBH         LINE#         469
  C:26CEH         LINE#         470
  C:26D0H         LINE#         472
  C:26D0H         LINE#         473
  C:26D7H         LINE#         474
  C:26D7H         LINE#         477
  C:26E2H         LINE#         482
  C:26EDH         LINE#         483
  C:26F8H         LINE#         485
  C:26F8H         LINE#         486
  C:270BH         LINE#         487
  C:270BH         LINE#         488
  C:270FH         LINE#         489
  C:271AH         LINE#         491
  C:271AH         LINE#         492
  C:272DH         LINE#         493
  C:272DH         LINE#         494
  C:2731H         LINE#         495
  C:273CH         LINE#         497
  C:2742H         LINE#         498
  C:274AH         LINE#         499
  C:274AH         LINE#         500
  C:274DH         LINE#         501
  C:274DH         LINE#         502
BL51 BANKED LINKER/LOCATER V6.22                                                      01/13/2022  13:50:31  PAGE 45


  C:274DH         LINE#         503
  C:2758H         LINE#         504
  C:2758H         LINE#         505
  C:275EH         LINE#         506
  C:2765H         LINE#         507
  C:2765H         LINE#         508
  C:2769H         LINE#         509
  C:2769H         LINE#         510
  C:276FH         LINE#         511
  C:2776H         LINE#         512
  C:2776H         LINE#         513
  C:2781H         LINE#         514
  -------         ENDPROC       USBXCORE_VENDOR_USB_API
  -------         PROC          USBXCORE_SET_FEATURE
  C:360AH         LINE#         521
  C:360AH         LINE#         523
  C:3610H         LINE#         524
  C:3610H         LINE#         526
  C:3617H         LINE#         527
  C:3617H         LINE#         528
  C:3622H         LINE#         534
  C:362DH         LINE#         535
  C:3630H         LINE#         536
  C:3632H         LINE#         538
  C:3632H         LINE#         540
  C:363DH         LINE#         544
  C:3648H         LINE#         545
  C:364EH         LINE#         546
  C:364EH         LINE#         548
  C:3650H         LINE#         550
  C:3650H         LINE#         551
  C:3653H         LINE#         552
  C:3653H         LINE#         553
  C:365EH         LINE#         554
  -------         ENDPROC       USBXCORE_SET_FEATURE
  -------         PROC          USBXCORE_SET_ADDRESS
  C:39D9H         LINE#         561
  C:39D9H         LINE#         563
  C:39E8H         LINE#         564
  C:39EEH         LINE#         565
  C:39EEH         LINE#         566
  C:39F1H         LINE#         567
  C:39F3H         LINE#         569
  C:39F3H         LINE#         570
  C:39F6H         LINE#         571
  C:39F6H         LINE#         572
  -------         ENDPROC       USBXCORE_SET_ADDRESS
  -------         PROC          USBXCORE_GET_DESCRIPTOR
  C:29BAH         LINE#         579
  C:29BAH         LINE#         580
  C:29C9H         LINE#         581
  C:29C9H         LINE#         582
  C:29C9H         LINE#         583
  C:29D7H         LINE#         584
  C:29DBH         LINE#         585
  C:29DDH         LINE#         586
  C:29DDH         LINE#         587
BL51 BANKED LINKER/LOCATER V6.22                                                      01/13/2022  13:50:31  PAGE 46


  C:29EBH         LINE#         588
  C:29FEH         LINE#         589
  C:2A00H         LINE#         590
  C:2A00H         LINE#         591
  C:2A24H         LINE#         592
  C:2A30H         LINE#         593
  C:2A32H         LINE#         594
  C:2A32H         LINE#         595
  C:2A35H         LINE#         596
  C:2A35H         LINE#         597
  C:2A35H         LINE#         598
  C:2A4BH         LINE#         599
  C:2A4BH         LINE#         600
  C:2A53H         LINE#         601
  C:2A53H         LINE#         602
  C:2A5BH         LINE#         603
  C:2A5BH         LINE#         604
  C:2A5EH         LINE#         605
  C:2A64H         LINE#         606
  C:2A6BH         LINE#         607
  C:2A6BH         LINE#         608
  -------         ENDPROC       USBXCORE_GET_DESCRIPTOR
  -------         PROC          USBXCORE_GET_CONFIGURATION
  C:3758H         LINE#         614
  C:3758H         LINE#         616
  C:3760H         LINE#         617
  C:3760H         LINE#         618
  C:376CH         LINE#         619
  C:3774H         LINE#         620
  C:3774H         LINE#         621
  C:3778H         LINE#         622
  C:3778H         LINE#         623
  C:3786H         LINE#         624
  C:378EH         LINE#         625
  C:378EH         LINE#         626
  C:3791H         LINE#         627
  C:3797H         LINE#         628
  C:379EH         LINE#         629
  -------         ENDPROC       USBXCORE_GET_CONFIGURATION
  -------         PROC          USBXCORE_SET_CONFIGURATION
  C:3558H         LINE#         635
  C:3558H         LINE#         637
  C:3561H         LINE#         638
  C:3561H         LINE#         639
  C:3568H         LINE#         640
  C:356EH         LINE#         641
  C:3573H         LINE#         642
  C:3575H         LINE#         644
  C:3580H         LINE#         645
  C:358BH         LINE#         646
  C:3596H         LINE#         653
  C:35A1H         LINE#         654
  C:35A3H         LINE#         656
  C:35A3H         LINE#         657
  C:35A9H         LINE#         658
  C:35ADH         LINE#         659
  C:35AFH         LINE#         660
BL51 BANKED LINKER/LOCATER V6.22                                                      01/13/2022  13:50:31  PAGE 47


  C:35AFH         LINE#         661
  -------         ENDPROC       USBXCORE_SET_CONFIGURATION
  -------         PROC          USBXCORE_GET_INTERFACE
  C:396AH         LINE#         668
  C:396AH         LINE#         670
  C:3978H         LINE#         671
  C:3980H         LINE#         672
  C:3983H         LINE#         673
  C:3989H         LINE#         674
  C:3990H         LINE#         675
  -------         ENDPROC       USBXCORE_GET_INTERFACE
  -------         PROC          USBXCORE_SET_SOP
  C:3A7AH         LINE#         682
  C:3A7AH         LINE#         684
  C:3A82H         LINE#         685
  C:3A82H         LINE#         686
  C:3A8DH         LINE#         687
  C:3A8DH         LINE#         688
  -------         ENDPROC       USBXCORE_SET_SOP
  -------         PROC          USBXCORE_USB_ISR
  C:1D89H         LINE#         699
  C:1DA6H         LINE#         702
  C:1DACH         LINE#         703
  C:1DBFH         LINE#         706
  C:1DD2H         LINE#         709
  C:1DD6H         LINE#         710
  C:1DD6H         LINE#         711
  C:1DE1H         LINE#         712
  C:1DE1H         LINE#         714
  C:1DE8H         LINE#         715
  C:1DE8H         LINE#         716
  C:1DEBH         LINE#         717
  C:1DEBH         LINE#         719
  C:1DF2H         LINE#         720
  C:1DF2H         LINE#         721
  C:1DFFH         LINE#         722
  C:1DFFH         LINE#         723
  C:1E06H         LINE#         724
  C:1E06H         LINE#         725
  C:1E06H         LINE#         727
  C:1E06H         LINE#         728
  C:1E06H         LINE#         730
  C:1E06H         LINE#         732
  C:1E19H         LINE#         734
  C:1E1DH         LINE#         735
  C:1E1DH         LINE#         736
  C:1E20H         LINE#         737
  C:1E20H         LINE#         740
  C:1E27H         LINE#         741
  C:1E27H         LINE#         742
  C:1E32H         LINE#         748
  C:1E45H         LINE#         749
  C:1E4AH         LINE#         750
  C:1E4AH         LINE#         751
  C:1E51H         LINE#         752
  C:1E51H         LINE#         754
  C:1E51H         LINE#         756
BL51 BANKED LINKER/LOCATER V6.22                                                      01/13/2022  13:50:31  PAGE 48


  C:1E64H         LINE#         759
  C:1E68H         LINE#         760
  C:1E68H         LINE#         761
  C:1E73H         LINE#         767
  C:1E86H         LINE#         768
  C:1E8AH         LINE#         769
  C:1E8AH         LINE#         770
  C:1E91H         LINE#         771
  C:1E91H         LINE#         772
  C:1E91H         LINE#         775
  C:1E9FH         LINE#         776
  C:1EA4H         LINE#         777
  C:1EAAH         LINE#         778
  C:1EAFH         LINE#         781
  C:1EBCH         LINE#         782
  C:1EBCH         LINE#         783
  C:1EBFH         LINE#         784
  C:1EBFH         LINE#         785
  -------         ENDPROC       USBXCORE_USB_ISR
  -------         ENDMOD        USB_API

  -------         MODULE        USB_SUSPEND
  C:0000H         SYMBOL        _ICE_DUMMY_
  D:00D7H         PUBLIC        USB0XCN
  D:00C9H         PUBLIC        REG0CN
  C:3918H         PUBLIC        USB_Suspend
  D:00A9H         PUBLIC        CLKSEL
  D:00B2H         PUBLIC        OSCICN
  D:00B9H         PUBLIC        CLKMUL
  -------         PROC          USB_SUSPEND
  C:3918H         LINE#         70
  C:3918H         LINE#         72
  C:391BH         LINE#         74
  C:391EH         LINE#         76
  C:3926H         LINE#         79
  C:3929H         LINE#         80
  C:392CH         LINE#         81
  C:392FH         LINE#         82
  C:3932H         LINE#         84
  C:3933H         LINE#         86
  C:3936H         LINE#         88
  C:393CH         LINE#         92
  C:393FH         LINE#         94
  C:3942H         LINE#         95
  -------         ENDPROC       USB_SUSPEND
  -------         ENDMOD        USB_SUSPEND

  -------         MODULE        USB_INT_ENABLE
  C:0000H         SYMBOL        _ICE_DUMMY_
  C:3A35H         PUBLIC        USB_Int_Enable
  D:0096H         PUBLIC        USB0ADR
  D:0097H         PUBLIC        USB0DAT
  -------         PROC          USB_INT_ENABLE
  C:3A35H         LINE#         68
  C:3A35H         LINE#         71
  C:3A3CH         LINE#         73
  C:3A42H         LINE#         74
BL51 BANKED LINKER/LOCATER V6.22                                                      01/13/2022  13:50:31  PAGE 49


  C:3A42H         LINE#         75
  C:3A4DH         LINE#         77
  C:3A4DH         LINE#         78
  -------         ENDPROC       USB_INT_ENABLE
  -------         ENDMOD        USB_INT_ENABLE

  -------         MODULE        USB_CLOCK_RECOVERY
  C:0000H         SYMBOL        _ICE_DUMMY_
  C:3AC0H         PUBLIC        USBXcore_ClkRec
  D:0096H         PUBLIC        USB0ADR
  D:0097H         PUBLIC        USB0DAT
  -------         PROC          USBXCORE_CLKREC
  C:3AC0H         LINE#         45
  C:3AC0H         LINE#         47
  C:3ACBH         LINE#         48
  -------         ENDPROC       USBXCORE_CLKREC
  -------         ENDMOD        USB_CLOCK_RECOVERY

  -------         MODULE        ?C?FPMUL
  C:0C9AH         PUBLIC        ?C?FPMUL
  -------         ENDMOD        ?C?FPMUL

  -------         MODULE        ?C?FCAST
  C:0DAAH         PUBLIC        ?C?FCASTC
  C:0DA5H         PUBLIC        ?C?FCASTI
  C:0DA0H         PUBLIC        ?C?FCASTL
  -------         ENDMOD        ?C?FCAST

  -------         MODULE        ?C?CASTF
  C:0DDEH         PUBLIC        ?C?CASTF
  -------         ENDMOD        ?C?CASTF

  -------         MODULE        ?C?COPY
  C:0F2FH         PUBLIC        ?C?COPY
  -------         ENDMOD        ?C?COPY

  -------         MODULE        ?C?CLDPTR
  C:0F55H         PUBLIC        ?C?CLDPTR
  -------         ENDMOD        ?C?CLDPTR

  -------         MODULE        ?C?CLDOPTR
  C:0F6EH         PUBLIC        ?C?CLDOPTR
  -------         ENDMOD        ?C?CLDOPTR

  -------         MODULE        ?C?IMUL
  C:0F9BH         PUBLIC        ?C?IMUL
  -------         ENDMOD        ?C?IMUL

  -------         MODULE        ?C?IILDX
  C:0FADH         PUBLIC        ?C?IILDX
  -------         ENDMOD        ?C?IILDX

  -------         MODULE        ?C?ILDOPTR
  C:0FC3H         PUBLIC        ?C?ILDOPTR
  -------         ENDMOD        ?C?ILDOPTR

  -------         MODULE        ?C?LMUL
BL51 BANKED LINKER/LOCATER V6.22                                                      01/13/2022  13:50:31  PAGE 50


  C:0FFBH         PUBLIC        ?C?LMUL
  -------         ENDMOD        ?C?LMUL

  -------         MODULE        ?C?ULDIV
  C:1086H         PUBLIC        ?C?ULDIV
  -------         ENDMOD        ?C?ULDIV

  -------         MODULE        ?C?LNEG
  C:1118H         PUBLIC        ?C?LNEG
  -------         ENDMOD        ?C?LNEG

  -------         MODULE        ?C?ULCMP
  C:1126H         PUBLIC        ?C?ULCMP
  -------         ENDMOD        ?C?ULCMP

  -------         MODULE        ?C?ULSHR
  C:1137H         PUBLIC        ?C?ULSHR
  -------         ENDMOD        ?C?ULSHR

  -------         MODULE        ?C?LSHL
  C:114AH         PUBLIC        ?C?LSHL
  -------         ENDMOD        ?C?LSHL

  -------         MODULE        ?C?LLDIPDATA
  C:1166H         PUBLIC        ?C?LLDIPDATA
  C:115DH         PUBLIC        ?C?LLDIPDATA1
  C:115FH         PUBLIC        ?C?LLDIPDATA8
  -------         ENDMOD        ?C?LLDIPDATA

  -------         MODULE        ?C?LSTXDATA
  C:117DH         PUBLIC        ?C?LSTXDATA
  -------         ENDMOD        ?C?LSTXDATA

  -------         MODULE        ?C?LSTPDATA
  C:1189H         PUBLIC        ?C?LSTPDATA
  -------         ENDMOD        ?C?LSTPDATA

  -------         MODULE        ?C?LSTKXDATA
  C:1195H         PUBLIC        ?C?LSTKXDATA
  -------         ENDMOD        ?C?LSTKXDATA

  -------         MODULE        ?C?LSTKPDATA
  C:11C6H         PUBLIC        ?C?LSTKPDATA
  -------         ENDMOD        ?C?LSTKPDATA

  -------         MODULE        ?C_PBP
  D:0008H         PUBLIC        ?C_PBP
  -------         ENDMOD        ?C_PBP

*** WARNING L14: INCOMPATIBLE MEMORY MODEL
    MODULE:  .\USBX_F34X.LIB (USB_API)
    MODEL:   SMALL

*** WARNING L14: INCOMPATIBLE MEMORY MODEL
    MODULE:  .\USBX_F34X.LIB (USB_SUSPEND)
    MODEL:   SMALL

BL51 BANKED LINKER/LOCATER V6.22                                                      01/13/2022  13:50:31  PAGE 51


*** WARNING L14: INCOMPATIBLE MEMORY MODEL
    MODULE:  .\USBX_F34X.LIB (USB_INT_ENABLE)
    MODEL:   SMALL

*** WARNING L14: INCOMPATIBLE MEMORY MODEL
    MODULE:  .\USBX_F34X.LIB (USB_CLOCK_RECOVERY)
    MODEL:   SMALL

*** WARNING L16: UNCALLED SEGMENT, IGNORED FOR OVERLAY PROCESS
    SEGMENT: ?PR?SD_INIT?MMC_SD

*** WARNING L16: UNCALLED SEGMENT, IGNORED FOR OVERLAY PROCESS
    SEGMENT: ?PR?_DISPPIC?LCD

*** WARNING L16: UNCALLED SEGMENT, IGNORED FOR OVERLAY PROCESS
    SEGMENT: ?PR?_DISPPICFROMSD?LCD

*** WARNING L16: UNCALLED SEGMENT, IGNORED FOR OVERLAY PROCESS
    SEGMENT: ?PR?DISPSCALEHOR1?LCD

*** WARNING L16: UNCALLED SEGMENT, IGNORED FOR OVERLAY PROCESS
    SEGMENT: ?PR?DISPSCALEVER?LCD

*** WARNING L16: UNCALLED SEGMENT, IGNORED FOR OVERLAY PROCESS
    SEGMENT: ?PR?DISPSCALEVER_RED?LCD

*** WARNING L16: UNCALLED SEGMENT, IGNORED FOR OVERLAY PROCESS
    SEGMENT: ?PR?DISPSCALEVER_GREEN?LCD

*** WARNING L16: UNCALLED SEGMENT, IGNORED FOR OVERLAY PROCESS
    SEGMENT: ?PR?DISPSCALEVER_BLUE?LCD

*** WARNING L16: UNCALLED SEGMENT, IGNORED FOR OVERLAY PROCESS
    SEGMENT: ?PR?DISPSCALEVER_GRAY?LCD

*** WARNING L16: UNCALLED SEGMENT, IGNORED FOR OVERLAY PROCESS
    SEGMENT: ?PR?DISPGRAYHOR32?LCD

*** WARNING L16: UNCALLED SEGMENT, IGNORED FOR OVERLAY PROCESS
    SEGMENT: ?PR?DISPSCALEHOR2?LCD

*** WARNING L16: UNCALLED SEGMENT, IGNORED FOR OVERLAY PROCESS
    SEGMENT: ?PR?_DRAWGIRD?LCD

*** WARNING L15: MULTIPLE CALL TO SEGMENT
    SEGMENT: ?PR?_WRITECOMM?LCD
    CALLER1: ?PR?USB_API_TEST_ISR?MAIN
    CALLER2: ?C_C51STARTUP

*** WARNING L15: MULTIPLE CALL TO SEGMENT
    SEGMENT: ?PR?_WRITEDATA?LCD
    CALLER1: ?PR?USB_API_TEST_ISR?MAIN
    CALLER2: ?C_C51STARTUP

Program Size: data=10.0 xdata=1217 code=15082
LINK/LOCATE RUN COMPLETE.  18 WARNING(S),  0 ERROR(S)
