BL51 BANKED LINKER/LOCATER V6.22                                                        12/07/2018  15:48:18  PAGE 1


BL51 BANKED LINKER/LOCATER V6.22, INVOKED BY:
C:\KEIL\C51\BIN\BL51.EXE main.obj, mmc_sd.obj, lcd.obj, tp.obj, .\USBX_F34X.LIB TO ILI9225G_ID_HSD22_4W1L RAMSIZE (256)


MEMORY MODEL: SMALL WITH FLOATING POINT ARITHMETIC


INPUT MODULES INCLUDED:
  main.obj (MAIN)
  mmc_sd.obj (MMC_SD)
  lcd.obj (LCD)
  tp.obj (TP)
  .\USBX_F34X.LIB (USB_API)
  .\USBX_F34X.LIB (USB_CLOCK_START)
  .\USBX_F34X.LIB (USB_SUSPEND)
  .\USBX_F34X.LIB (GET_INTERRUPT_SOURCE)
  .\USBX_F34X.LIB (BLOCK_READ)
  .\USBX_F34X.LIB (BLOCK_WRITE)
  .\USBX_F34X.LIB (USB_INT_ENABLE)
  .\USBX_F34X.LIB (USB_CLOCK_RECOVERY)
  .\USBX_F34X.LIB (USB_JUMP_ISR)
  C:\KEIL\C51\LIB\C51FPS.LIB (?C?FPMUL)
  C:\KEIL\C51\LIB\C51FPS.LIB (?C?FCAST)
  C:\KEIL\C51\LIB\C51FPS.LIB (?C?CASTF)
  C:\KEIL\C51\LIB\C51FPS.LIB (?C?FPGETOPN)
  C:\KEIL\C51\LIB\C51S.LIB (?C_STARTUP)
  C:\KEIL\C51\LIB\C51S.LIB (?C?COPY)
  C:\KEIL\C51\LIB\C51S.LIB (?C?CLDPTR)
  C:\KEIL\C51\LIB\C51S.LIB (?C?CLDOPTR)
  C:\KEIL\C51\LIB\C51S.LIB (?C?IMUL)
  C:\KEIL\C51\LIB\C51S.LIB (?C?IILDX)
  C:\KEIL\C51\LIB\C51S.LIB (?C?LMUL)
  C:\KEIL\C51\LIB\C51S.LIB (?C?ULDIV)
  C:\KEIL\C51\LIB\C51S.LIB (?C?LNEG)
  C:\KEIL\C51\LIB\C51S.LIB (?C?ULCMP)
  C:\KEIL\C51\LIB\C51S.LIB (?C?ULSHR)
  C:\KEIL\C51\LIB\C51S.LIB (?C?LSHL)
  C:\KEIL\C51\LIB\C51S.LIB (?C?LLDIIDATA)
  C:\KEIL\C51\LIB\C51S.LIB (?C?LSTXDATA)
  C:\KEIL\C51\LIB\C51S.LIB (?C?LSTKXDATA)
  C:\KEIL\C51\LIB\C51S.LIB (?C_IBP)
  C:\KEIL\C51\LIB\C51S.LIB (?C_INIT)


LINK MAP OF MODULE:  ILI9225G_ID_HSD22_4W1L (MAIN)


            TYPE    BASE      LENGTH    RELOCATION   SEGMENT NAME
            -----------------------------------------------------

            * * * * * * *   D A T A   M E M O R Y   * * * * * * *
            REG     0000H     0008H     ABSOLUTE     "REG BANK 0"
            DATA    0008H     0023H     UNIT         _DATA_GROUP_
            DATA    002BH     0010H     UNIT         ?DT?MAIN
            DATA    003BH     000CH     UNIT         ?DT?_DISPPICFROMSD?LCD
            DATA    0047H     000AH     UNIT         ?DT?_DRAWLINE?LCD
            DATA    0051H     0004H     UNIT         ?DT?_MMC_SD_READSINGLEBLOCK?MMC_SD
            DATA    0055H     0004H     UNIT         ?DT?DISPSCALEHOR1?LCD
BL51 BANKED LINKER/LOCATER V6.22                                                      12/07/2018  15:48:18  PAGE 2


            DATA    0059H     0004H     UNIT         ?DT?DISPSCALEVER?LCD
            DATA    005DH     0004H     UNIT         ?DT?DISPSCALEVER_RED?LCD
            DATA    0061H     0004H     UNIT         ?DT?DISPSCALEVER_GREEN?LCD
            DATA    0065H     0004H     UNIT         ?DT?DISPSCALEVER_GRAY?LCD
            DATA    0069H     0004H     UNIT         ?DT?DISPGRAYHOR32?LCD
            DATA    006DH     0004H     UNIT         ?DT?_DRAWGIRD?LCD
            DATA    0071H     0003H     UNIT         ?DT?_DISPREGVALUE?LCD
            DATA    0074H     0002H     UNIT         ?DT?DISPSCALEVER_BLUE?LCD
            DATA    0076H     0002H     UNIT         ?DT?LCD
            DATA    0078H     0001H     UNIT         ?C?LIB_DATA
            IDATA   0079H     0001H     UNIT         ?STACK

            * * * * * * *  X D A T A   M E M O R Y  * * * * * * *
            XDATA   0000H     0200H     UNIT         ?XD?MMC_SD
            XDATA   0200H     0058H     UNIT         _XDATA_GROUP_
            XDATA   0258H     0040H     UNIT         ?XD?MAIN
                    0298H     03A8H                  *** GAP ***
            XDATA   0640H     0100H     ABSOLUTE     
            XDATA   0740H     0012H     ABSOLUTE     
            XDATA   0752H     0020H     ABSOLUTE     
            XDATA   0772H     000CH     ABSOLUTE     
            XDATA   077EH     0008H     ABSOLUTE     
            XDATA   0786H     0001H     ABSOLUTE     
            XDATA   0787H     0003H     ABSOLUTE     
            XDATA   078AH     0002H     ABSOLUTE     
            XDATA   078CH     0002H     ABSOLUTE     
            XDATA   078EH     0003H     ABSOLUTE     
            XDATA   0791H     0001H     ABSOLUTE     
            XDATA   0792H     0001H     ABSOLUTE     
            XDATA   0793H     0001H     ABSOLUTE     
            XDATA   0794H     0001H     ABSOLUTE     
            XDATA   0795H     0002H     ABSOLUTE     
            XDATA   0797H     0002H     ABSOLUTE     
            XDATA   0799H     0001H     ABSOLUTE     
            XDATA   079AH     0001H     ABSOLUTE     
            XDATA   079BH     0001H     ABSOLUTE     
            XDATA   079CH     0001H     ABSOLUTE     
            XDATA   079DH     0001H     ABSOLUTE     
            XDATA   079EH     0001H     ABSOLUTE     
            XDATA   079FH     0002H     ABSOLUTE     
            XDATA   07A1H     0001H     ABSOLUTE     
            XDATA   07A2H     0001H     ABSOLUTE     
            XDATA   07A3H     000CH     ABSOLUTE     
                    07AFH     0011H                  *** GAP ***
            XDATA   07C0H     0040H     ABSOLUTE     

            * * * * * * *   C O D E   M E M O R Y   * * * * * * *
            CODE    0000H     0003H     ABSOLUTE     
            CODE    0003H     003EH     UNIT         ?PR?_WRITEDISPDATA?LCD
                    0041H     0002H                  *** GAP ***
            CODE    0043H     0003H     ABSOLUTE     
            CODE    0046H     0042H     UNIT         ?PR?MCU_INIT?MAIN
            CODE    0088H     0003H     UNIT         ?PR?SUSPEND_DEVICE?MAIN
            CODE    008BH     0003H     ABSOLUTE     
            CODE    008EH     0600H     UNIT         ?CO?LCD
            CODE    068EH     05A0H     UNIT         ?PR?CONNTOUSB?MAIN
            CODE    0C2EH     04E8H     UNIT         ?C?LIB_CODE
BL51 BANKED LINKER/LOCATER V6.22                                                      12/07/2018  15:48:18  PAGE 3


            CODE    1116H     0233H     UNIT         ?PR?USBXCORE_HANDLE_SETUP?USB_API
            CODE    1349H     01CDH     UNIT         ?PR?DISPSCALEHOR1?LCD
            CODE    1516H     01BFH     UNIT         ?PR?LCD_INIT?LCD
            CODE    16D5H     01A5H     UNIT         ?PR?TP_DRAWLINE?TP
            CODE    187AH     0151H     UNIT         ?PR?USBXCORE_USB_ISR?USB_API
            CODE    19CBH     013CH     UNIT         ?PR?DISPSCALEHOR2?LCD
            CODE    1B07H     0137H     UNIT         ?PR?_USB_INIT?USB_API
            CODE    1C3EH     0128H     UNIT         ?PR?_LCD_READ_IC_ID?LCD
            CODE    1D66H     0121H     UNIT         ?PR?DISPBAND?LCD
            CODE    1E87H     011BH     UNIT         ?PR?_TP_GETPOSITION?TP
            CODE    1FA2H     0111H     UNIT         ?PR?_BLOCK_WRITE?BLOCK_WRITE
            CODE    20B3H     010EH     UNIT         ?PR?USB_API_TEST_ISR?MAIN
            CODE    21C1H     0104H     UNIT         ?PR?DISPSCALEVER?LCD
            CODE    22C5H     00CDH     UNIT         ?PR?USBXCORE_VENDOR_USB_API?USB_API
            CODE    2392H     00BAH     UNIT         ?PR?_?BLOCKWRITE?LCD
            CODE    244CH     00B4H     UNIT         ?PR?_DISPPICFROMSD?LCD
            CODE    2500H     00B3H     UNIT         ?PR?MMC_SD_RESET?MMC_SD
            CODE    25B3H     00B2H     UNIT         ?PR?USBXCORE_GET_DESCRIPTOR?USB_API
            CODE    2665H     00AFH     UNIT         ?PR?_BLOCK_READ?BLOCK_READ
            CODE    2714H     00A4H     UNIT         ?PR?_DISPONECHAR?LCD
            CODE    27B8H     0097H     UNIT         ?PR?DISPFRAME?LCD
            CODE    284FH     0095H     UNIT         ?PR?_DISPINT?LCD
            CODE    28E4H     008EH     UNIT         ?PR?DISPSCALEVER_GREEN?LCD
            CODE    2972H     008CH     UNIT         ?C_C51STARTUP
            CODE    29FEH     0089H     UNIT         ?PR?DISPGRAYHOR16?LCD
            CODE    2A87H     0082H     UNIT         ?PR?_DISPSTR?LCD
            CODE    2B09H     007FH     UNIT         ?PR?DISPSCALEVER_RED?LCD
            CODE    2B88H     007FH     UNIT         ?PR?DISPSCALEVER_GRAY?LCD
            CODE    2C07H     007EH     UNIT         ?PR?_MMC_SD_WRITESINGLEBLOCK?MMC_SD
            CODE    2C85H     0075H     UNIT         ?PR?_DRAWGIRD?LCD
            CODE    2CFAH     0073H     UNIT         ?PR?TP_READ?TP
            CODE    2D6DH     0073H     UNIT         ?PR?USBXCORE_GET_STATUS?USB_API
            CODE    2DE0H     006CH     UNIT         ?PR?DEVICES_INIT?MAIN
            CODE    2E4CH     006AH     UNIT         ?PR?DISPGRAYHOR32?LCD
            CODE    2EB6H     0065H     UNIT         ?PR?_MMC_SD_READSINGLEBLOCK?MMC_SD
            CODE    2F1BH     0064H     UNIT         ?PR?DISPSCALEVER_BLUE?LCD
            CODE    2F7FH     0064H     UNIT         ?PR?_DRAWLINE?LCD
            CODE    2FE3H     0061H     UNIT         ?PR?_MMC_SD_SENDCOMMAND?MMC_SD
            CODE    3044H     005BH     UNIT         ?PR?_TOORD?LCD
            CODE    309FH     005AH     UNIT         ?PR?USBXCORE_SET_CONFIGURATION?USB_API
            CODE    30F9H     0058H     UNIT         ?PR?USBXCORE_CLEAR_FEATURE?USB_API
            CODE    3151H     0057H     UNIT         ?PR?USBXCORE_SET_FEATURE?USB_API
            CODE    31A8H     0050H     UNIT         ?CO?MAIN
            CODE    31F8H     004CH     UNIT         ?PR?_STOPDELAY?MAIN
            CODE    3244H     004AH     UNIT         ?PR?_WRITECOMM?LCD
            CODE    328EH     0049H     UNIT         ?PR?_WRITEDATA?LCD
            CODE    32D7H     0047H     UNIT         ?PR?USBXCORE_GET_CONFIGURATION?USB_API
            CODE    331EH     0046H     UNIT         ?PR?MAIN?MAIN
            CODE    3364H     0042H     UNIT         ?PR?_PUTPIXEL?LCD
            CODE    33A6H     003AH     UNIT         ?CO?USB_API
            CODE    33E0H     0038H     UNIT         ?PR?USB_CLOCK_START?USB_CLOCK_START
            CODE    3418H     002BH     UNIT         ?PR?USB_SUSPEND?USB_SUSPEND
            CODE    3443H     0029H     UNIT         ?C_INITSEG
            CODE    346CH     0028H     UNIT         ?PR?_DISPCOLOR?LCD
            CODE    3494H     0027H     UNIT         ?PR?USBXCORE_USB_RESET?USB_API
            CODE    34BBH     0027H     UNIT         ?PR?USBXCORE_GET_INTERFACE?USB_API
            CODE    34E2H     0026H     UNIT         ?PR?_TP_WRITE?TP
BL51 BANKED LINKER/LOCATER V6.22                                                      12/07/2018  15:48:18  PAGE 4


            CODE    3508H     0022H     UNIT         ?PR?READDATA?LCD
            CODE    352AH     0022H     UNIT         ?PR?USBXCORE_JUMP_ISR?USB_JUMP_ISR
            CODE    354CH     0020H     UNIT         ?PR?USBXCORE_SET_ADDRESS?USB_API
            CODE    356CH     001FH     UNIT         ?PR?_DELAY?MAIN
            CODE    358BH     001DH     UNIT         ?PR?USBXCORE_FORCE_STALL?USB_API
            CODE    35A8H     0019H     UNIT         ?PR?USB_INT_ENABLE?USB_INT_ENABLE
            CODE    35C1H     0016H     UNIT         ?PR?_SPI_WRITEBYTE?MMC_SD
            CODE    35D7H     0014H     UNIT         ?PR?USBXCORE_SET_SOP?USB_API
            CODE    35EBH     0013H     UNIT         ?PR?WAITKEY?MAIN
            CODE    35FEH     0011H     UNIT         ?PR?SD_INIT?MMC_SD
            CODE    360FH     000EH     UNIT         ?PR?GET_INTERRUPT_SOURCE?GET_INTERRUPT_SOURCE
            CODE    361DH     000CH     UNIT         ?PR?USBXCORE_CLKREC?USB_CLOCK_RECOVERY
            CODE    3629H     000BH     UNIT         ?PR?SPI_READBYTE?MMC_SD
            CODE    3634H     0009H     UNIT         ?PR?_WRITEONEDOT?LCD
            CODE    363DH     0007H     UNIT         ?PR?_DISPREGVALUE?LCD



OVERLAY MAP OF MODULE:   ILI9225G_ID_HSD22_4W1L (MAIN)


SEGMENT                                            DATA_GROUP          XDATA_GROUP
  +--> CALLED SEGMENT                            START    LENGTH     START    LENGTH
------------------------------------------------------------------------------------
?PR?USB_API_TEST_ISR?MAIN                        0008H    0001H      -----    -----
  +--> ?PR?GET_INTERRUPT_SOURCE?GET_INTERRUP...
  +--> ?PR?_BLOCK_READ?BLOCK_READ
  +--> ?PR?SUSPEND_DEVICE?MAIN
  +--> ?PR?MCU_INIT?MAIN
  +--> ?PR?_?BLOCKWRITE?LCD

?PR?SUSPEND_DEVICE?MAIN                          -----    -----      -----    -----
  +--> ?PR?USB_SUSPEND?USB_SUSPEND

?PR?USB_SUSPEND?USB_SUSPEND                      -----    -----      -----    -----
  +--> ?PR?USB_CLOCK_START?USB_CLOCK_START

?PR?_?BLOCKWRITE?LCD                             -----    -----      -----    -----
  +--> ?PR?_WRITECOMM?LCD
  +--> ?PR?_WRITEDATA?LCD

?PR?_WRITEDATA?LCD                               -----    -----      -----    -----
  +--> ?PR?_WRITECOMM?LCD

*** NEW ROOT ***************************************************

?PR?USBXCORE_USB_ISR?USB_API                     -----    -----      -----    -----
  +--> ?PR?USBXCORE_USB_RESET?USB_API
  +--> ?PR?USBXCORE_HANDLE_SETUP?USB_API
  +--> ?PR?USBXCORE_JUMP_ISR?USB_JUMP_ISR

?PR?USBXCORE_HANDLE_SETUP?USB_API                -----    -----      -----    -----
  +--> ?PR?USBXCORE_GET_STATUS?USB_API
  +--> ?PR?USBXCORE_CLEAR_FEATURE?USB_API
  +--> ?PR?USBXCORE_VENDOR_USB_API?USB_API
  +--> ?PR?USBXCORE_SET_FEATURE?USB_API
  +--> ?PR?USBXCORE_SET_ADDRESS?USB_API
BL51 BANKED LINKER/LOCATER V6.22                                                      12/07/2018  15:48:18  PAGE 5


  +--> ?PR?USBXCORE_GET_DESCRIPTOR?USB_API
  +--> ?PR?USBXCORE_GET_CONFIGURATION?USB_API
  +--> ?PR?USBXCORE_SET_CONFIGURATION?USB_API
  +--> ?PR?USBXCORE_GET_INTERFACE?USB_API
  +--> ?PR?USBXCORE_SET_SOP?USB_API
  +--> ?PR?USBXCORE_FORCE_STALL?USB_API

?PR?USBXCORE_GET_STATUS?USB_API                  -----    -----      -----    -----
  +--> ?CO?USB_API
  +--> ?PR?USBXCORE_FORCE_STALL?USB_API
  +--> ?PR?USBXCORE_SET_SOP?USB_API

?PR?USBXCORE_CLEAR_FEATURE?USB_API               -----    -----      -----    -----
  +--> ?PR?USBXCORE_FORCE_STALL?USB_API
  +--> ?PR?USBXCORE_SET_SOP?USB_API

?PR?USBXCORE_VENDOR_USB_API?USB_API              -----    -----      -----    -----
  +--> ?PR?USBXCORE_SET_SOP?USB_API

?PR?USBXCORE_SET_FEATURE?USB_API                 -----    -----      -----    -----
  +--> ?PR?USBXCORE_FORCE_STALL?USB_API
  +--> ?PR?USBXCORE_SET_SOP?USB_API

?PR?USBXCORE_SET_ADDRESS?USB_API                 -----    -----      -----    -----
  +--> ?PR?USBXCORE_SET_SOP?USB_API

?PR?USBXCORE_GET_DESCRIPTOR?USB_API              -----    -----      -----    -----
  +--> ?PR?USBXCORE_FORCE_STALL?USB_API
  +--> ?PR?USBXCORE_SET_SOP?USB_API

?PR?USBXCORE_GET_CONFIGURATION?USB_API           -----    -----      -----    -----
  +--> ?CO?USB_API
  +--> ?PR?USBXCORE_SET_SOP?USB_API

?PR?USBXCORE_SET_CONFIGURATION?USB_API           -----    -----      -----    -----
  +--> ?PR?USBXCORE_SET_SOP?USB_API

?PR?USBXCORE_GET_INTERFACE?USB_API               -----    -----      -----    -----
  +--> ?CO?USB_API
  +--> ?PR?USBXCORE_SET_SOP?USB_API

*** NEW ROOT ***************************************************

?C_C51STARTUP                                    -----    -----      -----    -----
  +--> ?PR?MAIN?MAIN
  +--> ?C_INITSEG

?PR?MAIN?MAIN                                    0009H    0001H      -----    -----
  +--> ?PR?DEVICES_INIT?MAIN
  +--> ?PR?DISPFRAME?LCD
  +--> ?PR?_STOPDELAY?MAIN
  +--> ?PR?_DISPINT?LCD
  +--> ?PR?DISPBAND?LCD
  +--> ?PR?DISPGRAYHOR16?LCD
  +--> ?PR?_DISPCOLOR?LCD
  +--> ?PR?TP_DRAWLINE?TP

BL51 BANKED LINKER/LOCATER V6.22                                                      12/07/2018  15:48:18  PAGE 6


?PR?DEVICES_INIT?MAIN                            -----    -----      -----    -----
  +--> ?PR?MCU_INIT?MAIN
  +--> ?PR?USB_CLOCK_START?USB_CLOCK_START
  +--> ?CO?MAIN
  +--> ?PR?_USB_INIT?USB_API
  +--> ?PR?USB_INT_ENABLE?USB_INT_ENABLE
  +--> ?PR?LCD_INIT?LCD

?PR?_USB_INIT?USB_API                            -----    -----      0200H    0011H
  +--> ?CO?USB_API
  +--> ?PR?USBXCORE_CLKREC?USB_CLOCK_RECOVERY

?PR?LCD_INIT?LCD                                 -----    -----      -----    -----
  +--> ?PR?READDATA?LCD
  +--> ?PR?_DELAY?MAIN
  +--> ?PR?_WRITECOMM?LCD
  +--> ?PR?_WRITEDATA?LCD

?PR?READDATA?LCD                                 -----    -----      -----    -----
  +--> ?PR?_WRITECOMM?LCD
  +--> ?PR?_WRITEDATA?LCD
  +--> ?PR?_LCD_READ_IC_ID?LCD

?PR?_LCD_READ_IC_ID?LCD                          0013H    0007H      -----    -----

?PR?DISPFRAME?LCD                                -----    -----      -----    -----
  +--> ?PR?_?BLOCKWRITE?LCD
  +--> ?PR?_WRITEDISPDATA?LCD

?PR?_STOPDELAY?MAIN                              000AH    0004H      -----    -----
  +--> ?PR?WAITKEY?MAIN
  +--> ?PR?_DELAY?MAIN

?PR?WAITKEY?MAIN                                 -----    -----      -----    -----
  +--> ?PR?CONNTOUSB?MAIN
  +--> ?PR?_DELAY?MAIN

?PR?CONNTOUSB?MAIN                               000EH    0005H      0200H    0058H
  +--> ?CO?MAIN
  +--> ?PR?_WRITECOMM?LCD
  +--> ?PR?_WRITEDATA?LCD
  +--> ?PR?_DISPSTR?LCD
  +--> ?PR?_DISPINT?LCD
  +--> ?PR?_WRITEDISPDATA?LCD
  +--> ?PR?_MMC_SD_WRITESINGLEBLOCK?MMC_SD
  +--> ?PR?_BLOCK_WRITE?BLOCK_WRITE
  +--> ?PR?READDATA?LCD
  +--> ?PR?_DELAY?MAIN

?PR?_DISPSTR?LCD                                 0013H    000BH      -----    -----
  +--> ?PR?_TOORD?LCD
  +--> ?PR?_DISPONECHAR?LCD

?PR?_DISPONECHAR?LCD                             001EH    000DH      -----    -----
  +--> ?PR?_?BLOCKWRITE?LCD
  +--> ?CO?LCD
  +--> ?PR?_WRITEONEDOT?LCD
BL51 BANKED LINKER/LOCATER V6.22                                                      12/07/2018  15:48:18  PAGE 7



?PR?_WRITEONEDOT?LCD                             -----    -----      -----    -----
  +--> ?PR?_WRITEDISPDATA?LCD

?PR?_DISPINT?LCD                                 0013H    000AH      -----    -----
  +--> ?PR?_DISPONECHAR?LCD

?PR?_MMC_SD_WRITESINGLEBLOCK?MMC_SD              0013H    0004H      -----    -----
  +--> ?PR?_MMC_SD_SENDCOMMAND?MMC_SD
  +--> ?PR?_SPI_WRITEBYTE?MMC_SD

?PR?_MMC_SD_SENDCOMMAND?MMC_SD                   0017H    0005H      -----    -----
  +--> ?PR?_SPI_WRITEBYTE?MMC_SD

?PR?DISPBAND?LCD                                 000AH    0004H      -----    -----
  +--> ?PR?_?BLOCKWRITE?LCD
  +--> ?PR?_WRITEDISPDATA?LCD

?PR?DISPGRAYHOR16?LCD                            000AH    0004H      -----    -----
  +--> ?PR?_?BLOCKWRITE?LCD
  +--> ?PR?_WRITEDISPDATA?LCD

?PR?_DISPCOLOR?LCD                               000AH    0001H      -----    -----
  +--> ?PR?_?BLOCKWRITE?LCD
  +--> ?PR?_WRITEDISPDATA?LCD

?PR?TP_DRAWLINE?TP                               -----    -----      0200H    0018H
  +--> ?PR?_DELAY?MAIN
  +--> ?PR?_TP_GETPOSITION?TP
  +--> ?PR?_PUTPIXEL?LCD
  +--> ?PR?_DISPCOLOR?LCD

?PR?_TP_GETPOSITION?TP                           -----    -----      0218H    001BH
  +--> ?PR?_TP_WRITE?TP
  +--> ?PR?TP_READ?TP

?PR?_TP_WRITE?TP                                 -----    -----      0233H    0001H

?PR?TP_READ?TP                                   -----    -----      0233H    0005H

?PR?_PUTPIXEL?LCD                                000AH    0002H      -----    -----
  +--> ?PR?_?BLOCKWRITE?LCD
  +--> ?PR?_WRITEDISPDATA?LCD



SYMBOL TABLE OF MODULE:  ILI9225G_ID_HSD22_4W1L (MAIN)

  VALUE           TYPE          NAME
  ----------------------------------

  -------         MODULE        MAIN
  C:0000H         SYMBOL        _ICE_DUMMY_
  D:0080H         PUBLIC        P0
  D:002BH         PUBLIC        f_down
  D:0090H         PUBLIC        P1
  D:00A0H         PUBLIC        P2
BL51 BANKED LINKER/LOCATER V6.22                                                      12/07/2018  15:48:18  PAGE 8


  D:00B0H         PUBLIC        P3
  C:31F3H         PUBLIC        USB_MaxPower
  B:00B0H.6       PUBLIC        KEY_STEP
  D:00A4H         PUBLIC        P0MDOUT
  D:00A5H         PUBLIC        P1MDOUT
  D:00A6H         PUBLIC        P2MDOUT
  D:00A7H         PUBLIC        P3MDOUT
  D:00AEH         PUBLIC        P4MDOUT
  B:0080H.6       PUBLIC        OE
  D:00D9H         PUBLIC        PCA0MD
  C:20B3H         PUBLIC        USB_API_TEST_ISR
  C:0088H         PUBLIC        Suspend_Device
  C:31FCH         PUBLIC        _StopDelay
  D:00E1H         PUBLIC        XBR0
  D:00E2H         PUBLIC        XBR1
  B:00B0H.1       PUBLIC        RS
  C:331EH         PUBLIC        main
  D:002CH         PUBLIC        VerifyCode0
  D:002DH         PUBLIC        VerifyCode1
  C:31BDH         PUBLIC        USB_PID
  D:002EH         PUBLIC        VerifyCode2
  D:00F1H         PUBLIC        P0MDIN
  D:00F2H         PUBLIC        P1MDIN
  C:31BFH         PUBLIC        USB_MfrStr
  D:00F4H         PUBLIC        P3MDIN
  C:31BBH         PUBLIC        USB_VID
  D:00F8H         PUBLIC        SPI0CN
  D:002FH         PUBLIC        pic
  C:2DE0H         PUBLIC        Devices_Init
  C:068EH         PUBLIC        ConnToUSB
  D:00A9H         PUBLIC        CLKSEL
  D:00B2H         PUBLIC        OSCICN
  C:31F4H         PUBLIC        USB_PwAttributes
  C:35EBH         PUBLIC        WaitKey
  C:31F7H         SYMBOL        _?ix1000
  B:00B0H.0       PUBLIC        CS0
  D:0030H         PUBLIC        bf
  C:31F5H         PUBLIC        USB_bcdDevice
  D:00B9H         PUBLIC        CLKMUL
  D:0032H         PUBLIC        f_debug
  D:0033H         PUBLIC        sd
  X:0258H         PUBLIC        Packet
  C:0046H         PUBLIC        MCU_Init
  B:0080H.7       PUBLIC        DIR
  D:00EFH         PUBLIC        RSTSRC
  D:0037H         PUBLIC        f_read
  C:31E9H         PUBLIC        USB_SerialStr
  D:0038H         PUBLIC        f_other
  C:31D9H         PUBLIC        USB_ProductStr
  D:0039H         PUBLIC        f_para
  D:00A1H         PUBLIC        SPI0CFG
  C:356CH         PUBLIC        _Delay
  B:00B0H.7       PUBLIC        KEY_Stop
  D:003AH         PUBLIC        f_init
  -------         PROC          MAIN
  -------         DO            
  D:0009H         SYMBOL        n
BL51 BANKED LINKER/LOCATER V6.22                                                      12/07/2018  15:48:18  PAGE 9


  -------         ENDDO         
  C:331EH         LINE#         40
  C:331EH         LINE#         41
  C:331EH         LINE#         46
  C:3321H         LINE#         48
  C:3324H         LINE#         49
  C:3324H         LINE#         53
  C:332AH         LINE#         54
  C:3349H         LINE#         58
  C:334FH         LINE#         59
  C:3355H         LINE#         60
  C:335EH         LINE#         64
  C:3361H         LINE#         66
  C:3363H         LINE#         67
  -------         ENDPROC       MAIN
  -------         PROC          _DELAY
  D:0006H         SYMBOL        dly
  -------         DO            
  D:0004H         SYMBOL        i
  D:0002H         SYMBOL        j
  -------         ENDDO         
  C:356CH         LINE#         70
  C:356CH         LINE#         71
  C:356CH         LINE#         74
  C:3576H         LINE#         75
  C:358AH         LINE#         76
  -------         ENDPROC       _DELAY
  C:31F8H         SYMBOL        L?0133
  -------         PROC          L?0132
  -------         ENDPROC       L?0132
  C:31F8H         SYMBOL        L?0133
  -------         PROC          _STOPDELAY
  D:000AH         SYMBOL        sdly
  -------         DO            
  D:0006H         SYMBOL        i
  D:0004H         SYMBOL        j
  D:000CH         SYMBOL        k
  -------         ENDDO         
  C:31FCH         LINE#         78
  C:3200H         LINE#         79
  C:3200H         LINE#         81
  C:3205H         LINE#         82
  C:3205H         LINE#         83
  C:3208H         LINE#         84
  C:3208H         LINE#         85
  C:3214H         LINE#         86
  C:3228H         LINE#         87
  C:3228H         LINE#         89
  C:3228H         LINE#         90
  C:3232H         LINE#         91
  C:3232H         LINE#         92
  C:3243H         LINE#         93
  -------         ENDPROC       _STOPDELAY
  -------         PROC          WAITKEY
  C:35EBH         LINE#         122
  C:35EBH         LINE#         123
  C:35EBH         LINE#         125
BL51 BANKED LINKER/LOCATER V6.22                                                      12/07/2018  15:48:18  PAGE 10


  C:35EEH         LINE#         126
  C:35EEH         LINE#         128
  C:35F1H         LINE#         130
  C:35F3H         LINE#         131
  C:35FAH         LINE#         132
  C:35FDH         LINE#         134
  -------         ENDPROC       WAITKEY
  -------         PROC          CONNTOUSB
  -------         DO            
  D:000EH         SYMBOL        i
  X:0200H         SYMBOL        reg_data
  X:0218H         SYMBOL        para_data
  D:0007H         SYMBOL        dat
  D:000FH         SYMBOL        reg_index
  D:0011H         SYMBOL        data_num
  D:0012H         SYMBOL        st
  -------         ENDDO         
  C:068EH         LINE#         139
  C:068EH         LINE#         140
  C:068EH         LINE#         147
  C:06A1H         LINE#         149
  C:06A8H         LINE#         150
  C:06A8H         LINE#         151
  C:06ABH         LINE#         152
  C:06ABH         LINE#         153
  C:06BDH         LINE#         154
  C:06BDH         LINE#         155
  C:06E4H         LINE#         156
  C:06E6H         LINE#         157
  C:06FAH         LINE#         158
  C:06FAH         LINE#         159
  C:0721H         LINE#         161
  C:0721H         LINE#         162
  C:0721H         LINE#         163
  C:0721H         LINE#         165
  C:0721H         LINE#         166
  C:072AH         LINE#         167
  C:0734H         LINE#         168
  C:073EH         LINE#         170
  C:0759H         LINE#         172
  C:0763H         LINE#         173
  C:0763H         LINE#         174
  C:0766H         LINE#         175
  C:0766H         LINE#         176
  C:0778H         LINE#         177
  C:0778H         LINE#         178
  C:07CAH         LINE#         179
  C:07CCH         LINE#         180
  C:07E0H         LINE#         181
  C:07E0H         LINE#         182
  C:0833H         LINE#         183
  C:0833H         LINE#         184
  C:0833H         LINE#         185
  C:0833H         LINE#         187
  C:0833H         LINE#         188
  C:083FH         LINE#         189
  C:083FH         LINE#         190
BL51 BANKED LINKER/LOCATER V6.22                                                      12/07/2018  15:48:18  PAGE 11


  C:0849H         LINE#         191
  C:0853H         LINE#         193
  C:0856H         LINE#         194
  C:0859H         LINE#         198
  C:0860H         LINE#         199
  C:0860H         LINE#         200
  C:086DH         LINE#         201
  C:086DH         LINE#         202
  C:086FH         LINE#         204
  C:0871H         LINE#         205
  C:088EH         LINE#         206
  C:0890H         LINE#         208
  C:08B3H         LINE#         209
  C:08D6H         LINE#         210
  C:08DFH         LINE#         211
  C:08DFH         LINE#         212
  C:08E7H         LINE#         213
  C:08EDH         LINE#         214
  C:08F8H         LINE#         215
  C:08FDH         LINE#         216
  C:08FDH         LINE#         217
  C:0904H         LINE#         219
  C:0907H         LINE#         220
  C:0912H         LINE#         221
  C:0915H         LINE#         224
  C:091CH         LINE#         225
  C:091CH         LINE#         226
  C:0925H         LINE#         227
  C:0925H         LINE#         228
  C:0932H         LINE#         229
  C:0932H         LINE#         230
  C:0934H         LINE#         232
  C:0936H         LINE#         233
  C:0953H         LINE#         234
  C:0955H         LINE#         236
  C:0978H         LINE#         237
  C:099BH         LINE#         239
  C:09A4H         LINE#         240
  C:09A4H         LINE#         241
  C:09ACH         LINE#         242
  C:09B2H         LINE#         243
  C:09BDH         LINE#         244
  C:09C2H         LINE#         245
  C:09C2H         LINE#         247
  C:09C9H         LINE#         253
  C:09C9H         LINE#         254
  C:09D3H         LINE#         255
  C:09D3H         LINE#         256
  C:09D5H         LINE#         258
  C:09D7H         LINE#         259
  C:09F4H         LINE#         260
  C:09F6H         LINE#         262
  C:09FCH         LINE#         263
  C:09FFH         LINE#         264
  C:0A0AH         LINE#         265
  C:0A0AH         LINE#         266
  C:0A0DH         LINE#         269
BL51 BANKED LINKER/LOCATER V6.22                                                      12/07/2018  15:48:18  PAGE 12


  C:0A14H         LINE#         270
  C:0A14H         LINE#         271
  C:0A21H         LINE#         272
  C:0A21H         LINE#         273
  C:0A2FH         LINE#         274
  C:0A2FH         LINE#         275
  C:0A4EH         LINE#         276
  C:0A50H         LINE#         277
  C:0A5FH         LINE#         278
  C:0A5FH         LINE#         279
  C:0A7EH         LINE#         280
  C:0A80H         LINE#         281
  C:0A90H         LINE#         282
  C:0A90H         LINE#         283
  C:0A9AH         LINE#         284
  C:0AA4H         LINE#         285
  C:0AA4H         LINE#         286
  C:0AA4H         LINE#         287
  C:0AA4H         LINE#         289
  C:0AA4H         LINE#         290
  C:0AADH         LINE#         291
  C:0AB0H         LINE#         292
  C:0ABBH         LINE#         293
  C:0ABEH         LINE#         296
  C:0AC5H         LINE#         297
  C:0AC5H         LINE#         298
  C:0AC8H         LINE#         299
  C:0ADCH         LINE#         301
  C:0AE4H         LINE#         302
  C:0AF2H         LINE#         304
  C:0AFAH         LINE#         305
  C:0AFAH         LINE#         306
  C:0B01H         LINE#         307
  C:0B0BH         LINE#         308
  C:0B0BH         LINE#         309
  C:0B0EH         LINE#         310
  C:0B1BH         LINE#         311
  C:0B28H         LINE#         312
  C:0B2EH         LINE#         313
  C:0B2EH         LINE#         315
  C:0B31H         LINE#         316
  C:0B3FH         LINE#         318
  C:0B46H         LINE#         319
  C:0B61H         LINE#         320
  C:0B6BH         LINE#         321
  C:0B6BH         LINE#         322
  C:0B8BH         LINE#         323
  C:0B98H         LINE#         324
  C:0B98H         LINE#         325
  C:0BEBH         LINE#         326
  C:0BF1H         LINE#         327
  C:0BF1H         LINE#         328
  C:0BF1H         LINE#         331
  C:0BF5H         LINE#         332
  C:0BF5H         LINE#         333
  C:0BF8H         LINE#         334
  C:0C0CH         LINE#         336
BL51 BANKED LINKER/LOCATER V6.22                                                      12/07/2018  15:48:18  PAGE 13


  C:0C11H         LINE#         337
  C:0C15H         LINE#         338
  C:0C18H         LINE#         339
  C:0C1CH         LINE#         341
  C:0C1FH         LINE#         342
  C:0C2BH         LINE#         343
  C:0C2DH         LINE#         344
  -------         ENDPROC       CONNTOUSB
  -------         PROC          MCU_INIT
  -------         DO            
  D:0007H         SYMBOL        n
  -------         ENDDO         
  C:0046H         LINE#         347
  C:0046H         LINE#         348
  C:0046H         LINE#         350
  C:0049H         LINE#         353
  C:004CH         LINE#         354
  C:004FH         LINE#         356
  C:0052H         LINE#         358
  C:0057H         LINE#         360
  C:005AH         LINE#         361
  C:005FH         LINE#         362
  C:0062H         LINE#         364
  C:0065H         LINE#         367
  C:0068H         LINE#         368
  C:006BH         LINE#         370
  C:006EH         LINE#         371
  C:0071H         LINE#         373
  C:0074H         LINE#         374
  C:0077H         LINE#         376
  C:007AH         LINE#         377
  C:007DH         LINE#         378
  C:007FH         LINE#         379
  C:0081H         LINE#         381
  C:0084H         LINE#         382
  C:0087H         LINE#         384
  -------         ENDPROC       MCU_INIT
  -------         PROC          DEVICES_INIT
  C:2DE0H         LINE#         386
  C:2DE0H         LINE#         387
  C:2DE0H         LINE#         389
  C:2DE3H         LINE#         392
  C:2DE6H         LINE#         393
  C:2E40H         LINE#         394
  C:2E43H         LINE#         397
  C:2E46H         LINE#         398
  C:2E49H         LINE#         406
  -------         ENDPROC       DEVICES_INIT
  -------         PROC          SUSPEND_DEVICE
  C:0088H         LINE#         410
  C:0088H         LINE#         411
  C:0088H         LINE#         412
  -------         ENDPROC       SUSPEND_DEVICE
  -------         PROC          USB_API_TEST_ISR
  -------         DO            
  D:0008H         SYMBOL        INTVAL
  -------         ENDDO         
BL51 BANKED LINKER/LOCATER V6.22                                                      12/07/2018  15:48:18  PAGE 14


  C:20B3H         LINE#         416
  C:20D0H         LINE#         418
  C:20D5H         LINE#         420
  C:20DAH         LINE#         421
  C:20DAH         LINE#         422
  C:20E5H         LINE#         424
  C:20F7H         LINE#         425
  C:20F7H         LINE#         426
  C:20FAH         LINE#         427
  C:20FCH         LINE#         428
  C:210CH         LINE#         429
  C:210CH         LINE#         430
  C:210FH         LINE#         431
  C:2111H         LINE#         432
  C:2122H         LINE#         433
  C:2122H         LINE#         434
  C:2125H         LINE#         435
  C:2127H         LINE#         436
  C:2139H         LINE#         437
  C:2139H         LINE#         438
  C:213CH         LINE#         439
  C:213EH         LINE#         440
  C:214EH         LINE#         441
  C:214EH         LINE#         442
  C:2151H         LINE#         443
  C:2153H         LINE#         445
  C:2153H         LINE#         446
  C:2156H         LINE#         447
  C:2156H         LINE#         448
  C:2156H         LINE#         450
  C:2156H         LINE#         451
  C:2156H         LINE#         453
  C:2156H         LINE#         455
  C:215BH         LINE#         456
  C:215BH         LINE#         457
  C:215EH         LINE#         458
  C:215EH         LINE#         460
  C:2163H         LINE#         461
  C:2163H         LINE#         462
  C:2166H         LINE#         463
  C:2166H         LINE#         465
  C:216BH         LINE#         466
  C:216BH         LINE#         467
  C:2185H         LINE#         468
  C:2185H         LINE#         470
  C:218AH         LINE#         471
  C:218AH         LINE#         472
  C:218CH         LINE#         473
  C:21A6H         LINE#         474
  C:21A6H         LINE#         475
  -------         ENDPROC       USB_API_TEST_ISR
  -------         ENDMOD        MAIN

  -------         MODULE        MMC_SD
  C:0000H         SYMBOL        _ICE_DUMMY_
  D:00A2H         PUBLIC        SPI0CKR
  D:0080H         PUBLIC        P0
BL51 BANKED LINKER/LOCATER V6.22                                                      12/07/2018  15:48:18  PAGE 15


  D:0090H         PUBLIC        P1
  D:00A0H         PUBLIC        P2
  D:00B0H         PUBLIC        P3
  C:2FE3H         PUBLIC        _MMC_SD_SendCommand
  C:2EB6H         PUBLIC        _MMC_SD_ReadSingleBlock
  C:35FEH         PUBLIC        SD_Init
  C:2C07H         PUBLIC        _MMC_SD_WriteSingleBlock
  B:00F8H.7       PUBLIC        SPIF
  B:00F8H.2       PUBLIC        NSSMD0
  C:2500H         PUBLIC        MMC_SD_Reset
  D:00A9H         PUBLIC        CLKSEL
  C:3629H         PUBLIC        SPI_ReadByte
  C:35CDH         PUBLIC        _SPI_WriteByte
  D:00A3H         PUBLIC        SPI0DAT
  X:0000H         PUBLIC        buffer
  C:35C1H         SYMBOL        L?0062
  C:35C6H         SYMBOL        L?0063
  -------         PROC          L?0061
  -------         ENDPROC       L?0061
  C:35C1H         SYMBOL        L?0062
  C:35C6H         SYMBOL        L?0063
  -------         PROC          _SPI_WRITEBYTE
  D:0007H         SYMBOL        val
  -------         DO            
  D:0007H         SYMBOL        ret
  -------         ENDDO         
  C:35CDH         LINE#         7
  C:35CDH         LINE#         8
  C:35CDH         LINE#         11
  C:35CFH         LINE#         12
  C:35D2H         LINE#         13
  C:35D4H         LINE#         14
  C:35D6H         LINE#         15
  C:35D6H         LINE#         16
  -------         ENDPROC       _SPI_WRITEBYTE
  -------         PROC          SPI_READBYTE
  -------         DO            
  D:0007H         SYMBOL        ret
  -------         ENDDO         
  C:3629H         LINE#         18
  C:3629H         LINE#         19
  C:3629H         LINE#         22
  C:362CH         LINE#         23
  C:362FH         LINE#         24
  C:3631H         LINE#         25
  C:3633H         LINE#         26
  C:3633H         LINE#         27
  -------         ENDPROC       SPI_READBYTE
  -------         PROC          _MMC_SD_SENDCOMMAND
  D:0006H         SYMBOL        cmd
  D:0018H         SYMBOL        arg
  -------         DO            
  D:0007H         SYMBOL        r1
  D:0003H         SYMBOL        retry
  -------         ENDDO         
  C:2FE3H         LINE#         30
  C:2FE5H         LINE#         31
BL51 BANKED LINKER/LOCATER V6.22                                                      12/07/2018  15:48:18  PAGE 16


  C:2FE5H         LINE#         33
  C:2FE7H         LINE#         35
  C:2FE7H         LINE#         36
  C:2FE7H         LINE#         37
  C:2FEAH         LINE#         38
  C:2FEAH         LINE#         39
  C:2FEAH         LINE#         40
  C:2FEDH         LINE#         42
  C:2FEFH         LINE#         44
  C:2FF6H         LINE#         45
  C:3006H         LINE#         46
  C:3016H         LINE#         47
  C:3026H         LINE#         48
  C:302BH         LINE#         49
  C:3030H         LINE#         51
  C:3038H         LINE#         52
  C:3041H         LINE#         54
  C:3043H         LINE#         56
  C:3043H         LINE#         57
  -------         ENDPROC       _MMC_SD_SENDCOMMAND
  -------         PROC          MMC_SD_RESET
  -------         DO            
  D:0005H         SYMBOL        i
  D:0002H         SYMBOL        retry
  D:0006H         SYMBOL        r1
  -------         ENDDO         
  C:2500H         LINE#         59
  C:2500H         LINE#         60
  C:2500H         LINE#         63
  C:2502H         LINE#         65
  C:2503H         LINE#         66
  C:2506H         LINE#         67
  C:2509H         LINE#         69
  C:2509H         LINE#         70
  C:2514H         LINE#         71
  C:2523H         LINE#         72
  C:2524H         LINE#         73
  C:252AH         LINE#         74
  C:252DH         LINE#         76
  C:252FH         LINE#         78
  C:252FH         LINE#         80
  C:252FH         LINE#         81
  C:253FH         LINE#         82
  C:2540H         LINE#         83
  C:2549H         LINE#         84
  C:254CH         LINE#         86
  C:254EH         LINE#         87
  C:255DH         LINE#         88
  C:255EH         LINE#         89
  C:2567H         LINE#         90
  C:256AH         LINE#         92
  C:256DH         LINE#         93
  C:256DH         LINE#         94
  C:256FH         LINE#         96
  C:256FH         LINE#         97
  C:257FH         LINE#         98
  C:2580H         LINE#         99
BL51 BANKED LINKER/LOCATER V6.22                                                      12/07/2018  15:48:18  PAGE 17


  C:2589H         LINE#         100
  C:258CH         LINE#         101
  C:258CH         LINE#         102
  C:259CH         LINE#         104
  C:25ABH         LINE#         105
  C:25AEH         LINE#         106
  C:25B1H         LINE#         107
  C:25B2H         LINE#         108
  -------         ENDPROC       MMC_SD_RESET
  -------         PROC          _MMC_SD_READSINGLEBLOCK
  D:0051H         SYMBOL        sector
  -------         DO            
  D:0007H         SYMBOL        r1
  D:0004H         SYMBOL        i
  D:0002H         SYMBOL        retry
  -------         ENDDO         
  C:2EB6H         LINE#         110
  C:2EBEH         LINE#         111
  C:2EBEH         LINE#         114
  C:2EC0H         LINE#         116
  C:2EC3H         LINE#         118
  C:2EC3H         LINE#         119
  C:2EDDH         LINE#         120
  C:2EDEH         LINE#         121
  C:2EE7H         LINE#         122
  C:2EEAH         LINE#         125
  C:2EECH         LINE#         127
  C:2EF2H         LINE#         129
  C:2EF5H         LINE#         130
  C:2EF5H         LINE#         131
  C:2F04H         LINE#         132
  C:2F11H         LINE#         134
  C:2F11H         LINE#         135
  C:2F14H         LINE#         137
  C:2F16H         LINE#         138
  C:2F19H         LINE#         139
  C:2F1AH         LINE#         140
  -------         ENDPROC       _MMC_SD_READSINGLEBLOCK
  -------         PROC          _MMC_SD_WRITESINGLEBLOCK
  D:0013H         SYMBOL        sector
  -------         DO            
  D:0006H         SYMBOL        r1
  D:0004H         SYMBOL        i
  D:0002H         SYMBOL        retry
  -------         ENDDO         
  C:2C07H         LINE#         142
  C:2C0FH         LINE#         143
  C:2C0FH         LINE#         146
  C:2C11H         LINE#         148
  C:2C14H         LINE#         150
  C:2C14H         LINE#         151
  C:2C30H         LINE#         152
  C:2C31H         LINE#         153
  C:2C3AH         LINE#         154
  C:2C3DH         LINE#         158
  C:2C3FH         LINE#         160
  C:2C44H         LINE#         162
BL51 BANKED LINKER/LOCATER V6.22                                                      12/07/2018  15:48:18  PAGE 18


  C:2C49H         LINE#         164
  C:2C4BH         LINE#         165
  C:2C4BH         LINE#         166
  C:2C5AH         LINE#         167
  C:2C67H         LINE#         169
  C:2C67H         LINE#         170
  C:2C67H         LINE#         172
  C:2C6CH         LINE#         174
  C:2C73H         LINE#         175
  C:2C73H         LINE#         176
  C:2C75H         LINE#         177
  C:2C76H         LINE#         178
  C:2C76H         LINE#         180
  C:2C7EH         LINE#         182
  C:2C80H         LINE#         183
  C:2C83H         LINE#         184
  C:2C84H         LINE#         185
  -------         ENDPROC       _MMC_SD_WRITESINGLEBLOCK
  -------         PROC          SD_INIT
  -------         DO            
  D:0001H         SYMBOL        n
  -------         ENDDO         
  C:35FEH         LINE#         188
  C:35FEH         LINE#         189
  C:35FEH         LINE#         190
  C:3600H         LINE#         192
  C:3606H         LINE#         193
  C:3606H         LINE#         194
  C:3607H         LINE#         195
  C:360EH         LINE#         197
  -------         ENDPROC       SD_INIT
  -------         ENDMOD        MMC_SD

  -------         MODULE        LCD
  C:0000H         SYMBOL        _ICE_DUMMY_
  D:0080H         PUBLIC        P0
  C:27B8H         PUBLIC        DispFrame
  D:0090H         PUBLIC        P1
  C:28E4H         PUBLIC        DispScaleVer_Green
  D:00A0H         PUBLIC        P2
  D:00B0H         PUBLIC        P3
  C:1D66H         PUBLIC        DispBand
  C:3295H         PUBLIC        _WriteData
  C:008EH         PUBLIC        ascii
  C:1C3EH         PUBLIC        _LCD_Read_IC_ID
  D:00A6H         PUBLIC        P2MDOUT
  C:346CH         PUBLIC        _DispColor
  C:2F1BH         PUBLIC        DispScaleVer_Blue
  C:2C85H         PUBLIC        _DrawGird
  C:2F7FH         PUBLIC        _DrawLine
  B:00D0H.7       PUBLIC        CY
  C:324CH         PUBLIC        _WriteComm
  C:0018H         PUBLIC        _WriteDispData
  C:2B88H         PUBLIC        DispScaleVer_Gray
  B:00B0H.1       PUBLIC        RS
  B:00A0H.1       PUBLIC        SPI_CLK
  C:2B09H         PUBLIC        DispScaleVer_Red
BL51 BANKED LINKER/LOCATER V6.22                                                      12/07/2018  15:48:18  PAGE 19


  C:21C1H         PUBLIC        DispScaleVer
  C:363DH         PUBLIC        _DispRegValue
  C:2729H         PUBLIC        _DispOneChar
  C:2E4CH         PUBLIC        DispGrayHor32
  C:29FEH         PUBLIC        DispGrayHor16
  C:284FH         PUBLIC        _DispInt
  C:3364H         PUBLIC        _PutPixel
  D:00A9H         PUBLIC        CLKSEL
  B:0090H.6       PUBLIC        RD0
  B:00B0H.0       PUBLIC        CS0
  D:0076H         PUBLIC        LCM_ID
  C:1516H         PUBLIC        LCD_Init
  C:2A87H         PUBLIC        _DispStr
  C:1349H         PUBLIC        DispScaleHor1
  B:00A0H.0       PUBLIC        SPI_DI
  C:3634H         PUBLIC        _WriteOneDot
  C:19CBH         PUBLIC        DispScaleHor2
  C:244CH         PUBLIC        _DispPicFromSD
  B:0080H.7       PUBLIC        DIR
  C:3044H         PUBLIC        _ToOrd
  B:0080H.5       PUBLIC        RST
  C:3508H         PUBLIC        ReadData
  C:23A9H         PUBLIC        _?BlockWrite
  -------         PROC          _LCD_READ_IC_ID
  D:0007H         SYMBOL        ID
  D:0004H         SYMBOL        Bug
  D:0003H         SYMBOL        flog
  -------         DO            
  D:0013H         SYMBOL        id
  D:0015H         SYMBOL        id1
  D:0017H         SYMBOL        temp
  D:0005H         SYMBOL        i
  D:0007H         SYMBOL        dat
  D:0001H         SYMBOL        id2
  D:0019H         SYMBOL        id3
  -------         ENDDO         
  C:1C3EH         LINE#         35
  C:1C3EH         LINE#         36
  C:1C3EH         LINE#         39
  C:1C47H         LINE#         40
  C:1C47H         LINE#         42
  C:1C4AH         LINE#         43
  C:1C4AH         LINE#         44
  C:1C4CH         LINE#         45
  C:1C4EH         LINE#         46
  C:1C4FH         LINE#         47
  C:1C4FH         LINE#         48
  C:1C51H         LINE#         49
  C:1C59H         LINE#         50
  C:1C5BH         LINE#         52
  C:1C5DH         LINE#         53
  C:1C61H         LINE#         54
  C:1C65H         LINE#         55
  C:1C68H         LINE#         58
  C:1C72H         LINE#         59
  C:1C72H         LINE#         60
  C:1C74H         LINE#         61
BL51 BANKED LINKER/LOCATER V6.22                                                      12/07/2018  15:48:18  PAGE 20


  C:1C74H         LINE#         62
  C:1C76H         LINE#         63
  C:1C78H         LINE#         64
  C:1C7AH         LINE#         65
  C:1C91H         LINE#         66
  C:1C93H         LINE#         67
  C:1C95H         LINE#         68
  C:1C9BH         LINE#         69
  C:1CA5H         LINE#         70
  C:1CA5H         LINE#         71
  C:1CA7H         LINE#         72
  C:1CA7H         LINE#         73
  C:1CA9H         LINE#         74
  C:1CABH         LINE#         75
  C:1CADH         LINE#         76
  C:1CC4H         LINE#         77
  C:1CC6H         LINE#         78
  C:1CC8H         LINE#         79
  C:1CCCH         LINE#         80
  C:1CCCH         LINE#         82
  C:1CCEH         LINE#         83
  C:1CCEH         LINE#         84
  C:1CD0H         LINE#         85
  C:1CD2H         LINE#         86
  C:1CD4H         LINE#         87
  C:1CEBH         LINE#         88
  C:1CEDH         LINE#         89
  C:1CEFH         LINE#         90
  C:1CF3H         LINE#         92
  C:1CF5H         LINE#         93
  C:1CF5H         LINE#         94
  C:1CF7H         LINE#         95
  C:1CF9H         LINE#         96
  C:1CFBH         LINE#         97
  C:1D05H         LINE#         98
  C:1D07H         LINE#         99
  C:1D09H         LINE#         100
  C:1D0DH         LINE#         102
  C:1D0FH         LINE#         103
  C:1D0FH         LINE#         104
  C:1D11H         LINE#         105
  C:1D13H         LINE#         106
  C:1D15H         LINE#         107
  C:1D21H         LINE#         108
  C:1D23H         LINE#         109
  C:1D25H         LINE#         110
  C:1D29H         LINE#         111
  C:1D2CH         LINE#         112
  C:1D2EH         LINE#         113
  C:1D30H         LINE#         114
  C:1D32H         LINE#         115
  C:1D34H         LINE#         116
  C:1D36H         LINE#         117
  C:1D38H         LINE#         119
  C:1D3BH         LINE#         120
  C:1D3BH         LINE#         121
  C:1D45H         LINE#         123
BL51 BANKED LINKER/LOCATER V6.22                                                      12/07/2018  15:48:18  PAGE 21


  C:1D4FH         LINE#         124
  C:1D4FH         LINE#         125
  C:1D4FH         LINE#         127
  C:1D54H         LINE#         128
  C:1D54H         LINE#         129
  C:1D5FH         LINE#         130
  C:1D5FH         LINE#         132
  C:1D5FH         LINE#         133
  C:1D61H         LINE#         134
  C:1D65H         LINE#         135
  -------         ENDPROC       _LCD_READ_IC_ID
  -------         PROC          L?0495
  -------         ENDPROC       L?0495
  -------         PROC          _WRITECOMM
  D:0004H         SYMBOL        i
  -------         DO            
  D:0003H         SYMBOL        j
  D:0007H         SYMBOL        DataH
  -------         ENDDO         
  C:324CH         LINE#         137
  C:3250H         LINE#         138
  C:3250H         LINE#         140
  C:3252H         LINE#         141
  C:3254H         LINE#         205
  C:3254H         LINE#         208
  C:3256H         LINE#         209
  C:3258H         LINE#         210
  C:3258H         LINE#         215
  C:325CH         LINE#         216
  C:3260H         LINE#         218
  C:3262H         LINE#         219
  C:3266H         LINE#         220
  C:3268H         LINE#         222
  C:326AH         LINE#         225
  C:326EH         LINE#         226
  C:3270H         LINE#         227
  C:3272H         LINE#         228
  C:3272H         LINE#         229
  C:3276H         LINE#         230
  C:327AH         LINE#         232
  C:327CH         LINE#         233
  C:3283H         LINE#         234
  C:3285H         LINE#         235
  C:3287H         LINE#         236
  C:328BH         LINE#         251
  C:328BH         LINE#         254
  C:328DH         LINE#         255
  -------         ENDPROC       _WRITECOMM
  C:328EH         SYMBOL        L?0490
  C:3290H         SYMBOL        L?0491
  -------         PROC          L?0489
  -------         ENDPROC       L?0489
  C:328EH         SYMBOL        L?0490
  C:3290H         SYMBOL        L?0491
  -------         PROC          _WRITEDATA
  D:0004H         SYMBOL        i
  -------         DO            
BL51 BANKED LINKER/LOCATER V6.22                                                      12/07/2018  15:48:18  PAGE 22


  D:0003H         SYMBOL        j
  D:0007H         SYMBOL        DataH
  -------         ENDDO         
  C:3295H         LINE#         257
  C:3299H         LINE#         258
  C:3299H         LINE#         260
  C:329BH         LINE#         261
  C:329DH         LINE#         401
  C:329DH         LINE#         405
  C:329FH         LINE#         406
  C:32A1H         LINE#         407
  C:32A1H         LINE#         412
  C:32A5H         LINE#         413
  C:32A9H         LINE#         415
  C:32ABH         LINE#         416
  C:32AFH         LINE#         417
  C:32B1H         LINE#         418
  C:32B3H         LINE#         419
  C:32B7H         LINE#         420
  C:32B9H         LINE#         421
  C:32BBH         LINE#         422
  C:32BBH         LINE#         423
  C:32BFH         LINE#         424
  C:32C3H         LINE#         426
  C:32C5H         LINE#         427
  C:32CCH         LINE#         428
  C:32CEH         LINE#         429
  C:32D0H         LINE#         430
  C:32D4H         LINE#         445
  C:32D4H         LINE#         448
  C:32D6H         LINE#         449
  -------         ENDPROC       _WRITEDATA
  C:0003H         SYMBOL        L?0493
  -------         PROC          L?0492
  -------         ENDPROC       L?0492
  C:0003H         SYMBOL        L?0493
  -------         PROC          _WRITEDISPDATA
  D:0007H         SYMBOL        DataH
  D:0005H         SYMBOL        DataL
  -------         DO            
  D:0006H         SYMBOL        j
  -------         ENDDO         
  C:0018H         LINE#         451
  C:0018H         LINE#         452
  C:0018H         LINE#         454
  C:001AH         LINE#         528
  C:001AH         LINE#         529
  C:001CH         LINE#         530
  C:001EH         LINE#         531
  C:001EH         LINE#         532
  C:0022H         LINE#         533
  C:0024H         LINE#         534
  C:0026H         LINE#         535
  C:0028H         LINE#         536
  C:002CH         LINE#         538
  C:002EH         LINE#         539
  C:0030H         LINE#         540
BL51 BANKED LINKER/LOCATER V6.22                                                      12/07/2018  15:48:18  PAGE 23


  C:0030H         LINE#         541
  C:0034H         LINE#         542
  C:0036H         LINE#         543
  C:0038H         LINE#         544
  C:003AH         LINE#         545
  C:003EH         LINE#         570
  C:003EH         LINE#         573
  C:0040H         LINE#         574
  -------         ENDPROC       _WRITEDISPDATA
  -------         PROC          _WRITEONEDOT
  D:0004H         SYMBOL        color
  C:3634H         LINE#         576
  C:3638H         LINE#         577
  C:3638H         LINE#         591
  -------         ENDPROC       _WRITEONEDOT
  -------         PROC          LCD_INIT
  C:1516H         LINE#         599
  C:1516H         LINE#         600
  C:1516H         LINE#         601
  C:1519H         LINE#         604
  C:151BH         LINE#         605
  C:1522H         LINE#         607
  C:1524H         LINE#         608
  C:152BH         LINE#         610
  C:152DH         LINE#         611
  C:1534H         LINE#         673
  C:1540H         LINE#         674
  C:154CH         LINE#         675
  C:1558H         LINE#         676
  C:1564H         LINE#         678
  C:1571H         LINE#         679
  C:157DH         LINE#         680
  C:158AH         LINE#         681
  C:1598H         LINE#         682
  C:159DH         LINE#         683
  C:15A9H         LINE#         685
  C:15B0H         LINE#         686
  C:15BEH         LINE#         687
  C:15CCH         LINE#         688
  C:15D3H         LINE#         689
  C:15E1H         LINE#         690
  C:15EDH         LINE#         691
  C:15F9H         LINE#         693
  C:15FEH         LINE#         694
  C:1608H         LINE#         695
  C:160DH         LINE#         696
  C:1612H         LINE#         697
  C:161CH         LINE#         698
  C:1621H         LINE#         699
  C:162BH         LINE#         700
  C:1630H         LINE#         701
  C:163AH         LINE#         702
  C:163FH         LINE#         704
  C:1644H         LINE#         705
  C:1650H         LINE#         706
  C:165EH         LINE#         707
  C:166CH         LINE#         708
BL51 BANKED LINKER/LOCATER V6.22                                                      12/07/2018  15:48:18  PAGE 24


  C:167AH         LINE#         709
  C:1688H         LINE#         710
  C:168DH         LINE#         711
  C:1699H         LINE#         712
  C:16A7H         LINE#         713
  C:16B3H         LINE#         714
  C:16B8H         LINE#         715
  C:16BDH         LINE#         716
  C:16C2H         LINE#         717
  C:16CEH         LINE#         996
  -------         ENDPROC       LCD_INIT
  C:2392H         SYMBOL        L?0488
  -------         PROC          L?0487
  -------         ENDPROC       L?0487
  C:2392H         SYMBOL        L?0488
  -------         PROC          _?BLOCKWRITE
  i:0000H         SYMBOL        Xstart
  i:0002H         SYMBOL        Xend
  i:0004H         SYMBOL        Ystart
  i:0006H         SYMBOL        Yend
  C:23A9H         LINE#         4060
  C:23CAH         LINE#         4067
  C:23DDH         LINE#         4068
  C:23EEH         LINE#         4069
  C:2402H         LINE#         4070
  C:2416H         LINE#         4072
  C:2427H         LINE#         4073
  C:243BH         LINE#         4075
  C:2442H         LINE#         4184
  C:2445H         LINE#         4185
  -------         ENDPROC       _?BLOCKWRITE
  -------         PROC          _DISPCOLOR
  D:0004H         SYMBOL        color
  -------         DO            
  D:0002H         SYMBOL        i
  D:000AH         SYMBOL        DataH
  D:0001H         SYMBOL        DataL
  D:0004H         SYMBOL        m
  -------         ENDDO         
  C:346CH         LINE#         4187
  C:346EH         LINE#         4188
  C:346EH         LINE#         4191
  C:3472H         LINE#         4193
  C:3475H         LINE#         4195
  C:3477H         LINE#         4196
  C:3479H         LINE#         4197
  C:3479H         LINE#         4198
  C:347BH         LINE#         4199
  C:347BH         LINE#         4200
  C:3482H         LINE#         4201
  C:3486H         LINE#         4202
  C:3491H         LINE#         4204
  C:3493H         LINE#         4205
  -------         ENDPROC       _DISPCOLOR
  -------         PROC          DISPBAND
  -------         DO            
  D:0002H         SYMBOL        i
BL51 BANKED LINKER/LOCATER V6.22                                                      12/07/2018  15:48:18  PAGE 25


  D:000AH         SYMBOL        j
  D:000BH         SYMBOL        k
  D:000CH         SYMBOL        m
  D:000DH         SYMBOL        n
  D:0001H         SYMBOL        x
  -------         ENDDO         
  C:1D66H         LINE#         4207
  C:1D66H         LINE#         4208
  C:1D66H         LINE#         4212
  C:1D6CH         LINE#         4213
  C:1D72H         LINE#         4214
  C:1D74H         LINE#         4217
  C:1D77H         LINE#         4218
  C:1D82H         LINE#         4219
  C:1D82H         LINE#         4220
  C:1D94H         LINE#         4221
  C:1DA6H         LINE#         4222
  C:1DC6H         LINE#         4223
  C:1DCDH         LINE#         4224
  C:1DD9H         LINE#         4225
  C:1DD9H         LINE#         4226
  C:1DEBH         LINE#         4227
  C:1DFDH         LINE#         4228
  C:1E1DH         LINE#         4229
  C:1E24H         LINE#         4230
  C:1E36H         LINE#         4231
  C:1E36H         LINE#         4232
  C:1E48H         LINE#         4233
  C:1E5AH         LINE#         4234
  C:1E7AH         LINE#         4235
  C:1E81H         LINE#         4236
  C:1E83H         LINE#         4237
  C:1E86H         LINE#         4238
  -------         ENDPROC       DISPBAND
  -------         PROC          DISPFRAME
  -------         DO            
  D:0002H         SYMBOL        i
  D:0082H         SYMBOL        j
  D:0001H         SYMBOL        DataH
  D:0004H         SYMBOL        DataL
  -------         ENDDO         
  C:27B8H         LINE#         4240
  C:27B8H         LINE#         4241
  C:27B8H         LINE#         4244
  C:27BBH         LINE#         4246
  C:27BDH         LINE#         4249
  C:27C7H         LINE#         4252
  C:27C9H         LINE#         4253
  C:27C9H         LINE#         4255
  C:27D4H         LINE#         4257
  C:27DFH         LINE#         4259
  C:27E9H         LINE#         4261
  C:27ECH         LINE#         4262
  C:27ECH         LINE#         4264
  C:27F6H         LINE#         4266
  C:27F9H         LINE#         4267
  C:27F9H         LINE#         4269
BL51 BANKED LINKER/LOCATER V6.22                                                      12/07/2018  15:48:18  PAGE 26


  C:2801H         LINE#         4271
  C:280CH         LINE#         4274
  C:2816H         LINE#         4276
  C:281FH         LINE#         4278
  C:2829H         LINE#         4280
  C:282CH         LINE#         4281
  C:282CH         LINE#         4283
  C:2837H         LINE#         4285
  C:2842H         LINE#         4287
  C:2849H         LINE#         4290
  C:284CH         LINE#         4291
  C:284EH         LINE#         4292
  -------         ENDPROC       DISPFRAME
  -------         PROC          _DISPPICFROMSD
  D:0001H         SYMBOL        PicNum
  -------         DO            
  D:003BH         SYMBOL        Address_S
  D:003FH         SYMBOL        Address_E
  D:0002H         SYMBOL        i
  D:0043H         SYMBOL        k
  -------         ENDDO         
  C:244CH         LINE#         4314
  C:244EH         LINE#         4315
  C:244EH         LINE#         4321
  C:2451H         LINE#         4324
  C:2453H         LINE#         4326
  C:2455H         LINE#         4328
  C:245FH         LINE#         4329
  C:2480H         LINE#         4330
  C:2498H         LINE#         4331
  C:24AEH         LINE#         4332
  C:24AEH         LINE#         4333
  C:24B9H         LINE#         4335
  C:24C2H         LINE#         4336
  C:24C2H         LINE#         4338
  C:24DDH         LINE#         4339
  C:24E6H         LINE#         4340
  C:24FDH         LINE#         4342
  C:24FFH         LINE#         4380
  -------         ENDPROC       _DISPPICFROMSD
  -------         PROC          DISPSCALEHOR1
  -------         DO            
  D:0055H         SYMBOL        i
  D:0057H         SYMBOL        j
  D:0002H         SYMBOL        k
  -------         ENDDO         
  C:1349H         LINE#         4384
  C:1349H         LINE#         4385
  C:1349H         LINE#         4388
  C:134CH         LINE#         4391
  C:134EH         LINE#         4392
  C:134EH         LINE#         4393
  C:136AH         LINE#         4394
  C:136FH         LINE#         4395
  C:136FH         LINE#         4396
  C:1374H         LINE#         4397
  C:1374H         LINE#         4398
BL51 BANKED LINKER/LOCATER V6.22                                                      12/07/2018  15:48:18  PAGE 27


  C:1387H         LINE#         4399
  C:1398H         LINE#         4400
  C:13A9H         LINE#         4402
  C:13B4H         LINE#         4405
  C:13B7H         LINE#         4406
  C:13B7H         LINE#         4407
  C:13D3H         LINE#         4408
  C:13D8H         LINE#         4409
  C:13D8H         LINE#         4410
  C:13DDH         LINE#         4411
  C:13DDH         LINE#         4412
  C:1407H         LINE#         4413
  C:1418H         LINE#         4414
  C:1429H         LINE#         4415
  C:1434H         LINE#         4418
  C:1437H         LINE#         4419
  C:1437H         LINE#         4420
  C:1453H         LINE#         4421
  C:1458H         LINE#         4422
  C:1458H         LINE#         4423
  C:145DH         LINE#         4424
  C:145DH         LINE#         4425
  C:1464H         LINE#         4426
  C:1475H         LINE#         4427
  C:1486H         LINE#         4428
  C:1491H         LINE#         4431
  C:1494H         LINE#         4432
  C:1494H         LINE#         4433
  C:14B0H         LINE#         4434
  C:14B5H         LINE#         4435
  C:14B5H         LINE#         4436
  C:14BAH         LINE#         4437
  C:14BAH         LINE#         4438
  C:14E6H         LINE#         4439
  C:14F7H         LINE#         4440
  C:1508H         LINE#         4441
  C:1513H         LINE#         4442
  C:1515H         LINE#         4443
  -------         ENDPROC       DISPSCALEHOR1
  -------         PROC          DISPSCALEVER
  -------         DO            
  D:0059H         SYMBOL        i
  D:005BH         SYMBOL        j
  D:0002H         SYMBOL        k
  -------         ENDDO         
  C:21C1H         LINE#         4445
  C:21C1H         LINE#         4446
  C:21C1H         LINE#         4515
  C:21C4H         LINE#         4517
  C:21C6H         LINE#         4518
  C:21C6H         LINE#         4519
  C:21CBH         LINE#         4520
  C:21CBH         LINE#         4521
  C:21D1H         LINE#         4522
  C:21E2H         LINE#         4523
  C:21EDH         LINE#         4525
  C:21F0H         LINE#         4526
BL51 BANKED LINKER/LOCATER V6.22                                                      12/07/2018  15:48:18  PAGE 28


  C:21F0H         LINE#         4528
  C:21F5H         LINE#         4529
  C:21F5H         LINE#         4531
  C:21FAH         LINE#         4532
  C:21FAH         LINE#         4533
  C:220CH         LINE#         4534
  C:221DH         LINE#         4536
  C:2222H         LINE#         4537
  C:2222H         LINE#         4538
  C:224AH         LINE#         4539
  C:225BH         LINE#         4541
  C:2260H         LINE#         4542
  C:2260H         LINE#         4543
  C:2267H         LINE#         4544
  C:2278H         LINE#         4546
  C:227DH         LINE#         4547
  C:227DH         LINE#         4548
  C:2291H         LINE#         4549
  C:22A2H         LINE#         4551
  C:22B6H         LINE#         4553
  C:22C4H         LINE#         4555
  -------         ENDPROC       DISPSCALEVER
  -------         PROC          DISPSCALEVER_RED
  -------         DO            
  D:005DH         SYMBOL        i
  D:005FH         SYMBOL        j
  D:0002H         SYMBOL        k
  -------         ENDDO         
  C:2B09H         LINE#         4557
  C:2B09H         LINE#         4558
  C:2B09H         LINE#         4561
  C:2B0CH         LINE#         4563
  C:2B0EH         LINE#         4565
  C:2B10H         LINE#         4568
  C:2B12H         LINE#         4569
  C:2B12H         LINE#         4570
  C:2B17H         LINE#         4571
  C:2B17H         LINE#         4572
  C:2B1DH         LINE#         4573
  C:2B2EH         LINE#         4574
  C:2B39H         LINE#         4576
  C:2B3CH         LINE#         4577
  C:2B3CH         LINE#         4578
  C:2B41H         LINE#         4579
  C:2B41H         LINE#         4581
  C:2B46H         LINE#         4582
  C:2B46H         LINE#         4583
  C:2B58H         LINE#         4584
  C:2B69H         LINE#         4585
  C:2B7AH         LINE#         4587
  C:2B85H         LINE#         4589
  C:2B87H         LINE#         4590
  -------         ENDPROC       DISPSCALEVER_RED
  -------         PROC          DISPSCALEVER_GREEN
  -------         DO            
  D:0061H         SYMBOL        i
  D:0063H         SYMBOL        j
BL51 BANKED LINKER/LOCATER V6.22                                                      12/07/2018  15:48:18  PAGE 29


  D:0002H         SYMBOL        k
  -------         ENDDO         
  C:28E4H         LINE#         4592
  C:28E4H         LINE#         4593
  C:28E4H         LINE#         4596
  C:28E7H         LINE#         4598
  C:28E9H         LINE#         4599
  C:28EBH         LINE#         4602
  C:28EDH         LINE#         4603
  C:28EDH         LINE#         4604
  C:28F2H         LINE#         4605
  C:28F2H         LINE#         4606
  C:28F8H         LINE#         4608
  C:2909H         LINE#         4609
  C:2914H         LINE#         4611
  C:2917H         LINE#         4612
  C:2917H         LINE#         4613
  C:291CH         LINE#         4614
  C:291CH         LINE#         4616
  C:2921H         LINE#         4617
  C:2921H         LINE#         4619
  C:2942H         LINE#         4620
  C:2953H         LINE#         4621
  C:2964H         LINE#         4623
  C:296FH         LINE#         4625
  C:2971H         LINE#         4626
  -------         ENDPROC       DISPSCALEVER_GREEN
  -------         PROC          DISPSCALEVER_BLUE
  -------         DO            
  D:0074H         SYMBOL        i
  D:0082H         SYMBOL        j
  D:0002H         SYMBOL        k
  -------         ENDDO         
  C:2F1BH         LINE#         4628
  C:2F1BH         LINE#         4629
  C:2F1BH         LINE#         4632
  C:2F1EH         LINE#         4634
  C:2F20H         LINE#         4635
  C:2F22H         LINE#         4638
  C:2F24H         LINE#         4639
  C:2F24H         LINE#         4640
  C:2F29H         LINE#         4641
  C:2F29H         LINE#         4642
  C:2F2FH         LINE#         4643
  C:2F38H         LINE#         4644
  C:2F43H         LINE#         4646
  C:2F46H         LINE#         4647
  C:2F46H         LINE#         4648
  C:2F4BH         LINE#         4649
  C:2F4BH         LINE#         4651
  C:2F50H         LINE#         4652
  C:2F50H         LINE#         4653
  C:2F57H         LINE#         4654
  C:2F60H         LINE#         4655
  C:2F71H         LINE#         4657
  C:2F7CH         LINE#         4659
  C:2F7EH         LINE#         4660
BL51 BANKED LINKER/LOCATER V6.22                                                      12/07/2018  15:48:18  PAGE 30


  -------         ENDPROC       DISPSCALEVER_BLUE
  -------         PROC          DISPSCALEVER_GRAY
  -------         DO            
  D:0065H         SYMBOL        i
  D:0067H         SYMBOL        j
  D:0002H         SYMBOL        k
  -------         ENDDO         
  C:2B88H         LINE#         4662
  C:2B88H         LINE#         4663
  C:2B88H         LINE#         4666
  C:2B8BH         LINE#         4668
  C:2B8DH         LINE#         4673
  C:2B8FH         LINE#         4674
  C:2B8FH         LINE#         4675
  C:2B94H         LINE#         4676
  C:2B94H         LINE#         4677
  C:2B9AH         LINE#         4679
  C:2BABH         LINE#         4680
  C:2BB6H         LINE#         4682
  C:2BB9H         LINE#         4683
  C:2BB9H         LINE#         4684
  C:2BBEH         LINE#         4685
  C:2BBEH         LINE#         4687
  C:2BC3H         LINE#         4688
  C:2BC3H         LINE#         4689
  C:2BD7H         LINE#         4690
  C:2BE8H         LINE#         4691
  C:2BF9H         LINE#         4693
  C:2C04H         LINE#         4695
  C:2C06H         LINE#         4696
  -------         ENDPROC       DISPSCALEVER_GRAY
  -------         PROC          DISPGRAYHOR16
  -------         DO            
  D:000AH         SYMBOL        i
  D:0002H         SYMBOL        j
  D:000CH         SYMBOL        k
  -------         ENDDO         
  C:29FEH         LINE#         4698
  C:29FEH         LINE#         4699
  C:29FEH         LINE#         4702
  C:2A01H         LINE#         4704
  C:2A03H         LINE#         4705
  C:2A05H         LINE#         4707
  C:2A0AH         LINE#         4708
  C:2A0AH         LINE#         4709
  C:2A13H         LINE#         4710
  C:2A13H         LINE#         4711
  C:2A19H         LINE#         4712
  C:2A20H         LINE#         4714
  C:2A23H         LINE#         4715
  C:2A23H         LINE#         4716
  C:2A28H         LINE#         4717
  C:2A28H         LINE#         4718
  C:2A57H         LINE#         4719
  C:2A68H         LINE#         4720
  C:2A73H         LINE#         4721
  C:2A84H         LINE#         4723
BL51 BANKED LINKER/LOCATER V6.22                                                      12/07/2018  15:48:18  PAGE 31


  C:2A86H         LINE#         4724
  -------         ENDPROC       DISPGRAYHOR16
  -------         PROC          DISPGRAYHOR32
  -------         DO            
  D:0069H         SYMBOL        i
  D:0002H         SYMBOL        j
  D:006BH         SYMBOL        k
  -------         ENDDO         
  C:2E4CH         LINE#         4726
  C:2E4CH         LINE#         4727
  C:2E4CH         LINE#         4730
  C:2E4FH         LINE#         4732
  C:2E51H         LINE#         4734
  C:2E56H         LINE#         4735
  C:2E56H         LINE#         4736
  C:2E59H         LINE#         4737
  C:2E59H         LINE#         4738
  C:2E5FH         LINE#         4739
  C:2E6AH         LINE#         4741
  C:2E6DH         LINE#         4742
  C:2E6DH         LINE#         4743
  C:2E72H         LINE#         4744
  C:2E72H         LINE#         4745
  C:2E86H         LINE#         4746
  C:2E97H         LINE#         4747
  C:2EA2H         LINE#         4748
  C:2EB3H         LINE#         4750
  C:2EB5H         LINE#         4751
  -------         ENDPROC       DISPGRAYHOR32
  -------         PROC          DISPSCALEHOR2
  -------         DO            
  D:0082H         SYMBOL        j
  D:0002H         SYMBOL        k
  -------         ENDDO         
  C:19CBH         LINE#         4753
  C:19CBH         LINE#         4754
  C:19CBH         LINE#         4757
  C:19CEH         LINE#         4759
  C:19D0H         LINE#         4760
  C:19D0H         LINE#         4761
  C:19D5H         LINE#         4762
  C:19E5H         LINE#         4763
  C:19F0H         LINE#         4764
  C:19F3H         LINE#         4765
  C:19F3H         LINE#         4766
  C:19F8H         LINE#         4767
  C:1A08H         LINE#         4768
  C:1A13H         LINE#         4769
  C:1A16H         LINE#         4770
  C:1A16H         LINE#         4771
  C:1A1BH         LINE#         4772
  C:1A2BH         LINE#         4773
  C:1A36H         LINE#         4774
  C:1A39H         LINE#         4775
  C:1A39H         LINE#         4776
  C:1A3EH         LINE#         4777
  C:1A4EH         LINE#         4778
BL51 BANKED LINKER/LOCATER V6.22                                                      12/07/2018  15:48:18  PAGE 32


  C:1A59H         LINE#         4779
  C:1A5CH         LINE#         4780
  C:1A5CH         LINE#         4781
  C:1A61H         LINE#         4782
  C:1A71H         LINE#         4783
  C:1A7CH         LINE#         4784
  C:1A7FH         LINE#         4785
  C:1A7FH         LINE#         4786
  C:1A84H         LINE#         4787
  C:1A94H         LINE#         4788
  C:1A9FH         LINE#         4789
  C:1AA2H         LINE#         4790
  C:1AA2H         LINE#         4791
  C:1AA7H         LINE#         4792
  C:1AB7H         LINE#         4793
  C:1AC2H         LINE#         4794
  C:1AC5H         LINE#         4795
  C:1AC5H         LINE#         4796
  C:1ACAH         LINE#         4797
  C:1AD9H         LINE#         4798
  C:1AE4H         LINE#         4799
  C:1AE7H         LINE#         4800
  C:1AE7H         LINE#         4801
  C:1AECH         LINE#         4802
  C:1AFBH         LINE#         4803
  C:1B06H         LINE#         4805
  -------         ENDPROC       DISPSCALEHOR2
  -------         PROC          _TOORD
  D:0007H         SYMBOL        ch
  C:3044H         LINE#         4910
  C:3044H         LINE#         4911
  C:3044H         LINE#         4912
  C:304AH         LINE#         4913
  C:304AH         LINE#         4914
  C:304CH         LINE#         4915
  C:304EH         LINE#         4916
  C:305AH         LINE#         4917
  C:305AH         LINE#         4918
  C:305EH         LINE#         4919
  C:3060H         LINE#         4920
  C:306CH         LINE#         4921
  C:306CH         LINE#         4922
  C:3070H         LINE#         4923
  C:3072H         LINE#         4924
  C:307EH         LINE#         4925
  C:307EH         LINE#         4926
  C:3082H         LINE#         4927
  C:3084H         LINE#         4928
  C:3090H         LINE#         4929
  C:3090H         LINE#         4930
  C:3094H         LINE#         4931
  C:3096H         LINE#         4932
  C:309CH         LINE#         4933
  C:309CH         LINE#         4934
  C:309EH         LINE#         4935
  C:309EH         LINE#         4937
  C:309EH         LINE#         4938
BL51 BANKED LINKER/LOCATER V6.22                                                      12/07/2018  15:48:18  PAGE 33


  -------         ENDPROC       _TOORD
  -------         PROC          L?0494
  -------         ENDPROC       L?0494
  -------         PROC          _DISPONECHAR
  D:0001H         SYMBOL        ord
  D:0006H         SYMBOL        Xstart
  D:0002H         SYMBOL        Ystart
  D:0023H         SYMBOL        TextColor
  D:0025H         SYMBOL        BackColor
  -------         DO            
  D:0027H         SYMBOL        i
  D:0002H         SYMBOL        j
  D:0028H         SYMBOL        p
  D:0003H         SYMBOL        dat
  D:0006H         SYMBOL        index
  -------         ENDDO         
  C:2729H         LINE#         4940
  C:272FH         LINE#         4941
  C:272FH         LINE#         4947
  C:2749H         LINE#         4949
  C:274DH         LINE#         4951
  C:2756H         LINE#         4952
  C:2758H         LINE#         4954
  C:2766H         LINE#         4956
  C:276FH         LINE#         4957
  C:2779H         LINE#         4959
  C:277CH         LINE#         4960
  C:277CH         LINE#         4961
  C:278EH         LINE#         4962
  C:2790H         LINE#         4963
  C:2790H         LINE#         4964
  C:279DH         LINE#         4965
  C:279DH         LINE#         4966
  C:27A1H         LINE#         4967
  C:27A3H         LINE#         4969
  C:27A3H         LINE#         4970
  C:27AAH         LINE#         4971
  C:27AAH         LINE#         4972
  C:27AEH         LINE#         4973
  C:27B7H         LINE#         4974
  -------         ENDPROC       _DISPONECHAR
  -------         PROC          _DISPSTR
  D:0013H         SYMBOL        str
  D:0016H         SYMBOL        Xstart
  D:0018H         SYMBOL        Ystart
  D:001AH         SYMBOL        TextColor
  D:001CH         SYMBOL        BackColor
  C:2A87H         LINE#         4976
  C:2A91H         LINE#         4977
  C:2A91H         LINE#         4979
  C:2AA2H         LINE#         4980
  C:2AA2H         LINE#         4981
  C:2ACEH         LINE#         4983
  C:2AD9H         LINE#         4984
  C:2AD9H         LINE#         4985
  C:2ADEH         LINE#         4986
  C:2AE9H         LINE#         4987
BL51 BANKED LINKER/LOCATER V6.22                                                      12/07/2018  15:48:18  PAGE 34


  C:2AEBH         LINE#         4989
  C:2AEBH         LINE#         4990
  C:2AF6H         LINE#         4991
  C:2AF6H         LINE#         4993
  C:2B01H         LINE#         4994
  C:2B01H         LINE#         4995
  C:2B06H         LINE#         4996
  C:2B06H         LINE#         4997
  C:2B08H         LINE#         4999
  -------         ENDPROC       _DISPSTR
  -------         PROC          _DISPINT
  D:0013H         SYMBOL        i
  D:0015H         SYMBOL        Xstart
  D:0017H         SYMBOL        Ystart
  D:0019H         SYMBOL        TextColor
  D:001BH         SYMBOL        BackColor
  C:284FH         LINE#         5001
  C:285BH         LINE#         5002
  C:285BH         LINE#         5003
  C:2866H         LINE#         5004
  C:2866H         LINE#         5005
  C:286CH         LINE#         5006
  C:286CH         LINE#         5007
  C:2877H         LINE#         5008
  C:2877H         LINE#         5009
  C:2883H         LINE#         5010
  C:2883H         LINE#         5012
  C:28A0H         LINE#         5013
  C:28ACH         LINE#         5014
  C:28C3H         LINE#         5015
  -------         ENDPROC       _DISPINT
  -------         PROC          READDATA
  C:3508H         LINE#         5023
  C:3508H         LINE#         5024
  C:3508H         LINE#         5026
  C:3508H         LINE#         5027
  C:350BH         LINE#         5028
  C:3510H         LINE#         5030
  C:351FH         LINE#         5036
  C:351FH         LINE#         5037
  C:3522H         LINE#         5038
  C:3527H         LINE#         5051
  C:3529H         LINE#         5052
  -------         ENDPROC       READDATA
  -------         PROC          _DISPREGVALUE
  D:0071H         SYMBOL        RegIndex
  D:0073H         SYMBOL        ParNum
  C:363DH         LINE#         5056
  C:3643H         LINE#         5057
  C:3643H         LINE#         5086
  -------         ENDPROC       _DISPREGVALUE
  -------         PROC          _PUTPIXEL
  D:0006H         SYMBOL        x
  D:0004H         SYMBOL        y
  D:000AH         SYMBOL        color
  C:3364H         LINE#         5228
  C:3368H         LINE#         5229
BL51 BANKED LINKER/LOCATER V6.22                                                      12/07/2018  15:48:18  PAGE 35


  C:3368H         LINE#         5230
  C:3386H         LINE#         5231
  C:338EH         LINE#         5232
  C:3396H         LINE#         5233
  C:339EH         LINE#         5234
  -------         ENDPROC       _PUTPIXEL
[...]
BL51 BANKED LINKER/LOCATER V6.22                                                      12/07/2018  15:48:18  PAGE 41


  C:1226H         LINE#         291
  C:1229H         LINE#         292
  C:122BH         LINE#         293
  C:122BH         LINE#         294
  C:122EH         LINE#         295
  C:1230H         LINE#         296
  C:1230H         LINE#         297
  C:1233H         LINE#         298
  C:1235H         LINE#         299
  C:1235H         LINE#         300
  C:1238H         LINE#         301
  C:123AH         LINE#         302
  C:123AH         LINE#         303
  C:123DH         LINE#         304
  C:123FH         LINE#         305
  C:123FH         LINE#         306
  C:1242H         LINE#         307
  C:1244H         LINE#         308
  C:1244H         LINE#         309
  C:1247H         LINE#         310
  C:1247H         LINE#         311
  C:1247H         LINE#         312
  C:1247H         LINE#         313
  C:1247H         LINE#         314
  C:1252H         LINE#         315
  C:1252H         LINE#         316
  C:1258H         LINE#         317
  C:1267H         LINE#         318
  C:1267H         LINE#         319
  C:126CH         LINE#         320
  C:126FH         LINE#         321
  C:127EH         LINE#         322
  C:127EH         LINE#         323
  C:1293H         LINE#         324
  C:1298H         LINE#         325
  C:12A0H         LINE#         326
  C:12AAH         LINE#         327
  C:12B8H         LINE#         328
  C:12C6H         LINE#         329
  C:12C8H         LINE#         331
  C:12C8H         LINE#         332
  C:12CDH         LINE#         333
  C:12D0H         LINE#         334
  C:12E8H         LINE#         335
  C:12E8H         LINE#         336
  C:1301H         LINE#         337
  C:1306H         LINE#         338
  C:130EH         LINE#         339
  C:1315H         LINE#         340
  C:131AH         LINE#         341
  C:131AH         LINE#         342
  C:132EH         LINE#         343
  C:132EH         LINE#         344
  C:1335H         LINE#         345
  C:133AH         LINE#         346
  C:133AH         LINE#         347
  C:1348H         LINE#         348
BL51 BANKED LINKER/LOCATER V6.22                                                      12/07/2018  15:48:18  PAGE 42


  C:1348H         LINE#         349
  -------         ENDPROC       USBXCORE_HANDLE_SETUP
  -------         PROC          USBXCORE_FORCE_STALL
  C:358BH         LINE#         356
  C:358BH         LINE#         358
  C:3596H         LINE#         359
  C:35A1H         LINE#         360
  C:35A7H         LINE#         361
  -------         ENDPROC       USBXCORE_FORCE_STALL
  -------         PROC          USBXCORE_GET_STATUS
  C:2D6DH         LINE#         367
  C:2D6DH         LINE#         369
  C:2D7CH         LINE#         370
  C:2D7CH         LINE#         371
  C:2D7CH         LINE#         372
  C:2D7CH         LINE#         373
  C:2D7CH         LINE#         374
  C:2D7EH         LINE#         375
  C:2D7EH         LINE#         379
  C:2D7EH         LINE#         381
  C:2D8CH         LINE#         385
  C:2D8CH         LINE#         386
  C:2D8CH         LINE#         387
  C:2D8CH         LINE#         388
  C:2D8EH         LINE#         390
  C:2D8EH         LINE#         392
  C:2D9CH         LINE#         396
  C:2D9CH         LINE#         397
  C:2DA9H         LINE#         398
  C:2DA9H         LINE#         399
  C:2DABH         LINE#         401
  C:2DABH         LINE#         402
  C:2DB9H         LINE#         403
  C:2DC2H         LINE#         404
  C:2DC2H         LINE#         405
  C:2DC2H         LINE#         406
  C:2DC4H         LINE#         407
  C:2DC4H         LINE#         408
  C:2DC7H         LINE#         409
  C:2DC7H         LINE#         410
  C:2DC7H         LINE#         411
  C:2DCFH         LINE#         412
  C:2DCFH         LINE#         413
  C:2DD2H         LINE#         414
  C:2DD8H         LINE#         415
  C:2DDFH         LINE#         416
  C:2DDFH         LINE#         417
  -------         ENDPROC       USBXCORE_GET_STATUS
  -------         PROC          USBXCORE_CLEAR_FEATURE
  C:30F9H         LINE#         423
  C:30F9H         LINE#         425
  C:30FFH         LINE#         426
  C:30FFH         LINE#         428
  C:3106H         LINE#         429
  C:3106H         LINE#         430
  C:3111H         LINE#         436
  C:311CH         LINE#         437
BL51 BANKED LINKER/LOCATER V6.22                                                      12/07/2018  15:48:18  PAGE 43


  C:3121H         LINE#         438
  C:3123H         LINE#         440
  C:3123H         LINE#         442
  C:312EH         LINE#         446
  C:3139H         LINE#         447
  C:313EH         LINE#         448
  C:313EH         LINE#         449
  C:3140H         LINE#         451
  C:3140H         LINE#         452
  C:3143H         LINE#         453
  C:3143H         LINE#         454
  C:314EH         LINE#         455
  -------         ENDPROC       USBXCORE_CLEAR_FEATURE
  -------         PROC          USBXCORE_VENDOR_USB_API
  C:22C5H         LINE#         462
  C:22C5H         LINE#         464
  C:22CFH         LINE#         465
  C:22CFH         LINE#         466
  C:22D6H         LINE#         467
  C:22D6H         LINE#         468
  C:22D9H         LINE#         469
  C:22DCH         LINE#         470
  C:22DEH         LINE#         472
  C:22DEH         LINE#         473
  C:22E5H         LINE#         474
  C:22E5H         LINE#         477
  C:22F0H         LINE#         482
  C:22FBH         LINE#         483
  C:2306H         LINE#         485
  C:2306H         LINE#         486
  C:2319H         LINE#         487
  C:2319H         LINE#         488
  C:231DH         LINE#         489
  C:2328H         LINE#         491
  C:2328H         LINE#         492
  C:233BH         LINE#         493
  C:233BH         LINE#         494
  C:233FH         LINE#         495
  C:234AH         LINE#         497
  C:2350H         LINE#         498
  C:2358H         LINE#         499
  C:2358H         LINE#         500
  C:235BH         LINE#         501
  C:235BH         LINE#         502
  C:235BH         LINE#         503
  C:2366H         LINE#         504
  C:2366H         LINE#         505
  C:236CH         LINE#         506
  C:2373H         LINE#         507
  C:2373H         LINE#         508
  C:2377H         LINE#         509
  C:2377H         LINE#         510
  C:237DH         LINE#         511
  C:2384H         LINE#         512
  C:2384H         LINE#         513
  C:238FH         LINE#         514
  -------         ENDPROC       USBXCORE_VENDOR_USB_API
BL51 BANKED LINKER/LOCATER V6.22                                                      12/07/2018  15:48:18  PAGE 44


  -------         PROC          USBXCORE_SET_FEATURE
  C:3151H         LINE#         521
  C:3151H         LINE#         523
  C:3157H         LINE#         524
  C:3157H         LINE#         526
  C:315EH         LINE#         527
  C:315EH         LINE#         528
  C:3169H         LINE#         534
  C:3174H         LINE#         535
  C:3177H         LINE#         536
  C:3179H         LINE#         538
  C:3179H         LINE#         540
  C:3184H         LINE#         544
  C:318FH         LINE#         545
  C:3195H         LINE#         546
  C:3195H         LINE#         548
  C:3197H         LINE#         550
  C:3197H         LINE#         551
  C:319AH         LINE#         552
  C:319AH         LINE#         553
  C:31A5H         LINE#         554
  -------         ENDPROC       USBXCORE_SET_FEATURE
  -------         PROC          USBXCORE_SET_ADDRESS
  C:354CH         LINE#         561
  C:354CH         LINE#         563
  C:355BH         LINE#         564
  C:3561H         LINE#         565
  C:3561H         LINE#         566
  C:3564H         LINE#         567
  C:3566H         LINE#         569
  C:3566H         LINE#         570
  C:3569H         LINE#         571
  C:3569H         LINE#         572
  -------         ENDPROC       USBXCORE_SET_ADDRESS
  -------         PROC          USBXCORE_GET_DESCRIPTOR
  C:25B3H         LINE#         579
  C:25B3H         LINE#         580
  C:25C2H         LINE#         581
  C:25C2H         LINE#         582
  C:25C2H         LINE#         583
  C:25D0H         LINE#         584
  C:25D4H         LINE#         585
  C:25D6H         LINE#         586
  C:25D6H         LINE#         587
  C:25E4H         LINE#         588
  C:25F7H         LINE#         589
  C:25F9H         LINE#         590
  C:25F9H         LINE#         591
  C:261DH         LINE#         592
  C:2629H         LINE#         593
  C:262BH         LINE#         594
  C:262BH         LINE#         595
  C:262EH         LINE#         596
  C:262EH         LINE#         597
  C:262EH         LINE#         598
  C:2644H         LINE#         599
  C:2644H         LINE#         600
BL51 BANKED LINKER/LOCATER V6.22                                                      12/07/2018  15:48:18  PAGE 45


  C:264CH         LINE#         601
  C:264CH         LINE#         602
  C:2654H         LINE#         603
  C:2654H         LINE#         604
  C:2657H         LINE#         605
  C:265DH         LINE#         606
  C:2664H         LINE#         607
  C:2664H         LINE#         608
  -------         ENDPROC       USBXCORE_GET_DESCRIPTOR
  -------         PROC          USBXCORE_GET_CONFIGURATION
  C:32D7H         LINE#         614
  C:32D7H         LINE#         616
  C:32DFH         LINE#         617
  C:32DFH         LINE#         618
  C:32EBH         LINE#         619
  C:32F3H         LINE#         620
  C:32F3H         LINE#         621
  C:32F7H         LINE#         622
  C:32F7H         LINE#         623
  C:3305H         LINE#         624
  C:330DH         LINE#         625
  C:330DH         LINE#         626
  C:3310H         LINE#         627
  C:3316H         LINE#         628
  C:331DH         LINE#         629
  -------         ENDPROC       USBXCORE_GET_CONFIGURATION
  -------         PROC          USBXCORE_SET_CONFIGURATION
  C:309FH         LINE#         635
  C:309FH         LINE#         637
  C:30A8H         LINE#         638
  C:30A8H         LINE#         639
  C:30AFH         LINE#         640
  C:30B5H         LINE#         641
  C:30BAH         LINE#         642
  C:30BCH         LINE#         644
  C:30C7H         LINE#         645
  C:30D2H         LINE#         646
  C:30DDH         LINE#         653
  C:30E8H         LINE#         654
  C:30EAH         LINE#         656
  C:30EAH         LINE#         657
  C:30F0H         LINE#         658
  C:30F4H         LINE#         659
  C:30F6H         LINE#         660
  C:30F6H         LINE#         661
  -------         ENDPROC       USBXCORE_SET_CONFIGURATION
  -------         PROC          USBXCORE_GET_INTERFACE
  C:34BBH         LINE#         668
  C:34BBH         LINE#         670
  C:34C9H         LINE#         671
  C:34D1H         LINE#         672
  C:34D4H         LINE#         673
  C:34DAH         LINE#         674
  C:34E1H         LINE#         675
  -------         ENDPROC       USBXCORE_GET_INTERFACE
  -------         PROC          USBXCORE_SET_SOP
  C:35D7H         LINE#         682
BL51 BANKED LINKER/LOCATER V6.22                                                      12/07/2018  15:48:18  PAGE 46


  C:35D7H         LINE#         684
  C:35DFH         LINE#         685
  C:35DFH         LINE#         686
  C:35EAH         LINE#         687
  C:35EAH         LINE#         688
  -------         ENDPROC       USBXCORE_SET_SOP
  -------         PROC          USBXCORE_USB_ISR
  C:187AH         LINE#         699
  C:1897H         LINE#         702
  C:189DH         LINE#         703
  C:18B0H         LINE#         706
  C:18C3H         LINE#         709
  C:18C7H         LINE#         710
  C:18C7H         LINE#         711
  C:18D2H         LINE#         712
  C:18D2H         LINE#         714
  C:18D9H         LINE#         715
  C:18D9H         LINE#         716
  C:18DCH         LINE#         717
  C:18DCH         LINE#         719
  C:18E3H         LINE#         720
  C:18E3H         LINE#         721
  C:18F0H         LINE#         722
  C:18F0H         LINE#         723
  C:18F7H         LINE#         724
  C:18F7H         LINE#         725
  C:18F7H         LINE#         727
  C:18F7H         LINE#         728
  C:18F7H         LINE#         730
  C:18F7H         LINE#         732
  C:190AH         LINE#         734
  C:190EH         LINE#         735
  C:190EH         LINE#         736
  C:1911H         LINE#         737
  C:1911H         LINE#         740
  C:1918H         LINE#         741
  C:1918H         LINE#         742
  C:1923H         LINE#         748
  C:1936H         LINE#         749
  C:193BH         LINE#         750
  C:193BH         LINE#         751
  C:1942H         LINE#         752
  C:1942H         LINE#         754
  C:1942H         LINE#         756
  C:1955H         LINE#         759
  C:1959H         LINE#         760
  C:1959H         LINE#         761
  C:1964H         LINE#         767
  C:1977H         LINE#         768
  C:197BH         LINE#         769
  C:197BH         LINE#         770
  C:1982H         LINE#         771
  C:1982H         LINE#         772
  C:1982H         LINE#         775
  C:1990H         LINE#         776
  C:1995H         LINE#         777
  C:199BH         LINE#         778
BL51 BANKED LINKER/LOCATER V6.22                                                      12/07/2018  15:48:18  PAGE 47


  C:19A0H         LINE#         781
  C:19ADH         LINE#         782
  C:19ADH         LINE#         783
  C:19B0H         LINE#         784
  C:19B0H         LINE#         785
  -------         ENDPROC       USBXCORE_USB_ISR
  -------         ENDMOD        USB_API

  -------         MODULE        USB_SUSPEND
  C:0000H         SYMBOL        _ICE_DUMMY_
  D:00D7H         PUBLIC        USB0XCN
  D:00C9H         PUBLIC        REG0CN
  C:3418H         PUBLIC        USB_Suspend
  D:00A9H         PUBLIC        CLKSEL
  D:00B2H         PUBLIC        OSCICN
  D:00B9H         PUBLIC        CLKMUL
  -------         PROC          USB_SUSPEND
  C:3418H         LINE#         70
  C:3418H         LINE#         72
  C:341BH         LINE#         74
  C:341EH         LINE#         76
  C:3426H         LINE#         79
  C:3429H         LINE#         80
  C:342CH         LINE#         81
  C:342FH         LINE#         82
  C:3432H         LINE#         84
  C:3433H         LINE#         86
  C:3436H         LINE#         88
  C:343CH         LINE#         92
  C:343FH         LINE#         94
  C:3442H         LINE#         95
  -------         ENDPROC       USB_SUSPEND
  -------         ENDMOD        USB_SUSPEND

  -------         MODULE        USB_INT_ENABLE
  C:0000H         SYMBOL        _ICE_DUMMY_
  C:35A8H         PUBLIC        USB_Int_Enable
  D:0096H         PUBLIC        USB0ADR
  D:0097H         PUBLIC        USB0DAT
  -------         PROC          USB_INT_ENABLE
  C:35A8H         LINE#         68
  C:35A8H         LINE#         71
  C:35AFH         LINE#         73
  C:35B5H         LINE#         74
  C:35B5H         LINE#         75
  C:35C0H         LINE#         77
  C:35C0H         LINE#         78
  -------         ENDPROC       USB_INT_ENABLE
  -------         ENDMOD        USB_INT_ENABLE

  -------         MODULE        USB_CLOCK_RECOVERY
  C:0000H         SYMBOL        _ICE_DUMMY_
  C:361DH         PUBLIC        USBXcore_ClkRec
  D:0096H         PUBLIC        USB0ADR
  D:0097H         PUBLIC        USB0DAT
  -------         PROC          USBXCORE_CLKREC
  C:361DH         LINE#         45
BL51 BANKED LINKER/LOCATER V6.22                                                      12/07/2018  15:48:18  PAGE 48


  C:361DH         LINE#         47
  C:3628H         LINE#         48
  -------         ENDPROC       USBXCORE_CLKREC
  -------         ENDMOD        USB_CLOCK_RECOVERY

  -------         MODULE        ?C?FPMUL
  C:0C2EH         PUBLIC        ?C?FPMUL
  -------         ENDMOD        ?C?FPMUL

  -------         MODULE        ?C?FCAST
  C:0D3EH         PUBLIC        ?C?FCASTC
  C:0D39H         PUBLIC        ?C?FCASTI
  C:0D34H         PUBLIC        ?C?FCASTL
  -------         ENDMOD        ?C?FCAST

  -------         MODULE        ?C?CASTF
  C:0D72H         PUBLIC        ?C?CASTF
  -------         ENDMOD        ?C?CASTF

  -------         MODULE        ?C?COPY
  C:0EC3H         PUBLIC        ?C?COPY
  -------         ENDMOD        ?C?COPY

  -------         MODULE        ?C?CLDPTR
  C:0EE9H         PUBLIC        ?C?CLDPTR
  -------         ENDMOD        ?C?CLDPTR

  -------         MODULE        ?C?CLDOPTR
  C:0F02H         PUBLIC        ?C?CLDOPTR
  -------         ENDMOD        ?C?CLDOPTR

  -------         MODULE        ?C?IMUL
  C:0F2FH         PUBLIC        ?C?IMUL
  -------         ENDMOD        ?C?IMUL

  -------         MODULE        ?C?IILDX
  C:0F41H         PUBLIC        ?C?IILDX
  -------         ENDMOD        ?C?IILDX

  -------         MODULE        ?C?LMUL
  C:0F57H         PUBLIC        ?C?LMUL
  -------         ENDMOD        ?C?LMUL

  -------         MODULE        ?C?ULDIV
  C:0FE2H         PUBLIC        ?C?ULDIV
  -------         ENDMOD        ?C?ULDIV

  -------         MODULE        ?C?LNEG
  C:1074H         PUBLIC        ?C?LNEG
  -------         ENDMOD        ?C?LNEG

  -------         MODULE        ?C?ULCMP
  C:1082H         PUBLIC        ?C?ULCMP
  -------         ENDMOD        ?C?ULCMP

  -------         MODULE        ?C?ULSHR
  C:1093H         PUBLIC        ?C?ULSHR
BL51 BANKED LINKER/LOCATER V6.22                                                      12/07/2018  15:48:18  PAGE 49


  -------         ENDMOD        ?C?ULSHR

  -------         MODULE        ?C?LSHL
  C:10A6H         PUBLIC        ?C?LSHL
  -------         ENDMOD        ?C?LSHL

  -------         MODULE        ?C?LLDIIDATA
  C:10C2H         PUBLIC        ?C?LLDIIDATA
  C:10B9H         PUBLIC        ?C?LLDIIDATA1
  C:10BBH         PUBLIC        ?C?LLDIIDATA8
  -------         ENDMOD        ?C?LLDIIDATA

  -------         MODULE        ?C?LSTXDATA
  C:10D9H         PUBLIC        ?C?LSTXDATA
  -------         ENDMOD        ?C?LSTXDATA

  -------         MODULE        ?C?LSTKXDATA
  C:10E5H         PUBLIC        ?C?LSTKXDATA
  -------         ENDMOD        ?C?LSTKXDATA

  -------         MODULE        ?C_IBP
  D:0078H         PUBLIC        ?C_IBP
  -------         ENDMOD        ?C_IBP

*** WARNING L16: UNCALLED SEGMENT, IGNORED FOR OVERLAY PROCESS
    SEGMENT: ?PR?SD_INIT?MMC_SD

*** WARNING L16: UNCALLED SEGMENT, IGNORED FOR OVERLAY PROCESS
    SEGMENT: ?PR?_DISPPICFROMSD?LCD

*** WARNING L16: UNCALLED SEGMENT, IGNORED FOR OVERLAY PROCESS
    SEGMENT: ?PR?DISPSCALEHOR1?LCD

*** WARNING L16: UNCALLED SEGMENT, IGNORED FOR OVERLAY PROCESS
    SEGMENT: ?PR?DISPSCALEVER?LCD

*** WARNING L16: UNCALLED SEGMENT, IGNORED FOR OVERLAY PROCESS
    SEGMENT: ?PR?DISPSCALEVER_RED?LCD

*** WARNING L16: UNCALLED SEGMENT, IGNORED FOR OVERLAY PROCESS
    SEGMENT: ?PR?DISPSCALEVER_GREEN?LCD

*** WARNING L16: UNCALLED SEGMENT, IGNORED FOR OVERLAY PROCESS
    SEGMENT: ?PR?DISPSCALEVER_BLUE?LCD

*** WARNING L16: UNCALLED SEGMENT, IGNORED FOR OVERLAY PROCESS
    SEGMENT: ?PR?DISPSCALEVER_GRAY?LCD

*** WARNING L16: UNCALLED SEGMENT, IGNORED FOR OVERLAY PROCESS
    SEGMENT: ?PR?DISPGRAYHOR32?LCD

*** WARNING L16: UNCALLED SEGMENT, IGNORED FOR OVERLAY PROCESS
    SEGMENT: ?PR?DISPSCALEHOR2?LCD

*** WARNING L16: UNCALLED SEGMENT, IGNORED FOR OVERLAY PROCESS
    SEGMENT: ?PR?_DISPREGVALUE?LCD

BL51 BANKED LINKER/LOCATER V6.22                                                      12/07/2018  15:48:18  PAGE 50


*** WARNING L16: UNCALLED SEGMENT, IGNORED FOR OVERLAY PROCESS
    SEGMENT: ?PR?_DRAWGIRD?LCD

Program Size: data=122.0 xdata=1095 code=13890
LINK/LOCATE RUN COMPLETE.  12 WARNING(S),  0 ERROR(S)
