BL51 BANKED LINKER/LOCATER V6.22                                                        10/10/2020  14:45:52  PAGE 1


BL51 BANKED LINKER/LOCATER V6.22, INVOKED BY:
C:\KEIL\C51\BIN\BL51.EXE main.obj, mmc_sd.obj, lcd.obj, tp.obj, .\USBX_F34X.LIB TO ILI9341V_HSD24_16BIT RAMSIZE (256)


MEMORY MODEL: COMPACT WITH FLOATING POINT ARITHMETIC


INPUT MODULES INCLUDED:
  main.obj (MAIN)
  mmc_sd.obj (MMC_SD)
  lcd.obj (LCD)
  tp.obj (TP)
  .\USBX_F34X.LIB (USB_API)
  .\USBX_F34X.LIB (USB_CLOCK_START)
  .\USBX_F34X.LIB (USB_SUSPEND)
  .\USBX_F34X.LIB (GET_INTERRUPT_SOURCE)
  .\USBX_F34X.LIB (BLOCK_READ)
  .\USBX_F34X.LIB (BLOCK_WRITE)
  .\USBX_F34X.LIB (USB_INT_ENABLE)
  .\USBX_F34X.LIB (USB_CLOCK_RECOVERY)
  .\USBX_F34X.LIB (USB_JUMP_ISR)
  C:\KEIL\C51\LIB\C51FPC.LIB (?C?FPMUL)
  C:\KEIL\C51\LIB\C51FPC.LIB (?C?FCAST)
  C:\KEIL\C51\LIB\C51FPC.LIB (?C?CASTF)
  C:\KEIL\C51\LIB\C51FPC.LIB (?C?FPGETOPN)
  C:\KEIL\C51\LIB\C51C.LIB (?C_STARTUP)
  C:\KEIL\C51\LIB\C51C.LIB (?C?COPY)
  C:\KEIL\C51\LIB\C51C.LIB (?C?CLDPTR)
  C:\KEIL\C51\LIB\C51C.LIB (?C?CLDOPTR)
  C:\KEIL\C51\LIB\C51C.LIB (?C?IMUL)
  C:\KEIL\C51\LIB\C51C.LIB (?C?IILDX)
  C:\KEIL\C51\LIB\C51C.LIB (?C?LMUL)
  C:\KEIL\C51\LIB\C51C.LIB (?C?ULDIV)
  C:\KEIL\C51\LIB\C51C.LIB (?C?LNEG)
  C:\KEIL\C51\LIB\C51C.LIB (?C?ULCMP)
  C:\KEIL\C51\LIB\C51C.LIB (?C?ULSHR)
  C:\KEIL\C51\LIB\C51C.LIB (?C?LSHL)
  C:\KEIL\C51\LIB\C51C.LIB (?C?LLDIPDATA)
  C:\KEIL\C51\LIB\C51C.LIB (?C?LSTXDATA)
  C:\KEIL\C51\LIB\C51C.LIB (?C?LSTPDATA)
  C:\KEIL\C51\LIB\C51C.LIB (?C?LSTKXDATA)
  C:\KEIL\C51\LIB\C51C.LIB (?C?LSTKPDATA)
  C:\KEIL\C51\LIB\C51C.LIB (?C_PBP)
  C:\KEIL\C51\LIB\C51C.LIB (?C_INIT)


LINK MAP OF MODULE:  ILI9341V_HSD24_16BIT (MAIN)


            TYPE    BASE      LENGTH    RELOCATION   SEGMENT NAME
            -----------------------------------------------------

            * * * * * * *   D A T A   M E M O R Y   * * * * * * *
            REG     0000H     0008H     ABSOLUTE     "REG BANK 0"
            DATA    0008H     0001H     UNIT         ?C?LIB_DATA
            IDATA   0009H     0001H     UNIT         ?STACK

            * * * * * * *  X D A T A   M E M O R Y  * * * * * * *
BL51 BANKED LINKER/LOCATER V6.22                                                      10/10/2020  14:45:52  PAGE 2


            XDATA   0000H     0010H     INPAGE       ?PD?MAIN
            XDATA   0010H     0004H     INPAGE       ?PD?_MMC_SD_READSINGLEBLOCK?MMC_SD
            XDATA   0014H     000DH     INPAGE       ?PD?_DISPPICFROMSD?LCD
            XDATA   0021H     0004H     INPAGE       ?PD?DISPSCALEHOR1?LCD
            XDATA   0025H     0004H     INPAGE       ?PD?DISPSCALEVER?LCD
            XDATA   0029H     0004H     INPAGE       ?PD?DISPSCALEVER_RED?LCD
            XDATA   002DH     0004H     INPAGE       ?PD?DISPSCALEVER_GREEN?LCD
            XDATA   0031H     0004H     INPAGE       ?PD?DISPSCALEVER_BLUE?LCD
            XDATA   0035H     0004H     INPAGE       ?PD?DISPSCALEVER_GRAY?LCD
            XDATA   0039H     0004H     INPAGE       ?PD?DISPGRAYHOR32?LCD
            XDATA   003DH     0002H     INPAGE       ?PD?DISPSCALEHOR2?LCD
            XDATA   003FH     000CH     INPAGE       ?PD?_DRAWLINE?LCD
            XDATA   004BH     0004H     INPAGE       ?PD?_DRAWGIRD?LCD
            XDATA   004FH     0002H     INPAGE       ?PD?LCD
            XDATA   0051H     0026H     INPAGE       _PDATA_GROUP_
            XDATA   0077H     0200H     UNIT         ?XD?MMC_SD
            XDATA   0277H     0058H     UNIT         _XDATA_GROUP_
            XDATA   02CFH     0040H     UNIT         ?XD?MAIN
                    030FH     0331H                  *** GAP ***
            XDATA   0640H     0100H     ABSOLUTE     
            XDATA   0740H     0012H     ABSOLUTE     
            XDATA   0752H     0020H     ABSOLUTE     
            XDATA   0772H     000CH     ABSOLUTE     
            XDATA   077EH     0008H     ABSOLUTE     
            XDATA   0786H     0001H     ABSOLUTE     
            XDATA   0787H     0003H     ABSOLUTE     
            XDATA   078AH     0002H     ABSOLUTE     
            XDATA   078CH     0002H     ABSOLUTE     
            XDATA   078EH     0003H     ABSOLUTE     
            XDATA   0791H     0001H     ABSOLUTE     
            XDATA   0792H     0001H     ABSOLUTE     
            XDATA   0793H     0001H     ABSOLUTE     
            XDATA   0794H     0001H     ABSOLUTE     
            XDATA   0795H     0002H     ABSOLUTE     
            XDATA   0797H     0002H     ABSOLUTE     
            XDATA   0799H     0001H     ABSOLUTE     
            XDATA   079AH     0001H     ABSOLUTE     
            XDATA   079BH     0001H     ABSOLUTE     
            XDATA   079CH     0001H     ABSOLUTE     
            XDATA   079DH     0001H     ABSOLUTE     
            XDATA   079EH     0001H     ABSOLUTE     
            XDATA   079FH     0002H     ABSOLUTE     
            XDATA   07A1H     0001H     ABSOLUTE     
            XDATA   07A2H     0001H     ABSOLUTE     
            XDATA   07A3H     000CH     ABSOLUTE     
                    07AFH     0011H                  *** GAP ***
            XDATA   07C0H     0040H     ABSOLUTE     

            * * * * * * *   C O D E   M E M O R Y   * * * * * * *
            CODE    0000H     0003H     ABSOLUTE     
            CODE    0003H     003AH     UNIT         ?CO?USB_API
            CODE    003DH     0003H     UNIT         ?PR?SUSPEND_DEVICE?MAIN
                    0040H     0003H                  *** GAP ***
            CODE    0043H     0003H     ABSOLUTE     
            CODE    0046H     0044H     UNIT         ?PR?_DISPCOLOR?LCD
                    008AH     0001H                  *** GAP ***
            CODE    008BH     0003H     ABSOLUTE     
BL51 BANKED LINKER/LOCATER V6.22                                                      10/10/2020  14:45:52  PAGE 3


            CODE    008EH     060CH     UNIT         ?PR?CONNTOUSB?MAIN
            CODE    069AH     0600H     UNIT         ?CO?LCD
            CODE    0C9AH     050DH     UNIT         ?C?LIB_CODE
            CODE    11A7H     0233H     UNIT         ?PR?USBXCORE_HANDLE_SETUP?USB_API
            CODE    13DAH     0232H     UNIT         ?PR?_LCD_READ_IC_ID?LCD
            CODE    160CH     0226H     UNIT         ?PR?DISPSCALEHOR1?LCD
            CODE    1832H     01BAH     UNIT         ?PR?DISPSCALEHOR2?LCD
            CODE    19ECH     01A0H     UNIT         ?PR?TP_DRAWLINE?TP
            CODE    1B8CH     018EH     UNIT         ?PR?DISPBAND?LCD
            CODE    1D1AH     0151H     UNIT         ?PR?USBXCORE_USB_ISR?USB_API
            CODE    1E6BH     013DH     UNIT         ?PR?USB_API_TEST_ISR?MAIN
            CODE    1FA8H     0137H     UNIT         ?PR?_USB_INIT?USB_API
            CODE    20DFH     0130H     UNIT         ?PR?LCD_INIT?LCD
            CODE    220FH     0128H     UNIT         ?PR?DISPSCALEVER?LCD
            CODE    2337H     011BH     UNIT         ?PR?_TP_GETPOSITION?TP
            CODE    2452H     0111H     UNIT         ?PR?_BLOCK_WRITE?BLOCK_WRITE
            CODE    2563H     00E9H     UNIT         ?PR?_DISPPICFROMSD?LCD
            CODE    264CH     00CDH     UNIT         ?PR?USBXCORE_VENDOR_USB_API?USB_API
            CODE    2719H     00CBH     UNIT         ?PR?_DISPONECHAR?LCD
            CODE    27E4H     00B7H     UNIT         ?PR?MMC_SD_RESET?MMC_SD
            CODE    289BH     00B3H     UNIT         ?PR?_DISPINT?LCD
            CODE    294EH     00B2H     UNIT         ?PR?USBXCORE_GET_DESCRIPTOR?USB_API
            CODE    2A00H     00AFH     UNIT         ?PR?_BLOCK_READ?BLOCK_READ
            CODE    2AAFH     00A4H     UNIT         ?PR?DISPFRAME?LCD
            CODE    2B53H     00A0H     UNIT         ?PR?DISPSCALEVER_GREEN?LCD
            CODE    2BF3H     009BH     UNIT         ?PR?DISPGRAYHOR16?LCD
            CODE    2C8EH     0099H     UNIT         ?PR?_?BLOCKWRITE?LCD
            CODE    2D27H     0096H     UNIT         ?PR?_DISPSTR?LCD
            CODE    2DBDH     0091H     UNIT         ?PR?DISPSCALEVER_RED?LCD
            CODE    2E4EH     0091H     UNIT         ?PR?DISPSCALEVER_GRAY?LCD
            CODE    2EDFH     0090H     UNIT         ?PR?_DRAWGIRD?LCD
            CODE    2F6FH     008CH     UNIT         ?C_C51STARTUP
            CODE    2FFBH     0086H     UNIT         ?PR?DISPSCALEVER_BLUE?LCD
            CODE    3081H     0086H     UNIT         ?PR?_DRAWLINE?LCD
            CODE    3107H     007DH     UNIT         ?PR?_MMC_SD_WRITESINGLEBLOCK?MMC_SD
            CODE    3184H     0076H     UNIT         ?PR?DISPGRAYHOR32?LCD
            CODE    31FAH     0075H     UNIT         ?PR?_MMC_SD_SENDCOMMAND?MMC_SD
            CODE    326FH     0073H     UNIT         ?PR?TP_READ?TP
            CODE    32E2H     0073H     UNIT         ?PR?USBXCORE_GET_STATUS?USB_API
            CODE    3355H     006CH     UNIT         ?PR?DEVICES_INIT?MAIN
            CODE    33C1H     0064H     UNIT         ?PR?_MMC_SD_READSINGLEBLOCK?MMC_SD
            CODE    3425H     005BH     UNIT         ?PR?_TOORD?LCD
            CODE    3480H     005AH     UNIT         ?PR?USBXCORE_SET_CONFIGURATION?USB_API
            CODE    34DAH     0058H     UNIT         ?PR?USBXCORE_CLEAR_FEATURE?USB_API
            CODE    3532H     0057H     UNIT         ?PR?USBXCORE_SET_FEATURE?USB_API
            CODE    3589H     0055H     UNIT         ?PR?_STOPDELAY?MAIN
            CODE    35DEH     0052H     UNIT         ?PR?_PUTPIXEL?LCD
            CODE    3630H     0050H     UNIT         ?CO?MAIN
            CODE    3680H     0049H     UNIT         ?PR?MAIN?MAIN
            CODE    36C9H     0047H     UNIT         ?PR?USBXCORE_GET_CONFIGURATION?USB_API
            CODE    3710H     0043H     UNIT         ?PR?MCU_INIT?MAIN
            CODE    3753H     0038H     UNIT         ?PR?USB_CLOCK_START?USB_CLOCK_START
            CODE    378BH     002DH     UNIT         ?C_INITSEG
            CODE    37B8H     002BH     UNIT         ?PR?USB_SUSPEND?USB_SUSPEND
            CODE    37E3H     0028H     UNIT         ?PR?_WRITEDISPDATA?LCD
            CODE    380BH     0027H     UNIT         ?PR?USBXCORE_USB_RESET?USB_API
            CODE    3832H     0027H     UNIT         ?PR?USBXCORE_GET_INTERFACE?USB_API
BL51 BANKED LINKER/LOCATER V6.22                                                      10/10/2020  14:45:52  PAGE 4


            CODE    3859H     0026H     UNIT         ?PR?_TP_WRITE?TP
            CODE    387FH     0022H     UNIT         ?PR?USBXCORE_JUMP_ISR?USB_JUMP_ISR
            CODE    38A1H     0020H     UNIT         ?PR?USBXCORE_SET_ADDRESS?USB_API
            CODE    38C1H     001FH     UNIT         ?PR?_DELAY?MAIN
            CODE    38E0H     001FH     UNIT         ?PR?_WRITEDATA?LCD
            CODE    38FFH     001DH     UNIT         ?PR?USBXCORE_FORCE_STALL?USB_API
            CODE    391CH     001BH     UNIT         ?PR?_WRITECOMM?LCD
            CODE    3937H     0019H     UNIT         ?PR?USB_INT_ENABLE?USB_INT_ENABLE
            CODE    3950H     0016H     UNIT         ?PR?_SPI_WRITEBYTE?MMC_SD
            CODE    3966H     0016H     UNIT         ?PR?READDATA?LCD
            CODE    397CH     0014H     UNIT         ?PR?USBXCORE_SET_SOP?USB_API
            CODE    3990H     0013H     UNIT         ?PR?WAITKEY?MAIN
            CODE    39A3H     0011H     UNIT         ?PR?SD_INIT?MMC_SD
            CODE    39B4H     000EH     UNIT         ?PR?GET_INTERRUPT_SOURCE?GET_INTERRUPT_SOURCE
            CODE    39C2H     000CH     UNIT         ?PR?USBXCORE_CLKREC?USB_CLOCK_RECOVERY
            CODE    39CEH     000BH     UNIT         ?PR?SPI_READBYTE?MMC_SD
            CODE    39D9H     0009H     UNIT         ?PR?_WRITEONEDOT?LCD



OVERLAY MAP OF MODULE:   ILI9341V_HSD24_16BIT (MAIN)


SEGMENT                                            PDATA_GROUP         XDATA_GROUP
  +--> CALLED SEGMENT                            START    LENGTH     START    LENGTH
------------------------------------------------------------------------------------
?PR?USB_API_TEST_ISR?MAIN                        0051H    0001H      -----    -----
  +--> ?PR?GET_INTERRUPT_SOURCE?GET_INTERRUP...
  +--> ?PR?_BLOCK_READ?BLOCK_READ
  +--> ?PR?SUSPEND_DEVICE?MAIN
  +--> ?PR?MCU_INIT?MAIN
  +--> ?PR?_?BLOCKWRITE?LCD

?PR?SUSPEND_DEVICE?MAIN                          -----    -----      -----    -----
  +--> ?PR?USB_SUSPEND?USB_SUSPEND

?PR?USB_SUSPEND?USB_SUSPEND                      -----    -----      -----    -----
  +--> ?PR?USB_CLOCK_START?USB_CLOCK_START

?PR?_?BLOCKWRITE?LCD                             -----    -----      -----    -----
  +--> ?PR?_WRITECOMM?LCD
  +--> ?PR?_WRITEDATA?LCD

?PR?_WRITECOMM?LCD                               0075H    0002H      -----    -----

?PR?_WRITEDATA?LCD                               0075H    0002H      -----    -----

*** NEW ROOT ***************************************************

?PR?USBXCORE_USB_ISR?USB_API                     -----    -----      -----    -----
  +--> ?PR?USBXCORE_USB_RESET?USB_API
  +--> ?PR?USBXCORE_HANDLE_SETUP?USB_API
  +--> ?PR?USBXCORE_JUMP_ISR?USB_JUMP_ISR

?PR?USBXCORE_HANDLE_SETUP?USB_API                -----    -----      -----    -----
  +--> ?PR?USBXCORE_GET_STATUS?USB_API
  +--> ?PR?USBXCORE_CLEAR_FEATURE?USB_API
BL51 BANKED LINKER/LOCATER V6.22                                                      10/10/2020  14:45:52  PAGE 5


  +--> ?PR?USBXCORE_VENDOR_USB_API?USB_API
  +--> ?PR?USBXCORE_SET_FEATURE?USB_API
  +--> ?PR?USBXCORE_SET_ADDRESS?USB_API
  +--> ?PR?USBXCORE_GET_DESCRIPTOR?USB_API
  +--> ?PR?USBXCORE_GET_CONFIGURATION?USB_API
  +--> ?PR?USBXCORE_SET_CONFIGURATION?USB_API
  +--> ?PR?USBXCORE_GET_INTERFACE?USB_API
  +--> ?PR?USBXCORE_SET_SOP?USB_API
  +--> ?PR?USBXCORE_FORCE_STALL?USB_API

?PR?USBXCORE_GET_STATUS?USB_API                  -----    -----      -----    -----
  +--> ?CO?USB_API
  +--> ?PR?USBXCORE_FORCE_STALL?USB_API
  +--> ?PR?USBXCORE_SET_SOP?USB_API

?PR?USBXCORE_CLEAR_FEATURE?USB_API               -----    -----      -----    -----
  +--> ?PR?USBXCORE_FORCE_STALL?USB_API
  +--> ?PR?USBXCORE_SET_SOP?USB_API

?PR?USBXCORE_VENDOR_USB_API?USB_API              -----    -----      -----    -----
  +--> ?PR?USBXCORE_SET_SOP?USB_API

?PR?USBXCORE_SET_FEATURE?USB_API                 -----    -----      -----    -----
  +--> ?PR?USBXCORE_FORCE_STALL?USB_API
  +--> ?PR?USBXCORE_SET_SOP?USB_API

?PR?USBXCORE_SET_ADDRESS?USB_API                 -----    -----      -----    -----
  +--> ?PR?USBXCORE_SET_SOP?USB_API

?PR?USBXCORE_GET_DESCRIPTOR?USB_API              -----    -----      -----    -----
  +--> ?PR?USBXCORE_FORCE_STALL?USB_API
  +--> ?PR?USBXCORE_SET_SOP?USB_API

?PR?USBXCORE_GET_CONFIGURATION?USB_API           -----    -----      -----    -----
  +--> ?CO?USB_API
  +--> ?PR?USBXCORE_SET_SOP?USB_API

?PR?USBXCORE_SET_CONFIGURATION?USB_API           -----    -----      -----    -----
  +--> ?PR?USBXCORE_SET_SOP?USB_API

?PR?USBXCORE_GET_INTERFACE?USB_API               -----    -----      -----    -----
  +--> ?CO?USB_API
  +--> ?PR?USBXCORE_SET_SOP?USB_API

*** NEW ROOT ***************************************************

?C_C51STARTUP                                    -----    -----      -----    -----
  +--> ?PR?MAIN?MAIN
  +--> ?C_INITSEG

?PR?MAIN?MAIN                                    -----    -----      -----    -----
  +--> ?PR?DEVICES_INIT?MAIN
  +--> ?PR?DISPFRAME?LCD
  +--> ?PR?_STOPDELAY?MAIN
  +--> ?PR?_DISPCOLOR?LCD
  +--> ?PR?DISPBAND?LCD
  +--> ?PR?DISPGRAYHOR16?LCD
BL51 BANKED LINKER/LOCATER V6.22                                                      10/10/2020  14:45:52  PAGE 6


  +--> ?PR?TP_DRAWLINE?TP

?PR?DEVICES_INIT?MAIN                            -----    -----      -----    -----
  +--> ?PR?MCU_INIT?MAIN
  +--> ?PR?USB_CLOCK_START?USB_CLOCK_START
  +--> ?CO?MAIN
  +--> ?PR?_USB_INIT?USB_API
  +--> ?PR?USB_INT_ENABLE?USB_INT_ENABLE
  +--> ?PR?LCD_INIT?LCD

?PR?_USB_INIT?USB_API                            -----    -----      0277H    0011H
  +--> ?CO?USB_API
  +--> ?PR?USBXCORE_CLKREC?USB_CLOCK_RECOVERY

?PR?LCD_INIT?LCD                                 -----    -----      -----    -----
  +--> ?PR?READDATA?LCD
  +--> ?PR?_DELAY?MAIN
  +--> ?PR?_WRITECOMM?LCD
  +--> ?PR?_WRITEDATA?LCD

?PR?READDATA?LCD                                 -----    -----      -----    -----
  +--> ?PR?_LCD_READ_IC_ID?LCD

?PR?_LCD_READ_IC_ID?LCD                          005DH    0008H      -----    -----

?PR?DISPFRAME?LCD                                0054H    0002H      -----    -----
  +--> ?PR?_?BLOCKWRITE?LCD
  +--> ?PR?_WRITEDISPDATA?LCD

?PR?_WRITEDISPDATA?LCD                           0075H    0001H      -----    -----

?PR?_STOPDELAY?MAIN                              0054H    0004H      -----    -----
  +--> ?PR?WAITKEY?MAIN
  +--> ?PR?_DELAY?MAIN

?PR?WAITKEY?MAIN                                 -----    -----      -----    -----
  +--> ?PR?CONNTOUSB?MAIN
  +--> ?PR?_DELAY?MAIN

?PR?CONNTOUSB?MAIN                               0058H    0005H      0277H    0058H
  +--> ?CO?MAIN
  +--> ?PR?_WRITECOMM?LCD
  +--> ?PR?_WRITEDATA?LCD
  +--> ?PR?_DISPSTR?LCD
  +--> ?PR?_DISPINT?LCD
  +--> ?PR?_WRITEDISPDATA?LCD
  +--> ?PR?_MMC_SD_WRITESINGLEBLOCK?MMC_SD
  +--> ?PR?_BLOCK_WRITE?BLOCK_WRITE
  +--> ?PR?READDATA?LCD
  +--> ?PR?_DELAY?MAIN

?PR?_DISPSTR?LCD                                 005DH    000BH      -----    -----
  +--> ?PR?_TOORD?LCD
  +--> ?PR?_DISPONECHAR?LCD

?PR?_DISPONECHAR?LCD                             0068H    000DH      -----    -----
  +--> ?PR?_?BLOCKWRITE?LCD
BL51 BANKED LINKER/LOCATER V6.22                                                      10/10/2020  14:45:52  PAGE 7


  +--> ?CO?LCD
  +--> ?PR?_WRITEONEDOT?LCD

?PR?_WRITEONEDOT?LCD                             -----    -----      -----    -----
  +--> ?PR?_WRITEDISPDATA?LCD

?PR?_DISPINT?LCD                                 005DH    000AH      -----    -----
  +--> ?PR?_DISPONECHAR?LCD

?PR?_MMC_SD_WRITESINGLEBLOCK?MMC_SD              005DH    0004H      -----    -----
  +--> ?PR?_MMC_SD_SENDCOMMAND?MMC_SD
  +--> ?PR?_SPI_WRITEBYTE?MMC_SD

?PR?_MMC_SD_SENDCOMMAND?MMC_SD                   0061H    0005H      -----    -----
  +--> ?PR?_SPI_WRITEBYTE?MMC_SD

?PR?_DISPCOLOR?LCD                               0054H    0004H      -----    -----
  +--> ?PR?_?BLOCKWRITE?LCD
  +--> ?PR?_WRITEDISPDATA?LCD

?PR?DISPBAND?LCD                                 0054H    0005H      -----    -----
  +--> ?PR?_?BLOCKWRITE?LCD
  +--> ?PR?_WRITEDISPDATA?LCD

?PR?DISPGRAYHOR16?LCD                            0054H    0004H      -----    -----
  +--> ?PR?_?BLOCKWRITE?LCD
  +--> ?PR?_WRITEDISPDATA?LCD

?PR?TP_DRAWLINE?TP                               -----    -----      0277H    0018H
  +--> ?PR?_DISPCOLOR?LCD
  +--> ?PR?_DELAY?MAIN
  +--> ?PR?_TP_GETPOSITION?TP
  +--> ?PR?_PUTPIXEL?LCD

?PR?_TP_GETPOSITION?TP                           -----    -----      028FH    001BH
  +--> ?PR?_TP_WRITE?TP
  +--> ?PR?TP_READ?TP

?PR?_TP_WRITE?TP                                 -----    -----      02AAH    0001H

?PR?TP_READ?TP                                   -----    -----      02AAH    0005H

?PR?_PUTPIXEL?LCD                                0054H    0002H      -----    -----
  +--> ?PR?_?BLOCKWRITE?LCD
  +--> ?PR?_WRITEDISPDATA?LCD



SYMBOL TABLE OF MODULE:  ILI9341V_HSD24_16BIT (MAIN)

  VALUE           TYPE          NAME
  ----------------------------------

  -------         MODULE        MAIN
  C:0000H         SYMBOL        _ICE_DUMMY_
  D:0080H         PUBLIC        P0
  X:0000H         PUBLIC        f_down
BL51 BANKED LINKER/LOCATER V6.22                                                      10/10/2020  14:45:52  PAGE 8


  D:0090H         PUBLIC        P1
  D:00A0H         PUBLIC        P2
  D:00B0H         PUBLIC        P3
  C:367BH         PUBLIC        USB_MaxPower
  B:00B0H.6       PUBLIC        KEY_STEP
  D:00A4H         PUBLIC        P0MDOUT
  D:00A5H         PUBLIC        P1MDOUT
  D:00A6H         PUBLIC        P2MDOUT
  D:00A7H         PUBLIC        P3MDOUT
  D:00AEH         PUBLIC        P4MDOUT
  B:0080H.6       PUBLIC        OE
  D:00D9H         PUBLIC        PCA0MD
  C:1E6BH         PUBLIC        USB_API_TEST_ISR
  C:003DH         PUBLIC        Suspend_Device
  C:358DH         PUBLIC        _StopDelay
  D:00E1H         PUBLIC        XBR0
  D:00E2H         PUBLIC        XBR1
  B:00B0H.1       PUBLIC        RS
  C:3680H         PUBLIC        main
  X:0001H         PUBLIC        VerifyCode0
  X:0002H         PUBLIC        VerifyCode1
  C:3645H         PUBLIC        USB_PID
  X:0003H         PUBLIC        VerifyCode2
  D:00F1H         PUBLIC        P0MDIN
  D:00F2H         PUBLIC        P1MDIN
  C:3647H         PUBLIC        USB_MfrStr
  D:00F4H         PUBLIC        P3MDIN
  C:3643H         PUBLIC        USB_VID
  D:00F8H         PUBLIC        SPI0CN
  X:0004H         PUBLIC        pic
  C:3355H         PUBLIC        Devices_Init
  C:008EH         PUBLIC        ConnToUSB
  D:00A9H         PUBLIC        CLKSEL
  D:00B2H         PUBLIC        OSCICN
  C:367CH         PUBLIC        USB_PwAttributes
  C:3990H         PUBLIC        WaitKey
  C:367FH         SYMBOL        _?ix1000
  B:00B0H.0       PUBLIC        CS0
  X:0005H         PUBLIC        bf
  C:367DH         PUBLIC        USB_bcdDevice
  D:00B9H         PUBLIC        CLKMUL
  X:0007H         PUBLIC        f_debug
  X:0008H         PUBLIC        sd
  X:02CFH         PUBLIC        Packet
  C:3710H         PUBLIC        MCU_Init
  B:0080H.7       PUBLIC        DIR
  D:00EFH         PUBLIC        RSTSRC
  X:000CH         PUBLIC        f_read
  C:3671H         PUBLIC        USB_SerialStr
  X:000DH         PUBLIC        f_other
  C:3661H         PUBLIC        USB_ProductStr
  X:000EH         PUBLIC        f_para
  D:00A1H         PUBLIC        SPI0CFG
  C:38C1H         PUBLIC        _Delay
  B:00B0H.7       PUBLIC        KEY_Stop
  X:000FH         PUBLIC        f_init
  -------         PROC          MAIN
BL51 BANKED LINKER/LOCATER V6.22                                                      10/10/2020  14:45:52  PAGE 9


  C:3680H         LINE#         40
  C:3680H         LINE#         41
  C:3680H         LINE#         46
  C:3683H         LINE#         48
  C:3686H         LINE#         49
  C:3686H         LINE#         67
  C:3690H         LINE#         69
  C:369AH         LINE#         70
  C:36A4H         LINE#         71
  C:36AEH         LINE#         72
  C:36B4H         LINE#         73
  C:36BAH         LINE#         74
  C:36C3H         LINE#         80
  C:36C6H         LINE#         82
  C:36C8H         LINE#         83
  -------         ENDPROC       MAIN
  -------         PROC          _DELAY
  D:0006H         SYMBOL        dly
  -------         DO            
  D:0004H         SYMBOL        i
  D:0002H         SYMBOL        j
  -------         ENDDO         
  C:38C1H         LINE#         86
  C:38C1H         LINE#         87
  C:38C1H         LINE#         90
  C:38CBH         LINE#         91
  C:38DFH         LINE#         92
  -------         ENDPROC       _DELAY
  C:3589H         SYMBOL        L?0133
  -------         PROC          L?0132
  -------         ENDPROC       L?0132
  C:3589H         SYMBOL        L?0133
  -------         PROC          _STOPDELAY
  X:0054H         SYMBOL        sdly
  -------         DO            
  D:0006H         SYMBOL        i
  D:0004H         SYMBOL        j
  X:0056H         SYMBOL        k
  -------         ENDDO         
  C:358DH         LINE#         94
  C:3594H         LINE#         95
  C:3594H         LINE#         97
  C:3599H         LINE#         98
  C:3599H         LINE#         99
  C:359CH         LINE#         100
  C:359CH         LINE#         101
  C:35A9H         LINE#         102
  C:35BDH         LINE#         103
  C:35BDH         LINE#         105
  C:35BDH         LINE#         106
  C:35C7H         LINE#         107
  C:35C7H         LINE#         108
  C:35DDH         LINE#         109
  -------         ENDPROC       _STOPDELAY
  -------         PROC          WAITKEY
  C:3990H         LINE#         138
  C:3990H         LINE#         139
BL51 BANKED LINKER/LOCATER V6.22                                                      10/10/2020  14:45:52  PAGE 10


  C:3990H         LINE#         141
  C:3993H         LINE#         142
  C:3993H         LINE#         144
  C:3996H         LINE#         146
  C:3998H         LINE#         147
  C:399FH         LINE#         148
  C:39A2H         LINE#         150
  -------         ENDPROC       WAITKEY
  -------         PROC          CONNTOUSB
  -------         DO            
  X:0058H         SYMBOL        i
  X:0277H         SYMBOL        reg_data
  X:028FH         SYMBOL        para_data
  D:0007H         SYMBOL        dat
  X:0059H         SYMBOL        reg_index
  X:005BH         SYMBOL        data_num
  X:005CH         SYMBOL        st
  -------         ENDDO         
  C:008EH         LINE#         155
  C:008EH         LINE#         156
  C:008EH         LINE#         163
  C:00A1H         LINE#         165
  C:00A9H         LINE#         166
  C:00A9H         LINE#         167
  C:00B7H         LINE#         168
  C:00B7H         LINE#         169
  C:00C8H         LINE#         170
  C:00C8H         LINE#         171
  C:00EEH         LINE#         172
  C:00F0H         LINE#         173
  C:0104H         LINE#         174
  C:0104H         LINE#         175
  C:012AH         LINE#         177
  C:012AH         LINE#         178
  C:012AH         LINE#         179
  C:012AH         LINE#         181
  C:012AH         LINE#         182
  C:0132H         LINE#         183
  C:013CH         LINE#         184
  C:0146H         LINE#         186
  C:0162H         LINE#         188
  C:016CH         LINE#         189
  C:016CH         LINE#         190
  C:017DH         LINE#         191
  C:017DH         LINE#         192
  C:018EH         LINE#         193
  C:018EH         LINE#         194
  C:01E1H         LINE#         195
  C:01E3H         LINE#         196
  C:01F9H         LINE#         197
  C:01F9H         LINE#         198
  C:024BH         LINE#         199
  C:024BH         LINE#         200
  C:024BH         LINE#         201
  C:024BH         LINE#         203
  C:024BH         LINE#         204
  C:0253H         LINE#         205
BL51 BANKED LINKER/LOCATER V6.22                                                      10/10/2020  14:45:52  PAGE 11


  C:0253H         LINE#         206
  C:025DH         LINE#         207
  C:0267H         LINE#         209
  C:026BH         LINE#         210
  C:026EH         LINE#         214
  C:0276H         LINE#         215
  C:0276H         LINE#         216
  C:0285H         LINE#         217
  C:0285H         LINE#         218
  C:0287H         LINE#         220
  C:0289H         LINE#         221
  C:02A5H         LINE#         222
  C:02A7H         LINE#         224
  C:02D0H         LINE#         225
  C:02F4H         LINE#         226
  C:02FEH         LINE#         227
  C:02FEH         LINE#         228
  C:0306H         LINE#         229
  C:030DH         LINE#         230
  C:0318H         LINE#         231
  C:031EH         LINE#         232
  C:031EH         LINE#         233
  C:0327H         LINE#         235
  C:032BH         LINE#         236
  C:0337H         LINE#         237
  C:033AH         LINE#         240
  C:0342H         LINE#         241
  C:0342H         LINE#         242
  C:034BH         LINE#         243
  C:034BH         LINE#         244
  C:035BH         LINE#         245
  C:035BH         LINE#         246
  C:035DH         LINE#         248
  C:035FH         LINE#         249
  C:037BH         LINE#         250
  C:037DH         LINE#         252
  C:03A6H         LINE#         253
  C:03CAH         LINE#         255
  C:03D4H         LINE#         256
  C:03D4H         LINE#         257
  C:03DCH         LINE#         258
  C:03E3H         LINE#         259
  C:03EEH         LINE#         260
  C:03F4H         LINE#         261
  C:03F4H         LINE#         263
  C:03FDH         LINE#         269
  C:03FDH         LINE#         270
  C:040AH         LINE#         271
  C:040AH         LINE#         272
  C:040CH         LINE#         274
  C:040EH         LINE#         275
  C:042AH         LINE#         276
  C:042CH         LINE#         278
  C:0434H         LINE#         279
  C:0438H         LINE#         280
  C:0444H         LINE#         281
  C:0444H         LINE#         282
BL51 BANKED LINKER/LOCATER V6.22                                                      10/10/2020  14:45:52  PAGE 12


  C:0447H         LINE#         285
  C:044FH         LINE#         286
  C:044FH         LINE#         287
  C:0460H         LINE#         288
  C:0460H         LINE#         289
  C:046DH         LINE#         290
  C:046DH         LINE#         291
  C:048BH         LINE#         292
  C:048DH         LINE#         293
  C:049DH         LINE#         294
  C:049DH         LINE#         295
  C:04BBH         LINE#         296
  C:04BDH         LINE#         297
  C:04CEH         LINE#         298
  C:04CEH         LINE#         299
  C:04D8H         LINE#         300
  C:04E2H         LINE#         301
  C:04E2H         LINE#         302
  C:04E2H         LINE#         303
  C:04E2H         LINE#         305
  C:04E2H         LINE#         306
  C:04EBH         LINE#         307
  C:04EFH         LINE#         308
  C:04FBH         LINE#         309
  C:04FEH         LINE#         312
  C:0506H         LINE#         313
  C:0506H         LINE#         314
  C:0513H         LINE#         315
  C:0524H         LINE#         317
  C:052DH         LINE#         318
  C:053CH         LINE#         320
  C:0544H         LINE#         321
  C:0544H         LINE#         322
  C:054DH         LINE#         323
  C:055CH         LINE#         324
  C:055CH         LINE#         325
  C:055FH         LINE#         326
  C:056EH         LINE#         327
  C:057AH         LINE#         328
  C:0580H         LINE#         329
  C:0580H         LINE#         331
  C:0584H         LINE#         332
  C:0593H         LINE#         334
  C:059AH         LINE#         335
  C:05B6H         LINE#         336
  C:05C0H         LINE#         337
  C:05C0H         LINE#         338
  C:05E6H         LINE#         339
  C:05F9H         LINE#         340
  C:05F9H         LINE#         341
  C:064BH         LINE#         342
  C:0653H         LINE#         343
  C:0653H         LINE#         344
  C:0653H         LINE#         347
  C:0658H         LINE#         348
  C:0658H         LINE#         349
  C:0665H         LINE#         350
BL51 BANKED LINKER/LOCATER V6.22                                                      10/10/2020  14:45:52  PAGE 13


  C:0676H         LINE#         352
  C:067CH         LINE#         353
  C:0680H         LINE#         354
  C:0683H         LINE#         355
  C:0687H         LINE#         357
  C:068BH         LINE#         358
  C:0697H         LINE#         359
  C:0699H         LINE#         360
  -------         ENDPROC       CONNTOUSB
  -------         PROC          MCU_INIT
  -------         DO            
  D:0007H         SYMBOL        n
  -------         ENDDO         
  C:3710H         LINE#         363
  C:3710H         LINE#         364
  C:3710H         LINE#         366
  C:3713H         LINE#         369
  C:3716H         LINE#         370
  C:3719H         LINE#         372
  C:371CH         LINE#         374
  C:3722H         LINE#         376
  C:3725H         LINE#         377
  C:372AH         LINE#         378
  C:372DH         LINE#         380
  C:3730H         LINE#         383
  C:3733H         LINE#         384
  C:3736H         LINE#         386
  C:3739H         LINE#         387
  C:373CH         LINE#         389
  C:373FH         LINE#         390
  C:3742H         LINE#         392
  C:3745H         LINE#         393
  C:3748H         LINE#         394
  C:374AH         LINE#         395
  C:374CH         LINE#         397
  C:374FH         LINE#         398
  C:3752H         LINE#         400
  -------         ENDPROC       MCU_INIT
  -------         PROC          DEVICES_INIT
  C:3355H         LINE#         402
  C:3355H         LINE#         403
  C:3355H         LINE#         405
  C:3358H         LINE#         408
  C:335BH         LINE#         409
  C:33B5H         LINE#         410
  C:33B8H         LINE#         413
  C:33BBH         LINE#         414
  C:33BEH         LINE#         422
  -------         ENDPROC       DEVICES_INIT
  -------         PROC          SUSPEND_DEVICE
  C:003DH         LINE#         426
  C:003DH         LINE#         427
  C:003DH         LINE#         428
  -------         ENDPROC       SUSPEND_DEVICE
  -------         PROC          USB_API_TEST_ISR
  -------         DO            
  X:0051H         SYMBOL        INTVAL
BL51 BANKED LINKER/LOCATER V6.22                                                      10/10/2020  14:45:52  PAGE 14


  -------         ENDDO         
  C:1E6BH         LINE#         432
  C:1E88H         LINE#         434
  C:1E8FH         LINE#         436
  C:1E95H         LINE#         437
  C:1E95H         LINE#         438
  C:1EA0H         LINE#         440
  C:1EBCH         LINE#         441
  C:1EBCH         LINE#         442
  C:1EBEH         LINE#         443
  C:1EC0H         LINE#         444
  C:1ED6H         LINE#         445
  C:1ED6H         LINE#         446
  C:1ED8H         LINE#         447
  C:1EDAH         LINE#         448
  C:1EF2H         LINE#         449
  C:1EF2H         LINE#         450
  C:1EF4H         LINE#         451
  C:1EF6H         LINE#         452
  C:1F10H         LINE#         453
  C:1F10H         LINE#         454
  C:1F12H         LINE#         455
  C:1F14H         LINE#         456
  C:1F29H         LINE#         457
  C:1F29H         LINE#         458
  C:1F2BH         LINE#         459
  C:1F2DH         LINE#         461
  C:1F2DH         LINE#         462
  C:1F32H         LINE#         463
  C:1F32H         LINE#         464
  C:1F32H         LINE#         466
  C:1F32H         LINE#         467
  C:1F32H         LINE#         469
  C:1F32H         LINE#         471
  C:1F38H         LINE#         472
  C:1F38H         LINE#         473
  C:1F3BH         LINE#         474
  C:1F3BH         LINE#         476
  C:1F41H         LINE#         477
  C:1F41H         LINE#         478
  C:1F44H         LINE#         479
  C:1F44H         LINE#         481
  C:1F4AH         LINE#         482
  C:1F4AH         LINE#         483
  C:1F66H         LINE#         484
  C:1F66H         LINE#         486
  C:1F6CH         LINE#         487
  C:1F6CH         LINE#         488
  C:1F71H         LINE#         489
  C:1F8DH         LINE#         490
  C:1F8DH         LINE#         491
  -------         ENDPROC       USB_API_TEST_ISR
  -------         ENDMOD        MAIN

  -------         MODULE        MMC_SD
  C:0000H         SYMBOL        _ICE_DUMMY_
  D:00A2H         PUBLIC        SPI0CKR
BL51 BANKED LINKER/LOCATER V6.22                                                      10/10/2020  14:45:52  PAGE 15


  D:0080H         PUBLIC        P0
  D:0090H         PUBLIC        P1
  D:00A0H         PUBLIC        P2
  D:00B0H         PUBLIC        P3
  C:31FAH         PUBLIC        _MMC_SD_SendCommand
  C:33C1H         PUBLIC        _MMC_SD_ReadSingleBlock
  C:39A3H         PUBLIC        SD_Init
  C:3107H         PUBLIC        _MMC_SD_WriteSingleBlock
  B:00F8H.7       PUBLIC        SPIF
  B:00F8H.2       PUBLIC        NSSMD0
  C:27E4H         PUBLIC        MMC_SD_Reset
  D:00A9H         PUBLIC        CLKSEL
  C:39CEH         PUBLIC        SPI_ReadByte
  C:395CH         PUBLIC        _SPI_WriteByte
  D:00A3H         PUBLIC        SPI0DAT
  X:0077H         PUBLIC        buffer
  C:3950H         SYMBOL        L?0062
  C:3955H         SYMBOL        L?0063
  -------         PROC          L?0061
  -------         ENDPROC       L?0061
  C:3950H         SYMBOL        L?0062
  C:3955H         SYMBOL        L?0063
  -------         PROC          _SPI_WRITEBYTE
  D:0007H         SYMBOL        val
  -------         DO            
  D:0007H         SYMBOL        ret
  -------         ENDDO         
  C:395CH         LINE#         7
  C:395CH         LINE#         8
  C:395CH         LINE#         11
  C:395EH         LINE#         12
  C:3961H         LINE#         13
  C:3963H         LINE#         14
  C:3965H         LINE#         15
  C:3965H         LINE#         16
  -------         ENDPROC       _SPI_WRITEBYTE
  -------         PROC          SPI_READBYTE
  -------         DO            
  D:0007H         SYMBOL        ret
  -------         ENDDO         
  C:39CEH         LINE#         18
  C:39CEH         LINE#         19
  C:39CEH         LINE#         22
  C:39D1H         LINE#         23
  C:39D4H         LINE#         24
  C:39D6H         LINE#         25
  C:39D8H         LINE#         26
  C:39D8H         LINE#         27
  -------         ENDPROC       SPI_READBYTE
  -------         PROC          _MMC_SD_SENDCOMMAND
  D:0006H         SYMBOL        cmd
  X:0062H         SYMBOL        arg
  -------         DO            
  D:0007H         SYMBOL        r1
  D:0003H         SYMBOL        retry
  -------         ENDDO         
  C:31FAH         LINE#         29
BL51 BANKED LINKER/LOCATER V6.22                                                      10/10/2020  14:45:52  PAGE 16


  C:31FCH         LINE#         30
  C:31FCH         LINE#         32
  C:31FEH         LINE#         34
  C:31FEH         LINE#         35
  C:31FEH         LINE#         36
  C:3201H         LINE#         37
  C:3201H         LINE#         38
  C:3201H         LINE#         39
  C:3204H         LINE#         41
  C:3206H         LINE#         43
  C:320DH         LINE#         44
  C:3222H         LINE#         45
  C:3237H         LINE#         46
  C:324CH         LINE#         47
  C:3256H         LINE#         48
  C:325BH         LINE#         50
  C:3263H         LINE#         51
  C:326CH         LINE#         53
  C:326EH         LINE#         55
  C:326EH         LINE#         56
  -------         ENDPROC       _MMC_SD_SENDCOMMAND
  -------         PROC          MMC_SD_RESET
  -------         DO            
  D:0005H         SYMBOL        i
  D:0002H         SYMBOL        retry
  D:0006H         SYMBOL        r1
  -------         ENDDO         
  C:27E4H         LINE#         58
  C:27E4H         LINE#         59
  C:27E4H         LINE#         62
  C:27E6H         LINE#         64
  C:27E7H         LINE#         65
  C:27EAH         LINE#         66
  C:27EDH         LINE#         68
  C:27EDH         LINE#         69
  C:27F9H         LINE#         70
  C:2809H         LINE#         71
  C:280AH         LINE#         72
  C:2810H         LINE#         73
  C:2814H         LINE#         75
  C:2816H         LINE#         77
  C:2816H         LINE#         79
  C:2816H         LINE#         80
  C:2826H         LINE#         81
  C:2827H         LINE#         82
  C:2830H         LINE#         83
  C:2834H         LINE#         85
  C:2836H         LINE#         86
  C:2846H         LINE#         87
  C:2847H         LINE#         88
  C:2850H         LINE#         89
  C:2853H         LINE#         91
  C:2856H         LINE#         92
  C:2856H         LINE#         93
  C:2858H         LINE#         95
  C:2858H         LINE#         96
  C:2868H         LINE#         97
BL51 BANKED LINKER/LOCATER V6.22                                                      10/10/2020  14:45:52  PAGE 17


  C:2869H         LINE#         98
  C:2872H         LINE#         99
  C:2875H         LINE#         100
  C:2875H         LINE#         101
  C:2885H         LINE#         103
  C:2893H         LINE#         104
  C:2896H         LINE#         105
  C:2899H         LINE#         106
  C:289AH         LINE#         107
  -------         ENDPROC       MMC_SD_RESET
  -------         PROC          _MMC_SD_READSINGLEBLOCK
  X:0010H         SYMBOL        sector
  -------         DO            
  D:0007H         SYMBOL        r1
  D:0004H         SYMBOL        i
  D:0002H         SYMBOL        retry
  -------         ENDDO         
  C:33C1H         LINE#         109
  C:33C6H         LINE#         110
  C:33C6H         LINE#         113
  C:33C8H         LINE#         115
  C:33CBH         LINE#         117
  C:33CBH         LINE#         118
  C:33E7H         LINE#         119
  C:33E8H         LINE#         120
  C:33F1H         LINE#         121
  C:33F4H         LINE#         124
  C:33F6H         LINE#         126
  C:33FCH         LINE#         128
  C:33FFH         LINE#         129
  C:33FFH         LINE#         130
  C:340EH         LINE#         131
  C:341BH         LINE#         133
  C:341BH         LINE#         134
  C:341EH         LINE#         136
  C:3420H         LINE#         137
  C:3423H         LINE#         138
  C:3424H         LINE#         139
  -------         ENDPROC       _MMC_SD_READSINGLEBLOCK
  -------         PROC          _MMC_SD_WRITESINGLEBLOCK
  X:005DH         SYMBOL        sector
  -------         DO            
  D:0006H         SYMBOL        r1
  D:0004H         SYMBOL        i
  D:0002H         SYMBOL        retry
  -------         ENDDO         
  C:3107H         LINE#         141
  C:310CH         LINE#         142
  C:310CH         LINE#         145
  C:310EH         LINE#         147
  C:3111H         LINE#         149
  C:3111H         LINE#         150
  C:312FH         LINE#         151
  C:3130H         LINE#         152
  C:3139H         LINE#         153
  C:313CH         LINE#         157
  C:313EH         LINE#         159
BL51 BANKED LINKER/LOCATER V6.22                                                      10/10/2020  14:45:52  PAGE 18


  C:3143H         LINE#         161
  C:3148H         LINE#         163
  C:314AH         LINE#         164
  C:314AH         LINE#         165
  C:3159H         LINE#         166
  C:3166H         LINE#         168
  C:3166H         LINE#         169
  C:3166H         LINE#         171
  C:316BH         LINE#         173
  C:3172H         LINE#         174
  C:3172H         LINE#         175
  C:3174H         LINE#         176
  C:3175H         LINE#         177
  C:3175H         LINE#         179
  C:317DH         LINE#         181
  C:317FH         LINE#         182
  C:3182H         LINE#         183
  C:3183H         LINE#         184
  -------         ENDPROC       _MMC_SD_WRITESINGLEBLOCK
  -------         PROC          SD_INIT
  -------         DO            
  D:0001H         SYMBOL        n
  -------         ENDDO         
  C:39A3H         LINE#         187
  C:39A3H         LINE#         188
  C:39A3H         LINE#         189
  C:39A5H         LINE#         191
  C:39ABH         LINE#         192
  C:39ABH         LINE#         193
  C:39ACH         LINE#         194
  C:39B3H         LINE#         196
  -------         ENDPROC       SD_INIT
  -------         ENDMOD        MMC_SD

  -------         MODULE        LCD
  C:0000H         SYMBOL        _ICE_DUMMY_
  D:0080H         PUBLIC        P0
  C:2AAFH         PUBLIC        DispFrame
  D:0090H         PUBLIC        P1
  C:2B53H         PUBLIC        DispScaleVer_Green
  D:00A0H         PUBLIC        P2
  D:00B0H         PUBLIC        P3
  D:00C7H         PUBLIC        P4
  C:1B8CH         PUBLIC        DispBand
  C:38E4H         PUBLIC        _WriteData
  C:069AH         PUBLIC        ascii
  C:13DAH         PUBLIC        _LCD_Read_IC_ID
  D:00A6H         PUBLIC        P2MDOUT
  C:0046H         PUBLIC        _DispColor
  C:2FFBH         PUBLIC        DispScaleVer_Blue
  C:2EDFH         PUBLIC        _DrawGird
  C:3081H         PUBLIC        _DrawLine
  C:391CH         PUBLIC        _WriteComm
  C:37F8H         PUBLIC        _WriteDispData
  C:2E4EH         PUBLIC        DispScaleVer_Gray
  B:00B0H.1       PUBLIC        RS
  B:00A0H.1       PUBLIC        SPI_CLK
BL51 BANKED LINKER/LOCATER V6.22                                                      10/10/2020  14:45:52  PAGE 19


  C:2DBDH         PUBLIC        DispScaleVer_Red
  D:00F3H         PUBLIC        P2MDIN
  C:220FH         PUBLIC        DispScaleVer
  C:2749H         PUBLIC        _DispOneChar
  C:3184H         PUBLIC        DispGrayHor32
  C:2BF3H         PUBLIC        DispGrayHor16
  C:289BH         PUBLIC        _DispInt
  C:35DEH         PUBLIC        _PutPixel
  D:00A9H         PUBLIC        CLKSEL
  B:0090H.6       PUBLIC        RD0
  B:00B0H.0       PUBLIC        CS0
  X:004FH         PUBLIC        LCM_ID
  C:20DFH         PUBLIC        LCD_Init
  C:2D27H         PUBLIC        _DispStr
  B:0090H.7       PUBLIC        WR0
  C:160CH         PUBLIC        DispScaleHor1
  B:00A0H.0       PUBLIC        SPI_DI
  C:39D9H         PUBLIC        _WriteOneDot
  C:1832H         PUBLIC        DispScaleHor2
  C:2563H         PUBLIC        _DispPicFromSD
  B:0080H.7       PUBLIC        DIR
  C:3425H         PUBLIC        _ToOrd
  B:0080H.5       PUBLIC        RST
  C:3966H         PUBLIC        ReadData
  C:2CA8H         PUBLIC        _?BlockWrite
  -------         PROC          _LCD_READ_IC_ID
  X:005DH         SYMBOL        ID
  D:0004H         SYMBOL        Bug
  D:0003H         SYMBOL        flog
  -------         DO            
  X:005EH         SYMBOL        id
  X:0060H         SYMBOL        id1
  X:0062H         SYMBOL        temp
  D:0005H         SYMBOL        i
  D:0007H         SYMBOL        dat
  D:0001H         SYMBOL        id2
  X:0064H         SYMBOL        id3
  D:0002H         SYMBOL        id4
  -------         ENDDO         
  C:13DAH         LINE#         35
  C:13DEH         LINE#         36
  C:13DEH         LINE#         40
  C:13E6H         LINE#         41
  C:13E6H         LINE#         43
  C:13E8H         LINE#         44
  C:13EAH         LINE#         45
  C:13ECH         LINE#         47
  C:13EFH         LINE#         48
  C:13F1H         LINE#         49
  C:13F3H         LINE#         50
  C:13F5H         LINE#         53
  C:13F8H         LINE#         54
  C:13FBH         LINE#         55
  C:13FEH         LINE#         56
  C:1400H         LINE#         57
  C:1402H         LINE#         58
  C:1404H         LINE#         63
BL51 BANKED LINKER/LOCATER V6.22                                                      10/10/2020  14:45:52  PAGE 20


  C:140EH         LINE#         65
  C:1414H         LINE#         66
  C:141CH         LINE#         68
  C:1422H         LINE#         69
  C:1428H         LINE#         70
  C:1432H         LINE#         72
  C:1438H         LINE#         73
  C:143AH         LINE#         75
  C:1440H         LINE#         77
  C:1446H         LINE#         78
  C:1450H         LINE#         80
  C:1456H         LINE#         81
  C:145BH         LINE#         83
  C:1461H         LINE#         85
  C:146BH         LINE#         86
  C:1475H         LINE#         88
  C:147BH         LINE#         89
  C:147DH         LINE#         91
  C:148DH         LINE#         92
  C:1497H         LINE#         94
  C:149AH         LINE#         95
  C:149EH         LINE#         96
  C:149EH         LINE#         97
  C:14A7H         LINE#         98
  C:14ADH         LINE#         99
  C:14ADH         LINE#         100
  C:14B7H         LINE#         101
  C:14B9H         LINE#         102
  C:14BDH         LINE#         103
  C:14BDH         LINE#         104
  C:14CCH         LINE#         105
  C:14CCH         LINE#         108
  C:14CCH         LINE#         109
  C:14D5H         LINE#         110
  C:14D5H         LINE#         112
  C:14D8H         LINE#         113
  C:14DCH         LINE#         114
  C:14DEH         LINE#         115
  C:14E0H         LINE#         116
  C:14E2H         LINE#         117
  C:14E2H         LINE#         118
  C:14E4H         LINE#         119
  C:14ECH         LINE#         120
  C:14EEH         LINE#         122
  C:14F0H         LINE#         123
  C:14F4H         LINE#         124
  C:14F9H         LINE#         125
  C:14FCH         LINE#         128
  C:1506H         LINE#         129
  C:1506H         LINE#         130
  C:1508H         LINE#         131
  C:1508H         LINE#         132
  C:150AH         LINE#         133
  C:150CH         LINE#         134
  C:150EH         LINE#         135
  C:1525H         LINE#         136
  C:1527H         LINE#         137
BL51 BANKED LINKER/LOCATER V6.22                                                      10/10/2020  14:45:52  PAGE 21


  C:1529H         LINE#         138
  C:1530H         LINE#         139
  C:153AH         LINE#         140
  C:153AH         LINE#         141
  C:153CH         LINE#         142
  C:153CH         LINE#         143
  C:153EH         LINE#         144
  C:1540H         LINE#         145
  C:1542H         LINE#         146
  C:1559H         LINE#         147
  C:155BH         LINE#         148
  C:155DH         LINE#         149
  C:1562H         LINE#         150
  C:1562H         LINE#         152
  C:1564H         LINE#         153
  C:1564H         LINE#         154
  C:1566H         LINE#         155
  C:1568H         LINE#         156
  C:156AH         LINE#         157
  C:1581H         LINE#         158
  C:1583H         LINE#         159
  C:1585H         LINE#         160
  C:158AH         LINE#         162
  C:158CH         LINE#         163
  C:158CH         LINE#         164
  C:158EH         LINE#         165
  C:1590H         LINE#         166
  C:1592H         LINE#         167
  C:159CH         LINE#         168
  C:159EH         LINE#         169
  C:15A0H         LINE#         170
  C:15A5H         LINE#         172
  C:15A7H         LINE#         173
  C:15A7H         LINE#         174
  C:15A9H         LINE#         175
  C:15ABH         LINE#         176
  C:15ADH         LINE#         177
  C:15B9H         LINE#         178
  C:15BBH         LINE#         179
  C:15BDH         LINE#         180
  C:15C2H         LINE#         181
  C:15C5H         LINE#         182
  C:15C7H         LINE#         183
  C:15C9H         LINE#         184
  C:15CBH         LINE#         185
  C:15CDH         LINE#         186
  C:15CFH         LINE#         187
  C:15D1H         LINE#         189
  C:15D5H         LINE#         190
  C:15D5H         LINE#         191
  C:15E5H         LINE#         193
  C:15F0H         LINE#         194
  C:15F0H         LINE#         195
  C:15F0H         LINE#         197
  C:15F6H         LINE#         198
  C:15F6H         LINE#         199
  C:1602H         LINE#         200
BL51 BANKED LINKER/LOCATER V6.22                                                      10/10/2020  14:45:52  PAGE 22


  C:1602H         LINE#         202
  C:1602H         LINE#         203
  C:1604H         LINE#         204
  C:160BH         LINE#         205
  -------         ENDPROC       _LCD_READ_IC_ID
  -------         PROC          _WRITECOMM
  D:0004H         SYMBOL        i
  -------         DO            
  X:0075H         SYMBOL        j
  X:0076H         SYMBOL        DataH
  -------         ENDDO         
  C:391CH         LINE#         208
  C:3920H         LINE#         209
  C:3920H         LINE#         211
  C:3924H         LINE#         212
  C:3926H         LINE#         234
  C:3926H         LINE#         235
  C:3928H         LINE#         236
  C:392AH         LINE#         237
  C:392CH         LINE#         238
  C:3930H         LINE#         239
  C:3932H         LINE#         240
  C:3934H         LINE#         241
  C:3934H         LINE#         319
  C:3936H         LINE#         320
  -------         ENDPROC       _WRITECOMM
  -------         PROC          L?0444
  -------         ENDPROC       L?0444
  -------         PROC          _WRITEDATA
  D:0004H         SYMBOL        i
  -------         DO            
  X:0075H         SYMBOL        j
  X:0076H         SYMBOL        DataH
  -------         ENDDO         
  C:38E4H         LINE#         322
  C:38E8H         LINE#         323
  C:38E8H         LINE#         325
  C:38ECH         LINE#         326
  C:38EEH         LINE#         352
  C:38EEH         LINE#         353
  C:38F0H         LINE#         354
  C:38F2H         LINE#         355
  C:38F4H         LINE#         356
  C:38F8H         LINE#         357
  C:38FAH         LINE#         358
  C:38FCH         LINE#         359
  C:38FCH         LINE#         513
  C:38FEH         LINE#         514
  -------         ENDPROC       _WRITEDATA
  C:37E3H         SYMBOL        L?0443
  -------         PROC          L?0442
  -------         ENDPROC       L?0442
  C:37E3H         SYMBOL        L?0443
  -------         PROC          _WRITEDISPDATA
  D:0007H         SYMBOL        DataH
  D:0005H         SYMBOL        DataL
  -------         DO            
BL51 BANKED LINKER/LOCATER V6.22                                                      10/10/2020  14:45:52  PAGE 23


  X:0075H         SYMBOL        j
  -------         ENDDO         
  C:37F8H         LINE#         516
  C:37F8H         LINE#         517
  C:37F8H         LINE#         519
  C:37FAH         LINE#         544
  C:37FAH         LINE#         545
  C:37FCH         LINE#         546
  C:37FEH         LINE#         547
  C:3800H         LINE#         548
  C:3804H         LINE#         549
  C:3806H         LINE#         550
  C:3808H         LINE#         551
  C:3808H         LINE#         638
  C:380AH         LINE#         639
  -------         ENDPROC       _WRITEDISPDATA
  -------         PROC          _WRITEONEDOT
  D:0004H         SYMBOL        color
  C:39D9H         LINE#         641
  C:39DDH         LINE#         642
  C:39DDH         LINE#         655
  -------         ENDPROC       _WRITEONEDOT
  -------         PROC          LCD_INIT
  C:20DFH         LINE#         664
  C:20DFH         LINE#         665
  C:20DFH         LINE#         666
  C:20E2H         LINE#         669
  C:20E4H         LINE#         670
  C:20EBH         LINE#         672
  C:20EDH         LINE#         673
  C:20F4H         LINE#         675
  C:20F6H         LINE#         676
  C:20FDH         LINE#         4000
  C:2104H         LINE#         4001
  C:2109H         LINE#         4002
  C:2110H         LINE#         4003
  C:2115H         LINE#         4004
  C:211AH         LINE#         4005
  C:211FH         LINE#         4006
  C:2124H         LINE#         4007
  C:2129H         LINE#         4008
  C:212EH         LINE#         4009
  C:2133H         LINE#         4010
  C:2138H         LINE#         4011
  C:213DH         LINE#         4012
  C:2142H         LINE#         4013
  C:2147H         LINE#         4014
  C:214CH         LINE#         4015
  C:2151H         LINE#         4016
  C:2156H         LINE#         4017
  C:215BH         LINE#         4018
  C:2160H         LINE#         4019
  C:2165H         LINE#         4020
  C:216AH         LINE#         4021
  C:216FH         LINE#         4022
  C:2174H         LINE#         4023
  C:2179H         LINE#         4024
BL51 BANKED LINKER/LOCATER V6.22                                                      10/10/2020  14:45:52  PAGE 24


  C:217EH         LINE#         4025
  C:2183H         LINE#         4026
  C:2188H         LINE#         4027
  C:218DH         LINE#         4028
  C:2192H         LINE#         4029
  C:2197H         LINE#         4030
  C:219CH         LINE#         4031
  C:21A1H         LINE#         4032
  C:21A6H         LINE#         4033
  C:21ABH         LINE#         4034
  C:21B0H         LINE#         4035
  C:21B5H         LINE#         4036
  C:21BAH         LINE#         4037
  C:21BFH         LINE#         4038
  C:21C4H         LINE#         4039
  C:21C9H         LINE#         4040
  C:21CEH         LINE#         4041
  C:21D3H         LINE#         4042
  C:21D8H         LINE#         4043
  C:21DDH         LINE#         4044
  C:21E2H         LINE#         4045
  C:21E7H         LINE#         4046
  C:21ECH         LINE#         4047
  C:21F1H         LINE#         4048
  C:21F6H         LINE#         4049
  C:21FBH         LINE#         4050
  C:2200H         LINE#         4051
  C:2205H         LINE#         4052
  C:220AH         LINE#         4152
  -------         ENDPROC       LCD_INIT
  C:2C8FH         SYMBOL        L?0437
  C:2C95H         SYMBOL        L?0438
  -------         PROC          L?0436
  -------         ENDPROC       L?0436
  C:2C8FH         SYMBOL        L?0437
  C:2C95H         SYMBOL        L?0438
  -------         PROC          _?BLOCKWRITE
  p:0000H         SYMBOL        Xstart
  p:0002H         SYMBOL        Xend
  p:0004H         SYMBOL        Ystart
  p:0006H         SYMBOL        Yend
  C:2CA8H         LINE#         4769
  C:2CC9H         LINE#         4872
  C:2CD0H         LINE#         4873
  C:2CD7H         LINE#         4874
  C:2CDFH         LINE#         4875
  C:2CEAH         LINE#         4876
  C:2CF4H         LINE#         4878
  C:2CF9H         LINE#         4879
  C:2D03H         LINE#         4881
  C:2D0AH         LINE#         4882
  C:2D14H         LINE#         4883
  C:2D1BH         LINE#         4889
  C:2D20H         LINE#         4896
  -------         ENDPROC       _?BLOCKWRITE
  -------         PROC          _DISPCOLOR
  D:0004H         SYMBOL        color
BL51 BANKED LINKER/LOCATER V6.22                                                      10/10/2020  14:45:52  PAGE 25


  -------         DO            
  X:0054H         SYMBOL        i
  D:0002H         SYMBOL        m
  X:0056H         SYMBOL        DataH
  X:0057H         SYMBOL        DataL
  -------         ENDDO         
  C:0046H         LINE#         4898
  C:0048H         LINE#         4899
  C:0048H         LINE#         4902
  C:004EH         LINE#         4904
  C:0051H         LINE#         4906
  C:0053H         LINE#         4907
  C:0059H         LINE#         4908
  C:0059H         LINE#         4909
  C:005CH         LINE#         4910
  C:005CH         LINE#         4911
  C:0066H         LINE#         4912
  C:0071H         LINE#         4913
  C:0087H         LINE#         4915
  C:0089H         LINE#         4916
  -------         ENDPROC       _DISPCOLOR
  -------         PROC          DISPFRAME
  -------         DO            
  D:0002H         SYMBOL        i
  X:0054H         SYMBOL        j
  D:0001H         SYMBOL        DataH
  D:0006H         SYMBOL        DataL
  -------         ENDDO         
  C:2AAFH         LINE#         4918
  C:2AAFH         LINE#         4919
  C:2AAFH         LINE#         4922
  C:2AB2H         LINE#         4924
  C:2AB4H         LINE#         4927
  C:2ABEH         LINE#         4930
  C:2ABEH         LINE#         4931
  C:2ABEH         LINE#         4933
  C:2AC9H         LINE#         4935
  C:2AD4H         LINE#         4937
  C:2ADEH         LINE#         4939
  C:2AE3H         LINE#         4940
  C:2AE3H         LINE#         4942
  C:2AEDH         LINE#         4944
  C:2AEFH         LINE#         4945
  C:2AEFH         LINE#         4947
  C:2AF7H         LINE#         4949
  C:2B02H         LINE#         4952
  C:2B0CH         LINE#         4954
  C:2B22H         LINE#         4956
  C:2B2CH         LINE#         4958
  C:2B2EH         LINE#         4959
  C:2B2EH         LINE#         4961
  C:2B39H         LINE#         4963
  C:2B44H         LINE#         4965
  C:2B4EH         LINE#         4968
  C:2B50H         LINE#         4969
  C:2B52H         LINE#         4970
  -------         ENDPROC       DISPFRAME
BL51 BANKED LINKER/LOCATER V6.22                                                      10/10/2020  14:45:52  PAGE 26


  -------         PROC          DISPBAND
  -------         DO            
  D:0002H         SYMBOL        i
  X:0054H         SYMBOL        j
  X:0055H         SYMBOL        k
  X:0056H         SYMBOL        m
  X:0057H         SYMBOL        n
  X:0058H         SYMBOL        x
  -------         ENDDO         
  C:1B8CH         LINE#         4972
  C:1B8CH         LINE#         4973
  C:1B8CH         LINE#         4976
  C:1B95H         LINE#         4977
  C:1B9EH         LINE#         4978
  C:1BA0H         LINE#         4981
  C:1BA8H         LINE#         4982
  C:1BB4H         LINE#         4983
  C:1BB4H         LINE#         4984
  C:1BCFH         LINE#         4985
  C:1BEAH         LINE#         4986
  C:1C16H         LINE#         4987
  C:1C1DH         LINE#         4988
  C:1C2CH         LINE#         4989
  C:1C2CH         LINE#         4990
  C:1C47H         LINE#         4991
  C:1C62H         LINE#         4992
  C:1C8EH         LINE#         4993
  C:1C95H         LINE#         4994
  C:1CABH         LINE#         4995
  C:1CABH         LINE#         4996
  C:1CC6H         LINE#         4997
  C:1CE1H         LINE#         4998
  C:1D0DH         LINE#         4999
  C:1D14H         LINE#         5000
  C:1D16H         LINE#         5001
  C:1D19H         LINE#         5002
  -------         ENDPROC       DISPBAND
  -------         PROC          _DISPPICFROMSD
  X:0014H         SYMBOL        PicNum
  -------         DO            
  X:0015H         SYMBOL        Address_S
  X:0019H         SYMBOL        Address_E
  D:0002H         SYMBOL        i
  X:001DH         SYMBOL        k
  -------         ENDDO         
  C:2563H         LINE#         5024
  C:2566H         LINE#         5025
  C:2566H         LINE#         5031
  C:2569H         LINE#         5034
  C:256BH         LINE#         5036
  C:256DH         LINE#         5038
  C:2576H         LINE#         5039
  C:25A1H         LINE#         5040
  C:25CAH         LINE#         5041
  C:25EDH         LINE#         5042
  C:25EDH         LINE#         5043
  C:25FDH         LINE#         5045
BL51 BANKED LINKER/LOCATER V6.22                                                      10/10/2020  14:45:52  PAGE 27


  C:2606H         LINE#         5046
  C:2606H         LINE#         5048
  C:2621H         LINE#         5049
  C:262AH         LINE#         5050
  C:2649H         LINE#         5052
  C:264BH         LINE#         5090
  -------         ENDPROC       _DISPPICFROMSD
  -------         PROC          DISPSCALEHOR1
  -------         DO            
  X:0021H         SYMBOL        i
  X:0023H         SYMBOL        j
  D:0002H         SYMBOL        k
  -------         ENDDO         
  C:160CH         LINE#         5095
  C:160CH         LINE#         5096
  C:160CH         LINE#         5099
  C:160FH         LINE#         5102
  C:160FH         LINE#         5103
  C:160FH         LINE#         5104
  C:1631H         LINE#         5105
  C:1637H         LINE#         5106
  C:1637H         LINE#         5107
  C:163DH         LINE#         5108
  C:163DH         LINE#         5109
  C:1652H         LINE#         5110
  C:1668H         LINE#         5111
  C:167EH         LINE#         5113
  C:1689H         LINE#         5116
  C:168CH         LINE#         5117
  C:168CH         LINE#         5118
  C:16AEH         LINE#         5119
  C:16B4H         LINE#         5120
  C:16B4H         LINE#         5121
  C:16BAH         LINE#         5122
  C:16BAH         LINE#         5123
  C:16E5H         LINE#         5124
  C:16FBH         LINE#         5125
  C:1711H         LINE#         5126
  C:171FH         LINE#         5129
  C:1722H         LINE#         5130
  C:1722H         LINE#         5131
  C:1744H         LINE#         5132
  C:174AH         LINE#         5133
  C:174AH         LINE#         5134
  C:1750H         LINE#         5135
  C:1750H         LINE#         5136
  C:175AH         LINE#         5137
  C:1770H         LINE#         5138
  C:1786H         LINE#         5139
  C:1791H         LINE#         5142
  C:1794H         LINE#         5143
  C:1794H         LINE#         5144
  C:17B6H         LINE#         5145
  C:17BCH         LINE#         5146
  C:17BCH         LINE#         5147
  C:17C2H         LINE#         5148
  C:17C2H         LINE#         5149
BL51 BANKED LINKER/LOCATER V6.22                                                      10/10/2020  14:45:52  PAGE 28


  C:17F5H         LINE#         5150
  C:180BH         LINE#         5151
  C:1821H         LINE#         5152
  C:182FH         LINE#         5153
  C:1831H         LINE#         5154
  -------         ENDPROC       DISPSCALEHOR1
  -------         PROC          DISPSCALEVER
  -------         DO            
  X:0025H         SYMBOL        i
  X:0027H         SYMBOL        j
  D:0002H         SYMBOL        k
  -------         ENDDO         
  C:220FH         LINE#         5156
  C:220FH         LINE#         5157
  C:220FH         LINE#         5226
  C:2212H         LINE#         5228
  C:2218H         LINE#         5229
  C:2218H         LINE#         5230
  C:221EH         LINE#         5231
  C:221EH         LINE#         5232
  C:2224H         LINE#         5233
  C:223AH         LINE#         5234
  C:2241H         LINE#         5236
  C:2244H         LINE#         5237
  C:2244H         LINE#         5239
  C:224AH         LINE#         5240
  C:224AH         LINE#         5242
  C:2250H         LINE#         5243
  C:2250H         LINE#         5244
  C:2262H         LINE#         5245
  C:2278H         LINE#         5247
  C:227EH         LINE#         5248
  C:227EH         LINE#         5249
  C:22A6H         LINE#         5250
  C:22BCH         LINE#         5252
  C:22C2H         LINE#         5253
  C:22C2H         LINE#         5254
  C:22C9H         LINE#         5255
  C:22DFH         LINE#         5257
  C:22E5H         LINE#         5258
  C:22E5H         LINE#         5259
  C:22F9H         LINE#         5260
  C:230FH         LINE#         5262
  C:2328H         LINE#         5264
  C:2336H         LINE#         5266
  -------         ENDPROC       DISPSCALEVER
  -------         PROC          DISPSCALEVER_RED
  -------         DO            
  X:0029H         SYMBOL        i
  X:002BH         SYMBOL        j
  D:0002H         SYMBOL        k
  -------         ENDDO         
  C:2DBDH         LINE#         5268
  C:2DBDH         LINE#         5269
  C:2DBDH         LINE#         5272
  C:2DC0H         LINE#         5274
  C:2DC2H         LINE#         5276
BL51 BANKED LINKER/LOCATER V6.22                                                      10/10/2020  14:45:52  PAGE 29


  C:2DC4H         LINE#         5279
  C:2DCAH         LINE#         5280
  C:2DCAH         LINE#         5281
  C:2DD0H         LINE#         5282
  C:2DD0H         LINE#         5283
  C:2DD6H         LINE#         5284
  C:2DECH         LINE#         5285
  C:2DF3H         LINE#         5287
  C:2DF6H         LINE#         5288
  C:2DF6H         LINE#         5289
  C:2DFCH         LINE#         5290
  C:2DFCH         LINE#         5292
  C:2E02H         LINE#         5293
  C:2E02H         LINE#         5294
  C:2E14H         LINE#         5295
  C:2E2AH         LINE#         5296
  C:2E40H         LINE#         5298
  C:2E4BH         LINE#         5300
  C:2E4DH         LINE#         5301
  -------         ENDPROC       DISPSCALEVER_RED
  -------         PROC          DISPSCALEVER_GREEN
  -------         DO            
  X:002DH         SYMBOL        i
  X:002FH         SYMBOL        j
  D:0002H         SYMBOL        k
  -------         ENDDO         
  C:2B53H         LINE#         5303
  C:2B53H         LINE#         5304
  C:2B53H         LINE#         5307
  C:2B56H         LINE#         5309
  C:2B58H         LINE#         5310
  C:2B5AH         LINE#         5313
  C:2B60H         LINE#         5314
  C:2B60H         LINE#         5315
  C:2B66H         LINE#         5316
  C:2B66H         LINE#         5317
  C:2B6CH         LINE#         5319
  C:2B82H         LINE#         5320
  C:2B89H         LINE#         5322
  C:2B8CH         LINE#         5323
  C:2B8CH         LINE#         5324
  C:2B92H         LINE#         5325
  C:2B92H         LINE#         5327
  C:2B98H         LINE#         5328
  C:2B98H         LINE#         5330
  C:2BB9H         LINE#         5331
  C:2BCFH         LINE#         5332
  C:2BE5H         LINE#         5334
  C:2BF0H         LINE#         5336
  C:2BF2H         LINE#         5337
  -------         ENDPROC       DISPSCALEVER_GREEN
  -------         PROC          DISPSCALEVER_BLUE
  -------         DO            
  X:0031H         SYMBOL        i
  X:0033H         SYMBOL        j
  D:0002H         SYMBOL        k
  -------         ENDDO         
BL51 BANKED LINKER/LOCATER V6.22                                                      10/10/2020  14:45:52  PAGE 30


  C:2FFBH         LINE#         5339
  C:2FFBH         LINE#         5340
  C:2FFBH         LINE#         5343
  C:2FFEH         LINE#         5345
  C:3000H         LINE#         5346
  C:3002H         LINE#         5349
  C:3008H         LINE#         5350
  C:3008H         LINE#         5351
  C:300EH         LINE#         5352
  C:300EH         LINE#         5353
  C:3014H         LINE#         5354
  C:302AH         LINE#         5355
  C:3031H         LINE#         5357
  C:3034H         LINE#         5358
  C:3034H         LINE#         5359
  C:303AH         LINE#         5360
  C:303AH         LINE#         5362
  C:3040H         LINE#         5363
  C:3040H         LINE#         5364
  C:3047H         LINE#         5365
  C:305DH         LINE#         5366
  C:3073H         LINE#         5368
  C:307EH         LINE#         5370
  C:3080H         LINE#         5371
  -------         ENDPROC       DISPSCALEVER_BLUE
  -------         PROC          DISPSCALEVER_GRAY
  -------         DO            
  X:0035H         SYMBOL        i
  X:0037H         SYMBOL        j
  D:0002H         SYMBOL        k
  -------         ENDDO         
  C:2E4EH         LINE#         5373
  C:2E4EH         LINE#         5374
  C:2E4EH         LINE#         5377
  C:2E51H         LINE#         5379
  C:2E53H         LINE#         5384
  C:2E59H         LINE#         5385
  C:2E59H         LINE#         5386
  C:2E5FH         LINE#         5387
  C:2E5FH         LINE#         5388
  C:2E65H         LINE#         5390
  C:2E7BH         LINE#         5391
  C:2E82H         LINE#         5393
  C:2E85H         LINE#         5394
  C:2E85H         LINE#         5395
  C:2E8BH         LINE#         5396
  C:2E8BH         LINE#         5398
  C:2E91H         LINE#         5399
  C:2E91H         LINE#         5400
  C:2EA5H         LINE#         5401
  C:2EBBH         LINE#         5402
  C:2ED1H         LINE#         5404
  C:2EDCH         LINE#         5406
  C:2EDEH         LINE#         5407
  -------         ENDPROC       DISPSCALEVER_GRAY
  -------         PROC          DISPGRAYHOR16
  -------         DO            
BL51 BANKED LINKER/LOCATER V6.22                                                      10/10/2020  14:45:52  PAGE 31


  X:0054H         SYMBOL        i
  D:0002H         SYMBOL        j
  X:0056H         SYMBOL        k
  -------         ENDDO         
  C:2BF3H         LINE#         5409
  C:2BF3H         LINE#         5410
  C:2BF3H         LINE#         5413
  C:2BF6H         LINE#         5415
  C:2BF8H         LINE#         5416
  C:2BFAH         LINE#         5418
  C:2C00H         LINE#         5419
  C:2C00H         LINE#         5420
  C:2C09H         LINE#         5421
  C:2C09H         LINE#         5422
  C:2C0FH         LINE#         5423
  C:2C16H         LINE#         5425
  C:2C19H         LINE#         5426
  C:2C19H         LINE#         5427
  C:2C1FH         LINE#         5428
  C:2C1FH         LINE#         5429
  C:2C51H         LINE#         5430
  C:2C67H         LINE#         5431
  C:2C72H         LINE#         5432
  C:2C8BH         LINE#         5434
  C:2C8DH         LINE#         5435
  -------         ENDPROC       DISPGRAYHOR16
  -------         PROC          DISPGRAYHOR32
  -------         DO            
  X:0039H         SYMBOL        i
  D:0002H         SYMBOL        j
  X:003BH         SYMBOL        k
  -------         ENDDO         
  C:3184H         LINE#         5437
  C:3184H         LINE#         5438
  C:3184H         LINE#         5441
  C:3187H         LINE#         5443
  C:3189H         LINE#         5445
  C:318FH         LINE#         5446
  C:318FH         LINE#         5447
  C:3192H         LINE#         5448
  C:3192H         LINE#         5449
  C:3198H         LINE#         5450
  C:31A3H         LINE#         5452
  C:31A6H         LINE#         5453
  C:31A6H         LINE#         5454
  C:31ACH         LINE#         5455
  C:31ACH         LINE#         5456
  C:31C0H         LINE#         5457
  C:31D6H         LINE#         5458
  C:31E1H         LINE#         5459
  C:31F7H         LINE#         5461
  C:31F9H         LINE#         5462
  -------         ENDPROC       DISPGRAYHOR32
  -------         PROC          DISPSCALEHOR2
  -------         DO            
  X:003DH         SYMBOL        j
  D:0002H         SYMBOL        k
BL51 BANKED LINKER/LOCATER V6.22                                                      10/10/2020  14:45:52  PAGE 32


  -------         ENDDO         
  C:1832H         LINE#         5464
  C:1832H         LINE#         5465
  C:1832H         LINE#         5468
  C:1835H         LINE#         5470
  C:1835H         LINE#         5471
  C:1835H         LINE#         5472
  C:183BH         LINE#         5473
  C:1858H         LINE#         5474
  C:1863H         LINE#         5475
  C:1866H         LINE#         5476
  C:1866H         LINE#         5477
  C:186CH         LINE#         5478
  C:1889H         LINE#         5479
  C:1894H         LINE#         5480
  C:1897H         LINE#         5481
  C:1897H         LINE#         5482
  C:189DH         LINE#         5483
  C:18BAH         LINE#         5484
  C:18C5H         LINE#         5485
  C:18C8H         LINE#         5486
  C:18C8H         LINE#         5487
  C:18CEH         LINE#         5488
  C:18EBH         LINE#         5489
  C:18F6H         LINE#         5490
  C:18F9H         LINE#         5491
  C:18F9H         LINE#         5492
  C:18FFH         LINE#         5493
  C:191CH         LINE#         5494
  C:1927H         LINE#         5495
  C:192AH         LINE#         5496
  C:192AH         LINE#         5497
  C:1930H         LINE#         5498
  C:194DH         LINE#         5499
  C:1958H         LINE#         5500
  C:195BH         LINE#         5501
  C:195BH         LINE#         5502
  C:1961H         LINE#         5503
  C:197EH         LINE#         5504
  C:1989H         LINE#         5505
  C:198CH         LINE#         5506
  C:198CH         LINE#         5507
  C:1992H         LINE#         5508
  C:19AEH         LINE#         5509
  C:19B9H         LINE#         5510
  C:19C2H         LINE#         5511
  C:19C2H         LINE#         5512
  C:19C8H         LINE#         5513
  C:19E4H         LINE#         5514
  C:19EBH         LINE#         5516
  -------         ENDPROC       DISPSCALEHOR2
  -------         PROC          _TOORD
  D:0007H         SYMBOL        ch
  C:3425H         LINE#         5621
  C:3425H         LINE#         5622
  C:3425H         LINE#         5623
  C:342BH         LINE#         5624
BL51 BANKED LINKER/LOCATER V6.22                                                      10/10/2020  14:45:52  PAGE 33


  C:342BH         LINE#         5625
  C:342DH         LINE#         5626
  C:342FH         LINE#         5627
  C:343BH         LINE#         5628
  C:343BH         LINE#         5629
  C:343FH         LINE#         5630
  C:3441H         LINE#         5631
  C:344DH         LINE#         5632
  C:344DH         LINE#         5633
  C:3451H         LINE#         5634
  C:3453H         LINE#         5635
  C:345FH         LINE#         5636
  C:345FH         LINE#         5637
  C:3463H         LINE#         5638
  C:3465H         LINE#         5639
  C:3471H         LINE#         5640
  C:3471H         LINE#         5641
  C:3475H         LINE#         5642
  C:3477H         LINE#         5643
  C:347DH         LINE#         5644
  C:347DH         LINE#         5645
  C:347FH         LINE#         5646
  C:347FH         LINE#         5648
  C:347FH         LINE#         5649
  -------         ENDPROC       _TOORD
  C:2721H         SYMBOL        L?0440
  C:2739H         SYMBOL        L?0441
  -------         PROC          L?0439
  -------         ENDPROC       L?0439
  C:2721H         SYMBOL        L?0440
  C:2739H         SYMBOL        L?0441
  -------         PROC          _DISPONECHAR
  X:0068H         SYMBOL        ord
  D:0006H         SYMBOL        Xstart
  D:0002H         SYMBOL        Ystart
  X:006DH         SYMBOL        TextColor
  X:006FH         SYMBOL        BackColor
  -------         DO            
  X:0071H         SYMBOL        i
  D:0002H         SYMBOL        j
  X:0072H         SYMBOL        p
  D:0003H         SYMBOL        dat
  D:0006H         SYMBOL        index
  -------         ENDDO         
  C:2749H         LINE#         5651
  C:2751H         LINE#         5652
  C:2751H         LINE#         5658
  C:276BH         LINE#         5660
  C:2771H         LINE#         5662
  C:2779H         LINE#         5663
  C:277BH         LINE#         5665
  C:2789H         LINE#         5667
  C:2796H         LINE#         5668
  C:279DH         LINE#         5670
  C:27A1H         LINE#         5671
  C:27A1H         LINE#         5672
  C:27B6H         LINE#         5673
BL51 BANKED LINKER/LOCATER V6.22                                                      10/10/2020  14:45:52  PAGE 34


  C:27B8H         LINE#         5674
  C:27B8H         LINE#         5675
  C:27C5H         LINE#         5676
  C:27C5H         LINE#         5677
  C:27C7H         LINE#         5678
  C:27C9H         LINE#         5680
  C:27C9H         LINE#         5681
  C:27D3H         LINE#         5682
  C:27D3H         LINE#         5683
  C:27D8H         LINE#         5684
  C:27E3H         LINE#         5685
  -------         ENDPROC       _DISPONECHAR
  -------         PROC          _DISPSTR
  X:005DH         SYMBOL        str
  X:0060H         SYMBOL        Xstart
  X:0062H         SYMBOL        Ystart
  X:0064H         SYMBOL        TextColor
  X:0066H         SYMBOL        BackColor
  C:2D27H         LINE#         5687
  C:2D37H         LINE#         5688
  C:2D37H         LINE#         5690
  C:2D4CH         LINE#         5691
  C:2D4CH         LINE#         5692
  C:2D87H         LINE#         5694
  C:2D93H         LINE#         5695
  C:2D93H         LINE#         5696
  C:2D97H         LINE#         5697
  C:2D9CH         LINE#         5698
  C:2D9EH         LINE#         5700
  C:2D9EH         LINE#         5701
  C:2DA9H         LINE#         5702
  C:2DA9H         LINE#         5704
  C:2DB5H         LINE#         5705
  C:2DB5H         LINE#         5706
  C:2DB9H         LINE#         5707
  C:2DB9H         LINE#         5708
  C:2DBCH         LINE#         5710
  -------         ENDPROC       _DISPSTR
  -------         PROC          _DISPINT
  X:005DH         SYMBOL        i
  X:005FH         SYMBOL        Xstart
  X:0061H         SYMBOL        Ystart
  X:0063H         SYMBOL        TextColor
  X:0065H         SYMBOL        BackColor
  C:289BH         LINE#         5712
  C:28B0H         LINE#         5713
  C:28B0H         LINE#         5714
  C:28B8H         LINE#         5715
  C:28B8H         LINE#         5716
  C:28BFH         LINE#         5717
  C:28BFH         LINE#         5718
  C:28CEH         LINE#         5719
  C:28CEH         LINE#         5720
  C:28D7H         LINE#         5721
  C:28D7H         LINE#         5723
  C:28E9H         LINE#         5724
  C:28F7H         LINE#         5725
BL51 BANKED LINKER/LOCATER V6.22                                                      10/10/2020  14:45:52  PAGE 35


  C:2910H         LINE#         5726
  -------         ENDPROC       _DISPINT
  -------         PROC          READDATA
  C:3966H         LINE#         5734
[...]
  C:12D8H         LINE#         312
  C:12D8H         LINE#         313
  C:12D8H         LINE#         314
  C:12E3H         LINE#         315
  C:12E3H         LINE#         316
  C:12E9H         LINE#         317
  C:12F8H         LINE#         318
  C:12F8H         LINE#         319
  C:12FDH         LINE#         320
  C:1300H         LINE#         321
  C:130FH         LINE#         322
  C:130FH         LINE#         323
  C:1324H         LINE#         324
  C:1329H         LINE#         325
  C:1331H         LINE#         326
  C:133BH         LINE#         327
  C:1349H         LINE#         328
  C:1357H         LINE#         329
  C:1359H         LINE#         331
  C:1359H         LINE#         332
  C:135EH         LINE#         333
BL51 BANKED LINKER/LOCATER V6.22                                                      10/10/2020  14:45:52  PAGE 42


  C:1361H         LINE#         334
  C:1379H         LINE#         335
  C:1379H         LINE#         336
  C:1392H         LINE#         337
  C:1397H         LINE#         338
  C:139FH         LINE#         339
  C:13A6H         LINE#         340
  C:13ABH         LINE#         341
  C:13ABH         LINE#         342
  C:13BFH         LINE#         343
  C:13BFH         LINE#         344
  C:13C6H         LINE#         345
  C:13CBH         LINE#         346
  C:13CBH         LINE#         347
  C:13D9H         LINE#         348
  C:13D9H         LINE#         349
  -------         ENDPROC       USBXCORE_HANDLE_SETUP
  -------         PROC          USBXCORE_FORCE_STALL
  C:38FFH         LINE#         356
  C:38FFH         LINE#         358
  C:390AH         LINE#         359
  C:3915H         LINE#         360
  C:391BH         LINE#         361
  -------         ENDPROC       USBXCORE_FORCE_STALL
  -------         PROC          USBXCORE_GET_STATUS
  C:32E2H         LINE#         367
  C:32E2H         LINE#         369
  C:32F1H         LINE#         370
  C:32F1H         LINE#         371
  C:32F1H         LINE#         372
  C:32F1H         LINE#         373
  C:32F1H         LINE#         374
  C:32F3H         LINE#         375
  C:32F3H         LINE#         379
  C:32F3H         LINE#         381
  C:3301H         LINE#         385
  C:3301H         LINE#         386
  C:3301H         LINE#         387
  C:3301H         LINE#         388
  C:3303H         LINE#         390
  C:3303H         LINE#         392
  C:3311H         LINE#         396
  C:3311H         LINE#         397
  C:331EH         LINE#         398
  C:331EH         LINE#         399
  C:3320H         LINE#         401
  C:3320H         LINE#         402
  C:332EH         LINE#         403
  C:3337H         LINE#         404
  C:3337H         LINE#         405
  C:3337H         LINE#         406
  C:3339H         LINE#         407
  C:3339H         LINE#         408
  C:333CH         LINE#         409
  C:333CH         LINE#         410
  C:333CH         LINE#         411
  C:3344H         LINE#         412
BL51 BANKED LINKER/LOCATER V6.22                                                      10/10/2020  14:45:52  PAGE 43


  C:3344H         LINE#         413
  C:3347H         LINE#         414
  C:334DH         LINE#         415
  C:3354H         LINE#         416
  C:3354H         LINE#         417
  -------         ENDPROC       USBXCORE_GET_STATUS
  -------         PROC          USBXCORE_CLEAR_FEATURE
  C:34DAH         LINE#         423
  C:34DAH         LINE#         425
  C:34E0H         LINE#         426
  C:34E0H         LINE#         428
  C:34E7H         LINE#         429
  C:34E7H         LINE#         430
  C:34F2H         LINE#         436
  C:34FDH         LINE#         437
  C:3502H         LINE#         438
  C:3504H         LINE#         440
  C:3504H         LINE#         442
  C:350FH         LINE#         446
  C:351AH         LINE#         447
  C:351FH         LINE#         448
  C:351FH         LINE#         449
  C:3521H         LINE#         451
  C:3521H         LINE#         452
  C:3524H         LINE#         453
  C:3524H         LINE#         454
  C:352FH         LINE#         455
  -------         ENDPROC       USBXCORE_CLEAR_FEATURE
  -------         PROC          USBXCORE_VENDOR_USB_API
  C:264CH         LINE#         462
  C:264CH         LINE#         464
  C:2656H         LINE#         465
  C:2656H         LINE#         466
  C:265DH         LINE#         467
  C:265DH         LINE#         468
  C:2660H         LINE#         469
  C:2663H         LINE#         470
  C:2665H         LINE#         472
  C:2665H         LINE#         473
  C:266CH         LINE#         474
  C:266CH         LINE#         477
  C:2677H         LINE#         482
  C:2682H         LINE#         483
  C:268DH         LINE#         485
  C:268DH         LINE#         486
  C:26A0H         LINE#         487
  C:26A0H         LINE#         488
  C:26A4H         LINE#         489
  C:26AFH         LINE#         491
  C:26AFH         LINE#         492
  C:26C2H         LINE#         493
  C:26C2H         LINE#         494
  C:26C6H         LINE#         495
  C:26D1H         LINE#         497
  C:26D7H         LINE#         498
  C:26DFH         LINE#         499
  C:26DFH         LINE#         500
BL51 BANKED LINKER/LOCATER V6.22                                                      10/10/2020  14:45:52  PAGE 44


  C:26E2H         LINE#         501
  C:26E2H         LINE#         502
  C:26E2H         LINE#         503
  C:26EDH         LINE#         504
  C:26EDH         LINE#         505
  C:26F3H         LINE#         506
  C:26FAH         LINE#         507
  C:26FAH         LINE#         508
  C:26FEH         LINE#         509
  C:26FEH         LINE#         510
  C:2704H         LINE#         511
  C:270BH         LINE#         512
  C:270BH         LINE#         513
  C:2716H         LINE#         514
  -------         ENDPROC       USBXCORE_VENDOR_USB_API
  -------         PROC          USBXCORE_SET_FEATURE
  C:3532H         LINE#         521
  C:3532H         LINE#         523
  C:3538H         LINE#         524
  C:3538H         LINE#         526
  C:353FH         LINE#         527
  C:353FH         LINE#         528
  C:354AH         LINE#         534
  C:3555H         LINE#         535
  C:3558H         LINE#         536
  C:355AH         LINE#         538
  C:355AH         LINE#         540
  C:3565H         LINE#         544
  C:3570H         LINE#         545
  C:3576H         LINE#         546
  C:3576H         LINE#         548
  C:3578H         LINE#         550
  C:3578H         LINE#         551
  C:357BH         LINE#         552
  C:357BH         LINE#         553
  C:3586H         LINE#         554
  -------         ENDPROC       USBXCORE_SET_FEATURE
  -------         PROC          USBXCORE_SET_ADDRESS
  C:38A1H         LINE#         561
  C:38A1H         LINE#         563
  C:38B0H         LINE#         564
  C:38B6H         LINE#         565
  C:38B6H         LINE#         566
  C:38B9H         LINE#         567
  C:38BBH         LINE#         569
  C:38BBH         LINE#         570
  C:38BEH         LINE#         571
  C:38BEH         LINE#         572
  -------         ENDPROC       USBXCORE_SET_ADDRESS
  -------         PROC          USBXCORE_GET_DESCRIPTOR
  C:294EH         LINE#         579
  C:294EH         LINE#         580
  C:295DH         LINE#         581
  C:295DH         LINE#         582
  C:295DH         LINE#         583
  C:296BH         LINE#         584
  C:296FH         LINE#         585
BL51 BANKED LINKER/LOCATER V6.22                                                      10/10/2020  14:45:52  PAGE 45


  C:2971H         LINE#         586
  C:2971H         LINE#         587
  C:297FH         LINE#         588
  C:2992H         LINE#         589
  C:2994H         LINE#         590
  C:2994H         LINE#         591
  C:29B8H         LINE#         592
  C:29C4H         LINE#         593
  C:29C6H         LINE#         594
  C:29C6H         LINE#         595
  C:29C9H         LINE#         596
  C:29C9H         LINE#         597
  C:29C9H         LINE#         598
  C:29DFH         LINE#         599
  C:29DFH         LINE#         600
  C:29E7H         LINE#         601
  C:29E7H         LINE#         602
  C:29EFH         LINE#         603
  C:29EFH         LINE#         604
  C:29F2H         LINE#         605
  C:29F8H         LINE#         606
  C:29FFH         LINE#         607
  C:29FFH         LINE#         608
  -------         ENDPROC       USBXCORE_GET_DESCRIPTOR
  -------         PROC          USBXCORE_GET_CONFIGURATION
  C:36C9H         LINE#         614
  C:36C9H         LINE#         616
  C:36D1H         LINE#         617
  C:36D1H         LINE#         618
  C:36DDH         LINE#         619
  C:36E5H         LINE#         620
  C:36E5H         LINE#         621
  C:36E9H         LINE#         622
  C:36E9H         LINE#         623
  C:36F7H         LINE#         624
  C:36FFH         LINE#         625
  C:36FFH         LINE#         626
  C:3702H         LINE#         627
  C:3708H         LINE#         628
  C:370FH         LINE#         629
  -------         ENDPROC       USBXCORE_GET_CONFIGURATION
  -------         PROC          USBXCORE_SET_CONFIGURATION
  C:3480H         LINE#         635
  C:3480H         LINE#         637
  C:3489H         LINE#         638
  C:3489H         LINE#         639
  C:3490H         LINE#         640
  C:3496H         LINE#         641
  C:349BH         LINE#         642
  C:349DH         LINE#         644
  C:34A8H         LINE#         645
  C:34B3H         LINE#         646
  C:34BEH         LINE#         653
  C:34C9H         LINE#         654
  C:34CBH         LINE#         656
  C:34CBH         LINE#         657
  C:34D1H         LINE#         658
BL51 BANKED LINKER/LOCATER V6.22                                                      10/10/2020  14:45:52  PAGE 46


  C:34D5H         LINE#         659
  C:34D7H         LINE#         660
  C:34D7H         LINE#         661
  -------         ENDPROC       USBXCORE_SET_CONFIGURATION
  -------         PROC          USBXCORE_GET_INTERFACE
  C:3832H         LINE#         668
  C:3832H         LINE#         670
  C:3840H         LINE#         671
  C:3848H         LINE#         672
  C:384BH         LINE#         673
  C:3851H         LINE#         674
  C:3858H         LINE#         675
  -------         ENDPROC       USBXCORE_GET_INTERFACE
  -------         PROC          USBXCORE_SET_SOP
  C:397CH         LINE#         682
  C:397CH         LINE#         684
  C:3984H         LINE#         685
  C:3984H         LINE#         686
  C:398FH         LINE#         687
  C:398FH         LINE#         688
  -------         ENDPROC       USBXCORE_SET_SOP
  -------         PROC          USBXCORE_USB_ISR
  C:1D1AH         LINE#         699
  C:1D37H         LINE#         702
  C:1D3DH         LINE#         703
  C:1D50H         LINE#         706
  C:1D63H         LINE#         709
  C:1D67H         LINE#         710
  C:1D67H         LINE#         711
  C:1D72H         LINE#         712
  C:1D72H         LINE#         714
  C:1D79H         LINE#         715
  C:1D79H         LINE#         716
  C:1D7CH         LINE#         717
  C:1D7CH         LINE#         719
  C:1D83H         LINE#         720
  C:1D83H         LINE#         721
  C:1D90H         LINE#         722
  C:1D90H         LINE#         723
  C:1D97H         LINE#         724
  C:1D97H         LINE#         725
  C:1D97H         LINE#         727
  C:1D97H         LINE#         728
  C:1D97H         LINE#         730
  C:1D97H         LINE#         732
  C:1DAAH         LINE#         734
  C:1DAEH         LINE#         735
  C:1DAEH         LINE#         736
  C:1DB1H         LINE#         737
  C:1DB1H         LINE#         740
  C:1DB8H         LINE#         741
  C:1DB8H         LINE#         742
  C:1DC3H         LINE#         748
  C:1DD6H         LINE#         749
  C:1DDBH         LINE#         750
  C:1DDBH         LINE#         751
  C:1DE2H         LINE#         752
BL51 BANKED LINKER/LOCATER V6.22                                                      10/10/2020  14:45:52  PAGE 47


  C:1DE2H         LINE#         754
  C:1DE2H         LINE#         756
  C:1DF5H         LINE#         759
  C:1DF9H         LINE#         760
  C:1DF9H         LINE#         761
  C:1E04H         LINE#         767
  C:1E17H         LINE#         768
  C:1E1BH         LINE#         769
  C:1E1BH         LINE#         770
  C:1E22H         LINE#         771
  C:1E22H         LINE#         772
  C:1E22H         LINE#         775
  C:1E30H         LINE#         776
  C:1E35H         LINE#         777
  C:1E3BH         LINE#         778
  C:1E40H         LINE#         781
  C:1E4DH         LINE#         782
  C:1E4DH         LINE#         783
  C:1E50H         LINE#         784
  C:1E50H         LINE#         785
  -------         ENDPROC       USBXCORE_USB_ISR
  -------         ENDMOD        USB_API

  -------         MODULE        USB_SUSPEND
  C:0000H         SYMBOL        _ICE_DUMMY_
  D:00D7H         PUBLIC        USB0XCN
  D:00C9H         PUBLIC        REG0CN
  C:37B8H         PUBLIC        USB_Suspend
  D:00A9H         PUBLIC        CLKSEL
  D:00B2H         PUBLIC        OSCICN
  D:00B9H         PUBLIC        CLKMUL
  -------         PROC          USB_SUSPEND
  C:37B8H         LINE#         70
  C:37B8H         LINE#         72
  C:37BBH         LINE#         74
  C:37BEH         LINE#         76
  C:37C6H         LINE#         79
  C:37C9H         LINE#         80
  C:37CCH         LINE#         81
  C:37CFH         LINE#         82
  C:37D2H         LINE#         84
  C:37D3H         LINE#         86
  C:37D6H         LINE#         88
  C:37DCH         LINE#         92
  C:37DFH         LINE#         94
  C:37E2H         LINE#         95
  -------         ENDPROC       USB_SUSPEND
  -------         ENDMOD        USB_SUSPEND

  -------         MODULE        USB_INT_ENABLE
  C:0000H         SYMBOL        _ICE_DUMMY_
  C:3937H         PUBLIC        USB_Int_Enable
  D:0096H         PUBLIC        USB0ADR
  D:0097H         PUBLIC        USB0DAT
  -------         PROC          USB_INT_ENABLE
  C:3937H         LINE#         68
  C:3937H         LINE#         71
BL51 BANKED LINKER/LOCATER V6.22                                                      10/10/2020  14:45:52  PAGE 48


  C:393EH         LINE#         73
  C:3944H         LINE#         74
  C:3944H         LINE#         75
  C:394FH         LINE#         77
  C:394FH         LINE#         78
  -------         ENDPROC       USB_INT_ENABLE
  -------         ENDMOD        USB_INT_ENABLE

  -------         MODULE        USB_CLOCK_RECOVERY
  C:0000H         SYMBOL        _ICE_DUMMY_
  C:39C2H         PUBLIC        USBXcore_ClkRec
  D:0096H         PUBLIC        USB0ADR
  D:0097H         PUBLIC        USB0DAT
  -------         PROC          USBXCORE_CLKREC
  C:39C2H         LINE#         45
  C:39C2H         LINE#         47
  C:39CDH         LINE#         48
  -------         ENDPROC       USBXCORE_CLKREC
  -------         ENDMOD        USB_CLOCK_RECOVERY

  -------         MODULE        ?C?FPMUL
  C:0C9AH         PUBLIC        ?C?FPMUL
  -------         ENDMOD        ?C?FPMUL

  -------         MODULE        ?C?FCAST
  C:0DAAH         PUBLIC        ?C?FCASTC
  C:0DA5H         PUBLIC        ?C?FCASTI
  C:0DA0H         PUBLIC        ?C?FCASTL
  -------         ENDMOD        ?C?FCAST

  -------         MODULE        ?C?CASTF
  C:0DDEH         PUBLIC        ?C?CASTF
  -------         ENDMOD        ?C?CASTF

  -------         MODULE        ?C?COPY
  C:0F2FH         PUBLIC        ?C?COPY
  -------         ENDMOD        ?C?COPY

  -------         MODULE        ?C?CLDPTR
  C:0F55H         PUBLIC        ?C?CLDPTR
  -------         ENDMOD        ?C?CLDPTR

  -------         MODULE        ?C?CLDOPTR
  C:0F6EH         PUBLIC        ?C?CLDOPTR
  -------         ENDMOD        ?C?CLDOPTR

  -------         MODULE        ?C?IMUL
  C:0F9BH         PUBLIC        ?C?IMUL
  -------         ENDMOD        ?C?IMUL

  -------         MODULE        ?C?IILDX
  C:0FADH         PUBLIC        ?C?IILDX
  -------         ENDMOD        ?C?IILDX

  -------         MODULE        ?C?LMUL
  C:0FC3H         PUBLIC        ?C?LMUL
  -------         ENDMOD        ?C?LMUL
BL51 BANKED LINKER/LOCATER V6.22                                                      10/10/2020  14:45:52  PAGE 49



  -------         MODULE        ?C?ULDIV
  C:104EH         PUBLIC        ?C?ULDIV
  -------         ENDMOD        ?C?ULDIV

  -------         MODULE        ?C?LNEG
  C:10E0H         PUBLIC        ?C?LNEG
  -------         ENDMOD        ?C?LNEG

  -------         MODULE        ?C?ULCMP
  C:10EEH         PUBLIC        ?C?ULCMP
  -------         ENDMOD        ?C?ULCMP

  -------         MODULE        ?C?ULSHR
  C:10FFH         PUBLIC        ?C?ULSHR
  -------         ENDMOD        ?C?ULSHR

  -------         MODULE        ?C?LSHL
  C:1112H         PUBLIC        ?C?LSHL
  -------         ENDMOD        ?C?LSHL

  -------         MODULE        ?C?LLDIPDATA
  C:112EH         PUBLIC        ?C?LLDIPDATA
  C:1125H         PUBLIC        ?C?LLDIPDATA1
  C:1127H         PUBLIC        ?C?LLDIPDATA8
  -------         ENDMOD        ?C?LLDIPDATA

  -------         MODULE        ?C?LSTXDATA
  C:1145H         PUBLIC        ?C?LSTXDATA
  -------         ENDMOD        ?C?LSTXDATA

  -------         MODULE        ?C?LSTPDATA
  C:1151H         PUBLIC        ?C?LSTPDATA
  -------         ENDMOD        ?C?LSTPDATA

  -------         MODULE        ?C?LSTKXDATA
  C:115DH         PUBLIC        ?C?LSTKXDATA
  -------         ENDMOD        ?C?LSTKXDATA

  -------         MODULE        ?C?LSTKPDATA
  C:118EH         PUBLIC        ?C?LSTKPDATA
  -------         ENDMOD        ?C?LSTKPDATA

  -------         MODULE        ?C_PBP
  D:0008H         PUBLIC        ?C_PBP
  -------         ENDMOD        ?C_PBP

*** WARNING L14: INCOMPATIBLE MEMORY MODEL
    MODULE:  .\USBX_F34X.LIB (USB_API)
    MODEL:   SMALL

*** WARNING L14: INCOMPATIBLE MEMORY MODEL
    MODULE:  .\USBX_F34X.LIB (USB_SUSPEND)
    MODEL:   SMALL

*** WARNING L14: INCOMPATIBLE MEMORY MODEL
    MODULE:  .\USBX_F34X.LIB (USB_INT_ENABLE)
BL51 BANKED LINKER/LOCATER V6.22                                                      10/10/2020  14:45:52  PAGE 50


    MODEL:   SMALL

*** WARNING L14: INCOMPATIBLE MEMORY MODEL
    MODULE:  .\USBX_F34X.LIB (USB_CLOCK_RECOVERY)
    MODEL:   SMALL

*** WARNING L16: UNCALLED SEGMENT, IGNORED FOR OVERLAY PROCESS
    SEGMENT: ?PR?SD_INIT?MMC_SD

*** WARNING L16: UNCALLED SEGMENT, IGNORED FOR OVERLAY PROCESS
    SEGMENT: ?PR?_DISPPICFROMSD?LCD

*** WARNING L16: UNCALLED SEGMENT, IGNORED FOR OVERLAY PROCESS
    SEGMENT: ?PR?DISPSCALEHOR1?LCD

*** WARNING L16: UNCALLED SEGMENT, IGNORED FOR OVERLAY PROCESS
    SEGMENT: ?PR?DISPSCALEVER?LCD

*** WARNING L16: UNCALLED SEGMENT, IGNORED FOR OVERLAY PROCESS
    SEGMENT: ?PR?DISPSCALEVER_RED?LCD

*** WARNING L16: UNCALLED SEGMENT, IGNORED FOR OVERLAY PROCESS
    SEGMENT: ?PR?DISPSCALEVER_GREEN?LCD

*** WARNING L16: UNCALLED SEGMENT, IGNORED FOR OVERLAY PROCESS
    SEGMENT: ?PR?DISPSCALEVER_BLUE?LCD

*** WARNING L16: UNCALLED SEGMENT, IGNORED FOR OVERLAY PROCESS
    SEGMENT: ?PR?DISPSCALEVER_GRAY?LCD

*** WARNING L16: UNCALLED SEGMENT, IGNORED FOR OVERLAY PROCESS
    SEGMENT: ?PR?DISPGRAYHOR32?LCD

*** WARNING L16: UNCALLED SEGMENT, IGNORED FOR OVERLAY PROCESS
    SEGMENT: ?PR?DISPSCALEHOR2?LCD

*** WARNING L16: UNCALLED SEGMENT, IGNORED FOR OVERLAY PROCESS
    SEGMENT: ?PR?_DRAWGIRD?LCD

*** WARNING L15: MULTIPLE CALL TO SEGMENT
    SEGMENT: ?PR?_WRITECOMM?LCD
    CALLER1: ?PR?USB_API_TEST_ISR?MAIN
    CALLER2: ?C_C51STARTUP

*** WARNING L15: MULTIPLE CALL TO SEGMENT
    SEGMENT: ?PR?_WRITEDATA?LCD
    CALLER1: ?PR?USB_API_TEST_ISR?MAIN
    CALLER2: ?C_C51STARTUP

Program Size: data=10.0 xdata=1214 code=14814
LINK/LOCATE RUN COMPLETE.  17 WARNING(S),  0 ERROR(S)
