BL51 BANKED LINKER/LOCATER V6.22                                                        09/25/2021  09:56:52  PAGE 1


BL51 BANKED LINKER/LOCATER V6.22, INVOKED BY:
D:\KEIL C51\C51\BIN\BL51.EXE main.obj, mmc_sd.obj, lcd.obj, tp.obj, .\USBX_F34X.LIB TO JD5858A_INN175_3W1L RAMSIZE (256)
>> 


MEMORY MODEL: COMPACT WITH FLOATING POINT ARITHMETIC


INPUT MODULES INCLUDED:
  main.obj (MAIN)
  mmc_sd.obj (MMC_SD)
  lcd.obj (LCD)
  tp.obj (TP)
  .\USBX_F34X.LIB (USB_API)
  .\USBX_F34X.LIB (USB_CLOCK_START)
  .\USBX_F34X.LIB (USB_SUSPEND)
  .\USBX_F34X.LIB (GET_INTERRUPT_SOURCE)
  .\USBX_F34X.LIB (BLOCK_READ)
  .\USBX_F34X.LIB (BLOCK_WRITE)
  .\USBX_F34X.LIB (USB_INT_ENABLE)
  .\USBX_F34X.LIB (USB_CLOCK_RECOVERY)
  .\USBX_F34X.LIB (USB_JUMP_ISR)
  D:\KEIL C51\C51\LIB\C51FPC.LIB (?C?FPMUL)
  D:\KEIL C51\C51\LIB\C51FPC.LIB (?C?FCAST)
  D:\KEIL C51\C51\LIB\C51FPC.LIB (?C?CASTF)
  D:\KEIL C51\C51\LIB\C51FPC.LIB (?C?FPGETOPN)
  D:\KEIL C51\C51\LIB\C51C.LIB (?C_STARTUP)
  D:\KEIL C51\C51\LIB\C51C.LIB (?C?COPY)
  D:\KEIL C51\C51\LIB\C51C.LIB (?C?CLDPTR)
  D:\KEIL C51\C51\LIB\C51C.LIB (?C?CLDOPTR)
  D:\KEIL C51\C51\LIB\C51C.LIB (?C?IMUL)
  D:\KEIL C51\C51\LIB\C51C.LIB (?C?IILDX)
  D:\KEIL C51\C51\LIB\C51C.LIB (?C?ILDOPTR)
  D:\KEIL C51\C51\LIB\C51C.LIB (?C?LMUL)
  D:\KEIL C51\C51\LIB\C51C.LIB (?C?ULDIV)
  D:\KEIL C51\C51\LIB\C51C.LIB (?C?LNEG)
  D:\KEIL C51\C51\LIB\C51C.LIB (?C?ULCMP)
  D:\KEIL C51\C51\LIB\C51C.LIB (?C?ULSHR)
  D:\KEIL C51\C51\LIB\C51C.LIB (?C?LSHL)
  D:\KEIL C51\C51\LIB\C51C.LIB (?C?LLDIPDATA)
  D:\KEIL C51\C51\LIB\C51C.LIB (?C?LSTXDATA)
  D:\KEIL C51\C51\LIB\C51C.LIB (?C?LSTPDATA)
  D:\KEIL C51\C51\LIB\C51C.LIB (?C?LSTKXDATA)
  D:\KEIL C51\C51\LIB\C51C.LIB (?C?LSTKPDATA)
  D:\KEIL C51\C51\LIB\C51C.LIB (?C_PBP)
  D:\KEIL C51\C51\LIB\C51C.LIB (?C_INIT)


LINK MAP OF MODULE:  JD5858A_INN175_3W1L (MAIN)


            TYPE    BASE      LENGTH    RELOCATION   SEGMENT NAME
            -----------------------------------------------------

            * * * * * * *   D A T A   M E M O R Y   * * * * * * *
            REG     0000H     0008H     ABSOLUTE     "REG BANK 0"
            DATA    0008H     0001H     UNIT         ?C?LIB_DATA
            IDATA   0009H     0001H     UNIT         ?STACK
BL51 BANKED LINKER/LOCATER V6.22                                                      09/25/2021  09:56:52  PAGE 2



            * * * * * * *  X D A T A   M E M O R Y  * * * * * * *
            XDATA   0000H     0010H     INPAGE       ?PD?MAIN
            XDATA   0010H     0004H     INPAGE       ?PD?_MMC_SD_READSINGLEBLOCK?MMC_SD
            XDATA   0014H     0005H     INPAGE       ?PD?DISPBAND?LCD
            XDATA   0019H     0005H     INPAGE       ?PD?_DISPPIC?LCD
            XDATA   001EH     000DH     INPAGE       ?PD?_DISPPICFROMSD?LCD
            XDATA   002BH     0004H     INPAGE       ?PD?DISPSCALEHOR1?LCD
            XDATA   002FH     0004H     INPAGE       ?PD?DISPSCALEVER?LCD
            XDATA   0033H     0004H     INPAGE       ?PD?DISPSCALEVER_RED?LCD
            XDATA   0037H     0004H     INPAGE       ?PD?DISPSCALEVER_GREEN?LCD
            XDATA   003BH     0004H     INPAGE       ?PD?DISPSCALEVER_BLUE?LCD
            XDATA   003FH     0004H     INPAGE       ?PD?DISPSCALEVER_GRAY?LCD
            XDATA   0043H     0004H     INPAGE       ?PD?DISPGRAYHOR32?LCD
            XDATA   0047H     0002H     INPAGE       ?PD?DISPSCALEHOR2?LCD
            XDATA   0049H     000CH     INPAGE       ?PD?_DRAWLINE?LCD
            XDATA   0055H     0004H     INPAGE       ?PD?_DRAWGIRD?LCD
            XDATA   0059H     0002H     INPAGE       ?PD?LCD
            XDATA   005BH     0024H     INPAGE       _PDATA_GROUP_
            XDATA   007FH     0200H     UNIT         ?XD?MMC_SD
            XDATA   027FH     0058H     UNIT         _XDATA_GROUP_
            XDATA   02D7H     0040H     UNIT         ?XD?MAIN
                    0317H     0329H                  *** GAP ***
            XDATA   0640H     0100H     ABSOLUTE     
            XDATA   0740H     0012H     ABSOLUTE     
            XDATA   0752H     0020H     ABSOLUTE     
            XDATA   0772H     000CH     ABSOLUTE     
            XDATA   077EH     0008H     ABSOLUTE     
            XDATA   0786H     0001H     ABSOLUTE     
            XDATA   0787H     0003H     ABSOLUTE     
            XDATA   078AH     0002H     ABSOLUTE     
            XDATA   078CH     0002H     ABSOLUTE     
            XDATA   078EH     0003H     ABSOLUTE     
            XDATA   0791H     0001H     ABSOLUTE     
            XDATA   0792H     0001H     ABSOLUTE     
            XDATA   0793H     0001H     ABSOLUTE     
            XDATA   0794H     0001H     ABSOLUTE     
            XDATA   0795H     0002H     ABSOLUTE     
            XDATA   0797H     0002H     ABSOLUTE     
            XDATA   0799H     0001H     ABSOLUTE     
            XDATA   079AH     0001H     ABSOLUTE     
            XDATA   079BH     0001H     ABSOLUTE     
            XDATA   079CH     0001H     ABSOLUTE     
            XDATA   079DH     0001H     ABSOLUTE     
            XDATA   079EH     0001H     ABSOLUTE     
            XDATA   079FH     0002H     ABSOLUTE     
            XDATA   07A1H     0001H     ABSOLUTE     
            XDATA   07A2H     0001H     ABSOLUTE     
            XDATA   07A3H     000CH     ABSOLUTE     
                    07AFH     0011H                  *** GAP ***
            XDATA   07C0H     0040H     ABSOLUTE     

            * * * * * * *   C O D E   M E M O R Y   * * * * * * *
            CODE    0000H     0003H     ABSOLUTE     
            CODE    0003H     003AH     UNIT         ?CO?USB_API
            CODE    003DH     0003H     UNIT         ?PR?SUSPEND_DEVICE?MAIN
                    0040H     0003H                  *** GAP ***
BL51 BANKED LINKER/LOCATER V6.22                                                      09/25/2021  09:56:52  PAGE 3


            CODE    0043H     0003H     ABSOLUTE     
            CODE    0046H     0044H     UNIT         ?PR?_DISPCOLOR?LCD
                    008AH     0001H                  *** GAP ***
            CODE    008BH     0003H     ABSOLUTE     
            CODE    008EH     08B9H     UNIT         ?PR?LCD_INIT?LCD
            CODE    0947H     060DH     UNIT         ?PR?CONNTOUSB?MAIN
            CODE    0F54H     0600H     UNIT         ?CO?LCD
            CODE    1554H     0545H     UNIT         ?C?LIB_CODE
            CODE    1A99H     0233H     UNIT         ?PR?USBXCORE_HANDLE_SETUP?USB_API
            CODE    1CCCH     0232H     UNIT         ?PR?_LCD_READ_IC_ID?LCD
            CODE    1EFEH     0220H     UNIT         ?PR?DISPSCALEHOR1?LCD
            CODE    211EH     01DAH     UNIT         ?PR?TP_DRAWLINE?TP
            CODE    22F8H     01BAH     UNIT         ?PR?DISPSCALEHOR2?LCD
            CODE    24B2H     0192H     UNIT         ?PR?DISPBAND?LCD
            CODE    2644H     0151H     UNIT         ?PR?USBXCORE_USB_ISR?USB_API
            CODE    2795H     013DH     UNIT         ?PR?USB_API_TEST_ISR?MAIN
            CODE    28D2H     0137H     UNIT         ?PR?_USB_INIT?USB_API
            CODE    2A09H     0128H     UNIT         ?PR?DISPSCALEVER?LCD
            CODE    2B31H     011BH     UNIT         ?PR?_TP_GETPOSITION?TP
            CODE    2C4CH     0111H     UNIT         ?PR?_BLOCK_WRITE?BLOCK_WRITE
            CODE    2D5DH     00E9H     UNIT         ?PR?_DISPPICFROMSD?LCD
            CODE    2E46H     00CDH     UNIT         ?PR?USBXCORE_VENDOR_USB_API?USB_API
            CODE    2F13H     00CBH     UNIT         ?PR?_DISPONECHAR?LCD
            CODE    2FDEH     00B7H     UNIT         ?PR?MMC_SD_RESET?MMC_SD
            CODE    3095H     00B4H     UNIT         ?PR?_DISPINT?LCD
            CODE    3149H     00B2H     UNIT         ?PR?USBXCORE_GET_DESCRIPTOR?USB_API
            CODE    31FBH     00AFH     UNIT         ?PR?_BLOCK_READ?BLOCK_READ
            CODE    32AAH     00AAH     UNIT         ?PR?DISPFRAME?LCD
            CODE    3354H     00A0H     UNIT         ?PR?DISPSCALEVER_GREEN?LCD
            CODE    33F4H     009CH     UNIT         ?PR?_?BLOCKWRITE?LCD
            CODE    3490H     009BH     UNIT         ?PR?DISPGRAYHOR16?LCD
            CODE    352BH     0096H     UNIT         ?PR?_DISPSTR?LCD
            CODE    35C1H     0091H     UNIT         ?PR?DISPSCALEVER_RED?LCD
            CODE    3652H     0091H     UNIT         ?PR?DISPSCALEVER_GRAY?LCD
            CODE    36E3H     0090H     UNIT         ?PR?_DRAWGIRD?LCD
            CODE    3773H     008CH     UNIT         ?C_C51STARTUP
            CODE    37FFH     0086H     UNIT         ?PR?DISPSCALEVER_BLUE?LCD
            CODE    3885H     0086H     UNIT         ?PR?_DRAWLINE?LCD
            CODE    390BH     007DH     UNIT         ?PR?_MMC_SD_WRITESINGLEBLOCK?MMC_SD
            CODE    3988H     0078H     UNIT         ?PR?DISPGRAYHOR32?LCD
            CODE    3A00H     0075H     UNIT         ?PR?_MMC_SD_SENDCOMMAND?MMC_SD
            CODE    3A75H     0073H     UNIT         ?PR?TP_READ?TP
            CODE    3AE8H     0073H     UNIT         ?PR?USBXCORE_GET_STATUS?USB_API
            CODE    3B5BH     006CH     UNIT         ?PR?DEVICES_INIT?MAIN
            CODE    3BC7H     0064H     UNIT         ?PR?_MMC_SD_READSINGLEBLOCK?MMC_SD
            CODE    3C2BH     0063H     UNIT         ?PR?_DISPPIC?LCD
            CODE    3C8EH     005BH     UNIT         ?PR?_TOORD?LCD
            CODE    3CE9H     005AH     UNIT         ?PR?USBXCORE_SET_CONFIGURATION?USB_API
            CODE    3D43H     0058H     UNIT         ?PR?USBXCORE_CLEAR_FEATURE?USB_API
            CODE    3D9BH     0057H     UNIT         ?PR?USBXCORE_SET_FEATURE?USB_API
            CODE    3DF2H     0055H     UNIT         ?PR?_STOPDELAY?MAIN
            CODE    3E47H     0052H     UNIT         ?PR?_PUTPIXEL?LCD
            CODE    3E99H     0050H     UNIT         ?CO?MAIN
            CODE    3EE9H     0049H     UNIT         ?PR?MAIN?MAIN
            CODE    3F32H     0048H     UNIT         ?PR?_WRITEDISPDATA?LCD
            CODE    3F7AH     0047H     UNIT         ?PR?USBXCORE_GET_CONFIGURATION?USB_API
            CODE    3FC1H     0043H     UNIT         ?PR?MCU_INIT?MAIN
BL51 BANKED LINKER/LOCATER V6.22                                                      09/25/2021  09:56:52  PAGE 4


            CODE    4004H     0038H     UNIT         ?PR?USB_CLOCK_START?USB_CLOCK_START
            CODE    403CH     0033H     UNIT         ?PR?_WRITEDATA?LCD
            CODE    406FH     002FH     UNIT         ?PR?_WRITECOMM?LCD
            CODE    409EH     002DH     UNIT         ?C_INITSEG
            CODE    40CBH     002BH     UNIT         ?PR?USB_SUSPEND?USB_SUSPEND
            CODE    40F6H     0027H     UNIT         ?PR?USBXCORE_USB_RESET?USB_API
            CODE    411DH     0027H     UNIT         ?PR?USBXCORE_GET_INTERFACE?USB_API
            CODE    4144H     0026H     UNIT         ?PR?_TP_WRITE?TP
            CODE    416AH     0022H     UNIT         ?PR?USBXCORE_JUMP_ISR?USB_JUMP_ISR
            CODE    418CH     0020H     UNIT         ?PR?USBXCORE_SET_ADDRESS?USB_API
            CODE    41ACH     001FH     UNIT         ?PR?_DELAY?MAIN
            CODE    41CBH     001DH     UNIT         ?PR?USBXCORE_FORCE_STALL?USB_API
            CODE    41E8H     0019H     UNIT         ?PR?USB_INT_ENABLE?USB_INT_ENABLE
            CODE    4201H     0016H     UNIT         ?PR?_SPI_WRITEBYTE?MMC_SD
            CODE    4217H     0016H     UNIT         ?PR?READDATA?LCD
            CODE    422DH     0014H     UNIT         ?PR?USBXCORE_SET_SOP?USB_API
            CODE    4241H     0013H     UNIT         ?PR?WAITKEY?MAIN
            CODE    4254H     0011H     UNIT         ?PR?SD_INIT?MMC_SD
            CODE    4265H     000EH     UNIT         ?PR?GET_INTERRUPT_SOURCE?GET_INTERRUPT_SOURCE
            CODE    4273H     000CH     UNIT         ?PR?USBXCORE_CLKREC?USB_CLOCK_RECOVERY
            CODE    427FH     000BH     UNIT         ?PR?SPI_READBYTE?MMC_SD
            CODE    428AH     0009H     UNIT         ?PR?_WRITEONEDOT?LCD
            CODE    4293H     0008H     UNIT         ?CO?TP



OVERLAY MAP OF MODULE:   JD5858A_INN175_3W1L (MAIN)


SEGMENT                                            PDATA_GROUP         XDATA_GROUP
  +--> CALLED SEGMENT                            START    LENGTH     START    LENGTH
------------------------------------------------------------------------------------
?PR?USB_API_TEST_ISR?MAIN                        005BH    0001H      -----    -----
  +--> ?PR?GET_INTERRUPT_SOURCE?GET_INTERRUP...
  +--> ?PR?_BLOCK_READ?BLOCK_READ
  +--> ?PR?SUSPEND_DEVICE?MAIN
  +--> ?PR?MCU_INIT?MAIN
  +--> ?PR?_?BLOCKWRITE?LCD

?PR?SUSPEND_DEVICE?MAIN                          -----    -----      -----    -----
  +--> ?PR?USB_SUSPEND?USB_SUSPEND

?PR?USB_SUSPEND?USB_SUSPEND                      -----    -----      -----    -----
  +--> ?PR?USB_CLOCK_START?USB_CLOCK_START

?PR?_?BLOCKWRITE?LCD                             -----    -----      -----    -----
  +--> ?PR?_WRITECOMM?LCD
  +--> ?PR?_WRITEDATA?LCD

?PR?_WRITECOMM?LCD                               007EH    0001H      -----    -----

?PR?_WRITEDATA?LCD                               007EH    0001H      -----    -----

*** NEW ROOT ***************************************************

?PR?USBXCORE_USB_ISR?USB_API                     -----    -----      -----    -----
  +--> ?PR?USBXCORE_USB_RESET?USB_API
BL51 BANKED LINKER/LOCATER V6.22                                                      09/25/2021  09:56:52  PAGE 5


  +--> ?PR?USBXCORE_HANDLE_SETUP?USB_API
  +--> ?PR?USBXCORE_JUMP_ISR?USB_JUMP_ISR

?PR?USBXCORE_HANDLE_SETUP?USB_API                -----    -----      -----    -----
  +--> ?PR?USBXCORE_GET_STATUS?USB_API
  +--> ?PR?USBXCORE_CLEAR_FEATURE?USB_API
  +--> ?PR?USBXCORE_VENDOR_USB_API?USB_API
  +--> ?PR?USBXCORE_SET_FEATURE?USB_API
  +--> ?PR?USBXCORE_SET_ADDRESS?USB_API
  +--> ?PR?USBXCORE_GET_DESCRIPTOR?USB_API
  +--> ?PR?USBXCORE_GET_CONFIGURATION?USB_API
  +--> ?PR?USBXCORE_SET_CONFIGURATION?USB_API
  +--> ?PR?USBXCORE_GET_INTERFACE?USB_API
  +--> ?PR?USBXCORE_SET_SOP?USB_API
  +--> ?PR?USBXCORE_FORCE_STALL?USB_API

?PR?USBXCORE_GET_STATUS?USB_API                  -----    -----      -----    -----
  +--> ?CO?USB_API
  +--> ?PR?USBXCORE_FORCE_STALL?USB_API
  +--> ?PR?USBXCORE_SET_SOP?USB_API

?PR?USBXCORE_CLEAR_FEATURE?USB_API               -----    -----      -----    -----
  +--> ?PR?USBXCORE_FORCE_STALL?USB_API
  +--> ?PR?USBXCORE_SET_SOP?USB_API

?PR?USBXCORE_VENDOR_USB_API?USB_API              -----    -----      -----    -----
  +--> ?PR?USBXCORE_SET_SOP?USB_API

?PR?USBXCORE_SET_FEATURE?USB_API                 -----    -----      -----    -----
  +--> ?PR?USBXCORE_FORCE_STALL?USB_API
  +--> ?PR?USBXCORE_SET_SOP?USB_API

?PR?USBXCORE_SET_ADDRESS?USB_API                 -----    -----      -----    -----
  +--> ?PR?USBXCORE_SET_SOP?USB_API

?PR?USBXCORE_GET_DESCRIPTOR?USB_API              -----    -----      -----    -----
  +--> ?PR?USBXCORE_FORCE_STALL?USB_API
  +--> ?PR?USBXCORE_SET_SOP?USB_API

?PR?USBXCORE_GET_CONFIGURATION?USB_API           -----    -----      -----    -----
  +--> ?CO?USB_API
  +--> ?PR?USBXCORE_SET_SOP?USB_API

?PR?USBXCORE_SET_CONFIGURATION?USB_API           -----    -----      -----    -----
  +--> ?PR?USBXCORE_SET_SOP?USB_API

?PR?USBXCORE_GET_INTERFACE?USB_API               -----    -----      -----    -----
  +--> ?CO?USB_API
  +--> ?PR?USBXCORE_SET_SOP?USB_API

*** NEW ROOT ***************************************************

?C_C51STARTUP                                    -----    -----      -----    -----
  +--> ?PR?MAIN?MAIN
  +--> ?C_INITSEG

?PR?MAIN?MAIN                                    -----    -----      -----    -----
BL51 BANKED LINKER/LOCATER V6.22                                                      09/25/2021  09:56:52  PAGE 6


  +--> ?PR?DEVICES_INIT?MAIN
  +--> ?PR?DISPFRAME?LCD
  +--> ?PR?_STOPDELAY?MAIN
  +--> ?PR?_DISPCOLOR?LCD
  +--> ?PR?DISPGRAYHOR16?LCD
  +--> ?PR?TP_DRAWLINE?TP

?PR?DEVICES_INIT?MAIN                            -----    -----      -----    -----
  +--> ?PR?MCU_INIT?MAIN
  +--> ?PR?USB_CLOCK_START?USB_CLOCK_START
  +--> ?CO?MAIN
  +--> ?PR?_USB_INIT?USB_API
  +--> ?PR?USB_INT_ENABLE?USB_INT_ENABLE
  +--> ?PR?LCD_INIT?LCD

?PR?_USB_INIT?USB_API                            -----    -----      027FH    0011H
  +--> ?CO?USB_API
  +--> ?PR?USBXCORE_CLKREC?USB_CLOCK_RECOVERY

?PR?LCD_INIT?LCD                                 -----    -----      -----    -----
  +--> ?PR?READDATA?LCD
  +--> ?PR?_DELAY?MAIN
  +--> ?PR?_WRITECOMM?LCD
  +--> ?PR?_WRITEDATA?LCD

?PR?READDATA?LCD                                 -----    -----      -----    -----
  +--> ?PR?_LCD_READ_IC_ID?LCD

?PR?_LCD_READ_IC_ID?LCD                          0066H    0008H      -----    -----

?PR?DISPFRAME?LCD                                005DH    0002H      -----    -----
  +--> ?PR?_?BLOCKWRITE?LCD
  +--> ?PR?_WRITEDISPDATA?LCD

?PR?_STOPDELAY?MAIN                              005DH    0004H      -----    -----
  +--> ?PR?WAITKEY?MAIN
  +--> ?PR?_DELAY?MAIN

?PR?WAITKEY?MAIN                                 -----    -----      -----    -----
  +--> ?PR?CONNTOUSB?MAIN
  +--> ?PR?_DELAY?MAIN

?PR?CONNTOUSB?MAIN                               0061H    0005H      027FH    0058H
  +--> ?CO?MAIN
  +--> ?PR?_WRITECOMM?LCD
  +--> ?PR?_WRITEDATA?LCD
  +--> ?PR?_DISPSTR?LCD
  +--> ?PR?_DISPINT?LCD
  +--> ?PR?_WRITEDISPDATA?LCD
  +--> ?PR?_MMC_SD_WRITESINGLEBLOCK?MMC_SD
  +--> ?PR?_BLOCK_WRITE?BLOCK_WRITE
  +--> ?PR?READDATA?LCD
  +--> ?PR?_DELAY?MAIN

?PR?_DISPSTR?LCD                                 0066H    000BH      -----    -----
  +--> ?PR?_TOORD?LCD
  +--> ?PR?_DISPONECHAR?LCD
BL51 BANKED LINKER/LOCATER V6.22                                                      09/25/2021  09:56:52  PAGE 7



?PR?_DISPONECHAR?LCD                             0071H    000DH      -----    -----
  +--> ?PR?_?BLOCKWRITE?LCD
  +--> ?CO?LCD
  +--> ?PR?_WRITEONEDOT?LCD

?PR?_WRITEONEDOT?LCD                             -----    -----      -----    -----
  +--> ?PR?_WRITEDISPDATA?LCD

?PR?_DISPINT?LCD                                 0066H    000AH      -----    -----
  +--> ?PR?_DISPONECHAR?LCD

?PR?_MMC_SD_WRITESINGLEBLOCK?MMC_SD              0066H    0004H      -----    -----
  +--> ?PR?_MMC_SD_SENDCOMMAND?MMC_SD
  +--> ?PR?_SPI_WRITEBYTE?MMC_SD

?PR?_MMC_SD_SENDCOMMAND?MMC_SD                   006AH    0005H      -----    -----
  +--> ?PR?_SPI_WRITEBYTE?MMC_SD

?PR?_DISPCOLOR?LCD                               005DH    0004H      -----    -----
  +--> ?PR?_?BLOCKWRITE?LCD
  +--> ?PR?_WRITEDISPDATA?LCD

?PR?DISPGRAYHOR16?LCD                            005DH    0004H      -----    -----
  +--> ?PR?_?BLOCKWRITE?LCD
  +--> ?PR?_WRITEDISPDATA?LCD

?PR?TP_DRAWLINE?TP                               -----    -----      027FH    0018H
  +--> ?PR?_DISPCOLOR?LCD
  +--> ?CO?TP
  +--> ?PR?_DISPSTR?LCD
  +--> ?PR?_DELAY?MAIN
  +--> ?PR?_TP_GETPOSITION?TP
  +--> ?PR?_PUTPIXEL?LCD

?PR?_TP_GETPOSITION?TP                           -----    -----      0297H    001BH
  +--> ?PR?_TP_WRITE?TP
  +--> ?PR?TP_READ?TP

?PR?_TP_WRITE?TP                                 -----    -----      02B2H    0001H

?PR?TP_READ?TP                                   -----    -----      02B2H    0005H

?PR?_PUTPIXEL?LCD                                005DH    0002H      -----    -----
  +--> ?PR?_?BLOCKWRITE?LCD
  +--> ?PR?_WRITEDISPDATA?LCD



SYMBOL TABLE OF MODULE:  JD5858A_INN175_3W1L (MAIN)

  VALUE           TYPE          NAME
  ----------------------------------

  -------         MODULE        MAIN
  C:0000H         SYMBOL        _ICE_DUMMY_
  D:0080H         PUBLIC        P0
BL51 BANKED LINKER/LOCATER V6.22                                                      09/25/2021  09:56:52  PAGE 8


  X:0000H         PUBLIC        f_down
  D:0090H         PUBLIC        P1
  D:00A0H         PUBLIC        P2
  D:00B0H         PUBLIC        P3
  C:3EE4H         PUBLIC        USB_MaxPower
  B:00B0H.6       PUBLIC        KEY_STEP
  D:00A4H         PUBLIC        P0MDOUT
  D:00A5H         PUBLIC        P1MDOUT
  D:00A6H         PUBLIC        P2MDOUT
  D:00A7H         PUBLIC        P3MDOUT
  D:00AEH         PUBLIC        P4MDOUT
  B:0080H.6       PUBLIC        OE
  D:00D9H         PUBLIC        PCA0MD
  C:2795H         PUBLIC        USB_API_TEST_ISR
  C:003DH         PUBLIC        Suspend_Device
  C:3DF6H         PUBLIC        _StopDelay
  D:00E1H         PUBLIC        XBR0
  D:00E2H         PUBLIC        XBR1
  B:00B0H.1       PUBLIC        RS
  C:3EE9H         PUBLIC        main
  X:0001H         PUBLIC        VerifyCode0
  X:0002H         PUBLIC        VerifyCode1
  C:3EAEH         PUBLIC        USB_PID
  X:0003H         PUBLIC        VerifyCode2
  D:00F1H         PUBLIC        P0MDIN
  D:00F2H         PUBLIC        P1MDIN
  C:3EB0H         PUBLIC        USB_MfrStr
  D:00F4H         PUBLIC        P3MDIN
  C:3EACH         PUBLIC        USB_VID
  D:00F8H         PUBLIC        SPI0CN
  X:0004H         PUBLIC        pic
  C:3B5BH         PUBLIC        Devices_Init
  C:0947H         PUBLIC        ConnToUSB
  D:00A9H         PUBLIC        CLKSEL
  D:00B2H         PUBLIC        OSCICN
  C:3EE5H         PUBLIC        USB_PwAttributes
  C:4241H         PUBLIC        WaitKey
  C:3EE8H         SYMBOL        _?ix1000
  B:00A0H.0       PUBLIC        CS0
  X:0005H         PUBLIC        bf
  C:3EE6H         PUBLIC        USB_bcdDevice
  D:00B9H         PUBLIC        CLKMUL
  X:0007H         PUBLIC        f_debug
  X:0008H         PUBLIC        sd
  X:02D7H         PUBLIC        Packet
  C:3FC1H         PUBLIC        MCU_Init
  B:0080H.7       PUBLIC        DIR
  D:00EFH         PUBLIC        RSTSRC
  X:000CH         PUBLIC        f_read
  C:3EDAH         PUBLIC        USB_SerialStr
  X:000DH         PUBLIC        f_other
  C:3ECAH         PUBLIC        USB_ProductStr
  X:000EH         PUBLIC        f_para
  D:00A1H         PUBLIC        SPI0CFG
  C:41ACH         PUBLIC        _Delay
  B:00B0H.7       PUBLIC        KEY_Stop
  X:000FH         PUBLIC        f_init
BL51 BANKED LINKER/LOCATER V6.22                                                      09/25/2021  09:56:52  PAGE 9


  -------         PROC          MAIN
  C:3EE9H         LINE#         40
  C:3EE9H         LINE#         41
  C:3EE9H         LINE#         61
  C:3EECH         LINE#         63
  C:3EEFH         LINE#         64
  C:3EEFH         LINE#         68
  C:3EF5H         LINE#         69
  C:3EFFH         LINE#         71
  C:3F09H         LINE#         72
  C:3F13H         LINE#         73
  C:3F1DH         LINE#         75
  C:3F23H         LINE#         76
  C:3F2CH         LINE#         80
  C:3F2FH         LINE#         82
  C:3F31H         LINE#         83
  -------         ENDPROC       MAIN
  -------         PROC          _DELAY
  D:0006H         SYMBOL        dly
  -------         DO            
  D:0004H         SYMBOL        i
  D:0002H         SYMBOL        j
  -------         ENDDO         
  C:41ACH         LINE#         86
  C:41ACH         LINE#         87
  C:41ACH         LINE#         90
  C:41B6H         LINE#         91
  C:41CAH         LINE#         92
  -------         ENDPROC       _DELAY
  C:3DF2H         SYMBOL        L?0133
  -------         PROC          L?0132
  -------         ENDPROC       L?0132
  C:3DF2H         SYMBOL        L?0133
  -------         PROC          _STOPDELAY
  X:005DH         SYMBOL        sdly
  -------         DO            
  D:0006H         SYMBOL        i
  D:0004H         SYMBOL        j
  X:005FH         SYMBOL        k
  -------         ENDDO         
  C:3DF6H         LINE#         94
  C:3DFDH         LINE#         95
  C:3DFDH         LINE#         97
  C:3E02H         LINE#         98
  C:3E02H         LINE#         99
  C:3E05H         LINE#         100
  C:3E05H         LINE#         101
  C:3E12H         LINE#         102
  C:3E26H         LINE#         103
  C:3E26H         LINE#         105
  C:3E26H         LINE#         106
  C:3E30H         LINE#         107
  C:3E30H         LINE#         108
  C:3E46H         LINE#         109
  -------         ENDPROC       _STOPDELAY
  -------         PROC          WAITKEY
  C:4241H         LINE#         139
BL51 BANKED LINKER/LOCATER V6.22                                                      09/25/2021  09:56:52  PAGE 10


  C:4241H         LINE#         140
  C:4241H         LINE#         142
  C:4244H         LINE#         143
  C:4244H         LINE#         145
  C:4247H         LINE#         147
  C:4249H         LINE#         148
  C:4250H         LINE#         149
  C:4253H         LINE#         151
  -------         ENDPROC       WAITKEY
  -------         PROC          CONNTOUSB
  -------         DO            
  X:0061H         SYMBOL        i
  X:027FH         SYMBOL        reg_data
  X:0297H         SYMBOL        para_data
  D:0007H         SYMBOL        dat
  X:0062H         SYMBOL        reg_index
  X:0064H         SYMBOL        data_num
  X:0065H         SYMBOL        st
  -------         ENDDO         
  C:0947H         LINE#         157
  C:0947H         LINE#         158
  C:0947H         LINE#         165
  C:095AH         LINE#         167
  C:0962H         LINE#         168
  C:0962H         LINE#         169
  C:0970H         LINE#         170
  C:0970H         LINE#         171
  C:0981H         LINE#         172
  C:0981H         LINE#         173
  C:09A7H         LINE#         174
  C:09A9H         LINE#         175
  C:09BDH         LINE#         176
  C:09BDH         LINE#         177
  C:09E3H         LINE#         179
  C:09E3H         LINE#         180
  C:09E3H         LINE#         181
  C:09E3H         LINE#         183
  C:09E3H         LINE#         184
  C:09EBH         LINE#         185
  C:09F5H         LINE#         186
  C:09FFH         LINE#         188
  C:0A1BH         LINE#         190
  C:0A25H         LINE#         191
  C:0A25H         LINE#         192
  C:0A36H         LINE#         193
  C:0A36H         LINE#         194
  C:0A47H         LINE#         195
  C:0A47H         LINE#         196
  C:0A9AH         LINE#         197
  C:0A9CH         LINE#         198
  C:0AB2H         LINE#         199
  C:0AB2H         LINE#         200
  C:0B04H         LINE#         201
  C:0B04H         LINE#         202
  C:0B04H         LINE#         203
  C:0B04H         LINE#         205
  C:0B04H         LINE#         206
BL51 BANKED LINKER/LOCATER V6.22                                                      09/25/2021  09:56:52  PAGE 11


  C:0B0CH         LINE#         207
  C:0B0CH         LINE#         208
  C:0B16H         LINE#         209
  C:0B20H         LINE#         211
  C:0B24H         LINE#         212
  C:0B27H         LINE#         216
  C:0B2FH         LINE#         217
  C:0B2FH         LINE#         218
  C:0B3EH         LINE#         219
  C:0B3EH         LINE#         220
  C:0B40H         LINE#         222
  C:0B42H         LINE#         223
  C:0B5EH         LINE#         224
  C:0B60H         LINE#         226
  C:0B89H         LINE#         227
  C:0BADH         LINE#         228
  C:0BB7H         LINE#         229
  C:0BB7H         LINE#         230
  C:0BBFH         LINE#         231
  C:0BC6H         LINE#         232
  C:0BD1H         LINE#         233
  C:0BD7H         LINE#         234
  C:0BD7H         LINE#         235
  C:0BE0H         LINE#         237
  C:0BE4H         LINE#         238
  C:0BF0H         LINE#         239
  C:0BF3H         LINE#         242
  C:0BFBH         LINE#         243
  C:0BFBH         LINE#         244
  C:0C04H         LINE#         245
  C:0C04H         LINE#         246
  C:0C14H         LINE#         247
  C:0C14H         LINE#         248
  C:0C16H         LINE#         250
  C:0C18H         LINE#         251
  C:0C34H         LINE#         252
  C:0C36H         LINE#         254
  C:0C5FH         LINE#         255
  C:0C83H         LINE#         257
  C:0C8DH         LINE#         258
  C:0C8DH         LINE#         259
  C:0C95H         LINE#         260
  C:0C9CH         LINE#         261
  C:0CA7H         LINE#         262
  C:0CADH         LINE#         263
  C:0CADH         LINE#         265
  C:0CB6H         LINE#         271
  C:0CB6H         LINE#         272
  C:0CC3H         LINE#         273
  C:0CC3H         LINE#         274
  C:0CC5H         LINE#         276
  C:0CC7H         LINE#         277
  C:0CE3H         LINE#         278
  C:0CE5H         LINE#         280
  C:0CEDH         LINE#         281
  C:0CF1H         LINE#         282
  C:0CFDH         LINE#         283
BL51 BANKED LINKER/LOCATER V6.22                                                      09/25/2021  09:56:52  PAGE 12


  C:0CFDH         LINE#         284
  C:0D00H         LINE#         287
  C:0D08H         LINE#         288
  C:0D08H         LINE#         289
  C:0D19H         LINE#         290
  C:0D19H         LINE#         291
  C:0D26H         LINE#         292
  C:0D26H         LINE#         293
  C:0D44H         LINE#         294
  C:0D46H         LINE#         295
  C:0D56H         LINE#         296
  C:0D56H         LINE#         297
  C:0D74H         LINE#         298
  C:0D76H         LINE#         299
  C:0D87H         LINE#         300
  C:0D87H         LINE#         301
  C:0D91H         LINE#         302
  C:0D9BH         LINE#         303
  C:0D9BH         LINE#         304
  C:0D9BH         LINE#         305
  C:0D9BH         LINE#         307
  C:0D9BH         LINE#         308
  C:0DA4H         LINE#         309
  C:0DA8H         LINE#         310
  C:0DB4H         LINE#         311
  C:0DB7H         LINE#         314
  C:0DBFH         LINE#         315
  C:0DBFH         LINE#         316
  C:0DCCH         LINE#         317
  C:0DDDH         LINE#         319
  C:0DE6H         LINE#         320
  C:0DF5H         LINE#         322
  C:0DFDH         LINE#         323
  C:0DFDH         LINE#         324
  C:0E06H         LINE#         325
  C:0E15H         LINE#         326
  C:0E15H         LINE#         327
  C:0E18H         LINE#         328
  C:0E27H         LINE#         329
  C:0E33H         LINE#         330
  C:0E39H         LINE#         331
  C:0E39H         LINE#         333
  C:0E3DH         LINE#         334
  C:0E4CH         LINE#         336
  C:0E53H         LINE#         337
  C:0E6FH         LINE#         338
  C:0E79H         LINE#         339
  C:0E79H         LINE#         340
  C:0E9FH         LINE#         341
  C:0EB2H         LINE#         342
  C:0EB2H         LINE#         343
  C:0F04H         LINE#         344
  C:0F0CH         LINE#         345
  C:0F0CH         LINE#         346
  C:0F0CH         LINE#         349
  C:0F11H         LINE#         350
  C:0F11H         LINE#         351
BL51 BANKED LINKER/LOCATER V6.22                                                      09/25/2021  09:56:52  PAGE 13


  C:0F1EH         LINE#         352
  C:0F2FH         LINE#         354
  C:0F35H         LINE#         355
  C:0F39H         LINE#         356
  C:0F3DH         LINE#         357
  C:0F41H         LINE#         359
  C:0F45H         LINE#         360
  C:0F51H         LINE#         361
  C:0F53H         LINE#         362
  -------         ENDPROC       CONNTOUSB
  -------         PROC          MCU_INIT
  -------         DO            
  D:0007H         SYMBOL        n
  -------         ENDDO         
  C:3FC1H         LINE#         365
  C:3FC1H         LINE#         366
  C:3FC1H         LINE#         368
  C:3FC4H         LINE#         371
  C:3FC7H         LINE#         372
  C:3FCAH         LINE#         374
  C:3FCDH         LINE#         376
  C:3FD3H         LINE#         378
  C:3FD6H         LINE#         379
  C:3FDBH         LINE#         380
  C:3FDEH         LINE#         382
  C:3FE1H         LINE#         385
  C:3FE4H         LINE#         386
  C:3FE7H         LINE#         388
  C:3FEAH         LINE#         389
  C:3FEDH         LINE#         391
  C:3FF0H         LINE#         392
  C:3FF3H         LINE#         394
  C:3FF6H         LINE#         395
  C:3FF9H         LINE#         396
  C:3FFBH         LINE#         397
  C:3FFDH         LINE#         399
  C:4000H         LINE#         400
  C:4003H         LINE#         402
  -------         ENDPROC       MCU_INIT
  -------         PROC          DEVICES_INIT
  C:3B5BH         LINE#         404
  C:3B5BH         LINE#         405
  C:3B5BH         LINE#         407
  C:3B5EH         LINE#         410
  C:3B61H         LINE#         411
  C:3BBBH         LINE#         412
  C:3BBEH         LINE#         415
  C:3BC1H         LINE#         416
  C:3BC4H         LINE#         424
  -------         ENDPROC       DEVICES_INIT
  -------         PROC          SUSPEND_DEVICE
  C:003DH         LINE#         428
  C:003DH         LINE#         429
  C:003DH         LINE#         430
  -------         ENDPROC       SUSPEND_DEVICE
  -------         PROC          USB_API_TEST_ISR
  -------         DO            
BL51 BANKED LINKER/LOCATER V6.22                                                      09/25/2021  09:56:52  PAGE 14


  X:005BH         SYMBOL        INTVAL
  -------         ENDDO         
  C:2795H         LINE#         434
  C:27B2H         LINE#         436
  C:27B9H         LINE#         438
  C:27BFH         LINE#         439
  C:27BFH         LINE#         440
  C:27CAH         LINE#         442
  C:27E6H         LINE#         443
  C:27E6H         LINE#         444
  C:27E8H         LINE#         445
  C:27EAH         LINE#         446
  C:2800H         LINE#         447
  C:2800H         LINE#         448
  C:2802H         LINE#         449
  C:2804H         LINE#         450
  C:281CH         LINE#         451
  C:281CH         LINE#         452
  C:281EH         LINE#         453
  C:2820H         LINE#         454
  C:283AH         LINE#         455
  C:283AH         LINE#         456
  C:283CH         LINE#         457
  C:283EH         LINE#         458
  C:2853H         LINE#         459
  C:2853H         LINE#         460
  C:2855H         LINE#         461
  C:2857H         LINE#         463
  C:2857H         LINE#         464
  C:285CH         LINE#         465
  C:285CH         LINE#         466
  C:285CH         LINE#         468
  C:285CH         LINE#         469
  C:285CH         LINE#         471
  C:285CH         LINE#         473
  C:2862H         LINE#         474
  C:2862H         LINE#         475
  C:2865H         LINE#         476
  C:2865H         LINE#         478
  C:286BH         LINE#         479
  C:286BH         LINE#         480
  C:286EH         LINE#         481
  C:286EH         LINE#         483
  C:2874H         LINE#         484
  C:2874H         LINE#         485
  C:2890H         LINE#         486
  C:2890H         LINE#         488
  C:2896H         LINE#         489
  C:2896H         LINE#         490
  C:289BH         LINE#         491
  C:28B7H         LINE#         492
  C:28B7H         LINE#         493
  -------         ENDPROC       USB_API_TEST_ISR
  -------         ENDMOD        MAIN

  -------         MODULE        MMC_SD
  C:0000H         SYMBOL        _ICE_DUMMY_
BL51 BANKED LINKER/LOCATER V6.22                                                      09/25/2021  09:56:52  PAGE 15


  D:00A2H         PUBLIC        SPI0CKR
  D:0080H         PUBLIC        P0
  D:0090H         PUBLIC        P1
  D:00A0H         PUBLIC        P2
  D:00B0H         PUBLIC        P3
  C:3A00H         PUBLIC        _MMC_SD_SendCommand
  C:3BC7H         PUBLIC        _MMC_SD_ReadSingleBlock
  C:4254H         PUBLIC        SD_Init
  C:390BH         PUBLIC        _MMC_SD_WriteSingleBlock
  B:00F8H.7       PUBLIC        SPIF
  B:00F8H.2       PUBLIC        NSSMD0
  C:2FDEH         PUBLIC        MMC_SD_Reset
  D:00A9H         PUBLIC        CLKSEL
  C:427FH         PUBLIC        SPI_ReadByte
  C:420DH         PUBLIC        _SPI_WriteByte
  D:00A3H         PUBLIC        SPI0DAT
  X:007FH         PUBLIC        buffer
  C:4201H         SYMBOL        L?0062
  C:4206H         SYMBOL        L?0063
  -------         PROC          L?0061
  -------         ENDPROC       L?0061
  C:4201H         SYMBOL        L?0062
  C:4206H         SYMBOL        L?0063
  -------         PROC          _SPI_WRITEBYTE
  D:0007H         SYMBOL        val
  -------         DO            
  D:0007H         SYMBOL        ret
  -------         ENDDO         
  C:420DH         LINE#         7
  C:420DH         LINE#         8
  C:420DH         LINE#         11
  C:420FH         LINE#         12
  C:4212H         LINE#         13
  C:4214H         LINE#         14
  C:4216H         LINE#         15
  C:4216H         LINE#         16
  -------         ENDPROC       _SPI_WRITEBYTE
  -------         PROC          SPI_READBYTE
  -------         DO            
  D:0007H         SYMBOL        ret
  -------         ENDDO         
  C:427FH         LINE#         18
  C:427FH         LINE#         19
  C:427FH         LINE#         22
  C:4282H         LINE#         23
  C:4285H         LINE#         24
  C:4287H         LINE#         25
  C:4289H         LINE#         26
  C:4289H         LINE#         27
  -------         ENDPROC       SPI_READBYTE
  -------         PROC          _MMC_SD_SENDCOMMAND
  D:0006H         SYMBOL        cmd
  X:006BH         SYMBOL        arg
  -------         DO            
  D:0007H         SYMBOL        r1
  D:0003H         SYMBOL        retry
  -------         ENDDO         
BL51 BANKED LINKER/LOCATER V6.22                                                      09/25/2021  09:56:52  PAGE 16


  C:3A00H         LINE#         29
  C:3A02H         LINE#         30
  C:3A02H         LINE#         32
  C:3A04H         LINE#         34
  C:3A04H         LINE#         35
  C:3A04H         LINE#         36
  C:3A07H         LINE#         37
  C:3A07H         LINE#         38
  C:3A07H         LINE#         39
  C:3A0AH         LINE#         41
  C:3A0CH         LINE#         43
  C:3A13H         LINE#         44
  C:3A28H         LINE#         45
  C:3A3DH         LINE#         46
  C:3A52H         LINE#         47
  C:3A5CH         LINE#         48
  C:3A61H         LINE#         50
  C:3A69H         LINE#         51
  C:3A72H         LINE#         53
  C:3A74H         LINE#         55
  C:3A74H         LINE#         56
  -------         ENDPROC       _MMC_SD_SENDCOMMAND
  -------         PROC          MMC_SD_RESET
  -------         DO            
  D:0005H         SYMBOL        i
  D:0002H         SYMBOL        retry
  D:0006H         SYMBOL        r1
  -------         ENDDO         
  C:2FDEH         LINE#         58
  C:2FDEH         LINE#         59
  C:2FDEH         LINE#         62
  C:2FE0H         LINE#         64
  C:2FE1H         LINE#         65
  C:2FE4H         LINE#         66
  C:2FE7H         LINE#         68
  C:2FE7H         LINE#         69
  C:2FF3H         LINE#         70
  C:3003H         LINE#         71
  C:3004H         LINE#         72
  C:300AH         LINE#         73
  C:300EH         LINE#         75
  C:3010H         LINE#         77
  C:3010H         LINE#         79
  C:3010H         LINE#         80
  C:3020H         LINE#         81
  C:3021H         LINE#         82
  C:302AH         LINE#         83
  C:302EH         LINE#         85
  C:3030H         LINE#         86
  C:3040H         LINE#         87
  C:3041H         LINE#         88
  C:304AH         LINE#         89
  C:304DH         LINE#         91
  C:3050H         LINE#         92
  C:3050H         LINE#         93
  C:3052H         LINE#         95
  C:3052H         LINE#         96
BL51 BANKED LINKER/LOCATER V6.22                                                      09/25/2021  09:56:52  PAGE 17


  C:3062H         LINE#         97
  C:3063H         LINE#         98
  C:306CH         LINE#         99
  C:306FH         LINE#         100
  C:306FH         LINE#         101
  C:307FH         LINE#         103
  C:308DH         LINE#         104
  C:3090H         LINE#         105
  C:3093H         LINE#         106
  C:3094H         LINE#         107
  -------         ENDPROC       MMC_SD_RESET
  -------         PROC          _MMC_SD_READSINGLEBLOCK
  X:0010H         SYMBOL        sector
  -------         DO            
  D:0007H         SYMBOL        r1
  D:0004H         SYMBOL        i
  D:0002H         SYMBOL        retry
  -------         ENDDO         
  C:3BC7H         LINE#         109
  C:3BCCH         LINE#         110
  C:3BCCH         LINE#         113
  C:3BCEH         LINE#         115
  C:3BD1H         LINE#         117
  C:3BD1H         LINE#         118
  C:3BEDH         LINE#         119
  C:3BEEH         LINE#         120
  C:3BF7H         LINE#         121
  C:3BFAH         LINE#         124
  C:3BFCH         LINE#         126
  C:3C02H         LINE#         128
  C:3C05H         LINE#         129
  C:3C05H         LINE#         130
  C:3C14H         LINE#         131
  C:3C21H         LINE#         133
  C:3C21H         LINE#         134
  C:3C24H         LINE#         136
  C:3C26H         LINE#         137
  C:3C29H         LINE#         138
  C:3C2AH         LINE#         139
  -------         ENDPROC       _MMC_SD_READSINGLEBLOCK
  -------         PROC          _MMC_SD_WRITESINGLEBLOCK
  X:0066H         SYMBOL        sector
  -------         DO            
  D:0006H         SYMBOL        r1
  D:0004H         SYMBOL        i
  D:0002H         SYMBOL        retry
  -------         ENDDO         
  C:390BH         LINE#         141
  C:3910H         LINE#         142
  C:3910H         LINE#         145
  C:3912H         LINE#         147
  C:3915H         LINE#         149
  C:3915H         LINE#         150
  C:3933H         LINE#         151
  C:3934H         LINE#         152
  C:393DH         LINE#         153
  C:3940H         LINE#         157
BL51 BANKED LINKER/LOCATER V6.22                                                      09/25/2021  09:56:52  PAGE 18


  C:3942H         LINE#         159
  C:3947H         LINE#         161
  C:394CH         LINE#         163
  C:394EH         LINE#         164
  C:394EH         LINE#         165
  C:395DH         LINE#         166
  C:396AH         LINE#         168
  C:396AH         LINE#         169
  C:396AH         LINE#         171
  C:396FH         LINE#         173
  C:3976H         LINE#         174
  C:3976H         LINE#         175
  C:3978H         LINE#         176
  C:3979H         LINE#         177
  C:3979H         LINE#         179
  C:3981H         LINE#         181
  C:3983H         LINE#         182
  C:3986H         LINE#         183
  C:3987H         LINE#         184
  -------         ENDPROC       _MMC_SD_WRITESINGLEBLOCK
  -------         PROC          SD_INIT
  -------         DO            
  D:0001H         SYMBOL        n
  -------         ENDDO         
  C:4254H         LINE#         187
  C:4254H         LINE#         188
  C:4254H         LINE#         189
  C:4256H         LINE#         191
  C:425CH         LINE#         192
  C:425CH         LINE#         193
  C:425DH         LINE#         194
  C:4264H         LINE#         196
  -------         ENDPROC       SD_INIT
  -------         ENDMOD        MMC_SD

  -------         MODULE        LCD
  C:0000H         SYMBOL        _ICE_DUMMY_
  D:0080H         PUBLIC        P0
  C:32AAH         PUBLIC        DispFrame
  D:0090H         PUBLIC        P1
  C:3354H         PUBLIC        DispScaleVer_Green
  D:00A0H         PUBLIC        P2
  D:00B0H         PUBLIC        P3
  C:24B2H         PUBLIC        DispBand
  C:4040H         PUBLIC        _WriteData
  C:0F54H         PUBLIC        ascii
  C:1CCCH         PUBLIC        _LCD_Read_IC_ID
  D:00A6H         PUBLIC        P2MDOUT
  C:0046H         PUBLIC        _DispColor
  C:37FFH         PUBLIC        DispScaleVer_Blue
  C:36E3H         PUBLIC        _DrawGird
  C:3885H         PUBLIC        _DrawLine
  B:00D0H.7       PUBLIC        CY
  C:406FH         PUBLIC        _WriteComm
  C:3F47H         PUBLIC        _WriteDispData
  C:3652H         PUBLIC        DispScaleVer_Gray
  B:00B0H.1       PUBLIC        RS
BL51 BANKED LINKER/LOCATER V6.22                                                      09/25/2021  09:56:52  PAGE 19


  B:0090H.7       PUBLIC        SPI_CLK
  C:35C1H         PUBLIC        DispScaleVer_Red
  D:00F3H         PUBLIC        P2MDIN
  C:2A09H         PUBLIC        DispScaleVer
  C:3C2BH         PUBLIC        _DispPic
  C:2F43H         PUBLIC        _DispOneChar
  C:3988H         PUBLIC        DispGrayHor32
  C:3490H         PUBLIC        DispGrayHor16
  C:3095H         PUBLIC        _DispInt
  C:3E47H         PUBLIC        _PutPixel
  D:00A9H         PUBLIC        CLKSEL
  B:0090H.6       PUBLIC        RD0
  B:00A0H.0       PUBLIC        CS0
  X:0059H         PUBLIC        LCM_ID
  C:008EH         PUBLIC        LCD_Init
  C:352BH         PUBLIC        _DispStr
  B:0090H.7       PUBLIC        WR0
  C:1EFEH         PUBLIC        DispScaleHor1
  B:0090H.6       PUBLIC        SPI_DI
  C:428AH         PUBLIC        _WriteOneDot
  C:22F8H         PUBLIC        DispScaleHor2
  C:2D5DH         PUBLIC        _DispPicFromSD
  B:0080H.7       PUBLIC        DIR
  C:3C8EH         PUBLIC        _ToOrd
  B:0080H.5       PUBLIC        RST
  C:4217H         PUBLIC        ReadData
  C:340EH         PUBLIC        _?BlockWrite
  -------         PROC          _LCD_READ_IC_ID
  X:0066H         SYMBOL        ID
  D:0004H         SYMBOL        Bug
  D:0003H         SYMBOL        flog
  -------         DO            
  X:0067H         SYMBOL        id
  X:0069H         SYMBOL        id1
  X:006BH         SYMBOL        temp
  D:0005H         SYMBOL        i
  D:0007H         SYMBOL        dat
  D:0001H         SYMBOL        id2
  X:006DH         SYMBOL        id3
  D:0002H         SYMBOL        id4
  -------         ENDDO         
  C:1CCCH         LINE#         35
  C:1CD0H         LINE#         36
  C:1CD0H         LINE#         40
  C:1CD8H         LINE#         41
  C:1CD8H         LINE#         43
  C:1CDAH         LINE#         44
  C:1CDCH         LINE#         45
  C:1CDEH         LINE#         47
  C:1CE1H         LINE#         48
  C:1CE3H         LINE#         49
  C:1CE5H         LINE#         50
  C:1CE7H         LINE#         53
  C:1CEAH         LINE#         54
  C:1CEDH         LINE#         55
  C:1CF0H         LINE#         56
  C:1CF2H         LINE#         57
BL51 BANKED LINKER/LOCATER V6.22                                                      09/25/2021  09:56:52  PAGE 20


  C:1CF4H         LINE#         58
  C:1CF6H         LINE#         63
  C:1D00H         LINE#         65
  C:1D06H         LINE#         66
  C:1D0EH         LINE#         68
  C:1D14H         LINE#         69
  C:1D1AH         LINE#         70
  C:1D24H         LINE#         72
  C:1D2AH         LINE#         73
  C:1D2CH         LINE#         75
  C:1D32H         LINE#         77
  C:1D38H         LINE#         78
  C:1D42H         LINE#         80
  C:1D48H         LINE#         81
  C:1D4DH         LINE#         83
  C:1D53H         LINE#         85
  C:1D5DH         LINE#         86
  C:1D67H         LINE#         88
  C:1D6DH         LINE#         89
  C:1D6FH         LINE#         91
  C:1D7FH         LINE#         92
  C:1D89H         LINE#         94
  C:1D8CH         LINE#         95
  C:1D90H         LINE#         96
  C:1D90H         LINE#         97
  C:1D99H         LINE#         98
  C:1D9FH         LINE#         99
  C:1D9FH         LINE#         100
  C:1DA9H         LINE#         101
  C:1DABH         LINE#         102
  C:1DAFH         LINE#         103
  C:1DAFH         LINE#         104
  C:1DBEH         LINE#         105
  C:1DBEH         LINE#         108
  C:1DBEH         LINE#         109
  C:1DC7H         LINE#         110
  C:1DC7H         LINE#         112
  C:1DCAH         LINE#         113
  C:1DCEH         LINE#         114
  C:1DD0H         LINE#         115
  C:1DD2H         LINE#         116
  C:1DD4H         LINE#         117
  C:1DD4H         LINE#         118
  C:1DD6H         LINE#         119
  C:1DDEH         LINE#         120
  C:1DE0H         LINE#         122
  C:1DE2H         LINE#         123
  C:1DE6H         LINE#         124
  C:1DEBH         LINE#         125
  C:1DEEH         LINE#         128
  C:1DF8H         LINE#         129
  C:1DF8H         LINE#         130
  C:1DFAH         LINE#         131
  C:1DFAH         LINE#         132
  C:1DFCH         LINE#         133
  C:1DFEH         LINE#         134
  C:1E00H         LINE#         135
BL51 BANKED LINKER/LOCATER V6.22                                                      09/25/2021  09:56:52  PAGE 21


  C:1E17H         LINE#         136
  C:1E19H         LINE#         137
  C:1E1BH         LINE#         138
  C:1E22H         LINE#         139
  C:1E2CH         LINE#         140
  C:1E2CH         LINE#         141
  C:1E2EH         LINE#         142
  C:1E2EH         LINE#         143
  C:1E30H         LINE#         144
  C:1E32H         LINE#         145
  C:1E34H         LINE#         146
  C:1E4BH         LINE#         147
  C:1E4DH         LINE#         148
  C:1E4FH         LINE#         149
  C:1E54H         LINE#         150
  C:1E54H         LINE#         152
  C:1E56H         LINE#         153
  C:1E56H         LINE#         154
  C:1E58H         LINE#         155
  C:1E5AH         LINE#         156
  C:1E5CH         LINE#         157
  C:1E73H         LINE#         158
  C:1E75H         LINE#         159
  C:1E77H         LINE#         160
  C:1E7CH         LINE#         162
  C:1E7EH         LINE#         163
  C:1E7EH         LINE#         164
  C:1E80H         LINE#         165
  C:1E82H         LINE#         166
  C:1E84H         LINE#         167
  C:1E8EH         LINE#         168
  C:1E90H         LINE#         169
  C:1E92H         LINE#         170
  C:1E97H         LINE#         172
  C:1E99H         LINE#         173
  C:1E99H         LINE#         174
  C:1E9BH         LINE#         175
  C:1E9DH         LINE#         176
  C:1E9FH         LINE#         177
  C:1EABH         LINE#         178
  C:1EADH         LINE#         179
  C:1EAFH         LINE#         180
  C:1EB4H         LINE#         181
  C:1EB7H         LINE#         182
  C:1EB9H         LINE#         183
  C:1EBBH         LINE#         184
  C:1EBDH         LINE#         185
  C:1EBFH         LINE#         186
  C:1EC1H         LINE#         187
  C:1EC3H         LINE#         189
  C:1EC7H         LINE#         190
  C:1EC7H         LINE#         191
  C:1ED7H         LINE#         193
  C:1EE2H         LINE#         194
  C:1EE2H         LINE#         195
  C:1EE2H         LINE#         197
  C:1EE8H         LINE#         198
BL51 BANKED LINKER/LOCATER V6.22                                                      09/25/2021  09:56:52  PAGE 22


  C:1EE8H         LINE#         199
  C:1EF4H         LINE#         200
  C:1EF4H         LINE#         202
  C:1EF4H         LINE#         203
  C:1EF6H         LINE#         204
  C:1EFDH         LINE#         205
  -------         ENDPROC       _LCD_READ_IC_ID
  -------         PROC          _WRITECOMM
  D:0004H         SYMBOL        i
  -------         DO            
  D:0003H         SYMBOL        j
  X:007EH         SYMBOL        DataH
  -------         ENDDO         
  C:406FH         LINE#         208
  C:4073H         LINE#         209
  C:4073H         LINE#         211
  C:4077H         LINE#         212
  C:4079H         LINE#         243
  C:4079H         LINE#         244
  C:407BH         LINE#         245
  C:407DH         LINE#         246
  C:407FH         LINE#         247
  C:4081H         LINE#         248
  C:4081H         LINE#         249
  C:4085H         LINE#         250
  C:4089H         LINE#         252
  C:408BH         LINE#         253
  C:4092H         LINE#         254
  C:4094H         LINE#         255
  C:4096H         LINE#         256
  C:409BH         LINE#         257
  C:409BH         LINE#         319
  C:409DH         LINE#         320
  -------         ENDPROC       _WRITECOMM
  -------         PROC          L?0467
  -------         ENDPROC       L?0467
  -------         PROC          _WRITEDATA
  D:0004H         SYMBOL        i
  -------         DO            
  D:0003H         SYMBOL        j
  X:007EH         SYMBOL        DataH
  -------         ENDDO         
  C:4040H         LINE#         322
  C:4044H         LINE#         323
  C:4044H         LINE#         325
  C:4048H         LINE#         326
  C:404AH         LINE#         361
  C:404AH         LINE#         403
  C:404CH         LINE#         404
  C:404EH         LINE#         405
  C:4050H         LINE#         406
  C:4052H         LINE#         407
  C:4052H         LINE#         408
  C:4056H         LINE#         409
  C:405AH         LINE#         411
  C:405CH         LINE#         412
  C:4063H         LINE#         413
BL51 BANKED LINKER/LOCATER V6.22                                                      09/25/2021  09:56:52  PAGE 23


  C:4065H         LINE#         414
  C:4067H         LINE#         416
  C:406CH         LINE#         418
  C:406CH         LINE#         513
  C:406EH         LINE#         514
  -------         ENDPROC       _WRITEDATA
  C:3F32H         SYMBOL        L?0466
  -------         PROC          L?0465
  -------         ENDPROC       L?0465
  C:3F32H         SYMBOL        L?0466
  -------         PROC          _WRITEDISPDATA
  D:0007H         SYMBOL        DataH
  D:0005H         SYMBOL        DataL
  -------         DO            
  D:0006H         SYMBOL        j
  -------         ENDDO         
  C:3F47H         LINE#         516
  C:3F47H         LINE#         517
  C:3F47H         LINE#         519
  C:3F49H         LINE#         553
  C:3F49H         LINE#         554
  C:3F4BH         LINE#         555
  C:3F4DH         LINE#         556
  C:3F4FH         LINE#         557
  C:3F51H         LINE#         558
  C:3F51H         LINE#         559
  C:3F55H         LINE#         560
  C:3F57H         LINE#         561
  C:3F59H         LINE#         562
  C:3F5BH         LINE#         563
  C:3F60H         LINE#         565
  C:3F62H         LINE#         566
  C:3F64H         LINE#         567
  C:3F66H         LINE#         568
  C:3F68H         LINE#         569
  C:3F68H         LINE#         570
  C:3F6CH         LINE#         571
  C:3F6EH         LINE#         572
  C:3F70H         LINE#         573
  C:3F72H         LINE#         574
  C:3F77H         LINE#         575
  C:3F77H         LINE#         638
  C:3F79H         LINE#         639
  -------         ENDPROC       _WRITEDISPDATA
  -------         PROC          _WRITEONEDOT
  D:0004H         SYMBOL        color
  C:428AH         LINE#         641
  C:428EH         LINE#         642
  C:428EH         LINE#         655
  -------         ENDPROC       _WRITEONEDOT
  -------         PROC          LCD_INIT
  C:008EH         LINE#         664
  C:008EH         LINE#         665
  C:008EH         LINE#         666
  C:0091H         LINE#         669
  C:0093H         LINE#         670
  C:009AH         LINE#         672
BL51 BANKED LINKER/LOCATER V6.22                                                      09/25/2021  09:56:52  PAGE 24


  C:009CH         LINE#         673
  C:00A3H         LINE#         675
  C:00A5H         LINE#         676
  C:00ACH         LINE#         4945
  C:00B3H         LINE#         4946
  C:00B8H         LINE#         4947
  C:00BBH         LINE#         4948
  C:00C0H         LINE#         4951
  C:00C5H         LINE#         4952
  C:00CAH         LINE#         4956
  C:00CFH         LINE#         4957
  C:00D4H         LINE#         4958
  C:00D9H         LINE#         4961
  C:00DEH         LINE#         4962
  C:00E3H         LINE#         4963
  C:00E8H         LINE#         4964
  C:00EDH         LINE#         4965
  C:00F2H         LINE#         4966
  C:00F7H         LINE#         4967
  C:00FCH         LINE#         4970
  C:0101H         LINE#         4971
  C:0106H         LINE#         4972
  C:010BH         LINE#         4973
  C:0110H         LINE#         4974
  C:0113H         LINE#         4975
  C:0118H         LINE#         4976
  C:011BH         LINE#         4979
  C:0120H         LINE#         4980
  C:0125H         LINE#         4981
  C:012AH         LINE#         4985
  C:012FH         LINE#         4986
  C:0134H         LINE#         4987
  C:0139H         LINE#         4988
  C:013EH         LINE#         4989
  C:0143H         LINE#         4990
  C:0148H         LINE#         4991
  C:014DH         LINE#         4992
  C:0152H         LINE#         4993
  C:0157H         LINE#         4994
  C:015CH         LINE#         4995
  C:0161H         LINE#         4996
  C:0166H         LINE#         4997
  C:016BH         LINE#         4998
  C:0170H         LINE#         4999
  C:0175H         LINE#         5000
  C:017AH         LINE#         5001
  C:017FH         LINE#         5002
  C:0184H         LINE#         5003
  C:0189H         LINE#         5004
  C:018EH         LINE#         5005
  C:0193H         LINE#         5006
  C:0198H         LINE#         5007
  C:019DH         LINE#         5008
  C:01A2H         LINE#         5009
  C:01A7H         LINE#         5010
  C:01ACH         LINE#         5011
  C:01B1H         LINE#         5012
BL51 BANKED LINKER/LOCATER V6.22                                                      09/25/2021  09:56:52  PAGE 25


  C:01B6H         LINE#         5013
  C:01BBH         LINE#         5014
  C:01C0H         LINE#         5015
  C:01C5H         LINE#         5016
  C:01CAH         LINE#         5017
  C:01CFH         LINE#         5018
  C:01D4H         LINE#         5019
  C:01D9H         LINE#         5020
  C:01DEH         LINE#         5021
  C:01E3H         LINE#         5022
  C:01E8H         LINE#         5023
  C:01EDH         LINE#         5025
  C:01F2H         LINE#         5026
  C:01F7H         LINE#         5028
  C:01FCH         LINE#         5029
  C:0201H         LINE#         5030
  C:0204H         LINE#         5033
  C:0209H         LINE#         5034
  C:020EH         LINE#         5035
  C:0213H         LINE#         5036
  C:0218H         LINE#         5037
  C:021CH         LINE#         5038
  C:021FH         LINE#         5039
  C:0223H         LINE#         5040
  C:0227H         LINE#         5041
  C:022AH         LINE#         5042
  C:022EH         LINE#         5043
  C:0233H         LINE#         5044
  C:0238H         LINE#         5045
  C:023DH         LINE#         5046
  C:0242H         LINE#         5047
  C:0247H         LINE#         5048
  C:024CH         LINE#         5049
  C:0251H         LINE#         5050
  C:0256H         LINE#         5051
  C:025BH         LINE#         5052
  C:0260H         LINE#         5053
  C:0265H         LINE#         5054
  C:026AH         LINE#         5055
  C:026FH         LINE#         5056
  C:0274H         LINE#         5057
  C:0279H         LINE#         5058
  C:027EH         LINE#         5059
  C:0283H         LINE#         5060
  C:0288H         LINE#         5061
  C:028BH         LINE#         5062
  C:028EH         LINE#         5066
  C:0293H         LINE#         5067
  C:0298H         LINE#         5068
  C:029DH         LINE#         5069
  C:02A2H         LINE#         5070
  C:02A7H         LINE#         5071
  C:02ACH         LINE#         5072
  C:02B1H         LINE#         5073
  C:02B6H         LINE#         5074
  C:02BBH         LINE#         5075
  C:02C0H         LINE#         5076
BL51 BANKED LINKER/LOCATER V6.22                                                      09/25/2021  09:56:52  PAGE 26


  C:02C5H         LINE#         5077
  C:02CAH         LINE#         5078
  C:02CFH         LINE#         5079
  C:02D4H         LINE#         5080
  C:02D9H         LINE#         5081
  C:02DEH         LINE#         5082
  C:02E3H         LINE#         5083
  C:02E8H         LINE#         5084
  C:02EDH         LINE#         5085
  C:02F2H         LINE#         5086
  C:02F7H         LINE#         5087
  C:02FAH         LINE#         5088
  C:02FFH         LINE#         5089
  C:0304H         LINE#         5090
  C:0307H         LINE#         5091
  C:030CH         LINE#         5092
  C:0311H         LINE#         5093
  C:0314H         LINE#         5097
  C:0319H         LINE#         5098
  C:031EH         LINE#         5099
  C:0321H         LINE#         5100
  C:0326H         LINE#         5101
  C:0329H         LINE#         5102
  C:032EH         LINE#         5103
  C:0333H         LINE#         5104
  C:0336H         LINE#         5105
  C:033BH         LINE#         5106
  C:0340H         LINE#         5107
  C:0343H         LINE#         5108
  C:0348H         LINE#         5109
  C:034CH         LINE#         5110
  C:034FH         LINE#         5111
  C:0353H         LINE#         5112
  C:0358H         LINE#         5113
  C:035DH         LINE#         5114
  C:0361H         LINE#         5115
  C:0365H         LINE#         5116
  C:036AH         LINE#         5117
  C:036FH         LINE#         5118
  C:0374H         LINE#         5119
  C:0379H         LINE#         5120
  C:037EH         LINE#         5121
  C:0383H         LINE#         5122
  C:0388H         LINE#         5123
  C:038BH         LINE#         5124
  C:038EH         LINE#         5125
  C:0391H         LINE#         5129
  C:0396H         LINE#         5130
  C:039BH         LINE#         5131
  C:03A0H         LINE#         5132
  C:03A3H         LINE#         5133
  C:03A8H         LINE#         5134
  C:03ADH         LINE#         5135
  C:03B2H         LINE#         5136
  C:03B5H         LINE#         5137
  C:03BAH         LINE#         5138
  C:03BFH         LINE#         5139
BL51 BANKED LINKER/LOCATER V6.22                                                      09/25/2021  09:56:52  PAGE 27


  C:03C4H         LINE#         5140
  C:03C9H         LINE#         5141
  C:03CCH         LINE#         5142
  C:03CFH         LINE#         5143
  C:03D2H         LINE#         5144
  C:03D7H         LINE#         5145
  C:03DCH         LINE#         5146
  C:03DFH         LINE#         5147
  C:03E2H         LINE#         5148
  C:03E5H         LINE#         5149
  C:03E8H         LINE#         5152
  C:03EDH         LINE#         5153
  C:03F2H         LINE#         5154
  C:03F7H         LINE#         5155
  C:03FCH         LINE#         5156
  C:0401H         LINE#         5157
  C:0406H         LINE#         5158
  C:040BH         LINE#         5159
  C:0410H         LINE#         5160
  C:0415H         LINE#         5161
  C:041AH         LINE#         5162
  C:041FH         LINE#         5163
  C:0424H         LINE#         5164
  C:0429H         LINE#         5165
  C:042EH         LINE#         5166
  C:0433H         LINE#         5167
  C:0438H         LINE#         5168
  C:043DH         LINE#         5169
  C:0442H         LINE#         5170
  C:0447H         LINE#         5171
  C:044CH         LINE#         5172
  C:0451H         LINE#         5173
  C:0456H         LINE#         5174
  C:045BH         LINE#         5175
  C:0460H         LINE#         5176
  C:0465H         LINE#         5177
  C:046AH         LINE#         5181
  C:046FH         LINE#         5182
  C:0474H         LINE#         5183
  C:0477H         LINE#         5184
  C:047AH         LINE#         5185
  C:047FH         LINE#         5186
  C:0484H         LINE#         5187
  C:0487H         LINE#         5188
  C:048AH         LINE#         5189
  C:048DH         LINE#         5190
  C:0492H         LINE#         5191
  C:0497H         LINE#         5192
  C:049AH         LINE#         5193
  C:049DH         LINE#         5194
  C:04A2H         LINE#         5195
  C:04A7H         LINE#         5196
  C:04AAH         LINE#         5197
  C:04ADH         LINE#         5198
  C:04B0H         LINE#         5199
  C:04B3H         LINE#         5200
  C:04B6H         LINE#         5203
BL51 BANKED LINKER/LOCATER V6.22                                                      09/25/2021  09:56:52  PAGE 28


  C:04BBH         LINE#         5204
  C:04C0H         LINE#         5205
  C:04C5H         LINE#         5206
  C:04C8H         LINE#         5207
  C:04CBH         LINE#         5208
  C:04CFH         LINE#         5209
  C:04D4H         LINE#         5210
  C:04D9H         LINE#         5211
  C:04DEH         LINE#         5212
  C:04E3H         LINE#         5213
  C:04E8H         LINE#         5214
  C:04EBH         LINE#         5215
  C:04EEH         LINE#         5216
  C:04F1H         LINE#         5217
  C:04F4H         LINE#         5218
  C:04F7H         LINE#         5219
  C:04FAH         LINE#         5220
  C:04FDH         LINE#         5221
  C:0500H         LINE#         5222
  C:0503H         LINE#         5223
  C:0506H         LINE#         5224
  C:0509H         LINE#         5225
  C:050CH         LINE#         5226
  C:050FH         LINE#         5227
  C:0512H         LINE#         5228
  C:0515H         LINE#         5229
  C:0518H         LINE#         5230
  C:051BH         LINE#         5233
  C:0520H         LINE#         5234
  C:0525H         LINE#         5235
  C:052AH         LINE#         5236
  C:052DH         LINE#         5237
  C:0530H         LINE#         5238
  C:0533H         LINE#         5239
  C:0536H         LINE#         5240
  C:0539H         LINE#         5241
  C:053CH         LINE#         5242
  C:053FH         LINE#         5243
  C:0542H         LINE#         5244
  C:0545H         LINE#         5245
  C:054AH         LINE#         5246
  C:054FH         LINE#         5247
  C:0554H         LINE#         5248
  C:0559H         LINE#         5249
  C:055DH         LINE#         5250
  C:0561H         LINE#         5251
  C:0565H         LINE#         5252
  C:0569H         LINE#         5253
  C:056DH         LINE#         5254
  C:0572H         LINE#         5255
  C:0575H         LINE#         5256
  C:0578H         LINE#         5257
  C:057BH         LINE#         5258
  C:057EH         LINE#         5259
  C:0581H         LINE#         5260
  C:0584H         LINE#         5263
  C:0589H         LINE#         5264
BL51 BANKED LINKER/LOCATER V6.22                                                      09/25/2021  09:56:52  PAGE 29


  C:058EH         LINE#         5265
  C:0593H         LINE#         5266
  C:0596H         LINE#         5267
  C:0599H         LINE#         5268
  C:059EH         LINE#         5269
  C:05A3H         LINE#         5270
  C:05A8H         LINE#         5271
  C:05ADH         LINE#         5272
  C:05B2H         LINE#         5273
  C:05B7H         LINE#         5274
  C:05BAH         LINE#         5275
  C:05BDH         LINE#         5276
  C:05C0H         LINE#         5277
  C:05C3H         LINE#         5278
  C:05C6H         LINE#         5279
  C:05C9H         LINE#         5280
  C:05CCH         LINE#         5281
  C:05CFH         LINE#         5282
  C:05D2H         LINE#         5283
  C:05D5H         LINE#         5284
  C:05D8H         LINE#         5285
  C:05DBH         LINE#         5286
  C:05DEH         LINE#         5287
  C:05E1H         LINE#         5288
  C:05E4H         LINE#         5289
  C:05E7H         LINE#         5290
  C:05EAH         LINE#         5293
  C:05EFH         LINE#         5294
  C:05F4H         LINE#         5295
  C:05F9H         LINE#         5296
  C:05FCH         LINE#         5297
  C:05FFH         LINE#         5298
  C:0602H         LINE#         5299
  C:0605H         LINE#         5300
  C:0608H         LINE#         5301
  C:060BH         LINE#         5302
  C:060EH         LINE#         5303
  C:0611H         LINE#         5304
  C:0614H         LINE#         5305
  C:0617H         LINE#         5306
  C:061CH         LINE#         5307
  C:0621H         LINE#         5308
  C:0626H         LINE#         5309
  C:062AH         LINE#         5310
  C:062EH         LINE#         5311
  C:0632H         LINE#         5312
  C:0636H         LINE#         5313
  C:063AH         LINE#         5314
  C:063FH         LINE#         5315
  C:0642H         LINE#         5316
  C:0645H         LINE#         5317
  C:0648H         LINE#         5318
  C:064BH         LINE#         5319
  C:064EH         LINE#         5320
  C:0651H         LINE#         5323
  C:0656H         LINE#         5324
  C:065BH         LINE#         5325
BL51 BANKED LINKER/LOCATER V6.22                                                      09/25/2021  09:56:52  PAGE 30


  C:065EH         LINE#         5326
  C:0661H         LINE#         5327
  C:0664H         LINE#         5328
  C:0669H         LINE#         5329
  C:066EH         LINE#         5330
  C:0673H         LINE#         5331
  C:0676H         LINE#         5332
  C:067BH         LINE#         5333
  C:067EH         LINE#         5334
  C:0681H         LINE#         5335
  C:0686H         LINE#         5336
  C:0689H         LINE#         5337
  C:068CH         LINE#         5338
  C:068FH         LINE#         5339
  C:0692H         LINE#         5340
  C:0695H         LINE#         5341
  C:0698H         LINE#         5342
  C:069BH         LINE#         5343
  C:06A0H         LINE#         5344
  C:06A3H         LINE#         5345
  C:06A6H         LINE#         5346
  C:06A9H         LINE#         5347
  C:06ACH         LINE#         5348
  C:06AFH         LINE#         5349
  C:06B2H         LINE#         5352
  C:06B7H         LINE#         5353
  C:06BCH         LINE#         5354
  C:06C1H         LINE#         5355
  C:06C6H         LINE#         5356
  C:06C9H         LINE#         5357
  C:06CEH         LINE#         5358
  C:06D3H         LINE#         5359
  C:06D7H         LINE#         5360
  C:06DCH         LINE#         5361
  C:06E1H         LINE#         5362
  C:06E6H         LINE#         5363
  C:06EBH         LINE#         5364
  C:06EEH         LINE#         5365
  C:06F1H         LINE#         5366
  C:06F6H         LINE#         5367
  C:06FBH         LINE#         5368
  C:06FEH         LINE#         5369
  C:0701H         LINE#         5370
  C:0706H         LINE#         5371
  C:070BH         LINE#         5372
  C:0710H         LINE#         5373
  C:0715H         LINE#         5374
  C:071AH         LINE#         5375
  C:071FH         LINE#         5376
  C:0724H         LINE#         5377
  C:0727H         LINE#         5378
  C:072CH         LINE#         5379
  C:0731H         LINE#         5380
  C:0736H         LINE#         5381
  C:073BH         LINE#         5382
  C:0740H         LINE#         5383
  C:0745H         LINE#         5384
BL51 BANKED LINKER/LOCATER V6.22                                                      09/25/2021  09:56:52  PAGE 31


  C:0748H         LINE#         5387
  C:074DH         LINE#         5388
  C:0752H         LINE#         5389
  C:0755H         LINE#         5390
  C:075AH         LINE#         5391
  C:075FH         LINE#         5392
  C:0764H         LINE#         5393
  C:0769H         LINE#         5394
  C:076EH         LINE#         5395
  C:0773H         LINE#         5396
  C:0778H         LINE#         5397
  C:077DH         LINE#         5398
  C:0782H         LINE#         5399
  C:0787H         LINE#         5400
  C:078CH         LINE#         5401
  C:0791H         LINE#         5402
  C:0796H         LINE#         5403
  C:079BH         LINE#         5404
  C:07A0H         LINE#         5405
  C:07A5H         LINE#         5406
  C:07AAH         LINE#         5409
  C:07AFH         LINE#         5410
  C:07B4H         LINE#         5411
  C:07B9H         LINE#         5412
  C:07BEH         LINE#         5413
  C:07C3H         LINE#         5414
  C:07C8H         LINE#         5415
  C:07CDH         LINE#         5416
  C:07D2H         LINE#         5417
  C:07D7H         LINE#         5418
  C:07DCH         LINE#         5419
  C:07E1H         LINE#         5420
  C:07E6H         LINE#         5421
  C:07EBH         LINE#         5422
  C:07F0H         LINE#         5423
  C:07F5H         LINE#         5424
  C:07FAH         LINE#         5425
  C:07FFH         LINE#         5426
  C:0804H         LINE#         5427
  C:0809H         LINE#         5428
  C:080EH         LINE#         5429
  C:0813H         LINE#         5430
  C:0818H         LINE#         5431
  C:081DH         LINE#         5432
  C:0822H         LINE#         5433
  C:0827H         LINE#         5434
  C:082CH         LINE#         5435
  C:0831H         LINE#         5436
  C:0836H         LINE#         5437
  C:083BH         LINE#         5439
  C:0840H         LINE#         5440
  C:0845H         LINE#         5441
  C:0848H         LINE#         5442
  C:084DH         LINE#         5443
  C:0852H         LINE#         5444
  C:0857H         LINE#         5445
  C:085CH         LINE#         5446
BL51 BANKED LINKER/LOCATER V6.22                                                      09/25/2021  09:56:52  PAGE 32


  C:0861H         LINE#         5447
  C:0866H         LINE#         5448
  C:086BH         LINE#         5449
  C:0870H         LINE#         5450
  C:0875H         LINE#         5451
  C:087AH         LINE#         5452
  C:087FH         LINE#         5453
  C:0884H         LINE#         5454
  C:0889H         LINE#         5455
  C:088EH         LINE#         5456
  C:0893H         LINE#         5457
  C:0898H         LINE#         5458
  C:089DH         LINE#         5459
  C:08A2H         LINE#         5460
  C:08A7H         LINE#         5461
  C:08ACH         LINE#         5462
  C:08B1H         LINE#         5463
  C:08B6H         LINE#         5464
  C:08BBH         LINE#         5465
  C:08C0H         LINE#         5466
  C:08C3H         LINE#         5467
  C:08C6H         LINE#         5468
  C:08C9H         LINE#         5469
  C:08CCH         LINE#         5470
  C:08CFH         LINE#         5473
  C:08D4H         LINE#         5474
  C:08D9H         LINE#         5476
  C:08DEH         LINE#         5477
  C:08E3H         LINE#         5478
  C:08E8H         LINE#         5479
  C:08EBH         LINE#         5482
  C:08F0H         LINE#         5483
  C:08F5H         LINE#         5486
  C:08FAH         LINE#         5487
  C:08FFH         LINE#         5490
  C:0904H         LINE#         5491
  C:0909H         LINE#         5494
  C:090EH         LINE#         5495
  C:0913H         LINE#         5498
  C:0918H         LINE#         5499
  C:091DH         LINE#         5502
  C:0922H         LINE#         5503
  C:0927H         LINE#         5506
  C:092CH         LINE#         5507
  C:0931H         LINE#         5510
  C:0936H         LINE#         5511
  C:093BH         LINE#         5515
  C:0942H         LINE#         5516
  -------         ENDPROC       LCD_INIT
  C:33F5H         SYMBOL        L?0459
  C:33FDH         SYMBOL        L?0460
  C:3406H         SYMBOL        L?0461
  -------         PROC          L?0458
  -------         ENDPROC       L?0458
  C:33F5H         SYMBOL        L?0459
  C:33FDH         SYMBOL        L?0460
  C:3406H         SYMBOL        L?0461
BL51 BANKED LINKER/LOCATER V6.22                                                      09/25/2021  09:56:52  PAGE 33


  -------         PROC          _?BLOCKWRITE
  p:0000H         SYMBOL        Xstart
  p:0002H         SYMBOL        Xend
  p:0004H         SYMBOL        Ystart
  p:0006H         SYMBOL        Yend
  C:340EH         LINE#         6283
  C:342FH         LINE#         6399
  C:3436H         LINE#         6400
  C:343DH         LINE#         6401
  C:3445H         LINE#         6402
  C:3450H         LINE#         6403
  C:345AH         LINE#         6405
  C:345FH         LINE#         6406
  C:3469H         LINE#         6408
  C:3470H         LINE#         6409
  C:347AH         LINE#         6410
  C:3481H         LINE#         6416
  C:3486H         LINE#         6419
  C:3489H         LINE#         6424
  -------         ENDPROC       _?BLOCKWRITE
  -------         PROC          _DISPCOLOR
  D:0004H         SYMBOL        color
  -------         DO            
  X:005DH         SYMBOL        i
  D:0002H         SYMBOL        m
  X:005FH         SYMBOL        DataH
  X:0060H         SYMBOL        DataL
  -------         ENDDO         
  C:0046H         LINE#         6479
  C:0048H         LINE#         6480
  C:0048H         LINE#         6483
  C:004EH         LINE#         6485
  C:0051H         LINE#         6487
  C:0053H         LINE#         6488
  C:0059H         LINE#         6489
  C:0059H         LINE#         6490
  C:005CH         LINE#         6491
  C:005CH         LINE#         6492
  C:0066H         LINE#         6493
  C:0071H         LINE#         6494
  C:0087H         LINE#         6496
  C:0089H         LINE#         6497
  -------         ENDPROC       _DISPCOLOR
  -------         PROC          DISPFRAME
  -------         DO            
  D:0002H         SYMBOL        i
  X:005DH         SYMBOL        j
  D:0001H         SYMBOL        DataH
  D:0004H         SYMBOL        DataL
  -------         ENDDO         
  C:32AAH         LINE#         6499
  C:32AAH         LINE#         6500
  C:32AAH         LINE#         6503
  C:32ADH         LINE#         6505
  C:32AFH         LINE#         6508
  C:32B3H         LINE#         6509
  C:32B9H         LINE#         6511
BL51 BANKED LINKER/LOCATER V6.22                                                      09/25/2021  09:56:52  PAGE 34


  C:32BBH         LINE#         6512
  C:32BBH         LINE#         6513
  C:32BFH         LINE#         6514
  C:32C6H         LINE#         6515
  C:32D1H         LINE#         6517
  C:32D5H         LINE#         6518
  C:32DBH         LINE#         6520
  C:32E1H         LINE#         6521
  C:32E1H         LINE#         6522
  C:32E5H         LINE#         6523
  C:32EBH         LINE#         6525
  C:32EEH         LINE#         6526
  C:32EEH         LINE#         6527
  C:32F1H         LINE#         6528
  C:32F6H         LINE#         6529
  C:3301H         LINE#         6531
  C:3305H         LINE#         6532
  C:330BH         LINE#         6534
  C:3321H         LINE#         6536
  C:3325H         LINE#         6537
  C:332BH         LINE#         6539
  C:332EH         LINE#         6540
  C:332EH         LINE#         6541
  C:3332H         LINE#         6542
  C:3339H         LINE#         6543
  C:3344H         LINE#         6545
  C:3348H         LINE#         6546
  C:334EH         LINE#         6548
  C:3351H         LINE#         6549
  C:3353H         LINE#         6550
  -------         ENDPROC       DISPFRAME
  -------         PROC          DISPBAND
  -------         DO            
  D:0002H         SYMBOL        i
  X:0014H         SYMBOL        j
  X:0015H         SYMBOL        k
  X:0016H         SYMBOL        m
  X:0017H         SYMBOL        n
  X:0018H         SYMBOL        x
  -------         ENDDO         
  C:24B2H         LINE#         6552
  C:24B2H         LINE#         6553
  C:24B2H         LINE#         6556
  C:24BCH         LINE#         6557
  C:24C5H         LINE#         6558
  C:24C7H         LINE#         6561
  C:24D0H         LINE#         6562
  C:24DEH         LINE#         6563
  C:24DEH         LINE#         6564
  C:24F9H         LINE#         6565
  C:2514H         LINE#         6566
  C:2540H         LINE#         6567
  C:2547H         LINE#         6568
  C:2556H         LINE#         6569
  C:2556H         LINE#         6570
  C:2571H         LINE#         6571
  C:258CH         LINE#         6572
BL51 BANKED LINKER/LOCATER V6.22                                                      09/25/2021  09:56:52  PAGE 35


  C:25B8H         LINE#         6573
  C:25BFH         LINE#         6574
  C:25D5H         LINE#         6575
  C:25D5H         LINE#         6576
[...]
  C:1BF2H         LINE#         321
  C:1C01H         LINE#         322
  C:1C01H         LINE#         323
  C:1C16H         LINE#         324
  C:1C1BH         LINE#         325
  C:1C23H         LINE#         326
  C:1C2DH         LINE#         327
  C:1C3BH         LINE#         328
  C:1C49H         LINE#         329
  C:1C4BH         LINE#         331
  C:1C4BH         LINE#         332
  C:1C50H         LINE#         333
  C:1C53H         LINE#         334
  C:1C6BH         LINE#         335
  C:1C6BH         LINE#         336
  C:1C84H         LINE#         337
  C:1C89H         LINE#         338
  C:1C91H         LINE#         339
BL51 BANKED LINKER/LOCATER V6.22                                                      09/25/2021  09:56:52  PAGE 51


  C:1C98H         LINE#         340
  C:1C9DH         LINE#         341
  C:1C9DH         LINE#         342
  C:1CB1H         LINE#         343
  C:1CB1H         LINE#         344
  C:1CB8H         LINE#         345
  C:1CBDH         LINE#         346
  C:1CBDH         LINE#         347
  C:1CCBH         LINE#         348
  C:1CCBH         LINE#         349
  -------         ENDPROC       USBXCORE_HANDLE_SETUP
  -------         PROC          USBXCORE_FORCE_STALL
  C:41CBH         LINE#         356
  C:41CBH         LINE#         358
  C:41D6H         LINE#         359
  C:41E1H         LINE#         360
  C:41E7H         LINE#         361
  -------         ENDPROC       USBXCORE_FORCE_STALL
  -------         PROC          USBXCORE_GET_STATUS
  C:3AE8H         LINE#         367
  C:3AE8H         LINE#         369
  C:3AF7H         LINE#         370
  C:3AF7H         LINE#         371
  C:3AF7H         LINE#         372
  C:3AF7H         LINE#         373
  C:3AF7H         LINE#         374
  C:3AF9H         LINE#         375
  C:3AF9H         LINE#         379
  C:3AF9H         LINE#         381
  C:3B07H         LINE#         385
  C:3B07H         LINE#         386
  C:3B07H         LINE#         387
  C:3B07H         LINE#         388
  C:3B09H         LINE#         390
  C:3B09H         LINE#         392
  C:3B17H         LINE#         396
  C:3B17H         LINE#         397
  C:3B24H         LINE#         398
  C:3B24H         LINE#         399
  C:3B26H         LINE#         401
  C:3B26H         LINE#         402
  C:3B34H         LINE#         403
  C:3B3DH         LINE#         404
  C:3B3DH         LINE#         405
  C:3B3DH         LINE#         406
  C:3B3FH         LINE#         407
  C:3B3FH         LINE#         408
  C:3B42H         LINE#         409
  C:3B42H         LINE#         410
  C:3B42H         LINE#         411
  C:3B4AH         LINE#         412
  C:3B4AH         LINE#         413
  C:3B4DH         LINE#         414
  C:3B53H         LINE#         415
  C:3B5AH         LINE#         416
  C:3B5AH         LINE#         417
  -------         ENDPROC       USBXCORE_GET_STATUS
BL51 BANKED LINKER/LOCATER V6.22                                                      09/25/2021  09:56:52  PAGE 52


  -------         PROC          USBXCORE_CLEAR_FEATURE
  C:3D43H         LINE#         423
  C:3D43H         LINE#         425
  C:3D49H         LINE#         426
  C:3D49H         LINE#         428
  C:3D50H         LINE#         429
  C:3D50H         LINE#         430
  C:3D5BH         LINE#         436
  C:3D66H         LINE#         437
  C:3D6BH         LINE#         438
  C:3D6DH         LINE#         440
  C:3D6DH         LINE#         442
  C:3D78H         LINE#         446
  C:3D83H         LINE#         447
  C:3D88H         LINE#         448
  C:3D88H         LINE#         449
  C:3D8AH         LINE#         451
  C:3D8AH         LINE#         452
  C:3D8DH         LINE#         453
  C:3D8DH         LINE#         454
  C:3D98H         LINE#         455
  -------         ENDPROC       USBXCORE_CLEAR_FEATURE
  -------         PROC          USBXCORE_VENDOR_USB_API
  C:2E46H         LINE#         462
  C:2E46H         LINE#         464
  C:2E50H         LINE#         465
  C:2E50H         LINE#         466
  C:2E57H         LINE#         467
  C:2E57H         LINE#         468
  C:2E5AH         LINE#         469
  C:2E5DH         LINE#         470
  C:2E5FH         LINE#         472
  C:2E5FH         LINE#         473
  C:2E66H         LINE#         474
  C:2E66H         LINE#         477
  C:2E71H         LINE#         482
  C:2E7CH         LINE#         483
  C:2E87H         LINE#         485
  C:2E87H         LINE#         486
  C:2E9AH         LINE#         487
  C:2E9AH         LINE#         488
  C:2E9EH         LINE#         489
  C:2EA9H         LINE#         491
  C:2EA9H         LINE#         492
  C:2EBCH         LINE#         493
  C:2EBCH         LINE#         494
  C:2EC0H         LINE#         495
  C:2ECBH         LINE#         497
  C:2ED1H         LINE#         498
  C:2ED9H         LINE#         499
  C:2ED9H         LINE#         500
  C:2EDCH         LINE#         501
  C:2EDCH         LINE#         502
  C:2EDCH         LINE#         503
  C:2EE7H         LINE#         504
  C:2EE7H         LINE#         505
  C:2EEDH         LINE#         506
BL51 BANKED LINKER/LOCATER V6.22                                                      09/25/2021  09:56:52  PAGE 53


  C:2EF4H         LINE#         507
  C:2EF4H         LINE#         508
  C:2EF8H         LINE#         509
  C:2EF8H         LINE#         510
  C:2EFEH         LINE#         511
  C:2F05H         LINE#         512
  C:2F05H         LINE#         513
  C:2F10H         LINE#         514
  -------         ENDPROC       USBXCORE_VENDOR_USB_API
  -------         PROC          USBXCORE_SET_FEATURE
  C:3D9BH         LINE#         521
  C:3D9BH         LINE#         523
  C:3DA1H         LINE#         524
  C:3DA1H         LINE#         526
  C:3DA8H         LINE#         527
  C:3DA8H         LINE#         528
  C:3DB3H         LINE#         534
  C:3DBEH         LINE#         535
  C:3DC1H         LINE#         536
  C:3DC3H         LINE#         538
  C:3DC3H         LINE#         540
  C:3DCEH         LINE#         544
  C:3DD9H         LINE#         545
  C:3DDFH         LINE#         546
  C:3DDFH         LINE#         548
  C:3DE1H         LINE#         550
  C:3DE1H         LINE#         551
  C:3DE4H         LINE#         552
  C:3DE4H         LINE#         553
  C:3DEFH         LINE#         554
  -------         ENDPROC       USBXCORE_SET_FEATURE
  -------         PROC          USBXCORE_SET_ADDRESS
  C:418CH         LINE#         561
  C:418CH         LINE#         563
  C:419BH         LINE#         564
  C:41A1H         LINE#         565
  C:41A1H         LINE#         566
  C:41A4H         LINE#         567
  C:41A6H         LINE#         569
  C:41A6H         LINE#         570
  C:41A9H         LINE#         571
  C:41A9H         LINE#         572
  -------         ENDPROC       USBXCORE_SET_ADDRESS
  -------         PROC          USBXCORE_GET_DESCRIPTOR
  C:3149H         LINE#         579
  C:3149H         LINE#         580
  C:3158H         LINE#         581
  C:3158H         LINE#         582
  C:3158H         LINE#         583
  C:3166H         LINE#         584
  C:316AH         LINE#         585
  C:316CH         LINE#         586
  C:316CH         LINE#         587
  C:317AH         LINE#         588
  C:318DH         LINE#         589
  C:318FH         LINE#         590
  C:318FH         LINE#         591
BL51 BANKED LINKER/LOCATER V6.22                                                      09/25/2021  09:56:52  PAGE 54


  C:31B3H         LINE#         592
  C:31BFH         LINE#         593
  C:31C1H         LINE#         594
  C:31C1H         LINE#         595
  C:31C4H         LINE#         596
  C:31C4H         LINE#         597
  C:31C4H         LINE#         598
  C:31DAH         LINE#         599
  C:31DAH         LINE#         600
  C:31E2H         LINE#         601
  C:31E2H         LINE#         602
  C:31EAH         LINE#         603
  C:31EAH         LINE#         604
  C:31EDH         LINE#         605
  C:31F3H         LINE#         606
  C:31FAH         LINE#         607
  C:31FAH         LINE#         608
  -------         ENDPROC       USBXCORE_GET_DESCRIPTOR
  -------         PROC          USBXCORE_GET_CONFIGURATION
  C:3F7AH         LINE#         614
  C:3F7AH         LINE#         616
  C:3F82H         LINE#         617
  C:3F82H         LINE#         618
  C:3F8EH         LINE#         619
  C:3F96H         LINE#         620
  C:3F96H         LINE#         621
  C:3F9AH         LINE#         622
  C:3F9AH         LINE#         623
  C:3FA8H         LINE#         624
  C:3FB0H         LINE#         625
  C:3FB0H         LINE#         626
  C:3FB3H         LINE#         627
  C:3FB9H         LINE#         628
  C:3FC0H         LINE#         629
  -------         ENDPROC       USBXCORE_GET_CONFIGURATION
  -------         PROC          USBXCORE_SET_CONFIGURATION
  C:3CE9H         LINE#         635
  C:3CE9H         LINE#         637
  C:3CF2H         LINE#         638
  C:3CF2H         LINE#         639
  C:3CF9H         LINE#         640
  C:3CFFH         LINE#         641
  C:3D04H         LINE#         642
  C:3D06H         LINE#         644
  C:3D11H         LINE#         645
  C:3D1CH         LINE#         646
  C:3D27H         LINE#         653
  C:3D32H         LINE#         654
  C:3D34H         LINE#         656
  C:3D34H         LINE#         657
  C:3D3AH         LINE#         658
  C:3D3EH         LINE#         659
  C:3D40H         LINE#         660
  C:3D40H         LINE#         661
  -------         ENDPROC       USBXCORE_SET_CONFIGURATION
  -------         PROC          USBXCORE_GET_INTERFACE
  C:411DH         LINE#         668
BL51 BANKED LINKER/LOCATER V6.22                                                      09/25/2021  09:56:52  PAGE 55


  C:411DH         LINE#         670
  C:412BH         LINE#         671
  C:4133H         LINE#         672
  C:4136H         LINE#         673
  C:413CH         LINE#         674
  C:4143H         LINE#         675
  -------         ENDPROC       USBXCORE_GET_INTERFACE
  -------         PROC          USBXCORE_SET_SOP
  C:422DH         LINE#         682
  C:422DH         LINE#         684
  C:4235H         LINE#         685
  C:4235H         LINE#         686
  C:4240H         LINE#         687
  C:4240H         LINE#         688
  -------         ENDPROC       USBXCORE_SET_SOP
  -------         PROC          USBXCORE_USB_ISR
  C:2644H         LINE#         699
  C:2661H         LINE#         702
  C:2667H         LINE#         703
  C:267AH         LINE#         706
  C:268DH         LINE#         709
  C:2691H         LINE#         710
  C:2691H         LINE#         711
  C:269CH         LINE#         712
  C:269CH         LINE#         714
  C:26A3H         LINE#         715
  C:26A3H         LINE#         716
  C:26A6H         LINE#         717
  C:26A6H         LINE#         719
  C:26ADH         LINE#         720
  C:26ADH         LINE#         721
  C:26BAH         LINE#         722
  C:26BAH         LINE#         723
  C:26C1H         LINE#         724
  C:26C1H         LINE#         725
  C:26C1H         LINE#         727
  C:26C1H         LINE#         728
  C:26C1H         LINE#         730
  C:26C1H         LINE#         732
  C:26D4H         LINE#         734
  C:26D8H         LINE#         735
  C:26D8H         LINE#         736
  C:26DBH         LINE#         737
  C:26DBH         LINE#         740
  C:26E2H         LINE#         741
  C:26E2H         LINE#         742
  C:26EDH         LINE#         748
  C:2700H         LINE#         749
  C:2705H         LINE#         750
  C:2705H         LINE#         751
  C:270CH         LINE#         752
  C:270CH         LINE#         754
  C:270CH         LINE#         756
  C:271FH         LINE#         759
  C:2723H         LINE#         760
  C:2723H         LINE#         761
  C:272EH         LINE#         767
BL51 BANKED LINKER/LOCATER V6.22                                                      09/25/2021  09:56:52  PAGE 56


  C:2741H         LINE#         768
  C:2745H         LINE#         769
  C:2745H         LINE#         770
  C:274CH         LINE#         771
  C:274CH         LINE#         772
  C:274CH         LINE#         775
  C:275AH         LINE#         776
  C:275FH         LINE#         777
  C:2765H         LINE#         778
  C:276AH         LINE#         781
  C:2777H         LINE#         782
  C:2777H         LINE#         783
  C:277AH         LINE#         784
  C:277AH         LINE#         785
  -------         ENDPROC       USBXCORE_USB_ISR
  -------         ENDMOD        USB_API

  -------         MODULE        USB_SUSPEND
  C:0000H         SYMBOL        _ICE_DUMMY_
  D:00D7H         PUBLIC        USB0XCN
  D:00C9H         PUBLIC        REG0CN
  C:40CBH         PUBLIC        USB_Suspend
  D:00A9H         PUBLIC        CLKSEL
  D:00B2H         PUBLIC        OSCICN
  D:00B9H         PUBLIC        CLKMUL
  -------         PROC          USB_SUSPEND
  C:40CBH         LINE#         70
  C:40CBH         LINE#         72
  C:40CEH         LINE#         74
  C:40D1H         LINE#         76
  C:40D9H         LINE#         79
  C:40DCH         LINE#         80
  C:40DFH         LINE#         81
  C:40E2H         LINE#         82
  C:40E5H         LINE#         84
  C:40E6H         LINE#         86
  C:40E9H         LINE#         88
  C:40EFH         LINE#         92
  C:40F2H         LINE#         94
  C:40F5H         LINE#         95
  -------         ENDPROC       USB_SUSPEND
  -------         ENDMOD        USB_SUSPEND

  -------         MODULE        USB_INT_ENABLE
  C:0000H         SYMBOL        _ICE_DUMMY_
  C:41E8H         PUBLIC        USB_Int_Enable
  D:0096H         PUBLIC        USB0ADR
  D:0097H         PUBLIC        USB0DAT
  -------         PROC          USB_INT_ENABLE
  C:41E8H         LINE#         68
  C:41E8H         LINE#         71
  C:41EFH         LINE#         73
  C:41F5H         LINE#         74
  C:41F5H         LINE#         75
  C:4200H         LINE#         77
  C:4200H         LINE#         78
  -------         ENDPROC       USB_INT_ENABLE
BL51 BANKED LINKER/LOCATER V6.22                                                      09/25/2021  09:56:52  PAGE 57


  -------         ENDMOD        USB_INT_ENABLE

  -------         MODULE        USB_CLOCK_RECOVERY
  C:0000H         SYMBOL        _ICE_DUMMY_
  C:4273H         PUBLIC        USBXcore_ClkRec
  D:0096H         PUBLIC        USB0ADR
  D:0097H         PUBLIC        USB0DAT
  -------         PROC          USBXCORE_CLKREC
  C:4273H         LINE#         45
  C:4273H         LINE#         47
  C:427EH         LINE#         48
  -------         ENDPROC       USBXCORE_CLKREC
  -------         ENDMOD        USB_CLOCK_RECOVERY

  -------         MODULE        ?C?FPMUL
  C:1554H         PUBLIC        ?C?FPMUL
  -------         ENDMOD        ?C?FPMUL

  -------         MODULE        ?C?FCAST
  C:1664H         PUBLIC        ?C?FCASTC
  C:165FH         PUBLIC        ?C?FCASTI
  C:165AH         PUBLIC        ?C?FCASTL
  -------         ENDMOD        ?C?FCAST

  -------         MODULE        ?C?CASTF
  C:1698H         PUBLIC        ?C?CASTF
  -------         ENDMOD        ?C?CASTF

  -------         MODULE        ?C?COPY
  C:17E9H         PUBLIC        ?C?COPY
  -------         ENDMOD        ?C?COPY

  -------         MODULE        ?C?CLDPTR
  C:180FH         PUBLIC        ?C?CLDPTR
  -------         ENDMOD        ?C?CLDPTR

  -------         MODULE        ?C?CLDOPTR
  C:1828H         PUBLIC        ?C?CLDOPTR
  -------         ENDMOD        ?C?CLDOPTR

  -------         MODULE        ?C?IMUL
  C:1855H         PUBLIC        ?C?IMUL
  -------         ENDMOD        ?C?IMUL

  -------         MODULE        ?C?IILDX
  C:1867H         PUBLIC        ?C?IILDX
  -------         ENDMOD        ?C?IILDX

  -------         MODULE        ?C?ILDOPTR
  C:187DH         PUBLIC        ?C?ILDOPTR
  -------         ENDMOD        ?C?ILDOPTR

  -------         MODULE        ?C?LMUL
  C:18B5H         PUBLIC        ?C?LMUL
  -------         ENDMOD        ?C?LMUL

  -------         MODULE        ?C?ULDIV
BL51 BANKED LINKER/LOCATER V6.22                                                      09/25/2021  09:56:52  PAGE 58


  C:1940H         PUBLIC        ?C?ULDIV
  -------         ENDMOD        ?C?ULDIV

  -------         MODULE        ?C?LNEG
  C:19D2H         PUBLIC        ?C?LNEG
  -------         ENDMOD        ?C?LNEG

  -------         MODULE        ?C?ULCMP
  C:19E0H         PUBLIC        ?C?ULCMP
  -------         ENDMOD        ?C?ULCMP

  -------         MODULE        ?C?ULSHR
  C:19F1H         PUBLIC        ?C?ULSHR
  -------         ENDMOD        ?C?ULSHR

  -------         MODULE        ?C?LSHL
  C:1A04H         PUBLIC        ?C?LSHL
  -------         ENDMOD        ?C?LSHL

  -------         MODULE        ?C?LLDIPDATA
  C:1A20H         PUBLIC        ?C?LLDIPDATA
  C:1A17H         PUBLIC        ?C?LLDIPDATA1
  C:1A19H         PUBLIC        ?C?LLDIPDATA8
  -------         ENDMOD        ?C?LLDIPDATA

  -------         MODULE        ?C?LSTXDATA
  C:1A37H         PUBLIC        ?C?LSTXDATA
  -------         ENDMOD        ?C?LSTXDATA

  -------         MODULE        ?C?LSTPDATA
  C:1A43H         PUBLIC        ?C?LSTPDATA
  -------         ENDMOD        ?C?LSTPDATA

  -------         MODULE        ?C?LSTKXDATA
  C:1A4FH         PUBLIC        ?C?LSTKXDATA
  -------         ENDMOD        ?C?LSTKXDATA

  -------         MODULE        ?C?LSTKPDATA
  C:1A80H         PUBLIC        ?C?LSTKPDATA
  -------         ENDMOD        ?C?LSTKPDATA

  -------         MODULE        ?C_PBP
  D:0008H         PUBLIC        ?C_PBP
  -------         ENDMOD        ?C_PBP

*** WARNING L14: INCOMPATIBLE MEMORY MODEL
    MODULE:  .\USBX_F34X.LIB (USB_API)
    MODEL:   SMALL

*** WARNING L14: INCOMPATIBLE MEMORY MODEL
    MODULE:  .\USBX_F34X.LIB (USB_SUSPEND)
    MODEL:   SMALL

*** WARNING L14: INCOMPATIBLE MEMORY MODEL
    MODULE:  .\USBX_F34X.LIB (USB_INT_ENABLE)
    MODEL:   SMALL

BL51 BANKED LINKER/LOCATER V6.22                                                      09/25/2021  09:56:52  PAGE 59


*** WARNING L14: INCOMPATIBLE MEMORY MODEL
    MODULE:  .\USBX_F34X.LIB (USB_CLOCK_RECOVERY)
    MODEL:   SMALL

*** WARNING L16: UNCALLED SEGMENT, IGNORED FOR OVERLAY PROCESS
    SEGMENT: ?PR?SD_INIT?MMC_SD

*** WARNING L16: UNCALLED SEGMENT, IGNORED FOR OVERLAY PROCESS
    SEGMENT: ?PR?DISPBAND?LCD

*** WARNING L16: UNCALLED SEGMENT, IGNORED FOR OVERLAY PROCESS
    SEGMENT: ?PR?_DISPPIC?LCD

*** WARNING L16: UNCALLED SEGMENT, IGNORED FOR OVERLAY PROCESS
    SEGMENT: ?PR?_DISPPICFROMSD?LCD

*** WARNING L16: UNCALLED SEGMENT, IGNORED FOR OVERLAY PROCESS
    SEGMENT: ?PR?DISPSCALEHOR1?LCD

*** WARNING L16: UNCALLED SEGMENT, IGNORED FOR OVERLAY PROCESS
    SEGMENT: ?PR?DISPSCALEVER?LCD

*** WARNING L16: UNCALLED SEGMENT, IGNORED FOR OVERLAY PROCESS
    SEGMENT: ?PR?DISPSCALEVER_RED?LCD

*** WARNING L16: UNCALLED SEGMENT, IGNORED FOR OVERLAY PROCESS
    SEGMENT: ?PR?DISPSCALEVER_GREEN?LCD

*** WARNING L16: UNCALLED SEGMENT, IGNORED FOR OVERLAY PROCESS
    SEGMENT: ?PR?DISPSCALEVER_BLUE?LCD

*** WARNING L16: UNCALLED SEGMENT, IGNORED FOR OVERLAY PROCESS
    SEGMENT: ?PR?DISPSCALEVER_GRAY?LCD

*** WARNING L16: UNCALLED SEGMENT, IGNORED FOR OVERLAY PROCESS
    SEGMENT: ?PR?DISPGRAYHOR32?LCD

*** WARNING L16: UNCALLED SEGMENT, IGNORED FOR OVERLAY PROCESS
    SEGMENT: ?PR?DISPSCALEHOR2?LCD

*** WARNING L16: UNCALLED SEGMENT, IGNORED FOR OVERLAY PROCESS
    SEGMENT: ?PR?_DRAWGIRD?LCD

*** WARNING L15: MULTIPLE CALL TO SEGMENT
    SEGMENT: ?PR?_WRITECOMM?LCD
    CALLER1: ?PR?USB_API_TEST_ISR?MAIN
    CALLER2: ?C_C51STARTUP

*** WARNING L15: MULTIPLE CALL TO SEGMENT
    SEGMENT: ?PR?_WRITEDATA?LCD
    CALLER1: ?PR?USB_API_TEST_ISR?MAIN
    CALLER2: ?C_C51STARTUP

Program Size: data=10.0 xdata=1222 code=17047
LINK/LOCATE RUN COMPLETE.  19 WARNING(S),  0 ERROR(S)
