BL51 BANKED LINKER/LOCATER V6.22                                                        09/27/2021  13:57:31  PAGE 1


BL51 BANKED LINKER/LOCATER V6.22, INVOKED BY:
D:\KEIL C51\C51\BIN\BL51.EXE main.obj, mmc_sd.obj, lcd.obj, tp.obj, .\USBX_F34X.LIB TO JD5858A_INX175_IPS_3W1L RAMSIZE (
>> 256)


MEMORY MODEL: COMPACT WITH FLOATING POINT ARITHMETIC


INPUT MODULES INCLUDED:
  main.obj (MAIN)
  mmc_sd.obj (MMC_SD)
  lcd.obj (LCD)
  tp.obj (TP)
  .\USBX_F34X.LIB (USB_API)
  .\USBX_F34X.LIB (USB_CLOCK_START)
  .\USBX_F34X.LIB (USB_SUSPEND)
  .\USBX_F34X.LIB (GET_INTERRUPT_SOURCE)
  .\USBX_F34X.LIB (BLOCK_READ)
  .\USBX_F34X.LIB (BLOCK_WRITE)
  .\USBX_F34X.LIB (USB_INT_ENABLE)
  .\USBX_F34X.LIB (USB_CLOCK_RECOVERY)
  .\USBX_F34X.LIB (USB_JUMP_ISR)
  D:\KEIL C51\C51\LIB\C51FPC.LIB (?C?FPMUL)
  D:\KEIL C51\C51\LIB\C51FPC.LIB (?C?FCAST)
  D:\KEIL C51\C51\LIB\C51FPC.LIB (?C?CASTF)
  D:\KEIL C51\C51\LIB\C51FPC.LIB (?C?FPGETOPN)
  D:\KEIL C51\C51\LIB\C51C.LIB (?C_STARTUP)
  D:\KEIL C51\C51\LIB\C51C.LIB (?C?COPY)
  D:\KEIL C51\C51\LIB\C51C.LIB (?C?CLDPTR)
  D:\KEIL C51\C51\LIB\C51C.LIB (?C?CLDOPTR)
  D:\KEIL C51\C51\LIB\C51C.LIB (?C?IMUL)
  D:\KEIL C51\C51\LIB\C51C.LIB (?C?IILDX)
  D:\KEIL C51\C51\LIB\C51C.LIB (?C?ILDOPTR)
  D:\KEIL C51\C51\LIB\C51C.LIB (?C?LMUL)
  D:\KEIL C51\C51\LIB\C51C.LIB (?C?ULDIV)
  D:\KEIL C51\C51\LIB\C51C.LIB (?C?LNEG)
  D:\KEIL C51\C51\LIB\C51C.LIB (?C?ULCMP)
  D:\KEIL C51\C51\LIB\C51C.LIB (?C?ULSHR)
  D:\KEIL C51\C51\LIB\C51C.LIB (?C?LSHL)
  D:\KEIL C51\C51\LIB\C51C.LIB (?C?LLDIPDATA)
  D:\KEIL C51\C51\LIB\C51C.LIB (?C?LSTXDATA)
  D:\KEIL C51\C51\LIB\C51C.LIB (?C?LSTPDATA)
  D:\KEIL C51\C51\LIB\C51C.LIB (?C?LSTKXDATA)
  D:\KEIL C51\C51\LIB\C51C.LIB (?C?LSTKPDATA)
  D:\KEIL C51\C51\LIB\C51C.LIB (?C_PBP)
  D:\KEIL C51\C51\LIB\C51C.LIB (?C_INIT)


LINK MAP OF MODULE:  JD5858A_INX175_IPS_3W1L (MAIN)


            TYPE    BASE      LENGTH    RELOCATION   SEGMENT NAME
            -----------------------------------------------------

            * * * * * * *   D A T A   M E M O R Y   * * * * * * *
            REG     0000H     0008H     ABSOLUTE     "REG BANK 0"
            DATA    0008H     0001H     UNIT         ?C?LIB_DATA
            IDATA   0009H     0001H     UNIT         ?STACK
BL51 BANKED LINKER/LOCATER V6.22                                                      09/27/2021  13:57:31  PAGE 2



            * * * * * * *  X D A T A   M E M O R Y  * * * * * * *
            XDATA   0000H     0010H     INPAGE       ?PD?MAIN
            XDATA   0010H     0004H     INPAGE       ?PD?_MMC_SD_READSINGLEBLOCK?MMC_SD
            XDATA   0014H     0005H     INPAGE       ?PD?DISPBAND?LCD
            XDATA   0019H     0005H     INPAGE       ?PD?_DISPPIC?LCD
            XDATA   001EH     000DH     INPAGE       ?PD?_DISPPICFROMSD?LCD
            XDATA   002BH     0004H     INPAGE       ?PD?DISPSCALEHOR1?LCD
            XDATA   002FH     0004H     INPAGE       ?PD?DISPSCALEVER?LCD
            XDATA   0033H     0004H     INPAGE       ?PD?DISPSCALEVER_RED?LCD
            XDATA   0037H     0004H     INPAGE       ?PD?DISPSCALEVER_GREEN?LCD
            XDATA   003BH     0004H     INPAGE       ?PD?DISPSCALEVER_BLUE?LCD
            XDATA   003FH     0004H     INPAGE       ?PD?DISPSCALEVER_GRAY?LCD
            XDATA   0043H     0004H     INPAGE       ?PD?DISPGRAYHOR32?LCD
            XDATA   0047H     0002H     INPAGE       ?PD?DISPSCALEHOR2?LCD
            XDATA   0049H     000CH     INPAGE       ?PD?_DRAWLINE?LCD
            XDATA   0055H     0004H     INPAGE       ?PD?_DRAWGIRD?LCD
            XDATA   0059H     0002H     INPAGE       ?PD?LCD
            XDATA   005BH     0024H     INPAGE       _PDATA_GROUP_
            XDATA   007FH     0200H     UNIT         ?XD?MMC_SD
            XDATA   027FH     0058H     UNIT         _XDATA_GROUP_
            XDATA   02D7H     0040H     UNIT         ?XD?MAIN
                    0317H     0329H                  *** GAP ***
            XDATA   0640H     0100H     ABSOLUTE     
            XDATA   0740H     0012H     ABSOLUTE     
            XDATA   0752H     0020H     ABSOLUTE     
            XDATA   0772H     000CH     ABSOLUTE     
            XDATA   077EH     0008H     ABSOLUTE     
            XDATA   0786H     0001H     ABSOLUTE     
            XDATA   0787H     0003H     ABSOLUTE     
            XDATA   078AH     0002H     ABSOLUTE     
            XDATA   078CH     0002H     ABSOLUTE     
            XDATA   078EH     0003H     ABSOLUTE     
            XDATA   0791H     0001H     ABSOLUTE     
            XDATA   0792H     0001H     ABSOLUTE     
            XDATA   0793H     0001H     ABSOLUTE     
            XDATA   0794H     0001H     ABSOLUTE     
            XDATA   0795H     0002H     ABSOLUTE     
            XDATA   0797H     0002H     ABSOLUTE     
            XDATA   0799H     0001H     ABSOLUTE     
            XDATA   079AH     0001H     ABSOLUTE     
            XDATA   079BH     0001H     ABSOLUTE     
            XDATA   079CH     0001H     ABSOLUTE     
            XDATA   079DH     0001H     ABSOLUTE     
            XDATA   079EH     0001H     ABSOLUTE     
            XDATA   079FH     0002H     ABSOLUTE     
            XDATA   07A1H     0001H     ABSOLUTE     
            XDATA   07A2H     0001H     ABSOLUTE     
            XDATA   07A3H     000CH     ABSOLUTE     
                    07AFH     0011H                  *** GAP ***
            XDATA   07C0H     0040H     ABSOLUTE     

            * * * * * * *   C O D E   M E M O R Y   * * * * * * *
            CODE    0000H     0003H     ABSOLUTE     
            CODE    0003H     003AH     UNIT         ?CO?USB_API
            CODE    003DH     0003H     UNIT         ?PR?SUSPEND_DEVICE?MAIN
                    0040H     0003H                  *** GAP ***
BL51 BANKED LINKER/LOCATER V6.22                                                      09/27/2021  13:57:31  PAGE 3


            CODE    0043H     0003H     ABSOLUTE     
            CODE    0046H     0044H     UNIT         ?PR?_DISPCOLOR?LCD
                    008AH     0001H                  *** GAP ***
            CODE    008BH     0003H     ABSOLUTE     
            CODE    008EH     08C4H     UNIT         ?PR?LCD_INIT?LCD
            CODE    0952H     060DH     UNIT         ?PR?CONNTOUSB?MAIN
            CODE    0F5FH     0600H     UNIT         ?CO?LCD
            CODE    155FH     0545H     UNIT         ?C?LIB_CODE
            CODE    1AA4H     0233H     UNIT         ?PR?USBXCORE_HANDLE_SETUP?USB_API
            CODE    1CD7H     0232H     UNIT         ?PR?_LCD_READ_IC_ID?LCD
            CODE    1F09H     0220H     UNIT         ?PR?DISPSCALEHOR1?LCD
            CODE    2129H     01DAH     UNIT         ?PR?TP_DRAWLINE?TP
            CODE    2303H     01BAH     UNIT         ?PR?DISPSCALEHOR2?LCD
            CODE    24BDH     0192H     UNIT         ?PR?DISPBAND?LCD
            CODE    264FH     0151H     UNIT         ?PR?USBXCORE_USB_ISR?USB_API
            CODE    27A0H     013DH     UNIT         ?PR?USB_API_TEST_ISR?MAIN
            CODE    28DDH     0137H     UNIT         ?PR?_USB_INIT?USB_API
            CODE    2A14H     0128H     UNIT         ?PR?DISPSCALEVER?LCD
            CODE    2B3CH     011BH     UNIT         ?PR?_TP_GETPOSITION?TP
            CODE    2C57H     0111H     UNIT         ?PR?_BLOCK_WRITE?BLOCK_WRITE
            CODE    2D68H     00E9H     UNIT         ?PR?_DISPPICFROMSD?LCD
            CODE    2E51H     00CDH     UNIT         ?PR?USBXCORE_VENDOR_USB_API?USB_API
            CODE    2F1EH     00CBH     UNIT         ?PR?_DISPONECHAR?LCD
            CODE    2FE9H     00B7H     UNIT         ?PR?MMC_SD_RESET?MMC_SD
            CODE    30A0H     00B4H     UNIT         ?PR?_DISPINT?LCD
            CODE    3154H     00B2H     UNIT         ?PR?USBXCORE_GET_DESCRIPTOR?USB_API
            CODE    3206H     00AFH     UNIT         ?PR?_BLOCK_READ?BLOCK_READ
            CODE    32B5H     00AAH     UNIT         ?PR?DISPFRAME?LCD
            CODE    335FH     00A0H     UNIT         ?PR?DISPSCALEVER_GREEN?LCD
            CODE    33FFH     009CH     UNIT         ?PR?_?BLOCKWRITE?LCD
            CODE    349BH     009BH     UNIT         ?PR?DISPGRAYHOR16?LCD
            CODE    3536H     0096H     UNIT         ?PR?_DISPSTR?LCD
            CODE    35CCH     0091H     UNIT         ?PR?DISPSCALEVER_RED?LCD
            CODE    365DH     0091H     UNIT         ?PR?DISPSCALEVER_GRAY?LCD
            CODE    36EEH     0090H     UNIT         ?PR?_DRAWGIRD?LCD
            CODE    377EH     008CH     UNIT         ?C_C51STARTUP
            CODE    380AH     0086H     UNIT         ?PR?DISPSCALEVER_BLUE?LCD
            CODE    3890H     0086H     UNIT         ?PR?_DRAWLINE?LCD
            CODE    3916H     007DH     UNIT         ?PR?_MMC_SD_WRITESINGLEBLOCK?MMC_SD
            CODE    3993H     0078H     UNIT         ?PR?DISPGRAYHOR32?LCD
            CODE    3A0BH     0075H     UNIT         ?PR?_MMC_SD_SENDCOMMAND?MMC_SD
            CODE    3A80H     0073H     UNIT         ?PR?TP_READ?TP
            CODE    3AF3H     0073H     UNIT         ?PR?USBXCORE_GET_STATUS?USB_API
            CODE    3B66H     006CH     UNIT         ?PR?DEVICES_INIT?MAIN
            CODE    3BD2H     0064H     UNIT         ?PR?_MMC_SD_READSINGLEBLOCK?MMC_SD
            CODE    3C36H     0063H     UNIT         ?PR?_DISPPIC?LCD
            CODE    3C99H     005BH     UNIT         ?PR?_TOORD?LCD
            CODE    3CF4H     005AH     UNIT         ?PR?USBXCORE_SET_CONFIGURATION?USB_API
            CODE    3D4EH     0058H     UNIT         ?PR?USBXCORE_CLEAR_FEATURE?USB_API
            CODE    3DA6H     0057H     UNIT         ?PR?USBXCORE_SET_FEATURE?USB_API
            CODE    3DFDH     0055H     UNIT         ?PR?_STOPDELAY?MAIN
            CODE    3E52H     0052H     UNIT         ?PR?_PUTPIXEL?LCD
            CODE    3EA4H     0050H     UNIT         ?CO?MAIN
            CODE    3EF4H     0049H     UNIT         ?PR?MAIN?MAIN
            CODE    3F3DH     0048H     UNIT         ?PR?_WRITEDISPDATA?LCD
            CODE    3F85H     0047H     UNIT         ?PR?USBXCORE_GET_CONFIGURATION?USB_API
            CODE    3FCCH     0043H     UNIT         ?PR?MCU_INIT?MAIN
BL51 BANKED LINKER/LOCATER V6.22                                                      09/27/2021  13:57:31  PAGE 4


            CODE    400FH     0038H     UNIT         ?PR?USB_CLOCK_START?USB_CLOCK_START
            CODE    4047H     0033H     UNIT         ?PR?_WRITEDATA?LCD
            CODE    407AH     002FH     UNIT         ?PR?_WRITECOMM?LCD
            CODE    40A9H     002DH     UNIT         ?C_INITSEG
            CODE    40D6H     002BH     UNIT         ?PR?USB_SUSPEND?USB_SUSPEND
            CODE    4101H     0027H     UNIT         ?PR?USBXCORE_USB_RESET?USB_API
            CODE    4128H     0027H     UNIT         ?PR?USBXCORE_GET_INTERFACE?USB_API
            CODE    414FH     0026H     UNIT         ?PR?_TP_WRITE?TP
            CODE    4175H     0022H     UNIT         ?PR?USBXCORE_JUMP_ISR?USB_JUMP_ISR
            CODE    4197H     0020H     UNIT         ?PR?USBXCORE_SET_ADDRESS?USB_API
            CODE    41B7H     001FH     UNIT         ?PR?_DELAY?MAIN
            CODE    41D6H     001DH     UNIT         ?PR?USBXCORE_FORCE_STALL?USB_API
            CODE    41F3H     0019H     UNIT         ?PR?USB_INT_ENABLE?USB_INT_ENABLE
            CODE    420CH     0016H     UNIT         ?PR?_SPI_WRITEBYTE?MMC_SD
            CODE    4222H     0016H     UNIT         ?PR?READDATA?LCD
            CODE    4238H     0014H     UNIT         ?PR?USBXCORE_SET_SOP?USB_API
            CODE    424CH     0013H     UNIT         ?PR?WAITKEY?MAIN
            CODE    425FH     0011H     UNIT         ?PR?SD_INIT?MMC_SD
            CODE    4270H     000EH     UNIT         ?PR?GET_INTERRUPT_SOURCE?GET_INTERRUPT_SOURCE
            CODE    427EH     000CH     UNIT         ?PR?USBXCORE_CLKREC?USB_CLOCK_RECOVERY
            CODE    428AH     000BH     UNIT         ?PR?SPI_READBYTE?MMC_SD
            CODE    4295H     0009H     UNIT         ?PR?_WRITEONEDOT?LCD
            CODE    429EH     0008H     UNIT         ?CO?TP



OVERLAY MAP OF MODULE:   JD5858A_INX175_IPS_3W1L (MAIN)


SEGMENT                                            PDATA_GROUP         XDATA_GROUP
  +--> CALLED SEGMENT                            START    LENGTH     START    LENGTH
------------------------------------------------------------------------------------
?PR?USB_API_TEST_ISR?MAIN                        005BH    0001H      -----    -----
  +--> ?PR?GET_INTERRUPT_SOURCE?GET_INTERRUP...
  +--> ?PR?_BLOCK_READ?BLOCK_READ
  +--> ?PR?SUSPEND_DEVICE?MAIN
  +--> ?PR?MCU_INIT?MAIN
  +--> ?PR?_?BLOCKWRITE?LCD

?PR?SUSPEND_DEVICE?MAIN                          -----    -----      -----    -----
  +--> ?PR?USB_SUSPEND?USB_SUSPEND

?PR?USB_SUSPEND?USB_SUSPEND                      -----    -----      -----    -----
  +--> ?PR?USB_CLOCK_START?USB_CLOCK_START

?PR?_?BLOCKWRITE?LCD                             -----    -----      -----    -----
  +--> ?PR?_WRITECOMM?LCD
  +--> ?PR?_WRITEDATA?LCD

?PR?_WRITECOMM?LCD                               007EH    0001H      -----    -----

?PR?_WRITEDATA?LCD                               007EH    0001H      -----    -----

*** NEW ROOT ***************************************************

?PR?USBXCORE_USB_ISR?USB_API                     -----    -----      -----    -----
  +--> ?PR?USBXCORE_USB_RESET?USB_API
BL51 BANKED LINKER/LOCATER V6.22                                                      09/27/2021  13:57:31  PAGE 5


  +--> ?PR?USBXCORE_HANDLE_SETUP?USB_API
  +--> ?PR?USBXCORE_JUMP_ISR?USB_JUMP_ISR

?PR?USBXCORE_HANDLE_SETUP?USB_API                -----    -----      -----    -----
  +--> ?PR?USBXCORE_GET_STATUS?USB_API
  +--> ?PR?USBXCORE_CLEAR_FEATURE?USB_API
  +--> ?PR?USBXCORE_VENDOR_USB_API?USB_API
  +--> ?PR?USBXCORE_SET_FEATURE?USB_API
  +--> ?PR?USBXCORE_SET_ADDRESS?USB_API
  +--> ?PR?USBXCORE_GET_DESCRIPTOR?USB_API
  +--> ?PR?USBXCORE_GET_CONFIGURATION?USB_API
  +--> ?PR?USBXCORE_SET_CONFIGURATION?USB_API
  +--> ?PR?USBXCORE_GET_INTERFACE?USB_API
  +--> ?PR?USBXCORE_SET_SOP?USB_API
  +--> ?PR?USBXCORE_FORCE_STALL?USB_API

?PR?USBXCORE_GET_STATUS?USB_API                  -----    -----      -----    -----
  +--> ?CO?USB_API
  +--> ?PR?USBXCORE_FORCE_STALL?USB_API
  +--> ?PR?USBXCORE_SET_SOP?USB_API

?PR?USBXCORE_CLEAR_FEATURE?USB_API               -----    -----      -----    -----
  +--> ?PR?USBXCORE_FORCE_STALL?USB_API
  +--> ?PR?USBXCORE_SET_SOP?USB_API

?PR?USBXCORE_VENDOR_USB_API?USB_API              -----    -----      -----    -----
  +--> ?PR?USBXCORE_SET_SOP?USB_API

?PR?USBXCORE_SET_FEATURE?USB_API                 -----    -----      -----    -----
  +--> ?PR?USBXCORE_FORCE_STALL?USB_API
  +--> ?PR?USBXCORE_SET_SOP?USB_API

?PR?USBXCORE_SET_ADDRESS?USB_API                 -----    -----      -----    -----
  +--> ?PR?USBXCORE_SET_SOP?USB_API

?PR?USBXCORE_GET_DESCRIPTOR?USB_API              -----    -----      -----    -----
  +--> ?PR?USBXCORE_FORCE_STALL?USB_API
  +--> ?PR?USBXCORE_SET_SOP?USB_API

?PR?USBXCORE_GET_CONFIGURATION?USB_API           -----    -----      -----    -----
  +--> ?CO?USB_API
  +--> ?PR?USBXCORE_SET_SOP?USB_API

?PR?USBXCORE_SET_CONFIGURATION?USB_API           -----    -----      -----    -----
  +--> ?PR?USBXCORE_SET_SOP?USB_API

?PR?USBXCORE_GET_INTERFACE?USB_API               -----    -----      -----    -----
  +--> ?CO?USB_API
  +--> ?PR?USBXCORE_SET_SOP?USB_API

*** NEW ROOT ***************************************************

?C_C51STARTUP                                    -----    -----      -----    -----
  +--> ?PR?MAIN?MAIN
  +--> ?C_INITSEG

?PR?MAIN?MAIN                                    -----    -----      -----    -----
BL51 BANKED LINKER/LOCATER V6.22                                                      09/27/2021  13:57:31  PAGE 6


  +--> ?PR?DEVICES_INIT?MAIN
  +--> ?PR?DISPFRAME?LCD
  +--> ?PR?_STOPDELAY?MAIN
  +--> ?PR?_DISPCOLOR?LCD
  +--> ?PR?DISPGRAYHOR16?LCD
  +--> ?PR?TP_DRAWLINE?TP

?PR?DEVICES_INIT?MAIN                            -----    -----      -----    -----
  +--> ?PR?MCU_INIT?MAIN
  +--> ?PR?USB_CLOCK_START?USB_CLOCK_START
  +--> ?CO?MAIN
  +--> ?PR?_USB_INIT?USB_API
  +--> ?PR?USB_INT_ENABLE?USB_INT_ENABLE
  +--> ?PR?LCD_INIT?LCD

?PR?_USB_INIT?USB_API                            -----    -----      027FH    0011H
  +--> ?CO?USB_API
  +--> ?PR?USBXCORE_CLKREC?USB_CLOCK_RECOVERY

?PR?LCD_INIT?LCD                                 -----    -----      -----    -----
  +--> ?PR?READDATA?LCD
  +--> ?PR?_DELAY?MAIN
  +--> ?PR?_WRITECOMM?LCD
  +--> ?PR?_WRITEDATA?LCD

?PR?READDATA?LCD                                 -----    -----      -----    -----
  +--> ?PR?_LCD_READ_IC_ID?LCD

?PR?_LCD_READ_IC_ID?LCD                          0066H    0008H      -----    -----

?PR?DISPFRAME?LCD                                005DH    0002H      -----    -----
  +--> ?PR?_?BLOCKWRITE?LCD
  +--> ?PR?_WRITEDISPDATA?LCD

?PR?_STOPDELAY?MAIN                              005DH    0004H      -----    -----
  +--> ?PR?WAITKEY?MAIN
  +--> ?PR?_DELAY?MAIN

?PR?WAITKEY?MAIN                                 -----    -----      -----    -----
  +--> ?PR?CONNTOUSB?MAIN
  +--> ?PR?_DELAY?MAIN

?PR?CONNTOUSB?MAIN                               0061H    0005H      027FH    0058H
  +--> ?CO?MAIN
  +--> ?PR?_WRITECOMM?LCD
  +--> ?PR?_WRITEDATA?LCD
  +--> ?PR?_DISPSTR?LCD
  +--> ?PR?_DISPINT?LCD
  +--> ?PR?_WRITEDISPDATA?LCD
  +--> ?PR?_MMC_SD_WRITESINGLEBLOCK?MMC_SD
  +--> ?PR?_BLOCK_WRITE?BLOCK_WRITE
  +--> ?PR?READDATA?LCD
  +--> ?PR?_DELAY?MAIN

?PR?_DISPSTR?LCD                                 0066H    000BH      -----    -----
  +--> ?PR?_TOORD?LCD
  +--> ?PR?_DISPONECHAR?LCD
BL51 BANKED LINKER/LOCATER V6.22                                                      09/27/2021  13:57:31  PAGE 7



?PR?_DISPONECHAR?LCD                             0071H    000DH      -----    -----
  +--> ?PR?_?BLOCKWRITE?LCD
  +--> ?CO?LCD
  +--> ?PR?_WRITEONEDOT?LCD

?PR?_WRITEONEDOT?LCD                             -----    -----      -----    -----
  +--> ?PR?_WRITEDISPDATA?LCD

?PR?_DISPINT?LCD                                 0066H    000AH      -----    -----
  +--> ?PR?_DISPONECHAR?LCD

?PR?_MMC_SD_WRITESINGLEBLOCK?MMC_SD              0066H    0004H      -----    -----
  +--> ?PR?_MMC_SD_SENDCOMMAND?MMC_SD
  +--> ?PR?_SPI_WRITEBYTE?MMC_SD

?PR?_MMC_SD_SENDCOMMAND?MMC_SD                   006AH    0005H      -----    -----
  +--> ?PR?_SPI_WRITEBYTE?MMC_SD

?PR?_DISPCOLOR?LCD                               005DH    0004H      -----    -----
  +--> ?PR?_?BLOCKWRITE?LCD
  +--> ?PR?_WRITEDISPDATA?LCD

?PR?DISPGRAYHOR16?LCD                            005DH    0004H      -----    -----
  +--> ?PR?_?BLOCKWRITE?LCD
  +--> ?PR?_WRITEDISPDATA?LCD

?PR?TP_DRAWLINE?TP                               -----    -----      027FH    0018H
  +--> ?PR?_DISPCOLOR?LCD
  +--> ?CO?TP
  +--> ?PR?_DISPSTR?LCD
  +--> ?PR?_DELAY?MAIN
  +--> ?PR?_TP_GETPOSITION?TP
  +--> ?PR?_PUTPIXEL?LCD

?PR?_TP_GETPOSITION?TP                           -----    -----      0297H    001BH
  +--> ?PR?_TP_WRITE?TP
  +--> ?PR?TP_READ?TP

?PR?_TP_WRITE?TP                                 -----    -----      02B2H    0001H

?PR?TP_READ?TP                                   -----    -----      02B2H    0005H

?PR?_PUTPIXEL?LCD                                005DH    0002H      -----    -----
  +--> ?PR?_?BLOCKWRITE?LCD
  +--> ?PR?_WRITEDISPDATA?LCD



SYMBOL TABLE OF MODULE:  JD5858A_INX175_IPS_3W1L (MAIN)

  VALUE           TYPE          NAME
  ----------------------------------

  -------         MODULE        MAIN
  C:0000H         SYMBOL        _ICE_DUMMY_
  D:0080H         PUBLIC        P0
BL51 BANKED LINKER/LOCATER V6.22                                                      09/27/2021  13:57:31  PAGE 8


  X:0000H         PUBLIC        f_down
  D:0090H         PUBLIC        P1
  D:00A0H         PUBLIC        P2
  D:00B0H         PUBLIC        P3
  C:3EEFH         PUBLIC        USB_MaxPower
  B:00B0H.6       PUBLIC        KEY_STEP
  D:00A4H         PUBLIC        P0MDOUT
  D:00A5H         PUBLIC        P1MDOUT
  D:00A6H         PUBLIC        P2MDOUT
  D:00A7H         PUBLIC        P3MDOUT
  D:00AEH         PUBLIC        P4MDOUT
  B:0080H.6       PUBLIC        OE
  D:00D9H         PUBLIC        PCA0MD
  C:27A0H         PUBLIC        USB_API_TEST_ISR
  C:003DH         PUBLIC        Suspend_Device
  C:3E01H         PUBLIC        _StopDelay
  D:00E1H         PUBLIC        XBR0
  D:00E2H         PUBLIC        XBR1
  B:00B0H.1       PUBLIC        RS
  C:3EF4H         PUBLIC        main
  X:0001H         PUBLIC        VerifyCode0
  X:0002H         PUBLIC        VerifyCode1
  C:3EB9H         PUBLIC        USB_PID
  X:0003H         PUBLIC        VerifyCode2
  D:00F1H         PUBLIC        P0MDIN
  D:00F2H         PUBLIC        P1MDIN
  C:3EBBH         PUBLIC        USB_MfrStr
  D:00F4H         PUBLIC        P3MDIN
  C:3EB7H         PUBLIC        USB_VID
  D:00F8H         PUBLIC        SPI0CN
  X:0004H         PUBLIC        pic
  C:3B66H         PUBLIC        Devices_Init
  C:0952H         PUBLIC        ConnToUSB
  D:00A9H         PUBLIC        CLKSEL
  D:00B2H         PUBLIC        OSCICN
  C:3EF0H         PUBLIC        USB_PwAttributes
  C:424CH         PUBLIC        WaitKey
  C:3EF3H         SYMBOL        _?ix1000
  B:00A0H.0       PUBLIC        CS0
  X:0005H         PUBLIC        bf
  C:3EF1H         PUBLIC        USB_bcdDevice
  D:00B9H         PUBLIC        CLKMUL
  X:0007H         PUBLIC        f_debug
  X:0008H         PUBLIC        sd
  X:02D7H         PUBLIC        Packet
  C:3FCCH         PUBLIC        MCU_Init
  B:0080H.7       PUBLIC        DIR
  D:00EFH         PUBLIC        RSTSRC
  X:000CH         PUBLIC        f_read
  C:3EE5H         PUBLIC        USB_SerialStr
  X:000DH         PUBLIC        f_other
  C:3ED5H         PUBLIC        USB_ProductStr
  X:000EH         PUBLIC        f_para
  D:00A1H         PUBLIC        SPI0CFG
  C:41B7H         PUBLIC        _Delay
  B:00B0H.7       PUBLIC        KEY_Stop
  X:000FH         PUBLIC        f_init
BL51 BANKED LINKER/LOCATER V6.22                                                      09/27/2021  13:57:31  PAGE 9


  -------         PROC          MAIN
  C:3EF4H         LINE#         40
  C:3EF4H         LINE#         41
  C:3EF4H         LINE#         61
  C:3EF7H         LINE#         63
  C:3EFAH         LINE#         64
  C:3EFAH         LINE#         68
  C:3F00H         LINE#         69
  C:3F0AH         LINE#         71
  C:3F14H         LINE#         72
  C:3F1EH         LINE#         73
  C:3F28H         LINE#         75
  C:3F2EH         LINE#         76
  C:3F37H         LINE#         80
  C:3F3AH         LINE#         82
  C:3F3CH         LINE#         83
  -------         ENDPROC       MAIN
  -------         PROC          _DELAY
  D:0006H         SYMBOL        dly
  -------         DO            
  D:0004H         SYMBOL        i
  D:0002H         SYMBOL        j
  -------         ENDDO         
  C:41B7H         LINE#         86
  C:41B7H         LINE#         87
  C:41B7H         LINE#         90
  C:41C1H         LINE#         91
  C:41D5H         LINE#         92
  -------         ENDPROC       _DELAY
  C:3DFDH         SYMBOL        L?0133
  -------         PROC          L?0132
  -------         ENDPROC       L?0132
  C:3DFDH         SYMBOL        L?0133
  -------         PROC          _STOPDELAY
  X:005DH         SYMBOL        sdly
  -------         DO            
  D:0006H         SYMBOL        i
  D:0004H         SYMBOL        j
  X:005FH         SYMBOL        k
  -------         ENDDO         
  C:3E01H         LINE#         94
  C:3E08H         LINE#         95
  C:3E08H         LINE#         97
  C:3E0DH         LINE#         98
  C:3E0DH         LINE#         99
  C:3E10H         LINE#         100
  C:3E10H         LINE#         101
  C:3E1DH         LINE#         102
  C:3E31H         LINE#         103
  C:3E31H         LINE#         105
  C:3E31H         LINE#         106
  C:3E3BH         LINE#         107
  C:3E3BH         LINE#         108
  C:3E51H         LINE#         109
  -------         ENDPROC       _STOPDELAY
  -------         PROC          WAITKEY
  C:424CH         LINE#         139
BL51 BANKED LINKER/LOCATER V6.22                                                      09/27/2021  13:57:31  PAGE 10


  C:424CH         LINE#         140
  C:424CH         LINE#         142
  C:424FH         LINE#         143
  C:424FH         LINE#         145
  C:4252H         LINE#         147
  C:4254H         LINE#         148
  C:425BH         LINE#         149
  C:425EH         LINE#         151
  -------         ENDPROC       WAITKEY
  -------         PROC          CONNTOUSB
  -------         DO            
  X:0061H         SYMBOL        i
  X:027FH         SYMBOL        reg_data
  X:0297H         SYMBOL        para_data
  D:0007H         SYMBOL        dat
  X:0062H         SYMBOL        reg_index
  X:0064H         SYMBOL        data_num
  X:0065H         SYMBOL        st
  -------         ENDDO         
  C:0952H         LINE#         157
  C:0952H         LINE#         158
  C:0952H         LINE#         165
  C:0965H         LINE#         167
  C:096DH         LINE#         168
  C:096DH         LINE#         169
  C:097BH         LINE#         170
  C:097BH         LINE#         171
  C:098CH         LINE#         172
  C:098CH         LINE#         173
  C:09B2H         LINE#         174
  C:09B4H         LINE#         175
  C:09C8H         LINE#         176
  C:09C8H         LINE#         177
  C:09EEH         LINE#         179
  C:09EEH         LINE#         180
  C:09EEH         LINE#         181
  C:09EEH         LINE#         183
  C:09EEH         LINE#         184
  C:09F6H         LINE#         185
  C:0A00H         LINE#         186
  C:0A0AH         LINE#         188
  C:0A26H         LINE#         190
  C:0A30H         LINE#         191
  C:0A30H         LINE#         192
  C:0A41H         LINE#         193
  C:0A41H         LINE#         194
  C:0A52H         LINE#         195
  C:0A52H         LINE#         196
  C:0AA5H         LINE#         197
  C:0AA7H         LINE#         198
  C:0ABDH         LINE#         199
  C:0ABDH         LINE#         200
  C:0B0FH         LINE#         201
  C:0B0FH         LINE#         202
  C:0B0FH         LINE#         203
  C:0B0FH         LINE#         205
  C:0B0FH         LINE#         206
BL51 BANKED LINKER/LOCATER V6.22                                                      09/27/2021  13:57:31  PAGE 11


  C:0B17H         LINE#         207
  C:0B17H         LINE#         208
  C:0B21H         LINE#         209
  C:0B2BH         LINE#         211
  C:0B2FH         LINE#         212
  C:0B32H         LINE#         216
  C:0B3AH         LINE#         217
  C:0B3AH         LINE#         218
  C:0B49H         LINE#         219
  C:0B49H         LINE#         220
  C:0B4BH         LINE#         222
  C:0B4DH         LINE#         223
  C:0B69H         LINE#         224
  C:0B6BH         LINE#         226
  C:0B94H         LINE#         227
  C:0BB8H         LINE#         228
  C:0BC2H         LINE#         229
  C:0BC2H         LINE#         230
  C:0BCAH         LINE#         231
  C:0BD1H         LINE#         232
  C:0BDCH         LINE#         233
  C:0BE2H         LINE#         234
  C:0BE2H         LINE#         235
  C:0BEBH         LINE#         237
  C:0BEFH         LINE#         238
  C:0BFBH         LINE#         239
  C:0BFEH         LINE#         242
  C:0C06H         LINE#         243
  C:0C06H         LINE#         244
  C:0C0FH         LINE#         245
  C:0C0FH         LINE#         246
  C:0C1FH         LINE#         247
  C:0C1FH         LINE#         248
  C:0C21H         LINE#         250
  C:0C23H         LINE#         251
  C:0C3FH         LINE#         252
  C:0C41H         LINE#         254
  C:0C6AH         LINE#         255
  C:0C8EH         LINE#         257
  C:0C98H         LINE#         258
  C:0C98H         LINE#         259
  C:0CA0H         LINE#         260
  C:0CA7H         LINE#         261
  C:0CB2H         LINE#         262
  C:0CB8H         LINE#         263
  C:0CB8H         LINE#         265
  C:0CC1H         LINE#         271
  C:0CC1H         LINE#         272
  C:0CCEH         LINE#         273
  C:0CCEH         LINE#         274
  C:0CD0H         LINE#         276
  C:0CD2H         LINE#         277
  C:0CEEH         LINE#         278
  C:0CF0H         LINE#         280
  C:0CF8H         LINE#         281
  C:0CFCH         LINE#         282
  C:0D08H         LINE#         283
BL51 BANKED LINKER/LOCATER V6.22                                                      09/27/2021  13:57:31  PAGE 12


  C:0D08H         LINE#         284
  C:0D0BH         LINE#         287
  C:0D13H         LINE#         288
  C:0D13H         LINE#         289
  C:0D24H         LINE#         290
  C:0D24H         LINE#         291
  C:0D31H         LINE#         292
  C:0D31H         LINE#         293
  C:0D4FH         LINE#         294
  C:0D51H         LINE#         295
  C:0D61H         LINE#         296
  C:0D61H         LINE#         297
  C:0D7FH         LINE#         298
  C:0D81H         LINE#         299
  C:0D92H         LINE#         300
  C:0D92H         LINE#         301
  C:0D9CH         LINE#         302
  C:0DA6H         LINE#         303
  C:0DA6H         LINE#         304
  C:0DA6H         LINE#         305
  C:0DA6H         LINE#         307
  C:0DA6H         LINE#         308
  C:0DAFH         LINE#         309
  C:0DB3H         LINE#         310
  C:0DBFH         LINE#         311
  C:0DC2H         LINE#         314
  C:0DCAH         LINE#         315
  C:0DCAH         LINE#         316
  C:0DD7H         LINE#         317
  C:0DE8H         LINE#         319
  C:0DF1H         LINE#         320
  C:0E00H         LINE#         322
  C:0E08H         LINE#         323
  C:0E08H         LINE#         324
  C:0E11H         LINE#         325
  C:0E20H         LINE#         326
  C:0E20H         LINE#         327
  C:0E23H         LINE#         328
  C:0E32H         LINE#         329
  C:0E3EH         LINE#         330
  C:0E44H         LINE#         331
  C:0E44H         LINE#         333
  C:0E48H         LINE#         334
  C:0E57H         LINE#         336
  C:0E5EH         LINE#         337
  C:0E7AH         LINE#         338
  C:0E84H         LINE#         339
  C:0E84H         LINE#         340
  C:0EAAH         LINE#         341
  C:0EBDH         LINE#         342
  C:0EBDH         LINE#         343
  C:0F0FH         LINE#         344
  C:0F17H         LINE#         345
  C:0F17H         LINE#         346
  C:0F17H         LINE#         349
  C:0F1CH         LINE#         350
  C:0F1CH         LINE#         351
BL51 BANKED LINKER/LOCATER V6.22                                                      09/27/2021  13:57:31  PAGE 13


  C:0F29H         LINE#         352
  C:0F3AH         LINE#         354
  C:0F40H         LINE#         355
  C:0F44H         LINE#         356
  C:0F48H         LINE#         357
  C:0F4CH         LINE#         359
  C:0F50H         LINE#         360
  C:0F5CH         LINE#         361
  C:0F5EH         LINE#         362
  -------         ENDPROC       CONNTOUSB
  -------         PROC          MCU_INIT
  -------         DO            
  D:0007H         SYMBOL        n
  -------         ENDDO         
  C:3FCCH         LINE#         365
  C:3FCCH         LINE#         366
  C:3FCCH         LINE#         368
  C:3FCFH         LINE#         371
  C:3FD2H         LINE#         372
  C:3FD5H         LINE#         374
  C:3FD8H         LINE#         376
  C:3FDEH         LINE#         378
  C:3FE1H         LINE#         379
  C:3FE6H         LINE#         380
  C:3FE9H         LINE#         382
  C:3FECH         LINE#         385
  C:3FEFH         LINE#         386
  C:3FF2H         LINE#         388
  C:3FF5H         LINE#         389
  C:3FF8H         LINE#         391
  C:3FFBH         LINE#         392
  C:3FFEH         LINE#         394
  C:4001H         LINE#         395
  C:4004H         LINE#         396
  C:4006H         LINE#         397
  C:4008H         LINE#         399
  C:400BH         LINE#         400
  C:400EH         LINE#         402
  -------         ENDPROC       MCU_INIT
  -------         PROC          DEVICES_INIT
  C:3B66H         LINE#         404
  C:3B66H         LINE#         405
  C:3B66H         LINE#         407
  C:3B69H         LINE#         410
  C:3B6CH         LINE#         411
  C:3BC6H         LINE#         412
  C:3BC9H         LINE#         415
  C:3BCCH         LINE#         416
  C:3BCFH         LINE#         424
  -------         ENDPROC       DEVICES_INIT
  -------         PROC          SUSPEND_DEVICE
  C:003DH         LINE#         428
  C:003DH         LINE#         429
  C:003DH         LINE#         430
  -------         ENDPROC       SUSPEND_DEVICE
  -------         PROC          USB_API_TEST_ISR
  -------         DO            
BL51 BANKED LINKER/LOCATER V6.22                                                      09/27/2021  13:57:31  PAGE 14


  X:005BH         SYMBOL        INTVAL
  -------         ENDDO         
  C:27A0H         LINE#         434
  C:27BDH         LINE#         436
  C:27C4H         LINE#         438
  C:27CAH         LINE#         439
  C:27CAH         LINE#         440
  C:27D5H         LINE#         442
  C:27F1H         LINE#         443
  C:27F1H         LINE#         444
  C:27F3H         LINE#         445
  C:27F5H         LINE#         446
  C:280BH         LINE#         447
  C:280BH         LINE#         448
  C:280DH         LINE#         449
  C:280FH         LINE#         450
  C:2827H         LINE#         451
  C:2827H         LINE#         452
  C:2829H         LINE#         453
  C:282BH         LINE#         454
  C:2845H         LINE#         455
  C:2845H         LINE#         456
  C:2847H         LINE#         457
  C:2849H         LINE#         458
  C:285EH         LINE#         459
  C:285EH         LINE#         460
  C:2860H         LINE#         461
  C:2862H         LINE#         463
  C:2862H         LINE#         464
  C:2867H         LINE#         465
  C:2867H         LINE#         466
  C:2867H         LINE#         468
  C:2867H         LINE#         469
  C:2867H         LINE#         471
  C:2867H         LINE#         473
  C:286DH         LINE#         474
  C:286DH         LINE#         475
  C:2870H         LINE#         476
  C:2870H         LINE#         478
  C:2876H         LINE#         479
  C:2876H         LINE#         480
  C:2879H         LINE#         481
  C:2879H         LINE#         483
  C:287FH         LINE#         484
  C:287FH         LINE#         485
  C:289BH         LINE#         486
  C:289BH         LINE#         488
  C:28A1H         LINE#         489
  C:28A1H         LINE#         490
  C:28A6H         LINE#         491
  C:28C2H         LINE#         492
  C:28C2H         LINE#         493
  -------         ENDPROC       USB_API_TEST_ISR
  -------         ENDMOD        MAIN

  -------         MODULE        MMC_SD
  C:0000H         SYMBOL        _ICE_DUMMY_
BL51 BANKED LINKER/LOCATER V6.22                                                      09/27/2021  13:57:31  PAGE 15


  D:00A2H         PUBLIC        SPI0CKR
  D:0080H         PUBLIC        P0
  D:0090H         PUBLIC        P1
  D:00A0H         PUBLIC        P2
  D:00B0H         PUBLIC        P3
  C:3A0BH         PUBLIC        _MMC_SD_SendCommand
  C:3BD2H         PUBLIC        _MMC_SD_ReadSingleBlock
  C:425FH         PUBLIC        SD_Init
  C:3916H         PUBLIC        _MMC_SD_WriteSingleBlock
  B:00F8H.7       PUBLIC        SPIF
  B:00F8H.2       PUBLIC        NSSMD0
  C:2FE9H         PUBLIC        MMC_SD_Reset
  D:00A9H         PUBLIC        CLKSEL
  C:428AH         PUBLIC        SPI_ReadByte
  C:4218H         PUBLIC        _SPI_WriteByte
  D:00A3H         PUBLIC        SPI0DAT
  X:007FH         PUBLIC        buffer
  C:420CH         SYMBOL        L?0062
  C:4211H         SYMBOL        L?0063
  -------         PROC          L?0061
  -------         ENDPROC       L?0061
  C:420CH         SYMBOL        L?0062
  C:4211H         SYMBOL        L?0063
  -------         PROC          _SPI_WRITEBYTE
  D:0007H         SYMBOL        val
  -------         DO            
  D:0007H         SYMBOL        ret
  -------         ENDDO         
  C:4218H         LINE#         7
  C:4218H         LINE#         8
  C:4218H         LINE#         11
  C:421AH         LINE#         12
  C:421DH         LINE#         13
  C:421FH         LINE#         14
  C:4221H         LINE#         15
  C:4221H         LINE#         16
  -------         ENDPROC       _SPI_WRITEBYTE
  -------         PROC          SPI_READBYTE
  -------         DO            
  D:0007H         SYMBOL        ret
  -------         ENDDO         
  C:428AH         LINE#         18
  C:428AH         LINE#         19
  C:428AH         LINE#         22
  C:428DH         LINE#         23
  C:4290H         LINE#         24
  C:4292H         LINE#         25
  C:4294H         LINE#         26
  C:4294H         LINE#         27
  -------         ENDPROC       SPI_READBYTE
  -------         PROC          _MMC_SD_SENDCOMMAND
  D:0006H         SYMBOL        cmd
  X:006BH         SYMBOL        arg
  -------         DO            
  D:0007H         SYMBOL        r1
  D:0003H         SYMBOL        retry
  -------         ENDDO         
BL51 BANKED LINKER/LOCATER V6.22                                                      09/27/2021  13:57:31  PAGE 16


  C:3A0BH         LINE#         29
  C:3A0DH         LINE#         30
  C:3A0DH         LINE#         32
  C:3A0FH         LINE#         34
  C:3A0FH         LINE#         35
  C:3A0FH         LINE#         36
  C:3A12H         LINE#         37
  C:3A12H         LINE#         38
  C:3A12H         LINE#         39
  C:3A15H         LINE#         41
  C:3A17H         LINE#         43
  C:3A1EH         LINE#         44
  C:3A33H         LINE#         45
  C:3A48H         LINE#         46
  C:3A5DH         LINE#         47
  C:3A67H         LINE#         48
  C:3A6CH         LINE#         50
  C:3A74H         LINE#         51
  C:3A7DH         LINE#         53
  C:3A7FH         LINE#         55
  C:3A7FH         LINE#         56
  -------         ENDPROC       _MMC_SD_SENDCOMMAND
  -------         PROC          MMC_SD_RESET
  -------         DO            
  D:0005H         SYMBOL        i
  D:0002H         SYMBOL        retry
  D:0006H         SYMBOL        r1
  -------         ENDDO         
  C:2FE9H         LINE#         58
  C:2FE9H         LINE#         59
  C:2FE9H         LINE#         62
  C:2FEBH         LINE#         64
  C:2FECH         LINE#         65
  C:2FEFH         LINE#         66
  C:2FF2H         LINE#         68
  C:2FF2H         LINE#         69
  C:2FFEH         LINE#         70
  C:300EH         LINE#         71
  C:300FH         LINE#         72
  C:3015H         LINE#         73
  C:3019H         LINE#         75
  C:301BH         LINE#         77
  C:301BH         LINE#         79
  C:301BH         LINE#         80
  C:302BH         LINE#         81
  C:302CH         LINE#         82
  C:3035H         LINE#         83
  C:3039H         LINE#         85
  C:303BH         LINE#         86
  C:304BH         LINE#         87
  C:304CH         LINE#         88
  C:3055H         LINE#         89
  C:3058H         LINE#         91
  C:305BH         LINE#         92
  C:305BH         LINE#         93
  C:305DH         LINE#         95
  C:305DH         LINE#         96
BL51 BANKED LINKER/LOCATER V6.22                                                      09/27/2021  13:57:31  PAGE 17


  C:306DH         LINE#         97
  C:306EH         LINE#         98
  C:3077H         LINE#         99
  C:307AH         LINE#         100
  C:307AH         LINE#         101
  C:308AH         LINE#         103
  C:3098H         LINE#         104
  C:309BH         LINE#         105
  C:309EH         LINE#         106
  C:309FH         LINE#         107
  -------         ENDPROC       MMC_SD_RESET
  -------         PROC          _MMC_SD_READSINGLEBLOCK
  X:0010H         SYMBOL        sector
  -------         DO            
  D:0007H         SYMBOL        r1
  D:0004H         SYMBOL        i
  D:0002H         SYMBOL        retry
  -------         ENDDO         
  C:3BD2H         LINE#         109
  C:3BD7H         LINE#         110
  C:3BD7H         LINE#         113
  C:3BD9H         LINE#         115
  C:3BDCH         LINE#         117
  C:3BDCH         LINE#         118
  C:3BF8H         LINE#         119
  C:3BF9H         LINE#         120
  C:3C02H         LINE#         121
  C:3C05H         LINE#         124
  C:3C07H         LINE#         126
  C:3C0DH         LINE#         128
  C:3C10H         LINE#         129
  C:3C10H         LINE#         130
  C:3C1FH         LINE#         131
  C:3C2CH         LINE#         133
  C:3C2CH         LINE#         134
  C:3C2FH         LINE#         136
  C:3C31H         LINE#         137
  C:3C34H         LINE#         138
  C:3C35H         LINE#         139
  -------         ENDPROC       _MMC_SD_READSINGLEBLOCK
  -------         PROC          _MMC_SD_WRITESINGLEBLOCK
  X:0066H         SYMBOL        sector
  -------         DO            
  D:0006H         SYMBOL        r1
  D:0004H         SYMBOL        i
  D:0002H         SYMBOL        retry
  -------         ENDDO         
  C:3916H         LINE#         141
  C:391BH         LINE#         142
  C:391BH         LINE#         145
  C:391DH         LINE#         147
  C:3920H         LINE#         149
  C:3920H         LINE#         150
  C:393EH         LINE#         151
  C:393FH         LINE#         152
  C:3948H         LINE#         153
  C:394BH         LINE#         157
BL51 BANKED LINKER/LOCATER V6.22                                                      09/27/2021  13:57:31  PAGE 18


  C:394DH         LINE#         159
  C:3952H         LINE#         161
  C:3957H         LINE#         163
  C:3959H         LINE#         164
  C:3959H         LINE#         165
  C:3968H         LINE#         166
  C:3975H         LINE#         168
  C:3975H         LINE#         169
  C:3975H         LINE#         171
  C:397AH         LINE#         173
  C:3981H         LINE#         174
  C:3981H         LINE#         175
  C:3983H         LINE#         176
  C:3984H         LINE#         177
  C:3984H         LINE#         179
  C:398CH         LINE#         181
  C:398EH         LINE#         182
  C:3991H         LINE#         183
  C:3992H         LINE#         184
  -------         ENDPROC       _MMC_SD_WRITESINGLEBLOCK
  -------         PROC          SD_INIT
  -------         DO            
  D:0001H         SYMBOL        n
  -------         ENDDO         
  C:425FH         LINE#         187
  C:425FH         LINE#         188
  C:425FH         LINE#         189
  C:4261H         LINE#         191
  C:4267H         LINE#         192
  C:4267H         LINE#         193
  C:4268H         LINE#         194
  C:426FH         LINE#         196
  -------         ENDPROC       SD_INIT
  -------         ENDMOD        MMC_SD

  -------         MODULE        LCD
  C:0000H         SYMBOL        _ICE_DUMMY_
  D:0080H         PUBLIC        P0
  C:32B5H         PUBLIC        DispFrame
  D:0090H         PUBLIC        P1
  C:335FH         PUBLIC        DispScaleVer_Green
  D:00A0H         PUBLIC        P2
  D:00B0H         PUBLIC        P3
  C:24BDH         PUBLIC        DispBand
  C:404BH         PUBLIC        _WriteData
  C:0F5FH         PUBLIC        ascii
  C:1CD7H         PUBLIC        _LCD_Read_IC_ID
  D:00A6H         PUBLIC        P2MDOUT
  C:0046H         PUBLIC        _DispColor
  C:380AH         PUBLIC        DispScaleVer_Blue
  C:36EEH         PUBLIC        _DrawGird
  C:3890H         PUBLIC        _DrawLine
  B:00D0H.7       PUBLIC        CY
  C:407AH         PUBLIC        _WriteComm
  C:3F52H         PUBLIC        _WriteDispData
  C:365DH         PUBLIC        DispScaleVer_Gray
  B:00B0H.1       PUBLIC        RS
BL51 BANKED LINKER/LOCATER V6.22                                                      09/27/2021  13:57:31  PAGE 19


  B:0090H.7       PUBLIC        SPI_CLK
  C:35CCH         PUBLIC        DispScaleVer_Red
  D:00F3H         PUBLIC        P2MDIN
  C:2A14H         PUBLIC        DispScaleVer
  C:3C36H         PUBLIC        _DispPic
  C:2F4EH         PUBLIC        _DispOneChar
  C:3993H         PUBLIC        DispGrayHor32
  C:349BH         PUBLIC        DispGrayHor16
  C:30A0H         PUBLIC        _DispInt
  C:3E52H         PUBLIC        _PutPixel
  D:00A9H         PUBLIC        CLKSEL
  B:0090H.6       PUBLIC        RD0
  B:00A0H.0       PUBLIC        CS0
  X:0059H         PUBLIC        LCM_ID
  C:008EH         PUBLIC        LCD_Init
  C:3536H         PUBLIC        _DispStr
  B:0090H.7       PUBLIC        WR0
  C:1F09H         PUBLIC        DispScaleHor1
  B:0090H.6       PUBLIC        SPI_DI
  C:4295H         PUBLIC        _WriteOneDot
  C:2303H         PUBLIC        DispScaleHor2
  C:2D68H         PUBLIC        _DispPicFromSD
  B:0080H.7       PUBLIC        DIR
  C:3C99H         PUBLIC        _ToOrd
  B:0080H.5       PUBLIC        RST
  C:4222H         PUBLIC        ReadData
  C:3419H         PUBLIC        _?BlockWrite
  -------         PROC          _LCD_READ_IC_ID
  X:0066H         SYMBOL        ID
  D:0004H         SYMBOL        Bug
  D:0003H         SYMBOL        flog
  -------         DO            
  X:0067H         SYMBOL        id
  X:0069H         SYMBOL        id1
  X:006BH         SYMBOL        temp
  D:0005H         SYMBOL        i
  D:0007H         SYMBOL        dat
  D:0001H         SYMBOL        id2
  X:006DH         SYMBOL        id3
  D:0002H         SYMBOL        id4
  -------         ENDDO         
  C:1CD7H         LINE#         35
  C:1CDBH         LINE#         36
  C:1CDBH         LINE#         40
  C:1CE3H         LINE#         41
  C:1CE3H         LINE#         43
  C:1CE5H         LINE#         44
  C:1CE7H         LINE#         45
  C:1CE9H         LINE#         47
  C:1CECH         LINE#         48
  C:1CEEH         LINE#         49
  C:1CF0H         LINE#         50
  C:1CF2H         LINE#         53
  C:1CF5H         LINE#         54
  C:1CF8H         LINE#         55
  C:1CFBH         LINE#         56
  C:1CFDH         LINE#         57
BL51 BANKED LINKER/LOCATER V6.22                                                      09/27/2021  13:57:31  PAGE 20


  C:1CFFH         LINE#         58
  C:1D01H         LINE#         63
  C:1D0BH         LINE#         65
  C:1D11H         LINE#         66
  C:1D19H         LINE#         68
  C:1D1FH         LINE#         69
  C:1D25H         LINE#         70
  C:1D2FH         LINE#         72
  C:1D35H         LINE#         73
  C:1D37H         LINE#         75
  C:1D3DH         LINE#         77
  C:1D43H         LINE#         78
  C:1D4DH         LINE#         80
  C:1D53H         LINE#         81
  C:1D58H         LINE#         83
  C:1D5EH         LINE#         85
  C:1D68H         LINE#         86
  C:1D72H         LINE#         88
  C:1D78H         LINE#         89
  C:1D7AH         LINE#         91
  C:1D8AH         LINE#         92
  C:1D94H         LINE#         94
  C:1D97H         LINE#         95
  C:1D9BH         LINE#         96
  C:1D9BH         LINE#         97
  C:1DA4H         LINE#         98
  C:1DAAH         LINE#         99
  C:1DAAH         LINE#         100
  C:1DB4H         LINE#         101
  C:1DB6H         LINE#         102
  C:1DBAH         LINE#         103
  C:1DBAH         LINE#         104
  C:1DC9H         LINE#         105
  C:1DC9H         LINE#         108
  C:1DC9H         LINE#         109
  C:1DD2H         LINE#         110
  C:1DD2H         LINE#         112
  C:1DD5H         LINE#         113
  C:1DD9H         LINE#         114
  C:1DDBH         LINE#         115
  C:1DDDH         LINE#         116
  C:1DDFH         LINE#         117
  C:1DDFH         LINE#         118
  C:1DE1H         LINE#         119
  C:1DE9H         LINE#         120
  C:1DEBH         LINE#         122
  C:1DEDH         LINE#         123
  C:1DF1H         LINE#         124
  C:1DF6H         LINE#         125
  C:1DF9H         LINE#         128
  C:1E03H         LINE#         129
  C:1E03H         LINE#         130
  C:1E05H         LINE#         131
  C:1E05H         LINE#         132
  C:1E07H         LINE#         133
  C:1E09H         LINE#         134
  C:1E0BH         LINE#         135
BL51 BANKED LINKER/LOCATER V6.22                                                      09/27/2021  13:57:31  PAGE 21


  C:1E22H         LINE#         136
  C:1E24H         LINE#         137
  C:1E26H         LINE#         138
  C:1E2DH         LINE#         139
  C:1E37H         LINE#         140
  C:1E37H         LINE#         141
  C:1E39H         LINE#         142
  C:1E39H         LINE#         143
  C:1E3BH         LINE#         144
  C:1E3DH         LINE#         145
  C:1E3FH         LINE#         146
  C:1E56H         LINE#         147
  C:1E58H         LINE#         148
  C:1E5AH         LINE#         149
  C:1E5FH         LINE#         150
  C:1E5FH         LINE#         152
  C:1E61H         LINE#         153
  C:1E61H         LINE#         154
  C:1E63H         LINE#         155
  C:1E65H         LINE#         156
  C:1E67H         LINE#         157
  C:1E7EH         LINE#         158
  C:1E80H         LINE#         159
  C:1E82H         LINE#         160
  C:1E87H         LINE#         162
  C:1E89H         LINE#         163
  C:1E89H         LINE#         164
  C:1E8BH         LINE#         165
  C:1E8DH         LINE#         166
  C:1E8FH         LINE#         167
  C:1E99H         LINE#         168
  C:1E9BH         LINE#         169
  C:1E9DH         LINE#         170
  C:1EA2H         LINE#         172
  C:1EA4H         LINE#         173
  C:1EA4H         LINE#         174
  C:1EA6H         LINE#         175
  C:1EA8H         LINE#         176
  C:1EAAH         LINE#         177
  C:1EB6H         LINE#         178
  C:1EB8H         LINE#         179
  C:1EBAH         LINE#         180
  C:1EBFH         LINE#         181
  C:1EC2H         LINE#         182
  C:1EC4H         LINE#         183
  C:1EC6H         LINE#         184
  C:1EC8H         LINE#         185
  C:1ECAH         LINE#         186
  C:1ECCH         LINE#         187
  C:1ECEH         LINE#         189
  C:1ED2H         LINE#         190
  C:1ED2H         LINE#         191
  C:1EE2H         LINE#         193
  C:1EEDH         LINE#         194
  C:1EEDH         LINE#         195
  C:1EEDH         LINE#         197
  C:1EF3H         LINE#         198
BL51 BANKED LINKER/LOCATER V6.22                                                      09/27/2021  13:57:31  PAGE 22


  C:1EF3H         LINE#         199
  C:1EFFH         LINE#         200
  C:1EFFH         LINE#         202
  C:1EFFH         LINE#         203
  C:1F01H         LINE#         204
  C:1F08H         LINE#         205
  -------         ENDPROC       _LCD_READ_IC_ID
  -------         PROC          _WRITECOMM
  D:0004H         SYMBOL        i
  -------         DO            
  D:0003H         SYMBOL        j
  X:007EH         SYMBOL        DataH
  -------         ENDDO         
  C:407AH         LINE#         208
  C:407EH         LINE#         209
  C:407EH         LINE#         211
  C:4082H         LINE#         212
  C:4084H         LINE#         243
  C:4084H         LINE#         244
  C:4086H         LINE#         245
  C:4088H         LINE#         246
  C:408AH         LINE#         247
  C:408CH         LINE#         248
  C:408CH         LINE#         249
  C:4090H         LINE#         250
  C:4094H         LINE#         252
  C:4096H         LINE#         253
  C:409DH         LINE#         254
  C:409FH         LINE#         255
  C:40A1H         LINE#         256
  C:40A6H         LINE#         257
  C:40A6H         LINE#         319
  C:40A8H         LINE#         320
  -------         ENDPROC       _WRITECOMM
  -------         PROC          L?0467
  -------         ENDPROC       L?0467
  -------         PROC          _WRITEDATA
  D:0004H         SYMBOL        i
  -------         DO            
  D:0003H         SYMBOL        j
  X:007EH         SYMBOL        DataH
  -------         ENDDO         
  C:404BH         LINE#         322
  C:404FH         LINE#         323
  C:404FH         LINE#         325
  C:4053H         LINE#         326
  C:4055H         LINE#         361
  C:4055H         LINE#         404
  C:4057H         LINE#         405
  C:4059H         LINE#         406
  C:405BH         LINE#         407
  C:405DH         LINE#         408
  C:405DH         LINE#         409
  C:4061H         LINE#         410
  C:4065H         LINE#         412
  C:4067H         LINE#         413
  C:406EH         LINE#         414
BL51 BANKED LINKER/LOCATER V6.22                                                      09/27/2021  13:57:31  PAGE 23


  C:4070H         LINE#         415
  C:4072H         LINE#         417
  C:4077H         LINE#         419
  C:4077H         LINE#         514
  C:4079H         LINE#         515
  -------         ENDPROC       _WRITEDATA
  C:3F3DH         SYMBOL        L?0466
  -------         PROC          L?0465
  -------         ENDPROC       L?0465
  C:3F3DH         SYMBOL        L?0466
  -------         PROC          _WRITEDISPDATA
  D:0007H         SYMBOL        DataH
  D:0005H         SYMBOL        DataL
  -------         DO            
  D:0006H         SYMBOL        j
  -------         ENDDO         
  C:3F52H         LINE#         517
  C:3F52H         LINE#         518
  C:3F52H         LINE#         520
  C:3F54H         LINE#         554
  C:3F54H         LINE#         555
  C:3F56H         LINE#         556
  C:3F58H         LINE#         557
  C:3F5AH         LINE#         558
  C:3F5CH         LINE#         559
  C:3F5CH         LINE#         560
  C:3F60H         LINE#         561
  C:3F62H         LINE#         562
  C:3F64H         LINE#         563
  C:3F66H         LINE#         564
  C:3F6BH         LINE#         566
  C:3F6DH         LINE#         567
  C:3F6FH         LINE#         568
  C:3F71H         LINE#         569
  C:3F73H         LINE#         570
  C:3F73H         LINE#         571
  C:3F77H         LINE#         572
  C:3F79H         LINE#         573
  C:3F7BH         LINE#         574
  C:3F7DH         LINE#         575
  C:3F82H         LINE#         576
  C:3F82H         LINE#         639
  C:3F84H         LINE#         640
  -------         ENDPROC       _WRITEDISPDATA
  -------         PROC          _WRITEONEDOT
  D:0004H         SYMBOL        color
  C:4295H         LINE#         642
  C:4299H         LINE#         643
  C:4299H         LINE#         656
  -------         ENDPROC       _WRITEONEDOT
  -------         PROC          LCD_INIT
  C:008EH         LINE#         665
  C:008EH         LINE#         666
  C:008EH         LINE#         667
  C:0091H         LINE#         670
  C:0093H         LINE#         671
  C:009AH         LINE#         673
BL51 BANKED LINKER/LOCATER V6.22                                                      09/27/2021  13:57:31  PAGE 24


  C:009CH         LINE#         674
  C:00A3H         LINE#         676
  C:00A5H         LINE#         677
  C:00ACH         LINE#         4945
  C:00B3H         LINE#         4946
  C:00B8H         LINE#         4948
  C:00BDH         LINE#         4949
  C:00C2H         LINE#         4950
  C:00C5H         LINE#         4951
  C:00CAH         LINE#         4953
  C:00CFH         LINE#         4954
  C:00D4H         LINE#         4956
  C:00D9H         LINE#         4957
  C:00DEH         LINE#         4958
  C:00E3H         LINE#         4960
  C:00E8H         LINE#         4961
  C:00EDH         LINE#         4962
  C:00F2H         LINE#         4963
  C:00F7H         LINE#         4964
  C:00FCH         LINE#         4965
  C:0101H         LINE#         4966
  C:0106H         LINE#         4968
  C:010BH         LINE#         4969
  C:0110H         LINE#         4970
  C:0115H         LINE#         4971
  C:011AH         LINE#         4972
  C:011FH         LINE#         4973
  C:0124H         LINE#         4974
  C:0129H         LINE#         4976
  C:012EH         LINE#         4977
  C:0133H         LINE#         4978
  C:0138H         LINE#         4980
  C:013DH         LINE#         4981
  C:0142H         LINE#         4982
  C:0147H         LINE#         4983
  C:014CH         LINE#         4984
  C:0151H         LINE#         4985
  C:0156H         LINE#         4986
  C:015BH         LINE#         4987
  C:0160H         LINE#         4988
  C:0165H         LINE#         4989
  C:016AH         LINE#         4990
  C:016FH         LINE#         4991
  C:0174H         LINE#         4992
  C:0179H         LINE#         4993
  C:017EH         LINE#         4994
  C:0183H         LINE#         4995
  C:0188H         LINE#         4996
  C:018DH         LINE#         4997
  C:0192H         LINE#         4998
  C:0197H         LINE#         4999
  C:019CH         LINE#         5000
  C:01A1H         LINE#         5001
  C:01A6H         LINE#         5002
  C:01ABH         LINE#         5003
  C:01B0H         LINE#         5004
  C:01B5H         LINE#         5005
BL51 BANKED LINKER/LOCATER V6.22                                                      09/27/2021  13:57:31  PAGE 25


  C:01BAH         LINE#         5006
  C:01BFH         LINE#         5007
  C:01C4H         LINE#         5008
  C:01C9H         LINE#         5009
  C:01CEH         LINE#         5010
  C:01D3H         LINE#         5011
  C:01D8H         LINE#         5012
  C:01DDH         LINE#         5013
  C:01E2H         LINE#         5014
  C:01E7H         LINE#         5015
  C:01ECH         LINE#         5016
  C:01F1H         LINE#         5017
  C:01F6H         LINE#         5018
  C:01FBH         LINE#         5020
  C:0200H         LINE#         5021
  C:0205H         LINE#         5022
  C:020AH         LINE#         5023
  C:020FH         LINE#         5025
  C:0214H         LINE#         5026
  C:0219H         LINE#         5027
  C:021EH         LINE#         5028
  C:0223H         LINE#         5029
  C:0228H         LINE#         5031
  C:022DH         LINE#         5032
  C:0232H         LINE#         5033
  C:0237H         LINE#         5034
  C:023CH         LINE#         5035
  C:0240H         LINE#         5036
  C:0243H         LINE#         5037
  C:0247H         LINE#         5038
  C:024BH         LINE#         5039
  C:024EH         LINE#         5040
  C:0252H         LINE#         5041
  C:0257H         LINE#         5042
  C:025CH         LINE#         5043
  C:0261H         LINE#         5044
  C:0266H         LINE#         5045
  C:026BH         LINE#         5046
  C:0270H         LINE#         5047
  C:0275H         LINE#         5048
  C:027AH         LINE#         5049
  C:027FH         LINE#         5050
  C:0284H         LINE#         5051
  C:0289H         LINE#         5052
  C:028EH         LINE#         5053
  C:0293H         LINE#         5054
  C:0298H         LINE#         5055
  C:029DH         LINE#         5056
  C:02A2H         LINE#         5057
  C:02A7H         LINE#         5058
  C:02ACH         LINE#         5059
  C:02AFH         LINE#         5060
  C:02B2H         LINE#         5062
  C:02B7H         LINE#         5063
  C:02BCH         LINE#         5064
  C:02C1H         LINE#         5065
  C:02C6H         LINE#         5066
BL51 BANKED LINKER/LOCATER V6.22                                                      09/27/2021  13:57:31  PAGE 26


  C:02CBH         LINE#         5067
  C:02D0H         LINE#         5068
  C:02D5H         LINE#         5069
  C:02DAH         LINE#         5070
  C:02DFH         LINE#         5071
  C:02E4H         LINE#         5072
  C:02E9H         LINE#         5073
  C:02EEH         LINE#         5074
  C:02F3H         LINE#         5075
  C:02F8H         LINE#         5076
  C:02FDH         LINE#         5077
  C:0302H         LINE#         5078
  C:0307H         LINE#         5079
  C:030CH         LINE#         5080
  C:0311H         LINE#         5081
  C:0316H         LINE#         5082
  C:031BH         LINE#         5083
  C:031EH         LINE#         5084
  C:0323H         LINE#         5085
  C:0328H         LINE#         5086
  C:032BH         LINE#         5087
  C:0330H         LINE#         5088
  C:0335H         LINE#         5089
  C:0338H         LINE#         5091
  C:033DH         LINE#         5092
  C:0342H         LINE#         5093
  C:0345H         LINE#         5094
  C:034AH         LINE#         5095
  C:034DH         LINE#         5096
  C:0352H         LINE#         5097
  C:0357H         LINE#         5098
  C:035AH         LINE#         5099
  C:035FH         LINE#         5100
  C:0364H         LINE#         5101
  C:0367H         LINE#         5102
  C:036CH         LINE#         5103
  C:0370H         LINE#         5104
  C:0373H         LINE#         5105
  C:0377H         LINE#         5106
  C:037CH         LINE#         5107
  C:0381H         LINE#         5108
  C:0385H         LINE#         5109
  C:0389H         LINE#         5110
  C:038EH         LINE#         5111
  C:0393H         LINE#         5112
  C:0398H         LINE#         5113
  C:039DH         LINE#         5114
  C:03A2H         LINE#         5115
  C:03A7H         LINE#         5116
  C:03ACH         LINE#         5117
  C:03AFH         LINE#         5118
  C:03B2H         LINE#         5119
  C:03B5H         LINE#         5121
  C:03BAH         LINE#         5122
  C:03BFH         LINE#         5123
  C:03C4H         LINE#         5124
  C:03C7H         LINE#         5125
BL51 BANKED LINKER/LOCATER V6.22                                                      09/27/2021  13:57:31  PAGE 27


  C:03CCH         LINE#         5126
  C:03D1H         LINE#         5127
  C:03D6H         LINE#         5128
  C:03D9H         LINE#         5129
  C:03DEH         LINE#         5130
  C:03E3H         LINE#         5131
  C:03E8H         LINE#         5132
  C:03EDH         LINE#         5133
  C:03F0H         LINE#         5134
  C:03F3H         LINE#         5135
  C:03F6H         LINE#         5136
  C:03FBH         LINE#         5137
  C:0400H         LINE#         5138
  C:0403H         LINE#         5139
  C:0406H         LINE#         5140
  C:0409H         LINE#         5141
  C:040CH         LINE#         5143
  C:0411H         LINE#         5144
  C:0416H         LINE#         5145
  C:041BH         LINE#         5146
  C:0420H         LINE#         5147
  C:0425H         LINE#         5148
  C:042AH         LINE#         5149
  C:042FH         LINE#         5150
  C:0434H         LINE#         5151
  C:0439H         LINE#         5152
  C:043EH         LINE#         5153
  C:0443H         LINE#         5154
  C:0448H         LINE#         5155
  C:044DH         LINE#         5156
  C:0452H         LINE#         5157
  C:0457H         LINE#         5158
  C:045CH         LINE#         5159
  C:0461H         LINE#         5160
  C:0466H         LINE#         5161
  C:046BH         LINE#         5162
  C:0470H         LINE#         5163
  C:0475H         LINE#         5164
  C:047AH         LINE#         5165
  C:047FH         LINE#         5166
  C:0484H         LINE#         5167
  C:0489H         LINE#         5168
  C:048EH         LINE#         5170
  C:0493H         LINE#         5171
  C:0498H         LINE#         5172
  C:049BH         LINE#         5173
  C:049EH         LINE#         5174
  C:04A3H         LINE#         5175
  C:04A8H         LINE#         5176
  C:04ABH         LINE#         5177
  C:04AEH         LINE#         5178
  C:04B1H         LINE#         5179
  C:04B6H         LINE#         5180
  C:04BBH         LINE#         5181
  C:04BEH         LINE#         5182
  C:04C1H         LINE#         5183
  C:04C6H         LINE#         5184
BL51 BANKED LINKER/LOCATER V6.22                                                      09/27/2021  13:57:31  PAGE 28


  C:04CBH         LINE#         5185
  C:04CEH         LINE#         5186
  C:04D1H         LINE#         5187
  C:04D4H         LINE#         5188
  C:04D7H         LINE#         5189
  C:04DAH         LINE#         5191
  C:04DFH         LINE#         5192
  C:04E4H         LINE#         5193
  C:04E9H         LINE#         5194
  C:04ECH         LINE#         5195
  C:04EFH         LINE#         5196
  C:04F3H         LINE#         5197
  C:04F8H         LINE#         5198
  C:04FDH         LINE#         5199
  C:0502H         LINE#         5200
  C:0507H         LINE#         5201
  C:050CH         LINE#         5202
  C:050FH         LINE#         5203
  C:0512H         LINE#         5204
  C:0515H         LINE#         5205
  C:0518H         LINE#         5206
  C:051BH         LINE#         5207
  C:051EH         LINE#         5208
  C:0521H         LINE#         5209
  C:0524H         LINE#         5210
  C:0527H         LINE#         5211
  C:052AH         LINE#         5212
  C:052DH         LINE#         5213
  C:0530H         LINE#         5214
  C:0533H         LINE#         5215
  C:0536H         LINE#         5216
  C:0539H         LINE#         5217
  C:053CH         LINE#         5218
  C:053FH         LINE#         5220
  C:0544H         LINE#         5221
  C:0549H         LINE#         5222
  C:054EH         LINE#         5223
  C:0551H         LINE#         5224
  C:0554H         LINE#         5225
  C:0557H         LINE#         5226
  C:055AH         LINE#         5227
  C:055DH         LINE#         5228
  C:0560H         LINE#         5229
  C:0563H         LINE#         5230
  C:0566H         LINE#         5231
  C:0569H         LINE#         5232
  C:056EH         LINE#         5233
  C:0573H         LINE#         5234
  C:0578H         LINE#         5235
  C:057DH         LINE#         5236
  C:0581H         LINE#         5237
  C:0585H         LINE#         5238
  C:0589H         LINE#         5239
  C:058DH         LINE#         5240
  C:0591H         LINE#         5241
  C:0596H         LINE#         5242
  C:0599H         LINE#         5243
BL51 BANKED LINKER/LOCATER V6.22                                                      09/27/2021  13:57:31  PAGE 29


  C:059CH         LINE#         5244
  C:059FH         LINE#         5245
  C:05A2H         LINE#         5246
  C:05A5H         LINE#         5247
  C:05A8H         LINE#         5249
  C:05ADH         LINE#         5250
  C:05B2H         LINE#         5251
  C:05B7H         LINE#         5252
  C:05BAH         LINE#         5253
  C:05BDH         LINE#         5254
  C:05C2H         LINE#         5255
  C:05C7H         LINE#         5256
  C:05CCH         LINE#         5257
  C:05D1H         LINE#         5258
  C:05D6H         LINE#         5259
  C:05DBH         LINE#         5260
  C:05DEH         LINE#         5261
  C:05E1H         LINE#         5262
  C:05E4H         LINE#         5263
  C:05E7H         LINE#         5264
  C:05EAH         LINE#         5265
  C:05EDH         LINE#         5266
  C:05F0H         LINE#         5267
  C:05F3H         LINE#         5268
  C:05F6H         LINE#         5269
  C:05F9H         LINE#         5270
  C:05FCH         LINE#         5271
  C:05FFH         LINE#         5272
  C:0602H         LINE#         5273
  C:0605H         LINE#         5274
  C:0608H         LINE#         5275
  C:060BH         LINE#         5276
  C:060EH         LINE#         5278
  C:0613H         LINE#         5279
  C:0618H         LINE#         5280
  C:061DH         LINE#         5281
  C:0620H         LINE#         5282
  C:0623H         LINE#         5283
  C:0626H         LINE#         5284
  C:0629H         LINE#         5285
  C:062CH         LINE#         5286
  C:062FH         LINE#         5287
  C:0632H         LINE#         5288
  C:0635H         LINE#         5289
  C:0638H         LINE#         5290
  C:063BH         LINE#         5291
  C:0640H         LINE#         5292
  C:0645H         LINE#         5293
  C:064AH         LINE#         5294
  C:064EH         LINE#         5295
  C:0652H         LINE#         5296
  C:0656H         LINE#         5297
  C:065AH         LINE#         5298
  C:065EH         LINE#         5299
  C:0663H         LINE#         5300
  C:0666H         LINE#         5301
  C:0669H         LINE#         5302
BL51 BANKED LINKER/LOCATER V6.22                                                      09/27/2021  13:57:31  PAGE 30


  C:066CH         LINE#         5303
  C:066FH         LINE#         5304
  C:0672H         LINE#         5305
  C:0675H         LINE#         5307
  C:067AH         LINE#         5308
  C:067FH         LINE#         5309
  C:0682H         LINE#         5310
  C:0685H         LINE#         5311
  C:0688H         LINE#         5312
  C:068DH         LINE#         5313
  C:0692H         LINE#         5314
  C:0697H         LINE#         5315
  C:069AH         LINE#         5316
  C:069FH         LINE#         5317
  C:06A2H         LINE#         5318
  C:06A5H         LINE#         5319
  C:06AAH         LINE#         5320
  C:06ADH         LINE#         5321
  C:06B0H         LINE#         5322
  C:06B3H         LINE#         5323
  C:06B6H         LINE#         5324
  C:06B9H         LINE#         5325
  C:06BCH         LINE#         5326
  C:06BFH         LINE#         5327
  C:06C4H         LINE#         5328
  C:06C7H         LINE#         5329
  C:06CAH         LINE#         5330
  C:06CDH         LINE#         5331
  C:06D0H         LINE#         5332
  C:06D3H         LINE#         5333
  C:06D6H         LINE#         5335
  C:06DBH         LINE#         5336
  C:06E0H         LINE#         5337
  C:06E5H         LINE#         5338
  C:06EAH         LINE#         5339
  C:06EDH         LINE#         5340
  C:06F2H         LINE#         5341
  C:06F7H         LINE#         5342
  C:06FBH         LINE#         5343
  C:0700H         LINE#         5344
  C:0705H         LINE#         5345
  C:070AH         LINE#         5346
  C:070FH         LINE#         5347
  C:0712H         LINE#         5348
  C:0715H         LINE#         5349
  C:071AH         LINE#         5350
  C:071FH         LINE#         5351
  C:0722H         LINE#         5352
  C:0725H         LINE#         5353
  C:072AH         LINE#         5354
  C:072FH         LINE#         5355
  C:0734H         LINE#         5356
  C:0739H         LINE#         5357
  C:073EH         LINE#         5358
  C:0743H         LINE#         5359
  C:0748H         LINE#         5360
  C:074BH         LINE#         5361
BL51 BANKED LINKER/LOCATER V6.22                                                      09/27/2021  13:57:31  PAGE 31


  C:0750H         LINE#         5362
  C:0755H         LINE#         5363
  C:075AH         LINE#         5364
  C:075FH         LINE#         5365
  C:0764H         LINE#         5366
  C:0769H         LINE#         5367
  C:076CH         LINE#         5369
  C:0771H         LINE#         5370
  C:0776H         LINE#         5371
  C:0779H         LINE#         5372
  C:077EH         LINE#         5373
  C:0783H         LINE#         5374
  C:0788H         LINE#         5375
  C:078DH         LINE#         5376
  C:0792H         LINE#         5377
  C:0797H         LINE#         5378
  C:079CH         LINE#         5379
  C:07A1H         LINE#         5380
  C:07A6H         LINE#         5381
  C:07ABH         LINE#         5382
  C:07B0H         LINE#         5383
  C:07B5H         LINE#         5384
  C:07BAH         LINE#         5385
  C:07BFH         LINE#         5386
  C:07C4H         LINE#         5387
  C:07C9H         LINE#         5388
  C:07CEH         LINE#         5390
  C:07D3H         LINE#         5391
  C:07D8H         LINE#         5392
  C:07DDH         LINE#         5393
  C:07E2H         LINE#         5394
  C:07E7H         LINE#         5395
  C:07ECH         LINE#         5396
  C:07F1H         LINE#         5397
  C:07F6H         LINE#         5398
  C:07FBH         LINE#         5399
  C:0800H         LINE#         5400
  C:0805H         LINE#         5401
  C:080AH         LINE#         5402
  C:080FH         LINE#         5403
  C:0814H         LINE#         5404
  C:0819H         LINE#         5405
  C:081EH         LINE#         5406
  C:0823H         LINE#         5407
  C:0828H         LINE#         5408
  C:082DH         LINE#         5409
  C:0832H         LINE#         5410
  C:0837H         LINE#         5411
  C:083CH         LINE#         5412
  C:0841H         LINE#         5413
  C:0846H         LINE#         5414
  C:084BH         LINE#         5415
  C:0850H         LINE#         5416
  C:0855H         LINE#         5417
  C:085AH         LINE#         5418
  C:085FH         LINE#         5420
  C:0864H         LINE#         5421
BL51 BANKED LINKER/LOCATER V6.22                                                      09/27/2021  13:57:31  PAGE 32


  C:0869H         LINE#         5422
  C:086CH         LINE#         5423
  C:0871H         LINE#         5424
  C:0876H         LINE#         5425
  C:087BH         LINE#         5426
  C:0880H         LINE#         5427
  C:0885H         LINE#         5428
  C:088AH         LINE#         5429
  C:088FH         LINE#         5430
  C:0894H         LINE#         5431
  C:0899H         LINE#         5432
  C:089EH         LINE#         5433
  C:08A3H         LINE#         5434
  C:08A8H         LINE#         5435
  C:08ADH         LINE#         5436
  C:08B2H         LINE#         5437
  C:08B7H         LINE#         5438
  C:08BCH         LINE#         5439
  C:08C1H         LINE#         5440
  C:08C6H         LINE#         5441
  C:08CBH         LINE#         5442
  C:08D0H         LINE#         5443
  C:08D5H         LINE#         5444
  C:08DAH         LINE#         5445
  C:08DFH         LINE#         5446
  C:08E4H         LINE#         5447
  C:08E7H         LINE#         5448
  C:08EAH         LINE#         5449
  C:08EDH         LINE#         5450
  C:08F0H         LINE#         5451
  C:08F3H         LINE#         5453
  C:08F8H         LINE#         5454
  C:08FDH         LINE#         5456
  C:0902H         LINE#         5457
  C:0907H         LINE#         5458
  C:090CH         LINE#         5459
  C:090FH         LINE#         5461
  C:0914H         LINE#         5462
  C:0919H         LINE#         5464
  C:091EH         LINE#         5465
  C:0923H         LINE#         5467
  C:0928H         LINE#         5468
  C:092DH         LINE#         5470
  C:0932H         LINE#         5471
  C:0937H         LINE#         5473
  C:093CH         LINE#         5474
  C:0941H         LINE#         5488
  C:0946H         LINE#         5489
  C:094BH         LINE#         5490
  -------         ENDPROC       LCD_INIT
  C:3400H         SYMBOL        L?0459
  C:3408H         SYMBOL        L?0460
  C:3411H         SYMBOL        L?0461
  -------         PROC          L?0458
  -------         ENDPROC       L?0458
  C:3400H         SYMBOL        L?0459
  C:3408H         SYMBOL        L?0460
BL51 BANKED LINKER/LOCATER V6.22                                                      09/27/2021  13:57:31  PAGE 33


  C:3411H         SYMBOL        L?0461
  -------         PROC          _?BLOCKWRITE
  p:0000H         SYMBOL        Xstart
  p:0002H         SYMBOL        Xend
  p:0004H         SYMBOL        Ystart
  p:0006H         SYMBOL        Yend
  C:3419H         LINE#         6259
  C:343AH         LINE#         6376
  C:3441H         LINE#         6377
  C:3448H         LINE#         6378
  C:3450H         LINE#         6379
  C:345BH         LINE#         6380
  C:3465H         LINE#         6382
  C:346AH         LINE#         6383
  C:3474H         LINE#         6385
  C:347BH         LINE#         6386
  C:3485H         LINE#         6387
  C:348CH         LINE#         6393
  C:3491H         LINE#         6396
  C:3494H         LINE#         6401
  -------         ENDPROC       _?BLOCKWRITE
  -------         PROC          _DISPCOLOR
  D:0004H         SYMBOL        color
  -------         DO            
  X:005DH         SYMBOL        i
  D:0002H         SYMBOL        m
  X:005FH         SYMBOL        DataH
  X:0060H         SYMBOL        DataL
  -------         ENDDO         
  C:0046H         LINE#         6456
  C:0048H         LINE#         6457
  C:0048H         LINE#         6460
  C:004EH         LINE#         6462
  C:0051H         LINE#         6464
  C:0053H         LINE#         6465
  C:0059H         LINE#         6466
  C:0059H         LINE#         6467
  C:005CH         LINE#         6468
  C:005CH         LINE#         6469
  C:0066H         LINE#         6470
  C:0071H         LINE#         6471
  C:0087H         LINE#         6473
  C:0089H         LINE#         6474
  -------         ENDPROC       _DISPCOLOR
  -------         PROC          DISPFRAME
  -------         DO            
  D:0002H         SYMBOL        i
  X:005DH         SYMBOL        j
  D:0001H         SYMBOL        DataH
  D:0004H         SYMBOL        DataL
  -------         ENDDO         
  C:32B5H         LINE#         6476
  C:32B5H         LINE#         6477
  C:32B5H         LINE#         6480
  C:32B8H         LINE#         6482
  C:32BAH         LINE#         6485
  C:32BEH         LINE#         6486
BL51 BANKED LINKER/LOCATER V6.22                                                      09/27/2021  13:57:31  PAGE 34


  C:32C4H         LINE#         6488
  C:32C6H         LINE#         6489
  C:32C6H         LINE#         6490
  C:32CAH         LINE#         6491
  C:32D1H         LINE#         6492
  C:32DCH         LINE#         6494
  C:32E0H         LINE#         6495
  C:32E6H         LINE#         6497
  C:32ECH         LINE#         6498
  C:32ECH         LINE#         6499
  C:32F0H         LINE#         6500
  C:32F6H         LINE#         6502
  C:32F9H         LINE#         6503
  C:32F9H         LINE#         6504
  C:32FCH         LINE#         6505
  C:3301H         LINE#         6506
  C:330CH         LINE#         6508
  C:3310H         LINE#         6509
  C:3316H         LINE#         6511
  C:332CH         LINE#         6513
  C:3330H         LINE#         6514
  C:3336H         LINE#         6516
  C:3339H         LINE#         6517
  C:3339H         LINE#         6518
  C:333DH         LINE#         6519
  C:3344H         LINE#         6520
  C:334FH         LINE#         6522
  C:3353H         LINE#         6523
  C:3359H         LINE#         6525
  C:335CH         LINE#         6526
  C:335EH         LINE#         6527
  -------         ENDPROC       DISPFRAME
  -------         PROC          DISPBAND
  -------         DO            
  D:0002H         SYMBOL        i
  X:0014H         SYMBOL        j
  X:0015H         SYMBOL        k
  X:0016H         SYMBOL        m
  X:0017H         SYMBOL        n
  X:0018H         SYMBOL        x
  -------         ENDDO         
  C:24BDH         LINE#         6529
  C:24BDH         LINE#         6530
  C:24BDH         LINE#         6533
  C:24C7H         LINE#         6534
  C:24D0H         LINE#         6535
  C:24D2H         LINE#         6538
  C:24DBH         LINE#         6539
  C:24E9H         LINE#         6540
  C:24E9H         LINE#         6541
  C:2504H         LINE#         6542
  C:251FH         LINE#         6543
  C:254BH         LINE#         6544
  C:2552H         LINE#         6545
  C:2561H         LINE#         6546
  C:2561H         LINE#         6547
  C:257CH         LINE#         6548
BL51 BANKED LINKER/LOCATER V6.22                                                      09/27/2021  13:57:31  PAGE 35


  C:2597H         LINE#         6549
  C:25C3H         LINE#         6550
  C:25CAH         LINE#         6551
[...]
  C:1BFDH         LINE#         321
  C:1C0CH         LINE#         322
  C:1C0CH         LINE#         323
  C:1C21H         LINE#         324
  C:1C26H         LINE#         325
  C:1C2EH         LINE#         326
  C:1C38H         LINE#         327
  C:1C46H         LINE#         328
  C:1C54H         LINE#         329
  C:1C56H         LINE#         331
  C:1C56H         LINE#         332
  C:1C5BH         LINE#         333
  C:1C5EH         LINE#         334
  C:1C76H         LINE#         335
  C:1C76H         LINE#         336
  C:1C8FH         LINE#         337
  C:1C94H         LINE#         338
BL51 BANKED LINKER/LOCATER V6.22                                                      09/27/2021  13:57:31  PAGE 51


  C:1C9CH         LINE#         339
  C:1CA3H         LINE#         340
  C:1CA8H         LINE#         341
  C:1CA8H         LINE#         342
  C:1CBCH         LINE#         343
  C:1CBCH         LINE#         344
  C:1CC3H         LINE#         345
  C:1CC8H         LINE#         346
  C:1CC8H         LINE#         347
  C:1CD6H         LINE#         348
  C:1CD6H         LINE#         349
  -------         ENDPROC       USBXCORE_HANDLE_SETUP
  -------         PROC          USBXCORE_FORCE_STALL
  C:41D6H         LINE#         356
  C:41D6H         LINE#         358
  C:41E1H         LINE#         359
  C:41ECH         LINE#         360
  C:41F2H         LINE#         361
  -------         ENDPROC       USBXCORE_FORCE_STALL
  -------         PROC          USBXCORE_GET_STATUS
  C:3AF3H         LINE#         367
  C:3AF3H         LINE#         369
  C:3B02H         LINE#         370
  C:3B02H         LINE#         371
  C:3B02H         LINE#         372
  C:3B02H         LINE#         373
  C:3B02H         LINE#         374
  C:3B04H         LINE#         375
  C:3B04H         LINE#         379
  C:3B04H         LINE#         381
  C:3B12H         LINE#         385
  C:3B12H         LINE#         386
  C:3B12H         LINE#         387
  C:3B12H         LINE#         388
  C:3B14H         LINE#         390
  C:3B14H         LINE#         392
  C:3B22H         LINE#         396
  C:3B22H         LINE#         397
  C:3B2FH         LINE#         398
  C:3B2FH         LINE#         399
  C:3B31H         LINE#         401
  C:3B31H         LINE#         402
  C:3B3FH         LINE#         403
  C:3B48H         LINE#         404
  C:3B48H         LINE#         405
  C:3B48H         LINE#         406
  C:3B4AH         LINE#         407
  C:3B4AH         LINE#         408
  C:3B4DH         LINE#         409
  C:3B4DH         LINE#         410
  C:3B4DH         LINE#         411
  C:3B55H         LINE#         412
  C:3B55H         LINE#         413
  C:3B58H         LINE#         414
  C:3B5EH         LINE#         415
  C:3B65H         LINE#         416
  C:3B65H         LINE#         417
BL51 BANKED LINKER/LOCATER V6.22                                                      09/27/2021  13:57:31  PAGE 52


  -------         ENDPROC       USBXCORE_GET_STATUS
  -------         PROC          USBXCORE_CLEAR_FEATURE
  C:3D4EH         LINE#         423
  C:3D4EH         LINE#         425
  C:3D54H         LINE#         426
  C:3D54H         LINE#         428
  C:3D5BH         LINE#         429
  C:3D5BH         LINE#         430
  C:3D66H         LINE#         436
  C:3D71H         LINE#         437
  C:3D76H         LINE#         438
  C:3D78H         LINE#         440
  C:3D78H         LINE#         442
  C:3D83H         LINE#         446
  C:3D8EH         LINE#         447
  C:3D93H         LINE#         448
  C:3D93H         LINE#         449
  C:3D95H         LINE#         451
  C:3D95H         LINE#         452
  C:3D98H         LINE#         453
  C:3D98H         LINE#         454
  C:3DA3H         LINE#         455
  -------         ENDPROC       USBXCORE_CLEAR_FEATURE
  -------         PROC          USBXCORE_VENDOR_USB_API
  C:2E51H         LINE#         462
  C:2E51H         LINE#         464
  C:2E5BH         LINE#         465
  C:2E5BH         LINE#         466
  C:2E62H         LINE#         467
  C:2E62H         LINE#         468
  C:2E65H         LINE#         469
  C:2E68H         LINE#         470
  C:2E6AH         LINE#         472
  C:2E6AH         LINE#         473
  C:2E71H         LINE#         474
  C:2E71H         LINE#         477
  C:2E7CH         LINE#         482
  C:2E87H         LINE#         483
  C:2E92H         LINE#         485
  C:2E92H         LINE#         486
  C:2EA5H         LINE#         487
  C:2EA5H         LINE#         488
  C:2EA9H         LINE#         489
  C:2EB4H         LINE#         491
  C:2EB4H         LINE#         492
  C:2EC7H         LINE#         493
  C:2EC7H         LINE#         494
  C:2ECBH         LINE#         495
  C:2ED6H         LINE#         497
  C:2EDCH         LINE#         498
  C:2EE4H         LINE#         499
  C:2EE4H         LINE#         500
  C:2EE7H         LINE#         501
  C:2EE7H         LINE#         502
  C:2EE7H         LINE#         503
  C:2EF2H         LINE#         504
  C:2EF2H         LINE#         505
BL51 BANKED LINKER/LOCATER V6.22                                                      09/27/2021  13:57:31  PAGE 53


  C:2EF8H         LINE#         506
  C:2EFFH         LINE#         507
  C:2EFFH         LINE#         508
  C:2F03H         LINE#         509
  C:2F03H         LINE#         510
  C:2F09H         LINE#         511
  C:2F10H         LINE#         512
  C:2F10H         LINE#         513
  C:2F1BH         LINE#         514
  -------         ENDPROC       USBXCORE_VENDOR_USB_API
  -------         PROC          USBXCORE_SET_FEATURE
  C:3DA6H         LINE#         521
  C:3DA6H         LINE#         523
  C:3DACH         LINE#         524
  C:3DACH         LINE#         526
  C:3DB3H         LINE#         527
  C:3DB3H         LINE#         528
  C:3DBEH         LINE#         534
  C:3DC9H         LINE#         535
  C:3DCCH         LINE#         536
  C:3DCEH         LINE#         538
  C:3DCEH         LINE#         540
  C:3DD9H         LINE#         544
  C:3DE4H         LINE#         545
  C:3DEAH         LINE#         546
  C:3DEAH         LINE#         548
  C:3DECH         LINE#         550
  C:3DECH         LINE#         551
  C:3DEFH         LINE#         552
  C:3DEFH         LINE#         553
  C:3DFAH         LINE#         554
  -------         ENDPROC       USBXCORE_SET_FEATURE
  -------         PROC          USBXCORE_SET_ADDRESS
  C:4197H         LINE#         561
  C:4197H         LINE#         563
  C:41A6H         LINE#         564
  C:41ACH         LINE#         565
  C:41ACH         LINE#         566
  C:41AFH         LINE#         567
  C:41B1H         LINE#         569
  C:41B1H         LINE#         570
  C:41B4H         LINE#         571
  C:41B4H         LINE#         572
  -------         ENDPROC       USBXCORE_SET_ADDRESS
  -------         PROC          USBXCORE_GET_DESCRIPTOR
  C:3154H         LINE#         579
  C:3154H         LINE#         580
  C:3163H         LINE#         581
  C:3163H         LINE#         582
  C:3163H         LINE#         583
  C:3171H         LINE#         584
  C:3175H         LINE#         585
  C:3177H         LINE#         586
  C:3177H         LINE#         587
  C:3185H         LINE#         588
  C:3198H         LINE#         589
  C:319AH         LINE#         590
BL51 BANKED LINKER/LOCATER V6.22                                                      09/27/2021  13:57:31  PAGE 54


  C:319AH         LINE#         591
  C:31BEH         LINE#         592
  C:31CAH         LINE#         593
  C:31CCH         LINE#         594
  C:31CCH         LINE#         595
  C:31CFH         LINE#         596
  C:31CFH         LINE#         597
  C:31CFH         LINE#         598
  C:31E5H         LINE#         599
  C:31E5H         LINE#         600
  C:31EDH         LINE#         601
  C:31EDH         LINE#         602
  C:31F5H         LINE#         603
  C:31F5H         LINE#         604
  C:31F8H         LINE#         605
  C:31FEH         LINE#         606
  C:3205H         LINE#         607
  C:3205H         LINE#         608
  -------         ENDPROC       USBXCORE_GET_DESCRIPTOR
  -------         PROC          USBXCORE_GET_CONFIGURATION
  C:3F85H         LINE#         614
  C:3F85H         LINE#         616
  C:3F8DH         LINE#         617
  C:3F8DH         LINE#         618
  C:3F99H         LINE#         619
  C:3FA1H         LINE#         620
  C:3FA1H         LINE#         621
  C:3FA5H         LINE#         622
  C:3FA5H         LINE#         623
  C:3FB3H         LINE#         624
  C:3FBBH         LINE#         625
  C:3FBBH         LINE#         626
  C:3FBEH         LINE#         627
  C:3FC4H         LINE#         628
  C:3FCBH         LINE#         629
  -------         ENDPROC       USBXCORE_GET_CONFIGURATION
  -------         PROC          USBXCORE_SET_CONFIGURATION
  C:3CF4H         LINE#         635
  C:3CF4H         LINE#         637
  C:3CFDH         LINE#         638
  C:3CFDH         LINE#         639
  C:3D04H         LINE#         640
  C:3D0AH         LINE#         641
  C:3D0FH         LINE#         642
  C:3D11H         LINE#         644
  C:3D1CH         LINE#         645
  C:3D27H         LINE#         646
  C:3D32H         LINE#         653
  C:3D3DH         LINE#         654
  C:3D3FH         LINE#         656
  C:3D3FH         LINE#         657
  C:3D45H         LINE#         658
  C:3D49H         LINE#         659
  C:3D4BH         LINE#         660
  C:3D4BH         LINE#         661
  -------         ENDPROC       USBXCORE_SET_CONFIGURATION
  -------         PROC          USBXCORE_GET_INTERFACE
BL51 BANKED LINKER/LOCATER V6.22                                                      09/27/2021  13:57:31  PAGE 55


  C:4128H         LINE#         668
  C:4128H         LINE#         670
  C:4136H         LINE#         671
  C:413EH         LINE#         672
  C:4141H         LINE#         673
  C:4147H         LINE#         674
  C:414EH         LINE#         675
  -------         ENDPROC       USBXCORE_GET_INTERFACE
  -------         PROC          USBXCORE_SET_SOP
  C:4238H         LINE#         682
  C:4238H         LINE#         684
  C:4240H         LINE#         685
  C:4240H         LINE#         686
  C:424BH         LINE#         687
  C:424BH         LINE#         688
  -------         ENDPROC       USBXCORE_SET_SOP
  -------         PROC          USBXCORE_USB_ISR
  C:264FH         LINE#         699
  C:266CH         LINE#         702
  C:2672H         LINE#         703
  C:2685H         LINE#         706
  C:2698H         LINE#         709
  C:269CH         LINE#         710
  C:269CH         LINE#         711
  C:26A7H         LINE#         712
  C:26A7H         LINE#         714
  C:26AEH         LINE#         715
  C:26AEH         LINE#         716
  C:26B1H         LINE#         717
  C:26B1H         LINE#         719
  C:26B8H         LINE#         720
  C:26B8H         LINE#         721
  C:26C5H         LINE#         722
  C:26C5H         LINE#         723
  C:26CCH         LINE#         724
  C:26CCH         LINE#         725
  C:26CCH         LINE#         727
  C:26CCH         LINE#         728
  C:26CCH         LINE#         730
  C:26CCH         LINE#         732
  C:26DFH         LINE#         734
  C:26E3H         LINE#         735
  C:26E3H         LINE#         736
  C:26E6H         LINE#         737
  C:26E6H         LINE#         740
  C:26EDH         LINE#         741
  C:26EDH         LINE#         742
  C:26F8H         LINE#         748
  C:270BH         LINE#         749
  C:2710H         LINE#         750
  C:2710H         LINE#         751
  C:2717H         LINE#         752
  C:2717H         LINE#         754
  C:2717H         LINE#         756
  C:272AH         LINE#         759
  C:272EH         LINE#         760
  C:272EH         LINE#         761
BL51 BANKED LINKER/LOCATER V6.22                                                      09/27/2021  13:57:31  PAGE 56


  C:2739H         LINE#         767
  C:274CH         LINE#         768
  C:2750H         LINE#         769
  C:2750H         LINE#         770
  C:2757H         LINE#         771
  C:2757H         LINE#         772
  C:2757H         LINE#         775
  C:2765H         LINE#         776
  C:276AH         LINE#         777
  C:2770H         LINE#         778
  C:2775H         LINE#         781
  C:2782H         LINE#         782
  C:2782H         LINE#         783
  C:2785H         LINE#         784
  C:2785H         LINE#         785
  -------         ENDPROC       USBXCORE_USB_ISR
  -------         ENDMOD        USB_API

  -------         MODULE        USB_SUSPEND
  C:0000H         SYMBOL        _ICE_DUMMY_
  D:00D7H         PUBLIC        USB0XCN
  D:00C9H         PUBLIC        REG0CN
  C:40D6H         PUBLIC        USB_Suspend
  D:00A9H         PUBLIC        CLKSEL
  D:00B2H         PUBLIC        OSCICN
  D:00B9H         PUBLIC        CLKMUL
  -------         PROC          USB_SUSPEND
  C:40D6H         LINE#         70
  C:40D6H         LINE#         72
  C:40D9H         LINE#         74
  C:40DCH         LINE#         76
  C:40E4H         LINE#         79
  C:40E7H         LINE#         80
  C:40EAH         LINE#         81
  C:40EDH         LINE#         82
  C:40F0H         LINE#         84
  C:40F1H         LINE#         86
  C:40F4H         LINE#         88
  C:40FAH         LINE#         92
  C:40FDH         LINE#         94
  C:4100H         LINE#         95
  -------         ENDPROC       USB_SUSPEND
  -------         ENDMOD        USB_SUSPEND

  -------         MODULE        USB_INT_ENABLE
  C:0000H         SYMBOL        _ICE_DUMMY_
  C:41F3H         PUBLIC        USB_Int_Enable
  D:0096H         PUBLIC        USB0ADR
  D:0097H         PUBLIC        USB0DAT
  -------         PROC          USB_INT_ENABLE
  C:41F3H         LINE#         68
  C:41F3H         LINE#         71
  C:41FAH         LINE#         73
  C:4200H         LINE#         74
  C:4200H         LINE#         75
  C:420BH         LINE#         77
  C:420BH         LINE#         78
BL51 BANKED LINKER/LOCATER V6.22                                                      09/27/2021  13:57:31  PAGE 57


  -------         ENDPROC       USB_INT_ENABLE
  -------         ENDMOD        USB_INT_ENABLE

  -------         MODULE        USB_CLOCK_RECOVERY
  C:0000H         SYMBOL        _ICE_DUMMY_
  C:427EH         PUBLIC        USBXcore_ClkRec
  D:0096H         PUBLIC        USB0ADR
  D:0097H         PUBLIC        USB0DAT
  -------         PROC          USBXCORE_CLKREC
  C:427EH         LINE#         45
  C:427EH         LINE#         47
  C:4289H         LINE#         48
  -------         ENDPROC       USBXCORE_CLKREC
  -------         ENDMOD        USB_CLOCK_RECOVERY

  -------         MODULE        ?C?FPMUL
  C:155FH         PUBLIC        ?C?FPMUL
  -------         ENDMOD        ?C?FPMUL

  -------         MODULE        ?C?FCAST
  C:166FH         PUBLIC        ?C?FCASTC
  C:166AH         PUBLIC        ?C?FCASTI
  C:1665H         PUBLIC        ?C?FCASTL
  -------         ENDMOD        ?C?FCAST

  -------         MODULE        ?C?CASTF
  C:16A3H         PUBLIC        ?C?CASTF
  -------         ENDMOD        ?C?CASTF

  -------         MODULE        ?C?COPY
  C:17F4H         PUBLIC        ?C?COPY
  -------         ENDMOD        ?C?COPY

  -------         MODULE        ?C?CLDPTR
  C:181AH         PUBLIC        ?C?CLDPTR
  -------         ENDMOD        ?C?CLDPTR

  -------         MODULE        ?C?CLDOPTR
  C:1833H         PUBLIC        ?C?CLDOPTR
  -------         ENDMOD        ?C?CLDOPTR

  -------         MODULE        ?C?IMUL
  C:1860H         PUBLIC        ?C?IMUL
  -------         ENDMOD        ?C?IMUL

  -------         MODULE        ?C?IILDX
  C:1872H         PUBLIC        ?C?IILDX
  -------         ENDMOD        ?C?IILDX

  -------         MODULE        ?C?ILDOPTR
  C:1888H         PUBLIC        ?C?ILDOPTR
  -------         ENDMOD        ?C?ILDOPTR

  -------         MODULE        ?C?LMUL
  C:18C0H         PUBLIC        ?C?LMUL
  -------         ENDMOD        ?C?LMUL

BL51 BANKED LINKER/LOCATER V6.22                                                      09/27/2021  13:57:31  PAGE 58


  -------         MODULE        ?C?ULDIV
  C:194BH         PUBLIC        ?C?ULDIV
  -------         ENDMOD        ?C?ULDIV

  -------         MODULE        ?C?LNEG
  C:19DDH         PUBLIC        ?C?LNEG
  -------         ENDMOD        ?C?LNEG

  -------         MODULE        ?C?ULCMP
  C:19EBH         PUBLIC        ?C?ULCMP
  -------         ENDMOD        ?C?ULCMP

  -------         MODULE        ?C?ULSHR
  C:19FCH         PUBLIC        ?C?ULSHR
  -------         ENDMOD        ?C?ULSHR

  -------         MODULE        ?C?LSHL
  C:1A0FH         PUBLIC        ?C?LSHL
  -------         ENDMOD        ?C?LSHL

  -------         MODULE        ?C?LLDIPDATA
  C:1A2BH         PUBLIC        ?C?LLDIPDATA
  C:1A22H         PUBLIC        ?C?LLDIPDATA1
  C:1A24H         PUBLIC        ?C?LLDIPDATA8
  -------         ENDMOD        ?C?LLDIPDATA

  -------         MODULE        ?C?LSTXDATA
  C:1A42H         PUBLIC        ?C?LSTXDATA
  -------         ENDMOD        ?C?LSTXDATA

  -------         MODULE        ?C?LSTPDATA
  C:1A4EH         PUBLIC        ?C?LSTPDATA
  -------         ENDMOD        ?C?LSTPDATA

  -------         MODULE        ?C?LSTKXDATA
  C:1A5AH         PUBLIC        ?C?LSTKXDATA
  -------         ENDMOD        ?C?LSTKXDATA

  -------         MODULE        ?C?LSTKPDATA
  C:1A8BH         PUBLIC        ?C?LSTKPDATA
  -------         ENDMOD        ?C?LSTKPDATA

  -------         MODULE        ?C_PBP
  D:0008H         PUBLIC        ?C_PBP
  -------         ENDMOD        ?C_PBP

*** WARNING L14: INCOMPATIBLE MEMORY MODEL
    MODULE:  .\USBX_F34X.LIB (USB_API)
    MODEL:   SMALL

*** WARNING L14: INCOMPATIBLE MEMORY MODEL
    MODULE:  .\USBX_F34X.LIB (USB_SUSPEND)
    MODEL:   SMALL

*** WARNING L14: INCOMPATIBLE MEMORY MODEL
    MODULE:  .\USBX_F34X.LIB (USB_INT_ENABLE)
    MODEL:   SMALL
BL51 BANKED LINKER/LOCATER V6.22                                                      09/27/2021  13:57:31  PAGE 59



*** WARNING L14: INCOMPATIBLE MEMORY MODEL
    MODULE:  .\USBX_F34X.LIB (USB_CLOCK_RECOVERY)
    MODEL:   SMALL

*** WARNING L16: UNCALLED SEGMENT, IGNORED FOR OVERLAY PROCESS
    SEGMENT: ?PR?SD_INIT?MMC_SD

*** WARNING L16: UNCALLED SEGMENT, IGNORED FOR OVERLAY PROCESS
    SEGMENT: ?PR?DISPBAND?LCD

*** WARNING L16: UNCALLED SEGMENT, IGNORED FOR OVERLAY PROCESS
    SEGMENT: ?PR?_DISPPIC?LCD

*** WARNING L16: UNCALLED SEGMENT, IGNORED FOR OVERLAY PROCESS
    SEGMENT: ?PR?_DISPPICFROMSD?LCD

*** WARNING L16: UNCALLED SEGMENT, IGNORED FOR OVERLAY PROCESS
    SEGMENT: ?PR?DISPSCALEHOR1?LCD

*** WARNING L16: UNCALLED SEGMENT, IGNORED FOR OVERLAY PROCESS
    SEGMENT: ?PR?DISPSCALEVER?LCD

*** WARNING L16: UNCALLED SEGMENT, IGNORED FOR OVERLAY PROCESS
    SEGMENT: ?PR?DISPSCALEVER_RED?LCD

*** WARNING L16: UNCALLED SEGMENT, IGNORED FOR OVERLAY PROCESS
    SEGMENT: ?PR?DISPSCALEVER_GREEN?LCD

*** WARNING L16: UNCALLED SEGMENT, IGNORED FOR OVERLAY PROCESS
    SEGMENT: ?PR?DISPSCALEVER_BLUE?LCD

*** WARNING L16: UNCALLED SEGMENT, IGNORED FOR OVERLAY PROCESS
    SEGMENT: ?PR?DISPSCALEVER_GRAY?LCD

*** WARNING L16: UNCALLED SEGMENT, IGNORED FOR OVERLAY PROCESS
    SEGMENT: ?PR?DISPGRAYHOR32?LCD

*** WARNING L16: UNCALLED SEGMENT, IGNORED FOR OVERLAY PROCESS
    SEGMENT: ?PR?DISPSCALEHOR2?LCD

*** WARNING L16: UNCALLED SEGMENT, IGNORED FOR OVERLAY PROCESS
    SEGMENT: ?PR?_DRAWGIRD?LCD

*** WARNING L15: MULTIPLE CALL TO SEGMENT
    SEGMENT: ?PR?_WRITECOMM?LCD
    CALLER1: ?PR?USB_API_TEST_ISR?MAIN
    CALLER2: ?C_C51STARTUP

*** WARNING L15: MULTIPLE CALL TO SEGMENT
    SEGMENT: ?PR?_WRITEDATA?LCD
    CALLER1: ?PR?USB_API_TEST_ISR?MAIN
    CALLER2: ?C_C51STARTUP

Program Size: data=10.0 xdata=1222 code=17058
LINK/LOCATE RUN COMPLETE.  19 WARNING(S),  0 ERROR(S)
