BL51 BANKED LINKER/LOCATER V6.22                                                        11/25/2021  14:57:50  PAGE 1


BL51 BANKED LINKER/LOCATER V6.22, INVOKED BY:
D:\KEIL C51\C51\BIN\BL51.EXE main.obj, mmc_sd.obj, lcd.obj, tp.obj, .\USBX_F34X.LIB TO JD9851_CTO24_ZT_3W2L RAMSIZE (256
>> )


MEMORY MODEL: COMPACT WITH FLOATING POINT ARITHMETIC


INPUT MODULES INCLUDED:
  main.obj (MAIN)
  mmc_sd.obj (MMC_SD)
  lcd.obj (LCD)
  tp.obj (TP)
  .\USBX_F34X.LIB (USB_API)
  .\USBX_F34X.LIB (USB_CLOCK_START)
  .\USBX_F34X.LIB (USB_SUSPEND)
  .\USBX_F34X.LIB (GET_INTERRUPT_SOURCE)
  .\USBX_F34X.LIB (BLOCK_READ)
  .\USBX_F34X.LIB (BLOCK_WRITE)
  .\USBX_F34X.LIB (USB_INT_ENABLE)
  .\USBX_F34X.LIB (USB_CLOCK_RECOVERY)
  .\USBX_F34X.LIB (USB_JUMP_ISR)
  D:\KEIL C51\C51\LIB\C51FPC.LIB (?C?FPMUL)
  D:\KEIL C51\C51\LIB\C51FPC.LIB (?C?FCAST)
  D:\KEIL C51\C51\LIB\C51FPC.LIB (?C?CASTF)
  D:\KEIL C51\C51\LIB\C51FPC.LIB (?C?FPGETOPN)
  D:\KEIL C51\C51\LIB\C51C.LIB (?C_STARTUP)
  D:\KEIL C51\C51\LIB\C51C.LIB (?C?COPY)
  D:\KEIL C51\C51\LIB\C51C.LIB (?C?CLDPTR)
  D:\KEIL C51\C51\LIB\C51C.LIB (?C?CLDOPTR)
  D:\KEIL C51\C51\LIB\C51C.LIB (?C?IMUL)
  D:\KEIL C51\C51\LIB\C51C.LIB (?C?IILDX)
  D:\KEIL C51\C51\LIB\C51C.LIB (?C?ILDOPTR)
  D:\KEIL C51\C51\LIB\C51C.LIB (?C?LMUL)
  D:\KEIL C51\C51\LIB\C51C.LIB (?C?ULDIV)
  D:\KEIL C51\C51\LIB\C51C.LIB (?C?LNEG)
  D:\KEIL C51\C51\LIB\C51C.LIB (?C?ULCMP)
  D:\KEIL C51\C51\LIB\C51C.LIB (?C?ULSHR)
  D:\KEIL C51\C51\LIB\C51C.LIB (?C?LSHL)
  D:\KEIL C51\C51\LIB\C51C.LIB (?C?LLDIPDATA)
  D:\KEIL C51\C51\LIB\C51C.LIB (?C?LSTXDATA)
  D:\KEIL C51\C51\LIB\C51C.LIB (?C?LSTPDATA)
  D:\KEIL C51\C51\LIB\C51C.LIB (?C?LSTKXDATA)
  D:\KEIL C51\C51\LIB\C51C.LIB (?C?LSTKPDATA)
  D:\KEIL C51\C51\LIB\C51C.LIB (?C_PBP)
  D:\KEIL C51\C51\LIB\C51C.LIB (?C_INIT)


LINK MAP OF MODULE:  JD9851_CTO24_ZT_3W2L (MAIN)


            TYPE    BASE      LENGTH    RELOCATION   SEGMENT NAME
            -----------------------------------------------------

            * * * * * * *   D A T A   M E M O R Y   * * * * * * *
            REG     0000H     0008H     ABSOLUTE     "REG BANK 0"
            DATA    0008H     0001H     UNIT         ?C?LIB_DATA
            IDATA   0009H     0001H     UNIT         ?STACK
BL51 BANKED LINKER/LOCATER V6.22                                                      11/25/2021  14:57:50  PAGE 2



            * * * * * * *  X D A T A   M E M O R Y  * * * * * * *
            XDATA   0000H     0010H     INPAGE       ?PD?MAIN
            XDATA   0010H     0004H     INPAGE       ?PD?_MMC_SD_READSINGLEBLOCK?MMC_SD
            XDATA   0014H     0005H     INPAGE       ?PD?_DISPPIC?LCD
            XDATA   0019H     000DH     INPAGE       ?PD?_DISPPICFROMSD?LCD
            XDATA   0026H     0004H     INPAGE       ?PD?DISPSCALEHOR1?LCD
            XDATA   002AH     0004H     INPAGE       ?PD?DISPSCALEVER?LCD
            XDATA   002EH     0004H     INPAGE       ?PD?DISPSCALEVER_RED?LCD
            XDATA   0032H     0004H     INPAGE       ?PD?DISPSCALEVER_GREEN?LCD
            XDATA   0036H     0004H     INPAGE       ?PD?DISPSCALEVER_BLUE?LCD
            XDATA   003AH     0004H     INPAGE       ?PD?DISPSCALEVER_GRAY?LCD
            XDATA   003EH     0004H     INPAGE       ?PD?DISPGRAYHOR32?LCD
            XDATA   0042H     0002H     INPAGE       ?PD?DISPSCALEHOR2?LCD
            XDATA   0044H     000CH     INPAGE       ?PD?_DRAWLINE?LCD
            XDATA   0050H     0004H     INPAGE       ?PD?_DRAWGIRD?LCD
            XDATA   0054H     0002H     INPAGE       ?PD?LCD
            XDATA   0056H     0024H     INPAGE       _PDATA_GROUP_
            XDATA   007AH     0200H     UNIT         ?XD?MMC_SD
            XDATA   027AH     0058H     UNIT         _XDATA_GROUP_
            XDATA   02D2H     0040H     UNIT         ?XD?MAIN
                    0312H     032EH                  *** GAP ***
            XDATA   0640H     0100H     ABSOLUTE     
            XDATA   0740H     0012H     ABSOLUTE     
            XDATA   0752H     0020H     ABSOLUTE     
            XDATA   0772H     000CH     ABSOLUTE     
            XDATA   077EH     0008H     ABSOLUTE     
            XDATA   0786H     0001H     ABSOLUTE     
            XDATA   0787H     0003H     ABSOLUTE     
            XDATA   078AH     0002H     ABSOLUTE     
            XDATA   078CH     0002H     ABSOLUTE     
            XDATA   078EH     0003H     ABSOLUTE     
            XDATA   0791H     0001H     ABSOLUTE     
            XDATA   0792H     0001H     ABSOLUTE     
            XDATA   0793H     0001H     ABSOLUTE     
            XDATA   0794H     0001H     ABSOLUTE     
            XDATA   0795H     0002H     ABSOLUTE     
            XDATA   0797H     0002H     ABSOLUTE     
            XDATA   0799H     0001H     ABSOLUTE     
            XDATA   079AH     0001H     ABSOLUTE     
            XDATA   079BH     0001H     ABSOLUTE     
            XDATA   079CH     0001H     ABSOLUTE     
            XDATA   079DH     0001H     ABSOLUTE     
            XDATA   079EH     0001H     ABSOLUTE     
            XDATA   079FH     0002H     ABSOLUTE     
            XDATA   07A1H     0001H     ABSOLUTE     
            XDATA   07A2H     0001H     ABSOLUTE     
            XDATA   07A3H     000CH     ABSOLUTE     
                    07AFH     0011H                  *** GAP ***
            XDATA   07C0H     0040H     ABSOLUTE     

            * * * * * * *   C O D E   M E M O R Y   * * * * * * *
            CODE    0000H     0003H     ABSOLUTE     
            CODE    0003H     003AH     UNIT         ?CO?USB_API
            CODE    003DH     0003H     UNIT         ?PR?SUSPEND_DEVICE?MAIN
                    0040H     0003H                  *** GAP ***
            CODE    0043H     0003H     ABSOLUTE     
BL51 BANKED LINKER/LOCATER V6.22                                                      11/25/2021  14:57:50  PAGE 3


            CODE    0046H     0044H     UNIT         ?PR?_DISPCOLOR?LCD
                    008AH     0001H                  *** GAP ***
            CODE    008BH     0003H     ABSOLUTE     
            CODE    008EH     060CH     UNIT         ?PR?CONNTOUSB?MAIN
            CODE    069AH     0600H     UNIT         ?CO?LCD
            CODE    0C9AH     0545H     UNIT         ?C?LIB_CODE
            CODE    11DFH     02CBH     UNIT         ?PR?LCD_INIT?LCD
            CODE    14AAH     0233H     UNIT         ?PR?USBXCORE_HANDLE_SETUP?USB_API
            CODE    16DDH     0232H     UNIT         ?PR?_LCD_READ_IC_ID?LCD
            CODE    190FH     0228H     UNIT         ?PR?DISPSCALEHOR1?LCD
            CODE    1B37H     01FAH     UNIT         ?PR?TP_DRAWLINE?TP
            CODE    1D31H     01BCH     UNIT         ?PR?DISPSCALEHOR2?LCD
            CODE    1EEDH     0190H     UNIT         ?PR?DISPBAND?LCD
            CODE    207DH     0151H     UNIT         ?PR?USBXCORE_USB_ISR?USB_API
            CODE    21CEH     013DH     UNIT         ?PR?USB_API_TEST_ISR?MAIN
            CODE    230BH     0137H     UNIT         ?PR?_USB_INIT?USB_API
            CODE    2442H     012AH     UNIT         ?PR?DISPSCALEVER?LCD
            CODE    256CH     011BH     UNIT         ?PR?_TP_GETPOSITION?TP
            CODE    2687H     0111H     UNIT         ?PR?_BLOCK_WRITE?BLOCK_WRITE
            CODE    2798H     00E9H     UNIT         ?PR?_DISPPICFROMSD?LCD
            CODE    2881H     00CDH     UNIT         ?PR?USBXCORE_VENDOR_USB_API?USB_API
            CODE    294EH     00CBH     UNIT         ?PR?_DISPONECHAR?LCD
            CODE    2A19H     00B7H     UNIT         ?PR?MMC_SD_RESET?MMC_SD
            CODE    2AD0H     00B3H     UNIT         ?PR?_DISPINT?LCD
            CODE    2B83H     00B2H     UNIT         ?PR?USBXCORE_GET_DESCRIPTOR?USB_API
            CODE    2C35H     00AFH     UNIT         ?PR?_BLOCK_READ?BLOCK_READ
            CODE    2CE4H     00AAH     UNIT         ?PR?DISPFRAME?LCD
            CODE    2D8EH     00A2H     UNIT         ?PR?DISPSCALEVER_GREEN?LCD
            CODE    2E30H     009CH     UNIT         ?PR?_?BLOCKWRITE?LCD
            CODE    2ECCH     009BH     UNIT         ?PR?DISPGRAYHOR16?LCD
            CODE    2F67H     0096H     UNIT         ?PR?_DISPSTR?LCD
            CODE    2FFDH     0093H     UNIT         ?PR?DISPSCALEVER_RED?LCD
            CODE    3090H     0093H     UNIT         ?PR?DISPSCALEVER_GRAY?LCD
            CODE    3123H     0090H     UNIT         ?PR?_DRAWGIRD?LCD
            CODE    31B3H     008CH     UNIT         ?C_C51STARTUP
            CODE    323FH     0088H     UNIT         ?PR?DISPSCALEVER_BLUE?LCD
            CODE    32C7H     0086H     UNIT         ?PR?_DRAWLINE?LCD
            CODE    334DH     007DH     UNIT         ?PR?_MMC_SD_WRITESINGLEBLOCK?MMC_SD
            CODE    33CAH     0076H     UNIT         ?PR?DISPGRAYHOR32?LCD
            CODE    3440H     0075H     UNIT         ?PR?_MMC_SD_SENDCOMMAND?MMC_SD
            CODE    34B5H     0073H     UNIT         ?PR?TP_READ?TP
            CODE    3528H     0073H     UNIT         ?PR?USBXCORE_GET_STATUS?USB_API
            CODE    359BH     006CH     UNIT         ?PR?DEVICES_INIT?MAIN
            CODE    3607H     0064H     UNIT         ?PR?_MMC_SD_READSINGLEBLOCK?MMC_SD
            CODE    366BH     0061H     UNIT         ?PR?_DISPPIC?LCD
            CODE    36CCH     005BH     UNIT         ?PR?_TOORD?LCD
            CODE    3727H     005AH     UNIT         ?PR?USBXCORE_SET_CONFIGURATION?USB_API
            CODE    3781H     0058H     UNIT         ?PR?USBXCORE_CLEAR_FEATURE?USB_API
            CODE    37D9H     0057H     UNIT         ?PR?USBXCORE_SET_FEATURE?USB_API
            CODE    3830H     0055H     UNIT         ?PR?_STOPDELAY?MAIN
            CODE    3885H     0052H     UNIT         ?PR?_PUTPIXEL?LCD
            CODE    38D7H     0050H     UNIT         ?CO?MAIN
            CODE    3927H     0048H     UNIT         ?PR?_WRITEDISPDATA?LCD
            CODE    396FH     0047H     UNIT         ?PR?USBXCORE_GET_CONFIGURATION?USB_API
            CODE    39B6H     0043H     UNIT         ?PR?MCU_INIT?MAIN
            CODE    39F9H     0038H     UNIT         ?PR?USB_CLOCK_START?USB_CLOCK_START
            CODE    3A31H     0033H     UNIT         ?PR?_WRITEDATA?LCD
BL51 BANKED LINKER/LOCATER V6.22                                                      11/25/2021  14:57:50  PAGE 4


            CODE    3A64H     0030H     UNIT         ?PR?MAIN?MAIN
            CODE    3A94H     002FH     UNIT         ?PR?_WRITECOMM?LCD
            CODE    3AC3H     002DH     UNIT         ?C_INITSEG
            CODE    3AF0H     002BH     UNIT         ?PR?USB_SUSPEND?USB_SUSPEND
            CODE    3B1BH     0027H     UNIT         ?PR?USBXCORE_USB_RESET?USB_API
            CODE    3B42H     0027H     UNIT         ?PR?USBXCORE_GET_INTERFACE?USB_API
            CODE    3B69H     0026H     UNIT         ?PR?_TP_WRITE?TP
            CODE    3B8FH     0022H     UNIT         ?PR?USBXCORE_JUMP_ISR?USB_JUMP_ISR
            CODE    3BB1H     0020H     UNIT         ?PR?USBXCORE_SET_ADDRESS?USB_API
            CODE    3BD1H     001FH     UNIT         ?PR?_DELAY?MAIN
            CODE    3BF0H     001DH     UNIT         ?PR?USBXCORE_FORCE_STALL?USB_API
            CODE    3C0DH     0019H     UNIT         ?PR?USB_INT_ENABLE?USB_INT_ENABLE
            CODE    3C26H     0016H     UNIT         ?PR?_SPI_WRITEBYTE?MMC_SD
            CODE    3C3CH     0016H     UNIT         ?PR?READDATA?LCD
            CODE    3C52H     0014H     UNIT         ?PR?USBXCORE_SET_SOP?USB_API
            CODE    3C66H     0013H     UNIT         ?PR?WAITKEY?MAIN
            CODE    3C79H     0011H     UNIT         ?PR?SD_INIT?MMC_SD
            CODE    3C8AH     000EH     UNIT         ?PR?GET_INTERRUPT_SOURCE?GET_INTERRUPT_SOURCE
            CODE    3C98H     000CH     UNIT         ?PR?USBXCORE_CLKREC?USB_CLOCK_RECOVERY
            CODE    3CA4H     000BH     UNIT         ?PR?SPI_READBYTE?MMC_SD
            CODE    3CAFH     0009H     UNIT         ?PR?_WRITEONEDOT?LCD
            CODE    3CB8H     0008H     UNIT         ?CO?TP



OVERLAY MAP OF MODULE:   JD9851_CTO24_ZT_3W2L (MAIN)


SEGMENT                                            PDATA_GROUP         XDATA_GROUP
  +--> CALLED SEGMENT                            START    LENGTH     START    LENGTH
------------------------------------------------------------------------------------
?PR?USB_API_TEST_ISR?MAIN                        0056H    0001H      -----    -----
  +--> ?PR?GET_INTERRUPT_SOURCE?GET_INTERRUP...
  +--> ?PR?_BLOCK_READ?BLOCK_READ
  +--> ?PR?SUSPEND_DEVICE?MAIN
  +--> ?PR?MCU_INIT?MAIN
  +--> ?PR?_?BLOCKWRITE?LCD

?PR?SUSPEND_DEVICE?MAIN                          -----    -----      -----    -----
  +--> ?PR?USB_SUSPEND?USB_SUSPEND

?PR?USB_SUSPEND?USB_SUSPEND                      -----    -----      -----    -----
  +--> ?PR?USB_CLOCK_START?USB_CLOCK_START

?PR?_?BLOCKWRITE?LCD                             -----    -----      -----    -----
  +--> ?PR?_WRITECOMM?LCD
  +--> ?PR?_WRITEDATA?LCD

?PR?_WRITECOMM?LCD                               0079H    0001H      -----    -----

?PR?_WRITEDATA?LCD                               0079H    0001H      -----    -----

*** NEW ROOT ***************************************************

?PR?USBXCORE_USB_ISR?USB_API                     -----    -----      -----    -----
  +--> ?PR?USBXCORE_USB_RESET?USB_API
  +--> ?PR?USBXCORE_HANDLE_SETUP?USB_API
BL51 BANKED LINKER/LOCATER V6.22                                                      11/25/2021  14:57:50  PAGE 5


  +--> ?PR?USBXCORE_JUMP_ISR?USB_JUMP_ISR

?PR?USBXCORE_HANDLE_SETUP?USB_API                -----    -----      -----    -----
  +--> ?PR?USBXCORE_GET_STATUS?USB_API
  +--> ?PR?USBXCORE_CLEAR_FEATURE?USB_API
  +--> ?PR?USBXCORE_VENDOR_USB_API?USB_API
  +--> ?PR?USBXCORE_SET_FEATURE?USB_API
  +--> ?PR?USBXCORE_SET_ADDRESS?USB_API
  +--> ?PR?USBXCORE_GET_DESCRIPTOR?USB_API
  +--> ?PR?USBXCORE_GET_CONFIGURATION?USB_API
  +--> ?PR?USBXCORE_SET_CONFIGURATION?USB_API
  +--> ?PR?USBXCORE_GET_INTERFACE?USB_API
  +--> ?PR?USBXCORE_SET_SOP?USB_API
  +--> ?PR?USBXCORE_FORCE_STALL?USB_API

?PR?USBXCORE_GET_STATUS?USB_API                  -----    -----      -----    -----
  +--> ?CO?USB_API
  +--> ?PR?USBXCORE_FORCE_STALL?USB_API
  +--> ?PR?USBXCORE_SET_SOP?USB_API

?PR?USBXCORE_CLEAR_FEATURE?USB_API               -----    -----      -----    -----
  +--> ?PR?USBXCORE_FORCE_STALL?USB_API
  +--> ?PR?USBXCORE_SET_SOP?USB_API

?PR?USBXCORE_VENDOR_USB_API?USB_API              -----    -----      -----    -----
  +--> ?PR?USBXCORE_SET_SOP?USB_API

?PR?USBXCORE_SET_FEATURE?USB_API                 -----    -----      -----    -----
  +--> ?PR?USBXCORE_FORCE_STALL?USB_API
  +--> ?PR?USBXCORE_SET_SOP?USB_API

?PR?USBXCORE_SET_ADDRESS?USB_API                 -----    -----      -----    -----
  +--> ?PR?USBXCORE_SET_SOP?USB_API

?PR?USBXCORE_GET_DESCRIPTOR?USB_API              -----    -----      -----    -----
  +--> ?PR?USBXCORE_FORCE_STALL?USB_API
  +--> ?PR?USBXCORE_SET_SOP?USB_API

?PR?USBXCORE_GET_CONFIGURATION?USB_API           -----    -----      -----    -----
  +--> ?CO?USB_API
  +--> ?PR?USBXCORE_SET_SOP?USB_API

?PR?USBXCORE_SET_CONFIGURATION?USB_API           -----    -----      -----    -----
  +--> ?PR?USBXCORE_SET_SOP?USB_API

?PR?USBXCORE_GET_INTERFACE?USB_API               -----    -----      -----    -----
  +--> ?CO?USB_API
  +--> ?PR?USBXCORE_SET_SOP?USB_API

*** NEW ROOT ***************************************************

?C_C51STARTUP                                    -----    -----      -----    -----
  +--> ?PR?MAIN?MAIN
  +--> ?C_INITSEG

?PR?MAIN?MAIN                                    -----    -----      -----    -----
  +--> ?PR?DEVICES_INIT?MAIN
BL51 BANKED LINKER/LOCATER V6.22                                                      11/25/2021  14:57:50  PAGE 6


  +--> ?PR?DISPFRAME?LCD
  +--> ?PR?_STOPDELAY?MAIN
  +--> ?PR?WAITKEY?MAIN
  +--> ?PR?DISPGRAYHOR16?LCD
  +--> ?PR?DISPBAND?LCD
  +--> ?PR?_DISPCOLOR?LCD
  +--> ?PR?TP_DRAWLINE?TP

?PR?DEVICES_INIT?MAIN                            -----    -----      -----    -----
  +--> ?PR?MCU_INIT?MAIN
  +--> ?PR?USB_CLOCK_START?USB_CLOCK_START
  +--> ?CO?MAIN
  +--> ?PR?_USB_INIT?USB_API
  +--> ?PR?USB_INT_ENABLE?USB_INT_ENABLE
  +--> ?PR?LCD_INIT?LCD

?PR?_USB_INIT?USB_API                            -----    -----      027AH    0011H
  +--> ?CO?USB_API
  +--> ?PR?USBXCORE_CLKREC?USB_CLOCK_RECOVERY

?PR?LCD_INIT?LCD                                 -----    -----      -----    -----
  +--> ?PR?READDATA?LCD
  +--> ?PR?_DELAY?MAIN
  +--> ?PR?_WRITECOMM?LCD
  +--> ?PR?_WRITEDATA?LCD

?PR?READDATA?LCD                                 -----    -----      -----    -----
  +--> ?PR?_LCD_READ_IC_ID?LCD

?PR?_LCD_READ_IC_ID?LCD                          0061H    0008H      -----    -----

?PR?DISPFRAME?LCD                                0058H    0002H      -----    -----
  +--> ?PR?_?BLOCKWRITE?LCD
  +--> ?PR?_WRITEDISPDATA?LCD

?PR?_STOPDELAY?MAIN                              0058H    0004H      -----    -----
  +--> ?PR?WAITKEY?MAIN
  +--> ?PR?_DELAY?MAIN

?PR?WAITKEY?MAIN                                 -----    -----      -----    -----
  +--> ?PR?CONNTOUSB?MAIN
  +--> ?PR?_DELAY?MAIN

?PR?CONNTOUSB?MAIN                               005CH    0005H      027AH    0058H
  +--> ?CO?MAIN
  +--> ?PR?_WRITECOMM?LCD
  +--> ?PR?_WRITEDATA?LCD
  +--> ?PR?_DISPSTR?LCD
  +--> ?PR?_DISPINT?LCD
  +--> ?PR?_WRITEDISPDATA?LCD
  +--> ?PR?_MMC_SD_WRITESINGLEBLOCK?MMC_SD
  +--> ?PR?_BLOCK_WRITE?BLOCK_WRITE
  +--> ?PR?READDATA?LCD
  +--> ?PR?_DELAY?MAIN

?PR?_DISPSTR?LCD                                 0061H    000BH      -----    -----
  +--> ?PR?_TOORD?LCD
BL51 BANKED LINKER/LOCATER V6.22                                                      11/25/2021  14:57:50  PAGE 7


  +--> ?PR?_DISPONECHAR?LCD

?PR?_DISPONECHAR?LCD                             006CH    000DH      -----    -----
  +--> ?PR?_?BLOCKWRITE?LCD
  +--> ?CO?LCD
  +--> ?PR?_WRITEONEDOT?LCD

?PR?_WRITEONEDOT?LCD                             -----    -----      -----    -----
  +--> ?PR?_WRITEDISPDATA?LCD

?PR?_DISPINT?LCD                                 0061H    000AH      -----    -----
  +--> ?PR?_DISPONECHAR?LCD

?PR?_MMC_SD_WRITESINGLEBLOCK?MMC_SD              0061H    0004H      -----    -----
  +--> ?PR?_MMC_SD_SENDCOMMAND?MMC_SD
  +--> ?PR?_SPI_WRITEBYTE?MMC_SD

?PR?_MMC_SD_SENDCOMMAND?MMC_SD                   0065H    0005H      -----    -----
  +--> ?PR?_SPI_WRITEBYTE?MMC_SD

?PR?DISPGRAYHOR16?LCD                            0058H    0004H      -----    -----
  +--> ?PR?_?BLOCKWRITE?LCD
  +--> ?PR?_WRITEDISPDATA?LCD

?PR?DISPBAND?LCD                                 0058H    0005H      -----    -----
  +--> ?PR?_?BLOCKWRITE?LCD
  +--> ?PR?_WRITEDISPDATA?LCD

?PR?_DISPCOLOR?LCD                               0058H    0004H      -----    -----
  +--> ?PR?_?BLOCKWRITE?LCD
  +--> ?PR?_WRITEDISPDATA?LCD

?PR?TP_DRAWLINE?TP                               -----    -----      027AH    0018H
  +--> ?PR?_DISPCOLOR?LCD
  +--> ?CO?TP
  +--> ?PR?_DISPSTR?LCD
  +--> ?PR?_DELAY?MAIN
  +--> ?PR?_TP_GETPOSITION?TP
  +--> ?PR?_PUTPIXEL?LCD

?PR?_TP_GETPOSITION?TP                           -----    -----      0292H    001BH
  +--> ?PR?_TP_WRITE?TP
  +--> ?PR?TP_READ?TP

?PR?_TP_WRITE?TP                                 -----    -----      02ADH    0001H

?PR?TP_READ?TP                                   -----    -----      02ADH    0005H

?PR?_PUTPIXEL?LCD                                0058H    0002H      -----    -----
  +--> ?PR?_?BLOCKWRITE?LCD
  +--> ?PR?_WRITEDISPDATA?LCD



SYMBOL TABLE OF MODULE:  JD9851_CTO24_ZT_3W2L (MAIN)

  VALUE           TYPE          NAME
BL51 BANKED LINKER/LOCATER V6.22                                                      11/25/2021  14:57:50  PAGE 8


  ----------------------------------

  -------         MODULE        MAIN
  C:0000H         SYMBOL        _ICE_DUMMY_
  D:0080H         PUBLIC        P0
  X:0000H         PUBLIC        f_down
  D:0090H         PUBLIC        P1
  D:00A0H         PUBLIC        P2
  D:00B0H         PUBLIC        P3
  C:3922H         PUBLIC        USB_MaxPower
  B:00B0H.6       PUBLIC        KEY_STEP
  D:00A4H         PUBLIC        P0MDOUT
  D:00A5H         PUBLIC        P1MDOUT
  D:00A6H         PUBLIC        P2MDOUT
  D:00A7H         PUBLIC        P3MDOUT
  D:00AEH         PUBLIC        P4MDOUT
  B:0080H.6       PUBLIC        OE
  D:00D9H         PUBLIC        PCA0MD
  C:21CEH         PUBLIC        USB_API_TEST_ISR
  C:003DH         PUBLIC        Suspend_Device
  C:3834H         PUBLIC        _StopDelay
  D:00E1H         PUBLIC        XBR0
  D:00E2H         PUBLIC        XBR1
  B:00B0H.1       PUBLIC        RS
  C:3A64H         PUBLIC        main
  X:0001H         PUBLIC        VerifyCode0
  X:0002H         PUBLIC        VerifyCode1
  C:38ECH         PUBLIC        USB_PID
  X:0003H         PUBLIC        VerifyCode2
  D:00F1H         PUBLIC        P0MDIN
  D:00F2H         PUBLIC        P1MDIN
  C:38EEH         PUBLIC        USB_MfrStr
  D:00F4H         PUBLIC        P3MDIN
  C:38EAH         PUBLIC        USB_VID
  D:00F8H         PUBLIC        SPI0CN
  X:0004H         PUBLIC        pic
  C:359BH         PUBLIC        Devices_Init
  C:008EH         PUBLIC        ConnToUSB
  D:00A9H         PUBLIC        CLKSEL
  D:00B2H         PUBLIC        OSCICN
  C:3923H         PUBLIC        USB_PwAttributes
  C:3C66H         PUBLIC        WaitKey
  C:3926H         SYMBOL        _?ix1000
  B:00A0H.0       PUBLIC        CS0
  X:0005H         PUBLIC        bf
  C:3924H         PUBLIC        USB_bcdDevice
  D:00B9H         PUBLIC        CLKMUL
  X:0007H         PUBLIC        f_debug
  X:0008H         PUBLIC        sd
  X:02D2H         PUBLIC        Packet
  C:39B6H         PUBLIC        MCU_Init
  B:0080H.7       PUBLIC        DIR
  D:00EFH         PUBLIC        RSTSRC
  X:000CH         PUBLIC        f_read
  C:3918H         PUBLIC        USB_SerialStr
  X:000DH         PUBLIC        f_other
  C:3908H         PUBLIC        USB_ProductStr
BL51 BANKED LINKER/LOCATER V6.22                                                      11/25/2021  14:57:50  PAGE 9


  X:000EH         PUBLIC        f_para
  D:00A1H         PUBLIC        SPI0CFG
  C:3BD1H         PUBLIC        _Delay
  B:00B0H.7       PUBLIC        KEY_Stop
  X:000FH         PUBLIC        f_init
  -------         PROC          MAIN
  C:3A64H         LINE#         40
  C:3A64H         LINE#         41
  C:3A64H         LINE#         61
  C:3A67H         LINE#         63
  C:3A6AH         LINE#         64
  C:3A6AH         LINE#         67
  C:3A73H         LINE#         73
  C:3A7CH         LINE#         74
  C:3A85H         LINE#         75
  C:3A8EH         LINE#         79
  C:3A91H         LINE#         81
  C:3A93H         LINE#         82
  -------         ENDPROC       MAIN
  -------         PROC          _DELAY
  D:0006H         SYMBOL        dly
  -------         DO            
  D:0004H         SYMBOL        i
  D:0002H         SYMBOL        j
  -------         ENDDO         
  C:3BD1H         LINE#         85
  C:3BD1H         LINE#         86
  C:3BD1H         LINE#         89
  C:3BDBH         LINE#         90
  C:3BEFH         LINE#         91
  -------         ENDPROC       _DELAY
  C:3830H         SYMBOL        L?0133
  -------         PROC          L?0132
  -------         ENDPROC       L?0132
  C:3830H         SYMBOL        L?0133
  -------         PROC          _STOPDELAY
  X:0058H         SYMBOL        sdly
  -------         DO            
  D:0006H         SYMBOL        i
  D:0004H         SYMBOL        j
  X:005AH         SYMBOL        k
  -------         ENDDO         
  C:3834H         LINE#         93
  C:383BH         LINE#         94
  C:383BH         LINE#         96
  C:3840H         LINE#         97
  C:3840H         LINE#         98
  C:3843H         LINE#         99
  C:3843H         LINE#         100
  C:3850H         LINE#         101
  C:3864H         LINE#         102
  C:3864H         LINE#         104
  C:3864H         LINE#         105
  C:386EH         LINE#         106
  C:386EH         LINE#         107
  C:3884H         LINE#         108
  -------         ENDPROC       _STOPDELAY
BL51 BANKED LINKER/LOCATER V6.22                                                      11/25/2021  14:57:50  PAGE 10


  -------         PROC          WAITKEY
  C:3C66H         LINE#         138
  C:3C66H         LINE#         139
  C:3C66H         LINE#         141
  C:3C69H         LINE#         142
  C:3C69H         LINE#         144
  C:3C6CH         LINE#         146
  C:3C6EH         LINE#         147
  C:3C75H         LINE#         148
  C:3C78H         LINE#         150
  -------         ENDPROC       WAITKEY
  -------         PROC          CONNTOUSB
  -------         DO            
  X:005CH         SYMBOL        i
  X:027AH         SYMBOL        reg_data
  X:0292H         SYMBOL        para_data
  D:0007H         SYMBOL        dat
  X:005DH         SYMBOL        reg_index
  X:005FH         SYMBOL        data_num
  X:0060H         SYMBOL        st
  -------         ENDDO         
  C:008EH         LINE#         156
  C:008EH         LINE#         157
  C:008EH         LINE#         164
  C:00A1H         LINE#         166
  C:00A9H         LINE#         167
  C:00A9H         LINE#         168
  C:00B7H         LINE#         169
  C:00B7H         LINE#         170
  C:00C8H         LINE#         171
  C:00C8H         LINE#         172
  C:00EEH         LINE#         173
  C:00F0H         LINE#         174
  C:0104H         LINE#         175
  C:0104H         LINE#         176
  C:012AH         LINE#         178
  C:012AH         LINE#         179
  C:012AH         LINE#         180
  C:012AH         LINE#         182
  C:012AH         LINE#         183
  C:0132H         LINE#         184
  C:013CH         LINE#         185
  C:0146H         LINE#         187
  C:0162H         LINE#         189
  C:016CH         LINE#         190
  C:016CH         LINE#         191
  C:017DH         LINE#         192
  C:017DH         LINE#         193
  C:018EH         LINE#         194
  C:018EH         LINE#         195
  C:01E1H         LINE#         196
  C:01E3H         LINE#         197
  C:01F9H         LINE#         198
  C:01F9H         LINE#         199
  C:024BH         LINE#         200
  C:024BH         LINE#         201
  C:024BH         LINE#         202
BL51 BANKED LINKER/LOCATER V6.22                                                      11/25/2021  14:57:50  PAGE 11


  C:024BH         LINE#         204
  C:024BH         LINE#         205
  C:0253H         LINE#         206
  C:0253H         LINE#         207
  C:025DH         LINE#         208
  C:0267H         LINE#         210
  C:026BH         LINE#         211
  C:026EH         LINE#         215
  C:0276H         LINE#         216
  C:0276H         LINE#         217
  C:0285H         LINE#         218
  C:0285H         LINE#         219
  C:0287H         LINE#         221
  C:0289H         LINE#         222
  C:02A5H         LINE#         223
  C:02A7H         LINE#         225
  C:02D0H         LINE#         226
  C:02F4H         LINE#         227
  C:02FEH         LINE#         228
  C:02FEH         LINE#         229
  C:0306H         LINE#         230
  C:030DH         LINE#         231
  C:0318H         LINE#         232
  C:031EH         LINE#         233
  C:031EH         LINE#         234
  C:0327H         LINE#         236
  C:032BH         LINE#         237
  C:0337H         LINE#         238
  C:033AH         LINE#         241
  C:0342H         LINE#         242
  C:0342H         LINE#         243
  C:034BH         LINE#         244
  C:034BH         LINE#         245
  C:035BH         LINE#         246
  C:035BH         LINE#         247
  C:035DH         LINE#         249
  C:035FH         LINE#         250
  C:037BH         LINE#         251
  C:037DH         LINE#         253
  C:03A6H         LINE#         254
  C:03CAH         LINE#         256
  C:03D4H         LINE#         257
  C:03D4H         LINE#         258
  C:03DCH         LINE#         259
  C:03E3H         LINE#         260
  C:03EEH         LINE#         261
  C:03F4H         LINE#         262
  C:03F4H         LINE#         264
  C:03FDH         LINE#         270
  C:03FDH         LINE#         271
  C:040AH         LINE#         272
  C:040AH         LINE#         273
  C:040CH         LINE#         275
  C:040EH         LINE#         276
  C:042AH         LINE#         277
  C:042CH         LINE#         279
  C:0434H         LINE#         280
BL51 BANKED LINKER/LOCATER V6.22                                                      11/25/2021  14:57:50  PAGE 12


  C:0438H         LINE#         281
  C:0444H         LINE#         282
  C:0444H         LINE#         283
  C:0447H         LINE#         286
  C:044FH         LINE#         287
  C:044FH         LINE#         288
  C:0460H         LINE#         289
  C:0460H         LINE#         290
  C:046DH         LINE#         291
  C:046DH         LINE#         292
  C:048BH         LINE#         293
  C:048DH         LINE#         294
  C:049DH         LINE#         295
  C:049DH         LINE#         296
  C:04BBH         LINE#         297
  C:04BDH         LINE#         298
  C:04CEH         LINE#         299
  C:04CEH         LINE#         300
  C:04D8H         LINE#         301
  C:04E2H         LINE#         302
  C:04E2H         LINE#         303
  C:04E2H         LINE#         304
  C:04E2H         LINE#         306
  C:04E2H         LINE#         307
  C:04EBH         LINE#         308
  C:04EFH         LINE#         309
  C:04FBH         LINE#         310
  C:04FEH         LINE#         313
  C:0506H         LINE#         314
  C:0506H         LINE#         315
  C:0513H         LINE#         316
  C:0524H         LINE#         318
  C:052DH         LINE#         319
  C:053CH         LINE#         321
  C:0544H         LINE#         322
  C:0544H         LINE#         323
  C:054DH         LINE#         324
  C:055CH         LINE#         325
  C:055CH         LINE#         326
  C:055FH         LINE#         327
  C:056EH         LINE#         328
  C:057AH         LINE#         329
  C:0580H         LINE#         330
  C:0580H         LINE#         332
  C:0584H         LINE#         333
  C:0593H         LINE#         335
  C:059AH         LINE#         336
  C:05B6H         LINE#         337
  C:05C0H         LINE#         338
  C:05C0H         LINE#         339
  C:05E6H         LINE#         340
  C:05F9H         LINE#         341
  C:05F9H         LINE#         342
  C:064BH         LINE#         343
  C:0653H         LINE#         344
  C:0653H         LINE#         345
  C:0653H         LINE#         348
BL51 BANKED LINKER/LOCATER V6.22                                                      11/25/2021  14:57:50  PAGE 13


  C:0658H         LINE#         349
  C:0658H         LINE#         350
  C:0665H         LINE#         351
  C:0676H         LINE#         353
  C:067CH         LINE#         354
  C:0680H         LINE#         355
  C:0683H         LINE#         356
  C:0687H         LINE#         358
  C:068BH         LINE#         359
  C:0697H         LINE#         360
  C:0699H         LINE#         361
  -------         ENDPROC       CONNTOUSB
  -------         PROC          MCU_INIT
  -------         DO            
  D:0007H         SYMBOL        n
  -------         ENDDO         
  C:39B6H         LINE#         364
  C:39B6H         LINE#         365
  C:39B6H         LINE#         367
  C:39B9H         LINE#         370
  C:39BCH         LINE#         371
  C:39BFH         LINE#         373
  C:39C2H         LINE#         375
  C:39C8H         LINE#         377
  C:39CBH         LINE#         378
  C:39D0H         LINE#         379
  C:39D3H         LINE#         381
  C:39D6H         LINE#         384
  C:39D9H         LINE#         385
  C:39DCH         LINE#         387
  C:39DFH         LINE#         388
  C:39E2H         LINE#         390
  C:39E5H         LINE#         391
  C:39E8H         LINE#         393
  C:39EBH         LINE#         394
  C:39EEH         LINE#         395
  C:39F0H         LINE#         396
  C:39F2H         LINE#         398
  C:39F5H         LINE#         399
  C:39F8H         LINE#         401
  -------         ENDPROC       MCU_INIT
  -------         PROC          DEVICES_INIT
  C:359BH         LINE#         403
  C:359BH         LINE#         404
  C:359BH         LINE#         406
  C:359EH         LINE#         409
  C:35A1H         LINE#         410
  C:35FBH         LINE#         411
  C:35FEH         LINE#         414
  C:3601H         LINE#         415
  C:3604H         LINE#         423
  -------         ENDPROC       DEVICES_INIT
  -------         PROC          SUSPEND_DEVICE
  C:003DH         LINE#         427
  C:003DH         LINE#         428
  C:003DH         LINE#         429
  -------         ENDPROC       SUSPEND_DEVICE
BL51 BANKED LINKER/LOCATER V6.22                                                      11/25/2021  14:57:50  PAGE 14


  -------         PROC          USB_API_TEST_ISR
  -------         DO            
  X:0056H         SYMBOL        INTVAL
  -------         ENDDO         
  C:21CEH         LINE#         433
  C:21EBH         LINE#         435
  C:21F2H         LINE#         437
  C:21F8H         LINE#         438
  C:21F8H         LINE#         439
  C:2203H         LINE#         441
  C:221FH         LINE#         442
  C:221FH         LINE#         443
  C:2221H         LINE#         444
  C:2223H         LINE#         445
  C:2239H         LINE#         446
  C:2239H         LINE#         447
  C:223BH         LINE#         448
  C:223DH         LINE#         449
  C:2255H         LINE#         450
  C:2255H         LINE#         451
  C:2257H         LINE#         452
  C:2259H         LINE#         453
  C:2273H         LINE#         454
  C:2273H         LINE#         455
  C:2275H         LINE#         456
  C:2277H         LINE#         457
  C:228CH         LINE#         458
  C:228CH         LINE#         459
  C:228EH         LINE#         460
  C:2290H         LINE#         462
  C:2290H         LINE#         463
  C:2295H         LINE#         464
  C:2295H         LINE#         465
  C:2295H         LINE#         467
  C:2295H         LINE#         468
  C:2295H         LINE#         470
  C:2295H         LINE#         472
  C:229BH         LINE#         473
  C:229BH         LINE#         474
  C:229EH         LINE#         475
  C:229EH         LINE#         477
  C:22A4H         LINE#         478
  C:22A4H         LINE#         479
  C:22A7H         LINE#         480
  C:22A7H         LINE#         482
  C:22ADH         LINE#         483
  C:22ADH         LINE#         484
  C:22C9H         LINE#         485
  C:22C9H         LINE#         487
  C:22CFH         LINE#         488
  C:22CFH         LINE#         489
  C:22D4H         LINE#         490
  C:22F0H         LINE#         491
  C:22F0H         LINE#         492
  -------         ENDPROC       USB_API_TEST_ISR
  -------         ENDMOD        MAIN

BL51 BANKED LINKER/LOCATER V6.22                                                      11/25/2021  14:57:50  PAGE 15


  -------         MODULE        MMC_SD
  C:0000H         SYMBOL        _ICE_DUMMY_
  D:00A2H         PUBLIC        SPI0CKR
  D:0080H         PUBLIC        P0
  D:0090H         PUBLIC        P1
  D:00A0H         PUBLIC        P2
  D:00B0H         PUBLIC        P3
  C:3440H         PUBLIC        _MMC_SD_SendCommand
  C:3607H         PUBLIC        _MMC_SD_ReadSingleBlock
  C:3C79H         PUBLIC        SD_Init
  C:334DH         PUBLIC        _MMC_SD_WriteSingleBlock
  B:00F8H.7       PUBLIC        SPIF
  B:00F8H.2       PUBLIC        NSSMD0
  C:2A19H         PUBLIC        MMC_SD_Reset
  D:00A9H         PUBLIC        CLKSEL
  C:3CA4H         PUBLIC        SPI_ReadByte
  C:3C32H         PUBLIC        _SPI_WriteByte
  D:00A3H         PUBLIC        SPI0DAT
  X:007AH         PUBLIC        buffer
  C:3C26H         SYMBOL        L?0062
  C:3C2BH         SYMBOL        L?0063
  -------         PROC          L?0061
  -------         ENDPROC       L?0061
  C:3C26H         SYMBOL        L?0062
  C:3C2BH         SYMBOL        L?0063
  -------         PROC          _SPI_WRITEBYTE
  D:0007H         SYMBOL        val
  -------         DO            
  D:0007H         SYMBOL        ret
  -------         ENDDO         
  C:3C32H         LINE#         7
  C:3C32H         LINE#         8
  C:3C32H         LINE#         11
  C:3C34H         LINE#         12
  C:3C37H         LINE#         13
  C:3C39H         LINE#         14
  C:3C3BH         LINE#         15
  C:3C3BH         LINE#         16
  -------         ENDPROC       _SPI_WRITEBYTE
  -------         PROC          SPI_READBYTE
  -------         DO            
  D:0007H         SYMBOL        ret
  -------         ENDDO         
  C:3CA4H         LINE#         18
  C:3CA4H         LINE#         19
  C:3CA4H         LINE#         22
  C:3CA7H         LINE#         23
  C:3CAAH         LINE#         24
  C:3CACH         LINE#         25
  C:3CAEH         LINE#         26
  C:3CAEH         LINE#         27
  -------         ENDPROC       SPI_READBYTE
  -------         PROC          _MMC_SD_SENDCOMMAND
  D:0006H         SYMBOL        cmd
  X:0066H         SYMBOL        arg
  -------         DO            
  D:0007H         SYMBOL        r1
BL51 BANKED LINKER/LOCATER V6.22                                                      11/25/2021  14:57:50  PAGE 16


  D:0003H         SYMBOL        retry
  -------         ENDDO         
  C:3440H         LINE#         29
  C:3442H         LINE#         30
  C:3442H         LINE#         32
  C:3444H         LINE#         34
  C:3444H         LINE#         35
  C:3444H         LINE#         36
  C:3447H         LINE#         37
  C:3447H         LINE#         38
  C:3447H         LINE#         39
  C:344AH         LINE#         41
  C:344CH         LINE#         43
  C:3453H         LINE#         44
  C:3468H         LINE#         45
  C:347DH         LINE#         46
  C:3492H         LINE#         47
  C:349CH         LINE#         48
  C:34A1H         LINE#         50
  C:34A9H         LINE#         51
  C:34B2H         LINE#         53
  C:34B4H         LINE#         55
  C:34B4H         LINE#         56
  -------         ENDPROC       _MMC_SD_SENDCOMMAND
  -------         PROC          MMC_SD_RESET
  -------         DO            
  D:0005H         SYMBOL        i
  D:0002H         SYMBOL        retry
  D:0006H         SYMBOL        r1
  -------         ENDDO         
  C:2A19H         LINE#         58
  C:2A19H         LINE#         59
  C:2A19H         LINE#         62
  C:2A1BH         LINE#         64
  C:2A1CH         LINE#         65
  C:2A1FH         LINE#         66
  C:2A22H         LINE#         68
  C:2A22H         LINE#         69
  C:2A2EH         LINE#         70
  C:2A3EH         LINE#         71
  C:2A3FH         LINE#         72
  C:2A45H         LINE#         73
  C:2A49H         LINE#         75
  C:2A4BH         LINE#         77
  C:2A4BH         LINE#         79
  C:2A4BH         LINE#         80
  C:2A5BH         LINE#         81
  C:2A5CH         LINE#         82
  C:2A65H         LINE#         83
  C:2A69H         LINE#         85
  C:2A6BH         LINE#         86
  C:2A7BH         LINE#         87
  C:2A7CH         LINE#         88
  C:2A85H         LINE#         89
  C:2A88H         LINE#         91
  C:2A8BH         LINE#         92
  C:2A8BH         LINE#         93
BL51 BANKED LINKER/LOCATER V6.22                                                      11/25/2021  14:57:50  PAGE 17


  C:2A8DH         LINE#         95
  C:2A8DH         LINE#         96
  C:2A9DH         LINE#         97
  C:2A9EH         LINE#         98
  C:2AA7H         LINE#         99
  C:2AAAH         LINE#         100
  C:2AAAH         LINE#         101
  C:2ABAH         LINE#         103
  C:2AC8H         LINE#         104
  C:2ACBH         LINE#         105
  C:2ACEH         LINE#         106
  C:2ACFH         LINE#         107
  -------         ENDPROC       MMC_SD_RESET
  -------         PROC          _MMC_SD_READSINGLEBLOCK
  X:0010H         SYMBOL        sector
  -------         DO            
  D:0007H         SYMBOL        r1
  D:0004H         SYMBOL        i
  D:0002H         SYMBOL        retry
  -------         ENDDO         
  C:3607H         LINE#         109
  C:360CH         LINE#         110
  C:360CH         LINE#         113
  C:360EH         LINE#         115
  C:3611H         LINE#         117
  C:3611H         LINE#         118
  C:362DH         LINE#         119
  C:362EH         LINE#         120
  C:3637H         LINE#         121
  C:363AH         LINE#         124
  C:363CH         LINE#         126
  C:3642H         LINE#         128
  C:3645H         LINE#         129
  C:3645H         LINE#         130
  C:3654H         LINE#         131
  C:3661H         LINE#         133
  C:3661H         LINE#         134
  C:3664H         LINE#         136
  C:3666H         LINE#         137
  C:3669H         LINE#         138
  C:366AH         LINE#         139
  -------         ENDPROC       _MMC_SD_READSINGLEBLOCK
  -------         PROC          _MMC_SD_WRITESINGLEBLOCK
  X:0061H         SYMBOL        sector
  -------         DO            
  D:0006H         SYMBOL        r1
  D:0004H         SYMBOL        i
  D:0002H         SYMBOL        retry
  -------         ENDDO         
  C:334DH         LINE#         141
  C:3352H         LINE#         142
  C:3352H         LINE#         145
  C:3354H         LINE#         147
  C:3357H         LINE#         149
  C:3357H         LINE#         150
  C:3375H         LINE#         151
  C:3376H         LINE#         152
BL51 BANKED LINKER/LOCATER V6.22                                                      11/25/2021  14:57:50  PAGE 18


  C:337FH         LINE#         153
  C:3382H         LINE#         157
  C:3384H         LINE#         159
  C:3389H         LINE#         161
  C:338EH         LINE#         163
  C:3390H         LINE#         164
  C:3390H         LINE#         165
  C:339FH         LINE#         166
  C:33ACH         LINE#         168
  C:33ACH         LINE#         169
  C:33ACH         LINE#         171
  C:33B1H         LINE#         173
  C:33B8H         LINE#         174
  C:33B8H         LINE#         175
  C:33BAH         LINE#         176
  C:33BBH         LINE#         177
  C:33BBH         LINE#         179
  C:33C3H         LINE#         181
  C:33C5H         LINE#         182
  C:33C8H         LINE#         183
  C:33C9H         LINE#         184
  -------         ENDPROC       _MMC_SD_WRITESINGLEBLOCK
  -------         PROC          SD_INIT
  -------         DO            
  D:0001H         SYMBOL        n
  -------         ENDDO         
  C:3C79H         LINE#         187
  C:3C79H         LINE#         188
  C:3C79H         LINE#         189
  C:3C7BH         LINE#         191
  C:3C81H         LINE#         192
  C:3C81H         LINE#         193
  C:3C82H         LINE#         194
  C:3C89H         LINE#         196
  -------         ENDPROC       SD_INIT
  -------         ENDMOD        MMC_SD

  -------         MODULE        LCD
  C:0000H         SYMBOL        _ICE_DUMMY_
  D:0080H         PUBLIC        P0
  C:2CE4H         PUBLIC        DispFrame
  D:0090H         PUBLIC        P1
  C:2D8EH         PUBLIC        DispScaleVer_Green
  D:00A0H         PUBLIC        P2
  D:00B0H         PUBLIC        P3
  C:1EEDH         PUBLIC        DispBand
  C:3A35H         PUBLIC        _WriteData
  C:069AH         PUBLIC        ascii
  C:16DDH         PUBLIC        _LCD_Read_IC_ID
  D:00A6H         PUBLIC        P2MDOUT
  C:0046H         PUBLIC        _DispColor
  C:323FH         PUBLIC        DispScaleVer_Blue
  C:3123H         PUBLIC        _DrawGird
  C:32C7H         PUBLIC        _DrawLine
  B:00D0H.7       PUBLIC        CY
  C:3A94H         PUBLIC        _WriteComm
  C:393CH         PUBLIC        _WriteDispData
BL51 BANKED LINKER/LOCATER V6.22                                                      11/25/2021  14:57:50  PAGE 19


  C:3090H         PUBLIC        DispScaleVer_Gray
  B:00B0H.1       PUBLIC        RS
  B:0090H.7       PUBLIC        SPI_CLK
  C:2FFDH         PUBLIC        DispScaleVer_Red
  D:00F3H         PUBLIC        P2MDIN
  C:2442H         PUBLIC        DispScaleVer
  C:366BH         PUBLIC        _DispPic
  C:297EH         PUBLIC        _DispOneChar
  C:33CAH         PUBLIC        DispGrayHor32
  C:2ECCH         PUBLIC        DispGrayHor16
  C:2AD0H         PUBLIC        _DispInt
  C:3885H         PUBLIC        _PutPixel
  D:00A9H         PUBLIC        CLKSEL
  B:0090H.6       PUBLIC        RD0
  B:00A0H.0       PUBLIC        CS0
  X:0054H         PUBLIC        LCM_ID
  C:11DFH         PUBLIC        LCD_Init
  C:2F67H         PUBLIC        _DispStr
  B:0090H.7       PUBLIC        WR0
  C:190FH         PUBLIC        DispScaleHor1
  B:0090H.6       PUBLIC        SPI_DI
  C:3CAFH         PUBLIC        _WriteOneDot
  C:1D31H         PUBLIC        DispScaleHor2
  C:2798H         PUBLIC        _DispPicFromSD
  B:0080H.7       PUBLIC        DIR
  C:36CCH         PUBLIC        _ToOrd
  B:0080H.5       PUBLIC        RST
  C:3C3CH         PUBLIC        ReadData
  C:2E4AH         PUBLIC        _?BlockWrite
  -------         PROC          _LCD_READ_IC_ID
  X:0061H         SYMBOL        ID
  D:0004H         SYMBOL        Bug
  D:0003H         SYMBOL        flog
  -------         DO            
  X:0062H         SYMBOL        id
  X:0064H         SYMBOL        id1
  X:0066H         SYMBOL        temp
  D:0005H         SYMBOL        i
  D:0007H         SYMBOL        dat
  D:0001H         SYMBOL        id2
  X:0068H         SYMBOL        id3
  D:0002H         SYMBOL        id4
  -------         ENDDO         
  C:16DDH         LINE#         35
  C:16E1H         LINE#         36
  C:16E1H         LINE#         40
  C:16E9H         LINE#         41
  C:16E9H         LINE#         43
  C:16EBH         LINE#         44
  C:16EDH         LINE#         45
  C:16EFH         LINE#         47
  C:16F2H         LINE#         48
  C:16F4H         LINE#         49
  C:16F6H         LINE#         50
  C:16F8H         LINE#         53
  C:16FBH         LINE#         54
  C:16FEH         LINE#         55
BL51 BANKED LINKER/LOCATER V6.22                                                      11/25/2021  14:57:50  PAGE 20


  C:1701H         LINE#         56
  C:1703H         LINE#         57
  C:1705H         LINE#         58
  C:1707H         LINE#         63
  C:1711H         LINE#         65
  C:1717H         LINE#         66
  C:171FH         LINE#         68
  C:1725H         LINE#         69
  C:172BH         LINE#         70
  C:1735H         LINE#         72
  C:173BH         LINE#         73
  C:173DH         LINE#         75
  C:1743H         LINE#         77
  C:1749H         LINE#         78
  C:1753H         LINE#         80
  C:1759H         LINE#         81
  C:175EH         LINE#         83
  C:1764H         LINE#         85
  C:176EH         LINE#         86
  C:1778H         LINE#         88
  C:177EH         LINE#         89
  C:1780H         LINE#         91
  C:1790H         LINE#         92
  C:179AH         LINE#         94
  C:179DH         LINE#         95
  C:17A1H         LINE#         96
  C:17A1H         LINE#         97
  C:17AAH         LINE#         98
  C:17B0H         LINE#         99
  C:17B0H         LINE#         100
  C:17BAH         LINE#         101
  C:17BCH         LINE#         102
  C:17C0H         LINE#         103
  C:17C0H         LINE#         104
  C:17CFH         LINE#         105
  C:17CFH         LINE#         108
  C:17CFH         LINE#         109
  C:17D8H         LINE#         110
  C:17D8H         LINE#         112
  C:17DBH         LINE#         113
  C:17DFH         LINE#         114
  C:17E1H         LINE#         115
  C:17E3H         LINE#         116
  C:17E5H         LINE#         117
  C:17E5H         LINE#         118
  C:17E7H         LINE#         119
  C:17EFH         LINE#         120
  C:17F1H         LINE#         122
  C:17F3H         LINE#         123
  C:17F7H         LINE#         124
  C:17FCH         LINE#         125
  C:17FFH         LINE#         128
  C:1809H         LINE#         129
  C:1809H         LINE#         130
  C:180BH         LINE#         131
  C:180BH         LINE#         132
  C:180DH         LINE#         133
BL51 BANKED LINKER/LOCATER V6.22                                                      11/25/2021  14:57:50  PAGE 21


  C:180FH         LINE#         134
  C:1811H         LINE#         135
  C:1828H         LINE#         136
  C:182AH         LINE#         137
  C:182CH         LINE#         138
  C:1833H         LINE#         139
  C:183DH         LINE#         140
  C:183DH         LINE#         141
  C:183FH         LINE#         142
  C:183FH         LINE#         143
  C:1841H         LINE#         144
  C:1843H         LINE#         145
  C:1845H         LINE#         146
  C:185CH         LINE#         147
  C:185EH         LINE#         148
  C:1860H         LINE#         149
  C:1865H         LINE#         150
  C:1865H         LINE#         152
  C:1867H         LINE#         153
  C:1867H         LINE#         154
  C:1869H         LINE#         155
  C:186BH         LINE#         156
  C:186DH         LINE#         157
  C:1884H         LINE#         158
  C:1886H         LINE#         159
  C:1888H         LINE#         160
  C:188DH         LINE#         162
  C:188FH         LINE#         163
  C:188FH         LINE#         164
  C:1891H         LINE#         165
  C:1893H         LINE#         166
  C:1895H         LINE#         167
  C:189FH         LINE#         168
  C:18A1H         LINE#         169
  C:18A3H         LINE#         170
  C:18A8H         LINE#         172
  C:18AAH         LINE#         173
  C:18AAH         LINE#         174
  C:18ACH         LINE#         175
  C:18AEH         LINE#         176
  C:18B0H         LINE#         177
  C:18BCH         LINE#         178
  C:18BEH         LINE#         179
  C:18C0H         LINE#         180
  C:18C5H         LINE#         181
  C:18C8H         LINE#         182
  C:18CAH         LINE#         183
  C:18CCH         LINE#         184
  C:18CEH         LINE#         185
  C:18D0H         LINE#         186
  C:18D2H         LINE#         187
  C:18D4H         LINE#         189
  C:18D8H         LINE#         190
  C:18D8H         LINE#         191
  C:18E8H         LINE#         193
  C:18F3H         LINE#         194
  C:18F3H         LINE#         195
BL51 BANKED LINKER/LOCATER V6.22                                                      11/25/2021  14:57:50  PAGE 22


  C:18F3H         LINE#         197
  C:18F9H         LINE#         198
  C:18F9H         LINE#         199
  C:1905H         LINE#         200
  C:1905H         LINE#         202
  C:1905H         LINE#         203
  C:1907H         LINE#         204
  C:190EH         LINE#         205
  -------         ENDPROC       _LCD_READ_IC_ID
  -------         PROC          _WRITECOMM
  D:0004H         SYMBOL        i
  -------         DO            
  D:0003H         SYMBOL        j
  X:0079H         SYMBOL        DataH
  -------         ENDDO         
  C:3A94H         LINE#         208
  C:3A98H         LINE#         209
  C:3A98H         LINE#         211
  C:3A9CH         LINE#         212
  C:3A9EH         LINE#         243
  C:3A9EH         LINE#         244
  C:3AA0H         LINE#         245
  C:3AA2H         LINE#         246
  C:3AA4H         LINE#         247
  C:3AA6H         LINE#         248
  C:3AA6H         LINE#         249
  C:3AAAH         LINE#         250
  C:3AAEH         LINE#         252
  C:3AB0H         LINE#         253
  C:3AB7H         LINE#         254
  C:3AB9H         LINE#         255
  C:3ABBH         LINE#         256
  C:3AC0H         LINE#         257
  C:3AC0H         LINE#         319
  C:3AC2H         LINE#         320
  -------         ENDPROC       _WRITECOMM
  -------         PROC          L?0467
  -------         ENDPROC       L?0467
  -------         PROC          _WRITEDATA
  D:0004H         SYMBOL        i
  -------         DO            
  D:0003H         SYMBOL        j
  X:0079H         SYMBOL        DataH
  -------         ENDDO         
  C:3A35H         LINE#         322
  C:3A39H         LINE#         323
  C:3A39H         LINE#         325
  C:3A3DH         LINE#         326
  C:3A3FH         LINE#         361
  C:3A3FH         LINE#         404
  C:3A41H         LINE#         405
  C:3A43H         LINE#         406
  C:3A45H         LINE#         407
  C:3A47H         LINE#         408
  C:3A47H         LINE#         409
  C:3A4BH         LINE#         410
  C:3A4FH         LINE#         412
BL51 BANKED LINKER/LOCATER V6.22                                                      11/25/2021  14:57:50  PAGE 23


  C:3A51H         LINE#         413
  C:3A58H         LINE#         414
  C:3A5AH         LINE#         415
  C:3A5CH         LINE#         417
  C:3A61H         LINE#         419
  C:3A61H         LINE#         514
  C:3A63H         LINE#         515
  -------         ENDPROC       _WRITEDATA
  C:3927H         SYMBOL        L?0466
  -------         PROC          L?0465
  -------         ENDPROC       L?0465
  C:3927H         SYMBOL        L?0466
  -------         PROC          _WRITEDISPDATA
  D:0007H         SYMBOL        DataH
  D:0005H         SYMBOL        DataL
  -------         DO            
  D:0006H         SYMBOL        j
  -------         ENDDO         
  C:393CH         LINE#         517
  C:393CH         LINE#         518
  C:393CH         LINE#         520
  C:393EH         LINE#         554
  C:393EH         LINE#         555
  C:3940H         LINE#         556
  C:3942H         LINE#         557
  C:3944H         LINE#         558
  C:3946H         LINE#         559
  C:3946H         LINE#         560
  C:394AH         LINE#         561
  C:394CH         LINE#         562
  C:394EH         LINE#         563
  C:3950H         LINE#         564
  C:3955H         LINE#         566
  C:3957H         LINE#         567
  C:3959H         LINE#         568
  C:395BH         LINE#         569
  C:395DH         LINE#         570
  C:395DH         LINE#         571
  C:3961H         LINE#         572
  C:3963H         LINE#         573
  C:3965H         LINE#         574
  C:3967H         LINE#         575
  C:396CH         LINE#         576
  C:396CH         LINE#         639
  C:396EH         LINE#         640
  -------         ENDPROC       _WRITEDISPDATA
  -------         PROC          _WRITEONEDOT
  D:0004H         SYMBOL        color
  C:3CAFH         LINE#         642
  C:3CB3H         LINE#         643
  C:3CB3H         LINE#         656
  -------         ENDPROC       _WRITEONEDOT
  -------         PROC          LCD_INIT
  C:11DFH         LINE#         665
  C:11DFH         LINE#         666
  C:11DFH         LINE#         667
  C:11E2H         LINE#         670
BL51 BANKED LINKER/LOCATER V6.22                                                      11/25/2021  14:57:50  PAGE 24


  C:11E4H         LINE#         671
  C:11EBH         LINE#         673
  C:11EDH         LINE#         674
  C:11F4H         LINE#         676
  C:11F6H         LINE#         677
  C:11FDH         LINE#         1594
  C:1204H         LINE#         1595
  C:1209H         LINE#         1596
  C:120EH         LINE#         1597
  C:1213H         LINE#         1601
  C:1218H         LINE#         1602
  C:121DH         LINE#         1605
  C:1222H         LINE#         1606
  C:1227H         LINE#         1607
  C:122CH         LINE#         1608
  C:1231H         LINE#         1609
  C:1236H         LINE#         1612
  C:123BH         LINE#         1613
  C:1240H         LINE#         1614
  C:1245H         LINE#         1615
  C:124AH         LINE#         1616
  C:124FH         LINE#         1617
  C:1252H         LINE#         1618
  C:1257H         LINE#         1619
  C:125CH         LINE#         1620
  C:1260H         LINE#         1621
  C:1265H         LINE#         1622
  C:126AH         LINE#         1623
  C:126EH         LINE#         1624
  C:1273H         LINE#         1625
  C:1277H         LINE#         1626
  C:127AH         LINE#         1627
  C:127DH         LINE#         1628
  C:1282H         LINE#         1629
  C:1287H         LINE#         1630
  C:128CH         LINE#         1631
  C:1291H         LINE#         1632
  C:1296H         LINE#         1633
  C:1299H         LINE#         1634
  C:129EH         LINE#         1635
  C:12A3H         LINE#         1636
  C:12A7H         LINE#         1637
  C:12ACH         LINE#         1638
  C:12B1H         LINE#         1639
  C:12B5H         LINE#         1640
  C:12BAH         LINE#         1641
  C:12BEH         LINE#         1642
  C:12C1H         LINE#         1643
  C:12C4H         LINE#         1644
  C:12C9H         LINE#         1647
  C:12CEH         LINE#         1648
  C:12D3H         LINE#         1649
  C:12D8H         LINE#         1650
  C:12DDH         LINE#         1653
  C:12E2H         LINE#         1654
  C:12E7H         LINE#         1655
  C:12ECH         LINE#         1656
BL51 BANKED LINKER/LOCATER V6.22                                                      11/25/2021  14:57:50  PAGE 25


  C:12F1H         LINE#         1657
  C:12F4H         LINE#         1658
  C:12F9H         LINE#         1659
  C:12FEH         LINE#         1660
  C:1303H         LINE#         1661
  C:1308H         LINE#         1664
  C:130DH         LINE#         1665
  C:1312H         LINE#         1666
  C:1317H         LINE#         1669
  C:131CH         LINE#         1670
  C:1321H         LINE#         1671
  C:1326H         LINE#         1674
  C:132BH         LINE#         1675
  C:1330H         LINE#         1678
  C:1335H         LINE#         1679
  C:133AH         LINE#         1680
  C:133FH         LINE#         1681
  C:1344H         LINE#         1682
  C:1349H         LINE#         1683
  C:134EH         LINE#         1684
  C:1353H         LINE#         1685
  C:1358H         LINE#         1686
  C:135DH         LINE#         1687
  C:1362H         LINE#         1690
  C:1367H         LINE#         1691
  C:136CH         LINE#         1692
  C:1371H         LINE#         1693
  C:1376H         LINE#         1694
  C:137BH         LINE#         1695
  C:1380H         LINE#         1696
  C:1385H         LINE#         1697
  C:138AH         LINE#         1698
  C:138FH         LINE#         1699
  C:1394H         LINE#         1700
  C:1399H         LINE#         1701
  C:139EH         LINE#         1702
  C:13A3H         LINE#         1703
  C:13A8H         LINE#         1704
  C:13ADH         LINE#         1705
  C:13B2H         LINE#         1706
  C:13B7H         LINE#         1707
  C:13BCH         LINE#         1711
  C:13C1H         LINE#         1712
  C:13C6H         LINE#         1713
  C:13CBH         LINE#         1714
  C:13D0H         LINE#         1715
  C:13D5H         LINE#         1716
  C:13DAH         LINE#         1717
  C:13DFH         LINE#         1720
  C:13E4H         LINE#         1721
  C:13E9H         LINE#         1722
  C:13EEH         LINE#         1725
  C:13F3H         LINE#         1726
  C:13F8H         LINE#         1727
  C:13FCH         LINE#         1729
  C:1403H         LINE#         1730
  C:1408H         LINE#         1733
BL51 BANKED LINKER/LOCATER V6.22                                                      11/25/2021  14:57:50  PAGE 26


  C:140DH         LINE#         1734
  C:1412H         LINE#         1735
  C:1417H         LINE#         1736
  C:141CH         LINE#         1737
  C:1421H         LINE#         1738
  C:1426H         LINE#         1741
  C:142BH         LINE#         1742
  C:1430H         LINE#         1743
  C:1435H         LINE#         1744
  C:1438H         LINE#         1745
  C:143DH         LINE#         1748
  C:1442H         LINE#         1749
  C:1447H         LINE#         1754
  C:144CH         LINE#         1755
  C:1451H         LINE#         1759
  C:1458H         LINE#         1760
  C:145DH         LINE#         1761
  C:1461H         LINE#         1764
  C:1468H         LINE#         1765
  C:146DH         LINE#         1766
  C:1471H         LINE#         1767
  C:1474H         LINE#         1768
  C:1478H         LINE#         1772
  C:147FH         LINE#         1773
  C:1484H         LINE#         1774
  C:1489H         LINE#         1775
  C:148EH         LINE#         1776
  C:1493H         LINE#         1779
  C:149AH         LINE#         1780
  C:149FH         LINE#         1781
  C:14A3H         LINE#         1784
  -------         ENDPROC       LCD_INIT
  C:2E31H         SYMBOL        L?0459
  C:2E37H         SYMBOL        L?0460
  C:2E40H         SYMBOL        L?0461
  -------         PROC          L?0458
  -------         ENDPROC       L?0458
  C:2E31H         SYMBOL        L?0459
  C:2E37H         SYMBOL        L?0460
  C:2E40H         SYMBOL        L?0461
  -------         PROC          _?BLOCKWRITE
  p:0000H         SYMBOL        Xstart
  p:0002H         SYMBOL        Xend
  p:0004H         SYMBOL        Ystart
  p:0006H         SYMBOL        Yend
  C:2E4AH         LINE#         6623
  C:2E6BH         LINE#         6770
  C:2E72H         LINE#         6771
  C:2E79H         LINE#         6772
  C:2E81H         LINE#         6773
  C:2E8CH         LINE#         6774
  C:2E96H         LINE#         6776
  C:2E9BH         LINE#         6777
  C:2EA5H         LINE#         6779
  C:2EACH         LINE#         6780
  C:2EB6H         LINE#         6781
  C:2EBDH         LINE#         6787
BL51 BANKED LINKER/LOCATER V6.22                                                      11/25/2021  14:57:50  PAGE 27


  C:2EC2H         LINE#         6790
  C:2EC5H         LINE#         6795
  -------         ENDPROC       _?BLOCKWRITE
  -------         PROC          _DISPCOLOR
  D:0004H         SYMBOL        color
  -------         DO            
  X:0058H         SYMBOL        i
  D:0002H         SYMBOL        m
  X:005AH         SYMBOL        DataH
  X:005BH         SYMBOL        DataL
  -------         ENDDO         
  C:0046H         LINE#         6850
  C:0048H         LINE#         6851
  C:0048H         LINE#         6854
  C:004EH         LINE#         6856
  C:0051H         LINE#         6858
  C:0053H         LINE#         6859
  C:0059H         LINE#         6860
  C:0059H         LINE#         6861
  C:005CH         LINE#         6862
  C:005CH         LINE#         6863
  C:0066H         LINE#         6864
  C:0071H         LINE#         6865
  C:0087H         LINE#         6867
  C:0089H         LINE#         6868
  -------         ENDPROC       _DISPCOLOR
  -------         PROC          DISPFRAME
  -------         DO            
  D:0002H         SYMBOL        i
  X:0058H         SYMBOL        j
  D:0001H         SYMBOL        DataH
  D:0004H         SYMBOL        DataL
  -------         ENDDO         
  C:2CE4H         LINE#         6870
  C:2CE4H         LINE#         6871
  C:2CE4H         LINE#         6874
  C:2CE7H         LINE#         6876
  C:2CE9H         LINE#         6879
  C:2CEDH         LINE#         6880
  C:2CF3H         LINE#         6882
  C:2CF5H         LINE#         6883
  C:2CF5H         LINE#         6884
  C:2CF9H         LINE#         6885
  C:2D00H         LINE#         6886
  C:2D0BH         LINE#         6888
  C:2D0FH         LINE#         6889
  C:2D15H         LINE#         6891
  C:2D1BH         LINE#         6892
  C:2D1BH         LINE#         6893
  C:2D1FH         LINE#         6894
  C:2D25H         LINE#         6896
  C:2D28H         LINE#         6897
  C:2D28H         LINE#         6898
  C:2D2BH         LINE#         6899
  C:2D30H         LINE#         6900
  C:2D3BH         LINE#         6902
  C:2D3FH         LINE#         6903
BL51 BANKED LINKER/LOCATER V6.22                                                      11/25/2021  14:57:50  PAGE 28


  C:2D45H         LINE#         6905
  C:2D5BH         LINE#         6907
  C:2D5FH         LINE#         6908
  C:2D65H         LINE#         6910
  C:2D68H         LINE#         6911
  C:2D68H         LINE#         6912
  C:2D6CH         LINE#         6913
  C:2D73H         LINE#         6914
  C:2D7EH         LINE#         6916
  C:2D82H         LINE#         6917
  C:2D88H         LINE#         6919
  C:2D8BH         LINE#         6920
  C:2D8DH         LINE#         6921
  -------         ENDPROC       DISPFRAME
  -------         PROC          DISPBAND
  -------         DO            
  D:0002H         SYMBOL        i
  X:0058H         SYMBOL        j
  X:0059H         SYMBOL        k
  X:005AH         SYMBOL        m
  X:005BH         SYMBOL        n
  X:005CH         SYMBOL        x
  -------         ENDDO         
  C:1EEDH         LINE#         6923
  C:1EEDH         LINE#         6924
  C:1EEDH         LINE#         6927
  C:1EF6H         LINE#         6928
  C:1EFFH         LINE#         6929
  C:1F01H         LINE#         6931
  C:1F09H         LINE#         6932
  C:1F17H         LINE#         6933
  C:1F17H         LINE#         6934
  C:1F32H         LINE#         6935
  C:1F4DH         LINE#         6936
  C:1F79H         LINE#         6937
  C:1F80H         LINE#         6938
  C:1F8FH         LINE#         6939
  C:1F8FH         LINE#         6940
  C:1FAAH         LINE#         6941
  C:1FC5H         LINE#         6942
  C:1FF1H         LINE#         6943
  C:1FF8H         LINE#         6944
  C:200EH         LINE#         6945
  C:200EH         LINE#         6946
  C:2029H         LINE#         6947
  C:2044H         LINE#         6948
  C:2070H         LINE#         6949
  C:2077H         LINE#         6951
  C:2079H         LINE#         6952
  C:207CH         LINE#         6954
  -------         ENDPROC       DISPBAND
  -------         PROC          _DISPPIC
  D:0006H         SYMBOL        picture
  -------         DO            
  X:0014H         SYMBOL        p
  X:0017H         SYMBOL        n
  -------         ENDDO         
BL51 BANKED LINKER/LOCATER V6.22                                                      11/25/2021  14:57:50  PAGE 29


  C:366BH         LINE#         6957
  C:366BH         LINE#         6958
  C:366BH         LINE#         6961
  C:367AH         LINE#         6962
  C:367AH         LINE#         6963
  C:367AH         LINE#         6965
  C:368BH         LINE#         6967
  C:369EH         LINE#         6968
  C:369EH         LINE#         6969
  C:36BEH         LINE#         6970
  C:36CBH         LINE#         6972
  -------         ENDPROC       _DISPPIC
  -------         PROC          _DISPPICFROMSD
  X:0019H         SYMBOL        PicNum
  -------         DO            
  X:001AH         SYMBOL        Address_S
  X:001EH         SYMBOL        Address_E
  D:0002H         SYMBOL        i
  X:0022H         SYMBOL        k
  -------         ENDDO         
  C:2798H         LINE#         6976
  C:279BH         LINE#         6977
  C:279BH         LINE#         6983
  C:279EH         LINE#         6986
  C:27A0H         LINE#         6988
  C:27A2H         LINE#         6990
  C:27ABH         LINE#         6991
  C:27D6H         LINE#         6992
  C:27FFH         LINE#         6993
  C:2822H         LINE#         6994
  C:2822H         LINE#         6995
  C:2832H         LINE#         6997
  C:283BH         LINE#         6998
  C:283BH         LINE#         7000
  C:2856H         LINE#         7001
  C:285FH         LINE#         7002
  C:287EH         LINE#         7004
  C:2880H         LINE#         7042
  -------         ENDPROC       _DISPPICFROMSD
  -------         PROC          DISPSCALEHOR1
  -------         DO            
  X:0026H         SYMBOL        i
  X:0028H         SYMBOL        j
  D:0002H         SYMBOL        k
  -------         ENDDO         
  C:190FH         LINE#         7047
  C:190FH         LINE#         7048
  C:190FH         LINE#         7051
  C:1912H         LINE#         7054
  C:1914H         LINE#         7055
  C:1914H         LINE#         7056
  C:1936H         LINE#         7057
  C:193CH         LINE#         7058
  C:193CH         LINE#         7059
  C:1942H         LINE#         7060
  C:1942H         LINE#         7061
  C:1957H         LINE#         7062
BL51 BANKED LINKER/LOCATER V6.22                                                      11/25/2021  14:57:50  PAGE 30


  C:196DH         LINE#         7063
  C:1983H         LINE#         7065
  C:198EH         LINE#         7068
  C:1991H         LINE#         7069
  C:1991H         LINE#         7070
  C:19B3H         LINE#         7071
  C:19B9H         LINE#         7072
  C:19B9H         LINE#         7073
  C:19BFH         LINE#         7074
  C:19BFH         LINE#         7075
  C:19EAH         LINE#         7076
  C:1A00H         LINE#         7077
  C:1A16H         LINE#         7078
  C:1A24H         LINE#         7081
  C:1A27H         LINE#         7082
  C:1A27H         LINE#         7083
  C:1A49H         LINE#         7084
  C:1A4FH         LINE#         7085
  C:1A4FH         LINE#         7086
  C:1A55H         LINE#         7087
  C:1A55H         LINE#         7088
  C:1A5FH         LINE#         7089
  C:1A75H         LINE#         7090
  C:1A8BH         LINE#         7091
  C:1A96H         LINE#         7094
  C:1A99H         LINE#         7095
  C:1A99H         LINE#         7096
  C:1ABBH         LINE#         7097
  C:1AC1H         LINE#         7098
  C:1AC1H         LINE#         7099
  C:1AC7H         LINE#         7100
  C:1AC7H         LINE#         7101
  C:1AFAH         LINE#         7102
  C:1B10H         LINE#         7103
  C:1B26H         LINE#         7104
  C:1B34H         LINE#         7105
  C:1B36H         LINE#         7106
  -------         ENDPROC       DISPSCALEHOR1
  -------         PROC          DISPSCALEVER
  -------         DO            
  X:002AH         SYMBOL        i
  X:002CH         SYMBOL        j
  D:0002H         SYMBOL        k
  -------         ENDDO         
  C:2442H         LINE#         7108
  C:2442H         LINE#         7109
  C:2442H         LINE#         7178
  C:2445H         LINE#         7180
  C:244DH         LINE#         7181
  C:244DH         LINE#         7182
  C:2453H         LINE#         7183
  C:2453H         LINE#         7184
  C:2459H         LINE#         7185
  C:246FH         LINE#         7186
  C:2476H         LINE#         7188
  C:2479H         LINE#         7189
  C:2479H         LINE#         7191
BL51 BANKED LINKER/LOCATER V6.22                                                      11/25/2021  14:57:50  PAGE 31


  C:247FH         LINE#         7192
  C:247FH         LINE#         7194
  C:2485H         LINE#         7195
  C:2485H         LINE#         7196
  C:2497H         LINE#         7197
  C:24ADH         LINE#         7199
  C:24B3H         LINE#         7200
  C:24B3H         LINE#         7201
  C:24DBH         LINE#         7202
  C:24F1H         LINE#         7204
  C:24F7H         LINE#         7205
  C:24F7H         LINE#         7206
  C:24FEH         LINE#         7207
  C:2514H         LINE#         7209
  C:251AH         LINE#         7210
  C:251AH         LINE#         7211
  C:252EH         LINE#         7212
  C:2544H         LINE#         7214
  C:255DH         LINE#         7216
  C:256BH         LINE#         7218
  -------         ENDPROC       DISPSCALEVER
  -------         PROC          DISPSCALEVER_RED
  -------         DO            
  X:002EH         SYMBOL        i
  X:0030H         SYMBOL        j
  D:0002H         SYMBOL        k
  -------         ENDDO         
  C:2FFDH         LINE#         7220
  C:2FFDH         LINE#         7221
  C:2FFDH         LINE#         7224
  C:3000H         LINE#         7226
  C:3002H         LINE#         7228
  C:3004H         LINE#         7231
  C:300CH         LINE#         7232
  C:300CH         LINE#         7233
  C:3012H         LINE#         7234
  C:3012H         LINE#         7235
  C:3018H         LINE#         7236
  C:302EH         LINE#         7237
  C:3035H         LINE#         7239
  C:3038H         LINE#         7240
  C:3038H         LINE#         7241
  C:303EH         LINE#         7242
  C:303EH         LINE#         7244
  C:3044H         LINE#         7245
  C:3044H         LINE#         7246
  C:3056H         LINE#         7247
  C:306CH         LINE#         7248
  C:3082H         LINE#         7250
  C:308DH         LINE#         7252
  C:308FH         LINE#         7253
  -------         ENDPROC       DISPSCALEVER_RED
  -------         PROC          DISPSCALEVER_GREEN
  -------         DO            
  X:0032H         SYMBOL        i
  X:0034H         SYMBOL        j
  D:0002H         SYMBOL        k
BL51 BANKED LINKER/LOCATER V6.22                                                      11/25/2021  14:57:50  PAGE 32


  -------         ENDDO         
  C:2D8EH         LINE#         7255
  C:2D8EH         LINE#         7256
  C:2D8EH         LINE#         7259
  C:2D91H         LINE#         7261
  C:2D93H         LINE#         7262
  C:2D95H         LINE#         7265
  C:2D9DH         LINE#         7266
  C:2D9DH         LINE#         7267
  C:2DA3H         LINE#         7268
  C:2DA3H         LINE#         7269
  C:2DA9H         LINE#         7271
  C:2DBFH         LINE#         7272
  C:2DC6H         LINE#         7274
  C:2DC9H         LINE#         7275
  C:2DC9H         LINE#         7276
  C:2DCFH         LINE#         7277
  C:2DCFH         LINE#         7279
  C:2DD5H         LINE#         7280
  C:2DD5H         LINE#         7282
  C:2DF6H         LINE#         7283
  C:2E0CH         LINE#         7284
  C:2E22H         LINE#         7286
  C:2E2DH         LINE#         7288
  C:2E2FH         LINE#         7289
  -------         ENDPROC       DISPSCALEVER_GREEN
  -------         PROC          DISPSCALEVER_BLUE
  -------         DO            
  X:0036H         SYMBOL        i
  X:0038H         SYMBOL        j
  D:0002H         SYMBOL        k
  -------         ENDDO         
  C:323FH         LINE#         7291
  C:323FH         LINE#         7292
  C:323FH         LINE#         7295
  C:3242H         LINE#         7297
  C:3244H         LINE#         7298
  C:3246H         LINE#         7301
  C:324EH         LINE#         7302
  C:324EH         LINE#         7303
  C:3254H         LINE#         7304
  C:3254H         LINE#         7305
  C:325AH         LINE#         7306
  C:3270H         LINE#         7307
  C:3277H         LINE#         7309
  C:327AH         LINE#         7310
  C:327AH         LINE#         7311
  C:3280H         LINE#         7312
  C:3280H         LINE#         7314
  C:3286H         LINE#         7315
  C:3286H         LINE#         7316
  C:328DH         LINE#         7317
  C:32A3H         LINE#         7318
  C:32B9H         LINE#         7320
  C:32C4H         LINE#         7322
  C:32C6H         LINE#         7323
  -------         ENDPROC       DISPSCALEVER_BLUE
BL51 BANKED LINKER/LOCATER V6.22                                                      11/25/2021  14:57:50  PAGE 33


  -------         PROC          DISPSCALEVER_GRAY
  -------         DO            
  X:003AH         SYMBOL        i
  X:003CH         SYMBOL        j
  D:0002H         SYMBOL        k
  -------         ENDDO         
  C:3090H         LINE#         7325
  C:3090H         LINE#         7326
  C:3090H         LINE#         7329
  C:3093H         LINE#         7331
  C:3095H         LINE#         7336
  C:309DH         LINE#         7337
  C:309DH         LINE#         7338
  C:30A3H         LINE#         7339
  C:30A3H         LINE#         7340
  C:30A9H         LINE#         7342
  C:30BFH         LINE#         7343
  C:30C6H         LINE#         7345
  C:30C9H         LINE#         7346
  C:30C9H         LINE#         7347
  C:30CFH         LINE#         7348
  C:30CFH         LINE#         7350
  C:30D5H         LINE#         7351
  C:30D5H         LINE#         7352
  C:30E9H         LINE#         7353
  C:30FFH         LINE#         7354
  C:3115H         LINE#         7356
  C:3120H         LINE#         7358
  C:3122H         LINE#         7359
  -------         ENDPROC       DISPSCALEVER_GRAY
  -------         PROC          DISPGRAYHOR16
  -------         DO            
  X:0058H         SYMBOL        i
  D:0002H         SYMBOL        j
  X:005AH         SYMBOL        k
  -------         ENDDO         
  C:2ECCH         LINE#         7361
  C:2ECCH         LINE#         7362
  C:2ECCH         LINE#         7365
  C:2ECFH         LINE#         7367
  C:2ED1H         LINE#         7368
  C:2ED3H         LINE#         7370
  C:2ED9H         LINE#         7371
  C:2ED9H         LINE#         7372
  C:2EE2H         LINE#         7373
  C:2EE2H         LINE#         7374
  C:2EE8H         LINE#         7375
  C:2EEFH         LINE#         7377
  C:2EF2H         LINE#         7378
  C:2EF2H         LINE#         7379
  C:2EF8H         LINE#         7380
  C:2EF8H         LINE#         7381
  C:2F2AH         LINE#         7382
  C:2F40H         LINE#         7383
  C:2F4BH         LINE#         7384
  C:2F64H         LINE#         7386
  C:2F66H         LINE#         7387
BL51 BANKED LINKER/LOCATER V6.22                                                      11/25/2021  14:57:50  PAGE 34


  -------         ENDPROC       DISPGRAYHOR16
  -------         PROC          DISPGRAYHOR32
  -------         DO            
  X:003EH         SYMBOL        i
  D:0002H         SYMBOL        j
  X:0040H         SYMBOL        k
  -------         ENDDO         
  C:33CAH         LINE#         7389
  C:33CAH         LINE#         7390
  C:33CAH         LINE#         7393
  C:33CDH         LINE#         7395
  C:33CFH         LINE#         7397
  C:33D5H         LINE#         7398
  C:33D5H         LINE#         7399
  C:33D8H         LINE#         7400
  C:33D8H         LINE#         7401
  C:33DEH         LINE#         7402
  C:33E9H         LINE#         7404
  C:33ECH         LINE#         7405
  C:33ECH         LINE#         7406
  C:33F2H         LINE#         7407
  C:33F2H         LINE#         7408
  C:3406H         LINE#         7409
  C:341CH         LINE#         7410
  C:3427H         LINE#         7411
  C:343DH         LINE#         7413
  C:343FH         LINE#         7414
  -------         ENDPROC       DISPGRAYHOR32
  -------         PROC          DISPSCALEHOR2
  -------         DO            
  X:0042H         SYMBOL        j
  D:0002H         SYMBOL        k
  -------         ENDDO         
  C:1D31H         LINE#         7416
  C:1D31H         LINE#         7417
  C:1D31H         LINE#         7420
  C:1D34H         LINE#         7422
  C:1D36H         LINE#         7423
  C:1D36H         LINE#         7424
  C:1D3CH         LINE#         7425
  C:1D59H         LINE#         7426
  C:1D64H         LINE#         7427
  C:1D67H         LINE#         7428
  C:1D67H         LINE#         7429
  C:1D6DH         LINE#         7430
  C:1D8AH         LINE#         7431
  C:1D95H         LINE#         7432
  C:1D98H         LINE#         7433
  C:1D98H         LINE#         7434
  C:1D9EH         LINE#         7435
  C:1DBBH         LINE#         7436
  C:1DC6H         LINE#         7437
  C:1DC9H         LINE#         7438
  C:1DC9H         LINE#         7439
  C:1DCFH         LINE#         7440
  C:1DECH         LINE#         7441
  C:1DF7H         LINE#         7442
BL51 BANKED LINKER/LOCATER V6.22                                                      11/25/2021  14:57:50  PAGE 35


  C:1DFAH         LINE#         7443
  C:1DFAH         LINE#         7444
  C:1E00H         LINE#         7445
  C:1E1DH         LINE#         7446
[...]
  C:15FBH         LINE#         318
  C:15FBH         LINE#         319
  C:1600H         LINE#         320
  C:1603H         LINE#         321
  C:1612H         LINE#         322
  C:1612H         LINE#         323
  C:1627H         LINE#         324
  C:162CH         LINE#         325
  C:1634H         LINE#         326
  C:163EH         LINE#         327
  C:164CH         LINE#         328
  C:165AH         LINE#         329
  C:165CH         LINE#         331
  C:165CH         LINE#         332
  C:1661H         LINE#         333
  C:1664H         LINE#         334
  C:167CH         LINE#         335
  C:167CH         LINE#         336
  C:1695H         LINE#         337
  C:169AH         LINE#         338
  C:16A2H         LINE#         339
  C:16A9H         LINE#         340
  C:16AEH         LINE#         341
  C:16AEH         LINE#         342
  C:16C2H         LINE#         343
  C:16C2H         LINE#         344
  C:16C9H         LINE#         345
  C:16CEH         LINE#         346
  C:16CEH         LINE#         347
  C:16DCH         LINE#         348
  C:16DCH         LINE#         349
  -------         ENDPROC       USBXCORE_HANDLE_SETUP
  -------         PROC          USBXCORE_FORCE_STALL
  C:3BF0H         LINE#         356
  C:3BF0H         LINE#         358
  C:3BFBH         LINE#         359
  C:3C06H         LINE#         360
BL51 BANKED LINKER/LOCATER V6.22                                                      11/25/2021  14:57:50  PAGE 45


  C:3C0CH         LINE#         361
  -------         ENDPROC       USBXCORE_FORCE_STALL
  -------         PROC          USBXCORE_GET_STATUS
  C:3528H         LINE#         367
  C:3528H         LINE#         369
  C:3537H         LINE#         370
  C:3537H         LINE#         371
  C:3537H         LINE#         372
  C:3537H         LINE#         373
  C:3537H         LINE#         374
  C:3539H         LINE#         375
  C:3539H         LINE#         379
  C:3539H         LINE#         381
  C:3547H         LINE#         385
  C:3547H         LINE#         386
  C:3547H         LINE#         387
  C:3547H         LINE#         388
  C:3549H         LINE#         390
  C:3549H         LINE#         392
  C:3557H         LINE#         396
  C:3557H         LINE#         397
  C:3564H         LINE#         398
  C:3564H         LINE#         399
  C:3566H         LINE#         401
  C:3566H         LINE#         402
  C:3574H         LINE#         403
  C:357DH         LINE#         404
  C:357DH         LINE#         405
  C:357DH         LINE#         406
  C:357FH         LINE#         407
  C:357FH         LINE#         408
  C:3582H         LINE#         409
  C:3582H         LINE#         410
  C:3582H         LINE#         411
  C:358AH         LINE#         412
  C:358AH         LINE#         413
  C:358DH         LINE#         414
  C:3593H         LINE#         415
  C:359AH         LINE#         416
  C:359AH         LINE#         417
  -------         ENDPROC       USBXCORE_GET_STATUS
  -------         PROC          USBXCORE_CLEAR_FEATURE
  C:3781H         LINE#         423
  C:3781H         LINE#         425
  C:3787H         LINE#         426
  C:3787H         LINE#         428
  C:378EH         LINE#         429
  C:378EH         LINE#         430
  C:3799H         LINE#         436
  C:37A4H         LINE#         437
  C:37A9H         LINE#         438
  C:37ABH         LINE#         440
  C:37ABH         LINE#         442
  C:37B6H         LINE#         446
  C:37C1H         LINE#         447
  C:37C6H         LINE#         448
  C:37C6H         LINE#         449
BL51 BANKED LINKER/LOCATER V6.22                                                      11/25/2021  14:57:50  PAGE 46


  C:37C8H         LINE#         451
  C:37C8H         LINE#         452
  C:37CBH         LINE#         453
  C:37CBH         LINE#         454
  C:37D6H         LINE#         455
  -------         ENDPROC       USBXCORE_CLEAR_FEATURE
  -------         PROC          USBXCORE_VENDOR_USB_API
  C:2881H         LINE#         462
  C:2881H         LINE#         464
  C:288BH         LINE#         465
  C:288BH         LINE#         466
  C:2892H         LINE#         467
  C:2892H         LINE#         468
  C:2895H         LINE#         469
  C:2898H         LINE#         470
  C:289AH         LINE#         472
  C:289AH         LINE#         473
  C:28A1H         LINE#         474
  C:28A1H         LINE#         477
  C:28ACH         LINE#         482
  C:28B7H         LINE#         483
  C:28C2H         LINE#         485
  C:28C2H         LINE#         486
  C:28D5H         LINE#         487
  C:28D5H         LINE#         488
  C:28D9H         LINE#         489
  C:28E4H         LINE#         491
  C:28E4H         LINE#         492
  C:28F7H         LINE#         493
  C:28F7H         LINE#         494
  C:28FBH         LINE#         495
  C:2906H         LINE#         497
  C:290CH         LINE#         498
  C:2914H         LINE#         499
  C:2914H         LINE#         500
  C:2917H         LINE#         501
  C:2917H         LINE#         502
  C:2917H         LINE#         503
  C:2922H         LINE#         504
  C:2922H         LINE#         505
  C:2928H         LINE#         506
  C:292FH         LINE#         507
  C:292FH         LINE#         508
  C:2933H         LINE#         509
  C:2933H         LINE#         510
  C:2939H         LINE#         511
  C:2940H         LINE#         512
  C:2940H         LINE#         513
  C:294BH         LINE#         514
  -------         ENDPROC       USBXCORE_VENDOR_USB_API
  -------         PROC          USBXCORE_SET_FEATURE
  C:37D9H         LINE#         521
  C:37D9H         LINE#         523
  C:37DFH         LINE#         524
  C:37DFH         LINE#         526
  C:37E6H         LINE#         527
  C:37E6H         LINE#         528
BL51 BANKED LINKER/LOCATER V6.22                                                      11/25/2021  14:57:50  PAGE 47


  C:37F1H         LINE#         534
  C:37FCH         LINE#         535
  C:37FFH         LINE#         536
  C:3801H         LINE#         538
  C:3801H         LINE#         540
  C:380CH         LINE#         544
  C:3817H         LINE#         545
  C:381DH         LINE#         546
  C:381DH         LINE#         548
  C:381FH         LINE#         550
  C:381FH         LINE#         551
  C:3822H         LINE#         552
  C:3822H         LINE#         553
  C:382DH         LINE#         554
  -------         ENDPROC       USBXCORE_SET_FEATURE
  -------         PROC          USBXCORE_SET_ADDRESS
  C:3BB1H         LINE#         561
  C:3BB1H         LINE#         563
  C:3BC0H         LINE#         564
  C:3BC6H         LINE#         565
  C:3BC6H         LINE#         566
  C:3BC9H         LINE#         567
  C:3BCBH         LINE#         569
  C:3BCBH         LINE#         570
  C:3BCEH         LINE#         571
  C:3BCEH         LINE#         572
  -------         ENDPROC       USBXCORE_SET_ADDRESS
  -------         PROC          USBXCORE_GET_DESCRIPTOR
  C:2B83H         LINE#         579
  C:2B83H         LINE#         580
  C:2B92H         LINE#         581
  C:2B92H         LINE#         582
  C:2B92H         LINE#         583
  C:2BA0H         LINE#         584
  C:2BA4H         LINE#         585
  C:2BA6H         LINE#         586
  C:2BA6H         LINE#         587
  C:2BB4H         LINE#         588
  C:2BC7H         LINE#         589
  C:2BC9H         LINE#         590
  C:2BC9H         LINE#         591
  C:2BEDH         LINE#         592
  C:2BF9H         LINE#         593
  C:2BFBH         LINE#         594
  C:2BFBH         LINE#         595
  C:2BFEH         LINE#         596
  C:2BFEH         LINE#         597
  C:2BFEH         LINE#         598
  C:2C14H         LINE#         599
  C:2C14H         LINE#         600
  C:2C1CH         LINE#         601
  C:2C1CH         LINE#         602
  C:2C24H         LINE#         603
  C:2C24H         LINE#         604
  C:2C27H         LINE#         605
  C:2C2DH         LINE#         606
  C:2C34H         LINE#         607
BL51 BANKED LINKER/LOCATER V6.22                                                      11/25/2021  14:57:50  PAGE 48


  C:2C34H         LINE#         608
  -------         ENDPROC       USBXCORE_GET_DESCRIPTOR
  -------         PROC          USBXCORE_GET_CONFIGURATION
  C:396FH         LINE#         614
  C:396FH         LINE#         616
  C:3977H         LINE#         617
  C:3977H         LINE#         618
  C:3983H         LINE#         619
  C:398BH         LINE#         620
  C:398BH         LINE#         621
  C:398FH         LINE#         622
  C:398FH         LINE#         623
  C:399DH         LINE#         624
  C:39A5H         LINE#         625
  C:39A5H         LINE#         626
  C:39A8H         LINE#         627
  C:39AEH         LINE#         628
  C:39B5H         LINE#         629
  -------         ENDPROC       USBXCORE_GET_CONFIGURATION
  -------         PROC          USBXCORE_SET_CONFIGURATION
  C:3727H         LINE#         635
  C:3727H         LINE#         637
  C:3730H         LINE#         638
  C:3730H         LINE#         639
  C:3737H         LINE#         640
  C:373DH         LINE#         641
  C:3742H         LINE#         642
  C:3744H         LINE#         644
  C:374FH         LINE#         645
  C:375AH         LINE#         646
  C:3765H         LINE#         653
  C:3770H         LINE#         654
  C:3772H         LINE#         656
  C:3772H         LINE#         657
  C:3778H         LINE#         658
  C:377CH         LINE#         659
  C:377EH         LINE#         660
  C:377EH         LINE#         661
  -------         ENDPROC       USBXCORE_SET_CONFIGURATION
  -------         PROC          USBXCORE_GET_INTERFACE
  C:3B42H         LINE#         668
  C:3B42H         LINE#         670
  C:3B50H         LINE#         671
  C:3B58H         LINE#         672
  C:3B5BH         LINE#         673
  C:3B61H         LINE#         674
  C:3B68H         LINE#         675
  -------         ENDPROC       USBXCORE_GET_INTERFACE
  -------         PROC          USBXCORE_SET_SOP
  C:3C52H         LINE#         682
  C:3C52H         LINE#         684
  C:3C5AH         LINE#         685
  C:3C5AH         LINE#         686
  C:3C65H         LINE#         687
  C:3C65H         LINE#         688
  -------         ENDPROC       USBXCORE_SET_SOP
  -------         PROC          USBXCORE_USB_ISR
BL51 BANKED LINKER/LOCATER V6.22                                                      11/25/2021  14:57:50  PAGE 49


  C:207DH         LINE#         699
  C:209AH         LINE#         702
  C:20A0H         LINE#         703
  C:20B3H         LINE#         706
  C:20C6H         LINE#         709
  C:20CAH         LINE#         710
  C:20CAH         LINE#         711
  C:20D5H         LINE#         712
  C:20D5H         LINE#         714
  C:20DCH         LINE#         715
  C:20DCH         LINE#         716
  C:20DFH         LINE#         717
  C:20DFH         LINE#         719
  C:20E6H         LINE#         720
  C:20E6H         LINE#         721
  C:20F3H         LINE#         722
  C:20F3H         LINE#         723
  C:20FAH         LINE#         724
  C:20FAH         LINE#         725
  C:20FAH         LINE#         727
  C:20FAH         LINE#         728
  C:20FAH         LINE#         730
  C:20FAH         LINE#         732
  C:210DH         LINE#         734
  C:2111H         LINE#         735
  C:2111H         LINE#         736
  C:2114H         LINE#         737
  C:2114H         LINE#         740
  C:211BH         LINE#         741
  C:211BH         LINE#         742
  C:2126H         LINE#         748
  C:2139H         LINE#         749
  C:213EH         LINE#         750
  C:213EH         LINE#         751
  C:2145H         LINE#         752
  C:2145H         LINE#         754
  C:2145H         LINE#         756
  C:2158H         LINE#         759
  C:215CH         LINE#         760
  C:215CH         LINE#         761
  C:2167H         LINE#         767
  C:217AH         LINE#         768
  C:217EH         LINE#         769
  C:217EH         LINE#         770
  C:2185H         LINE#         771
  C:2185H         LINE#         772
  C:2185H         LINE#         775
  C:2193H         LINE#         776
  C:2198H         LINE#         777
  C:219EH         LINE#         778
  C:21A3H         LINE#         781
  C:21B0H         LINE#         782
  C:21B0H         LINE#         783
  C:21B3H         LINE#         784
  C:21B3H         LINE#         785
  -------         ENDPROC       USBXCORE_USB_ISR
  -------         ENDMOD        USB_API
BL51 BANKED LINKER/LOCATER V6.22                                                      11/25/2021  14:57:50  PAGE 50



  -------         MODULE        USB_SUSPEND
  C:0000H         SYMBOL        _ICE_DUMMY_
  D:00D7H         PUBLIC        USB0XCN
  D:00C9H         PUBLIC        REG0CN
  C:3AF0H         PUBLIC        USB_Suspend
  D:00A9H         PUBLIC        CLKSEL
  D:00B2H         PUBLIC        OSCICN
  D:00B9H         PUBLIC        CLKMUL
  -------         PROC          USB_SUSPEND
  C:3AF0H         LINE#         70
  C:3AF0H         LINE#         72
  C:3AF3H         LINE#         74
  C:3AF6H         LINE#         76
  C:3AFEH         LINE#         79
  C:3B01H         LINE#         80
  C:3B04H         LINE#         81
  C:3B07H         LINE#         82
  C:3B0AH         LINE#         84
  C:3B0BH         LINE#         86
  C:3B0EH         LINE#         88
  C:3B14H         LINE#         92
  C:3B17H         LINE#         94
  C:3B1AH         LINE#         95
  -------         ENDPROC       USB_SUSPEND
  -------         ENDMOD        USB_SUSPEND

  -------         MODULE        USB_INT_ENABLE
  C:0000H         SYMBOL        _ICE_DUMMY_
  C:3C0DH         PUBLIC        USB_Int_Enable
  D:0096H         PUBLIC        USB0ADR
  D:0097H         PUBLIC        USB0DAT
  -------         PROC          USB_INT_ENABLE
  C:3C0DH         LINE#         68
  C:3C0DH         LINE#         71
  C:3C14H         LINE#         73
  C:3C1AH         LINE#         74
  C:3C1AH         LINE#         75
  C:3C25H         LINE#         77
  C:3C25H         LINE#         78
  -------         ENDPROC       USB_INT_ENABLE
  -------         ENDMOD        USB_INT_ENABLE

  -------         MODULE        USB_CLOCK_RECOVERY
  C:0000H         SYMBOL        _ICE_DUMMY_
  C:3C98H         PUBLIC        USBXcore_ClkRec
  D:0096H         PUBLIC        USB0ADR
  D:0097H         PUBLIC        USB0DAT
  -------         PROC          USBXCORE_CLKREC
  C:3C98H         LINE#         45
  C:3C98H         LINE#         47
  C:3CA3H         LINE#         48
  -------         ENDPROC       USBXCORE_CLKREC
  -------         ENDMOD        USB_CLOCK_RECOVERY

  -------         MODULE        ?C?FPMUL
  C:0C9AH         PUBLIC        ?C?FPMUL
BL51 BANKED LINKER/LOCATER V6.22                                                      11/25/2021  14:57:50  PAGE 51


  -------         ENDMOD        ?C?FPMUL

  -------         MODULE        ?C?FCAST
  C:0DAAH         PUBLIC        ?C?FCASTC
  C:0DA5H         PUBLIC        ?C?FCASTI
  C:0DA0H         PUBLIC        ?C?FCASTL
  -------         ENDMOD        ?C?FCAST

  -------         MODULE        ?C?CASTF
  C:0DDEH         PUBLIC        ?C?CASTF
  -------         ENDMOD        ?C?CASTF

  -------         MODULE        ?C?COPY
  C:0F2FH         PUBLIC        ?C?COPY
  -------         ENDMOD        ?C?COPY

  -------         MODULE        ?C?CLDPTR
  C:0F55H         PUBLIC        ?C?CLDPTR
  -------         ENDMOD        ?C?CLDPTR

  -------         MODULE        ?C?CLDOPTR
  C:0F6EH         PUBLIC        ?C?CLDOPTR
  -------         ENDMOD        ?C?CLDOPTR

  -------         MODULE        ?C?IMUL
  C:0F9BH         PUBLIC        ?C?IMUL
  -------         ENDMOD        ?C?IMUL

  -------         MODULE        ?C?IILDX
  C:0FADH         PUBLIC        ?C?IILDX
  -------         ENDMOD        ?C?IILDX

  -------         MODULE        ?C?ILDOPTR
  C:0FC3H         PUBLIC        ?C?ILDOPTR
  -------         ENDMOD        ?C?ILDOPTR

  -------         MODULE        ?C?LMUL
  C:0FFBH         PUBLIC        ?C?LMUL
  -------         ENDMOD        ?C?LMUL

  -------         MODULE        ?C?ULDIV
  C:1086H         PUBLIC        ?C?ULDIV
  -------         ENDMOD        ?C?ULDIV

  -------         MODULE        ?C?LNEG
  C:1118H         PUBLIC        ?C?LNEG
  -------         ENDMOD        ?C?LNEG

  -------         MODULE        ?C?ULCMP
  C:1126H         PUBLIC        ?C?ULCMP
  -------         ENDMOD        ?C?ULCMP

  -------         MODULE        ?C?ULSHR
  C:1137H         PUBLIC        ?C?ULSHR
  -------         ENDMOD        ?C?ULSHR

  -------         MODULE        ?C?LSHL
BL51 BANKED LINKER/LOCATER V6.22                                                      11/25/2021  14:57:50  PAGE 52


  C:114AH         PUBLIC        ?C?LSHL
  -------         ENDMOD        ?C?LSHL

  -------         MODULE        ?C?LLDIPDATA
  C:1166H         PUBLIC        ?C?LLDIPDATA
  C:115DH         PUBLIC        ?C?LLDIPDATA1
  C:115FH         PUBLIC        ?C?LLDIPDATA8
  -------         ENDMOD        ?C?LLDIPDATA

  -------         MODULE        ?C?LSTXDATA
  C:117DH         PUBLIC        ?C?LSTXDATA
  -------         ENDMOD        ?C?LSTXDATA

  -------         MODULE        ?C?LSTPDATA
  C:1189H         PUBLIC        ?C?LSTPDATA
  -------         ENDMOD        ?C?LSTPDATA

  -------         MODULE        ?C?LSTKXDATA
  C:1195H         PUBLIC        ?C?LSTKXDATA
  -------         ENDMOD        ?C?LSTKXDATA

  -------         MODULE        ?C?LSTKPDATA
  C:11C6H         PUBLIC        ?C?LSTKPDATA
  -------         ENDMOD        ?C?LSTKPDATA

  -------         MODULE        ?C_PBP
  D:0008H         PUBLIC        ?C_PBP
  -------         ENDMOD        ?C_PBP

*** WARNING L14: INCOMPATIBLE MEMORY MODEL
    MODULE:  .\USBX_F34X.LIB (USB_API)
    MODEL:   SMALL

*** WARNING L14: INCOMPATIBLE MEMORY MODEL
    MODULE:  .\USBX_F34X.LIB (USB_SUSPEND)
    MODEL:   SMALL

*** WARNING L14: INCOMPATIBLE MEMORY MODEL
    MODULE:  .\USBX_F34X.LIB (USB_INT_ENABLE)
    MODEL:   SMALL

*** WARNING L14: INCOMPATIBLE MEMORY MODEL
    MODULE:  .\USBX_F34X.LIB (USB_CLOCK_RECOVERY)
    MODEL:   SMALL

*** WARNING L16: UNCALLED SEGMENT, IGNORED FOR OVERLAY PROCESS
    SEGMENT: ?PR?SD_INIT?MMC_SD

*** WARNING L16: UNCALLED SEGMENT, IGNORED FOR OVERLAY PROCESS
    SEGMENT: ?PR?_DISPPIC?LCD

*** WARNING L16: UNCALLED SEGMENT, IGNORED FOR OVERLAY PROCESS
    SEGMENT: ?PR?_DISPPICFROMSD?LCD

*** WARNING L16: UNCALLED SEGMENT, IGNORED FOR OVERLAY PROCESS
    SEGMENT: ?PR?DISPSCALEHOR1?LCD

BL51 BANKED LINKER/LOCATER V6.22                                                      11/25/2021  14:57:50  PAGE 53


*** WARNING L16: UNCALLED SEGMENT, IGNORED FOR OVERLAY PROCESS
    SEGMENT: ?PR?DISPSCALEVER?LCD

*** WARNING L16: UNCALLED SEGMENT, IGNORED FOR OVERLAY PROCESS
    SEGMENT: ?PR?DISPSCALEVER_RED?LCD

*** WARNING L16: UNCALLED SEGMENT, IGNORED FOR OVERLAY PROCESS
    SEGMENT: ?PR?DISPSCALEVER_GREEN?LCD

*** WARNING L16: UNCALLED SEGMENT, IGNORED FOR OVERLAY PROCESS
    SEGMENT: ?PR?DISPSCALEVER_BLUE?LCD

*** WARNING L16: UNCALLED SEGMENT, IGNORED FOR OVERLAY PROCESS
    SEGMENT: ?PR?DISPSCALEVER_GRAY?LCD

*** WARNING L16: UNCALLED SEGMENT, IGNORED FOR OVERLAY PROCESS
    SEGMENT: ?PR?DISPGRAYHOR32?LCD

*** WARNING L16: UNCALLED SEGMENT, IGNORED FOR OVERLAY PROCESS
    SEGMENT: ?PR?DISPSCALEHOR2?LCD

*** WARNING L16: UNCALLED SEGMENT, IGNORED FOR OVERLAY PROCESS
    SEGMENT: ?PR?_DRAWGIRD?LCD

*** WARNING L15: MULTIPLE CALL TO SEGMENT
    SEGMENT: ?PR?_WRITECOMM?LCD
    CALLER1: ?PR?USB_API_TEST_ISR?MAIN
    CALLER2: ?C_C51STARTUP

*** WARNING L15: MULTIPLE CALL TO SEGMENT
    SEGMENT: ?PR?_WRITEDATA?LCD
    CALLER1: ?PR?USB_API_TEST_ISR?MAIN
    CALLER2: ?C_C51STARTUP

Program Size: data=10.0 xdata=1217 code=15548
LINK/LOCATE RUN COMPLETE.  18 WARNING(S),  0 ERROR(S)
