BL51 BANKED LINKER/LOCATER V6.22                                                        11/25/2021  09:36:09  PAGE 1


BL51 BANKED LINKER/LOCATER V6.22, INVOKED BY:
D:\KEIL C51\C51\BIN\BL51.EXE main.obj, mmc_sd.obj, lcd.obj, tp.obj, .\USBX_F34X.LIB TO JD9851_CTC28_ZT_16BIT RAMSIZE (25
>> 6)


MEMORY MODEL: COMPACT WITH FLOATING POINT ARITHMETIC


INPUT MODULES INCLUDED:
  main.obj (MAIN)
  mmc_sd.obj (MMC_SD)
  lcd.obj (LCD)
  tp.obj (TP)
  .\USBX_F34X.LIB (USB_API)
  .\USBX_F34X.LIB (USB_CLOCK_START)
  .\USBX_F34X.LIB (USB_SUSPEND)
  .\USBX_F34X.LIB (GET_INTERRUPT_SOURCE)
  .\USBX_F34X.LIB (BLOCK_READ)
  .\USBX_F34X.LIB (BLOCK_WRITE)
  .\USBX_F34X.LIB (USB_INT_ENABLE)
  .\USBX_F34X.LIB (USB_CLOCK_RECOVERY)
  .\USBX_F34X.LIB (USB_JUMP_ISR)
  D:\KEIL C51\C51\LIB\C51FPC.LIB (?C?FPMUL)
  D:\KEIL C51\C51\LIB\C51FPC.LIB (?C?FCAST)
  D:\KEIL C51\C51\LIB\C51FPC.LIB (?C?CASTF)
  D:\KEIL C51\C51\LIB\C51FPC.LIB (?C?FPGETOPN)
  D:\KEIL C51\C51\LIB\C51C.LIB (?C_STARTUP)
  D:\KEIL C51\C51\LIB\C51C.LIB (?C?COPY)
  D:\KEIL C51\C51\LIB\C51C.LIB (?C?CLDPTR)
  D:\KEIL C51\C51\LIB\C51C.LIB (?C?CLDOPTR)
  D:\KEIL C51\C51\LIB\C51C.LIB (?C?IMUL)
  D:\KEIL C51\C51\LIB\C51C.LIB (?C?IILDX)
  D:\KEIL C51\C51\LIB\C51C.LIB (?C?ILDOPTR)
  D:\KEIL C51\C51\LIB\C51C.LIB (?C?LMUL)
  D:\KEIL C51\C51\LIB\C51C.LIB (?C?ULDIV)
  D:\KEIL C51\C51\LIB\C51C.LIB (?C?LNEG)
  D:\KEIL C51\C51\LIB\C51C.LIB (?C?ULCMP)
  D:\KEIL C51\C51\LIB\C51C.LIB (?C?ULSHR)
  D:\KEIL C51\C51\LIB\C51C.LIB (?C?LSHL)
  D:\KEIL C51\C51\LIB\C51C.LIB (?C?LLDIPDATA)
  D:\KEIL C51\C51\LIB\C51C.LIB (?C?LSTXDATA)
  D:\KEIL C51\C51\LIB\C51C.LIB (?C?LSTPDATA)
  D:\KEIL C51\C51\LIB\C51C.LIB (?C?LSTKXDATA)
  D:\KEIL C51\C51\LIB\C51C.LIB (?C?LSTKPDATA)
  D:\KEIL C51\C51\LIB\C51C.LIB (?C_PBP)
  D:\KEIL C51\C51\LIB\C51C.LIB (?C_INIT)


LINK MAP OF MODULE:  JD9851_CTC28_ZT_16BIT (MAIN)


            TYPE    BASE      LENGTH    RELOCATION   SEGMENT NAME
            -----------------------------------------------------

            * * * * * * *   D A T A   M E M O R Y   * * * * * * *
            REG     0000H     0008H     ABSOLUTE     "REG BANK 0"
            DATA    0008H     0001H     UNIT         ?C?LIB_DATA
            IDATA   0009H     0001H     UNIT         ?STACK
BL51 BANKED LINKER/LOCATER V6.22                                                      11/25/2021  09:36:09  PAGE 2



            * * * * * * *  X D A T A   M E M O R Y  * * * * * * *
            XDATA   0000H     0010H     INPAGE       ?PD?MAIN
            XDATA   0010H     0004H     INPAGE       ?PD?_MMC_SD_READSINGLEBLOCK?MMC_SD
            XDATA   0014H     0005H     INPAGE       ?PD?_DISPPIC?LCD
            XDATA   0019H     000DH     INPAGE       ?PD?_DISPPICFROMSD?LCD
            XDATA   0026H     0004H     INPAGE       ?PD?DISPSCALEHOR1?LCD
            XDATA   002AH     0004H     INPAGE       ?PD?DISPSCALEVER?LCD
            XDATA   002EH     0004H     INPAGE       ?PD?DISPSCALEVER_RED?LCD
            XDATA   0032H     0004H     INPAGE       ?PD?DISPSCALEVER_GREEN?LCD
            XDATA   0036H     0004H     INPAGE       ?PD?DISPSCALEVER_BLUE?LCD
            XDATA   003AH     0004H     INPAGE       ?PD?DISPSCALEVER_GRAY?LCD
            XDATA   003EH     0004H     INPAGE       ?PD?DISPGRAYHOR32?LCD
            XDATA   0042H     0002H     INPAGE       ?PD?DISPSCALEHOR2?LCD
            XDATA   0044H     000CH     INPAGE       ?PD?_DRAWLINE?LCD
            XDATA   0050H     0004H     INPAGE       ?PD?_DRAWGIRD?LCD
            XDATA   0054H     0002H     INPAGE       ?PD?LCD
            XDATA   0056H     0026H     INPAGE       _PDATA_GROUP_
            XDATA   007CH     0200H     UNIT         ?XD?MMC_SD
            XDATA   027CH     0058H     UNIT         _XDATA_GROUP_
            XDATA   02D4H     0040H     UNIT         ?XD?MAIN
                    0314H     032CH                  *** GAP ***
            XDATA   0640H     0100H     ABSOLUTE     
            XDATA   0740H     0012H     ABSOLUTE     
            XDATA   0752H     0020H     ABSOLUTE     
            XDATA   0772H     000CH     ABSOLUTE     
            XDATA   077EH     0008H     ABSOLUTE     
            XDATA   0786H     0001H     ABSOLUTE     
            XDATA   0787H     0003H     ABSOLUTE     
            XDATA   078AH     0002H     ABSOLUTE     
            XDATA   078CH     0002H     ABSOLUTE     
            XDATA   078EH     0003H     ABSOLUTE     
            XDATA   0791H     0001H     ABSOLUTE     
            XDATA   0792H     0001H     ABSOLUTE     
            XDATA   0793H     0001H     ABSOLUTE     
            XDATA   0794H     0001H     ABSOLUTE     
            XDATA   0795H     0002H     ABSOLUTE     
            XDATA   0797H     0002H     ABSOLUTE     
            XDATA   0799H     0001H     ABSOLUTE     
            XDATA   079AH     0001H     ABSOLUTE     
            XDATA   079BH     0001H     ABSOLUTE     
            XDATA   079CH     0001H     ABSOLUTE     
            XDATA   079DH     0001H     ABSOLUTE     
            XDATA   079EH     0001H     ABSOLUTE     
            XDATA   079FH     0002H     ABSOLUTE     
            XDATA   07A1H     0001H     ABSOLUTE     
            XDATA   07A2H     0001H     ABSOLUTE     
            XDATA   07A3H     000CH     ABSOLUTE     
                    07AFH     0011H                  *** GAP ***
            XDATA   07C0H     0040H     ABSOLUTE     

            * * * * * * *   C O D E   M E M O R Y   * * * * * * *
            CODE    0000H     0003H     ABSOLUTE     
            CODE    0003H     003AH     UNIT         ?CO?USB_API
            CODE    003DH     0003H     UNIT         ?PR?SUSPEND_DEVICE?MAIN
                    0040H     0003H                  *** GAP ***
            CODE    0043H     0003H     ABSOLUTE     
BL51 BANKED LINKER/LOCATER V6.22                                                      11/25/2021  09:36:09  PAGE 3


            CODE    0046H     0044H     UNIT         ?PR?_DISPCOLOR?LCD
                    008AH     0001H                  *** GAP ***
            CODE    008BH     0003H     ABSOLUTE     
            CODE    008EH     060CH     UNIT         ?PR?CONNTOUSB?MAIN
            CODE    069AH     0600H     UNIT         ?CO?LCD
            CODE    0C9AH     0545H     UNIT         ?C?LIB_CODE
            CODE    11DFH     02A2H     UNIT         ?PR?LCD_INIT?LCD
            CODE    1481H     0233H     UNIT         ?PR?USBXCORE_HANDLE_SETUP?USB_API
            CODE    16B4H     0232H     UNIT         ?PR?_LCD_READ_IC_ID?LCD
            CODE    18E6H     0226H     UNIT         ?PR?DISPSCALEHOR1?LCD
            CODE    1B0CH     01FAH     UNIT         ?PR?TP_DRAWLINE?TP
            CODE    1D06H     01BAH     UNIT         ?PR?DISPSCALEHOR2?LCD
            CODE    1EC0H     018EH     UNIT         ?PR?DISPBAND?LCD
            CODE    204EH     0151H     UNIT         ?PR?USBXCORE_USB_ISR?USB_API
            CODE    219FH     013DH     UNIT         ?PR?USB_API_TEST_ISR?MAIN
            CODE    22DCH     0137H     UNIT         ?PR?_USB_INIT?USB_API
            CODE    2413H     0128H     UNIT         ?PR?DISPSCALEVER?LCD
            CODE    253BH     011BH     UNIT         ?PR?_TP_GETPOSITION?TP
            CODE    2656H     0111H     UNIT         ?PR?_BLOCK_WRITE?BLOCK_WRITE
            CODE    2767H     00E9H     UNIT         ?PR?_DISPPICFROMSD?LCD
            CODE    2850H     00CDH     UNIT         ?PR?USBXCORE_VENDOR_USB_API?USB_API
            CODE    291DH     00CBH     UNIT         ?PR?_DISPONECHAR?LCD
            CODE    29E8H     00B7H     UNIT         ?PR?MMC_SD_RESET?MMC_SD
            CODE    2A9FH     00B3H     UNIT         ?PR?_DISPINT?LCD
            CODE    2B52H     00B2H     UNIT         ?PR?USBXCORE_GET_DESCRIPTOR?USB_API
            CODE    2C04H     00AFH     UNIT         ?PR?_BLOCK_READ?BLOCK_READ
            CODE    2CB3H     00A4H     UNIT         ?PR?DISPFRAME?LCD
            CODE    2D57H     00A0H     UNIT         ?PR?DISPSCALEVER_GREEN?LCD
            CODE    2DF7H     009CH     UNIT         ?PR?_?BLOCKWRITE?LCD
            CODE    2E93H     009BH     UNIT         ?PR?DISPGRAYHOR16?LCD
            CODE    2F2EH     0096H     UNIT         ?PR?_DISPSTR?LCD
            CODE    2FC4H     0091H     UNIT         ?PR?DISPSCALEVER_RED?LCD
            CODE    3055H     0091H     UNIT         ?PR?DISPSCALEVER_GRAY?LCD
            CODE    30E6H     0090H     UNIT         ?PR?_DRAWGIRD?LCD
            CODE    3176H     008CH     UNIT         ?C_C51STARTUP
            CODE    3202H     0086H     UNIT         ?PR?DISPSCALEVER_BLUE?LCD
            CODE    3288H     0086H     UNIT         ?PR?_DRAWLINE?LCD
            CODE    330EH     007DH     UNIT         ?PR?_MMC_SD_WRITESINGLEBLOCK?MMC_SD
            CODE    338BH     0076H     UNIT         ?PR?DISPGRAYHOR32?LCD
            CODE    3401H     0075H     UNIT         ?PR?_MMC_SD_SENDCOMMAND?MMC_SD
            CODE    3476H     0073H     UNIT         ?PR?TP_READ?TP
            CODE    34E9H     0073H     UNIT         ?PR?USBXCORE_GET_STATUS?USB_API
            CODE    355CH     006CH     UNIT         ?PR?DEVICES_INIT?MAIN
            CODE    35C8H     0064H     UNIT         ?PR?_MMC_SD_READSINGLEBLOCK?MMC_SD
            CODE    362CH     0061H     UNIT         ?PR?_DISPPIC?LCD
            CODE    368DH     005BH     UNIT         ?PR?_TOORD?LCD
            CODE    36E8H     005AH     UNIT         ?PR?USBXCORE_SET_CONFIGURATION?USB_API
            CODE    3742H     0058H     UNIT         ?PR?USBXCORE_CLEAR_FEATURE?USB_API
            CODE    379AH     0057H     UNIT         ?PR?USBXCORE_SET_FEATURE?USB_API
            CODE    37F1H     0055H     UNIT         ?PR?_STOPDELAY?MAIN
            CODE    3846H     0052H     UNIT         ?PR?_PUTPIXEL?LCD
            CODE    3898H     0050H     UNIT         ?CO?MAIN
            CODE    38E8H     0047H     UNIT         ?PR?USBXCORE_GET_CONFIGURATION?USB_API
            CODE    392FH     0043H     UNIT         ?PR?MCU_INIT?MAIN
            CODE    3972H     0038H     UNIT         ?PR?USB_CLOCK_START?USB_CLOCK_START
            CODE    39AAH     0030H     UNIT         ?PR?MAIN?MAIN
            CODE    39DAH     002DH     UNIT         ?C_INITSEG
BL51 BANKED LINKER/LOCATER V6.22                                                      11/25/2021  09:36:09  PAGE 4


            CODE    3A07H     002BH     UNIT         ?PR?USB_SUSPEND?USB_SUSPEND
            CODE    3A32H     0028H     UNIT         ?PR?_WRITEDISPDATA?LCD
            CODE    3A5AH     0027H     UNIT         ?PR?USBXCORE_USB_RESET?USB_API
            CODE    3A81H     0027H     UNIT         ?PR?USBXCORE_GET_INTERFACE?USB_API
            CODE    3AA8H     0026H     UNIT         ?PR?_TP_WRITE?TP
            CODE    3ACEH     0022H     UNIT         ?PR?USBXCORE_JUMP_ISR?USB_JUMP_ISR
            CODE    3AF0H     0020H     UNIT         ?PR?USBXCORE_SET_ADDRESS?USB_API
            CODE    3B10H     001FH     UNIT         ?PR?_DELAY?MAIN
            CODE    3B2FH     001FH     UNIT         ?PR?_WRITEDATA?LCD
            CODE    3B4EH     001DH     UNIT         ?PR?USBXCORE_FORCE_STALL?USB_API
            CODE    3B6BH     001BH     UNIT         ?PR?_WRITECOMM?LCD
            CODE    3B86H     0019H     UNIT         ?PR?USB_INT_ENABLE?USB_INT_ENABLE
            CODE    3B9FH     0016H     UNIT         ?PR?_SPI_WRITEBYTE?MMC_SD
            CODE    3BB5H     0016H     UNIT         ?PR?READDATA?LCD
            CODE    3BCBH     0014H     UNIT         ?PR?USBXCORE_SET_SOP?USB_API
            CODE    3BDFH     0013H     UNIT         ?PR?WAITKEY?MAIN
            CODE    3BF2H     0011H     UNIT         ?PR?SD_INIT?MMC_SD
            CODE    3C03H     000EH     UNIT         ?PR?GET_INTERRUPT_SOURCE?GET_INTERRUPT_SOURCE
            CODE    3C11H     000CH     UNIT         ?PR?USBXCORE_CLKREC?USB_CLOCK_RECOVERY
            CODE    3C1DH     000BH     UNIT         ?PR?SPI_READBYTE?MMC_SD
            CODE    3C28H     0009H     UNIT         ?PR?_WRITEONEDOT?LCD
            CODE    3C31H     0008H     UNIT         ?CO?TP



OVERLAY MAP OF MODULE:   JD9851_CTC28_ZT_16BIT (MAIN)


SEGMENT                                            PDATA_GROUP         XDATA_GROUP
  +--> CALLED SEGMENT                            START    LENGTH     START    LENGTH
------------------------------------------------------------------------------------
?PR?USB_API_TEST_ISR?MAIN                        0056H    0001H      -----    -----
  +--> ?PR?GET_INTERRUPT_SOURCE?GET_INTERRUP...
  +--> ?PR?_BLOCK_READ?BLOCK_READ
  +--> ?PR?SUSPEND_DEVICE?MAIN
  +--> ?PR?MCU_INIT?MAIN
  +--> ?PR?_?BLOCKWRITE?LCD

?PR?SUSPEND_DEVICE?MAIN                          -----    -----      -----    -----
  +--> ?PR?USB_SUSPEND?USB_SUSPEND

?PR?USB_SUSPEND?USB_SUSPEND                      -----    -----      -----    -----
  +--> ?PR?USB_CLOCK_START?USB_CLOCK_START

?PR?_?BLOCKWRITE?LCD                             -----    -----      -----    -----
  +--> ?PR?_WRITECOMM?LCD
  +--> ?PR?_WRITEDATA?LCD

?PR?_WRITECOMM?LCD                               007AH    0002H      -----    -----

?PR?_WRITEDATA?LCD                               007AH    0002H      -----    -----

*** NEW ROOT ***************************************************

?PR?USBXCORE_USB_ISR?USB_API                     -----    -----      -----    -----
  +--> ?PR?USBXCORE_USB_RESET?USB_API
  +--> ?PR?USBXCORE_HANDLE_SETUP?USB_API
BL51 BANKED LINKER/LOCATER V6.22                                                      11/25/2021  09:36:09  PAGE 5


  +--> ?PR?USBXCORE_JUMP_ISR?USB_JUMP_ISR

?PR?USBXCORE_HANDLE_SETUP?USB_API                -----    -----      -----    -----
  +--> ?PR?USBXCORE_GET_STATUS?USB_API
  +--> ?PR?USBXCORE_CLEAR_FEATURE?USB_API
  +--> ?PR?USBXCORE_VENDOR_USB_API?USB_API
  +--> ?PR?USBXCORE_SET_FEATURE?USB_API
  +--> ?PR?USBXCORE_SET_ADDRESS?USB_API
  +--> ?PR?USBXCORE_GET_DESCRIPTOR?USB_API
  +--> ?PR?USBXCORE_GET_CONFIGURATION?USB_API
  +--> ?PR?USBXCORE_SET_CONFIGURATION?USB_API
  +--> ?PR?USBXCORE_GET_INTERFACE?USB_API
  +--> ?PR?USBXCORE_SET_SOP?USB_API
  +--> ?PR?USBXCORE_FORCE_STALL?USB_API

?PR?USBXCORE_GET_STATUS?USB_API                  -----    -----      -----    -----
  +--> ?CO?USB_API
  +--> ?PR?USBXCORE_FORCE_STALL?USB_API
  +--> ?PR?USBXCORE_SET_SOP?USB_API

?PR?USBXCORE_CLEAR_FEATURE?USB_API               -----    -----      -----    -----
  +--> ?PR?USBXCORE_FORCE_STALL?USB_API
  +--> ?PR?USBXCORE_SET_SOP?USB_API

?PR?USBXCORE_VENDOR_USB_API?USB_API              -----    -----      -----    -----
  +--> ?PR?USBXCORE_SET_SOP?USB_API

?PR?USBXCORE_SET_FEATURE?USB_API                 -----    -----      -----    -----
  +--> ?PR?USBXCORE_FORCE_STALL?USB_API
  +--> ?PR?USBXCORE_SET_SOP?USB_API

?PR?USBXCORE_SET_ADDRESS?USB_API                 -----    -----      -----    -----
  +--> ?PR?USBXCORE_SET_SOP?USB_API

?PR?USBXCORE_GET_DESCRIPTOR?USB_API              -----    -----      -----    -----
  +--> ?PR?USBXCORE_FORCE_STALL?USB_API
  +--> ?PR?USBXCORE_SET_SOP?USB_API

?PR?USBXCORE_GET_CONFIGURATION?USB_API           -----    -----      -----    -----
  +--> ?CO?USB_API
  +--> ?PR?USBXCORE_SET_SOP?USB_API

?PR?USBXCORE_SET_CONFIGURATION?USB_API           -----    -----      -----    -----
  +--> ?PR?USBXCORE_SET_SOP?USB_API

?PR?USBXCORE_GET_INTERFACE?USB_API               -----    -----      -----    -----
  +--> ?CO?USB_API
  +--> ?PR?USBXCORE_SET_SOP?USB_API

*** NEW ROOT ***************************************************

?C_C51STARTUP                                    -----    -----      -----    -----
  +--> ?PR?MAIN?MAIN
  +--> ?C_INITSEG

?PR?MAIN?MAIN                                    -----    -----      -----    -----
  +--> ?PR?DEVICES_INIT?MAIN
BL51 BANKED LINKER/LOCATER V6.22                                                      11/25/2021  09:36:09  PAGE 6


  +--> ?PR?DISPFRAME?LCD
  +--> ?PR?_STOPDELAY?MAIN
  +--> ?PR?WAITKEY?MAIN
  +--> ?PR?DISPGRAYHOR16?LCD
  +--> ?PR?DISPBAND?LCD
  +--> ?PR?_DISPCOLOR?LCD
  +--> ?PR?TP_DRAWLINE?TP

?PR?DEVICES_INIT?MAIN                            -----    -----      -----    -----
  +--> ?PR?MCU_INIT?MAIN
  +--> ?PR?USB_CLOCK_START?USB_CLOCK_START
  +--> ?CO?MAIN
  +--> ?PR?_USB_INIT?USB_API
  +--> ?PR?USB_INT_ENABLE?USB_INT_ENABLE
  +--> ?PR?LCD_INIT?LCD

?PR?_USB_INIT?USB_API                            -----    -----      027CH    0011H
  +--> ?CO?USB_API
  +--> ?PR?USBXCORE_CLKREC?USB_CLOCK_RECOVERY

?PR?LCD_INIT?LCD                                 -----    -----      -----    -----
  +--> ?PR?READDATA?LCD
  +--> ?PR?_DELAY?MAIN
  +--> ?PR?_WRITECOMM?LCD
  +--> ?PR?_WRITEDATA?LCD

?PR?READDATA?LCD                                 -----    -----      -----    -----
  +--> ?PR?_LCD_READ_IC_ID?LCD

?PR?_LCD_READ_IC_ID?LCD                          0062H    0008H      -----    -----

?PR?DISPFRAME?LCD                                0059H    0002H      -----    -----
  +--> ?PR?_?BLOCKWRITE?LCD
  +--> ?PR?_WRITEDISPDATA?LCD

?PR?_WRITEDISPDATA?LCD                           007AH    0001H      -----    -----

?PR?_STOPDELAY?MAIN                              0059H    0004H      -----    -----
  +--> ?PR?WAITKEY?MAIN
  +--> ?PR?_DELAY?MAIN

?PR?WAITKEY?MAIN                                 -----    -----      -----    -----
  +--> ?PR?CONNTOUSB?MAIN
  +--> ?PR?_DELAY?MAIN

?PR?CONNTOUSB?MAIN                               005DH    0005H      027CH    0058H
  +--> ?CO?MAIN
  +--> ?PR?_WRITECOMM?LCD
  +--> ?PR?_WRITEDATA?LCD
  +--> ?PR?_DISPSTR?LCD
  +--> ?PR?_DISPINT?LCD
  +--> ?PR?_WRITEDISPDATA?LCD
  +--> ?PR?_MMC_SD_WRITESINGLEBLOCK?MMC_SD
  +--> ?PR?_BLOCK_WRITE?BLOCK_WRITE
  +--> ?PR?READDATA?LCD
  +--> ?PR?_DELAY?MAIN

BL51 BANKED LINKER/LOCATER V6.22                                                      11/25/2021  09:36:09  PAGE 7


?PR?_DISPSTR?LCD                                 0062H    000BH      -----    -----
  +--> ?PR?_TOORD?LCD
  +--> ?PR?_DISPONECHAR?LCD

?PR?_DISPONECHAR?LCD                             006DH    000DH      -----    -----
  +--> ?PR?_?BLOCKWRITE?LCD
  +--> ?CO?LCD
  +--> ?PR?_WRITEONEDOT?LCD

?PR?_WRITEONEDOT?LCD                             -----    -----      -----    -----
  +--> ?PR?_WRITEDISPDATA?LCD

?PR?_DISPINT?LCD                                 0062H    000AH      -----    -----
  +--> ?PR?_DISPONECHAR?LCD

?PR?_MMC_SD_WRITESINGLEBLOCK?MMC_SD              0062H    0004H      -----    -----
  +--> ?PR?_MMC_SD_SENDCOMMAND?MMC_SD
  +--> ?PR?_SPI_WRITEBYTE?MMC_SD

?PR?_MMC_SD_SENDCOMMAND?MMC_SD                   0066H    0005H      -----    -----
  +--> ?PR?_SPI_WRITEBYTE?MMC_SD

?PR?DISPGRAYHOR16?LCD                            0059H    0004H      -----    -----
  +--> ?PR?_?BLOCKWRITE?LCD
  +--> ?PR?_WRITEDISPDATA?LCD

?PR?DISPBAND?LCD                                 0059H    0005H      -----    -----
  +--> ?PR?_?BLOCKWRITE?LCD
  +--> ?PR?_WRITEDISPDATA?LCD

?PR?_DISPCOLOR?LCD                               0059H    0004H      -----    -----
  +--> ?PR?_?BLOCKWRITE?LCD
  +--> ?PR?_WRITEDISPDATA?LCD

?PR?TP_DRAWLINE?TP                               -----    -----      027CH    0018H
  +--> ?PR?_DISPCOLOR?LCD
  +--> ?CO?TP
  +--> ?PR?_DISPSTR?LCD
  +--> ?PR?_DELAY?MAIN
  +--> ?PR?_TP_GETPOSITION?TP
  +--> ?PR?_PUTPIXEL?LCD

?PR?_TP_GETPOSITION?TP                           -----    -----      0294H    001BH
  +--> ?PR?_TP_WRITE?TP
  +--> ?PR?TP_READ?TP

?PR?_TP_WRITE?TP                                 -----    -----      02AFH    0001H

?PR?TP_READ?TP                                   -----    -----      02AFH    0005H

?PR?_PUTPIXEL?LCD                                0059H    0002H      -----    -----
  +--> ?PR?_?BLOCKWRITE?LCD
  +--> ?PR?_WRITEDISPDATA?LCD



SYMBOL TABLE OF MODULE:  JD9851_CTC28_ZT_16BIT (MAIN)
BL51 BANKED LINKER/LOCATER V6.22                                                      11/25/2021  09:36:09  PAGE 8



  VALUE           TYPE          NAME
  ----------------------------------

  -------         MODULE        MAIN
  C:0000H         SYMBOL        _ICE_DUMMY_
  D:0080H         PUBLIC        P0
  X:0000H         PUBLIC        f_down
  D:0090H         PUBLIC        P1
  D:00B0H         PUBLIC        P3
  C:38E3H         PUBLIC        USB_MaxPower
  B:00B0H.6       PUBLIC        KEY_STEP
  D:00A4H         PUBLIC        P0MDOUT
  D:00A5H         PUBLIC        P1MDOUT
  D:00A6H         PUBLIC        P2MDOUT
  D:00A7H         PUBLIC        P3MDOUT
  D:00AEH         PUBLIC        P4MDOUT
  B:0080H.6       PUBLIC        OE
  D:00D9H         PUBLIC        PCA0MD
  C:219FH         PUBLIC        USB_API_TEST_ISR
  C:003DH         PUBLIC        Suspend_Device
  C:37F5H         PUBLIC        _StopDelay
  D:00E1H         PUBLIC        XBR0
  D:00E2H         PUBLIC        XBR1
  B:00B0H.1       PUBLIC        RS
  C:39AAH         PUBLIC        main
  X:0001H         PUBLIC        VerifyCode0
  X:0002H         PUBLIC        VerifyCode1
  C:38ADH         PUBLIC        USB_PID
  X:0003H         PUBLIC        VerifyCode2
  D:00F1H         PUBLIC        P0MDIN
  D:00F2H         PUBLIC        P1MDIN
  C:38AFH         PUBLIC        USB_MfrStr
  D:00F4H         PUBLIC        P3MDIN
  C:38ABH         PUBLIC        USB_VID
  D:00F8H         PUBLIC        SPI0CN
  X:0004H         PUBLIC        pic
  C:355CH         PUBLIC        Devices_Init
  C:008EH         PUBLIC        ConnToUSB
  D:00A9H         PUBLIC        CLKSEL
  D:00B2H         PUBLIC        OSCICN
  C:38E4H         PUBLIC        USB_PwAttributes
  C:3BDFH         PUBLIC        WaitKey
  C:38E7H         SYMBOL        _?ix1000
  B:00B0H.0       PUBLIC        CS0
  X:0005H         PUBLIC        bf
  C:38E5H         PUBLIC        USB_bcdDevice
  D:00B9H         PUBLIC        CLKMUL
  X:0007H         PUBLIC        f_debug
  X:0008H         PUBLIC        sd
  X:02D4H         PUBLIC        Packet
  C:392FH         PUBLIC        MCU_Init
  B:0080H.7       PUBLIC        DIR
  D:00EFH         PUBLIC        RSTSRC
  X:000CH         PUBLIC        f_read
  C:38D9H         PUBLIC        USB_SerialStr
  X:000DH         PUBLIC        f_other
BL51 BANKED LINKER/LOCATER V6.22                                                      11/25/2021  09:36:09  PAGE 9


  C:38C9H         PUBLIC        USB_ProductStr
  X:000EH         PUBLIC        f_para
  D:00A1H         PUBLIC        SPI0CFG
  C:3B10H         PUBLIC        _Delay
  B:00B0H.7       PUBLIC        KEY_Stop
  X:000FH         PUBLIC        f_init
  -------         PROC          MAIN
  C:39AAH         LINE#         40
  C:39AAH         LINE#         41
  C:39AAH         LINE#         61
  C:39ADH         LINE#         63
  C:39B0H         LINE#         64
  C:39B0H         LINE#         67
  C:39B9H         LINE#         73
  C:39C2H         LINE#         74
  C:39CBH         LINE#         75
  C:39D4H         LINE#         79
  C:39D7H         LINE#         81
  C:39D9H         LINE#         82
  -------         ENDPROC       MAIN
  -------         PROC          _DELAY
  D:0006H         SYMBOL        dly
  -------         DO            
  D:0004H         SYMBOL        i
  D:0002H         SYMBOL        j
  -------         ENDDO         
  C:3B10H         LINE#         85
  C:3B10H         LINE#         86
  C:3B10H         LINE#         89
  C:3B1AH         LINE#         90
  C:3B2EH         LINE#         91
  -------         ENDPROC       _DELAY
  C:37F1H         SYMBOL        L?0133
  -------         PROC          L?0132
  -------         ENDPROC       L?0132
  C:37F1H         SYMBOL        L?0133
  -------         PROC          _STOPDELAY
  X:0059H         SYMBOL        sdly
  -------         DO            
  D:0006H         SYMBOL        i
  D:0004H         SYMBOL        j
  X:005BH         SYMBOL        k
  -------         ENDDO         
  C:37F5H         LINE#         93
  C:37FCH         LINE#         94
  C:37FCH         LINE#         96
  C:3801H         LINE#         97
  C:3801H         LINE#         98
  C:3804H         LINE#         99
  C:3804H         LINE#         100
  C:3811H         LINE#         101
  C:3825H         LINE#         102
  C:3825H         LINE#         104
  C:3825H         LINE#         105
  C:382FH         LINE#         106
  C:382FH         LINE#         107
  C:3845H         LINE#         108
BL51 BANKED LINKER/LOCATER V6.22                                                      11/25/2021  09:36:09  PAGE 10


  -------         ENDPROC       _STOPDELAY
  -------         PROC          WAITKEY
  C:3BDFH         LINE#         138
  C:3BDFH         LINE#         139
  C:3BDFH         LINE#         141
  C:3BE2H         LINE#         142
  C:3BE2H         LINE#         144
  C:3BE5H         LINE#         146
  C:3BE7H         LINE#         147
  C:3BEEH         LINE#         148
  C:3BF1H         LINE#         150
  -------         ENDPROC       WAITKEY
  -------         PROC          CONNTOUSB
  -------         DO            
  X:005DH         SYMBOL        i
  X:027CH         SYMBOL        reg_data
  X:0294H         SYMBOL        para_data
  D:0007H         SYMBOL        dat
  X:005EH         SYMBOL        reg_index
  X:0060H         SYMBOL        data_num
  X:0061H         SYMBOL        st
  -------         ENDDO         
  C:008EH         LINE#         156
  C:008EH         LINE#         157
  C:008EH         LINE#         164
  C:00A1H         LINE#         166
  C:00A9H         LINE#         167
  C:00A9H         LINE#         168
  C:00B7H         LINE#         169
  C:00B7H         LINE#         170
  C:00C8H         LINE#         171
  C:00C8H         LINE#         172
  C:00EEH         LINE#         173
  C:00F0H         LINE#         174
  C:0104H         LINE#         175
  C:0104H         LINE#         176
  C:012AH         LINE#         178
  C:012AH         LINE#         179
  C:012AH         LINE#         180
  C:012AH         LINE#         182
  C:012AH         LINE#         183
  C:0132H         LINE#         184
  C:013CH         LINE#         185
  C:0146H         LINE#         187
  C:0162H         LINE#         189
  C:016CH         LINE#         190
  C:016CH         LINE#         191
  C:017DH         LINE#         192
  C:017DH         LINE#         193
  C:018EH         LINE#         194
  C:018EH         LINE#         195
  C:01E1H         LINE#         196
  C:01E3H         LINE#         197
  C:01F9H         LINE#         198
  C:01F9H         LINE#         199
  C:024BH         LINE#         200
  C:024BH         LINE#         201
BL51 BANKED LINKER/LOCATER V6.22                                                      11/25/2021  09:36:09  PAGE 11


  C:024BH         LINE#         202
  C:024BH         LINE#         204
  C:024BH         LINE#         205
  C:0253H         LINE#         206
  C:0253H         LINE#         207
  C:025DH         LINE#         208
  C:0267H         LINE#         210
  C:026BH         LINE#         211
  C:026EH         LINE#         215
  C:0276H         LINE#         216
  C:0276H         LINE#         217
  C:0285H         LINE#         218
  C:0285H         LINE#         219
  C:0287H         LINE#         221
  C:0289H         LINE#         222
  C:02A5H         LINE#         223
  C:02A7H         LINE#         225
  C:02D0H         LINE#         226
  C:02F4H         LINE#         227
  C:02FEH         LINE#         228
  C:02FEH         LINE#         229
  C:0306H         LINE#         230
  C:030DH         LINE#         231
  C:0318H         LINE#         232
  C:031EH         LINE#         233
  C:031EH         LINE#         234
  C:0327H         LINE#         236
  C:032BH         LINE#         237
  C:0337H         LINE#         238
  C:033AH         LINE#         241
  C:0342H         LINE#         242
  C:0342H         LINE#         243
  C:034BH         LINE#         244
  C:034BH         LINE#         245
  C:035BH         LINE#         246
  C:035BH         LINE#         247
  C:035DH         LINE#         249
  C:035FH         LINE#         250
  C:037BH         LINE#         251
  C:037DH         LINE#         253
  C:03A6H         LINE#         254
  C:03CAH         LINE#         256
  C:03D4H         LINE#         257
  C:03D4H         LINE#         258
  C:03DCH         LINE#         259
  C:03E3H         LINE#         260
  C:03EEH         LINE#         261
  C:03F4H         LINE#         262
  C:03F4H         LINE#         264
  C:03FDH         LINE#         270
  C:03FDH         LINE#         271
  C:040AH         LINE#         272
  C:040AH         LINE#         273
  C:040CH         LINE#         275
  C:040EH         LINE#         276
  C:042AH         LINE#         277
  C:042CH         LINE#         279
BL51 BANKED LINKER/LOCATER V6.22                                                      11/25/2021  09:36:09  PAGE 12


  C:0434H         LINE#         280
  C:0438H         LINE#         281
  C:0444H         LINE#         282
  C:0444H         LINE#         283
  C:0447H         LINE#         286
  C:044FH         LINE#         287
  C:044FH         LINE#         288
  C:0460H         LINE#         289
  C:0460H         LINE#         290
  C:046DH         LINE#         291
  C:046DH         LINE#         292
  C:048BH         LINE#         293
  C:048DH         LINE#         294
  C:049DH         LINE#         295
  C:049DH         LINE#         296
  C:04BBH         LINE#         297
  C:04BDH         LINE#         298
  C:04CEH         LINE#         299
  C:04CEH         LINE#         300
  C:04D8H         LINE#         301
  C:04E2H         LINE#         302
  C:04E2H         LINE#         303
  C:04E2H         LINE#         304
  C:04E2H         LINE#         306
  C:04E2H         LINE#         307
  C:04EBH         LINE#         308
  C:04EFH         LINE#         309
  C:04FBH         LINE#         310
  C:04FEH         LINE#         313
  C:0506H         LINE#         314
  C:0506H         LINE#         315
  C:0513H         LINE#         316
  C:0524H         LINE#         318
  C:052DH         LINE#         319
  C:053CH         LINE#         321
  C:0544H         LINE#         322
  C:0544H         LINE#         323
  C:054DH         LINE#         324
  C:055CH         LINE#         325
  C:055CH         LINE#         326
  C:055FH         LINE#         327
  C:056EH         LINE#         328
  C:057AH         LINE#         329
  C:0580H         LINE#         330
  C:0580H         LINE#         332
  C:0584H         LINE#         333
  C:0593H         LINE#         335
  C:059AH         LINE#         336
  C:05B6H         LINE#         337
  C:05C0H         LINE#         338
  C:05C0H         LINE#         339
  C:05E6H         LINE#         340
  C:05F9H         LINE#         341
  C:05F9H         LINE#         342
  C:064BH         LINE#         343
  C:0653H         LINE#         344
  C:0653H         LINE#         345
BL51 BANKED LINKER/LOCATER V6.22                                                      11/25/2021  09:36:09  PAGE 13


  C:0653H         LINE#         348
  C:0658H         LINE#         349
  C:0658H         LINE#         350
  C:0665H         LINE#         351
  C:0676H         LINE#         353
  C:067CH         LINE#         354
  C:0680H         LINE#         355
  C:0683H         LINE#         356
  C:0687H         LINE#         358
  C:068BH         LINE#         359
  C:0697H         LINE#         360
  C:0699H         LINE#         361
  -------         ENDPROC       CONNTOUSB
  -------         PROC          MCU_INIT
  -------         DO            
  D:0007H         SYMBOL        n
  -------         ENDDO         
  C:392FH         LINE#         364
  C:392FH         LINE#         365
  C:392FH         LINE#         367
  C:3932H         LINE#         370
  C:3935H         LINE#         371
  C:3938H         LINE#         373
  C:393BH         LINE#         375
  C:3941H         LINE#         377
  C:3944H         LINE#         378
  C:3949H         LINE#         379
  C:394CH         LINE#         381
  C:394FH         LINE#         384
  C:3952H         LINE#         385
  C:3955H         LINE#         387
  C:3958H         LINE#         388
  C:395BH         LINE#         390
  C:395EH         LINE#         391
  C:3961H         LINE#         393
  C:3964H         LINE#         394
  C:3967H         LINE#         395
  C:3969H         LINE#         396
  C:396BH         LINE#         398
  C:396EH         LINE#         399
  C:3971H         LINE#         401
  -------         ENDPROC       MCU_INIT
  -------         PROC          DEVICES_INIT
  C:355CH         LINE#         403
  C:355CH         LINE#         404
  C:355CH         LINE#         406
  C:355FH         LINE#         409
  C:3562H         LINE#         410
  C:35BCH         LINE#         411
  C:35BFH         LINE#         414
  C:35C2H         LINE#         415
  C:35C5H         LINE#         423
  -------         ENDPROC       DEVICES_INIT
  -------         PROC          SUSPEND_DEVICE
  C:003DH         LINE#         427
  C:003DH         LINE#         428
  C:003DH         LINE#         429
BL51 BANKED LINKER/LOCATER V6.22                                                      11/25/2021  09:36:09  PAGE 14


  -------         ENDPROC       SUSPEND_DEVICE
  -------         PROC          USB_API_TEST_ISR
  -------         DO            
  X:0056H         SYMBOL        INTVAL
  -------         ENDDO         
  C:219FH         LINE#         433
  C:21BCH         LINE#         435
  C:21C3H         LINE#         437
  C:21C9H         LINE#         438
  C:21C9H         LINE#         439
  C:21D4H         LINE#         441
  C:21F0H         LINE#         442
  C:21F0H         LINE#         443
  C:21F2H         LINE#         444
  C:21F4H         LINE#         445
  C:220AH         LINE#         446
  C:220AH         LINE#         447
  C:220CH         LINE#         448
  C:220EH         LINE#         449
  C:2226H         LINE#         450
  C:2226H         LINE#         451
  C:2228H         LINE#         452
  C:222AH         LINE#         453
  C:2244H         LINE#         454
  C:2244H         LINE#         455
  C:2246H         LINE#         456
  C:2248H         LINE#         457
  C:225DH         LINE#         458
  C:225DH         LINE#         459
  C:225FH         LINE#         460
  C:2261H         LINE#         462
  C:2261H         LINE#         463
  C:2266H         LINE#         464
  C:2266H         LINE#         465
  C:2266H         LINE#         467
  C:2266H         LINE#         468
  C:2266H         LINE#         470
  C:2266H         LINE#         472
  C:226CH         LINE#         473
  C:226CH         LINE#         474
  C:226FH         LINE#         475
  C:226FH         LINE#         477
  C:2275H         LINE#         478
  C:2275H         LINE#         479
  C:2278H         LINE#         480
  C:2278H         LINE#         482
  C:227EH         LINE#         483
  C:227EH         LINE#         484
  C:229AH         LINE#         485
  C:229AH         LINE#         487
  C:22A0H         LINE#         488
  C:22A0H         LINE#         489
  C:22A5H         LINE#         490
  C:22C1H         LINE#         491
  C:22C1H         LINE#         492
  -------         ENDPROC       USB_API_TEST_ISR
  -------         ENDMOD        MAIN
BL51 BANKED LINKER/LOCATER V6.22                                                      11/25/2021  09:36:09  PAGE 15



  -------         MODULE        MMC_SD
  C:0000H         SYMBOL        _ICE_DUMMY_
  D:00A2H         PUBLIC        SPI0CKR
  D:0080H         PUBLIC        P0
  D:0090H         PUBLIC        P1
  D:00B0H         PUBLIC        P3
  C:3401H         PUBLIC        _MMC_SD_SendCommand
  C:35C8H         PUBLIC        _MMC_SD_ReadSingleBlock
  C:3BF2H         PUBLIC        SD_Init
  C:330EH         PUBLIC        _MMC_SD_WriteSingleBlock
  B:00F8H.7       PUBLIC        SPIF
  B:00F8H.2       PUBLIC        NSSMD0
  C:29E8H         PUBLIC        MMC_SD_Reset
  D:00A9H         PUBLIC        CLKSEL
  C:3C1DH         PUBLIC        SPI_ReadByte
  C:3BABH         PUBLIC        _SPI_WriteByte
  D:00A3H         PUBLIC        SPI0DAT
  X:007CH         PUBLIC        buffer
  C:3B9FH         SYMBOL        L?0062
  C:3BA4H         SYMBOL        L?0063
  -------         PROC          L?0061
  -------         ENDPROC       L?0061
  C:3B9FH         SYMBOL        L?0062
  C:3BA4H         SYMBOL        L?0063
  -------         PROC          _SPI_WRITEBYTE
  D:0007H         SYMBOL        val
  -------         DO            
  D:0007H         SYMBOL        ret
  -------         ENDDO         
  C:3BABH         LINE#         7
  C:3BABH         LINE#         8
  C:3BABH         LINE#         11
  C:3BADH         LINE#         12
  C:3BB0H         LINE#         13
  C:3BB2H         LINE#         14
  C:3BB4H         LINE#         15
  C:3BB4H         LINE#         16
  -------         ENDPROC       _SPI_WRITEBYTE
  -------         PROC          SPI_READBYTE
  -------         DO            
  D:0007H         SYMBOL        ret
  -------         ENDDO         
  C:3C1DH         LINE#         18
  C:3C1DH         LINE#         19
  C:3C1DH         LINE#         22
  C:3C20H         LINE#         23
  C:3C23H         LINE#         24
  C:3C25H         LINE#         25
  C:3C27H         LINE#         26
  C:3C27H         LINE#         27
  -------         ENDPROC       SPI_READBYTE
  -------         PROC          _MMC_SD_SENDCOMMAND
  D:0006H         SYMBOL        cmd
  X:0067H         SYMBOL        arg
  -------         DO            
  D:0007H         SYMBOL        r1
BL51 BANKED LINKER/LOCATER V6.22                                                      11/25/2021  09:36:09  PAGE 16


  D:0003H         SYMBOL        retry
  -------         ENDDO         
  C:3401H         LINE#         29
  C:3403H         LINE#         30
  C:3403H         LINE#         32
  C:3405H         LINE#         34
  C:3405H         LINE#         35
  C:3405H         LINE#         36
  C:3408H         LINE#         37
  C:3408H         LINE#         38
  C:3408H         LINE#         39
  C:340BH         LINE#         41
  C:340DH         LINE#         43
  C:3414H         LINE#         44
  C:3429H         LINE#         45
  C:343EH         LINE#         46
  C:3453H         LINE#         47
  C:345DH         LINE#         48
  C:3462H         LINE#         50
  C:346AH         LINE#         51
  C:3473H         LINE#         53
  C:3475H         LINE#         55
  C:3475H         LINE#         56
  -------         ENDPROC       _MMC_SD_SENDCOMMAND
  -------         PROC          MMC_SD_RESET
  -------         DO            
  D:0005H         SYMBOL        i
  D:0002H         SYMBOL        retry
  D:0006H         SYMBOL        r1
  -------         ENDDO         
  C:29E8H         LINE#         58
  C:29E8H         LINE#         59
  C:29E8H         LINE#         62
  C:29EAH         LINE#         64
  C:29EBH         LINE#         65
  C:29EEH         LINE#         66
  C:29F1H         LINE#         68
  C:29F1H         LINE#         69
  C:29FDH         LINE#         70
  C:2A0DH         LINE#         71
  C:2A0EH         LINE#         72
  C:2A14H         LINE#         73
  C:2A18H         LINE#         75
  C:2A1AH         LINE#         77
  C:2A1AH         LINE#         79
  C:2A1AH         LINE#         80
  C:2A2AH         LINE#         81
  C:2A2BH         LINE#         82
  C:2A34H         LINE#         83
  C:2A38H         LINE#         85
  C:2A3AH         LINE#         86
  C:2A4AH         LINE#         87
  C:2A4BH         LINE#         88
  C:2A54H         LINE#         89
  C:2A57H         LINE#         91
  C:2A5AH         LINE#         92
  C:2A5AH         LINE#         93
BL51 BANKED LINKER/LOCATER V6.22                                                      11/25/2021  09:36:09  PAGE 17


  C:2A5CH         LINE#         95
  C:2A5CH         LINE#         96
  C:2A6CH         LINE#         97
  C:2A6DH         LINE#         98
  C:2A76H         LINE#         99
  C:2A79H         LINE#         100
  C:2A79H         LINE#         101
  C:2A89H         LINE#         103
  C:2A97H         LINE#         104
  C:2A9AH         LINE#         105
  C:2A9DH         LINE#         106
  C:2A9EH         LINE#         107
  -------         ENDPROC       MMC_SD_RESET
  -------         PROC          _MMC_SD_READSINGLEBLOCK
  X:0010H         SYMBOL        sector
  -------         DO            
  D:0007H         SYMBOL        r1
  D:0004H         SYMBOL        i
  D:0002H         SYMBOL        retry
  -------         ENDDO         
  C:35C8H         LINE#         109
  C:35CDH         LINE#         110
  C:35CDH         LINE#         113
  C:35CFH         LINE#         115
  C:35D2H         LINE#         117
  C:35D2H         LINE#         118
  C:35EEH         LINE#         119
  C:35EFH         LINE#         120
  C:35F8H         LINE#         121
  C:35FBH         LINE#         124
  C:35FDH         LINE#         126
  C:3603H         LINE#         128
  C:3606H         LINE#         129
  C:3606H         LINE#         130
  C:3615H         LINE#         131
  C:3622H         LINE#         133
  C:3622H         LINE#         134
  C:3625H         LINE#         136
  C:3627H         LINE#         137
  C:362AH         LINE#         138
  C:362BH         LINE#         139
  -------         ENDPROC       _MMC_SD_READSINGLEBLOCK
  -------         PROC          _MMC_SD_WRITESINGLEBLOCK
  X:0062H         SYMBOL        sector
  -------         DO            
  D:0006H         SYMBOL        r1
  D:0004H         SYMBOL        i
  D:0002H         SYMBOL        retry
  -------         ENDDO         
  C:330EH         LINE#         141
  C:3313H         LINE#         142
  C:3313H         LINE#         145
  C:3315H         LINE#         147
  C:3318H         LINE#         149
  C:3318H         LINE#         150
  C:3336H         LINE#         151
  C:3337H         LINE#         152
BL51 BANKED LINKER/LOCATER V6.22                                                      11/25/2021  09:36:09  PAGE 18


  C:3340H         LINE#         153
  C:3343H         LINE#         157
  C:3345H         LINE#         159
  C:334AH         LINE#         161
  C:334FH         LINE#         163
  C:3351H         LINE#         164
  C:3351H         LINE#         165
  C:3360H         LINE#         166
  C:336DH         LINE#         168
  C:336DH         LINE#         169
  C:336DH         LINE#         171
  C:3372H         LINE#         173
  C:3379H         LINE#         174
  C:3379H         LINE#         175
  C:337BH         LINE#         176
  C:337CH         LINE#         177
  C:337CH         LINE#         179
  C:3384H         LINE#         181
  C:3386H         LINE#         182
  C:3389H         LINE#         183
  C:338AH         LINE#         184
  -------         ENDPROC       _MMC_SD_WRITESINGLEBLOCK
  -------         PROC          SD_INIT
  -------         DO            
  D:0001H         SYMBOL        n
  -------         ENDDO         
  C:3BF2H         LINE#         187
  C:3BF2H         LINE#         188
  C:3BF2H         LINE#         189
  C:3BF4H         LINE#         191
  C:3BFAH         LINE#         192
  C:3BFAH         LINE#         193
  C:3BFBH         LINE#         194
  C:3C02H         LINE#         196
  -------         ENDPROC       SD_INIT
  -------         ENDMOD        MMC_SD

  -------         MODULE        LCD
  C:0000H         SYMBOL        _ICE_DUMMY_
  D:0080H         PUBLIC        P0
  C:2CB3H         PUBLIC        DispFrame
  D:0090H         PUBLIC        P1
  C:2D57H         PUBLIC        DispScaleVer_Green
  D:00A0H         PUBLIC        P2
  D:00B0H         PUBLIC        P3
  D:00C7H         PUBLIC        P4
  C:1EC0H         PUBLIC        DispBand
  C:3B33H         PUBLIC        _WriteData
  C:069AH         PUBLIC        ascii
  C:16B4H         PUBLIC        _LCD_Read_IC_ID
  D:00A6H         PUBLIC        P2MDOUT
  C:0046H         PUBLIC        _DispColor
  C:3202H         PUBLIC        DispScaleVer_Blue
  C:30E6H         PUBLIC        _DrawGird
  C:3288H         PUBLIC        _DrawLine
  C:3B6BH         PUBLIC        _WriteComm
  C:3A47H         PUBLIC        _WriteDispData
BL51 BANKED LINKER/LOCATER V6.22                                                      11/25/2021  09:36:09  PAGE 19


  C:3055H         PUBLIC        DispScaleVer_Gray
  B:00B0H.1       PUBLIC        RS
  B:0090H.7       PUBLIC        SPI_CLK
  C:2FC4H         PUBLIC        DispScaleVer_Red
  D:00F3H         PUBLIC        P2MDIN
  C:2413H         PUBLIC        DispScaleVer
  C:362CH         PUBLIC        _DispPic
  C:294DH         PUBLIC        _DispOneChar
  C:338BH         PUBLIC        DispGrayHor32
  C:2E93H         PUBLIC        DispGrayHor16
  C:2A9FH         PUBLIC        _DispInt
  C:3846H         PUBLIC        _PutPixel
  D:00A9H         PUBLIC        CLKSEL
  B:0090H.6       PUBLIC        RD0
  B:00B0H.0       PUBLIC        CS0
  X:0054H         PUBLIC        LCM_ID
  C:11DFH         PUBLIC        LCD_Init
  C:2F2EH         PUBLIC        _DispStr
  B:0090H.7       PUBLIC        WR0
  C:18E6H         PUBLIC        DispScaleHor1
  B:0090H.6       PUBLIC        SPI_DI
  C:3C28H         PUBLIC        _WriteOneDot
  C:1D06H         PUBLIC        DispScaleHor2
  C:2767H         PUBLIC        _DispPicFromSD
  B:0080H.7       PUBLIC        DIR
  C:368DH         PUBLIC        _ToOrd
  B:0080H.5       PUBLIC        RST
  C:3BB5H         PUBLIC        ReadData
  C:2E11H         PUBLIC        _?BlockWrite
  -------         PROC          _LCD_READ_IC_ID
  X:0062H         SYMBOL        ID
  D:0004H         SYMBOL        Bug
  D:0003H         SYMBOL        flog
  -------         DO            
  X:0063H         SYMBOL        id
  X:0065H         SYMBOL        id1
  X:0067H         SYMBOL        temp
  D:0005H         SYMBOL        i
  D:0007H         SYMBOL        dat
  D:0001H         SYMBOL        id2
  X:0069H         SYMBOL        id3
  D:0002H         SYMBOL        id4
  -------         ENDDO         
  C:16B4H         LINE#         35
  C:16B8H         LINE#         36
  C:16B8H         LINE#         40
  C:16C0H         LINE#         41
  C:16C0H         LINE#         43
  C:16C2H         LINE#         44
  C:16C4H         LINE#         45
  C:16C6H         LINE#         47
  C:16C9H         LINE#         48
  C:16CBH         LINE#         49
  C:16CDH         LINE#         50
  C:16CFH         LINE#         53
  C:16D2H         LINE#         54
  C:16D5H         LINE#         55
BL51 BANKED LINKER/LOCATER V6.22                                                      11/25/2021  09:36:09  PAGE 20


  C:16D8H         LINE#         56
  C:16DAH         LINE#         57
  C:16DCH         LINE#         58
  C:16DEH         LINE#         63
  C:16E8H         LINE#         65
  C:16EEH         LINE#         66
  C:16F6H         LINE#         68
  C:16FCH         LINE#         69
  C:1702H         LINE#         70
  C:170CH         LINE#         72
  C:1712H         LINE#         73
  C:1714H         LINE#         75
  C:171AH         LINE#         77
  C:1720H         LINE#         78
  C:172AH         LINE#         80
  C:1730H         LINE#         81
  C:1735H         LINE#         83
  C:173BH         LINE#         85
  C:1745H         LINE#         86
  C:174FH         LINE#         88
  C:1755H         LINE#         89
  C:1757H         LINE#         91
  C:1767H         LINE#         92
  C:1771H         LINE#         94
  C:1774H         LINE#         95
  C:1778H         LINE#         96
  C:1778H         LINE#         97
  C:1781H         LINE#         98
  C:1787H         LINE#         99
  C:1787H         LINE#         100
  C:1791H         LINE#         101
  C:1793H         LINE#         102
  C:1797H         LINE#         103
  C:1797H         LINE#         104
  C:17A6H         LINE#         105
  C:17A6H         LINE#         108
  C:17A6H         LINE#         109
  C:17AFH         LINE#         110
  C:17AFH         LINE#         112
  C:17B2H         LINE#         113
  C:17B6H         LINE#         114
  C:17B8H         LINE#         115
  C:17BAH         LINE#         116
  C:17BCH         LINE#         117
  C:17BCH         LINE#         118
  C:17BEH         LINE#         119
  C:17C6H         LINE#         120
  C:17C8H         LINE#         122
  C:17CAH         LINE#         123
  C:17CEH         LINE#         124
  C:17D3H         LINE#         125
  C:17D6H         LINE#         128
  C:17E0H         LINE#         129
  C:17E0H         LINE#         130
  C:17E2H         LINE#         131
  C:17E2H         LINE#         132
  C:17E4H         LINE#         133
BL51 BANKED LINKER/LOCATER V6.22                                                      11/25/2021  09:36:09  PAGE 21


  C:17E6H         LINE#         134
  C:17E8H         LINE#         135
  C:17FFH         LINE#         136
  C:1801H         LINE#         137
  C:1803H         LINE#         138
  C:180AH         LINE#         139
  C:1814H         LINE#         140
  C:1814H         LINE#         141
  C:1816H         LINE#         142
  C:1816H         LINE#         143
  C:1818H         LINE#         144
  C:181AH         LINE#         145
  C:181CH         LINE#         146
  C:1833H         LINE#         147
  C:1835H         LINE#         148
  C:1837H         LINE#         149
  C:183CH         LINE#         150
  C:183CH         LINE#         152
  C:183EH         LINE#         153
  C:183EH         LINE#         154
  C:1840H         LINE#         155
  C:1842H         LINE#         156
  C:1844H         LINE#         157
  C:185BH         LINE#         158
  C:185DH         LINE#         159
  C:185FH         LINE#         160
  C:1864H         LINE#         162
  C:1866H         LINE#         163
  C:1866H         LINE#         164
  C:1868H         LINE#         165
  C:186AH         LINE#         166
  C:186CH         LINE#         167
  C:1876H         LINE#         168
  C:1878H         LINE#         169
  C:187AH         LINE#         170
  C:187FH         LINE#         172
  C:1881H         LINE#         173
  C:1881H         LINE#         174
  C:1883H         LINE#         175
  C:1885H         LINE#         176
  C:1887H         LINE#         177
  C:1893H         LINE#         178
  C:1895H         LINE#         179
  C:1897H         LINE#         180
  C:189CH         LINE#         181
  C:189FH         LINE#         182
  C:18A1H         LINE#         183
  C:18A3H         LINE#         184
  C:18A5H         LINE#         185
  C:18A7H         LINE#         186
  C:18A9H         LINE#         187
  C:18ABH         LINE#         189
  C:18AFH         LINE#         190
  C:18AFH         LINE#         191
  C:18BFH         LINE#         193
  C:18CAH         LINE#         194
  C:18CAH         LINE#         195
BL51 BANKED LINKER/LOCATER V6.22                                                      11/25/2021  09:36:09  PAGE 22


  C:18CAH         LINE#         197
  C:18D0H         LINE#         198
  C:18D0H         LINE#         199
  C:18DCH         LINE#         200
  C:18DCH         LINE#         202
  C:18DCH         LINE#         203
  C:18DEH         LINE#         204
  C:18E5H         LINE#         205
  -------         ENDPROC       _LCD_READ_IC_ID
  -------         PROC          _WRITECOMM
  D:0004H         SYMBOL        i
  -------         DO            
  X:007AH         SYMBOL        j
  X:007BH         SYMBOL        DataH
  -------         ENDDO         
  C:3B6BH         LINE#         208
  C:3B6FH         LINE#         209
  C:3B6FH         LINE#         211
  C:3B73H         LINE#         212
  C:3B75H         LINE#         234
  C:3B75H         LINE#         235
  C:3B77H         LINE#         236
  C:3B79H         LINE#         237
  C:3B7BH         LINE#         238
  C:3B7FH         LINE#         239
  C:3B81H         LINE#         240
  C:3B83H         LINE#         241
  C:3B83H         LINE#         319
  C:3B85H         LINE#         320
  -------         ENDPROC       _WRITECOMM
  -------         PROC          L?0451
  -------         ENDPROC       L?0451
  -------         PROC          _WRITEDATA
  D:0004H         SYMBOL        i
  -------         DO            
  X:007AH         SYMBOL        j
  X:007BH         SYMBOL        DataH
  -------         ENDDO         
  C:3B33H         LINE#         322
  C:3B37H         LINE#         323
  C:3B37H         LINE#         325
  C:3B3BH         LINE#         326
  C:3B3DH         LINE#         352
  C:3B3DH         LINE#         353
  C:3B3FH         LINE#         354
  C:3B41H         LINE#         355
  C:3B43H         LINE#         356
  C:3B47H         LINE#         357
  C:3B49H         LINE#         358
  C:3B4BH         LINE#         359
  C:3B4BH         LINE#         514
  C:3B4DH         LINE#         515
  -------         ENDPROC       _WRITEDATA
  C:3A32H         SYMBOL        L?0450
  -------         PROC          L?0449
  -------         ENDPROC       L?0449
  C:3A32H         SYMBOL        L?0450
BL51 BANKED LINKER/LOCATER V6.22                                                      11/25/2021  09:36:09  PAGE 23


  -------         PROC          _WRITEDISPDATA
  D:0007H         SYMBOL        DataH
  D:0005H         SYMBOL        DataL
  -------         DO            
  X:007AH         SYMBOL        j
  -------         ENDDO         
  C:3A47H         LINE#         517
  C:3A47H         LINE#         518
  C:3A47H         LINE#         520
  C:3A49H         LINE#         545
  C:3A49H         LINE#         546
  C:3A4BH         LINE#         547
  C:3A4DH         LINE#         548
  C:3A4FH         LINE#         549
  C:3A53H         LINE#         550
  C:3A55H         LINE#         551
  C:3A57H         LINE#         552
  C:3A57H         LINE#         639
  C:3A59H         LINE#         640
  -------         ENDPROC       _WRITEDISPDATA
  -------         PROC          _WRITEONEDOT
  D:0004H         SYMBOL        color
  C:3C28H         LINE#         642
  C:3C2CH         LINE#         643
  C:3C2CH         LINE#         656
  -------         ENDPROC       _WRITEONEDOT
  -------         PROC          LCD_INIT
  C:11DFH         LINE#         665
  C:11DFH         LINE#         666
  C:11DFH         LINE#         667
  C:11E2H         LINE#         670
  C:11E4H         LINE#         671
  C:11EBH         LINE#         673
  C:11EDH         LINE#         674
  C:11F4H         LINE#         676
  C:11F6H         LINE#         677
  C:11FDH         LINE#         1592
  C:1204H         LINE#         1593
  C:1209H         LINE#         1595
  C:1210H         LINE#         1597
  C:1215H         LINE#         1598
  C:121AH         LINE#         1600
  C:121FH         LINE#         1601
  C:1224H         LINE#         1602
  C:1229H         LINE#         1603
  C:122EH         LINE#         1604
  C:1233H         LINE#         1605
  C:1238H         LINE#         1607
  C:123DH         LINE#         1608
  C:1242H         LINE#         1609
  C:1247H         LINE#         1610
  C:124CH         LINE#         1611
  C:1251H         LINE#         1613
  C:1256H         LINE#         1614
  C:125BH         LINE#         1615
  C:1260H         LINE#         1616
  C:1265H         LINE#         1617
BL51 BANKED LINKER/LOCATER V6.22                                                      11/25/2021  09:36:09  PAGE 24


  C:126AH         LINE#         1618
  C:126FH         LINE#         1619
  C:1274H         LINE#         1620
  C:1279H         LINE#         1621
  C:127EH         LINE#         1622
  C:1283H         LINE#         1623
  C:1288H         LINE#         1624
  C:128DH         LINE#         1625
  C:1292H         LINE#         1626
  C:1297H         LINE#         1627
  C:129CH         LINE#         1628
  C:12A1H         LINE#         1629
  C:12A6H         LINE#         1630
  C:12ABH         LINE#         1631
  C:12B0H         LINE#         1632
  C:12B5H         LINE#         1633
  C:12BAH         LINE#         1634
  C:12BFH         LINE#         1635
  C:12C4H         LINE#         1636
  C:12C9H         LINE#         1637
  C:12CEH         LINE#         1638
  C:12D3H         LINE#         1639
  C:12D8H         LINE#         1640
  C:12DDH         LINE#         1641
  C:12E2H         LINE#         1642
  C:12E7H         LINE#         1643
  C:12ECH         LINE#         1644
  C:12F1H         LINE#         1645
  C:12F6H         LINE#         1647
  C:12FBH         LINE#         1648
  C:1300H         LINE#         1649
  C:1305H         LINE#         1650
  C:130AH         LINE#         1652
  C:130FH         LINE#         1653
  C:1314H         LINE#         1654
  C:1319H         LINE#         1655
  C:131EH         LINE#         1656
  C:1323H         LINE#         1657
  C:1328H         LINE#         1658
  C:132DH         LINE#         1659
  C:1332H         LINE#         1660
  C:1337H         LINE#         1662
  C:133CH         LINE#         1663
  C:1341H         LINE#         1664
  C:1346H         LINE#         1666
  C:134BH         LINE#         1667
  C:1350H         LINE#         1668
  C:1355H         LINE#         1670
  C:135AH         LINE#         1671
  C:135FH         LINE#         1673
  C:1364H         LINE#         1674
  C:1369H         LINE#         1675
  C:136EH         LINE#         1676
  C:1373H         LINE#         1677
  C:1378H         LINE#         1678
  C:137DH         LINE#         1679
  C:1382H         LINE#         1680
BL51 BANKED LINKER/LOCATER V6.22                                                      11/25/2021  09:36:09  PAGE 25


  C:1387H         LINE#         1681
  C:138CH         LINE#         1682
  C:1391H         LINE#         1684
  C:1396H         LINE#         1685
  C:139BH         LINE#         1686
  C:13A0H         LINE#         1687
  C:13A5H         LINE#         1688
  C:13AAH         LINE#         1689
  C:13AFH         LINE#         1690
  C:13B4H         LINE#         1691
  C:13B9H         LINE#         1692
  C:13BEH         LINE#         1693
  C:13C3H         LINE#         1694
  C:13C8H         LINE#         1695
  C:13CDH         LINE#         1696
  C:13D2H         LINE#         1697
  C:13D7H         LINE#         1698
  C:13DCH         LINE#         1699
  C:13E1H         LINE#         1700
  C:13E6H         LINE#         1701
  C:13EBH         LINE#         1704
  C:13F0H         LINE#         1705
  C:13F5H         LINE#         1706
  C:13FAH         LINE#         1707
  C:13FFH         LINE#         1708
  C:1404H         LINE#         1709
  C:1409H         LINE#         1710
  C:140EH         LINE#         1712
  C:1413H         LINE#         1713
  C:1418H         LINE#         1714
  C:141DH         LINE#         1716
  C:1422H         LINE#         1717
  C:1427H         LINE#         1719
  C:142CH         LINE#         1720
  C:1431H         LINE#         1721
  C:1436H         LINE#         1722
  C:143BH         LINE#         1723
  C:1440H         LINE#         1724
  C:1445H         LINE#         1726
  C:144AH         LINE#         1727
  C:144FH         LINE#         1728
  C:1454H         LINE#         1729
  C:1459H         LINE#         1730
  C:145EH         LINE#         1732
  C:1463H         LINE#         1733
  C:1468H         LINE#         1735
  C:146DH         LINE#         1736
  C:1472H         LINE#         1738
  C:1477H         LINE#         1740
  C:147CH         LINE#         1741
  -------         ENDPROC       LCD_INIT
  C:2DF8H         SYMBOL        L?0443
  C:2DFEH         SYMBOL        L?0444
  C:2E07H         SYMBOL        L?0445
  -------         PROC          L?0442
  -------         ENDPROC       L?0442
  C:2DF8H         SYMBOL        L?0443
BL51 BANKED LINKER/LOCATER V6.22                                                      11/25/2021  09:36:09  PAGE 26


  C:2DFEH         SYMBOL        L?0444
  C:2E07H         SYMBOL        L?0445
  -------         PROC          _?BLOCKWRITE
  p:0000H         SYMBOL        Xstart
  p:0002H         SYMBOL        Xend
  p:0004H         SYMBOL        Ystart
  p:0006H         SYMBOL        Yend
  C:2E11H         LINE#         6574
  C:2E32H         LINE#         6721
  C:2E39H         LINE#         6722
  C:2E40H         LINE#         6723
  C:2E48H         LINE#         6724
  C:2E53H         LINE#         6725
  C:2E5DH         LINE#         6727
  C:2E62H         LINE#         6728
  C:2E6CH         LINE#         6730
  C:2E73H         LINE#         6731
  C:2E7DH         LINE#         6732
  C:2E84H         LINE#         6738
  C:2E89H         LINE#         6741
  C:2E8CH         LINE#         6746
  -------         ENDPROC       _?BLOCKWRITE
  -------         PROC          _DISPCOLOR
  D:0004H         SYMBOL        color
  -------         DO            
  X:0059H         SYMBOL        i
  D:0002H         SYMBOL        m
  X:005BH         SYMBOL        DataH
  X:005CH         SYMBOL        DataL
  -------         ENDDO         
  C:0046H         LINE#         6801
  C:0048H         LINE#         6802
  C:0048H         LINE#         6805
  C:004EH         LINE#         6807
  C:0051H         LINE#         6809
  C:0053H         LINE#         6810
  C:0059H         LINE#         6811
  C:0059H         LINE#         6812
  C:005CH         LINE#         6813
  C:005CH         LINE#         6814
  C:0066H         LINE#         6815
  C:0071H         LINE#         6816
  C:0087H         LINE#         6818
  C:0089H         LINE#         6819
  -------         ENDPROC       _DISPCOLOR
  -------         PROC          DISPFRAME
  -------         DO            
  D:0002H         SYMBOL        i
  X:0059H         SYMBOL        j
  D:0001H         SYMBOL        DataH
  D:0006H         SYMBOL        DataL
  -------         ENDDO         
  C:2CB3H         LINE#         6821
  C:2CB3H         LINE#         6822
  C:2CB3H         LINE#         6825
  C:2CB6H         LINE#         6827
  C:2CB8H         LINE#         6830
BL51 BANKED LINKER/LOCATER V6.22                                                      11/25/2021  09:36:09  PAGE 27


  C:2CBCH         LINE#         6831
  C:2CC2H         LINE#         6833
  C:2CC2H         LINE#         6834
  C:2CC2H         LINE#         6835
  C:2CC6H         LINE#         6836
  C:2CCDH         LINE#         6837
  C:2CD8H         LINE#         6839
  C:2CDCH         LINE#         6840
  C:2CE2H         LINE#         6842
  C:2CE7H         LINE#         6843
  C:2CE7H         LINE#         6844
  C:2CEBH         LINE#         6845
  C:2CF1H         LINE#         6847
  C:2CF3H         LINE#         6848
  C:2CF3H         LINE#         6849
  C:2CF6H         LINE#         6850
  C:2CFBH         LINE#         6851
  C:2D06H         LINE#         6853
  C:2D0AH         LINE#         6854
  C:2D10H         LINE#         6856
  C:2D26H         LINE#         6858
  C:2D2AH         LINE#         6859
  C:2D30H         LINE#         6861
  C:2D32H         LINE#         6862
  C:2D32H         LINE#         6863
  C:2D36H         LINE#         6864
  C:2D3DH         LINE#         6865
  C:2D48H         LINE#         6867
  C:2D4CH         LINE#         6868
  C:2D52H         LINE#         6870
  C:2D54H         LINE#         6871
  C:2D56H         LINE#         6872
  -------         ENDPROC       DISPFRAME
  -------         PROC          DISPBAND
  -------         DO            
  D:0002H         SYMBOL        i
  X:0059H         SYMBOL        j
  X:005AH         SYMBOL        k
  X:005BH         SYMBOL        m
  X:005CH         SYMBOL        n
  X:005DH         SYMBOL        x
  -------         ENDDO         
  C:1EC0H         LINE#         6874
  C:1EC0H         LINE#         6875
  C:1EC0H         LINE#         6878
  C:1EC9H         LINE#         6879
  C:1ED2H         LINE#         6880
  C:1ED4H         LINE#         6882
  C:1EDCH         LINE#         6883
  C:1EE8H         LINE#         6884
  C:1EE8H         LINE#         6885
  C:1F03H         LINE#         6886
  C:1F1EH         LINE#         6887
  C:1F4AH         LINE#         6888
  C:1F51H         LINE#         6889
  C:1F60H         LINE#         6890
  C:1F60H         LINE#         6891
BL51 BANKED LINKER/LOCATER V6.22                                                      11/25/2021  09:36:09  PAGE 28


  C:1F7BH         LINE#         6892
  C:1F96H         LINE#         6893
  C:1FC2H         LINE#         6894
  C:1FC9H         LINE#         6895
  C:1FDFH         LINE#         6896
  C:1FDFH         LINE#         6897
  C:1FFAH         LINE#         6898
  C:2015H         LINE#         6899
  C:2041H         LINE#         6900
  C:2048H         LINE#         6902
  C:204AH         LINE#         6903
  C:204DH         LINE#         6905
  -------         ENDPROC       DISPBAND
  -------         PROC          _DISPPIC
  D:0006H         SYMBOL        picture
  -------         DO            
  X:0014H         SYMBOL        p
  X:0017H         SYMBOL        n
  -------         ENDDO         
  C:362CH         LINE#         6908
  C:362CH         LINE#         6909
  C:362CH         LINE#         6912
  C:363BH         LINE#         6913
  C:363BH         LINE#         6914
  C:363BH         LINE#         6916
  C:364CH         LINE#         6918
  C:365FH         LINE#         6919
  C:365FH         LINE#         6920
  C:367FH         LINE#         6921
  C:368CH         LINE#         6923
  -------         ENDPROC       _DISPPIC
  -------         PROC          _DISPPICFROMSD
  X:0019H         SYMBOL        PicNum
  -------         DO            
  X:001AH         SYMBOL        Address_S
  X:001EH         SYMBOL        Address_E
  D:0002H         SYMBOL        i
  X:0022H         SYMBOL        k
  -------         ENDDO         
  C:2767H         LINE#         6927
  C:276AH         LINE#         6928
  C:276AH         LINE#         6934
  C:276DH         LINE#         6937
  C:276FH         LINE#         6939
  C:2771H         LINE#         6941
  C:277AH         LINE#         6942
  C:27A5H         LINE#         6943
  C:27CEH         LINE#         6944
  C:27F1H         LINE#         6945
  C:27F1H         LINE#         6946
  C:2801H         LINE#         6948
  C:280AH         LINE#         6949
  C:280AH         LINE#         6951
  C:2825H         LINE#         6952
  C:282EH         LINE#         6953
  C:284DH         LINE#         6955
  C:284FH         LINE#         6993
BL51 BANKED LINKER/LOCATER V6.22                                                      11/25/2021  09:36:09  PAGE 29


  -------         ENDPROC       _DISPPICFROMSD
  -------         PROC          DISPSCALEHOR1
  -------         DO            
  X:0026H         SYMBOL        i
  X:0028H         SYMBOL        j
  D:0002H         SYMBOL        k
  -------         ENDDO         
  C:18E6H         LINE#         6998
  C:18E6H         LINE#         6999
  C:18E6H         LINE#         7002
  C:18E9H         LINE#         7005
  C:18E9H         LINE#         7006
  C:18E9H         LINE#         7007
  C:190BH         LINE#         7008
  C:1911H         LINE#         7009
  C:1911H         LINE#         7010
  C:1917H         LINE#         7011
  C:1917H         LINE#         7012
  C:192CH         LINE#         7013
  C:1942H         LINE#         7014
  C:1958H         LINE#         7016
  C:1963H         LINE#         7019
  C:1966H         LINE#         7020
  C:1966H         LINE#         7021
  C:1988H         LINE#         7022
  C:198EH         LINE#         7023
  C:198EH         LINE#         7024
  C:1994H         LINE#         7025
  C:1994H         LINE#         7026
  C:19BFH         LINE#         7027
  C:19D5H         LINE#         7028
  C:19EBH         LINE#         7029
  C:19F9H         LINE#         7032
  C:19FCH         LINE#         7033
  C:19FCH         LINE#         7034
  C:1A1EH         LINE#         7035
  C:1A24H         LINE#         7036
  C:1A24H         LINE#         7037
  C:1A2AH         LINE#         7038
  C:1A2AH         LINE#         7039
  C:1A34H         LINE#         7040
  C:1A4AH         LINE#         7041
  C:1A60H         LINE#         7042
  C:1A6BH         LINE#         7045
  C:1A6EH         LINE#         7046
  C:1A6EH         LINE#         7047
  C:1A90H         LINE#         7048
  C:1A96H         LINE#         7049
  C:1A96H         LINE#         7050
  C:1A9CH         LINE#         7051
  C:1A9CH         LINE#         7052
  C:1ACFH         LINE#         7053
  C:1AE5H         LINE#         7054
  C:1AFBH         LINE#         7055
  C:1B09H         LINE#         7056
  C:1B0BH         LINE#         7057
  -------         ENDPROC       DISPSCALEHOR1
BL51 BANKED LINKER/LOCATER V6.22                                                      11/25/2021  09:36:09  PAGE 30


  -------         PROC          DISPSCALEVER
  -------         DO            
  X:002AH         SYMBOL        i
  X:002CH         SYMBOL        j
  D:0002H         SYMBOL        k
  -------         ENDDO         
  C:2413H         LINE#         7059
  C:2413H         LINE#         7060
  C:2413H         LINE#         7129
  C:2416H         LINE#         7131
  C:241CH         LINE#         7132
  C:241CH         LINE#         7133
  C:2422H         LINE#         7134
  C:2422H         LINE#         7135
  C:2428H         LINE#         7136
  C:243EH         LINE#         7137
  C:2445H         LINE#         7139
  C:2448H         LINE#         7140
  C:2448H         LINE#         7142
  C:244EH         LINE#         7143
  C:244EH         LINE#         7145
  C:2454H         LINE#         7146
  C:2454H         LINE#         7147
  C:2466H         LINE#         7148
  C:247CH         LINE#         7150
  C:2482H         LINE#         7151
  C:2482H         LINE#         7152
  C:24AAH         LINE#         7153
  C:24C0H         LINE#         7155
  C:24C6H         LINE#         7156
  C:24C6H         LINE#         7157
  C:24CDH         LINE#         7158
  C:24E3H         LINE#         7160
  C:24E9H         LINE#         7161
  C:24E9H         LINE#         7162
  C:24FDH         LINE#         7163
  C:2513H         LINE#         7165
  C:252CH         LINE#         7167
  C:253AH         LINE#         7169
  -------         ENDPROC       DISPSCALEVER
  -------         PROC          DISPSCALEVER_RED
  -------         DO            
  X:002EH         SYMBOL        i
  X:0030H         SYMBOL        j
  D:0002H         SYMBOL        k
  -------         ENDDO         
  C:2FC4H         LINE#         7171
  C:2FC4H         LINE#         7172
  C:2FC4H         LINE#         7175
  C:2FC7H         LINE#         7177
  C:2FC9H         LINE#         7179
  C:2FCBH         LINE#         7182
  C:2FD1H         LINE#         7183
  C:2FD1H         LINE#         7184
  C:2FD7H         LINE#         7185
  C:2FD7H         LINE#         7186
  C:2FDDH         LINE#         7187
BL51 BANKED LINKER/LOCATER V6.22                                                      11/25/2021  09:36:09  PAGE 31


  C:2FF3H         LINE#         7188
  C:2FFAH         LINE#         7190
  C:2FFDH         LINE#         7191
  C:2FFDH         LINE#         7192
  C:3003H         LINE#         7193
  C:3003H         LINE#         7195
  C:3009H         LINE#         7196
  C:3009H         LINE#         7197
  C:301BH         LINE#         7198
  C:3031H         LINE#         7199
  C:3047H         LINE#         7201
  C:3052H         LINE#         7203
  C:3054H         LINE#         7204
  -------         ENDPROC       DISPSCALEVER_RED
  -------         PROC          DISPSCALEVER_GREEN
  -------         DO            
  X:0032H         SYMBOL        i
  X:0034H         SYMBOL        j
  D:0002H         SYMBOL        k
  -------         ENDDO         
  C:2D57H         LINE#         7206
  C:2D57H         LINE#         7207
  C:2D57H         LINE#         7210
  C:2D5AH         LINE#         7212
  C:2D5CH         LINE#         7213
  C:2D5EH         LINE#         7216
  C:2D64H         LINE#         7217
  C:2D64H         LINE#         7218
  C:2D6AH         LINE#         7219
  C:2D6AH         LINE#         7220
  C:2D70H         LINE#         7222
  C:2D86H         LINE#         7223
  C:2D8DH         LINE#         7225
  C:2D90H         LINE#         7226
  C:2D90H         LINE#         7227
  C:2D96H         LINE#         7228
  C:2D96H         LINE#         7230
  C:2D9CH         LINE#         7231
  C:2D9CH         LINE#         7233
  C:2DBDH         LINE#         7234
  C:2DD3H         LINE#         7235
  C:2DE9H         LINE#         7237
  C:2DF4H         LINE#         7239
  C:2DF6H         LINE#         7240
  -------         ENDPROC       DISPSCALEVER_GREEN
  -------         PROC          DISPSCALEVER_BLUE
  -------         DO            
  X:0036H         SYMBOL        i
  X:0038H         SYMBOL        j
  D:0002H         SYMBOL        k
  -------         ENDDO         
  C:3202H         LINE#         7242
  C:3202H         LINE#         7243
  C:3202H         LINE#         7246
  C:3205H         LINE#         7248
  C:3207H         LINE#         7249
  C:3209H         LINE#         7252
BL51 BANKED LINKER/LOCATER V6.22                                                      11/25/2021  09:36:09  PAGE 32


  C:320FH         LINE#         7253
  C:320FH         LINE#         7254
  C:3215H         LINE#         7255
  C:3215H         LINE#         7256
  C:321BH         LINE#         7257
  C:3231H         LINE#         7258
  C:3238H         LINE#         7260
  C:323BH         LINE#         7261
  C:323BH         LINE#         7262
  C:3241H         LINE#         7263
  C:3241H         LINE#         7265
  C:3247H         LINE#         7266
  C:3247H         LINE#         7267
  C:324EH         LINE#         7268
  C:3264H         LINE#         7269
  C:327AH         LINE#         7271
  C:3285H         LINE#         7273
  C:3287H         LINE#         7274
  -------         ENDPROC       DISPSCALEVER_BLUE
  -------         PROC          DISPSCALEVER_GRAY
  -------         DO            
  X:003AH         SYMBOL        i
  X:003CH         SYMBOL        j
  D:0002H         SYMBOL        k
  -------         ENDDO         
  C:3055H         LINE#         7276
  C:3055H         LINE#         7277
  C:3055H         LINE#         7280
  C:3058H         LINE#         7282
  C:305AH         LINE#         7287
  C:3060H         LINE#         7288
  C:3060H         LINE#         7289
  C:3066H         LINE#         7290
  C:3066H         LINE#         7291
  C:306CH         LINE#         7293
  C:3082H         LINE#         7294
  C:3089H         LINE#         7296
  C:308CH         LINE#         7297
  C:308CH         LINE#         7298
  C:3092H         LINE#         7299
  C:3092H         LINE#         7301
  C:3098H         LINE#         7302
  C:3098H         LINE#         7303
  C:30ACH         LINE#         7304
  C:30C2H         LINE#         7305
  C:30D8H         LINE#         7307
  C:30E3H         LINE#         7309
  C:30E5H         LINE#         7310
  -------         ENDPROC       DISPSCALEVER_GRAY
  -------         PROC          DISPGRAYHOR16
  -------         DO            
  X:0059H         SYMBOL        i
  D:0002H         SYMBOL        j
  X:005BH         SYMBOL        k
  -------         ENDDO         
  C:2E93H         LINE#         7312
  C:2E93H         LINE#         7313
BL51 BANKED LINKER/LOCATER V6.22                                                      11/25/2021  09:36:09  PAGE 33


  C:2E93H         LINE#         7316
  C:2E96H         LINE#         7318
  C:2E98H         LINE#         7319
  C:2E9AH         LINE#         7321
  C:2EA0H         LINE#         7322
  C:2EA0H         LINE#         7323
  C:2EA9H         LINE#         7324
  C:2EA9H         LINE#         7325
  C:2EAFH         LINE#         7326
  C:2EB6H         LINE#         7328
  C:2EB9H         LINE#         7329
  C:2EB9H         LINE#         7330
  C:2EBFH         LINE#         7331
  C:2EBFH         LINE#         7332
  C:2EF1H         LINE#         7333
  C:2F07H         LINE#         7334
  C:2F12H         LINE#         7335
  C:2F2BH         LINE#         7337
  C:2F2DH         LINE#         7338
  -------         ENDPROC       DISPGRAYHOR16
  -------         PROC          DISPGRAYHOR32
  -------         DO            
  X:003EH         SYMBOL        i
  D:0002H         SYMBOL        j
  X:0040H         SYMBOL        k
  -------         ENDDO         
  C:338BH         LINE#         7340
  C:338BH         LINE#         7341
  C:338BH         LINE#         7344
  C:338EH         LINE#         7346
  C:3390H         LINE#         7348
  C:3396H         LINE#         7349
  C:3396H         LINE#         7350
  C:3399H         LINE#         7351
  C:3399H         LINE#         7352
  C:339FH         LINE#         7353
  C:33AAH         LINE#         7355
  C:33ADH         LINE#         7356
  C:33ADH         LINE#         7357
  C:33B3H         LINE#         7358
  C:33B3H         LINE#         7359
  C:33C7H         LINE#         7360
  C:33DDH         LINE#         7361
  C:33E8H         LINE#         7362
  C:33FEH         LINE#         7364
  C:3400H         LINE#         7365
  -------         ENDPROC       DISPGRAYHOR32
  -------         PROC          DISPSCALEHOR2
  -------         DO            
  X:0042H         SYMBOL        j
  D:0002H         SYMBOL        k
  -------         ENDDO         
  C:1D06H         LINE#         7367
  C:1D06H         LINE#         7368
  C:1D06H         LINE#         7371
  C:1D09H         LINE#         7373
  C:1D09H         LINE#         7374
BL51 BANKED LINKER/LOCATER V6.22                                                      11/25/2021  09:36:09  PAGE 34


  C:1D09H         LINE#         7375
  C:1D0FH         LINE#         7376
  C:1D2CH         LINE#         7377
  C:1D37H         LINE#         7378
  C:1D3AH         LINE#         7379
  C:1D3AH         LINE#         7380
  C:1D40H         LINE#         7381
  C:1D5DH         LINE#         7382
  C:1D68H         LINE#         7383
  C:1D6BH         LINE#         7384
  C:1D6BH         LINE#         7385
  C:1D71H         LINE#         7386
  C:1D8EH         LINE#         7387
  C:1D99H         LINE#         7388
  C:1D9CH         LINE#         7389
  C:1D9CH         LINE#         7390
  C:1DA2H         LINE#         7391
  C:1DBFH         LINE#         7392
  C:1DCAH         LINE#         7393
  C:1DCDH         LINE#         7394
  C:1DCDH         LINE#         7395
  C:1DD3H         LINE#         7396
  C:1DF0H         LINE#         7397
  C:1DFBH         LINE#         7398
  C:1DFEH         LINE#         7399
  C:1DFEH         LINE#         7400
  C:1E04H         LINE#         7401
  C:1E21H         LINE#         7402
  C:1E2CH         LINE#         7403
  C:1E2FH         LINE#         7404
  C:1E2FH         LINE#         7405
  C:1E35H         LINE#         7406
  C:1E52H         LINE#         7407
  C:1E5DH         LINE#         7408
  C:1E60H         LINE#         7409
  C:1E60H         LINE#         7410
  C:1E66H         LINE#         7411
  C:1E82H         LINE#         7412
  C:1E8DH         LINE#         7413
  C:1E96H         LINE#         7414
  C:1E96H         LINE#         7415
  C:1E9CH         LINE#         7416
  C:1EB8H         LINE#         7417
  C:1EBFH         LINE#         7419
  -------         ENDPROC       DISPSCALEHOR2
  -------         PROC          _TOORD
  D:0007H         SYMBOL        ch
  C:368DH         LINE#         7524
  C:368DH         LINE#         7525
  C:368DH         LINE#         7526
  C:3693H         LINE#         7527
  C:3693H         LINE#         7528
  C:3695H         LINE#         7529
  C:3697H         LINE#         7530
  C:36A3H         LINE#         7531
  C:36A3H         LINE#         7532
  C:36A7H         LINE#         7533
BL51 BANKED LINKER/LOCATER V6.22                                                      11/25/2021  09:36:09  PAGE 35


  C:36A9H         LINE#         7534
  C:36B5H         LINE#         7535
  C:36B5H         LINE#         7536
[...]
  C:15D2H         LINE#         318
  C:15D2H         LINE#         319
  C:15D7H         LINE#         320
  C:15DAH         LINE#         321
  C:15E9H         LINE#         322
  C:15E9H         LINE#         323
  C:15FEH         LINE#         324
  C:1603H         LINE#         325
  C:160BH         LINE#         326
  C:1615H         LINE#         327
  C:1623H         LINE#         328
  C:1631H         LINE#         329
  C:1633H         LINE#         331
  C:1633H         LINE#         332
  C:1638H         LINE#         333
  C:163BH         LINE#         334
  C:1653H         LINE#         335
  C:1653H         LINE#         336
  C:166CH         LINE#         337
BL51 BANKED LINKER/LOCATER V6.22                                                      11/25/2021  09:36:09  PAGE 44


  C:1671H         LINE#         338
  C:1679H         LINE#         339
  C:1680H         LINE#         340
  C:1685H         LINE#         341
  C:1685H         LINE#         342
  C:1699H         LINE#         343
  C:1699H         LINE#         344
  C:16A0H         LINE#         345
  C:16A5H         LINE#         346
  C:16A5H         LINE#         347
  C:16B3H         LINE#         348
  C:16B3H         LINE#         349
  -------         ENDPROC       USBXCORE_HANDLE_SETUP
  -------         PROC          USBXCORE_FORCE_STALL
  C:3B4EH         LINE#         356
  C:3B4EH         LINE#         358
  C:3B59H         LINE#         359
  C:3B64H         LINE#         360
  C:3B6AH         LINE#         361
  -------         ENDPROC       USBXCORE_FORCE_STALL
  -------         PROC          USBXCORE_GET_STATUS
  C:34E9H         LINE#         367
  C:34E9H         LINE#         369
  C:34F8H         LINE#         370
  C:34F8H         LINE#         371
  C:34F8H         LINE#         372
  C:34F8H         LINE#         373
  C:34F8H         LINE#         374
  C:34FAH         LINE#         375
  C:34FAH         LINE#         379
  C:34FAH         LINE#         381
  C:3508H         LINE#         385
  C:3508H         LINE#         386
  C:3508H         LINE#         387
  C:3508H         LINE#         388
  C:350AH         LINE#         390
  C:350AH         LINE#         392
  C:3518H         LINE#         396
  C:3518H         LINE#         397
  C:3525H         LINE#         398
  C:3525H         LINE#         399
  C:3527H         LINE#         401
  C:3527H         LINE#         402
  C:3535H         LINE#         403
  C:353EH         LINE#         404
  C:353EH         LINE#         405
  C:353EH         LINE#         406
  C:3540H         LINE#         407
  C:3540H         LINE#         408
  C:3543H         LINE#         409
  C:3543H         LINE#         410
  C:3543H         LINE#         411
  C:354BH         LINE#         412
  C:354BH         LINE#         413
  C:354EH         LINE#         414
  C:3554H         LINE#         415
  C:355BH         LINE#         416
BL51 BANKED LINKER/LOCATER V6.22                                                      11/25/2021  09:36:09  PAGE 45


  C:355BH         LINE#         417
  -------         ENDPROC       USBXCORE_GET_STATUS
  -------         PROC          USBXCORE_CLEAR_FEATURE
  C:3742H         LINE#         423
  C:3742H         LINE#         425
  C:3748H         LINE#         426
  C:3748H         LINE#         428
  C:374FH         LINE#         429
  C:374FH         LINE#         430
  C:375AH         LINE#         436
  C:3765H         LINE#         437
  C:376AH         LINE#         438
  C:376CH         LINE#         440
  C:376CH         LINE#         442
  C:3777H         LINE#         446
  C:3782H         LINE#         447
  C:3787H         LINE#         448
  C:3787H         LINE#         449
  C:3789H         LINE#         451
  C:3789H         LINE#         452
  C:378CH         LINE#         453
  C:378CH         LINE#         454
  C:3797H         LINE#         455
  -------         ENDPROC       USBXCORE_CLEAR_FEATURE
  -------         PROC          USBXCORE_VENDOR_USB_API
  C:2850H         LINE#         462
  C:2850H         LINE#         464
  C:285AH         LINE#         465
  C:285AH         LINE#         466
  C:2861H         LINE#         467
  C:2861H         LINE#         468
  C:2864H         LINE#         469
  C:2867H         LINE#         470
  C:2869H         LINE#         472
  C:2869H         LINE#         473
  C:2870H         LINE#         474
  C:2870H         LINE#         477
  C:287BH         LINE#         482
  C:2886H         LINE#         483
  C:2891H         LINE#         485
  C:2891H         LINE#         486
  C:28A4H         LINE#         487
  C:28A4H         LINE#         488
  C:28A8H         LINE#         489
  C:28B3H         LINE#         491
  C:28B3H         LINE#         492
  C:28C6H         LINE#         493
  C:28C6H         LINE#         494
  C:28CAH         LINE#         495
  C:28D5H         LINE#         497
  C:28DBH         LINE#         498
  C:28E3H         LINE#         499
  C:28E3H         LINE#         500
  C:28E6H         LINE#         501
  C:28E6H         LINE#         502
  C:28E6H         LINE#         503
  C:28F1H         LINE#         504
BL51 BANKED LINKER/LOCATER V6.22                                                      11/25/2021  09:36:09  PAGE 46


  C:28F1H         LINE#         505
  C:28F7H         LINE#         506
  C:28FEH         LINE#         507
  C:28FEH         LINE#         508
  C:2902H         LINE#         509
  C:2902H         LINE#         510
  C:2908H         LINE#         511
  C:290FH         LINE#         512
  C:290FH         LINE#         513
  C:291AH         LINE#         514
  -------         ENDPROC       USBXCORE_VENDOR_USB_API
  -------         PROC          USBXCORE_SET_FEATURE
  C:379AH         LINE#         521
  C:379AH         LINE#         523
  C:37A0H         LINE#         524
  C:37A0H         LINE#         526
  C:37A7H         LINE#         527
  C:37A7H         LINE#         528
  C:37B2H         LINE#         534
  C:37BDH         LINE#         535
  C:37C0H         LINE#         536
  C:37C2H         LINE#         538
  C:37C2H         LINE#         540
  C:37CDH         LINE#         544
  C:37D8H         LINE#         545
  C:37DEH         LINE#         546
  C:37DEH         LINE#         548
  C:37E0H         LINE#         550
  C:37E0H         LINE#         551
  C:37E3H         LINE#         552
  C:37E3H         LINE#         553
  C:37EEH         LINE#         554
  -------         ENDPROC       USBXCORE_SET_FEATURE
  -------         PROC          USBXCORE_SET_ADDRESS
  C:3AF0H         LINE#         561
  C:3AF0H         LINE#         563
  C:3AFFH         LINE#         564
  C:3B05H         LINE#         565
  C:3B05H         LINE#         566
  C:3B08H         LINE#         567
  C:3B0AH         LINE#         569
  C:3B0AH         LINE#         570
  C:3B0DH         LINE#         571
  C:3B0DH         LINE#         572
  -------         ENDPROC       USBXCORE_SET_ADDRESS
  -------         PROC          USBXCORE_GET_DESCRIPTOR
  C:2B52H         LINE#         579
  C:2B52H         LINE#         580
  C:2B61H         LINE#         581
  C:2B61H         LINE#         582
  C:2B61H         LINE#         583
  C:2B6FH         LINE#         584
  C:2B73H         LINE#         585
  C:2B75H         LINE#         586
  C:2B75H         LINE#         587
  C:2B83H         LINE#         588
  C:2B96H         LINE#         589
BL51 BANKED LINKER/LOCATER V6.22                                                      11/25/2021  09:36:09  PAGE 47


  C:2B98H         LINE#         590
  C:2B98H         LINE#         591
  C:2BBCH         LINE#         592
  C:2BC8H         LINE#         593
  C:2BCAH         LINE#         594
  C:2BCAH         LINE#         595
  C:2BCDH         LINE#         596
  C:2BCDH         LINE#         597
  C:2BCDH         LINE#         598
  C:2BE3H         LINE#         599
  C:2BE3H         LINE#         600
  C:2BEBH         LINE#         601
  C:2BEBH         LINE#         602
  C:2BF3H         LINE#         603
  C:2BF3H         LINE#         604
  C:2BF6H         LINE#         605
  C:2BFCH         LINE#         606
  C:2C03H         LINE#         607
  C:2C03H         LINE#         608
  -------         ENDPROC       USBXCORE_GET_DESCRIPTOR
  -------         PROC          USBXCORE_GET_CONFIGURATION
  C:38E8H         LINE#         614
  C:38E8H         LINE#         616
  C:38F0H         LINE#         617
  C:38F0H         LINE#         618
  C:38FCH         LINE#         619
  C:3904H         LINE#         620
  C:3904H         LINE#         621
  C:3908H         LINE#         622
  C:3908H         LINE#         623
  C:3916H         LINE#         624
  C:391EH         LINE#         625
  C:391EH         LINE#         626
  C:3921H         LINE#         627
  C:3927H         LINE#         628
  C:392EH         LINE#         629
  -------         ENDPROC       USBXCORE_GET_CONFIGURATION
  -------         PROC          USBXCORE_SET_CONFIGURATION
  C:36E8H         LINE#         635
  C:36E8H         LINE#         637
  C:36F1H         LINE#         638
  C:36F1H         LINE#         639
  C:36F8H         LINE#         640
  C:36FEH         LINE#         641
  C:3703H         LINE#         642
  C:3705H         LINE#         644
  C:3710H         LINE#         645
  C:371BH         LINE#         646
  C:3726H         LINE#         653
  C:3731H         LINE#         654
  C:3733H         LINE#         656
  C:3733H         LINE#         657
  C:3739H         LINE#         658
  C:373DH         LINE#         659
  C:373FH         LINE#         660
  C:373FH         LINE#         661
  -------         ENDPROC       USBXCORE_SET_CONFIGURATION
BL51 BANKED LINKER/LOCATER V6.22                                                      11/25/2021  09:36:09  PAGE 48


  -------         PROC          USBXCORE_GET_INTERFACE
  C:3A81H         LINE#         668
  C:3A81H         LINE#         670
  C:3A8FH         LINE#         671
  C:3A97H         LINE#         672
  C:3A9AH         LINE#         673
  C:3AA0H         LINE#         674
  C:3AA7H         LINE#         675
  -------         ENDPROC       USBXCORE_GET_INTERFACE
  -------         PROC          USBXCORE_SET_SOP
  C:3BCBH         LINE#         682
  C:3BCBH         LINE#         684
  C:3BD3H         LINE#         685
  C:3BD3H         LINE#         686
  C:3BDEH         LINE#         687
  C:3BDEH         LINE#         688
  -------         ENDPROC       USBXCORE_SET_SOP
  -------         PROC          USBXCORE_USB_ISR
  C:204EH         LINE#         699
  C:206BH         LINE#         702
  C:2071H         LINE#         703
  C:2084H         LINE#         706
  C:2097H         LINE#         709
  C:209BH         LINE#         710
  C:209BH         LINE#         711
  C:20A6H         LINE#         712
  C:20A6H         LINE#         714
  C:20ADH         LINE#         715
  C:20ADH         LINE#         716
  C:20B0H         LINE#         717
  C:20B0H         LINE#         719
  C:20B7H         LINE#         720
  C:20B7H         LINE#         721
  C:20C4H         LINE#         722
  C:20C4H         LINE#         723
  C:20CBH         LINE#         724
  C:20CBH         LINE#         725
  C:20CBH         LINE#         727
  C:20CBH         LINE#         728
  C:20CBH         LINE#         730
  C:20CBH         LINE#         732
  C:20DEH         LINE#         734
  C:20E2H         LINE#         735
  C:20E2H         LINE#         736
  C:20E5H         LINE#         737
  C:20E5H         LINE#         740
  C:20ECH         LINE#         741
  C:20ECH         LINE#         742
  C:20F7H         LINE#         748
  C:210AH         LINE#         749
  C:210FH         LINE#         750
  C:210FH         LINE#         751
  C:2116H         LINE#         752
  C:2116H         LINE#         754
  C:2116H         LINE#         756
  C:2129H         LINE#         759
  C:212DH         LINE#         760
BL51 BANKED LINKER/LOCATER V6.22                                                      11/25/2021  09:36:09  PAGE 49


  C:212DH         LINE#         761
  C:2138H         LINE#         767
  C:214BH         LINE#         768
  C:214FH         LINE#         769
  C:214FH         LINE#         770
  C:2156H         LINE#         771
  C:2156H         LINE#         772
  C:2156H         LINE#         775
  C:2164H         LINE#         776
  C:2169H         LINE#         777
  C:216FH         LINE#         778
  C:2174H         LINE#         781
  C:2181H         LINE#         782
  C:2181H         LINE#         783
  C:2184H         LINE#         784
  C:2184H         LINE#         785
  -------         ENDPROC       USBXCORE_USB_ISR
  -------         ENDMOD        USB_API

  -------         MODULE        USB_SUSPEND
  C:0000H         SYMBOL        _ICE_DUMMY_
  D:00D7H         PUBLIC        USB0XCN
  D:00C9H         PUBLIC        REG0CN
  C:3A07H         PUBLIC        USB_Suspend
  D:00A9H         PUBLIC        CLKSEL
  D:00B2H         PUBLIC        OSCICN
  D:00B9H         PUBLIC        CLKMUL
  -------         PROC          USB_SUSPEND
  C:3A07H         LINE#         70
  C:3A07H         LINE#         72
  C:3A0AH         LINE#         74
  C:3A0DH         LINE#         76
  C:3A15H         LINE#         79
  C:3A18H         LINE#         80
  C:3A1BH         LINE#         81
  C:3A1EH         LINE#         82
  C:3A21H         LINE#         84
  C:3A22H         LINE#         86
  C:3A25H         LINE#         88
  C:3A2BH         LINE#         92
  C:3A2EH         LINE#         94
  C:3A31H         LINE#         95
  -------         ENDPROC       USB_SUSPEND
  -------         ENDMOD        USB_SUSPEND

  -------         MODULE        USB_INT_ENABLE
  C:0000H         SYMBOL        _ICE_DUMMY_
  C:3B86H         PUBLIC        USB_Int_Enable
  D:0096H         PUBLIC        USB0ADR
  D:0097H         PUBLIC        USB0DAT
  -------         PROC          USB_INT_ENABLE
  C:3B86H         LINE#         68
  C:3B86H         LINE#         71
  C:3B8DH         LINE#         73
  C:3B93H         LINE#         74
  C:3B93H         LINE#         75
  C:3B9EH         LINE#         77
BL51 BANKED LINKER/LOCATER V6.22                                                      11/25/2021  09:36:09  PAGE 50


  C:3B9EH         LINE#         78
  -------         ENDPROC       USB_INT_ENABLE
  -------         ENDMOD        USB_INT_ENABLE

  -------         MODULE        USB_CLOCK_RECOVERY
  C:0000H         SYMBOL        _ICE_DUMMY_
  C:3C11H         PUBLIC        USBXcore_ClkRec
  D:0096H         PUBLIC        USB0ADR
  D:0097H         PUBLIC        USB0DAT
  -------         PROC          USBXCORE_CLKREC
  C:3C11H         LINE#         45
  C:3C11H         LINE#         47
  C:3C1CH         LINE#         48
  -------         ENDPROC       USBXCORE_CLKREC
  -------         ENDMOD        USB_CLOCK_RECOVERY

  -------         MODULE        ?C?FPMUL
  C:0C9AH         PUBLIC        ?C?FPMUL
  -------         ENDMOD        ?C?FPMUL

  -------         MODULE        ?C?FCAST
  C:0DAAH         PUBLIC        ?C?FCASTC
  C:0DA5H         PUBLIC        ?C?FCASTI
  C:0DA0H         PUBLIC        ?C?FCASTL
  -------         ENDMOD        ?C?FCAST

  -------         MODULE        ?C?CASTF
  C:0DDEH         PUBLIC        ?C?CASTF
  -------         ENDMOD        ?C?CASTF

  -------         MODULE        ?C?COPY
  C:0F2FH         PUBLIC        ?C?COPY
  -------         ENDMOD        ?C?COPY

  -------         MODULE        ?C?CLDPTR
  C:0F55H         PUBLIC        ?C?CLDPTR
  -------         ENDMOD        ?C?CLDPTR

  -------         MODULE        ?C?CLDOPTR
  C:0F6EH         PUBLIC        ?C?CLDOPTR
  -------         ENDMOD        ?C?CLDOPTR

  -------         MODULE        ?C?IMUL
  C:0F9BH         PUBLIC        ?C?IMUL
  -------         ENDMOD        ?C?IMUL

  -------         MODULE        ?C?IILDX
  C:0FADH         PUBLIC        ?C?IILDX
  -------         ENDMOD        ?C?IILDX

  -------         MODULE        ?C?ILDOPTR
  C:0FC3H         PUBLIC        ?C?ILDOPTR
  -------         ENDMOD        ?C?ILDOPTR

  -------         MODULE        ?C?LMUL
  C:0FFBH         PUBLIC        ?C?LMUL
  -------         ENDMOD        ?C?LMUL
BL51 BANKED LINKER/LOCATER V6.22                                                      11/25/2021  09:36:09  PAGE 51



  -------         MODULE        ?C?ULDIV
  C:1086H         PUBLIC        ?C?ULDIV
  -------         ENDMOD        ?C?ULDIV

  -------         MODULE        ?C?LNEG
  C:1118H         PUBLIC        ?C?LNEG
  -------         ENDMOD        ?C?LNEG

  -------         MODULE        ?C?ULCMP
  C:1126H         PUBLIC        ?C?ULCMP
  -------         ENDMOD        ?C?ULCMP

  -------         MODULE        ?C?ULSHR
  C:1137H         PUBLIC        ?C?ULSHR
  -------         ENDMOD        ?C?ULSHR

  -------         MODULE        ?C?LSHL
  C:114AH         PUBLIC        ?C?LSHL
  -------         ENDMOD        ?C?LSHL

  -------         MODULE        ?C?LLDIPDATA
  C:1166H         PUBLIC        ?C?LLDIPDATA
  C:115DH         PUBLIC        ?C?LLDIPDATA1
  C:115FH         PUBLIC        ?C?LLDIPDATA8
  -------         ENDMOD        ?C?LLDIPDATA

  -------         MODULE        ?C?LSTXDATA
  C:117DH         PUBLIC        ?C?LSTXDATA
  -------         ENDMOD        ?C?LSTXDATA

  -------         MODULE        ?C?LSTPDATA
  C:1189H         PUBLIC        ?C?LSTPDATA
  -------         ENDMOD        ?C?LSTPDATA

  -------         MODULE        ?C?LSTKXDATA
  C:1195H         PUBLIC        ?C?LSTKXDATA
  -------         ENDMOD        ?C?LSTKXDATA

  -------         MODULE        ?C?LSTKPDATA
  C:11C6H         PUBLIC        ?C?LSTKPDATA
  -------         ENDMOD        ?C?LSTKPDATA

  -------         MODULE        ?C_PBP
  D:0008H         PUBLIC        ?C_PBP
  -------         ENDMOD        ?C_PBP

*** WARNING L14: INCOMPATIBLE MEMORY MODEL
    MODULE:  .\USBX_F34X.LIB (USB_API)
    MODEL:   SMALL

*** WARNING L14: INCOMPATIBLE MEMORY MODEL
    MODULE:  .\USBX_F34X.LIB (USB_SUSPEND)
    MODEL:   SMALL

*** WARNING L14: INCOMPATIBLE MEMORY MODEL
    MODULE:  .\USBX_F34X.LIB (USB_INT_ENABLE)
BL51 BANKED LINKER/LOCATER V6.22                                                      11/25/2021  09:36:09  PAGE 52


    MODEL:   SMALL

*** WARNING L14: INCOMPATIBLE MEMORY MODEL
    MODULE:  .\USBX_F34X.LIB (USB_CLOCK_RECOVERY)
    MODEL:   SMALL

*** WARNING L16: UNCALLED SEGMENT, IGNORED FOR OVERLAY PROCESS
    SEGMENT: ?PR?SD_INIT?MMC_SD

*** WARNING L16: UNCALLED SEGMENT, IGNORED FOR OVERLAY PROCESS
    SEGMENT: ?PR?_DISPPIC?LCD

*** WARNING L16: UNCALLED SEGMENT, IGNORED FOR OVERLAY PROCESS
    SEGMENT: ?PR?_DISPPICFROMSD?LCD

*** WARNING L16: UNCALLED SEGMENT, IGNORED FOR OVERLAY PROCESS
    SEGMENT: ?PR?DISPSCALEHOR1?LCD

*** WARNING L16: UNCALLED SEGMENT, IGNORED FOR OVERLAY PROCESS
    SEGMENT: ?PR?DISPSCALEVER?LCD

*** WARNING L16: UNCALLED SEGMENT, IGNORED FOR OVERLAY PROCESS
    SEGMENT: ?PR?DISPSCALEVER_RED?LCD

*** WARNING L16: UNCALLED SEGMENT, IGNORED FOR OVERLAY PROCESS
    SEGMENT: ?PR?DISPSCALEVER_GREEN?LCD

*** WARNING L16: UNCALLED SEGMENT, IGNORED FOR OVERLAY PROCESS
    SEGMENT: ?PR?DISPSCALEVER_BLUE?LCD

*** WARNING L16: UNCALLED SEGMENT, IGNORED FOR OVERLAY PROCESS
    SEGMENT: ?PR?DISPSCALEVER_GRAY?LCD

*** WARNING L16: UNCALLED SEGMENT, IGNORED FOR OVERLAY PROCESS
    SEGMENT: ?PR?DISPGRAYHOR32?LCD

*** WARNING L16: UNCALLED SEGMENT, IGNORED FOR OVERLAY PROCESS
    SEGMENT: ?PR?DISPSCALEHOR2?LCD

*** WARNING L16: UNCALLED SEGMENT, IGNORED FOR OVERLAY PROCESS
    SEGMENT: ?PR?_DRAWGIRD?LCD

*** WARNING L15: MULTIPLE CALL TO SEGMENT
    SEGMENT: ?PR?_WRITECOMM?LCD
    CALLER1: ?PR?USB_API_TEST_ISR?MAIN
    CALLER2: ?C_C51STARTUP

*** WARNING L15: MULTIPLE CALL TO SEGMENT
    SEGMENT: ?PR?_WRITEDATA?LCD
    CALLER1: ?PR?USB_API_TEST_ISR?MAIN
    CALLER2: ?C_C51STARTUP

Program Size: data=10.0 xdata=1219 code=15413
LINK/LOCATE RUN COMPLETE.  18 WARNING(S),  0 ERROR(S)
