BL51 BANKED LINKER/LOCATER V6.22                                                        04/20/2021  14:51:13  PAGE 1


BL51 BANKED LINKER/LOCATER V6.22, INVOKED BY:
C:\KEIL\C51\BIN\BL51.EXE main.obj, mmc_sd.obj, lcd.obj, tp.obj, .\USBX_F34X.LIB TO LI9488_CTC32_H8 RAMSIZE (256)


MEMORY MODEL: COMPACT WITH FLOATING POINT ARITHMETIC


INPUT MODULES INCLUDED:
  main.obj (MAIN)
  mmc_sd.obj (MMC_SD)
  lcd.obj (LCD)
  tp.obj (TP)
  .\USBX_F34X.LIB (USB_API)
  .\USBX_F34X.LIB (USB_CLOCK_START)
  .\USBX_F34X.LIB (USB_SUSPEND)
  .\USBX_F34X.LIB (GET_INTERRUPT_SOURCE)
  .\USBX_F34X.LIB (BLOCK_READ)
  .\USBX_F34X.LIB (BLOCK_WRITE)
  .\USBX_F34X.LIB (USB_INT_ENABLE)
  .\USBX_F34X.LIB (USB_CLOCK_RECOVERY)
  .\USBX_F34X.LIB (USB_JUMP_ISR)
  C:\KEIL\C51\LIB\C51FPC.LIB (?C?FPMUL)
  C:\KEIL\C51\LIB\C51FPC.LIB (?C?FCAST)
  C:\KEIL\C51\LIB\C51FPC.LIB (?C?CASTF)
  C:\KEIL\C51\LIB\C51FPC.LIB (?C?FPGETOPN)
  C:\KEIL\C51\LIB\C51C.LIB (?C_STARTUP)
  C:\KEIL\C51\LIB\C51C.LIB (?C?COPY)
  C:\KEIL\C51\LIB\C51C.LIB (?C?CLDPTR)
  C:\KEIL\C51\LIB\C51C.LIB (?C?CLDOPTR)
  C:\KEIL\C51\LIB\C51C.LIB (?C?IMUL)
  C:\KEIL\C51\LIB\C51C.LIB (?C?IILDX)
  C:\KEIL\C51\LIB\C51C.LIB (?C?ILDOPTR)
  C:\KEIL\C51\LIB\C51C.LIB (?C?LMUL)
  C:\KEIL\C51\LIB\C51C.LIB (?C?ULDIV)
  C:\KEIL\C51\LIB\C51C.LIB (?C?LNEG)
  C:\KEIL\C51\LIB\C51C.LIB (?C?ULCMP)
  C:\KEIL\C51\LIB\C51C.LIB (?C?ULSHR)
  C:\KEIL\C51\LIB\C51C.LIB (?C?LSHL)
  C:\KEIL\C51\LIB\C51C.LIB (?C?LLDIPDATA)
  C:\KEIL\C51\LIB\C51C.LIB (?C?LSTXDATA)
  C:\KEIL\C51\LIB\C51C.LIB (?C?LSTPDATA)
  C:\KEIL\C51\LIB\C51C.LIB (?C?LSTKXDATA)
  C:\KEIL\C51\LIB\C51C.LIB (?C?LSTKPDATA)
  C:\KEIL\C51\LIB\C51C.LIB (?C_PBP)
  C:\KEIL\C51\LIB\C51C.LIB (?C_INIT)


LINK MAP OF MODULE:  LI9488_CTC32_H8 (MAIN)


            TYPE    BASE      LENGTH    RELOCATION   SEGMENT NAME
            -----------------------------------------------------

            * * * * * * *   D A T A   M E M O R Y   * * * * * * *
            REG     0000H     0008H     ABSOLUTE     "REG BANK 0"
            DATA    0008H     0001H     UNIT         ?C?LIB_DATA
            IDATA   0009H     0001H     UNIT         ?STACK

BL51 BANKED LINKER/LOCATER V6.22                                                      04/20/2021  14:51:13  PAGE 2


            * * * * * * *  X D A T A   M E M O R Y  * * * * * * *
            XDATA   0000H     0010H     INPAGE       ?PD?MAIN
            XDATA   0010H     0004H     INPAGE       ?PD?_MMC_SD_READSINGLEBLOCK?MMC_SD
            XDATA   0014H     0008H     INPAGE       ?PD?_LCD_READ_IC_ID?LCD
            XDATA   001CH     0005H     INPAGE       ?PD?_DISPPIC?LCD
            XDATA   0021H     000DH     INPAGE       ?PD?_DISPPICFROMSD?LCD
            XDATA   002EH     0004H     INPAGE       ?PD?DISPSCALEHOR1?LCD
            XDATA   0032H     0004H     INPAGE       ?PD?DISPSCALEVER?LCD
            XDATA   0036H     0004H     INPAGE       ?PD?DISPSCALEVER_RED?LCD
            XDATA   003AH     0004H     INPAGE       ?PD?DISPSCALEVER_GREEN?LCD
            XDATA   003EH     0004H     INPAGE       ?PD?DISPSCALEVER_BLUE?LCD
            XDATA   0042H     0004H     INPAGE       ?PD?DISPSCALEVER_GRAY?LCD
            XDATA   0046H     0004H     INPAGE       ?PD?DISPGRAYHOR32?LCD
            XDATA   004AH     0002H     INPAGE       ?PD?DISPSCALEHOR2?LCD
            XDATA   004CH     000CH     INPAGE       ?PD?_DRAWLINE?LCD
            XDATA   0058H     0004H     INPAGE       ?PD?_DRAWGIRD?LCD
            XDATA   005CH     0002H     INPAGE       ?PD?LCD
            XDATA   005EH     0026H     INPAGE       _PDATA_GROUP_
            XDATA   0084H     0200H     UNIT         ?XD?MMC_SD
            XDATA   0284H     0058H     UNIT         _XDATA_GROUP_
            XDATA   02DCH     0040H     UNIT         ?XD?MAIN
                    031CH     0324H                  *** GAP ***
            XDATA   0640H     0100H     ABSOLUTE     
            XDATA   0740H     0012H     ABSOLUTE     
            XDATA   0752H     0020H     ABSOLUTE     
            XDATA   0772H     000CH     ABSOLUTE     
            XDATA   077EH     0008H     ABSOLUTE     
            XDATA   0786H     0001H     ABSOLUTE     
            XDATA   0787H     0003H     ABSOLUTE     
            XDATA   078AH     0002H     ABSOLUTE     
            XDATA   078CH     0002H     ABSOLUTE     
            XDATA   078EH     0003H     ABSOLUTE     
            XDATA   0791H     0001H     ABSOLUTE     
            XDATA   0792H     0001H     ABSOLUTE     
            XDATA   0793H     0001H     ABSOLUTE     
            XDATA   0794H     0001H     ABSOLUTE     
            XDATA   0795H     0002H     ABSOLUTE     
            XDATA   0797H     0002H     ABSOLUTE     
            XDATA   0799H     0001H     ABSOLUTE     
            XDATA   079AH     0001H     ABSOLUTE     
            XDATA   079BH     0001H     ABSOLUTE     
            XDATA   079CH     0001H     ABSOLUTE     
            XDATA   079DH     0001H     ABSOLUTE     
            XDATA   079EH     0001H     ABSOLUTE     
            XDATA   079FH     0002H     ABSOLUTE     
            XDATA   07A1H     0001H     ABSOLUTE     
            XDATA   07A2H     0001H     ABSOLUTE     
            XDATA   07A3H     000CH     ABSOLUTE     
                    07AFH     0011H                  *** GAP ***
            XDATA   07C0H     0040H     ABSOLUTE     

            * * * * * * *   C O D E   M E M O R Y   * * * * * * *
            CODE    0000H     0003H     ABSOLUTE     
            CODE    0003H     003AH     UNIT         ?CO?USB_API
            CODE    003DH     0003H     UNIT         ?PR?SUSPEND_DEVICE?MAIN
                    0040H     0003H                  *** GAP ***
            CODE    0043H     0003H     ABSOLUTE     
BL51 BANKED LINKER/LOCATER V6.22                                                      04/20/2021  14:51:13  PAGE 3


            CODE    0046H     0044H     UNIT         ?PR?_DISPCOLOR?LCD
                    008AH     0001H                  *** GAP ***
            CODE    008BH     0003H     ABSOLUTE     
            CODE    008EH     A600H     UNIT         ?CO?LCD
            CODE    A68EH     060DH     UNIT         ?PR?CONNTOUSB?MAIN
            CODE    AC9BH     0545H     UNIT         ?C?LIB_CODE
            CODE    B1E0H     0233H     UNIT         ?PR?USBXCORE_HANDLE_SETUP?USB_API
            CODE    B413H     0232H     UNIT         ?PR?_LCD_READ_IC_ID?LCD
            CODE    B645H     021EH     UNIT         ?PR?DISPSCALEHOR1?LCD
            CODE    B863H     01BAH     UNIT         ?PR?DISPSCALEHOR2?LCD
            CODE    BA1DH     01A2H     UNIT         ?PR?TP_DRAWLINE?TP
            CODE    BBBFH     018EH     UNIT         ?PR?DISPBAND?LCD
            CODE    BD4DH     0178H     UNIT         ?PR?LCD_INIT?LCD
            CODE    BEC5H     0151H     UNIT         ?PR?USBXCORE_USB_ISR?USB_API
            CODE    C016H     013DH     UNIT         ?PR?USB_API_TEST_ISR?MAIN
            CODE    C153H     0137H     UNIT         ?PR?_USB_INIT?USB_API
            CODE    C28AH     0128H     UNIT         ?PR?DISPSCALEVER?LCD
            CODE    C3B2H     011BH     UNIT         ?PR?_TP_GETPOSITION?TP
            CODE    C4CDH     0111H     UNIT         ?PR?_BLOCK_WRITE?BLOCK_WRITE
            CODE    C5DEH     00E9H     UNIT         ?PR?_DISPPICFROMSD?LCD
            CODE    C6C7H     00CDH     UNIT         ?PR?USBXCORE_VENDOR_USB_API?USB_API
            CODE    C794H     00CBH     UNIT         ?PR?_DISPONECHAR?LCD
            CODE    C85FH     00B7H     UNIT         ?PR?MMC_SD_RESET?MMC_SD
            CODE    C916H     00B4H     UNIT         ?PR?_DISPINT?LCD
            CODE    C9CAH     00B2H     UNIT         ?PR?USBXCORE_GET_DESCRIPTOR?USB_API
            CODE    CA7CH     00AFH     UNIT         ?PR?_BLOCK_READ?BLOCK_READ
            CODE    CB2BH     00A4H     UNIT         ?PR?DISPFRAME?LCD
            CODE    CBCFH     009EH     UNIT         ?PR?DISPSCALEVER_GREEN?LCD
            CODE    CC6DH     009CH     UNIT         ?PR?_?BLOCKWRITE?LCD
            CODE    CD09H     009BH     UNIT         ?PR?DISPGRAYHOR16?LCD
            CODE    CDA4H     0096H     UNIT         ?PR?_DISPSTR?LCD
            CODE    CE3AH     0091H     UNIT         ?PR?DISPSCALEVER_RED?LCD
            CODE    CECBH     0091H     UNIT         ?PR?DISPSCALEVER_GRAY?LCD
            CODE    CF5CH     0090H     UNIT         ?PR?_DRAWGIRD?LCD
            CODE    CFECH     008CH     UNIT         ?C_C51STARTUP
            CODE    D078H     0086H     UNIT         ?PR?DISPSCALEVER_BLUE?LCD
            CODE    D0FEH     0086H     UNIT         ?PR?_DRAWLINE?LCD
            CODE    D184H     007DH     UNIT         ?PR?_MMC_SD_WRITESINGLEBLOCK?MMC_SD
            CODE    D201H     0078H     UNIT         ?PR?DISPGRAYHOR32?LCD
            CODE    D279H     0075H     UNIT         ?PR?_MMC_SD_SENDCOMMAND?MMC_SD
            CODE    D2EEH     0073H     UNIT         ?PR?TP_READ?TP
            CODE    D361H     0073H     UNIT         ?PR?USBXCORE_GET_STATUS?USB_API
            CODE    D3D4H     006CH     UNIT         ?PR?DEVICES_INIT?MAIN
            CODE    D440H     0064H     UNIT         ?PR?_MMC_SD_READSINGLEBLOCK?MMC_SD
            CODE    D4A4H     0063H     UNIT         ?PR?_DISPPIC?LCD
            CODE    D507H     005BH     UNIT         ?PR?_TOORD?LCD
            CODE    D562H     005AH     UNIT         ?PR?USBXCORE_SET_CONFIGURATION?USB_API
            CODE    D5BCH     0058H     UNIT         ?PR?USBXCORE_CLEAR_FEATURE?USB_API
            CODE    D614H     0057H     UNIT         ?PR?USBXCORE_SET_FEATURE?USB_API
            CODE    D66BH     0055H     UNIT         ?PR?_STOPDELAY?MAIN
            CODE    D6C0H     0052H     UNIT         ?PR?_PUTPIXEL?LCD
            CODE    D712H     0050H     UNIT         ?CO?MAIN
            CODE    D762H     0047H     UNIT         ?PR?USBXCORE_GET_CONFIGURATION?USB_API
            CODE    D7A9H     0043H     UNIT         ?PR?MCU_INIT?MAIN
            CODE    D7ECH     0038H     UNIT         ?PR?USB_CLOCK_START?USB_CLOCK_START
            CODE    D824H     002DH     UNIT         ?C_INITSEG
            CODE    D851H     002CH     UNIT         ?PR?_WRITEDISPDATA?LCD
BL51 BANKED LINKER/LOCATER V6.22                                                      04/20/2021  14:51:13  PAGE 4


            CODE    D87DH     002BH     UNIT         ?PR?USB_SUSPEND?USB_SUSPEND
            CODE    D8A8H     0027H     UNIT         ?PR?MAIN?MAIN
            CODE    D8CFH     0027H     UNIT         ?PR?USBXCORE_USB_RESET?USB_API
            CODE    D8F6H     0027H     UNIT         ?PR?USBXCORE_GET_INTERFACE?USB_API
            CODE    D91DH     0026H     UNIT         ?PR?_TP_WRITE?TP
            CODE    D943H     0022H     UNIT         ?PR?USBXCORE_JUMP_ISR?USB_JUMP_ISR
            CODE    D965H     0020H     UNIT         ?PR?READDATA?LCD
            CODE    D985H     0020H     UNIT         ?PR?USBXCORE_SET_ADDRESS?USB_API
            CODE    D9A5H     001FH     UNIT         ?PR?_DELAY?MAIN
            CODE    D9C4H     001DH     UNIT         ?PR?USBXCORE_FORCE_STALL?USB_API
            CODE    D9E1H     001CH     UNIT         ?PR?_WRITECOMM?LCD
            CODE    D9FDH     001AH     UNIT         ?PR?_WRITEDATA?LCD
            CODE    DA17H     0019H     UNIT         ?PR?USB_INT_ENABLE?USB_INT_ENABLE
            CODE    DA30H     0016H     UNIT         ?PR?_SPI_WRITEBYTE?MMC_SD
            CODE    DA46H     0014H     UNIT         ?PR?USBXCORE_SET_SOP?USB_API
            CODE    DA5AH     0013H     UNIT         ?PR?WAITKEY?MAIN
            CODE    DA6DH     0011H     UNIT         ?PR?SD_INIT?MMC_SD
            CODE    DA7EH     000EH     UNIT         ?PR?GET_INTERRUPT_SOURCE?GET_INTERRUPT_SOURCE
            CODE    DA8CH     000CH     UNIT         ?PR?USBXCORE_CLKREC?USB_CLOCK_RECOVERY
            CODE    DA98H     000BH     UNIT         ?PR?SPI_READBYTE?MMC_SD
            CODE    DAA3H     0009H     UNIT         ?PR?_WRITEONEDOT?LCD



OVERLAY MAP OF MODULE:   LI9488_CTC32_H8 (MAIN)


SEGMENT                                            PDATA_GROUP         XDATA_GROUP
  +--> CALLED SEGMENT                            START    LENGTH     START    LENGTH
------------------------------------------------------------------------------------
?PR?USB_API_TEST_ISR?MAIN                        005EH    0001H      -----    -----
  +--> ?PR?GET_INTERRUPT_SOURCE?GET_INTERRUP...
  +--> ?PR?_BLOCK_READ?BLOCK_READ
  +--> ?PR?SUSPEND_DEVICE?MAIN
  +--> ?PR?MCU_INIT?MAIN
  +--> ?PR?_?BLOCKWRITE?LCD

?PR?SUSPEND_DEVICE?MAIN                          -----    -----      -----    -----
  +--> ?PR?USB_SUSPEND?USB_SUSPEND

?PR?USB_SUSPEND?USB_SUSPEND                      -----    -----      -----    -----
  +--> ?PR?USB_CLOCK_START?USB_CLOCK_START

?PR?_?BLOCKWRITE?LCD                             -----    -----      -----    -----
  +--> ?PR?_WRITECOMM?LCD
  +--> ?PR?_WRITEDATA?LCD

?PR?_WRITECOMM?LCD                               0082H    0001H      -----    -----

?PR?_WRITEDATA?LCD                               0082H    0002H      -----    -----

*** NEW ROOT ***************************************************

?PR?USBXCORE_USB_ISR?USB_API                     -----    -----      -----    -----
  +--> ?PR?USBXCORE_USB_RESET?USB_API
  +--> ?PR?USBXCORE_HANDLE_SETUP?USB_API
  +--> ?PR?USBXCORE_JUMP_ISR?USB_JUMP_ISR
BL51 BANKED LINKER/LOCATER V6.22                                                      04/20/2021  14:51:13  PAGE 5



?PR?USBXCORE_HANDLE_SETUP?USB_API                -----    -----      -----    -----
  +--> ?PR?USBXCORE_GET_STATUS?USB_API
  +--> ?PR?USBXCORE_CLEAR_FEATURE?USB_API
  +--> ?PR?USBXCORE_VENDOR_USB_API?USB_API
  +--> ?PR?USBXCORE_SET_FEATURE?USB_API
  +--> ?PR?USBXCORE_SET_ADDRESS?USB_API
  +--> ?PR?USBXCORE_GET_DESCRIPTOR?USB_API
  +--> ?PR?USBXCORE_GET_CONFIGURATION?USB_API
  +--> ?PR?USBXCORE_SET_CONFIGURATION?USB_API
  +--> ?PR?USBXCORE_GET_INTERFACE?USB_API
  +--> ?PR?USBXCORE_SET_SOP?USB_API
  +--> ?PR?USBXCORE_FORCE_STALL?USB_API

?PR?USBXCORE_GET_STATUS?USB_API                  -----    -----      -----    -----
  +--> ?CO?USB_API
  +--> ?PR?USBXCORE_FORCE_STALL?USB_API
  +--> ?PR?USBXCORE_SET_SOP?USB_API

?PR?USBXCORE_CLEAR_FEATURE?USB_API               -----    -----      -----    -----
  +--> ?PR?USBXCORE_FORCE_STALL?USB_API
  +--> ?PR?USBXCORE_SET_SOP?USB_API

?PR?USBXCORE_VENDOR_USB_API?USB_API              -----    -----      -----    -----
  +--> ?PR?USBXCORE_SET_SOP?USB_API

?PR?USBXCORE_SET_FEATURE?USB_API                 -----    -----      -----    -----
  +--> ?PR?USBXCORE_FORCE_STALL?USB_API
  +--> ?PR?USBXCORE_SET_SOP?USB_API

?PR?USBXCORE_SET_ADDRESS?USB_API                 -----    -----      -----    -----
  +--> ?PR?USBXCORE_SET_SOP?USB_API

?PR?USBXCORE_GET_DESCRIPTOR?USB_API              -----    -----      -----    -----
  +--> ?PR?USBXCORE_FORCE_STALL?USB_API
  +--> ?PR?USBXCORE_SET_SOP?USB_API

?PR?USBXCORE_GET_CONFIGURATION?USB_API           -----    -----      -----    -----
  +--> ?CO?USB_API
  +--> ?PR?USBXCORE_SET_SOP?USB_API

?PR?USBXCORE_SET_CONFIGURATION?USB_API           -----    -----      -----    -----
  +--> ?PR?USBXCORE_SET_SOP?USB_API

?PR?USBXCORE_GET_INTERFACE?USB_API               -----    -----      -----    -----
  +--> ?CO?USB_API
  +--> ?PR?USBXCORE_SET_SOP?USB_API

*** NEW ROOT ***************************************************

?C_C51STARTUP                                    -----    -----      -----    -----
  +--> ?PR?MAIN?MAIN
  +--> ?C_INITSEG

?PR?MAIN?MAIN                                    -----    -----      -----    -----
  +--> ?PR?DEVICES_INIT?MAIN
  +--> ?PR?DISPFRAME?LCD
BL51 BANKED LINKER/LOCATER V6.22                                                      04/20/2021  14:51:13  PAGE 6


  +--> ?PR?_STOPDELAY?MAIN
  +--> ?PR?DISPBAND?LCD
  +--> ?PR?DISPGRAYHOR16?LCD
  +--> ?PR?_DISPCOLOR?LCD
  +--> ?PR?TP_DRAWLINE?TP

?PR?DEVICES_INIT?MAIN                            -----    -----      -----    -----
  +--> ?PR?MCU_INIT?MAIN
  +--> ?PR?USB_CLOCK_START?USB_CLOCK_START
  +--> ?CO?MAIN
  +--> ?PR?_USB_INIT?USB_API
  +--> ?PR?USB_INT_ENABLE?USB_INT_ENABLE
  +--> ?PR?LCD_INIT?LCD

?PR?_USB_INIT?USB_API                            -----    -----      0284H    0011H
  +--> ?CO?USB_API
  +--> ?PR?USBXCORE_CLKREC?USB_CLOCK_RECOVERY

?PR?LCD_INIT?LCD                                 -----    -----      -----    -----
  +--> ?PR?READDATA?LCD
  +--> ?PR?_DELAY?MAIN
  +--> ?PR?_WRITECOMM?LCD
  +--> ?PR?_WRITEDATA?LCD

?PR?READDATA?LCD                                 -----    -----      -----    -----
  +--> ?PR?_WRITECOMM?LCD
  +--> ?PR?_WRITEDATA?LCD

?PR?DISPFRAME?LCD                                0061H    0002H      -----    -----
  +--> ?PR?_?BLOCKWRITE?LCD
  +--> ?PR?_WRITEDISPDATA?LCD

?PR?_WRITEDISPDATA?LCD                           0082H    0001H      -----    -----

?PR?_STOPDELAY?MAIN                              0061H    0004H      -----    -----
  +--> ?PR?WAITKEY?MAIN
  +--> ?PR?_DELAY?MAIN

?PR?WAITKEY?MAIN                                 -----    -----      -----    -----
  +--> ?PR?CONNTOUSB?MAIN
  +--> ?PR?_DELAY?MAIN

?PR?CONNTOUSB?MAIN                               0065H    0005H      0284H    0058H
  +--> ?CO?MAIN
  +--> ?PR?_WRITECOMM?LCD
  +--> ?PR?_WRITEDATA?LCD
  +--> ?PR?_DISPSTR?LCD
  +--> ?PR?_DISPINT?LCD
  +--> ?PR?_WRITEDISPDATA?LCD
  +--> ?PR?_MMC_SD_WRITESINGLEBLOCK?MMC_SD
  +--> ?PR?_BLOCK_WRITE?BLOCK_WRITE
  +--> ?PR?READDATA?LCD
  +--> ?PR?_DELAY?MAIN

?PR?_DISPSTR?LCD                                 006AH    000BH      -----    -----
  +--> ?PR?_TOORD?LCD
  +--> ?PR?_DISPONECHAR?LCD
BL51 BANKED LINKER/LOCATER V6.22                                                      04/20/2021  14:51:13  PAGE 7



?PR?_DISPONECHAR?LCD                             0075H    000DH      -----    -----
  +--> ?PR?_?BLOCKWRITE?LCD
  +--> ?CO?LCD
  +--> ?PR?_WRITEONEDOT?LCD

?PR?_WRITEONEDOT?LCD                             -----    -----      -----    -----
  +--> ?PR?_WRITEDISPDATA?LCD

?PR?_DISPINT?LCD                                 006AH    000AH      -----    -----
  +--> ?PR?_DISPONECHAR?LCD

?PR?_MMC_SD_WRITESINGLEBLOCK?MMC_SD              006AH    0004H      -----    -----
  +--> ?PR?_MMC_SD_SENDCOMMAND?MMC_SD
  +--> ?PR?_SPI_WRITEBYTE?MMC_SD

?PR?_MMC_SD_SENDCOMMAND?MMC_SD                   006EH    0005H      -----    -----
  +--> ?PR?_SPI_WRITEBYTE?MMC_SD

?PR?DISPBAND?LCD                                 0061H    0005H      -----    -----
  +--> ?PR?_?BLOCKWRITE?LCD
  +--> ?PR?_WRITEDISPDATA?LCD

?PR?DISPGRAYHOR16?LCD                            0061H    0004H      -----    -----
  +--> ?PR?_?BLOCKWRITE?LCD
  +--> ?PR?_WRITEDISPDATA?LCD

?PR?_DISPCOLOR?LCD                               0061H    0004H      -----    -----
  +--> ?PR?_?BLOCKWRITE?LCD
  +--> ?PR?_WRITEDISPDATA?LCD

?PR?TP_DRAWLINE?TP                               -----    -----      0284H    0018H
  +--> ?PR?_DISPCOLOR?LCD
  +--> ?PR?_DELAY?MAIN
  +--> ?PR?_TP_GETPOSITION?TP
  +--> ?PR?_PUTPIXEL?LCD

?PR?_TP_GETPOSITION?TP                           -----    -----      029CH    001BH
  +--> ?PR?_TP_WRITE?TP
  +--> ?PR?TP_READ?TP

?PR?_TP_WRITE?TP                                 -----    -----      02B7H    0001H

?PR?TP_READ?TP                                   -----    -----      02B7H    0005H

?PR?_PUTPIXEL?LCD                                0061H    0002H      -----    -----
  +--> ?PR?_?BLOCKWRITE?LCD
  +--> ?PR?_WRITEDISPDATA?LCD



SYMBOL TABLE OF MODULE:  LI9488_CTC32_H8 (MAIN)

  VALUE           TYPE          NAME
  ----------------------------------

  -------         MODULE        MAIN
BL51 BANKED LINKER/LOCATER V6.22                                                      04/20/2021  14:51:13  PAGE 8


  C:0000H         SYMBOL        _ICE_DUMMY_
  D:0080H         PUBLIC        P0
  X:0000H         PUBLIC        f_down
  D:0090H         PUBLIC        P1
  D:00A0H         PUBLIC        P2
  D:00B0H         PUBLIC        P3
  C:D75DH         PUBLIC        USB_MaxPower
  B:00B0H.6       PUBLIC        KEY_STEP
  D:00A4H         PUBLIC        P0MDOUT
  D:00A5H         PUBLIC        P1MDOUT
  D:00A6H         PUBLIC        P2MDOUT
  D:00A7H         PUBLIC        P3MDOUT
  D:00AEH         PUBLIC        P4MDOUT
  B:0080H.6       PUBLIC        OE
  D:00D9H         PUBLIC        PCA0MD
  C:C016H         PUBLIC        USB_API_TEST_ISR
  C:003DH         PUBLIC        Suspend_Device
  C:D66FH         PUBLIC        _StopDelay
  D:00E1H         PUBLIC        XBR0
  D:00E2H         PUBLIC        XBR1
  B:00B0H.1       PUBLIC        RS
  C:D8A8H         PUBLIC        main
  X:0001H         PUBLIC        VerifyCode0
  X:0002H         PUBLIC        VerifyCode1
  C:D727H         PUBLIC        USB_PID
  X:0003H         PUBLIC        VerifyCode2
  D:00F1H         PUBLIC        P0MDIN
  D:00F2H         PUBLIC        P1MDIN
  C:D729H         PUBLIC        USB_MfrStr
  D:00F4H         PUBLIC        P3MDIN
  C:D725H         PUBLIC        USB_VID
  D:00F8H         PUBLIC        SPI0CN
  X:0004H         PUBLIC        pic
  C:D3D4H         PUBLIC        Devices_Init
  C:A68EH         PUBLIC        ConnToUSB
  D:00A9H         PUBLIC        CLKSEL
  D:00B2H         PUBLIC        OSCICN
  C:D75EH         PUBLIC        USB_PwAttributes
  C:DA5AH         PUBLIC        WaitKey
  C:D761H         SYMBOL        _?ix1000
  B:00B0H.0       PUBLIC        CS0
  X:0005H         PUBLIC        bf
  C:D75FH         PUBLIC        USB_bcdDevice
  D:00B9H         PUBLIC        CLKMUL
  X:0007H         PUBLIC        f_debug
  X:0008H         PUBLIC        sd
  X:02DCH         PUBLIC        Packet
  C:D7A9H         PUBLIC        MCU_Init
  B:0080H.7       PUBLIC        DIR
  D:00EFH         PUBLIC        RSTSRC
  X:000CH         PUBLIC        f_read
  C:D753H         PUBLIC        USB_SerialStr
  X:000DH         PUBLIC        f_other
  C:D743H         PUBLIC        USB_ProductStr
  X:000EH         PUBLIC        f_para
  D:00A1H         PUBLIC        SPI0CFG
  C:D9A5H         PUBLIC        _Delay
BL51 BANKED LINKER/LOCATER V6.22                                                      04/20/2021  14:51:13  PAGE 9


  B:00B0H.7       PUBLIC        KEY_Stop
  X:000FH         PUBLIC        f_init
  -------         PROC          MAIN
  C:D8A8H         LINE#         40
  C:D8A8H         LINE#         41
  C:D8A8H         LINE#         46
  C:D8ABH         LINE#         48
  C:D8AEH         LINE#         49
  C:D8AEH         LINE#         54
  C:D8B4H         LINE#         59
  C:D8BAH         LINE#         60
  C:D8C0H         LINE#         61
  C:D8C9H         LINE#         82
  C:D8CCH         LINE#         84
  C:D8CEH         LINE#         85
  -------         ENDPROC       MAIN
  -------         PROC          _DELAY
  D:0006H         SYMBOL        dly
  -------         DO            
  D:0004H         SYMBOL        i
  D:0002H         SYMBOL        j
  -------         ENDDO         
  C:D9A5H         LINE#         88
  C:D9A5H         LINE#         89
  C:D9A5H         LINE#         92
  C:D9AFH         LINE#         93
  C:D9C3H         LINE#         94
  -------         ENDPROC       _DELAY
  C:D66BH         SYMBOL        L?0133
  -------         PROC          L?0132
  -------         ENDPROC       L?0132
  C:D66BH         SYMBOL        L?0133
  -------         PROC          _STOPDELAY
  X:0061H         SYMBOL        sdly
  -------         DO            
  D:0006H         SYMBOL        i
  D:0004H         SYMBOL        j
  X:0063H         SYMBOL        k
  -------         ENDDO         
  C:D66FH         LINE#         96
  C:D676H         LINE#         97
  C:D676H         LINE#         99
  C:D67BH         LINE#         100
  C:D67BH         LINE#         101
  C:D67EH         LINE#         102
  C:D67EH         LINE#         103
  C:D68BH         LINE#         104
  C:D69FH         LINE#         105
  C:D69FH         LINE#         107
  C:D69FH         LINE#         108
  C:D6A9H         LINE#         109
  C:D6A9H         LINE#         110
  C:D6BFH         LINE#         111
  -------         ENDPROC       _STOPDELAY
  -------         PROC          WAITKEY
  C:DA5AH         LINE#         140
  C:DA5AH         LINE#         141
BL51 BANKED LINKER/LOCATER V6.22                                                      04/20/2021  14:51:13  PAGE 10


  C:DA5AH         LINE#         143
  C:DA5DH         LINE#         144
  C:DA5DH         LINE#         146
  C:DA60H         LINE#         148
  C:DA62H         LINE#         149
  C:DA69H         LINE#         150
  C:DA6CH         LINE#         152
  -------         ENDPROC       WAITKEY
  -------         PROC          CONNTOUSB
  -------         DO            
  X:0065H         SYMBOL        i
  X:0284H         SYMBOL        reg_data
  X:029CH         SYMBOL        para_data
  D:0007H         SYMBOL        dat
  X:0066H         SYMBOL        reg_index
  X:0068H         SYMBOL        data_num
  X:0069H         SYMBOL        st
  -------         ENDDO         
  C:A68EH         LINE#         157
  C:A68EH         LINE#         158
  C:A68EH         LINE#         165
  C:A6A1H         LINE#         167
  C:A6A9H         LINE#         168
  C:A6A9H         LINE#         169
  C:A6B7H         LINE#         170
  C:A6B7H         LINE#         171
  C:A6C8H         LINE#         172
  C:A6C8H         LINE#         173
  C:A6EEH         LINE#         174
  C:A6F0H         LINE#         175
  C:A704H         LINE#         176
  C:A704H         LINE#         177
  C:A72AH         LINE#         179
  C:A72AH         LINE#         180
  C:A72AH         LINE#         181
  C:A72AH         LINE#         183
  C:A72AH         LINE#         184
  C:A732H         LINE#         185
  C:A73CH         LINE#         186
  C:A746H         LINE#         188
  C:A762H         LINE#         190
  C:A76CH         LINE#         191
  C:A76CH         LINE#         192
  C:A77DH         LINE#         193
  C:A77DH         LINE#         194
  C:A78EH         LINE#         195
  C:A78EH         LINE#         196
  C:A7E1H         LINE#         197
  C:A7E3H         LINE#         198
  C:A7F9H         LINE#         199
  C:A7F9H         LINE#         200
  C:A84BH         LINE#         201
  C:A84BH         LINE#         202
  C:A84BH         LINE#         203
  C:A84BH         LINE#         205
  C:A84BH         LINE#         206
  C:A853H         LINE#         207
BL51 BANKED LINKER/LOCATER V6.22                                                      04/20/2021  14:51:13  PAGE 11


  C:A853H         LINE#         208
  C:A85DH         LINE#         209
  C:A867H         LINE#         211
  C:A86BH         LINE#         212
  C:A86EH         LINE#         216
  C:A876H         LINE#         217
  C:A876H         LINE#         218
  C:A885H         LINE#         219
  C:A885H         LINE#         220
  C:A887H         LINE#         222
  C:A889H         LINE#         223
  C:A8A5H         LINE#         224
  C:A8A7H         LINE#         226
  C:A8D0H         LINE#         227
  C:A8F4H         LINE#         228
  C:A8FEH         LINE#         229
  C:A8FEH         LINE#         230
  C:A906H         LINE#         231
  C:A90DH         LINE#         232
  C:A918H         LINE#         233
  C:A91EH         LINE#         234
  C:A91EH         LINE#         235
  C:A927H         LINE#         237
  C:A92BH         LINE#         238
  C:A937H         LINE#         239
  C:A93AH         LINE#         242
  C:A942H         LINE#         243
  C:A942H         LINE#         244
  C:A94BH         LINE#         245
  C:A94BH         LINE#         246
  C:A95BH         LINE#         247
  C:A95BH         LINE#         248
  C:A95DH         LINE#         250
  C:A95FH         LINE#         251
  C:A97BH         LINE#         252
  C:A97DH         LINE#         254
  C:A9A6H         LINE#         255
  C:A9CAH         LINE#         257
  C:A9D4H         LINE#         258
  C:A9D4H         LINE#         259
  C:A9DCH         LINE#         260
  C:A9E3H         LINE#         261
  C:A9EEH         LINE#         262
  C:A9F4H         LINE#         263
  C:A9F4H         LINE#         265
  C:A9FDH         LINE#         271
  C:A9FDH         LINE#         272
  C:AA0AH         LINE#         273
  C:AA0AH         LINE#         274
  C:AA0CH         LINE#         276
  C:AA0EH         LINE#         277
  C:AA2AH         LINE#         278
  C:AA2CH         LINE#         280
  C:AA34H         LINE#         281
  C:AA38H         LINE#         282
  C:AA44H         LINE#         283
  C:AA44H         LINE#         284
BL51 BANKED LINKER/LOCATER V6.22                                                      04/20/2021  14:51:13  PAGE 12


  C:AA47H         LINE#         287
  C:AA4FH         LINE#         288
  C:AA4FH         LINE#         289
  C:AA60H         LINE#         290
  C:AA60H         LINE#         291
  C:AA6DH         LINE#         292
  C:AA6DH         LINE#         293
  C:AA8BH         LINE#         294
  C:AA8DH         LINE#         295
  C:AA9DH         LINE#         296
  C:AA9DH         LINE#         297
  C:AABBH         LINE#         298
  C:AABDH         LINE#         299
  C:AACEH         LINE#         300
  C:AACEH         LINE#         301
  C:AAD8H         LINE#         302
  C:AAE2H         LINE#         303
  C:AAE2H         LINE#         304
  C:AAE2H         LINE#         305
  C:AAE2H         LINE#         307
  C:AAE2H         LINE#         308
  C:AAEBH         LINE#         309
  C:AAEFH         LINE#         310
  C:AAFBH         LINE#         311
  C:AAFEH         LINE#         314
  C:AB06H         LINE#         315
  C:AB06H         LINE#         316
  C:AB13H         LINE#         317
  C:AB24H         LINE#         319
  C:AB2DH         LINE#         320
  C:AB3CH         LINE#         322
  C:AB44H         LINE#         323
  C:AB44H         LINE#         324
  C:AB4DH         LINE#         325
  C:AB5CH         LINE#         326
  C:AB5CH         LINE#         327
  C:AB5FH         LINE#         328
  C:AB6EH         LINE#         329
  C:AB7AH         LINE#         330
  C:AB80H         LINE#         331
  C:AB80H         LINE#         333
  C:AB84H         LINE#         334
  C:AB93H         LINE#         336
  C:AB9AH         LINE#         337
  C:ABB6H         LINE#         338
  C:ABC0H         LINE#         339
  C:ABC0H         LINE#         340
  C:ABE6H         LINE#         341
  C:ABF9H         LINE#         342
  C:ABF9H         LINE#         343
  C:AC4BH         LINE#         344
  C:AC53H         LINE#         345
  C:AC53H         LINE#         346
  C:AC53H         LINE#         349
  C:AC58H         LINE#         350
  C:AC58H         LINE#         351
  C:AC65H         LINE#         352
BL51 BANKED LINKER/LOCATER V6.22                                                      04/20/2021  14:51:13  PAGE 13


  C:AC76H         LINE#         354
  C:AC7CH         LINE#         355
  C:AC80H         LINE#         356
  C:AC84H         LINE#         357
  C:AC88H         LINE#         359
  C:AC8CH         LINE#         360
  C:AC98H         LINE#         361
  C:AC9AH         LINE#         362
  -------         ENDPROC       CONNTOUSB
  -------         PROC          MCU_INIT
  -------         DO            
  D:0007H         SYMBOL        n
  -------         ENDDO         
  C:D7A9H         LINE#         365
  C:D7A9H         LINE#         366
  C:D7A9H         LINE#         368
  C:D7ACH         LINE#         371
  C:D7AFH         LINE#         372
  C:D7B2H         LINE#         374
  C:D7B5H         LINE#         376
  C:D7BBH         LINE#         378
  C:D7BEH         LINE#         379
  C:D7C3H         LINE#         380
  C:D7C6H         LINE#         382
  C:D7C9H         LINE#         385
  C:D7CCH         LINE#         386
  C:D7CFH         LINE#         388
  C:D7D2H         LINE#         389
  C:D7D5H         LINE#         391
  C:D7D8H         LINE#         392
  C:D7DBH         LINE#         394
  C:D7DEH         LINE#         395
  C:D7E1H         LINE#         396
  C:D7E3H         LINE#         397
  C:D7E5H         LINE#         399
  C:D7E8H         LINE#         400
  C:D7EBH         LINE#         402
  -------         ENDPROC       MCU_INIT
  -------         PROC          DEVICES_INIT
  C:D3D4H         LINE#         404
  C:D3D4H         LINE#         405
  C:D3D4H         LINE#         407
  C:D3D7H         LINE#         410
  C:D3DAH         LINE#         411
  C:D434H         LINE#         412
  C:D437H         LINE#         415
  C:D43AH         LINE#         416
  C:D43DH         LINE#         424
  -------         ENDPROC       DEVICES_INIT
  -------         PROC          SUSPEND_DEVICE
  C:003DH         LINE#         428
  C:003DH         LINE#         429
  C:003DH         LINE#         430
  -------         ENDPROC       SUSPEND_DEVICE
  -------         PROC          USB_API_TEST_ISR
  -------         DO            
  X:005EH         SYMBOL        INTVAL
BL51 BANKED LINKER/LOCATER V6.22                                                      04/20/2021  14:51:13  PAGE 14


  -------         ENDDO         
  C:C016H         LINE#         434
  C:C033H         LINE#         436
  C:C03AH         LINE#         438
  C:C040H         LINE#         439
  C:C040H         LINE#         440
  C:C04BH         LINE#         442
  C:C067H         LINE#         443
  C:C067H         LINE#         444
  C:C069H         LINE#         445
  C:C06BH         LINE#         446
  C:C081H         LINE#         447
  C:C081H         LINE#         448
  C:C083H         LINE#         449
  C:C085H         LINE#         450
  C:C09DH         LINE#         451
  C:C09DH         LINE#         452
  C:C09FH         LINE#         453
  C:C0A1H         LINE#         454
  C:C0BBH         LINE#         455
  C:C0BBH         LINE#         456
  C:C0BDH         LINE#         457
  C:C0BFH         LINE#         458
  C:C0D4H         LINE#         459
  C:C0D4H         LINE#         460
  C:C0D6H         LINE#         461
  C:C0D8H         LINE#         463
  C:C0D8H         LINE#         464
  C:C0DDH         LINE#         465
  C:C0DDH         LINE#         466
  C:C0DDH         LINE#         468
  C:C0DDH         LINE#         469
  C:C0DDH         LINE#         471
  C:C0DDH         LINE#         473
  C:C0E3H         LINE#         474
  C:C0E3H         LINE#         475
  C:C0E6H         LINE#         476
  C:C0E6H         LINE#         478
  C:C0ECH         LINE#         479
  C:C0ECH         LINE#         480
  C:C0EFH         LINE#         481
  C:C0EFH         LINE#         483
  C:C0F5H         LINE#         484
  C:C0F5H         LINE#         485
  C:C111H         LINE#         486
  C:C111H         LINE#         488
  C:C117H         LINE#         489
  C:C117H         LINE#         490
  C:C11CH         LINE#         491
  C:C138H         LINE#         492
  C:C138H         LINE#         493
  -------         ENDPROC       USB_API_TEST_ISR
  -------         ENDMOD        MAIN

  -------         MODULE        MMC_SD
  C:0000H         SYMBOL        _ICE_DUMMY_
  D:00A2H         PUBLIC        SPI0CKR
BL51 BANKED LINKER/LOCATER V6.22                                                      04/20/2021  14:51:13  PAGE 15


  D:0080H         PUBLIC        P0
  D:0090H         PUBLIC        P1
  D:00A0H         PUBLIC        P2
  D:00B0H         PUBLIC        P3
  C:D279H         PUBLIC        _MMC_SD_SendCommand
  C:D440H         PUBLIC        _MMC_SD_ReadSingleBlock
  C:DA6DH         PUBLIC        SD_Init
  C:D184H         PUBLIC        _MMC_SD_WriteSingleBlock
  B:00F8H.7       PUBLIC        SPIF
  B:00F8H.2       PUBLIC        NSSMD0
  C:C85FH         PUBLIC        MMC_SD_Reset
  D:00A9H         PUBLIC        CLKSEL
  C:DA98H         PUBLIC        SPI_ReadByte
  C:DA3CH         PUBLIC        _SPI_WriteByte
  D:00A3H         PUBLIC        SPI0DAT
  X:0084H         PUBLIC        buffer
  C:DA30H         SYMBOL        L?0062
  C:DA35H         SYMBOL        L?0063
  -------         PROC          L?0061
  -------         ENDPROC       L?0061
  C:DA30H         SYMBOL        L?0062
  C:DA35H         SYMBOL        L?0063
  -------         PROC          _SPI_WRITEBYTE
  D:0007H         SYMBOL        val
  -------         DO            
  D:0007H         SYMBOL        ret
  -------         ENDDO         
  C:DA3CH         LINE#         7
  C:DA3CH         LINE#         8
  C:DA3CH         LINE#         11
  C:DA3EH         LINE#         12
  C:DA41H         LINE#         13
  C:DA43H         LINE#         14
  C:DA45H         LINE#         15
  C:DA45H         LINE#         16
  -------         ENDPROC       _SPI_WRITEBYTE
  -------         PROC          SPI_READBYTE
  -------         DO            
  D:0007H         SYMBOL        ret
  -------         ENDDO         
  C:DA98H         LINE#         18
  C:DA98H         LINE#         19
  C:DA98H         LINE#         22
  C:DA9BH         LINE#         23
  C:DA9EH         LINE#         24
  C:DAA0H         LINE#         25
  C:DAA2H         LINE#         26
  C:DAA2H         LINE#         27
  -------         ENDPROC       SPI_READBYTE
  -------         PROC          _MMC_SD_SENDCOMMAND
  D:0006H         SYMBOL        cmd
  X:006FH         SYMBOL        arg
  -------         DO            
  D:0007H         SYMBOL        r1
  D:0003H         SYMBOL        retry
  -------         ENDDO         
  C:D279H         LINE#         29
BL51 BANKED LINKER/LOCATER V6.22                                                      04/20/2021  14:51:13  PAGE 16


  C:D27BH         LINE#         30
  C:D27BH         LINE#         32
  C:D27DH         LINE#         34
  C:D27DH         LINE#         35
  C:D27DH         LINE#         36
  C:D280H         LINE#         37
  C:D280H         LINE#         38
  C:D280H         LINE#         39
  C:D283H         LINE#         41
  C:D285H         LINE#         43
  C:D28CH         LINE#         44
  C:D2A1H         LINE#         45
  C:D2B6H         LINE#         46
  C:D2CBH         LINE#         47
  C:D2D5H         LINE#         48
  C:D2DAH         LINE#         50
  C:D2E2H         LINE#         51
  C:D2EBH         LINE#         53
  C:D2EDH         LINE#         55
  C:D2EDH         LINE#         56
  -------         ENDPROC       _MMC_SD_SENDCOMMAND
  -------         PROC          MMC_SD_RESET
  -------         DO            
  D:0005H         SYMBOL        i
  D:0002H         SYMBOL        retry
  D:0006H         SYMBOL        r1
  -------         ENDDO         
  C:C85FH         LINE#         58
  C:C85FH         LINE#         59
  C:C85FH         LINE#         62
  C:C861H         LINE#         64
  C:C862H         LINE#         65
  C:C865H         LINE#         66
  C:C868H         LINE#         68
  C:C868H         LINE#         69
  C:C874H         LINE#         70
  C:C884H         LINE#         71
  C:C885H         LINE#         72
  C:C88BH         LINE#         73
  C:C88FH         LINE#         75
  C:C891H         LINE#         77
  C:C891H         LINE#         79
  C:C891H         LINE#         80
  C:C8A1H         LINE#         81
  C:C8A2H         LINE#         82
  C:C8ABH         LINE#         83
  C:C8AFH         LINE#         85
  C:C8B1H         LINE#         86
  C:C8C1H         LINE#         87
  C:C8C2H         LINE#         88
  C:C8CBH         LINE#         89
  C:C8CEH         LINE#         91
  C:C8D1H         LINE#         92
  C:C8D1H         LINE#         93
  C:C8D3H         LINE#         95
  C:C8D3H         LINE#         96
  C:C8E3H         LINE#         97
BL51 BANKED LINKER/LOCATER V6.22                                                      04/20/2021  14:51:13  PAGE 17


  C:C8E4H         LINE#         98
  C:C8EDH         LINE#         99
  C:C8F0H         LINE#         100
  C:C8F0H         LINE#         101
  C:C900H         LINE#         103
  C:C90EH         LINE#         104
  C:C911H         LINE#         105
  C:C914H         LINE#         106
  C:C915H         LINE#         107
  -------         ENDPROC       MMC_SD_RESET
  -------         PROC          _MMC_SD_READSINGLEBLOCK
  X:0010H         SYMBOL        sector
  -------         DO            
  D:0007H         SYMBOL        r1
  D:0004H         SYMBOL        i
  D:0002H         SYMBOL        retry
  -------         ENDDO         
  C:D440H         LINE#         109
  C:D445H         LINE#         110
  C:D445H         LINE#         113
  C:D447H         LINE#         115
  C:D44AH         LINE#         117
  C:D44AH         LINE#         118
  C:D466H         LINE#         119
  C:D467H         LINE#         120
  C:D470H         LINE#         121
  C:D473H         LINE#         124
  C:D475H         LINE#         126
  C:D47BH         LINE#         128
  C:D47EH         LINE#         129
  C:D47EH         LINE#         130
  C:D48DH         LINE#         131
  C:D49AH         LINE#         133
  C:D49AH         LINE#         134
  C:D49DH         LINE#         136
  C:D49FH         LINE#         137
  C:D4A2H         LINE#         138
  C:D4A3H         LINE#         139
  -------         ENDPROC       _MMC_SD_READSINGLEBLOCK
  -------         PROC          _MMC_SD_WRITESINGLEBLOCK
  X:006AH         SYMBOL        sector
  -------         DO            
  D:0006H         SYMBOL        r1
  D:0004H         SYMBOL        i
  D:0002H         SYMBOL        retry
  -------         ENDDO         
  C:D184H         LINE#         141
  C:D189H         LINE#         142
  C:D189H         LINE#         145
  C:D18BH         LINE#         147
  C:D18EH         LINE#         149
  C:D18EH         LINE#         150
  C:D1ACH         LINE#         151
  C:D1ADH         LINE#         152
  C:D1B6H         LINE#         153
  C:D1B9H         LINE#         157
  C:D1BBH         LINE#         159
BL51 BANKED LINKER/LOCATER V6.22                                                      04/20/2021  14:51:13  PAGE 18


  C:D1C0H         LINE#         161
  C:D1C5H         LINE#         163
  C:D1C7H         LINE#         164
  C:D1C7H         LINE#         165
  C:D1D6H         LINE#         166
  C:D1E3H         LINE#         168
  C:D1E3H         LINE#         169
  C:D1E3H         LINE#         171
  C:D1E8H         LINE#         173
  C:D1EFH         LINE#         174
  C:D1EFH         LINE#         175
  C:D1F1H         LINE#         176
  C:D1F2H         LINE#         177
  C:D1F2H         LINE#         179
  C:D1FAH         LINE#         181
  C:D1FCH         LINE#         182
  C:D1FFH         LINE#         183
  C:D200H         LINE#         184
  -------         ENDPROC       _MMC_SD_WRITESINGLEBLOCK
  -------         PROC          SD_INIT
  -------         DO            
  D:0001H         SYMBOL        n
  -------         ENDDO         
  C:DA6DH         LINE#         187
  C:DA6DH         LINE#         188
  C:DA6DH         LINE#         189
  C:DA6FH         LINE#         191
  C:DA75H         LINE#         192
  C:DA75H         LINE#         193
  C:DA76H         LINE#         194
  C:DA7DH         LINE#         196
  -------         ENDPROC       SD_INIT
  -------         ENDMOD        MMC_SD

  -------         MODULE        LCD
  C:0000H         SYMBOL        _ICE_DUMMY_
  D:0080H         PUBLIC        P0
  C:CB2BH         PUBLIC        DispFrame
  D:0090H         PUBLIC        P1
  C:CBCFH         PUBLIC        DispScaleVer_Green
  D:00A0H         PUBLIC        P2
  D:00B0H         PUBLIC        P3
  C:BBBFH         PUBLIC        DispBand
  C:DA01H         PUBLIC        _WriteData
  C:008EH         PUBLIC        ascii
  C:B413H         PUBLIC        _LCD_Read_IC_ID
  D:00A6H         PUBLIC        P2MDOUT
  C:0046H         PUBLIC        _DispColor
  C:D078H         PUBLIC        DispScaleVer_Blue
  C:CF5CH         PUBLIC        _DrawGird
  C:D0FEH         PUBLIC        _DrawLine
  C:D9E1H         PUBLIC        _WriteComm
  C:D866H         PUBLIC        _WriteDispData
  C:CECBH         PUBLIC        DispScaleVer_Gray
  B:00B0H.1       PUBLIC        RS
  B:00A0H.1       PUBLIC        SPI_CLK
  C:CE3AH         PUBLIC        DispScaleVer_Red
BL51 BANKED LINKER/LOCATER V6.22                                                      04/20/2021  14:51:13  PAGE 19


  D:00F3H         PUBLIC        P2MDIN
  C:C28AH         PUBLIC        DispScaleVer
  C:D4A4H         PUBLIC        _DispPic
  C:C7C4H         PUBLIC        _DispOneChar
  C:D201H         PUBLIC        DispGrayHor32
  C:CD09H         PUBLIC        DispGrayHor16
  C:C916H         PUBLIC        _DispInt
  C:D6C0H         PUBLIC        _PutPixel
  D:00A9H         PUBLIC        CLKSEL
  B:0090H.6       PUBLIC        RD0
  B:00B0H.0       PUBLIC        CS0
  C:068EH         PUBLIC        pic_eval
  X:005CH         PUBLIC        LCM_ID
  C:BD4DH         PUBLIC        LCD_Init
  C:CDA4H         PUBLIC        _DispStr
  B:0090H.7       PUBLIC        WR0
  C:B645H         PUBLIC        DispScaleHor1
  B:00A0H.0       PUBLIC        SPI_DI
  C:DAA3H         PUBLIC        _WriteOneDot
  C:B863H         PUBLIC        DispScaleHor2
  C:C5DEH         PUBLIC        _DispPicFromSD
  B:0080H.7       PUBLIC        DIR
  C:D507H         PUBLIC        _ToOrd
  B:0080H.5       PUBLIC        RST
  C:D965H         PUBLIC        ReadData
  C:CC87H         PUBLIC        _?BlockWrite
  -------         PROC          _LCD_READ_IC_ID
  X:0014H         SYMBOL        ID
  D:0004H         SYMBOL        Bug
  D:0003H         SYMBOL        flog
  -------         DO            
  X:0015H         SYMBOL        id
  X:0017H         SYMBOL        id1
  X:0019H         SYMBOL        temp
  D:0005H         SYMBOL        i
  D:0007H         SYMBOL        dat
  D:0001H         SYMBOL        id2
  X:001BH         SYMBOL        id3
  D:0002H         SYMBOL        id4
  -------         ENDDO         
  C:B413H         LINE#         35
  C:B417H         LINE#         36
  C:B417H         LINE#         40
  C:B41FH         LINE#         41
  C:B41FH         LINE#         43
  C:B421H         LINE#         44
  C:B423H         LINE#         45
  C:B425H         LINE#         47
  C:B428H         LINE#         48
  C:B42AH         LINE#         49
  C:B42CH         LINE#         50
  C:B42EH         LINE#         53
  C:B431H         LINE#         54
  C:B434H         LINE#         55
  C:B437H         LINE#         56
  C:B439H         LINE#         57
  C:B43BH         LINE#         58
BL51 BANKED LINKER/LOCATER V6.22                                                      04/20/2021  14:51:13  PAGE 20


  C:B43DH         LINE#         63
  C:B447H         LINE#         65
  C:B44DH         LINE#         66
  C:B455H         LINE#         68
  C:B45BH         LINE#         69
  C:B461H         LINE#         70
  C:B46BH         LINE#         72
  C:B471H         LINE#         73
  C:B473H         LINE#         75
  C:B479H         LINE#         77
  C:B47FH         LINE#         78
  C:B489H         LINE#         80
  C:B48FH         LINE#         81
  C:B494H         LINE#         83
  C:B49AH         LINE#         85
  C:B4A4H         LINE#         86
  C:B4AEH         LINE#         88
  C:B4B4H         LINE#         89
  C:B4B6H         LINE#         91
  C:B4C6H         LINE#         92
  C:B4D0H         LINE#         94
  C:B4D3H         LINE#         95
  C:B4D7H         LINE#         96
  C:B4D7H         LINE#         97
  C:B4E0H         LINE#         98
  C:B4E6H         LINE#         99
  C:B4E6H         LINE#         100
  C:B4F0H         LINE#         101
  C:B4F2H         LINE#         102
  C:B4F6H         LINE#         103
  C:B4F6H         LINE#         104
  C:B505H         LINE#         105
  C:B505H         LINE#         108
  C:B505H         LINE#         109
  C:B50EH         LINE#         110
  C:B50EH         LINE#         112
  C:B511H         LINE#         113
  C:B515H         LINE#         114
  C:B517H         LINE#         115
  C:B519H         LINE#         116
  C:B51BH         LINE#         117
  C:B51BH         LINE#         118
  C:B51DH         LINE#         119
  C:B525H         LINE#         120
  C:B527H         LINE#         122
  C:B529H         LINE#         123
  C:B52DH         LINE#         124
  C:B532H         LINE#         125
  C:B535H         LINE#         128
  C:B53FH         LINE#         129
  C:B53FH         LINE#         130
  C:B541H         LINE#         131
  C:B541H         LINE#         132
  C:B543H         LINE#         133
  C:B545H         LINE#         134
  C:B547H         LINE#         135
  C:B55EH         LINE#         136
BL51 BANKED LINKER/LOCATER V6.22                                                      04/20/2021  14:51:13  PAGE 21


  C:B560H         LINE#         137
  C:B562H         LINE#         138
  C:B569H         LINE#         139
  C:B573H         LINE#         140
  C:B573H         LINE#         141
  C:B575H         LINE#         142
  C:B575H         LINE#         143
  C:B577H         LINE#         144
  C:B579H         LINE#         145
  C:B57BH         LINE#         146
  C:B592H         LINE#         147
  C:B594H         LINE#         148
  C:B596H         LINE#         149
  C:B59BH         LINE#         150
  C:B59BH         LINE#         152
  C:B59DH         LINE#         153
  C:B59DH         LINE#         154
  C:B59FH         LINE#         155
  C:B5A1H         LINE#         156
  C:B5A3H         LINE#         157
  C:B5BAH         LINE#         158
  C:B5BCH         LINE#         159
  C:B5BEH         LINE#         160
  C:B5C3H         LINE#         162
  C:B5C5H         LINE#         163
  C:B5C5H         LINE#         164
  C:B5C7H         LINE#         165
  C:B5C9H         LINE#         166
  C:B5CBH         LINE#         167
  C:B5D5H         LINE#         168
  C:B5D7H         LINE#         169
  C:B5D9H         LINE#         170
  C:B5DEH         LINE#         172
  C:B5E0H         LINE#         173
  C:B5E0H         LINE#         174
  C:B5E2H         LINE#         175
  C:B5E4H         LINE#         176
  C:B5E6H         LINE#         177
  C:B5F2H         LINE#         178
  C:B5F4H         LINE#         179
  C:B5F6H         LINE#         180
  C:B5FBH         LINE#         181
  C:B5FEH         LINE#         182
  C:B600H         LINE#         183
  C:B602H         LINE#         184
  C:B604H         LINE#         185
  C:B606H         LINE#         186
  C:B608H         LINE#         187
  C:B60AH         LINE#         189
  C:B60EH         LINE#         190
  C:B60EH         LINE#         191
  C:B61EH         LINE#         193
  C:B629H         LINE#         194
  C:B629H         LINE#         195
  C:B629H         LINE#         197
  C:B62FH         LINE#         198
  C:B62FH         LINE#         199
BL51 BANKED LINKER/LOCATER V6.22                                                      04/20/2021  14:51:13  PAGE 22


  C:B63BH         LINE#         200
  C:B63BH         LINE#         202
  C:B63BH         LINE#         203
  C:B63DH         LINE#         204
  C:B644H         LINE#         205
  -------         ENDPROC       _LCD_READ_IC_ID
  -------         PROC          _WRITECOMM
  D:0004H         SYMBOL        i
  -------         DO            
  X:0082H         SYMBOL        j
  D:0007H         SYMBOL        DataH
  -------         ENDDO         
  C:D9E1H         LINE#         208
  C:D9E5H         LINE#         209
  C:D9E5H         LINE#         211
  C:D9E6H         LINE#         212
  C:D9E8H         LINE#         223
  C:D9E8H         LINE#         224
  C:D9EAH         LINE#         225
  C:D9ECH         LINE#         226
  C:D9EEH         LINE#         227
  C:D9F0H         LINE#         228
  C:D9F2H         LINE#         229
  C:D9F6H         LINE#         230
  C:D9F8H         LINE#         231
  C:D9FAH         LINE#         232
  C:D9FAH         LINE#         319
  C:D9FCH         LINE#         320
  -------         ENDPROC       _WRITECOMM
  -------         PROC          L?0451
  -------         ENDPROC       L?0451
  -------         PROC          _WRITEDATA
  D:0004H         SYMBOL        i
  -------         DO            
  X:0082H         SYMBOL        j
  X:0083H         SYMBOL        DataH
  -------         ENDDO         
  C:DA01H         LINE#         322
  C:DA03H         LINE#         323
  C:DA03H         LINE#         325
  C:DA07H         LINE#         326
  C:DA09H         LINE#         337
  C:DA09H         LINE#         338
  C:DA0BH         LINE#         339
  C:DA0DH         LINE#         347
  C:DA10H         LINE#         348
  C:DA12H         LINE#         349
  C:DA14H         LINE#         350
  C:DA14H         LINE#         513
  C:DA16H         LINE#         514
  -------         ENDPROC       _WRITEDATA
  C:D851H         SYMBOL        L?0450
  -------         PROC          L?0449
  -------         ENDPROC       L?0449
  C:D851H         SYMBOL        L?0450
  -------         PROC          _WRITEDISPDATA
  D:0007H         SYMBOL        DataH
BL51 BANKED LINKER/LOCATER V6.22                                                      04/20/2021  14:51:13  PAGE 23


  D:0005H         SYMBOL        DataL
  -------         DO            
  X:0082H         SYMBOL        j
  -------         ENDDO         
  C:D866H         LINE#         516
  C:D866H         LINE#         517
  C:D866H         LINE#         519
  C:D868H         LINE#         533
  C:D868H         LINE#         534
  C:D86AH         LINE#         535
  C:D86CH         LINE#         536
  C:D86EH         LINE#         537
  C:D870H         LINE#         538
  C:D872H         LINE#         539
  C:D876H         LINE#         540
  C:D878H         LINE#         541
  C:D87AH         LINE#         542
  C:D87AH         LINE#         638
  C:D87CH         LINE#         639
  -------         ENDPROC       _WRITEDISPDATA
  -------         PROC          _WRITEONEDOT
  D:0004H         SYMBOL        color
  C:DAA3H         LINE#         641
  C:DAA7H         LINE#         642
  C:DAA7H         LINE#         655
  -------         ENDPROC       _WRITEONEDOT
  -------         PROC          LCD_INIT
  C:BD4DH         LINE#         664
  C:BD4DH         LINE#         665
  C:BD4DH         LINE#         666
  C:BD50H         LINE#         669
  C:BD52H         LINE#         670
  C:BD59H         LINE#         672
  C:BD5BH         LINE#         673
  C:BD62H         LINE#         675
  C:BD64H         LINE#         676
  C:BD6BH         LINE#         3688
  C:BD72H         LINE#         3689
  C:BD77H         LINE#         3690
  C:BD7CH         LINE#         3691
  C:BD81H         LINE#         3692
  C:BD86H         LINE#         3694
  C:BD8BH         LINE#         3695
  C:BD90H         LINE#         3696
  C:BD95H         LINE#         3698
  C:BD9AH         LINE#         3699
  C:BD9FH         LINE#         3701
  C:BDA4H         LINE#         3702
  C:BDA9H         LINE#         3703
  C:BDAEH         LINE#         3704
  C:BDB3H         LINE#         3706
  C:BDB8H         LINE#         3707
  C:BDBDH         LINE#         3708
  C:BDC2H         LINE#         3710
  C:BDC7H         LINE#         3711
  C:BDCCH         LINE#         3713
  C:BDD1H         LINE#         3714
BL51 BANKED LINKER/LOCATER V6.22                                                      04/20/2021  14:51:13  PAGE 24


  C:BDD6H         LINE#         3715
  C:BDDBH         LINE#         3716
  C:BDE0H         LINE#         3718
  C:BDE5H         LINE#         3719
  C:BDEAH         LINE#         3721
  C:BDEFH         LINE#         3722
  C:BDF4H         LINE#         3723
  C:BDF9H         LINE#         3725
  C:BDFEH         LINE#         3726
  C:BE03H         LINE#         3728
  C:BE08H         LINE#         3729
  C:BE0DH         LINE#         3731
  C:BE12H         LINE#         3732
  C:BE17H         LINE#         3734
  C:BE1CH         LINE#         3735
  C:BE21H         LINE#         3736
  C:BE26H         LINE#         3737
  C:BE2BH         LINE#         3738
  C:BE30H         LINE#         3739
  C:BE35H         LINE#         3740
  C:BE3AH         LINE#         3741
  C:BE3FH         LINE#         3742
  C:BE44H         LINE#         3743
  C:BE49H         LINE#         3744
  C:BE4EH         LINE#         3745
  C:BE53H         LINE#         3746
  C:BE58H         LINE#         3747
  C:BE5DH         LINE#         3748
  C:BE62H         LINE#         3749
  C:BE67H         LINE#         3751
  C:BE6CH         LINE#         3752
  C:BE71H         LINE#         3753
  C:BE76H         LINE#         3754
  C:BE7BH         LINE#         3755
  C:BE80H         LINE#         3756
  C:BE85H         LINE#         3757
  C:BE8AH         LINE#         3758
  C:BE8FH         LINE#         3759
  C:BE94H         LINE#         3760
  C:BE99H         LINE#         3761
  C:BE9EH         LINE#         3762
  C:BEA3H         LINE#         3763
  C:BEA6H         LINE#         3764
  C:BEABH         LINE#         3765
  C:BEAFH         LINE#         3766
  C:BEB4H         LINE#         3768
  C:BEB9H         LINE#         3769
  C:BEBEH         LINE#         3770
  -------         ENDPROC       LCD_INIT
  C:CC6EH         SYMBOL        L?0443
  C:CC74H         SYMBOL        L?0444
  C:CC7FH         SYMBOL        L?0445
  -------         PROC          L?0442
  -------         ENDPROC       L?0442
  C:CC6EH         SYMBOL        L?0443
  C:CC74H         SYMBOL        L?0444
  C:CC7FH         SYMBOL        L?0445
BL51 BANKED LINKER/LOCATER V6.22                                                      04/20/2021  14:51:13  PAGE 25


  -------         PROC          _?BLOCKWRITE
  p:0000H         SYMBOL        Xstart
  p:0002H         SYMBOL        Xend
  p:0004H         SYMBOL        Ystart
  p:0006H         SYMBOL        Yend
  C:CC87H         LINE#         4810
  C:CCA8H         LINE#         4913
  C:CCAFH         LINE#         4914
  C:CCB6H         LINE#         4915
  C:CCBEH         LINE#         4916
  C:CCC9H         LINE#         4917
  C:CCD3H         LINE#         4919
  C:CCD8H         LINE#         4920
  C:CCE2H         LINE#         4922
  C:CCE9H         LINE#         4923
  C:CCF3H         LINE#         4924
  C:CCFAH         LINE#         4930
  C:CCFFH         LINE#         4933
  C:CD02H         LINE#         4937
  -------         ENDPROC       _?BLOCKWRITE
  -------         PROC          _DISPCOLOR
  D:0004H         SYMBOL        color
  -------         DO            
  X:0061H         SYMBOL        i
  D:0002H         SYMBOL        m
  X:0063H         SYMBOL        DataH
  X:0064H         SYMBOL        DataL
  -------         ENDDO         
  C:0046H         LINE#         4939
  C:0048H         LINE#         4940
  C:0048H         LINE#         4943
  C:004EH         LINE#         4945
  C:0051H         LINE#         4947
  C:0053H         LINE#         4948
  C:0059H         LINE#         4949
  C:0059H         LINE#         4950
  C:005CH         LINE#         4951
  C:005CH         LINE#         4952
  C:0066H         LINE#         4953
  C:0071H         LINE#         4954
  C:0087H         LINE#         4956
  C:0089H         LINE#         4957
  -------         ENDPROC       _DISPCOLOR
  -------         PROC          DISPFRAME
  -------         DO            
  D:0002H         SYMBOL        i
  X:0061H         SYMBOL        j
  D:0001H         SYMBOL        DataH
  D:0006H         SYMBOL        DataL
  -------         ENDDO         
  C:CB2BH         LINE#         4959
  C:CB2BH         LINE#         4960
  C:CB2BH         LINE#         4963
  C:CB2EH         LINE#         4965
  C:CB30H         LINE#         4968
  C:CB34H         LINE#         4969
  C:CB3AH         LINE#         4971
BL51 BANKED LINKER/LOCATER V6.22                                                      04/20/2021  14:51:13  PAGE 26


  C:CB3AH         LINE#         4972
  C:CB3AH         LINE#         4973
  C:CB3EH         LINE#         4974
  C:CB45H         LINE#         4975
  C:CB50H         LINE#         4977
  C:CB54H         LINE#         4978
  C:CB5AH         LINE#         4980
  C:CB5FH         LINE#         4981
  C:CB5FH         LINE#         4982
  C:CB63H         LINE#         4983
  C:CB69H         LINE#         4985
  C:CB6BH         LINE#         4986
  C:CB6BH         LINE#         4987
  C:CB6EH         LINE#         4988
  C:CB73H         LINE#         4989
  C:CB7EH         LINE#         4991
  C:CB82H         LINE#         4992
  C:CB88H         LINE#         4994
  C:CB9EH         LINE#         4996
  C:CBA2H         LINE#         4997
  C:CBA8H         LINE#         4999
  C:CBAAH         LINE#         5000
  C:CBAAH         LINE#         5001
  C:CBAEH         LINE#         5002
  C:CBB5H         LINE#         5003
  C:CBC0H         LINE#         5005
  C:CBC4H         LINE#         5006
  C:CBCAH         LINE#         5008
  C:CBCCH         LINE#         5009
  C:CBCEH         LINE#         5010
  -------         ENDPROC       DISPFRAME
  -------         PROC          DISPBAND
  -------         DO            
  D:0002H         SYMBOL        i
  X:0061H         SYMBOL        j
  X:0062H         SYMBOL        k
  X:0063H         SYMBOL        m
  X:0064H         SYMBOL        n
  X:0065H         SYMBOL        x
  -------         ENDDO         
  C:BBBFH         LINE#         5012
  C:BBBFH         LINE#         5013
  C:BBBFH         LINE#         5016
  C:BBC9H         LINE#         5017
  C:BBD1H         LINE#         5018
  C:BBD3H         LINE#         5021
  C:BBDBH         LINE#         5022
  C:BBE7H         LINE#         5023
  C:BBE7H         LINE#         5024
  C:BC02H         LINE#         5025
  C:BC1DH         LINE#         5026
  C:BC49H         LINE#         5027
  C:BC50H         LINE#         5028
  C:BC5FH         LINE#         5029
  C:BC5FH         LINE#         5030
  C:BC7AH         LINE#         5031
  C:BC95H         LINE#         5032
BL51 BANKED LINKER/LOCATER V6.22                                                      04/20/2021  14:51:13  PAGE 27


  C:BCC1H         LINE#         5033
  C:BCC8H         LINE#         5034
  C:BCDEH         LINE#         5035
  C:BCDEH         LINE#         5036
  C:BCF9H         LINE#         5037
  C:BD14H         LINE#         5038
  C:BD40H         LINE#         5039
  C:BD47H         LINE#         5040
  C:BD49H         LINE#         5041
  C:BD4CH         LINE#         5042
  -------         ENDPROC       DISPBAND
  -------         PROC          _DISPPIC
  D:0006H         SYMBOL        picture
  -------         DO            
  X:001CH         SYMBOL        p
  X:001FH         SYMBOL        n
  -------         ENDDO         
  C:D4A4H         LINE#         5045
  C:D4A4H         LINE#         5046
  C:D4A4H         LINE#         5049
  C:D4B3H         LINE#         5050
  C:D4B3H         LINE#         5051
  C:D4B3H         LINE#         5053
  C:D4C6H         LINE#         5055
  C:D4D9H         LINE#         5056
  C:D4D9H         LINE#         5057
  C:D4F9H         LINE#         5058
  C:D506H         LINE#         5060
  -------         ENDPROC       _DISPPIC
  -------         PROC          _DISPPICFROMSD
  X:0021H         SYMBOL        PicNum
  -------         DO            
  X:0022H         SYMBOL        Address_S
  X:0026H         SYMBOL        Address_E
  D:0002H         SYMBOL        i
  X:002AH         SYMBOL        k
  -------         ENDDO         
  C:C5DEH         LINE#         5064
  C:C5E1H         LINE#         5065
  C:C5E1H         LINE#         5071
  C:C5E4H         LINE#         5074
  C:C5E6H         LINE#         5076
  C:C5E8H         LINE#         5078
  C:C5F1H         LINE#         5079
  C:C61CH         LINE#         5080
  C:C645H         LINE#         5081
  C:C668H         LINE#         5082
  C:C668H         LINE#         5083
  C:C678H         LINE#         5085
  C:C681H         LINE#         5086
  C:C681H         LINE#         5088
  C:C69CH         LINE#         5089
  C:C6A5H         LINE#         5090
  C:C6C4H         LINE#         5092
  C:C6C6H         LINE#         5130
  -------         ENDPROC       _DISPPICFROMSD
  -------         PROC          DISPSCALEHOR1
BL51 BANKED LINKER/LOCATER V6.22                                                      04/20/2021  14:51:13  PAGE 28


  -------         DO            
  X:002EH         SYMBOL        i
  X:0030H         SYMBOL        j
  D:0002H         SYMBOL        k
  -------         ENDDO         
  C:B645H         LINE#         5135
  C:B645H         LINE#         5136
  C:B645H         LINE#         5139
  C:B648H         LINE#         5142
  C:B648H         LINE#         5143
  C:B648H         LINE#         5144
  C:B668H         LINE#         5145
  C:B66EH         LINE#         5146
  C:B66EH         LINE#         5147
  C:B674H         LINE#         5148
  C:B674H         LINE#         5149
  C:B689H         LINE#         5150
  C:B69FH         LINE#         5151
  C:B6B5H         LINE#         5153
  C:B6C0H         LINE#         5156
  C:B6C3H         LINE#         5157
  C:B6C3H         LINE#         5158
  C:B6E3H         LINE#         5159
  C:B6E9H         LINE#         5160
  C:B6E9H         LINE#         5161
  C:B6EFH         LINE#         5162
  C:B6EFH         LINE#         5163
  C:B71AH         LINE#         5164
  C:B730H         LINE#         5165
  C:B746H         LINE#         5166
  C:B754H         LINE#         5169
  C:B757H         LINE#         5170
  C:B757H         LINE#         5171
  C:B777H         LINE#         5172
  C:B77DH         LINE#         5173
  C:B77DH         LINE#         5174
  C:B783H         LINE#         5175
  C:B783H         LINE#         5176
  C:B78DH         LINE#         5177
  C:B7A3H         LINE#         5178
  C:B7B9H         LINE#         5179
  C:B7C4H         LINE#         5182
  C:B7C7H         LINE#         5183
  C:B7C7H         LINE#         5184
  C:B7E7H         LINE#         5185
  C:B7EDH         LINE#         5186
  C:B7EDH         LINE#         5187
  C:B7F3H         LINE#         5188
  C:B7F3H         LINE#         5189
  C:B826H         LINE#         5190
  C:B83CH         LINE#         5191
  C:B852H         LINE#         5192
  C:B860H         LINE#         5193
  C:B862H         LINE#         5194
  -------         ENDPROC       DISPSCALEHOR1
  -------         PROC          DISPSCALEVER
  -------         DO            
BL51 BANKED LINKER/LOCATER V6.22                                                      04/20/2021  14:51:13  PAGE 29


  X:0032H         SYMBOL        i
  X:0034H         SYMBOL        j
  D:0002H         SYMBOL        k
  -------         ENDDO         
  C:C28AH         LINE#         5196
  C:C28AH         LINE#         5197
  C:C28AH         LINE#         5266
  C:C28DH         LINE#         5268
  C:C293H         LINE#         5269
  C:C293H         LINE#         5270
  C:C299H         LINE#         5271
  C:C299H         LINE#         5272
  C:C29FH         LINE#         5273
  C:C2B5H         LINE#         5274
  C:C2BCH         LINE#         5276
  C:C2BFH         LINE#         5277
  C:C2BFH         LINE#         5279
  C:C2C5H         LINE#         5280
  C:C2C5H         LINE#         5282
  C:C2CBH         LINE#         5283
  C:C2CBH         LINE#         5284
  C:C2DDH         LINE#         5285
  C:C2F3H         LINE#         5287
  C:C2F9H         LINE#         5288
  C:C2F9H         LINE#         5289
  C:C321H         LINE#         5290
  C:C337H         LINE#         5292
  C:C33DH         LINE#         5293
  C:C33DH         LINE#         5294
  C:C344H         LINE#         5295
  C:C35AH         LINE#         5297
  C:C360H         LINE#         5298
  C:C360H         LINE#         5299
  C:C374H         LINE#         5300
  C:C38AH         LINE#         5302
  C:C3A3H         LINE#         5304
  C:C3B1H         LINE#         5306
  -------         ENDPROC       DISPSCALEVER
  -------         PROC          DISPSCALEVER_RED
  -------         DO            
  X:0036H         SYMBOL        i
  X:0038H         SYMBOL        j
  D:0002H         SYMBOL        k
  -------         ENDDO         
  C:CE3AH         LINE#         5308
  C:CE3AH         LINE#         5309
  C:CE3AH         LINE#         5312
  C:CE3DH         LINE#         5314
  C:CE3FH         LINE#         5316
  C:CE41H         LINE#         5319
  C:CE47H         LINE#         5320
  C:CE47H         LINE#         5321
  C:CE4DH         LINE#         5322
  C:CE4DH         LINE#         5323
  C:CE53H         LINE#         5324
  C:CE69H         LINE#         5325
  C:CE70H         LINE#         5327
BL51 BANKED LINKER/LOCATER V6.22                                                      04/20/2021  14:51:13  PAGE 30


  C:CE73H         LINE#         5328
  C:CE73H         LINE#         5329
  C:CE79H         LINE#         5330
  C:CE79H         LINE#         5332
  C:CE7FH         LINE#         5333
  C:CE7FH         LINE#         5334
  C:CE91H         LINE#         5335
  C:CEA7H         LINE#         5336
  C:CEBDH         LINE#         5338
  C:CEC8H         LINE#         5340
  C:CECAH         LINE#         5341
  -------         ENDPROC       DISPSCALEVER_RED
  -------         PROC          DISPSCALEVER_GREEN
  -------         DO            
  X:003AH         SYMBOL        i
  X:003CH         SYMBOL        j
  D:0002H         SYMBOL        k
  -------         ENDDO         
  C:CBCFH         LINE#         5343
  C:CBCFH         LINE#         5344
  C:CBCFH         LINE#         5347
  C:CBD2H         LINE#         5349
  C:CBD4H         LINE#         5350
  C:CBD6H         LINE#         5353
  C:CBD6H         LINE#         5354
  C:CBD6H         LINE#         5355
  C:CBDCH         LINE#         5356
  C:CBDCH         LINE#         5357
  C:CBE2H         LINE#         5359
  C:CBF8H         LINE#         5360
  C:CC03H         LINE#         5362
  C:CC06H         LINE#         5363
  C:CC06H         LINE#         5364
  C:CC0CH         LINE#         5365
  C:CC0CH         LINE#         5367
  C:CC12H         LINE#         5368
  C:CC12H         LINE#         5370
  C:CC33H         LINE#         5371
  C:CC49H         LINE#         5372
  C:CC5FH         LINE#         5374
  C:CC6AH         LINE#         5376
  C:CC6CH         LINE#         5377
  -------         ENDPROC       DISPSCALEVER_GREEN
  -------         PROC          DISPSCALEVER_BLUE
  -------         DO            
  X:003EH         SYMBOL        i
  X:0040H         SYMBOL        j
  D:0002H         SYMBOL        k
  -------         ENDDO         
  C:D078H         LINE#         5379
  C:D078H         LINE#         5380
  C:D078H         LINE#         5383
  C:D07BH         LINE#         5385
  C:D07DH         LINE#         5386
  C:D07FH         LINE#         5389
  C:D085H         LINE#         5390
  C:D085H         LINE#         5391
BL51 BANKED LINKER/LOCATER V6.22                                                      04/20/2021  14:51:13  PAGE 31


  C:D08BH         LINE#         5392
  C:D08BH         LINE#         5393
  C:D091H         LINE#         5394
  C:D0A7H         LINE#         5395
  C:D0AEH         LINE#         5397
  C:D0B1H         LINE#         5398
  C:D0B1H         LINE#         5399
  C:D0B7H         LINE#         5400
  C:D0B7H         LINE#         5402
  C:D0BDH         LINE#         5403
  C:D0BDH         LINE#         5404
  C:D0C4H         LINE#         5405
  C:D0DAH         LINE#         5406
  C:D0F0H         LINE#         5408
  C:D0FBH         LINE#         5410
  C:D0FDH         LINE#         5411
  -------         ENDPROC       DISPSCALEVER_BLUE
  -------         PROC          DISPSCALEVER_GRAY
  -------         DO            
  X:0042H         SYMBOL        i
  X:0044H         SYMBOL        j
  D:0002H         SYMBOL        k
  -------         ENDDO         
  C:CECBH         LINE#         5413
  C:CECBH         LINE#         5414
  C:CECBH         LINE#         5417
  C:CECEH         LINE#         5419
  C:CED0H         LINE#         5424
  C:CED6H         LINE#         5425
  C:CED6H         LINE#         5426
  C:CEDCH         LINE#         5427
  C:CEDCH         LINE#         5428
  C:CEE2H         LINE#         5430
  C:CEF8H         LINE#         5431
  C:CEFFH         LINE#         5433
  C:CF02H         LINE#         5434
  C:CF02H         LINE#         5435
  C:CF08H         LINE#         5436
  C:CF08H         LINE#         5438
  C:CF0EH         LINE#         5439
  C:CF0EH         LINE#         5440
  C:CF22H         LINE#         5441
  C:CF38H         LINE#         5442
  C:CF4EH         LINE#         5444
  C:CF59H         LINE#         5446
  C:CF5BH         LINE#         5447
  -------         ENDPROC       DISPSCALEVER_GRAY
  -------         PROC          DISPGRAYHOR16
  -------         DO            
  X:0061H         SYMBOL        i
  D:0002H         SYMBOL        j
  X:0063H         SYMBOL        k
  -------         ENDDO         
  C:CD09H         LINE#         5449
  C:CD09H         LINE#         5450
  C:CD09H         LINE#         5453
  C:CD0CH         LINE#         5455
BL51 BANKED LINKER/LOCATER V6.22                                                      04/20/2021  14:51:13  PAGE 32


  C:CD0EH         LINE#         5456
  C:CD10H         LINE#         5458
  C:CD16H         LINE#         5459
  C:CD16H         LINE#         5460
  C:CD1FH         LINE#         5461
  C:CD1FH         LINE#         5462
  C:CD25H         LINE#         5463
  C:CD2CH         LINE#         5465
  C:CD2FH         LINE#         5466
  C:CD2FH         LINE#         5467
  C:CD35H         LINE#         5468
  C:CD35H         LINE#         5469
  C:CD67H         LINE#         5470
  C:CD7DH         LINE#         5471
  C:CD88H         LINE#         5472
  C:CDA1H         LINE#         5474
  C:CDA3H         LINE#         5475
  -------         ENDPROC       DISPGRAYHOR16
  -------         PROC          DISPGRAYHOR32
  -------         DO            
  X:0046H         SYMBOL        i
  D:0002H         SYMBOL        j
  X:0048H         SYMBOL        k
  -------         ENDDO         
  C:D201H         LINE#         5477
  C:D201H         LINE#         5478
  C:D201H         LINE#         5481
  C:D204H         LINE#         5483
  C:D206H         LINE#         5485
  C:D20CH         LINE#         5486
  C:D20CH         LINE#         5487
  C:D215H         LINE#         5488
  C:D215H         LINE#         5489
  C:D21BH         LINE#         5490
  C:D222H         LINE#         5492
  C:D225H         LINE#         5493
  C:D225H         LINE#         5494
  C:D22BH         LINE#         5495
  C:D22BH         LINE#         5496
  C:D23FH         LINE#         5497
  C:D255H         LINE#         5498
  C:D260H         LINE#         5499
  C:D276H         LINE#         5501
  C:D278H         LINE#         5502
  -------         ENDPROC       DISPGRAYHOR32
  -------         PROC          DISPSCALEHOR2
  -------         DO            
  X:004AH         SYMBOL        j
  D:0002H         SYMBOL        k
  -------         ENDDO         
  C:B863H         LINE#         5504
  C:B863H         LINE#         5505
  C:B863H         LINE#         5508
  C:B866H         LINE#         5510
  C:B866H         LINE#         5511
  C:B866H         LINE#         5512
  C:B86CH         LINE#         5513
BL51 BANKED LINKER/LOCATER V6.22                                                      04/20/2021  14:51:13  PAGE 33


  C:B889H         LINE#         5514
  C:B894H         LINE#         5515
  C:B897H         LINE#         5516
  C:B897H         LINE#         5517
  C:B89DH         LINE#         5518
  C:B8BAH         LINE#         5519
  C:B8C5H         LINE#         5520
  C:B8C8H         LINE#         5521
  C:B8C8H         LINE#         5522
  C:B8CEH         LINE#         5523
  C:B8EBH         LINE#         5524
  C:B8F6H         LINE#         5525
  C:B8F9H         LINE#         5526
  C:B8F9H         LINE#         5527
  C:B8FFH         LINE#         5528
  C:B91CH         LINE#         5529
  C:B927H         LINE#         5530
  C:B92AH         LINE#         5531
  C:B92AH         LINE#         5532
  C:B930H         LINE#         5533
  C:B94DH         LINE#         5534
  C:B958H         LINE#         5535
  C:B95BH         LINE#         5536
  C:B95BH         LINE#         5537
  C:B961H         LINE#         5538
  C:B97EH         LINE#         5539
  C:B989H         LINE#         5540
  C:B98CH         LINE#         5541
  C:B98CH         LINE#         5542
  C:B992H         LINE#         5543
  C:B9AFH         LINE#         5544
  C:B9BAH         LINE#         5545
  C:B9BDH         LINE#         5546
  C:B9BDH         LINE#         5547
  C:B9C3H         LINE#         5548
  C:B9DFH         LINE#         5549
  C:B9EAH         LINE#         5550
  C:B9F3H         LINE#         5551
  C:B9F3H         LINE#         5552
  C:B9F9H         LINE#         5553
  C:BA15H         LINE#         5554
  C:BA1CH         LINE#         5556
  -------         ENDPROC       DISPSCALEHOR2
  -------         PROC          _TOORD
  D:0007H         SYMBOL        ch
  C:D507H         LINE#         5661
  C:D507H         LINE#         5662
  C:D507H         LINE#         5663
  C:D50DH         LINE#         5664
  C:D50DH         LINE#         5665
  C:D50FH         LINE#         5666
  C:D511H         LINE#         5667
  C:D51DH         LINE#         5668
  C:D51DH         LINE#         5669
  C:D521H         LINE#         5670
  C:D523H         LINE#         5671
  C:D52FH         LINE#         5672
BL51 BANKED LINKER/LOCATER V6.22                                                      04/20/2021  14:51:13  PAGE 34


  C:D52FH         LINE#         5673
  C:D533H         LINE#         5674
  C:D535H         LINE#         5675
  C:D541H         LINE#         5676
  C:D541H         LINE#         5677
  C:D545H         LINE#         5678
  C:D547H         LINE#         5679
  C:D553H         LINE#         5680
  C:D553H         LINE#         5681
  C:D557H         LINE#         5682
  C:D559H         LINE#         5683
  C:D55FH         LINE#         5684
  C:D55FH         LINE#         5685
  C:D561H         LINE#         5686
  C:D561H         LINE#         5688
  C:D561H         LINE#         5689
  -------         ENDPROC       _TOORD
  C:C79CH         SYMBOL        L?0447
  C:C7B4H         SYMBOL        L?0448
  -------         PROC          L?0446
  -------         ENDPROC       L?0446
  C:C79CH         SYMBOL        L?0447
  C:C7B4H         SYMBOL        L?0448
  -------         PROC          _DISPONECHAR
  X:0075H         SYMBOL        ord
  D:0006H         SYMBOL        Xstart
  D:0002H         SYMBOL        Ystart
  X:007AH         SYMBOL        TextColor
  X:007CH         SYMBOL        BackColor
  -------         DO            
  X:007EH         SYMBOL        i
  D:0002H         SYMBOL        j
  X:007FH         SYMBOL        p
  D:0003H         SYMBOL        dat
  D:0006H         SYMBOL        index
  -------         ENDDO         
  C:C7C4H         LINE#         5691
  C:C7CCH         LINE#         5692
  C:C7CCH         LINE#         5698
  C:C7E6H         LINE#         5700
  C:C7ECH         LINE#         5702
  C:C7F4H         LINE#         5703
  C:C7F6H         LINE#         5705
  C:C804H         LINE#         5707
  C:C811H         LINE#         5708
  C:C818H         LINE#         5710
  C:C81CH         LINE#         5711
  C:C81CH         LINE#         5712
  C:C831H         LINE#         5713
  C:C833H         LINE#         5714
  C:C833H         LINE#         5715
  C:C840H         LINE#         5716
  C:C840H         LINE#         5717
  C:C842H         LINE#         5718
  C:C844H         LINE#         5720
  C:C844H         LINE#         5721
  C:C84EH         LINE#         5722
BL51 BANKED LINKER/LOCATER V6.22                                                      04/20/2021  14:51:13  PAGE 35


  C:C84EH         LINE#         5723
  C:C853H         LINE#         5724
  C:C85EH         LINE#         5725
[...]
  C:B35DH         LINE#         324
  C:B362H         LINE#         325
  C:B36AH         LINE#         326
  C:B374H         LINE#         327
  C:B382H         LINE#         328
  C:B390H         LINE#         329
  C:B392H         LINE#         331
  C:B392H         LINE#         332
  C:B397H         LINE#         333
  C:B39AH         LINE#         334
  C:B3B2H         LINE#         335
  C:B3B2H         LINE#         336
BL51 BANKED LINKER/LOCATER V6.22                                                      04/20/2021  14:51:13  PAGE 43


  C:B3CBH         LINE#         337
  C:B3D0H         LINE#         338
  C:B3D8H         LINE#         339
  C:B3DFH         LINE#         340
  C:B3E4H         LINE#         341
  C:B3E4H         LINE#         342
  C:B3F8H         LINE#         343
  C:B3F8H         LINE#         344
  C:B3FFH         LINE#         345
  C:B404H         LINE#         346
  C:B404H         LINE#         347
  C:B412H         LINE#         348
  C:B412H         LINE#         349
  -------         ENDPROC       USBXCORE_HANDLE_SETUP
  -------         PROC          USBXCORE_FORCE_STALL
  C:D9C4H         LINE#         356
  C:D9C4H         LINE#         358
  C:D9CFH         LINE#         359
  C:D9DAH         LINE#         360
  C:D9E0H         LINE#         361
  -------         ENDPROC       USBXCORE_FORCE_STALL
  -------         PROC          USBXCORE_GET_STATUS
  C:D361H         LINE#         367
  C:D361H         LINE#         369
  C:D370H         LINE#         370
  C:D370H         LINE#         371
  C:D370H         LINE#         372
  C:D370H         LINE#         373
  C:D370H         LINE#         374
  C:D372H         LINE#         375
  C:D372H         LINE#         379
  C:D372H         LINE#         381
  C:D380H         LINE#         385
  C:D380H         LINE#         386
  C:D380H         LINE#         387
  C:D380H         LINE#         388
  C:D382H         LINE#         390
  C:D382H         LINE#         392
  C:D390H         LINE#         396
  C:D390H         LINE#         397
  C:D39DH         LINE#         398
  C:D39DH         LINE#         399
  C:D39FH         LINE#         401
  C:D39FH         LINE#         402
  C:D3ADH         LINE#         403
  C:D3B6H         LINE#         404
  C:D3B6H         LINE#         405
  C:D3B6H         LINE#         406
  C:D3B8H         LINE#         407
  C:D3B8H         LINE#         408
  C:D3BBH         LINE#         409
  C:D3BBH         LINE#         410
  C:D3BBH         LINE#         411
  C:D3C3H         LINE#         412
  C:D3C3H         LINE#         413
  C:D3C6H         LINE#         414
  C:D3CCH         LINE#         415
BL51 BANKED LINKER/LOCATER V6.22                                                      04/20/2021  14:51:13  PAGE 44


  C:D3D3H         LINE#         416
  C:D3D3H         LINE#         417
  -------         ENDPROC       USBXCORE_GET_STATUS
  -------         PROC          USBXCORE_CLEAR_FEATURE
  C:D5BCH         LINE#         423
  C:D5BCH         LINE#         425
  C:D5C2H         LINE#         426
  C:D5C2H         LINE#         428
  C:D5C9H         LINE#         429
  C:D5C9H         LINE#         430
  C:D5D4H         LINE#         436
  C:D5DFH         LINE#         437
  C:D5E4H         LINE#         438
  C:D5E6H         LINE#         440
  C:D5E6H         LINE#         442
  C:D5F1H         LINE#         446
  C:D5FCH         LINE#         447
  C:D601H         LINE#         448
  C:D601H         LINE#         449
  C:D603H         LINE#         451
  C:D603H         LINE#         452
  C:D606H         LINE#         453
  C:D606H         LINE#         454
  C:D611H         LINE#         455
  -------         ENDPROC       USBXCORE_CLEAR_FEATURE
  -------         PROC          USBXCORE_VENDOR_USB_API
  C:C6C7H         LINE#         462
  C:C6C7H         LINE#         464
  C:C6D1H         LINE#         465
  C:C6D1H         LINE#         466
  C:C6D8H         LINE#         467
  C:C6D8H         LINE#         468
  C:C6DBH         LINE#         469
  C:C6DEH         LINE#         470
  C:C6E0H         LINE#         472
  C:C6E0H         LINE#         473
  C:C6E7H         LINE#         474
  C:C6E7H         LINE#         477
  C:C6F2H         LINE#         482
  C:C6FDH         LINE#         483
  C:C708H         LINE#         485
  C:C708H         LINE#         486
  C:C71BH         LINE#         487
  C:C71BH         LINE#         488
  C:C71FH         LINE#         489
  C:C72AH         LINE#         491
  C:C72AH         LINE#         492
  C:C73DH         LINE#         493
  C:C73DH         LINE#         494
  C:C741H         LINE#         495
  C:C74CH         LINE#         497
  C:C752H         LINE#         498
  C:C75AH         LINE#         499
  C:C75AH         LINE#         500
  C:C75DH         LINE#         501
  C:C75DH         LINE#         502
  C:C75DH         LINE#         503
BL51 BANKED LINKER/LOCATER V6.22                                                      04/20/2021  14:51:13  PAGE 45


  C:C768H         LINE#         504
  C:C768H         LINE#         505
  C:C76EH         LINE#         506
  C:C775H         LINE#         507
  C:C775H         LINE#         508
  C:C779H         LINE#         509
  C:C779H         LINE#         510
  C:C77FH         LINE#         511
  C:C786H         LINE#         512
  C:C786H         LINE#         513
  C:C791H         LINE#         514
  -------         ENDPROC       USBXCORE_VENDOR_USB_API
  -------         PROC          USBXCORE_SET_FEATURE
  C:D614H         LINE#         521
  C:D614H         LINE#         523
  C:D61AH         LINE#         524
  C:D61AH         LINE#         526
  C:D621H         LINE#         527
  C:D621H         LINE#         528
  C:D62CH         LINE#         534
  C:D637H         LINE#         535
  C:D63AH         LINE#         536
  C:D63CH         LINE#         538
  C:D63CH         LINE#         540
  C:D647H         LINE#         544
  C:D652H         LINE#         545
  C:D658H         LINE#         546
  C:D658H         LINE#         548
  C:D65AH         LINE#         550
  C:D65AH         LINE#         551
  C:D65DH         LINE#         552
  C:D65DH         LINE#         553
  C:D668H         LINE#         554
  -------         ENDPROC       USBXCORE_SET_FEATURE
  -------         PROC          USBXCORE_SET_ADDRESS
  C:D985H         LINE#         561
  C:D985H         LINE#         563
  C:D994H         LINE#         564
  C:D99AH         LINE#         565
  C:D99AH         LINE#         566
  C:D99DH         LINE#         567
  C:D99FH         LINE#         569
  C:D99FH         LINE#         570
  C:D9A2H         LINE#         571
  C:D9A2H         LINE#         572
  -------         ENDPROC       USBXCORE_SET_ADDRESS
  -------         PROC          USBXCORE_GET_DESCRIPTOR
  C:C9CAH         LINE#         579
  C:C9CAH         LINE#         580
  C:C9D9H         LINE#         581
  C:C9D9H         LINE#         582
  C:C9D9H         LINE#         583
  C:C9E7H         LINE#         584
  C:C9EBH         LINE#         585
  C:C9EDH         LINE#         586
  C:C9EDH         LINE#         587
  C:C9FBH         LINE#         588
BL51 BANKED LINKER/LOCATER V6.22                                                      04/20/2021  14:51:13  PAGE 46


  C:CA0EH         LINE#         589
  C:CA10H         LINE#         590
  C:CA10H         LINE#         591
  C:CA34H         LINE#         592
  C:CA40H         LINE#         593
  C:CA42H         LINE#         594
  C:CA42H         LINE#         595
  C:CA45H         LINE#         596
  C:CA45H         LINE#         597
  C:CA45H         LINE#         598
  C:CA5BH         LINE#         599
  C:CA5BH         LINE#         600
  C:CA63H         LINE#         601
  C:CA63H         LINE#         602
  C:CA6BH         LINE#         603
  C:CA6BH         LINE#         604
  C:CA6EH         LINE#         605
  C:CA74H         LINE#         606
  C:CA7BH         LINE#         607
  C:CA7BH         LINE#         608
  -------         ENDPROC       USBXCORE_GET_DESCRIPTOR
  -------         PROC          USBXCORE_GET_CONFIGURATION
  C:D762H         LINE#         614
  C:D762H         LINE#         616
  C:D76AH         LINE#         617
  C:D76AH         LINE#         618
  C:D776H         LINE#         619
  C:D77EH         LINE#         620
  C:D77EH         LINE#         621
  C:D782H         LINE#         622
  C:D782H         LINE#         623
  C:D790H         LINE#         624
  C:D798H         LINE#         625
  C:D798H         LINE#         626
  C:D79BH         LINE#         627
  C:D7A1H         LINE#         628
  C:D7A8H         LINE#         629
  -------         ENDPROC       USBXCORE_GET_CONFIGURATION
  -------         PROC          USBXCORE_SET_CONFIGURATION
  C:D562H         LINE#         635
  C:D562H         LINE#         637
  C:D56BH         LINE#         638
  C:D56BH         LINE#         639
  C:D572H         LINE#         640
  C:D578H         LINE#         641
  C:D57DH         LINE#         642
  C:D57FH         LINE#         644
  C:D58AH         LINE#         645
  C:D595H         LINE#         646
  C:D5A0H         LINE#         653
  C:D5ABH         LINE#         654
  C:D5ADH         LINE#         656
  C:D5ADH         LINE#         657
  C:D5B3H         LINE#         658
  C:D5B7H         LINE#         659
  C:D5B9H         LINE#         660
  C:D5B9H         LINE#         661
BL51 BANKED LINKER/LOCATER V6.22                                                      04/20/2021  14:51:13  PAGE 47


  -------         ENDPROC       USBXCORE_SET_CONFIGURATION
  -------         PROC          USBXCORE_GET_INTERFACE
  C:D8F6H         LINE#         668
  C:D8F6H         LINE#         670
  C:D904H         LINE#         671
  C:D90CH         LINE#         672
  C:D90FH         LINE#         673
  C:D915H         LINE#         674
  C:D91CH         LINE#         675
  -------         ENDPROC       USBXCORE_GET_INTERFACE
  -------         PROC          USBXCORE_SET_SOP
  C:DA46H         LINE#         682
  C:DA46H         LINE#         684
  C:DA4EH         LINE#         685
  C:DA4EH         LINE#         686
  C:DA59H         LINE#         687
  C:DA59H         LINE#         688
  -------         ENDPROC       USBXCORE_SET_SOP
  -------         PROC          USBXCORE_USB_ISR
  C:BEC5H         LINE#         699
  C:BEE2H         LINE#         702
  C:BEE8H         LINE#         703
  C:BEFBH         LINE#         706
  C:BF0EH         LINE#         709
  C:BF12H         LINE#         710
  C:BF12H         LINE#         711
  C:BF1DH         LINE#         712
  C:BF1DH         LINE#         714
  C:BF24H         LINE#         715
  C:BF24H         LINE#         716
  C:BF27H         LINE#         717
  C:BF27H         LINE#         719
  C:BF2EH         LINE#         720
  C:BF2EH         LINE#         721
  C:BF3BH         LINE#         722
  C:BF3BH         LINE#         723
  C:BF42H         LINE#         724
  C:BF42H         LINE#         725
  C:BF42H         LINE#         727
  C:BF42H         LINE#         728
  C:BF42H         LINE#         730
  C:BF42H         LINE#         732
  C:BF55H         LINE#         734
  C:BF59H         LINE#         735
  C:BF59H         LINE#         736
  C:BF5CH         LINE#         737
  C:BF5CH         LINE#         740
  C:BF63H         LINE#         741
  C:BF63H         LINE#         742
  C:BF6EH         LINE#         748
  C:BF81H         LINE#         749
  C:BF86H         LINE#         750
  C:BF86H         LINE#         751
  C:BF8DH         LINE#         752
  C:BF8DH         LINE#         754
  C:BF8DH         LINE#         756
  C:BFA0H         LINE#         759
BL51 BANKED LINKER/LOCATER V6.22                                                      04/20/2021  14:51:13  PAGE 48


  C:BFA4H         LINE#         760
  C:BFA4H         LINE#         761
  C:BFAFH         LINE#         767
  C:BFC2H         LINE#         768
  C:BFC6H         LINE#         769
  C:BFC6H         LINE#         770
  C:BFCDH         LINE#         771
  C:BFCDH         LINE#         772
  C:BFCDH         LINE#         775
  C:BFDBH         LINE#         776
  C:BFE0H         LINE#         777
  C:BFE6H         LINE#         778
  C:BFEBH         LINE#         781
  C:BFF8H         LINE#         782
  C:BFF8H         LINE#         783
  C:BFFBH         LINE#         784
  C:BFFBH         LINE#         785
  -------         ENDPROC       USBXCORE_USB_ISR
  -------         ENDMOD        USB_API

  -------         MODULE        USB_SUSPEND
  C:0000H         SYMBOL        _ICE_DUMMY_
  D:00D7H         PUBLIC        USB0XCN
  D:00C9H         PUBLIC        REG0CN
  C:D87DH         PUBLIC        USB_Suspend
  D:00A9H         PUBLIC        CLKSEL
  D:00B2H         PUBLIC        OSCICN
  D:00B9H         PUBLIC        CLKMUL
  -------         PROC          USB_SUSPEND
  C:D87DH         LINE#         70
  C:D87DH         LINE#         72
  C:D880H         LINE#         74
  C:D883H         LINE#         76
  C:D88BH         LINE#         79
  C:D88EH         LINE#         80
  C:D891H         LINE#         81
  C:D894H         LINE#         82
  C:D897H         LINE#         84
  C:D898H         LINE#         86
  C:D89BH         LINE#         88
  C:D8A1H         LINE#         92
  C:D8A4H         LINE#         94
  C:D8A7H         LINE#         95
  -------         ENDPROC       USB_SUSPEND
  -------         ENDMOD        USB_SUSPEND

  -------         MODULE        USB_INT_ENABLE
  C:0000H         SYMBOL        _ICE_DUMMY_
  C:DA17H         PUBLIC        USB_Int_Enable
  D:0096H         PUBLIC        USB0ADR
  D:0097H         PUBLIC        USB0DAT
  -------         PROC          USB_INT_ENABLE
  C:DA17H         LINE#         68
  C:DA17H         LINE#         71
  C:DA1EH         LINE#         73
  C:DA24H         LINE#         74
  C:DA24H         LINE#         75
BL51 BANKED LINKER/LOCATER V6.22                                                      04/20/2021  14:51:13  PAGE 49


  C:DA2FH         LINE#         77
  C:DA2FH         LINE#         78
  -------         ENDPROC       USB_INT_ENABLE
  -------         ENDMOD        USB_INT_ENABLE

  -------         MODULE        USB_CLOCK_RECOVERY
  C:0000H         SYMBOL        _ICE_DUMMY_
  C:DA8CH         PUBLIC        USBXcore_ClkRec
  D:0096H         PUBLIC        USB0ADR
  D:0097H         PUBLIC        USB0DAT
  -------         PROC          USBXCORE_CLKREC
  C:DA8CH         LINE#         45
  C:DA8CH         LINE#         47
  C:DA97H         LINE#         48
  -------         ENDPROC       USBXCORE_CLKREC
  -------         ENDMOD        USB_CLOCK_RECOVERY

  -------         MODULE        ?C?FPMUL
  C:AC9BH         PUBLIC        ?C?FPMUL
  -------         ENDMOD        ?C?FPMUL

  -------         MODULE        ?C?FCAST
  C:ADABH         PUBLIC        ?C?FCASTC
  C:ADA6H         PUBLIC        ?C?FCASTI
  C:ADA1H         PUBLIC        ?C?FCASTL
  -------         ENDMOD        ?C?FCAST

  -------         MODULE        ?C?CASTF
  C:ADDFH         PUBLIC        ?C?CASTF
  -------         ENDMOD        ?C?CASTF

  -------         MODULE        ?C?COPY
  C:AF30H         PUBLIC        ?C?COPY
  -------         ENDMOD        ?C?COPY

  -------         MODULE        ?C?CLDPTR
  C:AF56H         PUBLIC        ?C?CLDPTR
  -------         ENDMOD        ?C?CLDPTR

  -------         MODULE        ?C?CLDOPTR
  C:AF6FH         PUBLIC        ?C?CLDOPTR
  -------         ENDMOD        ?C?CLDOPTR

  -------         MODULE        ?C?IMUL
  C:AF9CH         PUBLIC        ?C?IMUL
  -------         ENDMOD        ?C?IMUL

  -------         MODULE        ?C?IILDX
  C:AFAEH         PUBLIC        ?C?IILDX
  -------         ENDMOD        ?C?IILDX

  -------         MODULE        ?C?ILDOPTR
  C:AFC4H         PUBLIC        ?C?ILDOPTR
  -------         ENDMOD        ?C?ILDOPTR

  -------         MODULE        ?C?LMUL
  C:AFFCH         PUBLIC        ?C?LMUL
BL51 BANKED LINKER/LOCATER V6.22                                                      04/20/2021  14:51:13  PAGE 50


  -------         ENDMOD        ?C?LMUL

  -------         MODULE        ?C?ULDIV
  C:B087H         PUBLIC        ?C?ULDIV
  -------         ENDMOD        ?C?ULDIV

  -------         MODULE        ?C?LNEG
  C:B119H         PUBLIC        ?C?LNEG
  -------         ENDMOD        ?C?LNEG

  -------         MODULE        ?C?ULCMP
  C:B127H         PUBLIC        ?C?ULCMP
  -------         ENDMOD        ?C?ULCMP

  -------         MODULE        ?C?ULSHR
  C:B138H         PUBLIC        ?C?ULSHR
  -------         ENDMOD        ?C?ULSHR

  -------         MODULE        ?C?LSHL
  C:B14BH         PUBLIC        ?C?LSHL
  -------         ENDMOD        ?C?LSHL

  -------         MODULE        ?C?LLDIPDATA
  C:B167H         PUBLIC        ?C?LLDIPDATA
  C:B15EH         PUBLIC        ?C?LLDIPDATA1
  C:B160H         PUBLIC        ?C?LLDIPDATA8
  -------         ENDMOD        ?C?LLDIPDATA

  -------         MODULE        ?C?LSTXDATA
  C:B17EH         PUBLIC        ?C?LSTXDATA
  -------         ENDMOD        ?C?LSTXDATA

  -------         MODULE        ?C?LSTPDATA
  C:B18AH         PUBLIC        ?C?LSTPDATA
  -------         ENDMOD        ?C?LSTPDATA

  -------         MODULE        ?C?LSTKXDATA
  C:B196H         PUBLIC        ?C?LSTKXDATA
  -------         ENDMOD        ?C?LSTKXDATA

  -------         MODULE        ?C?LSTKPDATA
  C:B1C7H         PUBLIC        ?C?LSTKPDATA
  -------         ENDMOD        ?C?LSTKPDATA

  -------         MODULE        ?C_PBP
  D:0008H         PUBLIC        ?C_PBP
  -------         ENDMOD        ?C_PBP

*** WARNING L14: INCOMPATIBLE MEMORY MODEL
    MODULE:  .\USBX_F34X.LIB (USB_API)
    MODEL:   SMALL

*** WARNING L14: INCOMPATIBLE MEMORY MODEL
    MODULE:  .\USBX_F34X.LIB (USB_SUSPEND)
    MODEL:   SMALL

*** WARNING L14: INCOMPATIBLE MEMORY MODEL
BL51 BANKED LINKER/LOCATER V6.22                                                      04/20/2021  14:51:13  PAGE 51


    MODULE:  .\USBX_F34X.LIB (USB_INT_ENABLE)
    MODEL:   SMALL

*** WARNING L14: INCOMPATIBLE MEMORY MODEL
    MODULE:  .\USBX_F34X.LIB (USB_CLOCK_RECOVERY)
    MODEL:   SMALL

*** WARNING L16: UNCALLED SEGMENT, IGNORED FOR OVERLAY PROCESS
    SEGMENT: ?PR?SD_INIT?MMC_SD

*** WARNING L16: UNCALLED SEGMENT, IGNORED FOR OVERLAY PROCESS
    SEGMENT: ?PR?_LCD_READ_IC_ID?LCD

*** WARNING L16: UNCALLED SEGMENT, IGNORED FOR OVERLAY PROCESS
    SEGMENT: ?PR?_DISPPIC?LCD

*** WARNING L16: UNCALLED SEGMENT, IGNORED FOR OVERLAY PROCESS
    SEGMENT: ?PR?_DISPPICFROMSD?LCD

*** WARNING L16: UNCALLED SEGMENT, IGNORED FOR OVERLAY PROCESS
    SEGMENT: ?PR?DISPSCALEHOR1?LCD

*** WARNING L16: UNCALLED SEGMENT, IGNORED FOR OVERLAY PROCESS
    SEGMENT: ?PR?DISPSCALEVER?LCD

*** WARNING L16: UNCALLED SEGMENT, IGNORED FOR OVERLAY PROCESS
    SEGMENT: ?PR?DISPSCALEVER_RED?LCD

*** WARNING L16: UNCALLED SEGMENT, IGNORED FOR OVERLAY PROCESS
    SEGMENT: ?PR?DISPSCALEVER_GREEN?LCD

*** WARNING L16: UNCALLED SEGMENT, IGNORED FOR OVERLAY PROCESS
    SEGMENT: ?PR?DISPSCALEVER_BLUE?LCD

*** WARNING L16: UNCALLED SEGMENT, IGNORED FOR OVERLAY PROCESS
    SEGMENT: ?PR?DISPSCALEVER_GRAY?LCD

*** WARNING L16: UNCALLED SEGMENT, IGNORED FOR OVERLAY PROCESS
    SEGMENT: ?PR?DISPGRAYHOR32?LCD

*** WARNING L16: UNCALLED SEGMENT, IGNORED FOR OVERLAY PROCESS
    SEGMENT: ?PR?DISPSCALEHOR2?LCD

*** WARNING L16: UNCALLED SEGMENT, IGNORED FOR OVERLAY PROCESS
    SEGMENT: ?PR?_DRAWGIRD?LCD

*** WARNING L15: MULTIPLE CALL TO SEGMENT
    SEGMENT: ?PR?_WRITECOMM?LCD
    CALLER1: ?PR?USB_API_TEST_ISR?MAIN
    CALLER2: ?C_C51STARTUP

*** WARNING L15: MULTIPLE CALL TO SEGMENT
    SEGMENT: ?PR?_WRITEDATA?LCD
    CALLER1: ?PR?USB_API_TEST_ISR?MAIN
    CALLER2: ?C_C51STARTUP

Program Size: data=10.0 xdata=1227 code=55976
BL51 BANKED LINKER/LOCATER V6.22                                                      04/20/2021  14:51:13  PAGE 52


LINK/LOCATE RUN COMPLETE.  19 WARNING(S),  0 ERROR(S)
