BL51 BANKED LINKER/LOCATER V6.22                                                        08/16/2021  10:23:29  PAGE 1


BL51 BANKED LINKER/LOCATER V6.22, INVOKED BY:
D:\KEIL\C51\BIN\BL51.EXE main.obj, mmc_sd.obj, lcd.obj, tp.obj, .\USBX_F34X.LIB TO NV3029G_CTC24_3W2L RAMSIZE (256)


MEMORY MODEL: COMPACT WITH FLOATING POINT ARITHMETIC


INPUT MODULES INCLUDED:
  main.obj (MAIN)
  mmc_sd.obj (MMC_SD)
  lcd.obj (LCD)
  tp.obj (TP)
  .\USBX_F34X.LIB (USB_API)
  .\USBX_F34X.LIB (USB_CLOCK_START)
  .\USBX_F34X.LIB (USB_SUSPEND)
  .\USBX_F34X.LIB (GET_INTERRUPT_SOURCE)
  .\USBX_F34X.LIB (BLOCK_READ)
  .\USBX_F34X.LIB (BLOCK_WRITE)
  .\USBX_F34X.LIB (USB_INT_ENABLE)
  .\USBX_F34X.LIB (USB_CLOCK_RECOVERY)
  .\USBX_F34X.LIB (USB_JUMP_ISR)
  D:\KEIL\C51\LIB\C51FPC.LIB (?C?FPMUL)
  D:\KEIL\C51\LIB\C51FPC.LIB (?C?FCAST)
  D:\KEIL\C51\LIB\C51FPC.LIB (?C?CASTF)
  D:\KEIL\C51\LIB\C51FPC.LIB (?C?FPGETOPN)
  D:\KEIL\C51\LIB\C51C.LIB (?C_STARTUP)
  D:\KEIL\C51\LIB\C51C.LIB (?C?COPY)
  D:\KEIL\C51\LIB\C51C.LIB (?C?CLDPTR)
  D:\KEIL\C51\LIB\C51C.LIB (?C?CLDOPTR)
  D:\KEIL\C51\LIB\C51C.LIB (?C?IMUL)
  D:\KEIL\C51\LIB\C51C.LIB (?C?IILDX)
  D:\KEIL\C51\LIB\C51C.LIB (?C?ILDOPTR)
  D:\KEIL\C51\LIB\C51C.LIB (?C?LMUL)
  D:\KEIL\C51\LIB\C51C.LIB (?C?ULDIV)
  D:\KEIL\C51\LIB\C51C.LIB (?C?LNEG)
  D:\KEIL\C51\LIB\C51C.LIB (?C?ULCMP)
  D:\KEIL\C51\LIB\C51C.LIB (?C?ULSHR)
  D:\KEIL\C51\LIB\C51C.LIB (?C?LSHL)
  D:\KEIL\C51\LIB\C51C.LIB (?C?LLDIPDATA)
  D:\KEIL\C51\LIB\C51C.LIB (?C?LSTXDATA)
  D:\KEIL\C51\LIB\C51C.LIB (?C?LSTPDATA)
  D:\KEIL\C51\LIB\C51C.LIB (?C?LSTKXDATA)
  D:\KEIL\C51\LIB\C51C.LIB (?C?LSTKPDATA)
  D:\KEIL\C51\LIB\C51C.LIB (?C_PBP)
  D:\KEIL\C51\LIB\C51C.LIB (?C_INIT)


LINK MAP OF MODULE:  NV3029G_CTC24_3W2L (MAIN)


            TYPE    BASE      LENGTH    RELOCATION   SEGMENT NAME
            -----------------------------------------------------

            * * * * * * *   D A T A   M E M O R Y   * * * * * * *
            REG     0000H     0008H     ABSOLUTE     "REG BANK 0"
            DATA    0008H     0001H     UNIT         ?C?LIB_DATA
            IDATA   0009H     0001H     UNIT         ?STACK

BL51 BANKED LINKER/LOCATER V6.22                                                      08/16/2021  10:23:29  PAGE 2


            * * * * * * *  X D A T A   M E M O R Y  * * * * * * *
            XDATA   0000H     0010H     INPAGE       ?PD?MAIN
            XDATA   0010H     0004H     INPAGE       ?PD?_MMC_SD_READSINGLEBLOCK?MMC_SD
            XDATA   0014H     0005H     INPAGE       ?PD?DISPBAND?LCD
            XDATA   0019H     0005H     INPAGE       ?PD?_DISPPIC?LCD
            XDATA   001EH     000DH     INPAGE       ?PD?_DISPPICFROMSD?LCD
            XDATA   002BH     0004H     INPAGE       ?PD?DISPSCALEHOR1?LCD
            XDATA   002FH     0004H     INPAGE       ?PD?DISPSCALEVER?LCD
            XDATA   0033H     0004H     INPAGE       ?PD?DISPSCALEVER_RED?LCD
            XDATA   0037H     0004H     INPAGE       ?PD?DISPSCALEVER_GREEN?LCD
            XDATA   003BH     0004H     INPAGE       ?PD?DISPSCALEVER_BLUE?LCD
            XDATA   003FH     0004H     INPAGE       ?PD?DISPSCALEVER_GRAY?LCD
            XDATA   0043H     0004H     INPAGE       ?PD?DISPGRAYHOR32?LCD
            XDATA   0047H     0002H     INPAGE       ?PD?DISPSCALEHOR2?LCD
            XDATA   0049H     000CH     INPAGE       ?PD?_DRAWLINE?LCD
            XDATA   0055H     0004H     INPAGE       ?PD?_DRAWGIRD?LCD
            XDATA   0059H     0002H     INPAGE       ?PD?LCD
            XDATA   005BH     0024H     INPAGE       _PDATA_GROUP_
            XDATA   007FH     0200H     UNIT         ?XD?MMC_SD
            XDATA   027FH     0058H     UNIT         _XDATA_GROUP_
            XDATA   02D7H     0040H     UNIT         ?XD?MAIN
                    0317H     0329H                  *** GAP ***
            XDATA   0640H     0100H     ABSOLUTE     
            XDATA   0740H     0012H     ABSOLUTE     
            XDATA   0752H     0020H     ABSOLUTE     
            XDATA   0772H     000CH     ABSOLUTE     
            XDATA   077EH     0008H     ABSOLUTE     
            XDATA   0786H     0001H     ABSOLUTE     
            XDATA   0787H     0003H     ABSOLUTE     
            XDATA   078AH     0002H     ABSOLUTE     
            XDATA   078CH     0002H     ABSOLUTE     
            XDATA   078EH     0003H     ABSOLUTE     
            XDATA   0791H     0001H     ABSOLUTE     
            XDATA   0792H     0001H     ABSOLUTE     
            XDATA   0793H     0001H     ABSOLUTE     
            XDATA   0794H     0001H     ABSOLUTE     
            XDATA   0795H     0002H     ABSOLUTE     
            XDATA   0797H     0002H     ABSOLUTE     
            XDATA   0799H     0001H     ABSOLUTE     
            XDATA   079AH     0001H     ABSOLUTE     
            XDATA   079BH     0001H     ABSOLUTE     
            XDATA   079CH     0001H     ABSOLUTE     
            XDATA   079DH     0001H     ABSOLUTE     
            XDATA   079EH     0001H     ABSOLUTE     
            XDATA   079FH     0002H     ABSOLUTE     
            XDATA   07A1H     0001H     ABSOLUTE     
            XDATA   07A2H     0001H     ABSOLUTE     
            XDATA   07A3H     000CH     ABSOLUTE     
                    07AFH     0011H                  *** GAP ***
            XDATA   07C0H     0040H     ABSOLUTE     

            * * * * * * *   C O D E   M E M O R Y   * * * * * * *
            CODE    0000H     0003H     ABSOLUTE     
            CODE    0003H     003AH     UNIT         ?CO?USB_API
            CODE    003DH     0003H     UNIT         ?PR?SUSPEND_DEVICE?MAIN
                    0040H     0003H                  *** GAP ***
            CODE    0043H     0003H     ABSOLUTE     
BL51 BANKED LINKER/LOCATER V6.22                                                      08/16/2021  10:23:29  PAGE 3


            CODE    0046H     0044H     UNIT         ?PR?_DISPCOLOR?LCD
                    008AH     0001H                  *** GAP ***
            CODE    008BH     0003H     ABSOLUTE     
            CODE    008EH     060CH     UNIT         ?PR?CONNTOUSB?MAIN
            CODE    069AH     0600H     UNIT         ?CO?LCD
            CODE    0C9AH     0545H     UNIT         ?C?LIB_CODE
            CODE    11DFH     025BH     UNIT         ?PR?LCD_INIT?LCD
            CODE    143AH     0233H     UNIT         ?PR?USBXCORE_HANDLE_SETUP?USB_API
            CODE    166DH     0232H     UNIT         ?PR?_LCD_READ_IC_ID?LCD
            CODE    189FH     0228H     UNIT         ?PR?DISPSCALEHOR1?LCD
            CODE    1AC7H     01BCH     UNIT         ?PR?DISPSCALEHOR2?LCD
            CODE    1C83H     01A0H     UNIT         ?PR?TP_DRAWLINE?TP
            CODE    1E23H     0190H     UNIT         ?PR?DISPBAND?LCD
            CODE    1FB3H     0151H     UNIT         ?PR?USBXCORE_USB_ISR?USB_API
            CODE    2104H     013DH     UNIT         ?PR?USB_API_TEST_ISR?MAIN
            CODE    2241H     0137H     UNIT         ?PR?_USB_INIT?USB_API
            CODE    2378H     012AH     UNIT         ?PR?DISPSCALEVER?LCD
            CODE    24A2H     011BH     UNIT         ?PR?_TP_GETPOSITION?TP
            CODE    25BDH     0111H     UNIT         ?PR?_BLOCK_WRITE?BLOCK_WRITE
            CODE    26CEH     00E9H     UNIT         ?PR?_DISPPICFROMSD?LCD
            CODE    27B7H     00CDH     UNIT         ?PR?USBXCORE_VENDOR_USB_API?USB_API
            CODE    2884H     00CBH     UNIT         ?PR?_DISPONECHAR?LCD
            CODE    294FH     00B7H     UNIT         ?PR?MMC_SD_RESET?MMC_SD
            CODE    2A06H     00B3H     UNIT         ?PR?_DISPINT?LCD
            CODE    2AB9H     00B2H     UNIT         ?PR?USBXCORE_GET_DESCRIPTOR?USB_API
            CODE    2B6BH     00AFH     UNIT         ?PR?_BLOCK_READ?BLOCK_READ
            CODE    2C1AH     00AAH     UNIT         ?PR?DISPFRAME?LCD
            CODE    2CC4H     00A2H     UNIT         ?PR?DISPSCALEVER_GREEN?LCD
            CODE    2D66H     009CH     UNIT         ?PR?_?BLOCKWRITE?LCD
            CODE    2E02H     009BH     UNIT         ?PR?DISPGRAYHOR16?LCD
            CODE    2E9DH     0096H     UNIT         ?PR?_DISPSTR?LCD
            CODE    2F33H     0093H     UNIT         ?PR?DISPSCALEVER_RED?LCD
            CODE    2FC6H     0093H     UNIT         ?PR?DISPSCALEVER_GRAY?LCD
            CODE    3059H     0090H     UNIT         ?PR?_DRAWGIRD?LCD
            CODE    30E9H     008CH     UNIT         ?C_C51STARTUP
            CODE    3175H     0088H     UNIT         ?PR?DISPSCALEVER_BLUE?LCD
            CODE    31FDH     0086H     UNIT         ?PR?_DRAWLINE?LCD
            CODE    3283H     007DH     UNIT         ?PR?_MMC_SD_WRITESINGLEBLOCK?MMC_SD
            CODE    3300H     0076H     UNIT         ?PR?DISPGRAYHOR32?LCD
            CODE    3376H     0075H     UNIT         ?PR?_MMC_SD_SENDCOMMAND?MMC_SD
            CODE    33EBH     0073H     UNIT         ?PR?TP_READ?TP
            CODE    345EH     0073H     UNIT         ?PR?USBXCORE_GET_STATUS?USB_API
            CODE    34D1H     006CH     UNIT         ?PR?DEVICES_INIT?MAIN
            CODE    353DH     0064H     UNIT         ?PR?_MMC_SD_READSINGLEBLOCK?MMC_SD
            CODE    35A1H     0061H     UNIT         ?PR?_DISPPIC?LCD
            CODE    3602H     005BH     UNIT         ?PR?_TOORD?LCD
            CODE    365DH     005AH     UNIT         ?PR?USBXCORE_SET_CONFIGURATION?USB_API
            CODE    36B7H     0058H     UNIT         ?PR?USBXCORE_CLEAR_FEATURE?USB_API
            CODE    370FH     0057H     UNIT         ?PR?USBXCORE_SET_FEATURE?USB_API
            CODE    3766H     0055H     UNIT         ?PR?_STOPDELAY?MAIN
            CODE    37BBH     0052H     UNIT         ?PR?_PUTPIXEL?LCD
            CODE    380DH     0050H     UNIT         ?CO?MAIN
            CODE    385DH     0049H     UNIT         ?PR?MAIN?MAIN
            CODE    38A6H     0047H     UNIT         ?PR?USBXCORE_GET_CONFIGURATION?USB_API
            CODE    38EDH     0043H     UNIT         ?PR?MCU_INIT?MAIN
            CODE    3930H     0041H     UNIT         ?PR?_WRITEDISPDATA?LCD
            CODE    3971H     0038H     UNIT         ?PR?USB_CLOCK_START?USB_CLOCK_START
BL51 BANKED LINKER/LOCATER V6.22                                                      08/16/2021  10:23:29  PAGE 4


            CODE    39A9H     0033H     UNIT         ?PR?_WRITEDATA?LCD
            CODE    39DCH     002FH     UNIT         ?PR?_WRITECOMM?LCD
            CODE    3A0BH     002DH     UNIT         ?C_INITSEG
            CODE    3A38H     002BH     UNIT         ?PR?USB_SUSPEND?USB_SUSPEND
            CODE    3A63H     0027H     UNIT         ?PR?USBXCORE_USB_RESET?USB_API
            CODE    3A8AH     0027H     UNIT         ?PR?USBXCORE_GET_INTERFACE?USB_API
            CODE    3AB1H     0026H     UNIT         ?PR?_TP_WRITE?TP
            CODE    3AD7H     0022H     UNIT         ?PR?USBXCORE_JUMP_ISR?USB_JUMP_ISR
            CODE    3AF9H     0020H     UNIT         ?PR?USBXCORE_SET_ADDRESS?USB_API
            CODE    3B19H     001FH     UNIT         ?PR?_DELAY?MAIN
            CODE    3B38H     001DH     UNIT         ?PR?USBXCORE_FORCE_STALL?USB_API
            CODE    3B55H     0019H     UNIT         ?PR?USB_INT_ENABLE?USB_INT_ENABLE
            CODE    3B6EH     0016H     UNIT         ?PR?_SPI_WRITEBYTE?MMC_SD
            CODE    3B84H     0016H     UNIT         ?PR?READDATA?LCD
            CODE    3B9AH     0014H     UNIT         ?PR?USBXCORE_SET_SOP?USB_API
            CODE    3BAEH     0013H     UNIT         ?PR?WAITKEY?MAIN
            CODE    3BC1H     0011H     UNIT         ?PR?SD_INIT?MMC_SD
            CODE    3BD2H     000EH     UNIT         ?PR?GET_INTERRUPT_SOURCE?GET_INTERRUPT_SOURCE
            CODE    3BE0H     000CH     UNIT         ?PR?USBXCORE_CLKREC?USB_CLOCK_RECOVERY
            CODE    3BECH     000BH     UNIT         ?PR?SPI_READBYTE?MMC_SD
            CODE    3BF7H     0009H     UNIT         ?PR?_WRITEONEDOT?LCD



OVERLAY MAP OF MODULE:   NV3029G_CTC24_3W2L (MAIN)


SEGMENT                                            PDATA_GROUP         XDATA_GROUP
  +--> CALLED SEGMENT                            START    LENGTH     START    LENGTH
------------------------------------------------------------------------------------
?PR?USB_API_TEST_ISR?MAIN                        005BH    0001H      -----    -----
  +--> ?PR?GET_INTERRUPT_SOURCE?GET_INTERRUP...
  +--> ?PR?_BLOCK_READ?BLOCK_READ
  +--> ?PR?SUSPEND_DEVICE?MAIN
  +--> ?PR?MCU_INIT?MAIN
  +--> ?PR?_?BLOCKWRITE?LCD

?PR?SUSPEND_DEVICE?MAIN                          -----    -----      -----    -----
  +--> ?PR?USB_SUSPEND?USB_SUSPEND

?PR?USB_SUSPEND?USB_SUSPEND                      -----    -----      -----    -----
  +--> ?PR?USB_CLOCK_START?USB_CLOCK_START

?PR?_?BLOCKWRITE?LCD                             -----    -----      -----    -----
  +--> ?PR?_WRITECOMM?LCD
  +--> ?PR?_WRITEDATA?LCD

?PR?_WRITECOMM?LCD                               007EH    0001H      -----    -----

?PR?_WRITEDATA?LCD                               007EH    0001H      -----    -----

*** NEW ROOT ***************************************************

?PR?USBXCORE_USB_ISR?USB_API                     -----    -----      -----    -----
  +--> ?PR?USBXCORE_USB_RESET?USB_API
  +--> ?PR?USBXCORE_HANDLE_SETUP?USB_API
  +--> ?PR?USBXCORE_JUMP_ISR?USB_JUMP_ISR
BL51 BANKED LINKER/LOCATER V6.22                                                      08/16/2021  10:23:29  PAGE 5



?PR?USBXCORE_HANDLE_SETUP?USB_API                -----    -----      -----    -----
  +--> ?PR?USBXCORE_GET_STATUS?USB_API
  +--> ?PR?USBXCORE_CLEAR_FEATURE?USB_API
  +--> ?PR?USBXCORE_VENDOR_USB_API?USB_API
  +--> ?PR?USBXCORE_SET_FEATURE?USB_API
  +--> ?PR?USBXCORE_SET_ADDRESS?USB_API
  +--> ?PR?USBXCORE_GET_DESCRIPTOR?USB_API
  +--> ?PR?USBXCORE_GET_CONFIGURATION?USB_API
  +--> ?PR?USBXCORE_SET_CONFIGURATION?USB_API
  +--> ?PR?USBXCORE_GET_INTERFACE?USB_API
  +--> ?PR?USBXCORE_SET_SOP?USB_API
  +--> ?PR?USBXCORE_FORCE_STALL?USB_API

?PR?USBXCORE_GET_STATUS?USB_API                  -----    -----      -----    -----
  +--> ?CO?USB_API
  +--> ?PR?USBXCORE_FORCE_STALL?USB_API
  +--> ?PR?USBXCORE_SET_SOP?USB_API

?PR?USBXCORE_CLEAR_FEATURE?USB_API               -----    -----      -----    -----
  +--> ?PR?USBXCORE_FORCE_STALL?USB_API
  +--> ?PR?USBXCORE_SET_SOP?USB_API

?PR?USBXCORE_VENDOR_USB_API?USB_API              -----    -----      -----    -----
  +--> ?PR?USBXCORE_SET_SOP?USB_API

?PR?USBXCORE_SET_FEATURE?USB_API                 -----    -----      -----    -----
  +--> ?PR?USBXCORE_FORCE_STALL?USB_API
  +--> ?PR?USBXCORE_SET_SOP?USB_API

?PR?USBXCORE_SET_ADDRESS?USB_API                 -----    -----      -----    -----
  +--> ?PR?USBXCORE_SET_SOP?USB_API

?PR?USBXCORE_GET_DESCRIPTOR?USB_API              -----    -----      -----    -----
  +--> ?PR?USBXCORE_FORCE_STALL?USB_API
  +--> ?PR?USBXCORE_SET_SOP?USB_API

?PR?USBXCORE_GET_CONFIGURATION?USB_API           -----    -----      -----    -----
  +--> ?CO?USB_API
  +--> ?PR?USBXCORE_SET_SOP?USB_API

?PR?USBXCORE_SET_CONFIGURATION?USB_API           -----    -----      -----    -----
  +--> ?PR?USBXCORE_SET_SOP?USB_API

?PR?USBXCORE_GET_INTERFACE?USB_API               -----    -----      -----    -----
  +--> ?CO?USB_API
  +--> ?PR?USBXCORE_SET_SOP?USB_API

*** NEW ROOT ***************************************************

?C_C51STARTUP                                    -----    -----      -----    -----
  +--> ?PR?MAIN?MAIN
  +--> ?C_INITSEG

?PR?MAIN?MAIN                                    -----    -----      -----    -----
  +--> ?PR?DEVICES_INIT?MAIN
  +--> ?PR?DISPFRAME?LCD
BL51 BANKED LINKER/LOCATER V6.22                                                      08/16/2021  10:23:29  PAGE 6


  +--> ?PR?_STOPDELAY?MAIN
  +--> ?PR?_DISPCOLOR?LCD
  +--> ?PR?DISPGRAYHOR16?LCD
  +--> ?PR?TP_DRAWLINE?TP

?PR?DEVICES_INIT?MAIN                            -----    -----      -----    -----
  +--> ?PR?MCU_INIT?MAIN
  +--> ?PR?USB_CLOCK_START?USB_CLOCK_START
  +--> ?CO?MAIN
  +--> ?PR?_USB_INIT?USB_API
  +--> ?PR?USB_INT_ENABLE?USB_INT_ENABLE
  +--> ?PR?LCD_INIT?LCD

?PR?_USB_INIT?USB_API                            -----    -----      027FH    0011H
  +--> ?CO?USB_API
  +--> ?PR?USBXCORE_CLKREC?USB_CLOCK_RECOVERY

?PR?LCD_INIT?LCD                                 -----    -----      -----    -----
  +--> ?PR?READDATA?LCD
  +--> ?PR?_DELAY?MAIN
  +--> ?PR?_WRITECOMM?LCD
  +--> ?PR?_WRITEDATA?LCD

?PR?READDATA?LCD                                 -----    -----      -----    -----
  +--> ?PR?_LCD_READ_IC_ID?LCD

?PR?_LCD_READ_IC_ID?LCD                          0066H    0008H      -----    -----

?PR?DISPFRAME?LCD                                005DH    0002H      -----    -----
  +--> ?PR?_?BLOCKWRITE?LCD
  +--> ?PR?_WRITEDISPDATA?LCD

?PR?_STOPDELAY?MAIN                              005DH    0004H      -----    -----
  +--> ?PR?WAITKEY?MAIN
  +--> ?PR?_DELAY?MAIN

?PR?WAITKEY?MAIN                                 -----    -----      -----    -----
  +--> ?PR?CONNTOUSB?MAIN
  +--> ?PR?_DELAY?MAIN

?PR?CONNTOUSB?MAIN                               0061H    0005H      027FH    0058H
  +--> ?CO?MAIN
  +--> ?PR?_WRITECOMM?LCD
  +--> ?PR?_WRITEDATA?LCD
  +--> ?PR?_DISPSTR?LCD
  +--> ?PR?_DISPINT?LCD
  +--> ?PR?_WRITEDISPDATA?LCD
  +--> ?PR?_MMC_SD_WRITESINGLEBLOCK?MMC_SD
  +--> ?PR?_BLOCK_WRITE?BLOCK_WRITE
  +--> ?PR?READDATA?LCD
  +--> ?PR?_DELAY?MAIN

?PR?_DISPSTR?LCD                                 0066H    000BH      -----    -----
  +--> ?PR?_TOORD?LCD
  +--> ?PR?_DISPONECHAR?LCD

?PR?_DISPONECHAR?LCD                             0071H    000DH      -----    -----
BL51 BANKED LINKER/LOCATER V6.22                                                      08/16/2021  10:23:29  PAGE 7


  +--> ?PR?_?BLOCKWRITE?LCD
  +--> ?CO?LCD
  +--> ?PR?_WRITEONEDOT?LCD

?PR?_WRITEONEDOT?LCD                             -----    -----      -----    -----
  +--> ?PR?_WRITEDISPDATA?LCD

?PR?_DISPINT?LCD                                 0066H    000AH      -----    -----
  +--> ?PR?_DISPONECHAR?LCD

?PR?_MMC_SD_WRITESINGLEBLOCK?MMC_SD              0066H    0004H      -----    -----
  +--> ?PR?_MMC_SD_SENDCOMMAND?MMC_SD
  +--> ?PR?_SPI_WRITEBYTE?MMC_SD

?PR?_MMC_SD_SENDCOMMAND?MMC_SD                   006AH    0005H      -----    -----
  +--> ?PR?_SPI_WRITEBYTE?MMC_SD

?PR?_DISPCOLOR?LCD                               005DH    0004H      -----    -----
  +--> ?PR?_?BLOCKWRITE?LCD
  +--> ?PR?_WRITEDISPDATA?LCD

?PR?DISPGRAYHOR16?LCD                            005DH    0004H      -----    -----
  +--> ?PR?_?BLOCKWRITE?LCD
  +--> ?PR?_WRITEDISPDATA?LCD

?PR?TP_DRAWLINE?TP                               -----    -----      027FH    0018H
  +--> ?PR?_DISPCOLOR?LCD
  +--> ?PR?_DELAY?MAIN
  +--> ?PR?_TP_GETPOSITION?TP
  +--> ?PR?_PUTPIXEL?LCD

?PR?_TP_GETPOSITION?TP                           -----    -----      0297H    001BH
  +--> ?PR?_TP_WRITE?TP
  +--> ?PR?TP_READ?TP

?PR?_TP_WRITE?TP                                 -----    -----      02B2H    0001H

?PR?TP_READ?TP                                   -----    -----      02B2H    0005H

?PR?_PUTPIXEL?LCD                                005DH    0002H      -----    -----
  +--> ?PR?_?BLOCKWRITE?LCD
  +--> ?PR?_WRITEDISPDATA?LCD



SYMBOL TABLE OF MODULE:  NV3029G_CTC24_3W2L (MAIN)

  VALUE           TYPE          NAME
  ----------------------------------

  -------         MODULE        MAIN
  C:0000H         SYMBOL        _ICE_DUMMY_
  D:0080H         PUBLIC        P0
  X:0000H         PUBLIC        f_down
  D:0090H         PUBLIC        P1
  D:00A0H         PUBLIC        P2
  D:00B0H         PUBLIC        P3
BL51 BANKED LINKER/LOCATER V6.22                                                      08/16/2021  10:23:29  PAGE 8


  C:3858H         PUBLIC        USB_MaxPower
  B:00B0H.6       PUBLIC        KEY_STEP
  D:00A4H         PUBLIC        P0MDOUT
  D:00A5H         PUBLIC        P1MDOUT
  D:00A6H         PUBLIC        P2MDOUT
  D:00A7H         PUBLIC        P3MDOUT
  D:00AEH         PUBLIC        P4MDOUT
  B:0080H.6       PUBLIC        OE
  D:00D9H         PUBLIC        PCA0MD
  C:2104H         PUBLIC        USB_API_TEST_ISR
  C:003DH         PUBLIC        Suspend_Device
  C:376AH         PUBLIC        _StopDelay
  D:00E1H         PUBLIC        XBR0
  D:00E2H         PUBLIC        XBR1
  B:00B0H.1       PUBLIC        RS
  C:385DH         PUBLIC        main
  X:0001H         PUBLIC        VerifyCode0
  X:0002H         PUBLIC        VerifyCode1
  C:3822H         PUBLIC        USB_PID
  X:0003H         PUBLIC        VerifyCode2
  D:00F1H         PUBLIC        P0MDIN
  D:00F2H         PUBLIC        P1MDIN
  C:3824H         PUBLIC        USB_MfrStr
  D:00F4H         PUBLIC        P3MDIN
  C:3820H         PUBLIC        USB_VID
  D:00F8H         PUBLIC        SPI0CN
  X:0004H         PUBLIC        pic
  C:34D1H         PUBLIC        Devices_Init
  C:008EH         PUBLIC        ConnToUSB
  D:00A9H         PUBLIC        CLKSEL
  D:00B2H         PUBLIC        OSCICN
  C:3859H         PUBLIC        USB_PwAttributes
  C:3BAEH         PUBLIC        WaitKey
  C:385CH         SYMBOL        _?ix1000
  B:00B0H.0       PUBLIC        CS0
  X:0005H         PUBLIC        bf
  C:385AH         PUBLIC        USB_bcdDevice
  D:00B9H         PUBLIC        CLKMUL
  X:0007H         PUBLIC        f_debug
  X:0008H         PUBLIC        sd
  X:02D7H         PUBLIC        Packet
  C:38EDH         PUBLIC        MCU_Init
  B:0080H.7       PUBLIC        DIR
  D:00EFH         PUBLIC        RSTSRC
  X:000CH         PUBLIC        f_read
  C:384EH         PUBLIC        USB_SerialStr
  X:000DH         PUBLIC        f_other
  C:383EH         PUBLIC        USB_ProductStr
  X:000EH         PUBLIC        f_para
  D:00A1H         PUBLIC        SPI0CFG
  C:3B19H         PUBLIC        _Delay
  B:00B0H.7       PUBLIC        KEY_Stop
  X:000FH         PUBLIC        f_init
  -------         PROC          MAIN
  C:385DH         LINE#         40
  C:385DH         LINE#         41
  C:385DH         LINE#         61
BL51 BANKED LINKER/LOCATER V6.22                                                      08/16/2021  10:23:29  PAGE 9


  C:3860H         LINE#         63
  C:3863H         LINE#         64
  C:3863H         LINE#         67
  C:3869H         LINE#         68
  C:3873H         LINE#         70
  C:387DH         LINE#         71
  C:3887H         LINE#         72
  C:3891H         LINE#         74
  C:3897H         LINE#         75
  C:38A0H         LINE#         79
  C:38A3H         LINE#         81
  C:38A5H         LINE#         82
  -------         ENDPROC       MAIN
  -------         PROC          _DELAY
  D:0006H         SYMBOL        dly
  -------         DO            
  D:0004H         SYMBOL        i
  D:0002H         SYMBOL        j
  -------         ENDDO         
  C:3B19H         LINE#         85
  C:3B19H         LINE#         86
  C:3B19H         LINE#         89
  C:3B23H         LINE#         90
  C:3B37H         LINE#         91
  -------         ENDPROC       _DELAY
  C:3766H         SYMBOL        L?0133
  -------         PROC          L?0132
  -------         ENDPROC       L?0132
  C:3766H         SYMBOL        L?0133
  -------         PROC          _STOPDELAY
  X:005DH         SYMBOL        sdly
  -------         DO            
  D:0006H         SYMBOL        i
  D:0004H         SYMBOL        j
  X:005FH         SYMBOL        k
  -------         ENDDO         
  C:376AH         LINE#         93
  C:3771H         LINE#         94
  C:3771H         LINE#         96
  C:3776H         LINE#         97
  C:3776H         LINE#         98
  C:3779H         LINE#         99
  C:3779H         LINE#         100
  C:3786H         LINE#         101
  C:379AH         LINE#         102
  C:379AH         LINE#         104
  C:379AH         LINE#         105
  C:37A4H         LINE#         106
  C:37A4H         LINE#         107
  C:37BAH         LINE#         108
  -------         ENDPROC       _STOPDELAY
  -------         PROC          WAITKEY
  C:3BAEH         LINE#         137
  C:3BAEH         LINE#         138
  C:3BAEH         LINE#         140
  C:3BB1H         LINE#         141
  C:3BB1H         LINE#         143
BL51 BANKED LINKER/LOCATER V6.22                                                      08/16/2021  10:23:29  PAGE 10


  C:3BB4H         LINE#         145
  C:3BB6H         LINE#         146
  C:3BBDH         LINE#         147
  C:3BC0H         LINE#         149
  -------         ENDPROC       WAITKEY
  -------         PROC          CONNTOUSB
  -------         DO            
  X:0061H         SYMBOL        i
  X:027FH         SYMBOL        reg_data
  X:0297H         SYMBOL        para_data
  D:0007H         SYMBOL        dat
  X:0062H         SYMBOL        reg_index
  X:0064H         SYMBOL        data_num
  X:0065H         SYMBOL        st
  -------         ENDDO         
  C:008EH         LINE#         155
  C:008EH         LINE#         156
  C:008EH         LINE#         163
  C:00A1H         LINE#         165
  C:00A9H         LINE#         166
  C:00A9H         LINE#         167
  C:00B7H         LINE#         168
  C:00B7H         LINE#         169
  C:00C8H         LINE#         170
  C:00C8H         LINE#         171
  C:00EEH         LINE#         172
  C:00F0H         LINE#         173
  C:0104H         LINE#         174
  C:0104H         LINE#         175
  C:012AH         LINE#         177
  C:012AH         LINE#         178
  C:012AH         LINE#         179
  C:012AH         LINE#         181
  C:012AH         LINE#         182
  C:0132H         LINE#         183
  C:013CH         LINE#         184
  C:0146H         LINE#         186
  C:0162H         LINE#         188
  C:016CH         LINE#         189
  C:016CH         LINE#         190
  C:017DH         LINE#         191
  C:017DH         LINE#         192
  C:018EH         LINE#         193
  C:018EH         LINE#         194
  C:01E1H         LINE#         195
  C:01E3H         LINE#         196
  C:01F9H         LINE#         197
  C:01F9H         LINE#         198
  C:024BH         LINE#         199
  C:024BH         LINE#         200
  C:024BH         LINE#         201
  C:024BH         LINE#         203
  C:024BH         LINE#         204
  C:0253H         LINE#         205
  C:0253H         LINE#         206
  C:025DH         LINE#         207
  C:0267H         LINE#         209
BL51 BANKED LINKER/LOCATER V6.22                                                      08/16/2021  10:23:29  PAGE 11


  C:026BH         LINE#         210
  C:026EH         LINE#         214
  C:0276H         LINE#         215
  C:0276H         LINE#         216
  C:0285H         LINE#         217
  C:0285H         LINE#         218
  C:0287H         LINE#         220
  C:0289H         LINE#         221
  C:02A5H         LINE#         222
  C:02A7H         LINE#         224
  C:02D0H         LINE#         225
  C:02F4H         LINE#         226
  C:02FEH         LINE#         227
  C:02FEH         LINE#         228
  C:0306H         LINE#         229
  C:030DH         LINE#         230
  C:0318H         LINE#         231
  C:031EH         LINE#         232
  C:031EH         LINE#         233
  C:0327H         LINE#         235
  C:032BH         LINE#         236
  C:0337H         LINE#         237
  C:033AH         LINE#         240
  C:0342H         LINE#         241
  C:0342H         LINE#         242
  C:034BH         LINE#         243
  C:034BH         LINE#         244
  C:035BH         LINE#         245
  C:035BH         LINE#         246
  C:035DH         LINE#         248
  C:035FH         LINE#         249
  C:037BH         LINE#         250
  C:037DH         LINE#         252
  C:03A6H         LINE#         253
  C:03CAH         LINE#         255
  C:03D4H         LINE#         256
  C:03D4H         LINE#         257
  C:03DCH         LINE#         258
  C:03E3H         LINE#         259
  C:03EEH         LINE#         260
  C:03F4H         LINE#         261
  C:03F4H         LINE#         263
  C:03FDH         LINE#         269
  C:03FDH         LINE#         270
  C:040AH         LINE#         271
  C:040AH         LINE#         272
  C:040CH         LINE#         274
  C:040EH         LINE#         275
  C:042AH         LINE#         276
  C:042CH         LINE#         278
  C:0434H         LINE#         279
  C:0438H         LINE#         280
  C:0444H         LINE#         281
  C:0444H         LINE#         282
  C:0447H         LINE#         285
  C:044FH         LINE#         286
  C:044FH         LINE#         287
BL51 BANKED LINKER/LOCATER V6.22                                                      08/16/2021  10:23:29  PAGE 12


  C:0460H         LINE#         288
  C:0460H         LINE#         289
  C:046DH         LINE#         290
  C:046DH         LINE#         291
  C:048BH         LINE#         292
  C:048DH         LINE#         293
  C:049DH         LINE#         294
  C:049DH         LINE#         295
  C:04BBH         LINE#         296
  C:04BDH         LINE#         297
  C:04CEH         LINE#         298
  C:04CEH         LINE#         299
  C:04D8H         LINE#         300
  C:04E2H         LINE#         301
  C:04E2H         LINE#         302
  C:04E2H         LINE#         303
  C:04E2H         LINE#         305
  C:04E2H         LINE#         306
  C:04EBH         LINE#         307
  C:04EFH         LINE#         308
  C:04FBH         LINE#         309
  C:04FEH         LINE#         312
  C:0506H         LINE#         313
  C:0506H         LINE#         314
  C:0513H         LINE#         315
  C:0524H         LINE#         317
  C:052DH         LINE#         318
  C:053CH         LINE#         320
  C:0544H         LINE#         321
  C:0544H         LINE#         322
  C:054DH         LINE#         323
  C:055CH         LINE#         324
  C:055CH         LINE#         325
  C:055FH         LINE#         326
  C:056EH         LINE#         327
  C:057AH         LINE#         328
  C:0580H         LINE#         329
  C:0580H         LINE#         331
  C:0584H         LINE#         332
  C:0593H         LINE#         334
  C:059AH         LINE#         335
  C:05B6H         LINE#         336
  C:05C0H         LINE#         337
  C:05C0H         LINE#         338
  C:05E6H         LINE#         339
  C:05F9H         LINE#         340
  C:05F9H         LINE#         341
  C:064BH         LINE#         342
  C:0653H         LINE#         343
  C:0653H         LINE#         344
  C:0653H         LINE#         347
  C:0658H         LINE#         348
  C:0658H         LINE#         349
  C:0665H         LINE#         350
  C:0676H         LINE#         352
  C:067CH         LINE#         353
  C:0680H         LINE#         354
BL51 BANKED LINKER/LOCATER V6.22                                                      08/16/2021  10:23:29  PAGE 13


  C:0683H         LINE#         355
  C:0687H         LINE#         357
  C:068BH         LINE#         358
  C:0697H         LINE#         359
  C:0699H         LINE#         360
  -------         ENDPROC       CONNTOUSB
  -------         PROC          MCU_INIT
  -------         DO            
  D:0007H         SYMBOL        n
  -------         ENDDO         
  C:38EDH         LINE#         363
  C:38EDH         LINE#         364
  C:38EDH         LINE#         366
  C:38F0H         LINE#         369
  C:38F3H         LINE#         370
  C:38F6H         LINE#         372
  C:38F9H         LINE#         374
  C:38FFH         LINE#         376
  C:3902H         LINE#         377
  C:3907H         LINE#         378
  C:390AH         LINE#         380
  C:390DH         LINE#         383
  C:3910H         LINE#         384
  C:3913H         LINE#         386
  C:3916H         LINE#         387
  C:3919H         LINE#         389
  C:391CH         LINE#         390
  C:391FH         LINE#         392
  C:3922H         LINE#         393
  C:3925H         LINE#         394
  C:3927H         LINE#         395
  C:3929H         LINE#         397
  C:392CH         LINE#         398
  C:392FH         LINE#         400
  -------         ENDPROC       MCU_INIT
  -------         PROC          DEVICES_INIT
  C:34D1H         LINE#         402
  C:34D1H         LINE#         403
  C:34D1H         LINE#         405
  C:34D4H         LINE#         408
  C:34D7H         LINE#         409
  C:3531H         LINE#         410
  C:3534H         LINE#         413
  C:3537H         LINE#         414
  C:353AH         LINE#         422
  -------         ENDPROC       DEVICES_INIT
  -------         PROC          SUSPEND_DEVICE
  C:003DH         LINE#         426
  C:003DH         LINE#         427
  C:003DH         LINE#         428
  -------         ENDPROC       SUSPEND_DEVICE
  -------         PROC          USB_API_TEST_ISR
  -------         DO            
  X:005BH         SYMBOL        INTVAL
  -------         ENDDO         
  C:2104H         LINE#         432
  C:2121H         LINE#         434
BL51 BANKED LINKER/LOCATER V6.22                                                      08/16/2021  10:23:29  PAGE 14


  C:2128H         LINE#         436
  C:212EH         LINE#         437
  C:212EH         LINE#         438
  C:2139H         LINE#         440
  C:2155H         LINE#         441
  C:2155H         LINE#         442
  C:2157H         LINE#         443
  C:2159H         LINE#         444
  C:216FH         LINE#         445
  C:216FH         LINE#         446
  C:2171H         LINE#         447
  C:2173H         LINE#         448
  C:218BH         LINE#         449
  C:218BH         LINE#         450
  C:218DH         LINE#         451
  C:218FH         LINE#         452
  C:21A9H         LINE#         453
  C:21A9H         LINE#         454
  C:21ABH         LINE#         455
  C:21ADH         LINE#         456
  C:21C2H         LINE#         457
  C:21C2H         LINE#         458
  C:21C4H         LINE#         459
  C:21C6H         LINE#         461
  C:21C6H         LINE#         462
  C:21CBH         LINE#         463
  C:21CBH         LINE#         464
  C:21CBH         LINE#         466
  C:21CBH         LINE#         467
  C:21CBH         LINE#         469
  C:21CBH         LINE#         471
  C:21D1H         LINE#         472
  C:21D1H         LINE#         473
  C:21D4H         LINE#         474
  C:21D4H         LINE#         476
  C:21DAH         LINE#         477
  C:21DAH         LINE#         478
  C:21DDH         LINE#         479
  C:21DDH         LINE#         481
  C:21E3H         LINE#         482
  C:21E3H         LINE#         483
  C:21FFH         LINE#         484
  C:21FFH         LINE#         486
  C:2205H         LINE#         487
  C:2205H         LINE#         488
  C:220AH         LINE#         489
  C:2226H         LINE#         490
  C:2226H         LINE#         491
  -------         ENDPROC       USB_API_TEST_ISR
  -------         ENDMOD        MAIN

  -------         MODULE        MMC_SD
  C:0000H         SYMBOL        _ICE_DUMMY_
  D:00A2H         PUBLIC        SPI0CKR
  D:0080H         PUBLIC        P0
  D:0090H         PUBLIC        P1
  D:00A0H         PUBLIC        P2
BL51 BANKED LINKER/LOCATER V6.22                                                      08/16/2021  10:23:29  PAGE 15


  D:00B0H         PUBLIC        P3
  C:3376H         PUBLIC        _MMC_SD_SendCommand
  C:353DH         PUBLIC        _MMC_SD_ReadSingleBlock
  C:3BC1H         PUBLIC        SD_Init
  C:3283H         PUBLIC        _MMC_SD_WriteSingleBlock
  B:00F8H.7       PUBLIC        SPIF
  B:00F8H.2       PUBLIC        NSSMD0
  C:294FH         PUBLIC        MMC_SD_Reset
  D:00A9H         PUBLIC        CLKSEL
  C:3BECH         PUBLIC        SPI_ReadByte
  C:3B7AH         PUBLIC        _SPI_WriteByte
  D:00A3H         PUBLIC        SPI0DAT
  X:007FH         PUBLIC        buffer
  C:3B6EH         SYMBOL        L?0062
  C:3B73H         SYMBOL        L?0063
  -------         PROC          L?0061
  -------         ENDPROC       L?0061
  C:3B6EH         SYMBOL        L?0062
  C:3B73H         SYMBOL        L?0063
  -------         PROC          _SPI_WRITEBYTE
  D:0007H         SYMBOL        val
  -------         DO            
  D:0007H         SYMBOL        ret
  -------         ENDDO         
  C:3B7AH         LINE#         7
  C:3B7AH         LINE#         8
  C:3B7AH         LINE#         11
  C:3B7CH         LINE#         12
  C:3B7FH         LINE#         13
  C:3B81H         LINE#         14
  C:3B83H         LINE#         15
  C:3B83H         LINE#         16
  -------         ENDPROC       _SPI_WRITEBYTE
  -------         PROC          SPI_READBYTE
  -------         DO            
  D:0007H         SYMBOL        ret
  -------         ENDDO         
  C:3BECH         LINE#         18
  C:3BECH         LINE#         19
  C:3BECH         LINE#         22
  C:3BEFH         LINE#         23
  C:3BF2H         LINE#         24
  C:3BF4H         LINE#         25
  C:3BF6H         LINE#         26
  C:3BF6H         LINE#         27
  -------         ENDPROC       SPI_READBYTE
  -------         PROC          _MMC_SD_SENDCOMMAND
  D:0006H         SYMBOL        cmd
  X:006BH         SYMBOL        arg
  -------         DO            
  D:0007H         SYMBOL        r1
  D:0003H         SYMBOL        retry
  -------         ENDDO         
  C:3376H         LINE#         29
  C:3378H         LINE#         30
  C:3378H         LINE#         32
  C:337AH         LINE#         34
BL51 BANKED LINKER/LOCATER V6.22                                                      08/16/2021  10:23:29  PAGE 16


  C:337AH         LINE#         35
  C:337AH         LINE#         36
  C:337DH         LINE#         37
  C:337DH         LINE#         38
  C:337DH         LINE#         39
  C:3380H         LINE#         41
  C:3382H         LINE#         43
  C:3389H         LINE#         44
  C:339EH         LINE#         45
  C:33B3H         LINE#         46
  C:33C8H         LINE#         47
  C:33D2H         LINE#         48
  C:33D7H         LINE#         50
  C:33DFH         LINE#         51
  C:33E8H         LINE#         53
  C:33EAH         LINE#         55
  C:33EAH         LINE#         56
  -------         ENDPROC       _MMC_SD_SENDCOMMAND
  -------         PROC          MMC_SD_RESET
  -------         DO            
  D:0005H         SYMBOL        i
  D:0002H         SYMBOL        retry
  D:0006H         SYMBOL        r1
  -------         ENDDO         
  C:294FH         LINE#         58
  C:294FH         LINE#         59
  C:294FH         LINE#         62
  C:2951H         LINE#         64
  C:2952H         LINE#         65
  C:2955H         LINE#         66
  C:2958H         LINE#         68
  C:2958H         LINE#         69
  C:2964H         LINE#         70
  C:2974H         LINE#         71
  C:2975H         LINE#         72
  C:297BH         LINE#         73
  C:297FH         LINE#         75
  C:2981H         LINE#         77
  C:2981H         LINE#         79
  C:2981H         LINE#         80
  C:2991H         LINE#         81
  C:2992H         LINE#         82
  C:299BH         LINE#         83
  C:299FH         LINE#         85
  C:29A1H         LINE#         86
  C:29B1H         LINE#         87
  C:29B2H         LINE#         88
  C:29BBH         LINE#         89
  C:29BEH         LINE#         91
  C:29C1H         LINE#         92
  C:29C1H         LINE#         93
  C:29C3H         LINE#         95
  C:29C3H         LINE#         96
  C:29D3H         LINE#         97
  C:29D4H         LINE#         98
  C:29DDH         LINE#         99
  C:29E0H         LINE#         100
BL51 BANKED LINKER/LOCATER V6.22                                                      08/16/2021  10:23:29  PAGE 17


  C:29E0H         LINE#         101
  C:29F0H         LINE#         103
  C:29FEH         LINE#         104
  C:2A01H         LINE#         105
  C:2A04H         LINE#         106
  C:2A05H         LINE#         107
  -------         ENDPROC       MMC_SD_RESET
  -------         PROC          _MMC_SD_READSINGLEBLOCK
  X:0010H         SYMBOL        sector
  -------         DO            
  D:0007H         SYMBOL        r1
  D:0004H         SYMBOL        i
  D:0002H         SYMBOL        retry
  -------         ENDDO         
  C:353DH         LINE#         109
  C:3542H         LINE#         110
  C:3542H         LINE#         113
  C:3544H         LINE#         115
  C:3547H         LINE#         117
  C:3547H         LINE#         118
  C:3563H         LINE#         119
  C:3564H         LINE#         120
  C:356DH         LINE#         121
  C:3570H         LINE#         124
  C:3572H         LINE#         126
  C:3578H         LINE#         128
  C:357BH         LINE#         129
  C:357BH         LINE#         130
  C:358AH         LINE#         131
  C:3597H         LINE#         133
  C:3597H         LINE#         134
  C:359AH         LINE#         136
  C:359CH         LINE#         137
  C:359FH         LINE#         138
  C:35A0H         LINE#         139
  -------         ENDPROC       _MMC_SD_READSINGLEBLOCK
  -------         PROC          _MMC_SD_WRITESINGLEBLOCK
  X:0066H         SYMBOL        sector
  -------         DO            
  D:0006H         SYMBOL        r1
  D:0004H         SYMBOL        i
  D:0002H         SYMBOL        retry
  -------         ENDDO         
  C:3283H         LINE#         141
  C:3288H         LINE#         142
  C:3288H         LINE#         145
  C:328AH         LINE#         147
  C:328DH         LINE#         149
  C:328DH         LINE#         150
  C:32ABH         LINE#         151
  C:32ACH         LINE#         152
  C:32B5H         LINE#         153
  C:32B8H         LINE#         157
  C:32BAH         LINE#         159
  C:32BFH         LINE#         161
  C:32C4H         LINE#         163
  C:32C6H         LINE#         164
BL51 BANKED LINKER/LOCATER V6.22                                                      08/16/2021  10:23:29  PAGE 18


  C:32C6H         LINE#         165
  C:32D5H         LINE#         166
  C:32E2H         LINE#         168
  C:32E2H         LINE#         169
  C:32E2H         LINE#         171
  C:32E7H         LINE#         173
  C:32EEH         LINE#         174
  C:32EEH         LINE#         175
  C:32F0H         LINE#         176
  C:32F1H         LINE#         177
  C:32F1H         LINE#         179
  C:32F9H         LINE#         181
  C:32FBH         LINE#         182
  C:32FEH         LINE#         183
  C:32FFH         LINE#         184
  -------         ENDPROC       _MMC_SD_WRITESINGLEBLOCK
  -------         PROC          SD_INIT
  -------         DO            
  D:0001H         SYMBOL        n
  -------         ENDDO         
  C:3BC1H         LINE#         187
  C:3BC1H         LINE#         188
  C:3BC1H         LINE#         189
  C:3BC3H         LINE#         191
  C:3BC9H         LINE#         192
  C:3BC9H         LINE#         193
  C:3BCAH         LINE#         194
  C:3BD1H         LINE#         196
  -------         ENDPROC       SD_INIT
  -------         ENDMOD        MMC_SD

  -------         MODULE        LCD
  C:0000H         SYMBOL        _ICE_DUMMY_
  D:0080H         PUBLIC        P0
  C:2C1AH         PUBLIC        DispFrame
  D:0090H         PUBLIC        P1
  C:2CC4H         PUBLIC        DispScaleVer_Green
  D:00A0H         PUBLIC        P2
  D:00B0H         PUBLIC        P3
  C:1E23H         PUBLIC        DispBand
  C:39ADH         PUBLIC        _WriteData
  C:069AH         PUBLIC        ascii
  C:166DH         PUBLIC        _LCD_Read_IC_ID
  D:00A6H         PUBLIC        P2MDOUT
  C:0046H         PUBLIC        _DispColor
  C:3175H         PUBLIC        DispScaleVer_Blue
  C:3059H         PUBLIC        _DrawGird
  C:31FDH         PUBLIC        _DrawLine
  B:00D0H.7       PUBLIC        CY
  C:39DCH         PUBLIC        _WriteComm
  C:3945H         PUBLIC        _WriteDispData
  C:2FC6H         PUBLIC        DispScaleVer_Gray
  B:00B0H.1       PUBLIC        RS
  B:00A0H.1       PUBLIC        SPI_CLK
  C:2F33H         PUBLIC        DispScaleVer_Red
  D:00F3H         PUBLIC        P2MDIN
  C:2378H         PUBLIC        DispScaleVer
BL51 BANKED LINKER/LOCATER V6.22                                                      08/16/2021  10:23:29  PAGE 19


  C:35A1H         PUBLIC        _DispPic
  C:28B4H         PUBLIC        _DispOneChar
  C:3300H         PUBLIC        DispGrayHor32
  C:2E02H         PUBLIC        DispGrayHor16
  C:2A06H         PUBLIC        _DispInt
  C:37BBH         PUBLIC        _PutPixel
  D:00A9H         PUBLIC        CLKSEL
  B:0090H.6       PUBLIC        RD0
  B:00B0H.0       PUBLIC        CS0
  X:0059H         PUBLIC        LCM_ID
  C:11DFH         PUBLIC        LCD_Init
  C:2E9DH         PUBLIC        _DispStr
  B:0090H.7       PUBLIC        WR0
  C:189FH         PUBLIC        DispScaleHor1
  B:00A0H.0       PUBLIC        SPI_DI
  C:3BF7H         PUBLIC        _WriteOneDot
  C:1AC7H         PUBLIC        DispScaleHor2
  C:26CEH         PUBLIC        _DispPicFromSD
  B:0080H.7       PUBLIC        DIR
  C:3602H         PUBLIC        _ToOrd
  B:0080H.5       PUBLIC        RST
  C:3B84H         PUBLIC        ReadData
  C:2D80H         PUBLIC        _?BlockWrite
  -------         PROC          _LCD_READ_IC_ID
  X:0066H         SYMBOL        ID
  D:0004H         SYMBOL        Bug
  D:0003H         SYMBOL        flog
  -------         DO            
  X:0067H         SYMBOL        id
  X:0069H         SYMBOL        id1
  X:006BH         SYMBOL        temp
  D:0005H         SYMBOL        i
  D:0007H         SYMBOL        dat
  D:0001H         SYMBOL        id2
  X:006DH         SYMBOL        id3
  D:0002H         SYMBOL        id4
  -------         ENDDO         
  C:166DH         LINE#         35
  C:1671H         LINE#         36
  C:1671H         LINE#         40
  C:1679H         LINE#         41
  C:1679H         LINE#         43
  C:167BH         LINE#         44
  C:167DH         LINE#         45
  C:167FH         LINE#         47
  C:1682H         LINE#         48
  C:1684H         LINE#         49
  C:1686H         LINE#         50
  C:1688H         LINE#         53
  C:168BH         LINE#         54
  C:168EH         LINE#         55
  C:1691H         LINE#         56
  C:1693H         LINE#         57
  C:1695H         LINE#         58
  C:1697H         LINE#         63
  C:16A1H         LINE#         65
  C:16A7H         LINE#         66
BL51 BANKED LINKER/LOCATER V6.22                                                      08/16/2021  10:23:29  PAGE 20


  C:16AFH         LINE#         68
  C:16B5H         LINE#         69
  C:16BBH         LINE#         70
  C:16C5H         LINE#         72
  C:16CBH         LINE#         73
  C:16CDH         LINE#         75
  C:16D3H         LINE#         77
  C:16D9H         LINE#         78
  C:16E3H         LINE#         80
  C:16E9H         LINE#         81
  C:16EEH         LINE#         83
  C:16F4H         LINE#         85
  C:16FEH         LINE#         86
  C:1708H         LINE#         88
  C:170EH         LINE#         89
  C:1710H         LINE#         91
  C:1720H         LINE#         92
  C:172AH         LINE#         94
  C:172DH         LINE#         95
  C:1731H         LINE#         96
  C:1731H         LINE#         97
  C:173AH         LINE#         98
  C:1740H         LINE#         99
  C:1740H         LINE#         100
  C:174AH         LINE#         101
  C:174CH         LINE#         102
  C:1750H         LINE#         103
  C:1750H         LINE#         104
  C:175FH         LINE#         105
  C:175FH         LINE#         108
  C:175FH         LINE#         109
  C:1768H         LINE#         110
  C:1768H         LINE#         112
  C:176BH         LINE#         113
  C:176FH         LINE#         114
  C:1771H         LINE#         115
  C:1773H         LINE#         116
  C:1775H         LINE#         117
  C:1775H         LINE#         118
  C:1777H         LINE#         119
  C:177FH         LINE#         120
  C:1781H         LINE#         122
  C:1783H         LINE#         123
  C:1787H         LINE#         124
  C:178CH         LINE#         125
  C:178FH         LINE#         128
  C:1799H         LINE#         129
  C:1799H         LINE#         130
  C:179BH         LINE#         131
  C:179BH         LINE#         132
  C:179DH         LINE#         133
  C:179FH         LINE#         134
  C:17A1H         LINE#         135
  C:17B8H         LINE#         136
  C:17BAH         LINE#         137
  C:17BCH         LINE#         138
  C:17C3H         LINE#         139
BL51 BANKED LINKER/LOCATER V6.22                                                      08/16/2021  10:23:29  PAGE 21


  C:17CDH         LINE#         140
  C:17CDH         LINE#         141
  C:17CFH         LINE#         142
  C:17CFH         LINE#         143
  C:17D1H         LINE#         144
  C:17D3H         LINE#         145
  C:17D5H         LINE#         146
  C:17ECH         LINE#         147
  C:17EEH         LINE#         148
  C:17F0H         LINE#         149
  C:17F5H         LINE#         150
  C:17F5H         LINE#         152
  C:17F7H         LINE#         153
  C:17F7H         LINE#         154
  C:17F9H         LINE#         155
  C:17FBH         LINE#         156
  C:17FDH         LINE#         157
  C:1814H         LINE#         158
  C:1816H         LINE#         159
  C:1818H         LINE#         160
  C:181DH         LINE#         162
  C:181FH         LINE#         163
  C:181FH         LINE#         164
  C:1821H         LINE#         165
  C:1823H         LINE#         166
  C:1825H         LINE#         167
  C:182FH         LINE#         168
  C:1831H         LINE#         169
  C:1833H         LINE#         170
  C:1838H         LINE#         172
  C:183AH         LINE#         173
  C:183AH         LINE#         174
  C:183CH         LINE#         175
  C:183EH         LINE#         176
  C:1840H         LINE#         177
  C:184CH         LINE#         178
  C:184EH         LINE#         179
  C:1850H         LINE#         180
  C:1855H         LINE#         181
  C:1858H         LINE#         182
  C:185AH         LINE#         183
  C:185CH         LINE#         184
  C:185EH         LINE#         185
  C:1860H         LINE#         186
  C:1862H         LINE#         187
  C:1864H         LINE#         189
  C:1868H         LINE#         190
  C:1868H         LINE#         191
  C:1878H         LINE#         193
  C:1883H         LINE#         194
  C:1883H         LINE#         195
  C:1883H         LINE#         197
  C:1889H         LINE#         198
  C:1889H         LINE#         199
  C:1895H         LINE#         200
  C:1895H         LINE#         202
  C:1895H         LINE#         203
BL51 BANKED LINKER/LOCATER V6.22                                                      08/16/2021  10:23:29  PAGE 22


  C:1897H         LINE#         204
  C:189EH         LINE#         205
  -------         ENDPROC       _LCD_READ_IC_ID
  -------         PROC          _WRITECOMM
  D:0004H         SYMBOL        i
  -------         DO            
  D:0003H         SYMBOL        j
  X:007EH         SYMBOL        DataH
  -------         ENDDO         
  C:39DCH         LINE#         208
  C:39E0H         LINE#         209
  C:39E0H         LINE#         211
  C:39E4H         LINE#         212
  C:39E6H         LINE#         259
  C:39E6H         LINE#         260
  C:39E8H         LINE#         261
  C:39EAH         LINE#         262
  C:39ECH         LINE#         263
  C:39EEH         LINE#         264
  C:39EEH         LINE#         265
  C:39F2H         LINE#         266
  C:39F6H         LINE#         268
  C:39F8H         LINE#         269
  C:39FFH         LINE#         270
  C:3A01H         LINE#         271
  C:3A03H         LINE#         272
  C:3A08H         LINE#         273
  C:3A08H         LINE#         319
  C:3A0AH         LINE#         320
  -------         ENDPROC       _WRITECOMM
  -------         PROC          L?0464
  -------         ENDPROC       L?0464
  -------         PROC          _WRITEDATA
  D:0004H         SYMBOL        i
  -------         DO            
  D:0003H         SYMBOL        j
  X:007EH         SYMBOL        DataH
  -------         ENDDO         
  C:39ADH         LINE#         322
  C:39B1H         LINE#         323
  C:39B1H         LINE#         325
  C:39B5H         LINE#         326
  C:39B7H         LINE#         420
  C:39B7H         LINE#         449
  C:39B9H         LINE#         450
  C:39BBH         LINE#         451
  C:39BDH         LINE#         452
  C:39BFH         LINE#         453
  C:39BFH         LINE#         454
  C:39C3H         LINE#         455
  C:39C7H         LINE#         457
  C:39C9H         LINE#         458
  C:39D0H         LINE#         459
  C:39D2H         LINE#         460
  C:39D4H         LINE#         462
  C:39D9H         LINE#         464
  C:39D9H         LINE#         513
BL51 BANKED LINKER/LOCATER V6.22                                                      08/16/2021  10:23:29  PAGE 23


  C:39DBH         LINE#         514
  -------         ENDPROC       _WRITEDATA
  C:3930H         SYMBOL        L?0463
  -------         PROC          L?0462
  -------         ENDPROC       L?0462
  C:3930H         SYMBOL        L?0463
  -------         PROC          _WRITEDISPDATA
  D:0007H         SYMBOL        DataH
  D:0005H         SYMBOL        DataL
  -------         DO            
  D:0006H         SYMBOL        j
  -------         ENDDO         
  C:3945H         LINE#         516
  C:3945H         LINE#         517
  C:3945H         LINE#         519
  C:3947H         LINE#         577
  C:3947H         LINE#         578
  C:3949H         LINE#         579
  C:394BH         LINE#         580
  C:394DH         LINE#         581
  C:394FH         LINE#         582
  C:3951H         LINE#         583
  C:3951H         LINE#         584
  C:3957H         LINE#         585
  C:395DH         LINE#         586
  C:3963H         LINE#         587
  C:3969H         LINE#         588
  C:396EH         LINE#         590
  C:396EH         LINE#         638
  C:3970H         LINE#         639
  -------         ENDPROC       _WRITEDISPDATA
  -------         PROC          _WRITEONEDOT
  D:0004H         SYMBOL        color
  C:3BF7H         LINE#         641
  C:3BFBH         LINE#         642
  C:3BFBH         LINE#         655
  -------         ENDPROC       _WRITEONEDOT
  -------         PROC          LCD_INIT
  C:11DFH         LINE#         664
  C:11DFH         LINE#         665
  C:11DFH         LINE#         666
  C:11E2H         LINE#         669
  C:11E4H         LINE#         670
  C:11EBH         LINE#         672
  C:11EDH         LINE#         673
  C:11F4H         LINE#         675
  C:11F6H         LINE#         676
  C:11FDH         LINE#         4556
  C:1204H         LINE#         4557
  C:120AH         LINE#         4558
  C:1211H         LINE#         4559
  C:1216H         LINE#         4560
  C:121AH         LINE#         4561
  C:121FH         LINE#         4562
  C:1224H         LINE#         4563
  C:1227H         LINE#         4564
  C:122CH         LINE#         4565
BL51 BANKED LINKER/LOCATER V6.22                                                      08/16/2021  10:23:29  PAGE 24


  C:122FH         LINE#         4567
  C:1236H         LINE#         4568
  C:123BH         LINE#         4569
  C:1240H         LINE#         4570
  C:1247H         LINE#         4571
  C:124CH         LINE#         4572
  C:1251H         LINE#         4573
  C:1256H         LINE#         4574
  C:125BH         LINE#         4575
  C:1260H         LINE#         4576
  C:1265H         LINE#         4577
  C:126AH         LINE#         4578
  C:126FH         LINE#         4579
  C:1274H         LINE#         4580
  C:1279H         LINE#         4581
  C:127EH         LINE#         4582
  C:1283H         LINE#         4583
  C:1288H         LINE#         4584
  C:128DH         LINE#         4586
  C:1292H         LINE#         4587
  C:1297H         LINE#         4589
  C:129CH         LINE#         4590
  C:12A1H         LINE#         4592
  C:12A6H         LINE#         4593
  C:12ABH         LINE#         4594
  C:12B0H         LINE#         4595
  C:12B5H         LINE#         4596
  C:12BAH         LINE#         4597
  C:12BFH         LINE#         4598
  C:12C4H         LINE#         4599
  C:12C9H         LINE#         4600
  C:12CEH         LINE#         4601
  C:12D3H         LINE#         4602
  C:12D8H         LINE#         4603
  C:12DDH         LINE#         4606
  C:12E2H         LINE#         4607
  C:12E7H         LINE#         4608
  C:12ECH         LINE#         4609
  C:12F1H         LINE#         4617
  C:12F6H         LINE#         4618
  C:12FBH         LINE#         4619
  C:12FEH         LINE#         4620
  C:1303H         LINE#         4621
  C:1306H         LINE#         4622
  C:130BH         LINE#         4623
  C:1310H         LINE#         4624
  C:1315H         LINE#         4625
  C:131AH         LINE#         4626
  C:131FH         LINE#         4627
  C:1324H         LINE#         4628
  C:1329H         LINE#         4629
  C:132EH         LINE#         4630
  C:1333H         LINE#         4631
  C:1337H         LINE#         4632
  C:133CH         LINE#         4633
  C:1341H         LINE#         4634
  C:1346H         LINE#         4635
BL51 BANKED LINKER/LOCATER V6.22                                                      08/16/2021  10:23:29  PAGE 25


  C:134BH         LINE#         4636
  C:1350H         LINE#         4637
  C:1355H         LINE#         4638
  C:1358H         LINE#         4639
  C:135DH         LINE#         4640
  C:1362H         LINE#         4641
  C:1367H         LINE#         4642
  C:136CH         LINE#         4643
  C:1371H         LINE#         4644
  C:1376H         LINE#         4645
  C:137BH         LINE#         4646
  C:1380H         LINE#         4647
  C:1385H         LINE#         4648
  C:138AH         LINE#         4649
  C:138FH         LINE#         4650
  C:1394H         LINE#         4651
  C:1399H         LINE#         4652
  C:139EH         LINE#         4653
  C:13A3H         LINE#         4654
  C:13A8H         LINE#         4655
  C:13ADH         LINE#         4656
  C:13B2H         LINE#         4657
  C:13B7H         LINE#         4658
  C:13BAH         LINE#         4659
  C:13BFH         LINE#         4660
  C:13C4H         LINE#         4661
  C:13C9H         LINE#         4662
  C:13CEH         LINE#         4663
  C:13D3H         LINE#         4665
  C:13D8H         LINE#         4666
  C:13DDH         LINE#         4667
  C:13E2H         LINE#         4669
  C:13E7H         LINE#         4670
  C:13ECH         LINE#         4671
  C:13F1H         LINE#         4672
  C:13F4H         LINE#         4673
  C:13F9H         LINE#         4674
  C:13FEH         LINE#         4675
  C:1401H         LINE#         4676
  C:1406H         LINE#         4677
  C:140BH         LINE#         4678
  C:140FH         LINE#         4680
  C:1414H         LINE#         4681
  C:141AH         LINE#         4683
  C:1421H         LINE#         4684
  C:1426H         LINE#         4685
  C:142BH         LINE#         4686
  C:1430H         LINE#         4688
  C:1435H         LINE#         4689
  -------         ENDPROC       LCD_INIT
  C:2D67H         SYMBOL        L?0456
  C:2D6DH         SYMBOL        L?0457
  C:2D76H         SYMBOL        L?0458
  -------         PROC          L?0455
  -------         ENDPROC       L?0455
  C:2D67H         SYMBOL        L?0456
  C:2D6DH         SYMBOL        L?0457
BL51 BANKED LINKER/LOCATER V6.22                                                      08/16/2021  10:23:29  PAGE 26


  C:2D76H         SYMBOL        L?0458
  -------         PROC          _?BLOCKWRITE
  p:0000H         SYMBOL        Xstart
  p:0002H         SYMBOL        Xend
  p:0004H         SYMBOL        Ystart
  p:0006H         SYMBOL        Yend
  C:2D80H         LINE#         5098
  C:2DA1H         LINE#         5201
  C:2DA8H         LINE#         5202
  C:2DAFH         LINE#         5203
  C:2DB7H         LINE#         5204
  C:2DC2H         LINE#         5205
  C:2DCCH         LINE#         5207
  C:2DD1H         LINE#         5208
  C:2DDBH         LINE#         5210
  C:2DE2H         LINE#         5211
  C:2DECH         LINE#         5212
  C:2DF3H         LINE#         5218
  C:2DF8H         LINE#         5221
  C:2DFBH         LINE#         5225
  -------         ENDPROC       _?BLOCKWRITE
  -------         PROC          _DISPCOLOR
  D:0004H         SYMBOL        color
  -------         DO            
  X:005DH         SYMBOL        i
  D:0002H         SYMBOL        m
  X:005FH         SYMBOL        DataH
  X:0060H         SYMBOL        DataL
  -------         ENDDO         
  C:0046H         LINE#         5227
  C:0048H         LINE#         5228
  C:0048H         LINE#         5231
  C:004EH         LINE#         5233
  C:0051H         LINE#         5235
  C:0053H         LINE#         5236
  C:0059H         LINE#         5237
  C:0059H         LINE#         5238
  C:005CH         LINE#         5239
  C:005CH         LINE#         5240
  C:0066H         LINE#         5241
  C:0071H         LINE#         5242
  C:0087H         LINE#         5244
  C:0089H         LINE#         5245
  -------         ENDPROC       _DISPCOLOR
  -------         PROC          DISPFRAME
  -------         DO            
  D:0002H         SYMBOL        i
  X:005DH         SYMBOL        j
  D:0001H         SYMBOL        DataH
  D:0004H         SYMBOL        DataL
  -------         ENDDO         
  C:2C1AH         LINE#         5247
  C:2C1AH         LINE#         5248
  C:2C1AH         LINE#         5251
  C:2C1DH         LINE#         5253
  C:2C1FH         LINE#         5256
  C:2C23H         LINE#         5257
BL51 BANKED LINKER/LOCATER V6.22                                                      08/16/2021  10:23:29  PAGE 27


  C:2C29H         LINE#         5259
  C:2C2BH         LINE#         5260
  C:2C2BH         LINE#         5261
  C:2C2FH         LINE#         5262
  C:2C36H         LINE#         5263
  C:2C41H         LINE#         5265
  C:2C45H         LINE#         5266
  C:2C4BH         LINE#         5268
  C:2C51H         LINE#         5269
  C:2C51H         LINE#         5270
  C:2C55H         LINE#         5271
  C:2C5BH         LINE#         5273
  C:2C5EH         LINE#         5274
  C:2C5EH         LINE#         5275
  C:2C61H         LINE#         5276
  C:2C66H         LINE#         5277
  C:2C71H         LINE#         5279
  C:2C75H         LINE#         5280
  C:2C7BH         LINE#         5282
  C:2C91H         LINE#         5284
  C:2C95H         LINE#         5285
  C:2C9BH         LINE#         5287
  C:2C9EH         LINE#         5288
  C:2C9EH         LINE#         5289
  C:2CA2H         LINE#         5290
  C:2CA9H         LINE#         5291
  C:2CB4H         LINE#         5293
  C:2CB8H         LINE#         5294
  C:2CBEH         LINE#         5296
  C:2CC1H         LINE#         5297
  C:2CC3H         LINE#         5298
  -------         ENDPROC       DISPFRAME
  -------         PROC          DISPBAND
  -------         DO            
  D:0002H         SYMBOL        i
  X:0014H         SYMBOL        j
  X:0015H         SYMBOL        k
  X:0016H         SYMBOL        m
  X:0017H         SYMBOL        n
  X:0018H         SYMBOL        x
  -------         ENDDO         
  C:1E23H         LINE#         5300
  C:1E23H         LINE#         5301
  C:1E23H         LINE#         5304
  C:1E2CH         LINE#         5305
  C:1E35H         LINE#         5306
  C:1E37H         LINE#         5309
  C:1E3FH         LINE#         5310
  C:1E4DH         LINE#         5311
  C:1E4DH         LINE#         5312
  C:1E68H         LINE#         5313
  C:1E83H         LINE#         5314
  C:1EAFH         LINE#         5315
  C:1EB6H         LINE#         5316
  C:1EC5H         LINE#         5317
  C:1EC5H         LINE#         5318
  C:1EE0H         LINE#         5319
BL51 BANKED LINKER/LOCATER V6.22                                                      08/16/2021  10:23:29  PAGE 28


  C:1EFBH         LINE#         5320
  C:1F27H         LINE#         5321
  C:1F2EH         LINE#         5322
  C:1F44H         LINE#         5323
  C:1F44H         LINE#         5324
  C:1F5FH         LINE#         5325
  C:1F7AH         LINE#         5326
  C:1FA6H         LINE#         5327
  C:1FADH         LINE#         5328
  C:1FAFH         LINE#         5329
  C:1FB2H         LINE#         5330
  -------         ENDPROC       DISPBAND
  -------         PROC          _DISPPIC
  D:0006H         SYMBOL        picture
  -------         DO            
  X:0019H         SYMBOL        p
  X:001CH         SYMBOL        n
  -------         ENDDO         
  C:35A1H         LINE#         5333
  C:35A1H         LINE#         5334
  C:35A1H         LINE#         5337
  C:35B0H         LINE#         5338
  C:35B0H         LINE#         5339
  C:35B0H         LINE#         5341
  C:35C1H         LINE#         5343
  C:35D4H         LINE#         5344
  C:35D4H         LINE#         5345
  C:35F4H         LINE#         5346
  C:3601H         LINE#         5348
  -------         ENDPROC       _DISPPIC
  -------         PROC          _DISPPICFROMSD
  X:001EH         SYMBOL        PicNum
  -------         DO            
  X:001FH         SYMBOL        Address_S
  X:0023H         SYMBOL        Address_E
  D:0002H         SYMBOL        i
  X:0027H         SYMBOL        k
  -------         ENDDO         
  C:26CEH         LINE#         5352
  C:26D1H         LINE#         5353
  C:26D1H         LINE#         5359
  C:26D4H         LINE#         5362
  C:26D6H         LINE#         5364
  C:26D8H         LINE#         5366
  C:26E1H         LINE#         5367
  C:270CH         LINE#         5368
  C:2735H         LINE#         5369
  C:2758H         LINE#         5370
  C:2758H         LINE#         5371
  C:2768H         LINE#         5373
  C:2771H         LINE#         5374
  C:2771H         LINE#         5376
  C:278CH         LINE#         5377
  C:2795H         LINE#         5378
  C:27B4H         LINE#         5380
  C:27B6H         LINE#         5418
  -------         ENDPROC       _DISPPICFROMSD
BL51 BANKED LINKER/LOCATER V6.22                                                      08/16/2021  10:23:29  PAGE 29


  -------         PROC          DISPSCALEHOR1
  -------         DO            
  X:002BH         SYMBOL        i
  X:002DH         SYMBOL        j
  D:0002H         SYMBOL        k
  -------         ENDDO         
  C:189FH         LINE#         5423
  C:189FH         LINE#         5424
  C:189FH         LINE#         5427
  C:18A2H         LINE#         5430
  C:18A4H         LINE#         5431
  C:18A4H         LINE#         5432
  C:18C6H         LINE#         5433
  C:18CCH         LINE#         5434
  C:18CCH         LINE#         5435
  C:18D2H         LINE#         5436
  C:18D2H         LINE#         5437
  C:18E7H         LINE#         5438
  C:18FDH         LINE#         5439
  C:1913H         LINE#         5441
  C:191EH         LINE#         5444
  C:1921H         LINE#         5445
  C:1921H         LINE#         5446
  C:1943H         LINE#         5447
  C:1949H         LINE#         5448
  C:1949H         LINE#         5449
  C:194FH         LINE#         5450
  C:194FH         LINE#         5451
  C:197AH         LINE#         5452
  C:1990H         LINE#         5453
  C:19A6H         LINE#         5454
  C:19B4H         LINE#         5457
  C:19B7H         LINE#         5458
  C:19B7H         LINE#         5459
  C:19D9H         LINE#         5460
  C:19DFH         LINE#         5461
  C:19DFH         LINE#         5462
  C:19E5H         LINE#         5463
  C:19E5H         LINE#         5464
  C:19EFH         LINE#         5465
  C:1A05H         LINE#         5466
  C:1A1BH         LINE#         5467
  C:1A26H         LINE#         5470
  C:1A29H         LINE#         5471
  C:1A29H         LINE#         5472
  C:1A4BH         LINE#         5473
  C:1A51H         LINE#         5474
  C:1A51H         LINE#         5475
  C:1A57H         LINE#         5476
  C:1A57H         LINE#         5477
  C:1A8AH         LINE#         5478
  C:1AA0H         LINE#         5479
  C:1AB6H         LINE#         5480
  C:1AC4H         LINE#         5481
  C:1AC6H         LINE#         5482
  -------         ENDPROC       DISPSCALEHOR1
  -------         PROC          DISPSCALEVER
BL51 BANKED LINKER/LOCATER V6.22                                                      08/16/2021  10:23:29  PAGE 30


  -------         DO            
  X:002FH         SYMBOL        i
  X:0031H         SYMBOL        j
  D:0002H         SYMBOL        k
  -------         ENDDO         
  C:2378H         LINE#         5484
  C:2378H         LINE#         5485
  C:2378H         LINE#         5554
  C:237BH         LINE#         5556
  C:2383H         LINE#         5557
  C:2383H         LINE#         5558
  C:2389H         LINE#         5559
  C:2389H         LINE#         5560
  C:238FH         LINE#         5561
  C:23A5H         LINE#         5562
  C:23ACH         LINE#         5564
  C:23AFH         LINE#         5565
  C:23AFH         LINE#         5567
  C:23B5H         LINE#         5568
  C:23B5H         LINE#         5570
  C:23BBH         LINE#         5571
  C:23BBH         LINE#         5572
  C:23CDH         LINE#         5573
  C:23E3H         LINE#         5575
  C:23E9H         LINE#         5576
  C:23E9H         LINE#         5577
  C:2411H         LINE#         5578
  C:2427H         LINE#         5580
  C:242DH         LINE#         5581
  C:242DH         LINE#         5582
  C:2434H         LINE#         5583
  C:244AH         LINE#         5585
  C:2450H         LINE#         5586
  C:2450H         LINE#         5587
  C:2464H         LINE#         5588
  C:247AH         LINE#         5590
  C:2493H         LINE#         5592
  C:24A1H         LINE#         5594
  -------         ENDPROC       DISPSCALEVER
  -------         PROC          DISPSCALEVER_RED
  -------         DO            
  X:0033H         SYMBOL        i
  X:0035H         SYMBOL        j
  D:0002H         SYMBOL        k
  -------         ENDDO         
  C:2F33H         LINE#         5596
  C:2F33H         LINE#         5597
  C:2F33H         LINE#         5600
  C:2F36H         LINE#         5602
  C:2F38H         LINE#         5604
  C:2F3AH         LINE#         5607
  C:2F42H         LINE#         5608
  C:2F42H         LINE#         5609
  C:2F48H         LINE#         5610
  C:2F48H         LINE#         5611
  C:2F4EH         LINE#         5612
  C:2F64H         LINE#         5613
BL51 BANKED LINKER/LOCATER V6.22                                                      08/16/2021  10:23:29  PAGE 31


  C:2F6BH         LINE#         5615
  C:2F6EH         LINE#         5616
  C:2F6EH         LINE#         5617
  C:2F74H         LINE#         5618
  C:2F74H         LINE#         5620
  C:2F7AH         LINE#         5621
  C:2F7AH         LINE#         5622
  C:2F8CH         LINE#         5623
  C:2FA2H         LINE#         5624
  C:2FB8H         LINE#         5626
  C:2FC3H         LINE#         5628
  C:2FC5H         LINE#         5629
  -------         ENDPROC       DISPSCALEVER_RED
  -------         PROC          DISPSCALEVER_GREEN
  -------         DO            
  X:0037H         SYMBOL        i
  X:0039H         SYMBOL        j
  D:0002H         SYMBOL        k
  -------         ENDDO         
  C:2CC4H         LINE#         5631
  C:2CC4H         LINE#         5632
  C:2CC4H         LINE#         5635
  C:2CC7H         LINE#         5637
  C:2CC9H         LINE#         5638
  C:2CCBH         LINE#         5641
  C:2CD3H         LINE#         5642
  C:2CD3H         LINE#         5643
  C:2CD9H         LINE#         5644
  C:2CD9H         LINE#         5645
  C:2CDFH         LINE#         5647
  C:2CF5H         LINE#         5648
  C:2CFCH         LINE#         5650
  C:2CFFH         LINE#         5651
  C:2CFFH         LINE#         5652
  C:2D05H         LINE#         5653
  C:2D05H         LINE#         5655
  C:2D0BH         LINE#         5656
  C:2D0BH         LINE#         5658
  C:2D2CH         LINE#         5659
  C:2D42H         LINE#         5660
  C:2D58H         LINE#         5662
  C:2D63H         LINE#         5664
  C:2D65H         LINE#         5665
  -------         ENDPROC       DISPSCALEVER_GREEN
  -------         PROC          DISPSCALEVER_BLUE
  -------         DO            
  X:003BH         SYMBOL        i
  X:003DH         SYMBOL        j
  D:0002H         SYMBOL        k
  -------         ENDDO         
  C:3175H         LINE#         5667
  C:3175H         LINE#         5668
  C:3175H         LINE#         5671
  C:3178H         LINE#         5673
  C:317AH         LINE#         5674
  C:317CH         LINE#         5677
  C:3184H         LINE#         5678
BL51 BANKED LINKER/LOCATER V6.22                                                      08/16/2021  10:23:29  PAGE 32


  C:3184H         LINE#         5679
  C:318AH         LINE#         5680
  C:318AH         LINE#         5681
  C:3190H         LINE#         5682
  C:31A6H         LINE#         5683
  C:31ADH         LINE#         5685
  C:31B0H         LINE#         5686
  C:31B0H         LINE#         5687
  C:31B6H         LINE#         5688
  C:31B6H         LINE#         5690
  C:31BCH         LINE#         5691
  C:31BCH         LINE#         5692
  C:31C3H         LINE#         5693
  C:31D9H         LINE#         5694
  C:31EFH         LINE#         5696
  C:31FAH         LINE#         5698
  C:31FCH         LINE#         5699
  -------         ENDPROC       DISPSCALEVER_BLUE
  -------         PROC          DISPSCALEVER_GRAY
  -------         DO            
  X:003FH         SYMBOL        i
  X:0041H         SYMBOL        j
  D:0002H         SYMBOL        k
  -------         ENDDO         
  C:2FC6H         LINE#         5701
  C:2FC6H         LINE#         5702
  C:2FC6H         LINE#         5705
  C:2FC9H         LINE#         5707
  C:2FCBH         LINE#         5712
  C:2FD3H         LINE#         5713
  C:2FD3H         LINE#         5714
  C:2FD9H         LINE#         5715
  C:2FD9H         LINE#         5716
  C:2FDFH         LINE#         5718
  C:2FF5H         LINE#         5719
  C:2FFCH         LINE#         5721
  C:2FFFH         LINE#         5722
  C:2FFFH         LINE#         5723
  C:3005H         LINE#         5724
  C:3005H         LINE#         5726
  C:300BH         LINE#         5727
  C:300BH         LINE#         5728
  C:301FH         LINE#         5729
  C:3035H         LINE#         5730
  C:304BH         LINE#         5732
  C:3056H         LINE#         5734
  C:3058H         LINE#         5735
  -------         ENDPROC       DISPSCALEVER_GRAY
  -------         PROC          DISPGRAYHOR16
  -------         DO            
  X:005DH         SYMBOL        i
  D:0002H         SYMBOL        j
  X:005FH         SYMBOL        k
  -------         ENDDO         
  C:2E02H         LINE#         5737
  C:2E02H         LINE#         5738
  C:2E02H         LINE#         5741
BL51 BANKED LINKER/LOCATER V6.22                                                      08/16/2021  10:23:29  PAGE 33


  C:2E05H         LINE#         5743
  C:2E07H         LINE#         5744
  C:2E09H         LINE#         5746
  C:2E0FH         LINE#         5747
  C:2E0FH         LINE#         5748
  C:2E18H         LINE#         5749
  C:2E18H         LINE#         5750
  C:2E1EH         LINE#         5751
  C:2E25H         LINE#         5753
  C:2E28H         LINE#         5754
  C:2E28H         LINE#         5755
  C:2E2EH         LINE#         5756
  C:2E2EH         LINE#         5757
  C:2E60H         LINE#         5758
  C:2E76H         LINE#         5759
  C:2E81H         LINE#         5760
  C:2E9AH         LINE#         5762
  C:2E9CH         LINE#         5763
  -------         ENDPROC       DISPGRAYHOR16
  -------         PROC          DISPGRAYHOR32
  -------         DO            
  X:0043H         SYMBOL        i
  D:0002H         SYMBOL        j
  X:0045H         SYMBOL        k
  -------         ENDDO         
  C:3300H         LINE#         5765
  C:3300H         LINE#         5766
  C:3300H         LINE#         5769
  C:3303H         LINE#         5771
  C:3305H         LINE#         5773
  C:330BH         LINE#         5774
  C:330BH         LINE#         5775
  C:330EH         LINE#         5776
  C:330EH         LINE#         5777
  C:3314H         LINE#         5778
  C:331FH         LINE#         5780
  C:3322H         LINE#         5781
  C:3322H         LINE#         5782
  C:3328H         LINE#         5783
  C:3328H         LINE#         5784
  C:333CH         LINE#         5785
  C:3352H         LINE#         5786
  C:335DH         LINE#         5787
  C:3373H         LINE#         5789
  C:3375H         LINE#         5790
  -------         ENDPROC       DISPGRAYHOR32
  -------         PROC          DISPSCALEHOR2
  -------         DO            
  X:0047H         SYMBOL        j
  D:0002H         SYMBOL        k
  -------         ENDDO         
  C:1AC7H         LINE#         5792
  C:1AC7H         LINE#         5793
  C:1AC7H         LINE#         5796
  C:1ACAH         LINE#         5798
  C:1ACCH         LINE#         5799
  C:1ACCH         LINE#         5800
BL51 BANKED LINKER/LOCATER V6.22                                                      08/16/2021  10:23:29  PAGE 34


  C:1AD2H         LINE#         5801
  C:1AEFH         LINE#         5802
  C:1AFAH         LINE#         5803
  C:1AFDH         LINE#         5804
  C:1AFDH         LINE#         5805
  C:1B03H         LINE#         5806
  C:1B20H         LINE#         5807
  C:1B2BH         LINE#         5808
  C:1B2EH         LINE#         5809
  C:1B2EH         LINE#         5810
  C:1B34H         LINE#         5811
  C:1B51H         LINE#         5812
  C:1B5CH         LINE#         5813
  C:1B5FH         LINE#         5814
  C:1B5FH         LINE#         5815
  C:1B65H         LINE#         5816
  C:1B82H         LINE#         5817
  C:1B8DH         LINE#         5818
  C:1B90H         LINE#         5819
  C:1B90H         LINE#         5820
  C:1B96H         LINE#         5821
  C:1BB3H         LINE#         5822
  C:1BBEH         LINE#         5823
  C:1BC1H         LINE#         5824
  C:1BC1H         LINE#         5825
  C:1BC7H         LINE#         5826
  C:1BE4H         LINE#         5827
  C:1BEFH         LINE#         5828
  C:1BF2H         LINE#         5829
  C:1BF2H         LINE#         5830
  C:1BF8H         LINE#         5831
  C:1C15H         LINE#         5832
  C:1C20H         LINE#         5833
  C:1C23H         LINE#         5834
  C:1C23H         LINE#         5835
  C:1C29H         LINE#         5836
  C:1C45H         LINE#         5837
  C:1C50H         LINE#         5838
  C:1C59H         LINE#         5839
  C:1C59H         LINE#         5840
  C:1C5FH         LINE#         5841
  C:1C7BH         LINE#         5842
  C:1C82H         LINE#         5844
  -------         ENDPROC       DISPSCALEHOR2
  -------         PROC          _TOORD
  D:0007H         SYMBOL        ch
  C:3602H         LINE#         5949
  C:3602H         LINE#         5950
  C:3602H         LINE#         5951
  C:3608H         LINE#         5952
  C:3608H         LINE#         5953
  C:360AH         LINE#         5954
  C:360CH         LINE#         5955
  C:3618H         LINE#         5956
  C:3618H         LINE#         5957
  C:361CH         LINE#         5958
  C:361EH         LINE#         5959
BL51 BANKED LINKER/LOCATER V6.22                                                      08/16/2021  10:23:29  PAGE 35


  C:362AH         LINE#         5960
  C:362AH         LINE#         5961
  C:362EH         LINE#         5962
  C:3630H         LINE#         5963
[...]
  C:1593H         LINE#         321
  C:15A2H         LINE#         322
  C:15A2H         LINE#         323
  C:15B7H         LINE#         324
  C:15BCH         LINE#         325
  C:15C4H         LINE#         326
  C:15CEH         LINE#         327
  C:15DCH         LINE#         328
  C:15EAH         LINE#         329
  C:15ECH         LINE#         331
  C:15ECH         LINE#         332
  C:15F1H         LINE#         333
  C:15F4H         LINE#         334
  C:160CH         LINE#         335
  C:160CH         LINE#         336
  C:1625H         LINE#         337
  C:162AH         LINE#         338
  C:1632H         LINE#         339
  C:1639H         LINE#         340
BL51 BANKED LINKER/LOCATER V6.22                                                      08/16/2021  10:23:29  PAGE 44


  C:163EH         LINE#         341
  C:163EH         LINE#         342
  C:1652H         LINE#         343
  C:1652H         LINE#         344
  C:1659H         LINE#         345
  C:165EH         LINE#         346
  C:165EH         LINE#         347
  C:166CH         LINE#         348
  C:166CH         LINE#         349
  -------         ENDPROC       USBXCORE_HANDLE_SETUP
  -------         PROC          USBXCORE_FORCE_STALL
  C:3B38H         LINE#         356
  C:3B38H         LINE#         358
  C:3B43H         LINE#         359
  C:3B4EH         LINE#         360
  C:3B54H         LINE#         361
  -------         ENDPROC       USBXCORE_FORCE_STALL
  -------         PROC          USBXCORE_GET_STATUS
  C:345EH         LINE#         367
  C:345EH         LINE#         369
  C:346DH         LINE#         370
  C:346DH         LINE#         371
  C:346DH         LINE#         372
  C:346DH         LINE#         373
  C:346DH         LINE#         374
  C:346FH         LINE#         375
  C:346FH         LINE#         379
  C:346FH         LINE#         381
  C:347DH         LINE#         385
  C:347DH         LINE#         386
  C:347DH         LINE#         387
  C:347DH         LINE#         388
  C:347FH         LINE#         390
  C:347FH         LINE#         392
  C:348DH         LINE#         396
  C:348DH         LINE#         397
  C:349AH         LINE#         398
  C:349AH         LINE#         399
  C:349CH         LINE#         401
  C:349CH         LINE#         402
  C:34AAH         LINE#         403
  C:34B3H         LINE#         404
  C:34B3H         LINE#         405
  C:34B3H         LINE#         406
  C:34B5H         LINE#         407
  C:34B5H         LINE#         408
  C:34B8H         LINE#         409
  C:34B8H         LINE#         410
  C:34B8H         LINE#         411
  C:34C0H         LINE#         412
  C:34C0H         LINE#         413
  C:34C3H         LINE#         414
  C:34C9H         LINE#         415
  C:34D0H         LINE#         416
  C:34D0H         LINE#         417
  -------         ENDPROC       USBXCORE_GET_STATUS
  -------         PROC          USBXCORE_CLEAR_FEATURE
BL51 BANKED LINKER/LOCATER V6.22                                                      08/16/2021  10:23:29  PAGE 45


  C:36B7H         LINE#         423
  C:36B7H         LINE#         425
  C:36BDH         LINE#         426
  C:36BDH         LINE#         428
  C:36C4H         LINE#         429
  C:36C4H         LINE#         430
  C:36CFH         LINE#         436
  C:36DAH         LINE#         437
  C:36DFH         LINE#         438
  C:36E1H         LINE#         440
  C:36E1H         LINE#         442
  C:36ECH         LINE#         446
  C:36F7H         LINE#         447
  C:36FCH         LINE#         448
  C:36FCH         LINE#         449
  C:36FEH         LINE#         451
  C:36FEH         LINE#         452
  C:3701H         LINE#         453
  C:3701H         LINE#         454
  C:370CH         LINE#         455
  -------         ENDPROC       USBXCORE_CLEAR_FEATURE
  -------         PROC          USBXCORE_VENDOR_USB_API
  C:27B7H         LINE#         462
  C:27B7H         LINE#         464
  C:27C1H         LINE#         465
  C:27C1H         LINE#         466
  C:27C8H         LINE#         467
  C:27C8H         LINE#         468
  C:27CBH         LINE#         469
  C:27CEH         LINE#         470
  C:27D0H         LINE#         472
  C:27D0H         LINE#         473
  C:27D7H         LINE#         474
  C:27D7H         LINE#         477
  C:27E2H         LINE#         482
  C:27EDH         LINE#         483
  C:27F8H         LINE#         485
  C:27F8H         LINE#         486
  C:280BH         LINE#         487
  C:280BH         LINE#         488
  C:280FH         LINE#         489
  C:281AH         LINE#         491
  C:281AH         LINE#         492
  C:282DH         LINE#         493
  C:282DH         LINE#         494
  C:2831H         LINE#         495
  C:283CH         LINE#         497
  C:2842H         LINE#         498
  C:284AH         LINE#         499
  C:284AH         LINE#         500
  C:284DH         LINE#         501
  C:284DH         LINE#         502
  C:284DH         LINE#         503
  C:2858H         LINE#         504
  C:2858H         LINE#         505
  C:285EH         LINE#         506
  C:2865H         LINE#         507
BL51 BANKED LINKER/LOCATER V6.22                                                      08/16/2021  10:23:29  PAGE 46


  C:2865H         LINE#         508
  C:2869H         LINE#         509
  C:2869H         LINE#         510
  C:286FH         LINE#         511
  C:2876H         LINE#         512
  C:2876H         LINE#         513
  C:2881H         LINE#         514
  -------         ENDPROC       USBXCORE_VENDOR_USB_API
  -------         PROC          USBXCORE_SET_FEATURE
  C:370FH         LINE#         521
  C:370FH         LINE#         523
  C:3715H         LINE#         524
  C:3715H         LINE#         526
  C:371CH         LINE#         527
  C:371CH         LINE#         528
  C:3727H         LINE#         534
  C:3732H         LINE#         535
  C:3735H         LINE#         536
  C:3737H         LINE#         538
  C:3737H         LINE#         540
  C:3742H         LINE#         544
  C:374DH         LINE#         545
  C:3753H         LINE#         546
  C:3753H         LINE#         548
  C:3755H         LINE#         550
  C:3755H         LINE#         551
  C:3758H         LINE#         552
  C:3758H         LINE#         553
  C:3763H         LINE#         554
  -------         ENDPROC       USBXCORE_SET_FEATURE
  -------         PROC          USBXCORE_SET_ADDRESS
  C:3AF9H         LINE#         561
  C:3AF9H         LINE#         563
  C:3B08H         LINE#         564
  C:3B0EH         LINE#         565
  C:3B0EH         LINE#         566
  C:3B11H         LINE#         567
  C:3B13H         LINE#         569
  C:3B13H         LINE#         570
  C:3B16H         LINE#         571
  C:3B16H         LINE#         572
  -------         ENDPROC       USBXCORE_SET_ADDRESS
  -------         PROC          USBXCORE_GET_DESCRIPTOR
  C:2AB9H         LINE#         579
  C:2AB9H         LINE#         580
  C:2AC8H         LINE#         581
  C:2AC8H         LINE#         582
  C:2AC8H         LINE#         583
  C:2AD6H         LINE#         584
  C:2ADAH         LINE#         585
  C:2ADCH         LINE#         586
  C:2ADCH         LINE#         587
  C:2AEAH         LINE#         588
  C:2AFDH         LINE#         589
  C:2AFFH         LINE#         590
  C:2AFFH         LINE#         591
  C:2B23H         LINE#         592
BL51 BANKED LINKER/LOCATER V6.22                                                      08/16/2021  10:23:29  PAGE 47


  C:2B2FH         LINE#         593
  C:2B31H         LINE#         594
  C:2B31H         LINE#         595
  C:2B34H         LINE#         596
  C:2B34H         LINE#         597
  C:2B34H         LINE#         598
  C:2B4AH         LINE#         599
  C:2B4AH         LINE#         600
  C:2B52H         LINE#         601
  C:2B52H         LINE#         602
  C:2B5AH         LINE#         603
  C:2B5AH         LINE#         604
  C:2B5DH         LINE#         605
  C:2B63H         LINE#         606
  C:2B6AH         LINE#         607
  C:2B6AH         LINE#         608
  -------         ENDPROC       USBXCORE_GET_DESCRIPTOR
  -------         PROC          USBXCORE_GET_CONFIGURATION
  C:38A6H         LINE#         614
  C:38A6H         LINE#         616
  C:38AEH         LINE#         617
  C:38AEH         LINE#         618
  C:38BAH         LINE#         619
  C:38C2H         LINE#         620
  C:38C2H         LINE#         621
  C:38C6H         LINE#         622
  C:38C6H         LINE#         623
  C:38D4H         LINE#         624
  C:38DCH         LINE#         625
  C:38DCH         LINE#         626
  C:38DFH         LINE#         627
  C:38E5H         LINE#         628
  C:38ECH         LINE#         629
  -------         ENDPROC       USBXCORE_GET_CONFIGURATION
  -------         PROC          USBXCORE_SET_CONFIGURATION
  C:365DH         LINE#         635
  C:365DH         LINE#         637
  C:3666H         LINE#         638
  C:3666H         LINE#         639
  C:366DH         LINE#         640
  C:3673H         LINE#         641
  C:3678H         LINE#         642
  C:367AH         LINE#         644
  C:3685H         LINE#         645
  C:3690H         LINE#         646
  C:369BH         LINE#         653
  C:36A6H         LINE#         654
  C:36A8H         LINE#         656
  C:36A8H         LINE#         657
  C:36AEH         LINE#         658
  C:36B2H         LINE#         659
  C:36B4H         LINE#         660
  C:36B4H         LINE#         661
  -------         ENDPROC       USBXCORE_SET_CONFIGURATION
  -------         PROC          USBXCORE_GET_INTERFACE
  C:3A8AH         LINE#         668
  C:3A8AH         LINE#         670
BL51 BANKED LINKER/LOCATER V6.22                                                      08/16/2021  10:23:29  PAGE 48


  C:3A98H         LINE#         671
  C:3AA0H         LINE#         672
  C:3AA3H         LINE#         673
  C:3AA9H         LINE#         674
  C:3AB0H         LINE#         675
  -------         ENDPROC       USBXCORE_GET_INTERFACE
  -------         PROC          USBXCORE_SET_SOP
  C:3B9AH         LINE#         682
  C:3B9AH         LINE#         684
  C:3BA2H         LINE#         685
  C:3BA2H         LINE#         686
  C:3BADH         LINE#         687
  C:3BADH         LINE#         688
  -------         ENDPROC       USBXCORE_SET_SOP
  -------         PROC          USBXCORE_USB_ISR
  C:1FB3H         LINE#         699
  C:1FD0H         LINE#         702
  C:1FD6H         LINE#         703
  C:1FE9H         LINE#         706
  C:1FFCH         LINE#         709
  C:2000H         LINE#         710
  C:2000H         LINE#         711
  C:200BH         LINE#         712
  C:200BH         LINE#         714
  C:2012H         LINE#         715
  C:2012H         LINE#         716
  C:2015H         LINE#         717
  C:2015H         LINE#         719
  C:201CH         LINE#         720
  C:201CH         LINE#         721
  C:2029H         LINE#         722
  C:2029H         LINE#         723
  C:2030H         LINE#         724
  C:2030H         LINE#         725
  C:2030H         LINE#         727
  C:2030H         LINE#         728
  C:2030H         LINE#         730
  C:2030H         LINE#         732
  C:2043H         LINE#         734
  C:2047H         LINE#         735
  C:2047H         LINE#         736
  C:204AH         LINE#         737
  C:204AH         LINE#         740
  C:2051H         LINE#         741
  C:2051H         LINE#         742
  C:205CH         LINE#         748
  C:206FH         LINE#         749
  C:2074H         LINE#         750
  C:2074H         LINE#         751
  C:207BH         LINE#         752
  C:207BH         LINE#         754
  C:207BH         LINE#         756
  C:208EH         LINE#         759
  C:2092H         LINE#         760
  C:2092H         LINE#         761
  C:209DH         LINE#         767
  C:20B0H         LINE#         768
BL51 BANKED LINKER/LOCATER V6.22                                                      08/16/2021  10:23:29  PAGE 49


  C:20B4H         LINE#         769
  C:20B4H         LINE#         770
  C:20BBH         LINE#         771
  C:20BBH         LINE#         772
  C:20BBH         LINE#         775
  C:20C9H         LINE#         776
  C:20CEH         LINE#         777
  C:20D4H         LINE#         778
  C:20D9H         LINE#         781
  C:20E6H         LINE#         782
  C:20E6H         LINE#         783
  C:20E9H         LINE#         784
  C:20E9H         LINE#         785
  -------         ENDPROC       USBXCORE_USB_ISR
  -------         ENDMOD        USB_API

  -------         MODULE        USB_SUSPEND
  C:0000H         SYMBOL        _ICE_DUMMY_
  D:00D7H         PUBLIC        USB0XCN
  D:00C9H         PUBLIC        REG0CN
  C:3A38H         PUBLIC        USB_Suspend
  D:00A9H         PUBLIC        CLKSEL
  D:00B2H         PUBLIC        OSCICN
  D:00B9H         PUBLIC        CLKMUL
  -------         PROC          USB_SUSPEND
  C:3A38H         LINE#         70
  C:3A38H         LINE#         72
  C:3A3BH         LINE#         74
  C:3A3EH         LINE#         76
  C:3A46H         LINE#         79
  C:3A49H         LINE#         80
  C:3A4CH         LINE#         81
  C:3A4FH         LINE#         82
  C:3A52H         LINE#         84
  C:3A53H         LINE#         86
  C:3A56H         LINE#         88
  C:3A5CH         LINE#         92
  C:3A5FH         LINE#         94
  C:3A62H         LINE#         95
  -------         ENDPROC       USB_SUSPEND
  -------         ENDMOD        USB_SUSPEND

  -------         MODULE        USB_INT_ENABLE
  C:0000H         SYMBOL        _ICE_DUMMY_
  C:3B55H         PUBLIC        USB_Int_Enable
  D:0096H         PUBLIC        USB0ADR
  D:0097H         PUBLIC        USB0DAT
  -------         PROC          USB_INT_ENABLE
  C:3B55H         LINE#         68
  C:3B55H         LINE#         71
  C:3B5CH         LINE#         73
  C:3B62H         LINE#         74
  C:3B62H         LINE#         75
  C:3B6DH         LINE#         77
  C:3B6DH         LINE#         78
  -------         ENDPROC       USB_INT_ENABLE
  -------         ENDMOD        USB_INT_ENABLE
BL51 BANKED LINKER/LOCATER V6.22                                                      08/16/2021  10:23:29  PAGE 50



  -------         MODULE        USB_CLOCK_RECOVERY
  C:0000H         SYMBOL        _ICE_DUMMY_
  C:3BE0H         PUBLIC        USBXcore_ClkRec
  D:0096H         PUBLIC        USB0ADR
  D:0097H         PUBLIC        USB0DAT
  -------         PROC          USBXCORE_CLKREC
  C:3BE0H         LINE#         45
  C:3BE0H         LINE#         47
  C:3BEBH         LINE#         48
  -------         ENDPROC       USBXCORE_CLKREC
  -------         ENDMOD        USB_CLOCK_RECOVERY

  -------         MODULE        ?C?FPMUL
  C:0C9AH         PUBLIC        ?C?FPMUL
  -------         ENDMOD        ?C?FPMUL

  -------         MODULE        ?C?FCAST
  C:0DAAH         PUBLIC        ?C?FCASTC
  C:0DA5H         PUBLIC        ?C?FCASTI
  C:0DA0H         PUBLIC        ?C?FCASTL
  -------         ENDMOD        ?C?FCAST

  -------         MODULE        ?C?CASTF
  C:0DDEH         PUBLIC        ?C?CASTF
  -------         ENDMOD        ?C?CASTF

  -------         MODULE        ?C?COPY
  C:0F2FH         PUBLIC        ?C?COPY
  -------         ENDMOD        ?C?COPY

  -------         MODULE        ?C?CLDPTR
  C:0F55H         PUBLIC        ?C?CLDPTR
  -------         ENDMOD        ?C?CLDPTR

  -------         MODULE        ?C?CLDOPTR
  C:0F6EH         PUBLIC        ?C?CLDOPTR
  -------         ENDMOD        ?C?CLDOPTR

  -------         MODULE        ?C?IMUL
  C:0F9BH         PUBLIC        ?C?IMUL
  -------         ENDMOD        ?C?IMUL

  -------         MODULE        ?C?IILDX
  C:0FADH         PUBLIC        ?C?IILDX
  -------         ENDMOD        ?C?IILDX

  -------         MODULE        ?C?ILDOPTR
  C:0FC3H         PUBLIC        ?C?ILDOPTR
  -------         ENDMOD        ?C?ILDOPTR

  -------         MODULE        ?C?LMUL
  C:0FFBH         PUBLIC        ?C?LMUL
  -------         ENDMOD        ?C?LMUL

  -------         MODULE        ?C?ULDIV
  C:1086H         PUBLIC        ?C?ULDIV
BL51 BANKED LINKER/LOCATER V6.22                                                      08/16/2021  10:23:29  PAGE 51


  -------         ENDMOD        ?C?ULDIV

  -------         MODULE        ?C?LNEG
  C:1118H         PUBLIC        ?C?LNEG
  -------         ENDMOD        ?C?LNEG

  -------         MODULE        ?C?ULCMP
  C:1126H         PUBLIC        ?C?ULCMP
  -------         ENDMOD        ?C?ULCMP

  -------         MODULE        ?C?ULSHR
  C:1137H         PUBLIC        ?C?ULSHR
  -------         ENDMOD        ?C?ULSHR

  -------         MODULE        ?C?LSHL
  C:114AH         PUBLIC        ?C?LSHL
  -------         ENDMOD        ?C?LSHL

  -------         MODULE        ?C?LLDIPDATA
  C:1166H         PUBLIC        ?C?LLDIPDATA
  C:115DH         PUBLIC        ?C?LLDIPDATA1
  C:115FH         PUBLIC        ?C?LLDIPDATA8
  -------         ENDMOD        ?C?LLDIPDATA

  -------         MODULE        ?C?LSTXDATA
  C:117DH         PUBLIC        ?C?LSTXDATA
  -------         ENDMOD        ?C?LSTXDATA

  -------         MODULE        ?C?LSTPDATA
  C:1189H         PUBLIC        ?C?LSTPDATA
  -------         ENDMOD        ?C?LSTPDATA

  -------         MODULE        ?C?LSTKXDATA
  C:1195H         PUBLIC        ?C?LSTKXDATA
  -------         ENDMOD        ?C?LSTKXDATA

  -------         MODULE        ?C?LSTKPDATA
  C:11C6H         PUBLIC        ?C?LSTKPDATA
  -------         ENDMOD        ?C?LSTKPDATA

  -------         MODULE        ?C_PBP
  D:0008H         PUBLIC        ?C_PBP
  -------         ENDMOD        ?C_PBP

*** WARNING L14: INCOMPATIBLE MEMORY MODEL
    MODULE:  .\USBX_F34X.LIB (USB_API)
    MODEL:   SMALL

*** WARNING L14: INCOMPATIBLE MEMORY MODEL
    MODULE:  .\USBX_F34X.LIB (USB_SUSPEND)
    MODEL:   SMALL

*** WARNING L14: INCOMPATIBLE MEMORY MODEL
    MODULE:  .\USBX_F34X.LIB (USB_INT_ENABLE)
    MODEL:   SMALL

*** WARNING L14: INCOMPATIBLE MEMORY MODEL
BL51 BANKED LINKER/LOCATER V6.22                                                      08/16/2021  10:23:29  PAGE 52


    MODULE:  .\USBX_F34X.LIB (USB_CLOCK_RECOVERY)
    MODEL:   SMALL

*** WARNING L16: UNCALLED SEGMENT, IGNORED FOR OVERLAY PROCESS
    SEGMENT: ?PR?SD_INIT?MMC_SD

*** WARNING L16: UNCALLED SEGMENT, IGNORED FOR OVERLAY PROCESS
    SEGMENT: ?PR?DISPBAND?LCD

*** WARNING L16: UNCALLED SEGMENT, IGNORED FOR OVERLAY PROCESS
    SEGMENT: ?PR?_DISPPIC?LCD

*** WARNING L16: UNCALLED SEGMENT, IGNORED FOR OVERLAY PROCESS
    SEGMENT: ?PR?_DISPPICFROMSD?LCD

*** WARNING L16: UNCALLED SEGMENT, IGNORED FOR OVERLAY PROCESS
    SEGMENT: ?PR?DISPSCALEHOR1?LCD

*** WARNING L16: UNCALLED SEGMENT, IGNORED FOR OVERLAY PROCESS
    SEGMENT: ?PR?DISPSCALEVER?LCD

*** WARNING L16: UNCALLED SEGMENT, IGNORED FOR OVERLAY PROCESS
    SEGMENT: ?PR?DISPSCALEVER_RED?LCD

*** WARNING L16: UNCALLED SEGMENT, IGNORED FOR OVERLAY PROCESS
    SEGMENT: ?PR?DISPSCALEVER_GREEN?LCD

*** WARNING L16: UNCALLED SEGMENT, IGNORED FOR OVERLAY PROCESS
    SEGMENT: ?PR?DISPSCALEVER_BLUE?LCD

*** WARNING L16: UNCALLED SEGMENT, IGNORED FOR OVERLAY PROCESS
    SEGMENT: ?PR?DISPSCALEVER_GRAY?LCD

*** WARNING L16: UNCALLED SEGMENT, IGNORED FOR OVERLAY PROCESS
    SEGMENT: ?PR?DISPGRAYHOR32?LCD

*** WARNING L16: UNCALLED SEGMENT, IGNORED FOR OVERLAY PROCESS
    SEGMENT: ?PR?DISPSCALEHOR2?LCD

*** WARNING L16: UNCALLED SEGMENT, IGNORED FOR OVERLAY PROCESS
    SEGMENT: ?PR?_DRAWGIRD?LCD

*** WARNING L15: MULTIPLE CALL TO SEGMENT
    SEGMENT: ?PR?_WRITECOMM?LCD
    CALLER1: ?PR?USB_API_TEST_ISR?MAIN
    CALLER2: ?C_C51STARTUP

*** WARNING L15: MULTIPLE CALL TO SEGMENT
    SEGMENT: ?PR?_WRITEDATA?LCD
    CALLER1: ?PR?USB_API_TEST_ISR?MAIN
    CALLER2: ?C_C51STARTUP

Program Size: data=10.0 xdata=1222 code=15356
LINK/LOCATE RUN COMPLETE.  19 WARNING(S),  0 ERROR(S)
