BL51 BANKED LINKER/LOCATER V6.22                                                        08/27/2021  13:59:43  PAGE 1


BL51 BANKED LINKER/LOCATER V6.22, INVOKED BY:
D:\KEIL C51\C51\BIN\BL51.EXE main.obj, mmc_sd.obj, lcd.obj, tp.obj, .\USBX_F34X.LIB TO NV3030A2_CTC24_3W2L RAMSIZE (256)
>> 


MEMORY MODEL: COMPACT WITH FLOATING POINT ARITHMETIC


INPUT MODULES INCLUDED:
  main.obj (MAIN)
  mmc_sd.obj (MMC_SD)
  lcd.obj (LCD)
  tp.obj (TP)
  .\USBX_F34X.LIB (USB_API)
  .\USBX_F34X.LIB (USB_CLOCK_START)
  .\USBX_F34X.LIB (USB_SUSPEND)
  .\USBX_F34X.LIB (GET_INTERRUPT_SOURCE)
  .\USBX_F34X.LIB (BLOCK_READ)
  .\USBX_F34X.LIB (BLOCK_WRITE)
  .\USBX_F34X.LIB (USB_INT_ENABLE)
  .\USBX_F34X.LIB (USB_CLOCK_RECOVERY)
  .\USBX_F34X.LIB (USB_JUMP_ISR)
  D:\KEIL C51\C51\LIB\C51FPC.LIB (?C?FPMUL)
  D:\KEIL C51\C51\LIB\C51FPC.LIB (?C?FCAST)
  D:\KEIL C51\C51\LIB\C51FPC.LIB (?C?CASTF)
  D:\KEIL C51\C51\LIB\C51FPC.LIB (?C?FPGETOPN)
  D:\KEIL C51\C51\LIB\C51C.LIB (?C_STARTUP)
  D:\KEIL C51\C51\LIB\C51C.LIB (?C?COPY)
  D:\KEIL C51\C51\LIB\C51C.LIB (?C?CLDPTR)
  D:\KEIL C51\C51\LIB\C51C.LIB (?C?CLDOPTR)
  D:\KEIL C51\C51\LIB\C51C.LIB (?C?IMUL)
  D:\KEIL C51\C51\LIB\C51C.LIB (?C?IILDX)
  D:\KEIL C51\C51\LIB\C51C.LIB (?C?ILDOPTR)
  D:\KEIL C51\C51\LIB\C51C.LIB (?C?LMUL)
  D:\KEIL C51\C51\LIB\C51C.LIB (?C?ULDIV)
  D:\KEIL C51\C51\LIB\C51C.LIB (?C?LNEG)
  D:\KEIL C51\C51\LIB\C51C.LIB (?C?ULCMP)
  D:\KEIL C51\C51\LIB\C51C.LIB (?C?ULSHR)
  D:\KEIL C51\C51\LIB\C51C.LIB (?C?LSHL)
  D:\KEIL C51\C51\LIB\C51C.LIB (?C?LLDIPDATA)
  D:\KEIL C51\C51\LIB\C51C.LIB (?C?LSTXDATA)
  D:\KEIL C51\C51\LIB\C51C.LIB (?C?LSTPDATA)
  D:\KEIL C51\C51\LIB\C51C.LIB (?C?LSTKXDATA)
  D:\KEIL C51\C51\LIB\C51C.LIB (?C?LSTKPDATA)
  D:\KEIL C51\C51\LIB\C51C.LIB (?C_PBP)
  D:\KEIL C51\C51\LIB\C51C.LIB (?C_INIT)


LINK MAP OF MODULE:  NV3030A2_CTC24_3W2L (MAIN)


            TYPE    BASE      LENGTH    RELOCATION   SEGMENT NAME
            -----------------------------------------------------

            * * * * * * *   D A T A   M E M O R Y   * * * * * * *
            REG     0000H     0008H     ABSOLUTE     "REG BANK 0"
            DATA    0008H     0001H     UNIT         ?C?LIB_DATA
            IDATA   0009H     0001H     UNIT         ?STACK
BL51 BANKED LINKER/LOCATER V6.22                                                      08/27/2021  13:59:43  PAGE 2



            * * * * * * *  X D A T A   M E M O R Y  * * * * * * *
            XDATA   0000H     0010H     INPAGE       ?PD?MAIN
            XDATA   0010H     0004H     INPAGE       ?PD?_MMC_SD_READSINGLEBLOCK?MMC_SD
            XDATA   0014H     0005H     INPAGE       ?PD?DISPBAND?LCD
            XDATA   0019H     0005H     INPAGE       ?PD?_DISPPIC?LCD
            XDATA   001EH     000DH     INPAGE       ?PD?_DISPPICFROMSD?LCD
            XDATA   002BH     0004H     INPAGE       ?PD?DISPSCALEHOR1?LCD
            XDATA   002FH     0004H     INPAGE       ?PD?DISPSCALEVER?LCD
            XDATA   0033H     0004H     INPAGE       ?PD?DISPSCALEVER_RED?LCD
            XDATA   0037H     0004H     INPAGE       ?PD?DISPSCALEVER_GREEN?LCD
            XDATA   003BH     0004H     INPAGE       ?PD?DISPSCALEVER_BLUE?LCD
            XDATA   003FH     0004H     INPAGE       ?PD?DISPSCALEVER_GRAY?LCD
            XDATA   0043H     0004H     INPAGE       ?PD?DISPGRAYHOR32?LCD
            XDATA   0047H     0002H     INPAGE       ?PD?DISPSCALEHOR2?LCD
            XDATA   0049H     000CH     INPAGE       ?PD?_DRAWLINE?LCD
            XDATA   0055H     0004H     INPAGE       ?PD?_DRAWGIRD?LCD
            XDATA   0059H     0002H     INPAGE       ?PD?LCD
            XDATA   005BH     0024H     INPAGE       _PDATA_GROUP_
            XDATA   007FH     0200H     UNIT         ?XD?MMC_SD
            XDATA   027FH     0058H     UNIT         _XDATA_GROUP_
            XDATA   02D7H     0040H     UNIT         ?XD?MAIN
                    0317H     0329H                  *** GAP ***
            XDATA   0640H     0100H     ABSOLUTE     
            XDATA   0740H     0012H     ABSOLUTE     
            XDATA   0752H     0020H     ABSOLUTE     
            XDATA   0772H     000CH     ABSOLUTE     
            XDATA   077EH     0008H     ABSOLUTE     
            XDATA   0786H     0001H     ABSOLUTE     
            XDATA   0787H     0003H     ABSOLUTE     
            XDATA   078AH     0002H     ABSOLUTE     
            XDATA   078CH     0002H     ABSOLUTE     
            XDATA   078EH     0003H     ABSOLUTE     
            XDATA   0791H     0001H     ABSOLUTE     
            XDATA   0792H     0001H     ABSOLUTE     
            XDATA   0793H     0001H     ABSOLUTE     
            XDATA   0794H     0001H     ABSOLUTE     
            XDATA   0795H     0002H     ABSOLUTE     
            XDATA   0797H     0002H     ABSOLUTE     
            XDATA   0799H     0001H     ABSOLUTE     
            XDATA   079AH     0001H     ABSOLUTE     
            XDATA   079BH     0001H     ABSOLUTE     
            XDATA   079CH     0001H     ABSOLUTE     
            XDATA   079DH     0001H     ABSOLUTE     
            XDATA   079EH     0001H     ABSOLUTE     
            XDATA   079FH     0002H     ABSOLUTE     
            XDATA   07A1H     0001H     ABSOLUTE     
            XDATA   07A2H     0001H     ABSOLUTE     
            XDATA   07A3H     000CH     ABSOLUTE     
                    07AFH     0011H                  *** GAP ***
            XDATA   07C0H     0040H     ABSOLUTE     

            * * * * * * *   C O D E   M E M O R Y   * * * * * * *
            CODE    0000H     0003H     ABSOLUTE     
            CODE    0003H     003AH     UNIT         ?CO?USB_API
            CODE    003DH     0003H     UNIT         ?PR?SUSPEND_DEVICE?MAIN
                    0040H     0003H                  *** GAP ***
BL51 BANKED LINKER/LOCATER V6.22                                                      08/27/2021  13:59:43  PAGE 3


            CODE    0043H     0003H     ABSOLUTE     
            CODE    0046H     0044H     UNIT         ?PR?_DISPCOLOR?LCD
                    008AH     0001H                  *** GAP ***
            CODE    008BH     0003H     ABSOLUTE     
            CODE    008EH     060CH     UNIT         ?PR?CONNTOUSB?MAIN
            CODE    069AH     0600H     UNIT         ?CO?LCD
            CODE    0C9AH     0545H     UNIT         ?C?LIB_CODE
            CODE    11DFH     025EH     UNIT         ?PR?LCD_INIT?LCD
            CODE    143DH     0233H     UNIT         ?PR?USBXCORE_HANDLE_SETUP?USB_API
            CODE    1670H     0232H     UNIT         ?PR?_LCD_READ_IC_ID?LCD
            CODE    18A2H     0228H     UNIT         ?PR?DISPSCALEHOR1?LCD
            CODE    1ACAH     01BCH     UNIT         ?PR?DISPSCALEHOR2?LCD
            CODE    1C86H     01A0H     UNIT         ?PR?TP_DRAWLINE?TP
            CODE    1E26H     0190H     UNIT         ?PR?DISPBAND?LCD
            CODE    1FB6H     0151H     UNIT         ?PR?USBXCORE_USB_ISR?USB_API
            CODE    2107H     013DH     UNIT         ?PR?USB_API_TEST_ISR?MAIN
            CODE    2244H     0137H     UNIT         ?PR?_USB_INIT?USB_API
            CODE    237BH     012AH     UNIT         ?PR?DISPSCALEVER?LCD
            CODE    24A5H     011BH     UNIT         ?PR?_TP_GETPOSITION?TP
            CODE    25C0H     0111H     UNIT         ?PR?_BLOCK_WRITE?BLOCK_WRITE
            CODE    26D1H     00E9H     UNIT         ?PR?_DISPPICFROMSD?LCD
            CODE    27BAH     00CDH     UNIT         ?PR?USBXCORE_VENDOR_USB_API?USB_API
            CODE    2887H     00CBH     UNIT         ?PR?_DISPONECHAR?LCD
            CODE    2952H     00B7H     UNIT         ?PR?MMC_SD_RESET?MMC_SD
            CODE    2A09H     00B3H     UNIT         ?PR?_DISPINT?LCD
            CODE    2ABCH     00B2H     UNIT         ?PR?USBXCORE_GET_DESCRIPTOR?USB_API
            CODE    2B6EH     00AFH     UNIT         ?PR?_BLOCK_READ?BLOCK_READ
            CODE    2C1DH     00AAH     UNIT         ?PR?DISPFRAME?LCD
            CODE    2CC7H     00A2H     UNIT         ?PR?DISPSCALEVER_GREEN?LCD
            CODE    2D69H     009CH     UNIT         ?PR?_?BLOCKWRITE?LCD
            CODE    2E05H     009BH     UNIT         ?PR?DISPGRAYHOR16?LCD
            CODE    2EA0H     0096H     UNIT         ?PR?_DISPSTR?LCD
            CODE    2F36H     0093H     UNIT         ?PR?DISPSCALEVER_RED?LCD
            CODE    2FC9H     0093H     UNIT         ?PR?DISPSCALEVER_GRAY?LCD
            CODE    305CH     0090H     UNIT         ?PR?_DRAWGIRD?LCD
            CODE    30ECH     008CH     UNIT         ?C_C51STARTUP
            CODE    3178H     0088H     UNIT         ?PR?DISPSCALEVER_BLUE?LCD
            CODE    3200H     0086H     UNIT         ?PR?_DRAWLINE?LCD
            CODE    3286H     007DH     UNIT         ?PR?_MMC_SD_WRITESINGLEBLOCK?MMC_SD
            CODE    3303H     0076H     UNIT         ?PR?DISPGRAYHOR32?LCD
            CODE    3379H     0075H     UNIT         ?PR?_MMC_SD_SENDCOMMAND?MMC_SD
            CODE    33EEH     0073H     UNIT         ?PR?TP_READ?TP
            CODE    3461H     0073H     UNIT         ?PR?USBXCORE_GET_STATUS?USB_API
            CODE    34D4H     006CH     UNIT         ?PR?DEVICES_INIT?MAIN
            CODE    3540H     0064H     UNIT         ?PR?_MMC_SD_READSINGLEBLOCK?MMC_SD
            CODE    35A4H     0061H     UNIT         ?PR?_DISPPIC?LCD
            CODE    3605H     005BH     UNIT         ?PR?_TOORD?LCD
            CODE    3660H     005AH     UNIT         ?PR?USBXCORE_SET_CONFIGURATION?USB_API
            CODE    36BAH     0058H     UNIT         ?PR?USBXCORE_CLEAR_FEATURE?USB_API
            CODE    3712H     0057H     UNIT         ?PR?USBXCORE_SET_FEATURE?USB_API
            CODE    3769H     0055H     UNIT         ?PR?_STOPDELAY?MAIN
            CODE    37BEH     0052H     UNIT         ?PR?_PUTPIXEL?LCD
            CODE    3810H     0050H     UNIT         ?CO?MAIN
            CODE    3860H     0049H     UNIT         ?PR?MAIN?MAIN
            CODE    38A9H     0047H     UNIT         ?PR?USBXCORE_GET_CONFIGURATION?USB_API
            CODE    38F0H     0043H     UNIT         ?PR?MCU_INIT?MAIN
            CODE    3933H     0041H     UNIT         ?PR?_WRITEDISPDATA?LCD
BL51 BANKED LINKER/LOCATER V6.22                                                      08/27/2021  13:59:43  PAGE 4


            CODE    3974H     0038H     UNIT         ?PR?USB_CLOCK_START?USB_CLOCK_START
            CODE    39ACH     0033H     UNIT         ?PR?_WRITEDATA?LCD
            CODE    39DFH     002FH     UNIT         ?PR?_WRITECOMM?LCD
            CODE    3A0EH     002DH     UNIT         ?C_INITSEG
            CODE    3A3BH     002BH     UNIT         ?PR?USB_SUSPEND?USB_SUSPEND
            CODE    3A66H     0027H     UNIT         ?PR?USBXCORE_USB_RESET?USB_API
            CODE    3A8DH     0027H     UNIT         ?PR?USBXCORE_GET_INTERFACE?USB_API
            CODE    3AB4H     0026H     UNIT         ?PR?_TP_WRITE?TP
            CODE    3ADAH     0022H     UNIT         ?PR?USBXCORE_JUMP_ISR?USB_JUMP_ISR
            CODE    3AFCH     0020H     UNIT         ?PR?USBXCORE_SET_ADDRESS?USB_API
            CODE    3B1CH     001FH     UNIT         ?PR?_DELAY?MAIN
            CODE    3B3BH     001DH     UNIT         ?PR?USBXCORE_FORCE_STALL?USB_API
            CODE    3B58H     0019H     UNIT         ?PR?USB_INT_ENABLE?USB_INT_ENABLE
            CODE    3B71H     0016H     UNIT         ?PR?_SPI_WRITEBYTE?MMC_SD
            CODE    3B87H     0016H     UNIT         ?PR?READDATA?LCD
            CODE    3B9DH     0014H     UNIT         ?PR?USBXCORE_SET_SOP?USB_API
            CODE    3BB1H     0013H     UNIT         ?PR?WAITKEY?MAIN
            CODE    3BC4H     0011H     UNIT         ?PR?SD_INIT?MMC_SD
            CODE    3BD5H     000EH     UNIT         ?PR?GET_INTERRUPT_SOURCE?GET_INTERRUPT_SOURCE
            CODE    3BE3H     000CH     UNIT         ?PR?USBXCORE_CLKREC?USB_CLOCK_RECOVERY
            CODE    3BEFH     000BH     UNIT         ?PR?SPI_READBYTE?MMC_SD
            CODE    3BFAH     0009H     UNIT         ?PR?_WRITEONEDOT?LCD



OVERLAY MAP OF MODULE:   NV3030A2_CTC24_3W2L (MAIN)


SEGMENT                                            PDATA_GROUP         XDATA_GROUP
  +--> CALLED SEGMENT                            START    LENGTH     START    LENGTH
------------------------------------------------------------------------------------
?PR?USB_API_TEST_ISR?MAIN                        005BH    0001H      -----    -----
  +--> ?PR?GET_INTERRUPT_SOURCE?GET_INTERRUP...
  +--> ?PR?_BLOCK_READ?BLOCK_READ
  +--> ?PR?SUSPEND_DEVICE?MAIN
  +--> ?PR?MCU_INIT?MAIN
  +--> ?PR?_?BLOCKWRITE?LCD

?PR?SUSPEND_DEVICE?MAIN                          -----    -----      -----    -----
  +--> ?PR?USB_SUSPEND?USB_SUSPEND

?PR?USB_SUSPEND?USB_SUSPEND                      -----    -----      -----    -----
  +--> ?PR?USB_CLOCK_START?USB_CLOCK_START

?PR?_?BLOCKWRITE?LCD                             -----    -----      -----    -----
  +--> ?PR?_WRITECOMM?LCD
  +--> ?PR?_WRITEDATA?LCD

?PR?_WRITECOMM?LCD                               007EH    0001H      -----    -----

?PR?_WRITEDATA?LCD                               007EH    0001H      -----    -----

*** NEW ROOT ***************************************************

?PR?USBXCORE_USB_ISR?USB_API                     -----    -----      -----    -----
  +--> ?PR?USBXCORE_USB_RESET?USB_API
  +--> ?PR?USBXCORE_HANDLE_SETUP?USB_API
BL51 BANKED LINKER/LOCATER V6.22                                                      08/27/2021  13:59:43  PAGE 5


  +--> ?PR?USBXCORE_JUMP_ISR?USB_JUMP_ISR

?PR?USBXCORE_HANDLE_SETUP?USB_API                -----    -----      -----    -----
  +--> ?PR?USBXCORE_GET_STATUS?USB_API
  +--> ?PR?USBXCORE_CLEAR_FEATURE?USB_API
  +--> ?PR?USBXCORE_VENDOR_USB_API?USB_API
  +--> ?PR?USBXCORE_SET_FEATURE?USB_API
  +--> ?PR?USBXCORE_SET_ADDRESS?USB_API
  +--> ?PR?USBXCORE_GET_DESCRIPTOR?USB_API
  +--> ?PR?USBXCORE_GET_CONFIGURATION?USB_API
  +--> ?PR?USBXCORE_SET_CONFIGURATION?USB_API
  +--> ?PR?USBXCORE_GET_INTERFACE?USB_API
  +--> ?PR?USBXCORE_SET_SOP?USB_API
  +--> ?PR?USBXCORE_FORCE_STALL?USB_API

?PR?USBXCORE_GET_STATUS?USB_API                  -----    -----      -----    -----
  +--> ?CO?USB_API
  +--> ?PR?USBXCORE_FORCE_STALL?USB_API
  +--> ?PR?USBXCORE_SET_SOP?USB_API

?PR?USBXCORE_CLEAR_FEATURE?USB_API               -----    -----      -----    -----
  +--> ?PR?USBXCORE_FORCE_STALL?USB_API
  +--> ?PR?USBXCORE_SET_SOP?USB_API

?PR?USBXCORE_VENDOR_USB_API?USB_API              -----    -----      -----    -----
  +--> ?PR?USBXCORE_SET_SOP?USB_API

?PR?USBXCORE_SET_FEATURE?USB_API                 -----    -----      -----    -----
  +--> ?PR?USBXCORE_FORCE_STALL?USB_API
  +--> ?PR?USBXCORE_SET_SOP?USB_API

?PR?USBXCORE_SET_ADDRESS?USB_API                 -----    -----      -----    -----
  +--> ?PR?USBXCORE_SET_SOP?USB_API

?PR?USBXCORE_GET_DESCRIPTOR?USB_API              -----    -----      -----    -----
  +--> ?PR?USBXCORE_FORCE_STALL?USB_API
  +--> ?PR?USBXCORE_SET_SOP?USB_API

?PR?USBXCORE_GET_CONFIGURATION?USB_API           -----    -----      -----    -----
  +--> ?CO?USB_API
  +--> ?PR?USBXCORE_SET_SOP?USB_API

?PR?USBXCORE_SET_CONFIGURATION?USB_API           -----    -----      -----    -----
  +--> ?PR?USBXCORE_SET_SOP?USB_API

?PR?USBXCORE_GET_INTERFACE?USB_API               -----    -----      -----    -----
  +--> ?CO?USB_API
  +--> ?PR?USBXCORE_SET_SOP?USB_API

*** NEW ROOT ***************************************************

?C_C51STARTUP                                    -----    -----      -----    -----
  +--> ?PR?MAIN?MAIN
  +--> ?C_INITSEG

?PR?MAIN?MAIN                                    -----    -----      -----    -----
  +--> ?PR?DEVICES_INIT?MAIN
BL51 BANKED LINKER/LOCATER V6.22                                                      08/27/2021  13:59:43  PAGE 6


  +--> ?PR?DISPFRAME?LCD
  +--> ?PR?_STOPDELAY?MAIN
  +--> ?PR?_DISPCOLOR?LCD
  +--> ?PR?DISPGRAYHOR16?LCD
  +--> ?PR?TP_DRAWLINE?TP

?PR?DEVICES_INIT?MAIN                            -----    -----      -----    -----
  +--> ?PR?MCU_INIT?MAIN
  +--> ?PR?USB_CLOCK_START?USB_CLOCK_START
  +--> ?CO?MAIN
  +--> ?PR?_USB_INIT?USB_API
  +--> ?PR?USB_INT_ENABLE?USB_INT_ENABLE
  +--> ?PR?LCD_INIT?LCD

?PR?_USB_INIT?USB_API                            -----    -----      027FH    0011H
  +--> ?CO?USB_API
  +--> ?PR?USBXCORE_CLKREC?USB_CLOCK_RECOVERY

?PR?LCD_INIT?LCD                                 -----    -----      -----    -----
  +--> ?PR?READDATA?LCD
  +--> ?PR?_DELAY?MAIN
  +--> ?PR?_WRITECOMM?LCD
  +--> ?PR?_WRITEDATA?LCD

?PR?READDATA?LCD                                 -----    -----      -----    -----
  +--> ?PR?_LCD_READ_IC_ID?LCD

?PR?_LCD_READ_IC_ID?LCD                          0066H    0008H      -----    -----

?PR?DISPFRAME?LCD                                005DH    0002H      -----    -----
  +--> ?PR?_?BLOCKWRITE?LCD
  +--> ?PR?_WRITEDISPDATA?LCD

?PR?_STOPDELAY?MAIN                              005DH    0004H      -----    -----
  +--> ?PR?WAITKEY?MAIN
  +--> ?PR?_DELAY?MAIN

?PR?WAITKEY?MAIN                                 -----    -----      -----    -----
  +--> ?PR?CONNTOUSB?MAIN
  +--> ?PR?_DELAY?MAIN

?PR?CONNTOUSB?MAIN                               0061H    0005H      027FH    0058H
  +--> ?CO?MAIN
  +--> ?PR?_WRITECOMM?LCD
  +--> ?PR?_WRITEDATA?LCD
  +--> ?PR?_DISPSTR?LCD
  +--> ?PR?_DISPINT?LCD
  +--> ?PR?_WRITEDISPDATA?LCD
  +--> ?PR?_MMC_SD_WRITESINGLEBLOCK?MMC_SD
  +--> ?PR?_BLOCK_WRITE?BLOCK_WRITE
  +--> ?PR?READDATA?LCD
  +--> ?PR?_DELAY?MAIN

?PR?_DISPSTR?LCD                                 0066H    000BH      -----    -----
  +--> ?PR?_TOORD?LCD
  +--> ?PR?_DISPONECHAR?LCD

BL51 BANKED LINKER/LOCATER V6.22                                                      08/27/2021  13:59:43  PAGE 7


?PR?_DISPONECHAR?LCD                             0071H    000DH      -----    -----
  +--> ?PR?_?BLOCKWRITE?LCD
  +--> ?CO?LCD
  +--> ?PR?_WRITEONEDOT?LCD

?PR?_WRITEONEDOT?LCD                             -----    -----      -----    -----
  +--> ?PR?_WRITEDISPDATA?LCD

?PR?_DISPINT?LCD                                 0066H    000AH      -----    -----
  +--> ?PR?_DISPONECHAR?LCD

?PR?_MMC_SD_WRITESINGLEBLOCK?MMC_SD              0066H    0004H      -----    -----
  +--> ?PR?_MMC_SD_SENDCOMMAND?MMC_SD
  +--> ?PR?_SPI_WRITEBYTE?MMC_SD

?PR?_MMC_SD_SENDCOMMAND?MMC_SD                   006AH    0005H      -----    -----
  +--> ?PR?_SPI_WRITEBYTE?MMC_SD

?PR?_DISPCOLOR?LCD                               005DH    0004H      -----    -----
  +--> ?PR?_?BLOCKWRITE?LCD
  +--> ?PR?_WRITEDISPDATA?LCD

?PR?DISPGRAYHOR16?LCD                            005DH    0004H      -----    -----
  +--> ?PR?_?BLOCKWRITE?LCD
  +--> ?PR?_WRITEDISPDATA?LCD

?PR?TP_DRAWLINE?TP                               -----    -----      027FH    0018H
  +--> ?PR?_DISPCOLOR?LCD
  +--> ?PR?_DELAY?MAIN
  +--> ?PR?_TP_GETPOSITION?TP
  +--> ?PR?_PUTPIXEL?LCD

?PR?_TP_GETPOSITION?TP                           -----    -----      0297H    001BH
  +--> ?PR?_TP_WRITE?TP
  +--> ?PR?TP_READ?TP

?PR?_TP_WRITE?TP                                 -----    -----      02B2H    0001H

?PR?TP_READ?TP                                   -----    -----      02B2H    0005H

?PR?_PUTPIXEL?LCD                                005DH    0002H      -----    -----
  +--> ?PR?_?BLOCKWRITE?LCD
  +--> ?PR?_WRITEDISPDATA?LCD



SYMBOL TABLE OF MODULE:  NV3030A2_CTC24_3W2L (MAIN)

  VALUE           TYPE          NAME
  ----------------------------------

  -------         MODULE        MAIN
  C:0000H         SYMBOL        _ICE_DUMMY_
  D:0080H         PUBLIC        P0
  X:0000H         PUBLIC        f_down
  D:0090H         PUBLIC        P1
  D:00A0H         PUBLIC        P2
BL51 BANKED LINKER/LOCATER V6.22                                                      08/27/2021  13:59:43  PAGE 8


  D:00B0H         PUBLIC        P3
  C:385BH         PUBLIC        USB_MaxPower
  B:00B0H.6       PUBLIC        KEY_STEP
  D:00A4H         PUBLIC        P0MDOUT
  D:00A5H         PUBLIC        P1MDOUT
  D:00A6H         PUBLIC        P2MDOUT
  D:00A7H         PUBLIC        P3MDOUT
  D:00AEH         PUBLIC        P4MDOUT
  B:0080H.6       PUBLIC        OE
  D:00D9H         PUBLIC        PCA0MD
  C:2107H         PUBLIC        USB_API_TEST_ISR
  C:003DH         PUBLIC        Suspend_Device
  C:376DH         PUBLIC        _StopDelay
  D:00E1H         PUBLIC        XBR0
  D:00E2H         PUBLIC        XBR1
  B:00B0H.1       PUBLIC        RS
  C:3860H         PUBLIC        main
  X:0001H         PUBLIC        VerifyCode0
  X:0002H         PUBLIC        VerifyCode1
  C:3825H         PUBLIC        USB_PID
  X:0003H         PUBLIC        VerifyCode2
  D:00F1H         PUBLIC        P0MDIN
  D:00F2H         PUBLIC        P1MDIN
  C:3827H         PUBLIC        USB_MfrStr
  D:00F4H         PUBLIC        P3MDIN
  C:3823H         PUBLIC        USB_VID
  D:00F8H         PUBLIC        SPI0CN
  X:0004H         PUBLIC        pic
  C:34D4H         PUBLIC        Devices_Init
  C:008EH         PUBLIC        ConnToUSB
  D:00A9H         PUBLIC        CLKSEL
  D:00B2H         PUBLIC        OSCICN
  C:385CH         PUBLIC        USB_PwAttributes
  C:3BB1H         PUBLIC        WaitKey
  C:385FH         SYMBOL        _?ix1000
  B:00B0H.0       PUBLIC        CS0
  X:0005H         PUBLIC        bf
  C:385DH         PUBLIC        USB_bcdDevice
  D:00B9H         PUBLIC        CLKMUL
  X:0007H         PUBLIC        f_debug
  X:0008H         PUBLIC        sd
  X:02D7H         PUBLIC        Packet
  C:38F0H         PUBLIC        MCU_Init
  B:0080H.7       PUBLIC        DIR
  D:00EFH         PUBLIC        RSTSRC
  X:000CH         PUBLIC        f_read
  C:3851H         PUBLIC        USB_SerialStr
  X:000DH         PUBLIC        f_other
  C:3841H         PUBLIC        USB_ProductStr
  X:000EH         PUBLIC        f_para
  D:00A1H         PUBLIC        SPI0CFG
  C:3B1CH         PUBLIC        _Delay
  B:00B0H.7       PUBLIC        KEY_Stop
  X:000FH         PUBLIC        f_init
  -------         PROC          MAIN
  C:3860H         LINE#         40
  C:3860H         LINE#         41
BL51 BANKED LINKER/LOCATER V6.22                                                      08/27/2021  13:59:43  PAGE 9


  C:3860H         LINE#         61
  C:3863H         LINE#         63
  C:3866H         LINE#         64
  C:3866H         LINE#         67
  C:386CH         LINE#         68
  C:3876H         LINE#         70
  C:3880H         LINE#         71
  C:388AH         LINE#         72
  C:3894H         LINE#         74
  C:389AH         LINE#         75
  C:38A3H         LINE#         79
  C:38A6H         LINE#         81
  C:38A8H         LINE#         82
  -------         ENDPROC       MAIN
  -------         PROC          _DELAY
  D:0006H         SYMBOL        dly
  -------         DO            
  D:0004H         SYMBOL        i
  D:0002H         SYMBOL        j
  -------         ENDDO         
  C:3B1CH         LINE#         85
  C:3B1CH         LINE#         86
  C:3B1CH         LINE#         89
  C:3B26H         LINE#         90
  C:3B3AH         LINE#         91
  -------         ENDPROC       _DELAY
  C:3769H         SYMBOL        L?0133
  -------         PROC          L?0132
  -------         ENDPROC       L?0132
  C:3769H         SYMBOL        L?0133
  -------         PROC          _STOPDELAY
  X:005DH         SYMBOL        sdly
  -------         DO            
  D:0006H         SYMBOL        i
  D:0004H         SYMBOL        j
  X:005FH         SYMBOL        k
  -------         ENDDO         
  C:376DH         LINE#         93
  C:3774H         LINE#         94
  C:3774H         LINE#         96
  C:3779H         LINE#         97
  C:3779H         LINE#         98
  C:377CH         LINE#         99
  C:377CH         LINE#         100
  C:3789H         LINE#         101
  C:379DH         LINE#         102
  C:379DH         LINE#         104
  C:379DH         LINE#         105
  C:37A7H         LINE#         106
  C:37A7H         LINE#         107
  C:37BDH         LINE#         108
  -------         ENDPROC       _STOPDELAY
  -------         PROC          WAITKEY
  C:3BB1H         LINE#         137
  C:3BB1H         LINE#         138
  C:3BB1H         LINE#         140
  C:3BB4H         LINE#         141
BL51 BANKED LINKER/LOCATER V6.22                                                      08/27/2021  13:59:43  PAGE 10


  C:3BB4H         LINE#         143
  C:3BB7H         LINE#         145
  C:3BB9H         LINE#         146
  C:3BC0H         LINE#         147
  C:3BC3H         LINE#         149
  -------         ENDPROC       WAITKEY
  -------         PROC          CONNTOUSB
  -------         DO            
  X:0061H         SYMBOL        i
  X:027FH         SYMBOL        reg_data
  X:0297H         SYMBOL        para_data
  D:0007H         SYMBOL        dat
  X:0062H         SYMBOL        reg_index
  X:0064H         SYMBOL        data_num
  X:0065H         SYMBOL        st
  -------         ENDDO         
  C:008EH         LINE#         155
  C:008EH         LINE#         156
  C:008EH         LINE#         163
  C:00A1H         LINE#         165
  C:00A9H         LINE#         166
  C:00A9H         LINE#         167
  C:00B7H         LINE#         168
  C:00B7H         LINE#         169
  C:00C8H         LINE#         170
  C:00C8H         LINE#         171
  C:00EEH         LINE#         172
  C:00F0H         LINE#         173
  C:0104H         LINE#         174
  C:0104H         LINE#         175
  C:012AH         LINE#         177
  C:012AH         LINE#         178
  C:012AH         LINE#         179
  C:012AH         LINE#         181
  C:012AH         LINE#         182
  C:0132H         LINE#         183
  C:013CH         LINE#         184
  C:0146H         LINE#         186
  C:0162H         LINE#         188
  C:016CH         LINE#         189
  C:016CH         LINE#         190
  C:017DH         LINE#         191
  C:017DH         LINE#         192
  C:018EH         LINE#         193
  C:018EH         LINE#         194
  C:01E1H         LINE#         195
  C:01E3H         LINE#         196
  C:01F9H         LINE#         197
  C:01F9H         LINE#         198
  C:024BH         LINE#         199
  C:024BH         LINE#         200
  C:024BH         LINE#         201
  C:024BH         LINE#         203
  C:024BH         LINE#         204
  C:0253H         LINE#         205
  C:0253H         LINE#         206
  C:025DH         LINE#         207
BL51 BANKED LINKER/LOCATER V6.22                                                      08/27/2021  13:59:43  PAGE 11


  C:0267H         LINE#         209
  C:026BH         LINE#         210
  C:026EH         LINE#         214
  C:0276H         LINE#         215
  C:0276H         LINE#         216
  C:0285H         LINE#         217
  C:0285H         LINE#         218
  C:0287H         LINE#         220
  C:0289H         LINE#         221
  C:02A5H         LINE#         222
  C:02A7H         LINE#         224
  C:02D0H         LINE#         225
  C:02F4H         LINE#         226
  C:02FEH         LINE#         227
  C:02FEH         LINE#         228
  C:0306H         LINE#         229
  C:030DH         LINE#         230
  C:0318H         LINE#         231
  C:031EH         LINE#         232
  C:031EH         LINE#         233
  C:0327H         LINE#         235
  C:032BH         LINE#         236
  C:0337H         LINE#         237
  C:033AH         LINE#         240
  C:0342H         LINE#         241
  C:0342H         LINE#         242
  C:034BH         LINE#         243
  C:034BH         LINE#         244
  C:035BH         LINE#         245
  C:035BH         LINE#         246
  C:035DH         LINE#         248
  C:035FH         LINE#         249
  C:037BH         LINE#         250
  C:037DH         LINE#         252
  C:03A6H         LINE#         253
  C:03CAH         LINE#         255
  C:03D4H         LINE#         256
  C:03D4H         LINE#         257
  C:03DCH         LINE#         258
  C:03E3H         LINE#         259
  C:03EEH         LINE#         260
  C:03F4H         LINE#         261
  C:03F4H         LINE#         263
  C:03FDH         LINE#         269
  C:03FDH         LINE#         270
  C:040AH         LINE#         271
  C:040AH         LINE#         272
  C:040CH         LINE#         274
  C:040EH         LINE#         275
  C:042AH         LINE#         276
  C:042CH         LINE#         278
  C:0434H         LINE#         279
  C:0438H         LINE#         280
  C:0444H         LINE#         281
  C:0444H         LINE#         282
  C:0447H         LINE#         285
  C:044FH         LINE#         286
BL51 BANKED LINKER/LOCATER V6.22                                                      08/27/2021  13:59:43  PAGE 12


  C:044FH         LINE#         287
  C:0460H         LINE#         288
  C:0460H         LINE#         289
  C:046DH         LINE#         290
  C:046DH         LINE#         291
  C:048BH         LINE#         292
  C:048DH         LINE#         293
  C:049DH         LINE#         294
  C:049DH         LINE#         295
  C:04BBH         LINE#         296
  C:04BDH         LINE#         297
  C:04CEH         LINE#         298
  C:04CEH         LINE#         299
  C:04D8H         LINE#         300
  C:04E2H         LINE#         301
  C:04E2H         LINE#         302
  C:04E2H         LINE#         303
  C:04E2H         LINE#         305
  C:04E2H         LINE#         306
  C:04EBH         LINE#         307
  C:04EFH         LINE#         308
  C:04FBH         LINE#         309
  C:04FEH         LINE#         312
  C:0506H         LINE#         313
  C:0506H         LINE#         314
  C:0513H         LINE#         315
  C:0524H         LINE#         317
  C:052DH         LINE#         318
  C:053CH         LINE#         320
  C:0544H         LINE#         321
  C:0544H         LINE#         322
  C:054DH         LINE#         323
  C:055CH         LINE#         324
  C:055CH         LINE#         325
  C:055FH         LINE#         326
  C:056EH         LINE#         327
  C:057AH         LINE#         328
  C:0580H         LINE#         329
  C:0580H         LINE#         331
  C:0584H         LINE#         332
  C:0593H         LINE#         334
  C:059AH         LINE#         335
  C:05B6H         LINE#         336
  C:05C0H         LINE#         337
  C:05C0H         LINE#         338
  C:05E6H         LINE#         339
  C:05F9H         LINE#         340
  C:05F9H         LINE#         341
  C:064BH         LINE#         342
  C:0653H         LINE#         343
  C:0653H         LINE#         344
  C:0653H         LINE#         347
  C:0658H         LINE#         348
  C:0658H         LINE#         349
  C:0665H         LINE#         350
  C:0676H         LINE#         352
  C:067CH         LINE#         353
BL51 BANKED LINKER/LOCATER V6.22                                                      08/27/2021  13:59:43  PAGE 13


  C:0680H         LINE#         354
  C:0683H         LINE#         355
  C:0687H         LINE#         357
  C:068BH         LINE#         358
  C:0697H         LINE#         359
  C:0699H         LINE#         360
  -------         ENDPROC       CONNTOUSB
  -------         PROC          MCU_INIT
  -------         DO            
  D:0007H         SYMBOL        n
  -------         ENDDO         
  C:38F0H         LINE#         363
  C:38F0H         LINE#         364
  C:38F0H         LINE#         366
  C:38F3H         LINE#         369
  C:38F6H         LINE#         370
  C:38F9H         LINE#         372
  C:38FCH         LINE#         374
  C:3902H         LINE#         376
  C:3905H         LINE#         377
  C:390AH         LINE#         378
  C:390DH         LINE#         380
  C:3910H         LINE#         383
  C:3913H         LINE#         384
  C:3916H         LINE#         386
  C:3919H         LINE#         387
  C:391CH         LINE#         389
  C:391FH         LINE#         390
  C:3922H         LINE#         392
  C:3925H         LINE#         393
  C:3928H         LINE#         394
  C:392AH         LINE#         395
  C:392CH         LINE#         397
  C:392FH         LINE#         398
  C:3932H         LINE#         400
  -------         ENDPROC       MCU_INIT
  -------         PROC          DEVICES_INIT
  C:34D4H         LINE#         402
  C:34D4H         LINE#         403
  C:34D4H         LINE#         405
  C:34D7H         LINE#         408
  C:34DAH         LINE#         409
  C:3534H         LINE#         410
  C:3537H         LINE#         413
  C:353AH         LINE#         414
  C:353DH         LINE#         422
  -------         ENDPROC       DEVICES_INIT
  -------         PROC          SUSPEND_DEVICE
  C:003DH         LINE#         426
  C:003DH         LINE#         427
  C:003DH         LINE#         428
  -------         ENDPROC       SUSPEND_DEVICE
  -------         PROC          USB_API_TEST_ISR
  -------         DO            
  X:005BH         SYMBOL        INTVAL
  -------         ENDDO         
  C:2107H         LINE#         432
BL51 BANKED LINKER/LOCATER V6.22                                                      08/27/2021  13:59:43  PAGE 14


  C:2124H         LINE#         434
  C:212BH         LINE#         436
  C:2131H         LINE#         437
  C:2131H         LINE#         438
  C:213CH         LINE#         440
  C:2158H         LINE#         441
  C:2158H         LINE#         442
  C:215AH         LINE#         443
  C:215CH         LINE#         444
  C:2172H         LINE#         445
  C:2172H         LINE#         446
  C:2174H         LINE#         447
  C:2176H         LINE#         448
  C:218EH         LINE#         449
  C:218EH         LINE#         450
  C:2190H         LINE#         451
  C:2192H         LINE#         452
  C:21ACH         LINE#         453
  C:21ACH         LINE#         454
  C:21AEH         LINE#         455
  C:21B0H         LINE#         456
  C:21C5H         LINE#         457
  C:21C5H         LINE#         458
  C:21C7H         LINE#         459
  C:21C9H         LINE#         461
  C:21C9H         LINE#         462
  C:21CEH         LINE#         463
  C:21CEH         LINE#         464
  C:21CEH         LINE#         466
  C:21CEH         LINE#         467
  C:21CEH         LINE#         469
  C:21CEH         LINE#         471
  C:21D4H         LINE#         472
  C:21D4H         LINE#         473
  C:21D7H         LINE#         474
  C:21D7H         LINE#         476
  C:21DDH         LINE#         477
  C:21DDH         LINE#         478
  C:21E0H         LINE#         479
  C:21E0H         LINE#         481
  C:21E6H         LINE#         482
  C:21E6H         LINE#         483
  C:2202H         LINE#         484
  C:2202H         LINE#         486
  C:2208H         LINE#         487
  C:2208H         LINE#         488
  C:220DH         LINE#         489
  C:2229H         LINE#         490
  C:2229H         LINE#         491
  -------         ENDPROC       USB_API_TEST_ISR
  -------         ENDMOD        MAIN

  -------         MODULE        MMC_SD
  C:0000H         SYMBOL        _ICE_DUMMY_
  D:00A2H         PUBLIC        SPI0CKR
  D:0080H         PUBLIC        P0
  D:0090H         PUBLIC        P1
BL51 BANKED LINKER/LOCATER V6.22                                                      08/27/2021  13:59:43  PAGE 15


  D:00A0H         PUBLIC        P2
  D:00B0H         PUBLIC        P3
  C:3379H         PUBLIC        _MMC_SD_SendCommand
  C:3540H         PUBLIC        _MMC_SD_ReadSingleBlock
  C:3BC4H         PUBLIC        SD_Init
  C:3286H         PUBLIC        _MMC_SD_WriteSingleBlock
  B:00F8H.7       PUBLIC        SPIF
  B:00F8H.2       PUBLIC        NSSMD0
  C:2952H         PUBLIC        MMC_SD_Reset
  D:00A9H         PUBLIC        CLKSEL
  C:3BEFH         PUBLIC        SPI_ReadByte
  C:3B7DH         PUBLIC        _SPI_WriteByte
  D:00A3H         PUBLIC        SPI0DAT
  X:007FH         PUBLIC        buffer
  C:3B71H         SYMBOL        L?0062
  C:3B76H         SYMBOL        L?0063
  -------         PROC          L?0061
  -------         ENDPROC       L?0061
  C:3B71H         SYMBOL        L?0062
  C:3B76H         SYMBOL        L?0063
  -------         PROC          _SPI_WRITEBYTE
  D:0007H         SYMBOL        val
  -------         DO            
  D:0007H         SYMBOL        ret
  -------         ENDDO         
  C:3B7DH         LINE#         7
  C:3B7DH         LINE#         8
  C:3B7DH         LINE#         11
  C:3B7FH         LINE#         12
  C:3B82H         LINE#         13
  C:3B84H         LINE#         14
  C:3B86H         LINE#         15
  C:3B86H         LINE#         16
  -------         ENDPROC       _SPI_WRITEBYTE
  -------         PROC          SPI_READBYTE
  -------         DO            
  D:0007H         SYMBOL        ret
  -------         ENDDO         
  C:3BEFH         LINE#         18
  C:3BEFH         LINE#         19
  C:3BEFH         LINE#         22
  C:3BF2H         LINE#         23
  C:3BF5H         LINE#         24
  C:3BF7H         LINE#         25
  C:3BF9H         LINE#         26
  C:3BF9H         LINE#         27
  -------         ENDPROC       SPI_READBYTE
  -------         PROC          _MMC_SD_SENDCOMMAND
  D:0006H         SYMBOL        cmd
  X:006BH         SYMBOL        arg
  -------         DO            
  D:0007H         SYMBOL        r1
  D:0003H         SYMBOL        retry
  -------         ENDDO         
  C:3379H         LINE#         29
  C:337BH         LINE#         30
  C:337BH         LINE#         32
BL51 BANKED LINKER/LOCATER V6.22                                                      08/27/2021  13:59:43  PAGE 16


  C:337DH         LINE#         34
  C:337DH         LINE#         35
  C:337DH         LINE#         36
  C:3380H         LINE#         37
  C:3380H         LINE#         38
  C:3380H         LINE#         39
  C:3383H         LINE#         41
  C:3385H         LINE#         43
  C:338CH         LINE#         44
  C:33A1H         LINE#         45
  C:33B6H         LINE#         46
  C:33CBH         LINE#         47
  C:33D5H         LINE#         48
  C:33DAH         LINE#         50
  C:33E2H         LINE#         51
  C:33EBH         LINE#         53
  C:33EDH         LINE#         55
  C:33EDH         LINE#         56
  -------         ENDPROC       _MMC_SD_SENDCOMMAND
  -------         PROC          MMC_SD_RESET
  -------         DO            
  D:0005H         SYMBOL        i
  D:0002H         SYMBOL        retry
  D:0006H         SYMBOL        r1
  -------         ENDDO         
  C:2952H         LINE#         58
  C:2952H         LINE#         59
  C:2952H         LINE#         62
  C:2954H         LINE#         64
  C:2955H         LINE#         65
  C:2958H         LINE#         66
  C:295BH         LINE#         68
  C:295BH         LINE#         69
  C:2967H         LINE#         70
  C:2977H         LINE#         71
  C:2978H         LINE#         72
  C:297EH         LINE#         73
  C:2982H         LINE#         75
  C:2984H         LINE#         77
  C:2984H         LINE#         79
  C:2984H         LINE#         80
  C:2994H         LINE#         81
  C:2995H         LINE#         82
  C:299EH         LINE#         83
  C:29A2H         LINE#         85
  C:29A4H         LINE#         86
  C:29B4H         LINE#         87
  C:29B5H         LINE#         88
  C:29BEH         LINE#         89
  C:29C1H         LINE#         91
  C:29C4H         LINE#         92
  C:29C4H         LINE#         93
  C:29C6H         LINE#         95
  C:29C6H         LINE#         96
  C:29D6H         LINE#         97
  C:29D7H         LINE#         98
  C:29E0H         LINE#         99
BL51 BANKED LINKER/LOCATER V6.22                                                      08/27/2021  13:59:43  PAGE 17


  C:29E3H         LINE#         100
  C:29E3H         LINE#         101
  C:29F3H         LINE#         103
  C:2A01H         LINE#         104
  C:2A04H         LINE#         105
  C:2A07H         LINE#         106
  C:2A08H         LINE#         107
  -------         ENDPROC       MMC_SD_RESET
  -------         PROC          _MMC_SD_READSINGLEBLOCK
  X:0010H         SYMBOL        sector
  -------         DO            
  D:0007H         SYMBOL        r1
  D:0004H         SYMBOL        i
  D:0002H         SYMBOL        retry
  -------         ENDDO         
  C:3540H         LINE#         109
  C:3545H         LINE#         110
  C:3545H         LINE#         113
  C:3547H         LINE#         115
  C:354AH         LINE#         117
  C:354AH         LINE#         118
  C:3566H         LINE#         119
  C:3567H         LINE#         120
  C:3570H         LINE#         121
  C:3573H         LINE#         124
  C:3575H         LINE#         126
  C:357BH         LINE#         128
  C:357EH         LINE#         129
  C:357EH         LINE#         130
  C:358DH         LINE#         131
  C:359AH         LINE#         133
  C:359AH         LINE#         134
  C:359DH         LINE#         136
  C:359FH         LINE#         137
  C:35A2H         LINE#         138
  C:35A3H         LINE#         139
  -------         ENDPROC       _MMC_SD_READSINGLEBLOCK
  -------         PROC          _MMC_SD_WRITESINGLEBLOCK
  X:0066H         SYMBOL        sector
  -------         DO            
  D:0006H         SYMBOL        r1
  D:0004H         SYMBOL        i
  D:0002H         SYMBOL        retry
  -------         ENDDO         
  C:3286H         LINE#         141
  C:328BH         LINE#         142
  C:328BH         LINE#         145
  C:328DH         LINE#         147
  C:3290H         LINE#         149
  C:3290H         LINE#         150
  C:32AEH         LINE#         151
  C:32AFH         LINE#         152
  C:32B8H         LINE#         153
  C:32BBH         LINE#         157
  C:32BDH         LINE#         159
  C:32C2H         LINE#         161
  C:32C7H         LINE#         163
BL51 BANKED LINKER/LOCATER V6.22                                                      08/27/2021  13:59:43  PAGE 18


  C:32C9H         LINE#         164
  C:32C9H         LINE#         165
  C:32D8H         LINE#         166
  C:32E5H         LINE#         168
  C:32E5H         LINE#         169
  C:32E5H         LINE#         171
  C:32EAH         LINE#         173
  C:32F1H         LINE#         174
  C:32F1H         LINE#         175
  C:32F3H         LINE#         176
  C:32F4H         LINE#         177
  C:32F4H         LINE#         179
  C:32FCH         LINE#         181
  C:32FEH         LINE#         182
  C:3301H         LINE#         183
  C:3302H         LINE#         184
  -------         ENDPROC       _MMC_SD_WRITESINGLEBLOCK
  -------         PROC          SD_INIT
  -------         DO            
  D:0001H         SYMBOL        n
  -------         ENDDO         
  C:3BC4H         LINE#         187
  C:3BC4H         LINE#         188
  C:3BC4H         LINE#         189
  C:3BC6H         LINE#         191
  C:3BCCH         LINE#         192
  C:3BCCH         LINE#         193
  C:3BCDH         LINE#         194
  C:3BD4H         LINE#         196
  -------         ENDPROC       SD_INIT
  -------         ENDMOD        MMC_SD

  -------         MODULE        LCD
  C:0000H         SYMBOL        _ICE_DUMMY_
  D:0080H         PUBLIC        P0
  C:2C1DH         PUBLIC        DispFrame
  D:0090H         PUBLIC        P1
  C:2CC7H         PUBLIC        DispScaleVer_Green
  D:00A0H         PUBLIC        P2
  D:00B0H         PUBLIC        P3
  C:1E26H         PUBLIC        DispBand
  C:39B0H         PUBLIC        _WriteData
  C:069AH         PUBLIC        ascii
  C:1670H         PUBLIC        _LCD_Read_IC_ID
  D:00A6H         PUBLIC        P2MDOUT
  C:0046H         PUBLIC        _DispColor
  C:3178H         PUBLIC        DispScaleVer_Blue
  C:305CH         PUBLIC        _DrawGird
  C:3200H         PUBLIC        _DrawLine
  B:00D0H.7       PUBLIC        CY
  C:39DFH         PUBLIC        _WriteComm
  C:3948H         PUBLIC        _WriteDispData
  C:2FC9H         PUBLIC        DispScaleVer_Gray
  B:00B0H.1       PUBLIC        RS
  B:00A0H.1       PUBLIC        SPI_CLK
  C:2F36H         PUBLIC        DispScaleVer_Red
  D:00F3H         PUBLIC        P2MDIN
BL51 BANKED LINKER/LOCATER V6.22                                                      08/27/2021  13:59:43  PAGE 19


  C:237BH         PUBLIC        DispScaleVer
  C:35A4H         PUBLIC        _DispPic
  C:28B7H         PUBLIC        _DispOneChar
  C:3303H         PUBLIC        DispGrayHor32
  C:2E05H         PUBLIC        DispGrayHor16
  C:2A09H         PUBLIC        _DispInt
  C:37BEH         PUBLIC        _PutPixel
  D:00A9H         PUBLIC        CLKSEL
  B:0090H.6       PUBLIC        RD0
  B:00B0H.0       PUBLIC        CS0
  X:0059H         PUBLIC        LCM_ID
  C:11DFH         PUBLIC        LCD_Init
  C:2EA0H         PUBLIC        _DispStr
  B:0090H.7       PUBLIC        WR0
  C:18A2H         PUBLIC        DispScaleHor1
  B:00A0H.0       PUBLIC        SPI_DI
  C:3BFAH         PUBLIC        _WriteOneDot
  C:1ACAH         PUBLIC        DispScaleHor2
  C:26D1H         PUBLIC        _DispPicFromSD
  B:0080H.7       PUBLIC        DIR
  C:3605H         PUBLIC        _ToOrd
  B:0080H.5       PUBLIC        RST
  C:3B87H         PUBLIC        ReadData
  C:2D83H         PUBLIC        _?BlockWrite
  -------         PROC          _LCD_READ_IC_ID
  X:0066H         SYMBOL        ID
  D:0004H         SYMBOL        Bug
  D:0003H         SYMBOL        flog
  -------         DO            
  X:0067H         SYMBOL        id
  X:0069H         SYMBOL        id1
  X:006BH         SYMBOL        temp
  D:0005H         SYMBOL        i
  D:0007H         SYMBOL        dat
  D:0001H         SYMBOL        id2
  X:006DH         SYMBOL        id3
  D:0002H         SYMBOL        id4
  -------         ENDDO         
  C:1670H         LINE#         35
  C:1674H         LINE#         36
  C:1674H         LINE#         40
  C:167CH         LINE#         41
  C:167CH         LINE#         43
  C:167EH         LINE#         44
  C:1680H         LINE#         45
  C:1682H         LINE#         47
  C:1685H         LINE#         48
  C:1687H         LINE#         49
  C:1689H         LINE#         50
  C:168BH         LINE#         53
  C:168EH         LINE#         54
  C:1691H         LINE#         55
  C:1694H         LINE#         56
  C:1696H         LINE#         57
  C:1698H         LINE#         58
  C:169AH         LINE#         63
  C:16A4H         LINE#         65
BL51 BANKED LINKER/LOCATER V6.22                                                      08/27/2021  13:59:43  PAGE 20


  C:16AAH         LINE#         66
  C:16B2H         LINE#         68
  C:16B8H         LINE#         69
  C:16BEH         LINE#         70
  C:16C8H         LINE#         72
  C:16CEH         LINE#         73
  C:16D0H         LINE#         75
  C:16D6H         LINE#         77
  C:16DCH         LINE#         78
  C:16E6H         LINE#         80
  C:16ECH         LINE#         81
  C:16F1H         LINE#         83
  C:16F7H         LINE#         85
  C:1701H         LINE#         86
  C:170BH         LINE#         88
  C:1711H         LINE#         89
  C:1713H         LINE#         91
  C:1723H         LINE#         92
  C:172DH         LINE#         94
  C:1730H         LINE#         95
  C:1734H         LINE#         96
  C:1734H         LINE#         97
  C:173DH         LINE#         98
  C:1743H         LINE#         99
  C:1743H         LINE#         100
  C:174DH         LINE#         101
  C:174FH         LINE#         102
  C:1753H         LINE#         103
  C:1753H         LINE#         104
  C:1762H         LINE#         105
  C:1762H         LINE#         108
  C:1762H         LINE#         109
  C:176BH         LINE#         110
  C:176BH         LINE#         112
  C:176EH         LINE#         113
  C:1772H         LINE#         114
  C:1774H         LINE#         115
  C:1776H         LINE#         116
  C:1778H         LINE#         117
  C:1778H         LINE#         118
  C:177AH         LINE#         119
  C:1782H         LINE#         120
  C:1784H         LINE#         122
  C:1786H         LINE#         123
  C:178AH         LINE#         124
  C:178FH         LINE#         125
  C:1792H         LINE#         128
  C:179CH         LINE#         129
  C:179CH         LINE#         130
  C:179EH         LINE#         131
  C:179EH         LINE#         132
  C:17A0H         LINE#         133
  C:17A2H         LINE#         134
  C:17A4H         LINE#         135
  C:17BBH         LINE#         136
  C:17BDH         LINE#         137
  C:17BFH         LINE#         138
BL51 BANKED LINKER/LOCATER V6.22                                                      08/27/2021  13:59:43  PAGE 21


  C:17C6H         LINE#         139
  C:17D0H         LINE#         140
  C:17D0H         LINE#         141
  C:17D2H         LINE#         142
  C:17D2H         LINE#         143
  C:17D4H         LINE#         144
  C:17D6H         LINE#         145
  C:17D8H         LINE#         146
  C:17EFH         LINE#         147
  C:17F1H         LINE#         148
  C:17F3H         LINE#         149
  C:17F8H         LINE#         150
  C:17F8H         LINE#         152
  C:17FAH         LINE#         153
  C:17FAH         LINE#         154
  C:17FCH         LINE#         155
  C:17FEH         LINE#         156
  C:1800H         LINE#         157
  C:1817H         LINE#         158
  C:1819H         LINE#         159
  C:181BH         LINE#         160
  C:1820H         LINE#         162
  C:1822H         LINE#         163
  C:1822H         LINE#         164
  C:1824H         LINE#         165
  C:1826H         LINE#         166
  C:1828H         LINE#         167
  C:1832H         LINE#         168
  C:1834H         LINE#         169
  C:1836H         LINE#         170
  C:183BH         LINE#         172
  C:183DH         LINE#         173
  C:183DH         LINE#         174
  C:183FH         LINE#         175
  C:1841H         LINE#         176
  C:1843H         LINE#         177
  C:184FH         LINE#         178
  C:1851H         LINE#         179
  C:1853H         LINE#         180
  C:1858H         LINE#         181
  C:185BH         LINE#         182
  C:185DH         LINE#         183
  C:185FH         LINE#         184
  C:1861H         LINE#         185
  C:1863H         LINE#         186
  C:1865H         LINE#         187
  C:1867H         LINE#         189
  C:186BH         LINE#         190
  C:186BH         LINE#         191
  C:187BH         LINE#         193
  C:1886H         LINE#         194
  C:1886H         LINE#         195
  C:1886H         LINE#         197
  C:188CH         LINE#         198
  C:188CH         LINE#         199
  C:1898H         LINE#         200
  C:1898H         LINE#         202
BL51 BANKED LINKER/LOCATER V6.22                                                      08/27/2021  13:59:43  PAGE 22


  C:1898H         LINE#         203
  C:189AH         LINE#         204
  C:18A1H         LINE#         205
  -------         ENDPROC       _LCD_READ_IC_ID
  -------         PROC          _WRITECOMM
  D:0004H         SYMBOL        i
  -------         DO            
  D:0003H         SYMBOL        j
  X:007EH         SYMBOL        DataH
  -------         ENDDO         
  C:39DFH         LINE#         208
  C:39E3H         LINE#         209
  C:39E3H         LINE#         211
  C:39E7H         LINE#         212
  C:39E9H         LINE#         259
  C:39E9H         LINE#         260
  C:39EBH         LINE#         261
  C:39EDH         LINE#         262
  C:39EFH         LINE#         263
  C:39F1H         LINE#         264
  C:39F1H         LINE#         265
  C:39F5H         LINE#         266
  C:39F9H         LINE#         268
  C:39FBH         LINE#         269
  C:3A02H         LINE#         270
  C:3A04H         LINE#         271
  C:3A06H         LINE#         272
  C:3A0BH         LINE#         273
  C:3A0BH         LINE#         319
  C:3A0DH         LINE#         320
  -------         ENDPROC       _WRITECOMM
  -------         PROC          L?0464
  -------         ENDPROC       L?0464
  -------         PROC          _WRITEDATA
  D:0004H         SYMBOL        i
  -------         DO            
  D:0003H         SYMBOL        j
  X:007EH         SYMBOL        DataH
  -------         ENDDO         
  C:39B0H         LINE#         322
  C:39B4H         LINE#         323
  C:39B4H         LINE#         325
  C:39B8H         LINE#         326
  C:39BAH         LINE#         420
  C:39BAH         LINE#         449
  C:39BCH         LINE#         450
  C:39BEH         LINE#         451
  C:39C0H         LINE#         452
  C:39C2H         LINE#         453
  C:39C2H         LINE#         454
  C:39C6H         LINE#         455
  C:39CAH         LINE#         457
  C:39CCH         LINE#         458
  C:39D3H         LINE#         459
  C:39D5H         LINE#         460
  C:39D7H         LINE#         462
  C:39DCH         LINE#         464
BL51 BANKED LINKER/LOCATER V6.22                                                      08/27/2021  13:59:43  PAGE 23


  C:39DCH         LINE#         513
  C:39DEH         LINE#         514
  -------         ENDPROC       _WRITEDATA
  C:3933H         SYMBOL        L?0463
  -------         PROC          L?0462
  -------         ENDPROC       L?0462
  C:3933H         SYMBOL        L?0463
  -------         PROC          _WRITEDISPDATA
  D:0007H         SYMBOL        DataH
  D:0005H         SYMBOL        DataL
  -------         DO            
  D:0006H         SYMBOL        j
  -------         ENDDO         
  C:3948H         LINE#         516
  C:3948H         LINE#         517
  C:3948H         LINE#         519
  C:394AH         LINE#         577
  C:394AH         LINE#         578
  C:394CH         LINE#         579
  C:394EH         LINE#         580
  C:3950H         LINE#         581
  C:3952H         LINE#         582
  C:3954H         LINE#         583
  C:3954H         LINE#         584
  C:395AH         LINE#         585
  C:3960H         LINE#         586
  C:3966H         LINE#         587
  C:396CH         LINE#         588
  C:3971H         LINE#         590
  C:3971H         LINE#         638
  C:3973H         LINE#         639
  -------         ENDPROC       _WRITEDISPDATA
  -------         PROC          _WRITEONEDOT
  D:0004H         SYMBOL        color
  C:3BFAH         LINE#         641
  C:3BFEH         LINE#         642
  C:3BFEH         LINE#         655
  -------         ENDPROC       _WRITEONEDOT
  -------         PROC          LCD_INIT
  C:11DFH         LINE#         664
  C:11DFH         LINE#         665
  C:11DFH         LINE#         666
  C:11E2H         LINE#         669
  C:11E4H         LINE#         670
  C:11EBH         LINE#         672
  C:11EDH         LINE#         673
  C:11F4H         LINE#         675
  C:11F6H         LINE#         676
  C:11FDH         LINE#         4875
  C:1204H         LINE#         4876
  C:1209H         LINE#         4877
  C:120EH         LINE#         4880
  C:1213H         LINE#         4881
  C:1218H         LINE#         4883
  C:121DH         LINE#         4884
  C:1222H         LINE#         4886
  C:1227H         LINE#         4887
BL51 BANKED LINKER/LOCATER V6.22                                                      08/27/2021  13:59:43  PAGE 24


  C:122CH         LINE#         4889
  C:1231H         LINE#         4890
  C:1236H         LINE#         4891
  C:123BH         LINE#         4892
  C:1240H         LINE#         4893
  C:1245H         LINE#         4895
  C:124AH         LINE#         4896
  C:124FH         LINE#         4897
  C:1254H         LINE#         4898
  C:1259H         LINE#         4900
  C:125EH         LINE#         4901
  C:1263H         LINE#         4902
  C:1268H         LINE#         4903
  C:126DH         LINE#         4905
  C:1272H         LINE#         4906
  C:1277H         LINE#         4907
  C:127CH         LINE#         4908
  C:1281H         LINE#         4910
  C:1286H         LINE#         4911
  C:128BH         LINE#         4912
  C:1290H         LINE#         4913
  C:1295H         LINE#         4914
  C:129AH         LINE#         4916
  C:129FH         LINE#         4917
  C:12A4H         LINE#         4919
  C:12A9H         LINE#         4920
  C:12AEH         LINE#         4922
  C:12B3H         LINE#         4923
  C:12B8H         LINE#         4924
  C:12BDH         LINE#         4925
  C:12C2H         LINE#         4926
  C:12C7H         LINE#         4927
  C:12CCH         LINE#         4930
  C:12D1H         LINE#         4931
  C:12D6H         LINE#         4932
  C:12DBH         LINE#         4933
  C:12E0H         LINE#         4934
  C:12E5H         LINE#         4938
  C:12EAH         LINE#         4939
  C:12EFH         LINE#         4940
  C:12F2H         LINE#         4941
  C:12F7H         LINE#         4942
  C:12FCH         LINE#         4943
  C:1300H         LINE#         4944
  C:1305H         LINE#         4945
  C:130AH         LINE#         4946
  C:130FH         LINE#         4947
  C:1314H         LINE#         4948
  C:1319H         LINE#         4949
  C:131EH         LINE#         4950
  C:1323H         LINE#         4951
  C:1326H         LINE#         4952
  C:132BH         LINE#         4953
  C:132EH         LINE#         4954
  C:1333H         LINE#         4955
  C:1337H         LINE#         4956
  C:133CH         LINE#         4957
BL51 BANKED LINKER/LOCATER V6.22                                                      08/27/2021  13:59:43  PAGE 25


  C:1341H         LINE#         4958
  C:1346H         LINE#         4959
  C:134BH         LINE#         4960
  C:1350H         LINE#         4961
  C:1355H         LINE#         4962
  C:135AH         LINE#         4963
  C:135FH         LINE#         4964
  C:1364H         LINE#         4965
  C:1369H         LINE#         4966
  C:136EH         LINE#         4967
  C:1373H         LINE#         4968
  C:1378H         LINE#         4969
  C:137DH         LINE#         4970
  C:1382H         LINE#         4971
  C:1387H         LINE#         4972
  C:138CH         LINE#         4973
  C:1391H         LINE#         4974
  C:1396H         LINE#         4975
  C:139AH         LINE#         4977
  C:139FH         LINE#         4978
  C:13A4H         LINE#         4979
  C:13A9H         LINE#         4980
  C:13ACH         LINE#         4981
  C:13B1H         LINE#         4982
  C:13B6H         LINE#         4983
  C:13BBH         LINE#         4985
  C:13C0H         LINE#         4986
  C:13C5H         LINE#         4987
  C:13CAH         LINE#         4988
  C:13CFH         LINE#         4990
  C:13D4H         LINE#         4991
  C:13D9H         LINE#         4993
  C:13DEH         LINE#         4994
  C:13E3H         LINE#         4995
  C:13E8H         LINE#         4996
  C:13EDH         LINE#         4997
  C:13F0H         LINE#         4999
  C:13F5H         LINE#         5000
  C:13FAH         LINE#         5002
  C:13FFH         LINE#         5003
  C:1404H         LINE#         5004
  C:1409H         LINE#         5006
  C:140EH         LINE#         5007
  C:1413H         LINE#         5009
  C:1418H         LINE#         5010
  C:141DH         LINE#         5012
  C:1422H         LINE#         5013
  C:1427H         LINE#         5015
  C:142CH         LINE#         5016
  C:1431H         LINE#         5017
  C:1438H         LINE#         5018
  -------         ENDPROC       LCD_INIT
  C:2D6AH         SYMBOL        L?0456
  C:2D70H         SYMBOL        L?0457
  C:2D79H         SYMBOL        L?0458
  -------         PROC          L?0455
  -------         ENDPROC       L?0455
BL51 BANKED LINKER/LOCATER V6.22                                                      08/27/2021  13:59:43  PAGE 26


  C:2D6AH         SYMBOL        L?0456
  C:2D70H         SYMBOL        L?0457
  C:2D79H         SYMBOL        L?0458
  -------         PROC          _?BLOCKWRITE
  p:0000H         SYMBOL        Xstart
  p:0002H         SYMBOL        Xend
  p:0004H         SYMBOL        Ystart
  p:0006H         SYMBOL        Yend
  C:2D83H         LINE#         5630
  C:2DA4H         LINE#         5731
  C:2DABH         LINE#         5732
  C:2DB2H         LINE#         5733
  C:2DBAH         LINE#         5734
  C:2DC5H         LINE#         5735
  C:2DCFH         LINE#         5737
  C:2DD4H         LINE#         5738
  C:2DDEH         LINE#         5740
  C:2DE5H         LINE#         5741
  C:2DEFH         LINE#         5742
  C:2DF6H         LINE#         5748
  C:2DFBH         LINE#         5751
  C:2DFEH         LINE#         5756
  -------         ENDPROC       _?BLOCKWRITE
  -------         PROC          _DISPCOLOR
  D:0004H         SYMBOL        color
  -------         DO            
  X:005DH         SYMBOL        i
  D:0002H         SYMBOL        m
  X:005FH         SYMBOL        DataH
  X:0060H         SYMBOL        DataL
  -------         ENDDO         
  C:0046H         LINE#         5809
  C:0048H         LINE#         5810
  C:0048H         LINE#         5813
  C:004EH         LINE#         5815
  C:0051H         LINE#         5817
  C:0053H         LINE#         5818
  C:0059H         LINE#         5819
  C:0059H         LINE#         5820
  C:005CH         LINE#         5821
  C:005CH         LINE#         5822
  C:0066H         LINE#         5823
  C:0071H         LINE#         5824
  C:0087H         LINE#         5826
  C:0089H         LINE#         5827
  -------         ENDPROC       _DISPCOLOR
  -------         PROC          DISPFRAME
  -------         DO            
  D:0002H         SYMBOL        i
  X:005DH         SYMBOL        j
  D:0001H         SYMBOL        DataH
  D:0004H         SYMBOL        DataL
  -------         ENDDO         
  C:2C1DH         LINE#         5829
  C:2C1DH         LINE#         5830
  C:2C1DH         LINE#         5833
  C:2C20H         LINE#         5835
BL51 BANKED LINKER/LOCATER V6.22                                                      08/27/2021  13:59:43  PAGE 27


  C:2C22H         LINE#         5838
  C:2C26H         LINE#         5839
  C:2C2CH         LINE#         5841
  C:2C2EH         LINE#         5842
  C:2C2EH         LINE#         5843
  C:2C32H         LINE#         5844
  C:2C39H         LINE#         5845
  C:2C44H         LINE#         5847
  C:2C48H         LINE#         5848
  C:2C4EH         LINE#         5850
  C:2C54H         LINE#         5851
  C:2C54H         LINE#         5852
  C:2C58H         LINE#         5853
  C:2C5EH         LINE#         5855
  C:2C61H         LINE#         5856
  C:2C61H         LINE#         5857
  C:2C64H         LINE#         5858
  C:2C69H         LINE#         5859
  C:2C74H         LINE#         5861
  C:2C78H         LINE#         5862
  C:2C7EH         LINE#         5864
  C:2C94H         LINE#         5866
  C:2C98H         LINE#         5867
  C:2C9EH         LINE#         5869
  C:2CA1H         LINE#         5870
  C:2CA1H         LINE#         5871
  C:2CA5H         LINE#         5872
  C:2CACH         LINE#         5873
  C:2CB7H         LINE#         5875
  C:2CBBH         LINE#         5876
  C:2CC1H         LINE#         5878
  C:2CC4H         LINE#         5879
  C:2CC6H         LINE#         5880
  -------         ENDPROC       DISPFRAME
  -------         PROC          DISPBAND
  -------         DO            
  D:0002H         SYMBOL        i
  X:0014H         SYMBOL        j
  X:0015H         SYMBOL        k
  X:0016H         SYMBOL        m
  X:0017H         SYMBOL        n
  X:0018H         SYMBOL        x
  -------         ENDDO         
  C:1E26H         LINE#         5882
  C:1E26H         LINE#         5883
  C:1E26H         LINE#         5886
  C:1E2FH         LINE#         5887
  C:1E38H         LINE#         5888
  C:1E3AH         LINE#         5891
  C:1E42H         LINE#         5892
  C:1E50H         LINE#         5893
  C:1E50H         LINE#         5894
  C:1E6BH         LINE#         5895
  C:1E86H         LINE#         5896
  C:1EB2H         LINE#         5897
  C:1EB9H         LINE#         5898
  C:1EC8H         LINE#         5899
BL51 BANKED LINKER/LOCATER V6.22                                                      08/27/2021  13:59:43  PAGE 28


  C:1EC8H         LINE#         5900
  C:1EE3H         LINE#         5901
  C:1EFEH         LINE#         5902
  C:1F2AH         LINE#         5903
  C:1F31H         LINE#         5904
  C:1F47H         LINE#         5905
  C:1F47H         LINE#         5906
  C:1F62H         LINE#         5907
  C:1F7DH         LINE#         5908
  C:1FA9H         LINE#         5909
  C:1FB0H         LINE#         5910
  C:1FB2H         LINE#         5911
  C:1FB5H         LINE#         5912
  -------         ENDPROC       DISPBAND
  -------         PROC          _DISPPIC
  D:0006H         SYMBOL        picture
  -------         DO            
  X:0019H         SYMBOL        p
  X:001CH         SYMBOL        n
  -------         ENDDO         
  C:35A4H         LINE#         5915
  C:35A4H         LINE#         5916
  C:35A4H         LINE#         5919
  C:35B3H         LINE#         5920
  C:35B3H         LINE#         5921
  C:35B3H         LINE#         5923
  C:35C4H         LINE#         5925
  C:35D7H         LINE#         5926
  C:35D7H         LINE#         5927
  C:35F7H         LINE#         5928
  C:3604H         LINE#         5930
  -------         ENDPROC       _DISPPIC
  -------         PROC          _DISPPICFROMSD
  X:001EH         SYMBOL        PicNum
  -------         DO            
  X:001FH         SYMBOL        Address_S
  X:0023H         SYMBOL        Address_E
  D:0002H         SYMBOL        i
  X:0027H         SYMBOL        k
  -------         ENDDO         
  C:26D1H         LINE#         5934
  C:26D4H         LINE#         5935
  C:26D4H         LINE#         5941
  C:26D7H         LINE#         5944
  C:26D9H         LINE#         5946
  C:26DBH         LINE#         5948
  C:26E4H         LINE#         5949
  C:270FH         LINE#         5950
  C:2738H         LINE#         5951
  C:275BH         LINE#         5952
  C:275BH         LINE#         5953
  C:276BH         LINE#         5955
  C:2774H         LINE#         5956
  C:2774H         LINE#         5958
  C:278FH         LINE#         5959
  C:2798H         LINE#         5960
  C:27B7H         LINE#         5962
BL51 BANKED LINKER/LOCATER V6.22                                                      08/27/2021  13:59:43  PAGE 29


  C:27B9H         LINE#         6000
  -------         ENDPROC       _DISPPICFROMSD
  -------         PROC          DISPSCALEHOR1
  -------         DO            
  X:002BH         SYMBOL        i
  X:002DH         SYMBOL        j
  D:0002H         SYMBOL        k
  -------         ENDDO         
  C:18A2H         LINE#         6005
  C:18A2H         LINE#         6006
  C:18A2H         LINE#         6009
  C:18A5H         LINE#         6012
  C:18A7H         LINE#         6013
  C:18A7H         LINE#         6014
  C:18C9H         LINE#         6015
  C:18CFH         LINE#         6016
  C:18CFH         LINE#         6017
  C:18D5H         LINE#         6018
  C:18D5H         LINE#         6019
  C:18EAH         LINE#         6020
  C:1900H         LINE#         6021
  C:1916H         LINE#         6023
  C:1921H         LINE#         6026
  C:1924H         LINE#         6027
  C:1924H         LINE#         6028
  C:1946H         LINE#         6029
  C:194CH         LINE#         6030
  C:194CH         LINE#         6031
  C:1952H         LINE#         6032
  C:1952H         LINE#         6033
  C:197DH         LINE#         6034
  C:1993H         LINE#         6035
  C:19A9H         LINE#         6036
  C:19B7H         LINE#         6039
  C:19BAH         LINE#         6040
  C:19BAH         LINE#         6041
  C:19DCH         LINE#         6042
  C:19E2H         LINE#         6043
  C:19E2H         LINE#         6044
  C:19E8H         LINE#         6045
  C:19E8H         LINE#         6046
  C:19F2H         LINE#         6047
  C:1A08H         LINE#         6048
  C:1A1EH         LINE#         6049
  C:1A29H         LINE#         6052
  C:1A2CH         LINE#         6053
  C:1A2CH         LINE#         6054
  C:1A4EH         LINE#         6055
  C:1A54H         LINE#         6056
  C:1A54H         LINE#         6057
  C:1A5AH         LINE#         6058
  C:1A5AH         LINE#         6059
  C:1A8DH         LINE#         6060
  C:1AA3H         LINE#         6061
  C:1AB9H         LINE#         6062
  C:1AC7H         LINE#         6063
  C:1AC9H         LINE#         6064
BL51 BANKED LINKER/LOCATER V6.22                                                      08/27/2021  13:59:43  PAGE 30


  -------         ENDPROC       DISPSCALEHOR1
  -------         PROC          DISPSCALEVER
  -------         DO            
  X:002FH         SYMBOL        i
  X:0031H         SYMBOL        j
  D:0002H         SYMBOL        k
  -------         ENDDO         
  C:237BH         LINE#         6066
  C:237BH         LINE#         6067
  C:237BH         LINE#         6136
  C:237EH         LINE#         6138
  C:2386H         LINE#         6139
  C:2386H         LINE#         6140
  C:238CH         LINE#         6141
  C:238CH         LINE#         6142
  C:2392H         LINE#         6143
  C:23A8H         LINE#         6144
  C:23AFH         LINE#         6146
  C:23B2H         LINE#         6147
  C:23B2H         LINE#         6149
  C:23B8H         LINE#         6150
  C:23B8H         LINE#         6152
  C:23BEH         LINE#         6153
  C:23BEH         LINE#         6154
  C:23D0H         LINE#         6155
  C:23E6H         LINE#         6157
  C:23ECH         LINE#         6158
  C:23ECH         LINE#         6159
  C:2414H         LINE#         6160
  C:242AH         LINE#         6162
  C:2430H         LINE#         6163
  C:2430H         LINE#         6164
  C:2437H         LINE#         6165
  C:244DH         LINE#         6167
  C:2453H         LINE#         6168
  C:2453H         LINE#         6169
  C:2467H         LINE#         6170
  C:247DH         LINE#         6172
  C:2496H         LINE#         6174
  C:24A4H         LINE#         6176
  -------         ENDPROC       DISPSCALEVER
  -------         PROC          DISPSCALEVER_RED
  -------         DO            
  X:0033H         SYMBOL        i
  X:0035H         SYMBOL        j
  D:0002H         SYMBOL        k
  -------         ENDDO         
  C:2F36H         LINE#         6178
  C:2F36H         LINE#         6179
  C:2F36H         LINE#         6182
  C:2F39H         LINE#         6184
  C:2F3BH         LINE#         6186
  C:2F3DH         LINE#         6189
  C:2F45H         LINE#         6190
  C:2F45H         LINE#         6191
  C:2F4BH         LINE#         6192
  C:2F4BH         LINE#         6193
BL51 BANKED LINKER/LOCATER V6.22                                                      08/27/2021  13:59:43  PAGE 31


  C:2F51H         LINE#         6194
  C:2F67H         LINE#         6195
  C:2F6EH         LINE#         6197
  C:2F71H         LINE#         6198
  C:2F71H         LINE#         6199
  C:2F77H         LINE#         6200
  C:2F77H         LINE#         6202
  C:2F7DH         LINE#         6203
  C:2F7DH         LINE#         6204
  C:2F8FH         LINE#         6205
  C:2FA5H         LINE#         6206
  C:2FBBH         LINE#         6208
  C:2FC6H         LINE#         6210
  C:2FC8H         LINE#         6211
  -------         ENDPROC       DISPSCALEVER_RED
  -------         PROC          DISPSCALEVER_GREEN
  -------         DO            
  X:0037H         SYMBOL        i
  X:0039H         SYMBOL        j
  D:0002H         SYMBOL        k
  -------         ENDDO         
  C:2CC7H         LINE#         6213
  C:2CC7H         LINE#         6214
  C:2CC7H         LINE#         6217
  C:2CCAH         LINE#         6219
  C:2CCCH         LINE#         6220
  C:2CCEH         LINE#         6223
  C:2CD6H         LINE#         6224
  C:2CD6H         LINE#         6225
  C:2CDCH         LINE#         6226
  C:2CDCH         LINE#         6227
  C:2CE2H         LINE#         6229
  C:2CF8H         LINE#         6230
  C:2CFFH         LINE#         6232
  C:2D02H         LINE#         6233
  C:2D02H         LINE#         6234
  C:2D08H         LINE#         6235
  C:2D08H         LINE#         6237
  C:2D0EH         LINE#         6238
  C:2D0EH         LINE#         6240
  C:2D2FH         LINE#         6241
  C:2D45H         LINE#         6242
  C:2D5BH         LINE#         6244
  C:2D66H         LINE#         6246
  C:2D68H         LINE#         6247
  -------         ENDPROC       DISPSCALEVER_GREEN
  -------         PROC          DISPSCALEVER_BLUE
  -------         DO            
  X:003BH         SYMBOL        i
  X:003DH         SYMBOL        j
  D:0002H         SYMBOL        k
  -------         ENDDO         
  C:3178H         LINE#         6249
  C:3178H         LINE#         6250
  C:3178H         LINE#         6253
  C:317BH         LINE#         6255
  C:317DH         LINE#         6256
BL51 BANKED LINKER/LOCATER V6.22                                                      08/27/2021  13:59:43  PAGE 32


  C:317FH         LINE#         6259
  C:3187H         LINE#         6260
  C:3187H         LINE#         6261
  C:318DH         LINE#         6262
  C:318DH         LINE#         6263
  C:3193H         LINE#         6264
  C:31A9H         LINE#         6265
  C:31B0H         LINE#         6267
  C:31B3H         LINE#         6268
  C:31B3H         LINE#         6269
  C:31B9H         LINE#         6270
  C:31B9H         LINE#         6272
  C:31BFH         LINE#         6273
  C:31BFH         LINE#         6274
  C:31C6H         LINE#         6275
  C:31DCH         LINE#         6276
  C:31F2H         LINE#         6278
  C:31FDH         LINE#         6280
  C:31FFH         LINE#         6281
  -------         ENDPROC       DISPSCALEVER_BLUE
  -------         PROC          DISPSCALEVER_GRAY
  -------         DO            
  X:003FH         SYMBOL        i
  X:0041H         SYMBOL        j
  D:0002H         SYMBOL        k
  -------         ENDDO         
  C:2FC9H         LINE#         6283
  C:2FC9H         LINE#         6284
  C:2FC9H         LINE#         6287
  C:2FCCH         LINE#         6289
  C:2FCEH         LINE#         6294
  C:2FD6H         LINE#         6295
  C:2FD6H         LINE#         6296
  C:2FDCH         LINE#         6297
  C:2FDCH         LINE#         6298
  C:2FE2H         LINE#         6300
  C:2FF8H         LINE#         6301
  C:2FFFH         LINE#         6303
  C:3002H         LINE#         6304
  C:3002H         LINE#         6305
  C:3008H         LINE#         6306
  C:3008H         LINE#         6308
  C:300EH         LINE#         6309
  C:300EH         LINE#         6310
  C:3022H         LINE#         6311
  C:3038H         LINE#         6312
  C:304EH         LINE#         6314
  C:3059H         LINE#         6316
  C:305BH         LINE#         6317
  -------         ENDPROC       DISPSCALEVER_GRAY
  -------         PROC          DISPGRAYHOR16
  -------         DO            
  X:005DH         SYMBOL        i
  D:0002H         SYMBOL        j
  X:005FH         SYMBOL        k
  -------         ENDDO         
  C:2E05H         LINE#         6319
BL51 BANKED LINKER/LOCATER V6.22                                                      08/27/2021  13:59:43  PAGE 33


  C:2E05H         LINE#         6320
  C:2E05H         LINE#         6323
  C:2E08H         LINE#         6325
  C:2E0AH         LINE#         6326
  C:2E0CH         LINE#         6328
  C:2E12H         LINE#         6329
  C:2E12H         LINE#         6330
  C:2E1BH         LINE#         6331
  C:2E1BH         LINE#         6332
  C:2E21H         LINE#         6333
  C:2E28H         LINE#         6335
  C:2E2BH         LINE#         6336
  C:2E2BH         LINE#         6337
  C:2E31H         LINE#         6338
  C:2E31H         LINE#         6339
  C:2E63H         LINE#         6340
  C:2E79H         LINE#         6341
  C:2E84H         LINE#         6342
  C:2E9DH         LINE#         6344
  C:2E9FH         LINE#         6345
  -------         ENDPROC       DISPGRAYHOR16
  -------         PROC          DISPGRAYHOR32
  -------         DO            
  X:0043H         SYMBOL        i
  D:0002H         SYMBOL        j
  X:0045H         SYMBOL        k
  -------         ENDDO         
  C:3303H         LINE#         6347
  C:3303H         LINE#         6348
  C:3303H         LINE#         6351
  C:3306H         LINE#         6353
  C:3308H         LINE#         6355
  C:330EH         LINE#         6356
  C:330EH         LINE#         6357
  C:3311H         LINE#         6358
  C:3311H         LINE#         6359
  C:3317H         LINE#         6360
  C:3322H         LINE#         6362
  C:3325H         LINE#         6363
  C:3325H         LINE#         6364
  C:332BH         LINE#         6365
  C:332BH         LINE#         6366
  C:333FH         LINE#         6367
  C:3355H         LINE#         6368
  C:3360H         LINE#         6369
  C:3376H         LINE#         6371
  C:3378H         LINE#         6372
  -------         ENDPROC       DISPGRAYHOR32
  -------         PROC          DISPSCALEHOR2
  -------         DO            
  X:0047H         SYMBOL        j
  D:0002H         SYMBOL        k
  -------         ENDDO         
  C:1ACAH         LINE#         6374
  C:1ACAH         LINE#         6375
  C:1ACAH         LINE#         6378
  C:1ACDH         LINE#         6380
BL51 BANKED LINKER/LOCATER V6.22                                                      08/27/2021  13:59:43  PAGE 34


  C:1ACFH         LINE#         6381
  C:1ACFH         LINE#         6382
  C:1AD5H         LINE#         6383
  C:1AF2H         LINE#         6384
  C:1AFDH         LINE#         6385
  C:1B00H         LINE#         6386
  C:1B00H         LINE#         6387
  C:1B06H         LINE#         6388
  C:1B23H         LINE#         6389
  C:1B2EH         LINE#         6390
  C:1B31H         LINE#         6391
  C:1B31H         LINE#         6392
  C:1B37H         LINE#         6393
  C:1B54H         LINE#         6394
  C:1B5FH         LINE#         6395
  C:1B62H         LINE#         6396
  C:1B62H         LINE#         6397
  C:1B68H         LINE#         6398
  C:1B85H         LINE#         6399
  C:1B90H         LINE#         6400
  C:1B93H         LINE#         6401
  C:1B93H         LINE#         6402
  C:1B99H         LINE#         6403
  C:1BB6H         LINE#         6404
  C:1BC1H         LINE#         6405
  C:1BC4H         LINE#         6406
  C:1BC4H         LINE#         6407
  C:1BCAH         LINE#         6408
  C:1BE7H         LINE#         6409
  C:1BF2H         LINE#         6410
  C:1BF5H         LINE#         6411
  C:1BF5H         LINE#         6412
  C:1BFBH         LINE#         6413
  C:1C18H         LINE#         6414
  C:1C23H         LINE#         6415
  C:1C26H         LINE#         6416
  C:1C26H         LINE#         6417
  C:1C2CH         LINE#         6418
  C:1C48H         LINE#         6419
  C:1C53H         LINE#         6420
  C:1C5CH         LINE#         6421
  C:1C5CH         LINE#         6422
  C:1C62H         LINE#         6423
  C:1C7EH         LINE#         6424
  C:1C85H         LINE#         6426
  -------         ENDPROC       DISPSCALEHOR2
  -------         PROC          _TOORD
  D:0007H         SYMBOL        ch
  C:3605H         LINE#         6531
  C:3605H         LINE#         6532
  C:3605H         LINE#         6533
  C:360BH         LINE#         6534
  C:360BH         LINE#         6535
  C:360DH         LINE#         6536
  C:360FH         LINE#         6537
  C:361BH         LINE#         6538
  C:361BH         LINE#         6539
BL51 BANKED LINKER/LOCATER V6.22                                                      08/27/2021  13:59:43  PAGE 35


  C:361FH         LINE#         6540
  C:3621H         LINE#         6541
[...]
  C:1596H         LINE#         321
  C:15A5H         LINE#         322
  C:15A5H         LINE#         323
  C:15BAH         LINE#         324
  C:15BFH         LINE#         325
  C:15C7H         LINE#         326
  C:15D1H         LINE#         327
  C:15DFH         LINE#         328
  C:15EDH         LINE#         329
  C:15EFH         LINE#         331
  C:15EFH         LINE#         332
  C:15F4H         LINE#         333
  C:15F7H         LINE#         334
  C:160FH         LINE#         335
  C:160FH         LINE#         336
  C:1628H         LINE#         337
  C:162DH         LINE#         338
BL51 BANKED LINKER/LOCATER V6.22                                                      08/27/2021  13:59:43  PAGE 44


  C:1635H         LINE#         339
  C:163CH         LINE#         340
  C:1641H         LINE#         341
  C:1641H         LINE#         342
  C:1655H         LINE#         343
  C:1655H         LINE#         344
  C:165CH         LINE#         345
  C:1661H         LINE#         346
  C:1661H         LINE#         347
  C:166FH         LINE#         348
  C:166FH         LINE#         349
  -------         ENDPROC       USBXCORE_HANDLE_SETUP
  -------         PROC          USBXCORE_FORCE_STALL
  C:3B3BH         LINE#         356
  C:3B3BH         LINE#         358
  C:3B46H         LINE#         359
  C:3B51H         LINE#         360
  C:3B57H         LINE#         361
  -------         ENDPROC       USBXCORE_FORCE_STALL
  -------         PROC          USBXCORE_GET_STATUS
  C:3461H         LINE#         367
  C:3461H         LINE#         369
  C:3470H         LINE#         370
  C:3470H         LINE#         371
  C:3470H         LINE#         372
  C:3470H         LINE#         373
  C:3470H         LINE#         374
  C:3472H         LINE#         375
  C:3472H         LINE#         379
  C:3472H         LINE#         381
  C:3480H         LINE#         385
  C:3480H         LINE#         386
  C:3480H         LINE#         387
  C:3480H         LINE#         388
  C:3482H         LINE#         390
  C:3482H         LINE#         392
  C:3490H         LINE#         396
  C:3490H         LINE#         397
  C:349DH         LINE#         398
  C:349DH         LINE#         399
  C:349FH         LINE#         401
  C:349FH         LINE#         402
  C:34ADH         LINE#         403
  C:34B6H         LINE#         404
  C:34B6H         LINE#         405
  C:34B6H         LINE#         406
  C:34B8H         LINE#         407
  C:34B8H         LINE#         408
  C:34BBH         LINE#         409
  C:34BBH         LINE#         410
  C:34BBH         LINE#         411
  C:34C3H         LINE#         412
  C:34C3H         LINE#         413
  C:34C6H         LINE#         414
  C:34CCH         LINE#         415
  C:34D3H         LINE#         416
  C:34D3H         LINE#         417
BL51 BANKED LINKER/LOCATER V6.22                                                      08/27/2021  13:59:43  PAGE 45


  -------         ENDPROC       USBXCORE_GET_STATUS
  -------         PROC          USBXCORE_CLEAR_FEATURE
  C:36BAH         LINE#         423
  C:36BAH         LINE#         425
  C:36C0H         LINE#         426
  C:36C0H         LINE#         428
  C:36C7H         LINE#         429
  C:36C7H         LINE#         430
  C:36D2H         LINE#         436
  C:36DDH         LINE#         437
  C:36E2H         LINE#         438
  C:36E4H         LINE#         440
  C:36E4H         LINE#         442
  C:36EFH         LINE#         446
  C:36FAH         LINE#         447
  C:36FFH         LINE#         448
  C:36FFH         LINE#         449
  C:3701H         LINE#         451
  C:3701H         LINE#         452
  C:3704H         LINE#         453
  C:3704H         LINE#         454
  C:370FH         LINE#         455
  -------         ENDPROC       USBXCORE_CLEAR_FEATURE
  -------         PROC          USBXCORE_VENDOR_USB_API
  C:27BAH         LINE#         462
  C:27BAH         LINE#         464
  C:27C4H         LINE#         465
  C:27C4H         LINE#         466
  C:27CBH         LINE#         467
  C:27CBH         LINE#         468
  C:27CEH         LINE#         469
  C:27D1H         LINE#         470
  C:27D3H         LINE#         472
  C:27D3H         LINE#         473
  C:27DAH         LINE#         474
  C:27DAH         LINE#         477
  C:27E5H         LINE#         482
  C:27F0H         LINE#         483
  C:27FBH         LINE#         485
  C:27FBH         LINE#         486
  C:280EH         LINE#         487
  C:280EH         LINE#         488
  C:2812H         LINE#         489
  C:281DH         LINE#         491
  C:281DH         LINE#         492
  C:2830H         LINE#         493
  C:2830H         LINE#         494
  C:2834H         LINE#         495
  C:283FH         LINE#         497
  C:2845H         LINE#         498
  C:284DH         LINE#         499
  C:284DH         LINE#         500
  C:2850H         LINE#         501
  C:2850H         LINE#         502
  C:2850H         LINE#         503
  C:285BH         LINE#         504
  C:285BH         LINE#         505
BL51 BANKED LINKER/LOCATER V6.22                                                      08/27/2021  13:59:43  PAGE 46


  C:2861H         LINE#         506
  C:2868H         LINE#         507
  C:2868H         LINE#         508
  C:286CH         LINE#         509
  C:286CH         LINE#         510
  C:2872H         LINE#         511
  C:2879H         LINE#         512
  C:2879H         LINE#         513
  C:2884H         LINE#         514
  -------         ENDPROC       USBXCORE_VENDOR_USB_API
  -------         PROC          USBXCORE_SET_FEATURE
  C:3712H         LINE#         521
  C:3712H         LINE#         523
  C:3718H         LINE#         524
  C:3718H         LINE#         526
  C:371FH         LINE#         527
  C:371FH         LINE#         528
  C:372AH         LINE#         534
  C:3735H         LINE#         535
  C:3738H         LINE#         536
  C:373AH         LINE#         538
  C:373AH         LINE#         540
  C:3745H         LINE#         544
  C:3750H         LINE#         545
  C:3756H         LINE#         546
  C:3756H         LINE#         548
  C:3758H         LINE#         550
  C:3758H         LINE#         551
  C:375BH         LINE#         552
  C:375BH         LINE#         553
  C:3766H         LINE#         554
  -------         ENDPROC       USBXCORE_SET_FEATURE
  -------         PROC          USBXCORE_SET_ADDRESS
  C:3AFCH         LINE#         561
  C:3AFCH         LINE#         563
  C:3B0BH         LINE#         564
  C:3B11H         LINE#         565
  C:3B11H         LINE#         566
  C:3B14H         LINE#         567
  C:3B16H         LINE#         569
  C:3B16H         LINE#         570
  C:3B19H         LINE#         571
  C:3B19H         LINE#         572
  -------         ENDPROC       USBXCORE_SET_ADDRESS
  -------         PROC          USBXCORE_GET_DESCRIPTOR
  C:2ABCH         LINE#         579
  C:2ABCH         LINE#         580
  C:2ACBH         LINE#         581
  C:2ACBH         LINE#         582
  C:2ACBH         LINE#         583
  C:2AD9H         LINE#         584
  C:2ADDH         LINE#         585
  C:2ADFH         LINE#         586
  C:2ADFH         LINE#         587
  C:2AEDH         LINE#         588
  C:2B00H         LINE#         589
  C:2B02H         LINE#         590
BL51 BANKED LINKER/LOCATER V6.22                                                      08/27/2021  13:59:43  PAGE 47


  C:2B02H         LINE#         591
  C:2B26H         LINE#         592
  C:2B32H         LINE#         593
  C:2B34H         LINE#         594
  C:2B34H         LINE#         595
  C:2B37H         LINE#         596
  C:2B37H         LINE#         597
  C:2B37H         LINE#         598
  C:2B4DH         LINE#         599
  C:2B4DH         LINE#         600
  C:2B55H         LINE#         601
  C:2B55H         LINE#         602
  C:2B5DH         LINE#         603
  C:2B5DH         LINE#         604
  C:2B60H         LINE#         605
  C:2B66H         LINE#         606
  C:2B6DH         LINE#         607
  C:2B6DH         LINE#         608
  -------         ENDPROC       USBXCORE_GET_DESCRIPTOR
  -------         PROC          USBXCORE_GET_CONFIGURATION
  C:38A9H         LINE#         614
  C:38A9H         LINE#         616
  C:38B1H         LINE#         617
  C:38B1H         LINE#         618
  C:38BDH         LINE#         619
  C:38C5H         LINE#         620
  C:38C5H         LINE#         621
  C:38C9H         LINE#         622
  C:38C9H         LINE#         623
  C:38D7H         LINE#         624
  C:38DFH         LINE#         625
  C:38DFH         LINE#         626
  C:38E2H         LINE#         627
  C:38E8H         LINE#         628
  C:38EFH         LINE#         629
  -------         ENDPROC       USBXCORE_GET_CONFIGURATION
  -------         PROC          USBXCORE_SET_CONFIGURATION
  C:3660H         LINE#         635
  C:3660H         LINE#         637
  C:3669H         LINE#         638
  C:3669H         LINE#         639
  C:3670H         LINE#         640
  C:3676H         LINE#         641
  C:367BH         LINE#         642
  C:367DH         LINE#         644
  C:3688H         LINE#         645
  C:3693H         LINE#         646
  C:369EH         LINE#         653
  C:36A9H         LINE#         654
  C:36ABH         LINE#         656
  C:36ABH         LINE#         657
  C:36B1H         LINE#         658
  C:36B5H         LINE#         659
  C:36B7H         LINE#         660
  C:36B7H         LINE#         661
  -------         ENDPROC       USBXCORE_SET_CONFIGURATION
  -------         PROC          USBXCORE_GET_INTERFACE
BL51 BANKED LINKER/LOCATER V6.22                                                      08/27/2021  13:59:43  PAGE 48


  C:3A8DH         LINE#         668
  C:3A8DH         LINE#         670
  C:3A9BH         LINE#         671
  C:3AA3H         LINE#         672
  C:3AA6H         LINE#         673
  C:3AACH         LINE#         674
  C:3AB3H         LINE#         675
  -------         ENDPROC       USBXCORE_GET_INTERFACE
  -------         PROC          USBXCORE_SET_SOP
  C:3B9DH         LINE#         682
  C:3B9DH         LINE#         684
  C:3BA5H         LINE#         685
  C:3BA5H         LINE#         686
  C:3BB0H         LINE#         687
  C:3BB0H         LINE#         688
  -------         ENDPROC       USBXCORE_SET_SOP
  -------         PROC          USBXCORE_USB_ISR
  C:1FB6H         LINE#         699
  C:1FD3H         LINE#         702
  C:1FD9H         LINE#         703
  C:1FECH         LINE#         706
  C:1FFFH         LINE#         709
  C:2003H         LINE#         710
  C:2003H         LINE#         711
  C:200EH         LINE#         712
  C:200EH         LINE#         714
  C:2015H         LINE#         715
  C:2015H         LINE#         716
  C:2018H         LINE#         717
  C:2018H         LINE#         719
  C:201FH         LINE#         720
  C:201FH         LINE#         721
  C:202CH         LINE#         722
  C:202CH         LINE#         723
  C:2033H         LINE#         724
  C:2033H         LINE#         725
  C:2033H         LINE#         727
  C:2033H         LINE#         728
  C:2033H         LINE#         730
  C:2033H         LINE#         732
  C:2046H         LINE#         734
  C:204AH         LINE#         735
  C:204AH         LINE#         736
  C:204DH         LINE#         737
  C:204DH         LINE#         740
  C:2054H         LINE#         741
  C:2054H         LINE#         742
  C:205FH         LINE#         748
  C:2072H         LINE#         749
  C:2077H         LINE#         750
  C:2077H         LINE#         751
  C:207EH         LINE#         752
  C:207EH         LINE#         754
  C:207EH         LINE#         756
  C:2091H         LINE#         759
  C:2095H         LINE#         760
  C:2095H         LINE#         761
BL51 BANKED LINKER/LOCATER V6.22                                                      08/27/2021  13:59:43  PAGE 49


  C:20A0H         LINE#         767
  C:20B3H         LINE#         768
  C:20B7H         LINE#         769
  C:20B7H         LINE#         770
  C:20BEH         LINE#         771
  C:20BEH         LINE#         772
  C:20BEH         LINE#         775
  C:20CCH         LINE#         776
  C:20D1H         LINE#         777
  C:20D7H         LINE#         778
  C:20DCH         LINE#         781
  C:20E9H         LINE#         782
  C:20E9H         LINE#         783
  C:20ECH         LINE#         784
  C:20ECH         LINE#         785
  -------         ENDPROC       USBXCORE_USB_ISR
  -------         ENDMOD        USB_API

  -------         MODULE        USB_SUSPEND
  C:0000H         SYMBOL        _ICE_DUMMY_
  D:00D7H         PUBLIC        USB0XCN
  D:00C9H         PUBLIC        REG0CN
  C:3A3BH         PUBLIC        USB_Suspend
  D:00A9H         PUBLIC        CLKSEL
  D:00B2H         PUBLIC        OSCICN
  D:00B9H         PUBLIC        CLKMUL
  -------         PROC          USB_SUSPEND
  C:3A3BH         LINE#         70
  C:3A3BH         LINE#         72
  C:3A3EH         LINE#         74
  C:3A41H         LINE#         76
  C:3A49H         LINE#         79
  C:3A4CH         LINE#         80
  C:3A4FH         LINE#         81
  C:3A52H         LINE#         82
  C:3A55H         LINE#         84
  C:3A56H         LINE#         86
  C:3A59H         LINE#         88
  C:3A5FH         LINE#         92
  C:3A62H         LINE#         94
  C:3A65H         LINE#         95
  -------         ENDPROC       USB_SUSPEND
  -------         ENDMOD        USB_SUSPEND

  -------         MODULE        USB_INT_ENABLE
  C:0000H         SYMBOL        _ICE_DUMMY_
  C:3B58H         PUBLIC        USB_Int_Enable
  D:0096H         PUBLIC        USB0ADR
  D:0097H         PUBLIC        USB0DAT
  -------         PROC          USB_INT_ENABLE
  C:3B58H         LINE#         68
  C:3B58H         LINE#         71
  C:3B5FH         LINE#         73
  C:3B65H         LINE#         74
  C:3B65H         LINE#         75
  C:3B70H         LINE#         77
  C:3B70H         LINE#         78
BL51 BANKED LINKER/LOCATER V6.22                                                      08/27/2021  13:59:43  PAGE 50


  -------         ENDPROC       USB_INT_ENABLE
  -------         ENDMOD        USB_INT_ENABLE

  -------         MODULE        USB_CLOCK_RECOVERY
  C:0000H         SYMBOL        _ICE_DUMMY_
  C:3BE3H         PUBLIC        USBXcore_ClkRec
  D:0096H         PUBLIC        USB0ADR
  D:0097H         PUBLIC        USB0DAT
  -------         PROC          USBXCORE_CLKREC
  C:3BE3H         LINE#         45
  C:3BE3H         LINE#         47
  C:3BEEH         LINE#         48
  -------         ENDPROC       USBXCORE_CLKREC
  -------         ENDMOD        USB_CLOCK_RECOVERY

  -------         MODULE        ?C?FPMUL
  C:0C9AH         PUBLIC        ?C?FPMUL
  -------         ENDMOD        ?C?FPMUL

  -------         MODULE        ?C?FCAST
  C:0DAAH         PUBLIC        ?C?FCASTC
  C:0DA5H         PUBLIC        ?C?FCASTI
  C:0DA0H         PUBLIC        ?C?FCASTL
  -------         ENDMOD        ?C?FCAST

  -------         MODULE        ?C?CASTF
  C:0DDEH         PUBLIC        ?C?CASTF
  -------         ENDMOD        ?C?CASTF

  -------         MODULE        ?C?COPY
  C:0F2FH         PUBLIC        ?C?COPY
  -------         ENDMOD        ?C?COPY

  -------         MODULE        ?C?CLDPTR
  C:0F55H         PUBLIC        ?C?CLDPTR
  -------         ENDMOD        ?C?CLDPTR

  -------         MODULE        ?C?CLDOPTR
  C:0F6EH         PUBLIC        ?C?CLDOPTR
  -------         ENDMOD        ?C?CLDOPTR

  -------         MODULE        ?C?IMUL
  C:0F9BH         PUBLIC        ?C?IMUL
  -------         ENDMOD        ?C?IMUL

  -------         MODULE        ?C?IILDX
  C:0FADH         PUBLIC        ?C?IILDX
  -------         ENDMOD        ?C?IILDX

  -------         MODULE        ?C?ILDOPTR
  C:0FC3H         PUBLIC        ?C?ILDOPTR
  -------         ENDMOD        ?C?ILDOPTR

  -------         MODULE        ?C?LMUL
  C:0FFBH         PUBLIC        ?C?LMUL
  -------         ENDMOD        ?C?LMUL

BL51 BANKED LINKER/LOCATER V6.22                                                      08/27/2021  13:59:43  PAGE 51


  -------         MODULE        ?C?ULDIV
  C:1086H         PUBLIC        ?C?ULDIV
  -------         ENDMOD        ?C?ULDIV

  -------         MODULE        ?C?LNEG
  C:1118H         PUBLIC        ?C?LNEG
  -------         ENDMOD        ?C?LNEG

  -------         MODULE        ?C?ULCMP
  C:1126H         PUBLIC        ?C?ULCMP
  -------         ENDMOD        ?C?ULCMP

  -------         MODULE        ?C?ULSHR
  C:1137H         PUBLIC        ?C?ULSHR
  -------         ENDMOD        ?C?ULSHR

  -------         MODULE        ?C?LSHL
  C:114AH         PUBLIC        ?C?LSHL
  -------         ENDMOD        ?C?LSHL

  -------         MODULE        ?C?LLDIPDATA
  C:1166H         PUBLIC        ?C?LLDIPDATA
  C:115DH         PUBLIC        ?C?LLDIPDATA1
  C:115FH         PUBLIC        ?C?LLDIPDATA8
  -------         ENDMOD        ?C?LLDIPDATA

  -------         MODULE        ?C?LSTXDATA
  C:117DH         PUBLIC        ?C?LSTXDATA
  -------         ENDMOD        ?C?LSTXDATA

  -------         MODULE        ?C?LSTPDATA
  C:1189H         PUBLIC        ?C?LSTPDATA
  -------         ENDMOD        ?C?LSTPDATA

  -------         MODULE        ?C?LSTKXDATA
  C:1195H         PUBLIC        ?C?LSTKXDATA
  -------         ENDMOD        ?C?LSTKXDATA

  -------         MODULE        ?C?LSTKPDATA
  C:11C6H         PUBLIC        ?C?LSTKPDATA
  -------         ENDMOD        ?C?LSTKPDATA

  -------         MODULE        ?C_PBP
  D:0008H         PUBLIC        ?C_PBP
  -------         ENDMOD        ?C_PBP

*** WARNING L14: INCOMPATIBLE MEMORY MODEL
    MODULE:  .\USBX_F34X.LIB (USB_API)
    MODEL:   SMALL

*** WARNING L14: INCOMPATIBLE MEMORY MODEL
    MODULE:  .\USBX_F34X.LIB (USB_SUSPEND)
    MODEL:   SMALL

*** WARNING L14: INCOMPATIBLE MEMORY MODEL
    MODULE:  .\USBX_F34X.LIB (USB_INT_ENABLE)
    MODEL:   SMALL
BL51 BANKED LINKER/LOCATER V6.22                                                      08/27/2021  13:59:43  PAGE 52



*** WARNING L14: INCOMPATIBLE MEMORY MODEL
    MODULE:  .\USBX_F34X.LIB (USB_CLOCK_RECOVERY)
    MODEL:   SMALL

*** WARNING L16: UNCALLED SEGMENT, IGNORED FOR OVERLAY PROCESS
    SEGMENT: ?PR?SD_INIT?MMC_SD

*** WARNING L16: UNCALLED SEGMENT, IGNORED FOR OVERLAY PROCESS
    SEGMENT: ?PR?DISPBAND?LCD

*** WARNING L16: UNCALLED SEGMENT, IGNORED FOR OVERLAY PROCESS
    SEGMENT: ?PR?_DISPPIC?LCD

*** WARNING L16: UNCALLED SEGMENT, IGNORED FOR OVERLAY PROCESS
    SEGMENT: ?PR?_DISPPICFROMSD?LCD

*** WARNING L16: UNCALLED SEGMENT, IGNORED FOR OVERLAY PROCESS
    SEGMENT: ?PR?DISPSCALEHOR1?LCD

*** WARNING L16: UNCALLED SEGMENT, IGNORED FOR OVERLAY PROCESS
    SEGMENT: ?PR?DISPSCALEVER?LCD

*** WARNING L16: UNCALLED SEGMENT, IGNORED FOR OVERLAY PROCESS
    SEGMENT: ?PR?DISPSCALEVER_RED?LCD

*** WARNING L16: UNCALLED SEGMENT, IGNORED FOR OVERLAY PROCESS
    SEGMENT: ?PR?DISPSCALEVER_GREEN?LCD

*** WARNING L16: UNCALLED SEGMENT, IGNORED FOR OVERLAY PROCESS
    SEGMENT: ?PR?DISPSCALEVER_BLUE?LCD

*** WARNING L16: UNCALLED SEGMENT, IGNORED FOR OVERLAY PROCESS
    SEGMENT: ?PR?DISPSCALEVER_GRAY?LCD

*** WARNING L16: UNCALLED SEGMENT, IGNORED FOR OVERLAY PROCESS
    SEGMENT: ?PR?DISPGRAYHOR32?LCD

*** WARNING L16: UNCALLED SEGMENT, IGNORED FOR OVERLAY PROCESS
    SEGMENT: ?PR?DISPSCALEHOR2?LCD

*** WARNING L16: UNCALLED SEGMENT, IGNORED FOR OVERLAY PROCESS
    SEGMENT: ?PR?_DRAWGIRD?LCD

*** WARNING L15: MULTIPLE CALL TO SEGMENT
    SEGMENT: ?PR?_WRITECOMM?LCD
    CALLER1: ?PR?USB_API_TEST_ISR?MAIN
    CALLER2: ?C_C51STARTUP

*** WARNING L15: MULTIPLE CALL TO SEGMENT
    SEGMENT: ?PR?_WRITEDATA?LCD
    CALLER1: ?PR?USB_API_TEST_ISR?MAIN
    CALLER2: ?C_C51STARTUP

Program Size: data=10.0 xdata=1222 code=15359
LINK/LOCATE RUN COMPLETE.  19 WARNING(S),  0 ERROR(S)
