BL51 BANKED LINKER/LOCATER V6.22                                                        12/08/2021  14:03:42  PAGE 1


BL51 BANKED LINKER/LOCATER V6.22, INVOKED BY:
D:\KEIL C51\C51\BIN\BL51.EXE main.obj, mmc_sd.obj, lcd.obj, tp.obj, .\USBX_F34X.LIB TO NV3023W_BOE188_ZT_H8 RAMSIZE (256
>> )


MEMORY MODEL: COMPACT WITH FLOATING POINT ARITHMETIC


INPUT MODULES INCLUDED:
  main.obj (MAIN)
  mmc_sd.obj (MMC_SD)
  lcd.obj (LCD)
  tp.obj (TP)
  .\USBX_F34X.LIB (USB_API)
  .\USBX_F34X.LIB (USB_CLOCK_START)
  .\USBX_F34X.LIB (USB_SUSPEND)
  .\USBX_F34X.LIB (GET_INTERRUPT_SOURCE)
  .\USBX_F34X.LIB (BLOCK_READ)
  .\USBX_F34X.LIB (BLOCK_WRITE)
  .\USBX_F34X.LIB (USB_INT_ENABLE)
  .\USBX_F34X.LIB (USB_CLOCK_RECOVERY)
  .\USBX_F34X.LIB (USB_JUMP_ISR)
  D:\KEIL C51\C51\LIB\C51FPC.LIB (?C?FPMUL)
  D:\KEIL C51\C51\LIB\C51FPC.LIB (?C?FCAST)
  D:\KEIL C51\C51\LIB\C51FPC.LIB (?C?CASTF)
  D:\KEIL C51\C51\LIB\C51FPC.LIB (?C?FPGETOPN)
  D:\KEIL C51\C51\LIB\C51C.LIB (?C_STARTUP)
  D:\KEIL C51\C51\LIB\C51C.LIB (?C?COPY)
  D:\KEIL C51\C51\LIB\C51C.LIB (?C?CLDPTR)
  D:\KEIL C51\C51\LIB\C51C.LIB (?C?CLDOPTR)
  D:\KEIL C51\C51\LIB\C51C.LIB (?C?IMUL)
  D:\KEIL C51\C51\LIB\C51C.LIB (?C?IILDX)
  D:\KEIL C51\C51\LIB\C51C.LIB (?C?ILDOPTR)
  D:\KEIL C51\C51\LIB\C51C.LIB (?C?LMUL)
  D:\KEIL C51\C51\LIB\C51C.LIB (?C?ULDIV)
  D:\KEIL C51\C51\LIB\C51C.LIB (?C?LNEG)
  D:\KEIL C51\C51\LIB\C51C.LIB (?C?ULCMP)
  D:\KEIL C51\C51\LIB\C51C.LIB (?C?ULSHR)
  D:\KEIL C51\C51\LIB\C51C.LIB (?C?LSHL)
  D:\KEIL C51\C51\LIB\C51C.LIB (?C?LLDIPDATA)
  D:\KEIL C51\C51\LIB\C51C.LIB (?C?LSTXDATA)
  D:\KEIL C51\C51\LIB\C51C.LIB (?C?LSTPDATA)
  D:\KEIL C51\C51\LIB\C51C.LIB (?C?LSTKXDATA)
  D:\KEIL C51\C51\LIB\C51C.LIB (?C?LSTKPDATA)
  D:\KEIL C51\C51\LIB\C51C.LIB (?C_PBP)
  D:\KEIL C51\C51\LIB\C51C.LIB (?C_INIT)


LINK MAP OF MODULE:  NV3023W_BOE188_ZT_H8 (MAIN)


            TYPE    BASE      LENGTH    RELOCATION   SEGMENT NAME
            -----------------------------------------------------

            * * * * * * *   D A T A   M E M O R Y   * * * * * * *
            REG     0000H     0008H     ABSOLUTE     "REG BANK 0"
            DATA    0008H     0001H     UNIT         ?C?LIB_DATA
            IDATA   0009H     0001H     UNIT         ?STACK
BL51 BANKED LINKER/LOCATER V6.22                                                      12/08/2021  14:03:42  PAGE 2



            * * * * * * *  X D A T A   M E M O R Y  * * * * * * *
            XDATA   0000H     0010H     INPAGE       ?PD?MAIN
            XDATA   0010H     0004H     INPAGE       ?PD?_MMC_SD_READSINGLEBLOCK?MMC_SD
            XDATA   0014H     0005H     INPAGE       ?PD?_DISPPIC?LCD
            XDATA   0019H     000DH     INPAGE       ?PD?_DISPPICFROMSD?LCD
            XDATA   0026H     0004H     INPAGE       ?PD?DISPSCALEHOR1?LCD
            XDATA   002AH     0004H     INPAGE       ?PD?DISPSCALEVER?LCD
            XDATA   002EH     0004H     INPAGE       ?PD?DISPSCALEVER_RED?LCD
            XDATA   0032H     0004H     INPAGE       ?PD?DISPSCALEVER_GREEN?LCD
            XDATA   0036H     0004H     INPAGE       ?PD?DISPSCALEVER_BLUE?LCD
            XDATA   003AH     0004H     INPAGE       ?PD?DISPSCALEVER_GRAY?LCD
            XDATA   003EH     0004H     INPAGE       ?PD?DISPGRAYHOR32?LCD
            XDATA   0042H     0002H     INPAGE       ?PD?DISPSCALEHOR2?LCD
            XDATA   0044H     000CH     INPAGE       ?PD?_DRAWLINE?LCD
            XDATA   0050H     0004H     INPAGE       ?PD?_DRAWGIRD?LCD
            XDATA   0054H     0002H     INPAGE       ?PD?LCD
            XDATA   0056H     0026H     INPAGE       _PDATA_GROUP_
            XDATA   007CH     0200H     UNIT         ?XD?MMC_SD
            XDATA   027CH     0058H     UNIT         _XDATA_GROUP_
            XDATA   02D4H     0040H     UNIT         ?XD?MAIN
                    0314H     032CH                  *** GAP ***
            XDATA   0640H     0100H     ABSOLUTE     
            XDATA   0740H     0012H     ABSOLUTE     
            XDATA   0752H     0020H     ABSOLUTE     
            XDATA   0772H     000CH     ABSOLUTE     
            XDATA   077EH     0008H     ABSOLUTE     
            XDATA   0786H     0001H     ABSOLUTE     
            XDATA   0787H     0003H     ABSOLUTE     
            XDATA   078AH     0002H     ABSOLUTE     
            XDATA   078CH     0002H     ABSOLUTE     
            XDATA   078EH     0003H     ABSOLUTE     
            XDATA   0791H     0001H     ABSOLUTE     
            XDATA   0792H     0001H     ABSOLUTE     
            XDATA   0793H     0001H     ABSOLUTE     
            XDATA   0794H     0001H     ABSOLUTE     
            XDATA   0795H     0002H     ABSOLUTE     
            XDATA   0797H     0002H     ABSOLUTE     
            XDATA   0799H     0001H     ABSOLUTE     
            XDATA   079AH     0001H     ABSOLUTE     
            XDATA   079BH     0001H     ABSOLUTE     
            XDATA   079CH     0001H     ABSOLUTE     
            XDATA   079DH     0001H     ABSOLUTE     
            XDATA   079EH     0001H     ABSOLUTE     
            XDATA   079FH     0002H     ABSOLUTE     
            XDATA   07A1H     0001H     ABSOLUTE     
            XDATA   07A2H     0001H     ABSOLUTE     
            XDATA   07A3H     000CH     ABSOLUTE     
                    07AFH     0011H                  *** GAP ***
            XDATA   07C0H     0040H     ABSOLUTE     

            * * * * * * *   C O D E   M E M O R Y   * * * * * * *
            CODE    0000H     0003H     ABSOLUTE     
            CODE    0003H     003DH     UNIT         ?PR?MAIN?MAIN
            CODE    0040H     0003H     UNIT         ?PR?SUSPEND_DEVICE?MAIN
            CODE    0043H     0003H     ABSOLUTE     
            CODE    0046H     0044H     UNIT         ?PR?_DISPCOLOR?LCD
BL51 BANKED LINKER/LOCATER V6.22                                                      12/08/2021  14:03:42  PAGE 3


                    008AH     0001H                  *** GAP ***
            CODE    008BH     0003H     ABSOLUTE     
            CODE    008EH     060BH     UNIT         ?PR?CONNTOUSB?MAIN
            CODE    0699H     0600H     UNIT         ?CO?LCD
            CODE    0C99H     0545H     UNIT         ?C?LIB_CODE
            CODE    11DEH     0252H     UNIT         ?PR?LCD_INIT?LCD
            CODE    1430H     0233H     UNIT         ?PR?USBXCORE_HANDLE_SETUP?USB_API
            CODE    1663H     0232H     UNIT         ?PR?_LCD_READ_IC_ID?LCD
            CODE    1895H     021EH     UNIT         ?PR?DISPSCALEHOR1?LCD
            CODE    1AB3H     021BH     UNIT         ?PR?TP_DRAWLINE?TP
            CODE    1CCEH     01BAH     UNIT         ?PR?DISPSCALEHOR2?LCD
            CODE    1E88H     018AH     UNIT         ?PR?DISPBAND?LCD
            CODE    2012H     0151H     UNIT         ?PR?USBXCORE_USB_ISR?USB_API
            CODE    2163H     013BH     UNIT         ?PR?USB_API_TEST_ISR?MAIN
            CODE    229EH     0137H     UNIT         ?PR?_USB_INIT?USB_API
            CODE    23D5H     0128H     UNIT         ?PR?DISPSCALEVER?LCD
            CODE    24FDH     011BH     UNIT         ?PR?_TP_GETPOSITION?TP
            CODE    2618H     0111H     UNIT         ?PR?_BLOCK_WRITE?BLOCK_WRITE
            CODE    2729H     00E9H     UNIT         ?PR?_DISPPICFROMSD?LCD
            CODE    2812H     00CDH     UNIT         ?PR?USBXCORE_VENDOR_USB_API?USB_API
            CODE    28DFH     00CBH     UNIT         ?PR?_DISPONECHAR?LCD
            CODE    29AAH     00B7H     UNIT         ?PR?MMC_SD_RESET?MMC_SD
            CODE    2A61H     00B3H     UNIT         ?PR?_DISPINT?LCD
            CODE    2B14H     00B2H     UNIT         ?PR?USBXCORE_GET_DESCRIPTOR?USB_API
            CODE    2BC6H     00AFH     UNIT         ?PR?_BLOCK_READ?BLOCK_READ
            CODE    2C75H     00A4H     UNIT         ?PR?DISPFRAME?LCD
            CODE    2D19H     009EH     UNIT         ?PR?DISPSCALEVER_GREEN?LCD
            CODE    2DB7H     009BH     UNIT         ?PR?_?BLOCKWRITE?LCD
            CODE    2E52H     009BH     UNIT         ?PR?DISPGRAYHOR16?LCD
            CODE    2EEDH     0096H     UNIT         ?PR?_DISPSTR?LCD
            CODE    2F83H     0091H     UNIT         ?PR?DISPSCALEVER_RED?LCD
            CODE    3014H     0091H     UNIT         ?PR?DISPSCALEVER_GRAY?LCD
            CODE    30A5H     008FH     UNIT         ?PR?_DRAWGIRD?LCD
            CODE    3134H     008CH     UNIT         ?C_C51STARTUP
            CODE    31C0H     0086H     UNIT         ?PR?DISPSCALEVER_BLUE?LCD
            CODE    3246H     0086H     UNIT         ?PR?_DRAWLINE?LCD
            CODE    32CCH     007DH     UNIT         ?PR?_MMC_SD_WRITESINGLEBLOCK?MMC_SD
            CODE    3349H     0078H     UNIT         ?PR?DISPGRAYHOR32?LCD
            CODE    33C1H     0075H     UNIT         ?PR?_MMC_SD_SENDCOMMAND?MMC_SD
            CODE    3436H     0073H     UNIT         ?PR?TP_READ?TP
            CODE    34A9H     0073H     UNIT         ?PR?USBXCORE_GET_STATUS?USB_API
            CODE    351CH     006CH     UNIT         ?PR?DEVICES_INIT?MAIN
            CODE    3588H     0064H     UNIT         ?PR?_MMC_SD_READSINGLEBLOCK?MMC_SD
            CODE    35ECH     005BH     UNIT         ?PR?_TOORD?LCD
            CODE    3647H     005AH     UNIT         ?PR?USBXCORE_SET_CONFIGURATION?USB_API
            CODE    36A1H     0058H     UNIT         ?PR?USBXCORE_CLEAR_FEATURE?USB_API
            CODE    36F9H     0057H     UNIT         ?PR?USBXCORE_SET_FEATURE?USB_API
            CODE    3750H     0055H     UNIT         ?PR?_STOPDELAY?MAIN
            CODE    37A5H     0053H     UNIT         ?PR?_DISPPIC?LCD
            CODE    37F8H     0052H     UNIT         ?PR?_PUTPIXEL?LCD
            CODE    384AH     0050H     UNIT         ?CO?MAIN
            CODE    389AH     0047H     UNIT         ?PR?USBXCORE_GET_CONFIGURATION?USB_API
            CODE    38E1H     0043H     UNIT         ?PR?MCU_INIT?MAIN
            CODE    3924H     003AH     UNIT         ?CO?USB_API
            CODE    395EH     0038H     UNIT         ?PR?USB_CLOCK_START?USB_CLOCK_START
            CODE    3996H     002DH     UNIT         ?C_INITSEG
            CODE    39C3H     002CH     UNIT         ?PR?_WRITEDISPDATA?LCD
BL51 BANKED LINKER/LOCATER V6.22                                                      12/08/2021  14:03:42  PAGE 4


            CODE    39EFH     002BH     UNIT         ?PR?USB_SUSPEND?USB_SUSPEND
            CODE    3A1AH     0027H     UNIT         ?PR?USBXCORE_USB_RESET?USB_API
            CODE    3A41H     0027H     UNIT         ?PR?USBXCORE_GET_INTERFACE?USB_API
            CODE    3A68H     0026H     UNIT         ?PR?_TP_WRITE?TP
            CODE    3A8EH     0022H     UNIT         ?PR?USBXCORE_JUMP_ISR?USB_JUMP_ISR
            CODE    3AB0H     0020H     UNIT         ?PR?USBXCORE_SET_ADDRESS?USB_API
            CODE    3AD0H     001FH     UNIT         ?PR?_DELAY?MAIN
            CODE    3AEFH     001DH     UNIT         ?PR?USBXCORE_FORCE_STALL?USB_API
            CODE    3B0CH     001CH     UNIT         ?PR?_WRITECOMM?LCD
            CODE    3B28H     001AH     UNIT         ?PR?_WRITEDATA?LCD
            CODE    3B42H     0019H     UNIT         ?PR?USB_INT_ENABLE?USB_INT_ENABLE
            CODE    3B5BH     0016H     UNIT         ?PR?_SPI_WRITEBYTE?MMC_SD
            CODE    3B71H     0016H     UNIT         ?PR?READDATA?LCD
            CODE    3B87H     0014H     UNIT         ?PR?USBXCORE_SET_SOP?USB_API
            CODE    3B9BH     0013H     UNIT         ?PR?WAITKEY?MAIN
            CODE    3BAEH     0011H     UNIT         ?PR?SD_INIT?MMC_SD
            CODE    3BBFH     000EH     UNIT         ?PR?GET_INTERRUPT_SOURCE?GET_INTERRUPT_SOURCE
            CODE    3BCDH     000CH     UNIT         ?PR?USBXCORE_CLKREC?USB_CLOCK_RECOVERY
            CODE    3BD9H     000BH     UNIT         ?PR?SPI_READBYTE?MMC_SD
            CODE    3BE4H     0009H     UNIT         ?PR?_WRITEONEDOT?LCD
            CODE    3BEDH     0008H     UNIT         ?CO?TP



OVERLAY MAP OF MODULE:   NV3023W_BOE188_ZT_H8 (MAIN)


SEGMENT                                            PDATA_GROUP         XDATA_GROUP
  +--> CALLED SEGMENT                            START    LENGTH     START    LENGTH
------------------------------------------------------------------------------------
?PR?USB_API_TEST_ISR?MAIN                        0056H    0001H      -----    -----
  +--> ?PR?GET_INTERRUPT_SOURCE?GET_INTERRUP...
  +--> ?PR?_BLOCK_READ?BLOCK_READ
  +--> ?PR?SUSPEND_DEVICE?MAIN
  +--> ?PR?MCU_INIT?MAIN
  +--> ?PR?_?BLOCKWRITE?LCD

?PR?SUSPEND_DEVICE?MAIN                          -----    -----      -----    -----
  +--> ?PR?USB_SUSPEND?USB_SUSPEND

?PR?USB_SUSPEND?USB_SUSPEND                      -----    -----      -----    -----
  +--> ?PR?USB_CLOCK_START?USB_CLOCK_START

?PR?_?BLOCKWRITE?LCD                             -----    -----      -----    -----
  +--> ?PR?_WRITECOMM?LCD
  +--> ?PR?_WRITEDATA?LCD

?PR?_WRITECOMM?LCD                               007AH    0001H      -----    -----

?PR?_WRITEDATA?LCD                               007AH    0002H      -----    -----

*** NEW ROOT ***************************************************

?PR?USBXCORE_USB_ISR?USB_API                     -----    -----      -----    -----
  +--> ?PR?USBXCORE_USB_RESET?USB_API
  +--> ?PR?USBXCORE_HANDLE_SETUP?USB_API
  +--> ?PR?USBXCORE_JUMP_ISR?USB_JUMP_ISR
BL51 BANKED LINKER/LOCATER V6.22                                                      12/08/2021  14:03:42  PAGE 5



?PR?USBXCORE_HANDLE_SETUP?USB_API                -----    -----      -----    -----
  +--> ?PR?USBXCORE_GET_STATUS?USB_API
  +--> ?PR?USBXCORE_CLEAR_FEATURE?USB_API
  +--> ?PR?USBXCORE_VENDOR_USB_API?USB_API
  +--> ?PR?USBXCORE_SET_FEATURE?USB_API
  +--> ?PR?USBXCORE_SET_ADDRESS?USB_API
  +--> ?PR?USBXCORE_GET_DESCRIPTOR?USB_API
  +--> ?PR?USBXCORE_GET_CONFIGURATION?USB_API
  +--> ?PR?USBXCORE_SET_CONFIGURATION?USB_API
  +--> ?PR?USBXCORE_GET_INTERFACE?USB_API
  +--> ?PR?USBXCORE_SET_SOP?USB_API
  +--> ?PR?USBXCORE_FORCE_STALL?USB_API

?PR?USBXCORE_GET_STATUS?USB_API                  -----    -----      -----    -----
  +--> ?CO?USB_API
  +--> ?PR?USBXCORE_FORCE_STALL?USB_API
  +--> ?PR?USBXCORE_SET_SOP?USB_API

?PR?USBXCORE_CLEAR_FEATURE?USB_API               -----    -----      -----    -----
  +--> ?PR?USBXCORE_FORCE_STALL?USB_API
  +--> ?PR?USBXCORE_SET_SOP?USB_API

?PR?USBXCORE_VENDOR_USB_API?USB_API              -----    -----      -----    -----
  +--> ?PR?USBXCORE_SET_SOP?USB_API

?PR?USBXCORE_SET_FEATURE?USB_API                 -----    -----      -----    -----
  +--> ?PR?USBXCORE_FORCE_STALL?USB_API
  +--> ?PR?USBXCORE_SET_SOP?USB_API

?PR?USBXCORE_SET_ADDRESS?USB_API                 -----    -----      -----    -----
  +--> ?PR?USBXCORE_SET_SOP?USB_API

?PR?USBXCORE_GET_DESCRIPTOR?USB_API              -----    -----      -----    -----
  +--> ?PR?USBXCORE_FORCE_STALL?USB_API
  +--> ?PR?USBXCORE_SET_SOP?USB_API

?PR?USBXCORE_GET_CONFIGURATION?USB_API           -----    -----      -----    -----
  +--> ?CO?USB_API
  +--> ?PR?USBXCORE_SET_SOP?USB_API

?PR?USBXCORE_SET_CONFIGURATION?USB_API           -----    -----      -----    -----
  +--> ?PR?USBXCORE_SET_SOP?USB_API

?PR?USBXCORE_GET_INTERFACE?USB_API               -----    -----      -----    -----
  +--> ?CO?USB_API
  +--> ?PR?USBXCORE_SET_SOP?USB_API

*** NEW ROOT ***************************************************

?C_C51STARTUP                                    -----    -----      -----    -----
  +--> ?PR?MAIN?MAIN
  +--> ?C_INITSEG

?PR?MAIN?MAIN                                    -----    -----      -----    -----
  +--> ?PR?DEVICES_INIT?MAIN
  +--> ?PR?DISPFRAME?LCD
BL51 BANKED LINKER/LOCATER V6.22                                                      12/08/2021  14:03:42  PAGE 6


  +--> ?PR?_STOPDELAY?MAIN
  +--> ?PR?WAITKEY?MAIN
  +--> ?PR?_DISPCOLOR?LCD
  +--> ?PR?DISPGRAYHOR16?LCD
  +--> ?PR?DISPBAND?LCD
  +--> ?PR?TP_DRAWLINE?TP

?PR?DEVICES_INIT?MAIN                            -----    -----      -----    -----
  +--> ?PR?MCU_INIT?MAIN
  +--> ?PR?USB_CLOCK_START?USB_CLOCK_START
  +--> ?CO?MAIN
  +--> ?PR?_USB_INIT?USB_API
  +--> ?PR?USB_INT_ENABLE?USB_INT_ENABLE
  +--> ?PR?LCD_INIT?LCD

?PR?_USB_INIT?USB_API                            -----    -----      027CH    0011H
  +--> ?CO?USB_API
  +--> ?PR?USBXCORE_CLKREC?USB_CLOCK_RECOVERY

?PR?LCD_INIT?LCD                                 -----    -----      -----    -----
  +--> ?PR?READDATA?LCD
  +--> ?PR?_DELAY?MAIN
  +--> ?PR?_WRITECOMM?LCD
  +--> ?PR?_WRITEDATA?LCD

?PR?READDATA?LCD                                 -----    -----      -----    -----
  +--> ?PR?_LCD_READ_IC_ID?LCD

?PR?_LCD_READ_IC_ID?LCD                          0062H    0008H      -----    -----

?PR?DISPFRAME?LCD                                0059H    0002H      -----    -----
  +--> ?PR?_?BLOCKWRITE?LCD
  +--> ?PR?_WRITEDISPDATA?LCD

?PR?_WRITEDISPDATA?LCD                           007AH    0001H      -----    -----

?PR?_STOPDELAY?MAIN                              0059H    0004H      -----    -----
  +--> ?PR?WAITKEY?MAIN
  +--> ?PR?_DELAY?MAIN

?PR?WAITKEY?MAIN                                 -----    -----      -----    -----
  +--> ?PR?CONNTOUSB?MAIN
  +--> ?PR?_DELAY?MAIN

?PR?CONNTOUSB?MAIN                               005DH    0005H      027CH    0058H
  +--> ?CO?MAIN
  +--> ?PR?_WRITECOMM?LCD
  +--> ?PR?_WRITEDATA?LCD
  +--> ?PR?_DISPSTR?LCD
  +--> ?PR?_DISPINT?LCD
  +--> ?PR?_WRITEDISPDATA?LCD
  +--> ?PR?_MMC_SD_WRITESINGLEBLOCK?MMC_SD
  +--> ?PR?_BLOCK_WRITE?BLOCK_WRITE
  +--> ?PR?READDATA?LCD
  +--> ?PR?_DELAY?MAIN

?PR?_DISPSTR?LCD                                 0062H    000BH      -----    -----
BL51 BANKED LINKER/LOCATER V6.22                                                      12/08/2021  14:03:42  PAGE 7


  +--> ?PR?_TOORD?LCD
  +--> ?PR?_DISPONECHAR?LCD

?PR?_DISPONECHAR?LCD                             006DH    000DH      -----    -----
  +--> ?PR?_?BLOCKWRITE?LCD
  +--> ?CO?LCD
  +--> ?PR?_WRITEONEDOT?LCD

?PR?_WRITEONEDOT?LCD                             -----    -----      -----    -----
  +--> ?PR?_WRITEDISPDATA?LCD

?PR?_DISPINT?LCD                                 0062H    000AH      -----    -----
  +--> ?PR?_DISPONECHAR?LCD

?PR?_MMC_SD_WRITESINGLEBLOCK?MMC_SD              0062H    0004H      -----    -----
  +--> ?PR?_MMC_SD_SENDCOMMAND?MMC_SD
  +--> ?PR?_SPI_WRITEBYTE?MMC_SD

?PR?_MMC_SD_SENDCOMMAND?MMC_SD                   0066H    0005H      -----    -----
  +--> ?PR?_SPI_WRITEBYTE?MMC_SD

?PR?_DISPCOLOR?LCD                               0059H    0004H      -----    -----
  +--> ?PR?_?BLOCKWRITE?LCD
  +--> ?PR?_WRITEDISPDATA?LCD

?PR?DISPGRAYHOR16?LCD                            0059H    0004H      -----    -----
  +--> ?PR?_?BLOCKWRITE?LCD
  +--> ?PR?_WRITEDISPDATA?LCD

?PR?DISPBAND?LCD                                 0059H    0005H      -----    -----
  +--> ?PR?_?BLOCKWRITE?LCD
  +--> ?PR?_WRITEDISPDATA?LCD

?PR?TP_DRAWLINE?TP                               -----    -----      027CH    0018H
  +--> ?PR?_DISPCOLOR?LCD
  +--> ?CO?TP
  +--> ?PR?_DISPSTR?LCD
  +--> ?PR?_DELAY?MAIN
  +--> ?PR?_TP_GETPOSITION?TP
  +--> ?PR?_PUTPIXEL?LCD

?PR?_TP_GETPOSITION?TP                           -----    -----      0294H    001BH
  +--> ?PR?_TP_WRITE?TP
  +--> ?PR?TP_READ?TP

?PR?_TP_WRITE?TP                                 -----    -----      02AFH    0001H

?PR?TP_READ?TP                                   -----    -----      02AFH    0005H

?PR?_PUTPIXEL?LCD                                0059H    0002H      -----    -----
  +--> ?PR?_?BLOCKWRITE?LCD
  +--> ?PR?_WRITEDISPDATA?LCD



SYMBOL TABLE OF MODULE:  NV3023W_BOE188_ZT_H8 (MAIN)

BL51 BANKED LINKER/LOCATER V6.22                                                      12/08/2021  14:03:42  PAGE 8


  VALUE           TYPE          NAME
  ----------------------------------

  -------         MODULE        MAIN
  C:0000H         SYMBOL        _ICE_DUMMY_
  D:0080H         PUBLIC        P0
  X:0000H         PUBLIC        f_down
  D:0090H         PUBLIC        P1
  D:00B0H         PUBLIC        P3
  C:3895H         PUBLIC        USB_MaxPower
  B:00B0H.6       PUBLIC        KEY_STEP
  D:00A4H         PUBLIC        P0MDOUT
  D:00A5H         PUBLIC        P1MDOUT
  D:00A6H         PUBLIC        P2MDOUT
  D:00A7H         PUBLIC        P3MDOUT
  D:00AEH         PUBLIC        P4MDOUT
  B:0080H.6       PUBLIC        OE
  D:00D9H         PUBLIC        PCA0MD
  C:2163H         PUBLIC        USB_API_TEST_ISR
  C:0040H         PUBLIC        Suspend_Device
  C:3754H         PUBLIC        _StopDelay
  D:00E1H         PUBLIC        XBR0
  D:00E2H         PUBLIC        XBR1
  B:00B0H.1       PUBLIC        RS
  C:0003H         PUBLIC        main
  X:0001H         PUBLIC        VerifyCode0
  X:0002H         PUBLIC        VerifyCode1
  C:385FH         PUBLIC        USB_PID
  X:0003H         PUBLIC        VerifyCode2
  D:00F1H         PUBLIC        P0MDIN
  D:00F2H         PUBLIC        P1MDIN
  C:3861H         PUBLIC        USB_MfrStr
  D:00F4H         PUBLIC        P3MDIN
  C:385DH         PUBLIC        USB_VID
  D:00F8H         PUBLIC        SPI0CN
  X:0004H         PUBLIC        pic
  C:351CH         PUBLIC        Devices_Init
  C:008EH         PUBLIC        ConnToUSB
  D:00A9H         PUBLIC        CLKSEL
  D:00B2H         PUBLIC        OSCICN
  C:3896H         PUBLIC        USB_PwAttributes
  C:3B9BH         PUBLIC        WaitKey
  C:3899H         SYMBOL        _?ix1000
  B:00B0H.0       PUBLIC        CS0
  X:0005H         PUBLIC        bf
  C:3897H         PUBLIC        USB_bcdDevice
  D:00B9H         PUBLIC        CLKMUL
  X:0007H         PUBLIC        f_debug
  X:0008H         PUBLIC        sd
  X:02D4H         PUBLIC        Packet
  C:38E1H         PUBLIC        MCU_Init
  B:0080H.7       PUBLIC        DIR
  D:00EFH         PUBLIC        RSTSRC
  X:000CH         PUBLIC        f_read
  C:388BH         PUBLIC        USB_SerialStr
  X:000DH         PUBLIC        f_other
  C:387BH         PUBLIC        USB_ProductStr
BL51 BANKED LINKER/LOCATER V6.22                                                      12/08/2021  14:03:42  PAGE 9


  X:000EH         PUBLIC        f_para
  D:00A1H         PUBLIC        SPI0CFG
  C:3AD0H         PUBLIC        _Delay
  B:00B0H.7       PUBLIC        KEY_Stop
  X:000FH         PUBLIC        f_init
  -------         PROC          MAIN
  C:0003H         LINE#         40
  C:0003H         LINE#         41
  C:0003H         LINE#         61
  C:0006H         LINE#         63
  C:0009H         LINE#         64
  C:0009H         LINE#         67
  C:0012H         LINE#         68
  C:001FH         LINE#         73
  C:0028H         LINE#         74
  C:0031H         LINE#         75
  C:003AH         LINE#         79
  C:003DH         LINE#         81
  C:003FH         LINE#         82
  -------         ENDPROC       MAIN
  -------         PROC          _DELAY
  D:0006H         SYMBOL        dly
  -------         DO            
  D:0004H         SYMBOL        i
  D:0002H         SYMBOL        j
  -------         ENDDO         
  C:3AD0H         LINE#         85
  C:3AD0H         LINE#         86
  C:3AD0H         LINE#         89
  C:3ADAH         LINE#         90
  C:3AEEH         LINE#         91
  -------         ENDPROC       _DELAY
  C:3750H         SYMBOL        L?0133
  -------         PROC          L?0132
  -------         ENDPROC       L?0132
  C:3750H         SYMBOL        L?0133
  -------         PROC          _STOPDELAY
  X:0059H         SYMBOL        sdly
  -------         DO            
  D:0006H         SYMBOL        i
  D:0004H         SYMBOL        j
  X:005BH         SYMBOL        k
  -------         ENDDO         
  C:3754H         LINE#         93
  C:375BH         LINE#         94
  C:375BH         LINE#         96
  C:3760H         LINE#         97
  C:3760H         LINE#         98
  C:3763H         LINE#         99
  C:3763H         LINE#         100
  C:3770H         LINE#         101
  C:3784H         LINE#         1999
  C:3784H         LINE#         2001
  C:3784H         LINE#         2002
  C:378EH         LINE#         2003
  C:378EH         LINE#         2004
  C:37A4H         LINE#         2005
BL51 BANKED LINKER/LOCATER V6.22                                                      12/08/2021  14:03:42  PAGE 10


  -------         ENDPROC       _STOPDELAY
  -------         PROC          WAITKEY
  C:3B9BH         LINE#         2035
  C:3B9BH         LINE#         2036
  C:3B9BH         LINE#         2038
  C:3B9EH         LINE#         2039
  C:3B9EH         LINE#         2041
  C:3BA1H         LINE#         2043
  C:3BA3H         LINE#         2044
  C:3BAAH         LINE#         2045
  C:3BADH         LINE#         2047
  -------         ENDPROC       WAITKEY
  -------         PROC          CONNTOUSB
  -------         DO            
  X:005DH         SYMBOL        i
  X:027CH         SYMBOL        reg_data
  X:0294H         SYMBOL        para_data
  D:0007H         SYMBOL        dat
  X:005EH         SYMBOL        reg_index
  X:0060H         SYMBOL        data_num
  X:0061H         SYMBOL        st
  -------         ENDDO         
  C:008EH         LINE#         2053
  C:008EH         LINE#         2054
  C:008EH         LINE#         2061
  C:00A1H         LINE#         2063
  C:00A9H         LINE#         2064
  C:00A9H         LINE#         2065
  C:00B7H         LINE#         2066
  C:00B7H         LINE#         2067
  C:00C8H         LINE#         2068
  C:00C8H         LINE#         2069
  C:00EEH         LINE#         2070
  C:00F0H         LINE#         2071
  C:0104H         LINE#         2072
  C:0104H         LINE#         2073
  C:012AH         LINE#         2075
  C:012AH         LINE#         2076
  C:012AH         LINE#         2077
  C:012AH         LINE#         2079
  C:012AH         LINE#         2080
  C:0132H         LINE#         2081
  C:013CH         LINE#         2082
  C:0146H         LINE#         2084
  C:0162H         LINE#         2086
  C:016CH         LINE#         2087
  C:016CH         LINE#         2088
  C:017DH         LINE#         2089
  C:017DH         LINE#         2090
  C:018EH         LINE#         2091
  C:018EH         LINE#         2092
  C:01E1H         LINE#         2093
  C:01E3H         LINE#         2094
  C:01F9H         LINE#         2095
  C:01F9H         LINE#         2096
  C:024BH         LINE#         2097
  C:024BH         LINE#         2098
BL51 BANKED LINKER/LOCATER V6.22                                                      12/08/2021  14:03:42  PAGE 11


  C:024BH         LINE#         2099
  C:024BH         LINE#         2101
  C:024BH         LINE#         2102
  C:0253H         LINE#         2103
  C:0253H         LINE#         2104
  C:025DH         LINE#         2105
  C:0267H         LINE#         2107
  C:026BH         LINE#         2108
  C:026EH         LINE#         2112
  C:0276H         LINE#         2113
  C:0276H         LINE#         2114
  C:0285H         LINE#         2115
  C:0285H         LINE#         2116
  C:0287H         LINE#         2118
  C:0289H         LINE#         2119
  C:02A5H         LINE#         2120
  C:02A7H         LINE#         2122
  C:02D0H         LINE#         2123
  C:02F4H         LINE#         2124
  C:02FEH         LINE#         2125
  C:02FEH         LINE#         2126
  C:0306H         LINE#         2127
  C:030DH         LINE#         2128
  C:0318H         LINE#         2129
  C:031EH         LINE#         2130
  C:031EH         LINE#         2131
  C:0327H         LINE#         2133
  C:032BH         LINE#         2134
  C:0337H         LINE#         2135
  C:033AH         LINE#         2138
  C:0342H         LINE#         2139
  C:0342H         LINE#         2140
  C:034BH         LINE#         2141
  C:034BH         LINE#         2142
  C:035BH         LINE#         2143
  C:035BH         LINE#         2144
  C:035DH         LINE#         2146
  C:035FH         LINE#         2147
  C:037BH         LINE#         2148
  C:037DH         LINE#         2150
  C:03A6H         LINE#         2151
  C:03CAH         LINE#         2153
  C:03D4H         LINE#         2154
  C:03D4H         LINE#         2155
  C:03DCH         LINE#         2156
  C:03E3H         LINE#         2157
  C:03EEH         LINE#         2158
  C:03F4H         LINE#         2159
  C:03F4H         LINE#         2161
  C:03FDH         LINE#         2167
  C:03FDH         LINE#         2168
  C:040AH         LINE#         2169
  C:040AH         LINE#         2170
  C:040CH         LINE#         2172
  C:040EH         LINE#         2173
  C:042AH         LINE#         2174
  C:042CH         LINE#         2176
BL51 BANKED LINKER/LOCATER V6.22                                                      12/08/2021  14:03:42  PAGE 12


  C:0434H         LINE#         2177
  C:0438H         LINE#         2178
  C:0444H         LINE#         2179
  C:0444H         LINE#         2180
  C:0447H         LINE#         2183
  C:044FH         LINE#         2184
  C:044FH         LINE#         2185
  C:0460H         LINE#         2186
  C:0460H         LINE#         2187
  C:046DH         LINE#         2188
  C:046DH         LINE#         2189
  C:048BH         LINE#         2190
  C:048DH         LINE#         2191
  C:049DH         LINE#         2192
  C:049DH         LINE#         2193
  C:04BBH         LINE#         2194
  C:04BDH         LINE#         2195
  C:04CEH         LINE#         2196
  C:04CEH         LINE#         2197
  C:04D8H         LINE#         2198
  C:04E2H         LINE#         2199
  C:04E2H         LINE#         2200
  C:04E2H         LINE#         2201
  C:04E2H         LINE#         2203
  C:04E2H         LINE#         2204
  C:04EBH         LINE#         2205
  C:04EFH         LINE#         2206
  C:04FBH         LINE#         2207
  C:04FEH         LINE#         2210
  C:0506H         LINE#         2211
  C:0506H         LINE#         2212
  C:0513H         LINE#         2213
  C:0524H         LINE#         2215
  C:052DH         LINE#         2216
  C:053CH         LINE#         2218
  C:0544H         LINE#         2219
  C:0544H         LINE#         2220
  C:054DH         LINE#         2221
  C:055CH         LINE#         2222
  C:055CH         LINE#         2223
  C:055FH         LINE#         2224
  C:056EH         LINE#         2225
  C:057AH         LINE#         2226
  C:0580H         LINE#         2227
  C:0580H         LINE#         2229
  C:0584H         LINE#         2230
  C:0593H         LINE#         2232
  C:059AH         LINE#         2233
  C:05B6H         LINE#         2234
  C:05C0H         LINE#         2235
  C:05C0H         LINE#         2236
  C:05E6H         LINE#         2237
  C:05F9H         LINE#         2238
  C:05F9H         LINE#         2239
  C:064BH         LINE#         2240
  C:0653H         LINE#         2241
  C:0653H         LINE#         2242
BL51 BANKED LINKER/LOCATER V6.22                                                      12/08/2021  14:03:42  PAGE 13


  C:0653H         LINE#         2245
  C:0658H         LINE#         2246
  C:0658H         LINE#         2247
  C:0665H         LINE#         2248
  C:0676H         LINE#         2250
  C:067BH         LINE#         2251
  C:067FH         LINE#         2252
  C:0682H         LINE#         2253
  C:0686H         LINE#         2255
  C:068AH         LINE#         2256
  C:0696H         LINE#         2257
  C:0698H         LINE#         2258
  -------         ENDPROC       CONNTOUSB
  -------         PROC          MCU_INIT
  -------         DO            
  D:0007H         SYMBOL        n
  -------         ENDDO         
  C:38E1H         LINE#         2261
  C:38E1H         LINE#         2262
  C:38E1H         LINE#         2264
  C:38E4H         LINE#         2267
  C:38E7H         LINE#         2268
  C:38EAH         LINE#         2270
  C:38EDH         LINE#         2272
  C:38F3H         LINE#         2274
  C:38F6H         LINE#         2275
  C:38FBH         LINE#         2276
  C:38FEH         LINE#         2278
  C:3901H         LINE#         2281
  C:3904H         LINE#         2282
  C:3907H         LINE#         2284
  C:390AH         LINE#         2285
  C:390DH         LINE#         2287
  C:3910H         LINE#         2288
  C:3913H         LINE#         2290
  C:3916H         LINE#         2291
  C:3919H         LINE#         2292
  C:391BH         LINE#         2293
  C:391DH         LINE#         2295
  C:3920H         LINE#         2296
  C:3923H         LINE#         2298
  -------         ENDPROC       MCU_INIT
  -------         PROC          DEVICES_INIT
  C:351CH         LINE#         2300
  C:351CH         LINE#         2301
  C:351CH         LINE#         2303
  C:351FH         LINE#         2306
  C:3522H         LINE#         2307
  C:357CH         LINE#         2308
  C:357FH         LINE#         2311
  C:3582H         LINE#         2312
  C:3585H         LINE#         2320
  -------         ENDPROC       DEVICES_INIT
  -------         PROC          SUSPEND_DEVICE
  C:0040H         LINE#         2324
  C:0040H         LINE#         2325
  C:0040H         LINE#         2326
BL51 BANKED LINKER/LOCATER V6.22                                                      12/08/2021  14:03:42  PAGE 14


  -------         ENDPROC       SUSPEND_DEVICE
  -------         PROC          USB_API_TEST_ISR
  -------         DO            
  X:0056H         SYMBOL        INTVAL
  -------         ENDDO         
  C:2163H         LINE#         2330
  C:2180H         LINE#         2332
  C:2187H         LINE#         2334
  C:218DH         LINE#         2335
  C:218DH         LINE#         2336
  C:2198H         LINE#         2338
  C:21B4H         LINE#         2339
  C:21B4H         LINE#         2340
  C:21B6H         LINE#         2341
  C:21B8H         LINE#         2342
  C:21CEH         LINE#         2343
  C:21CEH         LINE#         2344
  C:21D0H         LINE#         2345
  C:21D2H         LINE#         2346
  C:21EAH         LINE#         2347
  C:21EAH         LINE#         2348
  C:21ECH         LINE#         2349
  C:21EEH         LINE#         2350
  C:2208H         LINE#         2351
  C:2208H         LINE#         2352
  C:220AH         LINE#         2353
  C:220CH         LINE#         2354
  C:2221H         LINE#         2355
  C:2221H         LINE#         2356
  C:2223H         LINE#         2357
  C:2225H         LINE#         2359
  C:2225H         LINE#         2360
  C:222AH         LINE#         2361
  C:222AH         LINE#         2362
  C:222AH         LINE#         2364
  C:222AH         LINE#         2365
  C:222AH         LINE#         2367
  C:222AH         LINE#         2369
  C:2230H         LINE#         2370
  C:2230H         LINE#         2371
  C:2233H         LINE#         2372
  C:2233H         LINE#         2374
  C:2239H         LINE#         2375
  C:2239H         LINE#         2376
  C:223CH         LINE#         2377
  C:223CH         LINE#         2379
  C:2242H         LINE#         2380
  C:2242H         LINE#         2381
  C:225DH         LINE#         2382
  C:225DH         LINE#         2384
  C:2263H         LINE#         2385
  C:2263H         LINE#         2386
  C:2268H         LINE#         2387
  C:2283H         LINE#         2388
  C:2283H         LINE#         2389
  -------         ENDPROC       USB_API_TEST_ISR
  -------         ENDMOD        MAIN
BL51 BANKED LINKER/LOCATER V6.22                                                      12/08/2021  14:03:42  PAGE 15



  -------         MODULE        MMC_SD
  C:0000H         SYMBOL        _ICE_DUMMY_
  D:00A2H         PUBLIC        SPI0CKR
  D:0080H         PUBLIC        P0
  D:0090H         PUBLIC        P1
  D:00B0H         PUBLIC        P3
  C:33C1H         PUBLIC        _MMC_SD_SendCommand
  C:3588H         PUBLIC        _MMC_SD_ReadSingleBlock
  C:3BAEH         PUBLIC        SD_Init
  C:32CCH         PUBLIC        _MMC_SD_WriteSingleBlock
  B:00F8H.7       PUBLIC        SPIF
  B:00F8H.2       PUBLIC        NSSMD0
  C:29AAH         PUBLIC        MMC_SD_Reset
  D:00A9H         PUBLIC        CLKSEL
  C:3BD9H         PUBLIC        SPI_ReadByte
  C:3B67H         PUBLIC        _SPI_WriteByte
  D:00A3H         PUBLIC        SPI0DAT
  X:007CH         PUBLIC        buffer
  C:3B5BH         SYMBOL        L?0062
  C:3B60H         SYMBOL        L?0063
  -------         PROC          L?0061
  -------         ENDPROC       L?0061
  C:3B5BH         SYMBOL        L?0062
  C:3B60H         SYMBOL        L?0063
  -------         PROC          _SPI_WRITEBYTE
  D:0007H         SYMBOL        val
  -------         DO            
  D:0007H         SYMBOL        ret
  -------         ENDDO         
  C:3B67H         LINE#         7
  C:3B67H         LINE#         8
  C:3B67H         LINE#         11
  C:3B69H         LINE#         12
  C:3B6CH         LINE#         13
  C:3B6EH         LINE#         14
  C:3B70H         LINE#         15
  C:3B70H         LINE#         16
  -------         ENDPROC       _SPI_WRITEBYTE
  -------         PROC          SPI_READBYTE
  -------         DO            
  D:0007H         SYMBOL        ret
  -------         ENDDO         
  C:3BD9H         LINE#         18
  C:3BD9H         LINE#         19
  C:3BD9H         LINE#         22
  C:3BDCH         LINE#         23
  C:3BDFH         LINE#         24
  C:3BE1H         LINE#         25
  C:3BE3H         LINE#         26
  C:3BE3H         LINE#         27
  -------         ENDPROC       SPI_READBYTE
  -------         PROC          _MMC_SD_SENDCOMMAND
  D:0006H         SYMBOL        cmd
  X:0067H         SYMBOL        arg
  -------         DO            
  D:0007H         SYMBOL        r1
BL51 BANKED LINKER/LOCATER V6.22                                                      12/08/2021  14:03:42  PAGE 16


  D:0003H         SYMBOL        retry
  -------         ENDDO         
  C:33C1H         LINE#         29
  C:33C3H         LINE#         30
  C:33C3H         LINE#         32
  C:33C5H         LINE#         34
  C:33C5H         LINE#         35
  C:33C5H         LINE#         36
  C:33C8H         LINE#         37
  C:33C8H         LINE#         38
  C:33C8H         LINE#         39
  C:33CBH         LINE#         41
  C:33CDH         LINE#         43
  C:33D4H         LINE#         44
  C:33E9H         LINE#         45
  C:33FEH         LINE#         46
  C:3413H         LINE#         47
  C:341DH         LINE#         48
  C:3422H         LINE#         50
  C:342AH         LINE#         51
  C:3433H         LINE#         53
  C:3435H         LINE#         55
  C:3435H         LINE#         56
  -------         ENDPROC       _MMC_SD_SENDCOMMAND
  -------         PROC          MMC_SD_RESET
  -------         DO            
  D:0005H         SYMBOL        i
  D:0002H         SYMBOL        retry
  D:0006H         SYMBOL        r1
  -------         ENDDO         
  C:29AAH         LINE#         58
  C:29AAH         LINE#         59
  C:29AAH         LINE#         62
  C:29ACH         LINE#         64
  C:29ADH         LINE#         65
  C:29B0H         LINE#         66
  C:29B3H         LINE#         68
  C:29B3H         LINE#         69
  C:29BFH         LINE#         70
  C:29CFH         LINE#         71
  C:29D0H         LINE#         72
  C:29D6H         LINE#         73
  C:29DAH         LINE#         75
  C:29DCH         LINE#         77
  C:29DCH         LINE#         79
  C:29DCH         LINE#         80
  C:29ECH         LINE#         81
  C:29EDH         LINE#         82
  C:29F6H         LINE#         83
  C:29FAH         LINE#         85
  C:29FCH         LINE#         86
  C:2A0CH         LINE#         87
  C:2A0DH         LINE#         88
  C:2A16H         LINE#         89
  C:2A19H         LINE#         91
  C:2A1CH         LINE#         92
  C:2A1CH         LINE#         93
BL51 BANKED LINKER/LOCATER V6.22                                                      12/08/2021  14:03:42  PAGE 17


  C:2A1EH         LINE#         95
  C:2A1EH         LINE#         96
  C:2A2EH         LINE#         97
  C:2A2FH         LINE#         98
  C:2A38H         LINE#         99
  C:2A3BH         LINE#         100
  C:2A3BH         LINE#         101
  C:2A4BH         LINE#         103
  C:2A59H         LINE#         104
  C:2A5CH         LINE#         105
  C:2A5FH         LINE#         106
  C:2A60H         LINE#         107
  -------         ENDPROC       MMC_SD_RESET
  -------         PROC          _MMC_SD_READSINGLEBLOCK
  X:0010H         SYMBOL        sector
  -------         DO            
  D:0007H         SYMBOL        r1
  D:0004H         SYMBOL        i
  D:0002H         SYMBOL        retry
  -------         ENDDO         
  C:3588H         LINE#         109
  C:358DH         LINE#         110
  C:358DH         LINE#         113
  C:358FH         LINE#         115
  C:3592H         LINE#         117
  C:3592H         LINE#         118
  C:35AEH         LINE#         119
  C:35AFH         LINE#         120
  C:35B8H         LINE#         121
  C:35BBH         LINE#         124
  C:35BDH         LINE#         126
  C:35C3H         LINE#         128
  C:35C6H         LINE#         129
  C:35C6H         LINE#         130
  C:35D5H         LINE#         131
  C:35E2H         LINE#         133
  C:35E2H         LINE#         134
  C:35E5H         LINE#         136
  C:35E7H         LINE#         137
  C:35EAH         LINE#         138
  C:35EBH         LINE#         139
  -------         ENDPROC       _MMC_SD_READSINGLEBLOCK
  -------         PROC          _MMC_SD_WRITESINGLEBLOCK
  X:0062H         SYMBOL        sector
  -------         DO            
  D:0006H         SYMBOL        r1
  D:0004H         SYMBOL        i
  D:0002H         SYMBOL        retry
  -------         ENDDO         
  C:32CCH         LINE#         141
  C:32D1H         LINE#         142
  C:32D1H         LINE#         145
  C:32D3H         LINE#         147
  C:32D6H         LINE#         149
  C:32D6H         LINE#         150
  C:32F4H         LINE#         151
  C:32F5H         LINE#         152
BL51 BANKED LINKER/LOCATER V6.22                                                      12/08/2021  14:03:42  PAGE 18


  C:32FEH         LINE#         153
  C:3301H         LINE#         157
  C:3303H         LINE#         159
  C:3308H         LINE#         161
  C:330DH         LINE#         163
  C:330FH         LINE#         164
  C:330FH         LINE#         165
  C:331EH         LINE#         166
  C:332BH         LINE#         168
  C:332BH         LINE#         169
  C:332BH         LINE#         171
  C:3330H         LINE#         173
  C:3337H         LINE#         174
  C:3337H         LINE#         175
  C:3339H         LINE#         176
  C:333AH         LINE#         177
  C:333AH         LINE#         179
  C:3342H         LINE#         181
  C:3344H         LINE#         182
  C:3347H         LINE#         183
  C:3348H         LINE#         184
  -------         ENDPROC       _MMC_SD_WRITESINGLEBLOCK
  -------         PROC          SD_INIT
  -------         DO            
  D:0001H         SYMBOL        n
  -------         ENDDO         
  C:3BAEH         LINE#         187
  C:3BAEH         LINE#         188
  C:3BAEH         LINE#         189
  C:3BB0H         LINE#         191
  C:3BB6H         LINE#         192
  C:3BB6H         LINE#         193
  C:3BB7H         LINE#         194
  C:3BBEH         LINE#         196
  -------         ENDPROC       SD_INIT
  -------         ENDMOD        MMC_SD

  -------         MODULE        LCD
  C:0000H         SYMBOL        _ICE_DUMMY_
  D:0080H         PUBLIC        P0
  C:2C75H         PUBLIC        DispFrame
  D:0090H         PUBLIC        P1
  C:2D19H         PUBLIC        DispScaleVer_Green
  D:00A0H         PUBLIC        P2
  D:00B0H         PUBLIC        P3
  C:1E88H         PUBLIC        DispBand
  C:3B2CH         PUBLIC        _WriteData
  C:0699H         PUBLIC        ascii
  C:1663H         PUBLIC        _LCD_Read_IC_ID
  D:00A6H         PUBLIC        P2MDOUT
  C:0046H         PUBLIC        _DispColor
  C:31C0H         PUBLIC        DispScaleVer_Blue
  C:30A5H         PUBLIC        _DrawGird
  C:3246H         PUBLIC        _DrawLine
  C:3B0CH         PUBLIC        _WriteComm
  C:39D8H         PUBLIC        _WriteDispData
  C:3014H         PUBLIC        DispScaleVer_Gray
BL51 BANKED LINKER/LOCATER V6.22                                                      12/08/2021  14:03:42  PAGE 19


  B:00B0H.1       PUBLIC        RS
  B:0090H.7       PUBLIC        SPI_CLK
  C:2F83H         PUBLIC        DispScaleVer_Red
  D:00F3H         PUBLIC        P2MDIN
  C:23D5H         PUBLIC        DispScaleVer
  C:37A5H         PUBLIC        _DispPic
  C:290FH         PUBLIC        _DispOneChar
  C:3349H         PUBLIC        DispGrayHor32
  C:2E52H         PUBLIC        DispGrayHor16
  C:2A61H         PUBLIC        _DispInt
  C:37F8H         PUBLIC        _PutPixel
  D:00A9H         PUBLIC        CLKSEL
  B:0090H.6       PUBLIC        RD0
  B:00B0H.0       PUBLIC        CS0
  X:0054H         PUBLIC        LCM_ID
  C:11DEH         PUBLIC        LCD_Init
  C:2EEDH         PUBLIC        _DispStr
  B:0090H.7       PUBLIC        WR0
  C:1895H         PUBLIC        DispScaleHor1
  B:0090H.6       PUBLIC        SPI_DI
  C:3BE4H         PUBLIC        _WriteOneDot
  C:1CCEH         PUBLIC        DispScaleHor2
  C:2729H         PUBLIC        _DispPicFromSD
  B:0080H.7       PUBLIC        DIR
  C:35ECH         PUBLIC        _ToOrd
  B:0080H.5       PUBLIC        RST
  C:3B71H         PUBLIC        ReadData
  C:2DD0H         PUBLIC        _?BlockWrite
  -------         PROC          _LCD_READ_IC_ID
  X:0062H         SYMBOL        ID
  D:0004H         SYMBOL        Bug
  D:0003H         SYMBOL        flog
  -------         DO            
  X:0063H         SYMBOL        id
  X:0065H         SYMBOL        id1
  X:0067H         SYMBOL        temp
  D:0005H         SYMBOL        i
  D:0007H         SYMBOL        dat
  D:0001H         SYMBOL        id2
  X:0069H         SYMBOL        id3
  D:0002H         SYMBOL        id4
  -------         ENDDO         
  C:1663H         LINE#         35
  C:1667H         LINE#         36
  C:1667H         LINE#         40
  C:166FH         LINE#         41
  C:166FH         LINE#         43
  C:1671H         LINE#         44
  C:1673H         LINE#         45
  C:1675H         LINE#         47
  C:1678H         LINE#         48
  C:167AH         LINE#         49
  C:167CH         LINE#         50
  C:167EH         LINE#         53
  C:1681H         LINE#         54
  C:1684H         LINE#         55
  C:1687H         LINE#         56
BL51 BANKED LINKER/LOCATER V6.22                                                      12/08/2021  14:03:42  PAGE 20


  C:1689H         LINE#         57
  C:168BH         LINE#         58
  C:168DH         LINE#         63
  C:1697H         LINE#         65
  C:169DH         LINE#         66
  C:16A5H         LINE#         68
  C:16ABH         LINE#         69
  C:16B1H         LINE#         70
  C:16BBH         LINE#         72
  C:16C1H         LINE#         73
  C:16C3H         LINE#         75
  C:16C9H         LINE#         77
  C:16CFH         LINE#         78
  C:16D9H         LINE#         80
  C:16DFH         LINE#         81
  C:16E4H         LINE#         83
  C:16EAH         LINE#         85
  C:16F4H         LINE#         86
  C:16FEH         LINE#         88
  C:1704H         LINE#         89
  C:1706H         LINE#         91
  C:1716H         LINE#         92
  C:1720H         LINE#         94
  C:1723H         LINE#         95
  C:1727H         LINE#         96
  C:1727H         LINE#         97
  C:1730H         LINE#         98
  C:1736H         LINE#         99
  C:1736H         LINE#         100
  C:1740H         LINE#         101
  C:1742H         LINE#         102
  C:1746H         LINE#         103
  C:1746H         LINE#         104
  C:1755H         LINE#         105
  C:1755H         LINE#         108
  C:1755H         LINE#         109
  C:175EH         LINE#         110
  C:175EH         LINE#         112
  C:1761H         LINE#         113
  C:1765H         LINE#         114
  C:1767H         LINE#         115
  C:1769H         LINE#         116
  C:176BH         LINE#         117
  C:176BH         LINE#         118
  C:176DH         LINE#         119
  C:1775H         LINE#         120
  C:1777H         LINE#         122
  C:1779H         LINE#         123
  C:177DH         LINE#         124
  C:1782H         LINE#         125
  C:1785H         LINE#         128
  C:178FH         LINE#         129
  C:178FH         LINE#         130
  C:1791H         LINE#         131
  C:1791H         LINE#         132
  C:1793H         LINE#         133
  C:1795H         LINE#         134
BL51 BANKED LINKER/LOCATER V6.22                                                      12/08/2021  14:03:42  PAGE 21


  C:1797H         LINE#         135
  C:17AEH         LINE#         136
  C:17B0H         LINE#         137
  C:17B2H         LINE#         138
  C:17B9H         LINE#         139
  C:17C3H         LINE#         140
  C:17C3H         LINE#         141
  C:17C5H         LINE#         142
  C:17C5H         LINE#         143
  C:17C7H         LINE#         144
  C:17C9H         LINE#         145
  C:17CBH         LINE#         146
  C:17E2H         LINE#         147
  C:17E4H         LINE#         148
  C:17E6H         LINE#         149
  C:17EBH         LINE#         150
  C:17EBH         LINE#         152
  C:17EDH         LINE#         153
  C:17EDH         LINE#         154
  C:17EFH         LINE#         155
  C:17F1H         LINE#         156
  C:17F3H         LINE#         157
  C:180AH         LINE#         158
  C:180CH         LINE#         159
  C:180EH         LINE#         160
  C:1813H         LINE#         162
  C:1815H         LINE#         163
  C:1815H         LINE#         164
  C:1817H         LINE#         165
  C:1819H         LINE#         166
  C:181BH         LINE#         167
  C:1825H         LINE#         168
  C:1827H         LINE#         169
  C:1829H         LINE#         170
  C:182EH         LINE#         172
  C:1830H         LINE#         173
  C:1830H         LINE#         174
  C:1832H         LINE#         175
  C:1834H         LINE#         176
  C:1836H         LINE#         177
  C:1842H         LINE#         178
  C:1844H         LINE#         179
  C:1846H         LINE#         180
  C:184BH         LINE#         181
  C:184EH         LINE#         182
  C:1850H         LINE#         183
  C:1852H         LINE#         184
  C:1854H         LINE#         185
  C:1856H         LINE#         186
  C:1858H         LINE#         187
  C:185AH         LINE#         189
  C:185EH         LINE#         190
  C:185EH         LINE#         191
  C:186EH         LINE#         193
  C:1879H         LINE#         194
  C:1879H         LINE#         195
  C:1879H         LINE#         197
BL51 BANKED LINKER/LOCATER V6.22                                                      12/08/2021  14:03:42  PAGE 22


  C:187FH         LINE#         198
  C:187FH         LINE#         199
  C:188BH         LINE#         200
  C:188BH         LINE#         202
  C:188BH         LINE#         203
  C:188DH         LINE#         204
  C:1894H         LINE#         205
  -------         ENDPROC       _LCD_READ_IC_ID
  -------         PROC          _WRITECOMM
  D:0004H         SYMBOL        i
  -------         DO            
  X:007AH         SYMBOL        j
  D:0007H         SYMBOL        DataH
  -------         ENDDO         
  C:3B0CH         LINE#         208
  C:3B10H         LINE#         209
  C:3B10H         LINE#         211
  C:3B11H         LINE#         212
  C:3B13H         LINE#         223
  C:3B13H         LINE#         224
  C:3B15H         LINE#         225
  C:3B17H         LINE#         226
  C:3B19H         LINE#         227
  C:3B1BH         LINE#         228
  C:3B1DH         LINE#         229
  C:3B21H         LINE#         230
  C:3B23H         LINE#         231
  C:3B25H         LINE#         232
  C:3B25H         LINE#         319
  C:3B27H         LINE#         320
  -------         ENDPROC       _WRITECOMM
  -------         PROC          L?0449
  -------         ENDPROC       L?0449
  -------         PROC          _WRITEDATA
  D:0004H         SYMBOL        i
  -------         DO            
  X:007AH         SYMBOL        j
  X:007BH         SYMBOL        DataH
  -------         ENDDO         
  C:3B2CH         LINE#         322
  C:3B2EH         LINE#         323
  C:3B2EH         LINE#         325
  C:3B32H         LINE#         326
  C:3B34H         LINE#         337
  C:3B34H         LINE#         338
  C:3B36H         LINE#         339
  C:3B38H         LINE#         347
  C:3B3BH         LINE#         348
  C:3B3DH         LINE#         349
  C:3B3FH         LINE#         350
  C:3B3FH         LINE#         514
  C:3B41H         LINE#         515
  -------         ENDPROC       _WRITEDATA
  C:39C3H         SYMBOL        L?0448
  -------         PROC          L?0447
  -------         ENDPROC       L?0447
  C:39C3H         SYMBOL        L?0448
BL51 BANKED LINKER/LOCATER V6.22                                                      12/08/2021  14:03:42  PAGE 23


  -------         PROC          _WRITEDISPDATA
  D:0007H         SYMBOL        DataH
  D:0005H         SYMBOL        DataL
  -------         DO            
  X:007AH         SYMBOL        j
  -------         ENDDO         
  C:39D8H         LINE#         517
  C:39D8H         LINE#         518
  C:39D8H         LINE#         520
  C:39DAH         LINE#         534
  C:39DAH         LINE#         535
  C:39DCH         LINE#         536
  C:39DEH         LINE#         537
  C:39E0H         LINE#         538
  C:39E2H         LINE#         539
  C:39E4H         LINE#         540
  C:39E8H         LINE#         541
  C:39EAH         LINE#         542
  C:39ECH         LINE#         543
  C:39ECH         LINE#         639
  C:39EEH         LINE#         640
  -------         ENDPROC       _WRITEDISPDATA
  -------         PROC          _WRITEONEDOT
  D:0004H         SYMBOL        color
  C:3BE4H         LINE#         642
  C:3BE8H         LINE#         643
  C:3BE8H         LINE#         656
  -------         ENDPROC       _WRITEONEDOT
  -------         PROC          LCD_INIT
  C:11DEH         LINE#         665
  C:11DEH         LINE#         666
  C:11DEH         LINE#         667
  C:11E1H         LINE#         670
  C:11E3H         LINE#         671
  C:11EAH         LINE#         673
  C:11ECH         LINE#         674
  C:11F3H         LINE#         676
  C:11F5H         LINE#         677
  C:11FCH         LINE#         6519
  C:1203H         LINE#         6520
  C:1208H         LINE#         6522
  C:120DH         LINE#         6523
  C:1212H         LINE#         6525
  C:1217H         LINE#         6526
  C:121CH         LINE#         6528
  C:1221H         LINE#         6529
  C:1226H         LINE#         6531
  C:122BH         LINE#         6532
  C:1230H         LINE#         6534
  C:1235H         LINE#         6535
  C:123AH         LINE#         6537
  C:123FH         LINE#         6538
  C:1244H         LINE#         6540
  C:1249H         LINE#         6541
  C:124EH         LINE#         6543
  C:1253H         LINE#         6544
  C:1258H         LINE#         6546
BL51 BANKED LINKER/LOCATER V6.22                                                      12/08/2021  14:03:42  PAGE 24


  C:125DH         LINE#         6547
  C:1262H         LINE#         6549
  C:1267H         LINE#         6550
  C:126CH         LINE#         6552
  C:1271H         LINE#         6553
  C:1276H         LINE#         6555
  C:127BH         LINE#         6556
  C:1280H         LINE#         6558
  C:1285H         LINE#         6559
  C:128AH         LINE#         6561
  C:128FH         LINE#         6562
  C:1294H         LINE#         6564
  C:1299H         LINE#         6565
  C:129EH         LINE#         6567
  C:12A3H         LINE#         6568
  C:12A8H         LINE#         6570
  C:12ADH         LINE#         6571
  C:12B2H         LINE#         6573
  C:12B7H         LINE#         6574
  C:12BCH         LINE#         6576
  C:12C1H         LINE#         6577
  C:12C6H         LINE#         6579
  C:12D0H         LINE#         6580
  C:12DAH         LINE#         6582
  C:12E4H         LINE#         6583
  C:12EEH         LINE#         6584
  C:12F8H         LINE#         6585
  C:1302H         LINE#         6586
  C:130CH         LINE#         6587
  C:1316H         LINE#         6588
  C:1320H         LINE#         6589
  C:132AH         LINE#         6590
  C:1334H         LINE#         6591
  C:133EH         LINE#         6592
  C:1348H         LINE#         6593
  C:1352H         LINE#         6594
  C:135CH         LINE#         6595
  C:1366H         LINE#         6596
  C:1370H         LINE#         6597
  C:137AH         LINE#         6598
  C:1384H         LINE#         6599
  C:138EH         LINE#         6600
  C:1398H         LINE#         6601
  C:13A2H         LINE#         6602
  C:13ACH         LINE#         6603
  C:13B6H         LINE#         6604
  C:13C0H         LINE#         6605
  C:13CAH         LINE#         6606
  C:13D4H         LINE#         6607
  C:13DEH         LINE#         6608
  C:13E8H         LINE#         6609
  C:13F2H         LINE#         6610
  C:13FCH         LINE#         6611
  C:1406H         LINE#         6613
  C:140BH         LINE#         6614
  C:1410H         LINE#         6616
  C:1415H         LINE#         6617
BL51 BANKED LINKER/LOCATER V6.22                                                      12/08/2021  14:03:42  PAGE 25


  C:141AH         LINE#         6619
  C:1421H         LINE#         6620
  C:1426H         LINE#         6622
  C:142BH         LINE#         6623
  -------         ENDPROC       LCD_INIT
  C:2DB8H         SYMBOL        L?0443
  -------         PROC          L?0442
  -------         ENDPROC       L?0442
  C:2DB8H         SYMBOL        L?0443
  -------         PROC          _?BLOCKWRITE
  p:0000H         SYMBOL        Xstart
  p:0002H         SYMBOL        Xend
  p:0004H         SYMBOL        Ystart
  p:0006H         SYMBOL        Yend
  C:2DD0H         LINE#         6704
  C:2DF1H         LINE#         6851
  C:2DF8H         LINE#         6852
  C:2DFFH         LINE#         6853
  C:2E07H         LINE#         6854
  C:2E12H         LINE#         6855
  C:2E1CH         LINE#         6857
  C:2E21H         LINE#         6858
  C:2E2BH         LINE#         6860
  C:2E32H         LINE#         6861
  C:2E3CH         LINE#         6862
  C:2E43H         LINE#         6868
  C:2E48H         LINE#         6871
  C:2E4BH         LINE#         6876
  -------         ENDPROC       _?BLOCKWRITE
  -------         PROC          _DISPCOLOR
  D:0004H         SYMBOL        color
  -------         DO            
  X:0059H         SYMBOL        i
  D:0002H         SYMBOL        m
  X:005BH         SYMBOL        DataH
  X:005CH         SYMBOL        DataL
  -------         ENDDO         
  C:0046H         LINE#         6931
  C:0048H         LINE#         6932
  C:0048H         LINE#         6935
  C:004EH         LINE#         6937
  C:0051H         LINE#         6939
  C:0053H         LINE#         6940
  C:0059H         LINE#         6941
  C:0059H         LINE#         6942
  C:005CH         LINE#         6943
  C:005CH         LINE#         6944
  C:0066H         LINE#         6945
  C:0071H         LINE#         6946
  C:0087H         LINE#         6948
  C:0089H         LINE#         6949
  -------         ENDPROC       _DISPCOLOR
  -------         PROC          DISPFRAME
  -------         DO            
  D:0002H         SYMBOL        i
  X:0059H         SYMBOL        j
  D:0001H         SYMBOL        DataH
BL51 BANKED LINKER/LOCATER V6.22                                                      12/08/2021  14:03:42  PAGE 26


  D:0006H         SYMBOL        DataL
  -------         ENDDO         
  C:2C75H         LINE#         6951
  C:2C75H         LINE#         6952
  C:2C75H         LINE#         6955
  C:2C78H         LINE#         6957
  C:2C7AH         LINE#         6960
  C:2C7EH         LINE#         6961
  C:2C84H         LINE#         6963
  C:2C84H         LINE#         6964
  C:2C84H         LINE#         6965
  C:2C88H         LINE#         6966
  C:2C8FH         LINE#         6967
  C:2C9AH         LINE#         6969
  C:2C9EH         LINE#         6970
  C:2CA4H         LINE#         6972
  C:2CA9H         LINE#         6973
  C:2CA9H         LINE#         6974
  C:2CADH         LINE#         6975
  C:2CB3H         LINE#         6977
  C:2CB5H         LINE#         6978
  C:2CB5H         LINE#         6979
  C:2CB8H         LINE#         6980
  C:2CBDH         LINE#         6981
  C:2CC8H         LINE#         6983
  C:2CCCH         LINE#         6984
  C:2CD2H         LINE#         6986
  C:2CE8H         LINE#         6988
  C:2CECH         LINE#         6989
  C:2CF2H         LINE#         6991
  C:2CF4H         LINE#         6992
  C:2CF4H         LINE#         6993
  C:2CF8H         LINE#         6994
  C:2CFFH         LINE#         6995
  C:2D0AH         LINE#         6997
  C:2D0EH         LINE#         6998
  C:2D14H         LINE#         7000
  C:2D16H         LINE#         7001
  C:2D18H         LINE#         7002
  -------         ENDPROC       DISPFRAME
  -------         PROC          DISPBAND
  -------         DO            
  D:0002H         SYMBOL        i
  X:0059H         SYMBOL        j
  X:005AH         SYMBOL        k
  X:005BH         SYMBOL        m
  X:005CH         SYMBOL        n
  X:005DH         SYMBOL        x
  -------         ENDDO         
  C:1E88H         LINE#         7004
  C:1E88H         LINE#         7005
  C:1E88H         LINE#         7008
  C:1E92H         LINE#         7009
  C:1E9BH         LINE#         7010
  C:1E9DH         LINE#         7012
  C:1EA0H         LINE#         7013
  C:1EACH         LINE#         7014
BL51 BANKED LINKER/LOCATER V6.22                                                      12/08/2021  14:03:42  PAGE 27


  C:1EACH         LINE#         7015
  C:1EC7H         LINE#         7016
  C:1EE2H         LINE#         7017
  C:1F0EH         LINE#         7018
  C:1F15H         LINE#         7019
  C:1F24H         LINE#         7020
  C:1F24H         LINE#         7021
  C:1F3FH         LINE#         7022
  C:1F5AH         LINE#         7023
  C:1F86H         LINE#         7024
  C:1F8DH         LINE#         7025
  C:1FA3H         LINE#         7026
  C:1FA3H         LINE#         7027
  C:1FBEH         LINE#         7028
  C:1FD9H         LINE#         7029
  C:2005H         LINE#         7030
  C:200CH         LINE#         7032
  C:200EH         LINE#         7033
  C:2011H         LINE#         7035
  -------         ENDPROC       DISPBAND
  -------         PROC          _DISPPIC
  D:0006H         SYMBOL        picture
  -------         DO            
  X:0014H         SYMBOL        p
  X:0017H         SYMBOL        n
  -------         ENDDO         
  C:37A5H         LINE#         7038
  C:37A5H         LINE#         7039
  C:37A5H         LINE#         7042
  C:37B4H         LINE#         7043
  C:37B4H         LINE#         7044
  C:37B4H         LINE#         7046
  C:37B7H         LINE#         7048
  C:37CAH         LINE#         7049
  C:37CAH         LINE#         7050
  C:37EAH         LINE#         7051
  C:37F7H         LINE#         7053
  -------         ENDPROC       _DISPPIC
  -------         PROC          _DISPPICFROMSD
  X:0019H         SYMBOL        PicNum
  -------         DO            
  X:001AH         SYMBOL        Address_S
  X:001EH         SYMBOL        Address_E
  D:0002H         SYMBOL        i
  X:0022H         SYMBOL        k
  -------         ENDDO         
  C:2729H         LINE#         7057
  C:272CH         LINE#         7058
  C:272CH         LINE#         7064
  C:272FH         LINE#         7067
  C:2731H         LINE#         7069
  C:2733H         LINE#         7071
  C:273CH         LINE#         7072
  C:2767H         LINE#         7073
  C:2790H         LINE#         7074
  C:27B3H         LINE#         7075
  C:27B3H         LINE#         7076
BL51 BANKED LINKER/LOCATER V6.22                                                      12/08/2021  14:03:42  PAGE 28


  C:27C3H         LINE#         7078
  C:27CCH         LINE#         7079
  C:27CCH         LINE#         7081
  C:27E7H         LINE#         7082
  C:27F0H         LINE#         7083
  C:280FH         LINE#         7085
  C:2811H         LINE#         7123
  -------         ENDPROC       _DISPPICFROMSD
  -------         PROC          DISPSCALEHOR1
  -------         DO            
  X:0026H         SYMBOL        i
  X:0028H         SYMBOL        j
  D:0002H         SYMBOL        k
  -------         ENDDO         
  C:1895H         LINE#         7128
  C:1895H         LINE#         7129
  C:1895H         LINE#         7132
  C:1898H         LINE#         7135
  C:1898H         LINE#         7136
  C:1898H         LINE#         7137
  C:18B8H         LINE#         7138
  C:18BEH         LINE#         7139
  C:18BEH         LINE#         7140
  C:18C4H         LINE#         7141
  C:18C4H         LINE#         7142
  C:18D9H         LINE#         7143
  C:18EFH         LINE#         7144
  C:1905H         LINE#         7146
  C:1910H         LINE#         7149
  C:1913H         LINE#         7150
  C:1913H         LINE#         7151
  C:1933H         LINE#         7152
  C:1939H         LINE#         7153
  C:1939H         LINE#         7154
  C:193FH         LINE#         7155
  C:193FH         LINE#         7156
  C:196AH         LINE#         7157
  C:1980H         LINE#         7158
  C:1996H         LINE#         7159
  C:19A4H         LINE#         7162
  C:19A7H         LINE#         7163
  C:19A7H         LINE#         7164
  C:19C7H         LINE#         7165
  C:19CDH         LINE#         7166
  C:19CDH         LINE#         7167
  C:19D3H         LINE#         7168
  C:19D3H         LINE#         7169
  C:19DDH         LINE#         7170
  C:19F3H         LINE#         7171
  C:1A09H         LINE#         7172
  C:1A14H         LINE#         7175
  C:1A17H         LINE#         7176
  C:1A17H         LINE#         7177
  C:1A37H         LINE#         7178
  C:1A3DH         LINE#         7179
  C:1A3DH         LINE#         7180
  C:1A43H         LINE#         7181
BL51 BANKED LINKER/LOCATER V6.22                                                      12/08/2021  14:03:42  PAGE 29


  C:1A43H         LINE#         7182
  C:1A76H         LINE#         7183
  C:1A8CH         LINE#         7184
  C:1AA2H         LINE#         7185
  C:1AB0H         LINE#         7186
  C:1AB2H         LINE#         7187
  -------         ENDPROC       DISPSCALEHOR1
  -------         PROC          DISPSCALEVER
  -------         DO            
  X:002AH         SYMBOL        i
  X:002CH         SYMBOL        j
  D:0002H         SYMBOL        k
  -------         ENDDO         
  C:23D5H         LINE#         7189
  C:23D5H         LINE#         7190
  C:23D5H         LINE#         7259
  C:23D8H         LINE#         7261
  C:23DEH         LINE#         7262
  C:23DEH         LINE#         7263
  C:23E4H         LINE#         7264
  C:23E4H         LINE#         7265
  C:23EAH         LINE#         7266
  C:2400H         LINE#         7267
  C:2407H         LINE#         7269
  C:240AH         LINE#         7270
  C:240AH         LINE#         7272
  C:2410H         LINE#         7273
  C:2410H         LINE#         7275
  C:2416H         LINE#         7276
  C:2416H         LINE#         7277
  C:2428H         LINE#         7278
  C:243EH         LINE#         7280
  C:2444H         LINE#         7281
  C:2444H         LINE#         7282
  C:246CH         LINE#         7283
  C:2482H         LINE#         7285
  C:2488H         LINE#         7286
  C:2488H         LINE#         7287
  C:248FH         LINE#         7288
  C:24A5H         LINE#         7290
  C:24ABH         LINE#         7291
  C:24ABH         LINE#         7292
  C:24BFH         LINE#         7293
  C:24D5H         LINE#         7295
  C:24EEH         LINE#         7297
  C:24FCH         LINE#         7299
  -------         ENDPROC       DISPSCALEVER
  -------         PROC          DISPSCALEVER_RED
  -------         DO            
  X:002EH         SYMBOL        i
  X:0030H         SYMBOL        j
  D:0002H         SYMBOL        k
  -------         ENDDO         
  C:2F83H         LINE#         7301
  C:2F83H         LINE#         7302
  C:2F83H         LINE#         7305
  C:2F86H         LINE#         7307
BL51 BANKED LINKER/LOCATER V6.22                                                      12/08/2021  14:03:42  PAGE 30


  C:2F88H         LINE#         7309
  C:2F8AH         LINE#         7312
  C:2F90H         LINE#         7313
  C:2F90H         LINE#         7314
  C:2F96H         LINE#         7315
  C:2F96H         LINE#         7316
  C:2F9CH         LINE#         7317
  C:2FB2H         LINE#         7318
  C:2FB9H         LINE#         7320
  C:2FBCH         LINE#         7321
  C:2FBCH         LINE#         7322
  C:2FC2H         LINE#         7323
  C:2FC2H         LINE#         7325
  C:2FC8H         LINE#         7326
  C:2FC8H         LINE#         7327
  C:2FDAH         LINE#         7328
  C:2FF0H         LINE#         7329
  C:3006H         LINE#         7331
  C:3011H         LINE#         7333
  C:3013H         LINE#         7334
  -------         ENDPROC       DISPSCALEVER_RED
  -------         PROC          DISPSCALEVER_GREEN
  -------         DO            
  X:0032H         SYMBOL        i
  X:0034H         SYMBOL        j
  D:0002H         SYMBOL        k
  -------         ENDDO         
  C:2D19H         LINE#         7336
  C:2D19H         LINE#         7337
  C:2D19H         LINE#         7340
  C:2D1CH         LINE#         7342
  C:2D1EH         LINE#         7343
  C:2D20H         LINE#         7346
  C:2D20H         LINE#         7347
  C:2D20H         LINE#         7348
  C:2D26H         LINE#         7349
  C:2D26H         LINE#         7350
  C:2D2CH         LINE#         7352
  C:2D42H         LINE#         7353
  C:2D4DH         LINE#         7355
  C:2D50H         LINE#         7356
  C:2D50H         LINE#         7357
  C:2D56H         LINE#         7358
  C:2D56H         LINE#         7360
  C:2D5CH         LINE#         7361
  C:2D5CH         LINE#         7363
  C:2D7DH         LINE#         7364
  C:2D93H         LINE#         7365
  C:2DA9H         LINE#         7367
  C:2DB4H         LINE#         7369
  C:2DB6H         LINE#         7370
  -------         ENDPROC       DISPSCALEVER_GREEN
  -------         PROC          DISPSCALEVER_BLUE
  -------         DO            
  X:0036H         SYMBOL        i
  X:0038H         SYMBOL        j
  D:0002H         SYMBOL        k
BL51 BANKED LINKER/LOCATER V6.22                                                      12/08/2021  14:03:42  PAGE 31


  -------         ENDDO         
  C:31C0H         LINE#         7372
  C:31C0H         LINE#         7373
  C:31C0H         LINE#         7376
  C:31C3H         LINE#         7378
  C:31C5H         LINE#         7379
  C:31C7H         LINE#         7382
  C:31CDH         LINE#         7383
  C:31CDH         LINE#         7384
  C:31D3H         LINE#         7385
  C:31D3H         LINE#         7386
  C:31D9H         LINE#         7387
  C:31EFH         LINE#         7388
  C:31F6H         LINE#         7390
  C:31F9H         LINE#         7391
  C:31F9H         LINE#         7392
  C:31FFH         LINE#         7393
  C:31FFH         LINE#         7395
  C:3205H         LINE#         7396
  C:3205H         LINE#         7397
  C:320CH         LINE#         7398
  C:3222H         LINE#         7399
  C:3238H         LINE#         7401
  C:3243H         LINE#         7403
  C:3245H         LINE#         7404
  -------         ENDPROC       DISPSCALEVER_BLUE
  -------         PROC          DISPSCALEVER_GRAY
  -------         DO            
  X:003AH         SYMBOL        i
  X:003CH         SYMBOL        j
  D:0002H         SYMBOL        k
  -------         ENDDO         
  C:3014H         LINE#         7406
  C:3014H         LINE#         7407
  C:3014H         LINE#         7410
  C:3017H         LINE#         7412
  C:3019H         LINE#         7417
  C:301FH         LINE#         7418
  C:301FH         LINE#         7419
  C:3025H         LINE#         7420
  C:3025H         LINE#         7421
  C:302BH         LINE#         7423
  C:3041H         LINE#         7424
  C:3048H         LINE#         7426
  C:304BH         LINE#         7427
  C:304BH         LINE#         7428
  C:3051H         LINE#         7429
  C:3051H         LINE#         7431
  C:3057H         LINE#         7432
  C:3057H         LINE#         7433
  C:306BH         LINE#         7434
  C:3081H         LINE#         7435
  C:3097H         LINE#         7437
  C:30A2H         LINE#         7439
  C:30A4H         LINE#         7440
  -------         ENDPROC       DISPSCALEVER_GRAY
  -------         PROC          DISPGRAYHOR16
BL51 BANKED LINKER/LOCATER V6.22                                                      12/08/2021  14:03:42  PAGE 32


  -------         DO            
  X:0059H         SYMBOL        i
  D:0002H         SYMBOL        j
  X:005BH         SYMBOL        k
  -------         ENDDO         
  C:2E52H         LINE#         7442
  C:2E52H         LINE#         7443
  C:2E52H         LINE#         7446
  C:2E55H         LINE#         7448
  C:2E57H         LINE#         7449
  C:2E59H         LINE#         7451
  C:2E5FH         LINE#         7452
  C:2E5FH         LINE#         7453
  C:2E68H         LINE#         7454
  C:2E68H         LINE#         7455
  C:2E6EH         LINE#         7456
  C:2E75H         LINE#         7458
  C:2E78H         LINE#         7459
  C:2E78H         LINE#         7460
  C:2E7EH         LINE#         7461
  C:2E7EH         LINE#         7462
  C:2EB0H         LINE#         7463
  C:2EC6H         LINE#         7464
  C:2ED1H         LINE#         7465
  C:2EEAH         LINE#         7467
  C:2EECH         LINE#         7468
  -------         ENDPROC       DISPGRAYHOR16
  -------         PROC          DISPGRAYHOR32
  -------         DO            
  X:003EH         SYMBOL        i
  D:0002H         SYMBOL        j
  X:0040H         SYMBOL        k
  -------         ENDDO         
  C:3349H         LINE#         7470
  C:3349H         LINE#         7471
  C:3349H         LINE#         7474
  C:334CH         LINE#         7476
  C:334EH         LINE#         7478
  C:3354H         LINE#         7479
  C:3354H         LINE#         7480
  C:335DH         LINE#         7481
  C:335DH         LINE#         7482
  C:3363H         LINE#         7483
  C:336AH         LINE#         7485
  C:336DH         LINE#         7486
  C:336DH         LINE#         7487
  C:3373H         LINE#         7488
  C:3373H         LINE#         7489
  C:3387H         LINE#         7490
  C:339DH         LINE#         7491
  C:33A8H         LINE#         7492
  C:33BEH         LINE#         7494
  C:33C0H         LINE#         7495
  -------         ENDPROC       DISPGRAYHOR32
  -------         PROC          DISPSCALEHOR2
  -------         DO            
  X:0042H         SYMBOL        j
BL51 BANKED LINKER/LOCATER V6.22                                                      12/08/2021  14:03:42  PAGE 33


  D:0002H         SYMBOL        k
  -------         ENDDO         
  C:1CCEH         LINE#         7497
  C:1CCEH         LINE#         7498
  C:1CCEH         LINE#         7501
  C:1CD1H         LINE#         7503
  C:1CD1H         LINE#         7504
  C:1CD1H         LINE#         7505
  C:1CD7H         LINE#         7506
  C:1CF4H         LINE#         7507
  C:1CFFH         LINE#         7508
  C:1D02H         LINE#         7509
  C:1D02H         LINE#         7510
  C:1D08H         LINE#         7511
  C:1D25H         LINE#         7512
  C:1D30H         LINE#         7513
  C:1D33H         LINE#         7514
  C:1D33H         LINE#         7515
  C:1D39H         LINE#         7516
  C:1D56H         LINE#         7517
  C:1D61H         LINE#         7518
  C:1D64H         LINE#         7519
  C:1D64H         LINE#         7520
  C:1D6AH         LINE#         7521
  C:1D87H         LINE#         7522
  C:1D92H         LINE#         7523
  C:1D95H         LINE#         7524
  C:1D95H         LINE#         7525
  C:1D9BH         LINE#         7526
  C:1DB8H         LINE#         7527
  C:1DC3H         LINE#         7528
  C:1DC6H         LINE#         7529
  C:1DC6H         LINE#         7530
  C:1DCCH         LINE#         7531
  C:1DE9H         LINE#         7532
  C:1DF4H         LINE#         7533
  C:1DF7H         LINE#         7534
  C:1DF7H         LINE#         7535
  C:1DFDH         LINE#         7536
  C:1E1AH         LINE#         7537
  C:1E25H         LINE#         7538
  C:1E28H         LINE#         7539
  C:1E28H         LINE#         7540
  C:1E2EH         LINE#         7541
  C:1E4AH         LINE#         7542
  C:1E55H         LINE#         7543
  C:1E5EH         LINE#         7544
  C:1E5EH         LINE#         7545
  C:1E64H         LINE#         7546
  C:1E80H         LINE#         7547
  C:1E87H         LINE#         7549
  -------         ENDPROC       DISPSCALEHOR2
  -------         PROC          _TOORD
  D:0007H         SYMBOL        ch
  C:35ECH         LINE#         7654
  C:35ECH         LINE#         7655
  C:35ECH         LINE#         7656
BL51 BANKED LINKER/LOCATER V6.22                                                      12/08/2021  14:03:42  PAGE 34


  C:35F2H         LINE#         7657
  C:35F2H         LINE#         7658
  C:35F4H         LINE#         7659
  C:35F6H         LINE#         7660
  C:3602H         LINE#         7661
  C:3602H         LINE#         7662
  C:3606H         LINE#         7663
  C:3608H         LINE#         7664
  C:3614H         LINE#         7665
  C:3614H         LINE#         7666
  C:3618H         LINE#         7667
  C:361AH         LINE#         7668
  C:3626H         LINE#         7669
  C:3626H         LINE#         7670
  C:362AH         LINE#         7671
  C:362CH         LINE#         7672
  C:3638H         LINE#         7673
  C:3638H         LINE#         7674
  C:363CH         LINE#         7675
  C:363EH         LINE#         7676
  C:3644H         LINE#         7677
  C:3644H         LINE#         7678
  C:3646H         LINE#         7679
  C:3646H         LINE#         7681
  C:3646H         LINE#         7682
  -------         ENDPROC       _TOORD
  C:28E7H         SYMBOL        L?0445
  C:28FFH         SYMBOL        L?0446
  -------         PROC          L?0444
  -------         ENDPROC       L?0444
  C:28E7H         SYMBOL        L?0445
  C:28FFH         SYMBOL        L?0446
  -------         PROC          _DISPONECHAR
  X:006DH         SYMBOL        ord
  D:0006H         SYMBOL        Xstart
  D:0002H         SYMBOL        Ystart
  X:0072H         SYMBOL        TextColor
  X:0074H         SYMBOL        BackColor
  -------         DO            
  X:0076H         SYMBOL        i
  D:0002H         SYMBOL        j
  X:0077H         SYMBOL        p
  D:0003H         SYMBOL        dat
  D:0006H         SYMBOL        index
  -------         ENDDO         
  C:290FH         LINE#         7684
  C:2917H         LINE#         7685
  C:2917H         LINE#         7691
  C:2931H         LINE#         7693
  C:2937H         LINE#         7695
  C:293FH         LINE#         7696
  C:2941H         LINE#         7698
  C:294FH         LINE#         7700
  C:295CH         LINE#         7701
  C:2963H         LINE#         7703
  C:2967H         LINE#         7704
[...]
  C:1589H         LINE#         321
  C:1598H         LINE#         322
  C:1598H         LINE#         323
  C:15ADH         LINE#         324
  C:15B2H         LINE#         325
  C:15BAH         LINE#         326
  C:15C4H         LINE#         327
  C:15D2H         LINE#         328
BL51 BANKED LINKER/LOCATER V6.22                                                      12/08/2021  14:03:42  PAGE 43


  C:15E0H         LINE#         329
  C:15E2H         LINE#         331
  C:15E2H         LINE#         332
  C:15E7H         LINE#         333
  C:15EAH         LINE#         334
  C:1602H         LINE#         335
  C:1602H         LINE#         336
  C:161BH         LINE#         337
  C:1620H         LINE#         338
  C:1628H         LINE#         339
  C:162FH         LINE#         340
  C:1634H         LINE#         341
  C:1634H         LINE#         342
  C:1648H         LINE#         343
  C:1648H         LINE#         344
  C:164FH         LINE#         345
  C:1654H         LINE#         346
  C:1654H         LINE#         347
  C:1662H         LINE#         348
  C:1662H         LINE#         349
  -------         ENDPROC       USBXCORE_HANDLE_SETUP
  -------         PROC          USBXCORE_FORCE_STALL
  C:3AEFH         LINE#         356
  C:3AEFH         LINE#         358
  C:3AFAH         LINE#         359
  C:3B05H         LINE#         360
  C:3B0BH         LINE#         361
  -------         ENDPROC       USBXCORE_FORCE_STALL
  -------         PROC          USBXCORE_GET_STATUS
  C:34A9H         LINE#         367
  C:34A9H         LINE#         369
  C:34B8H         LINE#         370
  C:34B8H         LINE#         371
  C:34B8H         LINE#         372
  C:34B8H         LINE#         373
  C:34B8H         LINE#         374
  C:34BAH         LINE#         375
  C:34BAH         LINE#         379
  C:34BAH         LINE#         381
  C:34C8H         LINE#         385
  C:34C8H         LINE#         386
  C:34C8H         LINE#         387
  C:34C8H         LINE#         388
  C:34CAH         LINE#         390
  C:34CAH         LINE#         392
  C:34D8H         LINE#         396
  C:34D8H         LINE#         397
  C:34E5H         LINE#         398
  C:34E5H         LINE#         399
  C:34E7H         LINE#         401
  C:34E7H         LINE#         402
  C:34F5H         LINE#         403
  C:34FEH         LINE#         404
  C:34FEH         LINE#         405
  C:34FEH         LINE#         406
  C:3500H         LINE#         407
  C:3500H         LINE#         408
BL51 BANKED LINKER/LOCATER V6.22                                                      12/08/2021  14:03:42  PAGE 44


  C:3503H         LINE#         409
  C:3503H         LINE#         410
  C:3503H         LINE#         411
  C:350BH         LINE#         412
  C:350BH         LINE#         413
  C:350EH         LINE#         414
  C:3514H         LINE#         415
  C:351BH         LINE#         416
  C:351BH         LINE#         417
  -------         ENDPROC       USBXCORE_GET_STATUS
  -------         PROC          USBXCORE_CLEAR_FEATURE
  C:36A1H         LINE#         423
  C:36A1H         LINE#         425
  C:36A7H         LINE#         426
  C:36A7H         LINE#         428
  C:36AEH         LINE#         429
  C:36AEH         LINE#         430
  C:36B9H         LINE#         436
  C:36C4H         LINE#         437
  C:36C9H         LINE#         438
  C:36CBH         LINE#         440
  C:36CBH         LINE#         442
  C:36D6H         LINE#         446
  C:36E1H         LINE#         447
  C:36E6H         LINE#         448
  C:36E6H         LINE#         449
  C:36E8H         LINE#         451
  C:36E8H         LINE#         452
  C:36EBH         LINE#         453
  C:36EBH         LINE#         454
  C:36F6H         LINE#         455
  -------         ENDPROC       USBXCORE_CLEAR_FEATURE
  -------         PROC          USBXCORE_VENDOR_USB_API
  C:2812H         LINE#         462
  C:2812H         LINE#         464
  C:281CH         LINE#         465
  C:281CH         LINE#         466
  C:2823H         LINE#         467
  C:2823H         LINE#         468
  C:2826H         LINE#         469
  C:2829H         LINE#         470
  C:282BH         LINE#         472
  C:282BH         LINE#         473
  C:2832H         LINE#         474
  C:2832H         LINE#         477
  C:283DH         LINE#         482
  C:2848H         LINE#         483
  C:2853H         LINE#         485
  C:2853H         LINE#         486
  C:2866H         LINE#         487
  C:2866H         LINE#         488
  C:286AH         LINE#         489
  C:2875H         LINE#         491
  C:2875H         LINE#         492
  C:2888H         LINE#         493
  C:2888H         LINE#         494
  C:288CH         LINE#         495
BL51 BANKED LINKER/LOCATER V6.22                                                      12/08/2021  14:03:42  PAGE 45


  C:2897H         LINE#         497
  C:289DH         LINE#         498
  C:28A5H         LINE#         499
  C:28A5H         LINE#         500
  C:28A8H         LINE#         501
  C:28A8H         LINE#         502
  C:28A8H         LINE#         503
  C:28B3H         LINE#         504
  C:28B3H         LINE#         505
  C:28B9H         LINE#         506
  C:28C0H         LINE#         507
  C:28C0H         LINE#         508
  C:28C4H         LINE#         509
  C:28C4H         LINE#         510
  C:28CAH         LINE#         511
  C:28D1H         LINE#         512
  C:28D1H         LINE#         513
  C:28DCH         LINE#         514
  -------         ENDPROC       USBXCORE_VENDOR_USB_API
  -------         PROC          USBXCORE_SET_FEATURE
  C:36F9H         LINE#         521
  C:36F9H         LINE#         523
  C:36FFH         LINE#         524
  C:36FFH         LINE#         526
  C:3706H         LINE#         527
  C:3706H         LINE#         528
  C:3711H         LINE#         534
  C:371CH         LINE#         535
  C:371FH         LINE#         536
  C:3721H         LINE#         538
  C:3721H         LINE#         540
  C:372CH         LINE#         544
  C:3737H         LINE#         545
  C:373DH         LINE#         546
  C:373DH         LINE#         548
  C:373FH         LINE#         550
  C:373FH         LINE#         551
  C:3742H         LINE#         552
  C:3742H         LINE#         553
  C:374DH         LINE#         554
  -------         ENDPROC       USBXCORE_SET_FEATURE
  -------         PROC          USBXCORE_SET_ADDRESS
  C:3AB0H         LINE#         561
  C:3AB0H         LINE#         563
  C:3ABFH         LINE#         564
  C:3AC5H         LINE#         565
  C:3AC5H         LINE#         566
  C:3AC8H         LINE#         567
  C:3ACAH         LINE#         569
  C:3ACAH         LINE#         570
  C:3ACDH         LINE#         571
  C:3ACDH         LINE#         572
  -------         ENDPROC       USBXCORE_SET_ADDRESS
  -------         PROC          USBXCORE_GET_DESCRIPTOR
  C:2B14H         LINE#         579
  C:2B14H         LINE#         580
  C:2B23H         LINE#         581
BL51 BANKED LINKER/LOCATER V6.22                                                      12/08/2021  14:03:42  PAGE 46


  C:2B23H         LINE#         582
  C:2B23H         LINE#         583
  C:2B31H         LINE#         584
  C:2B35H         LINE#         585
  C:2B37H         LINE#         586
  C:2B37H         LINE#         587
  C:2B45H         LINE#         588
  C:2B58H         LINE#         589
  C:2B5AH         LINE#         590
  C:2B5AH         LINE#         591
  C:2B7EH         LINE#         592
  C:2B8AH         LINE#         593
  C:2B8CH         LINE#         594
  C:2B8CH         LINE#         595
  C:2B8FH         LINE#         596
  C:2B8FH         LINE#         597
  C:2B8FH         LINE#         598
  C:2BA5H         LINE#         599
  C:2BA5H         LINE#         600
  C:2BADH         LINE#         601
  C:2BADH         LINE#         602
  C:2BB5H         LINE#         603
  C:2BB5H         LINE#         604
  C:2BB8H         LINE#         605
  C:2BBEH         LINE#         606
  C:2BC5H         LINE#         607
  C:2BC5H         LINE#         608
  -------         ENDPROC       USBXCORE_GET_DESCRIPTOR
  -------         PROC          USBXCORE_GET_CONFIGURATION
  C:389AH         LINE#         614
  C:389AH         LINE#         616
  C:38A2H         LINE#         617
  C:38A2H         LINE#         618
  C:38AEH         LINE#         619
  C:38B6H         LINE#         620
  C:38B6H         LINE#         621
  C:38BAH         LINE#         622
  C:38BAH         LINE#         623
  C:38C8H         LINE#         624
  C:38D0H         LINE#         625
  C:38D0H         LINE#         626
  C:38D3H         LINE#         627
  C:38D9H         LINE#         628
  C:38E0H         LINE#         629
  -------         ENDPROC       USBXCORE_GET_CONFIGURATION
  -------         PROC          USBXCORE_SET_CONFIGURATION
  C:3647H         LINE#         635
  C:3647H         LINE#         637
  C:3650H         LINE#         638
  C:3650H         LINE#         639
  C:3657H         LINE#         640
  C:365DH         LINE#         641
  C:3662H         LINE#         642
  C:3664H         LINE#         644
  C:366FH         LINE#         645
  C:367AH         LINE#         646
  C:3685H         LINE#         653
BL51 BANKED LINKER/LOCATER V6.22                                                      12/08/2021  14:03:42  PAGE 47


  C:3690H         LINE#         654
  C:3692H         LINE#         656
  C:3692H         LINE#         657
  C:3698H         LINE#         658
  C:369CH         LINE#         659
  C:369EH         LINE#         660
  C:369EH         LINE#         661
  -------         ENDPROC       USBXCORE_SET_CONFIGURATION
  -------         PROC          USBXCORE_GET_INTERFACE
  C:3A41H         LINE#         668
  C:3A41H         LINE#         670
  C:3A4FH         LINE#         671
  C:3A57H         LINE#         672
  C:3A5AH         LINE#         673
  C:3A60H         LINE#         674
  C:3A67H         LINE#         675
  -------         ENDPROC       USBXCORE_GET_INTERFACE
  -------         PROC          USBXCORE_SET_SOP
  C:3B87H         LINE#         682
  C:3B87H         LINE#         684
  C:3B8FH         LINE#         685
  C:3B8FH         LINE#         686
  C:3B9AH         LINE#         687
  C:3B9AH         LINE#         688
  -------         ENDPROC       USBXCORE_SET_SOP
  -------         PROC          USBXCORE_USB_ISR
  C:2012H         LINE#         699
  C:202FH         LINE#         702
  C:2035H         LINE#         703
  C:2048H         LINE#         706
  C:205BH         LINE#         709
  C:205FH         LINE#         710
  C:205FH         LINE#         711
  C:206AH         LINE#         712
  C:206AH         LINE#         714
  C:2071H         LINE#         715
  C:2071H         LINE#         716
  C:2074H         LINE#         717
  C:2074H         LINE#         719
  C:207BH         LINE#         720
  C:207BH         LINE#         721
  C:2088H         LINE#         722
  C:2088H         LINE#         723
  C:208FH         LINE#         724
  C:208FH         LINE#         725
  C:208FH         LINE#         727
  C:208FH         LINE#         728
  C:208FH         LINE#         730
  C:208FH         LINE#         732
  C:20A2H         LINE#         734
  C:20A6H         LINE#         735
  C:20A6H         LINE#         736
  C:20A9H         LINE#         737
  C:20A9H         LINE#         740
  C:20B0H         LINE#         741
  C:20B0H         LINE#         742
  C:20BBH         LINE#         748
BL51 BANKED LINKER/LOCATER V6.22                                                      12/08/2021  14:03:42  PAGE 48


  C:20CEH         LINE#         749
  C:20D3H         LINE#         750
  C:20D3H         LINE#         751
  C:20DAH         LINE#         752
  C:20DAH         LINE#         754
  C:20DAH         LINE#         756
  C:20EDH         LINE#         759
  C:20F1H         LINE#         760
  C:20F1H         LINE#         761
  C:20FCH         LINE#         767
  C:210FH         LINE#         768
  C:2113H         LINE#         769
  C:2113H         LINE#         770
  C:211AH         LINE#         771
  C:211AH         LINE#         772
  C:211AH         LINE#         775
  C:2128H         LINE#         776
  C:212DH         LINE#         777
  C:2133H         LINE#         778
  C:2138H         LINE#         781
  C:2145H         LINE#         782
  C:2145H         LINE#         783
  C:2148H         LINE#         784
  C:2148H         LINE#         785
  -------         ENDPROC       USBXCORE_USB_ISR
  -------         ENDMOD        USB_API

  -------         MODULE        USB_SUSPEND
  C:0000H         SYMBOL        _ICE_DUMMY_
  D:00D7H         PUBLIC        USB0XCN
  D:00C9H         PUBLIC        REG0CN
  C:39EFH         PUBLIC        USB_Suspend
  D:00A9H         PUBLIC        CLKSEL
  D:00B2H         PUBLIC        OSCICN
  D:00B9H         PUBLIC        CLKMUL
  -------         PROC          USB_SUSPEND
  C:39EFH         LINE#         70
  C:39EFH         LINE#         72
  C:39F2H         LINE#         74
  C:39F5H         LINE#         76
  C:39FDH         LINE#         79
  C:3A00H         LINE#         80
  C:3A03H         LINE#         81
  C:3A06H         LINE#         82
  C:3A09H         LINE#         84
  C:3A0AH         LINE#         86
  C:3A0DH         LINE#         88
  C:3A13H         LINE#         92
  C:3A16H         LINE#         94
  C:3A19H         LINE#         95
  -------         ENDPROC       USB_SUSPEND
  -------         ENDMOD        USB_SUSPEND

  -------         MODULE        USB_INT_ENABLE
  C:0000H         SYMBOL        _ICE_DUMMY_
  C:3B42H         PUBLIC        USB_Int_Enable
  D:0096H         PUBLIC        USB0ADR
BL51 BANKED LINKER/LOCATER V6.22                                                      12/08/2021  14:03:42  PAGE 49


  D:0097H         PUBLIC        USB0DAT
  -------         PROC          USB_INT_ENABLE
  C:3B42H         LINE#         68
  C:3B42H         LINE#         71
  C:3B49H         LINE#         73
  C:3B4FH         LINE#         74
  C:3B4FH         LINE#         75
  C:3B5AH         LINE#         77
  C:3B5AH         LINE#         78
  -------         ENDPROC       USB_INT_ENABLE
  -------         ENDMOD        USB_INT_ENABLE

  -------         MODULE        USB_CLOCK_RECOVERY
  C:0000H         SYMBOL        _ICE_DUMMY_
  C:3BCDH         PUBLIC        USBXcore_ClkRec
  D:0096H         PUBLIC        USB0ADR
  D:0097H         PUBLIC        USB0DAT
  -------         PROC          USBXCORE_CLKREC
  C:3BCDH         LINE#         45
  C:3BCDH         LINE#         47
  C:3BD8H         LINE#         48
  -------         ENDPROC       USBXCORE_CLKREC
  -------         ENDMOD        USB_CLOCK_RECOVERY

  -------         MODULE        ?C?FPMUL
  C:0C99H         PUBLIC        ?C?FPMUL
  -------         ENDMOD        ?C?FPMUL

  -------         MODULE        ?C?FCAST
  C:0DA9H         PUBLIC        ?C?FCASTC
  C:0DA4H         PUBLIC        ?C?FCASTI
  C:0D9FH         PUBLIC        ?C?FCASTL
  -------         ENDMOD        ?C?FCAST

  -------         MODULE        ?C?CASTF
  C:0DDDH         PUBLIC        ?C?CASTF
  -------         ENDMOD        ?C?CASTF

  -------         MODULE        ?C?COPY
  C:0F2EH         PUBLIC        ?C?COPY
  -------         ENDMOD        ?C?COPY

  -------         MODULE        ?C?CLDPTR
  C:0F54H         PUBLIC        ?C?CLDPTR
  -------         ENDMOD        ?C?CLDPTR

  -------         MODULE        ?C?CLDOPTR
  C:0F6DH         PUBLIC        ?C?CLDOPTR
  -------         ENDMOD        ?C?CLDOPTR

  -------         MODULE        ?C?IMUL
  C:0F9AH         PUBLIC        ?C?IMUL
  -------         ENDMOD        ?C?IMUL

  -------         MODULE        ?C?IILDX
  C:0FACH         PUBLIC        ?C?IILDX
  -------         ENDMOD        ?C?IILDX
BL51 BANKED LINKER/LOCATER V6.22                                                      12/08/2021  14:03:42  PAGE 50



  -------         MODULE        ?C?ILDOPTR
  C:0FC2H         PUBLIC        ?C?ILDOPTR
  -------         ENDMOD        ?C?ILDOPTR

  -------         MODULE        ?C?LMUL
  C:0FFAH         PUBLIC        ?C?LMUL
  -------         ENDMOD        ?C?LMUL

  -------         MODULE        ?C?ULDIV
  C:1085H         PUBLIC        ?C?ULDIV
  -------         ENDMOD        ?C?ULDIV

  -------         MODULE        ?C?LNEG
  C:1117H         PUBLIC        ?C?LNEG
  -------         ENDMOD        ?C?LNEG

  -------         MODULE        ?C?ULCMP
  C:1125H         PUBLIC        ?C?ULCMP
  -------         ENDMOD        ?C?ULCMP

  -------         MODULE        ?C?ULSHR
  C:1136H         PUBLIC        ?C?ULSHR
  -------         ENDMOD        ?C?ULSHR

  -------         MODULE        ?C?LSHL
  C:1149H         PUBLIC        ?C?LSHL
  -------         ENDMOD        ?C?LSHL

  -------         MODULE        ?C?LLDIPDATA
  C:1165H         PUBLIC        ?C?LLDIPDATA
  C:115CH         PUBLIC        ?C?LLDIPDATA1
  C:115EH         PUBLIC        ?C?LLDIPDATA8
  -------         ENDMOD        ?C?LLDIPDATA

  -------         MODULE        ?C?LSTXDATA
  C:117CH         PUBLIC        ?C?LSTXDATA
  -------         ENDMOD        ?C?LSTXDATA

  -------         MODULE        ?C?LSTPDATA
  C:1188H         PUBLIC        ?C?LSTPDATA
  -------         ENDMOD        ?C?LSTPDATA

  -------         MODULE        ?C?LSTKXDATA
  C:1194H         PUBLIC        ?C?LSTKXDATA
  -------         ENDMOD        ?C?LSTKXDATA

  -------         MODULE        ?C?LSTKPDATA
  C:11C5H         PUBLIC        ?C?LSTKPDATA
  -------         ENDMOD        ?C?LSTKPDATA

  -------         MODULE        ?C_PBP
  D:0008H         PUBLIC        ?C_PBP
  -------         ENDMOD        ?C_PBP

*** WARNING L14: INCOMPATIBLE MEMORY MODEL
    MODULE:  .\USBX_F34X.LIB (USB_API)
BL51 BANKED LINKER/LOCATER V6.22                                                      12/08/2021  14:03:42  PAGE 51


    MODEL:   SMALL

*** WARNING L14: INCOMPATIBLE MEMORY MODEL
    MODULE:  .\USBX_F34X.LIB (USB_SUSPEND)
    MODEL:   SMALL

*** WARNING L14: INCOMPATIBLE MEMORY MODEL
    MODULE:  .\USBX_F34X.LIB (USB_INT_ENABLE)
    MODEL:   SMALL

*** WARNING L14: INCOMPATIBLE MEMORY MODEL
    MODULE:  .\USBX_F34X.LIB (USB_CLOCK_RECOVERY)
    MODEL:   SMALL

*** WARNING L16: UNCALLED SEGMENT, IGNORED FOR OVERLAY PROCESS
    SEGMENT: ?PR?SD_INIT?MMC_SD

*** WARNING L16: UNCALLED SEGMENT, IGNORED FOR OVERLAY PROCESS
    SEGMENT: ?PR?_DISPPIC?LCD

*** WARNING L16: UNCALLED SEGMENT, IGNORED FOR OVERLAY PROCESS
    SEGMENT: ?PR?_DISPPICFROMSD?LCD

*** WARNING L16: UNCALLED SEGMENT, IGNORED FOR OVERLAY PROCESS
    SEGMENT: ?PR?DISPSCALEHOR1?LCD

*** WARNING L16: UNCALLED SEGMENT, IGNORED FOR OVERLAY PROCESS
    SEGMENT: ?PR?DISPSCALEVER?LCD

*** WARNING L16: UNCALLED SEGMENT, IGNORED FOR OVERLAY PROCESS
    SEGMENT: ?PR?DISPSCALEVER_RED?LCD

*** WARNING L16: UNCALLED SEGMENT, IGNORED FOR OVERLAY PROCESS
    SEGMENT: ?PR?DISPSCALEVER_GREEN?LCD

*** WARNING L16: UNCALLED SEGMENT, IGNORED FOR OVERLAY PROCESS
    SEGMENT: ?PR?DISPSCALEVER_BLUE?LCD

*** WARNING L16: UNCALLED SEGMENT, IGNORED FOR OVERLAY PROCESS
    SEGMENT: ?PR?DISPSCALEVER_GRAY?LCD

*** WARNING L16: UNCALLED SEGMENT, IGNORED FOR OVERLAY PROCESS
    SEGMENT: ?PR?DISPGRAYHOR32?LCD

*** WARNING L16: UNCALLED SEGMENT, IGNORED FOR OVERLAY PROCESS
    SEGMENT: ?PR?DISPSCALEHOR2?LCD

*** WARNING L16: UNCALLED SEGMENT, IGNORED FOR OVERLAY PROCESS
    SEGMENT: ?PR?_DRAWGIRD?LCD

*** WARNING L15: MULTIPLE CALL TO SEGMENT
    SEGMENT: ?PR?_WRITECOMM?LCD
    CALLER1: ?PR?USB_API_TEST_ISR?MAIN
    CALLER2: ?C_C51STARTUP

*** WARNING L15: MULTIPLE CALL TO SEGMENT
    SEGMENT: ?PR?_WRITEDATA?LCD
BL51 BANKED LINKER/LOCATER V6.22                                                      12/08/2021  14:03:42  PAGE 52


    CALLER1: ?PR?USB_API_TEST_ISR?MAIN
    CALLER2: ?C_C51STARTUP

Program Size: data=10.0 xdata=1219 code=15348
LINK/LOCATE RUN COMPLETE.  18 WARNING(S),  0 ERROR(S)
