BL51 BANKED LINKER/LOCATER V6.22                                                        08/03/2021  14:24:09  PAGE 1


BL51 BANKED LINKER/LOCATER V6.22, INVOKED BY:
D:\KEIL\C51\BIN\BL51.EXE main.obj, mmc_sd.obj, lcd.obj, tp.obj, .\USBX_F34X.LIB TO NV3030A2_CTC24_H8 RAMSIZE (256)


MEMORY MODEL: COMPACT WITH FLOATING POINT ARITHMETIC


INPUT MODULES INCLUDED:
  main.obj (MAIN)
  mmc_sd.obj (MMC_SD)
  lcd.obj (LCD)
  tp.obj (TP)
  .\USBX_F34X.LIB (USB_API)
  .\USBX_F34X.LIB (USB_CLOCK_START)
  .\USBX_F34X.LIB (USB_SUSPEND)
  .\USBX_F34X.LIB (GET_INTERRUPT_SOURCE)
  .\USBX_F34X.LIB (BLOCK_READ)
  .\USBX_F34X.LIB (BLOCK_WRITE)
  .\USBX_F34X.LIB (USB_INT_ENABLE)
  .\USBX_F34X.LIB (USB_CLOCK_RECOVERY)
  .\USBX_F34X.LIB (USB_JUMP_ISR)
  D:\KEIL\C51\LIB\C51FPC.LIB (?C?FPMUL)
  D:\KEIL\C51\LIB\C51FPC.LIB (?C?FCAST)
  D:\KEIL\C51\LIB\C51FPC.LIB (?C?CASTF)
  D:\KEIL\C51\LIB\C51FPC.LIB (?C?FPGETOPN)
  D:\KEIL\C51\LIB\C51C.LIB (?C_STARTUP)
  D:\KEIL\C51\LIB\C51C.LIB (?C?COPY)
  D:\KEIL\C51\LIB\C51C.LIB (?C?CLDPTR)
  D:\KEIL\C51\LIB\C51C.LIB (?C?CLDOPTR)
  D:\KEIL\C51\LIB\C51C.LIB (?C?IMUL)
  D:\KEIL\C51\LIB\C51C.LIB (?C?IILDX)
  D:\KEIL\C51\LIB\C51C.LIB (?C?ILDOPTR)
  D:\KEIL\C51\LIB\C51C.LIB (?C?LMUL)
  D:\KEIL\C51\LIB\C51C.LIB (?C?ULDIV)
  D:\KEIL\C51\LIB\C51C.LIB (?C?LNEG)
  D:\KEIL\C51\LIB\C51C.LIB (?C?ULCMP)
  D:\KEIL\C51\LIB\C51C.LIB (?C?ULSHR)
  D:\KEIL\C51\LIB\C51C.LIB (?C?LSHL)
  D:\KEIL\C51\LIB\C51C.LIB (?C?LLDIPDATA)
  D:\KEIL\C51\LIB\C51C.LIB (?C?LSTXDATA)
  D:\KEIL\C51\LIB\C51C.LIB (?C?LSTPDATA)
  D:\KEIL\C51\LIB\C51C.LIB (?C?LSTKXDATA)
  D:\KEIL\C51\LIB\C51C.LIB (?C?LSTKPDATA)
  D:\KEIL\C51\LIB\C51C.LIB (?C_PBP)
  D:\KEIL\C51\LIB\C51C.LIB (?C_INIT)


LINK MAP OF MODULE:  NV3030A2_CTC24_H8 (MAIN)


            TYPE    BASE      LENGTH    RELOCATION   SEGMENT NAME
            -----------------------------------------------------

            * * * * * * *   D A T A   M E M O R Y   * * * * * * *
            REG     0000H     0008H     ABSOLUTE     "REG BANK 0"
            DATA    0008H     0001H     UNIT         ?C?LIB_DATA
            IDATA   0009H     0001H     UNIT         ?STACK

BL51 BANKED LINKER/LOCATER V6.22                                                      08/03/2021  14:24:09  PAGE 2


            * * * * * * *  X D A T A   M E M O R Y  * * * * * * *
            XDATA   0000H     0010H     INPAGE       ?PD?MAIN
            XDATA   0010H     0004H     INPAGE       ?PD?_MMC_SD_READSINGLEBLOCK?MMC_SD
            XDATA   0014H     0005H     INPAGE       ?PD?_DISPPIC?LCD
            XDATA   0019H     000DH     INPAGE       ?PD?_DISPPICFROMSD?LCD
            XDATA   0026H     0004H     INPAGE       ?PD?DISPSCALEHOR1?LCD
            XDATA   002AH     0004H     INPAGE       ?PD?DISPSCALEVER?LCD
            XDATA   002EH     0004H     INPAGE       ?PD?DISPSCALEVER_RED?LCD
            XDATA   0032H     0004H     INPAGE       ?PD?DISPSCALEVER_GREEN?LCD
            XDATA   0036H     0004H     INPAGE       ?PD?DISPSCALEVER_BLUE?LCD
            XDATA   003AH     0004H     INPAGE       ?PD?DISPSCALEVER_GRAY?LCD
            XDATA   003EH     0004H     INPAGE       ?PD?DISPGRAYHOR32?LCD
            XDATA   0042H     0002H     INPAGE       ?PD?DISPSCALEHOR2?LCD
            XDATA   0044H     000CH     INPAGE       ?PD?_DRAWLINE?LCD
            XDATA   0050H     0004H     INPAGE       ?PD?_DRAWGIRD?LCD
            XDATA   0054H     0002H     INPAGE       ?PD?LCD
            XDATA   0056H     0026H     INPAGE       _PDATA_GROUP_
            XDATA   007CH     0200H     UNIT         ?XD?MMC_SD
            XDATA   027CH     0058H     UNIT         _XDATA_GROUP_
            XDATA   02D4H     0040H     UNIT         ?XD?MAIN
                    0314H     032CH                  *** GAP ***
            XDATA   0640H     0100H     ABSOLUTE     
            XDATA   0740H     0012H     ABSOLUTE     
            XDATA   0752H     0020H     ABSOLUTE     
            XDATA   0772H     000CH     ABSOLUTE     
            XDATA   077EH     0008H     ABSOLUTE     
            XDATA   0786H     0001H     ABSOLUTE     
            XDATA   0787H     0003H     ABSOLUTE     
            XDATA   078AH     0002H     ABSOLUTE     
            XDATA   078CH     0002H     ABSOLUTE     
            XDATA   078EH     0003H     ABSOLUTE     
            XDATA   0791H     0001H     ABSOLUTE     
            XDATA   0792H     0001H     ABSOLUTE     
            XDATA   0793H     0001H     ABSOLUTE     
            XDATA   0794H     0001H     ABSOLUTE     
            XDATA   0795H     0002H     ABSOLUTE     
            XDATA   0797H     0002H     ABSOLUTE     
            XDATA   0799H     0001H     ABSOLUTE     
            XDATA   079AH     0001H     ABSOLUTE     
            XDATA   079BH     0001H     ABSOLUTE     
            XDATA   079CH     0001H     ABSOLUTE     
            XDATA   079DH     0001H     ABSOLUTE     
            XDATA   079EH     0001H     ABSOLUTE     
            XDATA   079FH     0002H     ABSOLUTE     
            XDATA   07A1H     0001H     ABSOLUTE     
            XDATA   07A2H     0001H     ABSOLUTE     
            XDATA   07A3H     000CH     ABSOLUTE     
                    07AFH     0011H                  *** GAP ***
            XDATA   07C0H     0040H     ABSOLUTE     

            * * * * * * *   C O D E   M E M O R Y   * * * * * * *
            CODE    0000H     0003H     ABSOLUTE     
            CODE    0003H     003AH     UNIT         ?CO?USB_API
            CODE    003DH     0003H     UNIT         ?PR?SUSPEND_DEVICE?MAIN
                    0040H     0003H                  *** GAP ***
            CODE    0043H     0003H     ABSOLUTE     
            CODE    0046H     0044H     UNIT         ?PR?_DISPCOLOR?LCD
BL51 BANKED LINKER/LOCATER V6.22                                                      08/03/2021  14:24:09  PAGE 3


                    008AH     0001H                  *** GAP ***
            CODE    008BH     0003H     ABSOLUTE     
            CODE    008EH     A600H     UNIT         ?CO?LCD
            CODE    A68EH     060CH     UNIT         ?PR?CONNTOUSB?MAIN
            CODE    AC9AH     0545H     UNIT         ?C?LIB_CODE
            CODE    B1DFH     0245H     UNIT         ?PR?LCD_INIT?LCD
            CODE    B424H     0233H     UNIT         ?PR?USBXCORE_HANDLE_SETUP?USB_API
            CODE    B657H     0232H     UNIT         ?PR?_LCD_READ_IC_ID?LCD
            CODE    B889H     0226H     UNIT         ?PR?DISPSCALEHOR1?LCD
            CODE    BAAFH     01BAH     UNIT         ?PR?DISPSCALEHOR2?LCD
            CODE    BC69H     01A0H     UNIT         ?PR?TP_DRAWLINE?TP
            CODE    BE09H     018EH     UNIT         ?PR?DISPBAND?LCD
            CODE    BF97H     0151H     UNIT         ?PR?USBXCORE_USB_ISR?USB_API
            CODE    C0E8H     013DH     UNIT         ?PR?USB_API_TEST_ISR?MAIN
            CODE    C225H     0137H     UNIT         ?PR?_USB_INIT?USB_API
            CODE    C35CH     0128H     UNIT         ?PR?DISPSCALEVER?LCD
            CODE    C484H     011BH     UNIT         ?PR?_TP_GETPOSITION?TP
            CODE    C59FH     0111H     UNIT         ?PR?_BLOCK_WRITE?BLOCK_WRITE
            CODE    C6B0H     00E9H     UNIT         ?PR?_DISPPICFROMSD?LCD
            CODE    C799H     00CDH     UNIT         ?PR?USBXCORE_VENDOR_USB_API?USB_API
            CODE    C866H     00CBH     UNIT         ?PR?_DISPONECHAR?LCD
            CODE    C931H     00B7H     UNIT         ?PR?MMC_SD_RESET?MMC_SD
            CODE    C9E8H     00B3H     UNIT         ?PR?_DISPINT?LCD
            CODE    CA9BH     00B2H     UNIT         ?PR?USBXCORE_GET_DESCRIPTOR?USB_API
            CODE    CB4DH     00AFH     UNIT         ?PR?_BLOCK_READ?BLOCK_READ
            CODE    CBFCH     00A4H     UNIT         ?PR?DISPFRAME?LCD
            CODE    CCA0H     00A0H     UNIT         ?PR?DISPSCALEVER_GREEN?LCD
            CODE    CD40H     009BH     UNIT         ?PR?DISPGRAYHOR16?LCD
            CODE    CDDBH     0099H     UNIT         ?PR?_?BLOCKWRITE?LCD
            CODE    CE74H     0096H     UNIT         ?PR?_DISPSTR?LCD
            CODE    CF0AH     0091H     UNIT         ?PR?DISPSCALEVER_RED?LCD
            CODE    CF9BH     0091H     UNIT         ?PR?DISPSCALEVER_GRAY?LCD
            CODE    D02CH     0090H     UNIT         ?PR?_DRAWGIRD?LCD
            CODE    D0BCH     008CH     UNIT         ?C_C51STARTUP
            CODE    D148H     0086H     UNIT         ?PR?DISPSCALEVER_BLUE?LCD
            CODE    D1CEH     0086H     UNIT         ?PR?_DRAWLINE?LCD
            CODE    D254H     007DH     UNIT         ?PR?_MMC_SD_WRITESINGLEBLOCK?MMC_SD
            CODE    D2D1H     0076H     UNIT         ?PR?DISPGRAYHOR32?LCD
            CODE    D347H     0075H     UNIT         ?PR?_MMC_SD_SENDCOMMAND?MMC_SD
            CODE    D3BCH     0073H     UNIT         ?PR?TP_READ?TP
            CODE    D42FH     0073H     UNIT         ?PR?USBXCORE_GET_STATUS?USB_API
            CODE    D4A2H     006CH     UNIT         ?PR?DEVICES_INIT?MAIN
            CODE    D50EH     0064H     UNIT         ?PR?_MMC_SD_READSINGLEBLOCK?MMC_SD
            CODE    D572H     0061H     UNIT         ?PR?_DISPPIC?LCD
            CODE    D5D3H     005BH     UNIT         ?PR?_TOORD?LCD
            CODE    D62EH     005AH     UNIT         ?PR?USBXCORE_SET_CONFIGURATION?USB_API
            CODE    D688H     0058H     UNIT         ?PR?USBXCORE_CLEAR_FEATURE?USB_API
            CODE    D6E0H     0057H     UNIT         ?PR?USBXCORE_SET_FEATURE?USB_API
            CODE    D737H     0055H     UNIT         ?PR?_STOPDELAY?MAIN
            CODE    D78CH     0052H     UNIT         ?PR?_PUTPIXEL?LCD
            CODE    D7DEH     0050H     UNIT         ?CO?MAIN
            CODE    D82EH     0047H     UNIT         ?PR?USBXCORE_GET_CONFIGURATION?USB_API
            CODE    D875H     0043H     UNIT         ?PR?MCU_INIT?MAIN
            CODE    D8B8H     0038H     UNIT         ?PR?USB_CLOCK_START?USB_CLOCK_START
            CODE    D8F0H     002DH     UNIT         ?C_INITSEG
            CODE    D91DH     002CH     UNIT         ?PR?_WRITEDISPDATA?LCD
            CODE    D949H     002BH     UNIT         ?PR?USB_SUSPEND?USB_SUSPEND
BL51 BANKED LINKER/LOCATER V6.22                                                      08/03/2021  14:24:09  PAGE 4


            CODE    D974H     0027H     UNIT         ?PR?MAIN?MAIN
            CODE    D99BH     0027H     UNIT         ?PR?USBXCORE_USB_RESET?USB_API
            CODE    D9C2H     0027H     UNIT         ?PR?USBXCORE_GET_INTERFACE?USB_API
            CODE    D9E9H     0026H     UNIT         ?PR?_TP_WRITE?TP
            CODE    DA0FH     0022H     UNIT         ?PR?USBXCORE_JUMP_ISR?USB_JUMP_ISR
            CODE    DA31H     0020H     UNIT         ?PR?USBXCORE_SET_ADDRESS?USB_API
            CODE    DA51H     001FH     UNIT         ?PR?_DELAY?MAIN
            CODE    DA70H     001DH     UNIT         ?PR?USBXCORE_FORCE_STALL?USB_API
            CODE    DA8DH     001CH     UNIT         ?PR?_WRITECOMM?LCD
            CODE    DAA9H     001AH     UNIT         ?PR?_WRITEDATA?LCD
            CODE    DAC3H     0019H     UNIT         ?PR?USB_INT_ENABLE?USB_INT_ENABLE
            CODE    DADCH     0016H     UNIT         ?PR?_SPI_WRITEBYTE?MMC_SD
            CODE    DAF2H     0016H     UNIT         ?PR?READDATA?LCD
            CODE    DB08H     0014H     UNIT         ?PR?USBXCORE_SET_SOP?USB_API
            CODE    DB1CH     0013H     UNIT         ?PR?WAITKEY?MAIN
            CODE    DB2FH     0011H     UNIT         ?PR?SD_INIT?MMC_SD
            CODE    DB40H     000EH     UNIT         ?PR?GET_INTERRUPT_SOURCE?GET_INTERRUPT_SOURCE
            CODE    DB4EH     000CH     UNIT         ?PR?USBXCORE_CLKREC?USB_CLOCK_RECOVERY
            CODE    DB5AH     000BH     UNIT         ?PR?SPI_READBYTE?MMC_SD
            CODE    DB65H     0009H     UNIT         ?PR?_WRITEONEDOT?LCD



OVERLAY MAP OF MODULE:   NV3030A2_CTC24_H8 (MAIN)


SEGMENT                                            PDATA_GROUP         XDATA_GROUP
  +--> CALLED SEGMENT                            START    LENGTH     START    LENGTH
------------------------------------------------------------------------------------
?PR?USB_API_TEST_ISR?MAIN                        0056H    0001H      -----    -----
  +--> ?PR?GET_INTERRUPT_SOURCE?GET_INTERRUP...
  +--> ?PR?_BLOCK_READ?BLOCK_READ
  +--> ?PR?SUSPEND_DEVICE?MAIN
  +--> ?PR?MCU_INIT?MAIN
  +--> ?PR?_?BLOCKWRITE?LCD

?PR?SUSPEND_DEVICE?MAIN                          -----    -----      -----    -----
  +--> ?PR?USB_SUSPEND?USB_SUSPEND

?PR?USB_SUSPEND?USB_SUSPEND                      -----    -----      -----    -----
  +--> ?PR?USB_CLOCK_START?USB_CLOCK_START

?PR?_?BLOCKWRITE?LCD                             -----    -----      -----    -----
  +--> ?PR?_WRITECOMM?LCD
  +--> ?PR?_WRITEDATA?LCD

?PR?_WRITECOMM?LCD                               007AH    0001H      -----    -----

?PR?_WRITEDATA?LCD                               007AH    0002H      -----    -----

*** NEW ROOT ***************************************************

?PR?USBXCORE_USB_ISR?USB_API                     -----    -----      -----    -----
  +--> ?PR?USBXCORE_USB_RESET?USB_API
  +--> ?PR?USBXCORE_HANDLE_SETUP?USB_API
  +--> ?PR?USBXCORE_JUMP_ISR?USB_JUMP_ISR

BL51 BANKED LINKER/LOCATER V6.22                                                      08/03/2021  14:24:09  PAGE 5


?PR?USBXCORE_HANDLE_SETUP?USB_API                -----    -----      -----    -----
  +--> ?PR?USBXCORE_GET_STATUS?USB_API
  +--> ?PR?USBXCORE_CLEAR_FEATURE?USB_API
  +--> ?PR?USBXCORE_VENDOR_USB_API?USB_API
  +--> ?PR?USBXCORE_SET_FEATURE?USB_API
  +--> ?PR?USBXCORE_SET_ADDRESS?USB_API
  +--> ?PR?USBXCORE_GET_DESCRIPTOR?USB_API
  +--> ?PR?USBXCORE_GET_CONFIGURATION?USB_API
  +--> ?PR?USBXCORE_SET_CONFIGURATION?USB_API
  +--> ?PR?USBXCORE_GET_INTERFACE?USB_API
  +--> ?PR?USBXCORE_SET_SOP?USB_API
  +--> ?PR?USBXCORE_FORCE_STALL?USB_API

?PR?USBXCORE_GET_STATUS?USB_API                  -----    -----      -----    -----
  +--> ?CO?USB_API
  +--> ?PR?USBXCORE_FORCE_STALL?USB_API
  +--> ?PR?USBXCORE_SET_SOP?USB_API

?PR?USBXCORE_CLEAR_FEATURE?USB_API               -----    -----      -----    -----
  +--> ?PR?USBXCORE_FORCE_STALL?USB_API
  +--> ?PR?USBXCORE_SET_SOP?USB_API

?PR?USBXCORE_VENDOR_USB_API?USB_API              -----    -----      -----    -----
  +--> ?PR?USBXCORE_SET_SOP?USB_API

?PR?USBXCORE_SET_FEATURE?USB_API                 -----    -----      -----    -----
  +--> ?PR?USBXCORE_FORCE_STALL?USB_API
  +--> ?PR?USBXCORE_SET_SOP?USB_API

?PR?USBXCORE_SET_ADDRESS?USB_API                 -----    -----      -----    -----
  +--> ?PR?USBXCORE_SET_SOP?USB_API

?PR?USBXCORE_GET_DESCRIPTOR?USB_API              -----    -----      -----    -----
  +--> ?PR?USBXCORE_FORCE_STALL?USB_API
  +--> ?PR?USBXCORE_SET_SOP?USB_API

?PR?USBXCORE_GET_CONFIGURATION?USB_API           -----    -----      -----    -----
  +--> ?CO?USB_API
  +--> ?PR?USBXCORE_SET_SOP?USB_API

?PR?USBXCORE_SET_CONFIGURATION?USB_API           -----    -----      -----    -----
  +--> ?PR?USBXCORE_SET_SOP?USB_API

?PR?USBXCORE_GET_INTERFACE?USB_API               -----    -----      -----    -----
  +--> ?CO?USB_API
  +--> ?PR?USBXCORE_SET_SOP?USB_API

*** NEW ROOT ***************************************************

?C_C51STARTUP                                    -----    -----      -----    -----
  +--> ?PR?MAIN?MAIN
  +--> ?C_INITSEG

?PR?MAIN?MAIN                                    -----    -----      -----    -----
  +--> ?PR?DEVICES_INIT?MAIN
  +--> ?PR?DISPFRAME?LCD
  +--> ?PR?_STOPDELAY?MAIN
BL51 BANKED LINKER/LOCATER V6.22                                                      08/03/2021  14:24:09  PAGE 6


  +--> ?PR?DISPBAND?LCD
  +--> ?PR?DISPGRAYHOR16?LCD
  +--> ?PR?_DISPCOLOR?LCD
  +--> ?PR?TP_DRAWLINE?TP

?PR?DEVICES_INIT?MAIN                            -----    -----      -----    -----
  +--> ?PR?MCU_INIT?MAIN
  +--> ?PR?USB_CLOCK_START?USB_CLOCK_START
  +--> ?CO?MAIN
  +--> ?PR?_USB_INIT?USB_API
  +--> ?PR?USB_INT_ENABLE?USB_INT_ENABLE
  +--> ?PR?LCD_INIT?LCD

?PR?_USB_INIT?USB_API                            -----    -----      027CH    0011H
  +--> ?CO?USB_API
  +--> ?PR?USBXCORE_CLKREC?USB_CLOCK_RECOVERY

?PR?LCD_INIT?LCD                                 -----    -----      -----    -----
  +--> ?PR?READDATA?LCD
  +--> ?PR?_DELAY?MAIN
  +--> ?PR?_WRITECOMM?LCD
  +--> ?PR?_WRITEDATA?LCD

?PR?READDATA?LCD                                 -----    -----      -----    -----
  +--> ?PR?_LCD_READ_IC_ID?LCD

?PR?_LCD_READ_IC_ID?LCD                          0062H    0008H      -----    -----

?PR?DISPFRAME?LCD                                0059H    0002H      -----    -----
  +--> ?PR?_?BLOCKWRITE?LCD
  +--> ?PR?_WRITEDISPDATA?LCD

?PR?_WRITEDISPDATA?LCD                           007AH    0001H      -----    -----

?PR?_STOPDELAY?MAIN                              0059H    0004H      -----    -----
  +--> ?PR?WAITKEY?MAIN
  +--> ?PR?_DELAY?MAIN

?PR?WAITKEY?MAIN                                 -----    -----      -----    -----
  +--> ?PR?CONNTOUSB?MAIN
  +--> ?PR?_DELAY?MAIN

?PR?CONNTOUSB?MAIN                               005DH    0005H      027CH    0058H
  +--> ?CO?MAIN
  +--> ?PR?_WRITECOMM?LCD
  +--> ?PR?_WRITEDATA?LCD
  +--> ?PR?_DISPSTR?LCD
  +--> ?PR?_DISPINT?LCD
  +--> ?PR?_WRITEDISPDATA?LCD
  +--> ?PR?_MMC_SD_WRITESINGLEBLOCK?MMC_SD
  +--> ?PR?_BLOCK_WRITE?BLOCK_WRITE
  +--> ?PR?READDATA?LCD
  +--> ?PR?_DELAY?MAIN

?PR?_DISPSTR?LCD                                 0062H    000BH      -----    -----
  +--> ?PR?_TOORD?LCD
  +--> ?PR?_DISPONECHAR?LCD
BL51 BANKED LINKER/LOCATER V6.22                                                      08/03/2021  14:24:09  PAGE 7



?PR?_DISPONECHAR?LCD                             006DH    000DH      -----    -----
  +--> ?PR?_?BLOCKWRITE?LCD
  +--> ?CO?LCD
  +--> ?PR?_WRITEONEDOT?LCD

?PR?_WRITEONEDOT?LCD                             -----    -----      -----    -----
  +--> ?PR?_WRITEDISPDATA?LCD

?PR?_DISPINT?LCD                                 0062H    000AH      -----    -----
  +--> ?PR?_DISPONECHAR?LCD

?PR?_MMC_SD_WRITESINGLEBLOCK?MMC_SD              0062H    0004H      -----    -----
  +--> ?PR?_MMC_SD_SENDCOMMAND?MMC_SD
  +--> ?PR?_SPI_WRITEBYTE?MMC_SD

?PR?_MMC_SD_SENDCOMMAND?MMC_SD                   0066H    0005H      -----    -----
  +--> ?PR?_SPI_WRITEBYTE?MMC_SD

?PR?DISPBAND?LCD                                 0059H    0005H      -----    -----
  +--> ?PR?_?BLOCKWRITE?LCD
  +--> ?PR?_WRITEDISPDATA?LCD

?PR?DISPGRAYHOR16?LCD                            0059H    0004H      -----    -----
  +--> ?PR?_?BLOCKWRITE?LCD
  +--> ?PR?_WRITEDISPDATA?LCD

?PR?_DISPCOLOR?LCD                               0059H    0004H      -----    -----
  +--> ?PR?_?BLOCKWRITE?LCD
  +--> ?PR?_WRITEDISPDATA?LCD

?PR?TP_DRAWLINE?TP                               -----    -----      027CH    0018H
  +--> ?PR?_DISPCOLOR?LCD
  +--> ?PR?_DELAY?MAIN
  +--> ?PR?_TP_GETPOSITION?TP
  +--> ?PR?_PUTPIXEL?LCD

?PR?_TP_GETPOSITION?TP                           -----    -----      0294H    001BH
  +--> ?PR?_TP_WRITE?TP
  +--> ?PR?TP_READ?TP

?PR?_TP_WRITE?TP                                 -----    -----      02AFH    0001H

?PR?TP_READ?TP                                   -----    -----      02AFH    0005H

?PR?_PUTPIXEL?LCD                                0059H    0002H      -----    -----
  +--> ?PR?_?BLOCKWRITE?LCD
  +--> ?PR?_WRITEDISPDATA?LCD



SYMBOL TABLE OF MODULE:  NV3030A2_CTC24_H8 (MAIN)

  VALUE           TYPE          NAME
  ----------------------------------

  -------         MODULE        MAIN
BL51 BANKED LINKER/LOCATER V6.22                                                      08/03/2021  14:24:09  PAGE 8


  C:0000H         SYMBOL        _ICE_DUMMY_
  D:0080H         PUBLIC        P0
  X:0000H         PUBLIC        f_down
  D:0090H         PUBLIC        P1
  D:00A0H         PUBLIC        P2
  D:00B0H         PUBLIC        P3
  C:D829H         PUBLIC        USB_MaxPower
  B:00B0H.6       PUBLIC        KEY_STEP
  D:00A4H         PUBLIC        P0MDOUT
  D:00A5H         PUBLIC        P1MDOUT
  D:00A6H         PUBLIC        P2MDOUT
  D:00A7H         PUBLIC        P3MDOUT
  D:00AEH         PUBLIC        P4MDOUT
  B:0080H.6       PUBLIC        OE
  D:00D9H         PUBLIC        PCA0MD
  C:C0E8H         PUBLIC        USB_API_TEST_ISR
  C:003DH         PUBLIC        Suspend_Device
  C:D73BH         PUBLIC        _StopDelay
  D:00E1H         PUBLIC        XBR0
  D:00E2H         PUBLIC        XBR1
  B:00B0H.1       PUBLIC        RS
  C:D974H         PUBLIC        main
  X:0001H         PUBLIC        VerifyCode0
  X:0002H         PUBLIC        VerifyCode1
  C:D7F3H         PUBLIC        USB_PID
  X:0003H         PUBLIC        VerifyCode2
  D:00F1H         PUBLIC        P0MDIN
  D:00F2H         PUBLIC        P1MDIN
  C:D7F5H         PUBLIC        USB_MfrStr
  D:00F4H         PUBLIC        P3MDIN
  C:D7F1H         PUBLIC        USB_VID
  D:00F8H         PUBLIC        SPI0CN
  X:0004H         PUBLIC        pic
  C:D4A2H         PUBLIC        Devices_Init
  C:A68EH         PUBLIC        ConnToUSB
  D:00A9H         PUBLIC        CLKSEL
  D:00B2H         PUBLIC        OSCICN
  C:D82AH         PUBLIC        USB_PwAttributes
  C:DB1CH         PUBLIC        WaitKey
  C:D82DH         SYMBOL        _?ix1000
  B:00B0H.0       PUBLIC        CS0
  X:0005H         PUBLIC        bf
  C:D82BH         PUBLIC        USB_bcdDevice
  D:00B9H         PUBLIC        CLKMUL
  X:0007H         PUBLIC        f_debug
  X:0008H         PUBLIC        sd
  X:02D4H         PUBLIC        Packet
  C:D875H         PUBLIC        MCU_Init
  B:0080H.7       PUBLIC        DIR
  D:00EFH         PUBLIC        RSTSRC
  X:000CH         PUBLIC        f_read
  C:D81FH         PUBLIC        USB_SerialStr
  X:000DH         PUBLIC        f_other
  C:D80FH         PUBLIC        USB_ProductStr
  X:000EH         PUBLIC        f_para
  D:00A1H         PUBLIC        SPI0CFG
  C:DA51H         PUBLIC        _Delay
BL51 BANKED LINKER/LOCATER V6.22                                                      08/03/2021  14:24:09  PAGE 9


  B:00B0H.7       PUBLIC        KEY_Stop
  X:000FH         PUBLIC        f_init
  -------         PROC          MAIN
  C:D974H         LINE#         40
  C:D974H         LINE#         41
  C:D974H         LINE#         46
  C:D977H         LINE#         48
  C:D97AH         LINE#         49
  C:D97AH         LINE#         54
  C:D980H         LINE#         59
  C:D986H         LINE#         60
  C:D98CH         LINE#         61
  C:D995H         LINE#         82
  C:D998H         LINE#         84
  C:D99AH         LINE#         85
  -------         ENDPROC       MAIN
  -------         PROC          _DELAY
  D:0006H         SYMBOL        dly
  -------         DO            
  D:0004H         SYMBOL        i
  D:0002H         SYMBOL        j
  -------         ENDDO         
  C:DA51H         LINE#         88
  C:DA51H         LINE#         89
  C:DA51H         LINE#         92
  C:DA5BH         LINE#         93
  C:DA6FH         LINE#         94
  -------         ENDPROC       _DELAY
  C:D737H         SYMBOL        L?0133
  -------         PROC          L?0132
  -------         ENDPROC       L?0132
  C:D737H         SYMBOL        L?0133
  -------         PROC          _STOPDELAY
  X:0059H         SYMBOL        sdly
  -------         DO            
  D:0006H         SYMBOL        i
  D:0004H         SYMBOL        j
  X:005BH         SYMBOL        k
  -------         ENDDO         
  C:D73BH         LINE#         96
  C:D742H         LINE#         97
  C:D742H         LINE#         99
  C:D747H         LINE#         100
  C:D747H         LINE#         101
  C:D74AH         LINE#         102
  C:D74AH         LINE#         103
  C:D757H         LINE#         104
  C:D76BH         LINE#         105
  C:D76BH         LINE#         107
  C:D76BH         LINE#         108
  C:D775H         LINE#         109
  C:D775H         LINE#         110
  C:D78BH         LINE#         111
  -------         ENDPROC       _STOPDELAY
  -------         PROC          WAITKEY
  C:DB1CH         LINE#         140
  C:DB1CH         LINE#         141
BL51 BANKED LINKER/LOCATER V6.22                                                      08/03/2021  14:24:09  PAGE 10


  C:DB1CH         LINE#         143
  C:DB1FH         LINE#         144
  C:DB1FH         LINE#         146
  C:DB22H         LINE#         148
  C:DB24H         LINE#         149
  C:DB2BH         LINE#         150
  C:DB2EH         LINE#         152
  -------         ENDPROC       WAITKEY
  -------         PROC          CONNTOUSB
  -------         DO            
  X:005DH         SYMBOL        i
  X:027CH         SYMBOL        reg_data
  X:0294H         SYMBOL        para_data
  D:0007H         SYMBOL        dat
  X:005EH         SYMBOL        reg_index
  X:0060H         SYMBOL        data_num
  X:0061H         SYMBOL        st
  -------         ENDDO         
  C:A68EH         LINE#         157
  C:A68EH         LINE#         158
  C:A68EH         LINE#         165
  C:A6A1H         LINE#         167
  C:A6A9H         LINE#         168
  C:A6A9H         LINE#         169
  C:A6B7H         LINE#         170
  C:A6B7H         LINE#         171
  C:A6C8H         LINE#         172
  C:A6C8H         LINE#         173
  C:A6EEH         LINE#         174
  C:A6F0H         LINE#         175
  C:A704H         LINE#         176
  C:A704H         LINE#         177
  C:A72AH         LINE#         179
  C:A72AH         LINE#         180
  C:A72AH         LINE#         181
  C:A72AH         LINE#         183
  C:A72AH         LINE#         184
  C:A732H         LINE#         185
  C:A73CH         LINE#         186
  C:A746H         LINE#         188
  C:A762H         LINE#         190
  C:A76CH         LINE#         191
  C:A76CH         LINE#         192
  C:A77DH         LINE#         193
  C:A77DH         LINE#         194
  C:A78EH         LINE#         195
  C:A78EH         LINE#         196
  C:A7E1H         LINE#         197
  C:A7E3H         LINE#         198
  C:A7F9H         LINE#         199
  C:A7F9H         LINE#         200
  C:A84BH         LINE#         201
  C:A84BH         LINE#         202
  C:A84BH         LINE#         203
  C:A84BH         LINE#         205
  C:A84BH         LINE#         206
  C:A853H         LINE#         207
BL51 BANKED LINKER/LOCATER V6.22                                                      08/03/2021  14:24:09  PAGE 11


  C:A853H         LINE#         208
  C:A85DH         LINE#         209
  C:A867H         LINE#         211
  C:A86BH         LINE#         212
  C:A86EH         LINE#         216
  C:A876H         LINE#         217
  C:A876H         LINE#         218
  C:A885H         LINE#         219
  C:A885H         LINE#         220
  C:A887H         LINE#         222
  C:A889H         LINE#         223
  C:A8A5H         LINE#         224
  C:A8A7H         LINE#         226
  C:A8D0H         LINE#         227
  C:A8F4H         LINE#         228
  C:A8FEH         LINE#         229
  C:A8FEH         LINE#         230
  C:A906H         LINE#         231
  C:A90DH         LINE#         232
  C:A918H         LINE#         233
  C:A91EH         LINE#         234
  C:A91EH         LINE#         235
  C:A927H         LINE#         237
  C:A92BH         LINE#         238
  C:A937H         LINE#         239
  C:A93AH         LINE#         242
  C:A942H         LINE#         243
  C:A942H         LINE#         244
  C:A94BH         LINE#         245
  C:A94BH         LINE#         246
  C:A95BH         LINE#         247
  C:A95BH         LINE#         248
  C:A95DH         LINE#         250
  C:A95FH         LINE#         251
  C:A97BH         LINE#         252
  C:A97DH         LINE#         254
  C:A9A6H         LINE#         255
  C:A9CAH         LINE#         257
  C:A9D4H         LINE#         258
  C:A9D4H         LINE#         259
  C:A9DCH         LINE#         260
  C:A9E3H         LINE#         261
  C:A9EEH         LINE#         262
  C:A9F4H         LINE#         263
  C:A9F4H         LINE#         265
  C:A9FDH         LINE#         271
  C:A9FDH         LINE#         272
  C:AA0AH         LINE#         273
  C:AA0AH         LINE#         274
  C:AA0CH         LINE#         276
  C:AA0EH         LINE#         277
  C:AA2AH         LINE#         278
  C:AA2CH         LINE#         280
  C:AA34H         LINE#         281
  C:AA38H         LINE#         282
  C:AA44H         LINE#         283
  C:AA44H         LINE#         284
BL51 BANKED LINKER/LOCATER V6.22                                                      08/03/2021  14:24:09  PAGE 12


  C:AA47H         LINE#         287
  C:AA4FH         LINE#         288
  C:AA4FH         LINE#         289
  C:AA60H         LINE#         290
  C:AA60H         LINE#         291
  C:AA6DH         LINE#         292
  C:AA6DH         LINE#         293
  C:AA8BH         LINE#         294
  C:AA8DH         LINE#         295
  C:AA9DH         LINE#         296
  C:AA9DH         LINE#         297
  C:AABBH         LINE#         298
  C:AABDH         LINE#         299
  C:AACEH         LINE#         300
  C:AACEH         LINE#         301
  C:AAD8H         LINE#         302
  C:AAE2H         LINE#         303
  C:AAE2H         LINE#         304
  C:AAE2H         LINE#         305
  C:AAE2H         LINE#         307
  C:AAE2H         LINE#         308
  C:AAEBH         LINE#         309
  C:AAEFH         LINE#         310
  C:AAFBH         LINE#         311
  C:AAFEH         LINE#         314
  C:AB06H         LINE#         315
  C:AB06H         LINE#         316
  C:AB13H         LINE#         317
  C:AB24H         LINE#         319
  C:AB2DH         LINE#         320
  C:AB3CH         LINE#         322
  C:AB44H         LINE#         323
  C:AB44H         LINE#         324
  C:AB4DH         LINE#         325
  C:AB5CH         LINE#         326
  C:AB5CH         LINE#         327
  C:AB5FH         LINE#         328
  C:AB6EH         LINE#         329
  C:AB7AH         LINE#         330
  C:AB80H         LINE#         331
  C:AB80H         LINE#         333
  C:AB84H         LINE#         334
  C:AB93H         LINE#         336
  C:AB9AH         LINE#         337
  C:ABB6H         LINE#         338
  C:ABC0H         LINE#         339
  C:ABC0H         LINE#         340
  C:ABE6H         LINE#         341
  C:ABF9H         LINE#         342
  C:ABF9H         LINE#         343
  C:AC4BH         LINE#         344
  C:AC53H         LINE#         345
  C:AC53H         LINE#         346
  C:AC53H         LINE#         349
  C:AC58H         LINE#         350
  C:AC58H         LINE#         351
  C:AC65H         LINE#         352
BL51 BANKED LINKER/LOCATER V6.22                                                      08/03/2021  14:24:09  PAGE 13


  C:AC76H         LINE#         354
  C:AC7CH         LINE#         355
  C:AC80H         LINE#         356
  C:AC83H         LINE#         357
  C:AC87H         LINE#         359
  C:AC8BH         LINE#         360
  C:AC97H         LINE#         361
  C:AC99H         LINE#         362
  -------         ENDPROC       CONNTOUSB
  -------         PROC          MCU_INIT
  -------         DO            
  D:0007H         SYMBOL        n
  -------         ENDDO         
  C:D875H         LINE#         365
  C:D875H         LINE#         366
  C:D875H         LINE#         368
  C:D878H         LINE#         371
  C:D87BH         LINE#         372
  C:D87EH         LINE#         374
  C:D881H         LINE#         376
  C:D887H         LINE#         378
  C:D88AH         LINE#         379
  C:D88FH         LINE#         380
  C:D892H         LINE#         382
  C:D895H         LINE#         385
  C:D898H         LINE#         386
  C:D89BH         LINE#         388
  C:D89EH         LINE#         389
  C:D8A1H         LINE#         391
  C:D8A4H         LINE#         392
  C:D8A7H         LINE#         394
  C:D8AAH         LINE#         395
  C:D8ADH         LINE#         396
  C:D8AFH         LINE#         397
  C:D8B1H         LINE#         399
  C:D8B4H         LINE#         400
  C:D8B7H         LINE#         402
  -------         ENDPROC       MCU_INIT
  -------         PROC          DEVICES_INIT
  C:D4A2H         LINE#         404
  C:D4A2H         LINE#         405
  C:D4A2H         LINE#         407
  C:D4A5H         LINE#         410
  C:D4A8H         LINE#         411
  C:D502H         LINE#         412
  C:D505H         LINE#         415
  C:D508H         LINE#         416
  C:D50BH         LINE#         424
  -------         ENDPROC       DEVICES_INIT
  -------         PROC          SUSPEND_DEVICE
  C:003DH         LINE#         428
  C:003DH         LINE#         429
  C:003DH         LINE#         430
  -------         ENDPROC       SUSPEND_DEVICE
  -------         PROC          USB_API_TEST_ISR
  -------         DO            
  X:0056H         SYMBOL        INTVAL
BL51 BANKED LINKER/LOCATER V6.22                                                      08/03/2021  14:24:09  PAGE 14


  -------         ENDDO         
  C:C0E8H         LINE#         434
  C:C105H         LINE#         436
  C:C10CH         LINE#         438
  C:C112H         LINE#         439
  C:C112H         LINE#         440
  C:C11DH         LINE#         442
  C:C139H         LINE#         443
  C:C139H         LINE#         444
  C:C13BH         LINE#         445
  C:C13DH         LINE#         446
  C:C153H         LINE#         447
  C:C153H         LINE#         448
  C:C155H         LINE#         449
  C:C157H         LINE#         450
  C:C16FH         LINE#         451
  C:C16FH         LINE#         452
  C:C171H         LINE#         453
  C:C173H         LINE#         454
  C:C18DH         LINE#         455
  C:C18DH         LINE#         456
  C:C18FH         LINE#         457
  C:C191H         LINE#         458
  C:C1A6H         LINE#         459
  C:C1A6H         LINE#         460
  C:C1A8H         LINE#         461
  C:C1AAH         LINE#         463
  C:C1AAH         LINE#         464
  C:C1AFH         LINE#         465
  C:C1AFH         LINE#         466
  C:C1AFH         LINE#         468
  C:C1AFH         LINE#         469
  C:C1AFH         LINE#         471
  C:C1AFH         LINE#         473
  C:C1B5H         LINE#         474
  C:C1B5H         LINE#         475
  C:C1B8H         LINE#         476
  C:C1B8H         LINE#         478
  C:C1BEH         LINE#         479
  C:C1BEH         LINE#         480
  C:C1C1H         LINE#         481
  C:C1C1H         LINE#         483
  C:C1C7H         LINE#         484
  C:C1C7H         LINE#         485
  C:C1E3H         LINE#         486
  C:C1E3H         LINE#         488
  C:C1E9H         LINE#         489
  C:C1E9H         LINE#         490
  C:C1EEH         LINE#         491
  C:C20AH         LINE#         492
  C:C20AH         LINE#         493
  -------         ENDPROC       USB_API_TEST_ISR
  -------         ENDMOD        MAIN

  -------         MODULE        MMC_SD
  C:0000H         SYMBOL        _ICE_DUMMY_
  D:00A2H         PUBLIC        SPI0CKR
BL51 BANKED LINKER/LOCATER V6.22                                                      08/03/2021  14:24:09  PAGE 15


  D:0080H         PUBLIC        P0
  D:0090H         PUBLIC        P1
  D:00A0H         PUBLIC        P2
  D:00B0H         PUBLIC        P3
  C:D347H         PUBLIC        _MMC_SD_SendCommand
  C:D50EH         PUBLIC        _MMC_SD_ReadSingleBlock
  C:DB2FH         PUBLIC        SD_Init
  C:D254H         PUBLIC        _MMC_SD_WriteSingleBlock
  B:00F8H.7       PUBLIC        SPIF
  B:00F8H.2       PUBLIC        NSSMD0
  C:C931H         PUBLIC        MMC_SD_Reset
  D:00A9H         PUBLIC        CLKSEL
  C:DB5AH         PUBLIC        SPI_ReadByte
  C:DAE8H         PUBLIC        _SPI_WriteByte
  D:00A3H         PUBLIC        SPI0DAT
  X:007CH         PUBLIC        buffer
  C:DADCH         SYMBOL        L?0062
  C:DAE1H         SYMBOL        L?0063
  -------         PROC          L?0061
  -------         ENDPROC       L?0061
  C:DADCH         SYMBOL        L?0062
  C:DAE1H         SYMBOL        L?0063
  -------         PROC          _SPI_WRITEBYTE
  D:0007H         SYMBOL        val
  -------         DO            
  D:0007H         SYMBOL        ret
  -------         ENDDO         
  C:DAE8H         LINE#         7
  C:DAE8H         LINE#         8
  C:DAE8H         LINE#         11
  C:DAEAH         LINE#         12
  C:DAEDH         LINE#         13
  C:DAEFH         LINE#         14
  C:DAF1H         LINE#         15
  C:DAF1H         LINE#         16
  -------         ENDPROC       _SPI_WRITEBYTE
  -------         PROC          SPI_READBYTE
  -------         DO            
  D:0007H         SYMBOL        ret
  -------         ENDDO         
  C:DB5AH         LINE#         18
  C:DB5AH         LINE#         19
  C:DB5AH         LINE#         22
  C:DB5DH         LINE#         23
  C:DB60H         LINE#         24
  C:DB62H         LINE#         25
  C:DB64H         LINE#         26
  C:DB64H         LINE#         27
  -------         ENDPROC       SPI_READBYTE
  -------         PROC          _MMC_SD_SENDCOMMAND
  D:0006H         SYMBOL        cmd
  X:0067H         SYMBOL        arg
  -------         DO            
  D:0007H         SYMBOL        r1
  D:0003H         SYMBOL        retry
  -------         ENDDO         
  C:D347H         LINE#         29
BL51 BANKED LINKER/LOCATER V6.22                                                      08/03/2021  14:24:09  PAGE 16


  C:D349H         LINE#         30
  C:D349H         LINE#         32
  C:D34BH         LINE#         34
  C:D34BH         LINE#         35
  C:D34BH         LINE#         36
  C:D34EH         LINE#         37
  C:D34EH         LINE#         38
  C:D34EH         LINE#         39
  C:D351H         LINE#         41
  C:D353H         LINE#         43
  C:D35AH         LINE#         44
  C:D36FH         LINE#         45
  C:D384H         LINE#         46
  C:D399H         LINE#         47
  C:D3A3H         LINE#         48
  C:D3A8H         LINE#         50
  C:D3B0H         LINE#         51
  C:D3B9H         LINE#         53
  C:D3BBH         LINE#         55
  C:D3BBH         LINE#         56
  -------         ENDPROC       _MMC_SD_SENDCOMMAND
  -------         PROC          MMC_SD_RESET
  -------         DO            
  D:0005H         SYMBOL        i
  D:0002H         SYMBOL        retry
  D:0006H         SYMBOL        r1
  -------         ENDDO         
  C:C931H         LINE#         58
  C:C931H         LINE#         59
  C:C931H         LINE#         62
  C:C933H         LINE#         64
  C:C934H         LINE#         65
  C:C937H         LINE#         66
  C:C93AH         LINE#         68
  C:C93AH         LINE#         69
  C:C946H         LINE#         70
  C:C956H         LINE#         71
  C:C957H         LINE#         72
  C:C95DH         LINE#         73
  C:C961H         LINE#         75
  C:C963H         LINE#         77
  C:C963H         LINE#         79
  C:C963H         LINE#         80
  C:C973H         LINE#         81
  C:C974H         LINE#         82
  C:C97DH         LINE#         83
  C:C981H         LINE#         85
  C:C983H         LINE#         86
  C:C993H         LINE#         87
  C:C994H         LINE#         88
  C:C99DH         LINE#         89
  C:C9A0H         LINE#         91
  C:C9A3H         LINE#         92
  C:C9A3H         LINE#         93
  C:C9A5H         LINE#         95
  C:C9A5H         LINE#         96
  C:C9B5H         LINE#         97
BL51 BANKED LINKER/LOCATER V6.22                                                      08/03/2021  14:24:09  PAGE 17


  C:C9B6H         LINE#         98
  C:C9BFH         LINE#         99
  C:C9C2H         LINE#         100
  C:C9C2H         LINE#         101
  C:C9D2H         LINE#         103
  C:C9E0H         LINE#         104
  C:C9E3H         LINE#         105
  C:C9E6H         LINE#         106
  C:C9E7H         LINE#         107
  -------         ENDPROC       MMC_SD_RESET
  -------         PROC          _MMC_SD_READSINGLEBLOCK
  X:0010H         SYMBOL        sector
  -------         DO            
  D:0007H         SYMBOL        r1
  D:0004H         SYMBOL        i
  D:0002H         SYMBOL        retry
  -------         ENDDO         
  C:D50EH         LINE#         109
  C:D513H         LINE#         110
  C:D513H         LINE#         113
  C:D515H         LINE#         115
  C:D518H         LINE#         117
  C:D518H         LINE#         118
  C:D534H         LINE#         119
  C:D535H         LINE#         120
  C:D53EH         LINE#         121
  C:D541H         LINE#         124
  C:D543H         LINE#         126
  C:D549H         LINE#         128
  C:D54CH         LINE#         129
  C:D54CH         LINE#         130
  C:D55BH         LINE#         131
  C:D568H         LINE#         133
  C:D568H         LINE#         134
  C:D56BH         LINE#         136
  C:D56DH         LINE#         137
  C:D570H         LINE#         138
  C:D571H         LINE#         139
  -------         ENDPROC       _MMC_SD_READSINGLEBLOCK
  -------         PROC          _MMC_SD_WRITESINGLEBLOCK
  X:0062H         SYMBOL        sector
  -------         DO            
  D:0006H         SYMBOL        r1
  D:0004H         SYMBOL        i
  D:0002H         SYMBOL        retry
  -------         ENDDO         
  C:D254H         LINE#         141
  C:D259H         LINE#         142
  C:D259H         LINE#         145
  C:D25BH         LINE#         147
  C:D25EH         LINE#         149
  C:D25EH         LINE#         150
  C:D27CH         LINE#         151
  C:D27DH         LINE#         152
  C:D286H         LINE#         153
  C:D289H         LINE#         157
  C:D28BH         LINE#         159
BL51 BANKED LINKER/LOCATER V6.22                                                      08/03/2021  14:24:09  PAGE 18


  C:D290H         LINE#         161
  C:D295H         LINE#         163
  C:D297H         LINE#         164
  C:D297H         LINE#         165
  C:D2A6H         LINE#         166
  C:D2B3H         LINE#         168
  C:D2B3H         LINE#         169
  C:D2B3H         LINE#         171
  C:D2B8H         LINE#         173
  C:D2BFH         LINE#         174
  C:D2BFH         LINE#         175
  C:D2C1H         LINE#         176
  C:D2C2H         LINE#         177
  C:D2C2H         LINE#         179
  C:D2CAH         LINE#         181
  C:D2CCH         LINE#         182
  C:D2CFH         LINE#         183
  C:D2D0H         LINE#         184
  -------         ENDPROC       _MMC_SD_WRITESINGLEBLOCK
  -------         PROC          SD_INIT
  -------         DO            
  D:0001H         SYMBOL        n
  -------         ENDDO         
  C:DB2FH         LINE#         187
  C:DB2FH         LINE#         188
  C:DB2FH         LINE#         189
  C:DB31H         LINE#         191
  C:DB37H         LINE#         192
  C:DB37H         LINE#         193
  C:DB38H         LINE#         194
  C:DB3FH         LINE#         196
  -------         ENDPROC       SD_INIT
  -------         ENDMOD        MMC_SD

  -------         MODULE        LCD
  C:0000H         SYMBOL        _ICE_DUMMY_
  D:0080H         PUBLIC        P0
  C:CBFCH         PUBLIC        DispFrame
  D:0090H         PUBLIC        P1
  C:CCA0H         PUBLIC        DispScaleVer_Green
  D:00A0H         PUBLIC        P2
  D:00B0H         PUBLIC        P3
  C:BE09H         PUBLIC        DispBand
  C:DAADH         PUBLIC        _WriteData
  C:008EH         PUBLIC        ascii
  C:B657H         PUBLIC        _LCD_Read_IC_ID
  D:00A6H         PUBLIC        P2MDOUT
  C:0046H         PUBLIC        _DispColor
  C:D148H         PUBLIC        DispScaleVer_Blue
  C:D02CH         PUBLIC        _DrawGird
  C:D1CEH         PUBLIC        _DrawLine
  C:DA8DH         PUBLIC        _WriteComm
  C:D932H         PUBLIC        _WriteDispData
  C:CF9BH         PUBLIC        DispScaleVer_Gray
  B:00B0H.1       PUBLIC        RS
  B:00A0H.1       PUBLIC        SPI_CLK
  C:CF0AH         PUBLIC        DispScaleVer_Red
BL51 BANKED LINKER/LOCATER V6.22                                                      08/03/2021  14:24:09  PAGE 19


  D:00F3H         PUBLIC        P2MDIN
  C:C35CH         PUBLIC        DispScaleVer
  C:D572H         PUBLIC        _DispPic
  C:C896H         PUBLIC        _DispOneChar
  C:D2D1H         PUBLIC        DispGrayHor32
  C:CD40H         PUBLIC        DispGrayHor16
  C:C9E8H         PUBLIC        _DispInt
  C:D78CH         PUBLIC        _PutPixel
  D:00A9H         PUBLIC        CLKSEL
  B:0090H.6       PUBLIC        RD0
  B:00B0H.0       PUBLIC        CS0
  C:068EH         PUBLIC        pic_eval
  X:0054H         PUBLIC        LCM_ID
  C:B1DFH         PUBLIC        LCD_Init
  C:CE74H         PUBLIC        _DispStr
  B:0090H.7       PUBLIC        WR0
  C:B889H         PUBLIC        DispScaleHor1
  B:00A0H.0       PUBLIC        SPI_DI
  C:DB65H         PUBLIC        _WriteOneDot
  C:BAAFH         PUBLIC        DispScaleHor2
  C:C6B0H         PUBLIC        _DispPicFromSD
  B:0080H.7       PUBLIC        DIR
  C:D5D3H         PUBLIC        _ToOrd
  B:0080H.5       PUBLIC        RST
  C:DAF2H         PUBLIC        ReadData
  C:CDF5H         PUBLIC        _?BlockWrite
  -------         PROC          _LCD_READ_IC_ID
  X:0062H         SYMBOL        ID
  D:0004H         SYMBOL        Bug
  D:0003H         SYMBOL        flog
  -------         DO            
  X:0063H         SYMBOL        id
  X:0065H         SYMBOL        id1
  X:0067H         SYMBOL        temp
  D:0005H         SYMBOL        i
  D:0007H         SYMBOL        dat
  D:0001H         SYMBOL        id2
  X:0069H         SYMBOL        id3
  D:0002H         SYMBOL        id4
  -------         ENDDO         
  C:B657H         LINE#         35
  C:B65BH         LINE#         36
  C:B65BH         LINE#         40
  C:B663H         LINE#         41
  C:B663H         LINE#         43
  C:B665H         LINE#         44
  C:B667H         LINE#         45
  C:B669H         LINE#         47
  C:B66CH         LINE#         48
  C:B66EH         LINE#         49
  C:B670H         LINE#         50
  C:B672H         LINE#         53
  C:B675H         LINE#         54
  C:B678H         LINE#         55
  C:B67BH         LINE#         56
  C:B67DH         LINE#         57
  C:B67FH         LINE#         58
BL51 BANKED LINKER/LOCATER V6.22                                                      08/03/2021  14:24:09  PAGE 20


  C:B681H         LINE#         63
  C:B68BH         LINE#         65
  C:B691H         LINE#         66
  C:B699H         LINE#         68
  C:B69FH         LINE#         69
  C:B6A5H         LINE#         70
  C:B6AFH         LINE#         72
  C:B6B5H         LINE#         73
  C:B6B7H         LINE#         75
  C:B6BDH         LINE#         77
  C:B6C3H         LINE#         78
  C:B6CDH         LINE#         80
  C:B6D3H         LINE#         81
  C:B6D8H         LINE#         83
  C:B6DEH         LINE#         85
  C:B6E8H         LINE#         86
  C:B6F2H         LINE#         88
  C:B6F8H         LINE#         89
  C:B6FAH         LINE#         91
  C:B70AH         LINE#         92
  C:B714H         LINE#         94
  C:B717H         LINE#         95
  C:B71BH         LINE#         96
  C:B71BH         LINE#         97
  C:B724H         LINE#         98
  C:B72AH         LINE#         99
  C:B72AH         LINE#         100
  C:B734H         LINE#         101
  C:B736H         LINE#         102
  C:B73AH         LINE#         103
  C:B73AH         LINE#         104
  C:B749H         LINE#         105
  C:B749H         LINE#         108
  C:B749H         LINE#         109
  C:B752H         LINE#         110
  C:B752H         LINE#         112
  C:B755H         LINE#         113
  C:B759H         LINE#         114
  C:B75BH         LINE#         115
  C:B75DH         LINE#         116
  C:B75FH         LINE#         117
  C:B75FH         LINE#         118
  C:B761H         LINE#         119
  C:B769H         LINE#         120
  C:B76BH         LINE#         122
  C:B76DH         LINE#         123
  C:B771H         LINE#         124
  C:B776H         LINE#         125
  C:B779H         LINE#         128
  C:B783H         LINE#         129
  C:B783H         LINE#         130
  C:B785H         LINE#         131
  C:B785H         LINE#         132
  C:B787H         LINE#         133
  C:B789H         LINE#         134
  C:B78BH         LINE#         135
  C:B7A2H         LINE#         136
BL51 BANKED LINKER/LOCATER V6.22                                                      08/03/2021  14:24:09  PAGE 21


  C:B7A4H         LINE#         137
  C:B7A6H         LINE#         138
  C:B7ADH         LINE#         139
  C:B7B7H         LINE#         140
  C:B7B7H         LINE#         141
  C:B7B9H         LINE#         142
  C:B7B9H         LINE#         143
  C:B7BBH         LINE#         144
  C:B7BDH         LINE#         145
  C:B7BFH         LINE#         146
  C:B7D6H         LINE#         147
  C:B7D8H         LINE#         148
  C:B7DAH         LINE#         149
  C:B7DFH         LINE#         150
  C:B7DFH         LINE#         152
  C:B7E1H         LINE#         153
  C:B7E1H         LINE#         154
  C:B7E3H         LINE#         155
  C:B7E5H         LINE#         156
  C:B7E7H         LINE#         157
  C:B7FEH         LINE#         158
  C:B800H         LINE#         159
  C:B802H         LINE#         160
  C:B807H         LINE#         162
  C:B809H         LINE#         163
  C:B809H         LINE#         164
  C:B80BH         LINE#         165
  C:B80DH         LINE#         166
  C:B80FH         LINE#         167
  C:B819H         LINE#         168
  C:B81BH         LINE#         169
  C:B81DH         LINE#         170
  C:B822H         LINE#         172
  C:B824H         LINE#         173
  C:B824H         LINE#         174
  C:B826H         LINE#         175
  C:B828H         LINE#         176
  C:B82AH         LINE#         177
  C:B836H         LINE#         178
  C:B838H         LINE#         179
  C:B83AH         LINE#         180
  C:B83FH         LINE#         181
  C:B842H         LINE#         182
  C:B844H         LINE#         183
  C:B846H         LINE#         184
  C:B848H         LINE#         185
  C:B84AH         LINE#         186
  C:B84CH         LINE#         187
  C:B84EH         LINE#         189
  C:B852H         LINE#         190
  C:B852H         LINE#         191
  C:B862H         LINE#         193
  C:B86DH         LINE#         194
  C:B86DH         LINE#         195
  C:B86DH         LINE#         197
  C:B873H         LINE#         198
  C:B873H         LINE#         199
BL51 BANKED LINKER/LOCATER V6.22                                                      08/03/2021  14:24:09  PAGE 22


  C:B87FH         LINE#         200
  C:B87FH         LINE#         202
  C:B87FH         LINE#         203
  C:B881H         LINE#         204
  C:B888H         LINE#         205
  -------         ENDPROC       _LCD_READ_IC_ID
  -------         PROC          _WRITECOMM
  D:0004H         SYMBOL        i
  -------         DO            
  X:007AH         SYMBOL        j
  D:0007H         SYMBOL        DataH
  -------         ENDDO         
  C:DA8DH         LINE#         208
  C:DA91H         LINE#         209
  C:DA91H         LINE#         211
  C:DA92H         LINE#         212
  C:DA94H         LINE#         223
  C:DA94H         LINE#         224
  C:DA96H         LINE#         225
  C:DA98H         LINE#         226
  C:DA9AH         LINE#         227
  C:DA9CH         LINE#         228
  C:DA9EH         LINE#         229
  C:DAA2H         LINE#         230
  C:DAA4H         LINE#         231
  C:DAA6H         LINE#         232
  C:DAA6H         LINE#         319
  C:DAA8H         LINE#         320
  -------         ENDPROC       _WRITECOMM
  -------         PROC          L?0451
  -------         ENDPROC       L?0451
  -------         PROC          _WRITEDATA
  D:0004H         SYMBOL        i
  -------         DO            
  X:007AH         SYMBOL        j
  X:007BH         SYMBOL        DataH
  -------         ENDDO         
  C:DAADH         LINE#         322
  C:DAAFH         LINE#         323
  C:DAAFH         LINE#         325
  C:DAB3H         LINE#         326
  C:DAB5H         LINE#         337
  C:DAB5H         LINE#         338
  C:DAB7H         LINE#         339
  C:DAB9H         LINE#         347
  C:DABCH         LINE#         348
  C:DABEH         LINE#         349
  C:DAC0H         LINE#         350
  C:DAC0H         LINE#         513
  C:DAC2H         LINE#         514
  -------         ENDPROC       _WRITEDATA
  C:D91DH         SYMBOL        L?0450
  -------         PROC          L?0449
  -------         ENDPROC       L?0449
  C:D91DH         SYMBOL        L?0450
  -------         PROC          _WRITEDISPDATA
  D:0007H         SYMBOL        DataH
BL51 BANKED LINKER/LOCATER V6.22                                                      08/03/2021  14:24:09  PAGE 23


  D:0005H         SYMBOL        DataL
  -------         DO            
  X:007AH         SYMBOL        j
  -------         ENDDO         
  C:D932H         LINE#         516
  C:D932H         LINE#         517
  C:D932H         LINE#         519
  C:D934H         LINE#         533
  C:D934H         LINE#         534
  C:D936H         LINE#         535
  C:D938H         LINE#         536
  C:D93AH         LINE#         537
  C:D93CH         LINE#         538
  C:D93EH         LINE#         539
  C:D942H         LINE#         540
  C:D944H         LINE#         541
  C:D946H         LINE#         542
  C:D946H         LINE#         638
  C:D948H         LINE#         639
  -------         ENDPROC       _WRITEDISPDATA
  -------         PROC          _WRITEONEDOT
  D:0004H         SYMBOL        color
  C:DB65H         LINE#         641
  C:DB69H         LINE#         642
  C:DB69H         LINE#         655
  -------         ENDPROC       _WRITEONEDOT
  -------         PROC          LCD_INIT
  C:B1DFH         LINE#         664
  C:B1DFH         LINE#         665
  C:B1DFH         LINE#         666
  C:B1E2H         LINE#         669
  C:B1E4H         LINE#         670
  C:B1EBH         LINE#         672
  C:B1EDH         LINE#         673
  C:B1F4H         LINE#         675
  C:B1F6H         LINE#         676
  C:B1FDH         LINE#         4412
  C:B204H         LINE#         4413
  C:B209H         LINE#         4414
  C:B20EH         LINE#         4417
  C:B213H         LINE#         4418
  C:B218H         LINE#         4420
  C:B21DH         LINE#         4421
  C:B222H         LINE#         4423
  C:B227H         LINE#         4424
  C:B22CH         LINE#         4426
  C:B231H         LINE#         4427
  C:B236H         LINE#         4428
  C:B23BH         LINE#         4429
  C:B240H         LINE#         4430
  C:B245H         LINE#         4432
  C:B24AH         LINE#         4433
  C:B24FH         LINE#         4434
  C:B254H         LINE#         4435
  C:B259H         LINE#         4437
  C:B25EH         LINE#         4438
  C:B263H         LINE#         4439
BL51 BANKED LINKER/LOCATER V6.22                                                      08/03/2021  14:24:09  PAGE 24


  C:B268H         LINE#         4440
  C:B26DH         LINE#         4442
  C:B272H         LINE#         4443
  C:B277H         LINE#         4444
  C:B27CH         LINE#         4445
  C:B281H         LINE#         4447
  C:B286H         LINE#         4448
  C:B28BH         LINE#         4449
  C:B290H         LINE#         4450
  C:B295H         LINE#         4451
  C:B29AH         LINE#         4453
  C:B29FH         LINE#         4454
  C:B2A4H         LINE#         4456
  C:B2A9H         LINE#         4457
  C:B2AEH         LINE#         4459
  C:B2B3H         LINE#         4460
  C:B2B8H         LINE#         4461
  C:B2BDH         LINE#         4462
  C:B2C2H         LINE#         4463
  C:B2C7H         LINE#         4464
  C:B2CCH         LINE#         4467
  C:B2D1H         LINE#         4468
  C:B2D6H         LINE#         4469
  C:B2D9H         LINE#         4470
  C:B2DEH         LINE#         4471
  C:B2E3H         LINE#         4472
  C:B2E7H         LINE#         4473
  C:B2ECH         LINE#         4474
  C:B2F1H         LINE#         4475
  C:B2F6H         LINE#         4476
  C:B2FBH         LINE#         4477
  C:B300H         LINE#         4478
  C:B305H         LINE#         4479
  C:B30AH         LINE#         4480
  C:B30DH         LINE#         4481
  C:B312H         LINE#         4482
  C:B315H         LINE#         4483
  C:B31AH         LINE#         4484
  C:B31EH         LINE#         4485
  C:B323H         LINE#         4486
  C:B328H         LINE#         4487
  C:B32DH         LINE#         4488
  C:B332H         LINE#         4489
  C:B337H         LINE#         4490
  C:B33CH         LINE#         4491
  C:B341H         LINE#         4492
  C:B346H         LINE#         4493
  C:B34BH         LINE#         4494
  C:B350H         LINE#         4495
  C:B355H         LINE#         4496
  C:B35AH         LINE#         4497
  C:B35FH         LINE#         4498
  C:B364H         LINE#         4499
  C:B369H         LINE#         4500
  C:B36EH         LINE#         4501
  C:B373H         LINE#         4502
  C:B378H         LINE#         4503
BL51 BANKED LINKER/LOCATER V6.22                                                      08/03/2021  14:24:09  PAGE 25


  C:B37DH         LINE#         4504
  C:B381H         LINE#         4506
  C:B386H         LINE#         4507
  C:B38BH         LINE#         4508
  C:B390H         LINE#         4509
  C:B393H         LINE#         4510
  C:B398H         LINE#         4511
  C:B39DH         LINE#         4512
  C:B3A2H         LINE#         4514
  C:B3A7H         LINE#         4515
  C:B3ACH         LINE#         4516
  C:B3B1H         LINE#         4517
  C:B3B6H         LINE#         4519
  C:B3BBH         LINE#         4520
  C:B3C0H         LINE#         4522
  C:B3C5H         LINE#         4523
  C:B3CAH         LINE#         4524
  C:B3CFH         LINE#         4525
  C:B3D4H         LINE#         4526
  C:B3D7H         LINE#         4528
  C:B3DCH         LINE#         4529
  C:B3E1H         LINE#         4531
  C:B3E6H         LINE#         4532
  C:B3EBH         LINE#         4533
  C:B3F0H         LINE#         4535
  C:B3F5H         LINE#         4536
  C:B3FAH         LINE#         4538
  C:B3FFH         LINE#         4539
  C:B404H         LINE#         4541
  C:B409H         LINE#         4542
  C:B40EH         LINE#         4544
  C:B413H         LINE#         4545
  C:B418H         LINE#         4546
  C:B41FH         LINE#         4547
  -------         ENDPROC       LCD_INIT
  C:CDDCH         SYMBOL        L?0443
  C:CDE2H         SYMBOL        L?0444
  C:CDEBH         SYMBOL        L?0445
  -------         PROC          L?0442
  -------         ENDPROC       L?0442
  C:CDDCH         SYMBOL        L?0443
  C:CDE2H         SYMBOL        L?0444
  C:CDEBH         SYMBOL        L?0445
  -------         PROC          _?BLOCKWRITE
  p:0000H         SYMBOL        Xstart
  p:0002H         SYMBOL        Xend
  p:0004H         SYMBOL        Ystart
  p:0006H         SYMBOL        Yend
  C:CDF5H         LINE#         5095
  C:CE16H         LINE#         5198
  C:CE1DH         LINE#         5199
  C:CE24H         LINE#         5200
  C:CE2CH         LINE#         5201
  C:CE37H         LINE#         5202
  C:CE41H         LINE#         5204
  C:CE46H         LINE#         5205
  C:CE50H         LINE#         5207
BL51 BANKED LINKER/LOCATER V6.22                                                      08/03/2021  14:24:09  PAGE 26


  C:CE57H         LINE#         5208
  C:CE61H         LINE#         5209
  C:CE68H         LINE#         5215
  C:CE6DH         LINE#         5222
  -------         ENDPROC       _?BLOCKWRITE
  -------         PROC          _DISPCOLOR
  D:0004H         SYMBOL        color
  -------         DO            
  X:0059H         SYMBOL        i
  D:0002H         SYMBOL        m
  X:005BH         SYMBOL        DataH
  X:005CH         SYMBOL        DataL
  -------         ENDDO         
  C:0046H         LINE#         5224
  C:0048H         LINE#         5225
  C:0048H         LINE#         5228
  C:004EH         LINE#         5230
  C:0051H         LINE#         5232
  C:0053H         LINE#         5233
  C:0059H         LINE#         5234
  C:0059H         LINE#         5235
  C:005CH         LINE#         5236
  C:005CH         LINE#         5237
  C:0066H         LINE#         5238
  C:0071H         LINE#         5239
  C:0087H         LINE#         5241
  C:0089H         LINE#         5242
  -------         ENDPROC       _DISPCOLOR
  -------         PROC          DISPFRAME
  -------         DO            
  D:0002H         SYMBOL        i
  X:0059H         SYMBOL        j
  D:0001H         SYMBOL        DataH
  D:0006H         SYMBOL        DataL
  -------         ENDDO         
  C:CBFCH         LINE#         5244
  C:CBFCH         LINE#         5245
  C:CBFCH         LINE#         5248
  C:CBFFH         LINE#         5250
  C:CC01H         LINE#         5253
  C:CC05H         LINE#         5254
  C:CC0BH         LINE#         5256
  C:CC0BH         LINE#         5257
  C:CC0BH         LINE#         5258
  C:CC0FH         LINE#         5259
  C:CC16H         LINE#         5260
  C:CC21H         LINE#         5262
  C:CC25H         LINE#         5263
  C:CC2BH         LINE#         5265
  C:CC30H         LINE#         5266
  C:CC30H         LINE#         5267
  C:CC34H         LINE#         5268
  C:CC3AH         LINE#         5270
  C:CC3CH         LINE#         5271
  C:CC3CH         LINE#         5272
  C:CC3FH         LINE#         5273
  C:CC44H         LINE#         5274
BL51 BANKED LINKER/LOCATER V6.22                                                      08/03/2021  14:24:09  PAGE 27


  C:CC4FH         LINE#         5276
  C:CC53H         LINE#         5277
  C:CC59H         LINE#         5279
  C:CC6FH         LINE#         5281
  C:CC73H         LINE#         5282
  C:CC79H         LINE#         5284
  C:CC7BH         LINE#         5285
  C:CC7BH         LINE#         5286
  C:CC7FH         LINE#         5287
  C:CC86H         LINE#         5288
  C:CC91H         LINE#         5290
  C:CC95H         LINE#         5291
  C:CC9BH         LINE#         5293
  C:CC9DH         LINE#         5294
  C:CC9FH         LINE#         5295
  -------         ENDPROC       DISPFRAME
  -------         PROC          DISPBAND
  -------         DO            
  D:0002H         SYMBOL        i
  X:0059H         SYMBOL        j
  X:005AH         SYMBOL        k
  X:005BH         SYMBOL        m
  X:005CH         SYMBOL        n
  X:005DH         SYMBOL        x
  -------         ENDDO         
  C:BE09H         LINE#         5297
  C:BE09H         LINE#         5298
  C:BE09H         LINE#         5301
  C:BE12H         LINE#         5302
  C:BE1BH         LINE#         5303
  C:BE1DH         LINE#         5306
  C:BE25H         LINE#         5307
  C:BE31H         LINE#         5308
  C:BE31H         LINE#         5309
  C:BE4CH         LINE#         5310
  C:BE67H         LINE#         5311
  C:BE93H         LINE#         5312
  C:BE9AH         LINE#         5313
  C:BEA9H         LINE#         5314
  C:BEA9H         LINE#         5315
  C:BEC4H         LINE#         5316
  C:BEDFH         LINE#         5317
  C:BF0BH         LINE#         5318
  C:BF12H         LINE#         5319
  C:BF28H         LINE#         5320
  C:BF28H         LINE#         5321
  C:BF43H         LINE#         5322
  C:BF5EH         LINE#         5323
  C:BF8AH         LINE#         5324
  C:BF91H         LINE#         5325
  C:BF93H         LINE#         5326
  C:BF96H         LINE#         5327
  -------         ENDPROC       DISPBAND
  -------         PROC          _DISPPIC
  D:0006H         SYMBOL        picture
  -------         DO            
  X:0014H         SYMBOL        p
BL51 BANKED LINKER/LOCATER V6.22                                                      08/03/2021  14:24:09  PAGE 28


  X:0017H         SYMBOL        n
  -------         ENDDO         
  C:D572H         LINE#         5330
  C:D572H         LINE#         5331
  C:D572H         LINE#         5334
  C:D581H         LINE#         5335
  C:D581H         LINE#         5336
  C:D581H         LINE#         5338
  C:D592H         LINE#         5340
  C:D5A5H         LINE#         5341
  C:D5A5H         LINE#         5342
  C:D5C5H         LINE#         5343
  C:D5D2H         LINE#         5345
  -------         ENDPROC       _DISPPIC
  -------         PROC          _DISPPICFROMSD
  X:0019H         SYMBOL        PicNum
  -------         DO            
  X:001AH         SYMBOL        Address_S
  X:001EH         SYMBOL        Address_E
  D:0002H         SYMBOL        i
  X:0022H         SYMBOL        k
  -------         ENDDO         
  C:C6B0H         LINE#         5349
  C:C6B3H         LINE#         5350
  C:C6B3H         LINE#         5356
  C:C6B6H         LINE#         5359
  C:C6B8H         LINE#         5361
  C:C6BAH         LINE#         5363
  C:C6C3H         LINE#         5364
  C:C6EEH         LINE#         5365
  C:C717H         LINE#         5366
  C:C73AH         LINE#         5367
  C:C73AH         LINE#         5368
  C:C74AH         LINE#         5370
  C:C753H         LINE#         5371
  C:C753H         LINE#         5373
  C:C76EH         LINE#         5374
  C:C777H         LINE#         5375
  C:C796H         LINE#         5377
  C:C798H         LINE#         5415
  -------         ENDPROC       _DISPPICFROMSD
  -------         PROC          DISPSCALEHOR1
  -------         DO            
  X:0026H         SYMBOL        i
  X:0028H         SYMBOL        j
  D:0002H         SYMBOL        k
  -------         ENDDO         
  C:B889H         LINE#         5420
  C:B889H         LINE#         5421
  C:B889H         LINE#         5424
  C:B88CH         LINE#         5427
  C:B88CH         LINE#         5428
  C:B88CH         LINE#         5429
  C:B8AEH         LINE#         5430
  C:B8B4H         LINE#         5431
  C:B8B4H         LINE#         5432
  C:B8BAH         LINE#         5433
BL51 BANKED LINKER/LOCATER V6.22                                                      08/03/2021  14:24:09  PAGE 29


  C:B8BAH         LINE#         5434
  C:B8CFH         LINE#         5435
  C:B8E5H         LINE#         5436
  C:B8FBH         LINE#         5438
  C:B906H         LINE#         5441
  C:B909H         LINE#         5442
  C:B909H         LINE#         5443
  C:B92BH         LINE#         5444
  C:B931H         LINE#         5445
  C:B931H         LINE#         5446
  C:B937H         LINE#         5447
  C:B937H         LINE#         5448
  C:B962H         LINE#         5449
  C:B978H         LINE#         5450
  C:B98EH         LINE#         5451
  C:B99CH         LINE#         5454
  C:B99FH         LINE#         5455
  C:B99FH         LINE#         5456
  C:B9C1H         LINE#         5457
  C:B9C7H         LINE#         5458
  C:B9C7H         LINE#         5459
  C:B9CDH         LINE#         5460
  C:B9CDH         LINE#         5461
  C:B9D7H         LINE#         5462
  C:B9EDH         LINE#         5463
  C:BA03H         LINE#         5464
  C:BA0EH         LINE#         5467
  C:BA11H         LINE#         5468
  C:BA11H         LINE#         5469
  C:BA33H         LINE#         5470
  C:BA39H         LINE#         5471
  C:BA39H         LINE#         5472
  C:BA3FH         LINE#         5473
  C:BA3FH         LINE#         5474
  C:BA72H         LINE#         5475
  C:BA88H         LINE#         5476
  C:BA9EH         LINE#         5477
  C:BAACH         LINE#         5478
  C:BAAEH         LINE#         5479
  -------         ENDPROC       DISPSCALEHOR1
  -------         PROC          DISPSCALEVER
  -------         DO            
  X:002AH         SYMBOL        i
  X:002CH         SYMBOL        j
  D:0002H         SYMBOL        k
  -------         ENDDO         
  C:C35CH         LINE#         5481
  C:C35CH         LINE#         5482
  C:C35CH         LINE#         5551
  C:C35FH         LINE#         5553
  C:C365H         LINE#         5554
  C:C365H         LINE#         5555
  C:C36BH         LINE#         5556
  C:C36BH         LINE#         5557
  C:C371H         LINE#         5558
  C:C387H         LINE#         5559
  C:C38EH         LINE#         5561
BL51 BANKED LINKER/LOCATER V6.22                                                      08/03/2021  14:24:09  PAGE 30


  C:C391H         LINE#         5562
  C:C391H         LINE#         5564
  C:C397H         LINE#         5565
  C:C397H         LINE#         5567
  C:C39DH         LINE#         5568
  C:C39DH         LINE#         5569
  C:C3AFH         LINE#         5570
  C:C3C5H         LINE#         5572
  C:C3CBH         LINE#         5573
  C:C3CBH         LINE#         5574
  C:C3F3H         LINE#         5575
  C:C409H         LINE#         5577
  C:C40FH         LINE#         5578
  C:C40FH         LINE#         5579
  C:C416H         LINE#         5580
  C:C42CH         LINE#         5582
  C:C432H         LINE#         5583
  C:C432H         LINE#         5584
  C:C446H         LINE#         5585
  C:C45CH         LINE#         5587
  C:C475H         LINE#         5589
  C:C483H         LINE#         5591
  -------         ENDPROC       DISPSCALEVER
  -------         PROC          DISPSCALEVER_RED
  -------         DO            
  X:002EH         SYMBOL        i
  X:0030H         SYMBOL        j
  D:0002H         SYMBOL        k
  -------         ENDDO         
  C:CF0AH         LINE#         5593
  C:CF0AH         LINE#         5594
  C:CF0AH         LINE#         5597
  C:CF0DH         LINE#         5599
  C:CF0FH         LINE#         5601
  C:CF11H         LINE#         5604
  C:CF17H         LINE#         5605
  C:CF17H         LINE#         5606
  C:CF1DH         LINE#         5607
  C:CF1DH         LINE#         5608
  C:CF23H         LINE#         5609
  C:CF39H         LINE#         5610
  C:CF40H         LINE#         5612
  C:CF43H         LINE#         5613
  C:CF43H         LINE#         5614
  C:CF49H         LINE#         5615
  C:CF49H         LINE#         5617
  C:CF4FH         LINE#         5618
  C:CF4FH         LINE#         5619
  C:CF61H         LINE#         5620
  C:CF77H         LINE#         5621
  C:CF8DH         LINE#         5623
  C:CF98H         LINE#         5625
  C:CF9AH         LINE#         5626
  -------         ENDPROC       DISPSCALEVER_RED
  -------         PROC          DISPSCALEVER_GREEN
  -------         DO            
  X:0032H         SYMBOL        i
BL51 BANKED LINKER/LOCATER V6.22                                                      08/03/2021  14:24:09  PAGE 31


  X:0034H         SYMBOL        j
  D:0002H         SYMBOL        k
  -------         ENDDO         
  C:CCA0H         LINE#         5628
  C:CCA0H         LINE#         5629
  C:CCA0H         LINE#         5632
  C:CCA3H         LINE#         5634
  C:CCA5H         LINE#         5635
  C:CCA7H         LINE#         5638
  C:CCADH         LINE#         5639
  C:CCADH         LINE#         5640
  C:CCB3H         LINE#         5641
  C:CCB3H         LINE#         5642
  C:CCB9H         LINE#         5644
  C:CCCFH         LINE#         5645
  C:CCD6H         LINE#         5647
  C:CCD9H         LINE#         5648
  C:CCD9H         LINE#         5649
  C:CCDFH         LINE#         5650
  C:CCDFH         LINE#         5652
  C:CCE5H         LINE#         5653
  C:CCE5H         LINE#         5655
  C:CD06H         LINE#         5656
  C:CD1CH         LINE#         5657
  C:CD32H         LINE#         5659
  C:CD3DH         LINE#         5661
  C:CD3FH         LINE#         5662
  -------         ENDPROC       DISPSCALEVER_GREEN
  -------         PROC          DISPSCALEVER_BLUE
  -------         DO            
  X:0036H         SYMBOL        i
  X:0038H         SYMBOL        j
  D:0002H         SYMBOL        k
  -------         ENDDO         
  C:D148H         LINE#         5664
  C:D148H         LINE#         5665
  C:D148H         LINE#         5668
  C:D14BH         LINE#         5670
  C:D14DH         LINE#         5671
  C:D14FH         LINE#         5674
  C:D155H         LINE#         5675
  C:D155H         LINE#         5676
  C:D15BH         LINE#         5677
  C:D15BH         LINE#         5678
  C:D161H         LINE#         5679
  C:D177H         LINE#         5680
  C:D17EH         LINE#         5682
  C:D181H         LINE#         5683
  C:D181H         LINE#         5684
  C:D187H         LINE#         5685
  C:D187H         LINE#         5687
  C:D18DH         LINE#         5688
  C:D18DH         LINE#         5689
  C:D194H         LINE#         5690
  C:D1AAH         LINE#         5691
  C:D1C0H         LINE#         5693
  C:D1CBH         LINE#         5695
BL51 BANKED LINKER/LOCATER V6.22                                                      08/03/2021  14:24:09  PAGE 32


  C:D1CDH         LINE#         5696
  -------         ENDPROC       DISPSCALEVER_BLUE
  -------         PROC          DISPSCALEVER_GRAY
  -------         DO            
  X:003AH         SYMBOL        i
  X:003CH         SYMBOL        j
  D:0002H         SYMBOL        k
  -------         ENDDO         
  C:CF9BH         LINE#         5698
  C:CF9BH         LINE#         5699
  C:CF9BH         LINE#         5702
  C:CF9EH         LINE#         5704
  C:CFA0H         LINE#         5709
  C:CFA6H         LINE#         5710
  C:CFA6H         LINE#         5711
  C:CFACH         LINE#         5712
  C:CFACH         LINE#         5713
  C:CFB2H         LINE#         5715
  C:CFC8H         LINE#         5716
  C:CFCFH         LINE#         5718
  C:CFD2H         LINE#         5719
  C:CFD2H         LINE#         5720
  C:CFD8H         LINE#         5721
  C:CFD8H         LINE#         5723
  C:CFDEH         LINE#         5724
  C:CFDEH         LINE#         5725
  C:CFF2H         LINE#         5726
  C:D008H         LINE#         5727
  C:D01EH         LINE#         5729
  C:D029H         LINE#         5731
  C:D02BH         LINE#         5732
  -------         ENDPROC       DISPSCALEVER_GRAY
  -------         PROC          DISPGRAYHOR16
  -------         DO            
  X:0059H         SYMBOL        i
  D:0002H         SYMBOL        j
  X:005BH         SYMBOL        k
  -------         ENDDO         
  C:CD40H         LINE#         5734
  C:CD40H         LINE#         5735
  C:CD40H         LINE#         5738
  C:CD43H         LINE#         5740
  C:CD45H         LINE#         5741
  C:CD47H         LINE#         5743
  C:CD4DH         LINE#         5744
  C:CD4DH         LINE#         5745
  C:CD56H         LINE#         5746
  C:CD56H         LINE#         5747
  C:CD5CH         LINE#         5748
  C:CD63H         LINE#         5750
  C:CD66H         LINE#         5751
  C:CD66H         LINE#         5752
  C:CD6CH         LINE#         5753
  C:CD6CH         LINE#         5754
  C:CD9EH         LINE#         5755
  C:CDB4H         LINE#         5756
  C:CDBFH         LINE#         5757
BL51 BANKED LINKER/LOCATER V6.22                                                      08/03/2021  14:24:09  PAGE 33


  C:CDD8H         LINE#         5759
  C:CDDAH         LINE#         5760
  -------         ENDPROC       DISPGRAYHOR16
  -------         PROC          DISPGRAYHOR32
  -------         DO            
  X:003EH         SYMBOL        i
  D:0002H         SYMBOL        j
  X:0040H         SYMBOL        k
  -------         ENDDO         
  C:D2D1H         LINE#         5762
  C:D2D1H         LINE#         5763
  C:D2D1H         LINE#         5766
  C:D2D4H         LINE#         5768
  C:D2D6H         LINE#         5770
  C:D2DCH         LINE#         5771
  C:D2DCH         LINE#         5772
  C:D2DFH         LINE#         5773
  C:D2DFH         LINE#         5774
  C:D2E5H         LINE#         5775
  C:D2F0H         LINE#         5777
  C:D2F3H         LINE#         5778
  C:D2F3H         LINE#         5779
  C:D2F9H         LINE#         5780
  C:D2F9H         LINE#         5781
  C:D30DH         LINE#         5782
  C:D323H         LINE#         5783
  C:D32EH         LINE#         5784
  C:D344H         LINE#         5786
  C:D346H         LINE#         5787
  -------         ENDPROC       DISPGRAYHOR32
  -------         PROC          DISPSCALEHOR2
  -------         DO            
  X:0042H         SYMBOL        j
  D:0002H         SYMBOL        k
  -------         ENDDO         
  C:BAAFH         LINE#         5789
  C:BAAFH         LINE#         5790
  C:BAAFH         LINE#         5793
  C:BAB2H         LINE#         5795
  C:BAB2H         LINE#         5796
  C:BAB2H         LINE#         5797
  C:BAB8H         LINE#         5798
  C:BAD5H         LINE#         5799
  C:BAE0H         LINE#         5800
  C:BAE3H         LINE#         5801
  C:BAE3H         LINE#         5802
  C:BAE9H         LINE#         5803
  C:BB06H         LINE#         5804
  C:BB11H         LINE#         5805
  C:BB14H         LINE#         5806
  C:BB14H         LINE#         5807
  C:BB1AH         LINE#         5808
  C:BB37H         LINE#         5809
  C:BB42H         LINE#         5810
  C:BB45H         LINE#         5811
  C:BB45H         LINE#         5812
  C:BB4BH         LINE#         5813
BL51 BANKED LINKER/LOCATER V6.22                                                      08/03/2021  14:24:09  PAGE 34


  C:BB68H         LINE#         5814
  C:BB73H         LINE#         5815
  C:BB76H         LINE#         5816
  C:BB76H         LINE#         5817
  C:BB7CH         LINE#         5818
  C:BB99H         LINE#         5819
  C:BBA4H         LINE#         5820
  C:BBA7H         LINE#         5821
  C:BBA7H         LINE#         5822
  C:BBADH         LINE#         5823
  C:BBCAH         LINE#         5824
  C:BBD5H         LINE#         5825
  C:BBD8H         LINE#         5826
  C:BBD8H         LINE#         5827
  C:BBDEH         LINE#         5828
  C:BBFBH         LINE#         5829
  C:BC06H         LINE#         5830
  C:BC09H         LINE#         5831
  C:BC09H         LINE#         5832
  C:BC0FH         LINE#         5833
  C:BC2BH         LINE#         5834
  C:BC36H         LINE#         5835
  C:BC3FH         LINE#         5836
  C:BC3FH         LINE#         5837
  C:BC45H         LINE#         5838
  C:BC61H         LINE#         5839
  C:BC68H         LINE#         5841
  -------         ENDPROC       DISPSCALEHOR2
  -------         PROC          _TOORD
  D:0007H         SYMBOL        ch
  C:D5D3H         LINE#         5946
  C:D5D3H         LINE#         5947
  C:D5D3H         LINE#         5948
  C:D5D9H         LINE#         5949
  C:D5D9H         LINE#         5950
  C:D5DBH         LINE#         5951
  C:D5DDH         LINE#         5952
  C:D5E9H         LINE#         5953
  C:D5E9H         LINE#         5954
  C:D5EDH         LINE#         5955
  C:D5EFH         LINE#         5956
  C:D5FBH         LINE#         5957
  C:D5FBH         LINE#         5958
  C:D5FFH         LINE#         5959
  C:D601H         LINE#         5960
  C:D60DH         LINE#         5961
  C:D60DH         LINE#         5962
  C:D611H         LINE#         5963
  C:D613H         LINE#         5964
  C:D61FH         LINE#         5965
  C:D61FH         LINE#         5966
  C:D623H         LINE#         5967
  C:D625H         LINE#         5968
  C:D62BH         LINE#         5969
  C:D62BH         LINE#         5970
  C:D62DH         LINE#         5971
  C:D62DH         LINE#         5973
BL51 BANKED LINKER/LOCATER V6.22                                                      08/03/2021  14:24:09  PAGE 35


  C:D62DH         LINE#         5974
  -------         ENDPROC       _TOORD
  C:C86EH         SYMBOL        L?0447
  C:C886H         SYMBOL        L?0448
[...]
  C:B575H         LINE#         318
  C:B575H         LINE#         319
  C:B57AH         LINE#         320
  C:B57DH         LINE#         321
  C:B58CH         LINE#         322
  C:B58CH         LINE#         323
  C:B5A1H         LINE#         324
  C:B5A6H         LINE#         325
  C:B5AEH         LINE#         326
  C:B5B8H         LINE#         327
  C:B5C6H         LINE#         328
  C:B5D4H         LINE#         329
  C:B5D6H         LINE#         331
  C:B5D6H         LINE#         332
  C:B5DBH         LINE#         333
  C:B5DEH         LINE#         334
  C:B5F6H         LINE#         335
  C:B5F6H         LINE#         336
  C:B60FH         LINE#         337
  C:B614H         LINE#         338
  C:B61CH         LINE#         339
  C:B623H         LINE#         340
  C:B628H         LINE#         341
  C:B628H         LINE#         342
  C:B63CH         LINE#         343
  C:B63CH         LINE#         344
  C:B643H         LINE#         345
  C:B648H         LINE#         346
  C:B648H         LINE#         347
  C:B656H         LINE#         348
  C:B656H         LINE#         349
  -------         ENDPROC       USBXCORE_HANDLE_SETUP
  -------         PROC          USBXCORE_FORCE_STALL
  C:DA70H         LINE#         356
  C:DA70H         LINE#         358
  C:DA7BH         LINE#         359
  C:DA86H         LINE#         360
  C:DA8CH         LINE#         361
BL51 BANKED LINKER/LOCATER V6.22                                                      08/03/2021  14:24:09  PAGE 44


  -------         ENDPROC       USBXCORE_FORCE_STALL
  -------         PROC          USBXCORE_GET_STATUS
  C:D42FH         LINE#         367
  C:D42FH         LINE#         369
  C:D43EH         LINE#         370
  C:D43EH         LINE#         371
  C:D43EH         LINE#         372
  C:D43EH         LINE#         373
  C:D43EH         LINE#         374
  C:D440H         LINE#         375
  C:D440H         LINE#         379
  C:D440H         LINE#         381
  C:D44EH         LINE#         385
  C:D44EH         LINE#         386
  C:D44EH         LINE#         387
  C:D44EH         LINE#         388
  C:D450H         LINE#         390
  C:D450H         LINE#         392
  C:D45EH         LINE#         396
  C:D45EH         LINE#         397
  C:D46BH         LINE#         398
  C:D46BH         LINE#         399
  C:D46DH         LINE#         401
  C:D46DH         LINE#         402
  C:D47BH         LINE#         403
  C:D484H         LINE#         404
  C:D484H         LINE#         405
  C:D484H         LINE#         406
  C:D486H         LINE#         407
  C:D486H         LINE#         408
  C:D489H         LINE#         409
  C:D489H         LINE#         410
  C:D489H         LINE#         411
  C:D491H         LINE#         412
  C:D491H         LINE#         413
  C:D494H         LINE#         414
  C:D49AH         LINE#         415
  C:D4A1H         LINE#         416
  C:D4A1H         LINE#         417
  -------         ENDPROC       USBXCORE_GET_STATUS
  -------         PROC          USBXCORE_CLEAR_FEATURE
  C:D688H         LINE#         423
  C:D688H         LINE#         425
  C:D68EH         LINE#         426
  C:D68EH         LINE#         428
  C:D695H         LINE#         429
  C:D695H         LINE#         430
  C:D6A0H         LINE#         436
  C:D6ABH         LINE#         437
  C:D6B0H         LINE#         438
  C:D6B2H         LINE#         440
  C:D6B2H         LINE#         442
  C:D6BDH         LINE#         446
  C:D6C8H         LINE#         447
  C:D6CDH         LINE#         448
  C:D6CDH         LINE#         449
  C:D6CFH         LINE#         451
BL51 BANKED LINKER/LOCATER V6.22                                                      08/03/2021  14:24:09  PAGE 45


  C:D6CFH         LINE#         452
  C:D6D2H         LINE#         453
  C:D6D2H         LINE#         454
  C:D6DDH         LINE#         455
  -------         ENDPROC       USBXCORE_CLEAR_FEATURE
  -------         PROC          USBXCORE_VENDOR_USB_API
  C:C799H         LINE#         462
  C:C799H         LINE#         464
  C:C7A3H         LINE#         465
  C:C7A3H         LINE#         466
  C:C7AAH         LINE#         467
  C:C7AAH         LINE#         468
  C:C7ADH         LINE#         469
  C:C7B0H         LINE#         470
  C:C7B2H         LINE#         472
  C:C7B2H         LINE#         473
  C:C7B9H         LINE#         474
  C:C7B9H         LINE#         477
  C:C7C4H         LINE#         482
  C:C7CFH         LINE#         483
  C:C7DAH         LINE#         485
  C:C7DAH         LINE#         486
  C:C7EDH         LINE#         487
  C:C7EDH         LINE#         488
  C:C7F1H         LINE#         489
  C:C7FCH         LINE#         491
  C:C7FCH         LINE#         492
  C:C80FH         LINE#         493
  C:C80FH         LINE#         494
  C:C813H         LINE#         495
  C:C81EH         LINE#         497
  C:C824H         LINE#         498
  C:C82CH         LINE#         499
  C:C82CH         LINE#         500
  C:C82FH         LINE#         501
  C:C82FH         LINE#         502
  C:C82FH         LINE#         503
  C:C83AH         LINE#         504
  C:C83AH         LINE#         505
  C:C840H         LINE#         506
  C:C847H         LINE#         507
  C:C847H         LINE#         508
  C:C84BH         LINE#         509
  C:C84BH         LINE#         510
  C:C851H         LINE#         511
  C:C858H         LINE#         512
  C:C858H         LINE#         513
  C:C863H         LINE#         514
  -------         ENDPROC       USBXCORE_VENDOR_USB_API
  -------         PROC          USBXCORE_SET_FEATURE
  C:D6E0H         LINE#         521
  C:D6E0H         LINE#         523
  C:D6E6H         LINE#         524
  C:D6E6H         LINE#         526
  C:D6EDH         LINE#         527
  C:D6EDH         LINE#         528
  C:D6F8H         LINE#         534
BL51 BANKED LINKER/LOCATER V6.22                                                      08/03/2021  14:24:09  PAGE 46


  C:D703H         LINE#         535
  C:D706H         LINE#         536
  C:D708H         LINE#         538
  C:D708H         LINE#         540
  C:D713H         LINE#         544
  C:D71EH         LINE#         545
  C:D724H         LINE#         546
  C:D724H         LINE#         548
  C:D726H         LINE#         550
  C:D726H         LINE#         551
  C:D729H         LINE#         552
  C:D729H         LINE#         553
  C:D734H         LINE#         554
  -------         ENDPROC       USBXCORE_SET_FEATURE
  -------         PROC          USBXCORE_SET_ADDRESS
  C:DA31H         LINE#         561
  C:DA31H         LINE#         563
  C:DA40H         LINE#         564
  C:DA46H         LINE#         565
  C:DA46H         LINE#         566
  C:DA49H         LINE#         567
  C:DA4BH         LINE#         569
  C:DA4BH         LINE#         570
  C:DA4EH         LINE#         571
  C:DA4EH         LINE#         572
  -------         ENDPROC       USBXCORE_SET_ADDRESS
  -------         PROC          USBXCORE_GET_DESCRIPTOR
  C:CA9BH         LINE#         579
  C:CA9BH         LINE#         580
  C:CAAAH         LINE#         581
  C:CAAAH         LINE#         582
  C:CAAAH         LINE#         583
  C:CAB8H         LINE#         584
  C:CABCH         LINE#         585
  C:CABEH         LINE#         586
  C:CABEH         LINE#         587
  C:CACCH         LINE#         588
  C:CADFH         LINE#         589
  C:CAE1H         LINE#         590
  C:CAE1H         LINE#         591
  C:CB05H         LINE#         592
  C:CB11H         LINE#         593
  C:CB13H         LINE#         594
  C:CB13H         LINE#         595
  C:CB16H         LINE#         596
  C:CB16H         LINE#         597
  C:CB16H         LINE#         598
  C:CB2CH         LINE#         599
  C:CB2CH         LINE#         600
  C:CB34H         LINE#         601
  C:CB34H         LINE#         602
  C:CB3CH         LINE#         603
  C:CB3CH         LINE#         604
  C:CB3FH         LINE#         605
  C:CB45H         LINE#         606
  C:CB4CH         LINE#         607
  C:CB4CH         LINE#         608
BL51 BANKED LINKER/LOCATER V6.22                                                      08/03/2021  14:24:09  PAGE 47


  -------         ENDPROC       USBXCORE_GET_DESCRIPTOR
  -------         PROC          USBXCORE_GET_CONFIGURATION
  C:D82EH         LINE#         614
  C:D82EH         LINE#         616
  C:D836H         LINE#         617
  C:D836H         LINE#         618
  C:D842H         LINE#         619
  C:D84AH         LINE#         620
  C:D84AH         LINE#         621
  C:D84EH         LINE#         622
  C:D84EH         LINE#         623
  C:D85CH         LINE#         624
  C:D864H         LINE#         625
  C:D864H         LINE#         626
  C:D867H         LINE#         627
  C:D86DH         LINE#         628
  C:D874H         LINE#         629
  -------         ENDPROC       USBXCORE_GET_CONFIGURATION
  -------         PROC          USBXCORE_SET_CONFIGURATION
  C:D62EH         LINE#         635
  C:D62EH         LINE#         637
  C:D637H         LINE#         638
  C:D637H         LINE#         639
  C:D63EH         LINE#         640
  C:D644H         LINE#         641
  C:D649H         LINE#         642
  C:D64BH         LINE#         644
  C:D656H         LINE#         645
  C:D661H         LINE#         646
  C:D66CH         LINE#         653
  C:D677H         LINE#         654
  C:D679H         LINE#         656
  C:D679H         LINE#         657
  C:D67FH         LINE#         658
  C:D683H         LINE#         659
  C:D685H         LINE#         660
  C:D685H         LINE#         661
  -------         ENDPROC       USBXCORE_SET_CONFIGURATION
  -------         PROC          USBXCORE_GET_INTERFACE
  C:D9C2H         LINE#         668
  C:D9C2H         LINE#         670
  C:D9D0H         LINE#         671
  C:D9D8H         LINE#         672
  C:D9DBH         LINE#         673
  C:D9E1H         LINE#         674
  C:D9E8H         LINE#         675
  -------         ENDPROC       USBXCORE_GET_INTERFACE
  -------         PROC          USBXCORE_SET_SOP
  C:DB08H         LINE#         682
  C:DB08H         LINE#         684
  C:DB10H         LINE#         685
  C:DB10H         LINE#         686
  C:DB1BH         LINE#         687
  C:DB1BH         LINE#         688
  -------         ENDPROC       USBXCORE_SET_SOP
  -------         PROC          USBXCORE_USB_ISR
  C:BF97H         LINE#         699
BL51 BANKED LINKER/LOCATER V6.22                                                      08/03/2021  14:24:09  PAGE 48


  C:BFB4H         LINE#         702
  C:BFBAH         LINE#         703
  C:BFCDH         LINE#         706
  C:BFE0H         LINE#         709
  C:BFE4H         LINE#         710
  C:BFE4H         LINE#         711
  C:BFEFH         LINE#         712
  C:BFEFH         LINE#         714
  C:BFF6H         LINE#         715
  C:BFF6H         LINE#         716
  C:BFF9H         LINE#         717
  C:BFF9H         LINE#         719
  C:C000H         LINE#         720
  C:C000H         LINE#         721
  C:C00DH         LINE#         722
  C:C00DH         LINE#         723
  C:C014H         LINE#         724
  C:C014H         LINE#         725
  C:C014H         LINE#         727
  C:C014H         LINE#         728
  C:C014H         LINE#         730
  C:C014H         LINE#         732
  C:C027H         LINE#         734
  C:C02BH         LINE#         735
  C:C02BH         LINE#         736
  C:C02EH         LINE#         737
  C:C02EH         LINE#         740
  C:C035H         LINE#         741
  C:C035H         LINE#         742
  C:C040H         LINE#         748
  C:C053H         LINE#         749
  C:C058H         LINE#         750
  C:C058H         LINE#         751
  C:C05FH         LINE#         752
  C:C05FH         LINE#         754
  C:C05FH         LINE#         756
  C:C072H         LINE#         759
  C:C076H         LINE#         760
  C:C076H         LINE#         761
  C:C081H         LINE#         767
  C:C094H         LINE#         768
  C:C098H         LINE#         769
  C:C098H         LINE#         770
  C:C09FH         LINE#         771
  C:C09FH         LINE#         772
  C:C09FH         LINE#         775
  C:C0ADH         LINE#         776
  C:C0B2H         LINE#         777
  C:C0B8H         LINE#         778
  C:C0BDH         LINE#         781
  C:C0CAH         LINE#         782
  C:C0CAH         LINE#         783
  C:C0CDH         LINE#         784
  C:C0CDH         LINE#         785
  -------         ENDPROC       USBXCORE_USB_ISR
  -------         ENDMOD        USB_API

BL51 BANKED LINKER/LOCATER V6.22                                                      08/03/2021  14:24:09  PAGE 49


  -------         MODULE        USB_SUSPEND
  C:0000H         SYMBOL        _ICE_DUMMY_
  D:00D7H         PUBLIC        USB0XCN
  D:00C9H         PUBLIC        REG0CN
  C:D949H         PUBLIC        USB_Suspend
  D:00A9H         PUBLIC        CLKSEL
  D:00B2H         PUBLIC        OSCICN
  D:00B9H         PUBLIC        CLKMUL
  -------         PROC          USB_SUSPEND
  C:D949H         LINE#         70
  C:D949H         LINE#         72
  C:D94CH         LINE#         74
  C:D94FH         LINE#         76
  C:D957H         LINE#         79
  C:D95AH         LINE#         80
  C:D95DH         LINE#         81
  C:D960H         LINE#         82
  C:D963H         LINE#         84
  C:D964H         LINE#         86
  C:D967H         LINE#         88
  C:D96DH         LINE#         92
  C:D970H         LINE#         94
  C:D973H         LINE#         95
  -------         ENDPROC       USB_SUSPEND
  -------         ENDMOD        USB_SUSPEND

  -------         MODULE        USB_INT_ENABLE
  C:0000H         SYMBOL        _ICE_DUMMY_
  C:DAC3H         PUBLIC        USB_Int_Enable
  D:0096H         PUBLIC        USB0ADR
  D:0097H         PUBLIC        USB0DAT
  -------         PROC          USB_INT_ENABLE
  C:DAC3H         LINE#         68
  C:DAC3H         LINE#         71
  C:DACAH         LINE#         73
  C:DAD0H         LINE#         74
  C:DAD0H         LINE#         75
  C:DADBH         LINE#         77
  C:DADBH         LINE#         78
  -------         ENDPROC       USB_INT_ENABLE
  -------         ENDMOD        USB_INT_ENABLE

  -------         MODULE        USB_CLOCK_RECOVERY
  C:0000H         SYMBOL        _ICE_DUMMY_
  C:DB4EH         PUBLIC        USBXcore_ClkRec
  D:0096H         PUBLIC        USB0ADR
  D:0097H         PUBLIC        USB0DAT
  -------         PROC          USBXCORE_CLKREC
  C:DB4EH         LINE#         45
  C:DB4EH         LINE#         47
  C:DB59H         LINE#         48
  -------         ENDPROC       USBXCORE_CLKREC
  -------         ENDMOD        USB_CLOCK_RECOVERY

  -------         MODULE        ?C?FPMUL
  C:AC9AH         PUBLIC        ?C?FPMUL
  -------         ENDMOD        ?C?FPMUL
BL51 BANKED LINKER/LOCATER V6.22                                                      08/03/2021  14:24:09  PAGE 50



  -------         MODULE        ?C?FCAST
  C:ADAAH         PUBLIC        ?C?FCASTC
  C:ADA5H         PUBLIC        ?C?FCASTI
  C:ADA0H         PUBLIC        ?C?FCASTL
  -------         ENDMOD        ?C?FCAST

  -------         MODULE        ?C?CASTF
  C:ADDEH         PUBLIC        ?C?CASTF
  -------         ENDMOD        ?C?CASTF

  -------         MODULE        ?C?COPY
  C:AF2FH         PUBLIC        ?C?COPY
  -------         ENDMOD        ?C?COPY

  -------         MODULE        ?C?CLDPTR
  C:AF55H         PUBLIC        ?C?CLDPTR
  -------         ENDMOD        ?C?CLDPTR

  -------         MODULE        ?C?CLDOPTR
  C:AF6EH         PUBLIC        ?C?CLDOPTR
  -------         ENDMOD        ?C?CLDOPTR

  -------         MODULE        ?C?IMUL
  C:AF9BH         PUBLIC        ?C?IMUL
  -------         ENDMOD        ?C?IMUL

  -------         MODULE        ?C?IILDX
  C:AFADH         PUBLIC        ?C?IILDX
  -------         ENDMOD        ?C?IILDX

  -------         MODULE        ?C?ILDOPTR
  C:AFC3H         PUBLIC        ?C?ILDOPTR
  -------         ENDMOD        ?C?ILDOPTR

  -------         MODULE        ?C?LMUL
  C:AFFBH         PUBLIC        ?C?LMUL
  -------         ENDMOD        ?C?LMUL

  -------         MODULE        ?C?ULDIV
  C:B086H         PUBLIC        ?C?ULDIV
  -------         ENDMOD        ?C?ULDIV

  -------         MODULE        ?C?LNEG
  C:B118H         PUBLIC        ?C?LNEG
  -------         ENDMOD        ?C?LNEG

  -------         MODULE        ?C?ULCMP
  C:B126H         PUBLIC        ?C?ULCMP
  -------         ENDMOD        ?C?ULCMP

  -------         MODULE        ?C?ULSHR
  C:B137H         PUBLIC        ?C?ULSHR
  -------         ENDMOD        ?C?ULSHR

  -------         MODULE        ?C?LSHL
  C:B14AH         PUBLIC        ?C?LSHL
BL51 BANKED LINKER/LOCATER V6.22                                                      08/03/2021  14:24:09  PAGE 51


  -------         ENDMOD        ?C?LSHL

  -------         MODULE        ?C?LLDIPDATA
  C:B166H         PUBLIC        ?C?LLDIPDATA
  C:B15DH         PUBLIC        ?C?LLDIPDATA1
  C:B15FH         PUBLIC        ?C?LLDIPDATA8
  -------         ENDMOD        ?C?LLDIPDATA

  -------         MODULE        ?C?LSTXDATA
  C:B17DH         PUBLIC        ?C?LSTXDATA
  -------         ENDMOD        ?C?LSTXDATA

  -------         MODULE        ?C?LSTPDATA
  C:B189H         PUBLIC        ?C?LSTPDATA
  -------         ENDMOD        ?C?LSTPDATA

  -------         MODULE        ?C?LSTKXDATA
  C:B195H         PUBLIC        ?C?LSTKXDATA
  -------         ENDMOD        ?C?LSTKXDATA

  -------         MODULE        ?C?LSTKPDATA
  C:B1C6H         PUBLIC        ?C?LSTKPDATA
  -------         ENDMOD        ?C?LSTKPDATA

  -------         MODULE        ?C_PBP
  D:0008H         PUBLIC        ?C_PBP
  -------         ENDMOD        ?C_PBP

*** WARNING L14: INCOMPATIBLE MEMORY MODEL
    MODULE:  .\USBX_F34X.LIB (USB_API)
    MODEL:   SMALL

*** WARNING L14: INCOMPATIBLE MEMORY MODEL
    MODULE:  .\USBX_F34X.LIB (USB_SUSPEND)
    MODEL:   SMALL

*** WARNING L14: INCOMPATIBLE MEMORY MODEL
    MODULE:  .\USBX_F34X.LIB (USB_INT_ENABLE)
    MODEL:   SMALL

*** WARNING L14: INCOMPATIBLE MEMORY MODEL
    MODULE:  .\USBX_F34X.LIB (USB_CLOCK_RECOVERY)
    MODEL:   SMALL

*** WARNING L16: UNCALLED SEGMENT, IGNORED FOR OVERLAY PROCESS
    SEGMENT: ?PR?SD_INIT?MMC_SD

*** WARNING L16: UNCALLED SEGMENT, IGNORED FOR OVERLAY PROCESS
    SEGMENT: ?PR?_DISPPIC?LCD

*** WARNING L16: UNCALLED SEGMENT, IGNORED FOR OVERLAY PROCESS
    SEGMENT: ?PR?_DISPPICFROMSD?LCD

*** WARNING L16: UNCALLED SEGMENT, IGNORED FOR OVERLAY PROCESS
    SEGMENT: ?PR?DISPSCALEHOR1?LCD

*** WARNING L16: UNCALLED SEGMENT, IGNORED FOR OVERLAY PROCESS
BL51 BANKED LINKER/LOCATER V6.22                                                      08/03/2021  14:24:09  PAGE 52


    SEGMENT: ?PR?DISPSCALEVER?LCD

*** WARNING L16: UNCALLED SEGMENT, IGNORED FOR OVERLAY PROCESS
    SEGMENT: ?PR?DISPSCALEVER_RED?LCD

*** WARNING L16: UNCALLED SEGMENT, IGNORED FOR OVERLAY PROCESS
    SEGMENT: ?PR?DISPSCALEVER_GREEN?LCD

*** WARNING L16: UNCALLED SEGMENT, IGNORED FOR OVERLAY PROCESS
    SEGMENT: ?PR?DISPSCALEVER_BLUE?LCD

*** WARNING L16: UNCALLED SEGMENT, IGNORED FOR OVERLAY PROCESS
    SEGMENT: ?PR?DISPSCALEVER_GRAY?LCD

*** WARNING L16: UNCALLED SEGMENT, IGNORED FOR OVERLAY PROCESS
    SEGMENT: ?PR?DISPGRAYHOR32?LCD

*** WARNING L16: UNCALLED SEGMENT, IGNORED FOR OVERLAY PROCESS
    SEGMENT: ?PR?DISPSCALEHOR2?LCD

*** WARNING L16: UNCALLED SEGMENT, IGNORED FOR OVERLAY PROCESS
    SEGMENT: ?PR?_DRAWGIRD?LCD

*** WARNING L15: MULTIPLE CALL TO SEGMENT
    SEGMENT: ?PR?_WRITECOMM?LCD
    CALLER1: ?PR?USB_API_TEST_ISR?MAIN
    CALLER2: ?C_C51STARTUP

*** WARNING L15: MULTIPLE CALL TO SEGMENT
    SEGMENT: ?PR?_WRITEDATA?LCD
    CALLER1: ?PR?USB_API_TEST_ISR?MAIN
    CALLER2: ?C_C51STARTUP

Program Size: data=10.0 xdata=1219 code=56170
LINK/LOCATE RUN COMPLETE.  18 WARNING(S),  0 ERROR(S)
