BL51 BANKED LINKER/LOCATER V6.22                                                        03/05/2020  09:57:39  PAGE 1


BL51 BANKED LINKER/LOCATER V6.22, INVOKED BY:
C:\KEIL\C51\BIN\BL51.EXE main.obj, mmc_sd.obj, lcd.obj, tp.obj, .\USBX_F34X.LIB TO NV3021BW_BOE144_H8 RAMSIZE (256)


MEMORY MODEL: COMPACT WITH FLOATING POINT ARITHMETIC


INPUT MODULES INCLUDED:
  main.obj (MAIN)
  mmc_sd.obj (MMC_SD)
  lcd.obj (LCD)
  tp.obj (TP)
  .\USBX_F34X.LIB (USB_API)
  .\USBX_F34X.LIB (USB_CLOCK_START)
  .\USBX_F34X.LIB (USB_SUSPEND)
  .\USBX_F34X.LIB (GET_INTERRUPT_SOURCE)
  .\USBX_F34X.LIB (BLOCK_READ)
  .\USBX_F34X.LIB (BLOCK_WRITE)
  .\USBX_F34X.LIB (USB_INT_ENABLE)
  .\USBX_F34X.LIB (USB_CLOCK_RECOVERY)
  .\USBX_F34X.LIB (USB_JUMP_ISR)
  C:\KEIL\C51\LIB\C51FPC.LIB (?C?FPMUL)
  C:\KEIL\C51\LIB\C51FPC.LIB (?C?FCAST)
  C:\KEIL\C51\LIB\C51FPC.LIB (?C?CASTF)
  C:\KEIL\C51\LIB\C51FPC.LIB (?C?FPGETOPN)
  C:\KEIL\C51\LIB\C51C.LIB (?C_STARTUP)
  C:\KEIL\C51\LIB\C51C.LIB (?C?COPY)
  C:\KEIL\C51\LIB\C51C.LIB (?C?CLDPTR)
  C:\KEIL\C51\LIB\C51C.LIB (?C?CLDOPTR)
  C:\KEIL\C51\LIB\C51C.LIB (?C?IMUL)
  C:\KEIL\C51\LIB\C51C.LIB (?C?IILDX)
  C:\KEIL\C51\LIB\C51C.LIB (?C?LMUL)
  C:\KEIL\C51\LIB\C51C.LIB (?C?ULDIV)
  C:\KEIL\C51\LIB\C51C.LIB (?C?LNEG)
  C:\KEIL\C51\LIB\C51C.LIB (?C?ULCMP)
  C:\KEIL\C51\LIB\C51C.LIB (?C?ULSHR)
  C:\KEIL\C51\LIB\C51C.LIB (?C?LSHL)
  C:\KEIL\C51\LIB\C51C.LIB (?C?LLDIPDATA)
  C:\KEIL\C51\LIB\C51C.LIB (?C?LSTXDATA)
  C:\KEIL\C51\LIB\C51C.LIB (?C?LSTPDATA)
  C:\KEIL\C51\LIB\C51C.LIB (?C?LSTKXDATA)
  C:\KEIL\C51\LIB\C51C.LIB (?C?LSTKPDATA)
  C:\KEIL\C51\LIB\C51C.LIB (?C_PBP)
  C:\KEIL\C51\LIB\C51C.LIB (?C_INIT)


LINK MAP OF MODULE:  NV3021BW_BOE144_H8 (MAIN)


            TYPE    BASE      LENGTH    RELOCATION   SEGMENT NAME
            -----------------------------------------------------

            * * * * * * *   D A T A   M E M O R Y   * * * * * * *
            REG     0000H     0008H     ABSOLUTE     "REG BANK 0"
            DATA    0008H     0001H     UNIT         ?C?LIB_DATA
            IDATA   0009H     0001H     UNIT         ?STACK

            * * * * * * *  X D A T A   M E M O R Y  * * * * * * *
BL51 BANKED LINKER/LOCATER V6.22                                                      03/05/2020  09:57:39  PAGE 2


            XDATA   0000H     0010H     INPAGE       ?PD?MAIN
            XDATA   0010H     0004H     INPAGE       ?PD?_MMC_SD_READSINGLEBLOCK?MMC_SD
            XDATA   0014H     0002H     INPAGE       ?PD?DISPFRAME?LCD
            XDATA   0016H     0005H     INPAGE       ?PD?DISPBAND?LCD
            XDATA   001BH     000DH     INPAGE       ?PD?_DISPPICFROMSD?LCD
            XDATA   0028H     0004H     INPAGE       ?PD?DISPSCALEHOR1?LCD
            XDATA   002CH     0004H     INPAGE       ?PD?DISPSCALEVER?LCD
            XDATA   0030H     0004H     INPAGE       ?PD?DISPSCALEVER_RED?LCD
            XDATA   0034H     0004H     INPAGE       ?PD?DISPSCALEVER_GREEN?LCD
            XDATA   0038H     0004H     INPAGE       ?PD?DISPSCALEVER_BLUE?LCD
            XDATA   003CH     0004H     INPAGE       ?PD?DISPSCALEVER_GRAY?LCD
            XDATA   0040H     0004H     INPAGE       ?PD?DISPGRAYHOR16?LCD
            XDATA   0044H     0004H     INPAGE       ?PD?DISPGRAYHOR32?LCD
            XDATA   0048H     0002H     INPAGE       ?PD?DISPSCALEHOR2?LCD
            XDATA   004AH     000CH     INPAGE       ?PD?_DRAWLINE?LCD
            XDATA   0056H     0004H     INPAGE       ?PD?_DRAWGIRD?LCD
            XDATA   005AH     0002H     INPAGE       ?PD?LCD
            XDATA   005CH     0026H     INPAGE       _PDATA_GROUP_
            XDATA   0082H     0200H     UNIT         ?XD?MMC_SD
            XDATA   0282H     0058H     UNIT         _XDATA_GROUP_
            XDATA   02DAH     0040H     UNIT         ?XD?MAIN
                    031AH     0326H                  *** GAP ***
            XDATA   0640H     0100H     ABSOLUTE     
            XDATA   0740H     0012H     ABSOLUTE     
            XDATA   0752H     0020H     ABSOLUTE     
            XDATA   0772H     000CH     ABSOLUTE     
            XDATA   077EH     0008H     ABSOLUTE     
            XDATA   0786H     0001H     ABSOLUTE     
            XDATA   0787H     0003H     ABSOLUTE     
            XDATA   078AH     0002H     ABSOLUTE     
            XDATA   078CH     0002H     ABSOLUTE     
            XDATA   078EH     0003H     ABSOLUTE     
            XDATA   0791H     0001H     ABSOLUTE     
            XDATA   0792H     0001H     ABSOLUTE     
            XDATA   0793H     0001H     ABSOLUTE     
            XDATA   0794H     0001H     ABSOLUTE     
            XDATA   0795H     0002H     ABSOLUTE     
            XDATA   0797H     0002H     ABSOLUTE     
            XDATA   0799H     0001H     ABSOLUTE     
            XDATA   079AH     0001H     ABSOLUTE     
            XDATA   079BH     0001H     ABSOLUTE     
            XDATA   079CH     0001H     ABSOLUTE     
            XDATA   079DH     0001H     ABSOLUTE     
            XDATA   079EH     0001H     ABSOLUTE     
            XDATA   079FH     0002H     ABSOLUTE     
            XDATA   07A1H     0001H     ABSOLUTE     
            XDATA   07A2H     0001H     ABSOLUTE     
            XDATA   07A3H     000CH     ABSOLUTE     
                    07AFH     0011H                  *** GAP ***
            XDATA   07C0H     0040H     ABSOLUTE     

            * * * * * * *   C O D E   M E M O R Y   * * * * * * *
            CODE    0000H     0003H     ABSOLUTE     
            CODE    0003H     003AH     UNIT         ?CO?USB_API
            CODE    003DH     0003H     UNIT         ?PR?SUSPEND_DEVICE?MAIN
                    0040H     0003H                  *** GAP ***
            CODE    0043H     0003H     ABSOLUTE     
BL51 BANKED LINKER/LOCATER V6.22                                                      03/05/2020  09:57:39  PAGE 3


            CODE    0046H     0044H     UNIT         ?PR?_DISPCOLOR?LCD
                    008AH     0001H                  *** GAP ***
            CODE    008BH     0003H     ABSOLUTE     
            CODE    008EH     060BH     UNIT         ?PR?CONNTOUSB?MAIN
            CODE    0699H     0600H     UNIT         ?CO?LCD
            CODE    0C99H     050DH     UNIT         ?C?LIB_CODE
            CODE    11A6H     0233H     UNIT         ?PR?USBXCORE_HANDLE_SETUP?USB_API
            CODE    13D9H     021EH     UNIT         ?PR?DISPSCALEHOR1?LCD
            CODE    15F7H     01BAH     UNIT         ?PR?DISPSCALEHOR2?LCD
            CODE    17B1H     019EH     UNIT         ?PR?TP_DRAWLINE?TP
            CODE    194FH     0190H     UNIT         ?PR?LCD_INIT?LCD
            CODE    1ADFH     018AH     UNIT         ?PR?DISPBAND?LCD
            CODE    1C69H     0151H     UNIT         ?PR?USBXCORE_USB_ISR?USB_API
            CODE    1DBAH     0142H     UNIT         ?PR?_LCD_READ_IC_ID?LCD
            CODE    1EFCH     013BH     UNIT         ?PR?USB_API_TEST_ISR?MAIN
            CODE    2037H     0137H     UNIT         ?PR?_USB_INIT?USB_API
            CODE    216EH     0128H     UNIT         ?PR?DISPSCALEVER?LCD
            CODE    2296H     011BH     UNIT         ?PR?_TP_GETPOSITION?TP
            CODE    23B1H     0111H     UNIT         ?PR?_BLOCK_WRITE?BLOCK_WRITE
            CODE    24C2H     00E9H     UNIT         ?PR?_DISPPICFROMSD?LCD
            CODE    25ABH     00CDH     UNIT         ?PR?USBXCORE_VENDOR_USB_API?USB_API
            CODE    2678H     00CBH     UNIT         ?PR?_DISPONECHAR?LCD
            CODE    2743H     00B7H     UNIT         ?PR?MMC_SD_RESET?MMC_SD
            CODE    27FAH     00B3H     UNIT         ?PR?_DISPINT?LCD
            CODE    28ADH     00B2H     UNIT         ?PR?USBXCORE_GET_DESCRIPTOR?USB_API
            CODE    295FH     00AFH     UNIT         ?PR?_BLOCK_READ?BLOCK_READ
            CODE    2A0EH     00A4H     UNIT         ?PR?DISPFRAME?LCD
            CODE    2AB2H     00A2H     UNIT         ?PR?_?BLOCKWRITE?LCD
            CODE    2B54H     009EH     UNIT         ?PR?DISPSCALEVER_GREEN?LCD
            CODE    2BF2H     009BH     UNIT         ?PR?DISPGRAYHOR16?LCD
            CODE    2C8DH     0096H     UNIT         ?PR?_DISPSTR?LCD
            CODE    2D23H     0091H     UNIT         ?PR?DISPSCALEVER_RED?LCD
            CODE    2DB4H     0091H     UNIT         ?PR?DISPSCALEVER_GRAY?LCD
            CODE    2E45H     008FH     UNIT         ?PR?_DRAWGIRD?LCD
            CODE    2ED4H     008CH     UNIT         ?C_C51STARTUP
            CODE    2F60H     0086H     UNIT         ?PR?DISPSCALEVER_BLUE?LCD
            CODE    2FE6H     0086H     UNIT         ?PR?_DRAWLINE?LCD
            CODE    306CH     007DH     UNIT         ?PR?_MMC_SD_WRITESINGLEBLOCK?MMC_SD
            CODE    30E9H     0078H     UNIT         ?PR?DISPGRAYHOR32?LCD
            CODE    3161H     0075H     UNIT         ?PR?_MMC_SD_SENDCOMMAND?MMC_SD
            CODE    31D6H     0073H     UNIT         ?PR?TP_READ?TP
            CODE    3249H     0073H     UNIT         ?PR?USBXCORE_GET_STATUS?USB_API
            CODE    32BCH     006CH     UNIT         ?PR?DEVICES_INIT?MAIN
            CODE    3328H     0064H     UNIT         ?PR?_MMC_SD_READSINGLEBLOCK?MMC_SD
            CODE    338CH     005BH     UNIT         ?PR?_TOORD?LCD
            CODE    33E7H     005AH     UNIT         ?PR?USBXCORE_SET_CONFIGURATION?USB_API
            CODE    3441H     0058H     UNIT         ?PR?USBXCORE_CLEAR_FEATURE?USB_API
            CODE    3499H     0057H     UNIT         ?PR?USBXCORE_SET_FEATURE?USB_API
            CODE    34F0H     0055H     UNIT         ?PR?_STOPDELAY?MAIN
            CODE    3545H     0052H     UNIT         ?PR?_PUTPIXEL?LCD
            CODE    3597H     0050H     UNIT         ?CO?MAIN
            CODE    35E7H     0047H     UNIT         ?PR?USBXCORE_GET_CONFIGURATION?USB_API
            CODE    362EH     0043H     UNIT         ?PR?MCU_INIT?MAIN
            CODE    3671H     0038H     UNIT         ?PR?USB_CLOCK_START?USB_CLOCK_START
            CODE    36A9H     0033H     UNIT         ?PR?MAIN?MAIN
            CODE    36DCH     002DH     UNIT         ?C_INITSEG
            CODE    3709H     002CH     UNIT         ?PR?_WRITEDISPDATA?LCD
BL51 BANKED LINKER/LOCATER V6.22                                                      03/05/2020  09:57:39  PAGE 4


            CODE    3735H     002BH     UNIT         ?PR?USB_SUSPEND?USB_SUSPEND
            CODE    3760H     0027H     UNIT         ?PR?USBXCORE_USB_RESET?USB_API
            CODE    3787H     0027H     UNIT         ?PR?USBXCORE_GET_INTERFACE?USB_API
            CODE    37AEH     0026H     UNIT         ?PR?_TP_WRITE?TP
            CODE    37D4H     0022H     UNIT         ?PR?USBXCORE_JUMP_ISR?USB_JUMP_ISR
            CODE    37F6H     0020H     UNIT         ?PR?USBXCORE_SET_ADDRESS?USB_API
            CODE    3816H     001FH     UNIT         ?PR?_DELAY?MAIN
            CODE    3835H     001FH     UNIT         ?PR?_WRITEDATA?LCD
            CODE    3854H     001DH     UNIT         ?PR?USBXCORE_FORCE_STALL?USB_API
            CODE    3871H     001CH     UNIT         ?PR?_WRITECOMM?LCD
            CODE    388DH     0019H     UNIT         ?PR?USB_INT_ENABLE?USB_INT_ENABLE
            CODE    38A6H     0016H     UNIT         ?PR?_SPI_WRITEBYTE?MMC_SD
            CODE    38BCH     0016H     UNIT         ?PR?READDATA?LCD
            CODE    38D2H     0014H     UNIT         ?PR?USBXCORE_SET_SOP?USB_API
            CODE    38E6H     0013H     UNIT         ?PR?WAITKEY?MAIN
            CODE    38F9H     0011H     UNIT         ?PR?SD_INIT?MMC_SD
            CODE    390AH     000EH     UNIT         ?PR?GET_INTERRUPT_SOURCE?GET_INTERRUPT_SOURCE
            CODE    3918H     000CH     UNIT         ?PR?USBXCORE_CLKREC?USB_CLOCK_RECOVERY
            CODE    3924H     000BH     UNIT         ?PR?SPI_READBYTE?MMC_SD
            CODE    392FH     0009H     UNIT         ?PR?_WRITEONEDOT?LCD



OVERLAY MAP OF MODULE:   NV3021BW_BOE144_H8 (MAIN)


SEGMENT                                            PDATA_GROUP         XDATA_GROUP
  +--> CALLED SEGMENT                            START    LENGTH     START    LENGTH
------------------------------------------------------------------------------------
?PR?USB_API_TEST_ISR?MAIN                        005CH    0001H      -----    -----
  +--> ?PR?GET_INTERRUPT_SOURCE?GET_INTERRUP...
  +--> ?PR?_BLOCK_READ?BLOCK_READ
  +--> ?PR?SUSPEND_DEVICE?MAIN
  +--> ?PR?MCU_INIT?MAIN
  +--> ?PR?_?BLOCKWRITE?LCD

?PR?SUSPEND_DEVICE?MAIN                          -----    -----      -----    -----
  +--> ?PR?USB_SUSPEND?USB_SUSPEND

?PR?USB_SUSPEND?USB_SUSPEND                      -----    -----      -----    -----
  +--> ?PR?USB_CLOCK_START?USB_CLOCK_START

?PR?_?BLOCKWRITE?LCD                             -----    -----      -----    -----
  +--> ?PR?_WRITECOMM?LCD
  +--> ?PR?_WRITEDATA?LCD

?PR?_WRITECOMM?LCD                               0080H    0001H      -----    -----

?PR?_WRITEDATA?LCD                               0080H    0002H      -----    -----

*** NEW ROOT ***************************************************

?PR?USBXCORE_USB_ISR?USB_API                     -----    -----      -----    -----
  +--> ?PR?USBXCORE_USB_RESET?USB_API
  +--> ?PR?USBXCORE_HANDLE_SETUP?USB_API
  +--> ?PR?USBXCORE_JUMP_ISR?USB_JUMP_ISR

BL51 BANKED LINKER/LOCATER V6.22                                                      03/05/2020  09:57:39  PAGE 5


?PR?USBXCORE_HANDLE_SETUP?USB_API                -----    -----      -----    -----
  +--> ?PR?USBXCORE_GET_STATUS?USB_API
  +--> ?PR?USBXCORE_CLEAR_FEATURE?USB_API
  +--> ?PR?USBXCORE_VENDOR_USB_API?USB_API
  +--> ?PR?USBXCORE_SET_FEATURE?USB_API
  +--> ?PR?USBXCORE_SET_ADDRESS?USB_API
  +--> ?PR?USBXCORE_GET_DESCRIPTOR?USB_API
  +--> ?PR?USBXCORE_GET_CONFIGURATION?USB_API
  +--> ?PR?USBXCORE_SET_CONFIGURATION?USB_API
  +--> ?PR?USBXCORE_GET_INTERFACE?USB_API
  +--> ?PR?USBXCORE_SET_SOP?USB_API
  +--> ?PR?USBXCORE_FORCE_STALL?USB_API

?PR?USBXCORE_GET_STATUS?USB_API                  -----    -----      -----    -----
  +--> ?CO?USB_API
  +--> ?PR?USBXCORE_FORCE_STALL?USB_API
  +--> ?PR?USBXCORE_SET_SOP?USB_API

?PR?USBXCORE_CLEAR_FEATURE?USB_API               -----    -----      -----    -----
  +--> ?PR?USBXCORE_FORCE_STALL?USB_API
  +--> ?PR?USBXCORE_SET_SOP?USB_API

?PR?USBXCORE_VENDOR_USB_API?USB_API              -----    -----      -----    -----
  +--> ?PR?USBXCORE_SET_SOP?USB_API

?PR?USBXCORE_SET_FEATURE?USB_API                 -----    -----      -----    -----
  +--> ?PR?USBXCORE_FORCE_STALL?USB_API
  +--> ?PR?USBXCORE_SET_SOP?USB_API

?PR?USBXCORE_SET_ADDRESS?USB_API                 -----    -----      -----    -----
  +--> ?PR?USBXCORE_SET_SOP?USB_API

?PR?USBXCORE_GET_DESCRIPTOR?USB_API              -----    -----      -----    -----
  +--> ?PR?USBXCORE_FORCE_STALL?USB_API
  +--> ?PR?USBXCORE_SET_SOP?USB_API

?PR?USBXCORE_GET_CONFIGURATION?USB_API           -----    -----      -----    -----
  +--> ?CO?USB_API
  +--> ?PR?USBXCORE_SET_SOP?USB_API

?PR?USBXCORE_SET_CONFIGURATION?USB_API           -----    -----      -----    -----
  +--> ?PR?USBXCORE_SET_SOP?USB_API

?PR?USBXCORE_GET_INTERFACE?USB_API               -----    -----      -----    -----
  +--> ?CO?USB_API
  +--> ?PR?USBXCORE_SET_SOP?USB_API

*** NEW ROOT ***************************************************

?C_C51STARTUP                                    -----    -----      -----    -----
  +--> ?PR?MAIN?MAIN
  +--> ?C_INITSEG

?PR?MAIN?MAIN                                    -----    -----      -----    -----
  +--> ?PR?DEVICES_INIT?MAIN
  +--> ?PR?_DISPCOLOR?LCD
  +--> ?PR?_STOPDELAY?MAIN
BL51 BANKED LINKER/LOCATER V6.22                                                      03/05/2020  09:57:39  PAGE 6


  +--> ?PR?TP_DRAWLINE?TP

?PR?DEVICES_INIT?MAIN                            -----    -----      -----    -----
  +--> ?PR?MCU_INIT?MAIN
  +--> ?PR?USB_CLOCK_START?USB_CLOCK_START
  +--> ?CO?MAIN
  +--> ?PR?_USB_INIT?USB_API
  +--> ?PR?USB_INT_ENABLE?USB_INT_ENABLE
  +--> ?PR?LCD_INIT?LCD

?PR?_USB_INIT?USB_API                            -----    -----      0282H    0011H
  +--> ?CO?USB_API
  +--> ?PR?USBXCORE_CLKREC?USB_CLOCK_RECOVERY

?PR?LCD_INIT?LCD                                 -----    -----      -----    -----
  +--> ?PR?READDATA?LCD
  +--> ?PR?_DELAY?MAIN
  +--> ?PR?_WRITECOMM?LCD
  +--> ?PR?_WRITEDATA?LCD

?PR?READDATA?LCD                                 -----    -----      -----    -----
  +--> ?PR?_LCD_READ_IC_ID?LCD

?PR?_LCD_READ_IC_ID?LCD                          0068H    0008H      -----    -----

?PR?_DISPCOLOR?LCD                               005FH    0004H      -----    -----
  +--> ?PR?_?BLOCKWRITE?LCD
  +--> ?PR?_WRITEDISPDATA?LCD

?PR?_WRITEDISPDATA?LCD                           0080H    0001H      -----    -----

?PR?_STOPDELAY?MAIN                              005FH    0004H      -----    -----
  +--> ?PR?WAITKEY?MAIN
  +--> ?PR?_DELAY?MAIN

?PR?WAITKEY?MAIN                                 -----    -----      -----    -----
  +--> ?PR?CONNTOUSB?MAIN
  +--> ?PR?_DELAY?MAIN

?PR?CONNTOUSB?MAIN                               0063H    0005H      0282H    0058H
  +--> ?CO?MAIN
  +--> ?PR?_WRITECOMM?LCD
  +--> ?PR?_WRITEDATA?LCD
  +--> ?PR?_DISPSTR?LCD
  +--> ?PR?_DISPINT?LCD
  +--> ?PR?_WRITEDISPDATA?LCD
  +--> ?PR?_MMC_SD_WRITESINGLEBLOCK?MMC_SD
  +--> ?PR?_BLOCK_WRITE?BLOCK_WRITE
  +--> ?PR?READDATA?LCD
  +--> ?PR?_DELAY?MAIN

?PR?_DISPSTR?LCD                                 0068H    000BH      -----    -----
  +--> ?PR?_TOORD?LCD
  +--> ?PR?_DISPONECHAR?LCD

?PR?_DISPONECHAR?LCD                             0073H    000DH      -----    -----
  +--> ?PR?_?BLOCKWRITE?LCD
BL51 BANKED LINKER/LOCATER V6.22                                                      03/05/2020  09:57:39  PAGE 7


  +--> ?CO?LCD
  +--> ?PR?_WRITEONEDOT?LCD

?PR?_WRITEONEDOT?LCD                             -----    -----      -----    -----
  +--> ?PR?_WRITEDISPDATA?LCD

?PR?_DISPINT?LCD                                 0068H    000AH      -----    -----
  +--> ?PR?_DISPONECHAR?LCD

?PR?_MMC_SD_WRITESINGLEBLOCK?MMC_SD              0068H    0004H      -----    -----
  +--> ?PR?_MMC_SD_SENDCOMMAND?MMC_SD
  +--> ?PR?_SPI_WRITEBYTE?MMC_SD

?PR?_MMC_SD_SENDCOMMAND?MMC_SD                   006CH    0005H      -----    -----
  +--> ?PR?_SPI_WRITEBYTE?MMC_SD

?PR?TP_DRAWLINE?TP                               -----    -----      0282H    0018H
  +--> ?PR?_DISPCOLOR?LCD
  +--> ?PR?_DELAY?MAIN
  +--> ?PR?_TP_GETPOSITION?TP
  +--> ?PR?_PUTPIXEL?LCD

?PR?_TP_GETPOSITION?TP                           -----    -----      029AH    001BH
  +--> ?PR?_TP_WRITE?TP
  +--> ?PR?TP_READ?TP

?PR?_TP_WRITE?TP                                 -----    -----      02B5H    0001H

?PR?TP_READ?TP                                   -----    -----      02B5H    0005H

?PR?_PUTPIXEL?LCD                                005FH    0002H      -----    -----
  +--> ?PR?_?BLOCKWRITE?LCD
  +--> ?PR?_WRITEDISPDATA?LCD



SYMBOL TABLE OF MODULE:  NV3021BW_BOE144_H8 (MAIN)

  VALUE           TYPE          NAME
  ----------------------------------

  -------         MODULE        MAIN
  C:0000H         SYMBOL        _ICE_DUMMY_
  D:0080H         PUBLIC        P0
  X:0000H         PUBLIC        f_down
  D:0090H         PUBLIC        P1
  D:00A0H         PUBLIC        P2
  D:00B0H         PUBLIC        P3
  C:35E2H         PUBLIC        USB_MaxPower
  B:00B0H.6       PUBLIC        KEY_STEP
  D:00A4H         PUBLIC        P0MDOUT
  D:00A5H         PUBLIC        P1MDOUT
  D:00A6H         PUBLIC        P2MDOUT
  D:00A7H         PUBLIC        P3MDOUT
  D:00AEH         PUBLIC        P4MDOUT
  B:0080H.6       PUBLIC        OE
  D:00D9H         PUBLIC        PCA0MD
BL51 BANKED LINKER/LOCATER V6.22                                                      03/05/2020  09:57:39  PAGE 8


  C:1EFCH         PUBLIC        USB_API_TEST_ISR
  C:003DH         PUBLIC        Suspend_Device
  C:34F4H         PUBLIC        _StopDelay
  D:00E1H         PUBLIC        XBR0
  D:00E2H         PUBLIC        XBR1
  B:00B0H.1       PUBLIC        RS
  C:36A9H         PUBLIC        main
  X:0001H         PUBLIC        VerifyCode0
  X:0002H         PUBLIC        VerifyCode1
  C:35ACH         PUBLIC        USB_PID
  X:0003H         PUBLIC        VerifyCode2
  D:00F1H         PUBLIC        P0MDIN
  D:00F2H         PUBLIC        P1MDIN
  C:35AEH         PUBLIC        USB_MfrStr
  D:00F4H         PUBLIC        P3MDIN
  C:35AAH         PUBLIC        USB_VID
  D:00F8H         PUBLIC        SPI0CN
  X:0004H         PUBLIC        pic
  C:32BCH         PUBLIC        Devices_Init
  C:008EH         PUBLIC        ConnToUSB
  D:00A9H         PUBLIC        CLKSEL
  D:00B2H         PUBLIC        OSCICN
  C:35E3H         PUBLIC        USB_PwAttributes
  C:38E6H         PUBLIC        WaitKey
  C:35E6H         SYMBOL        _?ix1000
  B:00B0H.0       PUBLIC        CS0
  X:0005H         PUBLIC        bf
  C:35E4H         PUBLIC        USB_bcdDevice
  D:00B9H         PUBLIC        CLKMUL
  X:0007H         PUBLIC        f_debug
  X:0008H         PUBLIC        sd
  X:02DAH         PUBLIC        Packet
  C:362EH         PUBLIC        MCU_Init
  B:0080H.7       PUBLIC        DIR
  D:00EFH         PUBLIC        RSTSRC
  X:000CH         PUBLIC        f_read
  C:35D8H         PUBLIC        USB_SerialStr
  X:000DH         PUBLIC        f_other
  C:35C8H         PUBLIC        USB_ProductStr
  X:000EH         PUBLIC        f_para
  D:00A1H         PUBLIC        SPI0CFG
  C:3816H         PUBLIC        _Delay
  B:00B0H.7       PUBLIC        KEY_Stop
  X:000FH         PUBLIC        f_init
  -------         PROC          MAIN
  C:36A9H         LINE#         40
  C:36A9H         LINE#         41
  C:36A9H         LINE#         46
  C:36ACH         LINE#         48
  C:36AFH         LINE#         49
  C:36AFH         LINE#         69
  C:36B9H         LINE#         70
  C:36C3H         LINE#         71
  C:36CDH         LINE#         74
  C:36D6H         LINE#         80
  C:36D9H         LINE#         82
  C:36DBH         LINE#         83
BL51 BANKED LINKER/LOCATER V6.22                                                      03/05/2020  09:57:39  PAGE 9


  -------         ENDPROC       MAIN
  -------         PROC          _DELAY
  D:0006H         SYMBOL        dly
  -------         DO            
  D:0004H         SYMBOL        i
  D:0002H         SYMBOL        j
  -------         ENDDO         
  C:3816H         LINE#         86
  C:3816H         LINE#         87
  C:3816H         LINE#         90
  C:3820H         LINE#         91
  C:3834H         LINE#         92
  -------         ENDPROC       _DELAY
  C:34F0H         SYMBOL        L?0133
  -------         PROC          L?0132
  -------         ENDPROC       L?0132
  C:34F0H         SYMBOL        L?0133
  -------         PROC          _STOPDELAY
  X:005FH         SYMBOL        sdly
  -------         DO            
  D:0006H         SYMBOL        i
  D:0004H         SYMBOL        j
  X:0061H         SYMBOL        k
  -------         ENDDO         
  C:34F4H         LINE#         94
  C:34FBH         LINE#         95
  C:34FBH         LINE#         97
  C:3500H         LINE#         98
  C:3500H         LINE#         99
  C:3503H         LINE#         100
  C:3503H         LINE#         101
  C:3510H         LINE#         102
  C:3524H         LINE#         103
  C:3524H         LINE#         105
  C:3524H         LINE#         106
  C:352EH         LINE#         107
  C:352EH         LINE#         108
  C:3544H         LINE#         109
  -------         ENDPROC       _STOPDELAY
  -------         PROC          WAITKEY
  C:38E6H         LINE#         138
  C:38E6H         LINE#         139
  C:38E6H         LINE#         141
  C:38E9H         LINE#         142
  C:38E9H         LINE#         144
  C:38ECH         LINE#         146
  C:38EEH         LINE#         147
  C:38F5H         LINE#         148
  C:38F8H         LINE#         150
  -------         ENDPROC       WAITKEY
  -------         PROC          CONNTOUSB
  -------         DO            
  X:0063H         SYMBOL        i
  X:0282H         SYMBOL        reg_data
  X:029AH         SYMBOL        para_data
  D:0007H         SYMBOL        dat
  X:0064H         SYMBOL        reg_index
BL51 BANKED LINKER/LOCATER V6.22                                                      03/05/2020  09:57:39  PAGE 10


  X:0066H         SYMBOL        data_num
  X:0067H         SYMBOL        st
  -------         ENDDO         
  C:008EH         LINE#         155
  C:008EH         LINE#         156
  C:008EH         LINE#         163
  C:00A1H         LINE#         165
  C:00A9H         LINE#         166
  C:00A9H         LINE#         167
  C:00B7H         LINE#         168
  C:00B7H         LINE#         169
  C:00C8H         LINE#         170
  C:00C8H         LINE#         171
  C:00EEH         LINE#         172
  C:00F0H         LINE#         173
  C:0104H         LINE#         174
  C:0104H         LINE#         175
  C:012AH         LINE#         177
  C:012AH         LINE#         178
  C:012AH         LINE#         179
  C:012AH         LINE#         181
  C:012AH         LINE#         182
  C:0132H         LINE#         183
  C:013CH         LINE#         184
  C:0146H         LINE#         186
  C:0162H         LINE#         188
  C:016CH         LINE#         189
  C:016CH         LINE#         190
  C:017DH         LINE#         191
  C:017DH         LINE#         192
  C:018EH         LINE#         193
  C:018EH         LINE#         194
  C:01E1H         LINE#         195
  C:01E3H         LINE#         196
  C:01F9H         LINE#         197
  C:01F9H         LINE#         198
  C:024BH         LINE#         199
  C:024BH         LINE#         200
  C:024BH         LINE#         201
  C:024BH         LINE#         203
  C:024BH         LINE#         204
  C:0253H         LINE#         205
  C:0253H         LINE#         206
  C:025DH         LINE#         207
  C:0267H         LINE#         209
  C:026BH         LINE#         210
  C:026EH         LINE#         214
  C:0276H         LINE#         215
  C:0276H         LINE#         216
  C:0285H         LINE#         217
  C:0285H         LINE#         218
  C:0287H         LINE#         220
  C:0289H         LINE#         221
  C:02A5H         LINE#         222
  C:02A7H         LINE#         224
  C:02D0H         LINE#         225
  C:02F4H         LINE#         226
BL51 BANKED LINKER/LOCATER V6.22                                                      03/05/2020  09:57:39  PAGE 11


  C:02FEH         LINE#         227
  C:02FEH         LINE#         228
  C:0306H         LINE#         229
  C:030DH         LINE#         230
  C:0318H         LINE#         231
  C:031EH         LINE#         232
  C:031EH         LINE#         233
  C:0327H         LINE#         235
  C:032BH         LINE#         236
  C:0337H         LINE#         237
  C:033AH         LINE#         240
  C:0342H         LINE#         241
  C:0342H         LINE#         242
  C:034BH         LINE#         243
  C:034BH         LINE#         244
  C:035BH         LINE#         245
  C:035BH         LINE#         246
  C:035DH         LINE#         248
  C:035FH         LINE#         249
  C:037BH         LINE#         250
  C:037DH         LINE#         252
  C:03A6H         LINE#         253
  C:03CAH         LINE#         255
  C:03D4H         LINE#         256
  C:03D4H         LINE#         257
  C:03DCH         LINE#         258
  C:03E3H         LINE#         259
  C:03EEH         LINE#         260
  C:03F4H         LINE#         261
  C:03F4H         LINE#         263
  C:03FDH         LINE#         269
  C:03FDH         LINE#         270
  C:040AH         LINE#         271
  C:040AH         LINE#         272
  C:040CH         LINE#         274
  C:040EH         LINE#         275
  C:042AH         LINE#         276
  C:042CH         LINE#         278
  C:0434H         LINE#         279
  C:0438H         LINE#         280
  C:0444H         LINE#         281
  C:0444H         LINE#         282
  C:0447H         LINE#         285
  C:044FH         LINE#         286
  C:044FH         LINE#         287
  C:0460H         LINE#         288
  C:0460H         LINE#         289
  C:046DH         LINE#         290
  C:046DH         LINE#         291
  C:048BH         LINE#         292
  C:048DH         LINE#         293
  C:049DH         LINE#         294
  C:049DH         LINE#         295
  C:04BBH         LINE#         296
  C:04BDH         LINE#         297
  C:04CEH         LINE#         298
  C:04CEH         LINE#         299
BL51 BANKED LINKER/LOCATER V6.22                                                      03/05/2020  09:57:39  PAGE 12


  C:04D8H         LINE#         300
  C:04E2H         LINE#         301
  C:04E2H         LINE#         302
  C:04E2H         LINE#         303
  C:04E2H         LINE#         305
  C:04E2H         LINE#         306
  C:04EBH         LINE#         307
  C:04EFH         LINE#         308
  C:04FBH         LINE#         309
  C:04FEH         LINE#         312
  C:0506H         LINE#         313
  C:0506H         LINE#         314
  C:0513H         LINE#         315
  C:0524H         LINE#         317
  C:052DH         LINE#         318
  C:053CH         LINE#         320
  C:0544H         LINE#         321
  C:0544H         LINE#         322
  C:054DH         LINE#         323
  C:055CH         LINE#         324
  C:055CH         LINE#         325
  C:055FH         LINE#         326
  C:056EH         LINE#         327
  C:057AH         LINE#         328
  C:0580H         LINE#         329
  C:0580H         LINE#         331
  C:0584H         LINE#         332
  C:0593H         LINE#         334
  C:059AH         LINE#         335
  C:05B6H         LINE#         336
  C:05C0H         LINE#         337
  C:05C0H         LINE#         338
  C:05E6H         LINE#         339
  C:05F9H         LINE#         340
  C:05F9H         LINE#         341
  C:064BH         LINE#         342
  C:0653H         LINE#         343
  C:0653H         LINE#         344
  C:0653H         LINE#         347
  C:0658H         LINE#         348
  C:0658H         LINE#         349
  C:0665H         LINE#         350
  C:0676H         LINE#         352
  C:067BH         LINE#         353
  C:067FH         LINE#         354
  C:0682H         LINE#         355
  C:0686H         LINE#         357
  C:068AH         LINE#         358
  C:0696H         LINE#         359
  C:0698H         LINE#         360
  -------         ENDPROC       CONNTOUSB
  -------         PROC          MCU_INIT
  -------         DO            
  D:0007H         SYMBOL        n
  -------         ENDDO         
  C:362EH         LINE#         363
  C:362EH         LINE#         364
BL51 BANKED LINKER/LOCATER V6.22                                                      03/05/2020  09:57:39  PAGE 13


  C:362EH         LINE#         366
  C:3631H         LINE#         369
  C:3634H         LINE#         370
  C:3637H         LINE#         372
  C:363AH         LINE#         374
  C:3640H         LINE#         376
  C:3643H         LINE#         377
  C:3648H         LINE#         378
  C:364BH         LINE#         380
  C:364EH         LINE#         383
  C:3651H         LINE#         384
  C:3654H         LINE#         386
  C:3657H         LINE#         387
  C:365AH         LINE#         389
  C:365DH         LINE#         390
  C:3660H         LINE#         392
  C:3663H         LINE#         393
  C:3666H         LINE#         394
  C:3668H         LINE#         395
  C:366AH         LINE#         397
  C:366DH         LINE#         398
  C:3670H         LINE#         400
  -------         ENDPROC       MCU_INIT
  -------         PROC          DEVICES_INIT
  C:32BCH         LINE#         402
  C:32BCH         LINE#         403
  C:32BCH         LINE#         405
  C:32BFH         LINE#         408
  C:32C2H         LINE#         409
  C:331CH         LINE#         410
  C:331FH         LINE#         413
  C:3322H         LINE#         414
  C:3325H         LINE#         422
  -------         ENDPROC       DEVICES_INIT
  -------         PROC          SUSPEND_DEVICE
  C:003DH         LINE#         426
  C:003DH         LINE#         427
  C:003DH         LINE#         428
  -------         ENDPROC       SUSPEND_DEVICE
  -------         PROC          USB_API_TEST_ISR
  -------         DO            
  X:005CH         SYMBOL        INTVAL
  -------         ENDDO         
  C:1EFCH         LINE#         432
  C:1F19H         LINE#         434
  C:1F20H         LINE#         436
  C:1F26H         LINE#         437
  C:1F26H         LINE#         438
  C:1F31H         LINE#         440
  C:1F4DH         LINE#         441
  C:1F4DH         LINE#         442
  C:1F4FH         LINE#         443
  C:1F51H         LINE#         444
  C:1F67H         LINE#         445
  C:1F67H         LINE#         446
  C:1F69H         LINE#         447
  C:1F6BH         LINE#         448
BL51 BANKED LINKER/LOCATER V6.22                                                      03/05/2020  09:57:39  PAGE 14


  C:1F83H         LINE#         449
  C:1F83H         LINE#         450
  C:1F85H         LINE#         451
  C:1F87H         LINE#         452
  C:1FA1H         LINE#         453
  C:1FA1H         LINE#         454
  C:1FA3H         LINE#         455
  C:1FA5H         LINE#         456
  C:1FBAH         LINE#         457
  C:1FBAH         LINE#         458
  C:1FBCH         LINE#         459
  C:1FBEH         LINE#         461
  C:1FBEH         LINE#         462
  C:1FC3H         LINE#         463
  C:1FC3H         LINE#         464
  C:1FC3H         LINE#         466
  C:1FC3H         LINE#         467
  C:1FC3H         LINE#         469
  C:1FC3H         LINE#         471
  C:1FC9H         LINE#         472
  C:1FC9H         LINE#         473
  C:1FCCH         LINE#         474
  C:1FCCH         LINE#         476
  C:1FD2H         LINE#         477
  C:1FD2H         LINE#         478
  C:1FD5H         LINE#         479
  C:1FD5H         LINE#         481
  C:1FDBH         LINE#         482
  C:1FDBH         LINE#         483
  C:1FF6H         LINE#         484
  C:1FF6H         LINE#         486
  C:1FFCH         LINE#         487
  C:1FFCH         LINE#         488
  C:2001H         LINE#         489
  C:201CH         LINE#         490
  C:201CH         LINE#         491
  -------         ENDPROC       USB_API_TEST_ISR
  -------         ENDMOD        MAIN

  -------         MODULE        MMC_SD
  C:0000H         SYMBOL        _ICE_DUMMY_
  D:00A2H         PUBLIC        SPI0CKR
  D:0080H         PUBLIC        P0
  D:0090H         PUBLIC        P1
  D:00A0H         PUBLIC        P2
  D:00B0H         PUBLIC        P3
  C:3161H         PUBLIC        _MMC_SD_SendCommand
  C:3328H         PUBLIC        _MMC_SD_ReadSingleBlock
  C:38F9H         PUBLIC        SD_Init
  C:306CH         PUBLIC        _MMC_SD_WriteSingleBlock
  B:00F8H.7       PUBLIC        SPIF
  B:00F8H.2       PUBLIC        NSSMD0
  C:2743H         PUBLIC        MMC_SD_Reset
  D:00A9H         PUBLIC        CLKSEL
  C:3924H         PUBLIC        SPI_ReadByte
  C:38B2H         PUBLIC        _SPI_WriteByte
  D:00A3H         PUBLIC        SPI0DAT
BL51 BANKED LINKER/LOCATER V6.22                                                      03/05/2020  09:57:39  PAGE 15


  X:0082H         PUBLIC        buffer
  C:38A6H         SYMBOL        L?0062
  C:38ABH         SYMBOL        L?0063
  -------         PROC          L?0061
  -------         ENDPROC       L?0061
  C:38A6H         SYMBOL        L?0062
  C:38ABH         SYMBOL        L?0063
  -------         PROC          _SPI_WRITEBYTE
  D:0007H         SYMBOL        val
  -------         DO            
  D:0007H         SYMBOL        ret
  -------         ENDDO         
  C:38B2H         LINE#         7
  C:38B2H         LINE#         8
  C:38B2H         LINE#         11
  C:38B4H         LINE#         12
  C:38B7H         LINE#         13
  C:38B9H         LINE#         14
  C:38BBH         LINE#         15
  C:38BBH         LINE#         16
  -------         ENDPROC       _SPI_WRITEBYTE
  -------         PROC          SPI_READBYTE
  -------         DO            
  D:0007H         SYMBOL        ret
  -------         ENDDO         
  C:3924H         LINE#         18
  C:3924H         LINE#         19
  C:3924H         LINE#         22
  C:3927H         LINE#         23
  C:392AH         LINE#         24
  C:392CH         LINE#         25
  C:392EH         LINE#         26
  C:392EH         LINE#         27
  -------         ENDPROC       SPI_READBYTE
  -------         PROC          _MMC_SD_SENDCOMMAND
  D:0006H         SYMBOL        cmd
  X:006DH         SYMBOL        arg
  -------         DO            
  D:0007H         SYMBOL        r1
  D:0003H         SYMBOL        retry
  -------         ENDDO         
  C:3161H         LINE#         29
  C:3163H         LINE#         30
  C:3163H         LINE#         32
  C:3165H         LINE#         34
  C:3165H         LINE#         35
  C:3165H         LINE#         36
  C:3168H         LINE#         37
  C:3168H         LINE#         38
  C:3168H         LINE#         39
  C:316BH         LINE#         41
  C:316DH         LINE#         43
  C:3174H         LINE#         44
  C:3189H         LINE#         45
  C:319EH         LINE#         46
  C:31B3H         LINE#         47
  C:31BDH         LINE#         48
BL51 BANKED LINKER/LOCATER V6.22                                                      03/05/2020  09:57:39  PAGE 16


  C:31C2H         LINE#         50
  C:31CAH         LINE#         51
  C:31D3H         LINE#         53
  C:31D5H         LINE#         55
  C:31D5H         LINE#         56
  -------         ENDPROC       _MMC_SD_SENDCOMMAND
  -------         PROC          MMC_SD_RESET
  -------         DO            
  D:0005H         SYMBOL        i
  D:0002H         SYMBOL        retry
  D:0006H         SYMBOL        r1
  -------         ENDDO         
  C:2743H         LINE#         58
  C:2743H         LINE#         59
  C:2743H         LINE#         62
  C:2745H         LINE#         64
  C:2746H         LINE#         65
  C:2749H         LINE#         66
  C:274CH         LINE#         68
  C:274CH         LINE#         69
  C:2758H         LINE#         70
  C:2768H         LINE#         71
  C:2769H         LINE#         72
  C:276FH         LINE#         73
  C:2773H         LINE#         75
  C:2775H         LINE#         77
  C:2775H         LINE#         79
  C:2775H         LINE#         80
  C:2785H         LINE#         81
  C:2786H         LINE#         82
  C:278FH         LINE#         83
  C:2793H         LINE#         85
  C:2795H         LINE#         86
  C:27A5H         LINE#         87
  C:27A6H         LINE#         88
  C:27AFH         LINE#         89
  C:27B2H         LINE#         91
  C:27B5H         LINE#         92
  C:27B5H         LINE#         93
  C:27B7H         LINE#         95
  C:27B7H         LINE#         96
  C:27C7H         LINE#         97
  C:27C8H         LINE#         98
  C:27D1H         LINE#         99
  C:27D4H         LINE#         100
  C:27D4H         LINE#         101
  C:27E4H         LINE#         103
  C:27F2H         LINE#         104
  C:27F5H         LINE#         105
  C:27F8H         LINE#         106
  C:27F9H         LINE#         107
  -------         ENDPROC       MMC_SD_RESET
  -------         PROC          _MMC_SD_READSINGLEBLOCK
  X:0010H         SYMBOL        sector
  -------         DO            
  D:0007H         SYMBOL        r1
  D:0004H         SYMBOL        i
BL51 BANKED LINKER/LOCATER V6.22                                                      03/05/2020  09:57:39  PAGE 17


  D:0002H         SYMBOL        retry
  -------         ENDDO         
  C:3328H         LINE#         109
  C:332DH         LINE#         110
  C:332DH         LINE#         113
  C:332FH         LINE#         115
  C:3332H         LINE#         117
  C:3332H         LINE#         118
  C:334EH         LINE#         119
  C:334FH         LINE#         120
  C:3358H         LINE#         121
  C:335BH         LINE#         124
  C:335DH         LINE#         126
  C:3363H         LINE#         128
  C:3366H         LINE#         129
  C:3366H         LINE#         130
  C:3375H         LINE#         131
  C:3382H         LINE#         133
  C:3382H         LINE#         134
  C:3385H         LINE#         136
  C:3387H         LINE#         137
  C:338AH         LINE#         138
  C:338BH         LINE#         139
  -------         ENDPROC       _MMC_SD_READSINGLEBLOCK
  -------         PROC          _MMC_SD_WRITESINGLEBLOCK
  X:0068H         SYMBOL        sector
  -------         DO            
  D:0006H         SYMBOL        r1
  D:0004H         SYMBOL        i
  D:0002H         SYMBOL        retry
  -------         ENDDO         
  C:306CH         LINE#         141
  C:3071H         LINE#         142
  C:3071H         LINE#         145
  C:3073H         LINE#         147
  C:3076H         LINE#         149
  C:3076H         LINE#         150
  C:3094H         LINE#         151
  C:3095H         LINE#         152
  C:309EH         LINE#         153
  C:30A1H         LINE#         157
  C:30A3H         LINE#         159
  C:30A8H         LINE#         161
  C:30ADH         LINE#         163
  C:30AFH         LINE#         164
  C:30AFH         LINE#         165
  C:30BEH         LINE#         166
  C:30CBH         LINE#         168
  C:30CBH         LINE#         169
  C:30CBH         LINE#         171
  C:30D0H         LINE#         173
  C:30D7H         LINE#         174
  C:30D7H         LINE#         175
  C:30D9H         LINE#         176
  C:30DAH         LINE#         177
  C:30DAH         LINE#         179
  C:30E2H         LINE#         181
BL51 BANKED LINKER/LOCATER V6.22                                                      03/05/2020  09:57:39  PAGE 18


  C:30E4H         LINE#         182
  C:30E7H         LINE#         183
  C:30E8H         LINE#         184
  -------         ENDPROC       _MMC_SD_WRITESINGLEBLOCK
  -------         PROC          SD_INIT
  -------         DO            
  D:0001H         SYMBOL        n
  -------         ENDDO         
  C:38F9H         LINE#         187
  C:38F9H         LINE#         188
  C:38F9H         LINE#         189
  C:38FBH         LINE#         191
  C:3901H         LINE#         192
  C:3901H         LINE#         193
  C:3902H         LINE#         194
  C:3909H         LINE#         196
  -------         ENDPROC       SD_INIT
  -------         ENDMOD        MMC_SD

  -------         MODULE        LCD
  C:0000H         SYMBOL        _ICE_DUMMY_
  D:0080H         PUBLIC        P0
  C:2A0EH         PUBLIC        DispFrame
  D:0090H         PUBLIC        P1
  C:2B54H         PUBLIC        DispScaleVer_Green
  D:00A0H         PUBLIC        P2
  D:00B0H         PUBLIC        P3
  C:1ADFH         PUBLIC        DispBand
  C:383EH         PUBLIC        _WriteData
  C:0699H         PUBLIC        ascii
  C:1DBAH         PUBLIC        _LCD_Read_IC_ID
  D:00A6H         PUBLIC        P2MDOUT
  C:0046H         PUBLIC        _DispColor
  C:2F60H         PUBLIC        DispScaleVer_Blue
  C:2E45H         PUBLIC        _DrawGird
  C:2FE6H         PUBLIC        _DrawLine
  C:3871H         PUBLIC        _WriteComm
  C:371EH         PUBLIC        _WriteDispData
  C:2DB4H         PUBLIC        DispScaleVer_Gray
  B:00B0H.1       PUBLIC        RS
  B:00A0H.1       PUBLIC        SPI_CLK
  C:2D23H         PUBLIC        DispScaleVer_Red
  C:216EH         PUBLIC        DispScaleVer
  C:26A8H         PUBLIC        _DispOneChar
  C:30E9H         PUBLIC        DispGrayHor32
  C:2BF2H         PUBLIC        DispGrayHor16
  C:27FAH         PUBLIC        _DispInt
  C:3545H         PUBLIC        _PutPixel
  D:00A9H         PUBLIC        CLKSEL
  B:0090H.6       PUBLIC        RD0
  B:00B0H.0       PUBLIC        CS0
  X:005AH         PUBLIC        LCM_ID
  C:194FH         PUBLIC        LCD_Init
  C:2C8DH         PUBLIC        _DispStr
  B:0090H.7       PUBLIC        WR0
  C:13D9H         PUBLIC        DispScaleHor1
  B:00A0H.0       PUBLIC        SPI_DI
BL51 BANKED LINKER/LOCATER V6.22                                                      03/05/2020  09:57:39  PAGE 19


  C:392FH         PUBLIC        _WriteOneDot
  C:15F7H         PUBLIC        DispScaleHor2
  C:24C2H         PUBLIC        _DispPicFromSD
  B:0080H.7       PUBLIC        DIR
  C:338CH         PUBLIC        _ToOrd
  B:0080H.5       PUBLIC        RST
  C:38BCH         PUBLIC        ReadData
  C:2ACBH         PUBLIC        _?BlockWrite
  -------         PROC          _LCD_READ_IC_ID
  X:0068H         SYMBOL        ID
  D:0004H         SYMBOL        Bug
  D:0003H         SYMBOL        flog
  -------         DO            
  X:0069H         SYMBOL        id
  X:006BH         SYMBOL        id1
  X:006DH         SYMBOL        temp
  D:0005H         SYMBOL        i
  D:0007H         SYMBOL        dat
  D:0001H         SYMBOL        id2
  X:006FH         SYMBOL        id3
  -------         ENDDO         
  C:1DBAH         LINE#         35
  C:1DBEH         LINE#         36
  C:1DBEH         LINE#         39
  C:1DC7H         LINE#         40
  C:1DC7H         LINE#         42
  C:1DCAH         LINE#         43
  C:1DCCH         LINE#         44
  C:1DCEH         LINE#         45
  C:1DD0H         LINE#         46
  C:1DD2H         LINE#         47
  C:1DD2H         LINE#         48
  C:1DD4H         LINE#         49
  C:1DDCH         LINE#         50
  C:1DDEH         LINE#         52
  C:1DE0H         LINE#         53
  C:1DE4H         LINE#         54
  C:1DE9H         LINE#         55
  C:1DECH         LINE#         58
  C:1DF6H         LINE#         59
  C:1DF6H         LINE#         60
  C:1DF8H         LINE#         61
  C:1DF8H         LINE#         62
  C:1DFAH         LINE#         63
  C:1DFCH         LINE#         64
  C:1DFEH         LINE#         65
  C:1E15H         LINE#         66
  C:1E17H         LINE#         67
  C:1E19H         LINE#         68
  C:1E20H         LINE#         69
  C:1E2AH         LINE#         70
  C:1E2AH         LINE#         71
  C:1E2CH         LINE#         72
  C:1E2CH         LINE#         73
  C:1E2EH         LINE#         74
  C:1E30H         LINE#         75
  C:1E32H         LINE#         76
BL51 BANKED LINKER/LOCATER V6.22                                                      03/05/2020  09:57:39  PAGE 20


  C:1E49H         LINE#         77
  C:1E4BH         LINE#         78
  C:1E4DH         LINE#         79
  C:1E52H         LINE#         80
  C:1E52H         LINE#         82
  C:1E54H         LINE#         83
  C:1E54H         LINE#         84
  C:1E56H         LINE#         85
  C:1E58H         LINE#         86
  C:1E5AH         LINE#         87
  C:1E71H         LINE#         88
  C:1E73H         LINE#         89
  C:1E75H         LINE#         90
  C:1E7AH         LINE#         92
  C:1E7CH         LINE#         93
  C:1E7CH         LINE#         94
  C:1E7EH         LINE#         95
  C:1E80H         LINE#         96
  C:1E82H         LINE#         97
  C:1E8CH         LINE#         98
  C:1E8EH         LINE#         99
  C:1E90H         LINE#         100
  C:1E95H         LINE#         102
  C:1E97H         LINE#         103
  C:1E97H         LINE#         104
  C:1E99H         LINE#         105
  C:1E9BH         LINE#         106
  C:1E9DH         LINE#         107
  C:1EA9H         LINE#         108
  C:1EABH         LINE#         109
  C:1EADH         LINE#         110
  C:1EB2H         LINE#         111
  C:1EB5H         LINE#         112
  C:1EB7H         LINE#         113
  C:1EB9H         LINE#         114
  C:1EBBH         LINE#         115
  C:1EBDH         LINE#         116
  C:1EBFH         LINE#         117
  C:1EC1H         LINE#         119
  C:1EC5H         LINE#         120
  C:1EC5H         LINE#         121
  C:1ED5H         LINE#         123
  C:1EE0H         LINE#         124
  C:1EE0H         LINE#         125
  C:1EE0H         LINE#         127
  C:1EE6H         LINE#         128
  C:1EE6H         LINE#         129
  C:1EF2H         LINE#         130
  C:1EF2H         LINE#         132
  C:1EF2H         LINE#         133
  C:1EF4H         LINE#         134
  C:1EFBH         LINE#         135
  -------         ENDPROC       _LCD_READ_IC_ID
  -------         PROC          _WRITECOMM
  D:0004H         SYMBOL        i
  -------         DO            
  X:0080H         SYMBOL        j
BL51 BANKED LINKER/LOCATER V6.22                                                      03/05/2020  09:57:39  PAGE 21


  D:0007H         SYMBOL        DataH
  -------         ENDDO         
  C:3871H         LINE#         138
  C:3875H         LINE#         139
  C:3875H         LINE#         141
  C:3876H         LINE#         142
  C:3878H         LINE#         153
  C:3878H         LINE#         154
  C:387AH         LINE#         155
  C:387CH         LINE#         156
  C:387EH         LINE#         157
  C:3880H         LINE#         158
  C:3882H         LINE#         159
  C:3886H         LINE#         160
  C:3888H         LINE#         161
  C:388AH         LINE#         162
  C:388AH         LINE#         249
  C:388CH         LINE#         250
  -------         ENDPROC       _WRITECOMM
  C:383AH         SYMBOL        L?0436
  -------         PROC          L?0435
  -------         ENDPROC       L?0435
  C:383AH         SYMBOL        L?0436
  -------         PROC          _WRITEDATA
  D:0004H         SYMBOL        i
  -------         DO            
  X:0080H         SYMBOL        j
  X:0081H         SYMBOL        DataH
  -------         ENDDO         
  C:383EH         LINE#         252
  C:3840H         LINE#         253
  C:3840H         LINE#         255
  C:3844H         LINE#         256
  C:3846H         LINE#         267
  C:3846H         LINE#         268
  C:3848H         LINE#         269
  C:384AH         LINE#         277
  C:384DH         LINE#         278
  C:384FH         LINE#         279
  C:3851H         LINE#         280
  C:3851H         LINE#         443
  C:3853H         LINE#         444
  -------         ENDPROC       _WRITEDATA
  C:3709H         SYMBOL        L?0434
  -------         PROC          L?0433
  -------         ENDPROC       L?0433
  C:3709H         SYMBOL        L?0434
  -------         PROC          _WRITEDISPDATA
  D:0007H         SYMBOL        DataH
  D:0005H         SYMBOL        DataL
  -------         DO            
  X:0080H         SYMBOL        j
  -------         ENDDO         
  C:371EH         LINE#         446
  C:371EH         LINE#         447
  C:371EH         LINE#         449
  C:3720H         LINE#         463
BL51 BANKED LINKER/LOCATER V6.22                                                      03/05/2020  09:57:39  PAGE 22


  C:3720H         LINE#         464
  C:3722H         LINE#         465
  C:3724H         LINE#         466
  C:3726H         LINE#         467
  C:3728H         LINE#         468
  C:372AH         LINE#         469
  C:372EH         LINE#         470
  C:3730H         LINE#         471
  C:3732H         LINE#         472
  C:3732H         LINE#         568
  C:3734H         LINE#         569
  -------         ENDPROC       _WRITEDISPDATA
  -------         PROC          _WRITEONEDOT
  D:0004H         SYMBOL        color
  C:392FH         LINE#         571
  C:3933H         LINE#         572
  C:3933H         LINE#         585
  -------         ENDPROC       _WRITEONEDOT
  -------         PROC          LCD_INIT
  C:194FH         LINE#         594
  C:194FH         LINE#         595
  C:194FH         LINE#         596
  C:1952H         LINE#         599
  C:1954H         LINE#         600
  C:195BH         LINE#         602
  C:195DH         LINE#         603
  C:1964H         LINE#         605
  C:1966H         LINE#         606
  C:196DH         LINE#         1457
  C:1974H         LINE#         1458
  C:1979H         LINE#         1460
  C:1980H         LINE#         1461
  C:1985H         LINE#         1462
  C:198AH         LINE#         1463
  C:198FH         LINE#         1465
  C:1994H         LINE#         1466
  C:1999H         LINE#         1467
  C:199EH         LINE#         1468
  C:19A3H         LINE#         1470
  C:19A8H         LINE#         1471
  C:19ADH         LINE#         1472
  C:19B2H         LINE#         1473
  C:19B7H         LINE#         1474
  C:19BAH         LINE#         1475
  C:19BFH         LINE#         1476
  C:19C4H         LINE#         1478
  C:19C9H         LINE#         1479
  C:19CEH         LINE#         1481
  C:19D3H         LINE#         1482
  C:19D8H         LINE#         1483
  C:19DDH         LINE#         1484
  C:19E2H         LINE#         1486
  C:19E7H         LINE#         1487
  C:19ECH         LINE#         1489
  C:19F1H         LINE#         1490
  C:19F6H         LINE#         1491
  C:19FBH         LINE#         1493
BL51 BANKED LINKER/LOCATER V6.22                                                      03/05/2020  09:57:39  PAGE 23


  C:1A00H         LINE#         1494
  C:1A05H         LINE#         1495
  C:1A0AH         LINE#         1497
  C:1A0FH         LINE#         1498
  C:1A14H         LINE#         1499
  C:1A19H         LINE#         1501
  C:1A1EH         LINE#         1502
  C:1A23H         LINE#         1504
  C:1A28H         LINE#         1505
  C:1A2DH         LINE#         1507
  C:1A32H         LINE#         1508
  C:1A37H         LINE#         1509
  C:1A3CH         LINE#         1510
  C:1A41H         LINE#         1511
  C:1A46H         LINE#         1512
  C:1A4BH         LINE#         1513
  C:1A50H         LINE#         1514
  C:1A55H         LINE#         1515
  C:1A5AH         LINE#         1516
  C:1A5DH         LINE#         1517
  C:1A60H         LINE#         1518
  C:1A65H         LINE#         1519
  C:1A6AH         LINE#         1520
  C:1A6FH         LINE#         1521
  C:1A74H         LINE#         1522
  C:1A78H         LINE#         1523
  C:1A7DH         LINE#         1525
  C:1A82H         LINE#         1526
  C:1A87H         LINE#         1527
  C:1A8CH         LINE#         1528
  C:1A91H         LINE#         1529
  C:1A96H         LINE#         1530
  C:1A9BH         LINE#         1531
  C:1AA0H         LINE#         1532
  C:1AA5H         LINE#         1533
  C:1AAAH         LINE#         1534
  C:1AAEH         LINE#         1535
  C:1AB3H         LINE#         1536
  C:1AB8H         LINE#         1537
  C:1ABDH         LINE#         1538
  C:1AC2H         LINE#         1539
  C:1AC7H         LINE#         1540
  C:1ACBH         LINE#         1541
  C:1AD0H         LINE#         1543
  C:1AD5H         LINE#         1544
  C:1ADAH         LINE#         1546
  -------         ENDPROC       LCD_INIT
  C:2AB3H         SYMBOL        L?0429
  -------         PROC          L?0428
  -------         ENDPROC       L?0428
  C:2AB3H         SYMBOL        L?0429
  -------         PROC          _?BLOCKWRITE
  p:0000H         SYMBOL        Xstart
  p:0002H         SYMBOL        Xend
  p:0004H         SYMBOL        Ystart
  p:0006H         SYMBOL        Yend
  C:2ACBH         LINE#         4347
BL51 BANKED LINKER/LOCATER V6.22                                                      03/05/2020  09:57:39  PAGE 24


  C:2AECH         LINE#         4392
  C:2AF3H         LINE#         4393
  C:2AFAH         LINE#         4394
  C:2B03H         LINE#         4395
  C:2B10H         LINE#         4396
  C:2B1BH         LINE#         4398
  C:2B22H         LINE#         4399
  C:2B2CH         LINE#         4400
  C:2B33H         LINE#         4401
  C:2B3FH         LINE#         4402
  C:2B46H         LINE#         4403
  C:2B4DH         LINE#         4474
  -------         ENDPROC       _?BLOCKWRITE
  -------         PROC          _DISPCOLOR
  D:0004H         SYMBOL        color
  -------         DO            
  X:005FH         SYMBOL        i
  D:0002H         SYMBOL        m
  X:0061H         SYMBOL        DataH
  X:0062H         SYMBOL        DataL
  -------         ENDDO         
  C:0046H         LINE#         4476
  C:0048H         LINE#         4477
  C:0048H         LINE#         4480
  C:004EH         LINE#         4482
  C:0051H         LINE#         4484
  C:0053H         LINE#         4485
  C:0059H         LINE#         4486
  C:0059H         LINE#         4487
  C:005CH         LINE#         4488
  C:005CH         LINE#         4489
  C:0066H         LINE#         4490
  C:0071H         LINE#         4491
  C:0087H         LINE#         4493
  C:0089H         LINE#         4494
  -------         ENDPROC       _DISPCOLOR
  -------         PROC          DISPFRAME
  -------         DO            
  D:0002H         SYMBOL        i
  X:0014H         SYMBOL        j
  D:0001H         SYMBOL        DataH
  D:0006H         SYMBOL        DataL
  -------         ENDDO         
  C:2A0EH         LINE#         4496
  C:2A0EH         LINE#         4497
  C:2A0EH         LINE#         4500
  C:2A11H         LINE#         4502
  C:2A13H         LINE#         4505
  C:2A1DH         LINE#         4508
  C:2A1DH         LINE#         4509
  C:2A1DH         LINE#         4511
  C:2A28H         LINE#         4513
  C:2A33H         LINE#         4515
  C:2A3DH         LINE#         4517
  C:2A42H         LINE#         4518
  C:2A42H         LINE#         4520
  C:2A4CH         LINE#         4522
BL51 BANKED LINKER/LOCATER V6.22                                                      03/05/2020  09:57:39  PAGE 25


  C:2A4EH         LINE#         4523
  C:2A4EH         LINE#         4525
  C:2A56H         LINE#         4527
  C:2A61H         LINE#         4530
  C:2A6BH         LINE#         4532
  C:2A81H         LINE#         4534
  C:2A8BH         LINE#         4536
  C:2A8DH         LINE#         4537
  C:2A8DH         LINE#         4539
  C:2A98H         LINE#         4541
  C:2AA3H         LINE#         4543
  C:2AADH         LINE#         4546
  C:2AAFH         LINE#         4547
  C:2AB1H         LINE#         4548
  -------         ENDPROC       DISPFRAME
  -------         PROC          DISPBAND
  -------         DO            
  D:0002H         SYMBOL        i
  X:0016H         SYMBOL        j
  X:0017H         SYMBOL        k
  X:0018H         SYMBOL        m
  X:0019H         SYMBOL        n
  X:001AH         SYMBOL        x
  -------         ENDDO         
  C:1ADFH         LINE#         4550
  C:1ADFH         LINE#         4551
  C:1ADFH         LINE#         4554
  C:1AE9H         LINE#         4555
  C:1AF2H         LINE#         4556
  C:1AF4H         LINE#         4559
  C:1AF7H         LINE#         4560
  C:1B03H         LINE#         4561
  C:1B03H         LINE#         4562
  C:1B1EH         LINE#         4563
  C:1B39H         LINE#         4564
  C:1B65H         LINE#         4565
  C:1B6CH         LINE#         4566
  C:1B7BH         LINE#         4567
  C:1B7BH         LINE#         4568
  C:1B96H         LINE#         4569
  C:1BB1H         LINE#         4570
  C:1BDDH         LINE#         4571
  C:1BE4H         LINE#         4572
  C:1BFAH         LINE#         4573
  C:1BFAH         LINE#         4574
  C:1C15H         LINE#         4575
  C:1C30H         LINE#         4576
  C:1C5CH         LINE#         4577
  C:1C63H         LINE#         4578
  C:1C65H         LINE#         4579
  C:1C68H         LINE#         4580
  -------         ENDPROC       DISPBAND
  -------         PROC          _DISPPICFROMSD
  X:001BH         SYMBOL        PicNum
  -------         DO            
  X:001CH         SYMBOL        Address_S
  X:0020H         SYMBOL        Address_E
BL51 BANKED LINKER/LOCATER V6.22                                                      03/05/2020  09:57:39  PAGE 26


  D:0002H         SYMBOL        i
  X:0024H         SYMBOL        k
  -------         ENDDO         
  C:24C2H         LINE#         4602
  C:24C5H         LINE#         4603
  C:24C5H         LINE#         4609
  C:24C8H         LINE#         4612
  C:24CAH         LINE#         4614
  C:24CCH         LINE#         4616
  C:24D5H         LINE#         4617
  C:2500H         LINE#         4618
  C:2529H         LINE#         4619
  C:254CH         LINE#         4620
  C:254CH         LINE#         4621
  C:255CH         LINE#         4623
  C:2565H         LINE#         4624
  C:2565H         LINE#         4626
  C:2580H         LINE#         4627
  C:2589H         LINE#         4628
  C:25A8H         LINE#         4630
  C:25AAH         LINE#         4668
  -------         ENDPROC       _DISPPICFROMSD
  -------         PROC          DISPSCALEHOR1
  -------         DO            
  X:0028H         SYMBOL        i
  X:002AH         SYMBOL        j
  D:0002H         SYMBOL        k
  -------         ENDDO         
  C:13D9H         LINE#         4673
  C:13D9H         LINE#         4674
  C:13D9H         LINE#         4677
  C:13DCH         LINE#         4680
  C:13DCH         LINE#         4681
  C:13DCH         LINE#         4682
  C:13FCH         LINE#         4683
  C:1402H         LINE#         4684
  C:1402H         LINE#         4685
  C:1408H         LINE#         4686
  C:1408H         LINE#         4687
  C:141DH         LINE#         4688
  C:1433H         LINE#         4689
  C:1449H         LINE#         4691
  C:1454H         LINE#         4694
  C:1457H         LINE#         4695
  C:1457H         LINE#         4696
  C:1477H         LINE#         4697
  C:147DH         LINE#         4698
  C:147DH         LINE#         4699
  C:1483H         LINE#         4700
  C:1483H         LINE#         4701
  C:14AEH         LINE#         4702
  C:14C4H         LINE#         4703
  C:14DAH         LINE#         4704
  C:14E8H         LINE#         4707
  C:14EBH         LINE#         4708
  C:14EBH         LINE#         4709
  C:150BH         LINE#         4710
BL51 BANKED LINKER/LOCATER V6.22                                                      03/05/2020  09:57:39  PAGE 27


  C:1511H         LINE#         4711
  C:1511H         LINE#         4712
  C:1517H         LINE#         4713
  C:1517H         LINE#         4714
  C:1521H         LINE#         4715
  C:1537H         LINE#         4716
  C:154DH         LINE#         4717
  C:1558H         LINE#         4720
  C:155BH         LINE#         4721
  C:155BH         LINE#         4722
  C:157BH         LINE#         4723
  C:1581H         LINE#         4724
  C:1581H         LINE#         4725
  C:1587H         LINE#         4726
  C:1587H         LINE#         4727
  C:15BAH         LINE#         4728
  C:15D0H         LINE#         4729
  C:15E6H         LINE#         4730
  C:15F4H         LINE#         4731
  C:15F6H         LINE#         4732
  -------         ENDPROC       DISPSCALEHOR1
  -------         PROC          DISPSCALEVER
  -------         DO            
  X:002CH         SYMBOL        i
  X:002EH         SYMBOL        j
  D:0002H         SYMBOL        k
  -------         ENDDO         
  C:216EH         LINE#         4734
  C:216EH         LINE#         4735
  C:216EH         LINE#         4804
  C:2171H         LINE#         4806
  C:2177H         LINE#         4807
  C:2177H         LINE#         4808
  C:217DH         LINE#         4809
  C:217DH         LINE#         4810
  C:2183H         LINE#         4811
  C:2199H         LINE#         4812
  C:21A0H         LINE#         4814
  C:21A3H         LINE#         4815
  C:21A3H         LINE#         4817
  C:21A9H         LINE#         4818
  C:21A9H         LINE#         4820
  C:21AFH         LINE#         4821
  C:21AFH         LINE#         4822
  C:21C1H         LINE#         4823
  C:21D7H         LINE#         4825
  C:21DDH         LINE#         4826
  C:21DDH         LINE#         4827
  C:2205H         LINE#         4828
  C:221BH         LINE#         4830
  C:2221H         LINE#         4831
  C:2221H         LINE#         4832
  C:2228H         LINE#         4833
  C:223EH         LINE#         4835
  C:2244H         LINE#         4836
  C:2244H         LINE#         4837
  C:2258H         LINE#         4838
BL51 BANKED LINKER/LOCATER V6.22                                                      03/05/2020  09:57:39  PAGE 28


  C:226EH         LINE#         4840
  C:2287H         LINE#         4842
  C:2295H         LINE#         4844
  -------         ENDPROC       DISPSCALEVER
  -------         PROC          DISPSCALEVER_RED
  -------         DO            
  X:0030H         SYMBOL        i
  X:0032H         SYMBOL        j
  D:0002H         SYMBOL        k
  -------         ENDDO         
  C:2D23H         LINE#         4846
  C:2D23H         LINE#         4847
  C:2D23H         LINE#         4850
  C:2D26H         LINE#         4852
  C:2D28H         LINE#         4854
  C:2D2AH         LINE#         4857
  C:2D30H         LINE#         4858
  C:2D30H         LINE#         4859
  C:2D36H         LINE#         4860
  C:2D36H         LINE#         4861
  C:2D3CH         LINE#         4862
  C:2D52H         LINE#         4863
  C:2D59H         LINE#         4865
  C:2D5CH         LINE#         4866
  C:2D5CH         LINE#         4867
  C:2D62H         LINE#         4868
  C:2D62H         LINE#         4870
  C:2D68H         LINE#         4871
  C:2D68H         LINE#         4872
  C:2D7AH         LINE#         4873
  C:2D90H         LINE#         4874
  C:2DA6H         LINE#         4876
  C:2DB1H         LINE#         4878
  C:2DB3H         LINE#         4879
  -------         ENDPROC       DISPSCALEVER_RED
  -------         PROC          DISPSCALEVER_GREEN
  -------         DO            
  X:0034H         SYMBOL        i
  X:0036H         SYMBOL        j
  D:0002H         SYMBOL        k
  -------         ENDDO         
  C:2B54H         LINE#         4881
  C:2B54H         LINE#         4882
  C:2B54H         LINE#         4885
  C:2B57H         LINE#         4887
  C:2B59H         LINE#         4888
  C:2B5BH         LINE#         4891
  C:2B5BH         LINE#         4892
  C:2B5BH         LINE#         4893
  C:2B61H         LINE#         4894
  C:2B61H         LINE#         4895
  C:2B67H         LINE#         4897
  C:2B7DH         LINE#         4898
  C:2B88H         LINE#         4900
  C:2B8BH         LINE#         4901
  C:2B8BH         LINE#         4902
  C:2B91H         LINE#         4903
BL51 BANKED LINKER/LOCATER V6.22                                                      03/05/2020  09:57:39  PAGE 29


  C:2B91H         LINE#         4905
  C:2B97H         LINE#         4906
  C:2B97H         LINE#         4908
  C:2BB8H         LINE#         4909
  C:2BCEH         LINE#         4910
  C:2BE4H         LINE#         4912
  C:2BEFH         LINE#         4914
  C:2BF1H         LINE#         4915
  -------         ENDPROC       DISPSCALEVER_GREEN
  -------         PROC          DISPSCALEVER_BLUE
  -------         DO            
  X:0038H         SYMBOL        i
  X:003AH         SYMBOL        j
  D:0002H         SYMBOL        k
  -------         ENDDO         
  C:2F60H         LINE#         4917
  C:2F60H         LINE#         4918
  C:2F60H         LINE#         4921
  C:2F63H         LINE#         4923
  C:2F65H         LINE#         4924
  C:2F67H         LINE#         4927
  C:2F6DH         LINE#         4928
  C:2F6DH         LINE#         4929
  C:2F73H         LINE#         4930
  C:2F73H         LINE#         4931
  C:2F79H         LINE#         4932
  C:2F8FH         LINE#         4933
  C:2F96H         LINE#         4935
  C:2F99H         LINE#         4936
  C:2F99H         LINE#         4937
  C:2F9FH         LINE#         4938
  C:2F9FH         LINE#         4940
  C:2FA5H         LINE#         4941
  C:2FA5H         LINE#         4942
  C:2FACH         LINE#         4943
  C:2FC2H         LINE#         4944
  C:2FD8H         LINE#         4946
  C:2FE3H         LINE#         4948
  C:2FE5H         LINE#         4949
  -------         ENDPROC       DISPSCALEVER_BLUE
  -------         PROC          DISPSCALEVER_GRAY
  -------         DO            
  X:003CH         SYMBOL        i
  X:003EH         SYMBOL        j
  D:0002H         SYMBOL        k
  -------         ENDDO         
  C:2DB4H         LINE#         4951
  C:2DB4H         LINE#         4952
  C:2DB4H         LINE#         4955
  C:2DB7H         LINE#         4957
  C:2DB9H         LINE#         4962
  C:2DBFH         LINE#         4963
  C:2DBFH         LINE#         4964
  C:2DC5H         LINE#         4965
  C:2DC5H         LINE#         4966
  C:2DCBH         LINE#         4968
  C:2DE1H         LINE#         4969
BL51 BANKED LINKER/LOCATER V6.22                                                      03/05/2020  09:57:39  PAGE 30


  C:2DE8H         LINE#         4971
  C:2DEBH         LINE#         4972
  C:2DEBH         LINE#         4973
  C:2DF1H         LINE#         4974
  C:2DF1H         LINE#         4976
  C:2DF7H         LINE#         4977
  C:2DF7H         LINE#         4978
  C:2E0BH         LINE#         4979
  C:2E21H         LINE#         4980
  C:2E37H         LINE#         4982
  C:2E42H         LINE#         4984
  C:2E44H         LINE#         4985
  -------         ENDPROC       DISPSCALEVER_GRAY
  -------         PROC          DISPGRAYHOR16
  -------         DO            
  X:0040H         SYMBOL        i
  D:0002H         SYMBOL        j
  X:0042H         SYMBOL        k
  -------         ENDDO         
  C:2BF2H         LINE#         4987
  C:2BF2H         LINE#         4988
  C:2BF2H         LINE#         4991
  C:2BF5H         LINE#         4993
  C:2BF7H         LINE#         4994
  C:2BF9H         LINE#         4996
  C:2BFFH         LINE#         4997
  C:2BFFH         LINE#         4998
  C:2C08H         LINE#         4999
  C:2C08H         LINE#         5000
  C:2C0EH         LINE#         5001
  C:2C15H         LINE#         5003
  C:2C18H         LINE#         5004
  C:2C18H         LINE#         5005
  C:2C1EH         LINE#         5006
  C:2C1EH         LINE#         5007
  C:2C50H         LINE#         5008
  C:2C66H         LINE#         5009
  C:2C71H         LINE#         5010
  C:2C8AH         LINE#         5012
  C:2C8CH         LINE#         5013
  -------         ENDPROC       DISPGRAYHOR16
  -------         PROC          DISPGRAYHOR32
  -------         DO            
  X:0044H         SYMBOL        i
  D:0002H         SYMBOL        j
  X:0046H         SYMBOL        k
  -------         ENDDO         
  C:30E9H         LINE#         5015
  C:30E9H         LINE#         5016
  C:30E9H         LINE#         5019
  C:30ECH         LINE#         5021
  C:30EEH         LINE#         5023
  C:30F4H         LINE#         5024
  C:30F4H         LINE#         5025
  C:30FDH         LINE#         5026
  C:30FDH         LINE#         5027
  C:3103H         LINE#         5028
BL51 BANKED LINKER/LOCATER V6.22                                                      03/05/2020  09:57:39  PAGE 31


  C:310AH         LINE#         5030
  C:310DH         LINE#         5031
  C:310DH         LINE#         5032
  C:3113H         LINE#         5033
  C:3113H         LINE#         5034
  C:3127H         LINE#         5035
  C:313DH         LINE#         5036
  C:3148H         LINE#         5037
  C:315EH         LINE#         5039
  C:3160H         LINE#         5040
  -------         ENDPROC       DISPGRAYHOR32
  -------         PROC          DISPSCALEHOR2
  -------         DO            
  X:0048H         SYMBOL        j
  D:0002H         SYMBOL        k
  -------         ENDDO         
  C:15F7H         LINE#         5042
  C:15F7H         LINE#         5043
  C:15F7H         LINE#         5046
  C:15FAH         LINE#         5048
  C:15FAH         LINE#         5049
  C:15FAH         LINE#         5050
  C:1600H         LINE#         5051
  C:161DH         LINE#         5052
  C:1628H         LINE#         5053
  C:162BH         LINE#         5054
  C:162BH         LINE#         5055
  C:1631H         LINE#         5056
  C:164EH         LINE#         5057
  C:1659H         LINE#         5058
  C:165CH         LINE#         5059
  C:165CH         LINE#         5060
  C:1662H         LINE#         5061
  C:167FH         LINE#         5062
  C:168AH         LINE#         5063
  C:168DH         LINE#         5064
  C:168DH         LINE#         5065
  C:1693H         LINE#         5066
  C:16B0H         LINE#         5067
  C:16BBH         LINE#         5068
  C:16BEH         LINE#         5069
  C:16BEH         LINE#         5070
  C:16C4H         LINE#         5071
  C:16E1H         LINE#         5072
  C:16ECH         LINE#         5073
  C:16EFH         LINE#         5074
  C:16EFH         LINE#         5075
  C:16F5H         LINE#         5076
  C:1712H         LINE#         5077
  C:171DH         LINE#         5078
  C:1720H         LINE#         5079
  C:1720H         LINE#         5080
  C:1726H         LINE#         5081
  C:1743H         LINE#         5082
  C:174EH         LINE#         5083
  C:1751H         LINE#         5084
  C:1751H         LINE#         5085
BL51 BANKED LINKER/LOCATER V6.22                                                      03/05/2020  09:57:39  PAGE 32


  C:1757H         LINE#         5086
  C:1773H         LINE#         5087
  C:177EH         LINE#         5088
  C:1787H         LINE#         5089
  C:1787H         LINE#         5090
  C:178DH         LINE#         5091
  C:17A9H         LINE#         5092
  C:17B0H         LINE#         5094
  -------         ENDPROC       DISPSCALEHOR2
  -------         PROC          _TOORD
  D:0007H         SYMBOL        ch
  C:338CH         LINE#         5199
  C:338CH         LINE#         5200
  C:338CH         LINE#         5201
  C:3392H         LINE#         5202
  C:3392H         LINE#         5203
  C:3394H         LINE#         5204
  C:3396H         LINE#         5205
  C:33A2H         LINE#         5206
  C:33A2H         LINE#         5207
  C:33A6H         LINE#         5208
  C:33A8H         LINE#         5209
  C:33B4H         LINE#         5210
  C:33B4H         LINE#         5211
  C:33B8H         LINE#         5212
  C:33BAH         LINE#         5213
  C:33C6H         LINE#         5214
  C:33C6H         LINE#         5215
  C:33CAH         LINE#         5216
  C:33CCH         LINE#         5217
  C:33D8H         LINE#         5218
  C:33D8H         LINE#         5219
  C:33DCH         LINE#         5220
  C:33DEH         LINE#         5221
  C:33E4H         LINE#         5222
  C:33E4H         LINE#         5223
  C:33E6H         LINE#         5224
  C:33E6H         LINE#         5226
  C:33E6H         LINE#         5227
  -------         ENDPROC       _TOORD
  C:2680H         SYMBOL        L?0431
  C:2698H         SYMBOL        L?0432
  -------         PROC          L?0430
  -------         ENDPROC       L?0430
  C:2680H         SYMBOL        L?0431
  C:2698H         SYMBOL        L?0432
  -------         PROC          _DISPONECHAR
  X:0073H         SYMBOL        ord
  D:0006H         SYMBOL        Xstart
  D:0002H         SYMBOL        Ystart
  X:0078H         SYMBOL        TextColor
  X:007AH         SYMBOL        BackColor
  -------         DO            
  X:007CH         SYMBOL        i
  D:0002H         SYMBOL        j
  X:007DH         SYMBOL        p
  D:0003H         SYMBOL        dat
BL51 BANKED LINKER/LOCATER V6.22                                                      03/05/2020  09:57:39  PAGE 33


  D:0006H         SYMBOL        index
  -------         ENDDO         
  C:26A8H         LINE#         5229
  C:26B0H         LINE#         5230
  C:26B0H         LINE#         5236
  C:26CAH         LINE#         5238
  C:26D0H         LINE#         5240
  C:26D8H         LINE#         5241
  C:26DAH         LINE#         5243
  C:26E8H         LINE#         5245
  C:26F5H         LINE#         5246
  C:26FCH         LINE#         5248
  C:2700H         LINE#         5249
  C:2700H         LINE#         5250
  C:2715H         LINE#         5251
  C:2717H         LINE#         5252
  C:2717H         LINE#         5253
  C:2724H         LINE#         5254
  C:2724H         LINE#         5255
  C:2726H         LINE#         5256
  C:2728H         LINE#         5258
  C:2728H         LINE#         5259
  C:2732H         LINE#         5260
  C:2732H         LINE#         5261
  C:2737H         LINE#         5262
  C:2742H         LINE#         5263
  -------         ENDPROC       _DISPONECHAR
  -------         PROC          _DISPSTR
  X:0068H         SYMBOL        str
  X:006BH         SYMBOL        Xstart
  X:006DH         SYMBOL        Ystart
  X:006FH         SYMBOL        TextColor
  X:0071H         SYMBOL        BackColor
  C:2C8DH         LINE#         5265
  C:2C9DH         LINE#         5266
  C:2C9DH         LINE#         5268
  C:2CB2H         LINE#         5269
  C:2CB2H         LINE#         5270
  C:2CEDH         LINE#         5272
  C:2CF9H         LINE#         5273
  C:2CF9H         LINE#         5274
  C:2CFDH         LINE#         5275
  C:2D02H         LINE#         5276
  C:2D04H         LINE#         5278
  C:2D04H         LINE#         5279
  C:2D0FH         LINE#         5280
  C:2D0FH         LINE#         5282
  C:2D1BH         LINE#         5283
  C:2D1BH         LINE#         5284
  C:2D1FH         LINE#         5285
  C:2D1FH         LINE#         5286
  C:2D22H         LINE#         5288
  -------         ENDPROC       _DISPSTR
  -------         PROC          _DISPINT
  X:0068H         SYMBOL        i
  X:006AH         SYMBOL        Xstart
  X:006CH         SYMBOL        Ystart
BL51 BANKED LINKER/LOCATER V6.22                                                      03/05/2020  09:57:39  PAGE 34


  X:006EH         SYMBOL        TextColor
  X:0070H         SYMBOL        BackColor
  C:27FAH         LINE#         5290
  C:280FH         LINE#         5291
  C:280FH         LINE#         5292
  C:2817H         LINE#         5293
  C:2817H         LINE#         5294
  C:281EH         LINE#         5295
  C:281EH         LINE#         5296
  C:282DH         LINE#         5297
  C:282DH         LINE#         5298
  C:2836H         LINE#         5299
  C:2836H         LINE#         5301
  C:2848H         LINE#         5302
  C:2856H         LINE#         5303
  C:286FH         LINE#         5304
  -------         ENDPROC       _DISPINT
  -------         PROC          READDATA
  C:38BCH         LINE#         5312
  C:38BCH         LINE#         5313
  C:38BCH         LINE#         5333
  C:38CEH         LINE#         5340
  C:38D1H         LINE#         5341
  -------         ENDPROC       READDATA
  -------         PROC          _PUTPIXEL
  D:0006H         SYMBOL        x
  D:0004H         SYMBOL        y
  X:005FH         SYMBOL        color
  C:3545H         LINE#         5517
  C:354CH         LINE#         5518
  C:354CH         LINE#         5519
  C:356AH         LINE#         5520
  C:3576H         LINE#         5521
  C:3581H         LINE#         5522
  C:358CH         LINE#         5523
  -------         ENDPROC       _PUTPIXEL
  -------         PROC          _DRAWLINE
  X:004AH         SYMBOL        Xstart
  X:004CH         SYMBOL        Xend
  D:0082H         SYMBOL        Ystart
  X:0050H         SYMBOL        Yend
  X:0052H         SYMBOL        color
  -------         DO            
  X:0054H         SYMBOL        i
  D:0002H         SYMBOL        j
  -------         ENDDO         
  C:2FE6H         LINE#         5526
  C:2FF7H         LINE#         5527
  C:2FF7H         LINE#         5530
  C:3012H         LINE#         5532
  C:3032H         LINE#         5533
  C:3032H         LINE#         5534
  C:304DH         LINE#         5535
  C:304DH         LINE#         5536
  C:3057H         LINE#         5537
  C:305EH         LINE#         5538
  C:306BH         LINE#         5539
[...]
  C:12FCH         LINE#         320
  C:12FFH         LINE#         321
  C:130EH         LINE#         322
  C:130EH         LINE#         323
  C:1323H         LINE#         324
  C:1328H         LINE#         325
  C:1330H         LINE#         326
  C:133AH         LINE#         327
  C:1348H         LINE#         328
  C:1356H         LINE#         329
  C:1358H         LINE#         331
  C:1358H         LINE#         332
  C:135DH         LINE#         333
  C:1360H         LINE#         334
  C:1378H         LINE#         335
  C:1378H         LINE#         336
  C:1391H         LINE#         337
  C:1396H         LINE#         338
  C:139EH         LINE#         339
  C:13A5H         LINE#         340
  C:13AAH         LINE#         341
  C:13AAH         LINE#         342
  C:13BEH         LINE#         343
  C:13BEH         LINE#         344
  C:13C5H         LINE#         345
  C:13CAH         LINE#         346
  C:13CAH         LINE#         347
  C:13D8H         LINE#         348
  C:13D8H         LINE#         349
  -------         ENDPROC       USBXCORE_HANDLE_SETUP
  -------         PROC          USBXCORE_FORCE_STALL
  C:3854H         LINE#         356
  C:3854H         LINE#         358
  C:385FH         LINE#         359
  C:386AH         LINE#         360
  C:3870H         LINE#         361
  -------         ENDPROC       USBXCORE_FORCE_STALL
  -------         PROC          USBXCORE_GET_STATUS
  C:3249H         LINE#         367
  C:3249H         LINE#         369
  C:3258H         LINE#         370
  C:3258H         LINE#         371
  C:3258H         LINE#         372
  C:3258H         LINE#         373
  C:3258H         LINE#         374
  C:325AH         LINE#         375
  C:325AH         LINE#         379
  C:325AH         LINE#         381
  C:3268H         LINE#         385
  C:3268H         LINE#         386
  C:3268H         LINE#         387
  C:3268H         LINE#         388
  C:326AH         LINE#         390
  C:326AH         LINE#         392
  C:3278H         LINE#         396
BL51 BANKED LINKER/LOCATER V6.22                                                      03/05/2020  09:57:39  PAGE 42


  C:3278H         LINE#         397
  C:3285H         LINE#         398
  C:3285H         LINE#         399
  C:3287H         LINE#         401
  C:3287H         LINE#         402
  C:3295H         LINE#         403
  C:329EH         LINE#         404
  C:329EH         LINE#         405
  C:329EH         LINE#         406
  C:32A0H         LINE#         407
  C:32A0H         LINE#         408
  C:32A3H         LINE#         409
  C:32A3H         LINE#         410
  C:32A3H         LINE#         411
  C:32ABH         LINE#         412
  C:32ABH         LINE#         413
  C:32AEH         LINE#         414
  C:32B4H         LINE#         415
  C:32BBH         LINE#         416
  C:32BBH         LINE#         417
  -------         ENDPROC       USBXCORE_GET_STATUS
  -------         PROC          USBXCORE_CLEAR_FEATURE
  C:3441H         LINE#         423
  C:3441H         LINE#         425
  C:3447H         LINE#         426
  C:3447H         LINE#         428
  C:344EH         LINE#         429
  C:344EH         LINE#         430
  C:3459H         LINE#         436
  C:3464H         LINE#         437
  C:3469H         LINE#         438
  C:346BH         LINE#         440
  C:346BH         LINE#         442
  C:3476H         LINE#         446
  C:3481H         LINE#         447
  C:3486H         LINE#         448
  C:3486H         LINE#         449
  C:3488H         LINE#         451
  C:3488H         LINE#         452
  C:348BH         LINE#         453
  C:348BH         LINE#         454
  C:3496H         LINE#         455
  -------         ENDPROC       USBXCORE_CLEAR_FEATURE
  -------         PROC          USBXCORE_VENDOR_USB_API
  C:25ABH         LINE#         462
  C:25ABH         LINE#         464
  C:25B5H         LINE#         465
  C:25B5H         LINE#         466
  C:25BCH         LINE#         467
  C:25BCH         LINE#         468
  C:25BFH         LINE#         469
  C:25C2H         LINE#         470
  C:25C4H         LINE#         472
  C:25C4H         LINE#         473
  C:25CBH         LINE#         474
  C:25CBH         LINE#         477
  C:25D6H         LINE#         482
BL51 BANKED LINKER/LOCATER V6.22                                                      03/05/2020  09:57:39  PAGE 43


  C:25E1H         LINE#         483
  C:25ECH         LINE#         485
  C:25ECH         LINE#         486
  C:25FFH         LINE#         487
  C:25FFH         LINE#         488
  C:2603H         LINE#         489
  C:260EH         LINE#         491
  C:260EH         LINE#         492
  C:2621H         LINE#         493
  C:2621H         LINE#         494
  C:2625H         LINE#         495
  C:2630H         LINE#         497
  C:2636H         LINE#         498
  C:263EH         LINE#         499
  C:263EH         LINE#         500
  C:2641H         LINE#         501
  C:2641H         LINE#         502
  C:2641H         LINE#         503
  C:264CH         LINE#         504
  C:264CH         LINE#         505
  C:2652H         LINE#         506
  C:2659H         LINE#         507
  C:2659H         LINE#         508
  C:265DH         LINE#         509
  C:265DH         LINE#         510
  C:2663H         LINE#         511
  C:266AH         LINE#         512
  C:266AH         LINE#         513
  C:2675H         LINE#         514
  -------         ENDPROC       USBXCORE_VENDOR_USB_API
  -------         PROC          USBXCORE_SET_FEATURE
  C:3499H         LINE#         521
  C:3499H         LINE#         523
  C:349FH         LINE#         524
  C:349FH         LINE#         526
  C:34A6H         LINE#         527
  C:34A6H         LINE#         528
  C:34B1H         LINE#         534
  C:34BCH         LINE#         535
  C:34BFH         LINE#         536
  C:34C1H         LINE#         538
  C:34C1H         LINE#         540
  C:34CCH         LINE#         544
  C:34D7H         LINE#         545
  C:34DDH         LINE#         546
  C:34DDH         LINE#         548
  C:34DFH         LINE#         550
  C:34DFH         LINE#         551
  C:34E2H         LINE#         552
  C:34E2H         LINE#         553
  C:34EDH         LINE#         554
  -------         ENDPROC       USBXCORE_SET_FEATURE
  -------         PROC          USBXCORE_SET_ADDRESS
  C:37F6H         LINE#         561
  C:37F6H         LINE#         563
  C:3805H         LINE#         564
  C:380BH         LINE#         565
BL51 BANKED LINKER/LOCATER V6.22                                                      03/05/2020  09:57:39  PAGE 44


  C:380BH         LINE#         566
  C:380EH         LINE#         567
  C:3810H         LINE#         569
  C:3810H         LINE#         570
  C:3813H         LINE#         571
  C:3813H         LINE#         572
  -------         ENDPROC       USBXCORE_SET_ADDRESS
  -------         PROC          USBXCORE_GET_DESCRIPTOR
  C:28ADH         LINE#         579
  C:28ADH         LINE#         580
  C:28BCH         LINE#         581
  C:28BCH         LINE#         582
  C:28BCH         LINE#         583
  C:28CAH         LINE#         584
  C:28CEH         LINE#         585
  C:28D0H         LINE#         586
  C:28D0H         LINE#         587
  C:28DEH         LINE#         588
  C:28F1H         LINE#         589
  C:28F3H         LINE#         590
  C:28F3H         LINE#         591
  C:2917H         LINE#         592
  C:2923H         LINE#         593
  C:2925H         LINE#         594
  C:2925H         LINE#         595
  C:2928H         LINE#         596
  C:2928H         LINE#         597
  C:2928H         LINE#         598
  C:293EH         LINE#         599
  C:293EH         LINE#         600
  C:2946H         LINE#         601
  C:2946H         LINE#         602
  C:294EH         LINE#         603
  C:294EH         LINE#         604
  C:2951H         LINE#         605
  C:2957H         LINE#         606
  C:295EH         LINE#         607
  C:295EH         LINE#         608
  -------         ENDPROC       USBXCORE_GET_DESCRIPTOR
  -------         PROC          USBXCORE_GET_CONFIGURATION
  C:35E7H         LINE#         614
  C:35E7H         LINE#         616
  C:35EFH         LINE#         617
  C:35EFH         LINE#         618
  C:35FBH         LINE#         619
  C:3603H         LINE#         620
  C:3603H         LINE#         621
  C:3607H         LINE#         622
  C:3607H         LINE#         623
  C:3615H         LINE#         624
  C:361DH         LINE#         625
  C:361DH         LINE#         626
  C:3620H         LINE#         627
  C:3626H         LINE#         628
  C:362DH         LINE#         629
  -------         ENDPROC       USBXCORE_GET_CONFIGURATION
  -------         PROC          USBXCORE_SET_CONFIGURATION
BL51 BANKED LINKER/LOCATER V6.22                                                      03/05/2020  09:57:39  PAGE 45


  C:33E7H         LINE#         635
  C:33E7H         LINE#         637
  C:33F0H         LINE#         638
  C:33F0H         LINE#         639
  C:33F7H         LINE#         640
  C:33FDH         LINE#         641
  C:3402H         LINE#         642
  C:3404H         LINE#         644
  C:340FH         LINE#         645
  C:341AH         LINE#         646
  C:3425H         LINE#         653
  C:3430H         LINE#         654
  C:3432H         LINE#         656
  C:3432H         LINE#         657
  C:3438H         LINE#         658
  C:343CH         LINE#         659
  C:343EH         LINE#         660
  C:343EH         LINE#         661
  -------         ENDPROC       USBXCORE_SET_CONFIGURATION
  -------         PROC          USBXCORE_GET_INTERFACE
  C:3787H         LINE#         668
  C:3787H         LINE#         670
  C:3795H         LINE#         671
  C:379DH         LINE#         672
  C:37A0H         LINE#         673
  C:37A6H         LINE#         674
  C:37ADH         LINE#         675
  -------         ENDPROC       USBXCORE_GET_INTERFACE
  -------         PROC          USBXCORE_SET_SOP
  C:38D2H         LINE#         682
  C:38D2H         LINE#         684
  C:38DAH         LINE#         685
  C:38DAH         LINE#         686
  C:38E5H         LINE#         687
  C:38E5H         LINE#         688
  -------         ENDPROC       USBXCORE_SET_SOP
  -------         PROC          USBXCORE_USB_ISR
  C:1C69H         LINE#         699
  C:1C86H         LINE#         702
  C:1C8CH         LINE#         703
  C:1C9FH         LINE#         706
  C:1CB2H         LINE#         709
  C:1CB6H         LINE#         710
  C:1CB6H         LINE#         711
  C:1CC1H         LINE#         712
  C:1CC1H         LINE#         714
  C:1CC8H         LINE#         715
  C:1CC8H         LINE#         716
  C:1CCBH         LINE#         717
  C:1CCBH         LINE#         719
  C:1CD2H         LINE#         720
  C:1CD2H         LINE#         721
  C:1CDFH         LINE#         722
  C:1CDFH         LINE#         723
  C:1CE6H         LINE#         724
  C:1CE6H         LINE#         725
  C:1CE6H         LINE#         727
BL51 BANKED LINKER/LOCATER V6.22                                                      03/05/2020  09:57:39  PAGE 46


  C:1CE6H         LINE#         728
  C:1CE6H         LINE#         730
  C:1CE6H         LINE#         732
  C:1CF9H         LINE#         734
  C:1CFDH         LINE#         735
  C:1CFDH         LINE#         736
  C:1D00H         LINE#         737
  C:1D00H         LINE#         740
  C:1D07H         LINE#         741
  C:1D07H         LINE#         742
  C:1D12H         LINE#         748
  C:1D25H         LINE#         749
  C:1D2AH         LINE#         750
  C:1D2AH         LINE#         751
  C:1D31H         LINE#         752
  C:1D31H         LINE#         754
  C:1D31H         LINE#         756
  C:1D44H         LINE#         759
  C:1D48H         LINE#         760
  C:1D48H         LINE#         761
  C:1D53H         LINE#         767
  C:1D66H         LINE#         768
  C:1D6AH         LINE#         769
  C:1D6AH         LINE#         770
  C:1D71H         LINE#         771
  C:1D71H         LINE#         772
  C:1D71H         LINE#         775
  C:1D7FH         LINE#         776
  C:1D84H         LINE#         777
  C:1D8AH         LINE#         778
  C:1D8FH         LINE#         781
  C:1D9CH         LINE#         782
  C:1D9CH         LINE#         783
  C:1D9FH         LINE#         784
  C:1D9FH         LINE#         785
  -------         ENDPROC       USBXCORE_USB_ISR
  -------         ENDMOD        USB_API

  -------         MODULE        USB_SUSPEND
  C:0000H         SYMBOL        _ICE_DUMMY_
  D:00D7H         PUBLIC        USB0XCN
  D:00C9H         PUBLIC        REG0CN
  C:3735H         PUBLIC        USB_Suspend
  D:00A9H         PUBLIC        CLKSEL
  D:00B2H         PUBLIC        OSCICN
  D:00B9H         PUBLIC        CLKMUL
  -------         PROC          USB_SUSPEND
  C:3735H         LINE#         70
  C:3735H         LINE#         72
  C:3738H         LINE#         74
  C:373BH         LINE#         76
  C:3743H         LINE#         79
  C:3746H         LINE#         80
  C:3749H         LINE#         81
  C:374CH         LINE#         82
  C:374FH         LINE#         84
  C:3750H         LINE#         86
BL51 BANKED LINKER/LOCATER V6.22                                                      03/05/2020  09:57:39  PAGE 47


  C:3753H         LINE#         88
  C:3759H         LINE#         92
  C:375CH         LINE#         94
  C:375FH         LINE#         95
  -------         ENDPROC       USB_SUSPEND
  -------         ENDMOD        USB_SUSPEND

  -------         MODULE        USB_INT_ENABLE
  C:0000H         SYMBOL        _ICE_DUMMY_
  C:388DH         PUBLIC        USB_Int_Enable
  D:0096H         PUBLIC        USB0ADR
  D:0097H         PUBLIC        USB0DAT
  -------         PROC          USB_INT_ENABLE
  C:388DH         LINE#         68
  C:388DH         LINE#         71
  C:3894H         LINE#         73
  C:389AH         LINE#         74
  C:389AH         LINE#         75
  C:38A5H         LINE#         77
  C:38A5H         LINE#         78
  -------         ENDPROC       USB_INT_ENABLE
  -------         ENDMOD        USB_INT_ENABLE

  -------         MODULE        USB_CLOCK_RECOVERY
  C:0000H         SYMBOL        _ICE_DUMMY_
  C:3918H         PUBLIC        USBXcore_ClkRec
  D:0096H         PUBLIC        USB0ADR
  D:0097H         PUBLIC        USB0DAT
  -------         PROC          USBXCORE_CLKREC
  C:3918H         LINE#         45
  C:3918H         LINE#         47
  C:3923H         LINE#         48
  -------         ENDPROC       USBXCORE_CLKREC
  -------         ENDMOD        USB_CLOCK_RECOVERY

  -------         MODULE        ?C?FPMUL
  C:0C99H         PUBLIC        ?C?FPMUL
  -------         ENDMOD        ?C?FPMUL

  -------         MODULE        ?C?FCAST
  C:0DA9H         PUBLIC        ?C?FCASTC
  C:0DA4H         PUBLIC        ?C?FCASTI
  C:0D9FH         PUBLIC        ?C?FCASTL
  -------         ENDMOD        ?C?FCAST

  -------         MODULE        ?C?CASTF
  C:0DDDH         PUBLIC        ?C?CASTF
  -------         ENDMOD        ?C?CASTF

  -------         MODULE        ?C?COPY
  C:0F2EH         PUBLIC        ?C?COPY
  -------         ENDMOD        ?C?COPY

  -------         MODULE        ?C?CLDPTR
  C:0F54H         PUBLIC        ?C?CLDPTR
  -------         ENDMOD        ?C?CLDPTR

BL51 BANKED LINKER/LOCATER V6.22                                                      03/05/2020  09:57:39  PAGE 48


  -------         MODULE        ?C?CLDOPTR
  C:0F6DH         PUBLIC        ?C?CLDOPTR
  -------         ENDMOD        ?C?CLDOPTR

  -------         MODULE        ?C?IMUL
  C:0F9AH         PUBLIC        ?C?IMUL
  -------         ENDMOD        ?C?IMUL

  -------         MODULE        ?C?IILDX
  C:0FACH         PUBLIC        ?C?IILDX
  -------         ENDMOD        ?C?IILDX

  -------         MODULE        ?C?LMUL
  C:0FC2H         PUBLIC        ?C?LMUL
  -------         ENDMOD        ?C?LMUL

  -------         MODULE        ?C?ULDIV
  C:104DH         PUBLIC        ?C?ULDIV
  -------         ENDMOD        ?C?ULDIV

  -------         MODULE        ?C?LNEG
  C:10DFH         PUBLIC        ?C?LNEG
  -------         ENDMOD        ?C?LNEG

  -------         MODULE        ?C?ULCMP
  C:10EDH         PUBLIC        ?C?ULCMP
  -------         ENDMOD        ?C?ULCMP

  -------         MODULE        ?C?ULSHR
  C:10FEH         PUBLIC        ?C?ULSHR
  -------         ENDMOD        ?C?ULSHR

  -------         MODULE        ?C?LSHL
  C:1111H         PUBLIC        ?C?LSHL
  -------         ENDMOD        ?C?LSHL

  -------         MODULE        ?C?LLDIPDATA
  C:112DH         PUBLIC        ?C?LLDIPDATA
  C:1124H         PUBLIC        ?C?LLDIPDATA1
  C:1126H         PUBLIC        ?C?LLDIPDATA8
  -------         ENDMOD        ?C?LLDIPDATA

  -------         MODULE        ?C?LSTXDATA
  C:1144H         PUBLIC        ?C?LSTXDATA
  -------         ENDMOD        ?C?LSTXDATA

  -------         MODULE        ?C?LSTPDATA
  C:1150H         PUBLIC        ?C?LSTPDATA
  -------         ENDMOD        ?C?LSTPDATA

  -------         MODULE        ?C?LSTKXDATA
  C:115CH         PUBLIC        ?C?LSTKXDATA
  -------         ENDMOD        ?C?LSTKXDATA

  -------         MODULE        ?C?LSTKPDATA
  C:118DH         PUBLIC        ?C?LSTKPDATA
  -------         ENDMOD        ?C?LSTKPDATA
BL51 BANKED LINKER/LOCATER V6.22                                                      03/05/2020  09:57:39  PAGE 49



  -------         MODULE        ?C_PBP
  D:0008H         PUBLIC        ?C_PBP
  -------         ENDMOD        ?C_PBP

*** WARNING L14: INCOMPATIBLE MEMORY MODEL
    MODULE:  .\USBX_F34X.LIB (USB_API)
    MODEL:   SMALL

*** WARNING L14: INCOMPATIBLE MEMORY MODEL
    MODULE:  .\USBX_F34X.LIB (USB_SUSPEND)
    MODEL:   SMALL

*** WARNING L14: INCOMPATIBLE MEMORY MODEL
    MODULE:  .\USBX_F34X.LIB (USB_INT_ENABLE)
    MODEL:   SMALL

*** WARNING L14: INCOMPATIBLE MEMORY MODEL
    MODULE:  .\USBX_F34X.LIB (USB_CLOCK_RECOVERY)
    MODEL:   SMALL

*** WARNING L16: UNCALLED SEGMENT, IGNORED FOR OVERLAY PROCESS
    SEGMENT: ?PR?SD_INIT?MMC_SD

*** WARNING L16: UNCALLED SEGMENT, IGNORED FOR OVERLAY PROCESS
    SEGMENT: ?PR?DISPFRAME?LCD

*** WARNING L16: UNCALLED SEGMENT, IGNORED FOR OVERLAY PROCESS
    SEGMENT: ?PR?DISPBAND?LCD

*** WARNING L16: UNCALLED SEGMENT, IGNORED FOR OVERLAY PROCESS
    SEGMENT: ?PR?_DISPPICFROMSD?LCD

*** WARNING L16: UNCALLED SEGMENT, IGNORED FOR OVERLAY PROCESS
    SEGMENT: ?PR?DISPSCALEHOR1?LCD

*** WARNING L16: UNCALLED SEGMENT, IGNORED FOR OVERLAY PROCESS
    SEGMENT: ?PR?DISPSCALEVER?LCD

*** WARNING L16: UNCALLED SEGMENT, IGNORED FOR OVERLAY PROCESS
    SEGMENT: ?PR?DISPSCALEVER_RED?LCD

*** WARNING L16: UNCALLED SEGMENT, IGNORED FOR OVERLAY PROCESS
    SEGMENT: ?PR?DISPSCALEVER_GREEN?LCD

*** WARNING L16: UNCALLED SEGMENT, IGNORED FOR OVERLAY PROCESS
    SEGMENT: ?PR?DISPSCALEVER_BLUE?LCD

*** WARNING L16: UNCALLED SEGMENT, IGNORED FOR OVERLAY PROCESS
    SEGMENT: ?PR?DISPSCALEVER_GRAY?LCD

*** WARNING L16: UNCALLED SEGMENT, IGNORED FOR OVERLAY PROCESS
    SEGMENT: ?PR?DISPGRAYHOR16?LCD

*** WARNING L16: UNCALLED SEGMENT, IGNORED FOR OVERLAY PROCESS
    SEGMENT: ?PR?DISPGRAYHOR32?LCD

BL51 BANKED LINKER/LOCATER V6.22                                                      03/05/2020  09:57:39  PAGE 50


*** WARNING L16: UNCALLED SEGMENT, IGNORED FOR OVERLAY PROCESS
    SEGMENT: ?PR?DISPSCALEHOR2?LCD

*** WARNING L16: UNCALLED SEGMENT, IGNORED FOR OVERLAY PROCESS
    SEGMENT: ?PR?_DRAWGIRD?LCD

*** WARNING L15: MULTIPLE CALL TO SEGMENT
    SEGMENT: ?PR?_WRITECOMM?LCD
    CALLER1: ?PR?USB_API_TEST_ISR?MAIN
    CALLER2: ?C_C51STARTUP

*** WARNING L15: MULTIPLE CALL TO SEGMENT
    SEGMENT: ?PR?_WRITEDATA?LCD
    CALLER1: ?PR?USB_API_TEST_ISR?MAIN
    CALLER2: ?C_C51STARTUP

Program Size: data=10.0 xdata=1225 code=14644
LINK/LOCATE RUN COMPLETE.  20 WARNING(S),  0 ERROR(S)
