BL51 BANKED LINKER/LOCATER V6.22                                                        03/01/2022  15:26:07  PAGE 1


BL51 BANKED LINKER/LOCATER V6.22, INVOKED BY:
D:\KEIL C51\C51\BIN\BL51.EXE main.obj, mmc_sd.obj, lcd.obj, tp.obj, .\USBX_F34X.LIB TO NV3029C_CTC24_ZT_L8 RAMSIZE (256)
>> 


MEMORY MODEL: COMPACT


INPUT MODULES INCLUDED:
  main.obj (MAIN)
  mmc_sd.obj (MMC_SD)
  lcd.obj (LCD)
  tp.obj (TP)
  .\USBX_F34X.LIB (USB_API)
  .\USBX_F34X.LIB (USB_CLOCK_START)
  .\USBX_F34X.LIB (USB_SUSPEND)
  .\USBX_F34X.LIB (GET_INTERRUPT_SOURCE)
  .\USBX_F34X.LIB (BLOCK_READ)
  .\USBX_F34X.LIB (BLOCK_WRITE)
  .\USBX_F34X.LIB (USB_INT_ENABLE)
  .\USBX_F34X.LIB (USB_CLOCK_RECOVERY)
  .\USBX_F34X.LIB (USB_JUMP_ISR)
  D:\KEIL C51\C51\LIB\C51C.LIB (?C_STARTUP)
  D:\KEIL C51\C51\LIB\C51C.LIB (?C?COPY)
  D:\KEIL C51\C51\LIB\C51C.LIB (?C?CLDPTR)
  D:\KEIL C51\C51\LIB\C51C.LIB (?C?CLDOPTR)
  D:\KEIL C51\C51\LIB\C51C.LIB (?C?IMUL)
  D:\KEIL C51\C51\LIB\C51C.LIB (?C?IILDX)
  D:\KEIL C51\C51\LIB\C51C.LIB (?C?ILDOPTR)
  D:\KEIL C51\C51\LIB\C51C.LIB (?C?LMUL)
  D:\KEIL C51\C51\LIB\C51C.LIB (?C?ULDIV)
  D:\KEIL C51\C51\LIB\C51C.LIB (?C?ULCMP)
  D:\KEIL C51\C51\LIB\C51C.LIB (?C?ULSHR)
  D:\KEIL C51\C51\LIB\C51C.LIB (?C?LSHL)
  D:\KEIL C51\C51\LIB\C51C.LIB (?C?LLDIPDATA)
  D:\KEIL C51\C51\LIB\C51C.LIB (?C?LSTXDATA)
  D:\KEIL C51\C51\LIB\C51C.LIB (?C?LSTPDATA)
  D:\KEIL C51\C51\LIB\C51C.LIB (?C?LSTKXDATA)
  D:\KEIL C51\C51\LIB\C51C.LIB (?C?LSTKPDATA)
  D:\KEIL C51\C51\LIB\C51C.LIB (?C_PBP)
  D:\KEIL C51\C51\LIB\C51C.LIB (?C_INIT)


LINK MAP OF MODULE:  NV3029C_CTC24_ZT_L8 (MAIN)


            TYPE    BASE      LENGTH    RELOCATION   SEGMENT NAME
            -----------------------------------------------------

            * * * * * * *   D A T A   M E M O R Y   * * * * * * *
            REG     0000H     0008H     ABSOLUTE     "REG BANK 0"
            DATA    0008H     0001H     UNIT         ?C?LIB_DATA
            IDATA   0009H     0001H     UNIT         ?STACK

            * * * * * * *  X D A T A   M E M O R Y  * * * * * * *
            XDATA   0000H     0010H     INPAGE       ?PD?MAIN
            XDATA   0010H     0004H     INPAGE       ?PD?_MMC_SD_READSINGLEBLOCK?MMC_SD
            XDATA   0014H     0005H     INPAGE       ?PD?_DISPPIC?LCD
BL51 BANKED LINKER/LOCATER V6.22                                                      03/01/2022  15:26:07  PAGE 2


            XDATA   0019H     000DH     INPAGE       ?PD?_DISPPICFROMSD?LCD
            XDATA   0026H     0004H     INPAGE       ?PD?DISPSCALEHOR1?LCD
            XDATA   002AH     0004H     INPAGE       ?PD?DISPSCALEVER?LCD
            XDATA   002EH     0004H     INPAGE       ?PD?DISPSCALEVER_RED?LCD
            XDATA   0032H     0004H     INPAGE       ?PD?DISPSCALEVER_GREEN?LCD
            XDATA   0036H     0004H     INPAGE       ?PD?DISPSCALEVER_BLUE?LCD
            XDATA   003AH     0004H     INPAGE       ?PD?DISPSCALEVER_GRAY?LCD
            XDATA   003EH     0004H     INPAGE       ?PD?DISPGRAYHOR32?LCD
            XDATA   0042H     0002H     INPAGE       ?PD?DISPSCALEHOR2?LCD
            XDATA   0044H     000CH     INPAGE       ?PD?_DRAWLINE?LCD
            XDATA   0050H     0004H     INPAGE       ?PD?_DRAWGIRD?LCD
            XDATA   0054H     0002H     INPAGE       ?PD?LCD
            XDATA   0056H     0026H     INPAGE       _PDATA_GROUP_
            XDATA   007CH     0200H     UNIT         ?XD?MMC_SD
            XDATA   027CH     0058H     UNIT         _XDATA_GROUP_
            XDATA   02D4H     0040H     UNIT         ?XD?MAIN
                    0314H     032CH                  *** GAP ***
            XDATA   0640H     0100H     ABSOLUTE     
            XDATA   0740H     0012H     ABSOLUTE     
            XDATA   0752H     0020H     ABSOLUTE     
            XDATA   0772H     000CH     ABSOLUTE     
            XDATA   077EH     0008H     ABSOLUTE     
            XDATA   0786H     0001H     ABSOLUTE     
            XDATA   0787H     0003H     ABSOLUTE     
            XDATA   078AH     0002H     ABSOLUTE     
            XDATA   078CH     0002H     ABSOLUTE     
            XDATA   078EH     0003H     ABSOLUTE     
            XDATA   0791H     0001H     ABSOLUTE     
            XDATA   0792H     0001H     ABSOLUTE     
            XDATA   0793H     0001H     ABSOLUTE     
            XDATA   0794H     0001H     ABSOLUTE     
            XDATA   0795H     0002H     ABSOLUTE     
            XDATA   0797H     0002H     ABSOLUTE     
            XDATA   0799H     0001H     ABSOLUTE     
            XDATA   079AH     0001H     ABSOLUTE     
            XDATA   079BH     0001H     ABSOLUTE     
            XDATA   079CH     0001H     ABSOLUTE     
            XDATA   079DH     0001H     ABSOLUTE     
            XDATA   079EH     0001H     ABSOLUTE     
            XDATA   079FH     0002H     ABSOLUTE     
            XDATA   07A1H     0001H     ABSOLUTE     
            XDATA   07A2H     0001H     ABSOLUTE     
            XDATA   07A3H     000CH     ABSOLUTE     
                    07AFH     0011H                  *** GAP ***
            XDATA   07C0H     0040H     ABSOLUTE     

            * * * * * * *   C O D E   M E M O R Y   * * * * * * *
            CODE    0000H     0003H     ABSOLUTE     
            CODE    0003H     003AH     UNIT         ?CO?USB_API
            CODE    003DH     0003H     UNIT         ?PR?SUSPEND_DEVICE?MAIN
                    0040H     0003H                  *** GAP ***
            CODE    0043H     0003H     ABSOLUTE     
            CODE    0046H     0044H     UNIT         ?PR?_DISPCOLOR?LCD
                    008AH     0001H                  *** GAP ***
            CODE    008BH     0003H     ABSOLUTE     
            CODE    008EH     060CH     UNIT         ?PR?CONNTOUSB?MAIN
            CODE    069AH     0600H     UNIT         ?CO?LCD
BL51 BANKED LINKER/LOCATER V6.22                                                      03/01/2022  15:26:07  PAGE 3


            CODE    0C9AH     0372H     UNIT         ?C?LIB_CODE
            CODE    100CH     0233H     UNIT         ?PR?USBXCORE_HANDLE_SETUP?USB_API
            CODE    123FH     0232H     UNIT         ?PR?_LCD_READ_IC_ID?LCD
            CODE    1471H     0226H     UNIT         ?PR?DISPSCALEHOR1?LCD
            CODE    1697H     01D8H     UNIT         ?PR?LCD_INIT?LCD
            CODE    186FH     01C1H     UNIT         ?PR?TP_DRAWLINE?TP
            CODE    1A30H     01BAH     UNIT         ?PR?DISPSCALEHOR2?LCD
            CODE    1BEAH     018EH     UNIT         ?PR?DISPBAND?LCD
            CODE    1D78H     0151H     UNIT         ?PR?USBXCORE_USB_ISR?USB_API
            CODE    1EC9H     013DH     UNIT         ?PR?USB_API_TEST_ISR?MAIN
            CODE    2006H     0137H     UNIT         ?PR?_USB_INIT?USB_API
            CODE    213DH     0128H     UNIT         ?PR?DISPSCALEVER?LCD
            CODE    2265H     011BH     UNIT         ?PR?_TP_GETPOSITION?TP
            CODE    2380H     0111H     UNIT         ?PR?_BLOCK_WRITE?BLOCK_WRITE
            CODE    2491H     00E9H     UNIT         ?PR?_DISPPICFROMSD?LCD
            CODE    257AH     00CDH     UNIT         ?PR?USBXCORE_VENDOR_USB_API?USB_API
            CODE    2647H     00CBH     UNIT         ?PR?_DISPONECHAR?LCD
            CODE    2712H     00B7H     UNIT         ?PR?MMC_SD_RESET?MMC_SD
            CODE    27C9H     00B3H     UNIT         ?PR?_DISPINT?LCD
            CODE    287CH     00B2H     UNIT         ?PR?USBXCORE_GET_DESCRIPTOR?USB_API
            CODE    292EH     00AFH     UNIT         ?PR?_BLOCK_READ?BLOCK_READ
            CODE    29DDH     00A4H     UNIT         ?PR?DISPFRAME?LCD
            CODE    2A81H     00A0H     UNIT         ?PR?DISPSCALEVER_GREEN?LCD
            CODE    2B21H     009CH     UNIT         ?PR?_?BLOCKWRITE?LCD
            CODE    2BBDH     009BH     UNIT         ?PR?DISPGRAYHOR16?LCD
            CODE    2C58H     0096H     UNIT         ?PR?_DISPSTR?LCD
            CODE    2CEEH     0091H     UNIT         ?PR?DISPSCALEVER_RED?LCD
            CODE    2D7FH     0091H     UNIT         ?PR?DISPSCALEVER_GRAY?LCD
            CODE    2E10H     0090H     UNIT         ?PR?_DRAWGIRD?LCD
            CODE    2EA0H     008CH     UNIT         ?C_C51STARTUP
            CODE    2F2CH     0086H     UNIT         ?PR?DISPSCALEVER_BLUE?LCD
            CODE    2FB2H     0086H     UNIT         ?PR?_DRAWLINE?LCD
            CODE    3038H     007DH     UNIT         ?PR?_MMC_SD_WRITESINGLEBLOCK?MMC_SD
            CODE    30B5H     0076H     UNIT         ?PR?DISPGRAYHOR32?LCD
            CODE    312BH     0075H     UNIT         ?PR?_MMC_SD_SENDCOMMAND?MMC_SD
            CODE    31A0H     0073H     UNIT         ?PR?TP_READ?TP
            CODE    3213H     0073H     UNIT         ?PR?USBXCORE_GET_STATUS?USB_API
            CODE    3286H     006CH     UNIT         ?PR?DEVICES_INIT?MAIN
            CODE    32F2H     0064H     UNIT         ?PR?_MMC_SD_READSINGLEBLOCK?MMC_SD
            CODE    3356H     0061H     UNIT         ?PR?_DISPPIC?LCD
            CODE    33B7H     005BH     UNIT         ?PR?_TOORD?LCD
            CODE    3412H     005AH     UNIT         ?PR?USBXCORE_SET_CONFIGURATION?USB_API
            CODE    346CH     0058H     UNIT         ?PR?USBXCORE_CLEAR_FEATURE?USB_API
            CODE    34C4H     0057H     UNIT         ?PR?USBXCORE_SET_FEATURE?USB_API
            CODE    351BH     0055H     UNIT         ?PR?_STOPDELAY?MAIN
            CODE    3570H     0052H     UNIT         ?PR?_PUTPIXEL?LCD
            CODE    35C2H     0050H     UNIT         ?CO?MAIN
            CODE    3612H     0047H     UNIT         ?PR?USBXCORE_GET_CONFIGURATION?USB_API
            CODE    3659H     0043H     UNIT         ?PR?MCU_INIT?MAIN
            CODE    369CH     0038H     UNIT         ?PR?USB_CLOCK_START?USB_CLOCK_START
            CODE    36D4H     002DH     UNIT         ?C_INITSEG
            CODE    3701H     002CH     UNIT         ?PR?_WRITEDISPDATA?LCD
            CODE    372DH     002BH     UNIT         ?PR?USB_SUSPEND?USB_SUSPEND
            CODE    3758H     0027H     UNIT         ?PR?MAIN?MAIN
            CODE    377FH     0027H     UNIT         ?PR?USBXCORE_USB_RESET?USB_API
            CODE    37A6H     0027H     UNIT         ?PR?USBXCORE_GET_INTERFACE?USB_API
            CODE    37CDH     0026H     UNIT         ?PR?_TP_WRITE?TP
BL51 BANKED LINKER/LOCATER V6.22                                                      03/01/2022  15:26:07  PAGE 4


            CODE    37F3H     0022H     UNIT         ?PR?USBXCORE_JUMP_ISR?USB_JUMP_ISR
            CODE    3815H     0020H     UNIT         ?PR?USBXCORE_SET_ADDRESS?USB_API
            CODE    3835H     001FH     UNIT         ?PR?_DELAY?MAIN
            CODE    3854H     001DH     UNIT         ?PR?USBXCORE_FORCE_STALL?USB_API
            CODE    3871H     0019H     UNIT         ?PR?_WRITEDATA?LCD
            CODE    388AH     0019H     UNIT         ?PR?USB_INT_ENABLE?USB_INT_ENABLE
            CODE    38A3H     0016H     UNIT         ?PR?_SPI_WRITEBYTE?MMC_SD
            CODE    38B9H     0016H     UNIT         ?PR?READDATA?LCD
            CODE    38CFH     0015H     UNIT         ?PR?_WRITECOMM?LCD
            CODE    38E4H     0014H     UNIT         ?PR?USBXCORE_SET_SOP?USB_API
            CODE    38F8H     0013H     UNIT         ?PR?WAITKEY?MAIN
            CODE    390BH     0011H     UNIT         ?PR?SD_INIT?MMC_SD
            CODE    391CH     000EH     UNIT         ?PR?GET_INTERRUPT_SOURCE?GET_INTERRUPT_SOURCE
            CODE    392AH     000CH     UNIT         ?PR?USBXCORE_CLKREC?USB_CLOCK_RECOVERY
            CODE    3936H     000BH     UNIT         ?PR?SPI_READBYTE?MMC_SD
            CODE    3941H     0009H     UNIT         ?PR?_WRITEONEDOT?LCD
            CODE    394AH     0008H     UNIT         ?CO?TP



OVERLAY MAP OF MODULE:   NV3029C_CTC24_ZT_L8 (MAIN)


SEGMENT                                            PDATA_GROUP         XDATA_GROUP
  +--> CALLED SEGMENT                            START    LENGTH     START    LENGTH
------------------------------------------------------------------------------------
?PR?USB_API_TEST_ISR?MAIN                        0056H    0001H      -----    -----
  +--> ?PR?GET_INTERRUPT_SOURCE?GET_INTERRUP...
  +--> ?PR?_BLOCK_READ?BLOCK_READ
  +--> ?PR?SUSPEND_DEVICE?MAIN
  +--> ?PR?MCU_INIT?MAIN
  +--> ?PR?_?BLOCKWRITE?LCD

?PR?SUSPEND_DEVICE?MAIN                          -----    -----      -----    -----
  +--> ?PR?USB_SUSPEND?USB_SUSPEND

?PR?USB_SUSPEND?USB_SUSPEND                      -----    -----      -----    -----
  +--> ?PR?USB_CLOCK_START?USB_CLOCK_START

?PR?_?BLOCKWRITE?LCD                             -----    -----      -----    -----
  +--> ?PR?_WRITECOMM?LCD
  +--> ?PR?_WRITEDATA?LCD

?PR?_WRITECOMM?LCD                               007AH    0002H      -----    -----

?PR?_WRITEDATA?LCD                               007AH    0002H      -----    -----

*** NEW ROOT ***************************************************

?PR?USBXCORE_USB_ISR?USB_API                     -----    -----      -----    -----
  +--> ?PR?USBXCORE_USB_RESET?USB_API
  +--> ?PR?USBXCORE_HANDLE_SETUP?USB_API
  +--> ?PR?USBXCORE_JUMP_ISR?USB_JUMP_ISR

?PR?USBXCORE_HANDLE_SETUP?USB_API                -----    -----      -----    -----
  +--> ?PR?USBXCORE_GET_STATUS?USB_API
  +--> ?PR?USBXCORE_CLEAR_FEATURE?USB_API
BL51 BANKED LINKER/LOCATER V6.22                                                      03/01/2022  15:26:07  PAGE 5


  +--> ?PR?USBXCORE_VENDOR_USB_API?USB_API
  +--> ?PR?USBXCORE_SET_FEATURE?USB_API
  +--> ?PR?USBXCORE_SET_ADDRESS?USB_API
  +--> ?PR?USBXCORE_GET_DESCRIPTOR?USB_API
  +--> ?PR?USBXCORE_GET_CONFIGURATION?USB_API
  +--> ?PR?USBXCORE_SET_CONFIGURATION?USB_API
  +--> ?PR?USBXCORE_GET_INTERFACE?USB_API
  +--> ?PR?USBXCORE_SET_SOP?USB_API
  +--> ?PR?USBXCORE_FORCE_STALL?USB_API

?PR?USBXCORE_GET_STATUS?USB_API                  -----    -----      -----    -----
  +--> ?CO?USB_API
  +--> ?PR?USBXCORE_FORCE_STALL?USB_API
  +--> ?PR?USBXCORE_SET_SOP?USB_API

?PR?USBXCORE_CLEAR_FEATURE?USB_API               -----    -----      -----    -----
  +--> ?PR?USBXCORE_FORCE_STALL?USB_API
  +--> ?PR?USBXCORE_SET_SOP?USB_API

?PR?USBXCORE_VENDOR_USB_API?USB_API              -----    -----      -----    -----
  +--> ?PR?USBXCORE_SET_SOP?USB_API

?PR?USBXCORE_SET_FEATURE?USB_API                 -----    -----      -----    -----
  +--> ?PR?USBXCORE_FORCE_STALL?USB_API
  +--> ?PR?USBXCORE_SET_SOP?USB_API

?PR?USBXCORE_SET_ADDRESS?USB_API                 -----    -----      -----    -----
  +--> ?PR?USBXCORE_SET_SOP?USB_API

?PR?USBXCORE_GET_DESCRIPTOR?USB_API              -----    -----      -----    -----
  +--> ?PR?USBXCORE_FORCE_STALL?USB_API
  +--> ?PR?USBXCORE_SET_SOP?USB_API

?PR?USBXCORE_GET_CONFIGURATION?USB_API           -----    -----      -----    -----
  +--> ?CO?USB_API
  +--> ?PR?USBXCORE_SET_SOP?USB_API

?PR?USBXCORE_SET_CONFIGURATION?USB_API           -----    -----      -----    -----
  +--> ?PR?USBXCORE_SET_SOP?USB_API

?PR?USBXCORE_GET_INTERFACE?USB_API               -----    -----      -----    -----
  +--> ?CO?USB_API
  +--> ?PR?USBXCORE_SET_SOP?USB_API

*** NEW ROOT ***************************************************

?C_C51STARTUP                                    -----    -----      -----    -----
  +--> ?PR?MAIN?MAIN
  +--> ?C_INITSEG

?PR?MAIN?MAIN                                    -----    -----      -----    -----
  +--> ?PR?DEVICES_INIT?MAIN
  +--> ?PR?DISPFRAME?LCD
  +--> ?PR?_STOPDELAY?MAIN
  +--> ?PR?WAITKEY?MAIN
  +--> ?PR?DISPGRAYHOR16?LCD
  +--> ?PR?DISPBAND?LCD
BL51 BANKED LINKER/LOCATER V6.22                                                      03/01/2022  15:26:07  PAGE 6


  +--> ?PR?TP_DRAWLINE?TP

?PR?DEVICES_INIT?MAIN                            -----    -----      -----    -----
  +--> ?PR?MCU_INIT?MAIN
  +--> ?PR?USB_CLOCK_START?USB_CLOCK_START
  +--> ?CO?MAIN
  +--> ?PR?_USB_INIT?USB_API
  +--> ?PR?USB_INT_ENABLE?USB_INT_ENABLE
  +--> ?PR?LCD_INIT?LCD

?PR?_USB_INIT?USB_API                            -----    -----      027CH    0011H
  +--> ?CO?USB_API
  +--> ?PR?USBXCORE_CLKREC?USB_CLOCK_RECOVERY

?PR?LCD_INIT?LCD                                 -----    -----      -----    -----
  +--> ?PR?READDATA?LCD
  +--> ?PR?_DELAY?MAIN
  +--> ?PR?_WRITECOMM?LCD
  +--> ?PR?_WRITEDATA?LCD

?PR?READDATA?LCD                                 -----    -----      -----    -----
  +--> ?PR?_LCD_READ_IC_ID?LCD

?PR?_LCD_READ_IC_ID?LCD                          0062H    0008H      -----    -----

?PR?DISPFRAME?LCD                                0059H    0002H      -----    -----
  +--> ?PR?_?BLOCKWRITE?LCD
  +--> ?PR?_WRITEDISPDATA?LCD

?PR?_WRITEDISPDATA?LCD                           007AH    0001H      -----    -----

?PR?_STOPDELAY?MAIN                              0059H    0004H      -----    -----
  +--> ?PR?WAITKEY?MAIN
  +--> ?PR?_DELAY?MAIN

?PR?WAITKEY?MAIN                                 -----    -----      -----    -----
  +--> ?PR?CONNTOUSB?MAIN
  +--> ?PR?_DELAY?MAIN

?PR?CONNTOUSB?MAIN                               005DH    0005H      027CH    0058H
  +--> ?CO?MAIN
  +--> ?PR?_WRITECOMM?LCD
  +--> ?PR?_WRITEDATA?LCD
  +--> ?PR?_DISPSTR?LCD
  +--> ?PR?_DISPINT?LCD
  +--> ?PR?_WRITEDISPDATA?LCD
  +--> ?PR?_MMC_SD_WRITESINGLEBLOCK?MMC_SD
  +--> ?PR?_BLOCK_WRITE?BLOCK_WRITE
  +--> ?PR?READDATA?LCD
  +--> ?PR?_DELAY?MAIN

?PR?_DISPSTR?LCD                                 0062H    000BH      -----    -----
  +--> ?PR?_TOORD?LCD
  +--> ?PR?_DISPONECHAR?LCD

?PR?_DISPONECHAR?LCD                             006DH    000DH      -----    -----
  +--> ?PR?_?BLOCKWRITE?LCD
BL51 BANKED LINKER/LOCATER V6.22                                                      03/01/2022  15:26:07  PAGE 7


  +--> ?CO?LCD
  +--> ?PR?_WRITEONEDOT?LCD

?PR?_WRITEONEDOT?LCD                             -----    -----      -----    -----
  +--> ?PR?_WRITEDISPDATA?LCD

?PR?_DISPINT?LCD                                 0062H    000AH      -----    -----
  +--> ?PR?_DISPONECHAR?LCD

?PR?_MMC_SD_WRITESINGLEBLOCK?MMC_SD              0062H    0004H      -----    -----
  +--> ?PR?_MMC_SD_SENDCOMMAND?MMC_SD
  +--> ?PR?_SPI_WRITEBYTE?MMC_SD

?PR?_MMC_SD_SENDCOMMAND?MMC_SD                   0066H    0005H      -----    -----
  +--> ?PR?_SPI_WRITEBYTE?MMC_SD

?PR?DISPGRAYHOR16?LCD                            0059H    0004H      -----    -----
  +--> ?PR?_?BLOCKWRITE?LCD
  +--> ?PR?_WRITEDISPDATA?LCD

?PR?DISPBAND?LCD                                 0059H    0005H      -----    -----
  +--> ?PR?_?BLOCKWRITE?LCD
  +--> ?PR?_WRITEDISPDATA?LCD

?PR?TP_DRAWLINE?TP                               -----    -----      027CH    0018H
  +--> ?PR?_DISPCOLOR?LCD
  +--> ?CO?TP
  +--> ?PR?_DISPSTR?LCD
  +--> ?PR?_DELAY?MAIN
  +--> ?PR?_TP_GETPOSITION?TP
  +--> ?PR?_PUTPIXEL?LCD

?PR?_DISPCOLOR?LCD                               0059H    0004H      -----    -----
  +--> ?PR?_?BLOCKWRITE?LCD
  +--> ?PR?_WRITEDISPDATA?LCD

?PR?_TP_GETPOSITION?TP                           -----    -----      0294H    001BH
  +--> ?PR?_TP_WRITE?TP
  +--> ?PR?TP_READ?TP

?PR?_TP_WRITE?TP                                 -----    -----      02AFH    0001H

?PR?TP_READ?TP                                   -----    -----      02AFH    0005H

?PR?_PUTPIXEL?LCD                                0059H    0002H      -----    -----
  +--> ?PR?_?BLOCKWRITE?LCD
  +--> ?PR?_WRITEDISPDATA?LCD



SYMBOL TABLE OF MODULE:  NV3029C_CTC24_ZT_L8 (MAIN)

  VALUE           TYPE          NAME
  ----------------------------------

  -------         MODULE        MAIN
  C:0000H         SYMBOL        _ICE_DUMMY_
BL51 BANKED LINKER/LOCATER V6.22                                                      03/01/2022  15:26:07  PAGE 8


  D:0080H         PUBLIC        P0
  X:0000H         PUBLIC        f_down
  D:0090H         PUBLIC        P1
  D:00B0H         PUBLIC        P3
  C:360DH         PUBLIC        USB_MaxPower
  B:00B0H.6       PUBLIC        KEY_STEP
  D:00A4H         PUBLIC        P0MDOUT
  D:00A5H         PUBLIC        P1MDOUT
  D:00A6H         PUBLIC        P2MDOUT
  D:00A7H         PUBLIC        P3MDOUT
  D:00AEH         PUBLIC        P4MDOUT
  B:0080H.6       PUBLIC        OE
  D:00D9H         PUBLIC        PCA0MD
  C:1EC9H         PUBLIC        USB_API_TEST_ISR
  C:003DH         PUBLIC        Suspend_Device
  C:351FH         PUBLIC        _StopDelay
  D:00E1H         PUBLIC        XBR0
  D:00E2H         PUBLIC        XBR1
  B:00B0H.1       PUBLIC        RS
  C:3758H         PUBLIC        main
  X:0001H         PUBLIC        VerifyCode0
  X:0002H         PUBLIC        VerifyCode1
  C:35D7H         PUBLIC        USB_PID
  X:0003H         PUBLIC        VerifyCode2
  D:00F1H         PUBLIC        P0MDIN
  D:00F2H         PUBLIC        P1MDIN
  C:35D9H         PUBLIC        USB_MfrStr
  D:00F4H         PUBLIC        P3MDIN
  C:35D5H         PUBLIC        USB_VID
  D:00F8H         PUBLIC        SPI0CN
  X:0004H         PUBLIC        pic
  C:3286H         PUBLIC        Devices_Init
  C:008EH         PUBLIC        ConnToUSB
  D:00A9H         PUBLIC        CLKSEL
  D:00B2H         PUBLIC        OSCICN
  C:360EH         PUBLIC        USB_PwAttributes
  C:38F8H         PUBLIC        WaitKey
  C:3611H         SYMBOL        _?ix1000
  B:00B0H.0       PUBLIC        CS0
  X:0005H         PUBLIC        bf
  C:360FH         PUBLIC        USB_bcdDevice
  D:00B9H         PUBLIC        CLKMUL
  X:0007H         PUBLIC        f_debug
  X:0008H         PUBLIC        sd
  X:02D4H         PUBLIC        Packet
  C:3659H         PUBLIC        MCU_Init
  B:0080H.7       PUBLIC        DIR
  D:00EFH         PUBLIC        RSTSRC
  X:000CH         PUBLIC        f_read
  C:3603H         PUBLIC        USB_SerialStr
  X:000DH         PUBLIC        f_other
  C:35F3H         PUBLIC        USB_ProductStr
  X:000EH         PUBLIC        f_para
  D:00A1H         PUBLIC        SPI0CFG
  C:3835H         PUBLIC        _Delay
  B:00B0H.7       PUBLIC        KEY_Stop
  X:000FH         PUBLIC        f_init
BL51 BANKED LINKER/LOCATER V6.22                                                      03/01/2022  15:26:07  PAGE 9


  -------         PROC          MAIN
  C:3758H         LINE#         40
  C:3758H         LINE#         41
  C:3758H         LINE#         46
  C:375BH         LINE#         53
  C:375EH         LINE#         54
  C:375EH         LINE#         72
  C:3767H         LINE#         78
  C:3770H         LINE#         79
  C:3779H         LINE#         85
  C:377CH         LINE#         87
  C:377EH         LINE#         89
  -------         ENDPROC       MAIN
  -------         PROC          _DELAY
  D:0006H         SYMBOL        dly
  -------         DO            
  D:0004H         SYMBOL        i
  D:0002H         SYMBOL        j
  -------         ENDDO         
  C:3835H         LINE#         91
  C:3835H         LINE#         92
  C:3835H         LINE#         95
  C:383FH         LINE#         96
  C:3853H         LINE#         97
  -------         ENDPROC       _DELAY
  C:351BH         SYMBOL        L?0133
  -------         PROC          L?0132
  -------         ENDPROC       L?0132
  C:351BH         SYMBOL        L?0133
  -------         PROC          _STOPDELAY
  X:0059H         SYMBOL        sdly
  -------         DO            
  D:0006H         SYMBOL        i
  D:0004H         SYMBOL        j
  X:005BH         SYMBOL        k
  -------         ENDDO         
  C:351FH         LINE#         99
  C:3526H         LINE#         100
  C:3526H         LINE#         102
  C:352BH         LINE#         103
  C:352BH         LINE#         104
  C:352EH         LINE#         105
  C:352EH         LINE#         106
  C:353BH         LINE#         107
  C:354FH         LINE#         108
  C:354FH         LINE#         110
  C:354FH         LINE#         111
  C:3559H         LINE#         112
  C:3559H         LINE#         113
  C:356FH         LINE#         114
  -------         ENDPROC       _STOPDELAY
  -------         PROC          WAITKEY
  C:38F8H         LINE#         144
  C:38F8H         LINE#         145
  C:38F8H         LINE#         147
  C:38FBH         LINE#         148
  C:38FBH         LINE#         150
BL51 BANKED LINKER/LOCATER V6.22                                                      03/01/2022  15:26:07  PAGE 10


  C:38FEH         LINE#         152
  C:3900H         LINE#         153
  C:3907H         LINE#         154
  C:390AH         LINE#         156
  -------         ENDPROC       WAITKEY
  -------         PROC          CONNTOUSB
  -------         DO            
  X:005DH         SYMBOL        i
  X:027CH         SYMBOL        reg_data
  X:0294H         SYMBOL        para_data
  D:0007H         SYMBOL        dat
  X:005EH         SYMBOL        reg_index
  X:0060H         SYMBOL        data_num
  X:0061H         SYMBOL        st
  -------         ENDDO         
  C:008EH         LINE#         162
  C:008EH         LINE#         163
  C:008EH         LINE#         170
  C:00A1H         LINE#         172
  C:00A9H         LINE#         173
  C:00A9H         LINE#         174
  C:00B7H         LINE#         175
  C:00B7H         LINE#         176
  C:00C8H         LINE#         177
  C:00C8H         LINE#         178
  C:00EEH         LINE#         179
  C:00F0H         LINE#         180
  C:0104H         LINE#         181
  C:0104H         LINE#         182
  C:012AH         LINE#         184
  C:012AH         LINE#         185
  C:012AH         LINE#         186
  C:012AH         LINE#         188
  C:012AH         LINE#         189
  C:0132H         LINE#         190
  C:013CH         LINE#         191
  C:0146H         LINE#         193
  C:0162H         LINE#         195
  C:016CH         LINE#         196
  C:016CH         LINE#         197
  C:017DH         LINE#         198
  C:017DH         LINE#         199
  C:018EH         LINE#         200
  C:018EH         LINE#         201
  C:01E1H         LINE#         202
  C:01E3H         LINE#         203
  C:01F9H         LINE#         204
  C:01F9H         LINE#         205
  C:024BH         LINE#         206
  C:024BH         LINE#         207
  C:024BH         LINE#         208
  C:024BH         LINE#         210
  C:024BH         LINE#         211
  C:0253H         LINE#         212
  C:0253H         LINE#         213
  C:025DH         LINE#         214
  C:0267H         LINE#         216
BL51 BANKED LINKER/LOCATER V6.22                                                      03/01/2022  15:26:07  PAGE 11


  C:026BH         LINE#         217
  C:026EH         LINE#         221
  C:0276H         LINE#         222
  C:0276H         LINE#         223
  C:0285H         LINE#         224
  C:0285H         LINE#         225
  C:0287H         LINE#         227
  C:0289H         LINE#         228
  C:02A5H         LINE#         229
  C:02A7H         LINE#         231
  C:02D0H         LINE#         232
  C:02F4H         LINE#         233
  C:02FEH         LINE#         234
  C:02FEH         LINE#         235
  C:0306H         LINE#         236
  C:030DH         LINE#         237
  C:0318H         LINE#         238
  C:031EH         LINE#         239
  C:031EH         LINE#         240
  C:0327H         LINE#         242
  C:032BH         LINE#         243
  C:0337H         LINE#         244
  C:033AH         LINE#         247
  C:0342H         LINE#         248
  C:0342H         LINE#         249
  C:034BH         LINE#         250
  C:034BH         LINE#         251
  C:035BH         LINE#         252
  C:035BH         LINE#         253
  C:035DH         LINE#         255
  C:035FH         LINE#         256
  C:037BH         LINE#         257
  C:037DH         LINE#         259
  C:03A6H         LINE#         260
  C:03CAH         LINE#         262
  C:03D4H         LINE#         263
  C:03D4H         LINE#         264
  C:03DCH         LINE#         265
  C:03E3H         LINE#         266
  C:03EEH         LINE#         267
  C:03F4H         LINE#         268
  C:03F4H         LINE#         270
  C:03FDH         LINE#         276
  C:03FDH         LINE#         277
  C:040AH         LINE#         278
  C:040AH         LINE#         279
  C:040CH         LINE#         281
  C:040EH         LINE#         282
  C:042AH         LINE#         283
  C:042CH         LINE#         285
  C:0434H         LINE#         286
  C:0438H         LINE#         287
  C:0444H         LINE#         288
  C:0444H         LINE#         289
  C:0447H         LINE#         292
  C:044FH         LINE#         293
  C:044FH         LINE#         294
BL51 BANKED LINKER/LOCATER V6.22                                                      03/01/2022  15:26:07  PAGE 12


  C:0460H         LINE#         295
  C:0460H         LINE#         296
  C:046DH         LINE#         297
  C:046DH         LINE#         298
  C:048BH         LINE#         299
  C:048DH         LINE#         300
  C:049DH         LINE#         301
  C:049DH         LINE#         302
  C:04BBH         LINE#         303
  C:04BDH         LINE#         304
  C:04CEH         LINE#         305
  C:04CEH         LINE#         306
  C:04D8H         LINE#         307
  C:04E2H         LINE#         308
  C:04E2H         LINE#         309
  C:04E2H         LINE#         310
  C:04E2H         LINE#         312
  C:04E2H         LINE#         313
  C:04EBH         LINE#         314
  C:04EFH         LINE#         315
  C:04FBH         LINE#         316
  C:04FEH         LINE#         319
  C:0506H         LINE#         320
  C:0506H         LINE#         321
  C:0513H         LINE#         322
  C:0524H         LINE#         324
  C:052DH         LINE#         325
  C:053CH         LINE#         327
  C:0544H         LINE#         328
  C:0544H         LINE#         329
  C:054DH         LINE#         330
  C:055CH         LINE#         331
  C:055CH         LINE#         332
  C:055FH         LINE#         333
  C:056EH         LINE#         334
  C:057AH         LINE#         335
  C:0580H         LINE#         336
  C:0580H         LINE#         338
  C:0584H         LINE#         339
  C:0593H         LINE#         341
  C:059AH         LINE#         342
  C:05B6H         LINE#         343
  C:05C0H         LINE#         344
  C:05C0H         LINE#         345
  C:05E6H         LINE#         346
  C:05F9H         LINE#         347
  C:05F9H         LINE#         348
  C:064BH         LINE#         349
  C:0653H         LINE#         350
  C:0653H         LINE#         351
  C:0653H         LINE#         354
  C:0658H         LINE#         355
  C:0658H         LINE#         356
  C:0665H         LINE#         357
  C:0676H         LINE#         359
  C:067CH         LINE#         360
  C:0680H         LINE#         361
BL51 BANKED LINKER/LOCATER V6.22                                                      03/01/2022  15:26:07  PAGE 13


  C:0683H         LINE#         362
  C:0687H         LINE#         364
  C:068BH         LINE#         365
  C:0697H         LINE#         366
  C:0699H         LINE#         367
  -------         ENDPROC       CONNTOUSB
  -------         PROC          MCU_INIT
  -------         DO            
  D:0007H         SYMBOL        n
  -------         ENDDO         
  C:3659H         LINE#         370
  C:3659H         LINE#         371
  C:3659H         LINE#         373
  C:365CH         LINE#         376
  C:365FH         LINE#         377
  C:3662H         LINE#         379
  C:3665H         LINE#         381
  C:366BH         LINE#         383
  C:366EH         LINE#         384
  C:3673H         LINE#         385
  C:3676H         LINE#         387
  C:3679H         LINE#         390
  C:367CH         LINE#         391
  C:367FH         LINE#         393
  C:3682H         LINE#         394
  C:3685H         LINE#         396
  C:3688H         LINE#         397
  C:368BH         LINE#         399
  C:368EH         LINE#         400
  C:3691H         LINE#         401
  C:3693H         LINE#         402
  C:3695H         LINE#         404
  C:3698H         LINE#         405
  C:369BH         LINE#         407
  -------         ENDPROC       MCU_INIT
  -------         PROC          DEVICES_INIT
  C:3286H         LINE#         409
  C:3286H         LINE#         410
  C:3286H         LINE#         412
  C:3289H         LINE#         415
  C:328CH         LINE#         416
  C:32E6H         LINE#         417
  C:32E9H         LINE#         420
  C:32ECH         LINE#         421
  C:32EFH         LINE#         429
  -------         ENDPROC       DEVICES_INIT
  -------         PROC          SUSPEND_DEVICE
  C:003DH         LINE#         433
  C:003DH         LINE#         434
  C:003DH         LINE#         435
  -------         ENDPROC       SUSPEND_DEVICE
  -------         PROC          USB_API_TEST_ISR
  -------         DO            
  X:0056H         SYMBOL        INTVAL
  -------         ENDDO         
  C:1EC9H         LINE#         439
  C:1EE6H         LINE#         441
BL51 BANKED LINKER/LOCATER V6.22                                                      03/01/2022  15:26:07  PAGE 14


  C:1EEDH         LINE#         443
  C:1EF3H         LINE#         444
  C:1EF3H         LINE#         445
  C:1EFEH         LINE#         447
  C:1F1AH         LINE#         448
  C:1F1AH         LINE#         449
  C:1F1CH         LINE#         450
  C:1F1EH         LINE#         451
  C:1F34H         LINE#         452
  C:1F34H         LINE#         453
  C:1F36H         LINE#         454
  C:1F38H         LINE#         455
  C:1F50H         LINE#         456
  C:1F50H         LINE#         457
  C:1F52H         LINE#         458
  C:1F54H         LINE#         459
  C:1F6EH         LINE#         460
  C:1F6EH         LINE#         461
  C:1F70H         LINE#         462
  C:1F72H         LINE#         463
  C:1F87H         LINE#         464
  C:1F87H         LINE#         465
  C:1F89H         LINE#         466
  C:1F8BH         LINE#         468
  C:1F8BH         LINE#         469
  C:1F90H         LINE#         470
  C:1F90H         LINE#         471
  C:1F90H         LINE#         473
  C:1F90H         LINE#         474
  C:1F90H         LINE#         476
  C:1F90H         LINE#         478
  C:1F96H         LINE#         479
  C:1F96H         LINE#         480
  C:1F99H         LINE#         481
  C:1F99H         LINE#         483
  C:1F9FH         LINE#         484
  C:1F9FH         LINE#         485
  C:1FA2H         LINE#         486
  C:1FA2H         LINE#         488
  C:1FA8H         LINE#         489
  C:1FA8H         LINE#         490
  C:1FC4H         LINE#         491
  C:1FC4H         LINE#         493
  C:1FCAH         LINE#         494
  C:1FCAH         LINE#         495
  C:1FCFH         LINE#         496
  C:1FEBH         LINE#         497
  C:1FEBH         LINE#         498
  -------         ENDPROC       USB_API_TEST_ISR
  -------         ENDMOD        MAIN

  -------         MODULE        MMC_SD
  C:0000H         SYMBOL        _ICE_DUMMY_
  D:00A2H         PUBLIC        SPI0CKR
  D:0080H         PUBLIC        P0
  D:0090H         PUBLIC        P1
  D:00B0H         PUBLIC        P3
BL51 BANKED LINKER/LOCATER V6.22                                                      03/01/2022  15:26:07  PAGE 15


  C:312BH         PUBLIC        _MMC_SD_SendCommand
  C:32F2H         PUBLIC        _MMC_SD_ReadSingleBlock
  C:390BH         PUBLIC        SD_Init
  C:3038H         PUBLIC        _MMC_SD_WriteSingleBlock
  B:00F8H.7       PUBLIC        SPIF
  B:00F8H.2       PUBLIC        NSSMD0
  C:2712H         PUBLIC        MMC_SD_Reset
  D:00A9H         PUBLIC        CLKSEL
  C:3936H         PUBLIC        SPI_ReadByte
  C:38AFH         PUBLIC        _SPI_WriteByte
  D:00A3H         PUBLIC        SPI0DAT
  X:007CH         PUBLIC        buffer
  C:38A3H         SYMBOL        L?0062
  C:38A8H         SYMBOL        L?0063
  -------         PROC          L?0061
  -------         ENDPROC       L?0061
  C:38A3H         SYMBOL        L?0062
  C:38A8H         SYMBOL        L?0063
  -------         PROC          _SPI_WRITEBYTE
  D:0007H         SYMBOL        val
  -------         DO            
  D:0007H         SYMBOL        ret
  -------         ENDDO         
  C:38AFH         LINE#         7
  C:38AFH         LINE#         8
  C:38AFH         LINE#         11
  C:38B1H         LINE#         12
  C:38B4H         LINE#         13
  C:38B6H         LINE#         14
  C:38B8H         LINE#         15
  C:38B8H         LINE#         16
  -------         ENDPROC       _SPI_WRITEBYTE
  -------         PROC          SPI_READBYTE
  -------         DO            
  D:0007H         SYMBOL        ret
  -------         ENDDO         
  C:3936H         LINE#         18
  C:3936H         LINE#         19
  C:3936H         LINE#         22
  C:3939H         LINE#         23
  C:393CH         LINE#         24
  C:393EH         LINE#         25
  C:3940H         LINE#         26
  C:3940H         LINE#         27
  -------         ENDPROC       SPI_READBYTE
  -------         PROC          _MMC_SD_SENDCOMMAND
  D:0006H         SYMBOL        cmd
  X:0067H         SYMBOL        arg
  -------         DO            
  D:0007H         SYMBOL        r1
  D:0003H         SYMBOL        retry
  -------         ENDDO         
  C:312BH         LINE#         29
  C:312DH         LINE#         30
  C:312DH         LINE#         32
  C:312FH         LINE#         34
  C:312FH         LINE#         35
BL51 BANKED LINKER/LOCATER V6.22                                                      03/01/2022  15:26:07  PAGE 16


  C:312FH         LINE#         36
  C:3132H         LINE#         37
  C:3132H         LINE#         38
  C:3132H         LINE#         39
  C:3135H         LINE#         41
  C:3137H         LINE#         43
  C:313EH         LINE#         44
  C:3153H         LINE#         45
  C:3168H         LINE#         46
  C:317DH         LINE#         47
  C:3187H         LINE#         48
  C:318CH         LINE#         50
  C:3194H         LINE#         51
  C:319DH         LINE#         53
  C:319FH         LINE#         55
  C:319FH         LINE#         56
  -------         ENDPROC       _MMC_SD_SENDCOMMAND
  -------         PROC          MMC_SD_RESET
  -------         DO            
  D:0005H         SYMBOL        i
  D:0002H         SYMBOL        retry
  D:0006H         SYMBOL        r1
  -------         ENDDO         
  C:2712H         LINE#         58
  C:2712H         LINE#         59
  C:2712H         LINE#         62
  C:2714H         LINE#         64
  C:2715H         LINE#         65
  C:2718H         LINE#         66
  C:271BH         LINE#         68
  C:271BH         LINE#         69
  C:2727H         LINE#         70
  C:2737H         LINE#         71
  C:2738H         LINE#         72
  C:273EH         LINE#         73
  C:2742H         LINE#         75
  C:2744H         LINE#         77
  C:2744H         LINE#         79
  C:2744H         LINE#         80
  C:2754H         LINE#         81
  C:2755H         LINE#         82
  C:275EH         LINE#         83
  C:2762H         LINE#         85
  C:2764H         LINE#         86
  C:2774H         LINE#         87
  C:2775H         LINE#         88
  C:277EH         LINE#         89
  C:2781H         LINE#         91
  C:2784H         LINE#         92
  C:2784H         LINE#         93
  C:2786H         LINE#         95
  C:2786H         LINE#         96
  C:2796H         LINE#         97
  C:2797H         LINE#         98
  C:27A0H         LINE#         99
  C:27A3H         LINE#         100
  C:27A3H         LINE#         101
BL51 BANKED LINKER/LOCATER V6.22                                                      03/01/2022  15:26:07  PAGE 17


  C:27B3H         LINE#         103
  C:27C1H         LINE#         104
  C:27C4H         LINE#         105
  C:27C7H         LINE#         106
  C:27C8H         LINE#         107
  -------         ENDPROC       MMC_SD_RESET
  -------         PROC          _MMC_SD_READSINGLEBLOCK
  X:0010H         SYMBOL        sector
  -------         DO            
  D:0007H         SYMBOL        r1
  D:0004H         SYMBOL        i
  D:0002H         SYMBOL        retry
  -------         ENDDO         
  C:32F2H         LINE#         109
  C:32F7H         LINE#         110
  C:32F7H         LINE#         113
  C:32F9H         LINE#         115
  C:32FCH         LINE#         117
  C:32FCH         LINE#         118
  C:3318H         LINE#         119
  C:3319H         LINE#         120
  C:3322H         LINE#         121
  C:3325H         LINE#         124
  C:3327H         LINE#         126
  C:332DH         LINE#         128
  C:3330H         LINE#         129
  C:3330H         LINE#         130
  C:333FH         LINE#         131
  C:334CH         LINE#         133
  C:334CH         LINE#         134
  C:334FH         LINE#         136
  C:3351H         LINE#         137
  C:3354H         LINE#         138
  C:3355H         LINE#         139
  -------         ENDPROC       _MMC_SD_READSINGLEBLOCK
  -------         PROC          _MMC_SD_WRITESINGLEBLOCK
  X:0062H         SYMBOL        sector
  -------         DO            
  D:0006H         SYMBOL        r1
  D:0004H         SYMBOL        i
  D:0002H         SYMBOL        retry
  -------         ENDDO         
  C:3038H         LINE#         141
  C:303DH         LINE#         142
  C:303DH         LINE#         145
  C:303FH         LINE#         147
  C:3042H         LINE#         149
  C:3042H         LINE#         150
  C:3060H         LINE#         151
  C:3061H         LINE#         152
  C:306AH         LINE#         153
  C:306DH         LINE#         157
  C:306FH         LINE#         159
  C:3074H         LINE#         161
  C:3079H         LINE#         163
  C:307BH         LINE#         164
  C:307BH         LINE#         165
BL51 BANKED LINKER/LOCATER V6.22                                                      03/01/2022  15:26:07  PAGE 18


  C:308AH         LINE#         166
  C:3097H         LINE#         168
  C:3097H         LINE#         169
  C:3097H         LINE#         171
  C:309CH         LINE#         173
  C:30A3H         LINE#         174
  C:30A3H         LINE#         175
  C:30A5H         LINE#         176
  C:30A6H         LINE#         177
  C:30A6H         LINE#         179
  C:30AEH         LINE#         181
  C:30B0H         LINE#         182
  C:30B3H         LINE#         183
  C:30B4H         LINE#         184
  -------         ENDPROC       _MMC_SD_WRITESINGLEBLOCK
  -------         PROC          SD_INIT
  -------         DO            
  D:0001H         SYMBOL        n
  -------         ENDDO         
  C:390BH         LINE#         187
  C:390BH         LINE#         188
  C:390BH         LINE#         189
  C:390DH         LINE#         191
  C:3913H         LINE#         192
  C:3913H         LINE#         193
  C:3914H         LINE#         194
  C:391BH         LINE#         196
  -------         ENDPROC       SD_INIT
  -------         ENDMOD        MMC_SD

  -------         MODULE        LCD
  C:0000H         SYMBOL        _ICE_DUMMY_
  D:0080H         PUBLIC        P0
  C:29DDH         PUBLIC        DispFrame
  D:0090H         PUBLIC        P1
  C:2A81H         PUBLIC        DispScaleVer_Green
  D:00A0H         PUBLIC        P2
  D:00B0H         PUBLIC        P3
  D:00C7H         PUBLIC        P4
  C:1BEAH         PUBLIC        DispBand
  C:3875H         PUBLIC        _WriteData
  C:069AH         PUBLIC        ascii
  C:123FH         PUBLIC        _LCD_Read_IC_ID
  D:00A6H         PUBLIC        P2MDOUT
  C:0046H         PUBLIC        _DispColor
  C:2F2CH         PUBLIC        DispScaleVer_Blue
  C:2E10H         PUBLIC        _DrawGird
  C:2FB2H         PUBLIC        _DrawLine
  C:38CFH         PUBLIC        _WriteComm
  C:3716H         PUBLIC        _WriteDispData
  C:2D7FH         PUBLIC        DispScaleVer_Gray
  B:00B0H.1       PUBLIC        RS
  B:0090H.7       PUBLIC        SPI_CLK
  C:2CEEH         PUBLIC        DispScaleVer_Red
  D:00F3H         PUBLIC        P2MDIN
  C:213DH         PUBLIC        DispScaleVer
  C:3356H         PUBLIC        _DispPic
BL51 BANKED LINKER/LOCATER V6.22                                                      03/01/2022  15:26:07  PAGE 19


  C:2677H         PUBLIC        _DispOneChar
  C:30B5H         PUBLIC        DispGrayHor32
  C:2BBDH         PUBLIC        DispGrayHor16
  C:27C9H         PUBLIC        _DispInt
  C:3570H         PUBLIC        _PutPixel
  D:00A9H         PUBLIC        CLKSEL
  B:0090H.6       PUBLIC        RD0
  B:00B0H.0       PUBLIC        CS0
  X:0054H         PUBLIC        LCM_ID
  C:1697H         PUBLIC        LCD_Init
  C:2C58H         PUBLIC        _DispStr
  B:0090H.7       PUBLIC        WR0
  C:1471H         PUBLIC        DispScaleHor1
  B:0090H.6       PUBLIC        SPI_DI
  C:3941H         PUBLIC        _WriteOneDot
  C:1A30H         PUBLIC        DispScaleHor2
  C:2491H         PUBLIC        _DispPicFromSD
  B:0080H.7       PUBLIC        DIR
  C:33B7H         PUBLIC        _ToOrd
  B:0080H.5       PUBLIC        RST
  C:38B9H         PUBLIC        ReadData
  C:2B3BH         PUBLIC        _?BlockWrite
  -------         PROC          _LCD_READ_IC_ID
  X:0062H         SYMBOL        ID
  D:0004H         SYMBOL        Bug
  D:0003H         SYMBOL        flog
  -------         DO            
  X:0063H         SYMBOL        id
  X:0065H         SYMBOL        id1
  X:0067H         SYMBOL        temp
  D:0005H         SYMBOL        i
  D:0007H         SYMBOL        dat
  D:0001H         SYMBOL        id2
  X:0069H         SYMBOL        id3
  D:0002H         SYMBOL        id4
  -------         ENDDO         
  C:123FH         LINE#         35
  C:1243H         LINE#         36
  C:1243H         LINE#         40
  C:124BH         LINE#         41
  C:124BH         LINE#         43
  C:124DH         LINE#         44
  C:124FH         LINE#         45
  C:1251H         LINE#         47
  C:1254H         LINE#         48
  C:1256H         LINE#         49
  C:1258H         LINE#         50
  C:125AH         LINE#         53
  C:125DH         LINE#         54
  C:1260H         LINE#         55
  C:1263H         LINE#         56
  C:1265H         LINE#         57
  C:1267H         LINE#         58
  C:1269H         LINE#         63
  C:1273H         LINE#         65
  C:1279H         LINE#         66
  C:1281H         LINE#         68
BL51 BANKED LINKER/LOCATER V6.22                                                      03/01/2022  15:26:07  PAGE 20


  C:1287H         LINE#         69
  C:128DH         LINE#         70
  C:1297H         LINE#         72
  C:129DH         LINE#         73
  C:129FH         LINE#         75
  C:12A5H         LINE#         77
  C:12ABH         LINE#         78
  C:12B5H         LINE#         80
  C:12BBH         LINE#         81
  C:12C0H         LINE#         83
  C:12C6H         LINE#         85
  C:12D0H         LINE#         86
  C:12DAH         LINE#         88
  C:12E0H         LINE#         89
  C:12E2H         LINE#         91
  C:12F2H         LINE#         92
  C:12FCH         LINE#         94
  C:12FFH         LINE#         95
  C:1303H         LINE#         96
  C:1303H         LINE#         97
  C:130CH         LINE#         98
  C:1312H         LINE#         99
  C:1312H         LINE#         100
  C:131CH         LINE#         101
  C:131EH         LINE#         102
  C:1322H         LINE#         103
  C:1322H         LINE#         104
  C:1331H         LINE#         105
  C:1331H         LINE#         108
  C:1331H         LINE#         109
  C:133AH         LINE#         110
  C:133AH         LINE#         112
  C:133DH         LINE#         113
  C:1341H         LINE#         114
  C:1343H         LINE#         115
  C:1345H         LINE#         116
  C:1347H         LINE#         117
  C:1347H         LINE#         118
  C:1349H         LINE#         119
  C:1351H         LINE#         120
  C:1353H         LINE#         122
  C:1355H         LINE#         123
  C:1359H         LINE#         124
  C:135EH         LINE#         125
  C:1361H         LINE#         128
  C:136BH         LINE#         129
  C:136BH         LINE#         130
  C:136DH         LINE#         131
  C:136DH         LINE#         132
  C:136FH         LINE#         133
  C:1371H         LINE#         134
  C:1373H         LINE#         135
  C:138AH         LINE#         136
  C:138CH         LINE#         137
  C:138EH         LINE#         138
  C:1395H         LINE#         139
  C:139FH         LINE#         140
BL51 BANKED LINKER/LOCATER V6.22                                                      03/01/2022  15:26:07  PAGE 21


  C:139FH         LINE#         141
  C:13A1H         LINE#         142
  C:13A1H         LINE#         143
  C:13A3H         LINE#         144
  C:13A5H         LINE#         145
  C:13A7H         LINE#         146
  C:13BEH         LINE#         147
  C:13C0H         LINE#         148
  C:13C2H         LINE#         149
  C:13C7H         LINE#         150
  C:13C7H         LINE#         152
  C:13C9H         LINE#         153
  C:13C9H         LINE#         154
  C:13CBH         LINE#         155
  C:13CDH         LINE#         156
  C:13CFH         LINE#         157
  C:13E6H         LINE#         158
  C:13E8H         LINE#         159
  C:13EAH         LINE#         160
  C:13EFH         LINE#         162
  C:13F1H         LINE#         163
  C:13F1H         LINE#         164
  C:13F3H         LINE#         165
  C:13F5H         LINE#         166
  C:13F7H         LINE#         167
  C:1401H         LINE#         168
  C:1403H         LINE#         169
  C:1405H         LINE#         170
  C:140AH         LINE#         172
  C:140CH         LINE#         173
  C:140CH         LINE#         174
  C:140EH         LINE#         175
  C:1410H         LINE#         176
  C:1412H         LINE#         177
  C:141EH         LINE#         178
  C:1420H         LINE#         179
  C:1422H         LINE#         180
  C:1427H         LINE#         181
  C:142AH         LINE#         182
  C:142CH         LINE#         183
  C:142EH         LINE#         184
  C:1430H         LINE#         185
  C:1432H         LINE#         186
  C:1434H         LINE#         187
  C:1436H         LINE#         189
  C:143AH         LINE#         190
  C:143AH         LINE#         191
  C:144AH         LINE#         193
  C:1455H         LINE#         194
  C:1455H         LINE#         195
  C:1455H         LINE#         197
  C:145BH         LINE#         198
  C:145BH         LINE#         199
  C:1467H         LINE#         200
  C:1467H         LINE#         202
  C:1467H         LINE#         203
  C:1469H         LINE#         204
BL51 BANKED LINKER/LOCATER V6.22                                                      03/01/2022  15:26:07  PAGE 22


  C:1470H         LINE#         205
  -------         ENDPROC       _LCD_READ_IC_ID
  -------         PROC          _WRITECOMM
  D:0004H         SYMBOL        i
  -------         DO            
  X:007AH         SYMBOL        j
  X:007BH         SYMBOL        DataH
  -------         ENDDO         
  C:38CFH         LINE#         208
  C:38D1H         LINE#         209
  C:38D1H         LINE#         211
  C:38D5H         LINE#         212
  C:38D7H         LINE#         215
  C:38D7H         LINE#         216
  C:38D9H         LINE#         217
  C:38DBH         LINE#         218
  C:38DDH         LINE#         219
  C:38DFH         LINE#         220
  C:38E1H         LINE#         221
  C:38E1H         LINE#         319
  C:38E3H         LINE#         320
  -------         ENDPROC       _WRITECOMM
  -------         PROC          L?0451
  -------         ENDPROC       L?0451
  -------         PROC          _WRITEDATA
  D:0004H         SYMBOL        i
  -------         DO            
  X:007AH         SYMBOL        j
  X:007BH         SYMBOL        DataH
  -------         ENDDO         
  C:3875H         LINE#         322
  C:3877H         LINE#         323
  C:3877H         LINE#         325
  C:387BH         LINE#         326
  C:387DH         LINE#         329
  C:387DH         LINE#         330
  C:387FH         LINE#         331
  C:3881H         LINE#         332
  C:3883H         LINE#         333
  C:3885H         LINE#         334
  C:3887H         LINE#         335
  C:3887H         LINE#         514
  C:3889H         LINE#         515
  -------         ENDPROC       _WRITEDATA
  C:3701H         SYMBOL        L?0450
  -------         PROC          L?0449
  -------         ENDPROC       L?0449
  C:3701H         SYMBOL        L?0450
  -------         PROC          _WRITEDISPDATA
  D:0007H         SYMBOL        DataH
  D:0005H         SYMBOL        DataL
  -------         DO            
  X:007AH         SYMBOL        j
  -------         ENDDO         
  C:3716H         LINE#         517
  C:3716H         LINE#         518
  C:3716H         LINE#         520
BL51 BANKED LINKER/LOCATER V6.22                                                      03/01/2022  15:26:07  PAGE 23


  C:3718H         LINE#         523
  C:3718H         LINE#         524
  C:371AH         LINE#         525
  C:371CH         LINE#         526
  C:371EH         LINE#         527
  C:3720H         LINE#         528
  C:3722H         LINE#         529
  C:3726H         LINE#         530
  C:3728H         LINE#         531
  C:372AH         LINE#         532
  C:372AH         LINE#         639
  C:372CH         LINE#         640
  -------         ENDPROC       _WRITEDISPDATA
  -------         PROC          _WRITEONEDOT
  D:0004H         SYMBOL        color
  C:3941H         LINE#         642
  C:3945H         LINE#         643
  C:3945H         LINE#         656
  -------         ENDPROC       _WRITEONEDOT
  -------         PROC          LCD_INIT
  C:1697H         LINE#         665
  C:1697H         LINE#         666
  C:1697H         LINE#         667
  C:169AH         LINE#         670
  C:169CH         LINE#         671
  C:16A3H         LINE#         673
  C:16A5H         LINE#         674
  C:16ACH         LINE#         676
  C:16AEH         LINE#         677
  C:16B5H         LINE#         6289
  C:16BCH         LINE#         6290
  C:16C1H         LINE#         6291
  C:16C8H         LINE#         6292
  C:16CCH         LINE#         6293
  C:16D1H         LINE#         6294
  C:16D6H         LINE#         6295
  C:16DBH         LINE#         6296
  C:16E0H         LINE#         6297
  C:16E5H         LINE#         6298
  C:16EAH         LINE#         6299
  C:16EFH         LINE#         6300
  C:16F4H         LINE#         6301
  C:16F9H         LINE#         6302
  C:16FEH         LINE#         6303
  C:1703H         LINE#         6304
  C:1708H         LINE#         6306
  C:170DH         LINE#         6307
  C:1712H         LINE#         6308
  C:1717H         LINE#         6309
  C:171CH         LINE#         6311
  C:1721H         LINE#         6312
  C:1726H         LINE#         6314
  C:172BH         LINE#         6315
  C:1730H         LINE#         6317
  C:1735H         LINE#         6318
  C:173AH         LINE#         6320
  C:173FH         LINE#         6321
BL51 BANKED LINKER/LOCATER V6.22                                                      03/01/2022  15:26:07  PAGE 24


  C:1744H         LINE#         6323
  C:1749H         LINE#         6324
  C:174EH         LINE#         6326
  C:1753H         LINE#         6327
  C:1758H         LINE#         6329
  C:175DH         LINE#         6330
  C:1762H         LINE#         6332
  C:1767H         LINE#         6333
  C:176CH         LINE#         6335
  C:1771H         LINE#         6336
  C:1776H         LINE#         6338
  C:177BH         LINE#         6339
  C:1780H         LINE#         6341
  C:1785H         LINE#         6342
  C:178AH         LINE#         6344
  C:178FH         LINE#         6345
  C:1794H         LINE#         6346
  C:1797H         LINE#         6348
  C:179CH         LINE#         6349
  C:17A1H         LINE#         6350
  C:17A6H         LINE#         6351
  C:17ABH         LINE#         6353
  C:17B0H         LINE#         6354
  C:17B5H         LINE#         6362
  C:17BAH         LINE#         6363
  C:17BFH         LINE#         6364
  C:17C4H         LINE#         6365
  C:17C9H         LINE#         6368
  C:17CEH         LINE#         6369
  C:17D3H         LINE#         6370
  C:17D8H         LINE#         6371
  C:17DDH         LINE#         6372
  C:17E2H         LINE#         6373
  C:17E7H         LINE#         6374
  C:17ECH         LINE#         6375
  C:17F1H         LINE#         6376
  C:17F6H         LINE#         6377
  C:17FBH         LINE#         6378
  C:1800H         LINE#         6379
  C:1805H         LINE#         6380
  C:180AH         LINE#         6381
  C:180FH         LINE#         6382
  C:1814H         LINE#         6383
  C:1819H         LINE#         6384
  C:181EH         LINE#         6385
  C:1823H         LINE#         6386
  C:1828H         LINE#         6387
  C:182DH         LINE#         6388
  C:1832H         LINE#         6389
  C:1837H         LINE#         6390
  C:183CH         LINE#         6391
  C:1841H         LINE#         6393
  C:1846H         LINE#         6394
  C:184AH         LINE#         6395
  C:184FH         LINE#         6397
  C:1856H         LINE#         6398
  C:185BH         LINE#         6400
BL51 BANKED LINKER/LOCATER V6.22                                                      03/01/2022  15:26:07  PAGE 25


  C:1860H         LINE#         6401
  C:1865H         LINE#         6403
  C:186AH         LINE#         6404
  -------         ENDPROC       LCD_INIT
  C:2B22H         SYMBOL        L?0443
  C:2B28H         SYMBOL        L?0444
  C:2B31H         SYMBOL        L?0445
  -------         PROC          L?0442
  -------         ENDPROC       L?0442
  C:2B22H         SYMBOL        L?0443
  C:2B28H         SYMBOL        L?0444
  C:2B31H         SYMBOL        L?0445
  -------         PROC          _?BLOCKWRITE
  p:0000H         SYMBOL        Xstart
  p:0002H         SYMBOL        Xend
  p:0004H         SYMBOL        Ystart
  p:0006H         SYMBOL        Yend
  C:2B3BH         LINE#         7101
  C:2B5CH         LINE#         7248
  C:2B63H         LINE#         7249
  C:2B6AH         LINE#         7250
  C:2B72H         LINE#         7251
  C:2B7DH         LINE#         7252
  C:2B87H         LINE#         7254
  C:2B8CH         LINE#         7255
  C:2B96H         LINE#         7257
  C:2B9DH         LINE#         7258
  C:2BA7H         LINE#         7259
  C:2BAEH         LINE#         7265
  C:2BB3H         LINE#         7268
  C:2BB6H         LINE#         7273
  -------         ENDPROC       _?BLOCKWRITE
  -------         PROC          _DISPCOLOR
  D:0004H         SYMBOL        color
  -------         DO            
  X:0059H         SYMBOL        i
  D:0002H         SYMBOL        m
  X:005BH         SYMBOL        DataH
  X:005CH         SYMBOL        DataL
  -------         ENDDO         
  C:0046H         LINE#         7330
  C:0048H         LINE#         7331
  C:0048H         LINE#         7334
  C:004EH         LINE#         7336
  C:0051H         LINE#         7338
  C:0053H         LINE#         7339
  C:0059H         LINE#         7340
  C:0059H         LINE#         7341
  C:005CH         LINE#         7342
  C:005CH         LINE#         7343
  C:0066H         LINE#         7344
  C:0071H         LINE#         7345
  C:0087H         LINE#         7347
  C:0089H         LINE#         7348
  -------         ENDPROC       _DISPCOLOR
  -------         PROC          DISPFRAME
  -------         DO            
BL51 BANKED LINKER/LOCATER V6.22                                                      03/01/2022  15:26:07  PAGE 26


  D:0002H         SYMBOL        i
  X:0059H         SYMBOL        j
  D:0001H         SYMBOL        DataH
  D:0006H         SYMBOL        DataL
  -------         ENDDO         
  C:29DDH         LINE#         7350
  C:29DDH         LINE#         7351
  C:29DDH         LINE#         7354
  C:29E0H         LINE#         7356
  C:29E2H         LINE#         7359
  C:29E6H         LINE#         7360
  C:29ECH         LINE#         7362
  C:29ECH         LINE#         7363
  C:29ECH         LINE#         7364
  C:29F0H         LINE#         7365
  C:29F7H         LINE#         7366
  C:2A02H         LINE#         7368
  C:2A06H         LINE#         7369
  C:2A0CH         LINE#         7371
  C:2A11H         LINE#         7372
  C:2A11H         LINE#         7373
  C:2A15H         LINE#         7374
  C:2A1BH         LINE#         7376
  C:2A1DH         LINE#         7377
  C:2A1DH         LINE#         7378
  C:2A20H         LINE#         7379
  C:2A25H         LINE#         7380
  C:2A30H         LINE#         7382
  C:2A34H         LINE#         7383
  C:2A3AH         LINE#         7385
  C:2A50H         LINE#         7387
  C:2A54H         LINE#         7388
  C:2A5AH         LINE#         7390
  C:2A5CH         LINE#         7391
  C:2A5CH         LINE#         7392
  C:2A60H         LINE#         7393
  C:2A67H         LINE#         7394
  C:2A72H         LINE#         7396
  C:2A76H         LINE#         7397
  C:2A7CH         LINE#         7399
  C:2A7EH         LINE#         7400
  C:2A80H         LINE#         7401
  -------         ENDPROC       DISPFRAME
  -------         PROC          DISPBAND
  -------         DO            
  D:0002H         SYMBOL        i
  X:0059H         SYMBOL        j
  X:005AH         SYMBOL        k
  X:005BH         SYMBOL        m
  X:005CH         SYMBOL        n
  X:005DH         SYMBOL        x
  -------         ENDDO         
  C:1BEAH         LINE#         7403
  C:1BEAH         LINE#         7404
  C:1BEAH         LINE#         7407
  C:1BF3H         LINE#         7408
  C:1BFCH         LINE#         7409
BL51 BANKED LINKER/LOCATER V6.22                                                      03/01/2022  15:26:07  PAGE 27


  C:1BFEH         LINE#         7411
  C:1C06H         LINE#         7412
  C:1C12H         LINE#         7413
  C:1C12H         LINE#         7414
  C:1C2DH         LINE#         7415
  C:1C48H         LINE#         7416
  C:1C74H         LINE#         7417
  C:1C7BH         LINE#         7418
  C:1C8AH         LINE#         7419
  C:1C8AH         LINE#         7420
  C:1CA5H         LINE#         7421
  C:1CC0H         LINE#         7422
  C:1CECH         LINE#         7423
  C:1CF3H         LINE#         7424
  C:1D09H         LINE#         7425
  C:1D09H         LINE#         7426
  C:1D24H         LINE#         7427
  C:1D3FH         LINE#         7428
  C:1D6BH         LINE#         7429
  C:1D72H         LINE#         7431
  C:1D74H         LINE#         7432
  C:1D77H         LINE#         7434
  -------         ENDPROC       DISPBAND
  -------         PROC          _DISPPIC
  D:0006H         SYMBOL        picture
  -------         DO            
  X:0014H         SYMBOL        p
  X:0017H         SYMBOL        n
  -------         ENDDO         
  C:3356H         LINE#         7437
  C:3356H         LINE#         7438
  C:3356H         LINE#         7441
  C:3365H         LINE#         7442
  C:3365H         LINE#         7443
  C:3365H         LINE#         7445
  C:3376H         LINE#         7447
  C:3389H         LINE#         7448
  C:3389H         LINE#         7449
  C:33A9H         LINE#         7450
  C:33B6H         LINE#         7452
  -------         ENDPROC       _DISPPIC
  -------         PROC          _DISPPICFROMSD
  X:0019H         SYMBOL        PicNum
  -------         DO            
  X:001AH         SYMBOL        Address_S
  X:001EH         SYMBOL        Address_E
  D:0002H         SYMBOL        i
  X:0022H         SYMBOL        k
  -------         ENDDO         
  C:2491H         LINE#         7456
  C:2494H         LINE#         7457
  C:2494H         LINE#         7463
  C:2497H         LINE#         7466
  C:2499H         LINE#         7468
  C:249BH         LINE#         7470
  C:24A4H         LINE#         7471
  C:24CFH         LINE#         7472
BL51 BANKED LINKER/LOCATER V6.22                                                      03/01/2022  15:26:07  PAGE 28


  C:24F8H         LINE#         7473
  C:251BH         LINE#         7474
  C:251BH         LINE#         7475
  C:252BH         LINE#         7477
  C:2534H         LINE#         7478
  C:2534H         LINE#         7480
  C:254FH         LINE#         7481
  C:2558H         LINE#         7482
  C:2577H         LINE#         7484
  C:2579H         LINE#         7522
  -------         ENDPROC       _DISPPICFROMSD
  -------         PROC          DISPSCALEHOR1
  -------         DO            
  X:0026H         SYMBOL        i
  X:0028H         SYMBOL        j
  D:0002H         SYMBOL        k
  -------         ENDDO         
  C:1471H         LINE#         7527
  C:1471H         LINE#         7528
  C:1471H         LINE#         7531
  C:1474H         LINE#         7534
  C:1474H         LINE#         7535
  C:1474H         LINE#         7536
  C:1496H         LINE#         7537
  C:149CH         LINE#         7538
  C:149CH         LINE#         7539
  C:14A2H         LINE#         7540
  C:14A2H         LINE#         7541
  C:14B7H         LINE#         7542
  C:14CDH         LINE#         7543
  C:14E3H         LINE#         7545
  C:14EEH         LINE#         7548
  C:14F1H         LINE#         7549
  C:14F1H         LINE#         7550
  C:1513H         LINE#         7551
  C:1519H         LINE#         7552
  C:1519H         LINE#         7553
  C:151FH         LINE#         7554
  C:151FH         LINE#         7555
  C:154AH         LINE#         7556
  C:1560H         LINE#         7557
  C:1576H         LINE#         7558
  C:1584H         LINE#         7561
  C:1587H         LINE#         7562
  C:1587H         LINE#         7563
  C:15A9H         LINE#         7564
  C:15AFH         LINE#         7565
  C:15AFH         LINE#         7566
  C:15B5H         LINE#         7567
  C:15B5H         LINE#         7568
  C:15BFH         LINE#         7569
  C:15D5H         LINE#         7570
  C:15EBH         LINE#         7571
  C:15F6H         LINE#         7574
  C:15F9H         LINE#         7575
  C:15F9H         LINE#         7576
  C:161BH         LINE#         7577
BL51 BANKED LINKER/LOCATER V6.22                                                      03/01/2022  15:26:07  PAGE 29


  C:1621H         LINE#         7578
  C:1621H         LINE#         7579
  C:1627H         LINE#         7580
  C:1627H         LINE#         7581
  C:165AH         LINE#         7582
  C:1670H         LINE#         7583
  C:1686H         LINE#         7584
  C:1694H         LINE#         7585
  C:1696H         LINE#         7586
  -------         ENDPROC       DISPSCALEHOR1
  -------         PROC          DISPSCALEVER
  -------         DO            
  X:002AH         SYMBOL        i
  X:002CH         SYMBOL        j
  D:0002H         SYMBOL        k
  -------         ENDDO         
  C:213DH         LINE#         7588
  C:213DH         LINE#         7589
  C:213DH         LINE#         7658
  C:2140H         LINE#         7660
  C:2146H         LINE#         7661
  C:2146H         LINE#         7662
  C:214CH         LINE#         7663
  C:214CH         LINE#         7664
  C:2152H         LINE#         7665
  C:2168H         LINE#         7666
  C:216FH         LINE#         7668
  C:2172H         LINE#         7669
  C:2172H         LINE#         7671
  C:2178H         LINE#         7672
  C:2178H         LINE#         7674
  C:217EH         LINE#         7675
  C:217EH         LINE#         7676
  C:2190H         LINE#         7677
  C:21A6H         LINE#         7679
  C:21ACH         LINE#         7680
  C:21ACH         LINE#         7681
  C:21D4H         LINE#         7682
  C:21EAH         LINE#         7684
  C:21F0H         LINE#         7685
  C:21F0H         LINE#         7686
  C:21F7H         LINE#         7687
  C:220DH         LINE#         7689
  C:2213H         LINE#         7690
  C:2213H         LINE#         7691
  C:2227H         LINE#         7692
  C:223DH         LINE#         7694
  C:2256H         LINE#         7696
  C:2264H         LINE#         7698
  -------         ENDPROC       DISPSCALEVER
  -------         PROC          DISPSCALEVER_RED
  -------         DO            
  X:002EH         SYMBOL        i
  X:0030H         SYMBOL        j
  D:0002H         SYMBOL        k
  -------         ENDDO         
  C:2CEEH         LINE#         7700
BL51 BANKED LINKER/LOCATER V6.22                                                      03/01/2022  15:26:07  PAGE 30


  C:2CEEH         LINE#         7701
  C:2CEEH         LINE#         7704
  C:2CF1H         LINE#         7706
  C:2CF3H         LINE#         7708
  C:2CF5H         LINE#         7711
  C:2CFBH         LINE#         7712
  C:2CFBH         LINE#         7713
  C:2D01H         LINE#         7714
  C:2D01H         LINE#         7715
  C:2D07H         LINE#         7716
  C:2D1DH         LINE#         7717
  C:2D24H         LINE#         7719
  C:2D27H         LINE#         7720
  C:2D27H         LINE#         7721
  C:2D2DH         LINE#         7722
  C:2D2DH         LINE#         7724
  C:2D33H         LINE#         7725
  C:2D33H         LINE#         7726
  C:2D45H         LINE#         7727
  C:2D5BH         LINE#         7728
  C:2D71H         LINE#         7730
  C:2D7CH         LINE#         7732
  C:2D7EH         LINE#         7733
  -------         ENDPROC       DISPSCALEVER_RED
  -------         PROC          DISPSCALEVER_GREEN
  -------         DO            
  X:0032H         SYMBOL        i
  X:0034H         SYMBOL        j
  D:0002H         SYMBOL        k
  -------         ENDDO         
  C:2A81H         LINE#         7735
  C:2A81H         LINE#         7736
  C:2A81H         LINE#         7739
  C:2A84H         LINE#         7741
  C:2A86H         LINE#         7742
  C:2A88H         LINE#         7745
  C:2A8EH         LINE#         7746
  C:2A8EH         LINE#         7747
  C:2A94H         LINE#         7748
  C:2A94H         LINE#         7749
  C:2A9AH         LINE#         7751
  C:2AB0H         LINE#         7752
  C:2AB7H         LINE#         7754
  C:2ABAH         LINE#         7755
  C:2ABAH         LINE#         7756
  C:2AC0H         LINE#         7757
  C:2AC0H         LINE#         7759
  C:2AC6H         LINE#         7760
  C:2AC6H         LINE#         7762
  C:2AE7H         LINE#         7763
  C:2AFDH         LINE#         7764
  C:2B13H         LINE#         7766
  C:2B1EH         LINE#         7768
  C:2B20H         LINE#         7769
  -------         ENDPROC       DISPSCALEVER_GREEN
  -------         PROC          DISPSCALEVER_BLUE
  -------         DO            
BL51 BANKED LINKER/LOCATER V6.22                                                      03/01/2022  15:26:07  PAGE 31


  X:0036H         SYMBOL        i
  X:0038H         SYMBOL        j
  D:0002H         SYMBOL        k
  -------         ENDDO         
  C:2F2CH         LINE#         7771
  C:2F2CH         LINE#         7772
  C:2F2CH         LINE#         7775
  C:2F2FH         LINE#         7777
  C:2F31H         LINE#         7778
  C:2F33H         LINE#         7781
  C:2F39H         LINE#         7782
  C:2F39H         LINE#         7783
  C:2F3FH         LINE#         7784
  C:2F3FH         LINE#         7785
  C:2F45H         LINE#         7786
  C:2F5BH         LINE#         7787
  C:2F62H         LINE#         7789
  C:2F65H         LINE#         7790
  C:2F65H         LINE#         7791
  C:2F6BH         LINE#         7792
  C:2F6BH         LINE#         7794
  C:2F71H         LINE#         7795
  C:2F71H         LINE#         7796
  C:2F78H         LINE#         7797
  C:2F8EH         LINE#         7798
  C:2FA4H         LINE#         7800
  C:2FAFH         LINE#         7802
  C:2FB1H         LINE#         7803
  -------         ENDPROC       DISPSCALEVER_BLUE
  -------         PROC          DISPSCALEVER_GRAY
  -------         DO            
  X:003AH         SYMBOL        i
  X:003CH         SYMBOL        j
  D:0002H         SYMBOL        k
  -------         ENDDO         
  C:2D7FH         LINE#         7805
  C:2D7FH         LINE#         7806
  C:2D7FH         LINE#         7809
  C:2D82H         LINE#         7811
  C:2D84H         LINE#         7816
  C:2D8AH         LINE#         7817
  C:2D8AH         LINE#         7818
  C:2D90H         LINE#         7819
  C:2D90H         LINE#         7820
  C:2D96H         LINE#         7822
  C:2DACH         LINE#         7823
  C:2DB3H         LINE#         7825
  C:2DB6H         LINE#         7826
  C:2DB6H         LINE#         7827
  C:2DBCH         LINE#         7828
  C:2DBCH         LINE#         7830
  C:2DC2H         LINE#         7831
  C:2DC2H         LINE#         7832
  C:2DD6H         LINE#         7833
  C:2DECH         LINE#         7834
  C:2E02H         LINE#         7836
  C:2E0DH         LINE#         7838
BL51 BANKED LINKER/LOCATER V6.22                                                      03/01/2022  15:26:07  PAGE 32


  C:2E0FH         LINE#         7839
  -------         ENDPROC       DISPSCALEVER_GRAY
  -------         PROC          DISPGRAYHOR16
  -------         DO            
  X:0059H         SYMBOL        i
  D:0002H         SYMBOL        j
  X:005BH         SYMBOL        k
  -------         ENDDO         
  C:2BBDH         LINE#         7841
  C:2BBDH         LINE#         7842
  C:2BBDH         LINE#         7845
  C:2BC0H         LINE#         7847
  C:2BC2H         LINE#         7848
  C:2BC4H         LINE#         7850
  C:2BCAH         LINE#         7851
  C:2BCAH         LINE#         7852
  C:2BD3H         LINE#         7853
  C:2BD3H         LINE#         7854
  C:2BD9H         LINE#         7855
  C:2BE0H         LINE#         7857
  C:2BE3H         LINE#         7858
  C:2BE3H         LINE#         7859
  C:2BE9H         LINE#         7860
  C:2BE9H         LINE#         7861
  C:2C1BH         LINE#         7862
  C:2C31H         LINE#         7863
  C:2C3CH         LINE#         7864
  C:2C55H         LINE#         7866
  C:2C57H         LINE#         7867
  -------         ENDPROC       DISPGRAYHOR16
  -------         PROC          DISPGRAYHOR32
  -------         DO            
  X:003EH         SYMBOL        i
  D:0002H         SYMBOL        j
  X:0040H         SYMBOL        k
  -------         ENDDO         
  C:30B5H         LINE#         7869
  C:30B5H         LINE#         7870
  C:30B5H         LINE#         7873
  C:30B8H         LINE#         7875
  C:30BAH         LINE#         7877
  C:30C0H         LINE#         7878
  C:30C0H         LINE#         7879
  C:30C3H         LINE#         7880
  C:30C3H         LINE#         7881
  C:30C9H         LINE#         7882
  C:30D4H         LINE#         7884
  C:30D7H         LINE#         7885
  C:30D7H         LINE#         7886
  C:30DDH         LINE#         7887
  C:30DDH         LINE#         7888
  C:30F1H         LINE#         7889
  C:3107H         LINE#         7890
  C:3112H         LINE#         7891
  C:3128H         LINE#         7893
  C:312AH         LINE#         7894
  -------         ENDPROC       DISPGRAYHOR32
BL51 BANKED LINKER/LOCATER V6.22                                                      03/01/2022  15:26:07  PAGE 33


  -------         PROC          DISPSCALEHOR2
  -------         DO            
  X:0042H         SYMBOL        j
  D:0002H         SYMBOL        k
  -------         ENDDO         
  C:1A30H         LINE#         7896
  C:1A30H         LINE#         7897
  C:1A30H         LINE#         7900
  C:1A33H         LINE#         7902
  C:1A33H         LINE#         7903
  C:1A33H         LINE#         7904
  C:1A39H         LINE#         7905
  C:1A56H         LINE#         7906
  C:1A61H         LINE#         7907
  C:1A64H         LINE#         7908
  C:1A64H         LINE#         7909
  C:1A6AH         LINE#         7910
  C:1A87H         LINE#         7911
  C:1A92H         LINE#         7912
  C:1A95H         LINE#         7913
  C:1A95H         LINE#         7914
  C:1A9BH         LINE#         7915
  C:1AB8H         LINE#         7916
  C:1AC3H         LINE#         7917
  C:1AC6H         LINE#         7918
  C:1AC6H         LINE#         7919
  C:1ACCH         LINE#         7920
  C:1AE9H         LINE#         7921
  C:1AF4H         LINE#         7922
  C:1AF7H         LINE#         7923
  C:1AF7H         LINE#         7924
  C:1AFDH         LINE#         7925
  C:1B1AH         LINE#         7926
  C:1B25H         LINE#         7927
  C:1B28H         LINE#         7928
  C:1B28H         LINE#         7929
  C:1B2EH         LINE#         7930
  C:1B4BH         LINE#         7931
  C:1B56H         LINE#         7932
  C:1B59H         LINE#         7933
  C:1B59H         LINE#         7934
  C:1B5FH         LINE#         7935
  C:1B7CH         LINE#         7936
  C:1B87H         LINE#         7937
  C:1B8AH         LINE#         7938
  C:1B8AH         LINE#         7939
  C:1B90H         LINE#         7940
  C:1BACH         LINE#         7941
  C:1BB7H         LINE#         7942
  C:1BC0H         LINE#         7943
  C:1BC0H         LINE#         7944
  C:1BC6H         LINE#         7945
  C:1BE2H         LINE#         7946
  C:1BE9H         LINE#         7948
  -------         ENDPROC       DISPSCALEHOR2
  -------         PROC          _TOORD
  D:0007H         SYMBOL        ch
BL51 BANKED LINKER/LOCATER V6.22                                                      03/01/2022  15:26:07  PAGE 34


  C:33B7H         LINE#         8053
  C:33B7H         LINE#         8054
  C:33B7H         LINE#         8055
  C:33BDH         LINE#         8056
  C:33BDH         LINE#         8057
  C:33BFH         LINE#         8058
  C:33C1H         LINE#         8059
  C:33CDH         LINE#         8060
  C:33CDH         LINE#         8061
  C:33D1H         LINE#         8062
  C:33D3H         LINE#         8063
  C:33DFH         LINE#         8064
  C:33DFH         LINE#         8065
  C:33E3H         LINE#         8066
  C:33E5H         LINE#         8067
  C:33F1H         LINE#         8068
  C:33F1H         LINE#         8069
  C:33F5H         LINE#         8070
  C:33F7H         LINE#         8071
  C:3403H         LINE#         8072
  C:3403H         LINE#         8073
  C:3407H         LINE#         8074
  C:3409H         LINE#         8075
  C:340FH         LINE#         8076
  C:340FH         LINE#         8077
  C:3411H         LINE#         8078
  C:3411H         LINE#         8080
  C:3411H         LINE#         8081
  -------         ENDPROC       _TOORD
  C:264FH         SYMBOL        L?0447
  C:2667H         SYMBOL        L?0448
  -------         PROC          L?0446
  -------         ENDPROC       L?0446
  C:264FH         SYMBOL        L?0447
  C:2667H         SYMBOL        L?0448
  -------         PROC          _DISPONECHAR
  X:006DH         SYMBOL        ord
  D:0006H         SYMBOL        Xstart
  D:0002H         SYMBOL        Ystart
  X:0072H         SYMBOL        TextColor
  X:0074H         SYMBOL        BackColor
  -------         DO            
  X:0076H         SYMBOL        i
  D:0002H         SYMBOL        j
  X:0077H         SYMBOL        p
  D:0003H         SYMBOL        dat
  D:0006H         SYMBOL        index
  -------         ENDDO         
  C:2677H         LINE#         8083
  C:267FH         LINE#         8084
  C:267FH         LINE#         8090
  C:2699H         LINE#         8092
  C:269FH         LINE#         8094
  C:26A7H         LINE#         8095
  C:26A9H         LINE#         8097
  C:26B7H         LINE#         8099
  C:26C4H         LINE#         8100
BL51 BANKED LINKER/LOCATER V6.22                                                      03/01/2022  15:26:07  PAGE 35


  C:26CBH         LINE#         8102
  C:26CFH         LINE#         8103
  C:26CFH         LINE#         8104
  C:26E4H         LINE#         8105
[...]
  C:1130H         LINE#         302
  C:1130H         LINE#         303
  C:1133H         LINE#         304
  C:1135H         LINE#         305
  C:1135H         LINE#         306
  C:1138H         LINE#         307
  C:113AH         LINE#         308
  C:113AH         LINE#         309
  C:113DH         LINE#         310
  C:113DH         LINE#         311
  C:113DH         LINE#         312
  C:113DH         LINE#         313
  C:113DH         LINE#         314
  C:1148H         LINE#         315
  C:1148H         LINE#         316
  C:114EH         LINE#         317
  C:115DH         LINE#         318
  C:115DH         LINE#         319
  C:1162H         LINE#         320
  C:1165H         LINE#         321
  C:1174H         LINE#         322
  C:1174H         LINE#         323
  C:1189H         LINE#         324
  C:118EH         LINE#         325
  C:1196H         LINE#         326
  C:11A0H         LINE#         327
  C:11AEH         LINE#         328
BL51 BANKED LINKER/LOCATER V6.22                                                      03/01/2022  15:26:07  PAGE 43


  C:11BCH         LINE#         329
  C:11BEH         LINE#         331
  C:11BEH         LINE#         332
  C:11C3H         LINE#         333
  C:11C6H         LINE#         334
  C:11DEH         LINE#         335
  C:11DEH         LINE#         336
  C:11F7H         LINE#         337
  C:11FCH         LINE#         338
  C:1204H         LINE#         339
  C:120BH         LINE#         340
  C:1210H         LINE#         341
  C:1210H         LINE#         342
  C:1224H         LINE#         343
  C:1224H         LINE#         344
  C:122BH         LINE#         345
  C:1230H         LINE#         346
  C:1230H         LINE#         347
  C:123EH         LINE#         348
  C:123EH         LINE#         349
  -------         ENDPROC       USBXCORE_HANDLE_SETUP
  -------         PROC          USBXCORE_FORCE_STALL
  C:3854H         LINE#         356
  C:3854H         LINE#         358
  C:385FH         LINE#         359
  C:386AH         LINE#         360
  C:3870H         LINE#         361
  -------         ENDPROC       USBXCORE_FORCE_STALL
  -------         PROC          USBXCORE_GET_STATUS
  C:3213H         LINE#         367
  C:3213H         LINE#         369
  C:3222H         LINE#         370
  C:3222H         LINE#         371
  C:3222H         LINE#         372
  C:3222H         LINE#         373
  C:3222H         LINE#         374
  C:3224H         LINE#         375
  C:3224H         LINE#         379
  C:3224H         LINE#         381
  C:3232H         LINE#         385
  C:3232H         LINE#         386
  C:3232H         LINE#         387
  C:3232H         LINE#         388
  C:3234H         LINE#         390
  C:3234H         LINE#         392
  C:3242H         LINE#         396
  C:3242H         LINE#         397
  C:324FH         LINE#         398
  C:324FH         LINE#         399
  C:3251H         LINE#         401
  C:3251H         LINE#         402
  C:325FH         LINE#         403
  C:3268H         LINE#         404
  C:3268H         LINE#         405
  C:3268H         LINE#         406
  C:326AH         LINE#         407
  C:326AH         LINE#         408
BL51 BANKED LINKER/LOCATER V6.22                                                      03/01/2022  15:26:07  PAGE 44


  C:326DH         LINE#         409
  C:326DH         LINE#         410
  C:326DH         LINE#         411
  C:3275H         LINE#         412
  C:3275H         LINE#         413
  C:3278H         LINE#         414
  C:327EH         LINE#         415
  C:3285H         LINE#         416
  C:3285H         LINE#         417
  -------         ENDPROC       USBXCORE_GET_STATUS
  -------         PROC          USBXCORE_CLEAR_FEATURE
  C:346CH         LINE#         423
  C:346CH         LINE#         425
  C:3472H         LINE#         426
  C:3472H         LINE#         428
  C:3479H         LINE#         429
  C:3479H         LINE#         430
  C:3484H         LINE#         436
  C:348FH         LINE#         437
  C:3494H         LINE#         438
  C:3496H         LINE#         440
  C:3496H         LINE#         442
  C:34A1H         LINE#         446
  C:34ACH         LINE#         447
  C:34B1H         LINE#         448
  C:34B1H         LINE#         449
  C:34B3H         LINE#         451
  C:34B3H         LINE#         452
  C:34B6H         LINE#         453
  C:34B6H         LINE#         454
  C:34C1H         LINE#         455
  -------         ENDPROC       USBXCORE_CLEAR_FEATURE
  -------         PROC          USBXCORE_VENDOR_USB_API
  C:257AH         LINE#         462
  C:257AH         LINE#         464
  C:2584H         LINE#         465
  C:2584H         LINE#         466
  C:258BH         LINE#         467
  C:258BH         LINE#         468
  C:258EH         LINE#         469
  C:2591H         LINE#         470
  C:2593H         LINE#         472
  C:2593H         LINE#         473
  C:259AH         LINE#         474
  C:259AH         LINE#         477
  C:25A5H         LINE#         482
  C:25B0H         LINE#         483
  C:25BBH         LINE#         485
  C:25BBH         LINE#         486
  C:25CEH         LINE#         487
  C:25CEH         LINE#         488
  C:25D2H         LINE#         489
  C:25DDH         LINE#         491
  C:25DDH         LINE#         492
  C:25F0H         LINE#         493
  C:25F0H         LINE#         494
  C:25F4H         LINE#         495
BL51 BANKED LINKER/LOCATER V6.22                                                      03/01/2022  15:26:07  PAGE 45


  C:25FFH         LINE#         497
  C:2605H         LINE#         498
  C:260DH         LINE#         499
  C:260DH         LINE#         500
  C:2610H         LINE#         501
  C:2610H         LINE#         502
  C:2610H         LINE#         503
  C:261BH         LINE#         504
  C:261BH         LINE#         505
  C:2621H         LINE#         506
  C:2628H         LINE#         507
  C:2628H         LINE#         508
  C:262CH         LINE#         509
  C:262CH         LINE#         510
  C:2632H         LINE#         511
  C:2639H         LINE#         512
  C:2639H         LINE#         513
  C:2644H         LINE#         514
  -------         ENDPROC       USBXCORE_VENDOR_USB_API
  -------         PROC          USBXCORE_SET_FEATURE
  C:34C4H         LINE#         521
  C:34C4H         LINE#         523
  C:34CAH         LINE#         524
  C:34CAH         LINE#         526
  C:34D1H         LINE#         527
  C:34D1H         LINE#         528
  C:34DCH         LINE#         534
  C:34E7H         LINE#         535
  C:34EAH         LINE#         536
  C:34ECH         LINE#         538
  C:34ECH         LINE#         540
  C:34F7H         LINE#         544
  C:3502H         LINE#         545
  C:3508H         LINE#         546
  C:3508H         LINE#         548
  C:350AH         LINE#         550
  C:350AH         LINE#         551
  C:350DH         LINE#         552
  C:350DH         LINE#         553
  C:3518H         LINE#         554
  -------         ENDPROC       USBXCORE_SET_FEATURE
  -------         PROC          USBXCORE_SET_ADDRESS
  C:3815H         LINE#         561
  C:3815H         LINE#         563
  C:3824H         LINE#         564
  C:382AH         LINE#         565
  C:382AH         LINE#         566
  C:382DH         LINE#         567
  C:382FH         LINE#         569
  C:382FH         LINE#         570
  C:3832H         LINE#         571
  C:3832H         LINE#         572
  -------         ENDPROC       USBXCORE_SET_ADDRESS
  -------         PROC          USBXCORE_GET_DESCRIPTOR
  C:287CH         LINE#         579
  C:287CH         LINE#         580
  C:288BH         LINE#         581
BL51 BANKED LINKER/LOCATER V6.22                                                      03/01/2022  15:26:07  PAGE 46


  C:288BH         LINE#         582
  C:288BH         LINE#         583
  C:2899H         LINE#         584
  C:289DH         LINE#         585
  C:289FH         LINE#         586
  C:289FH         LINE#         587
  C:28ADH         LINE#         588
  C:28C0H         LINE#         589
  C:28C2H         LINE#         590
  C:28C2H         LINE#         591
  C:28E6H         LINE#         592
  C:28F2H         LINE#         593
  C:28F4H         LINE#         594
  C:28F4H         LINE#         595
  C:28F7H         LINE#         596
  C:28F7H         LINE#         597
  C:28F7H         LINE#         598
  C:290DH         LINE#         599
  C:290DH         LINE#         600
  C:2915H         LINE#         601
  C:2915H         LINE#         602
  C:291DH         LINE#         603
  C:291DH         LINE#         604
  C:2920H         LINE#         605
  C:2926H         LINE#         606
  C:292DH         LINE#         607
  C:292DH         LINE#         608
  -------         ENDPROC       USBXCORE_GET_DESCRIPTOR
  -------         PROC          USBXCORE_GET_CONFIGURATION
  C:3612H         LINE#         614
  C:3612H         LINE#         616
  C:361AH         LINE#         617
  C:361AH         LINE#         618
  C:3626H         LINE#         619
  C:362EH         LINE#         620
  C:362EH         LINE#         621
  C:3632H         LINE#         622
  C:3632H         LINE#         623
  C:3640H         LINE#         624
  C:3648H         LINE#         625
  C:3648H         LINE#         626
  C:364BH         LINE#         627
  C:3651H         LINE#         628
  C:3658H         LINE#         629
  -------         ENDPROC       USBXCORE_GET_CONFIGURATION
  -------         PROC          USBXCORE_SET_CONFIGURATION
  C:3412H         LINE#         635
  C:3412H         LINE#         637
  C:341BH         LINE#         638
  C:341BH         LINE#         639
  C:3422H         LINE#         640
  C:3428H         LINE#         641
  C:342DH         LINE#         642
  C:342FH         LINE#         644
  C:343AH         LINE#         645
  C:3445H         LINE#         646
  C:3450H         LINE#         653
BL51 BANKED LINKER/LOCATER V6.22                                                      03/01/2022  15:26:07  PAGE 47


  C:345BH         LINE#         654
  C:345DH         LINE#         656
  C:345DH         LINE#         657
  C:3463H         LINE#         658
  C:3467H         LINE#         659
  C:3469H         LINE#         660
  C:3469H         LINE#         661
  -------         ENDPROC       USBXCORE_SET_CONFIGURATION
  -------         PROC          USBXCORE_GET_INTERFACE
  C:37A6H         LINE#         668
  C:37A6H         LINE#         670
  C:37B4H         LINE#         671
  C:37BCH         LINE#         672
  C:37BFH         LINE#         673
  C:37C5H         LINE#         674
  C:37CCH         LINE#         675
  -------         ENDPROC       USBXCORE_GET_INTERFACE
  -------         PROC          USBXCORE_SET_SOP
  C:38E4H         LINE#         682
  C:38E4H         LINE#         684
  C:38ECH         LINE#         685
  C:38ECH         LINE#         686
  C:38F7H         LINE#         687
  C:38F7H         LINE#         688
  -------         ENDPROC       USBXCORE_SET_SOP
  -------         PROC          USBXCORE_USB_ISR
  C:1D78H         LINE#         699
  C:1D95H         LINE#         702
  C:1D9BH         LINE#         703
  C:1DAEH         LINE#         706
  C:1DC1H         LINE#         709
  C:1DC5H         LINE#         710
  C:1DC5H         LINE#         711
  C:1DD0H         LINE#         712
  C:1DD0H         LINE#         714
  C:1DD7H         LINE#         715
  C:1DD7H         LINE#         716
  C:1DDAH         LINE#         717
  C:1DDAH         LINE#         719
  C:1DE1H         LINE#         720
  C:1DE1H         LINE#         721
  C:1DEEH         LINE#         722
  C:1DEEH         LINE#         723
  C:1DF5H         LINE#         724
  C:1DF5H         LINE#         725
  C:1DF5H         LINE#         727
  C:1DF5H         LINE#         728
  C:1DF5H         LINE#         730
  C:1DF5H         LINE#         732
  C:1E08H         LINE#         734
  C:1E0CH         LINE#         735
  C:1E0CH         LINE#         736
  C:1E0FH         LINE#         737
  C:1E0FH         LINE#         740
  C:1E16H         LINE#         741
  C:1E16H         LINE#         742
  C:1E21H         LINE#         748
BL51 BANKED LINKER/LOCATER V6.22                                                      03/01/2022  15:26:07  PAGE 48


  C:1E34H         LINE#         749
  C:1E39H         LINE#         750
  C:1E39H         LINE#         751
  C:1E40H         LINE#         752
  C:1E40H         LINE#         754
  C:1E40H         LINE#         756
  C:1E53H         LINE#         759
  C:1E57H         LINE#         760
  C:1E57H         LINE#         761
  C:1E62H         LINE#         767
  C:1E75H         LINE#         768
  C:1E79H         LINE#         769
  C:1E79H         LINE#         770
  C:1E80H         LINE#         771
  C:1E80H         LINE#         772
  C:1E80H         LINE#         775
  C:1E8EH         LINE#         776
  C:1E93H         LINE#         777
  C:1E99H         LINE#         778
  C:1E9EH         LINE#         781
  C:1EABH         LINE#         782
  C:1EABH         LINE#         783
  C:1EAEH         LINE#         784
  C:1EAEH         LINE#         785
  -------         ENDPROC       USBXCORE_USB_ISR
  -------         ENDMOD        USB_API

  -------         MODULE        USB_SUSPEND
  C:0000H         SYMBOL        _ICE_DUMMY_
  D:00D7H         PUBLIC        USB0XCN
  D:00C9H         PUBLIC        REG0CN
  C:372DH         PUBLIC        USB_Suspend
  D:00A9H         PUBLIC        CLKSEL
  D:00B2H         PUBLIC        OSCICN
  D:00B9H         PUBLIC        CLKMUL
  -------         PROC          USB_SUSPEND
  C:372DH         LINE#         70
  C:372DH         LINE#         72
  C:3730H         LINE#         74
  C:3733H         LINE#         76
  C:373BH         LINE#         79
  C:373EH         LINE#         80
  C:3741H         LINE#         81
  C:3744H         LINE#         82
  C:3747H         LINE#         84
  C:3748H         LINE#         86
  C:374BH         LINE#         88
  C:3751H         LINE#         92
  C:3754H         LINE#         94
  C:3757H         LINE#         95
  -------         ENDPROC       USB_SUSPEND
  -------         ENDMOD        USB_SUSPEND

  -------         MODULE        USB_INT_ENABLE
  C:0000H         SYMBOL        _ICE_DUMMY_
  C:388AH         PUBLIC        USB_Int_Enable
  D:0096H         PUBLIC        USB0ADR
BL51 BANKED LINKER/LOCATER V6.22                                                      03/01/2022  15:26:07  PAGE 49


  D:0097H         PUBLIC        USB0DAT
  -------         PROC          USB_INT_ENABLE
  C:388AH         LINE#         68
  C:388AH         LINE#         71
  C:3891H         LINE#         73
  C:3897H         LINE#         74
  C:3897H         LINE#         75
  C:38A2H         LINE#         77
  C:38A2H         LINE#         78
  -------         ENDPROC       USB_INT_ENABLE
  -------         ENDMOD        USB_INT_ENABLE

  -------         MODULE        USB_CLOCK_RECOVERY
  C:0000H         SYMBOL        _ICE_DUMMY_
  C:392AH         PUBLIC        USBXcore_ClkRec
  D:0096H         PUBLIC        USB0ADR
  D:0097H         PUBLIC        USB0DAT
  -------         PROC          USBXCORE_CLKREC
  C:392AH         LINE#         45
  C:392AH         LINE#         47
  C:3935H         LINE#         48
  -------         ENDPROC       USBXCORE_CLKREC
  -------         ENDMOD        USB_CLOCK_RECOVERY

  -------         MODULE        ?C?COPY
  C:0D6AH         PUBLIC        ?C?COPY
  -------         ENDMOD        ?C?COPY

  -------         MODULE        ?C?CLDPTR
  C:0D90H         PUBLIC        ?C?CLDPTR
  -------         ENDMOD        ?C?CLDPTR

  -------         MODULE        ?C?CLDOPTR
  C:0DA9H         PUBLIC        ?C?CLDOPTR
  -------         ENDMOD        ?C?CLDOPTR

  -------         MODULE        ?C?IMUL
  C:0DD6H         PUBLIC        ?C?IMUL
  -------         ENDMOD        ?C?IMUL

  -------         MODULE        ?C?IILDX
  C:0DE8H         PUBLIC        ?C?IILDX
  -------         ENDMOD        ?C?IILDX

  -------         MODULE        ?C?ILDOPTR
  C:0DFEH         PUBLIC        ?C?ILDOPTR
  -------         ENDMOD        ?C?ILDOPTR

  -------         MODULE        ?C?LMUL
  C:0E36H         PUBLIC        ?C?LMUL
  -------         ENDMOD        ?C?LMUL

  -------         MODULE        ?C?ULDIV
  C:0EC1H         PUBLIC        ?C?ULDIV
  -------         ENDMOD        ?C?ULDIV

  -------         MODULE        ?C?ULCMP
BL51 BANKED LINKER/LOCATER V6.22                                                      03/01/2022  15:26:07  PAGE 50


  C:0F53H         PUBLIC        ?C?ULCMP
  -------         ENDMOD        ?C?ULCMP

  -------         MODULE        ?C?ULSHR
  C:0F64H         PUBLIC        ?C?ULSHR
  -------         ENDMOD        ?C?ULSHR

  -------         MODULE        ?C?LSHL
  C:0F77H         PUBLIC        ?C?LSHL
  -------         ENDMOD        ?C?LSHL

  -------         MODULE        ?C?LLDIPDATA
  C:0F93H         PUBLIC        ?C?LLDIPDATA
  C:0F8AH         PUBLIC        ?C?LLDIPDATA1
  C:0F8CH         PUBLIC        ?C?LLDIPDATA8
  -------         ENDMOD        ?C?LLDIPDATA

  -------         MODULE        ?C?LSTXDATA
  C:0FAAH         PUBLIC        ?C?LSTXDATA
  -------         ENDMOD        ?C?LSTXDATA

  -------         MODULE        ?C?LSTPDATA
  C:0FB6H         PUBLIC        ?C?LSTPDATA
  -------         ENDMOD        ?C?LSTPDATA

  -------         MODULE        ?C?LSTKXDATA
  C:0FC2H         PUBLIC        ?C?LSTKXDATA
  -------         ENDMOD        ?C?LSTKXDATA

  -------         MODULE        ?C?LSTKPDATA
  C:0FF3H         PUBLIC        ?C?LSTKPDATA
  -------         ENDMOD        ?C?LSTKPDATA

  -------         MODULE        ?C_PBP
  D:0008H         PUBLIC        ?C_PBP
  -------         ENDMOD        ?C_PBP

*** WARNING L14: INCOMPATIBLE MEMORY MODEL
    MODULE:  .\USBX_F34X.LIB (USB_API)
    MODEL:   SMALL

*** WARNING L14: INCOMPATIBLE MEMORY MODEL
    MODULE:  .\USBX_F34X.LIB (USB_SUSPEND)
    MODEL:   SMALL

*** WARNING L14: INCOMPATIBLE MEMORY MODEL
    MODULE:  .\USBX_F34X.LIB (USB_INT_ENABLE)
    MODEL:   SMALL

*** WARNING L14: INCOMPATIBLE MEMORY MODEL
    MODULE:  .\USBX_F34X.LIB (USB_CLOCK_RECOVERY)
    MODEL:   SMALL

*** WARNING L16: UNCALLED SEGMENT, IGNORED FOR OVERLAY PROCESS
    SEGMENT: ?PR?SD_INIT?MMC_SD

*** WARNING L16: UNCALLED SEGMENT, IGNORED FOR OVERLAY PROCESS
BL51 BANKED LINKER/LOCATER V6.22                                                      03/01/2022  15:26:07  PAGE 51


    SEGMENT: ?PR?_DISPPIC?LCD

*** WARNING L16: UNCALLED SEGMENT, IGNORED FOR OVERLAY PROCESS
    SEGMENT: ?PR?_DISPPICFROMSD?LCD

*** WARNING L16: UNCALLED SEGMENT, IGNORED FOR OVERLAY PROCESS
    SEGMENT: ?PR?DISPSCALEHOR1?LCD

*** WARNING L16: UNCALLED SEGMENT, IGNORED FOR OVERLAY PROCESS
    SEGMENT: ?PR?DISPSCALEVER?LCD

*** WARNING L16: UNCALLED SEGMENT, IGNORED FOR OVERLAY PROCESS
    SEGMENT: ?PR?DISPSCALEVER_RED?LCD

*** WARNING L16: UNCALLED SEGMENT, IGNORED FOR OVERLAY PROCESS
    SEGMENT: ?PR?DISPSCALEVER_GREEN?LCD

*** WARNING L16: UNCALLED SEGMENT, IGNORED FOR OVERLAY PROCESS
    SEGMENT: ?PR?DISPSCALEVER_BLUE?LCD

*** WARNING L16: UNCALLED SEGMENT, IGNORED FOR OVERLAY PROCESS
    SEGMENT: ?PR?DISPSCALEVER_GRAY?LCD

*** WARNING L16: UNCALLED SEGMENT, IGNORED FOR OVERLAY PROCESS
    SEGMENT: ?PR?DISPGRAYHOR32?LCD

*** WARNING L16: UNCALLED SEGMENT, IGNORED FOR OVERLAY PROCESS
    SEGMENT: ?PR?DISPSCALEHOR2?LCD

*** WARNING L16: UNCALLED SEGMENT, IGNORED FOR OVERLAY PROCESS
    SEGMENT: ?PR?_DRAWGIRD?LCD

*** WARNING L15: MULTIPLE CALL TO SEGMENT
    SEGMENT: ?PR?_WRITECOMM?LCD
    CALLER1: ?PR?USB_API_TEST_ISR?MAIN
    CALLER2: ?C_C51STARTUP

*** WARNING L15: MULTIPLE CALL TO SEGMENT
    SEGMENT: ?PR?_WRITEDATA?LCD
    CALLER1: ?PR?USB_API_TEST_ISR?MAIN
    CALLER2: ?C_C51STARTUP

Program Size: data=10.0 xdata=1219 code=14670
LINK/LOCATE RUN COMPLETE.  18 WARNING(S),  0 ERROR(S)
