BL51 BANKED LINKER/LOCATER V6.22                                                        08/27/2021  13:48:35  PAGE 1


BL51 BANKED LINKER/LOCATER V6.22, INVOKED BY:
D:\KEIL C51\C51\BIN\BL51.EXE main.obj, mmc_sd.obj, lcd.obj, tp.obj, .\USBX_F34X.LIB TO NV3030A2_CTC24_4W1L RAMSIZE (256)
>> 


MEMORY MODEL: COMPACT WITH FLOATING POINT ARITHMETIC


INPUT MODULES INCLUDED:
  main.obj (MAIN)
  mmc_sd.obj (MMC_SD)
  lcd.obj (LCD)
  tp.obj (TP)
  .\USBX_F34X.LIB (USB_API)
  .\USBX_F34X.LIB (USB_CLOCK_START)
  .\USBX_F34X.LIB (USB_SUSPEND)
  .\USBX_F34X.LIB (GET_INTERRUPT_SOURCE)
  .\USBX_F34X.LIB (BLOCK_READ)
  .\USBX_F34X.LIB (BLOCK_WRITE)
  .\USBX_F34X.LIB (USB_INT_ENABLE)
  .\USBX_F34X.LIB (USB_CLOCK_RECOVERY)
  .\USBX_F34X.LIB (USB_JUMP_ISR)
  D:\KEIL C51\C51\LIB\C51FPC.LIB (?C?FPMUL)
  D:\KEIL C51\C51\LIB\C51FPC.LIB (?C?FCAST)
  D:\KEIL C51\C51\LIB\C51FPC.LIB (?C?CASTF)
  D:\KEIL C51\C51\LIB\C51FPC.LIB (?C?FPGETOPN)
  D:\KEIL C51\C51\LIB\C51C.LIB (?C_STARTUP)
  D:\KEIL C51\C51\LIB\C51C.LIB (?C?COPY)
  D:\KEIL C51\C51\LIB\C51C.LIB (?C?CLDPTR)
  D:\KEIL C51\C51\LIB\C51C.LIB (?C?CLDOPTR)
  D:\KEIL C51\C51\LIB\C51C.LIB (?C?IMUL)
  D:\KEIL C51\C51\LIB\C51C.LIB (?C?IILDX)
  D:\KEIL C51\C51\LIB\C51C.LIB (?C?ILDOPTR)
  D:\KEIL C51\C51\LIB\C51C.LIB (?C?LMUL)
  D:\KEIL C51\C51\LIB\C51C.LIB (?C?ULDIV)
  D:\KEIL C51\C51\LIB\C51C.LIB (?C?LNEG)
  D:\KEIL C51\C51\LIB\C51C.LIB (?C?ULCMP)
  D:\KEIL C51\C51\LIB\C51C.LIB (?C?ULSHR)
  D:\KEIL C51\C51\LIB\C51C.LIB (?C?LSHL)
  D:\KEIL C51\C51\LIB\C51C.LIB (?C?LLDIPDATA)
  D:\KEIL C51\C51\LIB\C51C.LIB (?C?LSTXDATA)
  D:\KEIL C51\C51\LIB\C51C.LIB (?C?LSTPDATA)
  D:\KEIL C51\C51\LIB\C51C.LIB (?C?LSTKXDATA)
  D:\KEIL C51\C51\LIB\C51C.LIB (?C?LSTKPDATA)
  D:\KEIL C51\C51\LIB\C51C.LIB (?C_PBP)
  D:\KEIL C51\C51\LIB\C51C.LIB (?C_INIT)


LINK MAP OF MODULE:  NV3030A2_CTC24_4W1L (MAIN)


            TYPE    BASE      LENGTH    RELOCATION   SEGMENT NAME
            -----------------------------------------------------

            * * * * * * *   D A T A   M E M O R Y   * * * * * * *
            REG     0000H     0008H     ABSOLUTE     "REG BANK 0"
            DATA    0008H     0001H     UNIT         ?C?LIB_DATA
            IDATA   0009H     0001H     UNIT         ?STACK
BL51 BANKED LINKER/LOCATER V6.22                                                      08/27/2021  13:48:35  PAGE 2



            * * * * * * *  X D A T A   M E M O R Y  * * * * * * *
            XDATA   0000H     0010H     INPAGE       ?PD?MAIN
            XDATA   0010H     0004H     INPAGE       ?PD?_MMC_SD_READSINGLEBLOCK?MMC_SD
            XDATA   0014H     0005H     INPAGE       ?PD?DISPBAND?LCD
            XDATA   0019H     0005H     INPAGE       ?PD?_DISPPIC?LCD
            XDATA   001EH     000DH     INPAGE       ?PD?_DISPPICFROMSD?LCD
            XDATA   002BH     0004H     INPAGE       ?PD?DISPSCALEHOR1?LCD
            XDATA   002FH     0004H     INPAGE       ?PD?DISPSCALEVER?LCD
            XDATA   0033H     0004H     INPAGE       ?PD?DISPSCALEVER_RED?LCD
            XDATA   0037H     0004H     INPAGE       ?PD?DISPSCALEVER_GREEN?LCD
            XDATA   003BH     0004H     INPAGE       ?PD?DISPSCALEVER_BLUE?LCD
            XDATA   003FH     0004H     INPAGE       ?PD?DISPSCALEVER_GRAY?LCD
            XDATA   0043H     0004H     INPAGE       ?PD?DISPGRAYHOR32?LCD
            XDATA   0047H     0002H     INPAGE       ?PD?DISPSCALEHOR2?LCD
            XDATA   0049H     000CH     INPAGE       ?PD?_DRAWLINE?LCD
            XDATA   0055H     0004H     INPAGE       ?PD?_DRAWGIRD?LCD
            XDATA   0059H     0002H     INPAGE       ?PD?LCD
            XDATA   005BH     0024H     INPAGE       _PDATA_GROUP_
            XDATA   007FH     0200H     UNIT         ?XD?MMC_SD
            XDATA   027FH     0058H     UNIT         _XDATA_GROUP_
            XDATA   02D7H     0040H     UNIT         ?XD?MAIN
                    0317H     0329H                  *** GAP ***
            XDATA   0640H     0100H     ABSOLUTE     
            XDATA   0740H     0012H     ABSOLUTE     
            XDATA   0752H     0020H     ABSOLUTE     
            XDATA   0772H     000CH     ABSOLUTE     
            XDATA   077EH     0008H     ABSOLUTE     
            XDATA   0786H     0001H     ABSOLUTE     
            XDATA   0787H     0003H     ABSOLUTE     
            XDATA   078AH     0002H     ABSOLUTE     
            XDATA   078CH     0002H     ABSOLUTE     
            XDATA   078EH     0003H     ABSOLUTE     
            XDATA   0791H     0001H     ABSOLUTE     
            XDATA   0792H     0001H     ABSOLUTE     
            XDATA   0793H     0001H     ABSOLUTE     
            XDATA   0794H     0001H     ABSOLUTE     
            XDATA   0795H     0002H     ABSOLUTE     
            XDATA   0797H     0002H     ABSOLUTE     
            XDATA   0799H     0001H     ABSOLUTE     
            XDATA   079AH     0001H     ABSOLUTE     
            XDATA   079BH     0001H     ABSOLUTE     
            XDATA   079CH     0001H     ABSOLUTE     
            XDATA   079DH     0001H     ABSOLUTE     
            XDATA   079EH     0001H     ABSOLUTE     
            XDATA   079FH     0002H     ABSOLUTE     
            XDATA   07A1H     0001H     ABSOLUTE     
            XDATA   07A2H     0001H     ABSOLUTE     
            XDATA   07A3H     000CH     ABSOLUTE     
                    07AFH     0011H                  *** GAP ***
            XDATA   07C0H     0040H     ABSOLUTE     

            * * * * * * *   C O D E   M E M O R Y   * * * * * * *
            CODE    0000H     0003H     ABSOLUTE     
            CODE    0003H     0040H     UNIT         ?PR?_WRITEDISPDATA?LCD
            CODE    0043H     0003H     ABSOLUTE     
            CODE    0046H     0044H     UNIT         ?PR?_DISPCOLOR?LCD
BL51 BANKED LINKER/LOCATER V6.22                                                      08/27/2021  13:48:35  PAGE 3


                    008AH     0001H                  *** GAP ***
            CODE    008BH     0003H     ABSOLUTE     
            CODE    008EH     060CH     UNIT         ?PR?CONNTOUSB?MAIN
            CODE    069AH     0600H     UNIT         ?CO?LCD
            CODE    0C9AH     0545H     UNIT         ?C?LIB_CODE
            CODE    11DFH     0245H     UNIT         ?PR?LCD_INIT?LCD
            CODE    1424H     0233H     UNIT         ?PR?USBXCORE_HANDLE_SETUP?USB_API
            CODE    1657H     0232H     UNIT         ?PR?_LCD_READ_IC_ID?LCD
            CODE    1889H     0228H     UNIT         ?PR?DISPSCALEHOR1?LCD
            CODE    1AB1H     01BCH     UNIT         ?PR?DISPSCALEHOR2?LCD
            CODE    1C6DH     01A0H     UNIT         ?PR?TP_DRAWLINE?TP
            CODE    1E0DH     0190H     UNIT         ?PR?DISPBAND?LCD
            CODE    1F9DH     0151H     UNIT         ?PR?USBXCORE_USB_ISR?USB_API
            CODE    20EEH     013DH     UNIT         ?PR?USB_API_TEST_ISR?MAIN
            CODE    222BH     0137H     UNIT         ?PR?_USB_INIT?USB_API
            CODE    2362H     012AH     UNIT         ?PR?DISPSCALEVER?LCD
            CODE    248CH     011BH     UNIT         ?PR?_TP_GETPOSITION?TP
            CODE    25A7H     0111H     UNIT         ?PR?_BLOCK_WRITE?BLOCK_WRITE
            CODE    26B8H     00E9H     UNIT         ?PR?_DISPPICFROMSD?LCD
            CODE    27A1H     00CDH     UNIT         ?PR?USBXCORE_VENDOR_USB_API?USB_API
            CODE    286EH     00CBH     UNIT         ?PR?_DISPONECHAR?LCD
            CODE    2939H     00B7H     UNIT         ?PR?MMC_SD_RESET?MMC_SD
            CODE    29F0H     00B3H     UNIT         ?PR?_DISPINT?LCD
            CODE    2AA3H     00B2H     UNIT         ?PR?USBXCORE_GET_DESCRIPTOR?USB_API
            CODE    2B55H     00AFH     UNIT         ?PR?_BLOCK_READ?BLOCK_READ
            CODE    2C04H     00AAH     UNIT         ?PR?DISPFRAME?LCD
            CODE    2CAEH     00A2H     UNIT         ?PR?DISPSCALEVER_GREEN?LCD
            CODE    2D50H     009CH     UNIT         ?PR?_?BLOCKWRITE?LCD
            CODE    2DECH     009BH     UNIT         ?PR?DISPGRAYHOR16?LCD
            CODE    2E87H     0096H     UNIT         ?PR?_DISPSTR?LCD
            CODE    2F1DH     0093H     UNIT         ?PR?DISPSCALEVER_RED?LCD
            CODE    2FB0H     0093H     UNIT         ?PR?DISPSCALEVER_GRAY?LCD
            CODE    3043H     0090H     UNIT         ?PR?_DRAWGIRD?LCD
            CODE    30D3H     008CH     UNIT         ?C_C51STARTUP
            CODE    315FH     0088H     UNIT         ?PR?DISPSCALEVER_BLUE?LCD
            CODE    31E7H     0086H     UNIT         ?PR?_DRAWLINE?LCD
            CODE    326DH     007DH     UNIT         ?PR?_MMC_SD_WRITESINGLEBLOCK?MMC_SD
            CODE    32EAH     0076H     UNIT         ?PR?DISPGRAYHOR32?LCD
            CODE    3360H     0075H     UNIT         ?PR?_MMC_SD_SENDCOMMAND?MMC_SD
            CODE    33D5H     0073H     UNIT         ?PR?TP_READ?TP
            CODE    3448H     0073H     UNIT         ?PR?USBXCORE_GET_STATUS?USB_API
            CODE    34BBH     006CH     UNIT         ?PR?DEVICES_INIT?MAIN
            CODE    3527H     0064H     UNIT         ?PR?_MMC_SD_READSINGLEBLOCK?MMC_SD
            CODE    358BH     0061H     UNIT         ?PR?_DISPPIC?LCD
            CODE    35ECH     005BH     UNIT         ?PR?_TOORD?LCD
            CODE    3647H     005AH     UNIT         ?PR?USBXCORE_SET_CONFIGURATION?USB_API
            CODE    36A1H     0058H     UNIT         ?PR?USBXCORE_CLEAR_FEATURE?USB_API
            CODE    36F9H     0057H     UNIT         ?PR?USBXCORE_SET_FEATURE?USB_API
            CODE    3750H     0055H     UNIT         ?PR?_STOPDELAY?MAIN
            CODE    37A5H     0052H     UNIT         ?PR?_PUTPIXEL?LCD
            CODE    37F7H     0050H     UNIT         ?CO?MAIN
            CODE    3847H     0049H     UNIT         ?PR?MAIN?MAIN
            CODE    3890H     0047H     UNIT         ?PR?USBXCORE_GET_CONFIGURATION?USB_API
            CODE    38D7H     0043H     UNIT         ?PR?MCU_INIT?MAIN
            CODE    391AH     003AH     UNIT         ?CO?USB_API
            CODE    3954H     0038H     UNIT         ?PR?USB_CLOCK_START?USB_CLOCK_START
            CODE    398CH     002FH     UNIT         ?PR?_WRITEDATA?LCD
BL51 BANKED LINKER/LOCATER V6.22                                                      08/27/2021  13:48:35  PAGE 4


            CODE    39BBH     002DH     UNIT         ?C_INITSEG
            CODE    39E8H     002BH     UNIT         ?PR?_WRITECOMM?LCD
            CODE    3A13H     002BH     UNIT         ?PR?USB_SUSPEND?USB_SUSPEND
            CODE    3A3EH     0027H     UNIT         ?PR?USBXCORE_USB_RESET?USB_API
            CODE    3A65H     0027H     UNIT         ?PR?USBXCORE_GET_INTERFACE?USB_API
            CODE    3A8CH     0026H     UNIT         ?PR?_TP_WRITE?TP
            CODE    3AB2H     0022H     UNIT         ?PR?USBXCORE_JUMP_ISR?USB_JUMP_ISR
            CODE    3AD4H     0020H     UNIT         ?PR?USBXCORE_SET_ADDRESS?USB_API
            CODE    3AF4H     001FH     UNIT         ?PR?_DELAY?MAIN
            CODE    3B13H     001DH     UNIT         ?PR?USBXCORE_FORCE_STALL?USB_API
            CODE    3B30H     0019H     UNIT         ?PR?USB_INT_ENABLE?USB_INT_ENABLE
            CODE    3B49H     0016H     UNIT         ?PR?_SPI_WRITEBYTE?MMC_SD
            CODE    3B5FH     0016H     UNIT         ?PR?READDATA?LCD
            CODE    3B75H     0014H     UNIT         ?PR?USBXCORE_SET_SOP?USB_API
            CODE    3B89H     0013H     UNIT         ?PR?WAITKEY?MAIN
            CODE    3B9CH     0011H     UNIT         ?PR?SD_INIT?MMC_SD
            CODE    3BADH     000EH     UNIT         ?PR?GET_INTERRUPT_SOURCE?GET_INTERRUPT_SOURCE
            CODE    3BBBH     000CH     UNIT         ?PR?USBXCORE_CLKREC?USB_CLOCK_RECOVERY
            CODE    3BC7H     000BH     UNIT         ?PR?SPI_READBYTE?MMC_SD
            CODE    3BD2H     0009H     UNIT         ?PR?_WRITEONEDOT?LCD
            CODE    3BDBH     0003H     UNIT         ?PR?SUSPEND_DEVICE?MAIN



OVERLAY MAP OF MODULE:   NV3030A2_CTC24_4W1L (MAIN)


SEGMENT                                            PDATA_GROUP         XDATA_GROUP
  +--> CALLED SEGMENT                            START    LENGTH     START    LENGTH
------------------------------------------------------------------------------------
?PR?USB_API_TEST_ISR?MAIN                        005BH    0001H      -----    -----
  +--> ?PR?GET_INTERRUPT_SOURCE?GET_INTERRUP...
  +--> ?PR?_BLOCK_READ?BLOCK_READ
  +--> ?PR?SUSPEND_DEVICE?MAIN
  +--> ?PR?MCU_INIT?MAIN
  +--> ?PR?_?BLOCKWRITE?LCD

?PR?SUSPEND_DEVICE?MAIN                          -----    -----      -----    -----
  +--> ?PR?USB_SUSPEND?USB_SUSPEND

?PR?USB_SUSPEND?USB_SUSPEND                      -----    -----      -----    -----
  +--> ?PR?USB_CLOCK_START?USB_CLOCK_START

?PR?_?BLOCKWRITE?LCD                             -----    -----      -----    -----
  +--> ?PR?_WRITECOMM?LCD
  +--> ?PR?_WRITEDATA?LCD

?PR?_WRITECOMM?LCD                               007EH    0001H      -----    -----

?PR?_WRITEDATA?LCD                               007EH    0001H      -----    -----

*** NEW ROOT ***************************************************

?PR?USBXCORE_USB_ISR?USB_API                     -----    -----      -----    -----
  +--> ?PR?USBXCORE_USB_RESET?USB_API
  +--> ?PR?USBXCORE_HANDLE_SETUP?USB_API
  +--> ?PR?USBXCORE_JUMP_ISR?USB_JUMP_ISR
BL51 BANKED LINKER/LOCATER V6.22                                                      08/27/2021  13:48:35  PAGE 5



?PR?USBXCORE_HANDLE_SETUP?USB_API                -----    -----      -----    -----
  +--> ?PR?USBXCORE_GET_STATUS?USB_API
  +--> ?PR?USBXCORE_CLEAR_FEATURE?USB_API
  +--> ?PR?USBXCORE_VENDOR_USB_API?USB_API
  +--> ?PR?USBXCORE_SET_FEATURE?USB_API
  +--> ?PR?USBXCORE_SET_ADDRESS?USB_API
  +--> ?PR?USBXCORE_GET_DESCRIPTOR?USB_API
  +--> ?PR?USBXCORE_GET_CONFIGURATION?USB_API
  +--> ?PR?USBXCORE_SET_CONFIGURATION?USB_API
  +--> ?PR?USBXCORE_GET_INTERFACE?USB_API
  +--> ?PR?USBXCORE_SET_SOP?USB_API
  +--> ?PR?USBXCORE_FORCE_STALL?USB_API

?PR?USBXCORE_GET_STATUS?USB_API                  -----    -----      -----    -----
  +--> ?CO?USB_API
  +--> ?PR?USBXCORE_FORCE_STALL?USB_API
  +--> ?PR?USBXCORE_SET_SOP?USB_API

?PR?USBXCORE_CLEAR_FEATURE?USB_API               -----    -----      -----    -----
  +--> ?PR?USBXCORE_FORCE_STALL?USB_API
  +--> ?PR?USBXCORE_SET_SOP?USB_API

?PR?USBXCORE_VENDOR_USB_API?USB_API              -----    -----      -----    -----
  +--> ?PR?USBXCORE_SET_SOP?USB_API

?PR?USBXCORE_SET_FEATURE?USB_API                 -----    -----      -----    -----
  +--> ?PR?USBXCORE_FORCE_STALL?USB_API
  +--> ?PR?USBXCORE_SET_SOP?USB_API

?PR?USBXCORE_SET_ADDRESS?USB_API                 -----    -----      -----    -----
  +--> ?PR?USBXCORE_SET_SOP?USB_API

?PR?USBXCORE_GET_DESCRIPTOR?USB_API              -----    -----      -----    -----
  +--> ?PR?USBXCORE_FORCE_STALL?USB_API
  +--> ?PR?USBXCORE_SET_SOP?USB_API

?PR?USBXCORE_GET_CONFIGURATION?USB_API           -----    -----      -----    -----
  +--> ?CO?USB_API
  +--> ?PR?USBXCORE_SET_SOP?USB_API

?PR?USBXCORE_SET_CONFIGURATION?USB_API           -----    -----      -----    -----
  +--> ?PR?USBXCORE_SET_SOP?USB_API

?PR?USBXCORE_GET_INTERFACE?USB_API               -----    -----      -----    -----
  +--> ?CO?USB_API
  +--> ?PR?USBXCORE_SET_SOP?USB_API

*** NEW ROOT ***************************************************

?C_C51STARTUP                                    -----    -----      -----    -----
  +--> ?PR?MAIN?MAIN
  +--> ?C_INITSEG

?PR?MAIN?MAIN                                    -----    -----      -----    -----
  +--> ?PR?DEVICES_INIT?MAIN
  +--> ?PR?DISPFRAME?LCD
BL51 BANKED LINKER/LOCATER V6.22                                                      08/27/2021  13:48:35  PAGE 6


  +--> ?PR?_STOPDELAY?MAIN
  +--> ?PR?_DISPCOLOR?LCD
  +--> ?PR?DISPGRAYHOR16?LCD
  +--> ?PR?TP_DRAWLINE?TP

?PR?DEVICES_INIT?MAIN                            -----    -----      -----    -----
  +--> ?PR?MCU_INIT?MAIN
  +--> ?PR?USB_CLOCK_START?USB_CLOCK_START
  +--> ?CO?MAIN
  +--> ?PR?_USB_INIT?USB_API
  +--> ?PR?USB_INT_ENABLE?USB_INT_ENABLE
  +--> ?PR?LCD_INIT?LCD

?PR?_USB_INIT?USB_API                            -----    -----      027FH    0011H
  +--> ?CO?USB_API
  +--> ?PR?USBXCORE_CLKREC?USB_CLOCK_RECOVERY

?PR?LCD_INIT?LCD                                 -----    -----      -----    -----
  +--> ?PR?READDATA?LCD
  +--> ?PR?_DELAY?MAIN
  +--> ?PR?_WRITECOMM?LCD
  +--> ?PR?_WRITEDATA?LCD

?PR?READDATA?LCD                                 -----    -----      -----    -----
  +--> ?PR?_LCD_READ_IC_ID?LCD

?PR?_LCD_READ_IC_ID?LCD                          0066H    0008H      -----    -----

?PR?DISPFRAME?LCD                                005DH    0002H      -----    -----
  +--> ?PR?_?BLOCKWRITE?LCD
  +--> ?PR?_WRITEDISPDATA?LCD

?PR?_STOPDELAY?MAIN                              005DH    0004H      -----    -----
  +--> ?PR?WAITKEY?MAIN
  +--> ?PR?_DELAY?MAIN

?PR?WAITKEY?MAIN                                 -----    -----      -----    -----
  +--> ?PR?CONNTOUSB?MAIN
  +--> ?PR?_DELAY?MAIN

?PR?CONNTOUSB?MAIN                               0061H    0005H      027FH    0058H
  +--> ?CO?MAIN
  +--> ?PR?_WRITECOMM?LCD
  +--> ?PR?_WRITEDATA?LCD
  +--> ?PR?_DISPSTR?LCD
  +--> ?PR?_DISPINT?LCD
  +--> ?PR?_WRITEDISPDATA?LCD
  +--> ?PR?_MMC_SD_WRITESINGLEBLOCK?MMC_SD
  +--> ?PR?_BLOCK_WRITE?BLOCK_WRITE
  +--> ?PR?READDATA?LCD
  +--> ?PR?_DELAY?MAIN

?PR?_DISPSTR?LCD                                 0066H    000BH      -----    -----
  +--> ?PR?_TOORD?LCD
  +--> ?PR?_DISPONECHAR?LCD

?PR?_DISPONECHAR?LCD                             0071H    000DH      -----    -----
BL51 BANKED LINKER/LOCATER V6.22                                                      08/27/2021  13:48:35  PAGE 7


  +--> ?PR?_?BLOCKWRITE?LCD
  +--> ?CO?LCD
  +--> ?PR?_WRITEONEDOT?LCD

?PR?_WRITEONEDOT?LCD                             -----    -----      -----    -----
  +--> ?PR?_WRITEDISPDATA?LCD

?PR?_DISPINT?LCD                                 0066H    000AH      -----    -----
  +--> ?PR?_DISPONECHAR?LCD

?PR?_MMC_SD_WRITESINGLEBLOCK?MMC_SD              0066H    0004H      -----    -----
  +--> ?PR?_MMC_SD_SENDCOMMAND?MMC_SD
  +--> ?PR?_SPI_WRITEBYTE?MMC_SD

?PR?_MMC_SD_SENDCOMMAND?MMC_SD                   006AH    0005H      -----    -----
  +--> ?PR?_SPI_WRITEBYTE?MMC_SD

?PR?_DISPCOLOR?LCD                               005DH    0004H      -----    -----
  +--> ?PR?_?BLOCKWRITE?LCD
  +--> ?PR?_WRITEDISPDATA?LCD

?PR?DISPGRAYHOR16?LCD                            005DH    0004H      -----    -----
  +--> ?PR?_?BLOCKWRITE?LCD
  +--> ?PR?_WRITEDISPDATA?LCD

?PR?TP_DRAWLINE?TP                               -----    -----      027FH    0018H
  +--> ?PR?_DISPCOLOR?LCD
  +--> ?PR?_DELAY?MAIN
  +--> ?PR?_TP_GETPOSITION?TP
  +--> ?PR?_PUTPIXEL?LCD

?PR?_TP_GETPOSITION?TP                           -----    -----      0297H    001BH
  +--> ?PR?_TP_WRITE?TP
  +--> ?PR?TP_READ?TP

?PR?_TP_WRITE?TP                                 -----    -----      02B2H    0001H

?PR?TP_READ?TP                                   -----    -----      02B2H    0005H

?PR?_PUTPIXEL?LCD                                005DH    0002H      -----    -----
  +--> ?PR?_?BLOCKWRITE?LCD
  +--> ?PR?_WRITEDISPDATA?LCD



SYMBOL TABLE OF MODULE:  NV3030A2_CTC24_4W1L (MAIN)

  VALUE           TYPE          NAME
  ----------------------------------

  -------         MODULE        MAIN
  C:0000H         SYMBOL        _ICE_DUMMY_
  D:0080H         PUBLIC        P0
  X:0000H         PUBLIC        f_down
  D:0090H         PUBLIC        P1
  D:00A0H         PUBLIC        P2
  D:00B0H         PUBLIC        P3
BL51 BANKED LINKER/LOCATER V6.22                                                      08/27/2021  13:48:35  PAGE 8


  C:3842H         PUBLIC        USB_MaxPower
  B:00B0H.6       PUBLIC        KEY_STEP
  D:00A4H         PUBLIC        P0MDOUT
  D:00A5H         PUBLIC        P1MDOUT
  D:00A6H         PUBLIC        P2MDOUT
  D:00A7H         PUBLIC        P3MDOUT
  D:00AEH         PUBLIC        P4MDOUT
  B:0080H.6       PUBLIC        OE
  D:00D9H         PUBLIC        PCA0MD
  C:20EEH         PUBLIC        USB_API_TEST_ISR
  C:3BDBH         PUBLIC        Suspend_Device
  C:3754H         PUBLIC        _StopDelay
  D:00E1H         PUBLIC        XBR0
  D:00E2H         PUBLIC        XBR1
  B:00B0H.1       PUBLIC        RS
  C:3847H         PUBLIC        main
  X:0001H         PUBLIC        VerifyCode0
  X:0002H         PUBLIC        VerifyCode1
  C:380CH         PUBLIC        USB_PID
  X:0003H         PUBLIC        VerifyCode2
  D:00F1H         PUBLIC        P0MDIN
  D:00F2H         PUBLIC        P1MDIN
  C:380EH         PUBLIC        USB_MfrStr
  D:00F4H         PUBLIC        P3MDIN
  C:380AH         PUBLIC        USB_VID
  D:00F8H         PUBLIC        SPI0CN
  X:0004H         PUBLIC        pic
  C:34BBH         PUBLIC        Devices_Init
  C:008EH         PUBLIC        ConnToUSB
  D:00A9H         PUBLIC        CLKSEL
  D:00B2H         PUBLIC        OSCICN
  C:3843H         PUBLIC        USB_PwAttributes
  C:3B89H         PUBLIC        WaitKey
  C:3846H         SYMBOL        _?ix1000
  B:00B0H.0       PUBLIC        CS0
  X:0005H         PUBLIC        bf
  C:3844H         PUBLIC        USB_bcdDevice
  D:00B9H         PUBLIC        CLKMUL
  X:0007H         PUBLIC        f_debug
  X:0008H         PUBLIC        sd
  X:02D7H         PUBLIC        Packet
  C:38D7H         PUBLIC        MCU_Init
  B:0080H.7       PUBLIC        DIR
  D:00EFH         PUBLIC        RSTSRC
  X:000CH         PUBLIC        f_read
  C:3838H         PUBLIC        USB_SerialStr
  X:000DH         PUBLIC        f_other
  C:3828H         PUBLIC        USB_ProductStr
  X:000EH         PUBLIC        f_para
  D:00A1H         PUBLIC        SPI0CFG
  C:3AF4H         PUBLIC        _Delay
  B:00B0H.7       PUBLIC        KEY_Stop
  X:000FH         PUBLIC        f_init
  -------         PROC          MAIN
  C:3847H         LINE#         40
  C:3847H         LINE#         41
  C:3847H         LINE#         61
BL51 BANKED LINKER/LOCATER V6.22                                                      08/27/2021  13:48:35  PAGE 9


  C:384AH         LINE#         63
  C:384DH         LINE#         64
  C:384DH         LINE#         67
  C:3853H         LINE#         68
  C:385DH         LINE#         70
  C:3867H         LINE#         71
  C:3871H         LINE#         72
  C:387BH         LINE#         74
  C:3881H         LINE#         75
  C:388AH         LINE#         79
  C:388DH         LINE#         81
  C:388FH         LINE#         82
  -------         ENDPROC       MAIN
  -------         PROC          _DELAY
  D:0006H         SYMBOL        dly
  -------         DO            
  D:0004H         SYMBOL        i
  D:0002H         SYMBOL        j
  -------         ENDDO         
  C:3AF4H         LINE#         85
  C:3AF4H         LINE#         86
  C:3AF4H         LINE#         89
  C:3AFEH         LINE#         90
  C:3B12H         LINE#         91
  -------         ENDPROC       _DELAY
  C:3750H         SYMBOL        L?0133
  -------         PROC          L?0132
  -------         ENDPROC       L?0132
  C:3750H         SYMBOL        L?0133
  -------         PROC          _STOPDELAY
  X:005DH         SYMBOL        sdly
  -------         DO            
  D:0006H         SYMBOL        i
  D:0004H         SYMBOL        j
  X:005FH         SYMBOL        k
  -------         ENDDO         
  C:3754H         LINE#         93
  C:375BH         LINE#         94
  C:375BH         LINE#         96
  C:3760H         LINE#         97
  C:3760H         LINE#         98
  C:3763H         LINE#         99
  C:3763H         LINE#         100
  C:3770H         LINE#         101
  C:3784H         LINE#         102
  C:3784H         LINE#         104
  C:3784H         LINE#         105
  C:378EH         LINE#         106
  C:378EH         LINE#         107
  C:37A4H         LINE#         108
  -------         ENDPROC       _STOPDELAY
  -------         PROC          WAITKEY
  C:3B89H         LINE#         137
  C:3B89H         LINE#         138
  C:3B89H         LINE#         140
  C:3B8CH         LINE#         141
  C:3B8CH         LINE#         143
BL51 BANKED LINKER/LOCATER V6.22                                                      08/27/2021  13:48:35  PAGE 10


  C:3B8FH         LINE#         145
  C:3B91H         LINE#         146
  C:3B98H         LINE#         147
  C:3B9BH         LINE#         149
  -------         ENDPROC       WAITKEY
  -------         PROC          CONNTOUSB
  -------         DO            
  X:0061H         SYMBOL        i
  X:027FH         SYMBOL        reg_data
  X:0297H         SYMBOL        para_data
  D:0007H         SYMBOL        dat
  X:0062H         SYMBOL        reg_index
  X:0064H         SYMBOL        data_num
  X:0065H         SYMBOL        st
  -------         ENDDO         
  C:008EH         LINE#         155
  C:008EH         LINE#         156
  C:008EH         LINE#         163
  C:00A1H         LINE#         165
  C:00A9H         LINE#         166
  C:00A9H         LINE#         167
  C:00B7H         LINE#         168
  C:00B7H         LINE#         169
  C:00C8H         LINE#         170
  C:00C8H         LINE#         171
  C:00EEH         LINE#         172
  C:00F0H         LINE#         173
  C:0104H         LINE#         174
  C:0104H         LINE#         175
  C:012AH         LINE#         177
  C:012AH         LINE#         178
  C:012AH         LINE#         179
  C:012AH         LINE#         181
  C:012AH         LINE#         182
  C:0132H         LINE#         183
  C:013CH         LINE#         184
  C:0146H         LINE#         186
  C:0162H         LINE#         188
  C:016CH         LINE#         189
  C:016CH         LINE#         190
  C:017DH         LINE#         191
  C:017DH         LINE#         192
  C:018EH         LINE#         193
  C:018EH         LINE#         194
  C:01E1H         LINE#         195
  C:01E3H         LINE#         196
  C:01F9H         LINE#         197
  C:01F9H         LINE#         198
  C:024BH         LINE#         199
  C:024BH         LINE#         200
  C:024BH         LINE#         201
  C:024BH         LINE#         203
  C:024BH         LINE#         204
  C:0253H         LINE#         205
  C:0253H         LINE#         206
  C:025DH         LINE#         207
  C:0267H         LINE#         209
BL51 BANKED LINKER/LOCATER V6.22                                                      08/27/2021  13:48:35  PAGE 11


  C:026BH         LINE#         210
  C:026EH         LINE#         214
  C:0276H         LINE#         215
  C:0276H         LINE#         216
  C:0285H         LINE#         217
  C:0285H         LINE#         218
  C:0287H         LINE#         220
  C:0289H         LINE#         221
  C:02A5H         LINE#         222
  C:02A7H         LINE#         224
  C:02D0H         LINE#         225
  C:02F4H         LINE#         226
  C:02FEH         LINE#         227
  C:02FEH         LINE#         228
  C:0306H         LINE#         229
  C:030DH         LINE#         230
  C:0318H         LINE#         231
  C:031EH         LINE#         232
  C:031EH         LINE#         233
  C:0327H         LINE#         235
  C:032BH         LINE#         236
  C:0337H         LINE#         237
  C:033AH         LINE#         240
  C:0342H         LINE#         241
  C:0342H         LINE#         242
  C:034BH         LINE#         243
  C:034BH         LINE#         244
  C:035BH         LINE#         245
  C:035BH         LINE#         246
  C:035DH         LINE#         248
  C:035FH         LINE#         249
  C:037BH         LINE#         250
  C:037DH         LINE#         252
  C:03A6H         LINE#         253
  C:03CAH         LINE#         255
  C:03D4H         LINE#         256
  C:03D4H         LINE#         257
  C:03DCH         LINE#         258
  C:03E3H         LINE#         259
  C:03EEH         LINE#         260
  C:03F4H         LINE#         261
  C:03F4H         LINE#         263
  C:03FDH         LINE#         269
  C:03FDH         LINE#         270
  C:040AH         LINE#         271
  C:040AH         LINE#         272
  C:040CH         LINE#         274
  C:040EH         LINE#         275
  C:042AH         LINE#         276
  C:042CH         LINE#         278
  C:0434H         LINE#         279
  C:0438H         LINE#         280
  C:0444H         LINE#         281
  C:0444H         LINE#         282
  C:0447H         LINE#         285
  C:044FH         LINE#         286
  C:044FH         LINE#         287
BL51 BANKED LINKER/LOCATER V6.22                                                      08/27/2021  13:48:35  PAGE 12


  C:0460H         LINE#         288
  C:0460H         LINE#         289
  C:046DH         LINE#         290
  C:046DH         LINE#         291
  C:048BH         LINE#         292
  C:048DH         LINE#         293
  C:049DH         LINE#         294
  C:049DH         LINE#         295
  C:04BBH         LINE#         296
  C:04BDH         LINE#         297
  C:04CEH         LINE#         298
  C:04CEH         LINE#         299
  C:04D8H         LINE#         300
  C:04E2H         LINE#         301
  C:04E2H         LINE#         302
  C:04E2H         LINE#         303
  C:04E2H         LINE#         305
  C:04E2H         LINE#         306
  C:04EBH         LINE#         307
  C:04EFH         LINE#         308
  C:04FBH         LINE#         309
  C:04FEH         LINE#         312
  C:0506H         LINE#         313
  C:0506H         LINE#         314
  C:0513H         LINE#         315
  C:0524H         LINE#         317
  C:052DH         LINE#         318
  C:053CH         LINE#         320
  C:0544H         LINE#         321
  C:0544H         LINE#         322
  C:054DH         LINE#         323
  C:055CH         LINE#         324
  C:055CH         LINE#         325
  C:055FH         LINE#         326
  C:056EH         LINE#         327
  C:057AH         LINE#         328
  C:0580H         LINE#         329
  C:0580H         LINE#         331
  C:0584H         LINE#         332
  C:0593H         LINE#         334
  C:059AH         LINE#         335
  C:05B6H         LINE#         336
  C:05C0H         LINE#         337
  C:05C0H         LINE#         338
  C:05E6H         LINE#         339
  C:05F9H         LINE#         340
  C:05F9H         LINE#         341
  C:064BH         LINE#         342
  C:0653H         LINE#         343
  C:0653H         LINE#         344
  C:0653H         LINE#         347
  C:0658H         LINE#         348
  C:0658H         LINE#         349
  C:0665H         LINE#         350
  C:0676H         LINE#         352
  C:067CH         LINE#         353
  C:0680H         LINE#         354
BL51 BANKED LINKER/LOCATER V6.22                                                      08/27/2021  13:48:35  PAGE 13


  C:0683H         LINE#         355
  C:0687H         LINE#         357
  C:068BH         LINE#         358
  C:0697H         LINE#         359
  C:0699H         LINE#         360
  -------         ENDPROC       CONNTOUSB
  -------         PROC          MCU_INIT
  -------         DO            
  D:0007H         SYMBOL        n
  -------         ENDDO         
  C:38D7H         LINE#         363
  C:38D7H         LINE#         364
  C:38D7H         LINE#         366
  C:38DAH         LINE#         369
  C:38DDH         LINE#         370
  C:38E0H         LINE#         372
  C:38E3H         LINE#         374
  C:38E9H         LINE#         376
  C:38ECH         LINE#         377
  C:38F1H         LINE#         378
  C:38F4H         LINE#         380
  C:38F7H         LINE#         383
  C:38FAH         LINE#         384
  C:38FDH         LINE#         386
  C:3900H         LINE#         387
  C:3903H         LINE#         389
  C:3906H         LINE#         390
  C:3909H         LINE#         392
  C:390CH         LINE#         393
  C:390FH         LINE#         394
  C:3911H         LINE#         395
  C:3913H         LINE#         397
  C:3916H         LINE#         398
  C:3919H         LINE#         400
  -------         ENDPROC       MCU_INIT
  -------         PROC          DEVICES_INIT
  C:34BBH         LINE#         402
  C:34BBH         LINE#         403
  C:34BBH         LINE#         405
  C:34BEH         LINE#         408
  C:34C1H         LINE#         409
  C:351BH         LINE#         410
  C:351EH         LINE#         413
  C:3521H         LINE#         414
  C:3524H         LINE#         422
  -------         ENDPROC       DEVICES_INIT
  -------         PROC          SUSPEND_DEVICE
  C:3BDBH         LINE#         426
  C:3BDBH         LINE#         427
  C:3BDBH         LINE#         428
  -------         ENDPROC       SUSPEND_DEVICE
  -------         PROC          USB_API_TEST_ISR
  -------         DO            
  X:005BH         SYMBOL        INTVAL
  -------         ENDDO         
  C:20EEH         LINE#         432
  C:210BH         LINE#         434
BL51 BANKED LINKER/LOCATER V6.22                                                      08/27/2021  13:48:35  PAGE 14


  C:2112H         LINE#         436
  C:2118H         LINE#         437
  C:2118H         LINE#         438
  C:2123H         LINE#         440
  C:213FH         LINE#         441
  C:213FH         LINE#         442
  C:2141H         LINE#         443
  C:2143H         LINE#         444
  C:2159H         LINE#         445
  C:2159H         LINE#         446
  C:215BH         LINE#         447
  C:215DH         LINE#         448
  C:2175H         LINE#         449
  C:2175H         LINE#         450
  C:2177H         LINE#         451
  C:2179H         LINE#         452
  C:2193H         LINE#         453
  C:2193H         LINE#         454
  C:2195H         LINE#         455
  C:2197H         LINE#         456
  C:21ACH         LINE#         457
  C:21ACH         LINE#         458
  C:21AEH         LINE#         459
  C:21B0H         LINE#         461
  C:21B0H         LINE#         462
  C:21B5H         LINE#         463
  C:21B5H         LINE#         464
  C:21B5H         LINE#         466
  C:21B5H         LINE#         467
  C:21B5H         LINE#         469
  C:21B5H         LINE#         471
  C:21BBH         LINE#         472
  C:21BBH         LINE#         473
  C:21BEH         LINE#         474
  C:21BEH         LINE#         476
  C:21C4H         LINE#         477
  C:21C4H         LINE#         478
  C:21C7H         LINE#         479
  C:21C7H         LINE#         481
  C:21CDH         LINE#         482
  C:21CDH         LINE#         483
  C:21E9H         LINE#         484
  C:21E9H         LINE#         486
  C:21EFH         LINE#         487
  C:21EFH         LINE#         488
  C:21F4H         LINE#         489
  C:2210H         LINE#         490
  C:2210H         LINE#         491
  -------         ENDPROC       USB_API_TEST_ISR
  -------         ENDMOD        MAIN

  -------         MODULE        MMC_SD
  C:0000H         SYMBOL        _ICE_DUMMY_
  D:00A2H         PUBLIC        SPI0CKR
  D:0080H         PUBLIC        P0
  D:0090H         PUBLIC        P1
  D:00A0H         PUBLIC        P2
BL51 BANKED LINKER/LOCATER V6.22                                                      08/27/2021  13:48:35  PAGE 15


  D:00B0H         PUBLIC        P3
  C:3360H         PUBLIC        _MMC_SD_SendCommand
  C:3527H         PUBLIC        _MMC_SD_ReadSingleBlock
  C:3B9CH         PUBLIC        SD_Init
  C:326DH         PUBLIC        _MMC_SD_WriteSingleBlock
  B:00F8H.7       PUBLIC        SPIF
  B:00F8H.2       PUBLIC        NSSMD0
  C:2939H         PUBLIC        MMC_SD_Reset
  D:00A9H         PUBLIC        CLKSEL
  C:3BC7H         PUBLIC        SPI_ReadByte
  C:3B55H         PUBLIC        _SPI_WriteByte
  D:00A3H         PUBLIC        SPI0DAT
  X:007FH         PUBLIC        buffer
  C:3B49H         SYMBOL        L?0062
  C:3B4EH         SYMBOL        L?0063
  -------         PROC          L?0061
  -------         ENDPROC       L?0061
  C:3B49H         SYMBOL        L?0062
  C:3B4EH         SYMBOL        L?0063
  -------         PROC          _SPI_WRITEBYTE
  D:0007H         SYMBOL        val
  -------         DO            
  D:0007H         SYMBOL        ret
  -------         ENDDO         
  C:3B55H         LINE#         7
  C:3B55H         LINE#         8
  C:3B55H         LINE#         11
  C:3B57H         LINE#         12
  C:3B5AH         LINE#         13
  C:3B5CH         LINE#         14
  C:3B5EH         LINE#         15
  C:3B5EH         LINE#         16
  -------         ENDPROC       _SPI_WRITEBYTE
  -------         PROC          SPI_READBYTE
  -------         DO            
  D:0007H         SYMBOL        ret
  -------         ENDDO         
  C:3BC7H         LINE#         18
  C:3BC7H         LINE#         19
  C:3BC7H         LINE#         22
  C:3BCAH         LINE#         23
  C:3BCDH         LINE#         24
  C:3BCFH         LINE#         25
  C:3BD1H         LINE#         26
  C:3BD1H         LINE#         27
  -------         ENDPROC       SPI_READBYTE
  -------         PROC          _MMC_SD_SENDCOMMAND
  D:0006H         SYMBOL        cmd
  X:006BH         SYMBOL        arg
  -------         DO            
  D:0007H         SYMBOL        r1
  D:0003H         SYMBOL        retry
  -------         ENDDO         
  C:3360H         LINE#         29
  C:3362H         LINE#         30
  C:3362H         LINE#         32
  C:3364H         LINE#         34
BL51 BANKED LINKER/LOCATER V6.22                                                      08/27/2021  13:48:35  PAGE 16


  C:3364H         LINE#         35
  C:3364H         LINE#         36
  C:3367H         LINE#         37
  C:3367H         LINE#         38
  C:3367H         LINE#         39
  C:336AH         LINE#         41
  C:336CH         LINE#         43
  C:3373H         LINE#         44
  C:3388H         LINE#         45
  C:339DH         LINE#         46
  C:33B2H         LINE#         47
  C:33BCH         LINE#         48
  C:33C1H         LINE#         50
  C:33C9H         LINE#         51
  C:33D2H         LINE#         53
  C:33D4H         LINE#         55
  C:33D4H         LINE#         56
  -------         ENDPROC       _MMC_SD_SENDCOMMAND
  -------         PROC          MMC_SD_RESET
  -------         DO            
  D:0005H         SYMBOL        i
  D:0002H         SYMBOL        retry
  D:0006H         SYMBOL        r1
  -------         ENDDO         
  C:2939H         LINE#         58
  C:2939H         LINE#         59
  C:2939H         LINE#         62
  C:293BH         LINE#         64
  C:293CH         LINE#         65
  C:293FH         LINE#         66
  C:2942H         LINE#         68
  C:2942H         LINE#         69
  C:294EH         LINE#         70
  C:295EH         LINE#         71
  C:295FH         LINE#         72
  C:2965H         LINE#         73
  C:2969H         LINE#         75
  C:296BH         LINE#         77
  C:296BH         LINE#         79
  C:296BH         LINE#         80
  C:297BH         LINE#         81
  C:297CH         LINE#         82
  C:2985H         LINE#         83
  C:2989H         LINE#         85
  C:298BH         LINE#         86
  C:299BH         LINE#         87
  C:299CH         LINE#         88
  C:29A5H         LINE#         89
  C:29A8H         LINE#         91
  C:29ABH         LINE#         92
  C:29ABH         LINE#         93
  C:29ADH         LINE#         95
  C:29ADH         LINE#         96
  C:29BDH         LINE#         97
  C:29BEH         LINE#         98
  C:29C7H         LINE#         99
  C:29CAH         LINE#         100
BL51 BANKED LINKER/LOCATER V6.22                                                      08/27/2021  13:48:35  PAGE 17


  C:29CAH         LINE#         101
  C:29DAH         LINE#         103
  C:29E8H         LINE#         104
  C:29EBH         LINE#         105
  C:29EEH         LINE#         106
  C:29EFH         LINE#         107
  -------         ENDPROC       MMC_SD_RESET
  -------         PROC          _MMC_SD_READSINGLEBLOCK
  X:0010H         SYMBOL        sector
  -------         DO            
  D:0007H         SYMBOL        r1
  D:0004H         SYMBOL        i
  D:0002H         SYMBOL        retry
  -------         ENDDO         
  C:3527H         LINE#         109
  C:352CH         LINE#         110
  C:352CH         LINE#         113
  C:352EH         LINE#         115
  C:3531H         LINE#         117
  C:3531H         LINE#         118
  C:354DH         LINE#         119
  C:354EH         LINE#         120
  C:3557H         LINE#         121
  C:355AH         LINE#         124
  C:355CH         LINE#         126
  C:3562H         LINE#         128
  C:3565H         LINE#         129
  C:3565H         LINE#         130
  C:3574H         LINE#         131
  C:3581H         LINE#         133
  C:3581H         LINE#         134
  C:3584H         LINE#         136
  C:3586H         LINE#         137
  C:3589H         LINE#         138
  C:358AH         LINE#         139
  -------         ENDPROC       _MMC_SD_READSINGLEBLOCK
  -------         PROC          _MMC_SD_WRITESINGLEBLOCK
  X:0066H         SYMBOL        sector
  -------         DO            
  D:0006H         SYMBOL        r1
  D:0004H         SYMBOL        i
  D:0002H         SYMBOL        retry
  -------         ENDDO         
  C:326DH         LINE#         141
  C:3272H         LINE#         142
  C:3272H         LINE#         145
  C:3274H         LINE#         147
  C:3277H         LINE#         149
  C:3277H         LINE#         150
  C:3295H         LINE#         151
  C:3296H         LINE#         152
  C:329FH         LINE#         153
  C:32A2H         LINE#         157
  C:32A4H         LINE#         159
  C:32A9H         LINE#         161
  C:32AEH         LINE#         163
  C:32B0H         LINE#         164
BL51 BANKED LINKER/LOCATER V6.22                                                      08/27/2021  13:48:35  PAGE 18


  C:32B0H         LINE#         165
  C:32BFH         LINE#         166
  C:32CCH         LINE#         168
  C:32CCH         LINE#         169
  C:32CCH         LINE#         171
  C:32D1H         LINE#         173
  C:32D8H         LINE#         174
  C:32D8H         LINE#         175
  C:32DAH         LINE#         176
  C:32DBH         LINE#         177
  C:32DBH         LINE#         179
  C:32E3H         LINE#         181
  C:32E5H         LINE#         182
  C:32E8H         LINE#         183
  C:32E9H         LINE#         184
  -------         ENDPROC       _MMC_SD_WRITESINGLEBLOCK
  -------         PROC          SD_INIT
  -------         DO            
  D:0001H         SYMBOL        n
  -------         ENDDO         
  C:3B9CH         LINE#         187
  C:3B9CH         LINE#         188
  C:3B9CH         LINE#         189
  C:3B9EH         LINE#         191
  C:3BA4H         LINE#         192
  C:3BA4H         LINE#         193
  C:3BA5H         LINE#         194
  C:3BACH         LINE#         196
  -------         ENDPROC       SD_INIT
  -------         ENDMOD        MMC_SD

  -------         MODULE        LCD
  C:0000H         SYMBOL        _ICE_DUMMY_
  D:0080H         PUBLIC        P0
  C:2C04H         PUBLIC        DispFrame
  D:0090H         PUBLIC        P1
  C:2CAEH         PUBLIC        DispScaleVer_Green
  D:00A0H         PUBLIC        P2
  D:00B0H         PUBLIC        P3
  C:1E0DH         PUBLIC        DispBand
  C:3990H         PUBLIC        _WriteData
  C:069AH         PUBLIC        ascii
  C:1657H         PUBLIC        _LCD_Read_IC_ID
  D:00A6H         PUBLIC        P2MDOUT
  C:0046H         PUBLIC        _DispColor
  C:315FH         PUBLIC        DispScaleVer_Blue
  C:3043H         PUBLIC        _DrawGird
  C:31E7H         PUBLIC        _DrawLine
  B:00D0H.7       PUBLIC        CY
  C:39E8H         PUBLIC        _WriteComm
  C:0018H         PUBLIC        _WriteDispData
  C:2FB0H         PUBLIC        DispScaleVer_Gray
  B:00B0H.1       PUBLIC        RS
  B:00A0H.1       PUBLIC        SPI_CLK
  C:2F1DH         PUBLIC        DispScaleVer_Red
  D:00F3H         PUBLIC        P2MDIN
  C:2362H         PUBLIC        DispScaleVer
BL51 BANKED LINKER/LOCATER V6.22                                                      08/27/2021  13:48:35  PAGE 19


  C:358BH         PUBLIC        _DispPic
  C:289EH         PUBLIC        _DispOneChar
  C:32EAH         PUBLIC        DispGrayHor32
  C:2DECH         PUBLIC        DispGrayHor16
  C:29F0H         PUBLIC        _DispInt
  C:37A5H         PUBLIC        _PutPixel
  D:00A9H         PUBLIC        CLKSEL
  B:0090H.6       PUBLIC        RD0
  B:00B0H.0       PUBLIC        CS0
  X:0059H         PUBLIC        LCM_ID
  C:11DFH         PUBLIC        LCD_Init
  C:2E87H         PUBLIC        _DispStr
  B:0090H.7       PUBLIC        WR0
  C:1889H         PUBLIC        DispScaleHor1
  B:00A0H.0       PUBLIC        SPI_DI
  C:3BD2H         PUBLIC        _WriteOneDot
  C:1AB1H         PUBLIC        DispScaleHor2
  C:26B8H         PUBLIC        _DispPicFromSD
  B:0080H.7       PUBLIC        DIR
  C:35ECH         PUBLIC        _ToOrd
  B:0080H.5       PUBLIC        RST
  C:3B5FH         PUBLIC        ReadData
  C:2D6AH         PUBLIC        _?BlockWrite
  -------         PROC          _LCD_READ_IC_ID
  X:0066H         SYMBOL        ID
  D:0004H         SYMBOL        Bug
  D:0003H         SYMBOL        flog
  -------         DO            
  X:0067H         SYMBOL        id
  X:0069H         SYMBOL        id1
  X:006BH         SYMBOL        temp
  D:0005H         SYMBOL        i
  D:0007H         SYMBOL        dat
  D:0001H         SYMBOL        id2
  X:006DH         SYMBOL        id3
  D:0002H         SYMBOL        id4
  -------         ENDDO         
  C:1657H         LINE#         35
  C:165BH         LINE#         36
  C:165BH         LINE#         40
  C:1663H         LINE#         41
  C:1663H         LINE#         43
  C:1665H         LINE#         44
  C:1667H         LINE#         45
  C:1669H         LINE#         47
  C:166CH         LINE#         48
  C:166EH         LINE#         49
  C:1670H         LINE#         50
  C:1672H         LINE#         53
  C:1675H         LINE#         54
  C:1678H         LINE#         55
  C:167BH         LINE#         56
  C:167DH         LINE#         57
  C:167FH         LINE#         58
  C:1681H         LINE#         63
  C:168BH         LINE#         65
  C:1691H         LINE#         66
BL51 BANKED LINKER/LOCATER V6.22                                                      08/27/2021  13:48:35  PAGE 20


  C:1699H         LINE#         68
  C:169FH         LINE#         69
  C:16A5H         LINE#         70
  C:16AFH         LINE#         72
  C:16B5H         LINE#         73
  C:16B7H         LINE#         75
  C:16BDH         LINE#         77
  C:16C3H         LINE#         78
  C:16CDH         LINE#         80
  C:16D3H         LINE#         81
  C:16D8H         LINE#         83
  C:16DEH         LINE#         85
  C:16E8H         LINE#         86
  C:16F2H         LINE#         88
  C:16F8H         LINE#         89
  C:16FAH         LINE#         91
  C:170AH         LINE#         92
  C:1714H         LINE#         94
  C:1717H         LINE#         95
  C:171BH         LINE#         96
  C:171BH         LINE#         97
  C:1724H         LINE#         98
  C:172AH         LINE#         99
  C:172AH         LINE#         100
  C:1734H         LINE#         101
  C:1736H         LINE#         102
  C:173AH         LINE#         103
  C:173AH         LINE#         104
  C:1749H         LINE#         105
  C:1749H         LINE#         108
  C:1749H         LINE#         109
  C:1752H         LINE#         110
  C:1752H         LINE#         112
  C:1755H         LINE#         113
  C:1759H         LINE#         114
  C:175BH         LINE#         115
  C:175DH         LINE#         116
  C:175FH         LINE#         117
  C:175FH         LINE#         118
  C:1761H         LINE#         119
  C:1769H         LINE#         120
  C:176BH         LINE#         122
  C:176DH         LINE#         123
  C:1771H         LINE#         124
  C:1776H         LINE#         125
  C:1779H         LINE#         128
  C:1783H         LINE#         129
  C:1783H         LINE#         130
  C:1785H         LINE#         131
  C:1785H         LINE#         132
  C:1787H         LINE#         133
  C:1789H         LINE#         134
  C:178BH         LINE#         135
  C:17A2H         LINE#         136
  C:17A4H         LINE#         137
  C:17A6H         LINE#         138
  C:17ADH         LINE#         139
BL51 BANKED LINKER/LOCATER V6.22                                                      08/27/2021  13:48:35  PAGE 21


  C:17B7H         LINE#         140
  C:17B7H         LINE#         141
  C:17B9H         LINE#         142
  C:17B9H         LINE#         143
  C:17BBH         LINE#         144
  C:17BDH         LINE#         145
  C:17BFH         LINE#         146
  C:17D6H         LINE#         147
  C:17D8H         LINE#         148
  C:17DAH         LINE#         149
  C:17DFH         LINE#         150
  C:17DFH         LINE#         152
  C:17E1H         LINE#         153
  C:17E1H         LINE#         154
  C:17E3H         LINE#         155
  C:17E5H         LINE#         156
  C:17E7H         LINE#         157
  C:17FEH         LINE#         158
  C:1800H         LINE#         159
  C:1802H         LINE#         160
  C:1807H         LINE#         162
  C:1809H         LINE#         163
  C:1809H         LINE#         164
  C:180BH         LINE#         165
  C:180DH         LINE#         166
  C:180FH         LINE#         167
  C:1819H         LINE#         168
  C:181BH         LINE#         169
  C:181DH         LINE#         170
  C:1822H         LINE#         172
  C:1824H         LINE#         173
  C:1824H         LINE#         174
  C:1826H         LINE#         175
  C:1828H         LINE#         176
  C:182AH         LINE#         177
  C:1836H         LINE#         178
  C:1838H         LINE#         179
  C:183AH         LINE#         180
  C:183FH         LINE#         181
  C:1842H         LINE#         182
  C:1844H         LINE#         183
  C:1846H         LINE#         184
  C:1848H         LINE#         185
  C:184AH         LINE#         186
  C:184CH         LINE#         187
  C:184EH         LINE#         189
  C:1852H         LINE#         190
  C:1852H         LINE#         191
  C:1862H         LINE#         193
  C:186DH         LINE#         194
  C:186DH         LINE#         195
  C:186DH         LINE#         197
  C:1873H         LINE#         198
  C:1873H         LINE#         199
  C:187FH         LINE#         200
  C:187FH         LINE#         202
  C:187FH         LINE#         203
BL51 BANKED LINKER/LOCATER V6.22                                                      08/27/2021  13:48:35  PAGE 22


  C:1881H         LINE#         204
  C:1888H         LINE#         205
  -------         ENDPROC       _LCD_READ_IC_ID
  -------         PROC          _WRITECOMM
  D:0004H         SYMBOL        i
  -------         DO            
  D:0003H         SYMBOL        j
  X:007EH         SYMBOL        DataH
  -------         ENDDO         
  C:39E8H         LINE#         208
  C:39ECH         LINE#         209
  C:39ECH         LINE#         211
  C:39F0H         LINE#         212
  C:39F2H         LINE#         276
  C:39F2H         LINE#         303
  C:39F4H         LINE#         304
  C:39F6H         LINE#         305
  C:39F6H         LINE#         306
  C:39FAH         LINE#         307
  C:39FEH         LINE#         309
  C:3A00H         LINE#         310
  C:3A07H         LINE#         311
  C:3A09H         LINE#         312
  C:3A0BH         LINE#         314
  C:3A10H         LINE#         316
  C:3A10H         LINE#         319
  C:3A12H         LINE#         320
  -------         ENDPROC       _WRITECOMM
  -------         PROC          L?0467
  -------         ENDPROC       L?0467
  -------         PROC          _WRITEDATA
  D:0004H         SYMBOL        i
  -------         DO            
  D:0003H         SYMBOL        j
  X:007EH         SYMBOL        DataH
  -------         ENDDO         
  C:3990H         LINE#         322
  C:3994H         LINE#         323
  C:3994H         LINE#         325
  C:3998H         LINE#         326
  C:399AH         LINE#         466
  C:399AH         LINE#         497
  C:399CH         LINE#         498
  C:399EH         LINE#         499
  C:399EH         LINE#         500
  C:39A2H         LINE#         501
  C:39A6H         LINE#         503
  C:39A8H         LINE#         504
  C:39AFH         LINE#         505
  C:39B1H         LINE#         506
  C:39B3H         LINE#         508
  C:39B8H         LINE#         510
  C:39B8H         LINE#         513
  C:39BAH         LINE#         514
  -------         ENDPROC       _WRITEDATA
  C:0003H         SYMBOL        L?0466
  -------         PROC          L?0465
BL51 BANKED LINKER/LOCATER V6.22                                                      08/27/2021  13:48:35  PAGE 23


  -------         ENDPROC       L?0465
  C:0003H         SYMBOL        L?0466
  -------         PROC          _WRITEDISPDATA
  D:0007H         SYMBOL        DataH
  D:0005H         SYMBOL        DataL
  -------         DO            
  D:0006H         SYMBOL        j
  -------         ENDDO         
  C:0018H         LINE#         516
  C:0018H         LINE#         517
  C:0018H         LINE#         519
  C:001AH         LINE#         593
  C:001AH         LINE#         594
  C:001CH         LINE#         595
  C:001EH         LINE#         596
  C:001EH         LINE#         597
  C:0022H         LINE#         598
  C:0024H         LINE#         599
  C:0026H         LINE#         600
  C:0028H         LINE#         601
  C:002DH         LINE#         603
  C:002FH         LINE#         604
  C:0031H         LINE#         605
  C:0031H         LINE#         606
  C:0035H         LINE#         607
  C:0037H         LINE#         608
  C:0039H         LINE#         609
  C:003BH         LINE#         610
  C:0040H         LINE#         635
  C:0040H         LINE#         638
  C:0042H         LINE#         639
  -------         ENDPROC       _WRITEDISPDATA
  -------         PROC          _WRITEONEDOT
  D:0004H         SYMBOL        color
  C:3BD2H         LINE#         641
  C:3BD6H         LINE#         642
  C:3BD6H         LINE#         655
  -------         ENDPROC       _WRITEONEDOT
  -------         PROC          LCD_INIT
  C:11DFH         LINE#         664
  C:11DFH         LINE#         665
  C:11DFH         LINE#         666
  C:11E2H         LINE#         669
  C:11E4H         LINE#         670
  C:11EBH         LINE#         672
  C:11EDH         LINE#         673
  C:11F4H         LINE#         675
  C:11F6H         LINE#         676
  C:11FDH         LINE#         4875
  C:1204H         LINE#         4876
  C:1209H         LINE#         4877
  C:120EH         LINE#         4880
  C:1213H         LINE#         4881
  C:1218H         LINE#         4883
  C:121DH         LINE#         4884
  C:1222H         LINE#         4886
  C:1227H         LINE#         4887
BL51 BANKED LINKER/LOCATER V6.22                                                      08/27/2021  13:48:35  PAGE 24


  C:122CH         LINE#         4889
  C:1231H         LINE#         4890
  C:1236H         LINE#         4891
  C:123BH         LINE#         4892
  C:1240H         LINE#         4893
  C:1245H         LINE#         4895
  C:124AH         LINE#         4896
  C:124FH         LINE#         4897
  C:1254H         LINE#         4898
  C:1259H         LINE#         4900
  C:125EH         LINE#         4901
  C:1263H         LINE#         4902
  C:1268H         LINE#         4903
  C:126DH         LINE#         4905
  C:1272H         LINE#         4906
  C:1277H         LINE#         4907
  C:127CH         LINE#         4908
  C:1281H         LINE#         4910
  C:1286H         LINE#         4911
  C:128BH         LINE#         4912
  C:1290H         LINE#         4913
  C:1295H         LINE#         4914
  C:129AH         LINE#         4916
  C:129FH         LINE#         4917
  C:12A4H         LINE#         4919
  C:12A9H         LINE#         4920
  C:12AEH         LINE#         4922
  C:12B3H         LINE#         4923
  C:12B8H         LINE#         4924
  C:12BDH         LINE#         4925
  C:12C2H         LINE#         4926
  C:12C7H         LINE#         4927
  C:12CCH         LINE#         4930
  C:12D1H         LINE#         4931
  C:12D6H         LINE#         4932
  C:12D9H         LINE#         4933
  C:12DEH         LINE#         4934
  C:12E3H         LINE#         4935
  C:12E7H         LINE#         4936
  C:12ECH         LINE#         4937
  C:12F1H         LINE#         4938
  C:12F6H         LINE#         4939
  C:12FBH         LINE#         4940
  C:1300H         LINE#         4941
  C:1305H         LINE#         4942
  C:130AH         LINE#         4943
  C:130DH         LINE#         4944
  C:1312H         LINE#         4945
  C:1315H         LINE#         4946
  C:131AH         LINE#         4947
  C:131EH         LINE#         4948
  C:1323H         LINE#         4949
  C:1328H         LINE#         4950
  C:132DH         LINE#         4951
  C:1332H         LINE#         4952
  C:1337H         LINE#         4953
  C:133CH         LINE#         4954
BL51 BANKED LINKER/LOCATER V6.22                                                      08/27/2021  13:48:35  PAGE 25


  C:1341H         LINE#         4955
  C:1346H         LINE#         4956
  C:134BH         LINE#         4957
  C:1350H         LINE#         4958
  C:1355H         LINE#         4959
  C:135AH         LINE#         4960
  C:135FH         LINE#         4961
  C:1364H         LINE#         4962
  C:1369H         LINE#         4963
  C:136EH         LINE#         4964
  C:1373H         LINE#         4965
  C:1378H         LINE#         4966
  C:137DH         LINE#         4967
  C:1381H         LINE#         4969
  C:1386H         LINE#         4970
  C:138BH         LINE#         4971
  C:1390H         LINE#         4972
  C:1393H         LINE#         4973
  C:1398H         LINE#         4974
  C:139DH         LINE#         4975
  C:13A2H         LINE#         4977
  C:13A7H         LINE#         4978
  C:13ACH         LINE#         4979
  C:13B1H         LINE#         4980
  C:13B6H         LINE#         4982
  C:13BBH         LINE#         4983
  C:13C0H         LINE#         4985
  C:13C5H         LINE#         4986
  C:13CAH         LINE#         4987
  C:13CFH         LINE#         4988
  C:13D4H         LINE#         4989
  C:13D7H         LINE#         4991
  C:13DCH         LINE#         4992
  C:13E1H         LINE#         4994
  C:13E6H         LINE#         4995
  C:13EBH         LINE#         4996
  C:13F0H         LINE#         4998
  C:13F5H         LINE#         4999
  C:13FAH         LINE#         5001
  C:13FFH         LINE#         5002
  C:1404H         LINE#         5004
  C:1409H         LINE#         5005
  C:140EH         LINE#         5007
  C:1413H         LINE#         5008
  C:1418H         LINE#         5009
  C:141FH         LINE#         5010
  -------         ENDPROC       LCD_INIT
  C:2D51H         SYMBOL        L?0459
  C:2D57H         SYMBOL        L?0460
  C:2D60H         SYMBOL        L?0461
  -------         PROC          L?0458
  -------         ENDPROC       L?0458
  C:2D51H         SYMBOL        L?0459
  C:2D57H         SYMBOL        L?0460
  C:2D60H         SYMBOL        L?0461
  -------         PROC          _?BLOCKWRITE
  p:0000H         SYMBOL        Xstart
BL51 BANKED LINKER/LOCATER V6.22                                                      08/27/2021  13:48:35  PAGE 26


  p:0002H         SYMBOL        Xend
  p:0004H         SYMBOL        Ystart
  p:0006H         SYMBOL        Yend
  C:2D6AH         LINE#         5623
  C:2D8BH         LINE#         5724
  C:2D92H         LINE#         5725
  C:2D99H         LINE#         5726
  C:2DA1H         LINE#         5727
  C:2DACH         LINE#         5728
  C:2DB6H         LINE#         5730
  C:2DBBH         LINE#         5731
  C:2DC5H         LINE#         5733
  C:2DCCH         LINE#         5734
  C:2DD6H         LINE#         5735
  C:2DDDH         LINE#         5741
  C:2DE2H         LINE#         5744
  C:2DE5H         LINE#         5749
  -------         ENDPROC       _?BLOCKWRITE
  -------         PROC          _DISPCOLOR
  D:0004H         SYMBOL        color
  -------         DO            
  X:005DH         SYMBOL        i
  D:0002H         SYMBOL        m
  X:005FH         SYMBOL        DataH
  X:0060H         SYMBOL        DataL
  -------         ENDDO         
  C:0046H         LINE#         5802
  C:0048H         LINE#         5803
  C:0048H         LINE#         5806
  C:004EH         LINE#         5808
  C:0051H         LINE#         5810
  C:0053H         LINE#         5811
  C:0059H         LINE#         5812
  C:0059H         LINE#         5813
  C:005CH         LINE#         5814
  C:005CH         LINE#         5815
  C:0066H         LINE#         5816
  C:0071H         LINE#         5817
  C:0087H         LINE#         5819
  C:0089H         LINE#         5820
  -------         ENDPROC       _DISPCOLOR
  -------         PROC          DISPFRAME
  -------         DO            
  D:0002H         SYMBOL        i
  X:005DH         SYMBOL        j
  D:0001H         SYMBOL        DataH
  D:0004H         SYMBOL        DataL
  -------         ENDDO         
  C:2C04H         LINE#         5822
  C:2C04H         LINE#         5823
  C:2C04H         LINE#         5826
  C:2C07H         LINE#         5828
  C:2C09H         LINE#         5831
  C:2C0DH         LINE#         5832
  C:2C13H         LINE#         5834
  C:2C15H         LINE#         5835
  C:2C15H         LINE#         5836
BL51 BANKED LINKER/LOCATER V6.22                                                      08/27/2021  13:48:35  PAGE 27


  C:2C19H         LINE#         5837
  C:2C20H         LINE#         5838
  C:2C2BH         LINE#         5840
  C:2C2FH         LINE#         5841
  C:2C35H         LINE#         5843
  C:2C3BH         LINE#         5844
  C:2C3BH         LINE#         5845
  C:2C3FH         LINE#         5846
  C:2C45H         LINE#         5848
  C:2C48H         LINE#         5849
  C:2C48H         LINE#         5850
  C:2C4BH         LINE#         5851
  C:2C50H         LINE#         5852
  C:2C5BH         LINE#         5854
  C:2C5FH         LINE#         5855
  C:2C65H         LINE#         5857
  C:2C7BH         LINE#         5859
  C:2C7FH         LINE#         5860
  C:2C85H         LINE#         5862
  C:2C88H         LINE#         5863
  C:2C88H         LINE#         5864
  C:2C8CH         LINE#         5865
  C:2C93H         LINE#         5866
  C:2C9EH         LINE#         5868
  C:2CA2H         LINE#         5869
  C:2CA8H         LINE#         5871
  C:2CABH         LINE#         5872
  C:2CADH         LINE#         5873
  -------         ENDPROC       DISPFRAME
  -------         PROC          DISPBAND
  -------         DO            
  D:0002H         SYMBOL        i
  X:0014H         SYMBOL        j
  X:0015H         SYMBOL        k
  X:0016H         SYMBOL        m
  X:0017H         SYMBOL        n
  X:0018H         SYMBOL        x
  -------         ENDDO         
  C:1E0DH         LINE#         5875
  C:1E0DH         LINE#         5876
  C:1E0DH         LINE#         5879
  C:1E16H         LINE#         5880
  C:1E1FH         LINE#         5881
  C:1E21H         LINE#         5884
  C:1E29H         LINE#         5885
  C:1E37H         LINE#         5886
  C:1E37H         LINE#         5887
  C:1E52H         LINE#         5888
  C:1E6DH         LINE#         5889
  C:1E99H         LINE#         5890
  C:1EA0H         LINE#         5891
  C:1EAFH         LINE#         5892
  C:1EAFH         LINE#         5893
  C:1ECAH         LINE#         5894
  C:1EE5H         LINE#         5895
  C:1F11H         LINE#         5896
  C:1F18H         LINE#         5897
BL51 BANKED LINKER/LOCATER V6.22                                                      08/27/2021  13:48:35  PAGE 28


  C:1F2EH         LINE#         5898
  C:1F2EH         LINE#         5899
  C:1F49H         LINE#         5900
  C:1F64H         LINE#         5901
  C:1F90H         LINE#         5902
  C:1F97H         LINE#         5903
  C:1F99H         LINE#         5904
  C:1F9CH         LINE#         5905
  -------         ENDPROC       DISPBAND
  -------         PROC          _DISPPIC
  D:0006H         SYMBOL        picture
  -------         DO            
  X:0019H         SYMBOL        p
  X:001CH         SYMBOL        n
  -------         ENDDO         
  C:358BH         LINE#         5908
  C:358BH         LINE#         5909
  C:358BH         LINE#         5912
  C:359AH         LINE#         5913
  C:359AH         LINE#         5914
  C:359AH         LINE#         5916
  C:35ABH         LINE#         5918
  C:35BEH         LINE#         5919
  C:35BEH         LINE#         5920
  C:35DEH         LINE#         5921
  C:35EBH         LINE#         5923
  -------         ENDPROC       _DISPPIC
  -------         PROC          _DISPPICFROMSD
  X:001EH         SYMBOL        PicNum
  -------         DO            
  X:001FH         SYMBOL        Address_S
  X:0023H         SYMBOL        Address_E
  D:0002H         SYMBOL        i
  X:0027H         SYMBOL        k
  -------         ENDDO         
  C:26B8H         LINE#         5927
  C:26BBH         LINE#         5928
  C:26BBH         LINE#         5934
  C:26BEH         LINE#         5937
  C:26C0H         LINE#         5939
  C:26C2H         LINE#         5941
  C:26CBH         LINE#         5942
  C:26F6H         LINE#         5943
  C:271FH         LINE#         5944
  C:2742H         LINE#         5945
  C:2742H         LINE#         5946
  C:2752H         LINE#         5948
  C:275BH         LINE#         5949
  C:275BH         LINE#         5951
  C:2776H         LINE#         5952
  C:277FH         LINE#         5953
  C:279EH         LINE#         5955
  C:27A0H         LINE#         5993
  -------         ENDPROC       _DISPPICFROMSD
  -------         PROC          DISPSCALEHOR1
  -------         DO            
  X:002BH         SYMBOL        i
BL51 BANKED LINKER/LOCATER V6.22                                                      08/27/2021  13:48:35  PAGE 29


  X:002DH         SYMBOL        j
  D:0002H         SYMBOL        k
  -------         ENDDO         
  C:1889H         LINE#         5998
  C:1889H         LINE#         5999
  C:1889H         LINE#         6002
  C:188CH         LINE#         6005
  C:188EH         LINE#         6006
  C:188EH         LINE#         6007
  C:18B0H         LINE#         6008
  C:18B6H         LINE#         6009
  C:18B6H         LINE#         6010
  C:18BCH         LINE#         6011
  C:18BCH         LINE#         6012
  C:18D1H         LINE#         6013
  C:18E7H         LINE#         6014
  C:18FDH         LINE#         6016
  C:1908H         LINE#         6019
  C:190BH         LINE#         6020
  C:190BH         LINE#         6021
  C:192DH         LINE#         6022
  C:1933H         LINE#         6023
  C:1933H         LINE#         6024
  C:1939H         LINE#         6025
  C:1939H         LINE#         6026
  C:1964H         LINE#         6027
  C:197AH         LINE#         6028
  C:1990H         LINE#         6029
  C:199EH         LINE#         6032
  C:19A1H         LINE#         6033
  C:19A1H         LINE#         6034
  C:19C3H         LINE#         6035
  C:19C9H         LINE#         6036
  C:19C9H         LINE#         6037
  C:19CFH         LINE#         6038
  C:19CFH         LINE#         6039
  C:19D9H         LINE#         6040
  C:19EFH         LINE#         6041
  C:1A05H         LINE#         6042
  C:1A10H         LINE#         6045
  C:1A13H         LINE#         6046
  C:1A13H         LINE#         6047
  C:1A35H         LINE#         6048
  C:1A3BH         LINE#         6049
  C:1A3BH         LINE#         6050
  C:1A41H         LINE#         6051
  C:1A41H         LINE#         6052
  C:1A74H         LINE#         6053
  C:1A8AH         LINE#         6054
  C:1AA0H         LINE#         6055
  C:1AAEH         LINE#         6056
  C:1AB0H         LINE#         6057
  -------         ENDPROC       DISPSCALEHOR1
  -------         PROC          DISPSCALEVER
  -------         DO            
  X:002FH         SYMBOL        i
  X:0031H         SYMBOL        j
BL51 BANKED LINKER/LOCATER V6.22                                                      08/27/2021  13:48:35  PAGE 30


  D:0002H         SYMBOL        k
  -------         ENDDO         
  C:2362H         LINE#         6059
  C:2362H         LINE#         6060
  C:2362H         LINE#         6129
  C:2365H         LINE#         6131
  C:236DH         LINE#         6132
  C:236DH         LINE#         6133
  C:2373H         LINE#         6134
  C:2373H         LINE#         6135
  C:2379H         LINE#         6136
  C:238FH         LINE#         6137
  C:2396H         LINE#         6139
  C:2399H         LINE#         6140
  C:2399H         LINE#         6142
  C:239FH         LINE#         6143
  C:239FH         LINE#         6145
  C:23A5H         LINE#         6146
  C:23A5H         LINE#         6147
  C:23B7H         LINE#         6148
  C:23CDH         LINE#         6150
  C:23D3H         LINE#         6151
  C:23D3H         LINE#         6152
  C:23FBH         LINE#         6153
  C:2411H         LINE#         6155
  C:2417H         LINE#         6156
  C:2417H         LINE#         6157
  C:241EH         LINE#         6158
  C:2434H         LINE#         6160
  C:243AH         LINE#         6161
  C:243AH         LINE#         6162
  C:244EH         LINE#         6163
  C:2464H         LINE#         6165
  C:247DH         LINE#         6167
  C:248BH         LINE#         6169
  -------         ENDPROC       DISPSCALEVER
  -------         PROC          DISPSCALEVER_RED
  -------         DO            
  X:0033H         SYMBOL        i
  X:0035H         SYMBOL        j
  D:0002H         SYMBOL        k
  -------         ENDDO         
  C:2F1DH         LINE#         6171
  C:2F1DH         LINE#         6172
  C:2F1DH         LINE#         6175
  C:2F20H         LINE#         6177
  C:2F22H         LINE#         6179
  C:2F24H         LINE#         6182
  C:2F2CH         LINE#         6183
  C:2F2CH         LINE#         6184
  C:2F32H         LINE#         6185
  C:2F32H         LINE#         6186
  C:2F38H         LINE#         6187
  C:2F4EH         LINE#         6188
  C:2F55H         LINE#         6190
  C:2F58H         LINE#         6191
  C:2F58H         LINE#         6192
BL51 BANKED LINKER/LOCATER V6.22                                                      08/27/2021  13:48:35  PAGE 31


  C:2F5EH         LINE#         6193
  C:2F5EH         LINE#         6195
  C:2F64H         LINE#         6196
  C:2F64H         LINE#         6197
  C:2F76H         LINE#         6198
  C:2F8CH         LINE#         6199
  C:2FA2H         LINE#         6201
  C:2FADH         LINE#         6203
  C:2FAFH         LINE#         6204
  -------         ENDPROC       DISPSCALEVER_RED
  -------         PROC          DISPSCALEVER_GREEN
  -------         DO            
  X:0037H         SYMBOL        i
  X:0039H         SYMBOL        j
  D:0002H         SYMBOL        k
  -------         ENDDO         
  C:2CAEH         LINE#         6206
  C:2CAEH         LINE#         6207
  C:2CAEH         LINE#         6210
  C:2CB1H         LINE#         6212
  C:2CB3H         LINE#         6213
  C:2CB5H         LINE#         6216
  C:2CBDH         LINE#         6217
  C:2CBDH         LINE#         6218
  C:2CC3H         LINE#         6219
  C:2CC3H         LINE#         6220
  C:2CC9H         LINE#         6222
  C:2CDFH         LINE#         6223
  C:2CE6H         LINE#         6225
  C:2CE9H         LINE#         6226
  C:2CE9H         LINE#         6227
  C:2CEFH         LINE#         6228
  C:2CEFH         LINE#         6230
  C:2CF5H         LINE#         6231
  C:2CF5H         LINE#         6233
  C:2D16H         LINE#         6234
  C:2D2CH         LINE#         6235
  C:2D42H         LINE#         6237
  C:2D4DH         LINE#         6239
  C:2D4FH         LINE#         6240
  -------         ENDPROC       DISPSCALEVER_GREEN
  -------         PROC          DISPSCALEVER_BLUE
  -------         DO            
  X:003BH         SYMBOL        i
  X:003DH         SYMBOL        j
  D:0002H         SYMBOL        k
  -------         ENDDO         
  C:315FH         LINE#         6242
  C:315FH         LINE#         6243
  C:315FH         LINE#         6246
  C:3162H         LINE#         6248
  C:3164H         LINE#         6249
  C:3166H         LINE#         6252
  C:316EH         LINE#         6253
  C:316EH         LINE#         6254
  C:3174H         LINE#         6255
  C:3174H         LINE#         6256
BL51 BANKED LINKER/LOCATER V6.22                                                      08/27/2021  13:48:35  PAGE 32


  C:317AH         LINE#         6257
  C:3190H         LINE#         6258
  C:3197H         LINE#         6260
  C:319AH         LINE#         6261
  C:319AH         LINE#         6262
  C:31A0H         LINE#         6263
  C:31A0H         LINE#         6265
  C:31A6H         LINE#         6266
  C:31A6H         LINE#         6267
  C:31ADH         LINE#         6268
  C:31C3H         LINE#         6269
  C:31D9H         LINE#         6271
  C:31E4H         LINE#         6273
  C:31E6H         LINE#         6274
  -------         ENDPROC       DISPSCALEVER_BLUE
  -------         PROC          DISPSCALEVER_GRAY
  -------         DO            
  X:003FH         SYMBOL        i
  X:0041H         SYMBOL        j
  D:0002H         SYMBOL        k
  -------         ENDDO         
  C:2FB0H         LINE#         6276
  C:2FB0H         LINE#         6277
  C:2FB0H         LINE#         6280
  C:2FB3H         LINE#         6282
  C:2FB5H         LINE#         6287
  C:2FBDH         LINE#         6288
  C:2FBDH         LINE#         6289
  C:2FC3H         LINE#         6290
  C:2FC3H         LINE#         6291
  C:2FC9H         LINE#         6293
  C:2FDFH         LINE#         6294
  C:2FE6H         LINE#         6296
  C:2FE9H         LINE#         6297
  C:2FE9H         LINE#         6298
  C:2FEFH         LINE#         6299
  C:2FEFH         LINE#         6301
  C:2FF5H         LINE#         6302
  C:2FF5H         LINE#         6303
  C:3009H         LINE#         6304
  C:301FH         LINE#         6305
  C:3035H         LINE#         6307
  C:3040H         LINE#         6309
  C:3042H         LINE#         6310
  -------         ENDPROC       DISPSCALEVER_GRAY
  -------         PROC          DISPGRAYHOR16
  -------         DO            
  X:005DH         SYMBOL        i
  D:0002H         SYMBOL        j
  X:005FH         SYMBOL        k
  -------         ENDDO         
  C:2DECH         LINE#         6312
  C:2DECH         LINE#         6313
  C:2DECH         LINE#         6316
  C:2DEFH         LINE#         6318
  C:2DF1H         LINE#         6319
  C:2DF3H         LINE#         6321
BL51 BANKED LINKER/LOCATER V6.22                                                      08/27/2021  13:48:35  PAGE 33


  C:2DF9H         LINE#         6322
  C:2DF9H         LINE#         6323
  C:2E02H         LINE#         6324
  C:2E02H         LINE#         6325
  C:2E08H         LINE#         6326
  C:2E0FH         LINE#         6328
  C:2E12H         LINE#         6329
  C:2E12H         LINE#         6330
  C:2E18H         LINE#         6331
  C:2E18H         LINE#         6332
  C:2E4AH         LINE#         6333
  C:2E60H         LINE#         6334
  C:2E6BH         LINE#         6335
  C:2E84H         LINE#         6337
  C:2E86H         LINE#         6338
  -------         ENDPROC       DISPGRAYHOR16
  -------         PROC          DISPGRAYHOR32
  -------         DO            
  X:0043H         SYMBOL        i
  D:0002H         SYMBOL        j
  X:0045H         SYMBOL        k
  -------         ENDDO         
  C:32EAH         LINE#         6340
  C:32EAH         LINE#         6341
  C:32EAH         LINE#         6344
  C:32EDH         LINE#         6346
  C:32EFH         LINE#         6348
  C:32F5H         LINE#         6349
  C:32F5H         LINE#         6350
  C:32F8H         LINE#         6351
  C:32F8H         LINE#         6352
  C:32FEH         LINE#         6353
  C:3309H         LINE#         6355
  C:330CH         LINE#         6356
  C:330CH         LINE#         6357
  C:3312H         LINE#         6358
  C:3312H         LINE#         6359
  C:3326H         LINE#         6360
  C:333CH         LINE#         6361
  C:3347H         LINE#         6362
  C:335DH         LINE#         6364
  C:335FH         LINE#         6365
  -------         ENDPROC       DISPGRAYHOR32
  -------         PROC          DISPSCALEHOR2
  -------         DO            
  X:0047H         SYMBOL        j
  D:0002H         SYMBOL        k
  -------         ENDDO         
  C:1AB1H         LINE#         6367
  C:1AB1H         LINE#         6368
  C:1AB1H         LINE#         6371
  C:1AB4H         LINE#         6373
  C:1AB6H         LINE#         6374
  C:1AB6H         LINE#         6375
  C:1ABCH         LINE#         6376
  C:1AD9H         LINE#         6377
  C:1AE4H         LINE#         6378
BL51 BANKED LINKER/LOCATER V6.22                                                      08/27/2021  13:48:35  PAGE 34


  C:1AE7H         LINE#         6379
  C:1AE7H         LINE#         6380
  C:1AEDH         LINE#         6381
  C:1B0AH         LINE#         6382
  C:1B15H         LINE#         6383
  C:1B18H         LINE#         6384
  C:1B18H         LINE#         6385
  C:1B1EH         LINE#         6386
  C:1B3BH         LINE#         6387
  C:1B46H         LINE#         6388
  C:1B49H         LINE#         6389
  C:1B49H         LINE#         6390
  C:1B4FH         LINE#         6391
  C:1B6CH         LINE#         6392
  C:1B77H         LINE#         6393
  C:1B7AH         LINE#         6394
  C:1B7AH         LINE#         6395
  C:1B80H         LINE#         6396
  C:1B9DH         LINE#         6397
  C:1BA8H         LINE#         6398
  C:1BABH         LINE#         6399
  C:1BABH         LINE#         6400
  C:1BB1H         LINE#         6401
  C:1BCEH         LINE#         6402
  C:1BD9H         LINE#         6403
  C:1BDCH         LINE#         6404
  C:1BDCH         LINE#         6405
  C:1BE2H         LINE#         6406
  C:1BFFH         LINE#         6407
  C:1C0AH         LINE#         6408
  C:1C0DH         LINE#         6409
  C:1C0DH         LINE#         6410
  C:1C13H         LINE#         6411
  C:1C2FH         LINE#         6412
  C:1C3AH         LINE#         6413
  C:1C43H         LINE#         6414
  C:1C43H         LINE#         6415
  C:1C49H         LINE#         6416
  C:1C65H         LINE#         6417
  C:1C6CH         LINE#         6419
  -------         ENDPROC       DISPSCALEHOR2
  -------         PROC          _TOORD
  D:0007H         SYMBOL        ch
  C:35ECH         LINE#         6524
  C:35ECH         LINE#         6525
  C:35ECH         LINE#         6526
  C:35F2H         LINE#         6527
  C:35F2H         LINE#         6528
  C:35F4H         LINE#         6529
  C:35F6H         LINE#         6530
  C:3602H         LINE#         6531
  C:3602H         LINE#         6532
  C:3606H         LINE#         6533
  C:3608H         LINE#         6534
  C:3614H         LINE#         6535
  C:3614H         LINE#         6536
  C:3618H         LINE#         6537
BL51 BANKED LINKER/LOCATER V6.22                                                      08/27/2021  13:48:35  PAGE 35


  C:361AH         LINE#         6538
  C:3626H         LINE#         6539
[...]
  C:157DH         LINE#         321
  C:158CH         LINE#         322
  C:158CH         LINE#         323
  C:15A1H         LINE#         324
  C:15A6H         LINE#         325
  C:15AEH         LINE#         326
  C:15B8H         LINE#         327
  C:15C6H         LINE#         328
  C:15D4H         LINE#         329
  C:15D6H         LINE#         331
  C:15D6H         LINE#         332
  C:15DBH         LINE#         333
  C:15DEH         LINE#         334
  C:15F6H         LINE#         335
  C:15F6H         LINE#         336
  C:160FH         LINE#         337
  C:1614H         LINE#         338
  C:161CH         LINE#         339
  C:1623H         LINE#         340
  C:1628H         LINE#         341
  C:1628H         LINE#         342
  C:163CH         LINE#         343
BL51 BANKED LINKER/LOCATER V6.22                                                      08/27/2021  13:48:35  PAGE 44


  C:163CH         LINE#         344
  C:1643H         LINE#         345
  C:1648H         LINE#         346
  C:1648H         LINE#         347
  C:1656H         LINE#         348
  C:1656H         LINE#         349
  -------         ENDPROC       USBXCORE_HANDLE_SETUP
  -------         PROC          USBXCORE_FORCE_STALL
  C:3B13H         LINE#         356
  C:3B13H         LINE#         358
  C:3B1EH         LINE#         359
  C:3B29H         LINE#         360
  C:3B2FH         LINE#         361
  -------         ENDPROC       USBXCORE_FORCE_STALL
  -------         PROC          USBXCORE_GET_STATUS
  C:3448H         LINE#         367
  C:3448H         LINE#         369
  C:3457H         LINE#         370
  C:3457H         LINE#         371
  C:3457H         LINE#         372
  C:3457H         LINE#         373
  C:3457H         LINE#         374
  C:3459H         LINE#         375
  C:3459H         LINE#         379
  C:3459H         LINE#         381
  C:3467H         LINE#         385
  C:3467H         LINE#         386
  C:3467H         LINE#         387
  C:3467H         LINE#         388
  C:3469H         LINE#         390
  C:3469H         LINE#         392
  C:3477H         LINE#         396
  C:3477H         LINE#         397
  C:3484H         LINE#         398
  C:3484H         LINE#         399
  C:3486H         LINE#         401
  C:3486H         LINE#         402
  C:3494H         LINE#         403
  C:349DH         LINE#         404
  C:349DH         LINE#         405
  C:349DH         LINE#         406
  C:349FH         LINE#         407
  C:349FH         LINE#         408
  C:34A2H         LINE#         409
  C:34A2H         LINE#         410
  C:34A2H         LINE#         411
  C:34AAH         LINE#         412
  C:34AAH         LINE#         413
  C:34ADH         LINE#         414
  C:34B3H         LINE#         415
  C:34BAH         LINE#         416
  C:34BAH         LINE#         417
  -------         ENDPROC       USBXCORE_GET_STATUS
  -------         PROC          USBXCORE_CLEAR_FEATURE
  C:36A1H         LINE#         423
  C:36A1H         LINE#         425
  C:36A7H         LINE#         426
BL51 BANKED LINKER/LOCATER V6.22                                                      08/27/2021  13:48:35  PAGE 45


  C:36A7H         LINE#         428
  C:36AEH         LINE#         429
  C:36AEH         LINE#         430
  C:36B9H         LINE#         436
  C:36C4H         LINE#         437
  C:36C9H         LINE#         438
  C:36CBH         LINE#         440
  C:36CBH         LINE#         442
  C:36D6H         LINE#         446
  C:36E1H         LINE#         447
  C:36E6H         LINE#         448
  C:36E6H         LINE#         449
  C:36E8H         LINE#         451
  C:36E8H         LINE#         452
  C:36EBH         LINE#         453
  C:36EBH         LINE#         454
  C:36F6H         LINE#         455
  -------         ENDPROC       USBXCORE_CLEAR_FEATURE
  -------         PROC          USBXCORE_VENDOR_USB_API
  C:27A1H         LINE#         462
  C:27A1H         LINE#         464
  C:27ABH         LINE#         465
  C:27ABH         LINE#         466
  C:27B2H         LINE#         467
  C:27B2H         LINE#         468
  C:27B5H         LINE#         469
  C:27B8H         LINE#         470
  C:27BAH         LINE#         472
  C:27BAH         LINE#         473
  C:27C1H         LINE#         474
  C:27C1H         LINE#         477
  C:27CCH         LINE#         482
  C:27D7H         LINE#         483
  C:27E2H         LINE#         485
  C:27E2H         LINE#         486
  C:27F5H         LINE#         487
  C:27F5H         LINE#         488
  C:27F9H         LINE#         489
  C:2804H         LINE#         491
  C:2804H         LINE#         492
  C:2817H         LINE#         493
  C:2817H         LINE#         494
  C:281BH         LINE#         495
  C:2826H         LINE#         497
  C:282CH         LINE#         498
  C:2834H         LINE#         499
  C:2834H         LINE#         500
  C:2837H         LINE#         501
  C:2837H         LINE#         502
  C:2837H         LINE#         503
  C:2842H         LINE#         504
  C:2842H         LINE#         505
  C:2848H         LINE#         506
  C:284FH         LINE#         507
  C:284FH         LINE#         508
  C:2853H         LINE#         509
  C:2853H         LINE#         510
BL51 BANKED LINKER/LOCATER V6.22                                                      08/27/2021  13:48:35  PAGE 46


  C:2859H         LINE#         511
  C:2860H         LINE#         512
  C:2860H         LINE#         513
  C:286BH         LINE#         514
  -------         ENDPROC       USBXCORE_VENDOR_USB_API
  -------         PROC          USBXCORE_SET_FEATURE
  C:36F9H         LINE#         521
  C:36F9H         LINE#         523
  C:36FFH         LINE#         524
  C:36FFH         LINE#         526
  C:3706H         LINE#         527
  C:3706H         LINE#         528
  C:3711H         LINE#         534
  C:371CH         LINE#         535
  C:371FH         LINE#         536
  C:3721H         LINE#         538
  C:3721H         LINE#         540
  C:372CH         LINE#         544
  C:3737H         LINE#         545
  C:373DH         LINE#         546
  C:373DH         LINE#         548
  C:373FH         LINE#         550
  C:373FH         LINE#         551
  C:3742H         LINE#         552
  C:3742H         LINE#         553
  C:374DH         LINE#         554
  -------         ENDPROC       USBXCORE_SET_FEATURE
  -------         PROC          USBXCORE_SET_ADDRESS
  C:3AD4H         LINE#         561
  C:3AD4H         LINE#         563
  C:3AE3H         LINE#         564
  C:3AE9H         LINE#         565
  C:3AE9H         LINE#         566
  C:3AECH         LINE#         567
  C:3AEEH         LINE#         569
  C:3AEEH         LINE#         570
  C:3AF1H         LINE#         571
  C:3AF1H         LINE#         572
  -------         ENDPROC       USBXCORE_SET_ADDRESS
  -------         PROC          USBXCORE_GET_DESCRIPTOR
  C:2AA3H         LINE#         579
  C:2AA3H         LINE#         580
  C:2AB2H         LINE#         581
  C:2AB2H         LINE#         582
  C:2AB2H         LINE#         583
  C:2AC0H         LINE#         584
  C:2AC4H         LINE#         585
  C:2AC6H         LINE#         586
  C:2AC6H         LINE#         587
  C:2AD4H         LINE#         588
  C:2AE7H         LINE#         589
  C:2AE9H         LINE#         590
  C:2AE9H         LINE#         591
  C:2B0DH         LINE#         592
  C:2B19H         LINE#         593
  C:2B1BH         LINE#         594
  C:2B1BH         LINE#         595
BL51 BANKED LINKER/LOCATER V6.22                                                      08/27/2021  13:48:35  PAGE 47


  C:2B1EH         LINE#         596
  C:2B1EH         LINE#         597
  C:2B1EH         LINE#         598
  C:2B34H         LINE#         599
  C:2B34H         LINE#         600
  C:2B3CH         LINE#         601
  C:2B3CH         LINE#         602
  C:2B44H         LINE#         603
  C:2B44H         LINE#         604
  C:2B47H         LINE#         605
  C:2B4DH         LINE#         606
  C:2B54H         LINE#         607
  C:2B54H         LINE#         608
  -------         ENDPROC       USBXCORE_GET_DESCRIPTOR
  -------         PROC          USBXCORE_GET_CONFIGURATION
  C:3890H         LINE#         614
  C:3890H         LINE#         616
  C:3898H         LINE#         617
  C:3898H         LINE#         618
  C:38A4H         LINE#         619
  C:38ACH         LINE#         620
  C:38ACH         LINE#         621
  C:38B0H         LINE#         622
  C:38B0H         LINE#         623
  C:38BEH         LINE#         624
  C:38C6H         LINE#         625
  C:38C6H         LINE#         626
  C:38C9H         LINE#         627
  C:38CFH         LINE#         628
  C:38D6H         LINE#         629
  -------         ENDPROC       USBXCORE_GET_CONFIGURATION
  -------         PROC          USBXCORE_SET_CONFIGURATION
  C:3647H         LINE#         635
  C:3647H         LINE#         637
  C:3650H         LINE#         638
  C:3650H         LINE#         639
  C:3657H         LINE#         640
  C:365DH         LINE#         641
  C:3662H         LINE#         642
  C:3664H         LINE#         644
  C:366FH         LINE#         645
  C:367AH         LINE#         646
  C:3685H         LINE#         653
  C:3690H         LINE#         654
  C:3692H         LINE#         656
  C:3692H         LINE#         657
  C:3698H         LINE#         658
  C:369CH         LINE#         659
  C:369EH         LINE#         660
  C:369EH         LINE#         661
  -------         ENDPROC       USBXCORE_SET_CONFIGURATION
  -------         PROC          USBXCORE_GET_INTERFACE
  C:3A65H         LINE#         668
  C:3A65H         LINE#         670
  C:3A73H         LINE#         671
  C:3A7BH         LINE#         672
  C:3A7EH         LINE#         673
BL51 BANKED LINKER/LOCATER V6.22                                                      08/27/2021  13:48:35  PAGE 48


  C:3A84H         LINE#         674
  C:3A8BH         LINE#         675
  -------         ENDPROC       USBXCORE_GET_INTERFACE
  -------         PROC          USBXCORE_SET_SOP
  C:3B75H         LINE#         682
  C:3B75H         LINE#         684
  C:3B7DH         LINE#         685
  C:3B7DH         LINE#         686
  C:3B88H         LINE#         687
  C:3B88H         LINE#         688
  -------         ENDPROC       USBXCORE_SET_SOP
  -------         PROC          USBXCORE_USB_ISR
  C:1F9DH         LINE#         699
  C:1FBAH         LINE#         702
  C:1FC0H         LINE#         703
  C:1FD3H         LINE#         706
  C:1FE6H         LINE#         709
  C:1FEAH         LINE#         710
  C:1FEAH         LINE#         711
  C:1FF5H         LINE#         712
  C:1FF5H         LINE#         714
  C:1FFCH         LINE#         715
  C:1FFCH         LINE#         716
  C:1FFFH         LINE#         717
  C:1FFFH         LINE#         719
  C:2006H         LINE#         720
  C:2006H         LINE#         721
  C:2013H         LINE#         722
  C:2013H         LINE#         723
  C:201AH         LINE#         724
  C:201AH         LINE#         725
  C:201AH         LINE#         727
  C:201AH         LINE#         728
  C:201AH         LINE#         730
  C:201AH         LINE#         732
  C:202DH         LINE#         734
  C:2031H         LINE#         735
  C:2031H         LINE#         736
  C:2034H         LINE#         737
  C:2034H         LINE#         740
  C:203BH         LINE#         741
  C:203BH         LINE#         742
  C:2046H         LINE#         748
  C:2059H         LINE#         749
  C:205EH         LINE#         750
  C:205EH         LINE#         751
  C:2065H         LINE#         752
  C:2065H         LINE#         754
  C:2065H         LINE#         756
  C:2078H         LINE#         759
  C:207CH         LINE#         760
  C:207CH         LINE#         761
  C:2087H         LINE#         767
  C:209AH         LINE#         768
  C:209EH         LINE#         769
  C:209EH         LINE#         770
  C:20A5H         LINE#         771
BL51 BANKED LINKER/LOCATER V6.22                                                      08/27/2021  13:48:35  PAGE 49


  C:20A5H         LINE#         772
  C:20A5H         LINE#         775
  C:20B3H         LINE#         776
  C:20B8H         LINE#         777
  C:20BEH         LINE#         778
  C:20C3H         LINE#         781
  C:20D0H         LINE#         782
  C:20D0H         LINE#         783
  C:20D3H         LINE#         784
  C:20D3H         LINE#         785
  -------         ENDPROC       USBXCORE_USB_ISR
  -------         ENDMOD        USB_API

  -------         MODULE        USB_SUSPEND
  C:0000H         SYMBOL        _ICE_DUMMY_
  D:00D7H         PUBLIC        USB0XCN
  D:00C9H         PUBLIC        REG0CN
  C:3A13H         PUBLIC        USB_Suspend
  D:00A9H         PUBLIC        CLKSEL
  D:00B2H         PUBLIC        OSCICN
  D:00B9H         PUBLIC        CLKMUL
  -------         PROC          USB_SUSPEND
  C:3A13H         LINE#         70
  C:3A13H         LINE#         72
  C:3A16H         LINE#         74
  C:3A19H         LINE#         76
  C:3A21H         LINE#         79
  C:3A24H         LINE#         80
  C:3A27H         LINE#         81
  C:3A2AH         LINE#         82
  C:3A2DH         LINE#         84
  C:3A2EH         LINE#         86
  C:3A31H         LINE#         88
  C:3A37H         LINE#         92
  C:3A3AH         LINE#         94
  C:3A3DH         LINE#         95
  -------         ENDPROC       USB_SUSPEND
  -------         ENDMOD        USB_SUSPEND

  -------         MODULE        USB_INT_ENABLE
  C:0000H         SYMBOL        _ICE_DUMMY_
  C:3B30H         PUBLIC        USB_Int_Enable
  D:0096H         PUBLIC        USB0ADR
  D:0097H         PUBLIC        USB0DAT
  -------         PROC          USB_INT_ENABLE
  C:3B30H         LINE#         68
  C:3B30H         LINE#         71
  C:3B37H         LINE#         73
  C:3B3DH         LINE#         74
  C:3B3DH         LINE#         75
  C:3B48H         LINE#         77
  C:3B48H         LINE#         78
  -------         ENDPROC       USB_INT_ENABLE
  -------         ENDMOD        USB_INT_ENABLE

  -------         MODULE        USB_CLOCK_RECOVERY
  C:0000H         SYMBOL        _ICE_DUMMY_
BL51 BANKED LINKER/LOCATER V6.22                                                      08/27/2021  13:48:35  PAGE 50


  C:3BBBH         PUBLIC        USBXcore_ClkRec
  D:0096H         PUBLIC        USB0ADR
  D:0097H         PUBLIC        USB0DAT
  -------         PROC          USBXCORE_CLKREC
  C:3BBBH         LINE#         45
  C:3BBBH         LINE#         47
  C:3BC6H         LINE#         48
  -------         ENDPROC       USBXCORE_CLKREC
  -------         ENDMOD        USB_CLOCK_RECOVERY

  -------         MODULE        ?C?FPMUL
  C:0C9AH         PUBLIC        ?C?FPMUL
  -------         ENDMOD        ?C?FPMUL

  -------         MODULE        ?C?FCAST
  C:0DAAH         PUBLIC        ?C?FCASTC
  C:0DA5H         PUBLIC        ?C?FCASTI
  C:0DA0H         PUBLIC        ?C?FCASTL
  -------         ENDMOD        ?C?FCAST

  -------         MODULE        ?C?CASTF
  C:0DDEH         PUBLIC        ?C?CASTF
  -------         ENDMOD        ?C?CASTF

  -------         MODULE        ?C?COPY
  C:0F2FH         PUBLIC        ?C?COPY
  -------         ENDMOD        ?C?COPY

  -------         MODULE        ?C?CLDPTR
  C:0F55H         PUBLIC        ?C?CLDPTR
  -------         ENDMOD        ?C?CLDPTR

  -------         MODULE        ?C?CLDOPTR
  C:0F6EH         PUBLIC        ?C?CLDOPTR
  -------         ENDMOD        ?C?CLDOPTR

  -------         MODULE        ?C?IMUL
  C:0F9BH         PUBLIC        ?C?IMUL
  -------         ENDMOD        ?C?IMUL

  -------         MODULE        ?C?IILDX
  C:0FADH         PUBLIC        ?C?IILDX
  -------         ENDMOD        ?C?IILDX

  -------         MODULE        ?C?ILDOPTR
  C:0FC3H         PUBLIC        ?C?ILDOPTR
  -------         ENDMOD        ?C?ILDOPTR

  -------         MODULE        ?C?LMUL
  C:0FFBH         PUBLIC        ?C?LMUL
  -------         ENDMOD        ?C?LMUL

  -------         MODULE        ?C?ULDIV
  C:1086H         PUBLIC        ?C?ULDIV
  -------         ENDMOD        ?C?ULDIV

  -------         MODULE        ?C?LNEG
BL51 BANKED LINKER/LOCATER V6.22                                                      08/27/2021  13:48:35  PAGE 51


  C:1118H         PUBLIC        ?C?LNEG
  -------         ENDMOD        ?C?LNEG

  -------         MODULE        ?C?ULCMP
  C:1126H         PUBLIC        ?C?ULCMP
  -------         ENDMOD        ?C?ULCMP

  -------         MODULE        ?C?ULSHR
  C:1137H         PUBLIC        ?C?ULSHR
  -------         ENDMOD        ?C?ULSHR

  -------         MODULE        ?C?LSHL
  C:114AH         PUBLIC        ?C?LSHL
  -------         ENDMOD        ?C?LSHL

  -------         MODULE        ?C?LLDIPDATA
  C:1166H         PUBLIC        ?C?LLDIPDATA
  C:115DH         PUBLIC        ?C?LLDIPDATA1
  C:115FH         PUBLIC        ?C?LLDIPDATA8
  -------         ENDMOD        ?C?LLDIPDATA

  -------         MODULE        ?C?LSTXDATA
  C:117DH         PUBLIC        ?C?LSTXDATA
  -------         ENDMOD        ?C?LSTXDATA

  -------         MODULE        ?C?LSTPDATA
  C:1189H         PUBLIC        ?C?LSTPDATA
  -------         ENDMOD        ?C?LSTPDATA

  -------         MODULE        ?C?LSTKXDATA
  C:1195H         PUBLIC        ?C?LSTKXDATA
  -------         ENDMOD        ?C?LSTKXDATA

  -------         MODULE        ?C?LSTKPDATA
  C:11C6H         PUBLIC        ?C?LSTKPDATA
  -------         ENDMOD        ?C?LSTKPDATA

  -------         MODULE        ?C_PBP
  D:0008H         PUBLIC        ?C_PBP
  -------         ENDMOD        ?C_PBP

*** WARNING L14: INCOMPATIBLE MEMORY MODEL
    MODULE:  .\USBX_F34X.LIB (USB_API)
    MODEL:   SMALL

*** WARNING L14: INCOMPATIBLE MEMORY MODEL
    MODULE:  .\USBX_F34X.LIB (USB_SUSPEND)
    MODEL:   SMALL

*** WARNING L14: INCOMPATIBLE MEMORY MODEL
    MODULE:  .\USBX_F34X.LIB (USB_INT_ENABLE)
    MODEL:   SMALL

*** WARNING L14: INCOMPATIBLE MEMORY MODEL
    MODULE:  .\USBX_F34X.LIB (USB_CLOCK_RECOVERY)
    MODEL:   SMALL

BL51 BANKED LINKER/LOCATER V6.22                                                      08/27/2021  13:48:35  PAGE 52


*** WARNING L16: UNCALLED SEGMENT, IGNORED FOR OVERLAY PROCESS
    SEGMENT: ?PR?SD_INIT?MMC_SD

*** WARNING L16: UNCALLED SEGMENT, IGNORED FOR OVERLAY PROCESS
    SEGMENT: ?PR?DISPBAND?LCD

*** WARNING L16: UNCALLED SEGMENT, IGNORED FOR OVERLAY PROCESS
    SEGMENT: ?PR?_DISPPIC?LCD

*** WARNING L16: UNCALLED SEGMENT, IGNORED FOR OVERLAY PROCESS
    SEGMENT: ?PR?_DISPPICFROMSD?LCD

*** WARNING L16: UNCALLED SEGMENT, IGNORED FOR OVERLAY PROCESS
    SEGMENT: ?PR?DISPSCALEHOR1?LCD

*** WARNING L16: UNCALLED SEGMENT, IGNORED FOR OVERLAY PROCESS
    SEGMENT: ?PR?DISPSCALEVER?LCD

*** WARNING L16: UNCALLED SEGMENT, IGNORED FOR OVERLAY PROCESS
    SEGMENT: ?PR?DISPSCALEVER_RED?LCD

*** WARNING L16: UNCALLED SEGMENT, IGNORED FOR OVERLAY PROCESS
    SEGMENT: ?PR?DISPSCALEVER_GREEN?LCD

*** WARNING L16: UNCALLED SEGMENT, IGNORED FOR OVERLAY PROCESS
    SEGMENT: ?PR?DISPSCALEVER_BLUE?LCD

*** WARNING L16: UNCALLED SEGMENT, IGNORED FOR OVERLAY PROCESS
    SEGMENT: ?PR?DISPSCALEVER_GRAY?LCD

*** WARNING L16: UNCALLED SEGMENT, IGNORED FOR OVERLAY PROCESS
    SEGMENT: ?PR?DISPGRAYHOR32?LCD

*** WARNING L16: UNCALLED SEGMENT, IGNORED FOR OVERLAY PROCESS
    SEGMENT: ?PR?DISPSCALEHOR2?LCD

*** WARNING L16: UNCALLED SEGMENT, IGNORED FOR OVERLAY PROCESS
    SEGMENT: ?PR?_DRAWGIRD?LCD

*** WARNING L15: MULTIPLE CALL TO SEGMENT
    SEGMENT: ?PR?_WRITECOMM?LCD
    CALLER1: ?PR?USB_API_TEST_ISR?MAIN
    CALLER2: ?C_C51STARTUP

*** WARNING L15: MULTIPLE CALL TO SEGMENT
    SEGMENT: ?PR?_WRITEDATA?LCD
    CALLER1: ?PR?USB_API_TEST_ISR?MAIN
    CALLER2: ?C_C51STARTUP

Program Size: data=10.0 xdata=1222 code=15325
LINK/LOCATE RUN COMPLETE.  19 WARNING(S),  0 ERROR(S)
