BL51 BANKED LINKER/LOCATER V6.22                                                        03/02/2022  08:52:33  PAGE 1


BL51 BANKED LINKER/LOCATER V6.22, INVOKED BY:
D:\KEIL C51\C51\BIN\BL51.EXE main.obj, mmc_sd.obj, lcd.obj, tp.obj, .\USBX_F34X.LIB TO OTM8009A_CTC50_ZT_16BIT RAMSIZE (
>> 256)


MEMORY MODEL: COMPACT


INPUT MODULES INCLUDED:
  main.obj (MAIN)
  mmc_sd.obj (MMC_SD)
  lcd.obj (LCD)
  tp.obj (TP)
  .\USBX_F34X.LIB (USB_API)
  .\USBX_F34X.LIB (USB_CLOCK_START)
  .\USBX_F34X.LIB (USB_SUSPEND)
  .\USBX_F34X.LIB (GET_INTERRUPT_SOURCE)
  .\USBX_F34X.LIB (BLOCK_READ)
  .\USBX_F34X.LIB (BLOCK_WRITE)
  .\USBX_F34X.LIB (USB_INT_ENABLE)
  .\USBX_F34X.LIB (USB_CLOCK_RECOVERY)
  .\USBX_F34X.LIB (USB_JUMP_ISR)
  D:\KEIL C51\C51\LIB\C51C.LIB (?C_STARTUP)
  D:\KEIL C51\C51\LIB\C51C.LIB (?C?COPY)
  D:\KEIL C51\C51\LIB\C51C.LIB (?C?CLDPTR)
  D:\KEIL C51\C51\LIB\C51C.LIB (?C?CLDOPTR)
  D:\KEIL C51\C51\LIB\C51C.LIB (?C?IMUL)
  D:\KEIL C51\C51\LIB\C51C.LIB (?C?IILDX)
  D:\KEIL C51\C51\LIB\C51C.LIB (?C?ILDOPTR)
  D:\KEIL C51\C51\LIB\C51C.LIB (?C?LMUL)
  D:\KEIL C51\C51\LIB\C51C.LIB (?C?ULDIV)
  D:\KEIL C51\C51\LIB\C51C.LIB (?C?ULCMP)
  D:\KEIL C51\C51\LIB\C51C.LIB (?C?ULSHR)
  D:\KEIL C51\C51\LIB\C51C.LIB (?C?LSHL)
  D:\KEIL C51\C51\LIB\C51C.LIB (?C?LLDIPDATA)
  D:\KEIL C51\C51\LIB\C51C.LIB (?C?LSTXDATA)
  D:\KEIL C51\C51\LIB\C51C.LIB (?C?LSTPDATA)
  D:\KEIL C51\C51\LIB\C51C.LIB (?C?LSTKXDATA)
  D:\KEIL C51\C51\LIB\C51C.LIB (?C?LSTKPDATA)
  D:\KEIL C51\C51\LIB\C51C.LIB (?C_PBP)
  D:\KEIL C51\C51\LIB\C51C.LIB (?C_INIT)


LINK MAP OF MODULE:  OTM8009A_CTC50_ZT_16BIT (MAIN)


            TYPE    BASE      LENGTH    RELOCATION   SEGMENT NAME
            -----------------------------------------------------

            * * * * * * *   D A T A   M E M O R Y   * * * * * * *
            REG     0000H     0008H     ABSOLUTE     "REG BANK 0"
            DATA    0008H     0001H     UNIT         ?C?LIB_DATA
            IDATA   0009H     0001H     UNIT         ?STACK

            * * * * * * *  X D A T A   M E M O R Y  * * * * * * *
            XDATA   0000H     0010H     INPAGE       ?PD?MAIN
            XDATA   0010H     0004H     INPAGE       ?PD?_MMC_SD_READSINGLEBLOCK?MMC_SD
            XDATA   0014H     0005H     INPAGE       ?PD?_DISPPIC?LCD
BL51 BANKED LINKER/LOCATER V6.22                                                      03/02/2022  08:52:33  PAGE 2


            XDATA   0019H     000DH     INPAGE       ?PD?_DISPPICFROMSD?LCD
            XDATA   0026H     0004H     INPAGE       ?PD?DISPSCALEHOR1?LCD
            XDATA   002AH     0004H     INPAGE       ?PD?DISPSCALEVER?LCD
            XDATA   002EH     0004H     INPAGE       ?PD?DISPSCALEVER_RED?LCD
            XDATA   0032H     0004H     INPAGE       ?PD?DISPSCALEVER_GREEN?LCD
            XDATA   0036H     0004H     INPAGE       ?PD?DISPSCALEVER_BLUE?LCD
            XDATA   003AH     0004H     INPAGE       ?PD?DISPSCALEVER_GRAY?LCD
            XDATA   003EH     0004H     INPAGE       ?PD?DISPGRAYHOR32?LCD
            XDATA   0042H     0002H     INPAGE       ?PD?DISPSCALEHOR2?LCD
            XDATA   0044H     000CH     INPAGE       ?PD?_DRAWLINE?LCD
            XDATA   0050H     0004H     INPAGE       ?PD?_DRAWGIRD?LCD
            XDATA   0054H     0002H     INPAGE       ?PD?LCD
            XDATA   0056H     0026H     INPAGE       _PDATA_GROUP_
            XDATA   007CH     0200H     UNIT         ?XD?MMC_SD
            XDATA   027CH     0058H     UNIT         _XDATA_GROUP_
            XDATA   02D4H     0040H     UNIT         ?XD?MAIN
                    0314H     032CH                  *** GAP ***
            XDATA   0640H     0100H     ABSOLUTE     
            XDATA   0740H     0012H     ABSOLUTE     
            XDATA   0752H     0020H     ABSOLUTE     
            XDATA   0772H     000CH     ABSOLUTE     
            XDATA   077EH     0008H     ABSOLUTE     
            XDATA   0786H     0001H     ABSOLUTE     
            XDATA   0787H     0003H     ABSOLUTE     
            XDATA   078AH     0002H     ABSOLUTE     
            XDATA   078CH     0002H     ABSOLUTE     
            XDATA   078EH     0003H     ABSOLUTE     
            XDATA   0791H     0001H     ABSOLUTE     
            XDATA   0792H     0001H     ABSOLUTE     
            XDATA   0793H     0001H     ABSOLUTE     
            XDATA   0794H     0001H     ABSOLUTE     
            XDATA   0795H     0002H     ABSOLUTE     
            XDATA   0797H     0002H     ABSOLUTE     
            XDATA   0799H     0001H     ABSOLUTE     
            XDATA   079AH     0001H     ABSOLUTE     
            XDATA   079BH     0001H     ABSOLUTE     
            XDATA   079CH     0001H     ABSOLUTE     
            XDATA   079DH     0001H     ABSOLUTE     
            XDATA   079EH     0001H     ABSOLUTE     
            XDATA   079FH     0002H     ABSOLUTE     
            XDATA   07A1H     0001H     ABSOLUTE     
            XDATA   07A2H     0001H     ABSOLUTE     
            XDATA   07A3H     000CH     ABSOLUTE     
                    07AFH     0011H                  *** GAP ***
            XDATA   07C0H     0040H     ABSOLUTE     

            * * * * * * *   C O D E   M E M O R Y   * * * * * * *
            CODE    0000H     0003H     ABSOLUTE     
            CODE    0003H     003AH     UNIT         ?CO?USB_API
            CODE    003DH     0003H     UNIT         ?PR?SUSPEND_DEVICE?MAIN
                    0040H     0003H                  *** GAP ***
            CODE    0043H     0003H     ABSOLUTE     
            CODE    0046H     0044H     UNIT         ?PR?_DISPCOLOR?LCD
                    008AH     0001H                  *** GAP ***
            CODE    008BH     0003H     ABSOLUTE     
            CODE    008EH     1293H     UNIT         ?PR?LCD_INIT?LCD
            CODE    1321H     060DH     UNIT         ?PR?CONNTOUSB?MAIN
BL51 BANKED LINKER/LOCATER V6.22                                                      03/02/2022  08:52:33  PAGE 3


            CODE    192EH     0600H     UNIT         ?CO?LCD
            CODE    1F2EH     0372H     UNIT         ?C?LIB_CODE
            CODE    22A0H     0233H     UNIT         ?PR?USBXCORE_HANDLE_SETUP?USB_API
            CODE    24D3H     0232H     UNIT         ?PR?_LCD_READ_IC_ID?LCD
            CODE    2705H     021EH     UNIT         ?PR?DISPSCALEHOR1?LCD
            CODE    2923H     01C3H     UNIT         ?PR?TP_DRAWLINE?TP
            CODE    2AE6H     01B8H     UNIT         ?PR?DISPSCALEHOR2?LCD
            CODE    2C9EH     018EH     UNIT         ?PR?DISPBAND?LCD
            CODE    2E2CH     0151H     UNIT         ?PR?USBXCORE_USB_ISR?USB_API
            CODE    2F7DH     013DH     UNIT         ?PR?USB_API_TEST_ISR?MAIN
            CODE    30BAH     0137H     UNIT         ?PR?_USB_INIT?USB_API
            CODE    31F1H     0126H     UNIT         ?PR?DISPSCALEVER?LCD
            CODE    3317H     011BH     UNIT         ?PR?_TP_GETPOSITION?TP
            CODE    3432H     0111H     UNIT         ?PR?_BLOCK_WRITE?BLOCK_WRITE
            CODE    3543H     00E9H     UNIT         ?PR?_DISPPICFROMSD?LCD
            CODE    362CH     00E2H     UNIT         ?PR?_?BLOCKWRITE?LCD
            CODE    370EH     00CDH     UNIT         ?PR?USBXCORE_VENDOR_USB_API?USB_API
            CODE    37DBH     00CBH     UNIT         ?PR?_DISPONECHAR?LCD
            CODE    38A6H     00B7H     UNIT         ?PR?MMC_SD_RESET?MMC_SD
            CODE    395DH     00B4H     UNIT         ?PR?_DISPINT?LCD
            CODE    3A11H     00B2H     UNIT         ?PR?USBXCORE_GET_DESCRIPTOR?USB_API
            CODE    3AC3H     00AFH     UNIT         ?PR?_BLOCK_READ?BLOCK_READ
            CODE    3B72H     00A4H     UNIT         ?PR?DISPFRAME?LCD
            CODE    3C16H     009EH     UNIT         ?PR?DISPSCALEVER_GREEN?LCD
            CODE    3CB4H     009BH     UNIT         ?PR?DISPGRAYHOR16?LCD
            CODE    3D4FH     0096H     UNIT         ?PR?_DISPSTR?LCD
            CODE    3DE5H     0090H     UNIT         ?PR?_DRAWGIRD?LCD
            CODE    3E75H     008FH     UNIT         ?PR?DISPSCALEVER_RED?LCD
            CODE    3F04H     008FH     UNIT         ?PR?DISPSCALEVER_GRAY?LCD
            CODE    3F93H     008CH     UNIT         ?C_C51STARTUP
            CODE    401FH     0086H     UNIT         ?PR?_DRAWLINE?LCD
            CODE    40A5H     0084H     UNIT         ?PR?DISPSCALEVER_BLUE?LCD
            CODE    4129H     007DH     UNIT         ?PR?_MMC_SD_WRITESINGLEBLOCK?MMC_SD
            CODE    41A6H     0078H     UNIT         ?PR?DISPGRAYHOR32?LCD
            CODE    421EH     0075H     UNIT         ?PR?_MMC_SD_SENDCOMMAND?MMC_SD
            CODE    4293H     0073H     UNIT         ?PR?TP_READ?TP
            CODE    4306H     0073H     UNIT         ?PR?USBXCORE_GET_STATUS?USB_API
            CODE    4379H     006CH     UNIT         ?PR?DEVICES_INIT?MAIN
            CODE    43E5H     0064H     UNIT         ?PR?_MMC_SD_READSINGLEBLOCK?MMC_SD
            CODE    4449H     0063H     UNIT         ?PR?_DISPPIC?LCD
            CODE    44ACH     005BH     UNIT         ?PR?_TOORD?LCD
            CODE    4507H     005AH     UNIT         ?PR?USBXCORE_SET_CONFIGURATION?USB_API
            CODE    4561H     0058H     UNIT         ?PR?USBXCORE_CLEAR_FEATURE?USB_API
            CODE    45B9H     0057H     UNIT         ?PR?USBXCORE_SET_FEATURE?USB_API
            CODE    4610H     0055H     UNIT         ?PR?_STOPDELAY?MAIN
            CODE    4665H     0052H     UNIT         ?PR?_PUTPIXEL?LCD
            CODE    46B7H     0050H     UNIT         ?CO?MAIN
            CODE    4707H     0047H     UNIT         ?PR?USBXCORE_GET_CONFIGURATION?USB_API
            CODE    474EH     0043H     UNIT         ?PR?MCU_INIT?MAIN
            CODE    4791H     0038H     UNIT         ?PR?USB_CLOCK_START?USB_CLOCK_START
            CODE    47C9H     0034H     UNIT         ?PR?MAIN?MAIN
            CODE    47FDH     002DH     UNIT         ?C_INITSEG
            CODE    482AH     002BH     UNIT         ?PR?USB_SUSPEND?USB_SUSPEND
            CODE    4855H     0028H     UNIT         ?PR?_WRITEDISPDATA?LCD
            CODE    487DH     0027H     UNIT         ?PR?USBXCORE_USB_RESET?USB_API
            CODE    48A4H     0027H     UNIT         ?PR?USBXCORE_GET_INTERFACE?USB_API
            CODE    48CBH     0026H     UNIT         ?PR?_TP_WRITE?TP
BL51 BANKED LINKER/LOCATER V6.22                                                      03/02/2022  08:52:33  PAGE 4


            CODE    48F1H     0022H     UNIT         ?PR?USBXCORE_JUMP_ISR?USB_JUMP_ISR
            CODE    4913H     0020H     UNIT         ?PR?USBXCORE_SET_ADDRESS?USB_API
            CODE    4933H     001FH     UNIT         ?PR?_DELAY?MAIN
            CODE    4952H     001EH     UNIT         ?PR?_WRITEDATA?LCD
            CODE    4970H     001DH     UNIT         ?PR?USBXCORE_FORCE_STALL?USB_API
            CODE    498DH     001BH     UNIT         ?PR?_WRITECOMM?LCD
            CODE    49A8H     0019H     UNIT         ?PR?USB_INT_ENABLE?USB_INT_ENABLE
            CODE    49C1H     0016H     UNIT         ?PR?_SPI_WRITEBYTE?MMC_SD
            CODE    49D7H     0016H     UNIT         ?PR?READDATA?LCD
            CODE    49EDH     0014H     UNIT         ?PR?USBXCORE_SET_SOP?USB_API
            CODE    4A01H     0013H     UNIT         ?PR?WAITKEY?MAIN
            CODE    4A14H     0011H     UNIT         ?PR?SD_INIT?MMC_SD
            CODE    4A25H     000EH     UNIT         ?PR?GET_INTERRUPT_SOURCE?GET_INTERRUPT_SOURCE
            CODE    4A33H     000CH     UNIT         ?PR?USBXCORE_CLKREC?USB_CLOCK_RECOVERY
            CODE    4A3FH     000BH     UNIT         ?PR?SPI_READBYTE?MMC_SD
            CODE    4A4AH     0009H     UNIT         ?PR?_WRITEONEDOT?LCD
            CODE    4A53H     0008H     UNIT         ?CO?TP



OVERLAY MAP OF MODULE:   OTM8009A_CTC50_ZT_16BIT (MAIN)


SEGMENT                                            PDATA_GROUP         XDATA_GROUP
  +--> CALLED SEGMENT                            START    LENGTH     START    LENGTH
------------------------------------------------------------------------------------
?PR?USB_API_TEST_ISR?MAIN                        0056H    0001H      -----    -----
  +--> ?PR?GET_INTERRUPT_SOURCE?GET_INTERRUP...
  +--> ?PR?_BLOCK_READ?BLOCK_READ
  +--> ?PR?SUSPEND_DEVICE?MAIN
  +--> ?PR?MCU_INIT?MAIN
  +--> ?PR?_?BLOCKWRITE?LCD

?PR?SUSPEND_DEVICE?MAIN                          -----    -----      -----    -----
  +--> ?PR?USB_SUSPEND?USB_SUSPEND

?PR?USB_SUSPEND?USB_SUSPEND                      -----    -----      -----    -----
  +--> ?PR?USB_CLOCK_START?USB_CLOCK_START

?PR?_?BLOCKWRITE?LCD                             -----    -----      -----    -----
  +--> ?PR?_WRITECOMM?LCD
  +--> ?PR?_WRITEDATA?LCD

?PR?_WRITECOMM?LCD                               007AH    0002H      -----    -----

?PR?_WRITEDATA?LCD                               007AH    0002H      -----    -----

*** NEW ROOT ***************************************************

?PR?USBXCORE_USB_ISR?USB_API                     -----    -----      -----    -----
  +--> ?PR?USBXCORE_USB_RESET?USB_API
  +--> ?PR?USBXCORE_HANDLE_SETUP?USB_API
  +--> ?PR?USBXCORE_JUMP_ISR?USB_JUMP_ISR

?PR?USBXCORE_HANDLE_SETUP?USB_API                -----    -----      -----    -----
  +--> ?PR?USBXCORE_GET_STATUS?USB_API
  +--> ?PR?USBXCORE_CLEAR_FEATURE?USB_API
BL51 BANKED LINKER/LOCATER V6.22                                                      03/02/2022  08:52:33  PAGE 5


  +--> ?PR?USBXCORE_VENDOR_USB_API?USB_API
  +--> ?PR?USBXCORE_SET_FEATURE?USB_API
  +--> ?PR?USBXCORE_SET_ADDRESS?USB_API
  +--> ?PR?USBXCORE_GET_DESCRIPTOR?USB_API
  +--> ?PR?USBXCORE_GET_CONFIGURATION?USB_API
  +--> ?PR?USBXCORE_SET_CONFIGURATION?USB_API
  +--> ?PR?USBXCORE_GET_INTERFACE?USB_API
  +--> ?PR?USBXCORE_SET_SOP?USB_API
  +--> ?PR?USBXCORE_FORCE_STALL?USB_API

?PR?USBXCORE_GET_STATUS?USB_API                  -----    -----      -----    -----
  +--> ?CO?USB_API
  +--> ?PR?USBXCORE_FORCE_STALL?USB_API
  +--> ?PR?USBXCORE_SET_SOP?USB_API

?PR?USBXCORE_CLEAR_FEATURE?USB_API               -----    -----      -----    -----
  +--> ?PR?USBXCORE_FORCE_STALL?USB_API
  +--> ?PR?USBXCORE_SET_SOP?USB_API

?PR?USBXCORE_VENDOR_USB_API?USB_API              -----    -----      -----    -----
  +--> ?PR?USBXCORE_SET_SOP?USB_API

?PR?USBXCORE_SET_FEATURE?USB_API                 -----    -----      -----    -----
  +--> ?PR?USBXCORE_FORCE_STALL?USB_API
  +--> ?PR?USBXCORE_SET_SOP?USB_API

?PR?USBXCORE_SET_ADDRESS?USB_API                 -----    -----      -----    -----
  +--> ?PR?USBXCORE_SET_SOP?USB_API

?PR?USBXCORE_GET_DESCRIPTOR?USB_API              -----    -----      -----    -----
  +--> ?PR?USBXCORE_FORCE_STALL?USB_API
  +--> ?PR?USBXCORE_SET_SOP?USB_API

?PR?USBXCORE_GET_CONFIGURATION?USB_API           -----    -----      -----    -----
  +--> ?CO?USB_API
  +--> ?PR?USBXCORE_SET_SOP?USB_API

?PR?USBXCORE_SET_CONFIGURATION?USB_API           -----    -----      -----    -----
  +--> ?PR?USBXCORE_SET_SOP?USB_API

?PR?USBXCORE_GET_INTERFACE?USB_API               -----    -----      -----    -----
  +--> ?CO?USB_API
  +--> ?PR?USBXCORE_SET_SOP?USB_API

*** NEW ROOT ***************************************************

?C_C51STARTUP                                    -----    -----      -----    -----
  +--> ?PR?MAIN?MAIN
  +--> ?C_INITSEG

?PR?MAIN?MAIN                                    -----    -----      -----    -----
  +--> ?PR?DEVICES_INIT?MAIN
  +--> ?PR?DISPFRAME?LCD
  +--> ?PR?_STOPDELAY?MAIN
  +--> ?PR?WAITKEY?MAIN
  +--> ?PR?_DISPCOLOR?LCD
  +--> ?PR?DISPGRAYHOR16?LCD
BL51 BANKED LINKER/LOCATER V6.22                                                      03/02/2022  08:52:33  PAGE 6


  +--> ?PR?DISPBAND?LCD
  +--> ?PR?TP_DRAWLINE?TP

?PR?DEVICES_INIT?MAIN                            -----    -----      -----    -----
  +--> ?PR?MCU_INIT?MAIN
  +--> ?PR?USB_CLOCK_START?USB_CLOCK_START
  +--> ?CO?MAIN
  +--> ?PR?_USB_INIT?USB_API
  +--> ?PR?USB_INT_ENABLE?USB_INT_ENABLE
  +--> ?PR?LCD_INIT?LCD

?PR?_USB_INIT?USB_API                            -----    -----      027CH    0011H
  +--> ?CO?USB_API
  +--> ?PR?USBXCORE_CLKREC?USB_CLOCK_RECOVERY

?PR?LCD_INIT?LCD                                 -----    -----      -----    -----
  +--> ?PR?READDATA?LCD
  +--> ?PR?_DELAY?MAIN
  +--> ?PR?_WRITECOMM?LCD
  +--> ?PR?_WRITEDATA?LCD

?PR?READDATA?LCD                                 -----    -----      -----    -----
  +--> ?PR?_LCD_READ_IC_ID?LCD

?PR?_LCD_READ_IC_ID?LCD                          0062H    0008H      -----    -----

?PR?DISPFRAME?LCD                                0059H    0002H      -----    -----
  +--> ?PR?_?BLOCKWRITE?LCD
  +--> ?PR?_WRITEDISPDATA?LCD

?PR?_WRITEDISPDATA?LCD                           007AH    0001H      -----    -----

?PR?_STOPDELAY?MAIN                              0059H    0004H      -----    -----
  +--> ?PR?WAITKEY?MAIN
  +--> ?PR?_DELAY?MAIN

?PR?WAITKEY?MAIN                                 -----    -----      -----    -----
  +--> ?PR?CONNTOUSB?MAIN
  +--> ?PR?_DELAY?MAIN

?PR?CONNTOUSB?MAIN                               005DH    0005H      027CH    0058H
  +--> ?CO?MAIN
  +--> ?PR?_WRITECOMM?LCD
  +--> ?PR?_WRITEDATA?LCD
  +--> ?PR?_DISPSTR?LCD
  +--> ?PR?_DISPINT?LCD
  +--> ?PR?_WRITEDISPDATA?LCD
  +--> ?PR?_MMC_SD_WRITESINGLEBLOCK?MMC_SD
  +--> ?PR?_BLOCK_WRITE?BLOCK_WRITE
  +--> ?PR?READDATA?LCD
  +--> ?PR?_DELAY?MAIN

?PR?_DISPSTR?LCD                                 0062H    000BH      -----    -----
  +--> ?PR?_TOORD?LCD
  +--> ?PR?_DISPONECHAR?LCD

?PR?_DISPONECHAR?LCD                             006DH    000DH      -----    -----
BL51 BANKED LINKER/LOCATER V6.22                                                      03/02/2022  08:52:33  PAGE 7


  +--> ?PR?_?BLOCKWRITE?LCD
  +--> ?CO?LCD
  +--> ?PR?_WRITEONEDOT?LCD

?PR?_WRITEONEDOT?LCD                             -----    -----      -----    -----
  +--> ?PR?_WRITEDISPDATA?LCD

?PR?_DISPINT?LCD                                 0062H    000AH      -----    -----
  +--> ?PR?_DISPONECHAR?LCD

?PR?_MMC_SD_WRITESINGLEBLOCK?MMC_SD              0062H    0004H      -----    -----
  +--> ?PR?_MMC_SD_SENDCOMMAND?MMC_SD
  +--> ?PR?_SPI_WRITEBYTE?MMC_SD

?PR?_MMC_SD_SENDCOMMAND?MMC_SD                   0066H    0005H      -----    -----
  +--> ?PR?_SPI_WRITEBYTE?MMC_SD

?PR?_DISPCOLOR?LCD                               0059H    0004H      -----    -----
  +--> ?PR?_?BLOCKWRITE?LCD
  +--> ?PR?_WRITEDISPDATA?LCD

?PR?DISPGRAYHOR16?LCD                            0059H    0004H      -----    -----
  +--> ?PR?_?BLOCKWRITE?LCD
  +--> ?PR?_WRITEDISPDATA?LCD

?PR?DISPBAND?LCD                                 0059H    0005H      -----    -----
  +--> ?PR?_?BLOCKWRITE?LCD
  +--> ?PR?_WRITEDISPDATA?LCD

?PR?TP_DRAWLINE?TP                               -----    -----      027CH    0018H
  +--> ?PR?_DISPCOLOR?LCD
  +--> ?CO?TP
  +--> ?PR?_DISPSTR?LCD
  +--> ?PR?_DELAY?MAIN
  +--> ?PR?_TP_GETPOSITION?TP
  +--> ?PR?_PUTPIXEL?LCD

?PR?_TP_GETPOSITION?TP                           -----    -----      0294H    001BH
  +--> ?PR?_TP_WRITE?TP
  +--> ?PR?TP_READ?TP

?PR?_TP_WRITE?TP                                 -----    -----      02AFH    0001H

?PR?TP_READ?TP                                   -----    -----      02AFH    0005H

?PR?_PUTPIXEL?LCD                                0059H    0002H      -----    -----
  +--> ?PR?_?BLOCKWRITE?LCD
  +--> ?PR?_WRITEDISPDATA?LCD



SYMBOL TABLE OF MODULE:  OTM8009A_CTC50_ZT_16BIT (MAIN)

  VALUE           TYPE          NAME
  ----------------------------------

  -------         MODULE        MAIN
BL51 BANKED LINKER/LOCATER V6.22                                                      03/02/2022  08:52:33  PAGE 8


  C:0000H         SYMBOL        _ICE_DUMMY_
  D:0080H         PUBLIC        P0
  X:0000H         PUBLIC        f_down
  D:0090H         PUBLIC        P1
  D:00B0H         PUBLIC        P3
  C:4702H         PUBLIC        USB_MaxPower
  B:00B0H.6       PUBLIC        KEY_STEP
  D:00A4H         PUBLIC        P0MDOUT
  D:00A5H         PUBLIC        P1MDOUT
  D:00A6H         PUBLIC        P2MDOUT
  D:00A7H         PUBLIC        P3MDOUT
  D:00AEH         PUBLIC        P4MDOUT
  B:0080H.6       PUBLIC        OE
  D:00D9H         PUBLIC        PCA0MD
  C:2F7DH         PUBLIC        USB_API_TEST_ISR
  C:003DH         PUBLIC        Suspend_Device
  C:4614H         PUBLIC        _StopDelay
  D:00E1H         PUBLIC        XBR0
  D:00E2H         PUBLIC        XBR1
  B:00B0H.1       PUBLIC        RS
  C:47C9H         PUBLIC        main
  X:0001H         PUBLIC        VerifyCode0
  X:0002H         PUBLIC        VerifyCode1
  C:46CCH         PUBLIC        USB_PID
  X:0003H         PUBLIC        VerifyCode2
  D:00F1H         PUBLIC        P0MDIN
  D:00F2H         PUBLIC        P1MDIN
  C:46CEH         PUBLIC        USB_MfrStr
  D:00F4H         PUBLIC        P3MDIN
  C:46CAH         PUBLIC        USB_VID
  D:00F8H         PUBLIC        SPI0CN
  X:0004H         PUBLIC        pic
  C:4379H         PUBLIC        Devices_Init
  C:1321H         PUBLIC        ConnToUSB
  D:00A9H         PUBLIC        CLKSEL
  D:00B2H         PUBLIC        OSCICN
  C:4703H         PUBLIC        USB_PwAttributes
  C:4A01H         PUBLIC        WaitKey
  C:4706H         SYMBOL        _?ix1000
  B:00B0H.0       PUBLIC        CS0
  X:0005H         PUBLIC        bf
  C:4704H         PUBLIC        USB_bcdDevice
  D:00B9H         PUBLIC        CLKMUL
  X:0007H         PUBLIC        f_debug
  X:0008H         PUBLIC        sd
  X:02D4H         PUBLIC        Packet
  C:474EH         PUBLIC        MCU_Init
  B:0080H.7       PUBLIC        DIR
  D:00EFH         PUBLIC        RSTSRC
  X:000CH         PUBLIC        f_read
  C:46F8H         PUBLIC        USB_SerialStr
  X:000DH         PUBLIC        f_other
  C:46E8H         PUBLIC        USB_ProductStr
  X:000EH         PUBLIC        f_para
  D:00A1H         PUBLIC        SPI0CFG
  C:4933H         PUBLIC        _Delay
  B:00B0H.7       PUBLIC        KEY_Stop
BL51 BANKED LINKER/LOCATER V6.22                                                      03/02/2022  08:52:33  PAGE 9


  X:000FH         PUBLIC        f_init
  -------         PROC          MAIN
  C:47C9H         LINE#         40
  C:47C9H         LINE#         41
  C:47C9H         LINE#         46
  C:47CCH         LINE#         53
  C:47CFH         LINE#         54
  C:47CFH         LINE#         72
  C:47D8H         LINE#         73
  C:47E5H         LINE#         78
  C:47EEH         LINE#         79
  C:47F7H         LINE#         85
  C:47FAH         LINE#         87
  C:47FCH         LINE#         89
  -------         ENDPROC       MAIN
  -------         PROC          _DELAY
  D:0006H         SYMBOL        dly
  -------         DO            
  D:0004H         SYMBOL        i
  D:0002H         SYMBOL        j
  -------         ENDDO         
  C:4933H         LINE#         91
  C:4933H         LINE#         92
  C:4933H         LINE#         95
  C:493DH         LINE#         96
  C:4951H         LINE#         97
  -------         ENDPROC       _DELAY
  C:4610H         SYMBOL        L?0133
  -------         PROC          L?0132
  -------         ENDPROC       L?0132
  C:4610H         SYMBOL        L?0133
  -------         PROC          _STOPDELAY
  X:0059H         SYMBOL        sdly
  -------         DO            
  D:0006H         SYMBOL        i
  D:0004H         SYMBOL        j
  X:005BH         SYMBOL        k
  -------         ENDDO         
  C:4614H         LINE#         99
  C:461BH         LINE#         100
  C:461BH         LINE#         102
  C:4620H         LINE#         103
  C:4620H         LINE#         104
  C:4623H         LINE#         105
  C:4623H         LINE#         106
  C:4630H         LINE#         107
  C:4644H         LINE#         108
  C:4644H         LINE#         110
  C:4644H         LINE#         111
  C:464EH         LINE#         112
  C:464EH         LINE#         113
  C:4664H         LINE#         114
  -------         ENDPROC       _STOPDELAY
  -------         PROC          WAITKEY
  C:4A01H         LINE#         144
  C:4A01H         LINE#         145
  C:4A01H         LINE#         147
BL51 BANKED LINKER/LOCATER V6.22                                                      03/02/2022  08:52:33  PAGE 10


  C:4A04H         LINE#         148
  C:4A04H         LINE#         150
  C:4A07H         LINE#         152
  C:4A09H         LINE#         153
  C:4A10H         LINE#         154
  C:4A13H         LINE#         156
  -------         ENDPROC       WAITKEY
  -------         PROC          CONNTOUSB
  -------         DO            
  X:005DH         SYMBOL        i
  X:027CH         SYMBOL        reg_data
  X:0294H         SYMBOL        para_data
  D:0007H         SYMBOL        dat
  X:005EH         SYMBOL        reg_index
  X:0060H         SYMBOL        data_num
  X:0061H         SYMBOL        st
  -------         ENDDO         
  C:1321H         LINE#         162
  C:1321H         LINE#         163
  C:1321H         LINE#         170
  C:1334H         LINE#         172
  C:133CH         LINE#         173
  C:133CH         LINE#         174
  C:134AH         LINE#         175
  C:134AH         LINE#         176
  C:135BH         LINE#         177
  C:135BH         LINE#         178
  C:1381H         LINE#         179
  C:1383H         LINE#         180
  C:1397H         LINE#         181
  C:1397H         LINE#         182
  C:13BDH         LINE#         184
  C:13BDH         LINE#         185
  C:13BDH         LINE#         186
  C:13BDH         LINE#         188
  C:13BDH         LINE#         189
  C:13C5H         LINE#         190
  C:13CFH         LINE#         191
  C:13D9H         LINE#         193
  C:13F5H         LINE#         195
  C:13FFH         LINE#         196
  C:13FFH         LINE#         197
  C:1410H         LINE#         198
  C:1410H         LINE#         199
  C:1421H         LINE#         200
  C:1421H         LINE#         201
  C:1474H         LINE#         202
  C:1476H         LINE#         203
  C:148CH         LINE#         204
  C:148CH         LINE#         205
  C:14DEH         LINE#         206
  C:14DEH         LINE#         207
  C:14DEH         LINE#         208
  C:14DEH         LINE#         210
  C:14DEH         LINE#         211
  C:14E6H         LINE#         212
  C:14E6H         LINE#         213
BL51 BANKED LINKER/LOCATER V6.22                                                      03/02/2022  08:52:33  PAGE 11


  C:14F0H         LINE#         214
  C:14FAH         LINE#         216
  C:14FEH         LINE#         217
  C:1501H         LINE#         221
  C:1509H         LINE#         222
  C:1509H         LINE#         223
  C:1518H         LINE#         224
  C:1518H         LINE#         225
  C:151AH         LINE#         227
  C:151CH         LINE#         228
  C:1538H         LINE#         229
  C:153AH         LINE#         231
  C:1563H         LINE#         232
  C:1587H         LINE#         233
  C:1591H         LINE#         234
  C:1591H         LINE#         235
  C:1599H         LINE#         236
  C:15A0H         LINE#         237
  C:15ABH         LINE#         238
  C:15B1H         LINE#         239
  C:15B1H         LINE#         240
  C:15BAH         LINE#         242
  C:15BEH         LINE#         243
  C:15CAH         LINE#         244
  C:15CDH         LINE#         247
  C:15D5H         LINE#         248
  C:15D5H         LINE#         249
  C:15DEH         LINE#         250
  C:15DEH         LINE#         251
  C:15EEH         LINE#         252
  C:15EEH         LINE#         253
  C:15F0H         LINE#         255
  C:15F2H         LINE#         256
  C:160EH         LINE#         257
  C:1610H         LINE#         259
  C:1639H         LINE#         260
  C:165DH         LINE#         262
  C:1667H         LINE#         263
  C:1667H         LINE#         264
  C:166FH         LINE#         265
  C:1676H         LINE#         266
  C:1681H         LINE#         267
  C:1687H         LINE#         268
  C:1687H         LINE#         270
  C:1690H         LINE#         276
  C:1690H         LINE#         277
  C:169DH         LINE#         278
  C:169DH         LINE#         279
  C:169FH         LINE#         281
  C:16A1H         LINE#         282
  C:16BDH         LINE#         283
  C:16BFH         LINE#         285
  C:16C7H         LINE#         286
  C:16CBH         LINE#         287
  C:16D7H         LINE#         288
  C:16D7H         LINE#         289
  C:16DAH         LINE#         292
BL51 BANKED LINKER/LOCATER V6.22                                                      03/02/2022  08:52:33  PAGE 12


  C:16E2H         LINE#         293
  C:16E2H         LINE#         294
  C:16F3H         LINE#         295
  C:16F3H         LINE#         296
  C:1700H         LINE#         297
  C:1700H         LINE#         298
  C:171EH         LINE#         299
  C:1720H         LINE#         300
  C:1730H         LINE#         301
  C:1730H         LINE#         302
  C:174EH         LINE#         303
  C:1750H         LINE#         304
  C:1761H         LINE#         305
  C:1761H         LINE#         306
  C:176BH         LINE#         307
  C:1775H         LINE#         308
  C:1775H         LINE#         309
  C:1775H         LINE#         310
  C:1775H         LINE#         312
  C:1775H         LINE#         313
  C:177EH         LINE#         314
  C:1782H         LINE#         315
  C:178EH         LINE#         316
  C:1791H         LINE#         319
  C:1799H         LINE#         320
  C:1799H         LINE#         321
  C:17A6H         LINE#         322
  C:17B7H         LINE#         324
  C:17C0H         LINE#         325
  C:17CFH         LINE#         327
  C:17D7H         LINE#         328
  C:17D7H         LINE#         329
  C:17E0H         LINE#         330
  C:17EFH         LINE#         331
  C:17EFH         LINE#         332
  C:17F2H         LINE#         333
  C:1801H         LINE#         334
  C:180DH         LINE#         335
  C:1813H         LINE#         336
  C:1813H         LINE#         338
  C:1817H         LINE#         339
  C:1826H         LINE#         341
  C:182DH         LINE#         342
  C:1849H         LINE#         343
  C:1853H         LINE#         344
  C:1853H         LINE#         345
  C:1879H         LINE#         346
  C:188CH         LINE#         347
  C:188CH         LINE#         348
  C:18DEH         LINE#         349
  C:18E6H         LINE#         350
  C:18E6H         LINE#         351
  C:18E6H         LINE#         354
  C:18EBH         LINE#         355
  C:18EBH         LINE#         356
  C:18F8H         LINE#         357
  C:1909H         LINE#         359
BL51 BANKED LINKER/LOCATER V6.22                                                      03/02/2022  08:52:33  PAGE 13


  C:190FH         LINE#         360
  C:1913H         LINE#         361
  C:1917H         LINE#         362
  C:191BH         LINE#         364
  C:191FH         LINE#         365
  C:192BH         LINE#         366
  C:192DH         LINE#         367
  -------         ENDPROC       CONNTOUSB
  -------         PROC          MCU_INIT
  -------         DO            
  D:0007H         SYMBOL        n
  -------         ENDDO         
  C:474EH         LINE#         370
  C:474EH         LINE#         371
  C:474EH         LINE#         373
  C:4751H         LINE#         376
  C:4754H         LINE#         377
  C:4757H         LINE#         379
  C:475AH         LINE#         381
  C:4760H         LINE#         383
  C:4763H         LINE#         384
  C:4768H         LINE#         385
  C:476BH         LINE#         387
  C:476EH         LINE#         390
  C:4771H         LINE#         391
  C:4774H         LINE#         393
  C:4777H         LINE#         394
  C:477AH         LINE#         396
  C:477DH         LINE#         397
  C:4780H         LINE#         399
  C:4783H         LINE#         400
  C:4786H         LINE#         401
  C:4788H         LINE#         402
  C:478AH         LINE#         404
  C:478DH         LINE#         405
  C:4790H         LINE#         407
  -------         ENDPROC       MCU_INIT
  -------         PROC          DEVICES_INIT
  C:4379H         LINE#         409
  C:4379H         LINE#         410
  C:4379H         LINE#         412
  C:437CH         LINE#         415
  C:437FH         LINE#         416
  C:43D9H         LINE#         417
  C:43DCH         LINE#         420
  C:43DFH         LINE#         421
  C:43E2H         LINE#         429
  -------         ENDPROC       DEVICES_INIT
  -------         PROC          SUSPEND_DEVICE
  C:003DH         LINE#         433
  C:003DH         LINE#         434
  C:003DH         LINE#         435
  -------         ENDPROC       SUSPEND_DEVICE
  -------         PROC          USB_API_TEST_ISR
  -------         DO            
  X:0056H         SYMBOL        INTVAL
  -------         ENDDO         
BL51 BANKED LINKER/LOCATER V6.22                                                      03/02/2022  08:52:33  PAGE 14


  C:2F7DH         LINE#         439
  C:2F9AH         LINE#         441
  C:2FA1H         LINE#         443
  C:2FA7H         LINE#         444
  C:2FA7H         LINE#         445
  C:2FB2H         LINE#         447
  C:2FCEH         LINE#         448
  C:2FCEH         LINE#         449
  C:2FD0H         LINE#         450
  C:2FD2H         LINE#         451
  C:2FE8H         LINE#         452
  C:2FE8H         LINE#         453
  C:2FEAH         LINE#         454
  C:2FECH         LINE#         455
  C:3004H         LINE#         456
  C:3004H         LINE#         457
  C:3006H         LINE#         458
  C:3008H         LINE#         459
  C:3022H         LINE#         460
  C:3022H         LINE#         461
  C:3024H         LINE#         462
  C:3026H         LINE#         463
  C:303BH         LINE#         464
  C:303BH         LINE#         465
  C:303DH         LINE#         466
  C:303FH         LINE#         468
  C:303FH         LINE#         469
  C:3044H         LINE#         470
  C:3044H         LINE#         471
  C:3044H         LINE#         473
  C:3044H         LINE#         474
  C:3044H         LINE#         476
  C:3044H         LINE#         478
  C:304AH         LINE#         479
  C:304AH         LINE#         480
  C:304DH         LINE#         481
  C:304DH         LINE#         483
  C:3053H         LINE#         484
  C:3053H         LINE#         485
  C:3056H         LINE#         486
  C:3056H         LINE#         488
  C:305CH         LINE#         489
  C:305CH         LINE#         490
  C:3078H         LINE#         491
  C:3078H         LINE#         493
  C:307EH         LINE#         494
  C:307EH         LINE#         495
  C:3083H         LINE#         496
  C:309FH         LINE#         497
  C:309FH         LINE#         498
  -------         ENDPROC       USB_API_TEST_ISR
  -------         ENDMOD        MAIN

  -------         MODULE        MMC_SD
  C:0000H         SYMBOL        _ICE_DUMMY_
  D:00A2H         PUBLIC        SPI0CKR
  D:0080H         PUBLIC        P0
BL51 BANKED LINKER/LOCATER V6.22                                                      03/02/2022  08:52:33  PAGE 15


  D:0090H         PUBLIC        P1
  D:00B0H         PUBLIC        P3
  C:421EH         PUBLIC        _MMC_SD_SendCommand
  C:43E5H         PUBLIC        _MMC_SD_ReadSingleBlock
  C:4A14H         PUBLIC        SD_Init
  C:4129H         PUBLIC        _MMC_SD_WriteSingleBlock
  B:00F8H.7       PUBLIC        SPIF
  B:00F8H.2       PUBLIC        NSSMD0
  C:38A6H         PUBLIC        MMC_SD_Reset
  D:00A9H         PUBLIC        CLKSEL
  C:4A3FH         PUBLIC        SPI_ReadByte
  C:49CDH         PUBLIC        _SPI_WriteByte
  D:00A3H         PUBLIC        SPI0DAT
  X:007CH         PUBLIC        buffer
  C:49C1H         SYMBOL        L?0062
  C:49C6H         SYMBOL        L?0063
  -------         PROC          L?0061
  -------         ENDPROC       L?0061
  C:49C1H         SYMBOL        L?0062
  C:49C6H         SYMBOL        L?0063
  -------         PROC          _SPI_WRITEBYTE
  D:0007H         SYMBOL        val
  -------         DO            
  D:0007H         SYMBOL        ret
  -------         ENDDO         
  C:49CDH         LINE#         7
  C:49CDH         LINE#         8
  C:49CDH         LINE#         11
  C:49CFH         LINE#         12
  C:49D2H         LINE#         13
  C:49D4H         LINE#         14
  C:49D6H         LINE#         15
  C:49D6H         LINE#         16
  -------         ENDPROC       _SPI_WRITEBYTE
  -------         PROC          SPI_READBYTE
  -------         DO            
  D:0007H         SYMBOL        ret
  -------         ENDDO         
  C:4A3FH         LINE#         18
  C:4A3FH         LINE#         19
  C:4A3FH         LINE#         22
  C:4A42H         LINE#         23
  C:4A45H         LINE#         24
  C:4A47H         LINE#         25
  C:4A49H         LINE#         26
  C:4A49H         LINE#         27
  -------         ENDPROC       SPI_READBYTE
  -------         PROC          _MMC_SD_SENDCOMMAND
  D:0006H         SYMBOL        cmd
  X:0067H         SYMBOL        arg
  -------         DO            
  D:0007H         SYMBOL        r1
  D:0003H         SYMBOL        retry
  -------         ENDDO         
  C:421EH         LINE#         29
  C:4220H         LINE#         30
  C:4220H         LINE#         32
BL51 BANKED LINKER/LOCATER V6.22                                                      03/02/2022  08:52:33  PAGE 16


  C:4222H         LINE#         34
  C:4222H         LINE#         35
  C:4222H         LINE#         36
  C:4225H         LINE#         37
  C:4225H         LINE#         38
  C:4225H         LINE#         39
  C:4228H         LINE#         41
  C:422AH         LINE#         43
  C:4231H         LINE#         44
  C:4246H         LINE#         45
  C:425BH         LINE#         46
  C:4270H         LINE#         47
  C:427AH         LINE#         48
  C:427FH         LINE#         50
  C:4287H         LINE#         51
  C:4290H         LINE#         53
  C:4292H         LINE#         55
  C:4292H         LINE#         56
  -------         ENDPROC       _MMC_SD_SENDCOMMAND
  -------         PROC          MMC_SD_RESET
  -------         DO            
  D:0005H         SYMBOL        i
  D:0002H         SYMBOL        retry
  D:0006H         SYMBOL        r1
  -------         ENDDO         
  C:38A6H         LINE#         58
  C:38A6H         LINE#         59
  C:38A6H         LINE#         62
  C:38A8H         LINE#         64
  C:38A9H         LINE#         65
  C:38ACH         LINE#         66
  C:38AFH         LINE#         68
  C:38AFH         LINE#         69
  C:38BBH         LINE#         70
  C:38CBH         LINE#         71
  C:38CCH         LINE#         72
  C:38D2H         LINE#         73
  C:38D6H         LINE#         75
  C:38D8H         LINE#         77
  C:38D8H         LINE#         79
  C:38D8H         LINE#         80
  C:38E8H         LINE#         81
  C:38E9H         LINE#         82
  C:38F2H         LINE#         83
  C:38F6H         LINE#         85
  C:38F8H         LINE#         86
  C:3908H         LINE#         87
  C:3909H         LINE#         88
  C:3912H         LINE#         89
  C:3915H         LINE#         91
  C:3918H         LINE#         92
  C:3918H         LINE#         93
  C:391AH         LINE#         95
  C:391AH         LINE#         96
  C:392AH         LINE#         97
  C:392BH         LINE#         98
  C:3934H         LINE#         99
BL51 BANKED LINKER/LOCATER V6.22                                                      03/02/2022  08:52:33  PAGE 17


  C:3937H         LINE#         100
  C:3937H         LINE#         101
  C:3947H         LINE#         103
  C:3955H         LINE#         104
  C:3958H         LINE#         105
  C:395BH         LINE#         106
  C:395CH         LINE#         107
  -------         ENDPROC       MMC_SD_RESET
  -------         PROC          _MMC_SD_READSINGLEBLOCK
  X:0010H         SYMBOL        sector
  -------         DO            
  D:0007H         SYMBOL        r1
  D:0004H         SYMBOL        i
  D:0002H         SYMBOL        retry
  -------         ENDDO         
  C:43E5H         LINE#         109
  C:43EAH         LINE#         110
  C:43EAH         LINE#         113
  C:43ECH         LINE#         115
  C:43EFH         LINE#         117
  C:43EFH         LINE#         118
  C:440BH         LINE#         119
  C:440CH         LINE#         120
  C:4415H         LINE#         121
  C:4418H         LINE#         124
  C:441AH         LINE#         126
  C:4420H         LINE#         128
  C:4423H         LINE#         129
  C:4423H         LINE#         130
  C:4432H         LINE#         131
  C:443FH         LINE#         133
  C:443FH         LINE#         134
  C:4442H         LINE#         136
  C:4444H         LINE#         137
  C:4447H         LINE#         138
  C:4448H         LINE#         139
  -------         ENDPROC       _MMC_SD_READSINGLEBLOCK
  -------         PROC          _MMC_SD_WRITESINGLEBLOCK
  X:0062H         SYMBOL        sector
  -------         DO            
  D:0006H         SYMBOL        r1
  D:0004H         SYMBOL        i
  D:0002H         SYMBOL        retry
  -------         ENDDO         
  C:4129H         LINE#         141
  C:412EH         LINE#         142
  C:412EH         LINE#         145
  C:4130H         LINE#         147
  C:4133H         LINE#         149
  C:4133H         LINE#         150
  C:4151H         LINE#         151
  C:4152H         LINE#         152
  C:415BH         LINE#         153
  C:415EH         LINE#         157
  C:4160H         LINE#         159
  C:4165H         LINE#         161
  C:416AH         LINE#         163
BL51 BANKED LINKER/LOCATER V6.22                                                      03/02/2022  08:52:33  PAGE 18


  C:416CH         LINE#         164
  C:416CH         LINE#         165
  C:417BH         LINE#         166
  C:4188H         LINE#         168
  C:4188H         LINE#         169
  C:4188H         LINE#         171
  C:418DH         LINE#         173
  C:4194H         LINE#         174
  C:4194H         LINE#         175
  C:4196H         LINE#         176
  C:4197H         LINE#         177
  C:4197H         LINE#         179
  C:419FH         LINE#         181
  C:41A1H         LINE#         182
  C:41A4H         LINE#         183
  C:41A5H         LINE#         184
  -------         ENDPROC       _MMC_SD_WRITESINGLEBLOCK
  -------         PROC          SD_INIT
  -------         DO            
  D:0001H         SYMBOL        n
  -------         ENDDO         
  C:4A14H         LINE#         187
  C:4A14H         LINE#         188
  C:4A14H         LINE#         189
  C:4A16H         LINE#         191
  C:4A1CH         LINE#         192
  C:4A1CH         LINE#         193
  C:4A1DH         LINE#         194
  C:4A24H         LINE#         196
  -------         ENDPROC       SD_INIT
  -------         ENDMOD        MMC_SD

  -------         MODULE        LCD
  C:0000H         SYMBOL        _ICE_DUMMY_
  D:0080H         PUBLIC        P0
  C:3B72H         PUBLIC        DispFrame
  D:0090H         PUBLIC        P1
  C:3C16H         PUBLIC        DispScaleVer_Green
  D:00A0H         PUBLIC        P2
  D:00B0H         PUBLIC        P3
  D:00C7H         PUBLIC        P4
  C:2C9EH         PUBLIC        DispBand
  C:4955H         PUBLIC        _WriteData
  C:192EH         PUBLIC        ascii
  C:24D3H         PUBLIC        _LCD_Read_IC_ID
  D:00A6H         PUBLIC        P2MDOUT
  C:0046H         PUBLIC        _DispColor
  C:40A5H         PUBLIC        DispScaleVer_Blue
  C:3DE5H         PUBLIC        _DrawGird
  C:401FH         PUBLIC        _DrawLine
  C:498DH         PUBLIC        _WriteComm
  C:486AH         PUBLIC        _WriteDispData
  C:3F04H         PUBLIC        DispScaleVer_Gray
  B:00B0H.1       PUBLIC        RS
  B:0090H.7       PUBLIC        SPI_CLK
  C:3E75H         PUBLIC        DispScaleVer_Red
  D:00F3H         PUBLIC        P2MDIN
BL51 BANKED LINKER/LOCATER V6.22                                                      03/02/2022  08:52:33  PAGE 19


  C:31F1H         PUBLIC        DispScaleVer
  C:4449H         PUBLIC        _DispPic
  C:380BH         PUBLIC        _DispOneChar
  C:41A6H         PUBLIC        DispGrayHor32
  C:3CB4H         PUBLIC        DispGrayHor16
  C:395DH         PUBLIC        _DispInt
  C:4665H         PUBLIC        _PutPixel
  D:00A9H         PUBLIC        CLKSEL
  B:0090H.6       PUBLIC        RD0
  B:00B0H.0       PUBLIC        CS0
  X:0054H         PUBLIC        LCM_ID
  C:008EH         PUBLIC        LCD_Init
  C:3D4FH         PUBLIC        _DispStr
  B:0090H.7       PUBLIC        WR0
  C:2705H         PUBLIC        DispScaleHor1
  B:0090H.6       PUBLIC        SPI_DI
  C:4A4AH         PUBLIC        _WriteOneDot
  C:2AE6H         PUBLIC        DispScaleHor2
  C:3543H         PUBLIC        _DispPicFromSD
  B:0080H.7       PUBLIC        DIR
  C:44ACH         PUBLIC        _ToOrd
  B:0080H.5       PUBLIC        RST
  C:49D7H         PUBLIC        ReadData
  C:3646H         PUBLIC        _?BlockWrite
  -------         PROC          _LCD_READ_IC_ID
  X:0062H         SYMBOL        ID
  D:0004H         SYMBOL        Bug
  D:0003H         SYMBOL        flog
  -------         DO            
  X:0063H         SYMBOL        id
  X:0065H         SYMBOL        id1
  X:0067H         SYMBOL        temp
  D:0005H         SYMBOL        i
  D:0007H         SYMBOL        dat
  D:0001H         SYMBOL        id2
  X:0069H         SYMBOL        id3
  D:0002H         SYMBOL        id4
  -------         ENDDO         
  C:24D3H         LINE#         35
  C:24D7H         LINE#         36
  C:24D7H         LINE#         40
  C:24DFH         LINE#         41
  C:24DFH         LINE#         43
  C:24E1H         LINE#         44
  C:24E3H         LINE#         45
  C:24E5H         LINE#         47
  C:24E8H         LINE#         48
  C:24EAH         LINE#         49
  C:24ECH         LINE#         50
  C:24EEH         LINE#         53
  C:24F1H         LINE#         54
  C:24F4H         LINE#         55
  C:24F7H         LINE#         56
  C:24F9H         LINE#         57
  C:24FBH         LINE#         58
  C:24FDH         LINE#         63
  C:2507H         LINE#         65
BL51 BANKED LINKER/LOCATER V6.22                                                      03/02/2022  08:52:33  PAGE 20


  C:250DH         LINE#         66
  C:2515H         LINE#         68
  C:251BH         LINE#         69
  C:2521H         LINE#         70
  C:252BH         LINE#         72
  C:2531H         LINE#         73
  C:2533H         LINE#         75
  C:2539H         LINE#         77
  C:253FH         LINE#         78
  C:2549H         LINE#         80
  C:254FH         LINE#         81
  C:2554H         LINE#         83
  C:255AH         LINE#         85
  C:2564H         LINE#         86
  C:256EH         LINE#         88
  C:2574H         LINE#         89
  C:2576H         LINE#         91
  C:2586H         LINE#         92
  C:2590H         LINE#         94
  C:2593H         LINE#         95
  C:2597H         LINE#         96
  C:2597H         LINE#         97
  C:25A0H         LINE#         98
  C:25A6H         LINE#         99
  C:25A6H         LINE#         100
  C:25B0H         LINE#         101
  C:25B2H         LINE#         102
  C:25B6H         LINE#         103
  C:25B6H         LINE#         104
  C:25C5H         LINE#         105
  C:25C5H         LINE#         108
  C:25C5H         LINE#         109
  C:25CEH         LINE#         110
  C:25CEH         LINE#         112
  C:25D1H         LINE#         113
  C:25D5H         LINE#         114
  C:25D7H         LINE#         115
  C:25D9H         LINE#         116
  C:25DBH         LINE#         117
  C:25DBH         LINE#         118
  C:25DDH         LINE#         119
  C:25E5H         LINE#         120
  C:25E7H         LINE#         122
  C:25E9H         LINE#         123
  C:25EDH         LINE#         124
  C:25F2H         LINE#         125
  C:25F5H         LINE#         128
  C:25FFH         LINE#         129
  C:25FFH         LINE#         130
  C:2601H         LINE#         131
  C:2601H         LINE#         132
  C:2603H         LINE#         133
  C:2605H         LINE#         134
  C:2607H         LINE#         135
  C:261EH         LINE#         136
  C:2620H         LINE#         137
  C:2622H         LINE#         138
BL51 BANKED LINKER/LOCATER V6.22                                                      03/02/2022  08:52:33  PAGE 21


  C:2629H         LINE#         139
  C:2633H         LINE#         140
  C:2633H         LINE#         141
  C:2635H         LINE#         142
  C:2635H         LINE#         143
  C:2637H         LINE#         144
  C:2639H         LINE#         145
  C:263BH         LINE#         146
  C:2652H         LINE#         147
  C:2654H         LINE#         148
  C:2656H         LINE#         149
  C:265BH         LINE#         150
  C:265BH         LINE#         152
  C:265DH         LINE#         153
  C:265DH         LINE#         154
  C:265FH         LINE#         155
  C:2661H         LINE#         156
  C:2663H         LINE#         157
  C:267AH         LINE#         158
  C:267CH         LINE#         159
  C:267EH         LINE#         160
  C:2683H         LINE#         162
  C:2685H         LINE#         163
  C:2685H         LINE#         164
  C:2687H         LINE#         165
  C:2689H         LINE#         166
  C:268BH         LINE#         167
  C:2695H         LINE#         168
  C:2697H         LINE#         169
  C:2699H         LINE#         170
  C:269EH         LINE#         172
  C:26A0H         LINE#         173
  C:26A0H         LINE#         174
  C:26A2H         LINE#         175
  C:26A4H         LINE#         176
  C:26A6H         LINE#         177
  C:26B2H         LINE#         178
  C:26B4H         LINE#         179
  C:26B6H         LINE#         180
  C:26BBH         LINE#         181
  C:26BEH         LINE#         182
  C:26C0H         LINE#         183
  C:26C2H         LINE#         184
  C:26C4H         LINE#         185
  C:26C6H         LINE#         186
  C:26C8H         LINE#         187
  C:26CAH         LINE#         189
  C:26CEH         LINE#         190
  C:26CEH         LINE#         191
  C:26DEH         LINE#         193
  C:26E9H         LINE#         194
  C:26E9H         LINE#         195
  C:26E9H         LINE#         197
  C:26EFH         LINE#         198
  C:26EFH         LINE#         199
  C:26FBH         LINE#         200
  C:26FBH         LINE#         202
BL51 BANKED LINKER/LOCATER V6.22                                                      03/02/2022  08:52:33  PAGE 22


  C:26FBH         LINE#         203
  C:26FDH         LINE#         204
  C:2704H         LINE#         205
  -------         ENDPROC       _LCD_READ_IC_ID
  -------         PROC          _WRITECOMM
  D:0004H         SYMBOL        i
  -------         DO            
  X:007AH         SYMBOL        j
  X:007BH         SYMBOL        DataH
  -------         ENDDO         
  C:498DH         LINE#         208
  C:4991H         LINE#         209
  C:4991H         LINE#         211
  C:4995H         LINE#         212
  C:4997H         LINE#         234
  C:4997H         LINE#         235
  C:4999H         LINE#         236
  C:499BH         LINE#         237
  C:499DH         LINE#         238
  C:49A1H         LINE#         239
  C:49A3H         LINE#         240
  C:49A5H         LINE#         241
  C:49A5H         LINE#         319
  C:49A7H         LINE#         320
  -------         ENDPROC       _WRITECOMM
  -------         PROC          L?0442
  -------         ENDPROC       L?0442
  -------         PROC          _WRITEDATA
  D:0004H         SYMBOL        i
  -------         DO            
  X:007AH         SYMBOL        j
  X:007BH         SYMBOL        DataH
  -------         ENDDO         
  C:4955H         LINE#         322
  C:4959H         LINE#         323
  C:4959H         LINE#         325
  C:495DH         LINE#         326
  C:495FH         LINE#         352
  C:495FH         LINE#         353
  C:4961H         LINE#         354
  C:4963H         LINE#         355
  C:4965H         LINE#         356
  C:4969H         LINE#         357
  C:496BH         LINE#         358
  C:496DH         LINE#         359
  C:496DH         LINE#         514
  C:496FH         LINE#         515
  -------         ENDPROC       _WRITEDATA
  C:4855H         SYMBOL        L?0451
  -------         PROC          L?0450
  -------         ENDPROC       L?0450
  C:4855H         SYMBOL        L?0451
  -------         PROC          _WRITEDISPDATA
  D:0007H         SYMBOL        DataH
  D:0005H         SYMBOL        DataL
  -------         DO            
  X:007AH         SYMBOL        j
BL51 BANKED LINKER/LOCATER V6.22                                                      03/02/2022  08:52:33  PAGE 23


  -------         ENDDO         
  C:486AH         LINE#         517
  C:486AH         LINE#         518
  C:486AH         LINE#         520
  C:486CH         LINE#         545
  C:486CH         LINE#         546
  C:486EH         LINE#         547
  C:4870H         LINE#         548
  C:4872H         LINE#         549
  C:4876H         LINE#         550
  C:4878H         LINE#         551
  C:487AH         LINE#         552
  C:487AH         LINE#         639
  C:487CH         LINE#         640
  -------         ENDPROC       _WRITEDISPDATA
  -------         PROC          _WRITEONEDOT
  D:0004H         SYMBOL        color
  C:4A4AH         LINE#         642
  C:4A4EH         LINE#         643
  C:4A4EH         LINE#         656
  -------         ENDPROC       _WRITEONEDOT
  -------         PROC          LCD_INIT
  C:008EH         LINE#         665
  C:008EH         LINE#         666
  C:008EH         LINE#         667
  C:0091H         LINE#         670
  C:0093H         LINE#         671
  C:009AH         LINE#         673
  C:009CH         LINE#         674
  C:00A3H         LINE#         676
  C:00A5H         LINE#         677
  C:00ACH         LINE#         6678
  C:00BAH         LINE#         6679
  C:00C8H         LINE#         6680
  C:00D6H         LINE#         6682
  C:00E4H         LINE#         6683
  C:00F2H         LINE#         6685
  C:0100H         LINE#         6688
  C:010EH         LINE#         6689
  C:0113H         LINE#         6690
  C:0121H         LINE#         6691
  C:0126H         LINE#         6694
  C:0134H         LINE#         6696
  C:0142H         LINE#         6698
  C:0150H         LINE#         6699
  C:015EH         LINE#         6701
  C:016CH         LINE#         6702
  C:017AH         LINE#         6704
  C:0188H         LINE#         6706
  C:0196H         LINE#         6708
  C:01A4H         LINE#         6710
  C:01B2H         LINE#         6712
  C:01C0H         LINE#         6714
  C:01CEH         LINE#         6716
  C:01DCH         LINE#         6718
  C:01EAH         LINE#         6720
  C:01F8H         LINE#         6722
BL51 BANKED LINKER/LOCATER V6.22                                                      03/02/2022  08:52:33  PAGE 24


  C:0202H         LINE#         6723
  C:0210H         LINE#         6724
  C:021AH         LINE#         6725
  C:0228H         LINE#         6726
  C:0236H         LINE#         6727
  C:0243H         LINE#         6728
  C:0251H         LINE#         6729
  C:025FH         LINE#         6730
  C:026DH         LINE#         6732
  C:027AH         LINE#         6733
  C:0288H         LINE#         6734
  C:0295H         LINE#         6735
  C:02A2H         LINE#         6736
  C:02AFH         LINE#         6737
  C:02BDH         LINE#         6739
  C:02CAH         LINE#         6740
  C:02D7H         LINE#         6741
  C:02E4H         LINE#         6743
  C:02F2H         LINE#         6744
  C:0300H         LINE#         6745
  C:030EH         LINE#         6746
  C:031CH         LINE#         6747
  C:032AH         LINE#         6748
  C:0338H         LINE#         6750
  C:0346H         LINE#         6751
  C:0354H         LINE#         6752
  C:0362H         LINE#         6753
  C:0370H         LINE#         6754
  C:037EH         LINE#         6755
  C:038CH         LINE#         6756
  C:039AH         LINE#         6757
  C:03A8H         LINE#         6758
  C:03B5H         LINE#         6759
  C:03C3H         LINE#         6760
  C:03D1H         LINE#         6761
  C:03DEH         LINE#         6762
  C:03EBH         LINE#         6763
  C:03F8H         LINE#         6765
  C:0406H         LINE#         6766
  C:0414H         LINE#         6767
  C:0422H         LINE#         6768
  C:0430H         LINE#         6769
  C:043DH         LINE#         6770
  C:044BH         LINE#         6771
  C:0458H         LINE#         6772
  C:0466H         LINE#         6773
  C:0474H         LINE#         6774
  C:0482H         LINE#         6775
  C:0490H         LINE#         6776
  C:049DH         LINE#         6777
  C:04ABH         LINE#         6778
  C:04B8H         LINE#         6780
  C:04C6H         LINE#         6781
  C:04D4H         LINE#         6782
  C:04E2H         LINE#         6783
  C:04F0H         LINE#         6784
  C:04FDH         LINE#         6785
BL51 BANKED LINKER/LOCATER V6.22                                                      03/02/2022  08:52:33  PAGE 25


  C:050BH         LINE#         6786
  C:0518H         LINE#         6787
  C:0526H         LINE#         6788
  C:0534H         LINE#         6789
  C:0542H         LINE#         6790
  C:0550H         LINE#         6791
  C:055DH         LINE#         6792
  C:056BH         LINE#         6793
  C:0578H         LINE#         6795
  C:0586H         LINE#         6796
  C:0594H         LINE#         6797
  C:05A2H         LINE#         6798
  C:05B0H         LINE#         6799
  C:05BDH         LINE#         6800
  C:05CBH         LINE#         6801
  C:05D8H         LINE#         6802
  C:05E6H         LINE#         6803
  C:05F4H         LINE#         6804
  C:0602H         LINE#         6805
  C:0610H         LINE#         6806
  C:061DH         LINE#         6807
  C:062BH         LINE#         6808
  C:0638H         LINE#         6810
  C:0646H         LINE#         6811
  C:0654H         LINE#         6812
  C:0662H         LINE#         6813
  C:0670H         LINE#         6814
  C:067DH         LINE#         6815
  C:068BH         LINE#         6816
  C:0698H         LINE#         6817
  C:06A6H         LINE#         6818
  C:06B4H         LINE#         6819
  C:06C2H         LINE#         6820
  C:06D0H         LINE#         6821
  C:06DDH         LINE#         6822
  C:06EBH         LINE#         6823
  C:06F8H         LINE#         6825
  C:0706H         LINE#         6826
  C:0713H         LINE#         6827
  C:0720H         LINE#         6828
  C:072DH         LINE#         6829
  C:073AH         LINE#         6830
  C:0747H         LINE#         6831
  C:0755H         LINE#         6832
  C:0762H         LINE#         6833
  C:076FH         LINE#         6834
  C:077CH         LINE#         6836
  C:0789H         LINE#         6837
  C:0796H         LINE#         6838
  C:07A3H         LINE#         6839
  C:07B0H         LINE#         6840
  C:07BDH         LINE#         6841
  C:07CAH         LINE#         6842
  C:07D7H         LINE#         6843
  C:07E4H         LINE#         6844
  C:07F1H         LINE#         6845
  C:07FEH         LINE#         6847
BL51 BANKED LINKER/LOCATER V6.22                                                      03/02/2022  08:52:33  PAGE 26


  C:080BH         LINE#         6848
  C:0818H         LINE#         6849
  C:0825H         LINE#         6850
  C:0832H         LINE#         6851
  C:083FH         LINE#         6852
  C:084CH         LINE#         6853
  C:0859H         LINE#         6854
  C:0866H         LINE#         6855
  C:0873H         LINE#         6856
  C:0880H         LINE#         6857
  C:088DH         LINE#         6858
  C:089AH         LINE#         6859
  C:08A7H         LINE#         6860
  C:08B4H         LINE#         6861
  C:08C1H         LINE#         6863
  C:08CEH         LINE#         6864
  C:08DBH         LINE#         6865
  C:08E8H         LINE#         6866
  C:08F5H         LINE#         6867
  C:0902H         LINE#         6868
  C:090FH         LINE#         6869
  C:091CH         LINE#         6870
  C:0929H         LINE#         6871
  C:0936H         LINE#         6872
  C:0943H         LINE#         6873
  C:0950H         LINE#         6874
  C:095DH         LINE#         6875
  C:096AH         LINE#         6876
  C:0977H         LINE#         6877
  C:0984H         LINE#         6879
  C:0991H         LINE#         6880
  C:099EH         LINE#         6881
  C:09ABH         LINE#         6882
  C:09B8H         LINE#         6883
  C:09C5H         LINE#         6884
  C:09D2H         LINE#         6885
  C:09DFH         LINE#         6886
  C:09ECH         LINE#         6887
  C:09F9H         LINE#         6888
  C:0A06H         LINE#         6890
  C:0A13H         LINE#         6891
  C:0A20H         LINE#         6892
  C:0A2EH         LINE#         6893
  C:0A3CH         LINE#         6894
  C:0A4AH         LINE#         6895
  C:0A58H         LINE#         6896
  C:0A66H         LINE#         6897
  C:0A73H         LINE#         6898
  C:0A81H         LINE#         6899
  C:0A8FH         LINE#         6900
  C:0A9CH         LINE#         6901
  C:0AAAH         LINE#         6902
  C:0AB8H         LINE#         6903
  C:0AC6H         LINE#         6904
  C:0AD4H         LINE#         6906
  C:0AE1H         LINE#         6907
  C:0AEEH         LINE#         6908
BL51 BANKED LINKER/LOCATER V6.22                                                      03/02/2022  08:52:33  PAGE 27


  C:0AFBH         LINE#         6909
  C:0B08H         LINE#         6910
  C:0B15H         LINE#         6911
  C:0B22H         LINE#         6912
  C:0B2FH         LINE#         6913
  C:0B3DH         LINE#         6914
  C:0B4BH         LINE#         6915
  C:0B59H         LINE#         6916
  C:0B67H         LINE#         6917
  C:0B75H         LINE#         6918
  C:0B82H         LINE#         6919
  C:0B90H         LINE#         6920
  C:0B9EH         LINE#         6922
  C:0BABH         LINE#         6923
  C:0BB9H         LINE#         6924
  C:0BC7H         LINE#         6925
  C:0BD5H         LINE#         6926
  C:0BE3H         LINE#         6927
  C:0BF0H         LINE#         6928
  C:0BFDH         LINE#         6929
  C:0C0AH         LINE#         6930
  C:0C17H         LINE#         6931
  C:0C24H         LINE#         6933
  C:0C32H         LINE#         6934
  C:0C40H         LINE#         6935
  C:0C4EH         LINE#         6936
  C:0C5CH         LINE#         6937
  C:0C6AH         LINE#         6938
  C:0C78H         LINE#         6939
  C:0C86H         LINE#         6940
  C:0C94H         LINE#         6941
  C:0CA2H         LINE#         6942
  C:0CB0H         LINE#         6944
  C:0CBDH         LINE#         6945
  C:0CCAH         LINE#         6946
  C:0CD8H         LINE#         6947
  C:0CE6H         LINE#         6948
  C:0CF4H         LINE#         6949
  C:0D02H         LINE#         6950
  C:0D10H         LINE#         6951
  C:0D1DH         LINE#         6952
  C:0D2BH         LINE#         6953
  C:0D39H         LINE#         6955
  C:0D46H         LINE#         6956
  C:0D54H         LINE#         6957
  C:0D62H         LINE#         6958
  C:0D70H         LINE#         6959
  C:0D7EH         LINE#         6960
  C:0D8BH         LINE#         6961
  C:0D98H         LINE#         6962
  C:0DA5H         LINE#         6963
  C:0DB2H         LINE#         6964
  C:0DBFH         LINE#         6965
  C:0DCCH         LINE#         6966
  C:0DD9H         LINE#         6967
  C:0DE7H         LINE#         6968
  C:0DF5H         LINE#         6969
BL51 BANKED LINKER/LOCATER V6.22                                                      03/02/2022  08:52:33  PAGE 28


  C:0E03H         LINE#         6971
  C:0E11H         LINE#         6972
  C:0E1FH         LINE#         6973
  C:0E2CH         LINE#         6974
  C:0E3AH         LINE#         6975
  C:0E48H         LINE#         6976
  C:0E55H         LINE#         6977
  C:0E63H         LINE#         6978
  C:0E71H         LINE#         6979
  C:0E7FH         LINE#         6980
  C:0E8DH         LINE#         6981
  C:0E9AH         LINE#         6982
  C:0EA7H         LINE#         6983
  C:0EB4H         LINE#         6984
  C:0EC1H         LINE#         6985
  C:0ECEH         LINE#         6987
  C:0EDBH         LINE#         6988
  C:0EE8H         LINE#         6989
  C:0EF6H         LINE#         6990
  C:0F04H         LINE#         6991
  C:0F12H         LINE#         6992
  C:0F20H         LINE#         6993
  C:0F2EH         LINE#         6994
  C:0F3BH         LINE#         6995
  C:0F49H         LINE#         6996
  C:0F57H         LINE#         6998
  C:0F64H         LINE#         6999
  C:0F72H         LINE#         7000
  C:0F80H         LINE#         7001
  C:0F8EH         LINE#         7002
  C:0F9CH         LINE#         7003
  C:0FA9H         LINE#         7004
  C:0FB6H         LINE#         7005
  C:0FC3H         LINE#         7006
  C:0FD0H         LINE#         7007
  C:0FDDH         LINE#         7008
  C:0FEAH         LINE#         7009
  C:0FF7H         LINE#         7010
  C:1005H         LINE#         7011
  C:1013H         LINE#         7012
  C:1021H         LINE#         7014
  C:102FH         LINE#         7015
  C:103DH         LINE#         7016
  C:104AH         LINE#         7017
  C:1058H         LINE#         7018
  C:1066H         LINE#         7019
  C:1073H         LINE#         7020
  C:1081H         LINE#         7021
  C:108FH         LINE#         7022
  C:109DH         LINE#         7023
  C:10ABH         LINE#         7024
  C:10B8H         LINE#         7025
  C:10C5H         LINE#         7026
  C:10D2H         LINE#         7027
  C:10DFH         LINE#         7028
  C:10ECH         LINE#         7030
  C:10F9H         LINE#         7031
BL51 BANKED LINKER/LOCATER V6.22                                                      03/02/2022  08:52:33  PAGE 29


  C:1107H         LINE#         7032
  C:1115H         LINE#         7033
  C:1123H         LINE#         7034
  C:1131H         LINE#         7035
  C:113EH         LINE#         7036
  C:114BH         LINE#         7037
  C:1158H         LINE#         7038
  C:1165H         LINE#         7039
  C:1172H         LINE#         7040
  C:117FH         LINE#         7041
  C:118CH         LINE#         7042
  C:119AH         LINE#         7043
  C:11A8H         LINE#         7044
  C:11B6H         LINE#         7046
  C:11C4H         LINE#         7047
  C:11D2H         LINE#         7048
  C:11DFH         LINE#         7049
  C:11EDH         LINE#         7050
  C:11FBH         LINE#         7051
  C:1208H         LINE#         7052
  C:1216H         LINE#         7053
  C:1224H         LINE#         7054
  C:1232H         LINE#         7055
  C:1240H         LINE#         7056
  C:124DH         LINE#         7057
  C:125AH         LINE#         7058
  C:1267H         LINE#         7059
  C:1274H         LINE#         7060
  C:1281H         LINE#         7063
  C:128FH         LINE#         7064
  C:129DH         LINE#         7067
  C:12ABH         LINE#         7068
  C:12B9H         LINE#         7069
  C:12C7H         LINE#         7071
  C:12D4H         LINE#         7072
  C:12E2H         LINE#         7073
  C:12F0H         LINE#         7076
  C:12FEH         LINE#         7078
  C:1305H         LINE#         7079
  C:130CH         LINE#         7080
  C:1313H         LINE#         7081
  C:131AH         LINE#         7082
  -------         ENDPROC       LCD_INIT
  C:362DH         SYMBOL        L?0444
  C:3633H         SYMBOL        L?0445
  C:363EH         SYMBOL        L?0446
  -------         PROC          L?0443
  -------         ENDPROC       L?0443
  C:362DH         SYMBOL        L?0444
  C:3633H         SYMBOL        L?0445
  C:363EH         SYMBOL        L?0446
  -------         PROC          _?BLOCKWRITE
  p:0000H         SYMBOL        Xstart
  p:0002H         SYMBOL        Xend
  p:0004H         SYMBOL        Ystart
  p:0006H         SYMBOL        Yend
  C:3646H         LINE#         7737
BL51 BANKED LINKER/LOCATER V6.22                                                      03/02/2022  08:52:33  PAGE 30


  C:3667H         LINE#         7739
  C:366EH         LINE#         7740
  C:3677H         LINE#         7741
  C:367EH         LINE#         7742
  C:3688H         LINE#         7743
  C:368FH         LINE#         7744
  C:369CH         LINE#         7745
  C:36A3H         LINE#         7746
  C:36AFH         LINE#         7748
  C:36B6H         LINE#         7749
  C:36C2H         LINE#         7750
  C:36C9H         LINE#         7751
  C:36D6H         LINE#         7752
  C:36DDH         LINE#         7753
  C:36E9H         LINE#         7754
  C:36F0H         LINE#         7755
  C:36FDH         LINE#         7757
  C:3704H         LINE#         7759
  C:3707H         LINE#         7760
  -------         ENDPROC       _?BLOCKWRITE
  -------         PROC          _DISPCOLOR
  D:0004H         SYMBOL        color
  -------         DO            
  X:0059H         SYMBOL        i
  D:0002H         SYMBOL        m
  X:005BH         SYMBOL        DataH
  X:005CH         SYMBOL        DataL
  -------         ENDDO         
  C:0046H         LINE#         7762
  C:0048H         LINE#         7763
  C:0048H         LINE#         7766
  C:004EH         LINE#         7768
  C:0051H         LINE#         7770
  C:0053H         LINE#         7771
  C:0059H         LINE#         7772
  C:0059H         LINE#         7773
  C:005CH         LINE#         7774
  C:005CH         LINE#         7775
  C:0066H         LINE#         7776
  C:0071H         LINE#         7777
  C:0087H         LINE#         7779
  C:0089H         LINE#         7780
  -------         ENDPROC       _DISPCOLOR
  -------         PROC          DISPFRAME
  -------         DO            
  D:0002H         SYMBOL        i
  X:0059H         SYMBOL        j
  D:0001H         SYMBOL        DataH
  D:0006H         SYMBOL        DataL
  -------         ENDDO         
  C:3B72H         LINE#         7782
  C:3B72H         LINE#         7783
  C:3B72H         LINE#         7786
  C:3B75H         LINE#         7788
  C:3B77H         LINE#         7791
  C:3B7BH         LINE#         7792
  C:3B81H         LINE#         7794
BL51 BANKED LINKER/LOCATER V6.22                                                      03/02/2022  08:52:33  PAGE 31


  C:3B81H         LINE#         7795
  C:3B81H         LINE#         7796
  C:3B85H         LINE#         7797
  C:3B8CH         LINE#         7798
  C:3B97H         LINE#         7800
  C:3B9BH         LINE#         7801
  C:3BA1H         LINE#         7803
  C:3BA6H         LINE#         7804
  C:3BA6H         LINE#         7805
  C:3BAAH         LINE#         7806
  C:3BB0H         LINE#         7808
  C:3BB2H         LINE#         7809
  C:3BB2H         LINE#         7810
  C:3BB5H         LINE#         7811
  C:3BBAH         LINE#         7812
  C:3BC5H         LINE#         7814
  C:3BC9H         LINE#         7815
  C:3BCFH         LINE#         7817
  C:3BE5H         LINE#         7819
  C:3BE9H         LINE#         7820
  C:3BEFH         LINE#         7822
  C:3BF1H         LINE#         7823
  C:3BF1H         LINE#         7824
  C:3BF5H         LINE#         7825
  C:3BFCH         LINE#         7826
  C:3C07H         LINE#         7828
  C:3C0BH         LINE#         7829
  C:3C11H         LINE#         7831
  C:3C13H         LINE#         7832
  C:3C15H         LINE#         7833
  -------         ENDPROC       DISPFRAME
  -------         PROC          DISPBAND
  -------         DO            
  D:0002H         SYMBOL        i
  X:0059H         SYMBOL        j
  X:005AH         SYMBOL        k
  X:005BH         SYMBOL        m
  X:005CH         SYMBOL        n
  X:005DH         SYMBOL        x
  -------         ENDDO         
  C:2C9EH         LINE#         7835
  C:2C9EH         LINE#         7836
  C:2C9EH         LINE#         7839
  C:2CA7H         LINE#         7840
  C:2CB0H         LINE#         7841
  C:2CB2H         LINE#         7843
  C:2CBAH         LINE#         7844
  C:2CC6H         LINE#         7845
  C:2CC6H         LINE#         7846
  C:2CE1H         LINE#         7847
  C:2CFCH         LINE#         7848
  C:2D28H         LINE#         7849
  C:2D2FH         LINE#         7850
  C:2D3EH         LINE#         7851
  C:2D3EH         LINE#         7852
  C:2D59H         LINE#         7853
  C:2D74H         LINE#         7854
BL51 BANKED LINKER/LOCATER V6.22                                                      03/02/2022  08:52:33  PAGE 32


  C:2DA0H         LINE#         7855
  C:2DA7H         LINE#         7856
  C:2DBDH         LINE#         7857
  C:2DBDH         LINE#         7858
  C:2DD8H         LINE#         7859
  C:2DF3H         LINE#         7860
  C:2E1FH         LINE#         7861
  C:2E26H         LINE#         7863
  C:2E28H         LINE#         7864
  C:2E2BH         LINE#         7866
  -------         ENDPROC       DISPBAND
  -------         PROC          _DISPPIC
  D:0006H         SYMBOL        picture
  -------         DO            
  X:0014H         SYMBOL        p
  X:0017H         SYMBOL        n
  -------         ENDDO         
  C:4449H         LINE#         7869
  C:4449H         LINE#         7870
  C:4449H         LINE#         7873
  C:4458H         LINE#         7874
  C:4458H         LINE#         7875
  C:4458H         LINE#         7877
  C:446BH         LINE#         7879
  C:447EH         LINE#         7880
  C:447EH         LINE#         7881
  C:449EH         LINE#         7882
  C:44ABH         LINE#         7884
  -------         ENDPROC       _DISPPIC
  -------         PROC          _DISPPICFROMSD
  X:0019H         SYMBOL        PicNum
  -------         DO            
  X:001AH         SYMBOL        Address_S
  X:001EH         SYMBOL        Address_E
  D:0002H         SYMBOL        i
  X:0022H         SYMBOL        k
  -------         ENDDO         
  C:3543H         LINE#         7888
  C:3546H         LINE#         7889
  C:3546H         LINE#         7895
  C:3549H         LINE#         7898
  C:354BH         LINE#         7900
  C:354DH         LINE#         7902
  C:3556H         LINE#         7903
  C:3581H         LINE#         7904
  C:35AAH         LINE#         7905
  C:35CDH         LINE#         7906
  C:35CDH         LINE#         7907
  C:35DDH         LINE#         7909
  C:35E6H         LINE#         7910
  C:35E6H         LINE#         7912
  C:3601H         LINE#         7913
  C:360AH         LINE#         7914
  C:3629H         LINE#         7916
  C:362BH         LINE#         7954
  -------         ENDPROC       _DISPPICFROMSD
  -------         PROC          DISPSCALEHOR1
BL51 BANKED LINKER/LOCATER V6.22                                                      03/02/2022  08:52:33  PAGE 33


  -------         DO            
  X:0026H         SYMBOL        i
  X:0028H         SYMBOL        j
  D:0002H         SYMBOL        k
  -------         ENDDO         
  C:2705H         LINE#         7959
  C:2705H         LINE#         7960
  C:2705H         LINE#         7963
  C:2708H         LINE#         7966
  C:2708H         LINE#         7967
  C:2708H         LINE#         7968
  C:2728H         LINE#         7969
  C:272EH         LINE#         7970
  C:272EH         LINE#         7971
  C:2734H         LINE#         7972
  C:2734H         LINE#         7973
  C:2749H         LINE#         7974
  C:275FH         LINE#         7975
  C:2775H         LINE#         7977
  C:2780H         LINE#         7980
  C:2783H         LINE#         7981
  C:2783H         LINE#         7982
  C:27A3H         LINE#         7983
  C:27A9H         LINE#         7984
  C:27A9H         LINE#         7985
  C:27AFH         LINE#         7986
  C:27AFH         LINE#         7987
  C:27DAH         LINE#         7988
  C:27F0H         LINE#         7989
  C:2806H         LINE#         7990
  C:2814H         LINE#         7993
  C:2817H         LINE#         7994
  C:2817H         LINE#         7995
  C:2837H         LINE#         7996
  C:283DH         LINE#         7997
  C:283DH         LINE#         7998
  C:2843H         LINE#         7999
  C:2843H         LINE#         8000
  C:284DH         LINE#         8001
  C:2863H         LINE#         8002
  C:2879H         LINE#         8003
  C:2884H         LINE#         8006
  C:2887H         LINE#         8007
  C:2887H         LINE#         8008
  C:28A7H         LINE#         8009
  C:28ADH         LINE#         8010
  C:28ADH         LINE#         8011
  C:28B3H         LINE#         8012
  C:28B3H         LINE#         8013
  C:28E6H         LINE#         8014
  C:28FCH         LINE#         8015
  C:2912H         LINE#         8016
  C:2920H         LINE#         8017
  C:2922H         LINE#         8018
  -------         ENDPROC       DISPSCALEHOR1
  -------         PROC          DISPSCALEVER
  -------         DO            
BL51 BANKED LINKER/LOCATER V6.22                                                      03/02/2022  08:52:33  PAGE 34


  X:002AH         SYMBOL        i
  X:002CH         SYMBOL        j
  D:0002H         SYMBOL        k
  -------         ENDDO         
  C:31F1H         LINE#         8020
  C:31F1H         LINE#         8021
  C:31F1H         LINE#         8090
  C:31F4H         LINE#         8092
  C:31F4H         LINE#         8093
  C:31F4H         LINE#         8094
  C:31FAH         LINE#         8095
  C:31FAH         LINE#         8096
  C:3200H         LINE#         8097
  C:3216H         LINE#         8098
  C:3221H         LINE#         8100
  C:3224H         LINE#         8101
  C:3224H         LINE#         8103
  C:322AH         LINE#         8104
  C:322AH         LINE#         8106
  C:3230H         LINE#         8107
  C:3230H         LINE#         8108
  C:3242H         LINE#         8109
  C:3258H         LINE#         8111
  C:325EH         LINE#         8112
  C:325EH         LINE#         8113
  C:3286H         LINE#         8114
  C:329CH         LINE#         8116
  C:32A2H         LINE#         8117
  C:32A2H         LINE#         8118
  C:32A9H         LINE#         8119
  C:32BFH         LINE#         8121
  C:32C5H         LINE#         8122
  C:32C5H         LINE#         8123
  C:32D9H         LINE#         8124
  C:32EFH         LINE#         8126
  C:3308H         LINE#         8128
  C:3316H         LINE#         8130
  -------         ENDPROC       DISPSCALEVER
  -------         PROC          DISPSCALEVER_RED
  -------         DO            
  X:002EH         SYMBOL        i
  X:0030H         SYMBOL        j
  D:0002H         SYMBOL        k
  -------         ENDDO         
  C:3E75H         LINE#         8132
  C:3E75H         LINE#         8133
  C:3E75H         LINE#         8136
  C:3E78H         LINE#         8138
  C:3E7AH         LINE#         8140
  C:3E7CH         LINE#         8143
  C:3E7CH         LINE#         8144
  C:3E7CH         LINE#         8145
  C:3E82H         LINE#         8146
  C:3E82H         LINE#         8147
  C:3E88H         LINE#         8148
  C:3E9EH         LINE#         8149
  C:3EA9H         LINE#         8151
BL51 BANKED LINKER/LOCATER V6.22                                                      03/02/2022  08:52:33  PAGE 35


  C:3EACH         LINE#         8152
  C:3EACH         LINE#         8153
  C:3EB2H         LINE#         8154
  C:3EB2H         LINE#         8156
  C:3EB8H         LINE#         8157
[...]
  C:23C4H         LINE#         302
  C:23C4H         LINE#         303
  C:23C7H         LINE#         304
  C:23C9H         LINE#         305
  C:23C9H         LINE#         306
  C:23CCH         LINE#         307
  C:23CEH         LINE#         308
  C:23CEH         LINE#         309
  C:23D1H         LINE#         310
  C:23D1H         LINE#         311
  C:23D1H         LINE#         312
  C:23D1H         LINE#         313
  C:23D1H         LINE#         314
  C:23DCH         LINE#         315
  C:23DCH         LINE#         316
  C:23E2H         LINE#         317
  C:23F1H         LINE#         318
  C:23F1H         LINE#         319
  C:23F6H         LINE#         320
  C:23F9H         LINE#         321
  C:2408H         LINE#         322
  C:2408H         LINE#         323
  C:241DH         LINE#         324
  C:2422H         LINE#         325
  C:242AH         LINE#         326
  C:2434H         LINE#         327
  C:2442H         LINE#         328
  C:2450H         LINE#         329
  C:2452H         LINE#         331
  C:2452H         LINE#         332
  C:2457H         LINE#         333
  C:245AH         LINE#         334
  C:2472H         LINE#         335
  C:2472H         LINE#         336
  C:248BH         LINE#         337
  C:2490H         LINE#         338
  C:2498H         LINE#         339
  C:249FH         LINE#         340
  C:24A4H         LINE#         341
BL51 BANKED LINKER/LOCATER V6.22                                                      03/02/2022  08:52:33  PAGE 48


  C:24A4H         LINE#         342
  C:24B8H         LINE#         343
  C:24B8H         LINE#         344
  C:24BFH         LINE#         345
  C:24C4H         LINE#         346
  C:24C4H         LINE#         347
  C:24D2H         LINE#         348
  C:24D2H         LINE#         349
  -------         ENDPROC       USBXCORE_HANDLE_SETUP
  -------         PROC          USBXCORE_FORCE_STALL
  C:4970H         LINE#         356
  C:4970H         LINE#         358
  C:497BH         LINE#         359
  C:4986H         LINE#         360
  C:498CH         LINE#         361
  -------         ENDPROC       USBXCORE_FORCE_STALL
  -------         PROC          USBXCORE_GET_STATUS
  C:4306H         LINE#         367
  C:4306H         LINE#         369
  C:4315H         LINE#         370
  C:4315H         LINE#         371
  C:4315H         LINE#         372
  C:4315H         LINE#         373
  C:4315H         LINE#         374
  C:4317H         LINE#         375
  C:4317H         LINE#         379
  C:4317H         LINE#         381
  C:4325H         LINE#         385
  C:4325H         LINE#         386
  C:4325H         LINE#         387
  C:4325H         LINE#         388
  C:4327H         LINE#         390
  C:4327H         LINE#         392
  C:4335H         LINE#         396
  C:4335H         LINE#         397
  C:4342H         LINE#         398
  C:4342H         LINE#         399
  C:4344H         LINE#         401
  C:4344H         LINE#         402
  C:4352H         LINE#         403
  C:435BH         LINE#         404
  C:435BH         LINE#         405
  C:435BH         LINE#         406
  C:435DH         LINE#         407
  C:435DH         LINE#         408
  C:4360H         LINE#         409
  C:4360H         LINE#         410
  C:4360H         LINE#         411
  C:4368H         LINE#         412
  C:4368H         LINE#         413
  C:436BH         LINE#         414
  C:4371H         LINE#         415
  C:4378H         LINE#         416
  C:4378H         LINE#         417
  -------         ENDPROC       USBXCORE_GET_STATUS
  -------         PROC          USBXCORE_CLEAR_FEATURE
  C:4561H         LINE#         423
BL51 BANKED LINKER/LOCATER V6.22                                                      03/02/2022  08:52:33  PAGE 49


  C:4561H         LINE#         425
  C:4567H         LINE#         426
  C:4567H         LINE#         428
  C:456EH         LINE#         429
  C:456EH         LINE#         430
  C:4579H         LINE#         436
  C:4584H         LINE#         437
  C:4589H         LINE#         438
  C:458BH         LINE#         440
  C:458BH         LINE#         442
  C:4596H         LINE#         446
  C:45A1H         LINE#         447
  C:45A6H         LINE#         448
  C:45A6H         LINE#         449
  C:45A8H         LINE#         451
  C:45A8H         LINE#         452
  C:45ABH         LINE#         453
  C:45ABH         LINE#         454
  C:45B6H         LINE#         455
  -------         ENDPROC       USBXCORE_CLEAR_FEATURE
  -------         PROC          USBXCORE_VENDOR_USB_API
  C:370EH         LINE#         462
  C:370EH         LINE#         464
  C:3718H         LINE#         465
  C:3718H         LINE#         466
  C:371FH         LINE#         467
  C:371FH         LINE#         468
  C:3722H         LINE#         469
  C:3725H         LINE#         470
  C:3727H         LINE#         472
  C:3727H         LINE#         473
  C:372EH         LINE#         474
  C:372EH         LINE#         477
  C:3739H         LINE#         482
  C:3744H         LINE#         483
  C:374FH         LINE#         485
  C:374FH         LINE#         486
  C:3762H         LINE#         487
  C:3762H         LINE#         488
  C:3766H         LINE#         489
  C:3771H         LINE#         491
  C:3771H         LINE#         492
  C:3784H         LINE#         493
  C:3784H         LINE#         494
  C:3788H         LINE#         495
  C:3793H         LINE#         497
  C:3799H         LINE#         498
  C:37A1H         LINE#         499
  C:37A1H         LINE#         500
  C:37A4H         LINE#         501
  C:37A4H         LINE#         502
  C:37A4H         LINE#         503
  C:37AFH         LINE#         504
  C:37AFH         LINE#         505
  C:37B5H         LINE#         506
  C:37BCH         LINE#         507
  C:37BCH         LINE#         508
BL51 BANKED LINKER/LOCATER V6.22                                                      03/02/2022  08:52:33  PAGE 50


  C:37C0H         LINE#         509
  C:37C0H         LINE#         510
  C:37C6H         LINE#         511
  C:37CDH         LINE#         512
  C:37CDH         LINE#         513
  C:37D8H         LINE#         514
  -------         ENDPROC       USBXCORE_VENDOR_USB_API
  -------         PROC          USBXCORE_SET_FEATURE
  C:45B9H         LINE#         521
  C:45B9H         LINE#         523
  C:45BFH         LINE#         524
  C:45BFH         LINE#         526
  C:45C6H         LINE#         527
  C:45C6H         LINE#         528
  C:45D1H         LINE#         534
  C:45DCH         LINE#         535
  C:45DFH         LINE#         536
  C:45E1H         LINE#         538
  C:45E1H         LINE#         540
  C:45ECH         LINE#         544
  C:45F7H         LINE#         545
  C:45FDH         LINE#         546
  C:45FDH         LINE#         548
  C:45FFH         LINE#         550
  C:45FFH         LINE#         551
  C:4602H         LINE#         552
  C:4602H         LINE#         553
  C:460DH         LINE#         554
  -------         ENDPROC       USBXCORE_SET_FEATURE
  -------         PROC          USBXCORE_SET_ADDRESS
  C:4913H         LINE#         561
  C:4913H         LINE#         563
  C:4922H         LINE#         564
  C:4928H         LINE#         565
  C:4928H         LINE#         566
  C:492BH         LINE#         567
  C:492DH         LINE#         569
  C:492DH         LINE#         570
  C:4930H         LINE#         571
  C:4930H         LINE#         572
  -------         ENDPROC       USBXCORE_SET_ADDRESS
  -------         PROC          USBXCORE_GET_DESCRIPTOR
  C:3A11H         LINE#         579
  C:3A11H         LINE#         580
  C:3A20H         LINE#         581
  C:3A20H         LINE#         582
  C:3A20H         LINE#         583
  C:3A2EH         LINE#         584
  C:3A32H         LINE#         585
  C:3A34H         LINE#         586
  C:3A34H         LINE#         587
  C:3A42H         LINE#         588
  C:3A55H         LINE#         589
  C:3A57H         LINE#         590
  C:3A57H         LINE#         591
  C:3A7BH         LINE#         592
  C:3A87H         LINE#         593
BL51 BANKED LINKER/LOCATER V6.22                                                      03/02/2022  08:52:33  PAGE 51


  C:3A89H         LINE#         594
  C:3A89H         LINE#         595
  C:3A8CH         LINE#         596
  C:3A8CH         LINE#         597
  C:3A8CH         LINE#         598
  C:3AA2H         LINE#         599
  C:3AA2H         LINE#         600
  C:3AAAH         LINE#         601
  C:3AAAH         LINE#         602
  C:3AB2H         LINE#         603
  C:3AB2H         LINE#         604
  C:3AB5H         LINE#         605
  C:3ABBH         LINE#         606
  C:3AC2H         LINE#         607
  C:3AC2H         LINE#         608
  -------         ENDPROC       USBXCORE_GET_DESCRIPTOR
  -------         PROC          USBXCORE_GET_CONFIGURATION
  C:4707H         LINE#         614
  C:4707H         LINE#         616
  C:470FH         LINE#         617
  C:470FH         LINE#         618
  C:471BH         LINE#         619
  C:4723H         LINE#         620
  C:4723H         LINE#         621
  C:4727H         LINE#         622
  C:4727H         LINE#         623
  C:4735H         LINE#         624
  C:473DH         LINE#         625
  C:473DH         LINE#         626
  C:4740H         LINE#         627
  C:4746H         LINE#         628
  C:474DH         LINE#         629
  -------         ENDPROC       USBXCORE_GET_CONFIGURATION
  -------         PROC          USBXCORE_SET_CONFIGURATION
  C:4507H         LINE#         635
  C:4507H         LINE#         637
  C:4510H         LINE#         638
  C:4510H         LINE#         639
  C:4517H         LINE#         640
  C:451DH         LINE#         641
  C:4522H         LINE#         642
  C:4524H         LINE#         644
  C:452FH         LINE#         645
  C:453AH         LINE#         646
  C:4545H         LINE#         653
  C:4550H         LINE#         654
  C:4552H         LINE#         656
  C:4552H         LINE#         657
  C:4558H         LINE#         658
  C:455CH         LINE#         659
  C:455EH         LINE#         660
  C:455EH         LINE#         661
  -------         ENDPROC       USBXCORE_SET_CONFIGURATION
  -------         PROC          USBXCORE_GET_INTERFACE
  C:48A4H         LINE#         668
  C:48A4H         LINE#         670
  C:48B2H         LINE#         671
BL51 BANKED LINKER/LOCATER V6.22                                                      03/02/2022  08:52:33  PAGE 52


  C:48BAH         LINE#         672
  C:48BDH         LINE#         673
  C:48C3H         LINE#         674
  C:48CAH         LINE#         675
  -------         ENDPROC       USBXCORE_GET_INTERFACE
  -------         PROC          USBXCORE_SET_SOP
  C:49EDH         LINE#         682
  C:49EDH         LINE#         684
  C:49F5H         LINE#         685
  C:49F5H         LINE#         686
  C:4A00H         LINE#         687
  C:4A00H         LINE#         688
  -------         ENDPROC       USBXCORE_SET_SOP
  -------         PROC          USBXCORE_USB_ISR
  C:2E2CH         LINE#         699
  C:2E49H         LINE#         702
  C:2E4FH         LINE#         703
  C:2E62H         LINE#         706
  C:2E75H         LINE#         709
  C:2E79H         LINE#         710
  C:2E79H         LINE#         711
  C:2E84H         LINE#         712
  C:2E84H         LINE#         714
  C:2E8BH         LINE#         715
  C:2E8BH         LINE#         716
  C:2E8EH         LINE#         717
  C:2E8EH         LINE#         719
  C:2E95H         LINE#         720
  C:2E95H         LINE#         721
  C:2EA2H         LINE#         722
  C:2EA2H         LINE#         723
  C:2EA9H         LINE#         724
  C:2EA9H         LINE#         725
  C:2EA9H         LINE#         727
  C:2EA9H         LINE#         728
  C:2EA9H         LINE#         730
  C:2EA9H         LINE#         732
  C:2EBCH         LINE#         734
  C:2EC0H         LINE#         735
  C:2EC0H         LINE#         736
  C:2EC3H         LINE#         737
  C:2EC3H         LINE#         740
  C:2ECAH         LINE#         741
  C:2ECAH         LINE#         742
  C:2ED5H         LINE#         748
  C:2EE8H         LINE#         749
  C:2EEDH         LINE#         750
  C:2EEDH         LINE#         751
  C:2EF4H         LINE#         752
  C:2EF4H         LINE#         754
  C:2EF4H         LINE#         756
  C:2F07H         LINE#         759
  C:2F0BH         LINE#         760
  C:2F0BH         LINE#         761
  C:2F16H         LINE#         767
  C:2F29H         LINE#         768
  C:2F2DH         LINE#         769
BL51 BANKED LINKER/LOCATER V6.22                                                      03/02/2022  08:52:33  PAGE 53


  C:2F2DH         LINE#         770
  C:2F34H         LINE#         771
  C:2F34H         LINE#         772
  C:2F34H         LINE#         775
  C:2F42H         LINE#         776
  C:2F47H         LINE#         777
  C:2F4DH         LINE#         778
  C:2F52H         LINE#         781
  C:2F5FH         LINE#         782
  C:2F5FH         LINE#         783
  C:2F62H         LINE#         784
  C:2F62H         LINE#         785
  -------         ENDPROC       USBXCORE_USB_ISR
  -------         ENDMOD        USB_API

  -------         MODULE        USB_SUSPEND
  C:0000H         SYMBOL        _ICE_DUMMY_
  D:00D7H         PUBLIC        USB0XCN
  D:00C9H         PUBLIC        REG0CN
  C:482AH         PUBLIC        USB_Suspend
  D:00A9H         PUBLIC        CLKSEL
  D:00B2H         PUBLIC        OSCICN
  D:00B9H         PUBLIC        CLKMUL
  -------         PROC          USB_SUSPEND
  C:482AH         LINE#         70
  C:482AH         LINE#         72
  C:482DH         LINE#         74
  C:4830H         LINE#         76
  C:4838H         LINE#         79
  C:483BH         LINE#         80
  C:483EH         LINE#         81
  C:4841H         LINE#         82
  C:4844H         LINE#         84
  C:4845H         LINE#         86
  C:4848H         LINE#         88
  C:484EH         LINE#         92
  C:4851H         LINE#         94
  C:4854H         LINE#         95
  -------         ENDPROC       USB_SUSPEND
  -------         ENDMOD        USB_SUSPEND

  -------         MODULE        USB_INT_ENABLE
  C:0000H         SYMBOL        _ICE_DUMMY_
  C:49A8H         PUBLIC        USB_Int_Enable
  D:0096H         PUBLIC        USB0ADR
  D:0097H         PUBLIC        USB0DAT
  -------         PROC          USB_INT_ENABLE
  C:49A8H         LINE#         68
  C:49A8H         LINE#         71
  C:49AFH         LINE#         73
  C:49B5H         LINE#         74
  C:49B5H         LINE#         75
  C:49C0H         LINE#         77
  C:49C0H         LINE#         78
  -------         ENDPROC       USB_INT_ENABLE
  -------         ENDMOD        USB_INT_ENABLE

BL51 BANKED LINKER/LOCATER V6.22                                                      03/02/2022  08:52:33  PAGE 54


  -------         MODULE        USB_CLOCK_RECOVERY
  C:0000H         SYMBOL        _ICE_DUMMY_
  C:4A33H         PUBLIC        USBXcore_ClkRec
  D:0096H         PUBLIC        USB0ADR
  D:0097H         PUBLIC        USB0DAT
  -------         PROC          USBXCORE_CLKREC
  C:4A33H         LINE#         45
  C:4A33H         LINE#         47
  C:4A3EH         LINE#         48
  -------         ENDPROC       USBXCORE_CLKREC
  -------         ENDMOD        USB_CLOCK_RECOVERY

  -------         MODULE        ?C?COPY
  C:1FFEH         PUBLIC        ?C?COPY
  -------         ENDMOD        ?C?COPY

  -------         MODULE        ?C?CLDPTR
  C:2024H         PUBLIC        ?C?CLDPTR
  -------         ENDMOD        ?C?CLDPTR

  -------         MODULE        ?C?CLDOPTR
  C:203DH         PUBLIC        ?C?CLDOPTR
  -------         ENDMOD        ?C?CLDOPTR

  -------         MODULE        ?C?IMUL
  C:206AH         PUBLIC        ?C?IMUL
  -------         ENDMOD        ?C?IMUL

  -------         MODULE        ?C?IILDX
  C:207CH         PUBLIC        ?C?IILDX
  -------         ENDMOD        ?C?IILDX

  -------         MODULE        ?C?ILDOPTR
  C:2092H         PUBLIC        ?C?ILDOPTR
  -------         ENDMOD        ?C?ILDOPTR

  -------         MODULE        ?C?LMUL
  C:20CAH         PUBLIC        ?C?LMUL
  -------         ENDMOD        ?C?LMUL

  -------         MODULE        ?C?ULDIV
  C:2155H         PUBLIC        ?C?ULDIV
  -------         ENDMOD        ?C?ULDIV

  -------         MODULE        ?C?ULCMP
  C:21E7H         PUBLIC        ?C?ULCMP
  -------         ENDMOD        ?C?ULCMP

  -------         MODULE        ?C?ULSHR
  C:21F8H         PUBLIC        ?C?ULSHR
  -------         ENDMOD        ?C?ULSHR

  -------         MODULE        ?C?LSHL
  C:220BH         PUBLIC        ?C?LSHL
  -------         ENDMOD        ?C?LSHL

  -------         MODULE        ?C?LLDIPDATA
BL51 BANKED LINKER/LOCATER V6.22                                                      03/02/2022  08:52:33  PAGE 55


  C:2227H         PUBLIC        ?C?LLDIPDATA
  C:221EH         PUBLIC        ?C?LLDIPDATA1
  C:2220H         PUBLIC        ?C?LLDIPDATA8
  -------         ENDMOD        ?C?LLDIPDATA

  -------         MODULE        ?C?LSTXDATA
  C:223EH         PUBLIC        ?C?LSTXDATA
  -------         ENDMOD        ?C?LSTXDATA

  -------         MODULE        ?C?LSTPDATA
  C:224AH         PUBLIC        ?C?LSTPDATA
  -------         ENDMOD        ?C?LSTPDATA

  -------         MODULE        ?C?LSTKXDATA
  C:2256H         PUBLIC        ?C?LSTKXDATA
  -------         ENDMOD        ?C?LSTKXDATA

  -------         MODULE        ?C?LSTKPDATA
  C:2287H         PUBLIC        ?C?LSTKPDATA
  -------         ENDMOD        ?C?LSTKPDATA

  -------         MODULE        ?C_PBP
  D:0008H         PUBLIC        ?C_PBP
  -------         ENDMOD        ?C_PBP

*** WARNING L14: INCOMPATIBLE MEMORY MODEL
    MODULE:  .\USBX_F34X.LIB (USB_API)
    MODEL:   SMALL

*** WARNING L14: INCOMPATIBLE MEMORY MODEL
    MODULE:  .\USBX_F34X.LIB (USB_SUSPEND)
    MODEL:   SMALL

*** WARNING L14: INCOMPATIBLE MEMORY MODEL
    MODULE:  .\USBX_F34X.LIB (USB_INT_ENABLE)
    MODEL:   SMALL

*** WARNING L14: INCOMPATIBLE MEMORY MODEL
    MODULE:  .\USBX_F34X.LIB (USB_CLOCK_RECOVERY)
    MODEL:   SMALL

*** WARNING L16: UNCALLED SEGMENT, IGNORED FOR OVERLAY PROCESS
    SEGMENT: ?PR?SD_INIT?MMC_SD

*** WARNING L16: UNCALLED SEGMENT, IGNORED FOR OVERLAY PROCESS
    SEGMENT: ?PR?_DISPPIC?LCD

*** WARNING L16: UNCALLED SEGMENT, IGNORED FOR OVERLAY PROCESS
    SEGMENT: ?PR?_DISPPICFROMSD?LCD

*** WARNING L16: UNCALLED SEGMENT, IGNORED FOR OVERLAY PROCESS
    SEGMENT: ?PR?DISPSCALEHOR1?LCD

*** WARNING L16: UNCALLED SEGMENT, IGNORED FOR OVERLAY PROCESS
    SEGMENT: ?PR?DISPSCALEVER?LCD

*** WARNING L16: UNCALLED SEGMENT, IGNORED FOR OVERLAY PROCESS
BL51 BANKED LINKER/LOCATER V6.22                                                      03/02/2022  08:52:33  PAGE 56


    SEGMENT: ?PR?DISPSCALEVER_RED?LCD

*** WARNING L16: UNCALLED SEGMENT, IGNORED FOR OVERLAY PROCESS
    SEGMENT: ?PR?DISPSCALEVER_GREEN?LCD

*** WARNING L16: UNCALLED SEGMENT, IGNORED FOR OVERLAY PROCESS
    SEGMENT: ?PR?DISPSCALEVER_BLUE?LCD

*** WARNING L16: UNCALLED SEGMENT, IGNORED FOR OVERLAY PROCESS
    SEGMENT: ?PR?DISPSCALEVER_GRAY?LCD

*** WARNING L16: UNCALLED SEGMENT, IGNORED FOR OVERLAY PROCESS
    SEGMENT: ?PR?DISPGRAYHOR32?LCD

*** WARNING L16: UNCALLED SEGMENT, IGNORED FOR OVERLAY PROCESS
    SEGMENT: ?PR?DISPSCALEHOR2?LCD

*** WARNING L16: UNCALLED SEGMENT, IGNORED FOR OVERLAY PROCESS
    SEGMENT: ?PR?_DRAWGIRD?LCD

*** WARNING L15: MULTIPLE CALL TO SEGMENT
    SEGMENT: ?PR?_WRITECOMM?LCD
    CALLER1: ?PR?USB_API_TEST_ISR?MAIN
    CALLER2: ?C_C51STARTUP

*** WARNING L15: MULTIPLE CALL TO SEGMENT
    SEGMENT: ?PR?_WRITEDATA?LCD
    CALLER1: ?PR?USB_API_TEST_ISR?MAIN
    CALLER2: ?C_C51STARTUP

Program Size: data=10.0 xdata=1219 code=19031
LINK/LOCATE RUN COMPLETE.  18 WARNING(S),  0 ERROR(S)
