BL51 BANKED LINKER/LOCATER V6.22                                                        03/08/2022  21:27:15  PAGE 1


BL51 BANKED LINKER/LOCATER V6.22, INVOKED BY:
D:\KEIL C51\C51\BIN\BL51.EXE main.obj, mmc_sd.obj, lcd.obj, tp.obj, .\USBX_F34X.LIB TO ST7789V_HSD32_ZT_16BIT RAMSIZE (2
>> 56)


MEMORY MODEL: COMPACT WITH FLOATING POINT ARITHMETIC


INPUT MODULES INCLUDED:
  main.obj (MAIN)
  mmc_sd.obj (MMC_SD)
  lcd.obj (LCD)
  tp.obj (TP)
  .\USBX_F34X.LIB (USB_API)
  .\USBX_F34X.LIB (USB_CLOCK_START)
  .\USBX_F34X.LIB (USB_SUSPEND)
  .\USBX_F34X.LIB (GET_INTERRUPT_SOURCE)
  .\USBX_F34X.LIB (BLOCK_READ)
  .\USBX_F34X.LIB (BLOCK_WRITE)
  .\USBX_F34X.LIB (USB_INT_ENABLE)
  .\USBX_F34X.LIB (USB_CLOCK_RECOVERY)
  .\USBX_F34X.LIB (USB_JUMP_ISR)
  D:\KEIL C51\C51\LIB\C51FPC.LIB (?C?FPMUL)
  D:\KEIL C51\C51\LIB\C51FPC.LIB (?C?FCAST)
  D:\KEIL C51\C51\LIB\C51FPC.LIB (?C?CASTF)
  D:\KEIL C51\C51\LIB\C51FPC.LIB (?C?FPGETOPN)
  D:\KEIL C51\C51\LIB\C51C.LIB (?C_STARTUP)
  D:\KEIL C51\C51\LIB\C51C.LIB (?C?COPY)
  D:\KEIL C51\C51\LIB\C51C.LIB (?C?CLDPTR)
  D:\KEIL C51\C51\LIB\C51C.LIB (?C?CLDOPTR)
  D:\KEIL C51\C51\LIB\C51C.LIB (?C?IMUL)
  D:\KEIL C51\C51\LIB\C51C.LIB (?C?IILDX)
  D:\KEIL C51\C51\LIB\C51C.LIB (?C?ILDOPTR)
  D:\KEIL C51\C51\LIB\C51C.LIB (?C?LMUL)
  D:\KEIL C51\C51\LIB\C51C.LIB (?C?ULDIV)
  D:\KEIL C51\C51\LIB\C51C.LIB (?C?LNEG)
  D:\KEIL C51\C51\LIB\C51C.LIB (?C?ULCMP)
  D:\KEIL C51\C51\LIB\C51C.LIB (?C?ULSHR)
  D:\KEIL C51\C51\LIB\C51C.LIB (?C?LSHL)
  D:\KEIL C51\C51\LIB\C51C.LIB (?C?LLDIPDATA)
  D:\KEIL C51\C51\LIB\C51C.LIB (?C?LSTXDATA)
  D:\KEIL C51\C51\LIB\C51C.LIB (?C?LSTPDATA)
  D:\KEIL C51\C51\LIB\C51C.LIB (?C?LSTKXDATA)
  D:\KEIL C51\C51\LIB\C51C.LIB (?C?LSTKPDATA)
  D:\KEIL C51\C51\LIB\C51C.LIB (?C_PBP)
  D:\KEIL C51\C51\LIB\C51C.LIB (?C_INIT)


LINK MAP OF MODULE:  ST7789V_HSD32_ZT_16BIT (MAIN)


            TYPE    BASE      LENGTH    RELOCATION   SEGMENT NAME
            -----------------------------------------------------

            * * * * * * *   D A T A   M E M O R Y   * * * * * * *
            REG     0000H     0008H     ABSOLUTE     "REG BANK 0"
            DATA    0008H     0001H     UNIT         ?C?LIB_DATA
            IDATA   0009H     0001H     UNIT         ?STACK
BL51 BANKED LINKER/LOCATER V6.22                                                      03/08/2022  21:27:15  PAGE 2



            * * * * * * *  X D A T A   M E M O R Y  * * * * * * *
            XDATA   0000H     0010H     INPAGE       ?PD?MAIN
            XDATA   0010H     0004H     INPAGE       ?PD?_MMC_SD_READSINGLEBLOCK?MMC_SD
            XDATA   0014H     0005H     INPAGE       ?PD?_DISPPIC?LCD
            XDATA   0019H     000DH     INPAGE       ?PD?_DISPPICFROMSD?LCD
            XDATA   0026H     0004H     INPAGE       ?PD?DISPSCALEHOR1?LCD
            XDATA   002AH     0004H     INPAGE       ?PD?DISPSCALEVER?LCD
            XDATA   002EH     0004H     INPAGE       ?PD?DISPSCALEVER_RED?LCD
            XDATA   0032H     0004H     INPAGE       ?PD?DISPSCALEVER_GREEN?LCD
            XDATA   0036H     0004H     INPAGE       ?PD?DISPSCALEVER_BLUE?LCD
            XDATA   003AH     0004H     INPAGE       ?PD?DISPSCALEVER_GRAY?LCD
            XDATA   003EH     0004H     INPAGE       ?PD?DISPGRAYHOR32?LCD
            XDATA   0042H     0002H     INPAGE       ?PD?DISPSCALEHOR2?LCD
            XDATA   0044H     000CH     INPAGE       ?PD?_DRAWLINE?LCD
            XDATA   0050H     0004H     INPAGE       ?PD?_DRAWGIRD?LCD
            XDATA   0054H     0002H     INPAGE       ?PD?LCD
            XDATA   0056H     0026H     INPAGE       _PDATA_GROUP_
            XDATA   007CH     0200H     UNIT         ?XD?MMC_SD
            XDATA   027CH     0058H     UNIT         _XDATA_GROUP_
            XDATA   02D4H     0040H     UNIT         ?XD?MAIN
                    0314H     032CH                  *** GAP ***
            XDATA   0640H     0100H     ABSOLUTE     
            XDATA   0740H     0012H     ABSOLUTE     
            XDATA   0752H     0020H     ABSOLUTE     
            XDATA   0772H     000CH     ABSOLUTE     
            XDATA   077EH     0008H     ABSOLUTE     
            XDATA   0786H     0001H     ABSOLUTE     
            XDATA   0787H     0003H     ABSOLUTE     
            XDATA   078AH     0002H     ABSOLUTE     
            XDATA   078CH     0002H     ABSOLUTE     
            XDATA   078EH     0003H     ABSOLUTE     
            XDATA   0791H     0001H     ABSOLUTE     
            XDATA   0792H     0001H     ABSOLUTE     
            XDATA   0793H     0001H     ABSOLUTE     
            XDATA   0794H     0001H     ABSOLUTE     
            XDATA   0795H     0002H     ABSOLUTE     
            XDATA   0797H     0002H     ABSOLUTE     
            XDATA   0799H     0001H     ABSOLUTE     
            XDATA   079AH     0001H     ABSOLUTE     
            XDATA   079BH     0001H     ABSOLUTE     
            XDATA   079CH     0001H     ABSOLUTE     
            XDATA   079DH     0001H     ABSOLUTE     
            XDATA   079EH     0001H     ABSOLUTE     
            XDATA   079FH     0002H     ABSOLUTE     
            XDATA   07A1H     0001H     ABSOLUTE     
            XDATA   07A2H     0001H     ABSOLUTE     
            XDATA   07A3H     000CH     ABSOLUTE     
                    07AFH     0011H                  *** GAP ***
            XDATA   07C0H     0040H     ABSOLUTE     

            * * * * * * *   C O D E   M E M O R Y   * * * * * * *
            CODE    0000H     0003H     ABSOLUTE     
            CODE    0003H     003AH     UNIT         ?CO?USB_API
            CODE    003DH     0003H     UNIT         ?PR?SUSPEND_DEVICE?MAIN
                    0040H     0003H                  *** GAP ***
            CODE    0043H     0003H     ABSOLUTE     
BL51 BANKED LINKER/LOCATER V6.22                                                      03/08/2022  21:27:15  PAGE 3


            CODE    0046H     0044H     UNIT         ?PR?_DISPCOLOR?LCD
                    008AH     0001H                  *** GAP ***
            CODE    008BH     0003H     ABSOLUTE     
            CODE    008EH     060CH     UNIT         ?PR?CONNTOUSB?MAIN
            CODE    069AH     0600H     UNIT         ?CO?LCD
            CODE    0C9AH     0545H     UNIT         ?C?LIB_CODE
            CODE    11DFH     0233H     UNIT         ?PR?USBXCORE_HANDLE_SETUP?USB_API
            CODE    1412H     0232H     UNIT         ?PR?_LCD_READ_IC_ID?LCD
            CODE    1644H     0226H     UNIT         ?PR?DISPSCALEHOR1?LCD
            CODE    186AH     01D8H     UNIT         ?PR?TP_DRAWLINE?TP
            CODE    1A42H     01BAH     UNIT         ?PR?DISPSCALEHOR2?LCD
            CODE    1BFCH     018EH     UNIT         ?PR?DISPBAND?LCD
            CODE    1D8AH     0151H     UNIT         ?PR?USBXCORE_USB_ISR?USB_API
            CODE    1EDBH     014EH     UNIT         ?PR?LCD_INIT?LCD
            CODE    2029H     013DH     UNIT         ?PR?USB_API_TEST_ISR?MAIN
            CODE    2166H     0137H     UNIT         ?PR?_USB_INIT?USB_API
            CODE    229DH     0128H     UNIT         ?PR?DISPSCALEVER?LCD
            CODE    23C5H     011BH     UNIT         ?PR?_TP_GETPOSITION?TP
            CODE    24E0H     0111H     UNIT         ?PR?_BLOCK_WRITE?BLOCK_WRITE
            CODE    25F1H     00E9H     UNIT         ?PR?_DISPPICFROMSD?LCD
            CODE    26DAH     00CDH     UNIT         ?PR?USBXCORE_VENDOR_USB_API?USB_API
            CODE    27A7H     00CBH     UNIT         ?PR?_DISPONECHAR?LCD
            CODE    2872H     00B7H     UNIT         ?PR?MMC_SD_RESET?MMC_SD
            CODE    2929H     00B3H     UNIT         ?PR?_DISPINT?LCD
            CODE    29DCH     00B2H     UNIT         ?PR?USBXCORE_GET_DESCRIPTOR?USB_API
            CODE    2A8EH     00AFH     UNIT         ?PR?_BLOCK_READ?BLOCK_READ
            CODE    2B3DH     00A4H     UNIT         ?PR?DISPFRAME?LCD
            CODE    2BE1H     00A0H     UNIT         ?PR?DISPSCALEVER_GREEN?LCD
            CODE    2C81H     009FH     UNIT         ?PR?_?BLOCKWRITE?LCD
            CODE    2D20H     009BH     UNIT         ?PR?DISPGRAYHOR16?LCD
            CODE    2DBBH     0096H     UNIT         ?PR?_DISPSTR?LCD
            CODE    2E51H     0091H     UNIT         ?PR?DISPSCALEVER_RED?LCD
            CODE    2EE2H     0091H     UNIT         ?PR?DISPSCALEVER_GRAY?LCD
            CODE    2F73H     0090H     UNIT         ?PR?_DRAWGIRD?LCD
            CODE    3003H     008CH     UNIT         ?C_C51STARTUP
            CODE    308FH     0086H     UNIT         ?PR?DISPSCALEVER_BLUE?LCD
            CODE    3115H     0086H     UNIT         ?PR?_DRAWLINE?LCD
            CODE    319BH     007DH     UNIT         ?PR?_MMC_SD_WRITESINGLEBLOCK?MMC_SD
            CODE    3218H     0076H     UNIT         ?PR?DISPGRAYHOR32?LCD
            CODE    328EH     0075H     UNIT         ?PR?_MMC_SD_SENDCOMMAND?MMC_SD
            CODE    3303H     0073H     UNIT         ?PR?TP_READ?TP
            CODE    3376H     0073H     UNIT         ?PR?USBXCORE_GET_STATUS?USB_API
            CODE    33E9H     006CH     UNIT         ?PR?DEVICES_INIT?MAIN
            CODE    3455H     0064H     UNIT         ?PR?_MMC_SD_READSINGLEBLOCK?MMC_SD
            CODE    34B9H     0061H     UNIT         ?PR?_DISPPIC?LCD
            CODE    351AH     005BH     UNIT         ?PR?_TOORD?LCD
            CODE    3575H     005AH     UNIT         ?PR?USBXCORE_SET_CONFIGURATION?USB_API
            CODE    35CFH     0058H     UNIT         ?PR?USBXCORE_CLEAR_FEATURE?USB_API
            CODE    3627H     0057H     UNIT         ?PR?USBXCORE_SET_FEATURE?USB_API
            CODE    367EH     0055H     UNIT         ?PR?_STOPDELAY?MAIN
            CODE    36D3H     0052H     UNIT         ?PR?_PUTPIXEL?LCD
            CODE    3725H     0050H     UNIT         ?CO?MAIN
            CODE    3775H     0047H     UNIT         ?PR?USBXCORE_GET_CONFIGURATION?USB_API
            CODE    37BCH     0043H     UNIT         ?PR?MCU_INIT?MAIN
            CODE    37FFH     0038H     UNIT         ?PR?USB_CLOCK_START?USB_CLOCK_START
            CODE    3837H     002DH     UNIT         ?C_INITSEG
            CODE    3864H     002BH     UNIT         ?PR?USB_SUSPEND?USB_SUSPEND
BL51 BANKED LINKER/LOCATER V6.22                                                      03/08/2022  21:27:15  PAGE 4


            CODE    388FH     0028H     UNIT         ?PR?_WRITEDISPDATA?LCD
            CODE    38B7H     0027H     UNIT         ?PR?MAIN?MAIN
            CODE    38DEH     0027H     UNIT         ?PR?USBXCORE_USB_RESET?USB_API
            CODE    3905H     0027H     UNIT         ?PR?USBXCORE_GET_INTERFACE?USB_API
            CODE    392CH     0026H     UNIT         ?PR?_TP_WRITE?TP
            CODE    3952H     0022H     UNIT         ?PR?USBXCORE_JUMP_ISR?USB_JUMP_ISR
            CODE    3974H     0020H     UNIT         ?PR?USBXCORE_SET_ADDRESS?USB_API
            CODE    3994H     001FH     UNIT         ?PR?_DELAY?MAIN
            CODE    39B3H     001FH     UNIT         ?PR?_WRITEDATA?LCD
            CODE    39D2H     001DH     UNIT         ?PR?USBXCORE_FORCE_STALL?USB_API
            CODE    39EFH     001BH     UNIT         ?PR?_WRITECOMM?LCD
            CODE    3A0AH     0019H     UNIT         ?PR?USB_INT_ENABLE?USB_INT_ENABLE
            CODE    3A23H     0016H     UNIT         ?PR?_SPI_WRITEBYTE?MMC_SD
            CODE    3A39H     0016H     UNIT         ?PR?READDATA?LCD
            CODE    3A4FH     0014H     UNIT         ?PR?USBXCORE_SET_SOP?USB_API
            CODE    3A63H     0013H     UNIT         ?PR?WAITKEY?MAIN
            CODE    3A76H     0011H     UNIT         ?PR?SD_INIT?MMC_SD
            CODE    3A87H     000EH     UNIT         ?PR?GET_INTERRUPT_SOURCE?GET_INTERRUPT_SOURCE
            CODE    3A95H     000CH     UNIT         ?PR?USBXCORE_CLKREC?USB_CLOCK_RECOVERY
            CODE    3AA1H     000BH     UNIT         ?PR?SPI_READBYTE?MMC_SD
            CODE    3AACH     0009H     UNIT         ?PR?_WRITEONEDOT?LCD
            CODE    3AB5H     0008H     UNIT         ?CO?TP



OVERLAY MAP OF MODULE:   ST7789V_HSD32_ZT_16BIT (MAIN)


SEGMENT                                            PDATA_GROUP         XDATA_GROUP
  +--> CALLED SEGMENT                            START    LENGTH     START    LENGTH
------------------------------------------------------------------------------------
?PR?USB_API_TEST_ISR?MAIN                        0056H    0001H      -----    -----
  +--> ?PR?GET_INTERRUPT_SOURCE?GET_INTERRUP...
  +--> ?PR?_BLOCK_READ?BLOCK_READ
  +--> ?PR?SUSPEND_DEVICE?MAIN
  +--> ?PR?MCU_INIT?MAIN
  +--> ?PR?_?BLOCKWRITE?LCD

?PR?SUSPEND_DEVICE?MAIN                          -----    -----      -----    -----
  +--> ?PR?USB_SUSPEND?USB_SUSPEND

?PR?USB_SUSPEND?USB_SUSPEND                      -----    -----      -----    -----
  +--> ?PR?USB_CLOCK_START?USB_CLOCK_START

?PR?_?BLOCKWRITE?LCD                             -----    -----      -----    -----
  +--> ?PR?_WRITECOMM?LCD
  +--> ?PR?_WRITEDATA?LCD

?PR?_WRITECOMM?LCD                               007AH    0002H      -----    -----

?PR?_WRITEDATA?LCD                               007AH    0002H      -----    -----

*** NEW ROOT ***************************************************

?PR?USBXCORE_USB_ISR?USB_API                     -----    -----      -----    -----
  +--> ?PR?USBXCORE_USB_RESET?USB_API
  +--> ?PR?USBXCORE_HANDLE_SETUP?USB_API
BL51 BANKED LINKER/LOCATER V6.22                                                      03/08/2022  21:27:15  PAGE 5


  +--> ?PR?USBXCORE_JUMP_ISR?USB_JUMP_ISR

?PR?USBXCORE_HANDLE_SETUP?USB_API                -----    -----      -----    -----
  +--> ?PR?USBXCORE_GET_STATUS?USB_API
  +--> ?PR?USBXCORE_CLEAR_FEATURE?USB_API
  +--> ?PR?USBXCORE_VENDOR_USB_API?USB_API
  +--> ?PR?USBXCORE_SET_FEATURE?USB_API
  +--> ?PR?USBXCORE_SET_ADDRESS?USB_API
  +--> ?PR?USBXCORE_GET_DESCRIPTOR?USB_API
  +--> ?PR?USBXCORE_GET_CONFIGURATION?USB_API
  +--> ?PR?USBXCORE_SET_CONFIGURATION?USB_API
  +--> ?PR?USBXCORE_GET_INTERFACE?USB_API
  +--> ?PR?USBXCORE_SET_SOP?USB_API
  +--> ?PR?USBXCORE_FORCE_STALL?USB_API

?PR?USBXCORE_GET_STATUS?USB_API                  -----    -----      -----    -----
  +--> ?CO?USB_API
  +--> ?PR?USBXCORE_FORCE_STALL?USB_API
  +--> ?PR?USBXCORE_SET_SOP?USB_API

?PR?USBXCORE_CLEAR_FEATURE?USB_API               -----    -----      -----    -----
  +--> ?PR?USBXCORE_FORCE_STALL?USB_API
  +--> ?PR?USBXCORE_SET_SOP?USB_API

?PR?USBXCORE_VENDOR_USB_API?USB_API              -----    -----      -----    -----
  +--> ?PR?USBXCORE_SET_SOP?USB_API

?PR?USBXCORE_SET_FEATURE?USB_API                 -----    -----      -----    -----
  +--> ?PR?USBXCORE_FORCE_STALL?USB_API
  +--> ?PR?USBXCORE_SET_SOP?USB_API

?PR?USBXCORE_SET_ADDRESS?USB_API                 -----    -----      -----    -----
  +--> ?PR?USBXCORE_SET_SOP?USB_API

?PR?USBXCORE_GET_DESCRIPTOR?USB_API              -----    -----      -----    -----
  +--> ?PR?USBXCORE_FORCE_STALL?USB_API
  +--> ?PR?USBXCORE_SET_SOP?USB_API

?PR?USBXCORE_GET_CONFIGURATION?USB_API           -----    -----      -----    -----
  +--> ?CO?USB_API
  +--> ?PR?USBXCORE_SET_SOP?USB_API

?PR?USBXCORE_SET_CONFIGURATION?USB_API           -----    -----      -----    -----
  +--> ?PR?USBXCORE_SET_SOP?USB_API

?PR?USBXCORE_GET_INTERFACE?USB_API               -----    -----      -----    -----
  +--> ?CO?USB_API
  +--> ?PR?USBXCORE_SET_SOP?USB_API

*** NEW ROOT ***************************************************

?C_C51STARTUP                                    -----    -----      -----    -----
  +--> ?PR?MAIN?MAIN
  +--> ?C_INITSEG

?PR?MAIN?MAIN                                    -----    -----      -----    -----
  +--> ?PR?DEVICES_INIT?MAIN
BL51 BANKED LINKER/LOCATER V6.22                                                      03/08/2022  21:27:15  PAGE 6


  +--> ?PR?DISPFRAME?LCD
  +--> ?PR?_STOPDELAY?MAIN
  +--> ?PR?WAITKEY?MAIN
  +--> ?PR?DISPGRAYHOR16?LCD
  +--> ?PR?DISPBAND?LCD
  +--> ?PR?TP_DRAWLINE?TP

?PR?DEVICES_INIT?MAIN                            -----    -----      -----    -----
  +--> ?PR?MCU_INIT?MAIN
  +--> ?PR?USB_CLOCK_START?USB_CLOCK_START
  +--> ?CO?MAIN
  +--> ?PR?_USB_INIT?USB_API
  +--> ?PR?USB_INT_ENABLE?USB_INT_ENABLE
  +--> ?PR?LCD_INIT?LCD

?PR?_USB_INIT?USB_API                            -----    -----      027CH    0011H
  +--> ?CO?USB_API
  +--> ?PR?USBXCORE_CLKREC?USB_CLOCK_RECOVERY

?PR?LCD_INIT?LCD                                 -----    -----      -----    -----
  +--> ?PR?READDATA?LCD
  +--> ?PR?_DELAY?MAIN
  +--> ?PR?_WRITECOMM?LCD
  +--> ?PR?_WRITEDATA?LCD

?PR?READDATA?LCD                                 -----    -----      -----    -----
  +--> ?PR?_LCD_READ_IC_ID?LCD

?PR?_LCD_READ_IC_ID?LCD                          0062H    0008H      -----    -----

?PR?DISPFRAME?LCD                                0059H    0002H      -----    -----
  +--> ?PR?_?BLOCKWRITE?LCD
  +--> ?PR?_WRITEDISPDATA?LCD

?PR?_WRITEDISPDATA?LCD                           007AH    0001H      -----    -----

?PR?_STOPDELAY?MAIN                              0059H    0004H      -----    -----
  +--> ?PR?WAITKEY?MAIN
  +--> ?PR?_DELAY?MAIN

?PR?WAITKEY?MAIN                                 -----    -----      -----    -----
  +--> ?PR?CONNTOUSB?MAIN
  +--> ?PR?_DELAY?MAIN

?PR?CONNTOUSB?MAIN                               005DH    0005H      027CH    0058H
  +--> ?CO?MAIN
  +--> ?PR?_WRITECOMM?LCD
  +--> ?PR?_WRITEDATA?LCD
  +--> ?PR?_DISPSTR?LCD
  +--> ?PR?_DISPINT?LCD
  +--> ?PR?_WRITEDISPDATA?LCD
  +--> ?PR?_MMC_SD_WRITESINGLEBLOCK?MMC_SD
  +--> ?PR?_BLOCK_WRITE?BLOCK_WRITE
  +--> ?PR?READDATA?LCD
  +--> ?PR?_DELAY?MAIN

?PR?_DISPSTR?LCD                                 0062H    000BH      -----    -----
BL51 BANKED LINKER/LOCATER V6.22                                                      03/08/2022  21:27:15  PAGE 7


  +--> ?PR?_TOORD?LCD
  +--> ?PR?_DISPONECHAR?LCD

?PR?_DISPONECHAR?LCD                             006DH    000DH      -----    -----
  +--> ?PR?_?BLOCKWRITE?LCD
  +--> ?CO?LCD
  +--> ?PR?_WRITEONEDOT?LCD

?PR?_WRITEONEDOT?LCD                             -----    -----      -----    -----
  +--> ?PR?_WRITEDISPDATA?LCD

?PR?_DISPINT?LCD                                 0062H    000AH      -----    -----
  +--> ?PR?_DISPONECHAR?LCD

?PR?_MMC_SD_WRITESINGLEBLOCK?MMC_SD              0062H    0004H      -----    -----
  +--> ?PR?_MMC_SD_SENDCOMMAND?MMC_SD
  +--> ?PR?_SPI_WRITEBYTE?MMC_SD

?PR?_MMC_SD_SENDCOMMAND?MMC_SD                   0066H    0005H      -----    -----
  +--> ?PR?_SPI_WRITEBYTE?MMC_SD

?PR?DISPGRAYHOR16?LCD                            0059H    0004H      -----    -----
  +--> ?PR?_?BLOCKWRITE?LCD
  +--> ?PR?_WRITEDISPDATA?LCD

?PR?DISPBAND?LCD                                 0059H    0005H      -----    -----
  +--> ?PR?_?BLOCKWRITE?LCD
  +--> ?PR?_WRITEDISPDATA?LCD

?PR?TP_DRAWLINE?TP                               -----    -----      027CH    0018H
  +--> ?PR?_DISPCOLOR?LCD
  +--> ?CO?TP
  +--> ?PR?_DISPSTR?LCD
  +--> ?PR?_DELAY?MAIN
  +--> ?PR?_TP_GETPOSITION?TP
  +--> ?PR?_PUTPIXEL?LCD

?PR?_DISPCOLOR?LCD                               0059H    0004H      -----    -----
  +--> ?PR?_?BLOCKWRITE?LCD
  +--> ?PR?_WRITEDISPDATA?LCD

?PR?_TP_GETPOSITION?TP                           -----    -----      0294H    001BH
  +--> ?PR?_TP_WRITE?TP
  +--> ?PR?TP_READ?TP

?PR?_TP_WRITE?TP                                 -----    -----      02AFH    0001H

?PR?TP_READ?TP                                   -----    -----      02AFH    0005H

?PR?_PUTPIXEL?LCD                                0059H    0002H      -----    -----
  +--> ?PR?_?BLOCKWRITE?LCD
  +--> ?PR?_WRITEDISPDATA?LCD



SYMBOL TABLE OF MODULE:  ST7789V_HSD32_ZT_16BIT (MAIN)

BL51 BANKED LINKER/LOCATER V6.22                                                      03/08/2022  21:27:15  PAGE 8


  VALUE           TYPE          NAME
  ----------------------------------

  -------         MODULE        MAIN
  C:0000H         SYMBOL        _ICE_DUMMY_
  D:0080H         PUBLIC        P0
  X:0000H         PUBLIC        f_down
  D:0090H         PUBLIC        P1
  D:00B0H         PUBLIC        P3
  C:3770H         PUBLIC        USB_MaxPower
  B:00B0H.6       PUBLIC        KEY_STEP
  D:00A4H         PUBLIC        P0MDOUT
  D:00A5H         PUBLIC        P1MDOUT
  D:00A6H         PUBLIC        P2MDOUT
  D:00A7H         PUBLIC        P3MDOUT
  D:00AEH         PUBLIC        P4MDOUT
  B:0080H.6       PUBLIC        OE
  D:00D9H         PUBLIC        PCA0MD
  C:2029H         PUBLIC        USB_API_TEST_ISR
  C:003DH         PUBLIC        Suspend_Device
  C:3682H         PUBLIC        _StopDelay
  D:00E1H         PUBLIC        XBR0
  D:00E2H         PUBLIC        XBR1
  B:00B0H.1       PUBLIC        RS
  C:38B7H         PUBLIC        main
  X:0001H         PUBLIC        VerifyCode0
  X:0002H         PUBLIC        VerifyCode1
  C:373AH         PUBLIC        USB_PID
  X:0003H         PUBLIC        VerifyCode2
  D:00F1H         PUBLIC        P0MDIN
  D:00F2H         PUBLIC        P1MDIN
  C:373CH         PUBLIC        USB_MfrStr
  D:00F4H         PUBLIC        P3MDIN
  C:3738H         PUBLIC        USB_VID
  D:00F8H         PUBLIC        SPI0CN
  X:0004H         PUBLIC        pic
  C:33E9H         PUBLIC        Devices_Init
  C:008EH         PUBLIC        ConnToUSB
  D:00A9H         PUBLIC        CLKSEL
  D:00B2H         PUBLIC        OSCICN
  C:3771H         PUBLIC        USB_PwAttributes
  C:3A63H         PUBLIC        WaitKey
  C:3774H         SYMBOL        _?ix1000
  B:00B0H.0       PUBLIC        CS0
  X:0005H         PUBLIC        bf
  C:3772H         PUBLIC        USB_bcdDevice
  D:00B9H         PUBLIC        CLKMUL
  X:0007H         PUBLIC        f_debug
  X:0008H         PUBLIC        sd
  X:02D4H         PUBLIC        Packet
  C:37BCH         PUBLIC        MCU_Init
  B:0080H.7       PUBLIC        DIR
  D:00EFH         PUBLIC        RSTSRC
  X:000CH         PUBLIC        f_read
  C:3766H         PUBLIC        USB_SerialStr
  X:000DH         PUBLIC        f_other
  C:3756H         PUBLIC        USB_ProductStr
BL51 BANKED LINKER/LOCATER V6.22                                                      03/08/2022  21:27:15  PAGE 9


  X:000EH         PUBLIC        f_para
  D:00A1H         PUBLIC        SPI0CFG
  C:3994H         PUBLIC        _Delay
  B:00B0H.7       PUBLIC        KEY_Stop
  X:000FH         PUBLIC        f_init
  -------         PROC          MAIN
  C:38B7H         LINE#         40
  C:38B7H         LINE#         41
  C:38B7H         LINE#         46
  C:38BAH         LINE#         53
  C:38BDH         LINE#         54
  C:38BDH         LINE#         72
  C:38C6H         LINE#         78
  C:38CFH         LINE#         79
  C:38D8H         LINE#         85
  C:38DBH         LINE#         87
  C:38DDH         LINE#         89
  -------         ENDPROC       MAIN
  -------         PROC          _DELAY
  D:0006H         SYMBOL        dly
  -------         DO            
  D:0004H         SYMBOL        i
  D:0002H         SYMBOL        j
  -------         ENDDO         
  C:3994H         LINE#         91
  C:3994H         LINE#         92
  C:3994H         LINE#         95
  C:399EH         LINE#         96
  C:39B2H         LINE#         97
  -------         ENDPROC       _DELAY
  C:367EH         SYMBOL        L?0133
  -------         PROC          L?0132
  -------         ENDPROC       L?0132
  C:367EH         SYMBOL        L?0133
  -------         PROC          _STOPDELAY
  X:0059H         SYMBOL        sdly
  -------         DO            
  D:0006H         SYMBOL        i
  D:0004H         SYMBOL        j
  X:005BH         SYMBOL        k
  -------         ENDDO         
  C:3682H         LINE#         99
  C:3689H         LINE#         100
  C:3689H         LINE#         102
  C:368EH         LINE#         103
  C:368EH         LINE#         104
  C:3691H         LINE#         105
  C:3691H         LINE#         106
  C:369EH         LINE#         107
  C:36B2H         LINE#         108
  C:36B2H         LINE#         110
  C:36B2H         LINE#         111
  C:36BCH         LINE#         112
  C:36BCH         LINE#         113
  C:36D2H         LINE#         114
  -------         ENDPROC       _STOPDELAY
  -------         PROC          WAITKEY
BL51 BANKED LINKER/LOCATER V6.22                                                      03/08/2022  21:27:15  PAGE 10


  C:3A63H         LINE#         144
  C:3A63H         LINE#         145
  C:3A63H         LINE#         147
  C:3A66H         LINE#         148
  C:3A66H         LINE#         150
  C:3A69H         LINE#         152
  C:3A6BH         LINE#         153
  C:3A72H         LINE#         154
  C:3A75H         LINE#         156
  -------         ENDPROC       WAITKEY
  -------         PROC          CONNTOUSB
  -------         DO            
  X:005DH         SYMBOL        i
  X:027CH         SYMBOL        reg_data
  X:0294H         SYMBOL        para_data
  D:0007H         SYMBOL        dat
  X:005EH         SYMBOL        reg_index
  X:0060H         SYMBOL        data_num
  X:0061H         SYMBOL        st
  -------         ENDDO         
  C:008EH         LINE#         162
  C:008EH         LINE#         163
  C:008EH         LINE#         170
  C:00A1H         LINE#         172
  C:00A9H         LINE#         173
  C:00A9H         LINE#         174
  C:00B7H         LINE#         175
  C:00B7H         LINE#         176
  C:00C8H         LINE#         177
  C:00C8H         LINE#         178
  C:00EEH         LINE#         179
  C:00F0H         LINE#         180
  C:0104H         LINE#         181
  C:0104H         LINE#         182
  C:012AH         LINE#         184
  C:012AH         LINE#         185
  C:012AH         LINE#         186
  C:012AH         LINE#         188
  C:012AH         LINE#         189
  C:0132H         LINE#         190
  C:013CH         LINE#         191
  C:0146H         LINE#         193
  C:0162H         LINE#         195
  C:016CH         LINE#         196
  C:016CH         LINE#         197
  C:017DH         LINE#         198
  C:017DH         LINE#         199
  C:018EH         LINE#         200
  C:018EH         LINE#         201
  C:01E1H         LINE#         202
  C:01E3H         LINE#         203
  C:01F9H         LINE#         204
  C:01F9H         LINE#         205
  C:024BH         LINE#         206
  C:024BH         LINE#         207
  C:024BH         LINE#         208
  C:024BH         LINE#         210
BL51 BANKED LINKER/LOCATER V6.22                                                      03/08/2022  21:27:15  PAGE 11


  C:024BH         LINE#         211
  C:0253H         LINE#         212
  C:0253H         LINE#         213
  C:025DH         LINE#         214
  C:0267H         LINE#         216
  C:026BH         LINE#         217
  C:026EH         LINE#         221
  C:0276H         LINE#         222
  C:0276H         LINE#         223
  C:0285H         LINE#         224
  C:0285H         LINE#         225
  C:0287H         LINE#         227
  C:0289H         LINE#         228
  C:02A5H         LINE#         229
  C:02A7H         LINE#         231
  C:02D0H         LINE#         232
  C:02F4H         LINE#         233
  C:02FEH         LINE#         234
  C:02FEH         LINE#         235
  C:0306H         LINE#         236
  C:030DH         LINE#         237
  C:0318H         LINE#         238
  C:031EH         LINE#         239
  C:031EH         LINE#         240
  C:0327H         LINE#         242
  C:032BH         LINE#         243
  C:0337H         LINE#         244
  C:033AH         LINE#         247
  C:0342H         LINE#         248
  C:0342H         LINE#         249
  C:034BH         LINE#         250
  C:034BH         LINE#         251
  C:035BH         LINE#         252
  C:035BH         LINE#         253
  C:035DH         LINE#         255
  C:035FH         LINE#         256
  C:037BH         LINE#         257
  C:037DH         LINE#         259
  C:03A6H         LINE#         260
  C:03CAH         LINE#         262
  C:03D4H         LINE#         263
  C:03D4H         LINE#         264
  C:03DCH         LINE#         265
  C:03E3H         LINE#         266
  C:03EEH         LINE#         267
  C:03F4H         LINE#         268
  C:03F4H         LINE#         270
  C:03FDH         LINE#         276
  C:03FDH         LINE#         277
  C:040AH         LINE#         278
  C:040AH         LINE#         279
  C:040CH         LINE#         281
  C:040EH         LINE#         282
  C:042AH         LINE#         283
  C:042CH         LINE#         285
  C:0434H         LINE#         286
  C:0438H         LINE#         287
BL51 BANKED LINKER/LOCATER V6.22                                                      03/08/2022  21:27:15  PAGE 12


  C:0444H         LINE#         288
  C:0444H         LINE#         289
  C:0447H         LINE#         292
  C:044FH         LINE#         293
  C:044FH         LINE#         294
  C:0460H         LINE#         295
  C:0460H         LINE#         296
  C:046DH         LINE#         297
  C:046DH         LINE#         298
  C:048BH         LINE#         299
  C:048DH         LINE#         300
  C:049DH         LINE#         301
  C:049DH         LINE#         302
  C:04BBH         LINE#         303
  C:04BDH         LINE#         304
  C:04CEH         LINE#         305
  C:04CEH         LINE#         306
  C:04D8H         LINE#         307
  C:04E2H         LINE#         308
  C:04E2H         LINE#         309
  C:04E2H         LINE#         310
  C:04E2H         LINE#         312
  C:04E2H         LINE#         313
  C:04EBH         LINE#         314
  C:04EFH         LINE#         315
  C:04FBH         LINE#         316
  C:04FEH         LINE#         319
  C:0506H         LINE#         320
  C:0506H         LINE#         321
  C:0513H         LINE#         322
  C:0524H         LINE#         324
  C:052DH         LINE#         325
  C:053CH         LINE#         327
  C:0544H         LINE#         328
  C:0544H         LINE#         329
  C:054DH         LINE#         330
  C:055CH         LINE#         331
  C:055CH         LINE#         332
  C:055FH         LINE#         333
  C:056EH         LINE#         334
  C:057AH         LINE#         335
  C:0580H         LINE#         336
  C:0580H         LINE#         338
  C:0584H         LINE#         339
  C:0593H         LINE#         341
  C:059AH         LINE#         342
  C:05B6H         LINE#         343
  C:05C0H         LINE#         344
  C:05C0H         LINE#         345
  C:05E6H         LINE#         346
  C:05F9H         LINE#         347
  C:05F9H         LINE#         348
  C:064BH         LINE#         349
  C:0653H         LINE#         350
  C:0653H         LINE#         351
  C:0653H         LINE#         354
  C:0658H         LINE#         355
BL51 BANKED LINKER/LOCATER V6.22                                                      03/08/2022  21:27:15  PAGE 13


  C:0658H         LINE#         356
  C:0665H         LINE#         357
  C:0676H         LINE#         359
  C:067CH         LINE#         360
  C:0680H         LINE#         361
  C:0683H         LINE#         362
  C:0687H         LINE#         364
  C:068BH         LINE#         365
  C:0697H         LINE#         366
  C:0699H         LINE#         367
  -------         ENDPROC       CONNTOUSB
  -------         PROC          MCU_INIT
  -------         DO            
  D:0007H         SYMBOL        n
  -------         ENDDO         
  C:37BCH         LINE#         370
  C:37BCH         LINE#         371
  C:37BCH         LINE#         373
  C:37BFH         LINE#         376
  C:37C2H         LINE#         377
  C:37C5H         LINE#         379
  C:37C8H         LINE#         381
  C:37CEH         LINE#         383
  C:37D1H         LINE#         384
  C:37D6H         LINE#         385
  C:37D9H         LINE#         387
  C:37DCH         LINE#         390
  C:37DFH         LINE#         391
  C:37E2H         LINE#         393
  C:37E5H         LINE#         394
  C:37E8H         LINE#         396
  C:37EBH         LINE#         397
  C:37EEH         LINE#         399
  C:37F1H         LINE#         400
  C:37F4H         LINE#         401
  C:37F6H         LINE#         402
  C:37F8H         LINE#         404
  C:37FBH         LINE#         405
  C:37FEH         LINE#         407
  -------         ENDPROC       MCU_INIT
  -------         PROC          DEVICES_INIT
  C:33E9H         LINE#         409
  C:33E9H         LINE#         410
  C:33E9H         LINE#         412
  C:33ECH         LINE#         415
  C:33EFH         LINE#         416
  C:3449H         LINE#         417
  C:344CH         LINE#         420
  C:344FH         LINE#         421
  C:3452H         LINE#         429
  -------         ENDPROC       DEVICES_INIT
  -------         PROC          SUSPEND_DEVICE
  C:003DH         LINE#         433
  C:003DH         LINE#         434
  C:003DH         LINE#         435
  -------         ENDPROC       SUSPEND_DEVICE
  -------         PROC          USB_API_TEST_ISR
BL51 BANKED LINKER/LOCATER V6.22                                                      03/08/2022  21:27:15  PAGE 14


  -------         DO            
  X:0056H         SYMBOL        INTVAL
  -------         ENDDO         
  C:2029H         LINE#         439
  C:2046H         LINE#         441
  C:204DH         LINE#         443
  C:2053H         LINE#         444
  C:2053H         LINE#         445
  C:205EH         LINE#         447
  C:207AH         LINE#         448
  C:207AH         LINE#         449
  C:207CH         LINE#         450
  C:207EH         LINE#         451
  C:2094H         LINE#         452
  C:2094H         LINE#         453
  C:2096H         LINE#         454
  C:2098H         LINE#         455
  C:20B0H         LINE#         456
  C:20B0H         LINE#         457
  C:20B2H         LINE#         458
  C:20B4H         LINE#         459
  C:20CEH         LINE#         460
  C:20CEH         LINE#         461
  C:20D0H         LINE#         462
  C:20D2H         LINE#         463
  C:20E7H         LINE#         464
  C:20E7H         LINE#         465
  C:20E9H         LINE#         466
  C:20EBH         LINE#         468
  C:20EBH         LINE#         469
  C:20F0H         LINE#         470
  C:20F0H         LINE#         471
  C:20F0H         LINE#         473
  C:20F0H         LINE#         474
  C:20F0H         LINE#         476
  C:20F0H         LINE#         478
  C:20F6H         LINE#         479
  C:20F6H         LINE#         480
  C:20F9H         LINE#         481
  C:20F9H         LINE#         483
  C:20FFH         LINE#         484
  C:20FFH         LINE#         485
  C:2102H         LINE#         486
  C:2102H         LINE#         488
  C:2108H         LINE#         489
  C:2108H         LINE#         490
  C:2124H         LINE#         491
  C:2124H         LINE#         493
  C:212AH         LINE#         494
  C:212AH         LINE#         495
  C:212FH         LINE#         496
  C:214BH         LINE#         497
  C:214BH         LINE#         498
  -------         ENDPROC       USB_API_TEST_ISR
  -------         ENDMOD        MAIN

  -------         MODULE        MMC_SD
BL51 BANKED LINKER/LOCATER V6.22                                                      03/08/2022  21:27:15  PAGE 15


  C:0000H         SYMBOL        _ICE_DUMMY_
  D:00A2H         PUBLIC        SPI0CKR
  D:0080H         PUBLIC        P0
  D:0090H         PUBLIC        P1
  D:00B0H         PUBLIC        P3
  C:328EH         PUBLIC        _MMC_SD_SendCommand
  C:3455H         PUBLIC        _MMC_SD_ReadSingleBlock
  C:3A76H         PUBLIC        SD_Init
  C:319BH         PUBLIC        _MMC_SD_WriteSingleBlock
  B:00F8H.7       PUBLIC        SPIF
  B:00F8H.2       PUBLIC        NSSMD0
  C:2872H         PUBLIC        MMC_SD_Reset
  D:00A9H         PUBLIC        CLKSEL
  C:3AA1H         PUBLIC        SPI_ReadByte
  C:3A2FH         PUBLIC        _SPI_WriteByte
  D:00A3H         PUBLIC        SPI0DAT
  X:007CH         PUBLIC        buffer
  C:3A23H         SYMBOL        L?0062
  C:3A28H         SYMBOL        L?0063
  -------         PROC          L?0061
  -------         ENDPROC       L?0061
  C:3A23H         SYMBOL        L?0062
  C:3A28H         SYMBOL        L?0063
  -------         PROC          _SPI_WRITEBYTE
  D:0007H         SYMBOL        val
  -------         DO            
  D:0007H         SYMBOL        ret
  -------         ENDDO         
  C:3A2FH         LINE#         7
  C:3A2FH         LINE#         8
  C:3A2FH         LINE#         11
  C:3A31H         LINE#         12
  C:3A34H         LINE#         13
  C:3A36H         LINE#         14
  C:3A38H         LINE#         15
  C:3A38H         LINE#         16
  -------         ENDPROC       _SPI_WRITEBYTE
  -------         PROC          SPI_READBYTE
  -------         DO            
  D:0007H         SYMBOL        ret
  -------         ENDDO         
  C:3AA1H         LINE#         18
  C:3AA1H         LINE#         19
  C:3AA1H         LINE#         22
  C:3AA4H         LINE#         23
  C:3AA7H         LINE#         24
  C:3AA9H         LINE#         25
  C:3AABH         LINE#         26
  C:3AABH         LINE#         27
  -------         ENDPROC       SPI_READBYTE
  -------         PROC          _MMC_SD_SENDCOMMAND
  D:0006H         SYMBOL        cmd
  X:0067H         SYMBOL        arg
  -------         DO            
  D:0007H         SYMBOL        r1
  D:0003H         SYMBOL        retry
  -------         ENDDO         
BL51 BANKED LINKER/LOCATER V6.22                                                      03/08/2022  21:27:15  PAGE 16


  C:328EH         LINE#         29
  C:3290H         LINE#         30
  C:3290H         LINE#         32
  C:3292H         LINE#         34
  C:3292H         LINE#         35
  C:3292H         LINE#         36
  C:3295H         LINE#         37
  C:3295H         LINE#         38
  C:3295H         LINE#         39
  C:3298H         LINE#         41
  C:329AH         LINE#         43
  C:32A1H         LINE#         44
  C:32B6H         LINE#         45
  C:32CBH         LINE#         46
  C:32E0H         LINE#         47
  C:32EAH         LINE#         48
  C:32EFH         LINE#         50
  C:32F7H         LINE#         51
  C:3300H         LINE#         53
  C:3302H         LINE#         55
  C:3302H         LINE#         56
  -------         ENDPROC       _MMC_SD_SENDCOMMAND
  -------         PROC          MMC_SD_RESET
  -------         DO            
  D:0005H         SYMBOL        i
  D:0002H         SYMBOL        retry
  D:0006H         SYMBOL        r1
  -------         ENDDO         
  C:2872H         LINE#         58
  C:2872H         LINE#         59
  C:2872H         LINE#         62
  C:2874H         LINE#         64
  C:2875H         LINE#         65
  C:2878H         LINE#         66
  C:287BH         LINE#         68
  C:287BH         LINE#         69
  C:2887H         LINE#         70
  C:2897H         LINE#         71
  C:2898H         LINE#         72
  C:289EH         LINE#         73
  C:28A2H         LINE#         75
  C:28A4H         LINE#         77
  C:28A4H         LINE#         79
  C:28A4H         LINE#         80
  C:28B4H         LINE#         81
  C:28B5H         LINE#         82
  C:28BEH         LINE#         83
  C:28C2H         LINE#         85
  C:28C4H         LINE#         86
  C:28D4H         LINE#         87
  C:28D5H         LINE#         88
  C:28DEH         LINE#         89
  C:28E1H         LINE#         91
  C:28E4H         LINE#         92
  C:28E4H         LINE#         93
  C:28E6H         LINE#         95
  C:28E6H         LINE#         96
BL51 BANKED LINKER/LOCATER V6.22                                                      03/08/2022  21:27:15  PAGE 17


  C:28F6H         LINE#         97
  C:28F7H         LINE#         98
  C:2900H         LINE#         99
  C:2903H         LINE#         100
  C:2903H         LINE#         101
  C:2913H         LINE#         103
  C:2921H         LINE#         104
  C:2924H         LINE#         105
  C:2927H         LINE#         106
  C:2928H         LINE#         107
  -------         ENDPROC       MMC_SD_RESET
  -------         PROC          _MMC_SD_READSINGLEBLOCK
  X:0010H         SYMBOL        sector
  -------         DO            
  D:0007H         SYMBOL        r1
  D:0004H         SYMBOL        i
  D:0002H         SYMBOL        retry
  -------         ENDDO         
  C:3455H         LINE#         109
  C:345AH         LINE#         110
  C:345AH         LINE#         113
  C:345CH         LINE#         115
  C:345FH         LINE#         117
  C:345FH         LINE#         118
  C:347BH         LINE#         119
  C:347CH         LINE#         120
  C:3485H         LINE#         121
  C:3488H         LINE#         124
  C:348AH         LINE#         126
  C:3490H         LINE#         128
  C:3493H         LINE#         129
  C:3493H         LINE#         130
  C:34A2H         LINE#         131
  C:34AFH         LINE#         133
  C:34AFH         LINE#         134
  C:34B2H         LINE#         136
  C:34B4H         LINE#         137
  C:34B7H         LINE#         138
  C:34B8H         LINE#         139
  -------         ENDPROC       _MMC_SD_READSINGLEBLOCK
  -------         PROC          _MMC_SD_WRITESINGLEBLOCK
  X:0062H         SYMBOL        sector
  -------         DO            
  D:0006H         SYMBOL        r1
  D:0004H         SYMBOL        i
  D:0002H         SYMBOL        retry
  -------         ENDDO         
  C:319BH         LINE#         141
  C:31A0H         LINE#         142
  C:31A0H         LINE#         145
  C:31A2H         LINE#         147
  C:31A5H         LINE#         149
  C:31A5H         LINE#         150
  C:31C3H         LINE#         151
  C:31C4H         LINE#         152
  C:31CDH         LINE#         153
  C:31D0H         LINE#         157
BL51 BANKED LINKER/LOCATER V6.22                                                      03/08/2022  21:27:15  PAGE 18


  C:31D2H         LINE#         159
  C:31D7H         LINE#         161
  C:31DCH         LINE#         163
  C:31DEH         LINE#         164
  C:31DEH         LINE#         165
  C:31EDH         LINE#         166
  C:31FAH         LINE#         168
  C:31FAH         LINE#         169
  C:31FAH         LINE#         171
  C:31FFH         LINE#         173
  C:3206H         LINE#         174
  C:3206H         LINE#         175
  C:3208H         LINE#         176
  C:3209H         LINE#         177
  C:3209H         LINE#         179
  C:3211H         LINE#         181
  C:3213H         LINE#         182
  C:3216H         LINE#         183
  C:3217H         LINE#         184
  -------         ENDPROC       _MMC_SD_WRITESINGLEBLOCK
  -------         PROC          SD_INIT
  -------         DO            
  D:0001H         SYMBOL        n
  -------         ENDDO         
  C:3A76H         LINE#         187
  C:3A76H         LINE#         188
  C:3A76H         LINE#         189
  C:3A78H         LINE#         191
  C:3A7EH         LINE#         192
  C:3A7EH         LINE#         193
  C:3A7FH         LINE#         194
  C:3A86H         LINE#         196
  -------         ENDPROC       SD_INIT
  -------         ENDMOD        MMC_SD

  -------         MODULE        LCD
  C:0000H         SYMBOL        _ICE_DUMMY_
  D:0080H         PUBLIC        P0
  C:2B3DH         PUBLIC        DispFrame
  D:0090H         PUBLIC        P1
  C:2BE1H         PUBLIC        DispScaleVer_Green
  D:00A0H         PUBLIC        P2
  D:00B0H         PUBLIC        P3
  D:00C7H         PUBLIC        P4
  C:1BFCH         PUBLIC        DispBand
  C:39B7H         PUBLIC        _WriteData
  C:069AH         PUBLIC        ascii
  C:1412H         PUBLIC        _LCD_Read_IC_ID
  D:00A6H         PUBLIC        P2MDOUT
  C:0046H         PUBLIC        _DispColor
  C:308FH         PUBLIC        DispScaleVer_Blue
  C:2F73H         PUBLIC        _DrawGird
  C:3115H         PUBLIC        _DrawLine
  C:39EFH         PUBLIC        _WriteComm
  C:38A4H         PUBLIC        _WriteDispData
  C:2EE2H         PUBLIC        DispScaleVer_Gray
  B:00B0H.1       PUBLIC        RS
BL51 BANKED LINKER/LOCATER V6.22                                                      03/08/2022  21:27:15  PAGE 19


  B:0090H.7       PUBLIC        SPI_CLK
  C:2E51H         PUBLIC        DispScaleVer_Red
  D:00F3H         PUBLIC        P2MDIN
  C:229DH         PUBLIC        DispScaleVer
  C:34B9H         PUBLIC        _DispPic
  C:27D7H         PUBLIC        _DispOneChar
  C:3218H         PUBLIC        DispGrayHor32
  C:2D20H         PUBLIC        DispGrayHor16
  C:2929H         PUBLIC        _DispInt
  C:36D3H         PUBLIC        _PutPixel
  D:00A9H         PUBLIC        CLKSEL
  B:0090H.6       PUBLIC        RD0
  B:00B0H.0       PUBLIC        CS0
  X:0054H         PUBLIC        LCM_ID
  C:1EDBH         PUBLIC        LCD_Init
  C:2DBBH         PUBLIC        _DispStr
  B:0090H.7       PUBLIC        WR0
  C:1644H         PUBLIC        DispScaleHor1
  B:0090H.6       PUBLIC        SPI_DI
  C:3AACH         PUBLIC        _WriteOneDot
  C:1A42H         PUBLIC        DispScaleHor2
  C:25F1H         PUBLIC        _DispPicFromSD
  B:0080H.7       PUBLIC        DIR
  C:351AH         PUBLIC        _ToOrd
  B:0080H.5       PUBLIC        RST
  C:3A39H         PUBLIC        ReadData
  C:2C9BH         PUBLIC        _?BlockWrite
  -------         PROC          _LCD_READ_IC_ID
  X:0062H         SYMBOL        ID
  D:0004H         SYMBOL        Bug
  D:0003H         SYMBOL        flog
  -------         DO            
  X:0063H         SYMBOL        id
  X:0065H         SYMBOL        id1
  X:0067H         SYMBOL        temp
  D:0005H         SYMBOL        i
  D:0007H         SYMBOL        dat
  D:0001H         SYMBOL        id2
  X:0069H         SYMBOL        id3
  D:0002H         SYMBOL        id4
  -------         ENDDO         
  C:1412H         LINE#         35
  C:1416H         LINE#         36
  C:1416H         LINE#         40
  C:141EH         LINE#         41
  C:141EH         LINE#         43
  C:1420H         LINE#         44
  C:1422H         LINE#         45
  C:1424H         LINE#         47
  C:1427H         LINE#         48
  C:1429H         LINE#         49
  C:142BH         LINE#         50
  C:142DH         LINE#         53
  C:1430H         LINE#         54
  C:1433H         LINE#         55
  C:1436H         LINE#         56
  C:1438H         LINE#         57
BL51 BANKED LINKER/LOCATER V6.22                                                      03/08/2022  21:27:15  PAGE 20


  C:143AH         LINE#         58
  C:143CH         LINE#         63
  C:1446H         LINE#         65
  C:144CH         LINE#         66
  C:1454H         LINE#         68
  C:145AH         LINE#         69
  C:1460H         LINE#         70
  C:146AH         LINE#         72
  C:1470H         LINE#         73
  C:1472H         LINE#         75
  C:1478H         LINE#         77
  C:147EH         LINE#         78
  C:1488H         LINE#         80
  C:148EH         LINE#         81
  C:1493H         LINE#         83
  C:1499H         LINE#         85
  C:14A3H         LINE#         86
  C:14ADH         LINE#         88
  C:14B3H         LINE#         89
  C:14B5H         LINE#         91
  C:14C5H         LINE#         92
  C:14CFH         LINE#         94
  C:14D2H         LINE#         95
  C:14D6H         LINE#         96
  C:14D6H         LINE#         97
  C:14DFH         LINE#         98
  C:14E5H         LINE#         99
  C:14E5H         LINE#         100
  C:14EFH         LINE#         101
  C:14F1H         LINE#         102
  C:14F5H         LINE#         103
  C:14F5H         LINE#         104
  C:1504H         LINE#         105
  C:1504H         LINE#         108
  C:1504H         LINE#         109
  C:150DH         LINE#         110
  C:150DH         LINE#         112
  C:1510H         LINE#         113
  C:1514H         LINE#         114
  C:1516H         LINE#         115
  C:1518H         LINE#         116
  C:151AH         LINE#         117
  C:151AH         LINE#         118
  C:151CH         LINE#         119
  C:1524H         LINE#         120
  C:1526H         LINE#         122
  C:1528H         LINE#         123
  C:152CH         LINE#         124
  C:1531H         LINE#         125
  C:1534H         LINE#         128
  C:153EH         LINE#         129
  C:153EH         LINE#         130
  C:1540H         LINE#         131
  C:1540H         LINE#         132
  C:1542H         LINE#         133
  C:1544H         LINE#         134
  C:1546H         LINE#         135
BL51 BANKED LINKER/LOCATER V6.22                                                      03/08/2022  21:27:15  PAGE 21


  C:155DH         LINE#         136
  C:155FH         LINE#         137
  C:1561H         LINE#         138
  C:1568H         LINE#         139
  C:1572H         LINE#         140
  C:1572H         LINE#         141
  C:1574H         LINE#         142
  C:1574H         LINE#         143
  C:1576H         LINE#         144
  C:1578H         LINE#         145
  C:157AH         LINE#         146
  C:1591H         LINE#         147
  C:1593H         LINE#         148
  C:1595H         LINE#         149
  C:159AH         LINE#         150
  C:159AH         LINE#         152
  C:159CH         LINE#         153
  C:159CH         LINE#         154
  C:159EH         LINE#         155
  C:15A0H         LINE#         156
  C:15A2H         LINE#         157
  C:15B9H         LINE#         158
  C:15BBH         LINE#         159
  C:15BDH         LINE#         160
  C:15C2H         LINE#         162
  C:15C4H         LINE#         163
  C:15C4H         LINE#         164
  C:15C6H         LINE#         165
  C:15C8H         LINE#         166
  C:15CAH         LINE#         167
  C:15D4H         LINE#         168
  C:15D6H         LINE#         169
  C:15D8H         LINE#         170
  C:15DDH         LINE#         172
  C:15DFH         LINE#         173
  C:15DFH         LINE#         174
  C:15E1H         LINE#         175
  C:15E3H         LINE#         176
  C:15E5H         LINE#         177
  C:15F1H         LINE#         178
  C:15F3H         LINE#         179
  C:15F5H         LINE#         180
  C:15FAH         LINE#         181
  C:15FDH         LINE#         182
  C:15FFH         LINE#         183
  C:1601H         LINE#         184
  C:1603H         LINE#         185
  C:1605H         LINE#         186
  C:1607H         LINE#         187
  C:1609H         LINE#         189
  C:160DH         LINE#         190
  C:160DH         LINE#         191
  C:161DH         LINE#         193
  C:1628H         LINE#         194
  C:1628H         LINE#         195
  C:1628H         LINE#         197
  C:162EH         LINE#         198
BL51 BANKED LINKER/LOCATER V6.22                                                      03/08/2022  21:27:15  PAGE 22


  C:162EH         LINE#         199
  C:163AH         LINE#         200
  C:163AH         LINE#         202
  C:163AH         LINE#         203
  C:163CH         LINE#         204
  C:1643H         LINE#         205
  -------         ENDPROC       _LCD_READ_IC_ID
  -------         PROC          _WRITECOMM
  D:0004H         SYMBOL        i
  -------         DO            
  X:007AH         SYMBOL        j
  X:007BH         SYMBOL        DataH
  -------         ENDDO         
  C:39EFH         LINE#         208
  C:39F3H         LINE#         209
  C:39F3H         LINE#         211
  C:39F7H         LINE#         212
  C:39F9H         LINE#         234
  C:39F9H         LINE#         235
  C:39FBH         LINE#         236
  C:39FDH         LINE#         237
  C:39FFH         LINE#         238
  C:3A03H         LINE#         239
  C:3A05H         LINE#         240
  C:3A07H         LINE#         241
  C:3A07H         LINE#         319
  C:3A09H         LINE#         320
  -------         ENDPROC       _WRITECOMM
  -------         PROC          L?0451
  -------         ENDPROC       L?0451
  -------         PROC          _WRITEDATA
  D:0004H         SYMBOL        i
  -------         DO            
  X:007AH         SYMBOL        j
  X:007BH         SYMBOL        DataH
  -------         ENDDO         
  C:39B7H         LINE#         322
  C:39BBH         LINE#         323
  C:39BBH         LINE#         325
  C:39BFH         LINE#         326
  C:39C1H         LINE#         352
  C:39C1H         LINE#         353
  C:39C3H         LINE#         354
  C:39C5H         LINE#         355
  C:39C7H         LINE#         356
  C:39CBH         LINE#         357
  C:39CDH         LINE#         358
  C:39CFH         LINE#         359
  C:39CFH         LINE#         514
  C:39D1H         LINE#         515
  -------         ENDPROC       _WRITEDATA
  C:388FH         SYMBOL        L?0450
  -------         PROC          L?0449
  -------         ENDPROC       L?0449
  C:388FH         SYMBOL        L?0450
  -------         PROC          _WRITEDISPDATA
  D:0007H         SYMBOL        DataH
BL51 BANKED LINKER/LOCATER V6.22                                                      03/08/2022  21:27:15  PAGE 23


  D:0005H         SYMBOL        DataL
  -------         DO            
  X:007AH         SYMBOL        j
  -------         ENDDO         
  C:38A4H         LINE#         517
  C:38A4H         LINE#         518
  C:38A4H         LINE#         520
  C:38A6H         LINE#         545
  C:38A6H         LINE#         546
  C:38A8H         LINE#         547
  C:38AAH         LINE#         548
  C:38ACH         LINE#         549
  C:38B0H         LINE#         550
  C:38B2H         LINE#         551
  C:38B4H         LINE#         552
  C:38B4H         LINE#         639
  C:38B6H         LINE#         640
  -------         ENDPROC       _WRITEDISPDATA
  -------         PROC          _WRITEONEDOT
  D:0004H         SYMBOL        color
  C:3AACH         LINE#         642
  C:3AB0H         LINE#         643
  C:3AB0H         LINE#         656
  -------         ENDPROC       _WRITEONEDOT
  -------         PROC          LCD_INIT
  C:1EDBH         LINE#         665
  C:1EDBH         LINE#         666
  C:1EDBH         LINE#         667
  C:1EDEH         LINE#         670
  C:1EE0H         LINE#         671
  C:1EE7H         LINE#         673
  C:1EE9H         LINE#         674
  C:1EF0H         LINE#         676
  C:1EF2H         LINE#         677
  C:1EF9H         LINE#         5346
  C:1F00H         LINE#         5347
  C:1F05H         LINE#         5349
  C:1F0CH         LINE#         5350
  C:1F11H         LINE#         5352
  C:1F16H         LINE#         5353
  C:1F1BH         LINE#         5355
  C:1F20H         LINE#         5356
  C:1F25H         LINE#         5357
  C:1F2AH         LINE#         5358
  C:1F2FH         LINE#         5359
  C:1F34H         LINE#         5360
  C:1F39H         LINE#         5361
  C:1F3EH         LINE#         5362
  C:1F43H         LINE#         5364
  C:1F48H         LINE#         5365
  C:1F4DH         LINE#         5367
  C:1F52H         LINE#         5368
  C:1F57H         LINE#         5369
  C:1F5CH         LINE#         5370
  C:1F61H         LINE#         5371
  C:1F66H         LINE#         5372
  C:1F6BH         LINE#         5373
BL51 BANKED LINKER/LOCATER V6.22                                                      03/08/2022  21:27:15  PAGE 24


  C:1F70H         LINE#         5374
  C:1F75H         LINE#         5375
  C:1F7AH         LINE#         5376
  C:1F7FH         LINE#         5377
  C:1F84H         LINE#         5378
  C:1F89H         LINE#         5379
  C:1F8EH         LINE#         5381
  C:1F93H         LINE#         5382
  C:1F98H         LINE#         5383
  C:1F9DH         LINE#         5384
  C:1FA2H         LINE#         5385
  C:1FA7H         LINE#         5386
  C:1FACH         LINE#         5387
  C:1FB1H         LINE#         5388
  C:1FB6H         LINE#         5389
  C:1FBBH         LINE#         5390
  C:1FC0H         LINE#         5391
  C:1FC5H         LINE#         5392
  C:1FCAH         LINE#         5393
  C:1FCFH         LINE#         5394
  C:1FD4H         LINE#         5395
  C:1FD9H         LINE#         5396
  C:1FDEH         LINE#         5397
  C:1FE3H         LINE#         5398
  C:1FE8H         LINE#         5399
  C:1FEDH         LINE#         5400
  C:1FF2H         LINE#         5401
  C:1FF7H         LINE#         5402
  C:1FFCH         LINE#         5403
  C:2001H         LINE#         5404
  C:2006H         LINE#         5405
  C:200BH         LINE#         5406
  C:2010H         LINE#         5407
  C:2015H         LINE#         5408
  C:201AH         LINE#         5409
  C:201FH         LINE#         5410
  C:2024H         LINE#         5511
  -------         ENDPROC       LCD_INIT
  C:2C82H         SYMBOL        L?0443
  C:2C88H         SYMBOL        L?0444
  C:2C91H         SYMBOL        L?0445
  -------         PROC          L?0442
  -------         ENDPROC       L?0442
  C:2C82H         SYMBOL        L?0443
  C:2C88H         SYMBOL        L?0444
  C:2C91H         SYMBOL        L?0445
  -------         PROC          _?BLOCKWRITE
  p:0000H         SYMBOL        Xstart
  p:0002H         SYMBOL        Xend
  p:0004H         SYMBOL        Ystart
  p:0006H         SYMBOL        Yend
  C:2C9BH         LINE#         7673
  C:2CBCH         LINE#         7820
  C:2CC3H         LINE#         7821
  C:2CCAH         LINE#         7822
  C:2CD2H         LINE#         7823
  C:2CDDH         LINE#         7824
BL51 BANKED LINKER/LOCATER V6.22                                                      03/08/2022  21:27:15  PAGE 25


  C:2CE7H         LINE#         7826
  C:2CECH         LINE#         7827
  C:2CF6H         LINE#         7829
  C:2CFDH         LINE#         7830
  C:2D07H         LINE#         7831
  C:2D0EH         LINE#         7837
  C:2D13H         LINE#         7840
  C:2D16H         LINE#         7843
  C:2D19H         LINE#         7845
  -------         ENDPROC       _?BLOCKWRITE
  -------         PROC          _DISPCOLOR
  D:0004H         SYMBOL        color
  -------         DO            
  X:0059H         SYMBOL        i
  D:0002H         SYMBOL        m
  X:005BH         SYMBOL        DataH
  X:005CH         SYMBOL        DataL
  -------         ENDDO         
  C:0046H         LINE#         7943
  C:0048H         LINE#         7944
  C:0048H         LINE#         7947
  C:004EH         LINE#         7949
  C:0051H         LINE#         7951
  C:0053H         LINE#         7952
  C:0059H         LINE#         7953
  C:0059H         LINE#         7954
  C:005CH         LINE#         7955
  C:005CH         LINE#         7956
  C:0066H         LINE#         7957
  C:0071H         LINE#         7958
  C:0087H         LINE#         7960
  C:0089H         LINE#         7961
  -------         ENDPROC       _DISPCOLOR
  -------         PROC          DISPFRAME
  -------         DO            
  D:0002H         SYMBOL        i
  X:0059H         SYMBOL        j
  D:0001H         SYMBOL        DataH
  D:0006H         SYMBOL        DataL
  -------         ENDDO         
  C:2B3DH         LINE#         7963
  C:2B3DH         LINE#         7964
  C:2B3DH         LINE#         7967
  C:2B40H         LINE#         7969
  C:2B42H         LINE#         7972
  C:2B46H         LINE#         7973
  C:2B4CH         LINE#         7975
  C:2B4CH         LINE#         7976
  C:2B4CH         LINE#         7977
  C:2B50H         LINE#         7978
  C:2B57H         LINE#         7979
  C:2B62H         LINE#         7981
  C:2B66H         LINE#         7982
  C:2B6CH         LINE#         7984
  C:2B71H         LINE#         7985
  C:2B71H         LINE#         7986
  C:2B75H         LINE#         7987
BL51 BANKED LINKER/LOCATER V6.22                                                      03/08/2022  21:27:15  PAGE 26


  C:2B7BH         LINE#         7989
  C:2B7DH         LINE#         7990
  C:2B7DH         LINE#         7991
  C:2B80H         LINE#         7992
  C:2B85H         LINE#         7993
  C:2B90H         LINE#         7995
  C:2B94H         LINE#         7996
  C:2B9AH         LINE#         7998
  C:2BB0H         LINE#         8000
  C:2BB4H         LINE#         8001
  C:2BBAH         LINE#         8003
  C:2BBCH         LINE#         8004
  C:2BBCH         LINE#         8005
  C:2BC0H         LINE#         8006
  C:2BC7H         LINE#         8007
  C:2BD2H         LINE#         8009
  C:2BD6H         LINE#         8010
  C:2BDCH         LINE#         8012
  C:2BDEH         LINE#         8013
  C:2BE0H         LINE#         8014
  -------         ENDPROC       DISPFRAME
  -------         PROC          DISPBAND
  -------         DO            
  D:0002H         SYMBOL        i
  X:0059H         SYMBOL        j
  X:005AH         SYMBOL        k
  X:005BH         SYMBOL        m
  X:005CH         SYMBOL        n
  X:005DH         SYMBOL        x
  -------         ENDDO         
  C:1BFCH         LINE#         8016
  C:1BFCH         LINE#         8017
  C:1BFCH         LINE#         8020
  C:1C05H         LINE#         8021
  C:1C0EH         LINE#         8022
  C:1C10H         LINE#         8024
  C:1C18H         LINE#         8025
  C:1C24H         LINE#         8026
  C:1C24H         LINE#         8027
  C:1C3FH         LINE#         8028
  C:1C5AH         LINE#         8029
  C:1C86H         LINE#         8030
  C:1C8DH         LINE#         8031
  C:1C9CH         LINE#         8032
  C:1C9CH         LINE#         8033
  C:1CB7H         LINE#         8034
  C:1CD2H         LINE#         8035
  C:1CFEH         LINE#         8036
  C:1D05H         LINE#         8037
  C:1D1BH         LINE#         8038
  C:1D1BH         LINE#         8039
  C:1D36H         LINE#         8040
  C:1D51H         LINE#         8041
  C:1D7DH         LINE#         8042
  C:1D84H         LINE#         8044
  C:1D86H         LINE#         8045
  C:1D89H         LINE#         8047
BL51 BANKED LINKER/LOCATER V6.22                                                      03/08/2022  21:27:15  PAGE 27


  -------         ENDPROC       DISPBAND
  -------         PROC          _DISPPIC
  D:0006H         SYMBOL        picture
  -------         DO            
  X:0014H         SYMBOL        p
  X:0017H         SYMBOL        n
  -------         ENDDO         
  C:34B9H         LINE#         8050
  C:34B9H         LINE#         8051
  C:34B9H         LINE#         8054
  C:34C8H         LINE#         8055
  C:34C8H         LINE#         8056
  C:34C8H         LINE#         8058
  C:34D9H         LINE#         8060
  C:34ECH         LINE#         8061
  C:34ECH         LINE#         8062
  C:350CH         LINE#         8063
  C:3519H         LINE#         8065
  -------         ENDPROC       _DISPPIC
  -------         PROC          _DISPPICFROMSD
  X:0019H         SYMBOL        PicNum
  -------         DO            
  X:001AH         SYMBOL        Address_S
  X:001EH         SYMBOL        Address_E
  D:0002H         SYMBOL        i
  X:0022H         SYMBOL        k
  -------         ENDDO         
  C:25F1H         LINE#         8069
  C:25F4H         LINE#         8070
  C:25F4H         LINE#         8076
  C:25F7H         LINE#         8079
  C:25F9H         LINE#         8081
  C:25FBH         LINE#         8083
  C:2604H         LINE#         8084
  C:262FH         LINE#         8085
  C:2658H         LINE#         8086
  C:267BH         LINE#         8087
  C:267BH         LINE#         8088
  C:268BH         LINE#         8090
  C:2694H         LINE#         8091
  C:2694H         LINE#         8093
  C:26AFH         LINE#         8094
  C:26B8H         LINE#         8095
  C:26D7H         LINE#         8097
  C:26D9H         LINE#         8135
  -------         ENDPROC       _DISPPICFROMSD
  -------         PROC          DISPSCALEHOR1
  -------         DO            
  X:0026H         SYMBOL        i
  X:0028H         SYMBOL        j
  D:0002H         SYMBOL        k
  -------         ENDDO         
  C:1644H         LINE#         8140
  C:1644H         LINE#         8141
  C:1644H         LINE#         8144
  C:1647H         LINE#         8147
  C:1647H         LINE#         8148
BL51 BANKED LINKER/LOCATER V6.22                                                      03/08/2022  21:27:15  PAGE 28


  C:1647H         LINE#         8149
  C:1669H         LINE#         8150
  C:166FH         LINE#         8151
  C:166FH         LINE#         8152
  C:1675H         LINE#         8153
  C:1675H         LINE#         8154
  C:168AH         LINE#         8155
  C:16A0H         LINE#         8156
  C:16B6H         LINE#         8158
  C:16C1H         LINE#         8161
  C:16C4H         LINE#         8162
  C:16C4H         LINE#         8163
  C:16E6H         LINE#         8164
  C:16ECH         LINE#         8165
  C:16ECH         LINE#         8166
  C:16F2H         LINE#         8167
  C:16F2H         LINE#         8168
  C:171DH         LINE#         8169
  C:1733H         LINE#         8170
  C:1749H         LINE#         8171
  C:1757H         LINE#         8174
  C:175AH         LINE#         8175
  C:175AH         LINE#         8176
  C:177CH         LINE#         8177
  C:1782H         LINE#         8178
  C:1782H         LINE#         8179
  C:1788H         LINE#         8180
  C:1788H         LINE#         8181
  C:1792H         LINE#         8182
  C:17A8H         LINE#         8183
  C:17BEH         LINE#         8184
  C:17C9H         LINE#         8187
  C:17CCH         LINE#         8188
  C:17CCH         LINE#         8189
  C:17EEH         LINE#         8190
  C:17F4H         LINE#         8191
  C:17F4H         LINE#         8192
  C:17FAH         LINE#         8193
  C:17FAH         LINE#         8194
  C:182DH         LINE#         8195
  C:1843H         LINE#         8196
  C:1859H         LINE#         8197
  C:1867H         LINE#         8198
  C:1869H         LINE#         8199
  -------         ENDPROC       DISPSCALEHOR1
  -------         PROC          DISPSCALEVER
  -------         DO            
  X:002AH         SYMBOL        i
  X:002CH         SYMBOL        j
  D:0002H         SYMBOL        k
  -------         ENDDO         
  C:229DH         LINE#         8201
  C:229DH         LINE#         8202
  C:229DH         LINE#         8271
  C:22A0H         LINE#         8273
  C:22A6H         LINE#         8274
  C:22A6H         LINE#         8275
BL51 BANKED LINKER/LOCATER V6.22                                                      03/08/2022  21:27:15  PAGE 29


  C:22ACH         LINE#         8276
  C:22ACH         LINE#         8277
  C:22B2H         LINE#         8278
  C:22C8H         LINE#         8279
  C:22CFH         LINE#         8281
  C:22D2H         LINE#         8282
  C:22D2H         LINE#         8284
  C:22D8H         LINE#         8285
  C:22D8H         LINE#         8287
  C:22DEH         LINE#         8288
  C:22DEH         LINE#         8289
  C:22F0H         LINE#         8290
  C:2306H         LINE#         8292
  C:230CH         LINE#         8293
  C:230CH         LINE#         8294
  C:2334H         LINE#         8295
  C:234AH         LINE#         8297
  C:2350H         LINE#         8298
  C:2350H         LINE#         8299
  C:2357H         LINE#         8300
  C:236DH         LINE#         8302
  C:2373H         LINE#         8303
  C:2373H         LINE#         8304
  C:2387H         LINE#         8305
  C:239DH         LINE#         8307
  C:23B6H         LINE#         8309
  C:23C4H         LINE#         8311
  -------         ENDPROC       DISPSCALEVER
  -------         PROC          DISPSCALEVER_RED
  -------         DO            
  X:002EH         SYMBOL        i
  X:0030H         SYMBOL        j
  D:0002H         SYMBOL        k
  -------         ENDDO         
  C:2E51H         LINE#         8313
  C:2E51H         LINE#         8314
  C:2E51H         LINE#         8317
  C:2E54H         LINE#         8319
  C:2E56H         LINE#         8321
  C:2E58H         LINE#         8324
  C:2E5EH         LINE#         8325
  C:2E5EH         LINE#         8326
  C:2E64H         LINE#         8327
  C:2E64H         LINE#         8328
  C:2E6AH         LINE#         8329
  C:2E80H         LINE#         8330
  C:2E87H         LINE#         8332
  C:2E8AH         LINE#         8333
  C:2E8AH         LINE#         8334
  C:2E90H         LINE#         8335
  C:2E90H         LINE#         8337
  C:2E96H         LINE#         8338
  C:2E96H         LINE#         8339
  C:2EA8H         LINE#         8340
  C:2EBEH         LINE#         8341
  C:2ED4H         LINE#         8343
  C:2EDFH         LINE#         8345
BL51 BANKED LINKER/LOCATER V6.22                                                      03/08/2022  21:27:15  PAGE 30


  C:2EE1H         LINE#         8346
  -------         ENDPROC       DISPSCALEVER_RED
  -------         PROC          DISPSCALEVER_GREEN
  -------         DO            
  X:0032H         SYMBOL        i
  X:0034H         SYMBOL        j
  D:0002H         SYMBOL        k
  -------         ENDDO         
  C:2BE1H         LINE#         8348
  C:2BE1H         LINE#         8349
  C:2BE1H         LINE#         8352
  C:2BE4H         LINE#         8354
  C:2BE6H         LINE#         8355
  C:2BE8H         LINE#         8358
  C:2BEEH         LINE#         8359
  C:2BEEH         LINE#         8360
  C:2BF4H         LINE#         8361
  C:2BF4H         LINE#         8362
  C:2BFAH         LINE#         8364
  C:2C10H         LINE#         8365
  C:2C17H         LINE#         8367
  C:2C1AH         LINE#         8368
  C:2C1AH         LINE#         8369
  C:2C20H         LINE#         8370
  C:2C20H         LINE#         8372
  C:2C26H         LINE#         8373
  C:2C26H         LINE#         8375
  C:2C47H         LINE#         8376
  C:2C5DH         LINE#         8377
  C:2C73H         LINE#         8379
  C:2C7EH         LINE#         8381
  C:2C80H         LINE#         8382
  -------         ENDPROC       DISPSCALEVER_GREEN
  -------         PROC          DISPSCALEVER_BLUE
  -------         DO            
  X:0036H         SYMBOL        i
  X:0038H         SYMBOL        j
  D:0002H         SYMBOL        k
  -------         ENDDO         
  C:308FH         LINE#         8384
  C:308FH         LINE#         8385
  C:308FH         LINE#         8388
  C:3092H         LINE#         8390
  C:3094H         LINE#         8391
  C:3096H         LINE#         8394
  C:309CH         LINE#         8395
  C:309CH         LINE#         8396
  C:30A2H         LINE#         8397
  C:30A2H         LINE#         8398
  C:30A8H         LINE#         8399
  C:30BEH         LINE#         8400
  C:30C5H         LINE#         8402
  C:30C8H         LINE#         8403
  C:30C8H         LINE#         8404
  C:30CEH         LINE#         8405
  C:30CEH         LINE#         8407
  C:30D4H         LINE#         8408
BL51 BANKED LINKER/LOCATER V6.22                                                      03/08/2022  21:27:15  PAGE 31


  C:30D4H         LINE#         8409
  C:30DBH         LINE#         8410
  C:30F1H         LINE#         8411
  C:3107H         LINE#         8413
  C:3112H         LINE#         8415
  C:3114H         LINE#         8416
  -------         ENDPROC       DISPSCALEVER_BLUE
  -------         PROC          DISPSCALEVER_GRAY
  -------         DO            
  X:003AH         SYMBOL        i
  X:003CH         SYMBOL        j
  D:0002H         SYMBOL        k
  -------         ENDDO         
  C:2EE2H         LINE#         8418
  C:2EE2H         LINE#         8419
  C:2EE2H         LINE#         8422
  C:2EE5H         LINE#         8424
  C:2EE7H         LINE#         8429
  C:2EEDH         LINE#         8430
  C:2EEDH         LINE#         8431
  C:2EF3H         LINE#         8432
  C:2EF3H         LINE#         8433
  C:2EF9H         LINE#         8435
  C:2F0FH         LINE#         8436
  C:2F16H         LINE#         8438
  C:2F19H         LINE#         8439
  C:2F19H         LINE#         8440
  C:2F1FH         LINE#         8441
  C:2F1FH         LINE#         8443
  C:2F25H         LINE#         8444
  C:2F25H         LINE#         8445
  C:2F39H         LINE#         8446
  C:2F4FH         LINE#         8447
  C:2F65H         LINE#         8449
  C:2F70H         LINE#         8451
  C:2F72H         LINE#         8452
  -------         ENDPROC       DISPSCALEVER_GRAY
  -------         PROC          DISPGRAYHOR16
  -------         DO            
  X:0059H         SYMBOL        i
  D:0002H         SYMBOL        j
  X:005BH         SYMBOL        k
  -------         ENDDO         
  C:2D20H         LINE#         8454
  C:2D20H         LINE#         8455
  C:2D20H         LINE#         8458
  C:2D23H         LINE#         8460
  C:2D25H         LINE#         8461
  C:2D27H         LINE#         8463
  C:2D2DH         LINE#         8464
  C:2D2DH         LINE#         8465
  C:2D36H         LINE#         8466
  C:2D36H         LINE#         8467
  C:2D3CH         LINE#         8468
  C:2D43H         LINE#         8470
  C:2D46H         LINE#         8471
  C:2D46H         LINE#         8472
BL51 BANKED LINKER/LOCATER V6.22                                                      03/08/2022  21:27:15  PAGE 32


  C:2D4CH         LINE#         8473
  C:2D4CH         LINE#         8474
  C:2D7EH         LINE#         8475
  C:2D94H         LINE#         8476
  C:2D9FH         LINE#         8477
  C:2DB8H         LINE#         8479
  C:2DBAH         LINE#         8480
  -------         ENDPROC       DISPGRAYHOR16
  -------         PROC          DISPGRAYHOR32
  -------         DO            
  X:003EH         SYMBOL        i
  D:0002H         SYMBOL        j
  X:0040H         SYMBOL        k
  -------         ENDDO         
  C:3218H         LINE#         8482
  C:3218H         LINE#         8483
  C:3218H         LINE#         8486
  C:321BH         LINE#         8488
  C:321DH         LINE#         8490
  C:3223H         LINE#         8491
  C:3223H         LINE#         8492
  C:3226H         LINE#         8493
  C:3226H         LINE#         8494
  C:322CH         LINE#         8495
  C:3237H         LINE#         8497
  C:323AH         LINE#         8498
  C:323AH         LINE#         8499
  C:3240H         LINE#         8500
  C:3240H         LINE#         8501
  C:3254H         LINE#         8502
  C:326AH         LINE#         8503
  C:3275H         LINE#         8504
  C:328BH         LINE#         8506
  C:328DH         LINE#         8507
  -------         ENDPROC       DISPGRAYHOR32
  -------         PROC          DISPSCALEHOR2
  -------         DO            
  X:0042H         SYMBOL        j
  D:0002H         SYMBOL        k
  -------         ENDDO         
  C:1A42H         LINE#         8509
  C:1A42H         LINE#         8510
  C:1A42H         LINE#         8513
  C:1A45H         LINE#         8515
  C:1A45H         LINE#         8516
  C:1A45H         LINE#         8517
  C:1A4BH         LINE#         8518
  C:1A68H         LINE#         8519
  C:1A73H         LINE#         8520
  C:1A76H         LINE#         8521
  C:1A76H         LINE#         8522
  C:1A7CH         LINE#         8523
  C:1A99H         LINE#         8524
  C:1AA4H         LINE#         8525
  C:1AA7H         LINE#         8526
  C:1AA7H         LINE#         8527
  C:1AADH         LINE#         8528
BL51 BANKED LINKER/LOCATER V6.22                                                      03/08/2022  21:27:15  PAGE 33


  C:1ACAH         LINE#         8529
  C:1AD5H         LINE#         8530
  C:1AD8H         LINE#         8531
  C:1AD8H         LINE#         8532
  C:1ADEH         LINE#         8533
  C:1AFBH         LINE#         8534
  C:1B06H         LINE#         8535
  C:1B09H         LINE#         8536
  C:1B09H         LINE#         8537
  C:1B0FH         LINE#         8538
  C:1B2CH         LINE#         8539
  C:1B37H         LINE#         8540
  C:1B3AH         LINE#         8541
  C:1B3AH         LINE#         8542
  C:1B40H         LINE#         8543
  C:1B5DH         LINE#         8544
  C:1B68H         LINE#         8545
  C:1B6BH         LINE#         8546
  C:1B6BH         LINE#         8547
  C:1B71H         LINE#         8548
  C:1B8EH         LINE#         8549
  C:1B99H         LINE#         8550
  C:1B9CH         LINE#         8551
  C:1B9CH         LINE#         8552
  C:1BA2H         LINE#         8553
  C:1BBEH         LINE#         8554
  C:1BC9H         LINE#         8555
  C:1BD2H         LINE#         8556
  C:1BD2H         LINE#         8557
  C:1BD8H         LINE#         8558
  C:1BF4H         LINE#         8559
  C:1BFBH         LINE#         8561
  -------         ENDPROC       DISPSCALEHOR2
  -------         PROC          _TOORD
  D:0007H         SYMBOL        ch
  C:351AH         LINE#         8666
  C:351AH         LINE#         8667
  C:351AH         LINE#         8668
  C:3520H         LINE#         8669
  C:3520H         LINE#         8670
  C:3522H         LINE#         8671
  C:3524H         LINE#         8672
  C:3530H         LINE#         8673
  C:3530H         LINE#         8674
  C:3534H         LINE#         8675
  C:3536H         LINE#         8676
  C:3542H         LINE#         8677
  C:3542H         LINE#         8678
  C:3546H         LINE#         8679
  C:3548H         LINE#         8680
  C:3554H         LINE#         8681
  C:3554H         LINE#         8682
  C:3558H         LINE#         8683
  C:355AH         LINE#         8684
  C:3566H         LINE#         8685
  C:3566H         LINE#         8686
  C:356AH         LINE#         8687
BL51 BANKED LINKER/LOCATER V6.22                                                      03/08/2022  21:27:15  PAGE 34


  C:356CH         LINE#         8688
  C:3572H         LINE#         8689
  C:3572H         LINE#         8690
  C:3574H         LINE#         8691
  C:3574H         LINE#         8693
  C:3574H         LINE#         8694
  -------         ENDPROC       _TOORD
  C:27AFH         SYMBOL        L?0447
  C:27C7H         SYMBOL        L?0448
  -------         PROC          L?0446
  -------         ENDPROC       L?0446
  C:27AFH         SYMBOL        L?0447
  C:27C7H         SYMBOL        L?0448
  -------         PROC          _DISPONECHAR
  X:006DH         SYMBOL        ord
  D:0006H         SYMBOL        Xstart
  D:0002H         SYMBOL        Ystart
  X:0072H         SYMBOL        TextColor
  X:0074H         SYMBOL        BackColor
  -------         DO            
  X:0076H         SYMBOL        i
  D:0002H         SYMBOL        j
  X:0077H         SYMBOL        p
  D:0003H         SYMBOL        dat
  D:0006H         SYMBOL        index
  -------         ENDDO         
  C:27D7H         LINE#         8696
  C:27DFH         LINE#         8697
  C:27DFH         LINE#         8703
  C:27F9H         LINE#         8705
  C:27FFH         LINE#         8707
  C:2807H         LINE#         8708
  C:2809H         LINE#         8710
  C:2817H         LINE#         8712
  C:2824H         LINE#         8713
  C:282BH         LINE#         8715
  C:282FH         LINE#         8716
  C:282FH         LINE#         8717
  C:2844H         LINE#         8718
  C:2846H         LINE#         8719
  C:2846H         LINE#         8720
  C:2853H         LINE#         8721
  C:2853H         LINE#         8722
  C:2855H         LINE#         8723
  C:2857H         LINE#         8725
  C:2857H         LINE#         8726
  C:2861H         LINE#         8727
  C:2861H         LINE#         8728
  C:2866H         LINE#         8729
  C:2871H         LINE#         8730
  -------         ENDPROC       _DISPONECHAR
  -------         PROC          _DISPSTR
  X:0062H         SYMBOL        str
  X:0065H         SYMBOL        Xstart
  X:0067H         SYMBOL        Ystart
  X:0069H         SYMBOL        TextColor
  X:006BH         SYMBOL        BackColor
BL51 BANKED LINKER/LOCATER V6.22                                                      03/08/2022  21:27:15  PAGE 35


  C:2DBBH         LINE#         8732
[...]
  C:1330H         LINE#         318
  C:1330H         LINE#         319
  C:1335H         LINE#         320
  C:1338H         LINE#         321
  C:1347H         LINE#         322
  C:1347H         LINE#         323
  C:135CH         LINE#         324
  C:1361H         LINE#         325
  C:1369H         LINE#         326
  C:1373H         LINE#         327
  C:1381H         LINE#         328
  C:138FH         LINE#         329
  C:1391H         LINE#         331
  C:1391H         LINE#         332
  C:1396H         LINE#         333
  C:1399H         LINE#         334
  C:13B1H         LINE#         335
  C:13B1H         LINE#         336
  C:13CAH         LINE#         337
  C:13CFH         LINE#         338
  C:13D7H         LINE#         339
  C:13DEH         LINE#         340
  C:13E3H         LINE#         341
  C:13E3H         LINE#         342
  C:13F7H         LINE#         343
  C:13F7H         LINE#         344
  C:13FEH         LINE#         345
  C:1403H         LINE#         346
  C:1403H         LINE#         347
  C:1411H         LINE#         348
  C:1411H         LINE#         349
  -------         ENDPROC       USBXCORE_HANDLE_SETUP
BL51 BANKED LINKER/LOCATER V6.22                                                      03/08/2022  21:27:15  PAGE 43


  -------         PROC          USBXCORE_FORCE_STALL
  C:39D2H         LINE#         356
  C:39D2H         LINE#         358
  C:39DDH         LINE#         359
  C:39E8H         LINE#         360
  C:39EEH         LINE#         361
  -------         ENDPROC       USBXCORE_FORCE_STALL
  -------         PROC          USBXCORE_GET_STATUS
  C:3376H         LINE#         367
  C:3376H         LINE#         369
  C:3385H         LINE#         370
  C:3385H         LINE#         371
  C:3385H         LINE#         372
  C:3385H         LINE#         373
  C:3385H         LINE#         374
  C:3387H         LINE#         375
  C:3387H         LINE#         379
  C:3387H         LINE#         381
  C:3395H         LINE#         385
  C:3395H         LINE#         386
  C:3395H         LINE#         387
  C:3395H         LINE#         388
  C:3397H         LINE#         390
  C:3397H         LINE#         392
  C:33A5H         LINE#         396
  C:33A5H         LINE#         397
  C:33B2H         LINE#         398
  C:33B2H         LINE#         399
  C:33B4H         LINE#         401
  C:33B4H         LINE#         402
  C:33C2H         LINE#         403
  C:33CBH         LINE#         404
  C:33CBH         LINE#         405
  C:33CBH         LINE#         406
  C:33CDH         LINE#         407
  C:33CDH         LINE#         408
  C:33D0H         LINE#         409
  C:33D0H         LINE#         410
  C:33D0H         LINE#         411
  C:33D8H         LINE#         412
  C:33D8H         LINE#         413
  C:33DBH         LINE#         414
  C:33E1H         LINE#         415
  C:33E8H         LINE#         416
  C:33E8H         LINE#         417
  -------         ENDPROC       USBXCORE_GET_STATUS
  -------         PROC          USBXCORE_CLEAR_FEATURE
  C:35CFH         LINE#         423
  C:35CFH         LINE#         425
  C:35D5H         LINE#         426
  C:35D5H         LINE#         428
  C:35DCH         LINE#         429
  C:35DCH         LINE#         430
  C:35E7H         LINE#         436
  C:35F2H         LINE#         437
  C:35F7H         LINE#         438
  C:35F9H         LINE#         440
BL51 BANKED LINKER/LOCATER V6.22                                                      03/08/2022  21:27:15  PAGE 44


  C:35F9H         LINE#         442
  C:3604H         LINE#         446
  C:360FH         LINE#         447
  C:3614H         LINE#         448
  C:3614H         LINE#         449
  C:3616H         LINE#         451
  C:3616H         LINE#         452
  C:3619H         LINE#         453
  C:3619H         LINE#         454
  C:3624H         LINE#         455
  -------         ENDPROC       USBXCORE_CLEAR_FEATURE
  -------         PROC          USBXCORE_VENDOR_USB_API
  C:26DAH         LINE#         462
  C:26DAH         LINE#         464
  C:26E4H         LINE#         465
  C:26E4H         LINE#         466
  C:26EBH         LINE#         467
  C:26EBH         LINE#         468
  C:26EEH         LINE#         469
  C:26F1H         LINE#         470
  C:26F3H         LINE#         472
  C:26F3H         LINE#         473
  C:26FAH         LINE#         474
  C:26FAH         LINE#         477
  C:2705H         LINE#         482
  C:2710H         LINE#         483
  C:271BH         LINE#         485
  C:271BH         LINE#         486
  C:272EH         LINE#         487
  C:272EH         LINE#         488
  C:2732H         LINE#         489
  C:273DH         LINE#         491
  C:273DH         LINE#         492
  C:2750H         LINE#         493
  C:2750H         LINE#         494
  C:2754H         LINE#         495
  C:275FH         LINE#         497
  C:2765H         LINE#         498
  C:276DH         LINE#         499
  C:276DH         LINE#         500
  C:2770H         LINE#         501
  C:2770H         LINE#         502
  C:2770H         LINE#         503
  C:277BH         LINE#         504
  C:277BH         LINE#         505
  C:2781H         LINE#         506
  C:2788H         LINE#         507
  C:2788H         LINE#         508
  C:278CH         LINE#         509
  C:278CH         LINE#         510
  C:2792H         LINE#         511
  C:2799H         LINE#         512
  C:2799H         LINE#         513
  C:27A4H         LINE#         514
  -------         ENDPROC       USBXCORE_VENDOR_USB_API
  -------         PROC          USBXCORE_SET_FEATURE
  C:3627H         LINE#         521
BL51 BANKED LINKER/LOCATER V6.22                                                      03/08/2022  21:27:15  PAGE 45


  C:3627H         LINE#         523
  C:362DH         LINE#         524
  C:362DH         LINE#         526
  C:3634H         LINE#         527
  C:3634H         LINE#         528
  C:363FH         LINE#         534
  C:364AH         LINE#         535
  C:364DH         LINE#         536
  C:364FH         LINE#         538
  C:364FH         LINE#         540
  C:365AH         LINE#         544
  C:3665H         LINE#         545
  C:366BH         LINE#         546
  C:366BH         LINE#         548
  C:366DH         LINE#         550
  C:366DH         LINE#         551
  C:3670H         LINE#         552
  C:3670H         LINE#         553
  C:367BH         LINE#         554
  -------         ENDPROC       USBXCORE_SET_FEATURE
  -------         PROC          USBXCORE_SET_ADDRESS
  C:3974H         LINE#         561
  C:3974H         LINE#         563
  C:3983H         LINE#         564
  C:3989H         LINE#         565
  C:3989H         LINE#         566
  C:398CH         LINE#         567
  C:398EH         LINE#         569
  C:398EH         LINE#         570
  C:3991H         LINE#         571
  C:3991H         LINE#         572
  -------         ENDPROC       USBXCORE_SET_ADDRESS
  -------         PROC          USBXCORE_GET_DESCRIPTOR
  C:29DCH         LINE#         579
  C:29DCH         LINE#         580
  C:29EBH         LINE#         581
  C:29EBH         LINE#         582
  C:29EBH         LINE#         583
  C:29F9H         LINE#         584
  C:29FDH         LINE#         585
  C:29FFH         LINE#         586
  C:29FFH         LINE#         587
  C:2A0DH         LINE#         588
  C:2A20H         LINE#         589
  C:2A22H         LINE#         590
  C:2A22H         LINE#         591
  C:2A46H         LINE#         592
  C:2A52H         LINE#         593
  C:2A54H         LINE#         594
  C:2A54H         LINE#         595
  C:2A57H         LINE#         596
  C:2A57H         LINE#         597
  C:2A57H         LINE#         598
  C:2A6DH         LINE#         599
  C:2A6DH         LINE#         600
  C:2A75H         LINE#         601
  C:2A75H         LINE#         602
BL51 BANKED LINKER/LOCATER V6.22                                                      03/08/2022  21:27:15  PAGE 46


  C:2A7DH         LINE#         603
  C:2A7DH         LINE#         604
  C:2A80H         LINE#         605
  C:2A86H         LINE#         606
  C:2A8DH         LINE#         607
  C:2A8DH         LINE#         608
  -------         ENDPROC       USBXCORE_GET_DESCRIPTOR
  -------         PROC          USBXCORE_GET_CONFIGURATION
  C:3775H         LINE#         614
  C:3775H         LINE#         616
  C:377DH         LINE#         617
  C:377DH         LINE#         618
  C:3789H         LINE#         619
  C:3791H         LINE#         620
  C:3791H         LINE#         621
  C:3795H         LINE#         622
  C:3795H         LINE#         623
  C:37A3H         LINE#         624
  C:37ABH         LINE#         625
  C:37ABH         LINE#         626
  C:37AEH         LINE#         627
  C:37B4H         LINE#         628
  C:37BBH         LINE#         629
  -------         ENDPROC       USBXCORE_GET_CONFIGURATION
  -------         PROC          USBXCORE_SET_CONFIGURATION
  C:3575H         LINE#         635
  C:3575H         LINE#         637
  C:357EH         LINE#         638
  C:357EH         LINE#         639
  C:3585H         LINE#         640
  C:358BH         LINE#         641
  C:3590H         LINE#         642
  C:3592H         LINE#         644
  C:359DH         LINE#         645
  C:35A8H         LINE#         646
  C:35B3H         LINE#         653
  C:35BEH         LINE#         654
  C:35C0H         LINE#         656
  C:35C0H         LINE#         657
  C:35C6H         LINE#         658
  C:35CAH         LINE#         659
  C:35CCH         LINE#         660
  C:35CCH         LINE#         661
  -------         ENDPROC       USBXCORE_SET_CONFIGURATION
  -------         PROC          USBXCORE_GET_INTERFACE
  C:3905H         LINE#         668
  C:3905H         LINE#         670
  C:3913H         LINE#         671
  C:391BH         LINE#         672
  C:391EH         LINE#         673
  C:3924H         LINE#         674
  C:392BH         LINE#         675
  -------         ENDPROC       USBXCORE_GET_INTERFACE
  -------         PROC          USBXCORE_SET_SOP
  C:3A4FH         LINE#         682
  C:3A4FH         LINE#         684
  C:3A57H         LINE#         685
BL51 BANKED LINKER/LOCATER V6.22                                                      03/08/2022  21:27:15  PAGE 47


  C:3A57H         LINE#         686
  C:3A62H         LINE#         687
  C:3A62H         LINE#         688
  -------         ENDPROC       USBXCORE_SET_SOP
  -------         PROC          USBXCORE_USB_ISR
  C:1D8AH         LINE#         699
  C:1DA7H         LINE#         702
  C:1DADH         LINE#         703
  C:1DC0H         LINE#         706
  C:1DD3H         LINE#         709
  C:1DD7H         LINE#         710
  C:1DD7H         LINE#         711
  C:1DE2H         LINE#         712
  C:1DE2H         LINE#         714
  C:1DE9H         LINE#         715
  C:1DE9H         LINE#         716
  C:1DECH         LINE#         717
  C:1DECH         LINE#         719
  C:1DF3H         LINE#         720
  C:1DF3H         LINE#         721
  C:1E00H         LINE#         722
  C:1E00H         LINE#         723
  C:1E07H         LINE#         724
  C:1E07H         LINE#         725
  C:1E07H         LINE#         727
  C:1E07H         LINE#         728
  C:1E07H         LINE#         730
  C:1E07H         LINE#         732
  C:1E1AH         LINE#         734
  C:1E1EH         LINE#         735
  C:1E1EH         LINE#         736
  C:1E21H         LINE#         737
  C:1E21H         LINE#         740
  C:1E28H         LINE#         741
  C:1E28H         LINE#         742
  C:1E33H         LINE#         748
  C:1E46H         LINE#         749
  C:1E4BH         LINE#         750
  C:1E4BH         LINE#         751
  C:1E52H         LINE#         752
  C:1E52H         LINE#         754
  C:1E52H         LINE#         756
  C:1E65H         LINE#         759
  C:1E69H         LINE#         760
  C:1E69H         LINE#         761
  C:1E74H         LINE#         767
  C:1E87H         LINE#         768
  C:1E8BH         LINE#         769
  C:1E8BH         LINE#         770
  C:1E92H         LINE#         771
  C:1E92H         LINE#         772
  C:1E92H         LINE#         775
  C:1EA0H         LINE#         776
  C:1EA5H         LINE#         777
  C:1EABH         LINE#         778
  C:1EB0H         LINE#         781
  C:1EBDH         LINE#         782
BL51 BANKED LINKER/LOCATER V6.22                                                      03/08/2022  21:27:15  PAGE 48


  C:1EBDH         LINE#         783
  C:1EC0H         LINE#         784
  C:1EC0H         LINE#         785
  -------         ENDPROC       USBXCORE_USB_ISR
  -------         ENDMOD        USB_API

  -------         MODULE        USB_SUSPEND
  C:0000H         SYMBOL        _ICE_DUMMY_
  D:00D7H         PUBLIC        USB0XCN
  D:00C9H         PUBLIC        REG0CN
  C:3864H         PUBLIC        USB_Suspend
  D:00A9H         PUBLIC        CLKSEL
  D:00B2H         PUBLIC        OSCICN
  D:00B9H         PUBLIC        CLKMUL
  -------         PROC          USB_SUSPEND
  C:3864H         LINE#         70
  C:3864H         LINE#         72
  C:3867H         LINE#         74
  C:386AH         LINE#         76
  C:3872H         LINE#         79
  C:3875H         LINE#         80
  C:3878H         LINE#         81
  C:387BH         LINE#         82
  C:387EH         LINE#         84
  C:387FH         LINE#         86
  C:3882H         LINE#         88
  C:3888H         LINE#         92
  C:388BH         LINE#         94
  C:388EH         LINE#         95
  -------         ENDPROC       USB_SUSPEND
  -------         ENDMOD        USB_SUSPEND

  -------         MODULE        USB_INT_ENABLE
  C:0000H         SYMBOL        _ICE_DUMMY_
  C:3A0AH         PUBLIC        USB_Int_Enable
  D:0096H         PUBLIC        USB0ADR
  D:0097H         PUBLIC        USB0DAT
  -------         PROC          USB_INT_ENABLE
  C:3A0AH         LINE#         68
  C:3A0AH         LINE#         71
  C:3A11H         LINE#         73
  C:3A17H         LINE#         74
  C:3A17H         LINE#         75
  C:3A22H         LINE#         77
  C:3A22H         LINE#         78
  -------         ENDPROC       USB_INT_ENABLE
  -------         ENDMOD        USB_INT_ENABLE

  -------         MODULE        USB_CLOCK_RECOVERY
  C:0000H         SYMBOL        _ICE_DUMMY_
  C:3A95H         PUBLIC        USBXcore_ClkRec
  D:0096H         PUBLIC        USB0ADR
  D:0097H         PUBLIC        USB0DAT
  -------         PROC          USBXCORE_CLKREC
  C:3A95H         LINE#         45
  C:3A95H         LINE#         47
  C:3AA0H         LINE#         48
BL51 BANKED LINKER/LOCATER V6.22                                                      03/08/2022  21:27:15  PAGE 49


  -------         ENDPROC       USBXCORE_CLKREC
  -------         ENDMOD        USB_CLOCK_RECOVERY

  -------         MODULE        ?C?FPMUL
  C:0C9AH         PUBLIC        ?C?FPMUL
  -------         ENDMOD        ?C?FPMUL

  -------         MODULE        ?C?FCAST
  C:0DAAH         PUBLIC        ?C?FCASTC
  C:0DA5H         PUBLIC        ?C?FCASTI
  C:0DA0H         PUBLIC        ?C?FCASTL
  -------         ENDMOD        ?C?FCAST

  -------         MODULE        ?C?CASTF
  C:0DDEH         PUBLIC        ?C?CASTF
  -------         ENDMOD        ?C?CASTF

  -------         MODULE        ?C?COPY
  C:0F2FH         PUBLIC        ?C?COPY
  -------         ENDMOD        ?C?COPY

  -------         MODULE        ?C?CLDPTR
  C:0F55H         PUBLIC        ?C?CLDPTR
  -------         ENDMOD        ?C?CLDPTR

  -------         MODULE        ?C?CLDOPTR
  C:0F6EH         PUBLIC        ?C?CLDOPTR
  -------         ENDMOD        ?C?CLDOPTR

  -------         MODULE        ?C?IMUL
  C:0F9BH         PUBLIC        ?C?IMUL
  -------         ENDMOD        ?C?IMUL

  -------         MODULE        ?C?IILDX
  C:0FADH         PUBLIC        ?C?IILDX
  -------         ENDMOD        ?C?IILDX

  -------         MODULE        ?C?ILDOPTR
  C:0FC3H         PUBLIC        ?C?ILDOPTR
  -------         ENDMOD        ?C?ILDOPTR

  -------         MODULE        ?C?LMUL
  C:0FFBH         PUBLIC        ?C?LMUL
  -------         ENDMOD        ?C?LMUL

  -------         MODULE        ?C?ULDIV
  C:1086H         PUBLIC        ?C?ULDIV
  -------         ENDMOD        ?C?ULDIV

  -------         MODULE        ?C?LNEG
  C:1118H         PUBLIC        ?C?LNEG
  -------         ENDMOD        ?C?LNEG

  -------         MODULE        ?C?ULCMP
  C:1126H         PUBLIC        ?C?ULCMP
  -------         ENDMOD        ?C?ULCMP

BL51 BANKED LINKER/LOCATER V6.22                                                      03/08/2022  21:27:15  PAGE 50


  -------         MODULE        ?C?ULSHR
  C:1137H         PUBLIC        ?C?ULSHR
  -------         ENDMOD        ?C?ULSHR

  -------         MODULE        ?C?LSHL
  C:114AH         PUBLIC        ?C?LSHL
  -------         ENDMOD        ?C?LSHL

  -------         MODULE        ?C?LLDIPDATA
  C:1166H         PUBLIC        ?C?LLDIPDATA
  C:115DH         PUBLIC        ?C?LLDIPDATA1
  C:115FH         PUBLIC        ?C?LLDIPDATA8
  -------         ENDMOD        ?C?LLDIPDATA

  -------         MODULE        ?C?LSTXDATA
  C:117DH         PUBLIC        ?C?LSTXDATA
  -------         ENDMOD        ?C?LSTXDATA

  -------         MODULE        ?C?LSTPDATA
  C:1189H         PUBLIC        ?C?LSTPDATA
  -------         ENDMOD        ?C?LSTPDATA

  -------         MODULE        ?C?LSTKXDATA
  C:1195H         PUBLIC        ?C?LSTKXDATA
  -------         ENDMOD        ?C?LSTKXDATA

  -------         MODULE        ?C?LSTKPDATA
  C:11C6H         PUBLIC        ?C?LSTKPDATA
  -------         ENDMOD        ?C?LSTKPDATA

  -------         MODULE        ?C_PBP
  D:0008H         PUBLIC        ?C_PBP
  -------         ENDMOD        ?C_PBP

*** WARNING L14: INCOMPATIBLE MEMORY MODEL
    MODULE:  .\USBX_F34X.LIB (USB_API)
    MODEL:   SMALL

*** WARNING L14: INCOMPATIBLE MEMORY MODEL
    MODULE:  .\USBX_F34X.LIB (USB_SUSPEND)
    MODEL:   SMALL

*** WARNING L14: INCOMPATIBLE MEMORY MODEL
    MODULE:  .\USBX_F34X.LIB (USB_INT_ENABLE)
    MODEL:   SMALL

*** WARNING L14: INCOMPATIBLE MEMORY MODEL
    MODULE:  .\USBX_F34X.LIB (USB_CLOCK_RECOVERY)
    MODEL:   SMALL

*** WARNING L16: UNCALLED SEGMENT, IGNORED FOR OVERLAY PROCESS
    SEGMENT: ?PR?SD_INIT?MMC_SD

*** WARNING L16: UNCALLED SEGMENT, IGNORED FOR OVERLAY PROCESS
    SEGMENT: ?PR?_DISPPIC?LCD

*** WARNING L16: UNCALLED SEGMENT, IGNORED FOR OVERLAY PROCESS
BL51 BANKED LINKER/LOCATER V6.22                                                      03/08/2022  21:27:15  PAGE 51


    SEGMENT: ?PR?_DISPPICFROMSD?LCD

*** WARNING L16: UNCALLED SEGMENT, IGNORED FOR OVERLAY PROCESS
    SEGMENT: ?PR?DISPSCALEHOR1?LCD

*** WARNING L16: UNCALLED SEGMENT, IGNORED FOR OVERLAY PROCESS
    SEGMENT: ?PR?DISPSCALEVER?LCD

*** WARNING L16: UNCALLED SEGMENT, IGNORED FOR OVERLAY PROCESS
    SEGMENT: ?PR?DISPSCALEVER_RED?LCD

*** WARNING L16: UNCALLED SEGMENT, IGNORED FOR OVERLAY PROCESS
    SEGMENT: ?PR?DISPSCALEVER_GREEN?LCD

*** WARNING L16: UNCALLED SEGMENT, IGNORED FOR OVERLAY PROCESS
    SEGMENT: ?PR?DISPSCALEVER_BLUE?LCD

*** WARNING L16: UNCALLED SEGMENT, IGNORED FOR OVERLAY PROCESS
    SEGMENT: ?PR?DISPSCALEVER_GRAY?LCD

*** WARNING L16: UNCALLED SEGMENT, IGNORED FOR OVERLAY PROCESS
    SEGMENT: ?PR?DISPGRAYHOR32?LCD

*** WARNING L16: UNCALLED SEGMENT, IGNORED FOR OVERLAY PROCESS
    SEGMENT: ?PR?DISPSCALEHOR2?LCD

*** WARNING L16: UNCALLED SEGMENT, IGNORED FOR OVERLAY PROCESS
    SEGMENT: ?PR?_DRAWGIRD?LCD

*** WARNING L15: MULTIPLE CALL TO SEGMENT
    SEGMENT: ?PR?_WRITECOMM?LCD
    CALLER1: ?PR?USB_API_TEST_ISR?MAIN
    CALLER2: ?C_C51STARTUP

*** WARNING L15: MULTIPLE CALL TO SEGMENT
    SEGMENT: ?PR?_WRITEDATA?LCD
    CALLER1: ?PR?USB_API_TEST_ISR?MAIN
    CALLER2: ?C_C51STARTUP

Program Size: data=10.0 xdata=1219 code=15033
LINK/LOCATE RUN COMPLETE.  18 WARNING(S),  0 ERROR(S)
