BL51 BANKED LINKER/LOCATER V6.22                                                        11/02/2021  09:37:32  PAGE 1


BL51 BANKED LINKER/LOCATER V6.22, INVOKED BY:
D:\KEIL C51\C51\BIN\BL51.EXE main.obj, mmc_sd.obj, lcd.obj, tp.obj, .\USBX_F34X.LIB TO ST7735S_CTC144_ZT_L8 RAMSIZE (256
>> )


MEMORY MODEL: COMPACT WITH FLOATING POINT ARITHMETIC


INPUT MODULES INCLUDED:
  main.obj (MAIN)
  mmc_sd.obj (MMC_SD)
  lcd.obj (LCD)
  tp.obj (TP)
  .\USBX_F34X.LIB (USB_API)
  .\USBX_F34X.LIB (USB_CLOCK_START)
  .\USBX_F34X.LIB (USB_SUSPEND)
  .\USBX_F34X.LIB (GET_INTERRUPT_SOURCE)
  .\USBX_F34X.LIB (BLOCK_READ)
  .\USBX_F34X.LIB (BLOCK_WRITE)
  .\USBX_F34X.LIB (USB_INT_ENABLE)
  .\USBX_F34X.LIB (USB_CLOCK_RECOVERY)
  .\USBX_F34X.LIB (USB_JUMP_ISR)
  D:\KEIL C51\C51\LIB\C51FPC.LIB (?C?FPMUL)
  D:\KEIL C51\C51\LIB\C51FPC.LIB (?C?FCAST)
  D:\KEIL C51\C51\LIB\C51FPC.LIB (?C?CASTF)
  D:\KEIL C51\C51\LIB\C51FPC.LIB (?C?FPGETOPN)
  D:\KEIL C51\C51\LIB\C51C.LIB (?C_STARTUP)
  D:\KEIL C51\C51\LIB\C51C.LIB (?C?COPY)
  D:\KEIL C51\C51\LIB\C51C.LIB (?C?CLDPTR)
  D:\KEIL C51\C51\LIB\C51C.LIB (?C?CLDOPTR)
  D:\KEIL C51\C51\LIB\C51C.LIB (?C?IMUL)
  D:\KEIL C51\C51\LIB\C51C.LIB (?C?IILDX)
  D:\KEIL C51\C51\LIB\C51C.LIB (?C?ILDOPTR)
  D:\KEIL C51\C51\LIB\C51C.LIB (?C?LMUL)
  D:\KEIL C51\C51\LIB\C51C.LIB (?C?ULDIV)
  D:\KEIL C51\C51\LIB\C51C.LIB (?C?LNEG)
  D:\KEIL C51\C51\LIB\C51C.LIB (?C?ULCMP)
  D:\KEIL C51\C51\LIB\C51C.LIB (?C?ULSHR)
  D:\KEIL C51\C51\LIB\C51C.LIB (?C?LSHL)
  D:\KEIL C51\C51\LIB\C51C.LIB (?C?LLDIPDATA)
  D:\KEIL C51\C51\LIB\C51C.LIB (?C?LSTXDATA)
  D:\KEIL C51\C51\LIB\C51C.LIB (?C?LSTPDATA)
  D:\KEIL C51\C51\LIB\C51C.LIB (?C?LSTKXDATA)
  D:\KEIL C51\C51\LIB\C51C.LIB (?C?LSTKPDATA)
  D:\KEIL C51\C51\LIB\C51C.LIB (?C_PBP)
  D:\KEIL C51\C51\LIB\C51C.LIB (?C_INIT)


LINK MAP OF MODULE:  ST7735S_CTC144_ZT_L8 (MAIN)


            TYPE    BASE      LENGTH    RELOCATION   SEGMENT NAME
            -----------------------------------------------------

            * * * * * * *   D A T A   M E M O R Y   * * * * * * *
            REG     0000H     0008H     ABSOLUTE     "REG BANK 0"
            DATA    0008H     0001H     UNIT         ?C?LIB_DATA
            IDATA   0009H     0001H     UNIT         ?STACK
BL51 BANKED LINKER/LOCATER V6.22                                                      11/02/2021  09:37:32  PAGE 2



            * * * * * * *  X D A T A   M E M O R Y  * * * * * * *
            XDATA   0000H     0010H     INPAGE       ?PD?MAIN
            XDATA   0010H     0004H     INPAGE       ?PD?_MMC_SD_READSINGLEBLOCK?MMC_SD
            XDATA   0014H     0005H     INPAGE       ?PD?_DISPPIC?LCD
            XDATA   0019H     000DH     INPAGE       ?PD?_DISPPICFROMSD?LCD
            XDATA   0026H     0004H     INPAGE       ?PD?DISPSCALEHOR1?LCD
            XDATA   002AH     0004H     INPAGE       ?PD?DISPSCALEVER?LCD
            XDATA   002EH     0004H     INPAGE       ?PD?DISPSCALEVER_RED?LCD
            XDATA   0032H     0004H     INPAGE       ?PD?DISPSCALEVER_GREEN?LCD
            XDATA   0036H     0004H     INPAGE       ?PD?DISPSCALEVER_BLUE?LCD
            XDATA   003AH     0004H     INPAGE       ?PD?DISPSCALEVER_GRAY?LCD
            XDATA   003EH     0004H     INPAGE       ?PD?DISPGRAYHOR32?LCD
            XDATA   0042H     0002H     INPAGE       ?PD?DISPSCALEHOR2?LCD
            XDATA   0044H     000CH     INPAGE       ?PD?_DRAWLINE?LCD
            XDATA   0050H     0004H     INPAGE       ?PD?_DRAWGIRD?LCD
            XDATA   0054H     0002H     INPAGE       ?PD?LCD
            XDATA   0056H     0026H     INPAGE       _PDATA_GROUP_
            XDATA   007CH     0200H     UNIT         ?XD?MMC_SD
            XDATA   027CH     0058H     UNIT         _XDATA_GROUP_
            XDATA   02D4H     0040H     UNIT         ?XD?MAIN
                    0314H     032CH                  *** GAP ***
            XDATA   0640H     0100H     ABSOLUTE     
            XDATA   0740H     0012H     ABSOLUTE     
            XDATA   0752H     0020H     ABSOLUTE     
            XDATA   0772H     000CH     ABSOLUTE     
            XDATA   077EH     0008H     ABSOLUTE     
            XDATA   0786H     0001H     ABSOLUTE     
            XDATA   0787H     0003H     ABSOLUTE     
            XDATA   078AH     0002H     ABSOLUTE     
            XDATA   078CH     0002H     ABSOLUTE     
            XDATA   078EH     0003H     ABSOLUTE     
            XDATA   0791H     0001H     ABSOLUTE     
            XDATA   0792H     0001H     ABSOLUTE     
            XDATA   0793H     0001H     ABSOLUTE     
            XDATA   0794H     0001H     ABSOLUTE     
            XDATA   0795H     0002H     ABSOLUTE     
            XDATA   0797H     0002H     ABSOLUTE     
            XDATA   0799H     0001H     ABSOLUTE     
            XDATA   079AH     0001H     ABSOLUTE     
            XDATA   079BH     0001H     ABSOLUTE     
            XDATA   079CH     0001H     ABSOLUTE     
            XDATA   079DH     0001H     ABSOLUTE     
            XDATA   079EH     0001H     ABSOLUTE     
            XDATA   079FH     0002H     ABSOLUTE     
            XDATA   07A1H     0001H     ABSOLUTE     
            XDATA   07A2H     0001H     ABSOLUTE     
            XDATA   07A3H     000CH     ABSOLUTE     
                    07AFH     0011H                  *** GAP ***
            XDATA   07C0H     0040H     ABSOLUTE     

            * * * * * * *   C O D E   M E M O R Y   * * * * * * *
            CODE    0000H     0003H     ABSOLUTE     
            CODE    0003H     003AH     UNIT         ?CO?USB_API
            CODE    003DH     0003H     UNIT         ?PR?SUSPEND_DEVICE?MAIN
                    0040H     0003H                  *** GAP ***
            CODE    0043H     0003H     ABSOLUTE     
BL51 BANKED LINKER/LOCATER V6.22                                                      11/02/2021  09:37:32  PAGE 3


            CODE    0046H     0044H     UNIT         ?PR?_DISPCOLOR?LCD
                    008AH     0001H                  *** GAP ***
            CODE    008BH     0003H     ABSOLUTE     
            CODE    008EH     060BH     UNIT         ?PR?CONNTOUSB?MAIN
            CODE    0699H     0600H     UNIT         ?CO?LCD
            CODE    0C99H     0545H     UNIT         ?C?LIB_CODE
            CODE    11DEH     0233H     UNIT         ?PR?USBXCORE_HANDLE_SETUP?USB_API
            CODE    1411H     0232H     UNIT         ?PR?_LCD_READ_IC_ID?LCD
            CODE    1643H     021EH     UNIT         ?PR?DISPSCALEHOR1?LCD
            CODE    1861H     021AH     UNIT         ?PR?TP_DRAWLINE?TP
            CODE    1A7BH     01BAH     UNIT         ?PR?DISPSCALEHOR2?LCD
            CODE    1C35H     018FH     UNIT         ?PR?LCD_INIT?LCD
            CODE    1DC4H     018AH     UNIT         ?PR?DISPBAND?LCD
            CODE    1F4EH     0151H     UNIT         ?PR?USBXCORE_USB_ISR?USB_API
            CODE    209FH     0139H     UNIT         ?PR?USB_API_TEST_ISR?MAIN
            CODE    21D8H     0137H     UNIT         ?PR?_USB_INIT?USB_API
            CODE    230FH     0128H     UNIT         ?PR?DISPSCALEVER?LCD
            CODE    2437H     011BH     UNIT         ?PR?_TP_GETPOSITION?TP
            CODE    2552H     0111H     UNIT         ?PR?_BLOCK_WRITE?BLOCK_WRITE
            CODE    2663H     00E9H     UNIT         ?PR?_DISPPICFROMSD?LCD
            CODE    274CH     00CDH     UNIT         ?PR?USBXCORE_VENDOR_USB_API?USB_API
            CODE    2819H     00CBH     UNIT         ?PR?_DISPONECHAR?LCD
            CODE    28E4H     00B7H     UNIT         ?PR?MMC_SD_RESET?MMC_SD
            CODE    299BH     00B3H     UNIT         ?PR?_DISPINT?LCD
            CODE    2A4EH     00B2H     UNIT         ?PR?USBXCORE_GET_DESCRIPTOR?USB_API
            CODE    2B00H     00AFH     UNIT         ?PR?_BLOCK_READ?BLOCK_READ
            CODE    2BAFH     00A4H     UNIT         ?PR?_?BLOCKWRITE?LCD
            CODE    2C53H     00A4H     UNIT         ?PR?DISPFRAME?LCD
            CODE    2CF7H     00A0H     UNIT         ?PR?DISPSCALEVER_GREEN?LCD
            CODE    2D97H     009BH     UNIT         ?PR?DISPGRAYHOR16?LCD
            CODE    2E32H     0096H     UNIT         ?PR?_DISPSTR?LCD
            CODE    2EC8H     0091H     UNIT         ?PR?DISPSCALEVER_RED?LCD
            CODE    2F59H     0091H     UNIT         ?PR?DISPSCALEVER_GRAY?LCD
            CODE    2FEAH     008FH     UNIT         ?PR?_DRAWGIRD?LCD
            CODE    3079H     008CH     UNIT         ?C_C51STARTUP
            CODE    3105H     0086H     UNIT         ?PR?DISPSCALEVER_BLUE?LCD
            CODE    318BH     0086H     UNIT         ?PR?_DRAWLINE?LCD
            CODE    3211H     007DH     UNIT         ?PR?_MMC_SD_WRITESINGLEBLOCK?MMC_SD
            CODE    328EH     0078H     UNIT         ?PR?DISPGRAYHOR32?LCD
            CODE    3306H     0075H     UNIT         ?PR?_MMC_SD_SENDCOMMAND?MMC_SD
            CODE    337BH     0073H     UNIT         ?PR?TP_READ?TP
            CODE    33EEH     0073H     UNIT         ?PR?USBXCORE_GET_STATUS?USB_API
            CODE    3461H     006CH     UNIT         ?PR?DEVICES_INIT?MAIN
            CODE    34CDH     0064H     UNIT         ?PR?_MMC_SD_READSINGLEBLOCK?MMC_SD
            CODE    3531H     005BH     UNIT         ?PR?_TOORD?LCD
            CODE    358CH     005AH     UNIT         ?PR?USBXCORE_SET_CONFIGURATION?USB_API
            CODE    35E6H     0058H     UNIT         ?PR?USBXCORE_CLEAR_FEATURE?USB_API
            CODE    363EH     0057H     UNIT         ?PR?USBXCORE_SET_FEATURE?USB_API
            CODE    3695H     0055H     UNIT         ?PR?_STOPDELAY?MAIN
            CODE    36EAH     0052H     UNIT         ?PR?_DISPPIC?LCD
            CODE    373CH     0052H     UNIT         ?PR?_PUTPIXEL?LCD
            CODE    378EH     0050H     UNIT         ?CO?MAIN
            CODE    37DEH     0047H     UNIT         ?PR?USBXCORE_GET_CONFIGURATION?USB_API
            CODE    3825H     0043H     UNIT         ?PR?MCU_INIT?MAIN
            CODE    3868H     0038H     UNIT         ?PR?USB_CLOCK_START?USB_CLOCK_START
            CODE    38A0H     0030H     UNIT         ?PR?MAIN?MAIN
            CODE    38D0H     002DH     UNIT         ?C_INITSEG
BL51 BANKED LINKER/LOCATER V6.22                                                      11/02/2021  09:37:32  PAGE 4


            CODE    38FDH     002CH     UNIT         ?PR?_WRITEDISPDATA?LCD
            CODE    3929H     002BH     UNIT         ?PR?USB_SUSPEND?USB_SUSPEND
            CODE    3954H     0027H     UNIT         ?PR?USBXCORE_USB_RESET?USB_API
            CODE    397BH     0027H     UNIT         ?PR?USBXCORE_GET_INTERFACE?USB_API
            CODE    39A2H     0026H     UNIT         ?PR?_TP_WRITE?TP
            CODE    39C8H     0022H     UNIT         ?PR?USBXCORE_JUMP_ISR?USB_JUMP_ISR
            CODE    39EAH     0020H     UNIT         ?PR?USBXCORE_SET_ADDRESS?USB_API
            CODE    3A0AH     001FH     UNIT         ?PR?_DELAY?MAIN
            CODE    3A29H     001EH     UNIT         ?PR?_WRITEDATA?LCD
            CODE    3A47H     001DH     UNIT         ?PR?USBXCORE_FORCE_STALL?USB_API
            CODE    3A64H     0019H     UNIT         ?PR?USB_INT_ENABLE?USB_INT_ENABLE
            CODE    3A7DH     0016H     UNIT         ?PR?_SPI_WRITEBYTE?MMC_SD
            CODE    3A93H     0016H     UNIT         ?PR?READDATA?LCD
            CODE    3AA9H     0015H     UNIT         ?PR?_WRITECOMM?LCD
            CODE    3ABEH     0014H     UNIT         ?PR?USBXCORE_SET_SOP?USB_API
            CODE    3AD2H     0013H     UNIT         ?PR?WAITKEY?MAIN
            CODE    3AE5H     0011H     UNIT         ?PR?SD_INIT?MMC_SD
            CODE    3AF6H     000EH     UNIT         ?PR?GET_INTERRUPT_SOURCE?GET_INTERRUPT_SOURCE
            CODE    3B04H     000CH     UNIT         ?PR?USBXCORE_CLKREC?USB_CLOCK_RECOVERY
            CODE    3B10H     000BH     UNIT         ?PR?SPI_READBYTE?MMC_SD
            CODE    3B1BH     0009H     UNIT         ?PR?_WRITEONEDOT?LCD
            CODE    3B24H     0008H     UNIT         ?CO?TP



OVERLAY MAP OF MODULE:   ST7735S_CTC144_ZT_L8 (MAIN)


SEGMENT                                            PDATA_GROUP         XDATA_GROUP
  +--> CALLED SEGMENT                            START    LENGTH     START    LENGTH
------------------------------------------------------------------------------------
?PR?USB_API_TEST_ISR?MAIN                        0056H    0001H      -----    -----
  +--> ?PR?GET_INTERRUPT_SOURCE?GET_INTERRUP...
  +--> ?PR?_BLOCK_READ?BLOCK_READ
  +--> ?PR?SUSPEND_DEVICE?MAIN
  +--> ?PR?MCU_INIT?MAIN
  +--> ?PR?_?BLOCKWRITE?LCD

?PR?SUSPEND_DEVICE?MAIN                          -----    -----      -----    -----
  +--> ?PR?USB_SUSPEND?USB_SUSPEND

?PR?USB_SUSPEND?USB_SUSPEND                      -----    -----      -----    -----
  +--> ?PR?USB_CLOCK_START?USB_CLOCK_START

?PR?_?BLOCKWRITE?LCD                             -----    -----      -----    -----
  +--> ?PR?_WRITECOMM?LCD
  +--> ?PR?_WRITEDATA?LCD

?PR?_WRITECOMM?LCD                               007AH    0002H      -----    -----

?PR?_WRITEDATA?LCD                               007AH    0002H      -----    -----

*** NEW ROOT ***************************************************

?PR?USBXCORE_USB_ISR?USB_API                     -----    -----      -----    -----
  +--> ?PR?USBXCORE_USB_RESET?USB_API
  +--> ?PR?USBXCORE_HANDLE_SETUP?USB_API
BL51 BANKED LINKER/LOCATER V6.22                                                      11/02/2021  09:37:32  PAGE 5


  +--> ?PR?USBXCORE_JUMP_ISR?USB_JUMP_ISR

?PR?USBXCORE_HANDLE_SETUP?USB_API                -----    -----      -----    -----
  +--> ?PR?USBXCORE_GET_STATUS?USB_API
  +--> ?PR?USBXCORE_CLEAR_FEATURE?USB_API
  +--> ?PR?USBXCORE_VENDOR_USB_API?USB_API
  +--> ?PR?USBXCORE_SET_FEATURE?USB_API
  +--> ?PR?USBXCORE_SET_ADDRESS?USB_API
  +--> ?PR?USBXCORE_GET_DESCRIPTOR?USB_API
  +--> ?PR?USBXCORE_GET_CONFIGURATION?USB_API
  +--> ?PR?USBXCORE_SET_CONFIGURATION?USB_API
  +--> ?PR?USBXCORE_GET_INTERFACE?USB_API
  +--> ?PR?USBXCORE_SET_SOP?USB_API
  +--> ?PR?USBXCORE_FORCE_STALL?USB_API

?PR?USBXCORE_GET_STATUS?USB_API                  -----    -----      -----    -----
  +--> ?CO?USB_API
  +--> ?PR?USBXCORE_FORCE_STALL?USB_API
  +--> ?PR?USBXCORE_SET_SOP?USB_API

?PR?USBXCORE_CLEAR_FEATURE?USB_API               -----    -----      -----    -----
  +--> ?PR?USBXCORE_FORCE_STALL?USB_API
  +--> ?PR?USBXCORE_SET_SOP?USB_API

?PR?USBXCORE_VENDOR_USB_API?USB_API              -----    -----      -----    -----
  +--> ?PR?USBXCORE_SET_SOP?USB_API

?PR?USBXCORE_SET_FEATURE?USB_API                 -----    -----      -----    -----
  +--> ?PR?USBXCORE_FORCE_STALL?USB_API
  +--> ?PR?USBXCORE_SET_SOP?USB_API

?PR?USBXCORE_SET_ADDRESS?USB_API                 -----    -----      -----    -----
  +--> ?PR?USBXCORE_SET_SOP?USB_API

?PR?USBXCORE_GET_DESCRIPTOR?USB_API              -----    -----      -----    -----
  +--> ?PR?USBXCORE_FORCE_STALL?USB_API
  +--> ?PR?USBXCORE_SET_SOP?USB_API

?PR?USBXCORE_GET_CONFIGURATION?USB_API           -----    -----      -----    -----
  +--> ?CO?USB_API
  +--> ?PR?USBXCORE_SET_SOP?USB_API

?PR?USBXCORE_SET_CONFIGURATION?USB_API           -----    -----      -----    -----
  +--> ?PR?USBXCORE_SET_SOP?USB_API

?PR?USBXCORE_GET_INTERFACE?USB_API               -----    -----      -----    -----
  +--> ?CO?USB_API
  +--> ?PR?USBXCORE_SET_SOP?USB_API

*** NEW ROOT ***************************************************

?C_C51STARTUP                                    -----    -----      -----    -----
  +--> ?PR?MAIN?MAIN
  +--> ?C_INITSEG

?PR?MAIN?MAIN                                    -----    -----      -----    -----
  +--> ?PR?DEVICES_INIT?MAIN
BL51 BANKED LINKER/LOCATER V6.22                                                      11/02/2021  09:37:32  PAGE 6


  +--> ?PR?DISPFRAME?LCD
  +--> ?PR?_STOPDELAY?MAIN
  +--> ?PR?WAITKEY?MAIN
  +--> ?PR?DISPGRAYHOR16?LCD
  +--> ?PR?DISPBAND?LCD
  +--> ?PR?_DISPCOLOR?LCD
  +--> ?PR?TP_DRAWLINE?TP

?PR?DEVICES_INIT?MAIN                            -----    -----      -----    -----
  +--> ?PR?MCU_INIT?MAIN
  +--> ?PR?USB_CLOCK_START?USB_CLOCK_START
  +--> ?CO?MAIN
  +--> ?PR?_USB_INIT?USB_API
  +--> ?PR?USB_INT_ENABLE?USB_INT_ENABLE
  +--> ?PR?LCD_INIT?LCD

?PR?_USB_INIT?USB_API                            -----    -----      027CH    0011H
  +--> ?CO?USB_API
  +--> ?PR?USBXCORE_CLKREC?USB_CLOCK_RECOVERY

?PR?LCD_INIT?LCD                                 -----    -----      -----    -----
  +--> ?PR?READDATA?LCD
  +--> ?PR?_DELAY?MAIN
  +--> ?PR?_WRITECOMM?LCD
  +--> ?PR?_WRITEDATA?LCD

?PR?READDATA?LCD                                 -----    -----      -----    -----
  +--> ?PR?_LCD_READ_IC_ID?LCD

?PR?_LCD_READ_IC_ID?LCD                          0062H    0008H      -----    -----

?PR?DISPFRAME?LCD                                0059H    0002H      -----    -----
  +--> ?PR?_?BLOCKWRITE?LCD
  +--> ?PR?_WRITEDISPDATA?LCD

?PR?_WRITEDISPDATA?LCD                           007AH    0001H      -----    -----

?PR?_STOPDELAY?MAIN                              0059H    0004H      -----    -----
  +--> ?PR?WAITKEY?MAIN
  +--> ?PR?_DELAY?MAIN

?PR?WAITKEY?MAIN                                 -----    -----      -----    -----
  +--> ?PR?CONNTOUSB?MAIN
  +--> ?PR?_DELAY?MAIN

?PR?CONNTOUSB?MAIN                               005DH    0005H      027CH    0058H
  +--> ?CO?MAIN
  +--> ?PR?_WRITECOMM?LCD
  +--> ?PR?_WRITEDATA?LCD
  +--> ?PR?_DISPSTR?LCD
  +--> ?PR?_DISPINT?LCD
  +--> ?PR?_WRITEDISPDATA?LCD
  +--> ?PR?_MMC_SD_WRITESINGLEBLOCK?MMC_SD
  +--> ?PR?_BLOCK_WRITE?BLOCK_WRITE
  +--> ?PR?READDATA?LCD
  +--> ?PR?_DELAY?MAIN

BL51 BANKED LINKER/LOCATER V6.22                                                      11/02/2021  09:37:32  PAGE 7


?PR?_DISPSTR?LCD                                 0062H    000BH      -----    -----
  +--> ?PR?_TOORD?LCD
  +--> ?PR?_DISPONECHAR?LCD

?PR?_DISPONECHAR?LCD                             006DH    000DH      -----    -----
  +--> ?PR?_?BLOCKWRITE?LCD
  +--> ?CO?LCD
  +--> ?PR?_WRITEONEDOT?LCD

?PR?_WRITEONEDOT?LCD                             -----    -----      -----    -----
  +--> ?PR?_WRITEDISPDATA?LCD

?PR?_DISPINT?LCD                                 0062H    000AH      -----    -----
  +--> ?PR?_DISPONECHAR?LCD

?PR?_MMC_SD_WRITESINGLEBLOCK?MMC_SD              0062H    0004H      -----    -----
  +--> ?PR?_MMC_SD_SENDCOMMAND?MMC_SD
  +--> ?PR?_SPI_WRITEBYTE?MMC_SD

?PR?_MMC_SD_SENDCOMMAND?MMC_SD                   0066H    0005H      -----    -----
  +--> ?PR?_SPI_WRITEBYTE?MMC_SD

?PR?DISPGRAYHOR16?LCD                            0059H    0004H      -----    -----
  +--> ?PR?_?BLOCKWRITE?LCD
  +--> ?PR?_WRITEDISPDATA?LCD

?PR?DISPBAND?LCD                                 0059H    0005H      -----    -----
  +--> ?PR?_?BLOCKWRITE?LCD
  +--> ?PR?_WRITEDISPDATA?LCD

?PR?_DISPCOLOR?LCD                               0059H    0004H      -----    -----
  +--> ?PR?_?BLOCKWRITE?LCD
  +--> ?PR?_WRITEDISPDATA?LCD

?PR?TP_DRAWLINE?TP                               -----    -----      027CH    0018H
  +--> ?PR?_DISPCOLOR?LCD
  +--> ?CO?TP
  +--> ?PR?_DISPSTR?LCD
  +--> ?PR?_DELAY?MAIN
  +--> ?PR?_TP_GETPOSITION?TP
  +--> ?PR?_PUTPIXEL?LCD

?PR?_TP_GETPOSITION?TP                           -----    -----      0294H    001BH
  +--> ?PR?_TP_WRITE?TP
  +--> ?PR?TP_READ?TP

?PR?_TP_WRITE?TP                                 -----    -----      02AFH    0001H

?PR?TP_READ?TP                                   -----    -----      02AFH    0005H

?PR?_PUTPIXEL?LCD                                0059H    0002H      -----    -----
  +--> ?PR?_?BLOCKWRITE?LCD
  +--> ?PR?_WRITEDISPDATA?LCD



SYMBOL TABLE OF MODULE:  ST7735S_CTC144_ZT_L8 (MAIN)
BL51 BANKED LINKER/LOCATER V6.22                                                      11/02/2021  09:37:32  PAGE 8



  VALUE           TYPE          NAME
  ----------------------------------

  -------         MODULE        MAIN
  C:0000H         SYMBOL        _ICE_DUMMY_
  D:0080H         PUBLIC        P0
  X:0000H         PUBLIC        f_down
  D:0090H         PUBLIC        P1
  D:00B0H         PUBLIC        P3
  C:37D9H         PUBLIC        USB_MaxPower
  B:00B0H.6       PUBLIC        KEY_STEP
  D:00A4H         PUBLIC        P0MDOUT
  D:00A5H         PUBLIC        P1MDOUT
  D:00A6H         PUBLIC        P2MDOUT
  D:00A7H         PUBLIC        P3MDOUT
  D:00AEH         PUBLIC        P4MDOUT
  B:0080H.6       PUBLIC        OE
  D:00D9H         PUBLIC        PCA0MD
  C:209FH         PUBLIC        USB_API_TEST_ISR
  C:003DH         PUBLIC        Suspend_Device
  C:3699H         PUBLIC        _StopDelay
  D:00E1H         PUBLIC        XBR0
  D:00E2H         PUBLIC        XBR1
  B:00B0H.1       PUBLIC        RS
  C:38A0H         PUBLIC        main
  X:0001H         PUBLIC        VerifyCode0
  X:0002H         PUBLIC        VerifyCode1
  C:37A3H         PUBLIC        USB_PID
  X:0003H         PUBLIC        VerifyCode2
  D:00F1H         PUBLIC        P0MDIN
  D:00F2H         PUBLIC        P1MDIN
  C:37A5H         PUBLIC        USB_MfrStr
  D:00F4H         PUBLIC        P3MDIN
  C:37A1H         PUBLIC        USB_VID
  D:00F8H         PUBLIC        SPI0CN
  X:0004H         PUBLIC        pic
  C:3461H         PUBLIC        Devices_Init
  C:008EH         PUBLIC        ConnToUSB
  D:00A9H         PUBLIC        CLKSEL
  D:00B2H         PUBLIC        OSCICN
  C:37DAH         PUBLIC        USB_PwAttributes
  C:3AD2H         PUBLIC        WaitKey
  C:37DDH         SYMBOL        _?ix1000
  B:00B0H.0       PUBLIC        CS0
  X:0005H         PUBLIC        bf
  C:37DBH         PUBLIC        USB_bcdDevice
  D:00B9H         PUBLIC        CLKMUL
  X:0007H         PUBLIC        f_debug
  X:0008H         PUBLIC        sd
  X:02D4H         PUBLIC        Packet
  C:3825H         PUBLIC        MCU_Init
  B:0080H.7       PUBLIC        DIR
  D:00EFH         PUBLIC        RSTSRC
  X:000CH         PUBLIC        f_read
  C:37CFH         PUBLIC        USB_SerialStr
  X:000DH         PUBLIC        f_other
BL51 BANKED LINKER/LOCATER V6.22                                                      11/02/2021  09:37:32  PAGE 9


  C:37BFH         PUBLIC        USB_ProductStr
  X:000EH         PUBLIC        f_para
  D:00A1H         PUBLIC        SPI0CFG
  C:3A0AH         PUBLIC        _Delay
  B:00B0H.7       PUBLIC        KEY_Stop
  X:000FH         PUBLIC        f_init
  -------         PROC          MAIN
  C:38A0H         LINE#         40
  C:38A0H         LINE#         41
  C:38A0H         LINE#         61
  C:38A3H         LINE#         63
  C:38A6H         LINE#         64
  C:38A6H         LINE#         68
  C:38AFH         LINE#         74
  C:38B8H         LINE#         75
  C:38C1H         LINE#         76
  C:38CAH         LINE#         80
  C:38CDH         LINE#         82
  C:38CFH         LINE#         83
  -------         ENDPROC       MAIN
  -------         PROC          _DELAY
  D:0006H         SYMBOL        dly
  -------         DO            
  D:0004H         SYMBOL        i
  D:0002H         SYMBOL        j
  -------         ENDDO         
  C:3A0AH         LINE#         86
  C:3A0AH         LINE#         87
  C:3A0AH         LINE#         90
  C:3A14H         LINE#         91
  C:3A28H         LINE#         92
  -------         ENDPROC       _DELAY
  C:3695H         SYMBOL        L?0133
  -------         PROC          L?0132
  -------         ENDPROC       L?0132
  C:3695H         SYMBOL        L?0133
  -------         PROC          _STOPDELAY
  X:0059H         SYMBOL        sdly
  -------         DO            
  D:0006H         SYMBOL        i
  D:0004H         SYMBOL        j
  X:005BH         SYMBOL        k
  -------         ENDDO         
  C:3699H         LINE#         94
  C:36A0H         LINE#         95
  C:36A0H         LINE#         97
  C:36A5H         LINE#         98
  C:36A5H         LINE#         99
  C:36A8H         LINE#         100
  C:36A8H         LINE#         101
  C:36B5H         LINE#         102
  C:36C9H         LINE#         103
  C:36C9H         LINE#         105
  C:36C9H         LINE#         106
  C:36D3H         LINE#         107
  C:36D3H         LINE#         108
  C:36E9H         LINE#         109
BL51 BANKED LINKER/LOCATER V6.22                                                      11/02/2021  09:37:32  PAGE 10


  -------         ENDPROC       _STOPDELAY
  -------         PROC          WAITKEY
  C:3AD2H         LINE#         139
  C:3AD2H         LINE#         140
  C:3AD2H         LINE#         142
  C:3AD5H         LINE#         143
  C:3AD5H         LINE#         145
  C:3AD8H         LINE#         147
  C:3ADAH         LINE#         148
  C:3AE1H         LINE#         149
  C:3AE4H         LINE#         151
  -------         ENDPROC       WAITKEY
  -------         PROC          CONNTOUSB
  -------         DO            
  X:005DH         SYMBOL        i
  X:027CH         SYMBOL        reg_data
  X:0294H         SYMBOL        para_data
  D:0007H         SYMBOL        dat
  X:005EH         SYMBOL        reg_index
  X:0060H         SYMBOL        data_num
  X:0061H         SYMBOL        st
  -------         ENDDO         
  C:008EH         LINE#         157
  C:008EH         LINE#         158
  C:008EH         LINE#         165
  C:00A1H         LINE#         167
  C:00A9H         LINE#         168
  C:00A9H         LINE#         169
  C:00B7H         LINE#         170
  C:00B7H         LINE#         171
  C:00C8H         LINE#         172
  C:00C8H         LINE#         173
  C:00EEH         LINE#         174
  C:00F0H         LINE#         175
  C:0104H         LINE#         176
  C:0104H         LINE#         177
  C:012AH         LINE#         179
  C:012AH         LINE#         180
  C:012AH         LINE#         181
  C:012AH         LINE#         183
  C:012AH         LINE#         184
  C:0132H         LINE#         185
  C:013CH         LINE#         186
  C:0146H         LINE#         188
  C:0162H         LINE#         190
  C:016CH         LINE#         191
  C:016CH         LINE#         192
  C:017DH         LINE#         193
  C:017DH         LINE#         194
  C:018EH         LINE#         195
  C:018EH         LINE#         196
  C:01E1H         LINE#         197
  C:01E3H         LINE#         198
  C:01F9H         LINE#         199
  C:01F9H         LINE#         200
  C:024BH         LINE#         201
  C:024BH         LINE#         202
BL51 BANKED LINKER/LOCATER V6.22                                                      11/02/2021  09:37:32  PAGE 11


  C:024BH         LINE#         203
  C:024BH         LINE#         205
  C:024BH         LINE#         206
  C:0253H         LINE#         207
  C:0253H         LINE#         208
  C:025DH         LINE#         209
  C:0267H         LINE#         211
  C:026BH         LINE#         212
  C:026EH         LINE#         216
  C:0276H         LINE#         217
  C:0276H         LINE#         218
  C:0285H         LINE#         219
  C:0285H         LINE#         220
  C:0287H         LINE#         222
  C:0289H         LINE#         223
  C:02A5H         LINE#         224
  C:02A7H         LINE#         226
  C:02D0H         LINE#         227
  C:02F4H         LINE#         228
  C:02FEH         LINE#         229
  C:02FEH         LINE#         230
  C:0306H         LINE#         231
  C:030DH         LINE#         232
  C:0318H         LINE#         233
  C:031EH         LINE#         234
  C:031EH         LINE#         235
  C:0327H         LINE#         237
  C:032BH         LINE#         238
  C:0337H         LINE#         239
  C:033AH         LINE#         242
  C:0342H         LINE#         243
  C:0342H         LINE#         244
  C:034BH         LINE#         245
  C:034BH         LINE#         246
  C:035BH         LINE#         247
  C:035BH         LINE#         248
  C:035DH         LINE#         250
  C:035FH         LINE#         251
  C:037BH         LINE#         252
  C:037DH         LINE#         254
  C:03A6H         LINE#         255
  C:03CAH         LINE#         257
  C:03D4H         LINE#         258
  C:03D4H         LINE#         259
  C:03DCH         LINE#         260
  C:03E3H         LINE#         261
  C:03EEH         LINE#         262
  C:03F4H         LINE#         263
  C:03F4H         LINE#         265
  C:03FDH         LINE#         271
  C:03FDH         LINE#         272
  C:040AH         LINE#         273
  C:040AH         LINE#         274
  C:040CH         LINE#         276
  C:040EH         LINE#         277
  C:042AH         LINE#         278
  C:042CH         LINE#         280
BL51 BANKED LINKER/LOCATER V6.22                                                      11/02/2021  09:37:32  PAGE 12


  C:0434H         LINE#         281
  C:0438H         LINE#         282
  C:0444H         LINE#         283
  C:0444H         LINE#         284
  C:0447H         LINE#         287
  C:044FH         LINE#         288
  C:044FH         LINE#         289
  C:0460H         LINE#         290
  C:0460H         LINE#         291
  C:046DH         LINE#         292
  C:046DH         LINE#         293
  C:048BH         LINE#         294
  C:048DH         LINE#         295
  C:049DH         LINE#         296
  C:049DH         LINE#         297
  C:04BBH         LINE#         298
  C:04BDH         LINE#         299
  C:04CEH         LINE#         300
  C:04CEH         LINE#         301
  C:04D8H         LINE#         302
  C:04E2H         LINE#         303
  C:04E2H         LINE#         304
  C:04E2H         LINE#         305
  C:04E2H         LINE#         307
  C:04E2H         LINE#         308
  C:04EBH         LINE#         309
  C:04EFH         LINE#         310
  C:04FBH         LINE#         311
  C:04FEH         LINE#         314
  C:0506H         LINE#         315
  C:0506H         LINE#         316
  C:0513H         LINE#         317
  C:0524H         LINE#         319
  C:052DH         LINE#         320
  C:053CH         LINE#         322
  C:0544H         LINE#         323
  C:0544H         LINE#         324
  C:054DH         LINE#         325
  C:055CH         LINE#         326
  C:055CH         LINE#         327
  C:055FH         LINE#         328
  C:056EH         LINE#         329
  C:057AH         LINE#         330
  C:0580H         LINE#         331
  C:0580H         LINE#         333
  C:0584H         LINE#         334
  C:0593H         LINE#         336
  C:059AH         LINE#         337
  C:05B6H         LINE#         338
  C:05C0H         LINE#         339
  C:05C0H         LINE#         340
  C:05E6H         LINE#         341
  C:05F9H         LINE#         342
  C:05F9H         LINE#         343
  C:064BH         LINE#         344
  C:0653H         LINE#         345
  C:0653H         LINE#         346
BL51 BANKED LINKER/LOCATER V6.22                                                      11/02/2021  09:37:32  PAGE 13


  C:0653H         LINE#         349
  C:0658H         LINE#         350
  C:0658H         LINE#         351
  C:0665H         LINE#         352
  C:0676H         LINE#         354
  C:067BH         LINE#         355
  C:067FH         LINE#         356
  C:0682H         LINE#         357
  C:0686H         LINE#         359
  C:068AH         LINE#         360
  C:0696H         LINE#         361
  C:0698H         LINE#         362
  -------         ENDPROC       CONNTOUSB
  -------         PROC          MCU_INIT
  -------         DO            
  D:0007H         SYMBOL        n
  -------         ENDDO         
  C:3825H         LINE#         365
  C:3825H         LINE#         366
  C:3825H         LINE#         368
  C:3828H         LINE#         371
  C:382BH         LINE#         372
  C:382EH         LINE#         374
  C:3831H         LINE#         376
  C:3837H         LINE#         378
  C:383AH         LINE#         379
  C:383FH         LINE#         380
  C:3842H         LINE#         382
  C:3845H         LINE#         385
  C:3848H         LINE#         386
  C:384BH         LINE#         388
  C:384EH         LINE#         389
  C:3851H         LINE#         391
  C:3854H         LINE#         392
  C:3857H         LINE#         394
  C:385AH         LINE#         395
  C:385DH         LINE#         396
  C:385FH         LINE#         397
  C:3861H         LINE#         399
  C:3864H         LINE#         400
  C:3867H         LINE#         402
  -------         ENDPROC       MCU_INIT
  -------         PROC          DEVICES_INIT
  C:3461H         LINE#         404
  C:3461H         LINE#         405
  C:3461H         LINE#         407
  C:3464H         LINE#         410
  C:3467H         LINE#         411
  C:34C1H         LINE#         412
  C:34C4H         LINE#         415
  C:34C7H         LINE#         416
  C:34CAH         LINE#         424
  -------         ENDPROC       DEVICES_INIT
  -------         PROC          SUSPEND_DEVICE
  C:003DH         LINE#         428
  C:003DH         LINE#         429
  C:003DH         LINE#         430
BL51 BANKED LINKER/LOCATER V6.22                                                      11/02/2021  09:37:32  PAGE 14


  -------         ENDPROC       SUSPEND_DEVICE
  -------         PROC          USB_API_TEST_ISR
  -------         DO            
  X:0056H         SYMBOL        INTVAL
  -------         ENDDO         
  C:209FH         LINE#         434
  C:20BCH         LINE#         436
  C:20C3H         LINE#         438
  C:20C9H         LINE#         439
  C:20C9H         LINE#         440
  C:20D4H         LINE#         442
  C:20F0H         LINE#         443
  C:20F0H         LINE#         444
  C:20F2H         LINE#         445
  C:20F4H         LINE#         446
  C:210AH         LINE#         447
  C:210AH         LINE#         448
  C:210CH         LINE#         449
  C:210EH         LINE#         450
  C:2126H         LINE#         451
  C:2126H         LINE#         452
  C:2128H         LINE#         453
  C:212AH         LINE#         454
  C:2144H         LINE#         455
  C:2144H         LINE#         456
  C:2146H         LINE#         457
  C:2148H         LINE#         458
  C:215DH         LINE#         459
  C:215DH         LINE#         460
  C:215FH         LINE#         461
  C:2161H         LINE#         463
  C:2161H         LINE#         464
  C:2166H         LINE#         465
  C:2166H         LINE#         466
  C:2166H         LINE#         468
  C:2166H         LINE#         469
  C:2166H         LINE#         471
  C:2166H         LINE#         473
  C:216CH         LINE#         474
  C:216CH         LINE#         475
  C:216FH         LINE#         476
  C:216FH         LINE#         478
  C:2175H         LINE#         479
  C:2175H         LINE#         480
  C:2178H         LINE#         481
  C:2178H         LINE#         483
  C:217EH         LINE#         484
  C:217EH         LINE#         485
  C:2198H         LINE#         486
  C:2198H         LINE#         488
  C:219EH         LINE#         489
  C:219EH         LINE#         490
  C:21A3H         LINE#         491
  C:21BDH         LINE#         492
  C:21BDH         LINE#         493
  -------         ENDPROC       USB_API_TEST_ISR
  -------         ENDMOD        MAIN
BL51 BANKED LINKER/LOCATER V6.22                                                      11/02/2021  09:37:32  PAGE 15



  -------         MODULE        MMC_SD
  C:0000H         SYMBOL        _ICE_DUMMY_
  D:00A2H         PUBLIC        SPI0CKR
  D:0080H         PUBLIC        P0
  D:0090H         PUBLIC        P1
  D:00B0H         PUBLIC        P3
  C:3306H         PUBLIC        _MMC_SD_SendCommand
  C:34CDH         PUBLIC        _MMC_SD_ReadSingleBlock
  C:3AE5H         PUBLIC        SD_Init
  C:3211H         PUBLIC        _MMC_SD_WriteSingleBlock
  B:00F8H.7       PUBLIC        SPIF
  B:00F8H.2       PUBLIC        NSSMD0
  C:28E4H         PUBLIC        MMC_SD_Reset
  D:00A9H         PUBLIC        CLKSEL
  C:3B10H         PUBLIC        SPI_ReadByte
  C:3A89H         PUBLIC        _SPI_WriteByte
  D:00A3H         PUBLIC        SPI0DAT
  X:007CH         PUBLIC        buffer
  C:3A7DH         SYMBOL        L?0062
  C:3A82H         SYMBOL        L?0063
  -------         PROC          L?0061
  -------         ENDPROC       L?0061
  C:3A7DH         SYMBOL        L?0062
  C:3A82H         SYMBOL        L?0063
  -------         PROC          _SPI_WRITEBYTE
  D:0007H         SYMBOL        val
  -------         DO            
  D:0007H         SYMBOL        ret
  -------         ENDDO         
  C:3A89H         LINE#         7
  C:3A89H         LINE#         8
  C:3A89H         LINE#         11
  C:3A8BH         LINE#         12
  C:3A8EH         LINE#         13
  C:3A90H         LINE#         14
  C:3A92H         LINE#         15
  C:3A92H         LINE#         16
  -------         ENDPROC       _SPI_WRITEBYTE
  -------         PROC          SPI_READBYTE
  -------         DO            
  D:0007H         SYMBOL        ret
  -------         ENDDO         
  C:3B10H         LINE#         18
  C:3B10H         LINE#         19
  C:3B10H         LINE#         22
  C:3B13H         LINE#         23
  C:3B16H         LINE#         24
  C:3B18H         LINE#         25
  C:3B1AH         LINE#         26
  C:3B1AH         LINE#         27
  -------         ENDPROC       SPI_READBYTE
  -------         PROC          _MMC_SD_SENDCOMMAND
  D:0006H         SYMBOL        cmd
  X:0067H         SYMBOL        arg
  -------         DO            
  D:0007H         SYMBOL        r1
BL51 BANKED LINKER/LOCATER V6.22                                                      11/02/2021  09:37:32  PAGE 16


  D:0003H         SYMBOL        retry
  -------         ENDDO         
  C:3306H         LINE#         29
  C:3308H         LINE#         30
  C:3308H         LINE#         32
  C:330AH         LINE#         34
  C:330AH         LINE#         35
  C:330AH         LINE#         36
  C:330DH         LINE#         37
  C:330DH         LINE#         38
  C:330DH         LINE#         39
  C:3310H         LINE#         41
  C:3312H         LINE#         43
  C:3319H         LINE#         44
  C:332EH         LINE#         45
  C:3343H         LINE#         46
  C:3358H         LINE#         47
  C:3362H         LINE#         48
  C:3367H         LINE#         50
  C:336FH         LINE#         51
  C:3378H         LINE#         53
  C:337AH         LINE#         55
  C:337AH         LINE#         56
  -------         ENDPROC       _MMC_SD_SENDCOMMAND
  -------         PROC          MMC_SD_RESET
  -------         DO            
  D:0005H         SYMBOL        i
  D:0002H         SYMBOL        retry
  D:0006H         SYMBOL        r1
  -------         ENDDO         
  C:28E4H         LINE#         58
  C:28E4H         LINE#         59
  C:28E4H         LINE#         62
  C:28E6H         LINE#         64
  C:28E7H         LINE#         65
  C:28EAH         LINE#         66
  C:28EDH         LINE#         68
  C:28EDH         LINE#         69
  C:28F9H         LINE#         70
  C:2909H         LINE#         71
  C:290AH         LINE#         72
  C:2910H         LINE#         73
  C:2914H         LINE#         75
  C:2916H         LINE#         77
  C:2916H         LINE#         79
  C:2916H         LINE#         80
  C:2926H         LINE#         81
  C:2927H         LINE#         82
  C:2930H         LINE#         83
  C:2934H         LINE#         85
  C:2936H         LINE#         86
  C:2946H         LINE#         87
  C:2947H         LINE#         88
  C:2950H         LINE#         89
  C:2953H         LINE#         91
  C:2956H         LINE#         92
  C:2956H         LINE#         93
BL51 BANKED LINKER/LOCATER V6.22                                                      11/02/2021  09:37:32  PAGE 17


  C:2958H         LINE#         95
  C:2958H         LINE#         96
  C:2968H         LINE#         97
  C:2969H         LINE#         98
  C:2972H         LINE#         99
  C:2975H         LINE#         100
  C:2975H         LINE#         101
  C:2985H         LINE#         103
  C:2993H         LINE#         104
  C:2996H         LINE#         105
  C:2999H         LINE#         106
  C:299AH         LINE#         107
  -------         ENDPROC       MMC_SD_RESET
  -------         PROC          _MMC_SD_READSINGLEBLOCK
  X:0010H         SYMBOL        sector
  -------         DO            
  D:0007H         SYMBOL        r1
  D:0004H         SYMBOL        i
  D:0002H         SYMBOL        retry
  -------         ENDDO         
  C:34CDH         LINE#         109
  C:34D2H         LINE#         110
  C:34D2H         LINE#         113
  C:34D4H         LINE#         115
  C:34D7H         LINE#         117
  C:34D7H         LINE#         118
  C:34F3H         LINE#         119
  C:34F4H         LINE#         120
  C:34FDH         LINE#         121
  C:3500H         LINE#         124
  C:3502H         LINE#         126
  C:3508H         LINE#         128
  C:350BH         LINE#         129
  C:350BH         LINE#         130
  C:351AH         LINE#         131
  C:3527H         LINE#         133
  C:3527H         LINE#         134
  C:352AH         LINE#         136
  C:352CH         LINE#         137
  C:352FH         LINE#         138
  C:3530H         LINE#         139
  -------         ENDPROC       _MMC_SD_READSINGLEBLOCK
  -------         PROC          _MMC_SD_WRITESINGLEBLOCK
  X:0062H         SYMBOL        sector
  -------         DO            
  D:0006H         SYMBOL        r1
  D:0004H         SYMBOL        i
  D:0002H         SYMBOL        retry
  -------         ENDDO         
  C:3211H         LINE#         141
  C:3216H         LINE#         142
  C:3216H         LINE#         145
  C:3218H         LINE#         147
  C:321BH         LINE#         149
  C:321BH         LINE#         150
  C:3239H         LINE#         151
  C:323AH         LINE#         152
BL51 BANKED LINKER/LOCATER V6.22                                                      11/02/2021  09:37:32  PAGE 18


  C:3243H         LINE#         153
  C:3246H         LINE#         157
  C:3248H         LINE#         159
  C:324DH         LINE#         161
  C:3252H         LINE#         163
  C:3254H         LINE#         164
  C:3254H         LINE#         165
  C:3263H         LINE#         166
  C:3270H         LINE#         168
  C:3270H         LINE#         169
  C:3270H         LINE#         171
  C:3275H         LINE#         173
  C:327CH         LINE#         174
  C:327CH         LINE#         175
  C:327EH         LINE#         176
  C:327FH         LINE#         177
  C:327FH         LINE#         179
  C:3287H         LINE#         181
  C:3289H         LINE#         182
  C:328CH         LINE#         183
  C:328DH         LINE#         184
  -------         ENDPROC       _MMC_SD_WRITESINGLEBLOCK
  -------         PROC          SD_INIT
  -------         DO            
  D:0001H         SYMBOL        n
  -------         ENDDO         
  C:3AE5H         LINE#         187
  C:3AE5H         LINE#         188
  C:3AE5H         LINE#         189
  C:3AE7H         LINE#         191
  C:3AEDH         LINE#         192
  C:3AEDH         LINE#         193
  C:3AEEH         LINE#         194
  C:3AF5H         LINE#         196
  -------         ENDPROC       SD_INIT
  -------         ENDMOD        MMC_SD

  -------         MODULE        LCD
  C:0000H         SYMBOL        _ICE_DUMMY_
  D:0080H         PUBLIC        P0
  C:2C53H         PUBLIC        DispFrame
  D:0090H         PUBLIC        P1
  C:2CF7H         PUBLIC        DispScaleVer_Green
  D:00A0H         PUBLIC        P2
  D:00B0H         PUBLIC        P3
  D:00C7H         PUBLIC        P4
  C:1DC4H         PUBLIC        DispBand
  C:3A32H         PUBLIC        _WriteData
  C:0699H         PUBLIC        ascii
  C:1411H         PUBLIC        _LCD_Read_IC_ID
  D:00A6H         PUBLIC        P2MDOUT
  C:0046H         PUBLIC        _DispColor
  C:3105H         PUBLIC        DispScaleVer_Blue
  C:2FEAH         PUBLIC        _DrawGird
  C:318BH         PUBLIC        _DrawLine
  C:3AA9H         PUBLIC        _WriteComm
  C:3912H         PUBLIC        _WriteDispData
BL51 BANKED LINKER/LOCATER V6.22                                                      11/02/2021  09:37:32  PAGE 19


  C:2F59H         PUBLIC        DispScaleVer_Gray
  B:00B0H.1       PUBLIC        RS
  B:0090H.7       PUBLIC        SPI_CLK
  C:2EC8H         PUBLIC        DispScaleVer_Red
  D:00F3H         PUBLIC        P2MDIN
  C:230FH         PUBLIC        DispScaleVer
  C:36EAH         PUBLIC        _DispPic
  C:2849H         PUBLIC        _DispOneChar
  C:328EH         PUBLIC        DispGrayHor32
  C:2D97H         PUBLIC        DispGrayHor16
  C:299BH         PUBLIC        _DispInt
  C:373CH         PUBLIC        _PutPixel
  D:00A9H         PUBLIC        CLKSEL
  B:0090H.6       PUBLIC        RD0
  B:00B0H.0       PUBLIC        CS0
  X:0054H         PUBLIC        LCM_ID
  C:1C35H         PUBLIC        LCD_Init
  C:2E32H         PUBLIC        _DispStr
  B:0090H.7       PUBLIC        WR0
  C:1643H         PUBLIC        DispScaleHor1
  B:0090H.6       PUBLIC        SPI_DI
  C:3B1BH         PUBLIC        _WriteOneDot
  C:1A7BH         PUBLIC        DispScaleHor2
  C:2663H         PUBLIC        _DispPicFromSD
  B:0080H.7       PUBLIC        DIR
  C:3531H         PUBLIC        _ToOrd
  B:0080H.5       PUBLIC        RST
  C:3A93H         PUBLIC        ReadData
  C:2BC7H         PUBLIC        _?BlockWrite
  -------         PROC          _LCD_READ_IC_ID
  X:0062H         SYMBOL        ID
  D:0004H         SYMBOL        Bug
  D:0003H         SYMBOL        flog
  -------         DO            
  X:0063H         SYMBOL        id
  X:0065H         SYMBOL        id1
  X:0067H         SYMBOL        temp
  D:0005H         SYMBOL        i
  D:0007H         SYMBOL        dat
  D:0001H         SYMBOL        id2
  X:0069H         SYMBOL        id3
  D:0002H         SYMBOL        id4
  -------         ENDDO         
  C:1411H         LINE#         35
  C:1415H         LINE#         36
  C:1415H         LINE#         40
  C:141DH         LINE#         41
  C:141DH         LINE#         43
  C:141FH         LINE#         44
  C:1421H         LINE#         45
  C:1423H         LINE#         47
  C:1426H         LINE#         48
  C:1428H         LINE#         49
  C:142AH         LINE#         50
  C:142CH         LINE#         53
  C:142FH         LINE#         54
  C:1432H         LINE#         55
BL51 BANKED LINKER/LOCATER V6.22                                                      11/02/2021  09:37:32  PAGE 20


  C:1435H         LINE#         56
  C:1437H         LINE#         57
  C:1439H         LINE#         58
  C:143BH         LINE#         63
  C:1445H         LINE#         65
  C:144BH         LINE#         66
  C:1453H         LINE#         68
  C:1459H         LINE#         69
  C:145FH         LINE#         70
  C:1469H         LINE#         72
  C:146FH         LINE#         73
  C:1471H         LINE#         75
  C:1477H         LINE#         77
  C:147DH         LINE#         78
  C:1487H         LINE#         80
  C:148DH         LINE#         81
  C:1492H         LINE#         83
  C:1498H         LINE#         85
  C:14A2H         LINE#         86
  C:14ACH         LINE#         88
  C:14B2H         LINE#         89
  C:14B4H         LINE#         91
  C:14C4H         LINE#         92
  C:14CEH         LINE#         94
  C:14D1H         LINE#         95
  C:14D5H         LINE#         96
  C:14D5H         LINE#         97
  C:14DEH         LINE#         98
  C:14E4H         LINE#         99
  C:14E4H         LINE#         100
  C:14EEH         LINE#         101
  C:14F0H         LINE#         102
  C:14F4H         LINE#         103
  C:14F4H         LINE#         104
  C:1503H         LINE#         105
  C:1503H         LINE#         108
  C:1503H         LINE#         109
  C:150CH         LINE#         110
  C:150CH         LINE#         112
  C:150FH         LINE#         113
  C:1513H         LINE#         114
  C:1515H         LINE#         115
  C:1517H         LINE#         116
  C:1519H         LINE#         117
  C:1519H         LINE#         118
  C:151BH         LINE#         119
  C:1523H         LINE#         120
  C:1525H         LINE#         122
  C:1527H         LINE#         123
  C:152BH         LINE#         124
  C:1530H         LINE#         125
  C:1533H         LINE#         128
  C:153DH         LINE#         129
  C:153DH         LINE#         130
  C:153FH         LINE#         131
  C:153FH         LINE#         132
  C:1541H         LINE#         133
BL51 BANKED LINKER/LOCATER V6.22                                                      11/02/2021  09:37:32  PAGE 21


  C:1543H         LINE#         134
  C:1545H         LINE#         135
  C:155CH         LINE#         136
  C:155EH         LINE#         137
  C:1560H         LINE#         138
  C:1567H         LINE#         139
  C:1571H         LINE#         140
  C:1571H         LINE#         141
  C:1573H         LINE#         142
  C:1573H         LINE#         143
  C:1575H         LINE#         144
  C:1577H         LINE#         145
  C:1579H         LINE#         146
  C:1590H         LINE#         147
  C:1592H         LINE#         148
  C:1594H         LINE#         149
  C:1599H         LINE#         150
  C:1599H         LINE#         152
  C:159BH         LINE#         153
  C:159BH         LINE#         154
  C:159DH         LINE#         155
  C:159FH         LINE#         156
  C:15A1H         LINE#         157
  C:15B8H         LINE#         158
  C:15BAH         LINE#         159
  C:15BCH         LINE#         160
  C:15C1H         LINE#         162
  C:15C3H         LINE#         163
  C:15C3H         LINE#         164
  C:15C5H         LINE#         165
  C:15C7H         LINE#         166
  C:15C9H         LINE#         167
  C:15D3H         LINE#         168
  C:15D5H         LINE#         169
  C:15D7H         LINE#         170
  C:15DCH         LINE#         172
  C:15DEH         LINE#         173
  C:15DEH         LINE#         174
  C:15E0H         LINE#         175
  C:15E2H         LINE#         176
  C:15E4H         LINE#         177
  C:15F0H         LINE#         178
  C:15F2H         LINE#         179
  C:15F4H         LINE#         180
  C:15F9H         LINE#         181
  C:15FCH         LINE#         182
  C:15FEH         LINE#         183
  C:1600H         LINE#         184
  C:1602H         LINE#         185
  C:1604H         LINE#         186
  C:1606H         LINE#         187
  C:1608H         LINE#         189
  C:160CH         LINE#         190
  C:160CH         LINE#         191
  C:161CH         LINE#         193
  C:1627H         LINE#         194
  C:1627H         LINE#         195
BL51 BANKED LINKER/LOCATER V6.22                                                      11/02/2021  09:37:32  PAGE 22


  C:1627H         LINE#         197
  C:162DH         LINE#         198
  C:162DH         LINE#         199
  C:1639H         LINE#         200
  C:1639H         LINE#         202
  C:1639H         LINE#         203
  C:163BH         LINE#         204
  C:1642H         LINE#         205
  -------         ENDPROC       _LCD_READ_IC_ID
  -------         PROC          _WRITECOMM
  D:0004H         SYMBOL        i
  -------         DO            
  X:007AH         SYMBOL        j
  X:007BH         SYMBOL        DataH
  -------         ENDDO         
  C:3AA9H         LINE#         208
  C:3AABH         LINE#         209
  C:3AABH         LINE#         211
  C:3AAFH         LINE#         212
  C:3AB1H         LINE#         215
  C:3AB1H         LINE#         216
  C:3AB3H         LINE#         217
  C:3AB5H         LINE#         218
  C:3AB7H         LINE#         219
  C:3AB9H         LINE#         220
  C:3ABBH         LINE#         221
  C:3ABBH         LINE#         319
  C:3ABDH         LINE#         320
  -------         ENDPROC       _WRITECOMM
  C:3A2EH         SYMBOL        L?0451
  -------         PROC          L?0450
  -------         ENDPROC       L?0450
  C:3A2EH         SYMBOL        L?0451
  -------         PROC          _WRITEDATA
  D:0004H         SYMBOL        i
  -------         DO            
  X:007AH         SYMBOL        j
  X:007BH         SYMBOL        DataH
  -------         ENDDO         
  C:3A32H         LINE#         322
  C:3A34H         LINE#         323
  C:3A34H         LINE#         325
  C:3A38H         LINE#         326
  C:3A3AH         LINE#         329
  C:3A3AH         LINE#         330
  C:3A3CH         LINE#         331
  C:3A3EH         LINE#         332
  C:3A40H         LINE#         333
  C:3A42H         LINE#         334
  C:3A44H         LINE#         335
  C:3A44H         LINE#         514
  C:3A46H         LINE#         515
  -------         ENDPROC       _WRITEDATA
  C:38FDH         SYMBOL        L?0449
  -------         PROC          L?0448
  -------         ENDPROC       L?0448
  C:38FDH         SYMBOL        L?0449
BL51 BANKED LINKER/LOCATER V6.22                                                      11/02/2021  09:37:32  PAGE 23


  -------         PROC          _WRITEDISPDATA
  D:0007H         SYMBOL        DataH
  D:0005H         SYMBOL        DataL
  -------         DO            
  X:007AH         SYMBOL        j
  -------         ENDDO         
  C:3912H         LINE#         517
  C:3912H         LINE#         518
  C:3912H         LINE#         520
  C:3914H         LINE#         523
  C:3914H         LINE#         524
  C:3916H         LINE#         525
  C:3918H         LINE#         526
  C:391AH         LINE#         527
  C:391CH         LINE#         528
  C:391EH         LINE#         529
  C:3922H         LINE#         530
  C:3924H         LINE#         531
  C:3926H         LINE#         532
  C:3926H         LINE#         639
  C:3928H         LINE#         640
  -------         ENDPROC       _WRITEDISPDATA
  -------         PROC          _WRITEONEDOT
  D:0004H         SYMBOL        color
  C:3B1BH         LINE#         642
  C:3B1FH         LINE#         643
  C:3B1FH         LINE#         656
  -------         ENDPROC       _WRITEONEDOT
  -------         PROC          LCD_INIT
  C:1C35H         LINE#         665
  C:1C35H         LINE#         666
  C:1C35H         LINE#         667
  C:1C38H         LINE#         670
  C:1C3AH         LINE#         671
  C:1C41H         LINE#         673
  C:1C43H         LINE#         674
  C:1C4AH         LINE#         676
  C:1C4CH         LINE#         677
  C:1C53H         LINE#         1926
  C:1C5AH         LINE#         1927
  C:1C5FH         LINE#         1929
  C:1C66H         LINE#         1930
  C:1C6BH         LINE#         1931
  C:1C70H         LINE#         1932
  C:1C75H         LINE#         1934
  C:1C7AH         LINE#         1935
  C:1C7FH         LINE#         1936
  C:1C84H         LINE#         1937
  C:1C89H         LINE#         1939
  C:1C8EH         LINE#         1940
  C:1C93H         LINE#         1941
  C:1C98H         LINE#         1942
  C:1C9DH         LINE#         1943
  C:1CA0H         LINE#         1944
  C:1CA5H         LINE#         1945
  C:1CAAH         LINE#         1947
  C:1CAFH         LINE#         1948
BL51 BANKED LINKER/LOCATER V6.22                                                      11/02/2021  09:37:32  PAGE 24


  C:1CB4H         LINE#         1950
  C:1CB9H         LINE#         1951
  C:1CBEH         LINE#         1952
  C:1CC3H         LINE#         1953
  C:1CC8H         LINE#         1955
  C:1CCDH         LINE#         1956
  C:1CD1H         LINE#         1958
  C:1CD6H         LINE#         1959
  C:1CDBH         LINE#         1960
  C:1CE0H         LINE#         1962
  C:1CE5H         LINE#         1963
  C:1CEAH         LINE#         1964
  C:1CEFH         LINE#         1966
  C:1CF4H         LINE#         1967
  C:1CF9H         LINE#         1968
  C:1CFEH         LINE#         1970
  C:1D03H         LINE#         1971
  C:1D08H         LINE#         1973
  C:1D0DH         LINE#         1974
  C:1D12H         LINE#         1976
  C:1D17H         LINE#         1977
  C:1D1CH         LINE#         1978
  C:1D21H         LINE#         1979
  C:1D26H         LINE#         1980
  C:1D2BH         LINE#         1981
  C:1D30H         LINE#         1982
  C:1D35H         LINE#         1983
  C:1D3AH         LINE#         1984
  C:1D3FH         LINE#         1985
  C:1D42H         LINE#         1986
  C:1D45H         LINE#         1987
  C:1D4AH         LINE#         1988
  C:1D4FH         LINE#         1989
  C:1D54H         LINE#         1990
  C:1D59H         LINE#         1991
  C:1D5DH         LINE#         1992
  C:1D62H         LINE#         1994
  C:1D67H         LINE#         1995
  C:1D6CH         LINE#         1996
  C:1D71H         LINE#         1997
  C:1D76H         LINE#         1998
  C:1D7BH         LINE#         1999
  C:1D80H         LINE#         2000
  C:1D85H         LINE#         2001
  C:1D8AH         LINE#         2002
  C:1D8FH         LINE#         2003
  C:1D93H         LINE#         2004
  C:1D98H         LINE#         2005
  C:1D9DH         LINE#         2006
  C:1DA2H         LINE#         2007
  C:1DA7H         LINE#         2008
  C:1DACH         LINE#         2009
  C:1DB0H         LINE#         2010
  C:1DB5H         LINE#         2012
  C:1DBAH         LINE#         2013
  C:1DBFH         LINE#         2015
  -------         ENDPROC       LCD_INIT
BL51 BANKED LINKER/LOCATER V6.22                                                      11/02/2021  09:37:32  PAGE 25


  C:2BAFH         SYMBOL        L?0443
  C:2BB0H         SYMBOL        L?0444
  -------         PROC          L?0442
  -------         ENDPROC       L?0442
  C:2BAFH         SYMBOL        L?0443
  C:2BB0H         SYMBOL        L?0444
  -------         PROC          _?BLOCKWRITE
  p:0000H         SYMBOL        Xstart
  p:0002H         SYMBOL        Xend
  p:0004H         SYMBOL        Ystart
  p:0006H         SYMBOL        Yend
  C:2BC7H         LINE#         6262
  C:2BE8H         LINE#         6319
  C:2BEFH         LINE#         6320
  C:2BF6H         LINE#         6321
  C:2BFFH         LINE#         6322
  C:2C0CH         LINE#         6323
  C:2C17H         LINE#         6325
  C:2C1EH         LINE#         6326
  C:2C28H         LINE#         6327
  C:2C2FH         LINE#         6328
  C:2C3BH         LINE#         6329
  C:2C42H         LINE#         6330
  C:2C49H         LINE#         6414
  C:2C4CH         LINE#         6419
  -------         ENDPROC       _?BLOCKWRITE
  -------         PROC          _DISPCOLOR
  D:0004H         SYMBOL        color
  -------         DO            
  X:0059H         SYMBOL        i
  D:0002H         SYMBOL        m
  X:005BH         SYMBOL        DataH
  X:005CH         SYMBOL        DataL
  -------         ENDDO         
  C:0046H         LINE#         6474
  C:0048H         LINE#         6475
  C:0048H         LINE#         6478
  C:004EH         LINE#         6480
  C:0051H         LINE#         6482
  C:0053H         LINE#         6483
  C:0059H         LINE#         6484
  C:0059H         LINE#         6485
  C:005CH         LINE#         6486
  C:005CH         LINE#         6487
  C:0066H         LINE#         6488
  C:0071H         LINE#         6489
  C:0087H         LINE#         6491
  C:0089H         LINE#         6492
  -------         ENDPROC       _DISPCOLOR
  -------         PROC          DISPFRAME
  -------         DO            
  D:0002H         SYMBOL        i
  X:0059H         SYMBOL        j
  D:0001H         SYMBOL        DataH
  D:0006H         SYMBOL        DataL
  -------         ENDDO         
  C:2C53H         LINE#         6494
BL51 BANKED LINKER/LOCATER V6.22                                                      11/02/2021  09:37:32  PAGE 26


  C:2C53H         LINE#         6495
  C:2C53H         LINE#         6498
  C:2C56H         LINE#         6500
  C:2C58H         LINE#         6503
  C:2C5CH         LINE#         6504
  C:2C62H         LINE#         6506
  C:2C62H         LINE#         6507
  C:2C62H         LINE#         6508
  C:2C66H         LINE#         6509
  C:2C6DH         LINE#         6510
  C:2C78H         LINE#         6512
  C:2C7CH         LINE#         6513
  C:2C82H         LINE#         6515
  C:2C87H         LINE#         6516
  C:2C87H         LINE#         6517
  C:2C8BH         LINE#         6518
  C:2C91H         LINE#         6520
  C:2C93H         LINE#         6521
  C:2C93H         LINE#         6522
  C:2C96H         LINE#         6523
  C:2C9BH         LINE#         6524
  C:2CA6H         LINE#         6526
  C:2CAAH         LINE#         6527
  C:2CB0H         LINE#         6529
  C:2CC6H         LINE#         6531
  C:2CCAH         LINE#         6532
  C:2CD0H         LINE#         6534
  C:2CD2H         LINE#         6535
  C:2CD2H         LINE#         6536
  C:2CD6H         LINE#         6537
  C:2CDDH         LINE#         6538
  C:2CE8H         LINE#         6540
  C:2CECH         LINE#         6541
  C:2CF2H         LINE#         6543
  C:2CF4H         LINE#         6544
  C:2CF6H         LINE#         6545
  -------         ENDPROC       DISPFRAME
  -------         PROC          DISPBAND
  -------         DO            
  D:0002H         SYMBOL        i
  X:0059H         SYMBOL        j
  X:005AH         SYMBOL        k
  X:005BH         SYMBOL        m
  X:005CH         SYMBOL        n
  X:005DH         SYMBOL        x
  -------         ENDDO         
  C:1DC4H         LINE#         6547
  C:1DC4H         LINE#         6548
  C:1DC4H         LINE#         6551
  C:1DCEH         LINE#         6552
  C:1DD7H         LINE#         6553
  C:1DD9H         LINE#         6555
  C:1DDCH         LINE#         6556
  C:1DE8H         LINE#         6557
  C:1DE8H         LINE#         6558
  C:1E03H         LINE#         6559
  C:1E1EH         LINE#         6560
BL51 BANKED LINKER/LOCATER V6.22                                                      11/02/2021  09:37:32  PAGE 27


  C:1E4AH         LINE#         6561
  C:1E51H         LINE#         6562
  C:1E60H         LINE#         6563
  C:1E60H         LINE#         6564
  C:1E7BH         LINE#         6565
  C:1E96H         LINE#         6566
  C:1EC2H         LINE#         6567
  C:1EC9H         LINE#         6568
  C:1EDFH         LINE#         6569
  C:1EDFH         LINE#         6570
  C:1EFAH         LINE#         6571
  C:1F15H         LINE#         6572
  C:1F41H         LINE#         6573
  C:1F48H         LINE#         6575
  C:1F4AH         LINE#         6576
  C:1F4DH         LINE#         6578
  -------         ENDPROC       DISPBAND
  -------         PROC          _DISPPIC
  D:0006H         SYMBOL        picture
  -------         DO            
  X:0014H         SYMBOL        p
  X:0017H         SYMBOL        n
  -------         ENDDO         
  C:36EAH         LINE#         6581
  C:36EAH         LINE#         6582
  C:36EAH         LINE#         6585
  C:36F8H         LINE#         6586
  C:36F8H         LINE#         6587
  C:36FBH         LINE#         6589
  C:36FBH         LINE#         6591
  C:370EH         LINE#         6592
  C:370EH         LINE#         6593
  C:372EH         LINE#         6594
  C:373BH         LINE#         6596
  -------         ENDPROC       _DISPPIC
  -------         PROC          _DISPPICFROMSD
  X:0019H         SYMBOL        PicNum
  -------         DO            
  X:001AH         SYMBOL        Address_S
  X:001EH         SYMBOL        Address_E
  D:0002H         SYMBOL        i
  X:0022H         SYMBOL        k
  -------         ENDDO         
  C:2663H         LINE#         6600
  C:2666H         LINE#         6601
  C:2666H         LINE#         6607
  C:2669H         LINE#         6610
  C:266BH         LINE#         6612
  C:266DH         LINE#         6614
  C:2676H         LINE#         6615
  C:26A1H         LINE#         6616
  C:26CAH         LINE#         6617
  C:26EDH         LINE#         6618
  C:26EDH         LINE#         6619
  C:26FDH         LINE#         6621
  C:2706H         LINE#         6622
  C:2706H         LINE#         6624
BL51 BANKED LINKER/LOCATER V6.22                                                      11/02/2021  09:37:32  PAGE 28


  C:2721H         LINE#         6625
  C:272AH         LINE#         6626
  C:2749H         LINE#         6628
  C:274BH         LINE#         6666
  -------         ENDPROC       _DISPPICFROMSD
  -------         PROC          DISPSCALEHOR1
  -------         DO            
  X:0026H         SYMBOL        i
  X:0028H         SYMBOL        j
  D:0002H         SYMBOL        k
  -------         ENDDO         
  C:1643H         LINE#         6671
  C:1643H         LINE#         6672
  C:1643H         LINE#         6675
  C:1646H         LINE#         6678
  C:1646H         LINE#         6679
  C:1646H         LINE#         6680
  C:1666H         LINE#         6681
  C:166CH         LINE#         6682
  C:166CH         LINE#         6683
  C:1672H         LINE#         6684
  C:1672H         LINE#         6685
  C:1687H         LINE#         6686
  C:169DH         LINE#         6687
  C:16B3H         LINE#         6689
  C:16BEH         LINE#         6692
  C:16C1H         LINE#         6693
  C:16C1H         LINE#         6694
  C:16E1H         LINE#         6695
  C:16E7H         LINE#         6696
  C:16E7H         LINE#         6697
  C:16EDH         LINE#         6698
  C:16EDH         LINE#         6699
  C:1718H         LINE#         6700
  C:172EH         LINE#         6701
  C:1744H         LINE#         6702
  C:1752H         LINE#         6705
  C:1755H         LINE#         6706
  C:1755H         LINE#         6707
  C:1775H         LINE#         6708
  C:177BH         LINE#         6709
  C:177BH         LINE#         6710
  C:1781H         LINE#         6711
  C:1781H         LINE#         6712
  C:178BH         LINE#         6713
  C:17A1H         LINE#         6714
  C:17B7H         LINE#         6715
  C:17C2H         LINE#         6718
  C:17C5H         LINE#         6719
  C:17C5H         LINE#         6720
  C:17E5H         LINE#         6721
  C:17EBH         LINE#         6722
  C:17EBH         LINE#         6723
  C:17F1H         LINE#         6724
  C:17F1H         LINE#         6725
  C:1824H         LINE#         6726
  C:183AH         LINE#         6727
BL51 BANKED LINKER/LOCATER V6.22                                                      11/02/2021  09:37:32  PAGE 29


  C:1850H         LINE#         6728
  C:185EH         LINE#         6729
  C:1860H         LINE#         6730
  -------         ENDPROC       DISPSCALEHOR1
  -------         PROC          DISPSCALEVER
  -------         DO            
  X:002AH         SYMBOL        i
  X:002CH         SYMBOL        j
  D:0002H         SYMBOL        k
  -------         ENDDO         
  C:230FH         LINE#         6732
  C:230FH         LINE#         6733
  C:230FH         LINE#         6802
  C:2312H         LINE#         6804
  C:2318H         LINE#         6805
  C:2318H         LINE#         6806
  C:231EH         LINE#         6807
  C:231EH         LINE#         6808
  C:2324H         LINE#         6809
  C:233AH         LINE#         6810
  C:2341H         LINE#         6812
  C:2344H         LINE#         6813
  C:2344H         LINE#         6815
  C:234AH         LINE#         6816
  C:234AH         LINE#         6818
  C:2350H         LINE#         6819
  C:2350H         LINE#         6820
  C:2362H         LINE#         6821
  C:2378H         LINE#         6823
  C:237EH         LINE#         6824
  C:237EH         LINE#         6825
  C:23A6H         LINE#         6826
  C:23BCH         LINE#         6828
  C:23C2H         LINE#         6829
  C:23C2H         LINE#         6830
  C:23C9H         LINE#         6831
  C:23DFH         LINE#         6833
  C:23E5H         LINE#         6834
  C:23E5H         LINE#         6835
  C:23F9H         LINE#         6836
  C:240FH         LINE#         6838
  C:2428H         LINE#         6840
  C:2436H         LINE#         6842
  -------         ENDPROC       DISPSCALEVER
  -------         PROC          DISPSCALEVER_RED
  -------         DO            
  X:002EH         SYMBOL        i
  X:0030H         SYMBOL        j
  D:0002H         SYMBOL        k
  -------         ENDDO         
  C:2EC8H         LINE#         6844
  C:2EC8H         LINE#         6845
  C:2EC8H         LINE#         6848
  C:2ECBH         LINE#         6850
  C:2ECDH         LINE#         6852
  C:2ECFH         LINE#         6855
  C:2ED5H         LINE#         6856
BL51 BANKED LINKER/LOCATER V6.22                                                      11/02/2021  09:37:32  PAGE 30


  C:2ED5H         LINE#         6857
  C:2EDBH         LINE#         6858
  C:2EDBH         LINE#         6859
  C:2EE1H         LINE#         6860
  C:2EF7H         LINE#         6861
  C:2EFEH         LINE#         6863
  C:2F01H         LINE#         6864
  C:2F01H         LINE#         6865
  C:2F07H         LINE#         6866
  C:2F07H         LINE#         6868
  C:2F0DH         LINE#         6869
  C:2F0DH         LINE#         6870
  C:2F1FH         LINE#         6871
  C:2F35H         LINE#         6872
  C:2F4BH         LINE#         6874
  C:2F56H         LINE#         6876
  C:2F58H         LINE#         6877
  -------         ENDPROC       DISPSCALEVER_RED
  -------         PROC          DISPSCALEVER_GREEN
  -------         DO            
  X:0032H         SYMBOL        i
  X:0034H         SYMBOL        j
  D:0002H         SYMBOL        k
  -------         ENDDO         
  C:2CF7H         LINE#         6879
  C:2CF7H         LINE#         6880
  C:2CF7H         LINE#         6883
  C:2CFAH         LINE#         6885
  C:2CFCH         LINE#         6886
  C:2CFEH         LINE#         6889
  C:2D04H         LINE#         6890
  C:2D04H         LINE#         6891
  C:2D0AH         LINE#         6892
  C:2D0AH         LINE#         6893
  C:2D10H         LINE#         6895
  C:2D26H         LINE#         6896
  C:2D2DH         LINE#         6898
  C:2D30H         LINE#         6899
  C:2D30H         LINE#         6900
  C:2D36H         LINE#         6901
  C:2D36H         LINE#         6903
  C:2D3CH         LINE#         6904
  C:2D3CH         LINE#         6906
  C:2D5DH         LINE#         6907
  C:2D73H         LINE#         6908
  C:2D89H         LINE#         6910
  C:2D94H         LINE#         6912
  C:2D96H         LINE#         6913
  -------         ENDPROC       DISPSCALEVER_GREEN
  -------         PROC          DISPSCALEVER_BLUE
  -------         DO            
  X:0036H         SYMBOL        i
  X:0038H         SYMBOL        j
  D:0002H         SYMBOL        k
  -------         ENDDO         
  C:3105H         LINE#         6915
  C:3105H         LINE#         6916
BL51 BANKED LINKER/LOCATER V6.22                                                      11/02/2021  09:37:32  PAGE 31


  C:3105H         LINE#         6919
  C:3108H         LINE#         6921
  C:310AH         LINE#         6922
  C:310CH         LINE#         6925
  C:3112H         LINE#         6926
  C:3112H         LINE#         6927
  C:3118H         LINE#         6928
  C:3118H         LINE#         6929
  C:311EH         LINE#         6930
  C:3134H         LINE#         6931
  C:313BH         LINE#         6933
  C:313EH         LINE#         6934
  C:313EH         LINE#         6935
  C:3144H         LINE#         6936
  C:3144H         LINE#         6938
  C:314AH         LINE#         6939
  C:314AH         LINE#         6940
  C:3151H         LINE#         6941
  C:3167H         LINE#         6942
  C:317DH         LINE#         6944
  C:3188H         LINE#         6946
  C:318AH         LINE#         6947
  -------         ENDPROC       DISPSCALEVER_BLUE
  -------         PROC          DISPSCALEVER_GRAY
  -------         DO            
  X:003AH         SYMBOL        i
  X:003CH         SYMBOL        j
  D:0002H         SYMBOL        k
  -------         ENDDO         
  C:2F59H         LINE#         6949
  C:2F59H         LINE#         6950
  C:2F59H         LINE#         6953
  C:2F5CH         LINE#         6955
  C:2F5EH         LINE#         6960
  C:2F64H         LINE#         6961
  C:2F64H         LINE#         6962
  C:2F6AH         LINE#         6963
  C:2F6AH         LINE#         6964
  C:2F70H         LINE#         6966
  C:2F86H         LINE#         6967
  C:2F8DH         LINE#         6969
  C:2F90H         LINE#         6970
  C:2F90H         LINE#         6971
  C:2F96H         LINE#         6972
  C:2F96H         LINE#         6974
  C:2F9CH         LINE#         6975
  C:2F9CH         LINE#         6976
  C:2FB0H         LINE#         6977
  C:2FC6H         LINE#         6978
  C:2FDCH         LINE#         6980
  C:2FE7H         LINE#         6982
  C:2FE9H         LINE#         6983
  -------         ENDPROC       DISPSCALEVER_GRAY
  -------         PROC          DISPGRAYHOR16
  -------         DO            
  X:0059H         SYMBOL        i
  D:0002H         SYMBOL        j
BL51 BANKED LINKER/LOCATER V6.22                                                      11/02/2021  09:37:32  PAGE 32


  X:005BH         SYMBOL        k
  -------         ENDDO         
  C:2D97H         LINE#         6985
  C:2D97H         LINE#         6986
  C:2D97H         LINE#         6989
  C:2D9AH         LINE#         6991
  C:2D9CH         LINE#         6992
  C:2D9EH         LINE#         6994
  C:2DA4H         LINE#         6995
  C:2DA4H         LINE#         6996
  C:2DADH         LINE#         6997
  C:2DADH         LINE#         6998
  C:2DB3H         LINE#         6999
  C:2DBAH         LINE#         7001
  C:2DBDH         LINE#         7002
  C:2DBDH         LINE#         7003
  C:2DC3H         LINE#         7004
  C:2DC3H         LINE#         7005
  C:2DF5H         LINE#         7006
  C:2E0BH         LINE#         7007
  C:2E16H         LINE#         7008
  C:2E2FH         LINE#         7010
  C:2E31H         LINE#         7011
  -------         ENDPROC       DISPGRAYHOR16
  -------         PROC          DISPGRAYHOR32
  -------         DO            
  X:003EH         SYMBOL        i
  D:0002H         SYMBOL        j
  X:0040H         SYMBOL        k
  -------         ENDDO         
  C:328EH         LINE#         7013
  C:328EH         LINE#         7014
  C:328EH         LINE#         7017
  C:3291H         LINE#         7019
  C:3293H         LINE#         7021
  C:3299H         LINE#         7022
  C:3299H         LINE#         7023
  C:32A2H         LINE#         7024
  C:32A2H         LINE#         7025
  C:32A8H         LINE#         7026
  C:32AFH         LINE#         7028
  C:32B2H         LINE#         7029
  C:32B2H         LINE#         7030
  C:32B8H         LINE#         7031
  C:32B8H         LINE#         7032
  C:32CCH         LINE#         7033
  C:32E2H         LINE#         7034
  C:32EDH         LINE#         7035
  C:3303H         LINE#         7037
  C:3305H         LINE#         7038
  -------         ENDPROC       DISPGRAYHOR32
  -------         PROC          DISPSCALEHOR2
  -------         DO            
  X:0042H         SYMBOL        j
  D:0002H         SYMBOL        k
  -------         ENDDO         
  C:1A7BH         LINE#         7040
BL51 BANKED LINKER/LOCATER V6.22                                                      11/02/2021  09:37:32  PAGE 33


  C:1A7BH         LINE#         7041
  C:1A7BH         LINE#         7044
  C:1A7EH         LINE#         7046
  C:1A7EH         LINE#         7047
  C:1A7EH         LINE#         7048
  C:1A84H         LINE#         7049
  C:1AA1H         LINE#         7050
  C:1AACH         LINE#         7051
  C:1AAFH         LINE#         7052
  C:1AAFH         LINE#         7053
  C:1AB5H         LINE#         7054
  C:1AD2H         LINE#         7055
  C:1ADDH         LINE#         7056
  C:1AE0H         LINE#         7057
  C:1AE0H         LINE#         7058
  C:1AE6H         LINE#         7059
  C:1B03H         LINE#         7060
  C:1B0EH         LINE#         7061
  C:1B11H         LINE#         7062
  C:1B11H         LINE#         7063
  C:1B17H         LINE#         7064
  C:1B34H         LINE#         7065
  C:1B3FH         LINE#         7066
  C:1B42H         LINE#         7067
  C:1B42H         LINE#         7068
  C:1B48H         LINE#         7069
  C:1B65H         LINE#         7070
  C:1B70H         LINE#         7071
  C:1B73H         LINE#         7072
  C:1B73H         LINE#         7073
  C:1B79H         LINE#         7074
  C:1B96H         LINE#         7075
  C:1BA1H         LINE#         7076
  C:1BA4H         LINE#         7077
  C:1BA4H         LINE#         7078
  C:1BAAH         LINE#         7079
  C:1BC7H         LINE#         7080
  C:1BD2H         LINE#         7081
  C:1BD5H         LINE#         7082
  C:1BD5H         LINE#         7083
  C:1BDBH         LINE#         7084
  C:1BF7H         LINE#         7085
  C:1C02H         LINE#         7086
  C:1C0BH         LINE#         7087
  C:1C0BH         LINE#         7088
  C:1C11H         LINE#         7089
  C:1C2DH         LINE#         7090
  C:1C34H         LINE#         7092
  -------         ENDPROC       DISPSCALEHOR2
  -------         PROC          _TOORD
  D:0007H         SYMBOL        ch
  C:3531H         LINE#         7197
  C:3531H         LINE#         7198
  C:3531H         LINE#         7199
  C:3537H         LINE#         7200
  C:3537H         LINE#         7201
  C:3539H         LINE#         7202
BL51 BANKED LINKER/LOCATER V6.22                                                      11/02/2021  09:37:32  PAGE 34


  C:353BH         LINE#         7203
  C:3547H         LINE#         7204
  C:3547H         LINE#         7205
  C:354BH         LINE#         7206
  C:354DH         LINE#         7207
  C:3559H         LINE#         7208
  C:3559H         LINE#         7209
  C:355DH         LINE#         7210
  C:355FH         LINE#         7211
  C:356BH         LINE#         7212
  C:356BH         LINE#         7213
  C:356FH         LINE#         7214
  C:3571H         LINE#         7215
  C:357DH         LINE#         7216
  C:357DH         LINE#         7217
  C:3581H         LINE#         7218
  C:3583H         LINE#         7219
  C:3589H         LINE#         7220
  C:3589H         LINE#         7221
  C:358BH         LINE#         7222
  C:358BH         LINE#         7224
  C:358BH         LINE#         7225
  -------         ENDPROC       _TOORD
  C:2821H         SYMBOL        L?0446
  C:2839H         SYMBOL        L?0447
  -------         PROC          L?0445
  -------         ENDPROC       L?0445
  C:2821H         SYMBOL        L?0446
  C:2839H         SYMBOL        L?0447
  -------         PROC          _DISPONECHAR
  X:006DH         SYMBOL        ord
  D:0006H         SYMBOL        Xstart
  D:0002H         SYMBOL        Ystart
  X:0072H         SYMBOL        TextColor
  X:0074H         SYMBOL        BackColor
  -------         DO            
  X:0076H         SYMBOL        i
  D:0002H         SYMBOL        j
  X:0077H         SYMBOL        p
  D:0003H         SYMBOL        dat
  D:0006H         SYMBOL        index
  -------         ENDDO         
  C:2849H         LINE#         7227
  C:2851H         LINE#         7228
  C:2851H         LINE#         7234
  C:286BH         LINE#         7236
  C:2871H         LINE#         7238
  C:2879H         LINE#         7239
  C:287BH         LINE#         7241
  C:2889H         LINE#         7243
  C:2896H         LINE#         7244
  C:289DH         LINE#         7246
  C:28A1H         LINE#         7247
  C:28A1H         LINE#         7248
  C:28B6H         LINE#         7249
  C:28B8H         LINE#         7250
  C:28B8H         LINE#         7251
BL51 BANKED LINKER/LOCATER V6.22                                                      11/02/2021  09:37:32  PAGE 35


  C:28C5H         LINE#         7252
  C:28C5H         LINE#         7253
[...]
  C:1337H         LINE#         321
  C:1346H         LINE#         322
  C:1346H         LINE#         323
  C:135BH         LINE#         324
  C:1360H         LINE#         325
  C:1368H         LINE#         326
  C:1372H         LINE#         327
  C:1380H         LINE#         328
  C:138EH         LINE#         329
  C:1390H         LINE#         331
  C:1390H         LINE#         332
BL51 BANKED LINKER/LOCATER V6.22                                                      11/02/2021  09:37:32  PAGE 43


  C:1395H         LINE#         333
  C:1398H         LINE#         334
  C:13B0H         LINE#         335
  C:13B0H         LINE#         336
  C:13C9H         LINE#         337
  C:13CEH         LINE#         338
  C:13D6H         LINE#         339
  C:13DDH         LINE#         340
  C:13E2H         LINE#         341
  C:13E2H         LINE#         342
  C:13F6H         LINE#         343
  C:13F6H         LINE#         344
  C:13FDH         LINE#         345
  C:1402H         LINE#         346
  C:1402H         LINE#         347
  C:1410H         LINE#         348
  C:1410H         LINE#         349
  -------         ENDPROC       USBXCORE_HANDLE_SETUP
  -------         PROC          USBXCORE_FORCE_STALL
  C:3A47H         LINE#         356
  C:3A47H         LINE#         358
  C:3A52H         LINE#         359
  C:3A5DH         LINE#         360
  C:3A63H         LINE#         361
  -------         ENDPROC       USBXCORE_FORCE_STALL
  -------         PROC          USBXCORE_GET_STATUS
  C:33EEH         LINE#         367
  C:33EEH         LINE#         369
  C:33FDH         LINE#         370
  C:33FDH         LINE#         371
  C:33FDH         LINE#         372
  C:33FDH         LINE#         373
  C:33FDH         LINE#         374
  C:33FFH         LINE#         375
  C:33FFH         LINE#         379
  C:33FFH         LINE#         381
  C:340DH         LINE#         385
  C:340DH         LINE#         386
  C:340DH         LINE#         387
  C:340DH         LINE#         388
  C:340FH         LINE#         390
  C:340FH         LINE#         392
  C:341DH         LINE#         396
  C:341DH         LINE#         397
  C:342AH         LINE#         398
  C:342AH         LINE#         399
  C:342CH         LINE#         401
  C:342CH         LINE#         402
  C:343AH         LINE#         403
  C:3443H         LINE#         404
  C:3443H         LINE#         405
  C:3443H         LINE#         406
  C:3445H         LINE#         407
  C:3445H         LINE#         408
  C:3448H         LINE#         409
  C:3448H         LINE#         410
  C:3448H         LINE#         411
BL51 BANKED LINKER/LOCATER V6.22                                                      11/02/2021  09:37:32  PAGE 44


  C:3450H         LINE#         412
  C:3450H         LINE#         413
  C:3453H         LINE#         414
  C:3459H         LINE#         415
  C:3460H         LINE#         416
  C:3460H         LINE#         417
  -------         ENDPROC       USBXCORE_GET_STATUS
  -------         PROC          USBXCORE_CLEAR_FEATURE
  C:35E6H         LINE#         423
  C:35E6H         LINE#         425
  C:35ECH         LINE#         426
  C:35ECH         LINE#         428
  C:35F3H         LINE#         429
  C:35F3H         LINE#         430
  C:35FEH         LINE#         436
  C:3609H         LINE#         437
  C:360EH         LINE#         438
  C:3610H         LINE#         440
  C:3610H         LINE#         442
  C:361BH         LINE#         446
  C:3626H         LINE#         447
  C:362BH         LINE#         448
  C:362BH         LINE#         449
  C:362DH         LINE#         451
  C:362DH         LINE#         452
  C:3630H         LINE#         453
  C:3630H         LINE#         454
  C:363BH         LINE#         455
  -------         ENDPROC       USBXCORE_CLEAR_FEATURE
  -------         PROC          USBXCORE_VENDOR_USB_API
  C:274CH         LINE#         462
  C:274CH         LINE#         464
  C:2756H         LINE#         465
  C:2756H         LINE#         466
  C:275DH         LINE#         467
  C:275DH         LINE#         468
  C:2760H         LINE#         469
  C:2763H         LINE#         470
  C:2765H         LINE#         472
  C:2765H         LINE#         473
  C:276CH         LINE#         474
  C:276CH         LINE#         477
  C:2777H         LINE#         482
  C:2782H         LINE#         483
  C:278DH         LINE#         485
  C:278DH         LINE#         486
  C:27A0H         LINE#         487
  C:27A0H         LINE#         488
  C:27A4H         LINE#         489
  C:27AFH         LINE#         491
  C:27AFH         LINE#         492
  C:27C2H         LINE#         493
  C:27C2H         LINE#         494
  C:27C6H         LINE#         495
  C:27D1H         LINE#         497
  C:27D7H         LINE#         498
  C:27DFH         LINE#         499
BL51 BANKED LINKER/LOCATER V6.22                                                      11/02/2021  09:37:32  PAGE 45


  C:27DFH         LINE#         500
  C:27E2H         LINE#         501
  C:27E2H         LINE#         502
  C:27E2H         LINE#         503
  C:27EDH         LINE#         504
  C:27EDH         LINE#         505
  C:27F3H         LINE#         506
  C:27FAH         LINE#         507
  C:27FAH         LINE#         508
  C:27FEH         LINE#         509
  C:27FEH         LINE#         510
  C:2804H         LINE#         511
  C:280BH         LINE#         512
  C:280BH         LINE#         513
  C:2816H         LINE#         514
  -------         ENDPROC       USBXCORE_VENDOR_USB_API
  -------         PROC          USBXCORE_SET_FEATURE
  C:363EH         LINE#         521
  C:363EH         LINE#         523
  C:3644H         LINE#         524
  C:3644H         LINE#         526
  C:364BH         LINE#         527
  C:364BH         LINE#         528
  C:3656H         LINE#         534
  C:3661H         LINE#         535
  C:3664H         LINE#         536
  C:3666H         LINE#         538
  C:3666H         LINE#         540
  C:3671H         LINE#         544
  C:367CH         LINE#         545
  C:3682H         LINE#         546
  C:3682H         LINE#         548
  C:3684H         LINE#         550
  C:3684H         LINE#         551
  C:3687H         LINE#         552
  C:3687H         LINE#         553
  C:3692H         LINE#         554
  -------         ENDPROC       USBXCORE_SET_FEATURE
  -------         PROC          USBXCORE_SET_ADDRESS
  C:39EAH         LINE#         561
  C:39EAH         LINE#         563
  C:39F9H         LINE#         564
  C:39FFH         LINE#         565
  C:39FFH         LINE#         566
  C:3A02H         LINE#         567
  C:3A04H         LINE#         569
  C:3A04H         LINE#         570
  C:3A07H         LINE#         571
  C:3A07H         LINE#         572
  -------         ENDPROC       USBXCORE_SET_ADDRESS
  -------         PROC          USBXCORE_GET_DESCRIPTOR
  C:2A4EH         LINE#         579
  C:2A4EH         LINE#         580
  C:2A5DH         LINE#         581
  C:2A5DH         LINE#         582
  C:2A5DH         LINE#         583
  C:2A6BH         LINE#         584
BL51 BANKED LINKER/LOCATER V6.22                                                      11/02/2021  09:37:32  PAGE 46


  C:2A6FH         LINE#         585
  C:2A71H         LINE#         586
  C:2A71H         LINE#         587
  C:2A7FH         LINE#         588
  C:2A92H         LINE#         589
  C:2A94H         LINE#         590
  C:2A94H         LINE#         591
  C:2AB8H         LINE#         592
  C:2AC4H         LINE#         593
  C:2AC6H         LINE#         594
  C:2AC6H         LINE#         595
  C:2AC9H         LINE#         596
  C:2AC9H         LINE#         597
  C:2AC9H         LINE#         598
  C:2ADFH         LINE#         599
  C:2ADFH         LINE#         600
  C:2AE7H         LINE#         601
  C:2AE7H         LINE#         602
  C:2AEFH         LINE#         603
  C:2AEFH         LINE#         604
  C:2AF2H         LINE#         605
  C:2AF8H         LINE#         606
  C:2AFFH         LINE#         607
  C:2AFFH         LINE#         608
  -------         ENDPROC       USBXCORE_GET_DESCRIPTOR
  -------         PROC          USBXCORE_GET_CONFIGURATION
  C:37DEH         LINE#         614
  C:37DEH         LINE#         616
  C:37E6H         LINE#         617
  C:37E6H         LINE#         618
  C:37F2H         LINE#         619
  C:37FAH         LINE#         620
  C:37FAH         LINE#         621
  C:37FEH         LINE#         622
  C:37FEH         LINE#         623
  C:380CH         LINE#         624
  C:3814H         LINE#         625
  C:3814H         LINE#         626
  C:3817H         LINE#         627
  C:381DH         LINE#         628
  C:3824H         LINE#         629
  -------         ENDPROC       USBXCORE_GET_CONFIGURATION
  -------         PROC          USBXCORE_SET_CONFIGURATION
  C:358CH         LINE#         635
  C:358CH         LINE#         637
  C:3595H         LINE#         638
  C:3595H         LINE#         639
  C:359CH         LINE#         640
  C:35A2H         LINE#         641
  C:35A7H         LINE#         642
  C:35A9H         LINE#         644
  C:35B4H         LINE#         645
  C:35BFH         LINE#         646
  C:35CAH         LINE#         653
  C:35D5H         LINE#         654
  C:35D7H         LINE#         656
  C:35D7H         LINE#         657
BL51 BANKED LINKER/LOCATER V6.22                                                      11/02/2021  09:37:32  PAGE 47


  C:35DDH         LINE#         658
  C:35E1H         LINE#         659
  C:35E3H         LINE#         660
  C:35E3H         LINE#         661
  -------         ENDPROC       USBXCORE_SET_CONFIGURATION
  -------         PROC          USBXCORE_GET_INTERFACE
  C:397BH         LINE#         668
  C:397BH         LINE#         670
  C:3989H         LINE#         671
  C:3991H         LINE#         672
  C:3994H         LINE#         673
  C:399AH         LINE#         674
  C:39A1H         LINE#         675
  -------         ENDPROC       USBXCORE_GET_INTERFACE
  -------         PROC          USBXCORE_SET_SOP
  C:3ABEH         LINE#         682
  C:3ABEH         LINE#         684
  C:3AC6H         LINE#         685
  C:3AC6H         LINE#         686
  C:3AD1H         LINE#         687
  C:3AD1H         LINE#         688
  -------         ENDPROC       USBXCORE_SET_SOP
  -------         PROC          USBXCORE_USB_ISR
  C:1F4EH         LINE#         699
  C:1F6BH         LINE#         702
  C:1F71H         LINE#         703
  C:1F84H         LINE#         706
  C:1F97H         LINE#         709
  C:1F9BH         LINE#         710
  C:1F9BH         LINE#         711
  C:1FA6H         LINE#         712
  C:1FA6H         LINE#         714
  C:1FADH         LINE#         715
  C:1FADH         LINE#         716
  C:1FB0H         LINE#         717
  C:1FB0H         LINE#         719
  C:1FB7H         LINE#         720
  C:1FB7H         LINE#         721
  C:1FC4H         LINE#         722
  C:1FC4H         LINE#         723
  C:1FCBH         LINE#         724
  C:1FCBH         LINE#         725
  C:1FCBH         LINE#         727
  C:1FCBH         LINE#         728
  C:1FCBH         LINE#         730
  C:1FCBH         LINE#         732
  C:1FDEH         LINE#         734
  C:1FE2H         LINE#         735
  C:1FE2H         LINE#         736
  C:1FE5H         LINE#         737
  C:1FE5H         LINE#         740
  C:1FECH         LINE#         741
  C:1FECH         LINE#         742
  C:1FF7H         LINE#         748
  C:200AH         LINE#         749
  C:200FH         LINE#         750
  C:200FH         LINE#         751
BL51 BANKED LINKER/LOCATER V6.22                                                      11/02/2021  09:37:32  PAGE 48


  C:2016H         LINE#         752
  C:2016H         LINE#         754
  C:2016H         LINE#         756
  C:2029H         LINE#         759
  C:202DH         LINE#         760
  C:202DH         LINE#         761
  C:2038H         LINE#         767
  C:204BH         LINE#         768
  C:204FH         LINE#         769
  C:204FH         LINE#         770
  C:2056H         LINE#         771
  C:2056H         LINE#         772
  C:2056H         LINE#         775
  C:2064H         LINE#         776
  C:2069H         LINE#         777
  C:206FH         LINE#         778
  C:2074H         LINE#         781
  C:2081H         LINE#         782
  C:2081H         LINE#         783
  C:2084H         LINE#         784
  C:2084H         LINE#         785
  -------         ENDPROC       USBXCORE_USB_ISR
  -------         ENDMOD        USB_API

  -------         MODULE        USB_SUSPEND
  C:0000H         SYMBOL        _ICE_DUMMY_
  D:00D7H         PUBLIC        USB0XCN
  D:00C9H         PUBLIC        REG0CN
  C:3929H         PUBLIC        USB_Suspend
  D:00A9H         PUBLIC        CLKSEL
  D:00B2H         PUBLIC        OSCICN
  D:00B9H         PUBLIC        CLKMUL
  -------         PROC          USB_SUSPEND
  C:3929H         LINE#         70
  C:3929H         LINE#         72
  C:392CH         LINE#         74
  C:392FH         LINE#         76
  C:3937H         LINE#         79
  C:393AH         LINE#         80
  C:393DH         LINE#         81
  C:3940H         LINE#         82
  C:3943H         LINE#         84
  C:3944H         LINE#         86
  C:3947H         LINE#         88
  C:394DH         LINE#         92
  C:3950H         LINE#         94
  C:3953H         LINE#         95
  -------         ENDPROC       USB_SUSPEND
  -------         ENDMOD        USB_SUSPEND

  -------         MODULE        USB_INT_ENABLE
  C:0000H         SYMBOL        _ICE_DUMMY_
  C:3A64H         PUBLIC        USB_Int_Enable
  D:0096H         PUBLIC        USB0ADR
  D:0097H         PUBLIC        USB0DAT
  -------         PROC          USB_INT_ENABLE
  C:3A64H         LINE#         68
BL51 BANKED LINKER/LOCATER V6.22                                                      11/02/2021  09:37:32  PAGE 49


  C:3A64H         LINE#         71
  C:3A6BH         LINE#         73
  C:3A71H         LINE#         74
  C:3A71H         LINE#         75
  C:3A7CH         LINE#         77
  C:3A7CH         LINE#         78
  -------         ENDPROC       USB_INT_ENABLE
  -------         ENDMOD        USB_INT_ENABLE

  -------         MODULE        USB_CLOCK_RECOVERY
  C:0000H         SYMBOL        _ICE_DUMMY_
  C:3B04H         PUBLIC        USBXcore_ClkRec
  D:0096H         PUBLIC        USB0ADR
  D:0097H         PUBLIC        USB0DAT
  -------         PROC          USBXCORE_CLKREC
  C:3B04H         LINE#         45
  C:3B04H         LINE#         47
  C:3B0FH         LINE#         48
  -------         ENDPROC       USBXCORE_CLKREC
  -------         ENDMOD        USB_CLOCK_RECOVERY

  -------         MODULE        ?C?FPMUL
  C:0C99H         PUBLIC        ?C?FPMUL
  -------         ENDMOD        ?C?FPMUL

  -------         MODULE        ?C?FCAST
  C:0DA9H         PUBLIC        ?C?FCASTC
  C:0DA4H         PUBLIC        ?C?FCASTI
  C:0D9FH         PUBLIC        ?C?FCASTL
  -------         ENDMOD        ?C?FCAST

  -------         MODULE        ?C?CASTF
  C:0DDDH         PUBLIC        ?C?CASTF
  -------         ENDMOD        ?C?CASTF

  -------         MODULE        ?C?COPY
  C:0F2EH         PUBLIC        ?C?COPY
  -------         ENDMOD        ?C?COPY

  -------         MODULE        ?C?CLDPTR
  C:0F54H         PUBLIC        ?C?CLDPTR
  -------         ENDMOD        ?C?CLDPTR

  -------         MODULE        ?C?CLDOPTR
  C:0F6DH         PUBLIC        ?C?CLDOPTR
  -------         ENDMOD        ?C?CLDOPTR

  -------         MODULE        ?C?IMUL
  C:0F9AH         PUBLIC        ?C?IMUL
  -------         ENDMOD        ?C?IMUL

  -------         MODULE        ?C?IILDX
  C:0FACH         PUBLIC        ?C?IILDX
  -------         ENDMOD        ?C?IILDX

  -------         MODULE        ?C?ILDOPTR
  C:0FC2H         PUBLIC        ?C?ILDOPTR
BL51 BANKED LINKER/LOCATER V6.22                                                      11/02/2021  09:37:32  PAGE 50


  -------         ENDMOD        ?C?ILDOPTR

  -------         MODULE        ?C?LMUL
  C:0FFAH         PUBLIC        ?C?LMUL
  -------         ENDMOD        ?C?LMUL

  -------         MODULE        ?C?ULDIV
  C:1085H         PUBLIC        ?C?ULDIV
  -------         ENDMOD        ?C?ULDIV

  -------         MODULE        ?C?LNEG
  C:1117H         PUBLIC        ?C?LNEG
  -------         ENDMOD        ?C?LNEG

  -------         MODULE        ?C?ULCMP
  C:1125H         PUBLIC        ?C?ULCMP
  -------         ENDMOD        ?C?ULCMP

  -------         MODULE        ?C?ULSHR
  C:1136H         PUBLIC        ?C?ULSHR
  -------         ENDMOD        ?C?ULSHR

  -------         MODULE        ?C?LSHL
  C:1149H         PUBLIC        ?C?LSHL
  -------         ENDMOD        ?C?LSHL

  -------         MODULE        ?C?LLDIPDATA
  C:1165H         PUBLIC        ?C?LLDIPDATA
  C:115CH         PUBLIC        ?C?LLDIPDATA1
  C:115EH         PUBLIC        ?C?LLDIPDATA8
  -------         ENDMOD        ?C?LLDIPDATA

  -------         MODULE        ?C?LSTXDATA
  C:117CH         PUBLIC        ?C?LSTXDATA
  -------         ENDMOD        ?C?LSTXDATA

  -------         MODULE        ?C?LSTPDATA
  C:1188H         PUBLIC        ?C?LSTPDATA
  -------         ENDMOD        ?C?LSTPDATA

  -------         MODULE        ?C?LSTKXDATA
  C:1194H         PUBLIC        ?C?LSTKXDATA
  -------         ENDMOD        ?C?LSTKXDATA

  -------         MODULE        ?C?LSTKPDATA
  C:11C5H         PUBLIC        ?C?LSTKPDATA
  -------         ENDMOD        ?C?LSTKPDATA

  -------         MODULE        ?C_PBP
  D:0008H         PUBLIC        ?C_PBP
  -------         ENDMOD        ?C_PBP

*** WARNING L14: INCOMPATIBLE MEMORY MODEL
    MODULE:  .\USBX_F34X.LIB (USB_API)
    MODEL:   SMALL

*** WARNING L14: INCOMPATIBLE MEMORY MODEL
BL51 BANKED LINKER/LOCATER V6.22                                                      11/02/2021  09:37:32  PAGE 51


    MODULE:  .\USBX_F34X.LIB (USB_SUSPEND)
    MODEL:   SMALL

*** WARNING L14: INCOMPATIBLE MEMORY MODEL
    MODULE:  .\USBX_F34X.LIB (USB_INT_ENABLE)
    MODEL:   SMALL

*** WARNING L14: INCOMPATIBLE MEMORY MODEL
    MODULE:  .\USBX_F34X.LIB (USB_CLOCK_RECOVERY)
    MODEL:   SMALL

*** WARNING L16: UNCALLED SEGMENT, IGNORED FOR OVERLAY PROCESS
    SEGMENT: ?PR?SD_INIT?MMC_SD

*** WARNING L16: UNCALLED SEGMENT, IGNORED FOR OVERLAY PROCESS
    SEGMENT: ?PR?_DISPPIC?LCD

*** WARNING L16: UNCALLED SEGMENT, IGNORED FOR OVERLAY PROCESS
    SEGMENT: ?PR?_DISPPICFROMSD?LCD

*** WARNING L16: UNCALLED SEGMENT, IGNORED FOR OVERLAY PROCESS
    SEGMENT: ?PR?DISPSCALEHOR1?LCD

*** WARNING L16: UNCALLED SEGMENT, IGNORED FOR OVERLAY PROCESS
    SEGMENT: ?PR?DISPSCALEVER?LCD

*** WARNING L16: UNCALLED SEGMENT, IGNORED FOR OVERLAY PROCESS
    SEGMENT: ?PR?DISPSCALEVER_RED?LCD

*** WARNING L16: UNCALLED SEGMENT, IGNORED FOR OVERLAY PROCESS
    SEGMENT: ?PR?DISPSCALEVER_GREEN?LCD

*** WARNING L16: UNCALLED SEGMENT, IGNORED FOR OVERLAY PROCESS
    SEGMENT: ?PR?DISPSCALEVER_BLUE?LCD

*** WARNING L16: UNCALLED SEGMENT, IGNORED FOR OVERLAY PROCESS
    SEGMENT: ?PR?DISPSCALEVER_GRAY?LCD

*** WARNING L16: UNCALLED SEGMENT, IGNORED FOR OVERLAY PROCESS
    SEGMENT: ?PR?DISPGRAYHOR32?LCD

*** WARNING L16: UNCALLED SEGMENT, IGNORED FOR OVERLAY PROCESS
    SEGMENT: ?PR?DISPSCALEHOR2?LCD

*** WARNING L16: UNCALLED SEGMENT, IGNORED FOR OVERLAY PROCESS
    SEGMENT: ?PR?_DRAWGIRD?LCD

*** WARNING L15: MULTIPLE CALL TO SEGMENT
    SEGMENT: ?PR?_WRITECOMM?LCD
    CALLER1: ?PR?USB_API_TEST_ISR?MAIN
    CALLER2: ?C_C51STARTUP

*** WARNING L15: MULTIPLE CALL TO SEGMENT
    SEGMENT: ?PR?_WRITEDATA?LCD
    CALLER1: ?PR?USB_API_TEST_ISR?MAIN
    CALLER2: ?C_C51STARTUP

BL51 BANKED LINKER/LOCATER V6.22                                                      11/02/2021  09:37:32  PAGE 52


Program Size: data=10.0 xdata=1219 code=15144
LINK/LOCATE RUN COMPLETE.  18 WARNING(S),  0 ERROR(S)
