BL51 BANKED LINKER/LOCATER V6.22                                                        12/04/2021  09:12:12  PAGE 1


BL51 BANKED LINKER/LOCATER V6.22, INVOKED BY:
D:\KEIL C51\C51\BIN\BL51.EXE main.obj, mmc_sd.obj, lcd.obj, tp.obj, .\USBX_F34X.LIB TO ST7796S_CTC35_ZT_4W1L RAMSIZE (25
>> 6)


MEMORY MODEL: COMPACT WITH FLOATING POINT ARITHMETIC


INPUT MODULES INCLUDED:
  main.obj (MAIN)
  mmc_sd.obj (MMC_SD)
  lcd.obj (LCD)
  tp.obj (TP)
  .\USBX_F34X.LIB (USB_API)
  .\USBX_F34X.LIB (USB_CLOCK_START)
  .\USBX_F34X.LIB (USB_SUSPEND)
  .\USBX_F34X.LIB (GET_INTERRUPT_SOURCE)
  .\USBX_F34X.LIB (BLOCK_READ)
  .\USBX_F34X.LIB (BLOCK_WRITE)
  .\USBX_F34X.LIB (USB_INT_ENABLE)
  .\USBX_F34X.LIB (USB_CLOCK_RECOVERY)
  .\USBX_F34X.LIB (USB_JUMP_ISR)
  D:\KEIL C51\C51\LIB\C51FPC.LIB (?C?FPMUL)
  D:\KEIL C51\C51\LIB\C51FPC.LIB (?C?FCAST)
  D:\KEIL C51\C51\LIB\C51FPC.LIB (?C?CASTF)
  D:\KEIL C51\C51\LIB\C51FPC.LIB (?C?FPGETOPN)
  D:\KEIL C51\C51\LIB\C51C.LIB (?C_STARTUP)
  D:\KEIL C51\C51\LIB\C51C.LIB (?C?COPY)
  D:\KEIL C51\C51\LIB\C51C.LIB (?C?CLDPTR)
  D:\KEIL C51\C51\LIB\C51C.LIB (?C?CLDOPTR)
  D:\KEIL C51\C51\LIB\C51C.LIB (?C?IMUL)
  D:\KEIL C51\C51\LIB\C51C.LIB (?C?IILDX)
  D:\KEIL C51\C51\LIB\C51C.LIB (?C?ILDOPTR)
  D:\KEIL C51\C51\LIB\C51C.LIB (?C?LMUL)
  D:\KEIL C51\C51\LIB\C51C.LIB (?C?ULDIV)
  D:\KEIL C51\C51\LIB\C51C.LIB (?C?LNEG)
  D:\KEIL C51\C51\LIB\C51C.LIB (?C?ULCMP)
  D:\KEIL C51\C51\LIB\C51C.LIB (?C?ULSHR)
  D:\KEIL C51\C51\LIB\C51C.LIB (?C?LSHL)
  D:\KEIL C51\C51\LIB\C51C.LIB (?C?LLDIPDATA)
  D:\KEIL C51\C51\LIB\C51C.LIB (?C?LSTXDATA)
  D:\KEIL C51\C51\LIB\C51C.LIB (?C?LSTPDATA)
  D:\KEIL C51\C51\LIB\C51C.LIB (?C?LSTKXDATA)
  D:\KEIL C51\C51\LIB\C51C.LIB (?C?LSTKPDATA)
  D:\KEIL C51\C51\LIB\C51C.LIB (?C_PBP)
  D:\KEIL C51\C51\LIB\C51C.LIB (?C_INIT)


LINK MAP OF MODULE:  ST7796S_CTC35_ZT_4W1L (MAIN)


            TYPE    BASE      LENGTH    RELOCATION   SEGMENT NAME
            -----------------------------------------------------

            * * * * * * *   D A T A   M E M O R Y   * * * * * * *
            REG     0000H     0008H     ABSOLUTE     "REG BANK 0"
            DATA    0008H     0001H     UNIT         ?C?LIB_DATA
            IDATA   0009H     0001H     UNIT         ?STACK
BL51 BANKED LINKER/LOCATER V6.22                                                      12/04/2021  09:12:12  PAGE 2



            * * * * * * *  X D A T A   M E M O R Y  * * * * * * *
            XDATA   0000H     0010H     INPAGE       ?PD?MAIN
            XDATA   0010H     0004H     INPAGE       ?PD?_MMC_SD_READSINGLEBLOCK?MMC_SD
            XDATA   0014H     0005H     INPAGE       ?PD?_DISPPIC?LCD
            XDATA   0019H     000DH     INPAGE       ?PD?_DISPPICFROMSD?LCD
            XDATA   0026H     0004H     INPAGE       ?PD?DISPSCALEHOR1?LCD
            XDATA   002AH     0004H     INPAGE       ?PD?DISPSCALEVER?LCD
            XDATA   002EH     0004H     INPAGE       ?PD?DISPSCALEVER_RED?LCD
            XDATA   0032H     0004H     INPAGE       ?PD?DISPSCALEVER_GREEN?LCD
            XDATA   0036H     0004H     INPAGE       ?PD?DISPSCALEVER_BLUE?LCD
            XDATA   003AH     0004H     INPAGE       ?PD?DISPSCALEVER_GRAY?LCD
            XDATA   003EH     0004H     INPAGE       ?PD?DISPGRAYHOR32?LCD
            XDATA   0042H     0002H     INPAGE       ?PD?DISPSCALEHOR2?LCD
            XDATA   0044H     000CH     INPAGE       ?PD?_DRAWLINE?LCD
            XDATA   0050H     0004H     INPAGE       ?PD?_DRAWGIRD?LCD
            XDATA   0054H     0002H     INPAGE       ?PD?LCD
            XDATA   0056H     0024H     INPAGE       _PDATA_GROUP_
            XDATA   007AH     0200H     UNIT         ?XD?MMC_SD
            XDATA   027AH     0058H     UNIT         _XDATA_GROUP_
            XDATA   02D2H     0040H     UNIT         ?XD?MAIN
                    0312H     032EH                  *** GAP ***
            XDATA   0640H     0100H     ABSOLUTE     
            XDATA   0740H     0012H     ABSOLUTE     
            XDATA   0752H     0020H     ABSOLUTE     
            XDATA   0772H     000CH     ABSOLUTE     
            XDATA   077EH     0008H     ABSOLUTE     
            XDATA   0786H     0001H     ABSOLUTE     
            XDATA   0787H     0003H     ABSOLUTE     
            XDATA   078AH     0002H     ABSOLUTE     
            XDATA   078CH     0002H     ABSOLUTE     
            XDATA   078EH     0003H     ABSOLUTE     
            XDATA   0791H     0001H     ABSOLUTE     
            XDATA   0792H     0001H     ABSOLUTE     
            XDATA   0793H     0001H     ABSOLUTE     
            XDATA   0794H     0001H     ABSOLUTE     
            XDATA   0795H     0002H     ABSOLUTE     
            XDATA   0797H     0002H     ABSOLUTE     
            XDATA   0799H     0001H     ABSOLUTE     
            XDATA   079AH     0001H     ABSOLUTE     
            XDATA   079BH     0001H     ABSOLUTE     
            XDATA   079CH     0001H     ABSOLUTE     
            XDATA   079DH     0001H     ABSOLUTE     
            XDATA   079EH     0001H     ABSOLUTE     
            XDATA   079FH     0002H     ABSOLUTE     
            XDATA   07A1H     0001H     ABSOLUTE     
            XDATA   07A2H     0001H     ABSOLUTE     
            XDATA   07A3H     000CH     ABSOLUTE     
                    07AFH     0011H                  *** GAP ***
            XDATA   07C0H     0040H     ABSOLUTE     

            * * * * * * *   C O D E   M E M O R Y   * * * * * * *
            CODE    0000H     0003H     ABSOLUTE     
            CODE    0003H     0040H     UNIT         ?PR?_WRITEDISPDATA?LCD
            CODE    0043H     0003H     ABSOLUTE     
            CODE    0046H     0044H     UNIT         ?PR?_DISPCOLOR?LCD
                    008AH     0001H                  *** GAP ***
BL51 BANKED LINKER/LOCATER V6.22                                                      12/04/2021  09:12:12  PAGE 3


            CODE    008BH     0003H     ABSOLUTE     
            CODE    008EH     060DH     UNIT         ?PR?CONNTOUSB?MAIN
            CODE    069BH     0600H     UNIT         ?CO?LCD
            CODE    0C9BH     0545H     UNIT         ?C?LIB_CODE
            CODE    11E0H     0233H     UNIT         ?PR?USBXCORE_HANDLE_SETUP?USB_API
            CODE    1413H     0232H     UNIT         ?PR?_LCD_READ_IC_ID?LCD
            CODE    1645H     0220H     UNIT         ?PR?DISPSCALEHOR1?LCD
            CODE    1865H     01FCH     UNIT         ?PR?TP_DRAWLINE?TP
            CODE    1A61H     01BCH     UNIT         ?PR?DISPSCALEHOR2?LCD
            CODE    1C1DH     0190H     UNIT         ?PR?DISPBAND?LCD
            CODE    1DADH     0151H     UNIT         ?PR?USBXCORE_USB_ISR?USB_API
            CODE    1EFEH     014EH     UNIT         ?PR?LCD_INIT?LCD
            CODE    204CH     013DH     UNIT         ?PR?USB_API_TEST_ISR?MAIN
            CODE    2189H     0137H     UNIT         ?PR?_USB_INIT?USB_API
            CODE    22C0H     012AH     UNIT         ?PR?DISPSCALEVER?LCD
            CODE    23EAH     011BH     UNIT         ?PR?_TP_GETPOSITION?TP
            CODE    2505H     0111H     UNIT         ?PR?_BLOCK_WRITE?BLOCK_WRITE
            CODE    2616H     00E9H     UNIT         ?PR?_DISPPICFROMSD?LCD
            CODE    26FFH     00CDH     UNIT         ?PR?USBXCORE_VENDOR_USB_API?USB_API
            CODE    27CCH     00CBH     UNIT         ?PR?_DISPONECHAR?LCD
            CODE    2897H     00B7H     UNIT         ?PR?MMC_SD_RESET?MMC_SD
            CODE    294EH     00B4H     UNIT         ?PR?_DISPINT?LCD
            CODE    2A02H     00B2H     UNIT         ?PR?USBXCORE_GET_DESCRIPTOR?USB_API
            CODE    2AB4H     00AFH     UNIT         ?PR?_BLOCK_READ?BLOCK_READ
            CODE    2B63H     00AAH     UNIT         ?PR?DISPFRAME?LCD
            CODE    2C0DH     00A0H     UNIT         ?PR?DISPSCALEVER_GREEN?LCD
            CODE    2CADH     009CH     UNIT         ?PR?_?BLOCKWRITE?LCD
            CODE    2D49H     009BH     UNIT         ?PR?DISPGRAYHOR16?LCD
            CODE    2DE4H     0096H     UNIT         ?PR?_DISPSTR?LCD
            CODE    2E7AH     0093H     UNIT         ?PR?DISPSCALEVER_RED?LCD
            CODE    2F0DH     0093H     UNIT         ?PR?DISPSCALEVER_GRAY?LCD
            CODE    2FA0H     0090H     UNIT         ?PR?_DRAWGIRD?LCD
            CODE    3030H     008CH     UNIT         ?C_C51STARTUP
            CODE    30BCH     0088H     UNIT         ?PR?DISPSCALEVER_BLUE?LCD
            CODE    3144H     0086H     UNIT         ?PR?_DRAWLINE?LCD
            CODE    31CAH     007DH     UNIT         ?PR?_MMC_SD_WRITESINGLEBLOCK?MMC_SD
            CODE    3247H     0078H     UNIT         ?PR?DISPGRAYHOR32?LCD
            CODE    32BFH     0075H     UNIT         ?PR?_MMC_SD_SENDCOMMAND?MMC_SD
            CODE    3334H     0073H     UNIT         ?PR?TP_READ?TP
            CODE    33A7H     0073H     UNIT         ?PR?USBXCORE_GET_STATUS?USB_API
            CODE    341AH     006CH     UNIT         ?PR?DEVICES_INIT?MAIN
            CODE    3486H     0064H     UNIT         ?PR?_MMC_SD_READSINGLEBLOCK?MMC_SD
            CODE    34EAH     0063H     UNIT         ?PR?_DISPPIC?LCD
            CODE    354DH     005BH     UNIT         ?PR?_TOORD?LCD
            CODE    35A8H     005AH     UNIT         ?PR?USBXCORE_SET_CONFIGURATION?USB_API
            CODE    3602H     0058H     UNIT         ?PR?USBXCORE_CLEAR_FEATURE?USB_API
            CODE    365AH     0057H     UNIT         ?PR?USBXCORE_SET_FEATURE?USB_API
            CODE    36B1H     0055H     UNIT         ?PR?_STOPDELAY?MAIN
            CODE    3706H     0052H     UNIT         ?PR?_PUTPIXEL?LCD
            CODE    3758H     0050H     UNIT         ?CO?MAIN
            CODE    37A8H     0047H     UNIT         ?PR?USBXCORE_GET_CONFIGURATION?USB_API
            CODE    37EFH     0043H     UNIT         ?PR?MCU_INIT?MAIN
            CODE    3832H     003DH     UNIT         ?PR?MAIN?MAIN
            CODE    386FH     003AH     UNIT         ?CO?USB_API
            CODE    38A9H     0038H     UNIT         ?PR?USB_CLOCK_START?USB_CLOCK_START
            CODE    38E1H     002FH     UNIT         ?PR?_WRITEDATA?LCD
            CODE    3910H     002DH     UNIT         ?C_INITSEG
BL51 BANKED LINKER/LOCATER V6.22                                                      12/04/2021  09:12:12  PAGE 4


            CODE    393DH     002BH     UNIT         ?PR?_WRITECOMM?LCD
            CODE    3968H     002BH     UNIT         ?PR?USB_SUSPEND?USB_SUSPEND
            CODE    3993H     0027H     UNIT         ?PR?USBXCORE_USB_RESET?USB_API
            CODE    39BAH     0027H     UNIT         ?PR?USBXCORE_GET_INTERFACE?USB_API
            CODE    39E1H     0026H     UNIT         ?PR?_TP_WRITE?TP
            CODE    3A07H     0022H     UNIT         ?PR?USBXCORE_JUMP_ISR?USB_JUMP_ISR
            CODE    3A29H     0020H     UNIT         ?PR?USBXCORE_SET_ADDRESS?USB_API
            CODE    3A49H     001FH     UNIT         ?PR?_DELAY?MAIN
            CODE    3A68H     001DH     UNIT         ?PR?USBXCORE_FORCE_STALL?USB_API
            CODE    3A85H     0019H     UNIT         ?PR?USB_INT_ENABLE?USB_INT_ENABLE
            CODE    3A9EH     0016H     UNIT         ?PR?_SPI_WRITEBYTE?MMC_SD
            CODE    3AB4H     0016H     UNIT         ?PR?READDATA?LCD
            CODE    3ACAH     0014H     UNIT         ?PR?USBXCORE_SET_SOP?USB_API
            CODE    3ADEH     0013H     UNIT         ?PR?WAITKEY?MAIN
            CODE    3AF1H     0011H     UNIT         ?PR?SD_INIT?MMC_SD
            CODE    3B02H     000EH     UNIT         ?PR?GET_INTERRUPT_SOURCE?GET_INTERRUPT_SOURCE
            CODE    3B10H     000CH     UNIT         ?PR?USBXCORE_CLKREC?USB_CLOCK_RECOVERY
            CODE    3B1CH     000BH     UNIT         ?PR?SPI_READBYTE?MMC_SD
            CODE    3B27H     0009H     UNIT         ?PR?_WRITEONEDOT?LCD
            CODE    3B30H     0008H     UNIT         ?CO?TP
            CODE    3B38H     0003H     UNIT         ?PR?SUSPEND_DEVICE?MAIN



OVERLAY MAP OF MODULE:   ST7796S_CTC35_ZT_4W1L (MAIN)


SEGMENT                                            PDATA_GROUP         XDATA_GROUP
  +--> CALLED SEGMENT                            START    LENGTH     START    LENGTH
------------------------------------------------------------------------------------
?PR?USB_API_TEST_ISR?MAIN                        0056H    0001H      -----    -----
  +--> ?PR?GET_INTERRUPT_SOURCE?GET_INTERRUP...
  +--> ?PR?_BLOCK_READ?BLOCK_READ
  +--> ?PR?SUSPEND_DEVICE?MAIN
  +--> ?PR?MCU_INIT?MAIN
  +--> ?PR?_?BLOCKWRITE?LCD

?PR?SUSPEND_DEVICE?MAIN                          -----    -----      -----    -----
  +--> ?PR?USB_SUSPEND?USB_SUSPEND

?PR?USB_SUSPEND?USB_SUSPEND                      -----    -----      -----    -----
  +--> ?PR?USB_CLOCK_START?USB_CLOCK_START

?PR?_?BLOCKWRITE?LCD                             -----    -----      -----    -----
  +--> ?PR?_WRITECOMM?LCD
  +--> ?PR?_WRITEDATA?LCD

?PR?_WRITECOMM?LCD                               0079H    0001H      -----    -----

?PR?_WRITEDATA?LCD                               0079H    0001H      -----    -----

*** NEW ROOT ***************************************************

?PR?USBXCORE_USB_ISR?USB_API                     -----    -----      -----    -----
  +--> ?PR?USBXCORE_USB_RESET?USB_API
  +--> ?PR?USBXCORE_HANDLE_SETUP?USB_API
  +--> ?PR?USBXCORE_JUMP_ISR?USB_JUMP_ISR
BL51 BANKED LINKER/LOCATER V6.22                                                      12/04/2021  09:12:12  PAGE 5



?PR?USBXCORE_HANDLE_SETUP?USB_API                -----    -----      -----    -----
  +--> ?PR?USBXCORE_GET_STATUS?USB_API
  +--> ?PR?USBXCORE_CLEAR_FEATURE?USB_API
  +--> ?PR?USBXCORE_VENDOR_USB_API?USB_API
  +--> ?PR?USBXCORE_SET_FEATURE?USB_API
  +--> ?PR?USBXCORE_SET_ADDRESS?USB_API
  +--> ?PR?USBXCORE_GET_DESCRIPTOR?USB_API
  +--> ?PR?USBXCORE_GET_CONFIGURATION?USB_API
  +--> ?PR?USBXCORE_SET_CONFIGURATION?USB_API
  +--> ?PR?USBXCORE_GET_INTERFACE?USB_API
  +--> ?PR?USBXCORE_SET_SOP?USB_API
  +--> ?PR?USBXCORE_FORCE_STALL?USB_API

?PR?USBXCORE_GET_STATUS?USB_API                  -----    -----      -----    -----
  +--> ?CO?USB_API
  +--> ?PR?USBXCORE_FORCE_STALL?USB_API
  +--> ?PR?USBXCORE_SET_SOP?USB_API

?PR?USBXCORE_CLEAR_FEATURE?USB_API               -----    -----      -----    -----
  +--> ?PR?USBXCORE_FORCE_STALL?USB_API
  +--> ?PR?USBXCORE_SET_SOP?USB_API

?PR?USBXCORE_VENDOR_USB_API?USB_API              -----    -----      -----    -----
  +--> ?PR?USBXCORE_SET_SOP?USB_API

?PR?USBXCORE_SET_FEATURE?USB_API                 -----    -----      -----    -----
  +--> ?PR?USBXCORE_FORCE_STALL?USB_API
  +--> ?PR?USBXCORE_SET_SOP?USB_API

?PR?USBXCORE_SET_ADDRESS?USB_API                 -----    -----      -----    -----
  +--> ?PR?USBXCORE_SET_SOP?USB_API

?PR?USBXCORE_GET_DESCRIPTOR?USB_API              -----    -----      -----    -----
  +--> ?PR?USBXCORE_FORCE_STALL?USB_API
  +--> ?PR?USBXCORE_SET_SOP?USB_API

?PR?USBXCORE_GET_CONFIGURATION?USB_API           -----    -----      -----    -----
  +--> ?CO?USB_API
  +--> ?PR?USBXCORE_SET_SOP?USB_API

?PR?USBXCORE_SET_CONFIGURATION?USB_API           -----    -----      -----    -----
  +--> ?PR?USBXCORE_SET_SOP?USB_API

?PR?USBXCORE_GET_INTERFACE?USB_API               -----    -----      -----    -----
  +--> ?CO?USB_API
  +--> ?PR?USBXCORE_SET_SOP?USB_API

*** NEW ROOT ***************************************************

?C_C51STARTUP                                    -----    -----      -----    -----
  +--> ?PR?MAIN?MAIN
  +--> ?C_INITSEG

?PR?MAIN?MAIN                                    -----    -----      -----    -----
  +--> ?PR?DEVICES_INIT?MAIN
  +--> ?PR?DISPFRAME?LCD
BL51 BANKED LINKER/LOCATER V6.22                                                      12/04/2021  09:12:12  PAGE 6


  +--> ?PR?_STOPDELAY?MAIN
  +--> ?PR?WAITKEY?MAIN
  +--> ?PR?_DISPCOLOR?LCD
  +--> ?PR?DISPGRAYHOR16?LCD
  +--> ?PR?DISPBAND?LCD
  +--> ?PR?TP_DRAWLINE?TP

?PR?DEVICES_INIT?MAIN                            -----    -----      -----    -----
  +--> ?PR?MCU_INIT?MAIN
  +--> ?PR?USB_CLOCK_START?USB_CLOCK_START
  +--> ?CO?MAIN
  +--> ?PR?_USB_INIT?USB_API
  +--> ?PR?USB_INT_ENABLE?USB_INT_ENABLE
  +--> ?PR?LCD_INIT?LCD

?PR?_USB_INIT?USB_API                            -----    -----      027AH    0011H
  +--> ?CO?USB_API
  +--> ?PR?USBXCORE_CLKREC?USB_CLOCK_RECOVERY

?PR?LCD_INIT?LCD                                 -----    -----      -----    -----
  +--> ?PR?READDATA?LCD
  +--> ?PR?_DELAY?MAIN
  +--> ?PR?_WRITECOMM?LCD
  +--> ?PR?_WRITEDATA?LCD

?PR?READDATA?LCD                                 -----    -----      -----    -----
  +--> ?PR?_LCD_READ_IC_ID?LCD

?PR?_LCD_READ_IC_ID?LCD                          0061H    0008H      -----    -----

?PR?DISPFRAME?LCD                                0058H    0002H      -----    -----
  +--> ?PR?_?BLOCKWRITE?LCD
  +--> ?PR?_WRITEDISPDATA?LCD

?PR?_STOPDELAY?MAIN                              0058H    0004H      -----    -----
  +--> ?PR?WAITKEY?MAIN
  +--> ?PR?_DELAY?MAIN

?PR?WAITKEY?MAIN                                 -----    -----      -----    -----
  +--> ?PR?CONNTOUSB?MAIN
  +--> ?PR?_DELAY?MAIN

?PR?CONNTOUSB?MAIN                               005CH    0005H      027AH    0058H
  +--> ?CO?MAIN
  +--> ?PR?_WRITECOMM?LCD
  +--> ?PR?_WRITEDATA?LCD
  +--> ?PR?_DISPSTR?LCD
  +--> ?PR?_DISPINT?LCD
  +--> ?PR?_WRITEDISPDATA?LCD
  +--> ?PR?_MMC_SD_WRITESINGLEBLOCK?MMC_SD
  +--> ?PR?_BLOCK_WRITE?BLOCK_WRITE
  +--> ?PR?READDATA?LCD
  +--> ?PR?_DELAY?MAIN

?PR?_DISPSTR?LCD                                 0061H    000BH      -----    -----
  +--> ?PR?_TOORD?LCD
  +--> ?PR?_DISPONECHAR?LCD
BL51 BANKED LINKER/LOCATER V6.22                                                      12/04/2021  09:12:12  PAGE 7



?PR?_DISPONECHAR?LCD                             006CH    000DH      -----    -----
  +--> ?PR?_?BLOCKWRITE?LCD
  +--> ?CO?LCD
  +--> ?PR?_WRITEONEDOT?LCD

?PR?_WRITEONEDOT?LCD                             -----    -----      -----    -----
  +--> ?PR?_WRITEDISPDATA?LCD

?PR?_DISPINT?LCD                                 0061H    000AH      -----    -----
  +--> ?PR?_DISPONECHAR?LCD

?PR?_MMC_SD_WRITESINGLEBLOCK?MMC_SD              0061H    0004H      -----    -----
  +--> ?PR?_MMC_SD_SENDCOMMAND?MMC_SD
  +--> ?PR?_SPI_WRITEBYTE?MMC_SD

?PR?_MMC_SD_SENDCOMMAND?MMC_SD                   0065H    0005H      -----    -----
  +--> ?PR?_SPI_WRITEBYTE?MMC_SD

?PR?_DISPCOLOR?LCD                               0058H    0004H      -----    -----
  +--> ?PR?_?BLOCKWRITE?LCD
  +--> ?PR?_WRITEDISPDATA?LCD

?PR?DISPGRAYHOR16?LCD                            0058H    0004H      -----    -----
  +--> ?PR?_?BLOCKWRITE?LCD
  +--> ?PR?_WRITEDISPDATA?LCD

?PR?DISPBAND?LCD                                 0058H    0005H      -----    -----
  +--> ?PR?_?BLOCKWRITE?LCD
  +--> ?PR?_WRITEDISPDATA?LCD

?PR?TP_DRAWLINE?TP                               -----    -----      027AH    0018H
  +--> ?PR?_DISPCOLOR?LCD
  +--> ?CO?TP
  +--> ?PR?_DISPSTR?LCD
  +--> ?PR?_DELAY?MAIN
  +--> ?PR?_TP_GETPOSITION?TP
  +--> ?PR?_PUTPIXEL?LCD

?PR?_TP_GETPOSITION?TP                           -----    -----      0292H    001BH
  +--> ?PR?_TP_WRITE?TP
  +--> ?PR?TP_READ?TP

?PR?_TP_WRITE?TP                                 -----    -----      02ADH    0001H

?PR?TP_READ?TP                                   -----    -----      02ADH    0005H

?PR?_PUTPIXEL?LCD                                0058H    0002H      -----    -----
  +--> ?PR?_?BLOCKWRITE?LCD
  +--> ?PR?_WRITEDISPDATA?LCD



SYMBOL TABLE OF MODULE:  ST7796S_CTC35_ZT_4W1L (MAIN)

  VALUE           TYPE          NAME
  ----------------------------------
BL51 BANKED LINKER/LOCATER V6.22                                                      12/04/2021  09:12:12  PAGE 8



  -------         MODULE        MAIN
  C:0000H         SYMBOL        _ICE_DUMMY_
  D:0080H         PUBLIC        P0
  X:0000H         PUBLIC        f_down
  D:0090H         PUBLIC        P1
  D:00A0H         PUBLIC        P2
  D:00B0H         PUBLIC        P3
  C:37A3H         PUBLIC        USB_MaxPower
  B:00B0H.6       PUBLIC        KEY_STEP
  D:00A4H         PUBLIC        P0MDOUT
  D:00A5H         PUBLIC        P1MDOUT
  D:00A6H         PUBLIC        P2MDOUT
  D:00A7H         PUBLIC        P3MDOUT
  D:00AEH         PUBLIC        P4MDOUT
  B:0080H.6       PUBLIC        OE
  D:00D9H         PUBLIC        PCA0MD
  C:204CH         PUBLIC        USB_API_TEST_ISR
  C:3B38H         PUBLIC        Suspend_Device
  C:36B5H         PUBLIC        _StopDelay
  D:00E1H         PUBLIC        XBR0
  D:00E2H         PUBLIC        XBR1
  B:00B0H.1       PUBLIC        RS
  C:3832H         PUBLIC        main
  X:0001H         PUBLIC        VerifyCode0
  X:0002H         PUBLIC        VerifyCode1
  C:376DH         PUBLIC        USB_PID
  X:0003H         PUBLIC        VerifyCode2
  D:00F1H         PUBLIC        P0MDIN
  D:00F2H         PUBLIC        P1MDIN
  C:376FH         PUBLIC        USB_MfrStr
  D:00F4H         PUBLIC        P3MDIN
  C:376BH         PUBLIC        USB_VID
  D:00F8H         PUBLIC        SPI0CN
  X:0004H         PUBLIC        pic
  C:341AH         PUBLIC        Devices_Init
  C:008EH         PUBLIC        ConnToUSB
  D:00A9H         PUBLIC        CLKSEL
  D:00B2H         PUBLIC        OSCICN
  C:37A4H         PUBLIC        USB_PwAttributes
  C:3ADEH         PUBLIC        WaitKey
  C:37A7H         SYMBOL        _?ix1000
  B:00A0H.0       PUBLIC        CS0
  X:0005H         PUBLIC        bf
  C:37A5H         PUBLIC        USB_bcdDevice
  D:00B9H         PUBLIC        CLKMUL
  X:0007H         PUBLIC        f_debug
  X:0008H         PUBLIC        sd
  X:02D2H         PUBLIC        Packet
  C:37EFH         PUBLIC        MCU_Init
  B:0080H.7       PUBLIC        DIR
  D:00EFH         PUBLIC        RSTSRC
  X:000CH         PUBLIC        f_read
  C:3799H         PUBLIC        USB_SerialStr
  X:000DH         PUBLIC        f_other
  C:3789H         PUBLIC        USB_ProductStr
  X:000EH         PUBLIC        f_para
BL51 BANKED LINKER/LOCATER V6.22                                                      12/04/2021  09:12:12  PAGE 9


  D:00A1H         PUBLIC        SPI0CFG
  C:3A49H         PUBLIC        _Delay
  B:00B0H.7       PUBLIC        KEY_Stop
  X:000FH         PUBLIC        f_init
  -------         PROC          MAIN
  C:3832H         LINE#         40
  C:3832H         LINE#         41
  C:3832H         LINE#         61
  C:3835H         LINE#         63
  C:3838H         LINE#         64
  C:3838H         LINE#         67
  C:3841H         LINE#         68
  C:384EH         LINE#         73
  C:3857H         LINE#         74
  C:3860H         LINE#         75
  C:3869H         LINE#         79
  C:386CH         LINE#         81
  C:386EH         LINE#         82
  -------         ENDPROC       MAIN
  -------         PROC          _DELAY
  D:0006H         SYMBOL        dly
  -------         DO            
  D:0004H         SYMBOL        i
  D:0002H         SYMBOL        j
  -------         ENDDO         
  C:3A49H         LINE#         85
  C:3A49H         LINE#         86
  C:3A49H         LINE#         89
  C:3A53H         LINE#         90
  C:3A67H         LINE#         91
  -------         ENDPROC       _DELAY
  C:36B1H         SYMBOL        L?0133
  -------         PROC          L?0132
  -------         ENDPROC       L?0132
  C:36B1H         SYMBOL        L?0133
  -------         PROC          _STOPDELAY
  X:0058H         SYMBOL        sdly
  -------         DO            
  D:0006H         SYMBOL        i
  D:0004H         SYMBOL        j
  X:005AH         SYMBOL        k
  -------         ENDDO         
  C:36B5H         LINE#         93
  C:36BCH         LINE#         94
  C:36BCH         LINE#         96
  C:36C1H         LINE#         97
  C:36C1H         LINE#         98
  C:36C4H         LINE#         99
  C:36C4H         LINE#         100
  C:36D1H         LINE#         101
  C:36E5H         LINE#         1999
  C:36E5H         LINE#         2001
  C:36E5H         LINE#         2002
  C:36EFH         LINE#         2003
  C:36EFH         LINE#         2004
  C:3705H         LINE#         2005
  -------         ENDPROC       _STOPDELAY
BL51 BANKED LINKER/LOCATER V6.22                                                      12/04/2021  09:12:12  PAGE 10


  -------         PROC          WAITKEY
  C:3ADEH         LINE#         2035
  C:3ADEH         LINE#         2036
  C:3ADEH         LINE#         2038
  C:3AE1H         LINE#         2039
  C:3AE1H         LINE#         2041
  C:3AE4H         LINE#         2043
  C:3AE6H         LINE#         2044
  C:3AEDH         LINE#         2045
  C:3AF0H         LINE#         2047
  -------         ENDPROC       WAITKEY
  -------         PROC          CONNTOUSB
  -------         DO            
  X:005CH         SYMBOL        i
  X:027AH         SYMBOL        reg_data
  X:0292H         SYMBOL        para_data
  D:0007H         SYMBOL        dat
  X:005DH         SYMBOL        reg_index
  X:005FH         SYMBOL        data_num
  X:0060H         SYMBOL        st
  -------         ENDDO         
  C:008EH         LINE#         2053
  C:008EH         LINE#         2054
  C:008EH         LINE#         2061
  C:00A1H         LINE#         2063
  C:00A9H         LINE#         2064
  C:00A9H         LINE#         2065
  C:00B7H         LINE#         2066
  C:00B7H         LINE#         2067
  C:00C8H         LINE#         2068
  C:00C8H         LINE#         2069
  C:00EEH         LINE#         2070
  C:00F0H         LINE#         2071
  C:0104H         LINE#         2072
  C:0104H         LINE#         2073
  C:012AH         LINE#         2075
  C:012AH         LINE#         2076
  C:012AH         LINE#         2077
  C:012AH         LINE#         2079
  C:012AH         LINE#         2080
  C:0132H         LINE#         2081
  C:013CH         LINE#         2082
  C:0146H         LINE#         2084
  C:0162H         LINE#         2086
  C:016CH         LINE#         2087
  C:016CH         LINE#         2088
  C:017DH         LINE#         2089
  C:017DH         LINE#         2090
  C:018EH         LINE#         2091
  C:018EH         LINE#         2092
  C:01E1H         LINE#         2093
  C:01E3H         LINE#         2094
  C:01F9H         LINE#         2095
  C:01F9H         LINE#         2096
  C:024BH         LINE#         2097
  C:024BH         LINE#         2098
  C:024BH         LINE#         2099
BL51 BANKED LINKER/LOCATER V6.22                                                      12/04/2021  09:12:12  PAGE 11


  C:024BH         LINE#         2101
  C:024BH         LINE#         2102
  C:0253H         LINE#         2103
  C:0253H         LINE#         2104
  C:025DH         LINE#         2105
  C:0267H         LINE#         2107
  C:026BH         LINE#         2108
  C:026EH         LINE#         2112
  C:0276H         LINE#         2113
  C:0276H         LINE#         2114
  C:0285H         LINE#         2115
  C:0285H         LINE#         2116
  C:0287H         LINE#         2118
  C:0289H         LINE#         2119
  C:02A5H         LINE#         2120
  C:02A7H         LINE#         2122
  C:02D0H         LINE#         2123
  C:02F4H         LINE#         2124
  C:02FEH         LINE#         2125
  C:02FEH         LINE#         2126
  C:0306H         LINE#         2127
  C:030DH         LINE#         2128
  C:0318H         LINE#         2129
  C:031EH         LINE#         2130
  C:031EH         LINE#         2131
  C:0327H         LINE#         2133
  C:032BH         LINE#         2134
  C:0337H         LINE#         2135
  C:033AH         LINE#         2138
  C:0342H         LINE#         2139
  C:0342H         LINE#         2140
  C:034BH         LINE#         2141
  C:034BH         LINE#         2142
  C:035BH         LINE#         2143
  C:035BH         LINE#         2144
  C:035DH         LINE#         2146
  C:035FH         LINE#         2147
  C:037BH         LINE#         2148
  C:037DH         LINE#         2150
  C:03A6H         LINE#         2151
  C:03CAH         LINE#         2153
  C:03D4H         LINE#         2154
  C:03D4H         LINE#         2155
  C:03DCH         LINE#         2156
  C:03E3H         LINE#         2157
  C:03EEH         LINE#         2158
  C:03F4H         LINE#         2159
  C:03F4H         LINE#         2161
  C:03FDH         LINE#         2167
  C:03FDH         LINE#         2168
  C:040AH         LINE#         2169
  C:040AH         LINE#         2170
  C:040CH         LINE#         2172
  C:040EH         LINE#         2173
  C:042AH         LINE#         2174
  C:042CH         LINE#         2176
  C:0434H         LINE#         2177
BL51 BANKED LINKER/LOCATER V6.22                                                      12/04/2021  09:12:12  PAGE 12


  C:0438H         LINE#         2178
  C:0444H         LINE#         2179
  C:0444H         LINE#         2180
  C:0447H         LINE#         2183
  C:044FH         LINE#         2184
  C:044FH         LINE#         2185
  C:0460H         LINE#         2186
  C:0460H         LINE#         2187
  C:046DH         LINE#         2188
  C:046DH         LINE#         2189
  C:048BH         LINE#         2190
  C:048DH         LINE#         2191
  C:049DH         LINE#         2192
  C:049DH         LINE#         2193
  C:04BBH         LINE#         2194
  C:04BDH         LINE#         2195
  C:04CEH         LINE#         2196
  C:04CEH         LINE#         2197
  C:04D8H         LINE#         2198
  C:04E2H         LINE#         2199
  C:04E2H         LINE#         2200
  C:04E2H         LINE#         2201
  C:04E2H         LINE#         2203
  C:04E2H         LINE#         2204
  C:04EBH         LINE#         2205
  C:04EFH         LINE#         2206
  C:04FBH         LINE#         2207
  C:04FEH         LINE#         2210
  C:0506H         LINE#         2211
  C:0506H         LINE#         2212
  C:0513H         LINE#         2213
  C:0524H         LINE#         2215
  C:052DH         LINE#         2216
  C:053CH         LINE#         2218
  C:0544H         LINE#         2219
  C:0544H         LINE#         2220
  C:054DH         LINE#         2221
  C:055CH         LINE#         2222
  C:055CH         LINE#         2223
  C:055FH         LINE#         2224
  C:056EH         LINE#         2225
  C:057AH         LINE#         2226
  C:0580H         LINE#         2227
  C:0580H         LINE#         2229
  C:0584H         LINE#         2230
  C:0593H         LINE#         2232
  C:059AH         LINE#         2233
  C:05B6H         LINE#         2234
  C:05C0H         LINE#         2235
  C:05C0H         LINE#         2236
  C:05E6H         LINE#         2237
  C:05F9H         LINE#         2238
  C:05F9H         LINE#         2239
  C:064BH         LINE#         2240
  C:0653H         LINE#         2241
  C:0653H         LINE#         2242
  C:0653H         LINE#         2245
BL51 BANKED LINKER/LOCATER V6.22                                                      12/04/2021  09:12:12  PAGE 13


  C:0658H         LINE#         2246
  C:0658H         LINE#         2247
  C:0665H         LINE#         2248
  C:0676H         LINE#         2250
  C:067CH         LINE#         2251
  C:0680H         LINE#         2252
  C:0684H         LINE#         2253
  C:0688H         LINE#         2255
  C:068CH         LINE#         2256
  C:0698H         LINE#         2257
  C:069AH         LINE#         2258
  -------         ENDPROC       CONNTOUSB
  -------         PROC          MCU_INIT
  -------         DO            
  D:0007H         SYMBOL        n
  -------         ENDDO         
  C:37EFH         LINE#         2261
  C:37EFH         LINE#         2262
  C:37EFH         LINE#         2264
  C:37F2H         LINE#         2267
  C:37F5H         LINE#         2268
  C:37F8H         LINE#         2270
  C:37FBH         LINE#         2272
  C:3801H         LINE#         2274
  C:3804H         LINE#         2275
  C:3809H         LINE#         2276
  C:380CH         LINE#         2278
  C:380FH         LINE#         2281
  C:3812H         LINE#         2282
  C:3815H         LINE#         2284
  C:3818H         LINE#         2285
  C:381BH         LINE#         2287
  C:381EH         LINE#         2288
  C:3821H         LINE#         2290
  C:3824H         LINE#         2291
  C:3827H         LINE#         2292
  C:3829H         LINE#         2293
  C:382BH         LINE#         2295
  C:382EH         LINE#         2296
  C:3831H         LINE#         2298
  -------         ENDPROC       MCU_INIT
  -------         PROC          DEVICES_INIT
  C:341AH         LINE#         2300
  C:341AH         LINE#         2301
  C:341AH         LINE#         2303
  C:341DH         LINE#         2306
  C:3420H         LINE#         2307
  C:347AH         LINE#         2308
  C:347DH         LINE#         2311
  C:3480H         LINE#         2312
  C:3483H         LINE#         2320
  -------         ENDPROC       DEVICES_INIT
  -------         PROC          SUSPEND_DEVICE
  C:3B38H         LINE#         2324
  C:3B38H         LINE#         2325
  C:3B38H         LINE#         2326
  -------         ENDPROC       SUSPEND_DEVICE
BL51 BANKED LINKER/LOCATER V6.22                                                      12/04/2021  09:12:12  PAGE 14


  -------         PROC          USB_API_TEST_ISR
  -------         DO            
  X:0056H         SYMBOL        INTVAL
  -------         ENDDO         
  C:204CH         LINE#         2330
  C:2069H         LINE#         2332
  C:2070H         LINE#         2334
  C:2076H         LINE#         2335
  C:2076H         LINE#         2336
  C:2081H         LINE#         2338
  C:209DH         LINE#         2339
  C:209DH         LINE#         2340
  C:209FH         LINE#         2341
  C:20A1H         LINE#         2342
  C:20B7H         LINE#         2343
  C:20B7H         LINE#         2344
  C:20B9H         LINE#         2345
  C:20BBH         LINE#         2346
  C:20D3H         LINE#         2347
  C:20D3H         LINE#         2348
  C:20D5H         LINE#         2349
  C:20D7H         LINE#         2350
  C:20F1H         LINE#         2351
  C:20F1H         LINE#         2352
  C:20F3H         LINE#         2353
  C:20F5H         LINE#         2354
  C:210AH         LINE#         2355
  C:210AH         LINE#         2356
  C:210CH         LINE#         2357
  C:210EH         LINE#         2359
  C:210EH         LINE#         2360
  C:2113H         LINE#         2361
  C:2113H         LINE#         2362
  C:2113H         LINE#         2364
  C:2113H         LINE#         2365
  C:2113H         LINE#         2367
  C:2113H         LINE#         2369
  C:2119H         LINE#         2370
  C:2119H         LINE#         2371
  C:211CH         LINE#         2372
  C:211CH         LINE#         2374
  C:2122H         LINE#         2375
  C:2122H         LINE#         2376
  C:2125H         LINE#         2377
  C:2125H         LINE#         2379
  C:212BH         LINE#         2380
  C:212BH         LINE#         2381
  C:2147H         LINE#         2382
  C:2147H         LINE#         2384
  C:214DH         LINE#         2385
  C:214DH         LINE#         2386
  C:2152H         LINE#         2387
  C:216EH         LINE#         2388
  C:216EH         LINE#         2389
  -------         ENDPROC       USB_API_TEST_ISR
  -------         ENDMOD        MAIN

BL51 BANKED LINKER/LOCATER V6.22                                                      12/04/2021  09:12:12  PAGE 15


  -------         MODULE        MMC_SD
  C:0000H         SYMBOL        _ICE_DUMMY_
  D:00A2H         PUBLIC        SPI0CKR
  D:0080H         PUBLIC        P0
  D:0090H         PUBLIC        P1
  D:00A0H         PUBLIC        P2
  D:00B0H         PUBLIC        P3
  C:32BFH         PUBLIC        _MMC_SD_SendCommand
  C:3486H         PUBLIC        _MMC_SD_ReadSingleBlock
  C:3AF1H         PUBLIC        SD_Init
  C:31CAH         PUBLIC        _MMC_SD_WriteSingleBlock
  B:00F8H.7       PUBLIC        SPIF
  B:00F8H.2       PUBLIC        NSSMD0
  C:2897H         PUBLIC        MMC_SD_Reset
  D:00A9H         PUBLIC        CLKSEL
  C:3B1CH         PUBLIC        SPI_ReadByte
  C:3AAAH         PUBLIC        _SPI_WriteByte
  D:00A3H         PUBLIC        SPI0DAT
  X:007AH         PUBLIC        buffer
  C:3A9EH         SYMBOL        L?0062
  C:3AA3H         SYMBOL        L?0063
  -------         PROC          L?0061
  -------         ENDPROC       L?0061
  C:3A9EH         SYMBOL        L?0062
  C:3AA3H         SYMBOL        L?0063
  -------         PROC          _SPI_WRITEBYTE
  D:0007H         SYMBOL        val
  -------         DO            
  D:0007H         SYMBOL        ret
  -------         ENDDO         
  C:3AAAH         LINE#         7
  C:3AAAH         LINE#         8
  C:3AAAH         LINE#         11
  C:3AACH         LINE#         12
  C:3AAFH         LINE#         13
  C:3AB1H         LINE#         14
  C:3AB3H         LINE#         15
  C:3AB3H         LINE#         16
  -------         ENDPROC       _SPI_WRITEBYTE
  -------         PROC          SPI_READBYTE
  -------         DO            
  D:0007H         SYMBOL        ret
  -------         ENDDO         
  C:3B1CH         LINE#         18
  C:3B1CH         LINE#         19
  C:3B1CH         LINE#         22
  C:3B1FH         LINE#         23
  C:3B22H         LINE#         24
  C:3B24H         LINE#         25
  C:3B26H         LINE#         26
  C:3B26H         LINE#         27
  -------         ENDPROC       SPI_READBYTE
  -------         PROC          _MMC_SD_SENDCOMMAND
  D:0006H         SYMBOL        cmd
  X:0066H         SYMBOL        arg
  -------         DO            
  D:0007H         SYMBOL        r1
BL51 BANKED LINKER/LOCATER V6.22                                                      12/04/2021  09:12:12  PAGE 16


  D:0003H         SYMBOL        retry
  -------         ENDDO         
  C:32BFH         LINE#         29
  C:32C1H         LINE#         30
  C:32C1H         LINE#         32
  C:32C3H         LINE#         34
  C:32C3H         LINE#         35
  C:32C3H         LINE#         36
  C:32C6H         LINE#         37
  C:32C6H         LINE#         38
  C:32C6H         LINE#         39
  C:32C9H         LINE#         41
  C:32CBH         LINE#         43
  C:32D2H         LINE#         44
  C:32E7H         LINE#         45
  C:32FCH         LINE#         46
  C:3311H         LINE#         47
  C:331BH         LINE#         48
  C:3320H         LINE#         50
  C:3328H         LINE#         51
  C:3331H         LINE#         53
  C:3333H         LINE#         55
  C:3333H         LINE#         56
  -------         ENDPROC       _MMC_SD_SENDCOMMAND
  -------         PROC          MMC_SD_RESET
  -------         DO            
  D:0005H         SYMBOL        i
  D:0002H         SYMBOL        retry
  D:0006H         SYMBOL        r1
  -------         ENDDO         
  C:2897H         LINE#         58
  C:2897H         LINE#         59
  C:2897H         LINE#         62
  C:2899H         LINE#         64
  C:289AH         LINE#         65
  C:289DH         LINE#         66
  C:28A0H         LINE#         68
  C:28A0H         LINE#         69
  C:28ACH         LINE#         70
  C:28BCH         LINE#         71
  C:28BDH         LINE#         72
  C:28C3H         LINE#         73
  C:28C7H         LINE#         75
  C:28C9H         LINE#         77
  C:28C9H         LINE#         79
  C:28C9H         LINE#         80
  C:28D9H         LINE#         81
  C:28DAH         LINE#         82
  C:28E3H         LINE#         83
  C:28E7H         LINE#         85
  C:28E9H         LINE#         86
  C:28F9H         LINE#         87
  C:28FAH         LINE#         88
  C:2903H         LINE#         89
  C:2906H         LINE#         91
  C:2909H         LINE#         92
  C:2909H         LINE#         93
BL51 BANKED LINKER/LOCATER V6.22                                                      12/04/2021  09:12:12  PAGE 17


  C:290BH         LINE#         95
  C:290BH         LINE#         96
  C:291BH         LINE#         97
  C:291CH         LINE#         98
  C:2925H         LINE#         99
  C:2928H         LINE#         100
  C:2928H         LINE#         101
  C:2938H         LINE#         103
  C:2946H         LINE#         104
  C:2949H         LINE#         105
  C:294CH         LINE#         106
  C:294DH         LINE#         107
  -------         ENDPROC       MMC_SD_RESET
  -------         PROC          _MMC_SD_READSINGLEBLOCK
  X:0010H         SYMBOL        sector
  -------         DO            
  D:0007H         SYMBOL        r1
  D:0004H         SYMBOL        i
  D:0002H         SYMBOL        retry
  -------         ENDDO         
  C:3486H         LINE#         109
  C:348BH         LINE#         110
  C:348BH         LINE#         113
  C:348DH         LINE#         115
  C:3490H         LINE#         117
  C:3490H         LINE#         118
  C:34ACH         LINE#         119
  C:34ADH         LINE#         120
  C:34B6H         LINE#         121
  C:34B9H         LINE#         124
  C:34BBH         LINE#         126
  C:34C1H         LINE#         128
  C:34C4H         LINE#         129
  C:34C4H         LINE#         130
  C:34D3H         LINE#         131
  C:34E0H         LINE#         133
  C:34E0H         LINE#         134
  C:34E3H         LINE#         136
  C:34E5H         LINE#         137
  C:34E8H         LINE#         138
  C:34E9H         LINE#         139
  -------         ENDPROC       _MMC_SD_READSINGLEBLOCK
  -------         PROC          _MMC_SD_WRITESINGLEBLOCK
  X:0061H         SYMBOL        sector
  -------         DO            
  D:0006H         SYMBOL        r1
  D:0004H         SYMBOL        i
  D:0002H         SYMBOL        retry
  -------         ENDDO         
  C:31CAH         LINE#         141
  C:31CFH         LINE#         142
  C:31CFH         LINE#         145
  C:31D1H         LINE#         147
  C:31D4H         LINE#         149
  C:31D4H         LINE#         150
  C:31F2H         LINE#         151
  C:31F3H         LINE#         152
BL51 BANKED LINKER/LOCATER V6.22                                                      12/04/2021  09:12:12  PAGE 18


  C:31FCH         LINE#         153
  C:31FFH         LINE#         157
  C:3201H         LINE#         159
  C:3206H         LINE#         161
  C:320BH         LINE#         163
  C:320DH         LINE#         164
  C:320DH         LINE#         165
  C:321CH         LINE#         166
  C:3229H         LINE#         168
  C:3229H         LINE#         169
  C:3229H         LINE#         171
  C:322EH         LINE#         173
  C:3235H         LINE#         174
  C:3235H         LINE#         175
  C:3237H         LINE#         176
  C:3238H         LINE#         177
  C:3238H         LINE#         179
  C:3240H         LINE#         181
  C:3242H         LINE#         182
  C:3245H         LINE#         183
  C:3246H         LINE#         184
  -------         ENDPROC       _MMC_SD_WRITESINGLEBLOCK
  -------         PROC          SD_INIT
  -------         DO            
  D:0001H         SYMBOL        n
  -------         ENDDO         
  C:3AF1H         LINE#         187
  C:3AF1H         LINE#         188
  C:3AF1H         LINE#         189
  C:3AF3H         LINE#         191
  C:3AF9H         LINE#         192
  C:3AF9H         LINE#         193
  C:3AFAH         LINE#         194
  C:3B01H         LINE#         196
  -------         ENDPROC       SD_INIT
  -------         ENDMOD        MMC_SD

  -------         MODULE        LCD
  C:0000H         SYMBOL        _ICE_DUMMY_
  D:0080H         PUBLIC        P0
  C:2B63H         PUBLIC        DispFrame
  D:0090H         PUBLIC        P1
  C:2C0DH         PUBLIC        DispScaleVer_Green
  D:00A0H         PUBLIC        P2
  D:00B0H         PUBLIC        P3
  C:1C1DH         PUBLIC        DispBand
  C:38E5H         PUBLIC        _WriteData
  C:069BH         PUBLIC        ascii
  C:1413H         PUBLIC        _LCD_Read_IC_ID
  D:00A6H         PUBLIC        P2MDOUT
  C:0046H         PUBLIC        _DispColor
  C:30BCH         PUBLIC        DispScaleVer_Blue
  C:2FA0H         PUBLIC        _DrawGird
  C:3144H         PUBLIC        _DrawLine
  B:00D0H.7       PUBLIC        CY
  C:393DH         PUBLIC        _WriteComm
  C:0018H         PUBLIC        _WriteDispData
BL51 BANKED LINKER/LOCATER V6.22                                                      12/04/2021  09:12:12  PAGE 19


  C:2F0DH         PUBLIC        DispScaleVer_Gray
  B:00B0H.1       PUBLIC        RS
  B:0090H.7       PUBLIC        SPI_CLK
  C:2E7AH         PUBLIC        DispScaleVer_Red
  D:00F3H         PUBLIC        P2MDIN
  C:22C0H         PUBLIC        DispScaleVer
  C:34EAH         PUBLIC        _DispPic
  C:27FCH         PUBLIC        _DispOneChar
  C:3247H         PUBLIC        DispGrayHor32
  C:2D49H         PUBLIC        DispGrayHor16
  C:294EH         PUBLIC        _DispInt
  C:3706H         PUBLIC        _PutPixel
  D:00A9H         PUBLIC        CLKSEL
  B:0090H.6       PUBLIC        RD0
  B:00A0H.0       PUBLIC        CS0
  X:0054H         PUBLIC        LCM_ID
  C:1EFEH         PUBLIC        LCD_Init
  C:2DE4H         PUBLIC        _DispStr
  B:0090H.7       PUBLIC        WR0
  C:1645H         PUBLIC        DispScaleHor1
  B:0090H.6       PUBLIC        SPI_DI
  C:3B27H         PUBLIC        _WriteOneDot
  C:1A61H         PUBLIC        DispScaleHor2
  C:2616H         PUBLIC        _DispPicFromSD
  B:0080H.7       PUBLIC        DIR
  C:354DH         PUBLIC        _ToOrd
  B:0080H.5       PUBLIC        RST
  C:3AB4H         PUBLIC        ReadData
  C:2CC7H         PUBLIC        _?BlockWrite
  -------         PROC          _LCD_READ_IC_ID
  X:0061H         SYMBOL        ID
  D:0004H         SYMBOL        Bug
  D:0003H         SYMBOL        flog
  -------         DO            
  X:0062H         SYMBOL        id
  X:0064H         SYMBOL        id1
  X:0066H         SYMBOL        temp
  D:0005H         SYMBOL        i
  D:0007H         SYMBOL        dat
  D:0001H         SYMBOL        id2
  X:0068H         SYMBOL        id3
  D:0002H         SYMBOL        id4
  -------         ENDDO         
  C:1413H         LINE#         35
  C:1417H         LINE#         36
  C:1417H         LINE#         40
  C:141FH         LINE#         41
  C:141FH         LINE#         43
  C:1421H         LINE#         44
  C:1423H         LINE#         45
  C:1425H         LINE#         47
  C:1428H         LINE#         48
  C:142AH         LINE#         49
  C:142CH         LINE#         50
  C:142EH         LINE#         53
  C:1431H         LINE#         54
  C:1434H         LINE#         55
BL51 BANKED LINKER/LOCATER V6.22                                                      12/04/2021  09:12:12  PAGE 20


  C:1437H         LINE#         56
  C:1439H         LINE#         57
  C:143BH         LINE#         58
  C:143DH         LINE#         63
  C:1447H         LINE#         65
  C:144DH         LINE#         66
  C:1455H         LINE#         68
  C:145BH         LINE#         69
  C:1461H         LINE#         70
  C:146BH         LINE#         72
  C:1471H         LINE#         73
  C:1473H         LINE#         75
  C:1479H         LINE#         77
  C:147FH         LINE#         78
  C:1489H         LINE#         80
  C:148FH         LINE#         81
  C:1494H         LINE#         83
  C:149AH         LINE#         85
  C:14A4H         LINE#         86
  C:14AEH         LINE#         88
  C:14B4H         LINE#         89
  C:14B6H         LINE#         91
  C:14C6H         LINE#         92
  C:14D0H         LINE#         94
  C:14D3H         LINE#         95
  C:14D7H         LINE#         96
  C:14D7H         LINE#         97
  C:14E0H         LINE#         98
  C:14E6H         LINE#         99
  C:14E6H         LINE#         100
  C:14F0H         LINE#         101
  C:14F2H         LINE#         102
  C:14F6H         LINE#         103
  C:14F6H         LINE#         104
  C:1505H         LINE#         105
  C:1505H         LINE#         108
  C:1505H         LINE#         109
  C:150EH         LINE#         110
  C:150EH         LINE#         112
  C:1511H         LINE#         113
  C:1515H         LINE#         114
  C:1517H         LINE#         115
  C:1519H         LINE#         116
  C:151BH         LINE#         117
  C:151BH         LINE#         118
  C:151DH         LINE#         119
  C:1525H         LINE#         120
  C:1527H         LINE#         122
  C:1529H         LINE#         123
  C:152DH         LINE#         124
  C:1532H         LINE#         125
  C:1535H         LINE#         128
  C:153FH         LINE#         129
  C:153FH         LINE#         130
  C:1541H         LINE#         131
  C:1541H         LINE#         132
  C:1543H         LINE#         133
BL51 BANKED LINKER/LOCATER V6.22                                                      12/04/2021  09:12:12  PAGE 21


  C:1545H         LINE#         134
  C:1547H         LINE#         135
  C:155EH         LINE#         136
  C:1560H         LINE#         137
  C:1562H         LINE#         138
  C:1569H         LINE#         139
  C:1573H         LINE#         140
  C:1573H         LINE#         141
  C:1575H         LINE#         142
  C:1575H         LINE#         143
  C:1577H         LINE#         144
  C:1579H         LINE#         145
  C:157BH         LINE#         146
  C:1592H         LINE#         147
  C:1594H         LINE#         148
  C:1596H         LINE#         149
  C:159BH         LINE#         150
  C:159BH         LINE#         152
  C:159DH         LINE#         153
  C:159DH         LINE#         154
  C:159FH         LINE#         155
  C:15A1H         LINE#         156
  C:15A3H         LINE#         157
  C:15BAH         LINE#         158
  C:15BCH         LINE#         159
  C:15BEH         LINE#         160
  C:15C3H         LINE#         162
  C:15C5H         LINE#         163
  C:15C5H         LINE#         164
  C:15C7H         LINE#         165
  C:15C9H         LINE#         166
  C:15CBH         LINE#         167
  C:15D5H         LINE#         168
  C:15D7H         LINE#         169
  C:15D9H         LINE#         170
  C:15DEH         LINE#         172
  C:15E0H         LINE#         173
  C:15E0H         LINE#         174
  C:15E2H         LINE#         175
  C:15E4H         LINE#         176
  C:15E6H         LINE#         177
  C:15F2H         LINE#         178
  C:15F4H         LINE#         179
  C:15F6H         LINE#         180
  C:15FBH         LINE#         181
  C:15FEH         LINE#         182
  C:1600H         LINE#         183
  C:1602H         LINE#         184
  C:1604H         LINE#         185
  C:1606H         LINE#         186
  C:1608H         LINE#         187
  C:160AH         LINE#         189
  C:160EH         LINE#         190
  C:160EH         LINE#         191
  C:161EH         LINE#         193
  C:1629H         LINE#         194
  C:1629H         LINE#         195
BL51 BANKED LINKER/LOCATER V6.22                                                      12/04/2021  09:12:12  PAGE 22


  C:1629H         LINE#         197
  C:162FH         LINE#         198
  C:162FH         LINE#         199
  C:163BH         LINE#         200
  C:163BH         LINE#         202
  C:163BH         LINE#         203
  C:163DH         LINE#         204
  C:1644H         LINE#         205
  -------         ENDPROC       _LCD_READ_IC_ID
  -------         PROC          _WRITECOMM
  D:0004H         SYMBOL        i
  -------         DO            
  D:0003H         SYMBOL        j
  X:0079H         SYMBOL        DataH
  -------         ENDDO         
  C:393DH         LINE#         208
  C:3941H         LINE#         209
  C:3941H         LINE#         211
  C:3945H         LINE#         212
  C:3947H         LINE#         276
  C:3947H         LINE#         303
  C:3949H         LINE#         304
  C:394BH         LINE#         305
  C:394BH         LINE#         306
  C:394FH         LINE#         307
  C:3953H         LINE#         309
  C:3955H         LINE#         310
  C:395CH         LINE#         311
  C:395EH         LINE#         312
  C:3960H         LINE#         314
  C:3965H         LINE#         316
  C:3965H         LINE#         319
  C:3967H         LINE#         320
  -------         ENDPROC       _WRITECOMM
  -------         PROC          L?0467
  -------         ENDPROC       L?0467
  -------         PROC          _WRITEDATA
  D:0004H         SYMBOL        i
  -------         DO            
  D:0003H         SYMBOL        j
  X:0079H         SYMBOL        DataH
  -------         ENDDO         
  C:38E5H         LINE#         322
  C:38E9H         LINE#         323
  C:38E9H         LINE#         325
  C:38EDH         LINE#         326
  C:38EFH         LINE#         467
  C:38EFH         LINE#         498
  C:38F1H         LINE#         499
  C:38F3H         LINE#         500
  C:38F3H         LINE#         501
  C:38F7H         LINE#         502
  C:38FBH         LINE#         504
  C:38FDH         LINE#         505
  C:3904H         LINE#         506
  C:3906H         LINE#         507
  C:3908H         LINE#         509
BL51 BANKED LINKER/LOCATER V6.22                                                      12/04/2021  09:12:12  PAGE 23


  C:390DH         LINE#         511
  C:390DH         LINE#         514
  C:390FH         LINE#         515
  -------         ENDPROC       _WRITEDATA
  C:0003H         SYMBOL        L?0466
  -------         PROC          L?0465
  -------         ENDPROC       L?0465
  C:0003H         SYMBOL        L?0466
  -------         PROC          _WRITEDISPDATA
  D:0007H         SYMBOL        DataH
  D:0005H         SYMBOL        DataL
  -------         DO            
  D:0006H         SYMBOL        j
  -------         ENDDO         
  C:0018H         LINE#         517
  C:0018H         LINE#         518
  C:0018H         LINE#         520
  C:001AH         LINE#         594
  C:001AH         LINE#         595
  C:001CH         LINE#         596
  C:001EH         LINE#         597
  C:001EH         LINE#         598
  C:0022H         LINE#         599
  C:0024H         LINE#         600
  C:0026H         LINE#         601
  C:0028H         LINE#         602
  C:002DH         LINE#         604
  C:002FH         LINE#         605
  C:0031H         LINE#         606
  C:0031H         LINE#         607
  C:0035H         LINE#         608
  C:0037H         LINE#         609
  C:0039H         LINE#         610
  C:003BH         LINE#         611
  C:0040H         LINE#         636
  C:0040H         LINE#         639
  C:0042H         LINE#         640
  -------         ENDPROC       _WRITEDISPDATA
  -------         PROC          _WRITEONEDOT
  D:0004H         SYMBOL        color
  C:3B27H         LINE#         642
  C:3B2BH         LINE#         643
  C:3B2BH         LINE#         656
  -------         ENDPROC       _WRITEONEDOT
  -------         PROC          LCD_INIT
  C:1EFEH         LINE#         665
  C:1EFEH         LINE#         666
  C:1EFEH         LINE#         667
  C:1F01H         LINE#         670
  C:1F03H         LINE#         671
  C:1F0AH         LINE#         673
  C:1F0CH         LINE#         674
  C:1F13H         LINE#         676
  C:1F15H         LINE#         677
  C:1F1CH         LINE#         6150
  C:1F23H         LINE#         6151
  C:1F2AH         LINE#         6152
BL51 BANKED LINKER/LOCATER V6.22                                                      12/04/2021  09:12:12  PAGE 24


  C:1F2FH         LINE#         6154
  C:1F36H         LINE#         6155
  C:1F3BH         LINE#         6157
  C:1F40H         LINE#         6158
  C:1F45H         LINE#         6160
  C:1F4AH         LINE#         6161
  C:1F4FH         LINE#         6163
  C:1F54H         LINE#         6164
  C:1F59H         LINE#         6166
  C:1F5EH         LINE#         6167
  C:1F63H         LINE#         6168
  C:1F68H         LINE#         6169
  C:1F6DH         LINE#         6170
  C:1F72H         LINE#         6171
  C:1F77H         LINE#         6172
  C:1F7CH         LINE#         6173
  C:1F81H         LINE#         6174
  C:1F86H         LINE#         6176
  C:1F8BH         LINE#         6177
  C:1F90H         LINE#         6179
  C:1F95H         LINE#         6180
  C:1F9AH         LINE#         6182
  C:1F9FH         LINE#         6183
  C:1FA4H         LINE#         6184
  C:1FA9H         LINE#         6185
  C:1FAEH         LINE#         6186
  C:1FB3H         LINE#         6187
  C:1FB8H         LINE#         6188
  C:1FBDH         LINE#         6189
  C:1FC2H         LINE#         6190
  C:1FC7H         LINE#         6191
  C:1FCCH         LINE#         6192
  C:1FD1H         LINE#         6193
  C:1FD6H         LINE#         6194
  C:1FDBH         LINE#         6195
  C:1FE0H         LINE#         6196
  C:1FE5H         LINE#         6198
  C:1FEAH         LINE#         6199
  C:1FEFH         LINE#         6200
  C:1FF4H         LINE#         6201
  C:1FF9H         LINE#         6202
  C:1FFEH         LINE#         6203
  C:2002H         LINE#         6204
  C:2007H         LINE#         6205
  C:200CH         LINE#         6206
  C:2011H         LINE#         6207
  C:2014H         LINE#         6208
  C:2019H         LINE#         6209
  C:201EH         LINE#         6210
  C:2022H         LINE#         6211
  C:2027H         LINE#         6212
  C:202CH         LINE#         6214
  C:2031H         LINE#         6215
  C:2036H         LINE#         6217
  C:203BH         LINE#         6218
  C:2040H         LINE#         6220
  C:2045H         LINE#         6221
BL51 BANKED LINKER/LOCATER V6.22                                                      12/04/2021  09:12:12  PAGE 25


  -------         ENDPROC       LCD_INIT
  C:2CAEH         SYMBOL        L?0459
  C:2CB4H         SYMBOL        L?0460
  C:2CBFH         SYMBOL        L?0461
  -------         PROC          L?0458
  -------         ENDPROC       L?0458
  C:2CAEH         SYMBOL        L?0459
  C:2CB4H         SYMBOL        L?0460
  C:2CBFH         SYMBOL        L?0461
  -------         PROC          _?BLOCKWRITE
  p:0000H         SYMBOL        Xstart
  p:0002H         SYMBOL        Xend
  p:0004H         SYMBOL        Ystart
  p:0006H         SYMBOL        Yend
  C:2CC7H         LINE#         6681
  C:2CE8H         LINE#         6828
  C:2CEFH         LINE#         6829
  C:2CF6H         LINE#         6830
  C:2CFEH         LINE#         6831
  C:2D09H         LINE#         6832
  C:2D13H         LINE#         6834
  C:2D18H         LINE#         6835
  C:2D22H         LINE#         6837
  C:2D29H         LINE#         6838
  C:2D33H         LINE#         6839
  C:2D3AH         LINE#         6845
  C:2D3FH         LINE#         6848
  C:2D42H         LINE#         6853
  -------         ENDPROC       _?BLOCKWRITE
  -------         PROC          _DISPCOLOR
  D:0004H         SYMBOL        color
  -------         DO            
  X:0058H         SYMBOL        i
  D:0002H         SYMBOL        m
  X:005AH         SYMBOL        DataH
  X:005BH         SYMBOL        DataL
  -------         ENDDO         
  C:0046H         LINE#         6908
  C:0048H         LINE#         6909
  C:0048H         LINE#         6912
  C:004EH         LINE#         6914
  C:0051H         LINE#         6916
  C:0053H         LINE#         6917
  C:0059H         LINE#         6918
  C:0059H         LINE#         6919
  C:005CH         LINE#         6920
  C:005CH         LINE#         6921
  C:0066H         LINE#         6922
  C:0071H         LINE#         6923
  C:0087H         LINE#         6925
  C:0089H         LINE#         6926
  -------         ENDPROC       _DISPCOLOR
  -------         PROC          DISPFRAME
  -------         DO            
  D:0002H         SYMBOL        i
  X:0058H         SYMBOL        j
  D:0001H         SYMBOL        DataH
BL51 BANKED LINKER/LOCATER V6.22                                                      12/04/2021  09:12:12  PAGE 26


  D:0004H         SYMBOL        DataL
  -------         ENDDO         
  C:2B63H         LINE#         6928
  C:2B63H         LINE#         6929
  C:2B63H         LINE#         6932
  C:2B66H         LINE#         6934
  C:2B68H         LINE#         6937
  C:2B6CH         LINE#         6938
  C:2B72H         LINE#         6940
  C:2B74H         LINE#         6941
  C:2B74H         LINE#         6942
  C:2B78H         LINE#         6943
  C:2B7FH         LINE#         6944
  C:2B8AH         LINE#         6946
  C:2B8EH         LINE#         6947
  C:2B94H         LINE#         6949
  C:2B9AH         LINE#         6950
  C:2B9AH         LINE#         6951
  C:2B9EH         LINE#         6952
  C:2BA4H         LINE#         6954
  C:2BA7H         LINE#         6955
  C:2BA7H         LINE#         6956
  C:2BAAH         LINE#         6957
  C:2BAFH         LINE#         6958
  C:2BBAH         LINE#         6960
  C:2BBEH         LINE#         6961
  C:2BC4H         LINE#         6963
  C:2BDAH         LINE#         6965
  C:2BDEH         LINE#         6966
  C:2BE4H         LINE#         6968
  C:2BE7H         LINE#         6969
  C:2BE7H         LINE#         6970
  C:2BEBH         LINE#         6971
  C:2BF2H         LINE#         6972
  C:2BFDH         LINE#         6974
  C:2C01H         LINE#         6975
  C:2C07H         LINE#         6977
  C:2C0AH         LINE#         6978
  C:2C0CH         LINE#         6979
  -------         ENDPROC       DISPFRAME
  -------         PROC          DISPBAND
  -------         DO            
  D:0002H         SYMBOL        i
  X:0058H         SYMBOL        j
  X:0059H         SYMBOL        k
  X:005AH         SYMBOL        m
  X:005BH         SYMBOL        n
  X:005CH         SYMBOL        x
  -------         ENDDO         
  C:1C1DH         LINE#         6981
  C:1C1DH         LINE#         6982
  C:1C1DH         LINE#         6985
  C:1C27H         LINE#         6986
  C:1C2FH         LINE#         6987
  C:1C31H         LINE#         6989
  C:1C39H         LINE#         6990
  C:1C47H         LINE#         6991
BL51 BANKED LINKER/LOCATER V6.22                                                      12/04/2021  09:12:12  PAGE 27


  C:1C47H         LINE#         6992
  C:1C62H         LINE#         6993
  C:1C7DH         LINE#         6994
  C:1CA9H         LINE#         6995
  C:1CB0H         LINE#         6996
  C:1CBFH         LINE#         6997
  C:1CBFH         LINE#         6998
  C:1CDAH         LINE#         6999
  C:1CF5H         LINE#         7000
  C:1D21H         LINE#         7001
  C:1D28H         LINE#         7002
  C:1D3EH         LINE#         7003
  C:1D3EH         LINE#         7004
  C:1D59H         LINE#         7005
  C:1D74H         LINE#         7006
  C:1DA0H         LINE#         7007
  C:1DA7H         LINE#         7009
  C:1DA9H         LINE#         7010
  C:1DACH         LINE#         7012
  -------         ENDPROC       DISPBAND
  -------         PROC          _DISPPIC
  D:0006H         SYMBOL        picture
  -------         DO            
  X:0014H         SYMBOL        p
  X:0017H         SYMBOL        n
  -------         ENDDO         
  C:34EAH         LINE#         7015
  C:34EAH         LINE#         7016
  C:34EAH         LINE#         7019
  C:34F9H         LINE#         7020
  C:34F9H         LINE#         7021
  C:34F9H         LINE#         7023
  C:350CH         LINE#         7025
  C:351FH         LINE#         7026
  C:351FH         LINE#         7027
  C:353FH         LINE#         7028
  C:354CH         LINE#         7030
  -------         ENDPROC       _DISPPIC
  -------         PROC          _DISPPICFROMSD
  X:0019H         SYMBOL        PicNum
  -------         DO            
  X:001AH         SYMBOL        Address_S
  X:001EH         SYMBOL        Address_E
  D:0002H         SYMBOL        i
  X:0022H         SYMBOL        k
  -------         ENDDO         
  C:2616H         LINE#         7034
  C:2619H         LINE#         7035
  C:2619H         LINE#         7041
  C:261CH         LINE#         7044
  C:261EH         LINE#         7046
  C:2620H         LINE#         7048
  C:2629H         LINE#         7049
  C:2654H         LINE#         7050
  C:267DH         LINE#         7051
  C:26A0H         LINE#         7052
  C:26A0H         LINE#         7053
BL51 BANKED LINKER/LOCATER V6.22                                                      12/04/2021  09:12:12  PAGE 28


  C:26B0H         LINE#         7055
  C:26B9H         LINE#         7056
  C:26B9H         LINE#         7058
  C:26D4H         LINE#         7059
  C:26DDH         LINE#         7060
  C:26FCH         LINE#         7062
  C:26FEH         LINE#         7100
  -------         ENDPROC       _DISPPICFROMSD
  -------         PROC          DISPSCALEHOR1
  -------         DO            
  X:0026H         SYMBOL        i
  X:0028H         SYMBOL        j
  D:0002H         SYMBOL        k
  -------         ENDDO         
  C:1645H         LINE#         7105
  C:1645H         LINE#         7106
  C:1645H         LINE#         7109
  C:1648H         LINE#         7112
  C:164AH         LINE#         7113
  C:164AH         LINE#         7114
  C:166AH         LINE#         7115
  C:1670H         LINE#         7116
  C:1670H         LINE#         7117
  C:1676H         LINE#         7118
  C:1676H         LINE#         7119
  C:168BH         LINE#         7120
  C:16A1H         LINE#         7121
  C:16B7H         LINE#         7123
  C:16C2H         LINE#         7126
  C:16C5H         LINE#         7127
  C:16C5H         LINE#         7128
  C:16E5H         LINE#         7129
  C:16EBH         LINE#         7130
  C:16EBH         LINE#         7131
  C:16F1H         LINE#         7132
  C:16F1H         LINE#         7133
  C:171CH         LINE#         7134
  C:1732H         LINE#         7135
  C:1748H         LINE#         7136
  C:1756H         LINE#         7139
  C:1759H         LINE#         7140
  C:1759H         LINE#         7141
  C:1779H         LINE#         7142
  C:177FH         LINE#         7143
  C:177FH         LINE#         7144
  C:1785H         LINE#         7145
  C:1785H         LINE#         7146
  C:178FH         LINE#         7147
  C:17A5H         LINE#         7148
  C:17BBH         LINE#         7149
  C:17C6H         LINE#         7152
  C:17C9H         LINE#         7153
  C:17C9H         LINE#         7154
  C:17E9H         LINE#         7155
  C:17EFH         LINE#         7156
  C:17EFH         LINE#         7157
  C:17F5H         LINE#         7158
BL51 BANKED LINKER/LOCATER V6.22                                                      12/04/2021  09:12:12  PAGE 29


  C:17F5H         LINE#         7159
  C:1828H         LINE#         7160
  C:183EH         LINE#         7161
  C:1854H         LINE#         7162
  C:1862H         LINE#         7163
  C:1864H         LINE#         7164
  -------         ENDPROC       DISPSCALEHOR1
  -------         PROC          DISPSCALEVER
  -------         DO            
  X:002AH         SYMBOL        i
  X:002CH         SYMBOL        j
  D:0002H         SYMBOL        k
  -------         ENDDO         
  C:22C0H         LINE#         7166
  C:22C0H         LINE#         7167
  C:22C0H         LINE#         7236
  C:22C3H         LINE#         7238
  C:22CBH         LINE#         7239
  C:22CBH         LINE#         7240
  C:22D1H         LINE#         7241
  C:22D1H         LINE#         7242
  C:22D7H         LINE#         7243
  C:22EDH         LINE#         7244
  C:22F4H         LINE#         7246
  C:22F7H         LINE#         7247
  C:22F7H         LINE#         7249
  C:22FDH         LINE#         7250
  C:22FDH         LINE#         7252
  C:2303H         LINE#         7253
  C:2303H         LINE#         7254
  C:2315H         LINE#         7255
  C:232BH         LINE#         7257
  C:2331H         LINE#         7258
  C:2331H         LINE#         7259
  C:2359H         LINE#         7260
  C:236FH         LINE#         7262
  C:2375H         LINE#         7263
  C:2375H         LINE#         7264
  C:237CH         LINE#         7265
  C:2392H         LINE#         7267
  C:2398H         LINE#         7268
  C:2398H         LINE#         7269
  C:23ACH         LINE#         7270
  C:23C2H         LINE#         7272
  C:23DBH         LINE#         7274
  C:23E9H         LINE#         7276
  -------         ENDPROC       DISPSCALEVER
  -------         PROC          DISPSCALEVER_RED
  -------         DO            
  X:002EH         SYMBOL        i
  X:0030H         SYMBOL        j
  D:0002H         SYMBOL        k
  -------         ENDDO         
  C:2E7AH         LINE#         7278
  C:2E7AH         LINE#         7279
  C:2E7AH         LINE#         7282
  C:2E7DH         LINE#         7284
BL51 BANKED LINKER/LOCATER V6.22                                                      12/04/2021  09:12:12  PAGE 30


  C:2E7FH         LINE#         7286
  C:2E81H         LINE#         7289
  C:2E89H         LINE#         7290
  C:2E89H         LINE#         7291
  C:2E8FH         LINE#         7292
  C:2E8FH         LINE#         7293
  C:2E95H         LINE#         7294
  C:2EABH         LINE#         7295
  C:2EB2H         LINE#         7297
  C:2EB5H         LINE#         7298
  C:2EB5H         LINE#         7299
  C:2EBBH         LINE#         7300
  C:2EBBH         LINE#         7302
  C:2EC1H         LINE#         7303
  C:2EC1H         LINE#         7304
  C:2ED3H         LINE#         7305
  C:2EE9H         LINE#         7306
  C:2EFFH         LINE#         7308
  C:2F0AH         LINE#         7310
  C:2F0CH         LINE#         7311
  -------         ENDPROC       DISPSCALEVER_RED
  -------         PROC          DISPSCALEVER_GREEN
  -------         DO            
  X:0032H         SYMBOL        i
  X:0034H         SYMBOL        j
  D:0002H         SYMBOL        k
  -------         ENDDO         
  C:2C0DH         LINE#         7313
  C:2C0DH         LINE#         7314
  C:2C0DH         LINE#         7317
  C:2C10H         LINE#         7319
  C:2C12H         LINE#         7320
  C:2C14H         LINE#         7323
  C:2C16H         LINE#         7324
  C:2C16H         LINE#         7325
  C:2C1CH         LINE#         7326
  C:2C1CH         LINE#         7327
  C:2C22H         LINE#         7329
  C:2C38H         LINE#         7330
  C:2C43H         LINE#         7332
  C:2C46H         LINE#         7333
  C:2C46H         LINE#         7334
  C:2C4CH         LINE#         7335
  C:2C4CH         LINE#         7337
  C:2C52H         LINE#         7338
  C:2C52H         LINE#         7340
  C:2C73H         LINE#         7341
  C:2C89H         LINE#         7342
  C:2C9FH         LINE#         7344
  C:2CAAH         LINE#         7346
  C:2CACH         LINE#         7347
  -------         ENDPROC       DISPSCALEVER_GREEN
  -------         PROC          DISPSCALEVER_BLUE
  -------         DO            
  X:0036H         SYMBOL        i
  X:0038H         SYMBOL        j
  D:0002H         SYMBOL        k
BL51 BANKED LINKER/LOCATER V6.22                                                      12/04/2021  09:12:12  PAGE 31


  -------         ENDDO         
  C:30BCH         LINE#         7349
  C:30BCH         LINE#         7350
  C:30BCH         LINE#         7353
  C:30BFH         LINE#         7355
  C:30C1H         LINE#         7356
  C:30C3H         LINE#         7359
  C:30CBH         LINE#         7360
  C:30CBH         LINE#         7361
  C:30D1H         LINE#         7362
  C:30D1H         LINE#         7363
  C:30D7H         LINE#         7364
  C:30EDH         LINE#         7365
  C:30F4H         LINE#         7367
  C:30F7H         LINE#         7368
  C:30F7H         LINE#         7369
  C:30FDH         LINE#         7370
  C:30FDH         LINE#         7372
  C:3103H         LINE#         7373
  C:3103H         LINE#         7374
  C:310AH         LINE#         7375
  C:3120H         LINE#         7376
  C:3136H         LINE#         7378
  C:3141H         LINE#         7380
  C:3143H         LINE#         7381
  -------         ENDPROC       DISPSCALEVER_BLUE
  -------         PROC          DISPSCALEVER_GRAY
  -------         DO            
  X:003AH         SYMBOL        i
  X:003CH         SYMBOL        j
  D:0002H         SYMBOL        k
  -------         ENDDO         
  C:2F0DH         LINE#         7383
  C:2F0DH         LINE#         7384
  C:2F0DH         LINE#         7387
  C:2F10H         LINE#         7389
  C:2F12H         LINE#         7394
  C:2F1AH         LINE#         7395
  C:2F1AH         LINE#         7396
  C:2F20H         LINE#         7397
  C:2F20H         LINE#         7398
  C:2F26H         LINE#         7400
  C:2F3CH         LINE#         7401
  C:2F43H         LINE#         7403
  C:2F46H         LINE#         7404
  C:2F46H         LINE#         7405
  C:2F4CH         LINE#         7406
  C:2F4CH         LINE#         7408
  C:2F52H         LINE#         7409
  C:2F52H         LINE#         7410
  C:2F66H         LINE#         7411
  C:2F7CH         LINE#         7412
  C:2F92H         LINE#         7414
  C:2F9DH         LINE#         7416
  C:2F9FH         LINE#         7417
  -------         ENDPROC       DISPSCALEVER_GRAY
  -------         PROC          DISPGRAYHOR16
BL51 BANKED LINKER/LOCATER V6.22                                                      12/04/2021  09:12:12  PAGE 32


  -------         DO            
  X:0058H         SYMBOL        i
  D:0002H         SYMBOL        j
  X:005AH         SYMBOL        k
  -------         ENDDO         
  C:2D49H         LINE#         7419
  C:2D49H         LINE#         7420
  C:2D49H         LINE#         7423
  C:2D4CH         LINE#         7425
  C:2D4EH         LINE#         7426
  C:2D50H         LINE#         7428
  C:2D56H         LINE#         7429
  C:2D56H         LINE#         7430
  C:2D5FH         LINE#         7431
  C:2D5FH         LINE#         7432
  C:2D65H         LINE#         7433
  C:2D6CH         LINE#         7435
  C:2D6FH         LINE#         7436
  C:2D6FH         LINE#         7437
  C:2D75H         LINE#         7438
  C:2D75H         LINE#         7439
  C:2DA7H         LINE#         7440
  C:2DBDH         LINE#         7441
  C:2DC8H         LINE#         7442
  C:2DE1H         LINE#         7444
  C:2DE3H         LINE#         7445
  -------         ENDPROC       DISPGRAYHOR16
  -------         PROC          DISPGRAYHOR32
  -------         DO            
  X:003EH         SYMBOL        i
  D:0002H         SYMBOL        j
  X:0040H         SYMBOL        k
  -------         ENDDO         
  C:3247H         LINE#         7447
  C:3247H         LINE#         7448
  C:3247H         LINE#         7451
  C:324AH         LINE#         7453
  C:324CH         LINE#         7455
  C:3252H         LINE#         7456
  C:3252H         LINE#         7457
  C:325BH         LINE#         7458
  C:325BH         LINE#         7459
  C:3261H         LINE#         7460
  C:3268H         LINE#         7462
  C:326BH         LINE#         7463
  C:326BH         LINE#         7464
  C:3271H         LINE#         7465
  C:3271H         LINE#         7466
  C:3285H         LINE#         7467
  C:329BH         LINE#         7468
  C:32A6H         LINE#         7469
  C:32BCH         LINE#         7471
  C:32BEH         LINE#         7472
  -------         ENDPROC       DISPGRAYHOR32
  -------         PROC          DISPSCALEHOR2
  -------         DO            
  X:0042H         SYMBOL        j
BL51 BANKED LINKER/LOCATER V6.22                                                      12/04/2021  09:12:12  PAGE 33


  D:0002H         SYMBOL        k
  -------         ENDDO         
  C:1A61H         LINE#         7474
  C:1A61H         LINE#         7475
  C:1A61H         LINE#         7478
  C:1A64H         LINE#         7480
  C:1A66H         LINE#         7481
  C:1A66H         LINE#         7482
  C:1A6CH         LINE#         7483
  C:1A89H         LINE#         7484
  C:1A94H         LINE#         7485
  C:1A97H         LINE#         7486
  C:1A97H         LINE#         7487
  C:1A9DH         LINE#         7488
  C:1ABAH         LINE#         7489
  C:1AC5H         LINE#         7490
  C:1AC8H         LINE#         7491
  C:1AC8H         LINE#         7492
  C:1ACEH         LINE#         7493
  C:1AEBH         LINE#         7494
  C:1AF6H         LINE#         7495
  C:1AF9H         LINE#         7496
  C:1AF9H         LINE#         7497
  C:1AFFH         LINE#         7498
  C:1B1CH         LINE#         7499
  C:1B27H         LINE#         7500
  C:1B2AH         LINE#         7501
  C:1B2AH         LINE#         7502
  C:1B30H         LINE#         7503
  C:1B4DH         LINE#         7504
  C:1B58H         LINE#         7505
  C:1B5BH         LINE#         7506
  C:1B5BH         LINE#         7507
  C:1B61H         LINE#         7508
  C:1B7EH         LINE#         7509
  C:1B89H         LINE#         7510
  C:1B8CH         LINE#         7511
  C:1B8CH         LINE#         7512
  C:1B92H         LINE#         7513
  C:1BAFH         LINE#         7514
  C:1BBAH         LINE#         7515
  C:1BBDH         LINE#         7516
  C:1BBDH         LINE#         7517
  C:1BC3H         LINE#         7518
  C:1BDFH         LINE#         7519
  C:1BEAH         LINE#         7520
  C:1BF3H         LINE#         7521
  C:1BF3H         LINE#         7522
  C:1BF9H         LINE#         7523
  C:1C15H         LINE#         7524
  C:1C1CH         LINE#         7526
  -------         ENDPROC       DISPSCALEHOR2
  -------         PROC          _TOORD
  D:0007H         SYMBOL        ch
  C:354DH         LINE#         7631
  C:354DH         LINE#         7632
  C:354DH         LINE#         7633
BL51 BANKED LINKER/LOCATER V6.22                                                      12/04/2021  09:12:12  PAGE 34


  C:3553H         LINE#         7634
  C:3553H         LINE#         7635
  C:3555H         LINE#         7636
  C:3557H         LINE#         7637
  C:3563H         LINE#         7638
  C:3563H         LINE#         7639
  C:3567H         LINE#         7640
  C:3569H         LINE#         7641
  C:3575H         LINE#         7642
  C:3575H         LINE#         7643
  C:3579H         LINE#         7644
  C:357BH         LINE#         7645
  C:3587H         LINE#         7646
  C:3587H         LINE#         7647
  C:358BH         LINE#         7648
  C:358DH         LINE#         7649
  C:3599H         LINE#         7650
  C:3599H         LINE#         7651
  C:359DH         LINE#         7652
  C:359FH         LINE#         7653
  C:35A5H         LINE#         7654
  C:35A5H         LINE#         7655
  C:35A7H         LINE#         7656
  C:35A7H         LINE#         7658
  C:35A7H         LINE#         7659
  -------         ENDPROC       _TOORD
  C:27D4H         SYMBOL        L?0463
  C:27ECH         SYMBOL        L?0464
  -------         PROC          L?0462
  -------         ENDPROC       L?0462
  C:27D4H         SYMBOL        L?0463
  C:27ECH         SYMBOL        L?0464
  -------         PROC          _DISPONECHAR
  X:006CH         SYMBOL        ord
  D:0006H         SYMBOL        Xstart
  D:0002H         SYMBOL        Ystart
  X:0071H         SYMBOL        TextColor
  X:0073H         SYMBOL        BackColor
  -------         DO            
  X:0075H         SYMBOL        i
  D:0002H         SYMBOL        j
  X:0076H         SYMBOL        p
  D:0003H         SYMBOL        dat
  D:0006H         SYMBOL        index
  -------         ENDDO         
  C:27FCH         LINE#         7661
  C:2804H         LINE#         7662
  C:2804H         LINE#         7668
  C:281EH         LINE#         7670
  C:2824H         LINE#         7672
  C:282CH         LINE#         7673
  C:282EH         LINE#         7675
  C:283CH         LINE#         7677
  C:2849H         LINE#         7678
  C:2850H         LINE#         7680
  C:2854H         LINE#         7681
  C:2854H         LINE#         7682
[...]
  C:1339H         LINE#         321
  C:1348H         LINE#         322
  C:1348H         LINE#         323
  C:135DH         LINE#         324
  C:1362H         LINE#         325
  C:136AH         LINE#         326
  C:1374H         LINE#         327
  C:1382H         LINE#         328
BL51 BANKED LINKER/LOCATER V6.22                                                      12/04/2021  09:12:12  PAGE 43


  C:1390H         LINE#         329
  C:1392H         LINE#         331
  C:1392H         LINE#         332
  C:1397H         LINE#         333
  C:139AH         LINE#         334
  C:13B2H         LINE#         335
  C:13B2H         LINE#         336
  C:13CBH         LINE#         337
  C:13D0H         LINE#         338
  C:13D8H         LINE#         339
  C:13DFH         LINE#         340
  C:13E4H         LINE#         341
  C:13E4H         LINE#         342
  C:13F8H         LINE#         343
  C:13F8H         LINE#         344
  C:13FFH         LINE#         345
  C:1404H         LINE#         346
  C:1404H         LINE#         347
  C:1412H         LINE#         348
  C:1412H         LINE#         349
  -------         ENDPROC       USBXCORE_HANDLE_SETUP
  -------         PROC          USBXCORE_FORCE_STALL
  C:3A68H         LINE#         356
  C:3A68H         LINE#         358
  C:3A73H         LINE#         359
  C:3A7EH         LINE#         360
  C:3A84H         LINE#         361
  -------         ENDPROC       USBXCORE_FORCE_STALL
  -------         PROC          USBXCORE_GET_STATUS
  C:33A7H         LINE#         367
  C:33A7H         LINE#         369
  C:33B6H         LINE#         370
  C:33B6H         LINE#         371
  C:33B6H         LINE#         372
  C:33B6H         LINE#         373
  C:33B6H         LINE#         374
  C:33B8H         LINE#         375
  C:33B8H         LINE#         379
  C:33B8H         LINE#         381
  C:33C6H         LINE#         385
  C:33C6H         LINE#         386
  C:33C6H         LINE#         387
  C:33C6H         LINE#         388
  C:33C8H         LINE#         390
  C:33C8H         LINE#         392
  C:33D6H         LINE#         396
  C:33D6H         LINE#         397
  C:33E3H         LINE#         398
  C:33E3H         LINE#         399
  C:33E5H         LINE#         401
  C:33E5H         LINE#         402
  C:33F3H         LINE#         403
  C:33FCH         LINE#         404
  C:33FCH         LINE#         405
  C:33FCH         LINE#         406
  C:33FEH         LINE#         407
  C:33FEH         LINE#         408
BL51 BANKED LINKER/LOCATER V6.22                                                      12/04/2021  09:12:12  PAGE 44


  C:3401H         LINE#         409
  C:3401H         LINE#         410
  C:3401H         LINE#         411
  C:3409H         LINE#         412
  C:3409H         LINE#         413
  C:340CH         LINE#         414
  C:3412H         LINE#         415
  C:3419H         LINE#         416
  C:3419H         LINE#         417
  -------         ENDPROC       USBXCORE_GET_STATUS
  -------         PROC          USBXCORE_CLEAR_FEATURE
  C:3602H         LINE#         423
  C:3602H         LINE#         425
  C:3608H         LINE#         426
  C:3608H         LINE#         428
  C:360FH         LINE#         429
  C:360FH         LINE#         430
  C:361AH         LINE#         436
  C:3625H         LINE#         437
  C:362AH         LINE#         438
  C:362CH         LINE#         440
  C:362CH         LINE#         442
  C:3637H         LINE#         446
  C:3642H         LINE#         447
  C:3647H         LINE#         448
  C:3647H         LINE#         449
  C:3649H         LINE#         451
  C:3649H         LINE#         452
  C:364CH         LINE#         453
  C:364CH         LINE#         454
  C:3657H         LINE#         455
  -------         ENDPROC       USBXCORE_CLEAR_FEATURE
  -------         PROC          USBXCORE_VENDOR_USB_API
  C:26FFH         LINE#         462
  C:26FFH         LINE#         464
  C:2709H         LINE#         465
  C:2709H         LINE#         466
  C:2710H         LINE#         467
  C:2710H         LINE#         468
  C:2713H         LINE#         469
  C:2716H         LINE#         470
  C:2718H         LINE#         472
  C:2718H         LINE#         473
  C:271FH         LINE#         474
  C:271FH         LINE#         477
  C:272AH         LINE#         482
  C:2735H         LINE#         483
  C:2740H         LINE#         485
  C:2740H         LINE#         486
  C:2753H         LINE#         487
  C:2753H         LINE#         488
  C:2757H         LINE#         489
  C:2762H         LINE#         491
  C:2762H         LINE#         492
  C:2775H         LINE#         493
  C:2775H         LINE#         494
  C:2779H         LINE#         495
BL51 BANKED LINKER/LOCATER V6.22                                                      12/04/2021  09:12:12  PAGE 45


  C:2784H         LINE#         497
  C:278AH         LINE#         498
  C:2792H         LINE#         499
  C:2792H         LINE#         500
  C:2795H         LINE#         501
  C:2795H         LINE#         502
  C:2795H         LINE#         503
  C:27A0H         LINE#         504
  C:27A0H         LINE#         505
  C:27A6H         LINE#         506
  C:27ADH         LINE#         507
  C:27ADH         LINE#         508
  C:27B1H         LINE#         509
  C:27B1H         LINE#         510
  C:27B7H         LINE#         511
  C:27BEH         LINE#         512
  C:27BEH         LINE#         513
  C:27C9H         LINE#         514
  -------         ENDPROC       USBXCORE_VENDOR_USB_API
  -------         PROC          USBXCORE_SET_FEATURE
  C:365AH         LINE#         521
  C:365AH         LINE#         523
  C:3660H         LINE#         524
  C:3660H         LINE#         526
  C:3667H         LINE#         527
  C:3667H         LINE#         528
  C:3672H         LINE#         534
  C:367DH         LINE#         535
  C:3680H         LINE#         536
  C:3682H         LINE#         538
  C:3682H         LINE#         540
  C:368DH         LINE#         544
  C:3698H         LINE#         545
  C:369EH         LINE#         546
  C:369EH         LINE#         548
  C:36A0H         LINE#         550
  C:36A0H         LINE#         551
  C:36A3H         LINE#         552
  C:36A3H         LINE#         553
  C:36AEH         LINE#         554
  -------         ENDPROC       USBXCORE_SET_FEATURE
  -------         PROC          USBXCORE_SET_ADDRESS
  C:3A29H         LINE#         561
  C:3A29H         LINE#         563
  C:3A38H         LINE#         564
  C:3A3EH         LINE#         565
  C:3A3EH         LINE#         566
  C:3A41H         LINE#         567
  C:3A43H         LINE#         569
  C:3A43H         LINE#         570
  C:3A46H         LINE#         571
  C:3A46H         LINE#         572
  -------         ENDPROC       USBXCORE_SET_ADDRESS
  -------         PROC          USBXCORE_GET_DESCRIPTOR
  C:2A02H         LINE#         579
  C:2A02H         LINE#         580
  C:2A11H         LINE#         581
BL51 BANKED LINKER/LOCATER V6.22                                                      12/04/2021  09:12:12  PAGE 46


  C:2A11H         LINE#         582
  C:2A11H         LINE#         583
  C:2A1FH         LINE#         584
  C:2A23H         LINE#         585
  C:2A25H         LINE#         586
  C:2A25H         LINE#         587
  C:2A33H         LINE#         588
  C:2A46H         LINE#         589
  C:2A48H         LINE#         590
  C:2A48H         LINE#         591
  C:2A6CH         LINE#         592
  C:2A78H         LINE#         593
  C:2A7AH         LINE#         594
  C:2A7AH         LINE#         595
  C:2A7DH         LINE#         596
  C:2A7DH         LINE#         597
  C:2A7DH         LINE#         598
  C:2A93H         LINE#         599
  C:2A93H         LINE#         600
  C:2A9BH         LINE#         601
  C:2A9BH         LINE#         602
  C:2AA3H         LINE#         603
  C:2AA3H         LINE#         604
  C:2AA6H         LINE#         605
  C:2AACH         LINE#         606
  C:2AB3H         LINE#         607
  C:2AB3H         LINE#         608
  -------         ENDPROC       USBXCORE_GET_DESCRIPTOR
  -------         PROC          USBXCORE_GET_CONFIGURATION
  C:37A8H         LINE#         614
  C:37A8H         LINE#         616
  C:37B0H         LINE#         617
  C:37B0H         LINE#         618
  C:37BCH         LINE#         619
  C:37C4H         LINE#         620
  C:37C4H         LINE#         621
  C:37C8H         LINE#         622
  C:37C8H         LINE#         623
  C:37D6H         LINE#         624
  C:37DEH         LINE#         625
  C:37DEH         LINE#         626
  C:37E1H         LINE#         627
  C:37E7H         LINE#         628
  C:37EEH         LINE#         629
  -------         ENDPROC       USBXCORE_GET_CONFIGURATION
  -------         PROC          USBXCORE_SET_CONFIGURATION
  C:35A8H         LINE#         635
  C:35A8H         LINE#         637
  C:35B1H         LINE#         638
  C:35B1H         LINE#         639
  C:35B8H         LINE#         640
  C:35BEH         LINE#         641
  C:35C3H         LINE#         642
  C:35C5H         LINE#         644
  C:35D0H         LINE#         645
  C:35DBH         LINE#         646
  C:35E6H         LINE#         653
BL51 BANKED LINKER/LOCATER V6.22                                                      12/04/2021  09:12:12  PAGE 47


  C:35F1H         LINE#         654
  C:35F3H         LINE#         656
  C:35F3H         LINE#         657
  C:35F9H         LINE#         658
  C:35FDH         LINE#         659
  C:35FFH         LINE#         660
  C:35FFH         LINE#         661
  -------         ENDPROC       USBXCORE_SET_CONFIGURATION
  -------         PROC          USBXCORE_GET_INTERFACE
  C:39BAH         LINE#         668
  C:39BAH         LINE#         670
  C:39C8H         LINE#         671
  C:39D0H         LINE#         672
  C:39D3H         LINE#         673
  C:39D9H         LINE#         674
  C:39E0H         LINE#         675
  -------         ENDPROC       USBXCORE_GET_INTERFACE
  -------         PROC          USBXCORE_SET_SOP
  C:3ACAH         LINE#         682
  C:3ACAH         LINE#         684
  C:3AD2H         LINE#         685
  C:3AD2H         LINE#         686
  C:3ADDH         LINE#         687
  C:3ADDH         LINE#         688
  -------         ENDPROC       USBXCORE_SET_SOP
  -------         PROC          USBXCORE_USB_ISR
  C:1DADH         LINE#         699
  C:1DCAH         LINE#         702
  C:1DD0H         LINE#         703
  C:1DE3H         LINE#         706
  C:1DF6H         LINE#         709
  C:1DFAH         LINE#         710
  C:1DFAH         LINE#         711
  C:1E05H         LINE#         712
  C:1E05H         LINE#         714
  C:1E0CH         LINE#         715
  C:1E0CH         LINE#         716
  C:1E0FH         LINE#         717
  C:1E0FH         LINE#         719
  C:1E16H         LINE#         720
  C:1E16H         LINE#         721
  C:1E23H         LINE#         722
  C:1E23H         LINE#         723
  C:1E2AH         LINE#         724
  C:1E2AH         LINE#         725
  C:1E2AH         LINE#         727
  C:1E2AH         LINE#         728
  C:1E2AH         LINE#         730
  C:1E2AH         LINE#         732
  C:1E3DH         LINE#         734
  C:1E41H         LINE#         735
  C:1E41H         LINE#         736
  C:1E44H         LINE#         737
  C:1E44H         LINE#         740
  C:1E4BH         LINE#         741
  C:1E4BH         LINE#         742
  C:1E56H         LINE#         748
BL51 BANKED LINKER/LOCATER V6.22                                                      12/04/2021  09:12:12  PAGE 48


  C:1E69H         LINE#         749
  C:1E6EH         LINE#         750
  C:1E6EH         LINE#         751
  C:1E75H         LINE#         752
  C:1E75H         LINE#         754
  C:1E75H         LINE#         756
  C:1E88H         LINE#         759
  C:1E8CH         LINE#         760
  C:1E8CH         LINE#         761
  C:1E97H         LINE#         767
  C:1EAAH         LINE#         768
  C:1EAEH         LINE#         769
  C:1EAEH         LINE#         770
  C:1EB5H         LINE#         771
  C:1EB5H         LINE#         772
  C:1EB5H         LINE#         775
  C:1EC3H         LINE#         776
  C:1EC8H         LINE#         777
  C:1ECEH         LINE#         778
  C:1ED3H         LINE#         781
  C:1EE0H         LINE#         782
  C:1EE0H         LINE#         783
  C:1EE3H         LINE#         784
  C:1EE3H         LINE#         785
  -------         ENDPROC       USBXCORE_USB_ISR
  -------         ENDMOD        USB_API

  -------         MODULE        USB_SUSPEND
  C:0000H         SYMBOL        _ICE_DUMMY_
  D:00D7H         PUBLIC        USB0XCN
  D:00C9H         PUBLIC        REG0CN
  C:3968H         PUBLIC        USB_Suspend
  D:00A9H         PUBLIC        CLKSEL
  D:00B2H         PUBLIC        OSCICN
  D:00B9H         PUBLIC        CLKMUL
  -------         PROC          USB_SUSPEND
  C:3968H         LINE#         70
  C:3968H         LINE#         72
  C:396BH         LINE#         74
  C:396EH         LINE#         76
  C:3976H         LINE#         79
  C:3979H         LINE#         80
  C:397CH         LINE#         81
  C:397FH         LINE#         82
  C:3982H         LINE#         84
  C:3983H         LINE#         86
  C:3986H         LINE#         88
  C:398CH         LINE#         92
  C:398FH         LINE#         94
  C:3992H         LINE#         95
  -------         ENDPROC       USB_SUSPEND
  -------         ENDMOD        USB_SUSPEND

  -------         MODULE        USB_INT_ENABLE
  C:0000H         SYMBOL        _ICE_DUMMY_
  C:3A85H         PUBLIC        USB_Int_Enable
  D:0096H         PUBLIC        USB0ADR
BL51 BANKED LINKER/LOCATER V6.22                                                      12/04/2021  09:12:12  PAGE 49


  D:0097H         PUBLIC        USB0DAT
  -------         PROC          USB_INT_ENABLE
  C:3A85H         LINE#         68
  C:3A85H         LINE#         71
  C:3A8CH         LINE#         73
  C:3A92H         LINE#         74
  C:3A92H         LINE#         75
  C:3A9DH         LINE#         77
  C:3A9DH         LINE#         78
  -------         ENDPROC       USB_INT_ENABLE
  -------         ENDMOD        USB_INT_ENABLE

  -------         MODULE        USB_CLOCK_RECOVERY
  C:0000H         SYMBOL        _ICE_DUMMY_
  C:3B10H         PUBLIC        USBXcore_ClkRec
  D:0096H         PUBLIC        USB0ADR
  D:0097H         PUBLIC        USB0DAT
  -------         PROC          USBXCORE_CLKREC
  C:3B10H         LINE#         45
  C:3B10H         LINE#         47
  C:3B1BH         LINE#         48
  -------         ENDPROC       USBXCORE_CLKREC
  -------         ENDMOD        USB_CLOCK_RECOVERY

  -------         MODULE        ?C?FPMUL
  C:0C9BH         PUBLIC        ?C?FPMUL
  -------         ENDMOD        ?C?FPMUL

  -------         MODULE        ?C?FCAST
  C:0DABH         PUBLIC        ?C?FCASTC
  C:0DA6H         PUBLIC        ?C?FCASTI
  C:0DA1H         PUBLIC        ?C?FCASTL
  -------         ENDMOD        ?C?FCAST

  -------         MODULE        ?C?CASTF
  C:0DDFH         PUBLIC        ?C?CASTF
  -------         ENDMOD        ?C?CASTF

  -------         MODULE        ?C?COPY
  C:0F30H         PUBLIC        ?C?COPY
  -------         ENDMOD        ?C?COPY

  -------         MODULE        ?C?CLDPTR
  C:0F56H         PUBLIC        ?C?CLDPTR
  -------         ENDMOD        ?C?CLDPTR

  -------         MODULE        ?C?CLDOPTR
  C:0F6FH         PUBLIC        ?C?CLDOPTR
  -------         ENDMOD        ?C?CLDOPTR

  -------         MODULE        ?C?IMUL
  C:0F9CH         PUBLIC        ?C?IMUL
  -------         ENDMOD        ?C?IMUL

  -------         MODULE        ?C?IILDX
  C:0FAEH         PUBLIC        ?C?IILDX
  -------         ENDMOD        ?C?IILDX
BL51 BANKED LINKER/LOCATER V6.22                                                      12/04/2021  09:12:12  PAGE 50



  -------         MODULE        ?C?ILDOPTR
  C:0FC4H         PUBLIC        ?C?ILDOPTR
  -------         ENDMOD        ?C?ILDOPTR

  -------         MODULE        ?C?LMUL
  C:0FFCH         PUBLIC        ?C?LMUL
  -------         ENDMOD        ?C?LMUL

  -------         MODULE        ?C?ULDIV
  C:1087H         PUBLIC        ?C?ULDIV
  -------         ENDMOD        ?C?ULDIV

  -------         MODULE        ?C?LNEG
  C:1119H         PUBLIC        ?C?LNEG
  -------         ENDMOD        ?C?LNEG

  -------         MODULE        ?C?ULCMP
  C:1127H         PUBLIC        ?C?ULCMP
  -------         ENDMOD        ?C?ULCMP

  -------         MODULE        ?C?ULSHR
  C:1138H         PUBLIC        ?C?ULSHR
  -------         ENDMOD        ?C?ULSHR

  -------         MODULE        ?C?LSHL
  C:114BH         PUBLIC        ?C?LSHL
  -------         ENDMOD        ?C?LSHL

  -------         MODULE        ?C?LLDIPDATA
  C:1167H         PUBLIC        ?C?LLDIPDATA
  C:115EH         PUBLIC        ?C?LLDIPDATA1
  C:1160H         PUBLIC        ?C?LLDIPDATA8
  -------         ENDMOD        ?C?LLDIPDATA

  -------         MODULE        ?C?LSTXDATA
  C:117EH         PUBLIC        ?C?LSTXDATA
  -------         ENDMOD        ?C?LSTXDATA

  -------         MODULE        ?C?LSTPDATA
  C:118AH         PUBLIC        ?C?LSTPDATA
  -------         ENDMOD        ?C?LSTPDATA

  -------         MODULE        ?C?LSTKXDATA
  C:1196H         PUBLIC        ?C?LSTKXDATA
  -------         ENDMOD        ?C?LSTKXDATA

  -------         MODULE        ?C?LSTKPDATA
  C:11C7H         PUBLIC        ?C?LSTKPDATA
  -------         ENDMOD        ?C?LSTKPDATA

  -------         MODULE        ?C_PBP
  D:0008H         PUBLIC        ?C_PBP
  -------         ENDMOD        ?C_PBP

*** WARNING L14: INCOMPATIBLE MEMORY MODEL
    MODULE:  .\USBX_F34X.LIB (USB_API)
BL51 BANKED LINKER/LOCATER V6.22                                                      12/04/2021  09:12:12  PAGE 51


    MODEL:   SMALL

*** WARNING L14: INCOMPATIBLE MEMORY MODEL
    MODULE:  .\USBX_F34X.LIB (USB_SUSPEND)
    MODEL:   SMALL

*** WARNING L14: INCOMPATIBLE MEMORY MODEL
    MODULE:  .\USBX_F34X.LIB (USB_INT_ENABLE)
    MODEL:   SMALL

*** WARNING L14: INCOMPATIBLE MEMORY MODEL
    MODULE:  .\USBX_F34X.LIB (USB_CLOCK_RECOVERY)
    MODEL:   SMALL

*** WARNING L16: UNCALLED SEGMENT, IGNORED FOR OVERLAY PROCESS
    SEGMENT: ?PR?SD_INIT?MMC_SD

*** WARNING L16: UNCALLED SEGMENT, IGNORED FOR OVERLAY PROCESS
    SEGMENT: ?PR?_DISPPIC?LCD

*** WARNING L16: UNCALLED SEGMENT, IGNORED FOR OVERLAY PROCESS
    SEGMENT: ?PR?_DISPPICFROMSD?LCD

*** WARNING L16: UNCALLED SEGMENT, IGNORED FOR OVERLAY PROCESS
    SEGMENT: ?PR?DISPSCALEHOR1?LCD

*** WARNING L16: UNCALLED SEGMENT, IGNORED FOR OVERLAY PROCESS
    SEGMENT: ?PR?DISPSCALEVER?LCD

*** WARNING L16: UNCALLED SEGMENT, IGNORED FOR OVERLAY PROCESS
    SEGMENT: ?PR?DISPSCALEVER_RED?LCD

*** WARNING L16: UNCALLED SEGMENT, IGNORED FOR OVERLAY PROCESS
    SEGMENT: ?PR?DISPSCALEVER_GREEN?LCD

*** WARNING L16: UNCALLED SEGMENT, IGNORED FOR OVERLAY PROCESS
    SEGMENT: ?PR?DISPSCALEVER_BLUE?LCD

*** WARNING L16: UNCALLED SEGMENT, IGNORED FOR OVERLAY PROCESS
    SEGMENT: ?PR?DISPSCALEVER_GRAY?LCD

*** WARNING L16: UNCALLED SEGMENT, IGNORED FOR OVERLAY PROCESS
    SEGMENT: ?PR?DISPGRAYHOR32?LCD

*** WARNING L16: UNCALLED SEGMENT, IGNORED FOR OVERLAY PROCESS
    SEGMENT: ?PR?DISPSCALEHOR2?LCD

*** WARNING L16: UNCALLED SEGMENT, IGNORED FOR OVERLAY PROCESS
    SEGMENT: ?PR?_DRAWGIRD?LCD

*** WARNING L15: MULTIPLE CALL TO SEGMENT
    SEGMENT: ?PR?_WRITECOMM?LCD
    CALLER1: ?PR?USB_API_TEST_ISR?MAIN
    CALLER2: ?C_C51STARTUP

*** WARNING L15: MULTIPLE CALL TO SEGMENT
    SEGMENT: ?PR?_WRITEDATA?LCD
BL51 BANKED LINKER/LOCATER V6.22                                                      12/04/2021  09:12:12  PAGE 52


    CALLER1: ?PR?USB_API_TEST_ISR?MAIN
    CALLER2: ?C_C51STARTUP

Program Size: data=10.0 xdata=1217 code=15162
LINK/LOCATE RUN COMPLETE.  18 WARNING(S),  0 ERROR(S)
