BL51 BANKED LINKER/LOCATER V6.22                                                        05/21/2019  15:17:01  PAGE 1


BL51 BANKED LINKER/LOCATER V6.22, INVOKED BY:
C:\KEIL\C51\BIN\BL51.EXE main.obj, mmc_sd.obj, lcd.obj, tp.obj, .\USBX_F34X.LIB TO ST7796S_IVO40_16BIT RAMSIZE (256)


MEMORY MODEL: COMPACT WITH FLOATING POINT ARITHMETIC


INPUT MODULES INCLUDED:
  main.obj (MAIN)
  mmc_sd.obj (MMC_SD)
  lcd.obj (LCD)
  tp.obj (TP)
  .\USBX_F34X.LIB (USB_API)
  .\USBX_F34X.LIB (USB_CLOCK_START)
  .\USBX_F34X.LIB (USB_SUSPEND)
  .\USBX_F34X.LIB (GET_INTERRUPT_SOURCE)
  .\USBX_F34X.LIB (BLOCK_READ)
  .\USBX_F34X.LIB (BLOCK_WRITE)
  .\USBX_F34X.LIB (USB_INT_ENABLE)
  .\USBX_F34X.LIB (USB_CLOCK_RECOVERY)
  .\USBX_F34X.LIB (USB_JUMP_ISR)
  C:\KEIL\C51\LIB\C51FPC.LIB (?C?FPMUL)
  C:\KEIL\C51\LIB\C51FPC.LIB (?C?FCAST)
  C:\KEIL\C51\LIB\C51FPC.LIB (?C?CASTF)
  C:\KEIL\C51\LIB\C51FPC.LIB (?C?FPGETOPN)
  C:\KEIL\C51\LIB\C51C.LIB (?C_STARTUP)
  C:\KEIL\C51\LIB\C51C.LIB (?C?COPY)
  C:\KEIL\C51\LIB\C51C.LIB (?C?CLDPTR)
  C:\KEIL\C51\LIB\C51C.LIB (?C?CLDOPTR)
  C:\KEIL\C51\LIB\C51C.LIB (?C?IMUL)
  C:\KEIL\C51\LIB\C51C.LIB (?C?IILDX)
  C:\KEIL\C51\LIB\C51C.LIB (?C?LMUL)
  C:\KEIL\C51\LIB\C51C.LIB (?C?ULDIV)
  C:\KEIL\C51\LIB\C51C.LIB (?C?LNEG)
  C:\KEIL\C51\LIB\C51C.LIB (?C?ULCMP)
  C:\KEIL\C51\LIB\C51C.LIB (?C?ULSHR)
  C:\KEIL\C51\LIB\C51C.LIB (?C?LSHL)
  C:\KEIL\C51\LIB\C51C.LIB (?C?LLDIPDATA)
  C:\KEIL\C51\LIB\C51C.LIB (?C?LSTXDATA)
  C:\KEIL\C51\LIB\C51C.LIB (?C?LSTPDATA)
  C:\KEIL\C51\LIB\C51C.LIB (?C?LSTKXDATA)
  C:\KEIL\C51\LIB\C51C.LIB (?C?LSTKPDATA)
  C:\KEIL\C51\LIB\C51C.LIB (?C_PBP)
  C:\KEIL\C51\LIB\C51C.LIB (?C_INIT)


LINK MAP OF MODULE:  ST7796S_IVO40_16BIT (MAIN)


            TYPE    BASE      LENGTH    RELOCATION   SEGMENT NAME
            -----------------------------------------------------

            * * * * * * *   D A T A   M E M O R Y   * * * * * * *
            REG     0000H     0008H     ABSOLUTE     "REG BANK 0"
            DATA    0008H     0001H     UNIT         ?C?LIB_DATA
            IDATA   0009H     0001H     UNIT         ?STACK

            * * * * * * *  X D A T A   M E M O R Y  * * * * * * *
BL51 BANKED LINKER/LOCATER V6.22                                                      05/21/2019  15:17:01  PAGE 2


            XDATA   0000H     0004H     INPAGE       ?PD?_STOPDELAY?MAIN
            XDATA   0004H     0005H     INPAGE       ?PD?CONNTOUSB?MAIN
            XDATA   0009H     0010H     INPAGE       ?PD?MAIN
            XDATA   0019H     0005H     INPAGE       ?PD?_MMC_SD_SENDCOMMAND?MMC_SD
            XDATA   001EH     0004H     INPAGE       ?PD?_MMC_SD_READSINGLEBLOCK?MMC_SD
            XDATA   0022H     0004H     INPAGE       ?PD?_MMC_SD_WRITESINGLEBLOCK?MMC_SD
            XDATA   0026H     000DH     INPAGE       ?PD?_DISPPICFROMSD?LCD
            XDATA   0033H     0004H     INPAGE       ?PD?DISPSCALEHOR1?LCD
            XDATA   0037H     0004H     INPAGE       ?PD?DISPSCALEVER?LCD
            XDATA   003BH     0004H     INPAGE       ?PD?DISPSCALEVER_RED?LCD
            XDATA   003FH     0004H     INPAGE       ?PD?DISPSCALEVER_GREEN?LCD
            XDATA   0043H     0004H     INPAGE       ?PD?DISPSCALEVER_BLUE?LCD
            XDATA   0047H     0004H     INPAGE       ?PD?DISPSCALEVER_GRAY?LCD
            XDATA   004BH     0004H     INPAGE       ?PD?DISPGRAYHOR32?LCD
            XDATA   004FH     0002H     INPAGE       ?PD?DISPSCALEHOR2?LCD
            XDATA   0051H     000DH     INPAGE       ?PD?_DISPONECHAR?LCD
            XDATA   005EH     000BH     INPAGE       ?PD?_DISPSTR?LCD
            XDATA   0069H     000AH     INPAGE       ?PD?_DISPINT?LCD
            XDATA   0073H     000CH     INPAGE       ?PD?_DRAWLINE?LCD
            XDATA   007FH     0004H     INPAGE       ?PD?_DRAWGIRD?LCD
            XDATA   0083H     0002H     INPAGE       ?PD?LCD
            XDATA   0085H     000CH     INPAGE       _PDATA_GROUP_
            XDATA   0091H     0200H     UNIT         ?XD?MMC_SD
            XDATA   0291H     0058H     UNIT         ?XD?CONNTOUSB?MAIN
            XDATA   02E9H     0040H     UNIT         ?XD?MAIN
            XDATA   0329H     0038H     UNIT         _XDATA_GROUP_
                    0361H     02DFH                  *** GAP ***
            XDATA   0640H     0100H     ABSOLUTE     
            XDATA   0740H     0012H     ABSOLUTE     
            XDATA   0752H     0020H     ABSOLUTE     
            XDATA   0772H     000CH     ABSOLUTE     
            XDATA   077EH     0008H     ABSOLUTE     
            XDATA   0786H     0001H     ABSOLUTE     
            XDATA   0787H     0003H     ABSOLUTE     
            XDATA   078AH     0002H     ABSOLUTE     
            XDATA   078CH     0002H     ABSOLUTE     
            XDATA   078EH     0003H     ABSOLUTE     
            XDATA   0791H     0001H     ABSOLUTE     
            XDATA   0792H     0001H     ABSOLUTE     
            XDATA   0793H     0001H     ABSOLUTE     
            XDATA   0794H     0001H     ABSOLUTE     
            XDATA   0795H     0002H     ABSOLUTE     
            XDATA   0797H     0002H     ABSOLUTE     
            XDATA   0799H     0001H     ABSOLUTE     
            XDATA   079AH     0001H     ABSOLUTE     
            XDATA   079BH     0001H     ABSOLUTE     
            XDATA   079CH     0001H     ABSOLUTE     
            XDATA   079DH     0001H     ABSOLUTE     
            XDATA   079EH     0001H     ABSOLUTE     
            XDATA   079FH     0002H     ABSOLUTE     
            XDATA   07A1H     0001H     ABSOLUTE     
            XDATA   07A2H     0001H     ABSOLUTE     
            XDATA   07A3H     000CH     ABSOLUTE     
                    07AFH     0011H                  *** GAP ***
            XDATA   07C0H     0040H     ABSOLUTE     

            * * * * * * *   C O D E   M E M O R Y   * * * * * * *
BL51 BANKED LINKER/LOCATER V6.22                                                      05/21/2019  15:17:01  PAGE 3


            CODE    0000H     0003H     ABSOLUTE     
            CODE    0003H     003AH     UNIT         ?CO?USB_API
            CODE    003DH     0003H     UNIT         ?PR?SUSPEND_DEVICE?MAIN
                    0040H     0003H                  *** GAP ***
            CODE    0043H     0003H     ABSOLUTE     
            CODE    0046H     0044H     UNIT         ?PR?_DISPCOLOR?LCD
                    008AH     0001H                  *** GAP ***
            CODE    008BH     0003H     ABSOLUTE     
            CODE    008EH     060DH     UNIT         ?PR?CONNTOUSB?MAIN
            CODE    069BH     0600H     UNIT         ?CO?LCD
            CODE    0C9BH     050DH     UNIT         ?C?LIB_CODE
            CODE    11A8H     0233H     UNIT         ?PR?USBXCORE_HANDLE_SETUP?USB_API
            CODE    13DBH     021EH     UNIT         ?PR?DISPSCALEHOR1?LCD
            CODE    15F9H     01BAH     UNIT         ?PR?DISPSCALEHOR2?LCD
            CODE    17B3H     01A2H     UNIT         ?PR?TP_DRAWLINE?TP
            CODE    1955H     018EH     UNIT         ?PR?DISPBAND?LCD
            CODE    1AE3H     0152H     UNIT         ?PR?LCD_INIT?LCD
            CODE    1C35H     0151H     UNIT         ?PR?USBXCORE_USB_ISR?USB_API
            CODE    1D86H     0142H     UNIT         ?PR?_LCD_READ_IC_ID?LCD
            CODE    1EC8H     013DH     UNIT         ?PR?USB_API_TEST_ISR?MAIN
            CODE    2005H     0137H     UNIT         ?PR?_USB_INIT?USB_API
            CODE    213CH     0128H     UNIT         ?PR?DISPSCALEVER?LCD
            CODE    2264H     011BH     UNIT         ?PR?_TP_GETPOSITION?TP
            CODE    237FH     0111H     UNIT         ?PR?_BLOCK_WRITE?BLOCK_WRITE
            CODE    2490H     00E9H     UNIT         ?PR?_DISPPICFROMSD?LCD
            CODE    2579H     00CDH     UNIT         ?PR?USBXCORE_VENDOR_USB_API?USB_API
            CODE    2646H     00CBH     UNIT         ?PR?_DISPONECHAR?LCD
            CODE    2711H     00B7H     UNIT         ?PR?MMC_SD_RESET?MMC_SD
            CODE    27C8H     00B4H     UNIT         ?PR?_DISPINT?LCD
            CODE    287CH     00B2H     UNIT         ?PR?USBXCORE_GET_DESCRIPTOR?USB_API
            CODE    292EH     00AFH     UNIT         ?PR?_BLOCK_READ?BLOCK_READ
            CODE    29DDH     00A4H     UNIT         ?PR?DISPFRAME?LCD
            CODE    2A81H     009EH     UNIT         ?PR?DISPSCALEVER_GREEN?LCD
            CODE    2B1FH     009CH     UNIT         ?PR?_?BLOCKWRITE?LCD
            CODE    2BBBH     009BH     UNIT         ?PR?DISPGRAYHOR16?LCD
            CODE    2C56H     0096H     UNIT         ?PR?_DISPSTR?LCD
            CODE    2CECH     0091H     UNIT         ?PR?DISPSCALEVER_RED?LCD
            CODE    2D7DH     0091H     UNIT         ?PR?DISPSCALEVER_GRAY?LCD
            CODE    2E0EH     0090H     UNIT         ?PR?_DRAWGIRD?LCD
            CODE    2E9EH     008CH     UNIT         ?C_C51STARTUP
            CODE    2F2AH     0086H     UNIT         ?PR?DISPSCALEVER_BLUE?LCD
            CODE    2FB0H     0086H     UNIT         ?PR?_DRAWLINE?LCD
            CODE    3036H     007DH     UNIT         ?PR?_MMC_SD_WRITESINGLEBLOCK?MMC_SD
            CODE    30B3H     0078H     UNIT         ?PR?DISPGRAYHOR32?LCD
            CODE    312BH     0075H     UNIT         ?PR?_MMC_SD_SENDCOMMAND?MMC_SD
            CODE    31A0H     0073H     UNIT         ?PR?TP_READ?TP
            CODE    3213H     0073H     UNIT         ?PR?USBXCORE_GET_STATUS?USB_API
            CODE    3286H     006CH     UNIT         ?PR?DEVICES_INIT?MAIN
            CODE    32F2H     0064H     UNIT         ?PR?_MMC_SD_READSINGLEBLOCK?MMC_SD
            CODE    3356H     005BH     UNIT         ?PR?_TOORD?LCD
            CODE    33B1H     005AH     UNIT         ?PR?USBXCORE_SET_CONFIGURATION?USB_API
            CODE    340BH     0058H     UNIT         ?PR?USBXCORE_CLEAR_FEATURE?USB_API
            CODE    3463H     0057H     UNIT         ?PR?USBXCORE_SET_FEATURE?USB_API
            CODE    34BAH     0052H     UNIT         ?PR?_PUTPIXEL?LCD
            CODE    350CH     0051H     UNIT         ?PR?_STOPDELAY?MAIN
            CODE    355DH     0050H     UNIT         ?CO?MAIN
            CODE    35ADH     0047H     UNIT         ?PR?USBXCORE_GET_CONFIGURATION?USB_API
BL51 BANKED LINKER/LOCATER V6.22                                                      05/21/2019  15:17:01  PAGE 4


            CODE    35F4H     0043H     UNIT         ?PR?MCU_INIT?MAIN
            CODE    3637H     0038H     UNIT         ?PR?USB_CLOCK_START?USB_CLOCK_START
            CODE    366FH     002DH     UNIT         ?C_INITSEG
            CODE    369CH     002BH     UNIT         ?PR?USB_SUSPEND?USB_SUSPEND
            CODE    36C7H     0028H     UNIT         ?PR?_WRITEDISPDATA?LCD
            CODE    36EFH     0027H     UNIT         ?PR?USBXCORE_USB_RESET?USB_API
            CODE    3716H     0027H     UNIT         ?PR?USBXCORE_GET_INTERFACE?USB_API
            CODE    373DH     0026H     UNIT         ?PR?_TP_WRITE?TP
            CODE    3763H     0022H     UNIT         ?PR?USBXCORE_JUMP_ISR?USB_JUMP_ISR
            CODE    3785H     0020H     UNIT         ?PR?USBXCORE_SET_ADDRESS?USB_API
            CODE    37A5H     001FH     UNIT         ?PR?_DELAY?MAIN
            CODE    37C4H     001FH     UNIT         ?PR?_WRITEDATA?LCD
            CODE    37E3H     001DH     UNIT         ?PR?USBXCORE_FORCE_STALL?USB_API
            CODE    3800H     001BH     UNIT         ?PR?MAIN?MAIN
            CODE    381BH     001BH     UNIT         ?PR?_WRITECOMM?LCD
            CODE    3836H     0019H     UNIT         ?PR?USB_INT_ENABLE?USB_INT_ENABLE
            CODE    384FH     0016H     UNIT         ?PR?_SPI_WRITEBYTE?MMC_SD
            CODE    3865H     0016H     UNIT         ?PR?READDATA?LCD
            CODE    387BH     0014H     UNIT         ?PR?USBXCORE_SET_SOP?USB_API
            CODE    388FH     0013H     UNIT         ?PR?WAITKEY?MAIN
            CODE    38A2H     0011H     UNIT         ?PR?SD_INIT?MMC_SD
            CODE    38B3H     000EH     UNIT         ?PR?GET_INTERRUPT_SOURCE?GET_INTERRUPT_SOURCE
            CODE    38C1H     000CH     UNIT         ?PR?USBXCORE_CLKREC?USB_CLOCK_RECOVERY
            CODE    38CDH     000BH     UNIT         ?PR?SPI_READBYTE?MMC_SD
            CODE    38D8H     0009H     UNIT         ?PR?_WRITEONEDOT?LCD



OVERLAY MAP OF MODULE:   ST7796S_IVO40_16BIT (MAIN)


SEGMENT                                            PDATA_GROUP         XDATA_GROUP
  +--> CALLED SEGMENT                            START    LENGTH     START    LENGTH
------------------------------------------------------------------------------------
?PR?USB_API_TEST_ISR?MAIN                        0085H    0001H      -----    -----
  +--> ?PR?GET_INTERRUPT_SOURCE?GET_INTERRUP...
  +--> ?PR?_BLOCK_READ?BLOCK_READ
  +--> ?PR?SUSPEND_DEVICE?MAIN
  +--> ?PR?MCU_INIT?MAIN
  +--> ?PR?_?BLOCKWRITE?LCD

?PR?SUSPEND_DEVICE?MAIN                          -----    -----      -----    -----
  +--> ?PR?USB_SUSPEND?USB_SUSPEND

?PR?USB_SUSPEND?USB_SUSPEND                      -----    -----      -----    -----
  +--> ?PR?USB_CLOCK_START?USB_CLOCK_START

?PR?_?BLOCKWRITE?LCD                             -----    -----      -----    -----
  +--> ?PR?_WRITECOMM?LCD
  +--> ?PR?_WRITEDATA?LCD

?PR?_WRITECOMM?LCD                               008EH    0002H      -----    -----

?PR?_WRITEDATA?LCD                               008EH    0002H      -----    -----

*** NEW ROOT ***************************************************

BL51 BANKED LINKER/LOCATER V6.22                                                      05/21/2019  15:17:01  PAGE 5


?PR?USBXCORE_USB_ISR?USB_API                     -----    -----      -----    -----
  +--> ?PR?USBXCORE_USB_RESET?USB_API
  +--> ?PR?USBXCORE_HANDLE_SETUP?USB_API
  +--> ?PR?USBXCORE_JUMP_ISR?USB_JUMP_ISR

?PR?USBXCORE_HANDLE_SETUP?USB_API                -----    -----      -----    -----
  +--> ?PR?USBXCORE_GET_STATUS?USB_API
  +--> ?PR?USBXCORE_CLEAR_FEATURE?USB_API
  +--> ?PR?USBXCORE_VENDOR_USB_API?USB_API
  +--> ?PR?USBXCORE_SET_FEATURE?USB_API
  +--> ?PR?USBXCORE_SET_ADDRESS?USB_API
  +--> ?PR?USBXCORE_GET_DESCRIPTOR?USB_API
  +--> ?PR?USBXCORE_GET_CONFIGURATION?USB_API
  +--> ?PR?USBXCORE_SET_CONFIGURATION?USB_API
  +--> ?PR?USBXCORE_GET_INTERFACE?USB_API
  +--> ?PR?USBXCORE_SET_SOP?USB_API
  +--> ?PR?USBXCORE_FORCE_STALL?USB_API

?PR?USBXCORE_GET_STATUS?USB_API                  -----    -----      -----    -----
  +--> ?CO?USB_API
  +--> ?PR?USBXCORE_FORCE_STALL?USB_API
  +--> ?PR?USBXCORE_SET_SOP?USB_API

?PR?USBXCORE_CLEAR_FEATURE?USB_API               -----    -----      -----    -----
  +--> ?PR?USBXCORE_FORCE_STALL?USB_API
  +--> ?PR?USBXCORE_SET_SOP?USB_API

?PR?USBXCORE_VENDOR_USB_API?USB_API              -----    -----      -----    -----
  +--> ?PR?USBXCORE_SET_SOP?USB_API

?PR?USBXCORE_SET_FEATURE?USB_API                 -----    -----      -----    -----
  +--> ?PR?USBXCORE_FORCE_STALL?USB_API
  +--> ?PR?USBXCORE_SET_SOP?USB_API

?PR?USBXCORE_SET_ADDRESS?USB_API                 -----    -----      -----    -----
  +--> ?PR?USBXCORE_SET_SOP?USB_API

?PR?USBXCORE_GET_DESCRIPTOR?USB_API              -----    -----      -----    -----
  +--> ?PR?USBXCORE_FORCE_STALL?USB_API
  +--> ?PR?USBXCORE_SET_SOP?USB_API

?PR?USBXCORE_GET_CONFIGURATION?USB_API           -----    -----      -----    -----
  +--> ?CO?USB_API
  +--> ?PR?USBXCORE_SET_SOP?USB_API

?PR?USBXCORE_SET_CONFIGURATION?USB_API           -----    -----      -----    -----
  +--> ?PR?USBXCORE_SET_SOP?USB_API

?PR?USBXCORE_GET_INTERFACE?USB_API               -----    -----      -----    -----
  +--> ?CO?USB_API
  +--> ?PR?USBXCORE_SET_SOP?USB_API

*** NEW ROOT ***************************************************

?C_C51STARTUP                                    -----    -----      -----    -----
  +--> ?PR?MAIN?MAIN
  +--> ?C_INITSEG
BL51 BANKED LINKER/LOCATER V6.22                                                      05/21/2019  15:17:01  PAGE 6



?PR?MAIN?MAIN                                    0088H    0001H      -----    -----
  +--> ?PR?DEVICES_INIT?MAIN
  +--> ?PR?DISPFRAME?LCD
  +--> ?PR?DISPBAND?LCD
  +--> ?PR?DISPGRAYHOR16?LCD
  +--> ?PR?_DISPCOLOR?LCD
  +--> ?PR?TP_DRAWLINE?TP

?PR?DEVICES_INIT?MAIN                            -----    -----      -----    -----
  +--> ?PR?MCU_INIT?MAIN
  +--> ?PR?USB_CLOCK_START?USB_CLOCK_START
  +--> ?CO?MAIN
  +--> ?PR?_USB_INIT?USB_API
  +--> ?PR?USB_INT_ENABLE?USB_INT_ENABLE
  +--> ?PR?LCD_INIT?LCD

?PR?_USB_INIT?USB_API                            -----    -----      0329H    0011H
  +--> ?CO?USB_API
  +--> ?PR?USBXCORE_CLKREC?USB_CLOCK_RECOVERY

?PR?LCD_INIT?LCD                                 -----    -----      -----    -----
  +--> ?PR?READDATA?LCD
  +--> ?PR?_DELAY?MAIN
  +--> ?PR?_WRITECOMM?LCD
  +--> ?PR?_WRITEDATA?LCD

?PR?READDATA?LCD                                 -----    -----      -----    -----
  +--> ?PR?_LCD_READ_IC_ID?LCD

?PR?_LCD_READ_IC_ID?LCD                          0089H    0008H      -----    -----

?PR?DISPFRAME?LCD                                0089H    0002H      -----    -----
  +--> ?PR?_?BLOCKWRITE?LCD
  +--> ?PR?_WRITEDISPDATA?LCD

?PR?_WRITEDISPDATA?LCD                           008EH    0001H      -----    -----

?PR?DISPBAND?LCD                                 0089H    0005H      -----    -----
  +--> ?PR?_?BLOCKWRITE?LCD
  +--> ?PR?_WRITEDISPDATA?LCD

?PR?DISPGRAYHOR16?LCD                            0089H    0004H      -----    -----
  +--> ?PR?_?BLOCKWRITE?LCD
  +--> ?PR?_WRITEDISPDATA?LCD

?PR?_DISPCOLOR?LCD                               0089H    0004H      -----    -----
  +--> ?PR?_?BLOCKWRITE?LCD
  +--> ?PR?_WRITEDISPDATA?LCD

?PR?TP_DRAWLINE?TP                               -----    -----      0329H    0018H
  +--> ?PR?_DISPCOLOR?LCD
  +--> ?PR?_DELAY?MAIN
  +--> ?PR?_TP_GETPOSITION?TP
  +--> ?PR?_PUTPIXEL?LCD

?PR?_TP_GETPOSITION?TP                           -----    -----      0341H    001BH
BL51 BANKED LINKER/LOCATER V6.22                                                      05/21/2019  15:17:01  PAGE 7


  +--> ?PR?_TP_WRITE?TP
  +--> ?PR?TP_READ?TP

?PR?_TP_WRITE?TP                                 -----    -----      035CH    0001H

?PR?TP_READ?TP                                   -----    -----      035CH    0005H

?PR?_PUTPIXEL?LCD                                0089H    0002H      -----    -----
  +--> ?PR?_?BLOCKWRITE?LCD
  +--> ?PR?_WRITEDISPDATA?LCD



SYMBOL TABLE OF MODULE:  ST7796S_IVO40_16BIT (MAIN)

  VALUE           TYPE          NAME
  ----------------------------------

  -------         MODULE        MAIN
  C:0000H         SYMBOL        _ICE_DUMMY_
  D:0080H         PUBLIC        P0
  X:0009H         PUBLIC        f_down
  D:0090H         PUBLIC        P1
  D:00A0H         PUBLIC        P2
  D:00B0H         PUBLIC        P3
  C:35A8H         PUBLIC        USB_MaxPower
  B:00B0H.6       PUBLIC        KEY_STEP
  D:00A4H         PUBLIC        P0MDOUT
  D:00A5H         PUBLIC        P1MDOUT
  D:00A6H         PUBLIC        P2MDOUT
  D:00A7H         PUBLIC        P3MDOUT
  D:00AEH         PUBLIC        P4MDOUT
  B:0080H.6       PUBLIC        OE
  D:00D9H         PUBLIC        PCA0MD
  C:1EC8H         PUBLIC        USB_API_TEST_ISR
  C:003DH         PUBLIC        Suspend_Device
  C:350CH         PUBLIC        _StopDelay
  D:00E1H         PUBLIC        XBR0
  D:00E2H         PUBLIC        XBR1
  B:00B0H.1       PUBLIC        RS
  C:3800H         PUBLIC        main
  X:000AH         PUBLIC        VerifyCode0
  X:000BH         PUBLIC        VerifyCode1
  C:3572H         PUBLIC        USB_PID
  X:000CH         PUBLIC        VerifyCode2
  D:00F1H         PUBLIC        P0MDIN
  D:00F2H         PUBLIC        P1MDIN
  C:3574H         PUBLIC        USB_MfrStr
  D:00F4H         PUBLIC        P3MDIN
  C:3570H         PUBLIC        USB_VID
  D:00F8H         PUBLIC        SPI0CN
  X:000DH         PUBLIC        pic
  C:3286H         PUBLIC        Devices_Init
  C:008EH         PUBLIC        ConnToUSB
  D:00A9H         PUBLIC        CLKSEL
  D:00B2H         PUBLIC        OSCICN
  C:35A9H         PUBLIC        USB_PwAttributes
BL51 BANKED LINKER/LOCATER V6.22                                                      05/21/2019  15:17:01  PAGE 8


  C:388FH         PUBLIC        WaitKey
  C:35ACH         SYMBOL        _?ix1000
  B:00B0H.0       PUBLIC        CS0
  X:000EH         PUBLIC        bf
  C:35AAH         PUBLIC        USB_bcdDevice
  D:00B9H         PUBLIC        CLKMUL
  X:0010H         PUBLIC        f_debug
  X:0011H         PUBLIC        sd
  X:02E9H         PUBLIC        Packet
  C:35F4H         PUBLIC        MCU_Init
  B:0080H.7       PUBLIC        DIR
  D:00EFH         PUBLIC        RSTSRC
  X:0015H         PUBLIC        f_read
  C:359EH         PUBLIC        USB_SerialStr
  X:0016H         PUBLIC        f_other
  C:358EH         PUBLIC        USB_ProductStr
  X:0017H         PUBLIC        f_para
  D:00A1H         PUBLIC        SPI0CFG
  C:37A5H         PUBLIC        _Delay
  B:00B0H.7       PUBLIC        KEY_Stop
  X:0018H         PUBLIC        f_init
  -------         PROC          MAIN
  -------         DO            
  X:0088H         SYMBOL        n
  -------         ENDDO         
  C:3800H         LINE#         40
  C:3800H         LINE#         41
  C:3800H         LINE#         46
  C:3803H         LINE#         48
  C:3806H         LINE#         49
  C:3806H         LINE#         67
  C:3809H         LINE#         72
  C:380CH         LINE#         73
  C:380FH         LINE#         74
  C:3815H         LINE#         80
  C:3818H         LINE#         82
  C:381AH         LINE#         83
  -------         ENDPROC       MAIN
  -------         PROC          _DELAY
  D:0006H         SYMBOL        dly
  -------         DO            
  D:0004H         SYMBOL        i
  D:0002H         SYMBOL        j
  -------         ENDDO         
  C:37A5H         LINE#         86
  C:37A5H         LINE#         87
  C:37A5H         LINE#         90
  C:37AFH         LINE#         91
  C:37C3H         LINE#         92
  -------         ENDPROC       _DELAY
  -------         PROC          _STOPDELAY
  X:0000H         SYMBOL        sdly
  -------         DO            
  D:0006H         SYMBOL        i
  D:0004H         SYMBOL        j
  X:0002H         SYMBOL        k
  -------         ENDDO         
BL51 BANKED LINKER/LOCATER V6.22                                                      05/21/2019  15:17:01  PAGE 9


  C:350CH         LINE#         94
  C:3513H         LINE#         95
  C:3513H         LINE#         97
  C:3518H         LINE#         98
  C:3518H         LINE#         99
  C:351BH         LINE#         100
  C:351BH         LINE#         101
  C:3528H         LINE#         102
  C:353CH         LINE#         103
  C:353CH         LINE#         105
  C:353CH         LINE#         106
  C:3546H         LINE#         107
  C:3546H         LINE#         108
  C:355CH         LINE#         109
  -------         ENDPROC       _STOPDELAY
  -------         PROC          WAITKEY
  C:388FH         LINE#         138
  C:388FH         LINE#         139
  C:388FH         LINE#         141
  C:3892H         LINE#         142
  C:3892H         LINE#         144
  C:3895H         LINE#         146
  C:3897H         LINE#         147
  C:389EH         LINE#         148
  C:38A1H         LINE#         150
  -------         ENDPROC       WAITKEY
  -------         PROC          CONNTOUSB
  -------         DO            
  X:0004H         SYMBOL        i
  X:0291H         SYMBOL        reg_data
  X:02A9H         SYMBOL        para_data
  D:0007H         SYMBOL        dat
  X:0005H         SYMBOL        reg_index
  X:0007H         SYMBOL        data_num
  X:0008H         SYMBOL        st
  -------         ENDDO         
  C:008EH         LINE#         155
  C:008EH         LINE#         156
  C:008EH         LINE#         163
  C:00A1H         LINE#         165
  C:00A9H         LINE#         166
  C:00A9H         LINE#         167
  C:00B7H         LINE#         168
  C:00B7H         LINE#         169
  C:00C8H         LINE#         170
  C:00C8H         LINE#         171
  C:00EEH         LINE#         172
  C:00F0H         LINE#         173
  C:0104H         LINE#         174
  C:0104H         LINE#         175
  C:012AH         LINE#         177
  C:012AH         LINE#         178
  C:012AH         LINE#         179
  C:012AH         LINE#         181
  C:012AH         LINE#         182
  C:0132H         LINE#         183
  C:013CH         LINE#         184
BL51 BANKED LINKER/LOCATER V6.22                                                      05/21/2019  15:17:01  PAGE 10


  C:0146H         LINE#         186
  C:0162H         LINE#         188
  C:016CH         LINE#         189
  C:016CH         LINE#         190
  C:017DH         LINE#         191
  C:017DH         LINE#         192
  C:018EH         LINE#         193
  C:018EH         LINE#         194
  C:01E1H         LINE#         195
  C:01E3H         LINE#         196
  C:01F9H         LINE#         197
  C:01F9H         LINE#         198
  C:024BH         LINE#         199
  C:024BH         LINE#         200
  C:024BH         LINE#         201
  C:024BH         LINE#         203
  C:024BH         LINE#         204
  C:0253H         LINE#         205
  C:0253H         LINE#         206
  C:025DH         LINE#         207
  C:0267H         LINE#         209
  C:026BH         LINE#         210
  C:026EH         LINE#         214
  C:0276H         LINE#         215
  C:0276H         LINE#         216
  C:0285H         LINE#         217
  C:0285H         LINE#         218
  C:0287H         LINE#         220
  C:0289H         LINE#         221
  C:02A5H         LINE#         222
  C:02A7H         LINE#         224
  C:02D0H         LINE#         225
  C:02F4H         LINE#         226
  C:02FEH         LINE#         227
  C:02FEH         LINE#         228
  C:0306H         LINE#         229
  C:030DH         LINE#         230
  C:0318H         LINE#         231
  C:031EH         LINE#         232
  C:031EH         LINE#         233
  C:0327H         LINE#         235
  C:032BH         LINE#         236
  C:0337H         LINE#         237
  C:033AH         LINE#         240
  C:0342H         LINE#         241
  C:0342H         LINE#         242
  C:034BH         LINE#         243
  C:034BH         LINE#         244
  C:035BH         LINE#         245
  C:035BH         LINE#         246
  C:035DH         LINE#         248
  C:035FH         LINE#         249
  C:037BH         LINE#         250
  C:037DH         LINE#         252
  C:03A6H         LINE#         253
  C:03CAH         LINE#         255
  C:03D4H         LINE#         256
BL51 BANKED LINKER/LOCATER V6.22                                                      05/21/2019  15:17:01  PAGE 11


  C:03D4H         LINE#         257
  C:03DCH         LINE#         258
  C:03E3H         LINE#         259
  C:03EEH         LINE#         260
  C:03F4H         LINE#         261
  C:03F4H         LINE#         263
  C:03FDH         LINE#         269
  C:03FDH         LINE#         270
  C:040AH         LINE#         271
  C:040AH         LINE#         272
  C:040CH         LINE#         274
  C:040EH         LINE#         275
  C:042AH         LINE#         276
  C:042CH         LINE#         278
  C:0434H         LINE#         279
  C:0438H         LINE#         280
  C:0444H         LINE#         281
  C:0444H         LINE#         282
  C:0447H         LINE#         285
  C:044FH         LINE#         286
  C:044FH         LINE#         287
  C:0460H         LINE#         288
  C:0460H         LINE#         289
  C:046DH         LINE#         290
  C:046DH         LINE#         291
  C:048BH         LINE#         292
  C:048DH         LINE#         293
  C:049DH         LINE#         294
  C:049DH         LINE#         295
  C:04BBH         LINE#         296
  C:04BDH         LINE#         297
  C:04CEH         LINE#         298
  C:04CEH         LINE#         299
  C:04D8H         LINE#         300
  C:04E2H         LINE#         301
  C:04E2H         LINE#         302
  C:04E2H         LINE#         303
  C:04E2H         LINE#         305
  C:04E2H         LINE#         306
  C:04EBH         LINE#         307
  C:04EFH         LINE#         308
  C:04FBH         LINE#         309
  C:04FEH         LINE#         312
  C:0506H         LINE#         313
  C:0506H         LINE#         314
  C:0513H         LINE#         315
  C:0524H         LINE#         317
  C:052DH         LINE#         318
  C:053CH         LINE#         320
  C:0544H         LINE#         321
  C:0544H         LINE#         322
  C:054DH         LINE#         323
  C:055CH         LINE#         324
  C:055CH         LINE#         325
  C:055FH         LINE#         326
  C:056EH         LINE#         327
  C:057AH         LINE#         328
BL51 BANKED LINKER/LOCATER V6.22                                                      05/21/2019  15:17:01  PAGE 12


  C:0580H         LINE#         329
  C:0580H         LINE#         331
  C:0584H         LINE#         332
  C:0593H         LINE#         334
  C:059AH         LINE#         335
  C:05B6H         LINE#         336
  C:05C0H         LINE#         337
  C:05C0H         LINE#         338
  C:05E6H         LINE#         339
  C:05F9H         LINE#         340
  C:05F9H         LINE#         341
  C:064BH         LINE#         342
  C:0653H         LINE#         343
  C:0653H         LINE#         344
  C:0653H         LINE#         347
  C:0658H         LINE#         348
  C:0658H         LINE#         349
  C:0665H         LINE#         350
  C:0676H         LINE#         352
  C:067CH         LINE#         353
  C:0680H         LINE#         354
  C:0684H         LINE#         355
  C:0688H         LINE#         357
  C:068CH         LINE#         358
  C:0698H         LINE#         359
  C:069AH         LINE#         360
  -------         ENDPROC       CONNTOUSB
  -------         PROC          MCU_INIT
  -------         DO            
  D:0007H         SYMBOL        n
  -------         ENDDO         
  C:35F4H         LINE#         363
  C:35F4H         LINE#         364
  C:35F4H         LINE#         366
  C:35F7H         LINE#         369
  C:35FAH         LINE#         370
  C:35FDH         LINE#         372
  C:3600H         LINE#         374
  C:3606H         LINE#         376
  C:3609H         LINE#         377
  C:360EH         LINE#         378
  C:3611H         LINE#         380
  C:3614H         LINE#         383
  C:3617H         LINE#         384
  C:361AH         LINE#         386
  C:361DH         LINE#         387
  C:3620H         LINE#         389
  C:3623H         LINE#         390
  C:3626H         LINE#         392
  C:3629H         LINE#         393
  C:362CH         LINE#         394
  C:362EH         LINE#         395
  C:3630H         LINE#         397
  C:3633H         LINE#         398
  C:3636H         LINE#         400
  -------         ENDPROC       MCU_INIT
  -------         PROC          DEVICES_INIT
BL51 BANKED LINKER/LOCATER V6.22                                                      05/21/2019  15:17:01  PAGE 13


  C:3286H         LINE#         402
  C:3286H         LINE#         403
  C:3286H         LINE#         405
  C:3289H         LINE#         408
  C:328CH         LINE#         409
  C:32E6H         LINE#         410
  C:32E9H         LINE#         413
  C:32ECH         LINE#         414
  C:32EFH         LINE#         422
  -------         ENDPROC       DEVICES_INIT
  -------         PROC          SUSPEND_DEVICE
  C:003DH         LINE#         426
  C:003DH         LINE#         427
  C:003DH         LINE#         428
  -------         ENDPROC       SUSPEND_DEVICE
  -------         PROC          USB_API_TEST_ISR
  -------         DO            
  X:0085H         SYMBOL        INTVAL
  -------         ENDDO         
  C:1EC8H         LINE#         432
  C:1EE5H         LINE#         434
  C:1EECH         LINE#         436
  C:1EF2H         LINE#         437
  C:1EF2H         LINE#         438
  C:1EFDH         LINE#         440
  C:1F19H         LINE#         441
  C:1F19H         LINE#         442
  C:1F1BH         LINE#         443
  C:1F1DH         LINE#         444
  C:1F33H         LINE#         445
  C:1F33H         LINE#         446
  C:1F35H         LINE#         447
  C:1F37H         LINE#         448
  C:1F4FH         LINE#         449
  C:1F4FH         LINE#         450
  C:1F51H         LINE#         451
  C:1F53H         LINE#         452
  C:1F6DH         LINE#         453
  C:1F6DH         LINE#         454
  C:1F6FH         LINE#         455
  C:1F71H         LINE#         456
  C:1F86H         LINE#         457
  C:1F86H         LINE#         458
  C:1F88H         LINE#         459
  C:1F8AH         LINE#         461
  C:1F8AH         LINE#         462
  C:1F8FH         LINE#         463
  C:1F8FH         LINE#         464
  C:1F8FH         LINE#         466
  C:1F8FH         LINE#         467
  C:1F8FH         LINE#         469
  C:1F8FH         LINE#         471
  C:1F95H         LINE#         472
  C:1F95H         LINE#         473
  C:1F98H         LINE#         474
  C:1F98H         LINE#         476
  C:1F9EH         LINE#         477
BL51 BANKED LINKER/LOCATER V6.22                                                      05/21/2019  15:17:01  PAGE 14


  C:1F9EH         LINE#         478
  C:1FA1H         LINE#         479
  C:1FA1H         LINE#         481
  C:1FA7H         LINE#         482
  C:1FA7H         LINE#         483
  C:1FC3H         LINE#         484
  C:1FC3H         LINE#         486
  C:1FC9H         LINE#         487
  C:1FC9H         LINE#         488
  C:1FCEH         LINE#         489
  C:1FEAH         LINE#         490
  C:1FEAH         LINE#         491
  -------         ENDPROC       USB_API_TEST_ISR
  -------         ENDMOD        MAIN

  -------         MODULE        MMC_SD
  C:0000H         SYMBOL        _ICE_DUMMY_
  D:00A2H         PUBLIC        SPI0CKR
  D:0080H         PUBLIC        P0
  D:0090H         PUBLIC        P1
  D:00A0H         PUBLIC        P2
  D:00B0H         PUBLIC        P3
  C:312BH         PUBLIC        _MMC_SD_SendCommand
  C:32F2H         PUBLIC        _MMC_SD_ReadSingleBlock
  C:38A2H         PUBLIC        SD_Init
  C:3036H         PUBLIC        _MMC_SD_WriteSingleBlock
  B:00F8H.7       PUBLIC        SPIF
  B:00F8H.2       PUBLIC        NSSMD0
  C:2711H         PUBLIC        MMC_SD_Reset
  D:00A9H         PUBLIC        CLKSEL
  C:38CDH         PUBLIC        SPI_ReadByte
  C:385BH         PUBLIC        _SPI_WriteByte
  D:00A3H         PUBLIC        SPI0DAT
  X:0091H         PUBLIC        buffer
  C:384FH         SYMBOL        L?0062
  C:3854H         SYMBOL        L?0063
  -------         PROC          L?0061
  -------         ENDPROC       L?0061
  C:384FH         SYMBOL        L?0062
  C:3854H         SYMBOL        L?0063
  -------         PROC          _SPI_WRITEBYTE
  D:0007H         SYMBOL        val
  -------         DO            
  D:0007H         SYMBOL        ret
  -------         ENDDO         
  C:385BH         LINE#         7
  C:385BH         LINE#         8
  C:385BH         LINE#         11
  C:385DH         LINE#         12
  C:3860H         LINE#         13
  C:3862H         LINE#         14
  C:3864H         LINE#         15
  C:3864H         LINE#         16
  -------         ENDPROC       _SPI_WRITEBYTE
  -------         PROC          SPI_READBYTE
  -------         DO            
  D:0007H         SYMBOL        ret
BL51 BANKED LINKER/LOCATER V6.22                                                      05/21/2019  15:17:01  PAGE 15


  -------         ENDDO         
  C:38CDH         LINE#         18
  C:38CDH         LINE#         19
  C:38CDH         LINE#         22
  C:38D0H         LINE#         23
  C:38D3H         LINE#         24
  C:38D5H         LINE#         25
  C:38D7H         LINE#         26
  C:38D7H         LINE#         27
  -------         ENDPROC       SPI_READBYTE
  -------         PROC          _MMC_SD_SENDCOMMAND
  D:0006H         SYMBOL        cmd
  X:001AH         SYMBOL        arg
  -------         DO            
  D:0007H         SYMBOL        r1
  D:0003H         SYMBOL        retry
  -------         ENDDO         
  C:312BH         LINE#         29
  C:312DH         LINE#         30
  C:312DH         LINE#         32
  C:312FH         LINE#         34
  C:312FH         LINE#         35
  C:312FH         LINE#         36
  C:3132H         LINE#         37
  C:3132H         LINE#         38
  C:3132H         LINE#         39
  C:3135H         LINE#         41
  C:3137H         LINE#         43
  C:313EH         LINE#         44
  C:3153H         LINE#         45
  C:3168H         LINE#         46
  C:317DH         LINE#         47
  C:3187H         LINE#         48
  C:318CH         LINE#         50
  C:3194H         LINE#         51
  C:319DH         LINE#         53
  C:319FH         LINE#         55
  C:319FH         LINE#         56
  -------         ENDPROC       _MMC_SD_SENDCOMMAND
  -------         PROC          MMC_SD_RESET
  -------         DO            
  D:0005H         SYMBOL        i
  D:0002H         SYMBOL        retry
  D:0006H         SYMBOL        r1
  -------         ENDDO         
  C:2711H         LINE#         58
  C:2711H         LINE#         59
  C:2711H         LINE#         62
  C:2713H         LINE#         64
  C:2714H         LINE#         65
  C:2717H         LINE#         66
  C:271AH         LINE#         68
  C:271AH         LINE#         69
  C:2726H         LINE#         70
  C:2736H         LINE#         71
  C:2737H         LINE#         72
  C:273DH         LINE#         73
BL51 BANKED LINKER/LOCATER V6.22                                                      05/21/2019  15:17:01  PAGE 16


  C:2741H         LINE#         75
  C:2743H         LINE#         77
  C:2743H         LINE#         79
  C:2743H         LINE#         80
  C:2753H         LINE#         81
  C:2754H         LINE#         82
  C:275DH         LINE#         83
  C:2761H         LINE#         85
  C:2763H         LINE#         86
  C:2773H         LINE#         87
  C:2774H         LINE#         88
  C:277DH         LINE#         89
  C:2780H         LINE#         91
  C:2783H         LINE#         92
  C:2783H         LINE#         93
  C:2785H         LINE#         95
  C:2785H         LINE#         96
  C:2795H         LINE#         97
  C:2796H         LINE#         98
  C:279FH         LINE#         99
  C:27A2H         LINE#         100
  C:27A2H         LINE#         101
  C:27B2H         LINE#         103
  C:27C0H         LINE#         104
  C:27C3H         LINE#         105
  C:27C6H         LINE#         106
  C:27C7H         LINE#         107
  -------         ENDPROC       MMC_SD_RESET
  -------         PROC          _MMC_SD_READSINGLEBLOCK
  X:001EH         SYMBOL        sector
  -------         DO            
  D:0007H         SYMBOL        r1
  D:0004H         SYMBOL        i
  D:0002H         SYMBOL        retry
  -------         ENDDO         
  C:32F2H         LINE#         109
  C:32F7H         LINE#         110
  C:32F7H         LINE#         113
  C:32F9H         LINE#         115
  C:32FCH         LINE#         117
  C:32FCH         LINE#         118
  C:3318H         LINE#         119
  C:3319H         LINE#         120
  C:3322H         LINE#         121
  C:3325H         LINE#         124
  C:3327H         LINE#         126
  C:332DH         LINE#         128
  C:3330H         LINE#         129
  C:3330H         LINE#         130
  C:333FH         LINE#         131
  C:334CH         LINE#         133
  C:334CH         LINE#         134
  C:334FH         LINE#         136
  C:3351H         LINE#         137
  C:3354H         LINE#         138
  C:3355H         LINE#         139
  -------         ENDPROC       _MMC_SD_READSINGLEBLOCK
BL51 BANKED LINKER/LOCATER V6.22                                                      05/21/2019  15:17:01  PAGE 17


  -------         PROC          _MMC_SD_WRITESINGLEBLOCK
  X:0022H         SYMBOL        sector
  -------         DO            
  D:0006H         SYMBOL        r1
  D:0004H         SYMBOL        i
  D:0002H         SYMBOL        retry
  -------         ENDDO         
  C:3036H         LINE#         141
  C:303BH         LINE#         142
  C:303BH         LINE#         145
  C:303DH         LINE#         147
  C:3040H         LINE#         149
  C:3040H         LINE#         150
  C:305EH         LINE#         151
  C:305FH         LINE#         152
  C:3068H         LINE#         153
  C:306BH         LINE#         157
  C:306DH         LINE#         159
  C:3072H         LINE#         161
  C:3077H         LINE#         163
  C:3079H         LINE#         164
  C:3079H         LINE#         165
  C:3088H         LINE#         166
  C:3095H         LINE#         168
  C:3095H         LINE#         169
  C:3095H         LINE#         171
  C:309AH         LINE#         173
  C:30A1H         LINE#         174
  C:30A1H         LINE#         175
  C:30A3H         LINE#         176
  C:30A4H         LINE#         177
  C:30A4H         LINE#         179
  C:30ACH         LINE#         181
  C:30AEH         LINE#         182
  C:30B1H         LINE#         183
  C:30B2H         LINE#         184
  -------         ENDPROC       _MMC_SD_WRITESINGLEBLOCK
  -------         PROC          SD_INIT
  -------         DO            
  D:0001H         SYMBOL        n
  -------         ENDDO         
  C:38A2H         LINE#         187
  C:38A2H         LINE#         188
  C:38A2H         LINE#         189
  C:38A4H         LINE#         191
  C:38AAH         LINE#         192
  C:38AAH         LINE#         193
  C:38ABH         LINE#         194
  C:38B2H         LINE#         196
  -------         ENDPROC       SD_INIT
  -------         ENDMOD        MMC_SD

  -------         MODULE        LCD
  C:0000H         SYMBOL        _ICE_DUMMY_
  D:0080H         PUBLIC        P0
  C:29DDH         PUBLIC        DispFrame
  D:0090H         PUBLIC        P1
BL51 BANKED LINKER/LOCATER V6.22                                                      05/21/2019  15:17:01  PAGE 18


  C:2A81H         PUBLIC        DispScaleVer_Green
  D:00A0H         PUBLIC        P2
  D:00B0H         PUBLIC        P3
  D:00C7H         PUBLIC        P4
  C:1955H         PUBLIC        DispBand
  C:37C8H         PUBLIC        _WriteData
  C:069BH         PUBLIC        ascii
  C:1D86H         PUBLIC        _LCD_Read_IC_ID
  D:00A6H         PUBLIC        P2MDOUT
  C:0046H         PUBLIC        _DispColor
  C:2F2AH         PUBLIC        DispScaleVer_Blue
  C:2E0EH         PUBLIC        _DrawGird
  C:2FB0H         PUBLIC        _DrawLine
  C:381BH         PUBLIC        _WriteComm
  C:36DCH         PUBLIC        _WriteDispData
  C:2D7DH         PUBLIC        DispScaleVer_Gray
  B:00B0H.1       PUBLIC        RS
  B:00A0H.1       PUBLIC        SPI_CLK
  C:2CECH         PUBLIC        DispScaleVer_Red
  C:213CH         PUBLIC        DispScaleVer
  C:2676H         PUBLIC        _DispOneChar
  C:30B3H         PUBLIC        DispGrayHor32
  C:2BBBH         PUBLIC        DispGrayHor16
  C:27C8H         PUBLIC        _DispInt
  C:34BAH         PUBLIC        _PutPixel
  D:00A9H         PUBLIC        CLKSEL
  B:0090H.6       PUBLIC        RD0
  B:00B0H.0       PUBLIC        CS0
  X:0083H         PUBLIC        LCM_ID
  C:1AE3H         PUBLIC        LCD_Init
  C:2C56H         PUBLIC        _DispStr
  B:0090H.7       PUBLIC        WR0
  C:13DBH         PUBLIC        DispScaleHor1
  B:00A0H.0       PUBLIC        SPI_DI
  C:38D8H         PUBLIC        _WriteOneDot
  C:15F9H         PUBLIC        DispScaleHor2
  C:2490H         PUBLIC        _DispPicFromSD
  B:0080H.7       PUBLIC        DIR
  C:3356H         PUBLIC        _ToOrd
  B:0080H.5       PUBLIC        RST
  C:3865H         PUBLIC        ReadData
  C:2B39H         PUBLIC        _?BlockWrite
  -------         PROC          _LCD_READ_IC_ID
  X:0089H         SYMBOL        ID
  D:0004H         SYMBOL        Bug
  D:0003H         SYMBOL        flog
  -------         DO            
  X:008AH         SYMBOL        id
  X:008CH         SYMBOL        id1
  X:008EH         SYMBOL        temp
  D:0005H         SYMBOL        i
  D:0007H         SYMBOL        dat
  D:0001H         SYMBOL        id2
  X:0090H         SYMBOL        id3
  -------         ENDDO         
  C:1D86H         LINE#         35
  C:1D8AH         LINE#         36
BL51 BANKED LINKER/LOCATER V6.22                                                      05/21/2019  15:17:01  PAGE 19


  C:1D8AH         LINE#         39
  C:1D93H         LINE#         40
  C:1D93H         LINE#         42
  C:1D96H         LINE#         43
  C:1D98H         LINE#         44
  C:1D9AH         LINE#         45
  C:1D9CH         LINE#         46
  C:1D9EH         LINE#         47
  C:1D9EH         LINE#         48
  C:1DA0H         LINE#         49
  C:1DA8H         LINE#         50
  C:1DAAH         LINE#         52
  C:1DACH         LINE#         53
  C:1DB0H         LINE#         54
  C:1DB5H         LINE#         55
  C:1DB8H         LINE#         58
  C:1DC2H         LINE#         59
  C:1DC2H         LINE#         60
  C:1DC4H         LINE#         61
  C:1DC4H         LINE#         62
  C:1DC6H         LINE#         63
  C:1DC8H         LINE#         64
  C:1DCAH         LINE#         65
  C:1DE1H         LINE#         66
  C:1DE3H         LINE#         67
  C:1DE5H         LINE#         68
  C:1DECH         LINE#         69
  C:1DF6H         LINE#         70
  C:1DF6H         LINE#         71
  C:1DF8H         LINE#         72
  C:1DF8H         LINE#         73
  C:1DFAH         LINE#         74
  C:1DFCH         LINE#         75
  C:1DFEH         LINE#         76
  C:1E15H         LINE#         77
  C:1E17H         LINE#         78
  C:1E19H         LINE#         79
  C:1E1EH         LINE#         80
  C:1E1EH         LINE#         82
  C:1E20H         LINE#         83
  C:1E20H         LINE#         84
  C:1E22H         LINE#         85
  C:1E24H         LINE#         86
  C:1E26H         LINE#         87
  C:1E3DH         LINE#         88
  C:1E3FH         LINE#         89
  C:1E41H         LINE#         90
  C:1E46H         LINE#         92
  C:1E48H         LINE#         93
  C:1E48H         LINE#         94
  C:1E4AH         LINE#         95
  C:1E4CH         LINE#         96
  C:1E4EH         LINE#         97
  C:1E58H         LINE#         98
  C:1E5AH         LINE#         99
  C:1E5CH         LINE#         100
  C:1E61H         LINE#         102
BL51 BANKED LINKER/LOCATER V6.22                                                      05/21/2019  15:17:01  PAGE 20


  C:1E63H         LINE#         103
  C:1E63H         LINE#         104
  C:1E65H         LINE#         105
  C:1E67H         LINE#         106
  C:1E69H         LINE#         107
  C:1E75H         LINE#         108
  C:1E77H         LINE#         109
  C:1E79H         LINE#         110
  C:1E7EH         LINE#         111
  C:1E81H         LINE#         112
  C:1E83H         LINE#         113
  C:1E85H         LINE#         114
  C:1E87H         LINE#         115
  C:1E89H         LINE#         116
  C:1E8BH         LINE#         117
  C:1E8DH         LINE#         119
  C:1E91H         LINE#         120
  C:1E91H         LINE#         121
  C:1EA1H         LINE#         123
  C:1EACH         LINE#         124
  C:1EACH         LINE#         125
  C:1EACH         LINE#         127
  C:1EB2H         LINE#         128
  C:1EB2H         LINE#         129
  C:1EBEH         LINE#         130
  C:1EBEH         LINE#         132
  C:1EBEH         LINE#         133
  C:1EC0H         LINE#         134
  C:1EC7H         LINE#         135
  -------         ENDPROC       _LCD_READ_IC_ID
  -------         PROC          _WRITECOMM
  D:0004H         SYMBOL        i
  -------         DO            
  X:008EH         SYMBOL        j
  X:008FH         SYMBOL        DataH
  -------         ENDDO         
  C:381BH         LINE#         138
  C:381FH         LINE#         139
  C:381FH         LINE#         141
  C:3823H         LINE#         142
  C:3825H         LINE#         164
  C:3825H         LINE#         165
  C:3827H         LINE#         166
  C:3829H         LINE#         167
  C:382BH         LINE#         168
  C:382FH         LINE#         169
  C:3831H         LINE#         170
  C:3833H         LINE#         171
  C:3833H         LINE#         255
  C:3835H         LINE#         256
  -------         ENDPROC       _WRITECOMM
  -------         PROC          L?0436
  -------         ENDPROC       L?0436
  -------         PROC          _WRITEDATA
  D:0004H         SYMBOL        i
  -------         DO            
  X:008EH         SYMBOL        j
BL51 BANKED LINKER/LOCATER V6.22                                                      05/21/2019  15:17:01  PAGE 21


  X:008FH         SYMBOL        DataH
  -------         ENDDO         
  C:37C8H         LINE#         258
  C:37CCH         LINE#         259
  C:37CCH         LINE#         261
  C:37D0H         LINE#         262
  C:37D2H         LINE#         288
  C:37D2H         LINE#         289
  C:37D4H         LINE#         290
  C:37D6H         LINE#         291
  C:37D8H         LINE#         292
  C:37DCH         LINE#         293
  C:37DEH         LINE#         294
  C:37E0H         LINE#         295
  C:37E0H         LINE#         449
  C:37E2H         LINE#         450
  -------         ENDPROC       _WRITEDATA
  C:36C7H         SYMBOL        L?0435
  -------         PROC          L?0434
  -------         ENDPROC       L?0434
  C:36C7H         SYMBOL        L?0435
  -------         PROC          _WRITEDISPDATA
  D:0007H         SYMBOL        DataH
  D:0005H         SYMBOL        DataL
  -------         DO            
  X:008EH         SYMBOL        j
  -------         ENDDO         
  C:36DCH         LINE#         452
  C:36DCH         LINE#         453
  C:36DCH         LINE#         455
  C:36DEH         LINE#         480
  C:36DEH         LINE#         481
  C:36E0H         LINE#         482
  C:36E2H         LINE#         483
  C:36E4H         LINE#         484
  C:36E8H         LINE#         485
  C:36EAH         LINE#         486
  C:36ECH         LINE#         487
  C:36ECH         LINE#         574
  C:36EEH         LINE#         575
  -------         ENDPROC       _WRITEDISPDATA
  -------         PROC          _WRITEONEDOT
  D:0004H         SYMBOL        color
  C:38D8H         LINE#         577
  C:38DCH         LINE#         578
  C:38DCH         LINE#         592
  -------         ENDPROC       _WRITEONEDOT
  -------         PROC          LCD_INIT
  C:1AE3H         LINE#         600
  C:1AE3H         LINE#         601
  C:1AE3H         LINE#         602
  C:1AE6H         LINE#         605
  C:1AE8H         LINE#         606
  C:1AEFH         LINE#         608
  C:1AF1H         LINE#         609
  C:1AF8H         LINE#         611
  C:1AFAH         LINE#         612
BL51 BANKED LINKER/LOCATER V6.22                                                      05/21/2019  15:17:01  PAGE 22


  C:1B01H         LINE#         3849
  C:1B08H         LINE#         3850
  C:1B0FH         LINE#         3851
  C:1B14H         LINE#         3853
  C:1B1BH         LINE#         3854
  C:1B20H         LINE#         3856
  C:1B25H         LINE#         3857
  C:1B2AH         LINE#         3859
  C:1B2FH         LINE#         3860
  C:1B34H         LINE#         3862
  C:1B39H         LINE#         3863
  C:1B3EH         LINE#         3865
  C:1B43H         LINE#         3866
  C:1B48H         LINE#         3867
  C:1B4DH         LINE#         3868
  C:1B52H         LINE#         3869
  C:1B57H         LINE#         3870
  C:1B5CH         LINE#         3871
  C:1B61H         LINE#         3872
  C:1B66H         LINE#         3873
  C:1B6BH         LINE#         3875
  C:1B70H         LINE#         3876
  C:1B75H         LINE#         3878
  C:1B7AH         LINE#         3879
  C:1B7FH         LINE#         3881
  C:1B84H         LINE#         3882
  C:1B89H         LINE#         3883
  C:1B8EH         LINE#         3884
  C:1B93H         LINE#         3885
  C:1B98H         LINE#         3886
  C:1B9DH         LINE#         3887
  C:1BA2H         LINE#         3888
  C:1BA7H         LINE#         3889
  C:1BACH         LINE#         3890
  C:1BB1H         LINE#         3891
  C:1BB6H         LINE#         3892
  C:1BBBH         LINE#         3893
  C:1BC0H         LINE#         3894
  C:1BC5H         LINE#         3895
  C:1BCAH         LINE#         3897
  C:1BCFH         LINE#         3898
  C:1BD4H         LINE#         3899
  C:1BD9H         LINE#         3900
  C:1BDEH         LINE#         3901
  C:1BE3H         LINE#         3902
  C:1BE8H         LINE#         3903
  C:1BEDH         LINE#         3904
  C:1BF2H         LINE#         3905
  C:1BF7H         LINE#         3906
  C:1BFCH         LINE#         3907
  C:1C01H         LINE#         3908
  C:1C06H         LINE#         3909
  C:1C0BH         LINE#         3910
  C:1C10H         LINE#         3911
  C:1C15H         LINE#         3913
  C:1C1AH         LINE#         3914
  C:1C1FH         LINE#         3916
BL51 BANKED LINKER/LOCATER V6.22                                                      05/21/2019  15:17:01  PAGE 23


  C:1C24H         LINE#         3917
  C:1C29H         LINE#         3919
  C:1C2EH         LINE#         3920
  -------         ENDPROC       LCD_INIT
  C:2B20H         SYMBOL        L?0429
  C:2B26H         SYMBOL        L?0430
  -------         PROC          L?0428
  -------         ENDPROC       L?0428
  C:2B20H         SYMBOL        L?0429
  C:2B26H         SYMBOL        L?0430
  -------         PROC          _?BLOCKWRITE
  p:0000H         SYMBOL        Xstart
  p:0002H         SYMBOL        Xend
  p:0004H         SYMBOL        Ystart
  p:0006H         SYMBOL        Yend
  C:2B39H         LINE#         4071
  C:2B5AH         LINE#         4172
  C:2B61H         LINE#         4173
  C:2B68H         LINE#         4174
  C:2B70H         LINE#         4175
  C:2B7BH         LINE#         4176
  C:2B85H         LINE#         4178
  C:2B8AH         LINE#         4179
  C:2B94H         LINE#         4180
  C:2B9BH         LINE#         4181
  C:2BA5H         LINE#         4182
  C:2BACH         LINE#         4188
  C:2BB1H         LINE#         4194
  C:2BB4H         LINE#         4195
  -------         ENDPROC       _?BLOCKWRITE
  -------         PROC          _DISPCOLOR
  D:0004H         SYMBOL        color
  -------         DO            
  X:0089H         SYMBOL        i
  D:0002H         SYMBOL        m
  X:008BH         SYMBOL        DataH
  X:008CH         SYMBOL        DataL
  -------         ENDDO         
  C:0046H         LINE#         4197
  C:0048H         LINE#         4198
  C:0048H         LINE#         4201
  C:004EH         LINE#         4203
  C:0051H         LINE#         4205
  C:0053H         LINE#         4206
  C:0059H         LINE#         4207
  C:0059H         LINE#         4208
  C:005CH         LINE#         4209
  C:005CH         LINE#         4210
  C:0066H         LINE#         4211
  C:0071H         LINE#         4212
  C:0087H         LINE#         4214
  C:0089H         LINE#         4215
  -------         ENDPROC       _DISPCOLOR
  -------         PROC          DISPFRAME
  -------         DO            
  D:0002H         SYMBOL        i
  X:0089H         SYMBOL        j
BL51 BANKED LINKER/LOCATER V6.22                                                      05/21/2019  15:17:01  PAGE 24


  D:0001H         SYMBOL        DataH
  D:0006H         SYMBOL        DataL
  -------         ENDDO         
  C:29DDH         LINE#         4217
  C:29DDH         LINE#         4218
  C:29DDH         LINE#         4221
  C:29E0H         LINE#         4223
  C:29E2H         LINE#         4226
  C:29ECH         LINE#         4229
  C:29ECH         LINE#         4230
  C:29ECH         LINE#         4232
  C:29F7H         LINE#         4234
  C:2A02H         LINE#         4236
  C:2A0CH         LINE#         4238
  C:2A11H         LINE#         4239
  C:2A11H         LINE#         4241
  C:2A1BH         LINE#         4243
  C:2A1DH         LINE#         4244
  C:2A1DH         LINE#         4246
  C:2A25H         LINE#         4248
  C:2A30H         LINE#         4251
  C:2A3AH         LINE#         4253
  C:2A50H         LINE#         4255
  C:2A5AH         LINE#         4257
  C:2A5CH         LINE#         4258
  C:2A5CH         LINE#         4260
  C:2A67H         LINE#         4262
  C:2A72H         LINE#         4264
  C:2A7CH         LINE#         4267
  C:2A7EH         LINE#         4268
  C:2A80H         LINE#         4269
  -------         ENDPROC       DISPFRAME
  -------         PROC          DISPBAND
  -------         DO            
  D:0002H         SYMBOL        i
  X:0089H         SYMBOL        j
  X:008AH         SYMBOL        k
  X:008BH         SYMBOL        m
  X:008CH         SYMBOL        n
  X:008DH         SYMBOL        x
  -------         ENDDO         
  C:1955H         LINE#         4271
  C:1955H         LINE#         4272
  C:1955H         LINE#         4276
  C:195FH         LINE#         4277
  C:1967H         LINE#         4278
  C:1969H         LINE#         4281
  C:1971H         LINE#         4282
  C:197DH         LINE#         4283
  C:197DH         LINE#         4284
  C:1998H         LINE#         4285
  C:19B3H         LINE#         4286
  C:19DFH         LINE#         4287
  C:19E6H         LINE#         4288
  C:19F5H         LINE#         4289
  C:19F5H         LINE#         4290
  C:1A10H         LINE#         4291
BL51 BANKED LINKER/LOCATER V6.22                                                      05/21/2019  15:17:01  PAGE 25


  C:1A2BH         LINE#         4292
  C:1A57H         LINE#         4293
  C:1A5EH         LINE#         4294
  C:1A74H         LINE#         4295
  C:1A74H         LINE#         4296
  C:1A8FH         LINE#         4297
  C:1AAAH         LINE#         4298
  C:1AD6H         LINE#         4299
  C:1ADDH         LINE#         4300
  C:1ADFH         LINE#         4301
  C:1AE2H         LINE#         4302
  -------         ENDPROC       DISPBAND
  -------         PROC          _DISPPICFROMSD
  X:0026H         SYMBOL        PicNum
  -------         DO            
  X:0027H         SYMBOL        Address_S
  X:002BH         SYMBOL        Address_E
  D:0002H         SYMBOL        i
  X:002FH         SYMBOL        k
  -------         ENDDO         
  C:2490H         LINE#         4324
  C:2493H         LINE#         4325
  C:2493H         LINE#         4331
  C:2496H         LINE#         4334
  C:2498H         LINE#         4336
  C:249AH         LINE#         4338
  C:24A3H         LINE#         4339
  C:24CEH         LINE#         4340
  C:24F7H         LINE#         4341
  C:251AH         LINE#         4342
  C:251AH         LINE#         4343
  C:252AH         LINE#         4345
  C:2533H         LINE#         4346
  C:2533H         LINE#         4348
  C:254EH         LINE#         4349
  C:2557H         LINE#         4350
  C:2576H         LINE#         4352
  C:2578H         LINE#         4390
  -------         ENDPROC       _DISPPICFROMSD
  -------         PROC          DISPSCALEHOR1
  -------         DO            
  X:0033H         SYMBOL        i
  X:0035H         SYMBOL        j
  D:0002H         SYMBOL        k
  -------         ENDDO         
  C:13DBH         LINE#         4395
  C:13DBH         LINE#         4396
  C:13DBH         LINE#         4399
  C:13DEH         LINE#         4402
  C:13DEH         LINE#         4403
  C:13DEH         LINE#         4404
  C:13FEH         LINE#         4405
  C:1404H         LINE#         4406
  C:1404H         LINE#         4407
  C:140AH         LINE#         4408
  C:140AH         LINE#         4409
  C:141FH         LINE#         4410
BL51 BANKED LINKER/LOCATER V6.22                                                      05/21/2019  15:17:01  PAGE 26


  C:1435H         LINE#         4411
  C:144BH         LINE#         4413
  C:1456H         LINE#         4416
  C:1459H         LINE#         4417
  C:1459H         LINE#         4418
  C:1479H         LINE#         4419
  C:147FH         LINE#         4420
  C:147FH         LINE#         4421
  C:1485H         LINE#         4422
  C:1485H         LINE#         4423
  C:14B0H         LINE#         4424
  C:14C6H         LINE#         4425
  C:14DCH         LINE#         4426
  C:14EAH         LINE#         4429
  C:14EDH         LINE#         4430
  C:14EDH         LINE#         4431
  C:150DH         LINE#         4432
  C:1513H         LINE#         4433
  C:1513H         LINE#         4434
  C:1519H         LINE#         4435
  C:1519H         LINE#         4436
  C:1523H         LINE#         4437
  C:1539H         LINE#         4438
  C:154FH         LINE#         4439
  C:155AH         LINE#         4442
  C:155DH         LINE#         4443
  C:155DH         LINE#         4444
  C:157DH         LINE#         4445
  C:1583H         LINE#         4446
  C:1583H         LINE#         4447
  C:1589H         LINE#         4448
  C:1589H         LINE#         4449
  C:15BCH         LINE#         4450
  C:15D2H         LINE#         4451
  C:15E8H         LINE#         4452
  C:15F6H         LINE#         4453
  C:15F8H         LINE#         4454
  -------         ENDPROC       DISPSCALEHOR1
  -------         PROC          DISPSCALEVER
  -------         DO            
  X:0037H         SYMBOL        i
  X:0039H         SYMBOL        j
  D:0002H         SYMBOL        k
  -------         ENDDO         
  C:213CH         LINE#         4456
  C:213CH         LINE#         4457
  C:213CH         LINE#         4526
  C:213FH         LINE#         4528
  C:2145H         LINE#         4529
  C:2145H         LINE#         4530
  C:214BH         LINE#         4531
  C:214BH         LINE#         4532
  C:2151H         LINE#         4533
  C:2167H         LINE#         4534
  C:216EH         LINE#         4536
  C:2171H         LINE#         4537
  C:2171H         LINE#         4539
BL51 BANKED LINKER/LOCATER V6.22                                                      05/21/2019  15:17:01  PAGE 27


  C:2177H         LINE#         4540
  C:2177H         LINE#         4542
  C:217DH         LINE#         4543
  C:217DH         LINE#         4544
  C:218FH         LINE#         4545
  C:21A5H         LINE#         4547
  C:21ABH         LINE#         4548
  C:21ABH         LINE#         4549
  C:21D3H         LINE#         4550
  C:21E9H         LINE#         4552
  C:21EFH         LINE#         4553
  C:21EFH         LINE#         4554
  C:21F6H         LINE#         4555
  C:220CH         LINE#         4557
  C:2212H         LINE#         4558
  C:2212H         LINE#         4559
  C:2226H         LINE#         4560
  C:223CH         LINE#         4562
  C:2255H         LINE#         4564
  C:2263H         LINE#         4566
  -------         ENDPROC       DISPSCALEVER
  -------         PROC          DISPSCALEVER_RED
  -------         DO            
  X:003BH         SYMBOL        i
  X:003DH         SYMBOL        j
  D:0002H         SYMBOL        k
  -------         ENDDO         
  C:2CECH         LINE#         4568
  C:2CECH         LINE#         4569
  C:2CECH         LINE#         4572
  C:2CEFH         LINE#         4574
  C:2CF1H         LINE#         4576
  C:2CF3H         LINE#         4579
  C:2CF9H         LINE#         4580
  C:2CF9H         LINE#         4581
  C:2CFFH         LINE#         4582
  C:2CFFH         LINE#         4583
  C:2D05H         LINE#         4584
  C:2D1BH         LINE#         4585
  C:2D22H         LINE#         4587
  C:2D25H         LINE#         4588
  C:2D25H         LINE#         4589
  C:2D2BH         LINE#         4590
  C:2D2BH         LINE#         4592
  C:2D31H         LINE#         4593
  C:2D31H         LINE#         4594
  C:2D43H         LINE#         4595
  C:2D59H         LINE#         4596
  C:2D6FH         LINE#         4598
  C:2D7AH         LINE#         4600
  C:2D7CH         LINE#         4601
  -------         ENDPROC       DISPSCALEVER_RED
  -------         PROC          DISPSCALEVER_GREEN
  -------         DO            
  X:003FH         SYMBOL        i
  X:0041H         SYMBOL        j
  D:0002H         SYMBOL        k
BL51 BANKED LINKER/LOCATER V6.22                                                      05/21/2019  15:17:01  PAGE 28


  -------         ENDDO         
  C:2A81H         LINE#         4603
  C:2A81H         LINE#         4604
  C:2A81H         LINE#         4607
  C:2A84H         LINE#         4609
  C:2A86H         LINE#         4610
  C:2A88H         LINE#         4613
  C:2A88H         LINE#         4614
  C:2A88H         LINE#         4615
  C:2A8EH         LINE#         4616
  C:2A8EH         LINE#         4617
  C:2A94H         LINE#         4619
  C:2AAAH         LINE#         4620
  C:2AB5H         LINE#         4622
  C:2AB8H         LINE#         4623
  C:2AB8H         LINE#         4624
  C:2ABEH         LINE#         4625
  C:2ABEH         LINE#         4627
  C:2AC4H         LINE#         4628
  C:2AC4H         LINE#         4630
  C:2AE5H         LINE#         4631
  C:2AFBH         LINE#         4632
  C:2B11H         LINE#         4634
  C:2B1CH         LINE#         4636
  C:2B1EH         LINE#         4637
  -------         ENDPROC       DISPSCALEVER_GREEN
  -------         PROC          DISPSCALEVER_BLUE
  -------         DO            
  X:0043H         SYMBOL        i
  X:0045H         SYMBOL        j
  D:0002H         SYMBOL        k
  -------         ENDDO         
  C:2F2AH         LINE#         4639
  C:2F2AH         LINE#         4640
  C:2F2AH         LINE#         4643
  C:2F2DH         LINE#         4645
  C:2F2FH         LINE#         4646
  C:2F31H         LINE#         4649
  C:2F37H         LINE#         4650
  C:2F37H         LINE#         4651
  C:2F3DH         LINE#         4652
  C:2F3DH         LINE#         4653
  C:2F43H         LINE#         4654
  C:2F59H         LINE#         4655
  C:2F60H         LINE#         4657
  C:2F63H         LINE#         4658
  C:2F63H         LINE#         4659
  C:2F69H         LINE#         4660
  C:2F69H         LINE#         4662
  C:2F6FH         LINE#         4663
  C:2F6FH         LINE#         4664
  C:2F76H         LINE#         4665
  C:2F8CH         LINE#         4666
  C:2FA2H         LINE#         4668
  C:2FADH         LINE#         4670
  C:2FAFH         LINE#         4671
  -------         ENDPROC       DISPSCALEVER_BLUE
BL51 BANKED LINKER/LOCATER V6.22                                                      05/21/2019  15:17:01  PAGE 29


  -------         PROC          DISPSCALEVER_GRAY
  -------         DO            
  X:0047H         SYMBOL        i
  X:0049H         SYMBOL        j
  D:0002H         SYMBOL        k
  -------         ENDDO         
  C:2D7DH         LINE#         4673
  C:2D7DH         LINE#         4674
  C:2D7DH         LINE#         4677
  C:2D80H         LINE#         4679
  C:2D82H         LINE#         4684
  C:2D88H         LINE#         4685
  C:2D88H         LINE#         4686
  C:2D8EH         LINE#         4687
  C:2D8EH         LINE#         4688
  C:2D94H         LINE#         4690
  C:2DAAH         LINE#         4691
  C:2DB1H         LINE#         4693
  C:2DB4H         LINE#         4694
  C:2DB4H         LINE#         4695
  C:2DBAH         LINE#         4696
  C:2DBAH         LINE#         4698
  C:2DC0H         LINE#         4699
  C:2DC0H         LINE#         4700
  C:2DD4H         LINE#         4701
  C:2DEAH         LINE#         4702
  C:2E00H         LINE#         4704
  C:2E0BH         LINE#         4706
  C:2E0DH         LINE#         4707
  -------         ENDPROC       DISPSCALEVER_GRAY
  -------         PROC          DISPGRAYHOR16
  -------         DO            
  X:0089H         SYMBOL        i
  D:0002H         SYMBOL        j
  X:008BH         SYMBOL        k
  -------         ENDDO         
  C:2BBBH         LINE#         4709
  C:2BBBH         LINE#         4710
  C:2BBBH         LINE#         4713
  C:2BBEH         LINE#         4715
  C:2BC0H         LINE#         4716
  C:2BC2H         LINE#         4718
  C:2BC8H         LINE#         4719
  C:2BC8H         LINE#         4720
  C:2BD1H         LINE#         4721
  C:2BD1H         LINE#         4722
  C:2BD7H         LINE#         4723
  C:2BDEH         LINE#         4725
  C:2BE1H         LINE#         4726
  C:2BE1H         LINE#         4727
  C:2BE7H         LINE#         4728
  C:2BE7H         LINE#         4729
  C:2C19H         LINE#         4730
  C:2C2FH         LINE#         4731
  C:2C3AH         LINE#         4732
  C:2C53H         LINE#         4734
  C:2C55H         LINE#         4735
BL51 BANKED LINKER/LOCATER V6.22                                                      05/21/2019  15:17:01  PAGE 30


  -------         ENDPROC       DISPGRAYHOR16
  -------         PROC          DISPGRAYHOR32
  -------         DO            
  X:004BH         SYMBOL        i
  D:0002H         SYMBOL        j
  X:004DH         SYMBOL        k
  -------         ENDDO         
  C:30B3H         LINE#         4737
  C:30B3H         LINE#         4738
  C:30B3H         LINE#         4741
  C:30B6H         LINE#         4743
  C:30B8H         LINE#         4745
  C:30BEH         LINE#         4746
  C:30BEH         LINE#         4747
  C:30C7H         LINE#         4748
  C:30C7H         LINE#         4749
  C:30CDH         LINE#         4750
  C:30D4H         LINE#         4752
  C:30D7H         LINE#         4753
  C:30D7H         LINE#         4754
  C:30DDH         LINE#         4755
  C:30DDH         LINE#         4756
  C:30F1H         LINE#         4757
  C:3107H         LINE#         4758
  C:3112H         LINE#         4759
  C:3128H         LINE#         4761
  C:312AH         LINE#         4762
  -------         ENDPROC       DISPGRAYHOR32
  -------         PROC          DISPSCALEHOR2
  -------         DO            
  X:004FH         SYMBOL        j
  D:0002H         SYMBOL        k
  -------         ENDDO         
  C:15F9H         LINE#         4764
  C:15F9H         LINE#         4765
  C:15F9H         LINE#         4768
  C:15FCH         LINE#         4770
  C:15FCH         LINE#         4771
  C:15FCH         LINE#         4772
  C:1602H         LINE#         4773
  C:161FH         LINE#         4774
  C:162AH         LINE#         4775
  C:162DH         LINE#         4776
  C:162DH         LINE#         4777
  C:1633H         LINE#         4778
  C:1650H         LINE#         4779
  C:165BH         LINE#         4780
  C:165EH         LINE#         4781
  C:165EH         LINE#         4782
  C:1664H         LINE#         4783
  C:1681H         LINE#         4784
  C:168CH         LINE#         4785
  C:168FH         LINE#         4786
  C:168FH         LINE#         4787
  C:1695H         LINE#         4788
  C:16B2H         LINE#         4789
  C:16BDH         LINE#         4790
BL51 BANKED LINKER/LOCATER V6.22                                                      05/21/2019  15:17:01  PAGE 31


  C:16C0H         LINE#         4791
  C:16C0H         LINE#         4792
  C:16C6H         LINE#         4793
  C:16E3H         LINE#         4794
  C:16EEH         LINE#         4795
  C:16F1H         LINE#         4796
  C:16F1H         LINE#         4797
  C:16F7H         LINE#         4798
  C:1714H         LINE#         4799
  C:171FH         LINE#         4800
  C:1722H         LINE#         4801
  C:1722H         LINE#         4802
  C:1728H         LINE#         4803
  C:1745H         LINE#         4804
  C:1750H         LINE#         4805
  C:1753H         LINE#         4806
  C:1753H         LINE#         4807
  C:1759H         LINE#         4808
  C:1775H         LINE#         4809
  C:1780H         LINE#         4810
  C:1789H         LINE#         4811
  C:1789H         LINE#         4812
  C:178FH         LINE#         4813
  C:17ABH         LINE#         4814
  C:17B2H         LINE#         4816
  -------         ENDPROC       DISPSCALEHOR2
  -------         PROC          _TOORD
  D:0007H         SYMBOL        ch
  C:3356H         LINE#         4921
  C:3356H         LINE#         4922
  C:3356H         LINE#         4923
  C:335CH         LINE#         4924
  C:335CH         LINE#         4925
  C:335EH         LINE#         4926
  C:3360H         LINE#         4927
  C:336CH         LINE#         4928
  C:336CH         LINE#         4929
  C:3370H         LINE#         4930
  C:3372H         LINE#         4931
  C:337EH         LINE#         4932
  C:337EH         LINE#         4933
  C:3382H         LINE#         4934
  C:3384H         LINE#         4935
  C:3390H         LINE#         4936
  C:3390H         LINE#         4937
  C:3394H         LINE#         4938
  C:3396H         LINE#         4939
  C:33A2H         LINE#         4940
  C:33A2H         LINE#         4941
  C:33A6H         LINE#         4942
  C:33A8H         LINE#         4943
  C:33AEH         LINE#         4944
  C:33AEH         LINE#         4945
  C:33B0H         LINE#         4946
  C:33B0H         LINE#         4948
  C:33B0H         LINE#         4949
  -------         ENDPROC       _TOORD
BL51 BANKED LINKER/LOCATER V6.22                                                      05/21/2019  15:17:01  PAGE 32


  C:264EH         SYMBOL        L?0432
  C:2666H         SYMBOL        L?0433
  -------         PROC          L?0431
  -------         ENDPROC       L?0431
  C:264EH         SYMBOL        L?0432
  C:2666H         SYMBOL        L?0433
  -------         PROC          _DISPONECHAR
  X:0051H         SYMBOL        ord
  D:0006H         SYMBOL        Xstart
  D:0002H         SYMBOL        Ystart
  X:0056H         SYMBOL        TextColor
  X:0058H         SYMBOL        BackColor
  -------         DO            
  X:005AH         SYMBOL        i
  D:0002H         SYMBOL        j
  X:005BH         SYMBOL        p
  D:0003H         SYMBOL        dat
  D:0006H         SYMBOL        index
  -------         ENDDO         
  C:2676H         LINE#         4951
  C:267EH         LINE#         4952
  C:267EH         LINE#         4958
  C:2698H         LINE#         4960
  C:269EH         LINE#         4962
  C:26A6H         LINE#         4963
  C:26A8H         LINE#         4965
  C:26B6H         LINE#         4967
  C:26C3H         LINE#         4968
  C:26CAH         LINE#         4970
  C:26CEH         LINE#         4971
  C:26CEH         LINE#         4972
  C:26E3H         LINE#         4973
  C:26E5H         LINE#         4974
  C:26E5H         LINE#         4975
  C:26F2H         LINE#         4976
  C:26F2H         LINE#         4977
  C:26F4H         LINE#         4978
  C:26F6H         LINE#         4980
  C:26F6H         LINE#         4981
  C:2700H         LINE#         4982
  C:2700H         LINE#         4983
  C:2705H         LINE#         4984
  C:2710H         LINE#         4985
  -------         ENDPROC       _DISPONECHAR
  -------         PROC          _DISPSTR
  X:005EH         SYMBOL        str
  X:0061H         SYMBOL        Xstart
  X:0063H         SYMBOL        Ystart
  X:0065H         SYMBOL        TextColor
  X:0067H         SYMBOL        BackColor
  C:2C56H         LINE#         4987
  C:2C66H         LINE#         4988
  C:2C66H         LINE#         4990
  C:2C7BH         LINE#         4991
  C:2C7BH         LINE#         4992
  C:2CB6H         LINE#         4994
  C:2CC2H         LINE#         4995
BL51 BANKED LINKER/LOCATER V6.22                                                      05/21/2019  15:17:01  PAGE 33


  C:2CC2H         LINE#         4996
  C:2CC6H         LINE#         4997
  C:2CCBH         LINE#         4998
  C:2CCDH         LINE#         5000
  C:2CCDH         LINE#         5001
  C:2CD8H         LINE#         5002
  C:2CD8H         LINE#         5004
  C:2CE4H         LINE#         5005
  C:2CE4H         LINE#         5006
  C:2CE8H         LINE#         5007
  C:2CE8H         LINE#         5008
  C:2CEBH         LINE#         5010
  -------         ENDPROC       _DISPSTR
  -------         PROC          _DISPINT
  X:0069H         SYMBOL        i
  X:006BH         SYMBOL        Xstart
  X:006DH         SYMBOL        Ystart
  X:006FH         SYMBOL        TextColor
  X:0071H         SYMBOL        BackColor
  C:27C8H         LINE#         5012
  C:27DDH         LINE#         5013
  C:27DDH         LINE#         5014
  C:27E5H         LINE#         5015
  C:27E5H         LINE#         5016
  C:27EDH         LINE#         5017
  C:27EDH         LINE#         5018
  C:27FCH         LINE#         5019
  C:27FCH         LINE#         5020
  C:2805H         LINE#         5021
  C:2805H         LINE#         5023
  C:2817H         LINE#         5024
  C:2825H         LINE#         5025
  C:283EH         LINE#         5026
  -------         ENDPROC       _DISPINT
  -------         PROC          READDATA
  C:3865H         LINE#         5034
  C:3865H         LINE#         5035
  C:3865H         LINE#         5055
  C:3877H         LINE#         5062
  C:387AH         LINE#         5063
  -------         ENDPROC       READDATA
  -------         PROC          _PUTPIXEL
  D:0006H         SYMBOL        x
  D:0004H         SYMBOL        y
  X:0089H         SYMBOL        color
  C:34BAH         LINE#         5239
  C:34C1H         LINE#         5240
  C:34C1H         LINE#         5241
  C:34DFH         LINE#         5242
  C:34EBH         LINE#         5243
  C:34F6H         LINE#         5244
  C:3501H         LINE#         5245
  -------         ENDPROC       _PUTPIXEL
  -------         PROC          _DRAWLINE
  X:0073H         SYMBOL        Xstart
  X:0075H         SYMBOL        Xend
  D:0082H         SYMBOL        Ystart
BL51 BANKED LINKER/LOCATER V6.22                                                      05/21/2019  15:17:01  PAGE 34


  X:0079H         SYMBOL        Yend
  X:007BH         SYMBOL        color
  -------         DO            
  X:007DH         SYMBOL        i
  D:0002H         SYMBOL        j
  -------         ENDDO         
  C:2FB0H         LINE#         5248
  C:2FC1H         LINE#         5249
  C:2FC1H         LINE#         5252
  C:2FDCH         LINE#         5254
  C:2FFCH         LINE#         5255
  C:2FFCH         LINE#         5256
  C:3017H         LINE#         5257
  C:3017H         LINE#         5258
  C:3021H         LINE#         5259
  C:3028H         LINE#         5260
  C:3035H         LINE#         5261
  -------         ENDPROC       _DRAWLINE
  -------         PROC          _DRAWGIRD
  X:007FH         SYMBOL        color
  -------         DO            
  X:0081H         SYMBOL        i
  -------         ENDDO         
  C:2E0EH         LINE#         5263
  C:2E15H         LINE#         5264
  C:2E15H         LINE#         5267
  C:2E28H         LINE#         5268
  C:2E28H         LINE#         5269
  C:2E4BH         LINE#         5271
  C:2E58H         LINE#         5273
  C:2E6CH         LINE#         5274
  C:2E6CH         LINE#         5275
  C:2E90H         LINE#         5276
  C:2E9DH         LINE#         5278
  -------         ENDPROC       _DRAWGIRD
  -------         ENDMOD        LCD

  -------         MODULE        TP
  C:0000H         SYMBOL        _ICE_DUMMY_
  D:0080H         PUBLIC        P0
  D:0090H         PUBLIC        P1
  C:2264H         PUBLIC        _TP_GetPosition
  D:00A0H         PUBLIC        P2
  C:31A0H         PUBLIC        TP_Read
  D:00B0H         PUBLIC        P3
  B:00B0H.6       PUBLIC        KEY_STEP
  C:373DH         PUBLIC        _TP_Write
  B:0090H.4       PUBLIC        TP_CS
  C:17B3H         PUBLIC        TP_DrawLine
  B:0090H.5       PUBLIC        TP_DCLK
  B:00B0H.3       PUBLIC        TP_DOUT
[...]
  C:12E4H         LINE#         315
  C:12E4H         LINE#         316
  C:12EAH         LINE#         317
  C:12F9H         LINE#         318
  C:12F9H         LINE#         319
  C:12FEH         LINE#         320
  C:1301H         LINE#         321
  C:1310H         LINE#         322
  C:1310H         LINE#         323
  C:1325H         LINE#         324
  C:132AH         LINE#         325
  C:1332H         LINE#         326
  C:133CH         LINE#         327
  C:134AH         LINE#         328
  C:1358H         LINE#         329
  C:135AH         LINE#         331
  C:135AH         LINE#         332
  C:135FH         LINE#         333
  C:1362H         LINE#         334
  C:137AH         LINE#         335
  C:137AH         LINE#         336
  C:1393H         LINE#         337
  C:1398H         LINE#         338
  C:13A0H         LINE#         339
  C:13A7H         LINE#         340
  C:13ACH         LINE#         341
  C:13ACH         LINE#         342
  C:13C0H         LINE#         343
  C:13C0H         LINE#         344
  C:13C7H         LINE#         345
  C:13CCH         LINE#         346
  C:13CCH         LINE#         347
  C:13DAH         LINE#         348
  C:13DAH         LINE#         349
  -------         ENDPROC       USBXCORE_HANDLE_SETUP
  -------         PROC          USBXCORE_FORCE_STALL
  C:37E3H         LINE#         356
  C:37E3H         LINE#         358
  C:37EEH         LINE#         359
  C:37F9H         LINE#         360
  C:37FFH         LINE#         361
  -------         ENDPROC       USBXCORE_FORCE_STALL
  -------         PROC          USBXCORE_GET_STATUS
BL51 BANKED LINKER/LOCATER V6.22                                                      05/21/2019  15:17:01  PAGE 41


  C:3213H         LINE#         367
  C:3213H         LINE#         369
  C:3222H         LINE#         370
  C:3222H         LINE#         371
  C:3222H         LINE#         372
  C:3222H         LINE#         373
  C:3222H         LINE#         374
  C:3224H         LINE#         375
  C:3224H         LINE#         379
  C:3224H         LINE#         381
  C:3232H         LINE#         385
  C:3232H         LINE#         386
  C:3232H         LINE#         387
  C:3232H         LINE#         388
  C:3234H         LINE#         390
  C:3234H         LINE#         392
  C:3242H         LINE#         396
  C:3242H         LINE#         397
  C:324FH         LINE#         398
  C:324FH         LINE#         399
  C:3251H         LINE#         401
  C:3251H         LINE#         402
  C:325FH         LINE#         403
  C:3268H         LINE#         404
  C:3268H         LINE#         405
  C:3268H         LINE#         406
  C:326AH         LINE#         407
  C:326AH         LINE#         408
  C:326DH         LINE#         409
  C:326DH         LINE#         410
  C:326DH         LINE#         411
  C:3275H         LINE#         412
  C:3275H         LINE#         413
  C:3278H         LINE#         414
  C:327EH         LINE#         415
  C:3285H         LINE#         416
  C:3285H         LINE#         417
  -------         ENDPROC       USBXCORE_GET_STATUS
  -------         PROC          USBXCORE_CLEAR_FEATURE
  C:340BH         LINE#         423
  C:340BH         LINE#         425
  C:3411H         LINE#         426
  C:3411H         LINE#         428
  C:3418H         LINE#         429
  C:3418H         LINE#         430
  C:3423H         LINE#         436
  C:342EH         LINE#         437
  C:3433H         LINE#         438
  C:3435H         LINE#         440
  C:3435H         LINE#         442
  C:3440H         LINE#         446
  C:344BH         LINE#         447
  C:3450H         LINE#         448
  C:3450H         LINE#         449
  C:3452H         LINE#         451
  C:3452H         LINE#         452
  C:3455H         LINE#         453
BL51 BANKED LINKER/LOCATER V6.22                                                      05/21/2019  15:17:01  PAGE 42


  C:3455H         LINE#         454
  C:3460H         LINE#         455
  -------         ENDPROC       USBXCORE_CLEAR_FEATURE
  -------         PROC          USBXCORE_VENDOR_USB_API
  C:2579H         LINE#         462
  C:2579H         LINE#         464
  C:2583H         LINE#         465
  C:2583H         LINE#         466
  C:258AH         LINE#         467
  C:258AH         LINE#         468
  C:258DH         LINE#         469
  C:2590H         LINE#         470
  C:2592H         LINE#         472
  C:2592H         LINE#         473
  C:2599H         LINE#         474
  C:2599H         LINE#         477
  C:25A4H         LINE#         482
  C:25AFH         LINE#         483
  C:25BAH         LINE#         485
  C:25BAH         LINE#         486
  C:25CDH         LINE#         487
  C:25CDH         LINE#         488
  C:25D1H         LINE#         489
  C:25DCH         LINE#         491
  C:25DCH         LINE#         492
  C:25EFH         LINE#         493
  C:25EFH         LINE#         494
  C:25F3H         LINE#         495
  C:25FEH         LINE#         497
  C:2604H         LINE#         498
  C:260CH         LINE#         499
  C:260CH         LINE#         500
  C:260FH         LINE#         501
  C:260FH         LINE#         502
  C:260FH         LINE#         503
  C:261AH         LINE#         504
  C:261AH         LINE#         505
  C:2620H         LINE#         506
  C:2627H         LINE#         507
  C:2627H         LINE#         508
  C:262BH         LINE#         509
  C:262BH         LINE#         510
  C:2631H         LINE#         511
  C:2638H         LINE#         512
  C:2638H         LINE#         513
  C:2643H         LINE#         514
  -------         ENDPROC       USBXCORE_VENDOR_USB_API
  -------         PROC          USBXCORE_SET_FEATURE
  C:3463H         LINE#         521
  C:3463H         LINE#         523
  C:3469H         LINE#         524
  C:3469H         LINE#         526
  C:3470H         LINE#         527
  C:3470H         LINE#         528
  C:347BH         LINE#         534
  C:3486H         LINE#         535
  C:3489H         LINE#         536
BL51 BANKED LINKER/LOCATER V6.22                                                      05/21/2019  15:17:01  PAGE 43


  C:348BH         LINE#         538
  C:348BH         LINE#         540
  C:3496H         LINE#         544
  C:34A1H         LINE#         545
  C:34A7H         LINE#         546
  C:34A7H         LINE#         548
  C:34A9H         LINE#         550
  C:34A9H         LINE#         551
  C:34ACH         LINE#         552
  C:34ACH         LINE#         553
  C:34B7H         LINE#         554
  -------         ENDPROC       USBXCORE_SET_FEATURE
  -------         PROC          USBXCORE_SET_ADDRESS
  C:3785H         LINE#         561
  C:3785H         LINE#         563
  C:3794H         LINE#         564
  C:379AH         LINE#         565
  C:379AH         LINE#         566
  C:379DH         LINE#         567
  C:379FH         LINE#         569
  C:379FH         LINE#         570
  C:37A2H         LINE#         571
  C:37A2H         LINE#         572
  -------         ENDPROC       USBXCORE_SET_ADDRESS
  -------         PROC          USBXCORE_GET_DESCRIPTOR
  C:287CH         LINE#         579
  C:287CH         LINE#         580
  C:288BH         LINE#         581
  C:288BH         LINE#         582
  C:288BH         LINE#         583
  C:2899H         LINE#         584
  C:289DH         LINE#         585
  C:289FH         LINE#         586
  C:289FH         LINE#         587
  C:28ADH         LINE#         588
  C:28C0H         LINE#         589
  C:28C2H         LINE#         590
  C:28C2H         LINE#         591
  C:28E6H         LINE#         592
  C:28F2H         LINE#         593
  C:28F4H         LINE#         594
  C:28F4H         LINE#         595
  C:28F7H         LINE#         596
  C:28F7H         LINE#         597
  C:28F7H         LINE#         598
  C:290DH         LINE#         599
  C:290DH         LINE#         600
  C:2915H         LINE#         601
  C:2915H         LINE#         602
  C:291DH         LINE#         603
  C:291DH         LINE#         604
  C:2920H         LINE#         605
  C:2926H         LINE#         606
  C:292DH         LINE#         607
  C:292DH         LINE#         608
  -------         ENDPROC       USBXCORE_GET_DESCRIPTOR
  -------         PROC          USBXCORE_GET_CONFIGURATION
BL51 BANKED LINKER/LOCATER V6.22                                                      05/21/2019  15:17:01  PAGE 44


  C:35ADH         LINE#         614
  C:35ADH         LINE#         616
  C:35B5H         LINE#         617
  C:35B5H         LINE#         618
  C:35C1H         LINE#         619
  C:35C9H         LINE#         620
  C:35C9H         LINE#         621
  C:35CDH         LINE#         622
  C:35CDH         LINE#         623
  C:35DBH         LINE#         624
  C:35E3H         LINE#         625
  C:35E3H         LINE#         626
  C:35E6H         LINE#         627
  C:35ECH         LINE#         628
  C:35F3H         LINE#         629
  -------         ENDPROC       USBXCORE_GET_CONFIGURATION
  -------         PROC          USBXCORE_SET_CONFIGURATION
  C:33B1H         LINE#         635
  C:33B1H         LINE#         637
  C:33BAH         LINE#         638
  C:33BAH         LINE#         639
  C:33C1H         LINE#         640
  C:33C7H         LINE#         641
  C:33CCH         LINE#         642
  C:33CEH         LINE#         644
  C:33D9H         LINE#         645
  C:33E4H         LINE#         646
  C:33EFH         LINE#         653
  C:33FAH         LINE#         654
  C:33FCH         LINE#         656
  C:33FCH         LINE#         657
  C:3402H         LINE#         658
  C:3406H         LINE#         659
  C:3408H         LINE#         660
  C:3408H         LINE#         661
  -------         ENDPROC       USBXCORE_SET_CONFIGURATION
  -------         PROC          USBXCORE_GET_INTERFACE
  C:3716H         LINE#         668
  C:3716H         LINE#         670
  C:3724H         LINE#         671
  C:372CH         LINE#         672
  C:372FH         LINE#         673
  C:3735H         LINE#         674
  C:373CH         LINE#         675
  -------         ENDPROC       USBXCORE_GET_INTERFACE
  -------         PROC          USBXCORE_SET_SOP
  C:387BH         LINE#         682
  C:387BH         LINE#         684
  C:3883H         LINE#         685
  C:3883H         LINE#         686
  C:388EH         LINE#         687
  C:388EH         LINE#         688
  -------         ENDPROC       USBXCORE_SET_SOP
  -------         PROC          USBXCORE_USB_ISR
  C:1C35H         LINE#         699
  C:1C52H         LINE#         702
  C:1C58H         LINE#         703
BL51 BANKED LINKER/LOCATER V6.22                                                      05/21/2019  15:17:01  PAGE 45


  C:1C6BH         LINE#         706
  C:1C7EH         LINE#         709
  C:1C82H         LINE#         710
  C:1C82H         LINE#         711
  C:1C8DH         LINE#         712
  C:1C8DH         LINE#         714
  C:1C94H         LINE#         715
  C:1C94H         LINE#         716
  C:1C97H         LINE#         717
  C:1C97H         LINE#         719
  C:1C9EH         LINE#         720
  C:1C9EH         LINE#         721
  C:1CABH         LINE#         722
  C:1CABH         LINE#         723
  C:1CB2H         LINE#         724
  C:1CB2H         LINE#         725
  C:1CB2H         LINE#         727
  C:1CB2H         LINE#         728
  C:1CB2H         LINE#         730
  C:1CB2H         LINE#         732
  C:1CC5H         LINE#         734
  C:1CC9H         LINE#         735
  C:1CC9H         LINE#         736
  C:1CCCH         LINE#         737
  C:1CCCH         LINE#         740
  C:1CD3H         LINE#         741
  C:1CD3H         LINE#         742
  C:1CDEH         LINE#         748
  C:1CF1H         LINE#         749
  C:1CF6H         LINE#         750
  C:1CF6H         LINE#         751
  C:1CFDH         LINE#         752
  C:1CFDH         LINE#         754
  C:1CFDH         LINE#         756
  C:1D10H         LINE#         759
  C:1D14H         LINE#         760
  C:1D14H         LINE#         761
  C:1D1FH         LINE#         767
  C:1D32H         LINE#         768
  C:1D36H         LINE#         769
  C:1D36H         LINE#         770
  C:1D3DH         LINE#         771
  C:1D3DH         LINE#         772
  C:1D3DH         LINE#         775
  C:1D4BH         LINE#         776
  C:1D50H         LINE#         777
  C:1D56H         LINE#         778
  C:1D5BH         LINE#         781
  C:1D68H         LINE#         782
  C:1D68H         LINE#         783
  C:1D6BH         LINE#         784
  C:1D6BH         LINE#         785
  -------         ENDPROC       USBXCORE_USB_ISR
  -------         ENDMOD        USB_API

  -------         MODULE        USB_SUSPEND
  C:0000H         SYMBOL        _ICE_DUMMY_
BL51 BANKED LINKER/LOCATER V6.22                                                      05/21/2019  15:17:01  PAGE 46


  D:00D7H         PUBLIC        USB0XCN
  D:00C9H         PUBLIC        REG0CN
  C:369CH         PUBLIC        USB_Suspend
  D:00A9H         PUBLIC        CLKSEL
  D:00B2H         PUBLIC        OSCICN
  D:00B9H         PUBLIC        CLKMUL
  -------         PROC          USB_SUSPEND
  C:369CH         LINE#         70
  C:369CH         LINE#         72
  C:369FH         LINE#         74
  C:36A2H         LINE#         76
  C:36AAH         LINE#         79
  C:36ADH         LINE#         80
  C:36B0H         LINE#         81
  C:36B3H         LINE#         82
  C:36B6H         LINE#         84
  C:36B7H         LINE#         86
  C:36BAH         LINE#         88
  C:36C0H         LINE#         92
  C:36C3H         LINE#         94
  C:36C6H         LINE#         95
  -------         ENDPROC       USB_SUSPEND
  -------         ENDMOD        USB_SUSPEND

  -------         MODULE        USB_INT_ENABLE
  C:0000H         SYMBOL        _ICE_DUMMY_
  C:3836H         PUBLIC        USB_Int_Enable
  D:0096H         PUBLIC        USB0ADR
  D:0097H         PUBLIC        USB0DAT
  -------         PROC          USB_INT_ENABLE
  C:3836H         LINE#         68
  C:3836H         LINE#         71
  C:383DH         LINE#         73
  C:3843H         LINE#         74
  C:3843H         LINE#         75
  C:384EH         LINE#         77
  C:384EH         LINE#         78
  -------         ENDPROC       USB_INT_ENABLE
  -------         ENDMOD        USB_INT_ENABLE

  -------         MODULE        USB_CLOCK_RECOVERY
  C:0000H         SYMBOL        _ICE_DUMMY_
  C:38C1H         PUBLIC        USBXcore_ClkRec
  D:0096H         PUBLIC        USB0ADR
  D:0097H         PUBLIC        USB0DAT
  -------         PROC          USBXCORE_CLKREC
  C:38C1H         LINE#         45
  C:38C1H         LINE#         47
  C:38CCH         LINE#         48
  -------         ENDPROC       USBXCORE_CLKREC
  -------         ENDMOD        USB_CLOCK_RECOVERY

  -------         MODULE        ?C?FPMUL
  C:0C9BH         PUBLIC        ?C?FPMUL
  -------         ENDMOD        ?C?FPMUL

  -------         MODULE        ?C?FCAST
BL51 BANKED LINKER/LOCATER V6.22                                                      05/21/2019  15:17:01  PAGE 47


  C:0DABH         PUBLIC        ?C?FCASTC
  C:0DA6H         PUBLIC        ?C?FCASTI
  C:0DA1H         PUBLIC        ?C?FCASTL
  -------         ENDMOD        ?C?FCAST

  -------         MODULE        ?C?CASTF
  C:0DDFH         PUBLIC        ?C?CASTF
  -------         ENDMOD        ?C?CASTF

  -------         MODULE        ?C?COPY
  C:0F30H         PUBLIC        ?C?COPY
  -------         ENDMOD        ?C?COPY

  -------         MODULE        ?C?CLDPTR
  C:0F56H         PUBLIC        ?C?CLDPTR
  -------         ENDMOD        ?C?CLDPTR

  -------         MODULE        ?C?CLDOPTR
  C:0F6FH         PUBLIC        ?C?CLDOPTR
  -------         ENDMOD        ?C?CLDOPTR

  -------         MODULE        ?C?IMUL
  C:0F9CH         PUBLIC        ?C?IMUL
  -------         ENDMOD        ?C?IMUL

  -------         MODULE        ?C?IILDX
  C:0FAEH         PUBLIC        ?C?IILDX
  -------         ENDMOD        ?C?IILDX

  -------         MODULE        ?C?LMUL
  C:0FC4H         PUBLIC        ?C?LMUL
  -------         ENDMOD        ?C?LMUL

  -------         MODULE        ?C?ULDIV
  C:104FH         PUBLIC        ?C?ULDIV
  -------         ENDMOD        ?C?ULDIV

  -------         MODULE        ?C?LNEG
  C:10E1H         PUBLIC        ?C?LNEG
  -------         ENDMOD        ?C?LNEG

  -------         MODULE        ?C?ULCMP
  C:10EFH         PUBLIC        ?C?ULCMP
  -------         ENDMOD        ?C?ULCMP

  -------         MODULE        ?C?ULSHR
  C:1100H         PUBLIC        ?C?ULSHR
  -------         ENDMOD        ?C?ULSHR

  -------         MODULE        ?C?LSHL
  C:1113H         PUBLIC        ?C?LSHL
  -------         ENDMOD        ?C?LSHL

  -------         MODULE        ?C?LLDIPDATA
  C:112FH         PUBLIC        ?C?LLDIPDATA
  C:1126H         PUBLIC        ?C?LLDIPDATA1
  C:1128H         PUBLIC        ?C?LLDIPDATA8
BL51 BANKED LINKER/LOCATER V6.22                                                      05/21/2019  15:17:01  PAGE 48


  -------         ENDMOD        ?C?LLDIPDATA

  -------         MODULE        ?C?LSTXDATA
  C:1146H         PUBLIC        ?C?LSTXDATA
  -------         ENDMOD        ?C?LSTXDATA

  -------         MODULE        ?C?LSTPDATA
  C:1152H         PUBLIC        ?C?LSTPDATA
  -------         ENDMOD        ?C?LSTPDATA

  -------         MODULE        ?C?LSTKXDATA
  C:115EH         PUBLIC        ?C?LSTKXDATA
  -------         ENDMOD        ?C?LSTKXDATA

  -------         MODULE        ?C?LSTKPDATA
  C:118FH         PUBLIC        ?C?LSTKPDATA
  -------         ENDMOD        ?C?LSTKPDATA

  -------         MODULE        ?C_PBP
  D:0008H         PUBLIC        ?C_PBP
  -------         ENDMOD        ?C_PBP

*** WARNING L14: INCOMPATIBLE MEMORY MODEL
    MODULE:  .\USBX_F34X.LIB (USB_API)
    MODEL:   SMALL

*** WARNING L14: INCOMPATIBLE MEMORY MODEL
    MODULE:  .\USBX_F34X.LIB (USB_SUSPEND)
    MODEL:   SMALL

*** WARNING L14: INCOMPATIBLE MEMORY MODEL
    MODULE:  .\USBX_F34X.LIB (USB_INT_ENABLE)
    MODEL:   SMALL

*** WARNING L14: INCOMPATIBLE MEMORY MODEL
    MODULE:  .\USBX_F34X.LIB (USB_CLOCK_RECOVERY)
    MODEL:   SMALL

*** WARNING L16: UNCALLED SEGMENT, IGNORED FOR OVERLAY PROCESS
    SEGMENT: ?PR?_STOPDELAY?MAIN

*** WARNING L16: UNCALLED SEGMENT, IGNORED FOR OVERLAY PROCESS
    SEGMENT: ?PR?SD_INIT?MMC_SD

*** WARNING L16: UNCALLED SEGMENT, IGNORED FOR OVERLAY PROCESS
    SEGMENT: ?PR?_DISPPICFROMSD?LCD

*** WARNING L16: UNCALLED SEGMENT, IGNORED FOR OVERLAY PROCESS
    SEGMENT: ?PR?DISPSCALEHOR1?LCD

*** WARNING L16: UNCALLED SEGMENT, IGNORED FOR OVERLAY PROCESS
    SEGMENT: ?PR?DISPSCALEVER?LCD

*** WARNING L16: UNCALLED SEGMENT, IGNORED FOR OVERLAY PROCESS
    SEGMENT: ?PR?DISPSCALEVER_RED?LCD

*** WARNING L16: UNCALLED SEGMENT, IGNORED FOR OVERLAY PROCESS
BL51 BANKED LINKER/LOCATER V6.22                                                      05/21/2019  15:17:01  PAGE 49


    SEGMENT: ?PR?DISPSCALEVER_GREEN?LCD

*** WARNING L16: UNCALLED SEGMENT, IGNORED FOR OVERLAY PROCESS
    SEGMENT: ?PR?DISPSCALEVER_BLUE?LCD

*** WARNING L16: UNCALLED SEGMENT, IGNORED FOR OVERLAY PROCESS
    SEGMENT: ?PR?DISPSCALEVER_GRAY?LCD

*** WARNING L16: UNCALLED SEGMENT, IGNORED FOR OVERLAY PROCESS
    SEGMENT: ?PR?DISPGRAYHOR32?LCD

*** WARNING L16: UNCALLED SEGMENT, IGNORED FOR OVERLAY PROCESS
    SEGMENT: ?PR?DISPSCALEHOR2?LCD

*** WARNING L16: UNCALLED SEGMENT, IGNORED FOR OVERLAY PROCESS
    SEGMENT: ?PR?_DRAWGIRD?LCD

*** WARNING L15: MULTIPLE CALL TO SEGMENT
    SEGMENT: ?PR?_WRITECOMM?LCD
    CALLER1: ?PR?USB_API_TEST_ISR?MAIN
    CALLER2: ?C_C51STARTUP

*** WARNING L15: MULTIPLE CALL TO SEGMENT
    SEGMENT: ?PR?_WRITEDATA?LCD
    CALLER1: ?PR?USB_API_TEST_ISR?MAIN
    CALLER2: ?C_C51STARTUP

Program Size: data=10.0 xdata=1296 code=14557
LINK/LOCATE RUN COMPLETE.  18 WARNING(S),  0 ERROR(S)
