BL51 BANKED LINKER/LOCATER V6.22                                                        12/06/2018  17:13:14  PAGE 1


BL51 BANKED LINKER/LOCATER V6.22, INVOKED BY:
C:\KEIL\C51\BIN\BL51.EXE main.obj, mmc_sd.obj, lcd.obj, tp.obj, .\USBX_F34X.LIB TO ST7789V_HSD20_H8 RAMSIZE (256)


MEMORY MODEL: SMALL WITH FLOATING POINT ARITHMETIC


INPUT MODULES INCLUDED:
  main.obj (MAIN)
  mmc_sd.obj (MMC_SD)
  lcd.obj (LCD)
  tp.obj (TP)
  .\USBX_F34X.LIB (USB_API)
  .\USBX_F34X.LIB (USB_CLOCK_START)
  .\USBX_F34X.LIB (USB_SUSPEND)
  .\USBX_F34X.LIB (GET_INTERRUPT_SOURCE)
  .\USBX_F34X.LIB (BLOCK_READ)
  .\USBX_F34X.LIB (BLOCK_WRITE)
  .\USBX_F34X.LIB (USB_INT_ENABLE)
  .\USBX_F34X.LIB (USB_CLOCK_RECOVERY)
  .\USBX_F34X.LIB (USB_JUMP_ISR)
  C:\KEIL\C51\LIB\C51FPS.LIB (?C?FPMUL)
  C:\KEIL\C51\LIB\C51FPS.LIB (?C?FCAST)
  C:\KEIL\C51\LIB\C51FPS.LIB (?C?CASTF)
  C:\KEIL\C51\LIB\C51FPS.LIB (?C?FPGETOPN)
  C:\KEIL\C51\LIB\C51S.LIB (?C_STARTUP)
  C:\KEIL\C51\LIB\C51S.LIB (?C?COPY)
  C:\KEIL\C51\LIB\C51S.LIB (?C?CLDPTR)
  C:\KEIL\C51\LIB\C51S.LIB (?C?CLDOPTR)
  C:\KEIL\C51\LIB\C51S.LIB (?C?IMUL)
  C:\KEIL\C51\LIB\C51S.LIB (?C?IILDX)
  C:\KEIL\C51\LIB\C51S.LIB (?C?LMUL)
  C:\KEIL\C51\LIB\C51S.LIB (?C?ULDIV)
  C:\KEIL\C51\LIB\C51S.LIB (?C?LNEG)
  C:\KEIL\C51\LIB\C51S.LIB (?C?ULCMP)
  C:\KEIL\C51\LIB\C51S.LIB (?C?ULSHR)
  C:\KEIL\C51\LIB\C51S.LIB (?C?LSHL)
  C:\KEIL\C51\LIB\C51S.LIB (?C?LLDIIDATA)
  C:\KEIL\C51\LIB\C51S.LIB (?C?LSTXDATA)
  C:\KEIL\C51\LIB\C51S.LIB (?C?LSTKXDATA)
  C:\KEIL\C51\LIB\C51S.LIB (?C_IBP)
  C:\KEIL\C51\LIB\C51S.LIB (?C_INIT)


LINK MAP OF MODULE:  ST7789V_HSD20_H8 (MAIN)


            TYPE    BASE      LENGTH    RELOCATION   SEGMENT NAME
            -----------------------------------------------------

            * * * * * * *   D A T A   M E M O R Y   * * * * * * *
            REG     0000H     0008H     ABSOLUTE     "REG BANK 0"
            DATA    0008H     0027H     UNIT         _DATA_GROUP_
            DATA    002FH     0010H     UNIT         ?DT?MAIN
            DATA    003FH     000DH     UNIT         ?DT?_DISPPICFROMSD?LCD
            DATA    004CH     000AH     UNIT         ?DT?_DRAWLINE?LCD
            DATA    0056H     0004H     UNIT         ?DT?_MMC_SD_READSINGLEBLOCK?MMC_SD
            DATA    005AH     0004H     UNIT         ?DT?DISPSCALEHOR1?LCD
BL51 BANKED LINKER/LOCATER V6.22                                                      12/06/2018  17:13:14  PAGE 2


            DATA    005EH     0004H     UNIT         ?DT?DISPSCALEVER?LCD
            DATA    0062H     0004H     UNIT         ?DT?DISPSCALEVER_RED?LCD
            DATA    0066H     0004H     UNIT         ?DT?DISPSCALEVER_GREEN?LCD
            DATA    006AH     0004H     UNIT         ?DT?DISPSCALEVER_GRAY?LCD
            DATA    006EH     0004H     UNIT         ?DT?DISPGRAYHOR32?LCD
            DATA    0072H     0004H     UNIT         ?DT?_DRAWGIRD?LCD
            DATA    0076H     0002H     UNIT         ?DT?DISPSCALEVER_BLUE?LCD
            DATA    0078H     0002H     UNIT         ?DT?LCD
            DATA    007AH     0001H     UNIT         ?C?LIB_DATA
            IDATA   007BH     0001H     UNIT         ?STACK

            * * * * * * *  X D A T A   M E M O R Y  * * * * * * *
            XDATA   0000H     0200H     UNIT         ?XD?MMC_SD
            XDATA   0200H     0058H     UNIT         _XDATA_GROUP_
            XDATA   0258H     0040H     UNIT         ?XD?MAIN
                    0298H     03A8H                  *** GAP ***
            XDATA   0640H     0100H     ABSOLUTE     
            XDATA   0740H     0012H     ABSOLUTE     
            XDATA   0752H     0020H     ABSOLUTE     
            XDATA   0772H     000CH     ABSOLUTE     
            XDATA   077EH     0008H     ABSOLUTE     
            XDATA   0786H     0001H     ABSOLUTE     
            XDATA   0787H     0003H     ABSOLUTE     
            XDATA   078AH     0002H     ABSOLUTE     
            XDATA   078CH     0002H     ABSOLUTE     
            XDATA   078EH     0003H     ABSOLUTE     
            XDATA   0791H     0001H     ABSOLUTE     
            XDATA   0792H     0001H     ABSOLUTE     
            XDATA   0793H     0001H     ABSOLUTE     
            XDATA   0794H     0001H     ABSOLUTE     
            XDATA   0795H     0002H     ABSOLUTE     
            XDATA   0797H     0002H     ABSOLUTE     
            XDATA   0799H     0001H     ABSOLUTE     
            XDATA   079AH     0001H     ABSOLUTE     
            XDATA   079BH     0001H     ABSOLUTE     
            XDATA   079CH     0001H     ABSOLUTE     
            XDATA   079DH     0001H     ABSOLUTE     
            XDATA   079EH     0001H     ABSOLUTE     
            XDATA   079FH     0002H     ABSOLUTE     
            XDATA   07A1H     0001H     ABSOLUTE     
            XDATA   07A2H     0001H     ABSOLUTE     
            XDATA   07A3H     000CH     ABSOLUTE     
                    07AFH     0011H                  *** GAP ***
            XDATA   07C0H     0040H     ABSOLUTE     

            * * * * * * *   C O D E   M E M O R Y   * * * * * * *
            CODE    0000H     0003H     ABSOLUTE     
            CODE    0003H     003AH     UNIT         ?CO?USB_API
            CODE    003DH     0003H     UNIT         ?PR?SUSPEND_DEVICE?MAIN
                    0040H     0003H                  *** GAP ***
            CODE    0043H     0003H     ABSOLUTE     
            CODE    0046H     0042H     UNIT         ?PR?MCU_INIT?MAIN
                    0088H     0003H                  *** GAP ***
            CODE    008BH     0003H     ABSOLUTE     
            CODE    008EH     0600H     UNIT         ?CO?LCD
            CODE    068EH     05A1H     UNIT         ?PR?CONNTOUSB?MAIN
            CODE    0C2FH     04E8H     UNIT         ?C?LIB_CODE
BL51 BANKED LINKER/LOCATER V6.22                                                      12/06/2018  17:13:14  PAGE 3


            CODE    1117H     0233H     UNIT         ?PR?USBXCORE_HANDLE_SETUP?USB_API
            CODE    134AH     01CBH     UNIT         ?PR?DISPSCALEHOR1?LCD
            CODE    1515H     01A7H     UNIT         ?PR?TP_DRAWLINE?TP
            CODE    16BCH     0176H     UNIT         ?PR?LCD_INIT?LCD
            CODE    1832H     0151H     UNIT         ?PR?USBXCORE_USB_ISR?USB_API
            CODE    1983H     014CH     UNIT         ?PR?DISPBAND?LCD
            CODE    1ACFH     013CH     UNIT         ?PR?DISPSCALEHOR2?LCD
            CODE    1C0BH     0137H     UNIT         ?PR?_USB_INIT?USB_API
            CODE    1D42H     0128H     UNIT         ?PR?_LCD_READ_IC_ID?LCD
            CODE    1E6AH     011BH     UNIT         ?PR?_TP_GETPOSITION?TP
            CODE    1F85H     0111H     UNIT         ?PR?_BLOCK_WRITE?BLOCK_WRITE
            CODE    2096H     010EH     UNIT         ?PR?USB_API_TEST_ISR?MAIN
            CODE    21A4H     0104H     UNIT         ?PR?DISPSCALEVER?LCD
            CODE    22A8H     00CDH     UNIT         ?PR?USBXCORE_VENDOR_USB_API?USB_API
            CODE    2375H     00B5H     UNIT         ?PR?_DISPPICFROMSD?LCD
            CODE    242AH     00B3H     UNIT         ?PR?MMC_SD_RESET?MMC_SD
            CODE    24DDH     00B2H     UNIT         ?PR?USBXCORE_GET_DESCRIPTOR?USB_API
            CODE    258FH     00AFH     UNIT         ?PR?_BLOCK_READ?BLOCK_READ
            CODE    263EH     00A4H     UNIT         ?PR?_DISPONECHAR?LCD
            CODE    26E2H     0096H     UNIT         ?PR?_?BLOCKWRITE?LCD
            CODE    2778H     0095H     UNIT         ?PR?DISPFRAME?LCD
            CODE    280DH     0095H     UNIT         ?PR?_DISPINT?LCD
            CODE    28A2H     008EH     UNIT         ?PR?DISPSCALEVER_GREEN?LCD
            CODE    2930H     008CH     UNIT         ?C_C51STARTUP
            CODE    29BCH     0089H     UNIT         ?PR?DISPGRAYHOR16?LCD
            CODE    2A45H     0082H     UNIT         ?PR?_DISPSTR?LCD
            CODE    2AC7H     007FH     UNIT         ?PR?DISPSCALEVER_RED?LCD
            CODE    2B46H     007FH     UNIT         ?PR?DISPSCALEVER_GRAY?LCD
            CODE    2BC5H     007EH     UNIT         ?PR?_MMC_SD_WRITESINGLEBLOCK?MMC_SD
            CODE    2C43H     0075H     UNIT         ?PR?_DRAWGIRD?LCD
            CODE    2CB8H     0073H     UNIT         ?PR?TP_READ?TP
            CODE    2D2BH     0073H     UNIT         ?PR?USBXCORE_GET_STATUS?USB_API
            CODE    2D9EH     006CH     UNIT         ?PR?DEVICES_INIT?MAIN
            CODE    2E0AH     006AH     UNIT         ?PR?DISPGRAYHOR32?LCD
            CODE    2E74H     0065H     UNIT         ?PR?_MMC_SD_READSINGLEBLOCK?MMC_SD
            CODE    2ED9H     0064H     UNIT         ?PR?DISPSCALEVER_BLUE?LCD
            CODE    2F3DH     0064H     UNIT         ?PR?_DRAWLINE?LCD
            CODE    2FA1H     0061H     UNIT         ?PR?_MMC_SD_SENDCOMMAND?MMC_SD
            CODE    3002H     005BH     UNIT         ?PR?_TOORD?LCD
            CODE    305DH     005AH     UNIT         ?PR?USBXCORE_SET_CONFIGURATION?USB_API
            CODE    30B7H     0058H     UNIT         ?PR?USBXCORE_CLEAR_FEATURE?USB_API
            CODE    310FH     0057H     UNIT         ?PR?USBXCORE_SET_FEATURE?USB_API
            CODE    3166H     0050H     UNIT         ?CO?MAIN
            CODE    31B6H     0048H     UNIT         ?PR?_STOPDELAY?MAIN
            CODE    31FEH     0047H     UNIT         ?PR?USBXCORE_GET_CONFIGURATION?USB_API
            CODE    3245H     0042H     UNIT         ?PR?_PUTPIXEL?LCD
            CODE    3287H     0038H     UNIT         ?PR?USB_CLOCK_START?USB_CLOCK_START
            CODE    32BFH     002BH     UNIT         ?PR?USB_SUSPEND?USB_SUSPEND
            CODE    32EAH     002AH     UNIT         ?PR?_WRITEDISPDATA?LCD
            CODE    3314H     0029H     UNIT         ?PR?MAIN?MAIN
            CODE    333DH     0029H     UNIT         ?C_INITSEG
            CODE    3366H     0027H     UNIT         ?PR?_DISPCOLOR?LCD
            CODE    338DH     0027H     UNIT         ?PR?USBXCORE_USB_RESET?USB_API
            CODE    33B4H     0027H     UNIT         ?PR?USBXCORE_GET_INTERFACE?USB_API
            CODE    33DBH     0026H     UNIT         ?PR?_TP_WRITE?TP
            CODE    3401H     0022H     UNIT         ?PR?USBXCORE_JUMP_ISR?USB_JUMP_ISR
            CODE    3423H     0020H     UNIT         ?PR?USBXCORE_SET_ADDRESS?USB_API
BL51 BANKED LINKER/LOCATER V6.22                                                      12/06/2018  17:13:14  PAGE 4


            CODE    3443H     001FH     UNIT         ?PR?_DELAY?MAIN
            CODE    3462H     001DH     UNIT         ?PR?USBXCORE_FORCE_STALL?USB_API
            CODE    347FH     001AH     UNIT         ?PR?_WRITECOMM?LCD
            CODE    3499H     0019H     UNIT         ?PR?_WRITEDATA?LCD
            CODE    34B2H     0019H     UNIT         ?PR?USB_INT_ENABLE?USB_INT_ENABLE
            CODE    34CBH     0016H     UNIT         ?PR?_SPI_WRITEBYTE?MMC_SD
            CODE    34E1H     0014H     UNIT         ?PR?USBXCORE_SET_SOP?USB_API
            CODE    34F5H     0013H     UNIT         ?PR?WAITKEY?MAIN
            CODE    3508H     0013H     UNIT         ?PR?READDATA?LCD
            CODE    351BH     0011H     UNIT         ?PR?SD_INIT?MMC_SD
            CODE    352CH     000EH     UNIT         ?PR?GET_INTERRUPT_SOURCE?GET_INTERRUPT_SOURCE
            CODE    353AH     000CH     UNIT         ?PR?USBXCORE_CLKREC?USB_CLOCK_RECOVERY
            CODE    3546H     000BH     UNIT         ?PR?SPI_READBYTE?MMC_SD
            CODE    3551H     0009H     UNIT         ?PR?_WRITEONEDOT?LCD



OVERLAY MAP OF MODULE:   ST7789V_HSD20_H8 (MAIN)


SEGMENT                                            DATA_GROUP          XDATA_GROUP
  +--> CALLED SEGMENT                            START    LENGTH     START    LENGTH
------------------------------------------------------------------------------------
?PR?USB_API_TEST_ISR?MAIN                        0008H    0001H      -----    -----
  +--> ?PR?GET_INTERRUPT_SOURCE?GET_INTERRUP...
  +--> ?PR?_BLOCK_READ?BLOCK_READ
  +--> ?PR?SUSPEND_DEVICE?MAIN
  +--> ?PR?MCU_INIT?MAIN
  +--> ?PR?_?BLOCKWRITE?LCD

?PR?SUSPEND_DEVICE?MAIN                          -----    -----      -----    -----
  +--> ?PR?USB_SUSPEND?USB_SUSPEND

?PR?USB_SUSPEND?USB_SUSPEND                      -----    -----      -----    -----
  +--> ?PR?USB_CLOCK_START?USB_CLOCK_START

?PR?_?BLOCKWRITE?LCD                             -----    -----      -----    -----
  +--> ?PR?_WRITECOMM?LCD
  +--> ?PR?_WRITEDATA?LCD

?PR?_WRITECOMM?LCD                               002DH    0001H      -----    -----

?PR?_WRITEDATA?LCD                               002DH    0002H      -----    -----

*** NEW ROOT ***************************************************

?PR?USBXCORE_USB_ISR?USB_API                     -----    -----      -----    -----
  +--> ?PR?USBXCORE_USB_RESET?USB_API
  +--> ?PR?USBXCORE_HANDLE_SETUP?USB_API
  +--> ?PR?USBXCORE_JUMP_ISR?USB_JUMP_ISR

?PR?USBXCORE_HANDLE_SETUP?USB_API                -----    -----      -----    -----
  +--> ?PR?USBXCORE_GET_STATUS?USB_API
  +--> ?PR?USBXCORE_CLEAR_FEATURE?USB_API
  +--> ?PR?USBXCORE_VENDOR_USB_API?USB_API
  +--> ?PR?USBXCORE_SET_FEATURE?USB_API
  +--> ?PR?USBXCORE_SET_ADDRESS?USB_API
BL51 BANKED LINKER/LOCATER V6.22                                                      12/06/2018  17:13:14  PAGE 5


  +--> ?PR?USBXCORE_GET_DESCRIPTOR?USB_API
  +--> ?PR?USBXCORE_GET_CONFIGURATION?USB_API
  +--> ?PR?USBXCORE_SET_CONFIGURATION?USB_API
  +--> ?PR?USBXCORE_GET_INTERFACE?USB_API
  +--> ?PR?USBXCORE_SET_SOP?USB_API
  +--> ?PR?USBXCORE_FORCE_STALL?USB_API

?PR?USBXCORE_GET_STATUS?USB_API                  -----    -----      -----    -----
  +--> ?CO?USB_API
  +--> ?PR?USBXCORE_FORCE_STALL?USB_API
  +--> ?PR?USBXCORE_SET_SOP?USB_API

?PR?USBXCORE_CLEAR_FEATURE?USB_API               -----    -----      -----    -----
  +--> ?PR?USBXCORE_FORCE_STALL?USB_API
  +--> ?PR?USBXCORE_SET_SOP?USB_API

?PR?USBXCORE_VENDOR_USB_API?USB_API              -----    -----      -----    -----
  +--> ?PR?USBXCORE_SET_SOP?USB_API

?PR?USBXCORE_SET_FEATURE?USB_API                 -----    -----      -----    -----
  +--> ?PR?USBXCORE_FORCE_STALL?USB_API
  +--> ?PR?USBXCORE_SET_SOP?USB_API

?PR?USBXCORE_SET_ADDRESS?USB_API                 -----    -----      -----    -----
  +--> ?PR?USBXCORE_SET_SOP?USB_API

?PR?USBXCORE_GET_DESCRIPTOR?USB_API              -----    -----      -----    -----
  +--> ?PR?USBXCORE_FORCE_STALL?USB_API
  +--> ?PR?USBXCORE_SET_SOP?USB_API

?PR?USBXCORE_GET_CONFIGURATION?USB_API           -----    -----      -----    -----
  +--> ?CO?USB_API
  +--> ?PR?USBXCORE_SET_SOP?USB_API

?PR?USBXCORE_SET_CONFIGURATION?USB_API           -----    -----      -----    -----
  +--> ?PR?USBXCORE_SET_SOP?USB_API

?PR?USBXCORE_GET_INTERFACE?USB_API               -----    -----      -----    -----
  +--> ?CO?USB_API
  +--> ?PR?USBXCORE_SET_SOP?USB_API

*** NEW ROOT ***************************************************

?C_C51STARTUP                                    -----    -----      -----    -----
  +--> ?PR?MAIN?MAIN
  +--> ?C_INITSEG

?PR?MAIN?MAIN                                    000BH    0001H      -----    -----
  +--> ?PR?DEVICES_INIT?MAIN
  +--> ?PR?_DISPCOLOR?LCD
  +--> ?PR?_STOPDELAY?MAIN
  +--> ?PR?DISPFRAME?LCD
  +--> ?PR?DISPBAND?LCD
  +--> ?PR?DISPGRAYHOR16?LCD
  +--> ?PR?TP_DRAWLINE?TP

?PR?DEVICES_INIT?MAIN                            -----    -----      -----    -----
BL51 BANKED LINKER/LOCATER V6.22                                                      12/06/2018  17:13:14  PAGE 6


  +--> ?PR?MCU_INIT?MAIN
  +--> ?PR?USB_CLOCK_START?USB_CLOCK_START
  +--> ?CO?MAIN
  +--> ?PR?_USB_INIT?USB_API
  +--> ?PR?USB_INT_ENABLE?USB_INT_ENABLE
  +--> ?PR?LCD_INIT?LCD

?PR?_USB_INIT?USB_API                            -----    -----      0200H    0011H
  +--> ?CO?USB_API
  +--> ?PR?USBXCORE_CLKREC?USB_CLOCK_RECOVERY

?PR?LCD_INIT?LCD                                 -----    -----      -----    -----
  +--> ?PR?READDATA?LCD
  +--> ?PR?_DELAY?MAIN
  +--> ?PR?_WRITECOMM?LCD
  +--> ?PR?_WRITEDATA?LCD

?PR?READDATA?LCD                                 -----    -----      -----    -----
  +--> ?PR?_LCD_READ_IC_ID?LCD

?PR?_LCD_READ_IC_ID?LCD                          0015H    0007H      -----    -----

?PR?_DISPCOLOR?LCD                               000CH    0002H      -----    -----
  +--> ?PR?_?BLOCKWRITE?LCD
  +--> ?PR?_WRITEDISPDATA?LCD

?PR?_WRITEDISPDATA?LCD                           002DH    0001H      -----    -----

?PR?_STOPDELAY?MAIN                              000CH    0004H      -----    -----
  +--> ?PR?WAITKEY?MAIN
  +--> ?PR?_DELAY?MAIN

?PR?WAITKEY?MAIN                                 -----    -----      -----    -----
  +--> ?PR?CONNTOUSB?MAIN
  +--> ?PR?_DELAY?MAIN

?PR?CONNTOUSB?MAIN                               0010H    0005H      0200H    0058H
  +--> ?CO?MAIN
  +--> ?PR?_WRITECOMM?LCD
  +--> ?PR?_WRITEDATA?LCD
  +--> ?PR?_DISPSTR?LCD
  +--> ?PR?_DISPINT?LCD
  +--> ?PR?_WRITEDISPDATA?LCD
  +--> ?PR?_MMC_SD_WRITESINGLEBLOCK?MMC_SD
  +--> ?PR?_BLOCK_WRITE?BLOCK_WRITE
  +--> ?PR?READDATA?LCD
  +--> ?PR?_DELAY?MAIN

?PR?_DISPSTR?LCD                                 0015H    000BH      -----    -----
  +--> ?PR?_TOORD?LCD
  +--> ?PR?_DISPONECHAR?LCD

?PR?_DISPONECHAR?LCD                             0020H    000DH      -----    -----
  +--> ?PR?_?BLOCKWRITE?LCD
  +--> ?CO?LCD
  +--> ?PR?_WRITEONEDOT?LCD

BL51 BANKED LINKER/LOCATER V6.22                                                      12/06/2018  17:13:14  PAGE 7


?PR?_WRITEONEDOT?LCD                             -----    -----      -----    -----
  +--> ?PR?_WRITEDISPDATA?LCD

?PR?_DISPINT?LCD                                 0015H    000AH      -----    -----
  +--> ?PR?_DISPONECHAR?LCD

?PR?_MMC_SD_WRITESINGLEBLOCK?MMC_SD              0015H    0004H      -----    -----
  +--> ?PR?_MMC_SD_SENDCOMMAND?MMC_SD
  +--> ?PR?_SPI_WRITEBYTE?MMC_SD

?PR?_MMC_SD_SENDCOMMAND?MMC_SD                   0019H    0005H      -----    -----
  +--> ?PR?_SPI_WRITEBYTE?MMC_SD

?PR?DISPFRAME?LCD                                -----    -----      -----    -----
  +--> ?PR?_?BLOCKWRITE?LCD
  +--> ?PR?_WRITEDISPDATA?LCD

?PR?DISPBAND?LCD                                 000CH    0005H      -----    -----
  +--> ?PR?_?BLOCKWRITE?LCD
  +--> ?PR?_WRITEDISPDATA?LCD

?PR?DISPGRAYHOR16?LCD                            000CH    0004H      -----    -----
  +--> ?PR?_?BLOCKWRITE?LCD
  +--> ?PR?_WRITEDISPDATA?LCD

?PR?TP_DRAWLINE?TP                               -----    -----      0200H    0018H
  +--> ?PR?_DELAY?MAIN
  +--> ?PR?_TP_GETPOSITION?TP
  +--> ?PR?_PUTPIXEL?LCD
  +--> ?PR?_DISPCOLOR?LCD

?PR?_TP_GETPOSITION?TP                           -----    -----      0218H    001BH
  +--> ?PR?_TP_WRITE?TP
  +--> ?PR?TP_READ?TP

?PR?_TP_WRITE?TP                                 -----    -----      0233H    0001H

?PR?TP_READ?TP                                   -----    -----      0233H    0005H

?PR?_PUTPIXEL?LCD                                000CH    0002H      -----    -----
  +--> ?PR?_?BLOCKWRITE?LCD
  +--> ?PR?_WRITEDISPDATA?LCD



SYMBOL TABLE OF MODULE:  ST7789V_HSD20_H8 (MAIN)

  VALUE           TYPE          NAME
  ----------------------------------

  -------         MODULE        MAIN
  C:0000H         SYMBOL        _ICE_DUMMY_
  D:0080H         PUBLIC        P0
  D:002FH         PUBLIC        f_down
  D:0090H         PUBLIC        P1
  D:00A0H         PUBLIC        P2
  D:00B0H         PUBLIC        P3
BL51 BANKED LINKER/LOCATER V6.22                                                      12/06/2018  17:13:14  PAGE 8


  C:31B1H         PUBLIC        USB_MaxPower
  B:00B0H.6       PUBLIC        KEY_STEP
  D:00A4H         PUBLIC        P0MDOUT
  D:00A5H         PUBLIC        P1MDOUT
  D:00A6H         PUBLIC        P2MDOUT
  D:00A7H         PUBLIC        P3MDOUT
  D:00AEH         PUBLIC        P4MDOUT
  B:0080H.6       PUBLIC        OE
  D:00D9H         PUBLIC        PCA0MD
  C:2096H         PUBLIC        USB_API_TEST_ISR
  C:003DH         PUBLIC        Suspend_Device
  C:31B6H         PUBLIC        _StopDelay
  D:00E1H         PUBLIC        XBR0
  D:00E2H         PUBLIC        XBR1
  B:00B0H.1       PUBLIC        RS
  C:3314H         PUBLIC        main
  D:0030H         PUBLIC        VerifyCode0
  D:0031H         PUBLIC        VerifyCode1
  C:317BH         PUBLIC        USB_PID
  D:0032H         PUBLIC        VerifyCode2
  D:00F1H         PUBLIC        P0MDIN
  D:00F2H         PUBLIC        P1MDIN
  C:317DH         PUBLIC        USB_MfrStr
  D:00F4H         PUBLIC        P3MDIN
  C:3179H         PUBLIC        USB_VID
  D:00F8H         PUBLIC        SPI0CN
  D:0033H         PUBLIC        pic
  C:2D9EH         PUBLIC        Devices_Init
  C:068EH         PUBLIC        ConnToUSB
  D:00A9H         PUBLIC        CLKSEL
  D:00B2H         PUBLIC        OSCICN
  C:31B2H         PUBLIC        USB_PwAttributes
  C:34F5H         PUBLIC        WaitKey
  C:31B5H         SYMBOL        _?ix1000
  B:00B0H.0       PUBLIC        CS0
  D:0034H         PUBLIC        bf
  C:31B3H         PUBLIC        USB_bcdDevice
  D:00B9H         PUBLIC        CLKMUL
  D:0036H         PUBLIC        f_debug
  D:0037H         PUBLIC        sd
  X:0258H         PUBLIC        Packet
  C:0046H         PUBLIC        MCU_Init
  B:0080H.7       PUBLIC        DIR
  D:00EFH         PUBLIC        RSTSRC
  D:003BH         PUBLIC        f_read
  C:31A7H         PUBLIC        USB_SerialStr
  D:003CH         PUBLIC        f_other
  C:3197H         PUBLIC        USB_ProductStr
  D:003DH         PUBLIC        f_para
  D:00A1H         PUBLIC        SPI0CFG
  C:3443H         PUBLIC        _Delay
  B:00B0H.7       PUBLIC        KEY_Stop
  D:003EH         PUBLIC        f_init
  -------         PROC          MAIN
  -------         DO            
  D:000BH         SYMBOL        n
  -------         ENDDO         
BL51 BANKED LINKER/LOCATER V6.22                                                      12/06/2018  17:13:14  PAGE 9


  C:3314H         LINE#         40
  C:3314H         LINE#         41
  C:3314H         LINE#         46
  C:3317H         LINE#         48
  C:331AH         LINE#         49
  C:331AH         LINE#         52
  C:3328H         LINE#         53
  C:332BH         LINE#         57
  C:332EH         LINE#         58
  C:3331H         LINE#         59
  C:3337H         LINE#         63
  C:333AH         LINE#         65
  C:333CH         LINE#         66
  -------         ENDPROC       MAIN
  -------         PROC          _DELAY
  D:0006H         SYMBOL        dly
  -------         DO            
  D:0004H         SYMBOL        i
  D:0002H         SYMBOL        j
  -------         ENDDO         
  C:3443H         LINE#         69
  C:3443H         LINE#         70
  C:3443H         LINE#         73
  C:344DH         LINE#         74
  C:3461H         LINE#         75
  -------         ENDPROC       _DELAY
  -------         PROC          _STOPDELAY
  D:000CH         SYMBOL        sdly
  -------         DO            
  D:0006H         SYMBOL        i
  D:0004H         SYMBOL        j
  D:000EH         SYMBOL        k
  -------         ENDDO         
  C:31B6H         LINE#         77
  C:31BAH         LINE#         78
  C:31BAH         LINE#         80
  C:31BFH         LINE#         81
  C:31BFH         LINE#         82
  C:31C2H         LINE#         83
  C:31C2H         LINE#         84
  C:31CEH         LINE#         85
  C:31E2H         LINE#         86
  C:31E2H         LINE#         88
  C:31E2H         LINE#         89
  C:31ECH         LINE#         90
  C:31ECH         LINE#         91
  C:31FDH         LINE#         92
  -------         ENDPROC       _STOPDELAY
  -------         PROC          WAITKEY
  C:34F5H         LINE#         121
  C:34F5H         LINE#         122
  C:34F5H         LINE#         124
  C:34F8H         LINE#         125
  C:34F8H         LINE#         127
  C:34FBH         LINE#         129
  C:34FDH         LINE#         130
  C:3504H         LINE#         131
BL51 BANKED LINKER/LOCATER V6.22                                                      12/06/2018  17:13:14  PAGE 10


  C:3507H         LINE#         133
  -------         ENDPROC       WAITKEY
  -------         PROC          CONNTOUSB
  -------         DO            
  D:0010H         SYMBOL        i
  X:0200H         SYMBOL        reg_data
  X:0218H         SYMBOL        para_data
  D:0007H         SYMBOL        dat
  D:0011H         SYMBOL        reg_index
  D:0013H         SYMBOL        data_num
  D:0014H         SYMBOL        st
  -------         ENDDO         
  C:068EH         LINE#         138
  C:068EH         LINE#         139
  C:068EH         LINE#         146
  C:06A1H         LINE#         148
  C:06A8H         LINE#         149
  C:06A8H         LINE#         150
  C:06ABH         LINE#         151
  C:06ABH         LINE#         152
  C:06BDH         LINE#         153
  C:06BDH         LINE#         154
  C:06E4H         LINE#         155
  C:06E6H         LINE#         156
  C:06FAH         LINE#         157
  C:06FAH         LINE#         158
  C:0721H         LINE#         160
  C:0721H         LINE#         161
  C:0721H         LINE#         162
  C:0721H         LINE#         164
  C:0721H         LINE#         165
  C:072AH         LINE#         166
  C:0734H         LINE#         167
  C:073EH         LINE#         169
  C:0759H         LINE#         171
  C:0763H         LINE#         172
  C:0763H         LINE#         173
  C:0766H         LINE#         174
  C:0766H         LINE#         175
  C:0778H         LINE#         176
  C:0778H         LINE#         177
  C:07CAH         LINE#         178
  C:07CCH         LINE#         179
  C:07E0H         LINE#         180
  C:07E0H         LINE#         181
  C:0833H         LINE#         182
  C:0833H         LINE#         183
  C:0833H         LINE#         184
  C:0833H         LINE#         186
  C:0833H         LINE#         187
  C:083FH         LINE#         188
  C:083FH         LINE#         189
  C:0849H         LINE#         190
  C:0853H         LINE#         192
  C:0856H         LINE#         193
  C:0859H         LINE#         197
  C:0860H         LINE#         198
BL51 BANKED LINKER/LOCATER V6.22                                                      12/06/2018  17:13:14  PAGE 11


  C:0860H         LINE#         199
  C:086DH         LINE#         200
  C:086DH         LINE#         201
  C:086FH         LINE#         203
  C:0871H         LINE#         204
  C:088EH         LINE#         205
  C:0890H         LINE#         207
  C:08B3H         LINE#         208
  C:08D6H         LINE#         209
  C:08DFH         LINE#         210
  C:08DFH         LINE#         211
  C:08E7H         LINE#         212
  C:08EDH         LINE#         213
  C:08F8H         LINE#         214
  C:08FDH         LINE#         215
  C:08FDH         LINE#         216
  C:0904H         LINE#         218
  C:0907H         LINE#         219
  C:0912H         LINE#         220
  C:0915H         LINE#         223
  C:091CH         LINE#         224
  C:091CH         LINE#         225
  C:0925H         LINE#         226
  C:0925H         LINE#         227
  C:0932H         LINE#         228
  C:0932H         LINE#         229
  C:0934H         LINE#         231
  C:0936H         LINE#         232
  C:0953H         LINE#         233
  C:0955H         LINE#         235
  C:0978H         LINE#         236
  C:099BH         LINE#         238
  C:09A4H         LINE#         239
  C:09A4H         LINE#         240
  C:09ACH         LINE#         241
  C:09B2H         LINE#         242
  C:09BDH         LINE#         243
  C:09C2H         LINE#         244
  C:09C2H         LINE#         246
  C:09C9H         LINE#         252
  C:09C9H         LINE#         253
  C:09D3H         LINE#         254
  C:09D3H         LINE#         255
  C:09D5H         LINE#         257
  C:09D7H         LINE#         258
  C:09F4H         LINE#         259
  C:09F6H         LINE#         261
  C:09FCH         LINE#         262
  C:09FFH         LINE#         263
  C:0A0AH         LINE#         264
  C:0A0AH         LINE#         265
  C:0A0DH         LINE#         268
  C:0A14H         LINE#         269
  C:0A14H         LINE#         270
  C:0A21H         LINE#         271
  C:0A21H         LINE#         272
  C:0A2FH         LINE#         273
BL51 BANKED LINKER/LOCATER V6.22                                                      12/06/2018  17:13:14  PAGE 12


  C:0A2FH         LINE#         274
  C:0A4EH         LINE#         275
  C:0A50H         LINE#         276
  C:0A5FH         LINE#         277
  C:0A5FH         LINE#         278
  C:0A7EH         LINE#         279
  C:0A80H         LINE#         280
  C:0A90H         LINE#         281
  C:0A90H         LINE#         282
  C:0A9AH         LINE#         283
  C:0AA4H         LINE#         284
  C:0AA4H         LINE#         285
  C:0AA4H         LINE#         286
  C:0AA4H         LINE#         288
  C:0AA4H         LINE#         289
  C:0AADH         LINE#         290
  C:0AB0H         LINE#         291
  C:0ABBH         LINE#         292
  C:0ABEH         LINE#         295
  C:0AC5H         LINE#         296
  C:0AC5H         LINE#         297
  C:0AC8H         LINE#         298
  C:0ADCH         LINE#         300
  C:0AE4H         LINE#         301
  C:0AF2H         LINE#         303
  C:0AFAH         LINE#         304
  C:0AFAH         LINE#         305
  C:0B01H         LINE#         306
  C:0B0BH         LINE#         307
  C:0B0BH         LINE#         308
  C:0B0EH         LINE#         309
  C:0B1BH         LINE#         310
  C:0B28H         LINE#         311
  C:0B2EH         LINE#         312
  C:0B2EH         LINE#         314
  C:0B31H         LINE#         315
  C:0B3FH         LINE#         317
  C:0B46H         LINE#         318
  C:0B61H         LINE#         319
  C:0B6BH         LINE#         320
  C:0B6BH         LINE#         321
  C:0B8BH         LINE#         322
  C:0B98H         LINE#         323
  C:0B98H         LINE#         324
  C:0BEBH         LINE#         325
  C:0BF1H         LINE#         326
  C:0BF1H         LINE#         327
  C:0BF1H         LINE#         330
  C:0BF5H         LINE#         331
  C:0BF5H         LINE#         332
  C:0BF8H         LINE#         333
  C:0C0CH         LINE#         335
  C:0C12H         LINE#         336
  C:0C16H         LINE#         337
  C:0C19H         LINE#         338
  C:0C1DH         LINE#         340
  C:0C20H         LINE#         341
BL51 BANKED LINKER/LOCATER V6.22                                                      12/06/2018  17:13:14  PAGE 13


  C:0C2CH         LINE#         342
  C:0C2EH         LINE#         343
  -------         ENDPROC       CONNTOUSB
  -------         PROC          MCU_INIT
  -------         DO            
  D:0007H         SYMBOL        n
  -------         ENDDO         
  C:0046H         LINE#         346
  C:0046H         LINE#         347
  C:0046H         LINE#         349
  C:0049H         LINE#         352
  C:004CH         LINE#         353
  C:004FH         LINE#         355
  C:0052H         LINE#         357
  C:0057H         LINE#         359
  C:005AH         LINE#         360
  C:005FH         LINE#         361
  C:0062H         LINE#         363
  C:0065H         LINE#         366
  C:0068H         LINE#         367
  C:006BH         LINE#         369
  C:006EH         LINE#         370
  C:0071H         LINE#         372
  C:0074H         LINE#         373
  C:0077H         LINE#         375
  C:007AH         LINE#         376
  C:007DH         LINE#         377
  C:007FH         LINE#         378
  C:0081H         LINE#         380
  C:0084H         LINE#         381
  C:0087H         LINE#         383
  -------         ENDPROC       MCU_INIT
  -------         PROC          DEVICES_INIT
  C:2D9EH         LINE#         385
  C:2D9EH         LINE#         386
  C:2D9EH         LINE#         388
  C:2DA1H         LINE#         391
  C:2DA4H         LINE#         392
  C:2DFEH         LINE#         393
  C:2E01H         LINE#         396
  C:2E04H         LINE#         397
  C:2E07H         LINE#         405
  -------         ENDPROC       DEVICES_INIT
  -------         PROC          SUSPEND_DEVICE
  C:003DH         LINE#         409
  C:003DH         LINE#         410
  C:003DH         LINE#         411
  -------         ENDPROC       SUSPEND_DEVICE
  -------         PROC          USB_API_TEST_ISR
  -------         DO            
  D:0008H         SYMBOL        INTVAL
  -------         ENDDO         
  C:2096H         LINE#         415
  C:20B3H         LINE#         417
  C:20B8H         LINE#         419
  C:20BDH         LINE#         420
  C:20BDH         LINE#         421
BL51 BANKED LINKER/LOCATER V6.22                                                      12/06/2018  17:13:14  PAGE 14


  C:20C8H         LINE#         423
  C:20DAH         LINE#         424
  C:20DAH         LINE#         425
  C:20DDH         LINE#         426
  C:20DFH         LINE#         427
  C:20EFH         LINE#         428
  C:20EFH         LINE#         429
  C:20F2H         LINE#         430
  C:20F4H         LINE#         431
  C:2105H         LINE#         432
  C:2105H         LINE#         433
  C:2108H         LINE#         434
  C:210AH         LINE#         435
  C:211CH         LINE#         436
  C:211CH         LINE#         437
  C:211FH         LINE#         438
  C:2121H         LINE#         439
  C:2131H         LINE#         440
  C:2131H         LINE#         441
  C:2134H         LINE#         442
  C:2136H         LINE#         444
  C:2136H         LINE#         445
  C:2139H         LINE#         446
  C:2139H         LINE#         447
  C:2139H         LINE#         449
  C:2139H         LINE#         450
  C:2139H         LINE#         452
  C:2139H         LINE#         454
  C:213EH         LINE#         455
  C:213EH         LINE#         456
  C:2141H         LINE#         457
  C:2141H         LINE#         459
  C:2146H         LINE#         460
  C:2146H         LINE#         461
  C:2149H         LINE#         462
  C:2149H         LINE#         464
  C:214EH         LINE#         465
  C:214EH         LINE#         466
  C:2168H         LINE#         467
  C:2168H         LINE#         469
  C:216DH         LINE#         470
  C:216DH         LINE#         471
  C:216FH         LINE#         472
  C:2189H         LINE#         473
  C:2189H         LINE#         474
  -------         ENDPROC       USB_API_TEST_ISR
  -------         ENDMOD        MAIN

  -------         MODULE        MMC_SD
  C:0000H         SYMBOL        _ICE_DUMMY_
  D:00A2H         PUBLIC        SPI0CKR
  D:0080H         PUBLIC        P0
  D:0090H         PUBLIC        P1
  D:00A0H         PUBLIC        P2
  D:00B0H         PUBLIC        P3
  C:2FA1H         PUBLIC        _MMC_SD_SendCommand
  C:2E74H         PUBLIC        _MMC_SD_ReadSingleBlock
BL51 BANKED LINKER/LOCATER V6.22                                                      12/06/2018  17:13:14  PAGE 15


  C:351BH         PUBLIC        SD_Init
  C:2BC5H         PUBLIC        _MMC_SD_WriteSingleBlock
  B:00F8H.7       PUBLIC        SPIF
  B:00F8H.2       PUBLIC        NSSMD0
  C:242AH         PUBLIC        MMC_SD_Reset
  D:00A9H         PUBLIC        CLKSEL
  C:3546H         PUBLIC        SPI_ReadByte
  C:34D7H         PUBLIC        _SPI_WriteByte
  D:00A3H         PUBLIC        SPI0DAT
  X:0000H         PUBLIC        buffer
  C:34CBH         SYMBOL        L?0062
  C:34D0H         SYMBOL        L?0063
  -------         PROC          L?0061
  -------         ENDPROC       L?0061
  C:34CBH         SYMBOL        L?0062
  C:34D0H         SYMBOL        L?0063
  -------         PROC          _SPI_WRITEBYTE
  D:0007H         SYMBOL        val
  -------         DO            
  D:0007H         SYMBOL        ret
  -------         ENDDO         
  C:34D7H         LINE#         7
  C:34D7H         LINE#         8
  C:34D7H         LINE#         11
  C:34D9H         LINE#         12
  C:34DCH         LINE#         13
  C:34DEH         LINE#         14
  C:34E0H         LINE#         15
  C:34E0H         LINE#         16
  -------         ENDPROC       _SPI_WRITEBYTE
  -------         PROC          SPI_READBYTE
  -------         DO            
  D:0007H         SYMBOL        ret
  -------         ENDDO         
  C:3546H         LINE#         18
  C:3546H         LINE#         19
  C:3546H         LINE#         22
  C:3549H         LINE#         23
  C:354CH         LINE#         24
  C:354EH         LINE#         25
  C:3550H         LINE#         26
  C:3550H         LINE#         27
  -------         ENDPROC       SPI_READBYTE
  -------         PROC          _MMC_SD_SENDCOMMAND
  D:0006H         SYMBOL        cmd
  D:001AH         SYMBOL        arg
  -------         DO            
  D:0007H         SYMBOL        r1
  D:0003H         SYMBOL        retry
  -------         ENDDO         
  C:2FA1H         LINE#         30
  C:2FA3H         LINE#         31
  C:2FA3H         LINE#         33
  C:2FA5H         LINE#         35
  C:2FA5H         LINE#         36
  C:2FA5H         LINE#         37
  C:2FA8H         LINE#         38
BL51 BANKED LINKER/LOCATER V6.22                                                      12/06/2018  17:13:14  PAGE 16


  C:2FA8H         LINE#         39
  C:2FA8H         LINE#         40
  C:2FABH         LINE#         42
  C:2FADH         LINE#         44
  C:2FB4H         LINE#         45
  C:2FC4H         LINE#         46
  C:2FD4H         LINE#         47
  C:2FE4H         LINE#         48
  C:2FE9H         LINE#         49
  C:2FEEH         LINE#         51
  C:2FF6H         LINE#         52
  C:2FFFH         LINE#         54
  C:3001H         LINE#         56
  C:3001H         LINE#         57
  -------         ENDPROC       _MMC_SD_SENDCOMMAND
  -------         PROC          MMC_SD_RESET
  -------         DO            
  D:0005H         SYMBOL        i
  D:0002H         SYMBOL        retry
  D:0006H         SYMBOL        r1
  -------         ENDDO         
  C:242AH         LINE#         59
  C:242AH         LINE#         60
  C:242AH         LINE#         63
  C:242CH         LINE#         65
  C:242DH         LINE#         66
  C:2430H         LINE#         67
  C:2433H         LINE#         69
  C:2433H         LINE#         70
  C:243EH         LINE#         71
  C:244DH         LINE#         72
  C:244EH         LINE#         73
  C:2454H         LINE#         74
  C:2457H         LINE#         76
  C:2459H         LINE#         78
  C:2459H         LINE#         80
  C:2459H         LINE#         81
  C:2469H         LINE#         82
  C:246AH         LINE#         83
  C:2473H         LINE#         84
  C:2476H         LINE#         86
  C:2478H         LINE#         87
  C:2487H         LINE#         88
  C:2488H         LINE#         89
  C:2491H         LINE#         90
  C:2494H         LINE#         92
  C:2497H         LINE#         93
  C:2497H         LINE#         94
  C:2499H         LINE#         96
  C:2499H         LINE#         97
  C:24A9H         LINE#         98
  C:24AAH         LINE#         99
  C:24B3H         LINE#         100
  C:24B6H         LINE#         101
  C:24B6H         LINE#         102
  C:24C6H         LINE#         104
  C:24D5H         LINE#         105
BL51 BANKED LINKER/LOCATER V6.22                                                      12/06/2018  17:13:14  PAGE 17


  C:24D8H         LINE#         106
  C:24DBH         LINE#         107
  C:24DCH         LINE#         108
  -------         ENDPROC       MMC_SD_RESET
  -------         PROC          _MMC_SD_READSINGLEBLOCK
  D:0056H         SYMBOL        sector
  -------         DO            
  D:0007H         SYMBOL        r1
  D:0004H         SYMBOL        i
  D:0002H         SYMBOL        retry
  -------         ENDDO         
  C:2E74H         LINE#         110
  C:2E7CH         LINE#         111
  C:2E7CH         LINE#         114
  C:2E7EH         LINE#         116
  C:2E81H         LINE#         118
  C:2E81H         LINE#         119
  C:2E9BH         LINE#         120
  C:2E9CH         LINE#         121
  C:2EA5H         LINE#         122
  C:2EA8H         LINE#         125
  C:2EAAH         LINE#         127
  C:2EB0H         LINE#         129
  C:2EB3H         LINE#         130
  C:2EB3H         LINE#         131
  C:2EC2H         LINE#         132
  C:2ECFH         LINE#         134
  C:2ECFH         LINE#         135
  C:2ED2H         LINE#         137
  C:2ED4H         LINE#         138
  C:2ED7H         LINE#         139
  C:2ED8H         LINE#         140
  -------         ENDPROC       _MMC_SD_READSINGLEBLOCK
  -------         PROC          _MMC_SD_WRITESINGLEBLOCK
  D:0015H         SYMBOL        sector
  -------         DO            
  D:0006H         SYMBOL        r1
  D:0004H         SYMBOL        i
  D:0002H         SYMBOL        retry
  -------         ENDDO         
  C:2BC5H         LINE#         142
  C:2BCDH         LINE#         143
  C:2BCDH         LINE#         146
  C:2BCFH         LINE#         148
  C:2BD2H         LINE#         150
  C:2BD2H         LINE#         151
  C:2BEEH         LINE#         152
  C:2BEFH         LINE#         153
  C:2BF8H         LINE#         154
  C:2BFBH         LINE#         158
  C:2BFDH         LINE#         160
  C:2C02H         LINE#         162
  C:2C07H         LINE#         164
  C:2C09H         LINE#         165
  C:2C09H         LINE#         166
  C:2C18H         LINE#         167
  C:2C25H         LINE#         169
BL51 BANKED LINKER/LOCATER V6.22                                                      12/06/2018  17:13:14  PAGE 18


  C:2C25H         LINE#         170
  C:2C25H         LINE#         172
  C:2C2AH         LINE#         174
  C:2C31H         LINE#         175
  C:2C31H         LINE#         176
  C:2C33H         LINE#         177
  C:2C34H         LINE#         178
  C:2C34H         LINE#         180
  C:2C3CH         LINE#         182
  C:2C3EH         LINE#         183
  C:2C41H         LINE#         184
  C:2C42H         LINE#         185
  -------         ENDPROC       _MMC_SD_WRITESINGLEBLOCK
  -------         PROC          SD_INIT
  -------         DO            
  D:0001H         SYMBOL        n
  -------         ENDDO         
  C:351BH         LINE#         188
  C:351BH         LINE#         189
  C:351BH         LINE#         190
  C:351DH         LINE#         192
  C:3523H         LINE#         193
  C:3523H         LINE#         194
  C:3524H         LINE#         195
  C:352BH         LINE#         197
  -------         ENDPROC       SD_INIT
  -------         ENDMOD        MMC_SD

  -------         MODULE        LCD
  C:0000H         SYMBOL        _ICE_DUMMY_
  D:0080H         PUBLIC        P0
  C:2778H         PUBLIC        DispFrame
  D:0090H         PUBLIC        P1
  C:28A2H         PUBLIC        DispScaleVer_Green
  D:00A0H         PUBLIC        P2
  D:00B0H         PUBLIC        P3
  C:1983H         PUBLIC        DispBand
  C:349DH         PUBLIC        _WriteData
  C:008EH         PUBLIC        ascii
  C:1D42H         PUBLIC        _LCD_Read_IC_ID
  D:00A6H         PUBLIC        P2MDOUT
  C:3366H         PUBLIC        _DispColor
  C:2ED9H         PUBLIC        DispScaleVer_Blue
  C:2C43H         PUBLIC        _DrawGird
  C:2F3DH         PUBLIC        _DrawLine
  C:347FH         PUBLIC        _WriteComm
  C:32FFH         PUBLIC        _WriteDispData
  C:2B46H         PUBLIC        DispScaleVer_Gray
  B:00B0H.1       PUBLIC        RS
  B:00A0H.1       PUBLIC        SPI_CLK
  C:2AC7H         PUBLIC        DispScaleVer_Red
  C:21A4H         PUBLIC        DispScaleVer
  C:2653H         PUBLIC        _DispOneChar
  C:2E0AH         PUBLIC        DispGrayHor32
  C:29BCH         PUBLIC        DispGrayHor16
  C:280DH         PUBLIC        _DispInt
  C:3245H         PUBLIC        _PutPixel
BL51 BANKED LINKER/LOCATER V6.22                                                      12/06/2018  17:13:14  PAGE 19


  D:00A9H         PUBLIC        CLKSEL
  B:0090H.6       PUBLIC        RD0
  B:00B0H.0       PUBLIC        CS0
  D:0078H         PUBLIC        LCM_ID
  C:16BCH         PUBLIC        LCD_Init
  C:2A45H         PUBLIC        _DispStr
  B:0090H.7       PUBLIC        WR0
  C:134AH         PUBLIC        DispScaleHor1
  B:00A0H.0       PUBLIC        SPI_DI
  C:3551H         PUBLIC        _WriteOneDot
  C:1ACFH         PUBLIC        DispScaleHor2
  C:2375H         PUBLIC        _DispPicFromSD
  B:0080H.7       PUBLIC        DIR
  C:3002H         PUBLIC        _ToOrd
  B:0080H.5       PUBLIC        RST
  C:3508H         PUBLIC        ReadData
  C:26F9H         PUBLIC        _?BlockWrite
  -------         PROC          _LCD_READ_IC_ID
  D:0007H         SYMBOL        ID
  D:0004H         SYMBOL        Bug
  D:0003H         SYMBOL        flog
  -------         DO            
  D:0015H         SYMBOL        id
  D:0017H         SYMBOL        id1
  D:0019H         SYMBOL        temp
  D:0005H         SYMBOL        i
  D:0007H         SYMBOL        dat
  D:0001H         SYMBOL        id2
  D:001BH         SYMBOL        id3
  -------         ENDDO         
  C:1D42H         LINE#         35
  C:1D42H         LINE#         36
  C:1D42H         LINE#         39
  C:1D4BH         LINE#         40
  C:1D4BH         LINE#         42
  C:1D4EH         LINE#         43
  C:1D4EH         LINE#         44
  C:1D50H         LINE#         45
  C:1D52H         LINE#         46
  C:1D53H         LINE#         47
  C:1D53H         LINE#         48
  C:1D55H         LINE#         49
  C:1D5DH         LINE#         50
  C:1D5FH         LINE#         52
  C:1D61H         LINE#         53
  C:1D65H         LINE#         54
  C:1D69H         LINE#         55
  C:1D6CH         LINE#         58
  C:1D76H         LINE#         59
  C:1D76H         LINE#         60
  C:1D78H         LINE#         61
  C:1D78H         LINE#         62
  C:1D7AH         LINE#         63
  C:1D7CH         LINE#         64
  C:1D7EH         LINE#         65
  C:1D95H         LINE#         66
  C:1D97H         LINE#         67
BL51 BANKED LINKER/LOCATER V6.22                                                      12/06/2018  17:13:14  PAGE 20


  C:1D99H         LINE#         68
  C:1D9FH         LINE#         69
  C:1DA9H         LINE#         70
  C:1DA9H         LINE#         71
  C:1DABH         LINE#         72
  C:1DABH         LINE#         73
  C:1DADH         LINE#         74
  C:1DAFH         LINE#         75
  C:1DB1H         LINE#         76
  C:1DC8H         LINE#         77
  C:1DCAH         LINE#         78
  C:1DCCH         LINE#         79
  C:1DD0H         LINE#         80
  C:1DD0H         LINE#         82
  C:1DD2H         LINE#         83
  C:1DD2H         LINE#         84
  C:1DD4H         LINE#         85
  C:1DD6H         LINE#         86
  C:1DD8H         LINE#         87
  C:1DEFH         LINE#         88
  C:1DF1H         LINE#         89
  C:1DF3H         LINE#         90
  C:1DF7H         LINE#         92
  C:1DF9H         LINE#         93
  C:1DF9H         LINE#         94
  C:1DFBH         LINE#         95
  C:1DFDH         LINE#         96
  C:1DFFH         LINE#         97
  C:1E09H         LINE#         98
  C:1E0BH         LINE#         99
  C:1E0DH         LINE#         100
  C:1E11H         LINE#         102
  C:1E13H         LINE#         103
  C:1E13H         LINE#         104
  C:1E15H         LINE#         105
  C:1E17H         LINE#         106
  C:1E19H         LINE#         107
  C:1E25H         LINE#         108
  C:1E27H         LINE#         109
  C:1E29H         LINE#         110
  C:1E2DH         LINE#         111
  C:1E30H         LINE#         112
  C:1E32H         LINE#         113
  C:1E34H         LINE#         114
  C:1E36H         LINE#         115
  C:1E38H         LINE#         116
  C:1E3AH         LINE#         117
  C:1E3CH         LINE#         119
  C:1E3FH         LINE#         120
  C:1E3FH         LINE#         121
  C:1E49H         LINE#         123
  C:1E53H         LINE#         124
  C:1E53H         LINE#         125
  C:1E53H         LINE#         127
  C:1E58H         LINE#         128
  C:1E58H         LINE#         129
  C:1E63H         LINE#         130
BL51 BANKED LINKER/LOCATER V6.22                                                      12/06/2018  17:13:14  PAGE 21


  C:1E63H         LINE#         132
  C:1E63H         LINE#         133
  C:1E65H         LINE#         134
  C:1E69H         LINE#         135
  -------         ENDPROC       _LCD_READ_IC_ID
  -------         PROC          _WRITECOMM
  D:0004H         SYMBOL        i
  -------         DO            
  D:002DH         SYMBOL        j
  D:0007H         SYMBOL        DataH
  -------         ENDDO         
  C:347FH         LINE#         137
  C:3483H         LINE#         138
  C:3483H         LINE#         140
  C:3484H         LINE#         141
  C:3486H         LINE#         152
  C:3486H         LINE#         153
  C:3488H         LINE#         154
  C:348AH         LINE#         155
  C:348CH         LINE#         156
  C:348EH         LINE#         157
  C:3490H         LINE#         158
  C:3492H         LINE#         159
  C:3494H         LINE#         160
  C:3496H         LINE#         161
  C:3496H         LINE#         254
  C:3498H         LINE#         255
  -------         ENDPROC       _WRITECOMM
  -------         PROC          L?0466
  -------         ENDPROC       L?0466
  -------         PROC          _WRITEDATA
  D:0004H         SYMBOL        i
  -------         DO            
  D:002DH         SYMBOL        j
  D:002EH         SYMBOL        DataH
  -------         ENDDO         
  C:349DH         LINE#         257
  C:349FH         LINE#         258
  C:349FH         LINE#         260
  C:34A2H         LINE#         261
  C:34A4H         LINE#         272
  C:34A4H         LINE#         273
  C:34A6H         LINE#         274
  C:34A8H         LINE#         282
  C:34ABH         LINE#         283
  C:34ADH         LINE#         284
  C:34AFH         LINE#         285
  C:34AFH         LINE#         448
  C:34B1H         LINE#         449
  -------         ENDPROC       _WRITEDATA
  C:32EAH         SYMBOL        L?0464
  -------         PROC          L?0463
  -------         ENDPROC       L?0463
  C:32EAH         SYMBOL        L?0464
  -------         PROC          _WRITEDISPDATA
  D:0007H         SYMBOL        DataH
  D:0005H         SYMBOL        DataL
BL51 BANKED LINKER/LOCATER V6.22                                                      12/06/2018  17:13:14  PAGE 22


  -------         DO            
  D:002DH         SYMBOL        j
  -------         ENDDO         
  C:32FFH         LINE#         451
  C:32FFH         LINE#         452
  C:32FFH         LINE#         454
  C:3301H         LINE#         468
  C:3301H         LINE#         469
  C:3303H         LINE#         470
  C:3305H         LINE#         471
  C:3307H         LINE#         472
  C:3309H         LINE#         473
  C:330BH         LINE#         474
  C:330DH         LINE#         475
  C:330FH         LINE#         476
  C:3311H         LINE#         477
  C:3311H         LINE#         573
  C:3313H         LINE#         574
  -------         ENDPROC       _WRITEDISPDATA
  -------         PROC          _WRITEONEDOT
  D:0004H         SYMBOL        color
  C:3551H         LINE#         576
  C:3555H         LINE#         577
  C:3555H         LINE#         591
  -------         ENDPROC       _WRITEONEDOT
  -------         PROC          LCD_INIT
  C:16BCH         LINE#         599
  C:16BCH         LINE#         600
  C:16BCH         LINE#         601
  C:16BFH         LINE#         604
  C:16C1H         LINE#         605
  C:16C8H         LINE#         607
  C:16CAH         LINE#         608
  C:16D1H         LINE#         610
  C:16D3H         LINE#         611
  C:16DAH         LINE#         3611
  C:16E1H         LINE#         3612
  C:16E6H         LINE#         3614
  C:16EDH         LINE#         3615
  C:16F2H         LINE#         3617
  C:16F7H         LINE#         3618
  C:16FCH         LINE#         3620
  C:1701H         LINE#         3621
  C:1706H         LINE#         3622
  C:170BH         LINE#         3623
  C:170EH         LINE#         3624
  C:1711H         LINE#         3625
  C:1716H         LINE#         3627
  C:171BH         LINE#         3628
  C:1720H         LINE#         3629
  C:1723H         LINE#         3630
  C:1726H         LINE#         3631
  C:172BH         LINE#         3633
  C:1730H         LINE#         3634
  C:1735H         LINE#         3635
  C:1738H         LINE#         3636
  C:173DH         LINE#         3637
BL51 BANKED LINKER/LOCATER V6.22                                                      12/06/2018  17:13:14  PAGE 23


  C:1742H         LINE#         3638
  C:1745H         LINE#         3640
  C:174AH         LINE#         3641
  C:174FH         LINE#         3643
  C:1754H         LINE#         3644
  C:1759H         LINE#         3646
  C:175EH         LINE#         3647
  C:1763H         LINE#         3649
  C:1768H         LINE#         3650
  C:176DH         LINE#         3652
  C:1772H         LINE#         3653
  C:1777H         LINE#         3655
  C:177CH         LINE#         3656
  C:1781H         LINE#         3658
  C:1786H         LINE#         3659
  C:178BH         LINE#         3661
  C:1790H         LINE#         3662
  C:1795H         LINE#         3663
  C:179AH         LINE#         3665
  C:179FH         LINE#         3666
  C:17A4H         LINE#         3667
  C:17A9H         LINE#         3668
  C:17AEH         LINE#         3669
  C:17B3H         LINE#         3670
  C:17B8H         LINE#         3671
  C:17BDH         LINE#         3672
  C:17C2H         LINE#         3673
  C:17C7H         LINE#         3674
  C:17CCH         LINE#         3675
  C:17D1H         LINE#         3676
  C:17D6H         LINE#         3677
  C:17DAH         LINE#         3678
  C:17DFH         LINE#         3679
  C:17E4H         LINE#         3681
  C:17E9H         LINE#         3682
  C:17EEH         LINE#         3683
  C:17F3H         LINE#         3684
  C:17F8H         LINE#         3685
  C:17FDH         LINE#         3686
  C:1802H         LINE#         3687
  C:1805H         LINE#         3688
  C:180AH         LINE#         3689
  C:180FH         LINE#         3690
  C:1814H         LINE#         3691
  C:1819H         LINE#         3692
  C:181EH         LINE#         3693
  C:1823H         LINE#         3694
  C:1828H         LINE#         3695
  C:182DH         LINE#         3701
  -------         ENDPROC       LCD_INIT
  C:26E2H         SYMBOL        L?0462
  -------         PROC          L?0461
  -------         ENDPROC       L?0461
  C:26E2H         SYMBOL        L?0462
  -------         PROC          _?BLOCKWRITE
  i:0000H         SYMBOL        Xstart
  i:0002H         SYMBOL        Xend
BL51 BANKED LINKER/LOCATER V6.22                                                      12/06/2018  17:13:14  PAGE 24


  i:0004H         SYMBOL        Ystart
  i:0006H         SYMBOL        Yend
  C:26F9H         LINE#         4059
  C:271AH         LINE#         4164
  C:2721H         LINE#         4165
  C:2728H         LINE#         4166
  C:2730H         LINE#         4167
  C:273BH         LINE#         4168
  C:2745H         LINE#         4170
  C:274AH         LINE#         4171
  C:2754H         LINE#         4172
  C:275BH         LINE#         4173
  C:2765H         LINE#         4174
  C:276CH         LINE#         4180
  C:2771H         LINE#         4184
  -------         ENDPROC       _?BLOCKWRITE
  -------         PROC          _DISPCOLOR
  D:0004H         SYMBOL        color
  -------         DO            
  D:0002H         SYMBOL        i
  D:000CH         SYMBOL        DataH
  D:000DH         SYMBOL        DataL
  D:0006H         SYMBOL        m
  -------         ENDDO         
  C:3366H         LINE#         4186
  C:3368H         LINE#         4187
  C:3368H         LINE#         4190
  C:336DH         LINE#         4192
  C:3370H         LINE#         4194
  C:3372H         LINE#         4195
  C:3372H         LINE#         4196
  C:3372H         LINE#         4197
  C:3374H         LINE#         4198
  C:3374H         LINE#         4199
  C:337BH         LINE#         4200
  C:337FH         LINE#         4201
  C:338AH         LINE#         4203
  C:338CH         LINE#         4204
  -------         ENDPROC       _DISPCOLOR
  -------         PROC          DISPBAND
  -------         DO            
  D:0002H         SYMBOL        i
  D:000CH         SYMBOL        j
  D:000DH         SYMBOL        k
  D:000EH         SYMBOL        m
  D:000FH         SYMBOL        n
  D:0010H         SYMBOL        x
  -------         ENDDO         
  C:1983H         LINE#         4206
  C:1983H         LINE#         4207
  C:1983H         LINE#         4211
  C:1989H         LINE#         4212
  C:198FH         LINE#         4213
  C:1991H         LINE#         4216
  C:19A6H         LINE#         4217
  C:19AFH         LINE#         4218
  C:19AFH         LINE#         4219
BL51 BANKED LINKER/LOCATER V6.22                                                      12/06/2018  17:13:14  PAGE 25


  C:19C4H         LINE#         4220
  C:19D9H         LINE#         4221
  C:19FCH         LINE#         4222
  C:1A03H         LINE#         4223
  C:1A0FH         LINE#         4224
  C:1A0FH         LINE#         4225
  C:1A24H         LINE#         4226
  C:1A39H         LINE#         4227
  C:1A5CH         LINE#         4228
  C:1A63H         LINE#         4229
  C:1A75H         LINE#         4230
  C:1A75H         LINE#         4231
  C:1A8AH         LINE#         4232
  C:1A9FH         LINE#         4233
  C:1AC2H         LINE#         4234
  C:1AC9H         LINE#         4235
  C:1ACBH         LINE#         4236
  C:1ACEH         LINE#         4237
  -------         ENDPROC       DISPBAND
  -------         PROC          DISPFRAME
  -------         DO            
  D:0002H         SYMBOL        i
  D:0082H         SYMBOL        j
  D:0006H         SYMBOL        DataH
  D:0004H         SYMBOL        DataL
  -------         ENDDO         
  C:2778H         LINE#         4239
  C:2778H         LINE#         4240
  C:2778H         LINE#         4243
  C:277BH         LINE#         4245
  C:277DH         LINE#         4248
  C:2787H         LINE#         4251
  C:2787H         LINE#         4252
  C:2787H         LINE#         4254
  C:2792H         LINE#         4256
  C:279DH         LINE#         4258
  C:27A7H         LINE#         4260
  C:27ABH         LINE#         4261
  C:27ABH         LINE#         4263
  C:27B5H         LINE#         4265
  C:27B7H         LINE#         4266
  C:27B7H         LINE#         4268
  C:27BFH         LINE#         4270
  C:27CAH         LINE#         4273
  C:27D4H         LINE#         4275
  C:27DFH         LINE#         4277
  C:27E9H         LINE#         4279
  C:27EBH         LINE#         4280
  C:27EBH         LINE#         4282
  C:27F6H         LINE#         4284
  C:2801H         LINE#         4286
  C:2808H         LINE#         4289
  C:280AH         LINE#         4290
  C:280CH         LINE#         4291
  -------         ENDPROC       DISPFRAME
  -------         PROC          _DISPPICFROMSD
  D:003FH         SYMBOL        PicNum
BL51 BANKED LINKER/LOCATER V6.22                                                      12/06/2018  17:13:14  PAGE 26


  -------         DO            
  D:0040H         SYMBOL        Address_S
  D:0044H         SYMBOL        Address_E
  D:0002H         SYMBOL        i
  D:0048H         SYMBOL        k
  -------         ENDDO         
  C:2375H         LINE#         4313
  C:2377H         LINE#         4314
  C:2377H         LINE#         4320
  C:237AH         LINE#         4323
  C:237CH         LINE#         4325
  C:237EH         LINE#         4327
  C:2389H         LINE#         4328
  C:23AAH         LINE#         4329
  C:23C2H         LINE#         4330
  C:23D8H         LINE#         4331
  C:23D8H         LINE#         4332
  C:23E3H         LINE#         4334
  C:23ECH         LINE#         4335
  C:23ECH         LINE#         4337
  C:2407H         LINE#         4338
  C:2410H         LINE#         4339
  C:2427H         LINE#         4341
  C:2429H         LINE#         4379
  -------         ENDPROC       _DISPPICFROMSD
  -------         PROC          DISPSCALEHOR1
  -------         DO            
  D:005AH         SYMBOL        i
  D:005CH         SYMBOL        j
  D:0002H         SYMBOL        k
  -------         ENDDO         
  C:134AH         LINE#         4383
  C:134AH         LINE#         4384
  C:134AH         LINE#         4387
  C:134DH         LINE#         4390
  C:134DH         LINE#         4391
  C:134DH         LINE#         4392
  C:1369H         LINE#         4393
  C:136EH         LINE#         4394
  C:136EH         LINE#         4395
  C:1373H         LINE#         4396
  C:1373H         LINE#         4397
  C:1386H         LINE#         4398
  C:1397H         LINE#         4399
  C:13A8H         LINE#         4401
  C:13B3H         LINE#         4404
  C:13B6H         LINE#         4405
  C:13B6H         LINE#         4406
  C:13D2H         LINE#         4407
  C:13D7H         LINE#         4408
  C:13D7H         LINE#         4409
  C:13DCH         LINE#         4410
  C:13DCH         LINE#         4411
  C:1406H         LINE#         4412
  C:1417H         LINE#         4413
  C:1428H         LINE#         4414
  C:1433H         LINE#         4417
BL51 BANKED LINKER/LOCATER V6.22                                                      12/06/2018  17:13:14  PAGE 27


  C:1436H         LINE#         4418
  C:1436H         LINE#         4419
  C:1452H         LINE#         4420
  C:1457H         LINE#         4421
  C:1457H         LINE#         4422
  C:145CH         LINE#         4423
  C:145CH         LINE#         4424
  C:1463H         LINE#         4425
  C:1474H         LINE#         4426
  C:1485H         LINE#         4427
  C:1490H         LINE#         4430
  C:1493H         LINE#         4431
  C:1493H         LINE#         4432
  C:14AFH         LINE#         4433
  C:14B4H         LINE#         4434
  C:14B4H         LINE#         4435
  C:14B9H         LINE#         4436
  C:14B9H         LINE#         4437
  C:14E5H         LINE#         4438
  C:14F6H         LINE#         4439
  C:1507H         LINE#         4440
  C:1512H         LINE#         4441
  C:1514H         LINE#         4442
  -------         ENDPROC       DISPSCALEHOR1
  -------         PROC          DISPSCALEVER
  -------         DO            
  D:005EH         SYMBOL        i
  D:0060H         SYMBOL        j
  D:0002H         SYMBOL        k
  -------         ENDDO         
  C:21A4H         LINE#         4444
  C:21A4H         LINE#         4445
  C:21A4H         LINE#         4514
  C:21A7H         LINE#         4516
  C:21ADH         LINE#         4517
  C:21ADH         LINE#         4518
  C:21B2H         LINE#         4519
  C:21B2H         LINE#         4520
  C:21B8H         LINE#         4521
  C:21C9H         LINE#         4522
  C:21D0H         LINE#         4524
  C:21D3H         LINE#         4525
  C:21D3H         LINE#         4527
  C:21D8H         LINE#         4528
  C:21D8H         LINE#         4530
  C:21DDH         LINE#         4531
  C:21DDH         LINE#         4532
  C:21EFH         LINE#         4533
  C:2200H         LINE#         4535
  C:2205H         LINE#         4536
  C:2205H         LINE#         4537
  C:222DH         LINE#         4538
  C:223EH         LINE#         4540
  C:2243H         LINE#         4541
  C:2243H         LINE#         4542
  C:224AH         LINE#         4543
  C:225BH         LINE#         4545
BL51 BANKED LINKER/LOCATER V6.22                                                      12/06/2018  17:13:14  PAGE 28


  C:2260H         LINE#         4546
  C:2260H         LINE#         4547
  C:2274H         LINE#         4548
  C:2285H         LINE#         4550
  C:2299H         LINE#         4552
  C:22A7H         LINE#         4554
  -------         ENDPROC       DISPSCALEVER
  -------         PROC          DISPSCALEVER_RED
  -------         DO            
  D:0062H         SYMBOL        i
  D:0064H         SYMBOL        j
  D:0002H         SYMBOL        k
  -------         ENDDO         
  C:2AC7H         LINE#         4556
  C:2AC7H         LINE#         4557
  C:2AC7H         LINE#         4560
  C:2ACAH         LINE#         4562
  C:2ACCH         LINE#         4564
  C:2ACEH         LINE#         4567
  C:2AD4H         LINE#         4568
  C:2AD4H         LINE#         4569
  C:2AD9H         LINE#         4570
  C:2AD9H         LINE#         4571
  C:2ADFH         LINE#         4572
  C:2AF0H         LINE#         4573
  C:2AF7H         LINE#         4575
  C:2AFAH         LINE#         4576
  C:2AFAH         LINE#         4577
  C:2AFFH         LINE#         4578
  C:2AFFH         LINE#         4580
  C:2B04H         LINE#         4581
  C:2B04H         LINE#         4582
  C:2B16H         LINE#         4583
  C:2B27H         LINE#         4584
  C:2B38H         LINE#         4586
  C:2B43H         LINE#         4588
  C:2B45H         LINE#         4589
  -------         ENDPROC       DISPSCALEVER_RED
  -------         PROC          DISPSCALEVER_GREEN
  -------         DO            
  D:0066H         SYMBOL        i
  D:0068H         SYMBOL        j
  D:0002H         SYMBOL        k
  -------         ENDDO         
  C:28A2H         LINE#         4591
  C:28A2H         LINE#         4592
  C:28A2H         LINE#         4595
  C:28A5H         LINE#         4597
  C:28A7H         LINE#         4598
  C:28A9H         LINE#         4601
  C:28AFH         LINE#         4602
  C:28AFH         LINE#         4603
  C:28B4H         LINE#         4604
  C:28B4H         LINE#         4605
  C:28BAH         LINE#         4607
  C:28CBH         LINE#         4608
  C:28D2H         LINE#         4610
BL51 BANKED LINKER/LOCATER V6.22                                                      12/06/2018  17:13:14  PAGE 29


  C:28D5H         LINE#         4611
  C:28D5H         LINE#         4612
  C:28DAH         LINE#         4613
  C:28DAH         LINE#         4615
  C:28DFH         LINE#         4616
  C:28DFH         LINE#         4618
  C:2900H         LINE#         4619
  C:2911H         LINE#         4620
  C:2922H         LINE#         4622
  C:292DH         LINE#         4624
  C:292FH         LINE#         4625
  -------         ENDPROC       DISPSCALEVER_GREEN
  -------         PROC          DISPSCALEVER_BLUE
  -------         DO            
  D:0076H         SYMBOL        i
  D:0082H         SYMBOL        j
  D:0002H         SYMBOL        k
  -------         ENDDO         
  C:2ED9H         LINE#         4627
  C:2ED9H         LINE#         4628
  C:2ED9H         LINE#         4631
  C:2EDCH         LINE#         4633
  C:2EDEH         LINE#         4634
  C:2EE0H         LINE#         4637
  C:2EE6H         LINE#         4638
  C:2EE6H         LINE#         4639
  C:2EEBH         LINE#         4640
  C:2EEBH         LINE#         4641
  C:2EF1H         LINE#         4642
  C:2EFAH         LINE#         4643
  C:2F01H         LINE#         4645
  C:2F04H         LINE#         4646
  C:2F04H         LINE#         4647
  C:2F09H         LINE#         4648
  C:2F09H         LINE#         4650
  C:2F0EH         LINE#         4651
  C:2F0EH         LINE#         4652
  C:2F15H         LINE#         4653
  C:2F1EH         LINE#         4654
  C:2F2FH         LINE#         4656
  C:2F3AH         LINE#         4658
  C:2F3CH         LINE#         4659
  -------         ENDPROC       DISPSCALEVER_BLUE
  -------         PROC          DISPSCALEVER_GRAY
  -------         DO            
  D:006AH         SYMBOL        i
  D:006CH         SYMBOL        j
  D:0002H         SYMBOL        k
  -------         ENDDO         
  C:2B46H         LINE#         4661
  C:2B46H         LINE#         4662
  C:2B46H         LINE#         4665
  C:2B49H         LINE#         4667
  C:2B4BH         LINE#         4672
  C:2B51H         LINE#         4673
  C:2B51H         LINE#         4674
  C:2B56H         LINE#         4675
BL51 BANKED LINKER/LOCATER V6.22                                                      12/06/2018  17:13:14  PAGE 30


  C:2B56H         LINE#         4676
  C:2B5CH         LINE#         4678
  C:2B6DH         LINE#         4679
  C:2B74H         LINE#         4681
  C:2B77H         LINE#         4682
  C:2B77H         LINE#         4683
  C:2B7CH         LINE#         4684
  C:2B7CH         LINE#         4686
  C:2B81H         LINE#         4687
  C:2B81H         LINE#         4688
  C:2B95H         LINE#         4689
  C:2BA6H         LINE#         4690
  C:2BB7H         LINE#         4692
  C:2BC2H         LINE#         4694
  C:2BC4H         LINE#         4695
  -------         ENDPROC       DISPSCALEVER_GRAY
  -------         PROC          DISPGRAYHOR16
  -------         DO            
  D:000CH         SYMBOL        i
  D:0002H         SYMBOL        j
  D:000EH         SYMBOL        k
  -------         ENDDO         
  C:29BCH         LINE#         4697
  C:29BCH         LINE#         4698
  C:29BCH         LINE#         4701
  C:29BFH         LINE#         4703
  C:29C1H         LINE#         4704
  C:29C3H         LINE#         4706
  C:29C8H         LINE#         4707
  C:29C8H         LINE#         4708
  C:29D1H         LINE#         4709
  C:29D1H         LINE#         4710
  C:29D7H         LINE#         4711
  C:29DEH         LINE#         4713
  C:29E1H         LINE#         4714
  C:29E1H         LINE#         4715
  C:29E6H         LINE#         4716
  C:29E6H         LINE#         4717
  C:2A15H         LINE#         4718
  C:2A26H         LINE#         4719
  C:2A31H         LINE#         4720
  C:2A42H         LINE#         4722
  C:2A44H         LINE#         4723
  -------         ENDPROC       DISPGRAYHOR16
  -------         PROC          DISPGRAYHOR32
  -------         DO            
  D:006EH         SYMBOL        i
  D:0002H         SYMBOL        j
  D:0070H         SYMBOL        k
  -------         ENDDO         
  C:2E0AH         LINE#         4725
  C:2E0AH         LINE#         4726
  C:2E0AH         LINE#         4729
  C:2E0DH         LINE#         4731
  C:2E0FH         LINE#         4733
  C:2E14H         LINE#         4734
  C:2E14H         LINE#         4735
BL51 BANKED LINKER/LOCATER V6.22                                                      12/06/2018  17:13:14  PAGE 31


  C:2E17H         LINE#         4736
  C:2E17H         LINE#         4737
  C:2E1DH         LINE#         4738
  C:2E28H         LINE#         4740
  C:2E2BH         LINE#         4741
  C:2E2BH         LINE#         4742
  C:2E30H         LINE#         4743
  C:2E30H         LINE#         4744
  C:2E44H         LINE#         4745
  C:2E55H         LINE#         4746
  C:2E60H         LINE#         4747
  C:2E71H         LINE#         4749
  C:2E73H         LINE#         4750
  -------         ENDPROC       DISPGRAYHOR32
  -------         PROC          DISPSCALEHOR2
  -------         DO            
  D:0082H         SYMBOL        j
  D:0002H         SYMBOL        k
  -------         ENDDO         
  C:1ACFH         LINE#         4752
  C:1ACFH         LINE#         4753
  C:1ACFH         LINE#         4756
  C:1AD2H         LINE#         4758
  C:1AD2H         LINE#         4759
  C:1AD2H         LINE#         4760
  C:1AD7H         LINE#         4761
  C:1AE7H         LINE#         4762
  C:1AF2H         LINE#         4763
  C:1AF5H         LINE#         4764
  C:1AF5H         LINE#         4765
  C:1AFAH         LINE#         4766
  C:1B0AH         LINE#         4767
  C:1B15H         LINE#         4768
  C:1B18H         LINE#         4769
  C:1B18H         LINE#         4770
  C:1B1DH         LINE#         4771
  C:1B2DH         LINE#         4772
  C:1B38H         LINE#         4773
  C:1B3BH         LINE#         4774
  C:1B3BH         LINE#         4775
  C:1B40H         LINE#         4776
  C:1B50H         LINE#         4777
  C:1B5BH         LINE#         4778
  C:1B5EH         LINE#         4779
  C:1B5EH         LINE#         4780
  C:1B63H         LINE#         4781
  C:1B73H         LINE#         4782
  C:1B7EH         LINE#         4783
  C:1B81H         LINE#         4784
  C:1B81H         LINE#         4785
  C:1B86H         LINE#         4786
  C:1B96H         LINE#         4787
  C:1BA1H         LINE#         4788
  C:1BA4H         LINE#         4789
  C:1BA4H         LINE#         4790
  C:1BA9H         LINE#         4791
  C:1BB9H         LINE#         4792
BL51 BANKED LINKER/LOCATER V6.22                                                      12/06/2018  17:13:14  PAGE 32


  C:1BC4H         LINE#         4793
  C:1BC7H         LINE#         4794
  C:1BC7H         LINE#         4795
  C:1BCCH         LINE#         4796
  C:1BDBH         LINE#         4797
  C:1BE6H         LINE#         4798
  C:1BEFH         LINE#         4799
  C:1BEFH         LINE#         4800
  C:1BF4H         LINE#         4801
  C:1C03H         LINE#         4802
  C:1C0AH         LINE#         4804
  -------         ENDPROC       DISPSCALEHOR2
  -------         PROC          _TOORD
  D:0007H         SYMBOL        ch
  C:3002H         LINE#         4909
  C:3002H         LINE#         4910
  C:3002H         LINE#         4911
  C:3008H         LINE#         4912
  C:3008H         LINE#         4913
  C:300AH         LINE#         4914
  C:300CH         LINE#         4915
  C:3018H         LINE#         4916
  C:3018H         LINE#         4917
  C:301CH         LINE#         4918
  C:301EH         LINE#         4919
  C:302AH         LINE#         4920
  C:302AH         LINE#         4921
  C:302EH         LINE#         4922
  C:3030H         LINE#         4923
  C:303CH         LINE#         4924
  C:303CH         LINE#         4925
  C:3040H         LINE#         4926
  C:3042H         LINE#         4927
  C:304EH         LINE#         4928
  C:304EH         LINE#         4929
  C:3052H         LINE#         4930
  C:3054H         LINE#         4931
  C:305AH         LINE#         4932
  C:305AH         LINE#         4933
  C:305CH         LINE#         4934
  C:305CH         LINE#         4936
  C:305CH         LINE#         4937
  -------         ENDPROC       _TOORD
  -------         PROC          L?0465
  -------         ENDPROC       L?0465
  -------         PROC          _DISPONECHAR
  D:0020H         SYMBOL        ord
  D:0006H         SYMBOL        Xstart
  D:0002H         SYMBOL        Ystart
  D:0025H         SYMBOL        TextColor
  D:0027H         SYMBOL        BackColor
  -------         DO            
  D:0029H         SYMBOL        i
  D:0002H         SYMBOL        j
  D:002AH         SYMBOL        p
  D:0003H         SYMBOL        dat
  D:0006H         SYMBOL        index
BL51 BANKED LINKER/LOCATER V6.22                                                      12/06/2018  17:13:14  PAGE 33


  -------         ENDDO         
  C:2653H         LINE#         4939
  C:2659H         LINE#         4940
  C:2659H         LINE#         4946
  C:2673H         LINE#         4948
  C:2677H         LINE#         4950
  C:2680H         LINE#         4951
  C:2682H         LINE#         4953
  C:2690H         LINE#         4955
  C:2699H         LINE#         4956
  C:26A3H         LINE#         4958
  C:26A6H         LINE#         4959
  C:26A6H         LINE#         4960
  C:26B8H         LINE#         4961
  C:26BAH         LINE#         4962
  C:26BAH         LINE#         4963
  C:26C7H         LINE#         4964
  C:26C7H         LINE#         4965
  C:26CBH         LINE#         4966
  C:26CDH         LINE#         4968
  C:26CDH         LINE#         4969
  C:26D4H         LINE#         4970
  C:26D4H         LINE#         4971
  C:26D8H         LINE#         4972
  C:26E1H         LINE#         4973
  -------         ENDPROC       _DISPONECHAR
  -------         PROC          _DISPSTR
  D:0015H         SYMBOL        str
  D:0018H         SYMBOL        Xstart
  D:001AH         SYMBOL        Ystart
  D:001CH         SYMBOL        TextColor
  D:001EH         SYMBOL        BackColor
  C:2A45H         LINE#         4975
  C:2A4FH         LINE#         4976
  C:2A4FH         LINE#         4978
  C:2A60H         LINE#         4979
  C:2A60H         LINE#         4980
  C:2A8CH         LINE#         4982
  C:2A97H         LINE#         4983
  C:2A97H         LINE#         4984
  C:2A9CH         LINE#         4985
  C:2AA7H         LINE#         4986
  C:2AA9H         LINE#         4988
  C:2AA9H         LINE#         4989
  C:2AB4H         LINE#         4990
  C:2AB4H         LINE#         4992
  C:2ABFH         LINE#         4993
  C:2ABFH         LINE#         4994
  C:2AC4H         LINE#         4995
  C:2AC4H         LINE#         4996
  C:2AC6H         LINE#         4998
  -------         ENDPROC       _DISPSTR
  -------         PROC          _DISPINT
  D:0015H         SYMBOL        i
  D:0017H         SYMBOL        Xstart
  D:0019H         SYMBOL        Ystart
  D:001BH         SYMBOL        TextColor
BL51 BANKED LINKER/LOCATER V6.22                                                      12/06/2018  17:13:14  PAGE 34


  D:001DH         SYMBOL        BackColor
  C:280DH         LINE#         5000
  C:2819H         LINE#         5001
  C:2819H         LINE#         5002
  C:2824H         LINE#         5003
  C:2824H         LINE#         5004
  C:282AH         LINE#         5005
  C:282AH         LINE#         5006
  C:2835H         LINE#         5007
  C:2835H         LINE#         5008
  C:2841H         LINE#         5009
  C:2841H         LINE#         5011
  C:285EH         LINE#         5012
  C:286AH         LINE#         5013
  C:2881H         LINE#         5014
  -------         ENDPROC       _DISPINT
  -------         PROC          READDATA
  C:3508H         LINE#         5022
  C:3508H         LINE#         5023
  C:3508H         LINE#         5043
  C:3517H         LINE#         5050
  C:351AH         LINE#         5051
  -------         ENDPROC       READDATA
  -------         PROC          _PUTPIXEL
  D:0006H         SYMBOL        x
  D:0004H         SYMBOL        y
  D:000CH         SYMBOL        color
  C:3245H         LINE#         5227
  C:3249H         LINE#         5228
  C:3249H         LINE#         5229
  C:3267H         LINE#         5230
  C:326FH         LINE#         5231
  C:3277H         LINE#         5232
  C:327FH         LINE#         5233
  -------         ENDPROC       _PUTPIXEL
  -------         PROC          _DRAWLINE
  D:004CH         SYMBOL        Xstart
  D:004EH         SYMBOL        Xend
  D:0050H         SYMBOL        Ystart
  D:0052H         SYMBOL        Yend
  D:0054H         SYMBOL        color
  -------         DO            
  D:0002H         SYMBOL        i
  D:0082H         SYMBOL        j
  -------         ENDDO         
  C:2F3DH         LINE#         5236
  C:2F49H         LINE#         5237
  C:2F49H         LINE#         5240
  C:2F63H         LINE#         5242
  C:2F77H         LINE#         5243
  C:2F77H         LINE#         5244
  C:2F8FH         LINE#         5245
  C:2F8FH         LINE#         5246
  C:2F96H         LINE#         5247
  C:2F99H         LINE#         5248
  C:2FA0H         LINE#         5249
  -------         ENDPROC       _DRAWLINE
BL51 BANKED LINKER/LOCATER V6.22                                                      12/06/2018  17:13:14  PAGE 35


  -------         PROC          _DRAWGIRD
  D:0072H         SYMBOL        color
  -------         DO            
  D:0074H         SYMBOL        i
  -------         ENDDO         
  C:2C43H         LINE#         5251
[...]
  C:122AH         LINE#         292
  C:122CH         LINE#         293
  C:122CH         LINE#         294
  C:122FH         LINE#         295
  C:1231H         LINE#         296
  C:1231H         LINE#         297
  C:1234H         LINE#         298
  C:1236H         LINE#         299
  C:1236H         LINE#         300
  C:1239H         LINE#         301
  C:123BH         LINE#         302
  C:123BH         LINE#         303
  C:123EH         LINE#         304
  C:1240H         LINE#         305
  C:1240H         LINE#         306
  C:1243H         LINE#         307
  C:1245H         LINE#         308
  C:1245H         LINE#         309
  C:1248H         LINE#         310
  C:1248H         LINE#         311
  C:1248H         LINE#         312
  C:1248H         LINE#         313
  C:1248H         LINE#         314
  C:1253H         LINE#         315
  C:1253H         LINE#         316
  C:1259H         LINE#         317
  C:1268H         LINE#         318
BL51 BANKED LINKER/LOCATER V6.22                                                      12/06/2018  17:13:14  PAGE 41


  C:1268H         LINE#         319
  C:126DH         LINE#         320
  C:1270H         LINE#         321
  C:127FH         LINE#         322
  C:127FH         LINE#         323
  C:1294H         LINE#         324
  C:1299H         LINE#         325
  C:12A1H         LINE#         326
  C:12ABH         LINE#         327
  C:12B9H         LINE#         328
  C:12C7H         LINE#         329
  C:12C9H         LINE#         331
  C:12C9H         LINE#         332
  C:12CEH         LINE#         333
  C:12D1H         LINE#         334
  C:12E9H         LINE#         335
  C:12E9H         LINE#         336
  C:1302H         LINE#         337
  C:1307H         LINE#         338
  C:130FH         LINE#         339
  C:1316H         LINE#         340
  C:131BH         LINE#         341
  C:131BH         LINE#         342
  C:132FH         LINE#         343
  C:132FH         LINE#         344
  C:1336H         LINE#         345
  C:133BH         LINE#         346
  C:133BH         LINE#         347
  C:1349H         LINE#         348
  C:1349H         LINE#         349
  -------         ENDPROC       USBXCORE_HANDLE_SETUP
  -------         PROC          USBXCORE_FORCE_STALL
  C:3462H         LINE#         356
  C:3462H         LINE#         358
  C:346DH         LINE#         359
  C:3478H         LINE#         360
  C:347EH         LINE#         361
  -------         ENDPROC       USBXCORE_FORCE_STALL
  -------         PROC          USBXCORE_GET_STATUS
  C:2D2BH         LINE#         367
  C:2D2BH         LINE#         369
  C:2D3AH         LINE#         370
  C:2D3AH         LINE#         371
  C:2D3AH         LINE#         372
  C:2D3AH         LINE#         373
  C:2D3AH         LINE#         374
  C:2D3CH         LINE#         375
  C:2D3CH         LINE#         379
  C:2D3CH         LINE#         381
  C:2D4AH         LINE#         385
  C:2D4AH         LINE#         386
  C:2D4AH         LINE#         387
  C:2D4AH         LINE#         388
  C:2D4CH         LINE#         390
  C:2D4CH         LINE#         392
  C:2D5AH         LINE#         396
  C:2D5AH         LINE#         397
BL51 BANKED LINKER/LOCATER V6.22                                                      12/06/2018  17:13:14  PAGE 42


  C:2D67H         LINE#         398
  C:2D67H         LINE#         399
  C:2D69H         LINE#         401
  C:2D69H         LINE#         402
  C:2D77H         LINE#         403
  C:2D80H         LINE#         404
  C:2D80H         LINE#         405
  C:2D80H         LINE#         406
  C:2D82H         LINE#         407
  C:2D82H         LINE#         408
  C:2D85H         LINE#         409
  C:2D85H         LINE#         410
  C:2D85H         LINE#         411
  C:2D8DH         LINE#         412
  C:2D8DH         LINE#         413
  C:2D90H         LINE#         414
  C:2D96H         LINE#         415
  C:2D9DH         LINE#         416
  C:2D9DH         LINE#         417
  -------         ENDPROC       USBXCORE_GET_STATUS
  -------         PROC          USBXCORE_CLEAR_FEATURE
  C:30B7H         LINE#         423
  C:30B7H         LINE#         425
  C:30BDH         LINE#         426
  C:30BDH         LINE#         428
  C:30C4H         LINE#         429
  C:30C4H         LINE#         430
  C:30CFH         LINE#         436
  C:30DAH         LINE#         437
  C:30DFH         LINE#         438
  C:30E1H         LINE#         440
  C:30E1H         LINE#         442
  C:30ECH         LINE#         446
  C:30F7H         LINE#         447
  C:30FCH         LINE#         448
  C:30FCH         LINE#         449
  C:30FEH         LINE#         451
  C:30FEH         LINE#         452
  C:3101H         LINE#         453
  C:3101H         LINE#         454
  C:310CH         LINE#         455
  -------         ENDPROC       USBXCORE_CLEAR_FEATURE
  -------         PROC          USBXCORE_VENDOR_USB_API
  C:22A8H         LINE#         462
  C:22A8H         LINE#         464
  C:22B2H         LINE#         465
  C:22B2H         LINE#         466
  C:22B9H         LINE#         467
  C:22B9H         LINE#         468
  C:22BCH         LINE#         469
  C:22BFH         LINE#         470
  C:22C1H         LINE#         472
  C:22C1H         LINE#         473
  C:22C8H         LINE#         474
  C:22C8H         LINE#         477
  C:22D3H         LINE#         482
  C:22DEH         LINE#         483
BL51 BANKED LINKER/LOCATER V6.22                                                      12/06/2018  17:13:14  PAGE 43


  C:22E9H         LINE#         485
  C:22E9H         LINE#         486
  C:22FCH         LINE#         487
  C:22FCH         LINE#         488
  C:2300H         LINE#         489
  C:230BH         LINE#         491
  C:230BH         LINE#         492
  C:231EH         LINE#         493
  C:231EH         LINE#         494
  C:2322H         LINE#         495
  C:232DH         LINE#         497
  C:2333H         LINE#         498
  C:233BH         LINE#         499
  C:233BH         LINE#         500
  C:233EH         LINE#         501
  C:233EH         LINE#         502
  C:233EH         LINE#         503
  C:2349H         LINE#         504
  C:2349H         LINE#         505
  C:234FH         LINE#         506
  C:2356H         LINE#         507
  C:2356H         LINE#         508
  C:235AH         LINE#         509
  C:235AH         LINE#         510
  C:2360H         LINE#         511
  C:2367H         LINE#         512
  C:2367H         LINE#         513
  C:2372H         LINE#         514
  -------         ENDPROC       USBXCORE_VENDOR_USB_API
  -------         PROC          USBXCORE_SET_FEATURE
  C:310FH         LINE#         521
  C:310FH         LINE#         523
  C:3115H         LINE#         524
  C:3115H         LINE#         526
  C:311CH         LINE#         527
  C:311CH         LINE#         528
  C:3127H         LINE#         534
  C:3132H         LINE#         535
  C:3135H         LINE#         536
  C:3137H         LINE#         538
  C:3137H         LINE#         540
  C:3142H         LINE#         544
  C:314DH         LINE#         545
  C:3153H         LINE#         546
  C:3153H         LINE#         548
  C:3155H         LINE#         550
  C:3155H         LINE#         551
  C:3158H         LINE#         552
  C:3158H         LINE#         553
  C:3163H         LINE#         554
  -------         ENDPROC       USBXCORE_SET_FEATURE
  -------         PROC          USBXCORE_SET_ADDRESS
  C:3423H         LINE#         561
  C:3423H         LINE#         563
  C:3432H         LINE#         564
  C:3438H         LINE#         565
  C:3438H         LINE#         566
BL51 BANKED LINKER/LOCATER V6.22                                                      12/06/2018  17:13:14  PAGE 44


  C:343BH         LINE#         567
  C:343DH         LINE#         569
  C:343DH         LINE#         570
  C:3440H         LINE#         571
  C:3440H         LINE#         572
  -------         ENDPROC       USBXCORE_SET_ADDRESS
  -------         PROC          USBXCORE_GET_DESCRIPTOR
  C:24DDH         LINE#         579
  C:24DDH         LINE#         580
  C:24ECH         LINE#         581
  C:24ECH         LINE#         582
  C:24ECH         LINE#         583
  C:24FAH         LINE#         584
  C:24FEH         LINE#         585
  C:2500H         LINE#         586
  C:2500H         LINE#         587
  C:250EH         LINE#         588
  C:2521H         LINE#         589
  C:2523H         LINE#         590
  C:2523H         LINE#         591
  C:2547H         LINE#         592
  C:2553H         LINE#         593
  C:2555H         LINE#         594
  C:2555H         LINE#         595
  C:2558H         LINE#         596
  C:2558H         LINE#         597
  C:2558H         LINE#         598
  C:256EH         LINE#         599
  C:256EH         LINE#         600
  C:2576H         LINE#         601
  C:2576H         LINE#         602
  C:257EH         LINE#         603
  C:257EH         LINE#         604
  C:2581H         LINE#         605
  C:2587H         LINE#         606
  C:258EH         LINE#         607
  C:258EH         LINE#         608
  -------         ENDPROC       USBXCORE_GET_DESCRIPTOR
  -------         PROC          USBXCORE_GET_CONFIGURATION
  C:31FEH         LINE#         614
  C:31FEH         LINE#         616
  C:3206H         LINE#         617
  C:3206H         LINE#         618
  C:3212H         LINE#         619
  C:321AH         LINE#         620
  C:321AH         LINE#         621
  C:321EH         LINE#         622
  C:321EH         LINE#         623
  C:322CH         LINE#         624
  C:3234H         LINE#         625
  C:3234H         LINE#         626
  C:3237H         LINE#         627
  C:323DH         LINE#         628
  C:3244H         LINE#         629
  -------         ENDPROC       USBXCORE_GET_CONFIGURATION
  -------         PROC          USBXCORE_SET_CONFIGURATION
  C:305DH         LINE#         635
BL51 BANKED LINKER/LOCATER V6.22                                                      12/06/2018  17:13:14  PAGE 45


  C:305DH         LINE#         637
  C:3066H         LINE#         638
  C:3066H         LINE#         639
  C:306DH         LINE#         640
  C:3073H         LINE#         641
  C:3078H         LINE#         642
  C:307AH         LINE#         644
  C:3085H         LINE#         645
  C:3090H         LINE#         646
  C:309BH         LINE#         653
  C:30A6H         LINE#         654
  C:30A8H         LINE#         656
  C:30A8H         LINE#         657
  C:30AEH         LINE#         658
  C:30B2H         LINE#         659
  C:30B4H         LINE#         660
  C:30B4H         LINE#         661
  -------         ENDPROC       USBXCORE_SET_CONFIGURATION
  -------         PROC          USBXCORE_GET_INTERFACE
  C:33B4H         LINE#         668
  C:33B4H         LINE#         670
  C:33C2H         LINE#         671
  C:33CAH         LINE#         672
  C:33CDH         LINE#         673
  C:33D3H         LINE#         674
  C:33DAH         LINE#         675
  -------         ENDPROC       USBXCORE_GET_INTERFACE
  -------         PROC          USBXCORE_SET_SOP
  C:34E1H         LINE#         682
  C:34E1H         LINE#         684
  C:34E9H         LINE#         685
  C:34E9H         LINE#         686
  C:34F4H         LINE#         687
  C:34F4H         LINE#         688
  -------         ENDPROC       USBXCORE_SET_SOP
  -------         PROC          USBXCORE_USB_ISR
  C:1832H         LINE#         699
  C:184FH         LINE#         702
  C:1855H         LINE#         703
  C:1868H         LINE#         706
  C:187BH         LINE#         709
  C:187FH         LINE#         710
  C:187FH         LINE#         711
  C:188AH         LINE#         712
  C:188AH         LINE#         714
  C:1891H         LINE#         715
  C:1891H         LINE#         716
  C:1894H         LINE#         717
  C:1894H         LINE#         719
  C:189BH         LINE#         720
  C:189BH         LINE#         721
  C:18A8H         LINE#         722
  C:18A8H         LINE#         723
  C:18AFH         LINE#         724
  C:18AFH         LINE#         725
  C:18AFH         LINE#         727
  C:18AFH         LINE#         728
BL51 BANKED LINKER/LOCATER V6.22                                                      12/06/2018  17:13:14  PAGE 46


  C:18AFH         LINE#         730
  C:18AFH         LINE#         732
  C:18C2H         LINE#         734
  C:18C6H         LINE#         735
  C:18C6H         LINE#         736
  C:18C9H         LINE#         737
  C:18C9H         LINE#         740
  C:18D0H         LINE#         741
  C:18D0H         LINE#         742
  C:18DBH         LINE#         748
  C:18EEH         LINE#         749
  C:18F3H         LINE#         750
  C:18F3H         LINE#         751
  C:18FAH         LINE#         752
  C:18FAH         LINE#         754
  C:18FAH         LINE#         756
  C:190DH         LINE#         759
  C:1911H         LINE#         760
  C:1911H         LINE#         761
  C:191CH         LINE#         767
  C:192FH         LINE#         768
  C:1933H         LINE#         769
  C:1933H         LINE#         770
  C:193AH         LINE#         771
  C:193AH         LINE#         772
  C:193AH         LINE#         775
  C:1948H         LINE#         776
  C:194DH         LINE#         777
  C:1953H         LINE#         778
  C:1958H         LINE#         781
  C:1965H         LINE#         782
  C:1965H         LINE#         783
  C:1968H         LINE#         784
  C:1968H         LINE#         785
  -------         ENDPROC       USBXCORE_USB_ISR
  -------         ENDMOD        USB_API

  -------         MODULE        USB_SUSPEND
  C:0000H         SYMBOL        _ICE_DUMMY_
  D:00D7H         PUBLIC        USB0XCN
  D:00C9H         PUBLIC        REG0CN
  C:32BFH         PUBLIC        USB_Suspend
  D:00A9H         PUBLIC        CLKSEL
  D:00B2H         PUBLIC        OSCICN
  D:00B9H         PUBLIC        CLKMUL
  -------         PROC          USB_SUSPEND
  C:32BFH         LINE#         70
  C:32BFH         LINE#         72
  C:32C2H         LINE#         74
  C:32C5H         LINE#         76
  C:32CDH         LINE#         79
  C:32D0H         LINE#         80
  C:32D3H         LINE#         81
  C:32D6H         LINE#         82
  C:32D9H         LINE#         84
  C:32DAH         LINE#         86
  C:32DDH         LINE#         88
BL51 BANKED LINKER/LOCATER V6.22                                                      12/06/2018  17:13:14  PAGE 47


  C:32E3H         LINE#         92
  C:32E6H         LINE#         94
  C:32E9H         LINE#         95
  -------         ENDPROC       USB_SUSPEND
  -------         ENDMOD        USB_SUSPEND

  -------         MODULE        USB_INT_ENABLE
  C:0000H         SYMBOL        _ICE_DUMMY_
  C:34B2H         PUBLIC        USB_Int_Enable
  D:0096H         PUBLIC        USB0ADR
  D:0097H         PUBLIC        USB0DAT
  -------         PROC          USB_INT_ENABLE
  C:34B2H         LINE#         68
  C:34B2H         LINE#         71
  C:34B9H         LINE#         73
  C:34BFH         LINE#         74
  C:34BFH         LINE#         75
  C:34CAH         LINE#         77
  C:34CAH         LINE#         78
  -------         ENDPROC       USB_INT_ENABLE
  -------         ENDMOD        USB_INT_ENABLE

  -------         MODULE        USB_CLOCK_RECOVERY
  C:0000H         SYMBOL        _ICE_DUMMY_
  C:353AH         PUBLIC        USBXcore_ClkRec
  D:0096H         PUBLIC        USB0ADR
  D:0097H         PUBLIC        USB0DAT
  -------         PROC          USBXCORE_CLKREC
  C:353AH         LINE#         45
  C:353AH         LINE#         47
  C:3545H         LINE#         48
  -------         ENDPROC       USBXCORE_CLKREC
  -------         ENDMOD        USB_CLOCK_RECOVERY

  -------         MODULE        ?C?FPMUL
  C:0C2FH         PUBLIC        ?C?FPMUL
  -------         ENDMOD        ?C?FPMUL

  -------         MODULE        ?C?FCAST
  C:0D3FH         PUBLIC        ?C?FCASTC
  C:0D3AH         PUBLIC        ?C?FCASTI
  C:0D35H         PUBLIC        ?C?FCASTL
  -------         ENDMOD        ?C?FCAST

  -------         MODULE        ?C?CASTF
  C:0D73H         PUBLIC        ?C?CASTF
  -------         ENDMOD        ?C?CASTF

  -------         MODULE        ?C?COPY
  C:0EC4H         PUBLIC        ?C?COPY
  -------         ENDMOD        ?C?COPY

  -------         MODULE        ?C?CLDPTR
  C:0EEAH         PUBLIC        ?C?CLDPTR
  -------         ENDMOD        ?C?CLDPTR

  -------         MODULE        ?C?CLDOPTR
BL51 BANKED LINKER/LOCATER V6.22                                                      12/06/2018  17:13:14  PAGE 48


  C:0F03H         PUBLIC        ?C?CLDOPTR
  -------         ENDMOD        ?C?CLDOPTR

  -------         MODULE        ?C?IMUL
  C:0F30H         PUBLIC        ?C?IMUL
  -------         ENDMOD        ?C?IMUL

  -------         MODULE        ?C?IILDX
  C:0F42H         PUBLIC        ?C?IILDX
  -------         ENDMOD        ?C?IILDX

  -------         MODULE        ?C?LMUL
  C:0F58H         PUBLIC        ?C?LMUL
  -------         ENDMOD        ?C?LMUL

  -------         MODULE        ?C?ULDIV
  C:0FE3H         PUBLIC        ?C?ULDIV
  -------         ENDMOD        ?C?ULDIV

  -------         MODULE        ?C?LNEG
  C:1075H         PUBLIC        ?C?LNEG
  -------         ENDMOD        ?C?LNEG

  -------         MODULE        ?C?ULCMP
  C:1083H         PUBLIC        ?C?ULCMP
  -------         ENDMOD        ?C?ULCMP

  -------         MODULE        ?C?ULSHR
  C:1094H         PUBLIC        ?C?ULSHR
  -------         ENDMOD        ?C?ULSHR

  -------         MODULE        ?C?LSHL
  C:10A7H         PUBLIC        ?C?LSHL
  -------         ENDMOD        ?C?LSHL

  -------         MODULE        ?C?LLDIIDATA
  C:10C3H         PUBLIC        ?C?LLDIIDATA
  C:10BAH         PUBLIC        ?C?LLDIIDATA1
  C:10BCH         PUBLIC        ?C?LLDIIDATA8
  -------         ENDMOD        ?C?LLDIIDATA

  -------         MODULE        ?C?LSTXDATA
  C:10DAH         PUBLIC        ?C?LSTXDATA
  -------         ENDMOD        ?C?LSTXDATA

  -------         MODULE        ?C?LSTKXDATA
  C:10E6H         PUBLIC        ?C?LSTKXDATA
  -------         ENDMOD        ?C?LSTKXDATA

  -------         MODULE        ?C_IBP
  D:007AH         PUBLIC        ?C_IBP
  -------         ENDMOD        ?C_IBP

*** WARNING L16: UNCALLED SEGMENT, IGNORED FOR OVERLAY PROCESS
    SEGMENT: ?PR?SD_INIT?MMC_SD

*** WARNING L16: UNCALLED SEGMENT, IGNORED FOR OVERLAY PROCESS
BL51 BANKED LINKER/LOCATER V6.22                                                      12/06/2018  17:13:14  PAGE 49


    SEGMENT: ?PR?_DISPPICFROMSD?LCD

*** WARNING L16: UNCALLED SEGMENT, IGNORED FOR OVERLAY PROCESS
    SEGMENT: ?PR?DISPSCALEHOR1?LCD

*** WARNING L16: UNCALLED SEGMENT, IGNORED FOR OVERLAY PROCESS
    SEGMENT: ?PR?DISPSCALEVER?LCD

*** WARNING L16: UNCALLED SEGMENT, IGNORED FOR OVERLAY PROCESS
    SEGMENT: ?PR?DISPSCALEVER_RED?LCD

*** WARNING L16: UNCALLED SEGMENT, IGNORED FOR OVERLAY PROCESS
    SEGMENT: ?PR?DISPSCALEVER_GREEN?LCD

*** WARNING L16: UNCALLED SEGMENT, IGNORED FOR OVERLAY PROCESS
    SEGMENT: ?PR?DISPSCALEVER_BLUE?LCD

*** WARNING L16: UNCALLED SEGMENT, IGNORED FOR OVERLAY PROCESS
    SEGMENT: ?PR?DISPSCALEVER_GRAY?LCD

*** WARNING L16: UNCALLED SEGMENT, IGNORED FOR OVERLAY PROCESS
    SEGMENT: ?PR?DISPGRAYHOR32?LCD

*** WARNING L16: UNCALLED SEGMENT, IGNORED FOR OVERLAY PROCESS
    SEGMENT: ?PR?DISPSCALEHOR2?LCD

*** WARNING L16: UNCALLED SEGMENT, IGNORED FOR OVERLAY PROCESS
    SEGMENT: ?PR?_DRAWGIRD?LCD

*** WARNING L15: MULTIPLE CALL TO SEGMENT
    SEGMENT: ?PR?_WRITECOMM?LCD
    CALLER1: ?PR?USB_API_TEST_ISR?MAIN
    CALLER2: ?C_C51STARTUP

*** WARNING L15: MULTIPLE CALL TO SEGMENT
    SEGMENT: ?PR?_WRITEDATA?LCD
    CALLER1: ?PR?USB_API_TEST_ISR?MAIN
    CALLER2: ?C_C51STARTUP

Program Size: data=124.0 xdata=1095 code=13652
LINK/LOCATE RUN COMPLETE.  13 WARNING(S),  0 ERROR(S)
