BL51 BANKED LINKER/LOCATER V6.22                                                        07/25/2019  11:38:35  PAGE 1


BL51 BANKED LINKER/LOCATER V6.22, INVOKED BY:
C:\KEIL\C51\BIN\BL51.EXE main.obj, mmc_sd.obj, lcd.obj, tp.obj, .\USBX_F34X.LIB TO ST7793_HSD28_3W1L RAMSIZE (256)


MEMORY MODEL: COMPACT WITH FLOATING POINT ARITHMETIC


INPUT MODULES INCLUDED:
  main.obj (MAIN)
  mmc_sd.obj (MMC_SD)
  lcd.obj (LCD)
  tp.obj (TP)
  .\USBX_F34X.LIB (USB_API)
  .\USBX_F34X.LIB (USB_CLOCK_START)
  .\USBX_F34X.LIB (USB_SUSPEND)
  .\USBX_F34X.LIB (GET_INTERRUPT_SOURCE)
  .\USBX_F34X.LIB (BLOCK_READ)
  .\USBX_F34X.LIB (BLOCK_WRITE)
  .\USBX_F34X.LIB (USB_INT_ENABLE)
  .\USBX_F34X.LIB (USB_CLOCK_RECOVERY)
  .\USBX_F34X.LIB (USB_JUMP_ISR)
  C:\KEIL\C51\LIB\C51FPC.LIB (?C?FPMUL)
  C:\KEIL\C51\LIB\C51FPC.LIB (?C?FCAST)
  C:\KEIL\C51\LIB\C51FPC.LIB (?C?CASTF)
  C:\KEIL\C51\LIB\C51FPC.LIB (?C?FPGETOPN)
  C:\KEIL\C51\LIB\C51C.LIB (?C_STARTUP)
  C:\KEIL\C51\LIB\C51C.LIB (?C?COPY)
  C:\KEIL\C51\LIB\C51C.LIB (?C?CLDPTR)
  C:\KEIL\C51\LIB\C51C.LIB (?C?CLDOPTR)
  C:\KEIL\C51\LIB\C51C.LIB (?C?IMUL)
  C:\KEIL\C51\LIB\C51C.LIB (?C?IILDX)
  C:\KEIL\C51\LIB\C51C.LIB (?C?LMUL)
  C:\KEIL\C51\LIB\C51C.LIB (?C?ULDIV)
  C:\KEIL\C51\LIB\C51C.LIB (?C?LNEG)
  C:\KEIL\C51\LIB\C51C.LIB (?C?ULCMP)
  C:\KEIL\C51\LIB\C51C.LIB (?C?ULSHR)
  C:\KEIL\C51\LIB\C51C.LIB (?C?LSHL)
  C:\KEIL\C51\LIB\C51C.LIB (?C?LLDIPDATA)
  C:\KEIL\C51\LIB\C51C.LIB (?C?LSTXDATA)
  C:\KEIL\C51\LIB\C51C.LIB (?C?LSTPDATA)
  C:\KEIL\C51\LIB\C51C.LIB (?C?LSTKXDATA)
  C:\KEIL\C51\LIB\C51C.LIB (?C?LSTKPDATA)
  C:\KEIL\C51\LIB\C51C.LIB (?C_PBP)
  C:\KEIL\C51\LIB\C51C.LIB (?C_INIT)


LINK MAP OF MODULE:  ST7793_HSD28_3W1L (MAIN)


            TYPE    BASE      LENGTH    RELOCATION   SEGMENT NAME
            -----------------------------------------------------

            * * * * * * *   D A T A   M E M O R Y   * * * * * * *
            REG     0000H     0008H     ABSOLUTE     "REG BANK 0"
            DATA    0008H     0001H     UNIT         ?C?LIB_DATA
            IDATA   0009H     0001H     UNIT         ?STACK

            * * * * * * *  X D A T A   M E M O R Y  * * * * * * *
BL51 BANKED LINKER/LOCATER V6.22                                                      07/25/2019  11:38:35  PAGE 2


            XDATA   0000H     0010H     INPAGE       ?PD?MAIN
            XDATA   0010H     0004H     INPAGE       ?PD?_MMC_SD_READSINGLEBLOCK?MMC_SD
            XDATA   0014H     000CH     INPAGE       ?PD?_DISPPICFROMSD?LCD
            XDATA   0020H     0004H     INPAGE       ?PD?DISPSCALEHOR1?LCD
            XDATA   0024H     0004H     INPAGE       ?PD?DISPSCALEVER?LCD
            XDATA   0028H     0004H     INPAGE       ?PD?DISPSCALEVER_RED?LCD
            XDATA   002CH     0004H     INPAGE       ?PD?DISPSCALEVER_GREEN?LCD
            XDATA   0030H     0004H     INPAGE       ?PD?DISPSCALEVER_BLUE?LCD
            XDATA   0034H     0004H     INPAGE       ?PD?DISPSCALEVER_GRAY?LCD
            XDATA   0038H     0004H     INPAGE       ?PD?DISPGRAYHOR32?LCD
            XDATA   003CH     0002H     INPAGE       ?PD?DISPSCALEHOR2?LCD
            XDATA   003EH     000CH     INPAGE       ?PD?_DRAWLINE?LCD
            XDATA   004AH     0004H     INPAGE       ?PD?_DRAWGIRD?LCD
            XDATA   004EH     0002H     INPAGE       ?PD?LCD
            XDATA   0050H     0024H     INPAGE       _PDATA_GROUP_
            XDATA   0074H     0200H     UNIT         ?XD?MMC_SD
            XDATA   0274H     0058H     UNIT         _XDATA_GROUP_
            XDATA   02CCH     0040H     UNIT         ?XD?MAIN
                    030CH     0334H                  *** GAP ***
            XDATA   0640H     0100H     ABSOLUTE     
            XDATA   0740H     0012H     ABSOLUTE     
            XDATA   0752H     0020H     ABSOLUTE     
            XDATA   0772H     000CH     ABSOLUTE     
            XDATA   077EH     0008H     ABSOLUTE     
            XDATA   0786H     0001H     ABSOLUTE     
            XDATA   0787H     0003H     ABSOLUTE     
            XDATA   078AH     0002H     ABSOLUTE     
            XDATA   078CH     0002H     ABSOLUTE     
            XDATA   078EH     0003H     ABSOLUTE     
            XDATA   0791H     0001H     ABSOLUTE     
            XDATA   0792H     0001H     ABSOLUTE     
            XDATA   0793H     0001H     ABSOLUTE     
            XDATA   0794H     0001H     ABSOLUTE     
            XDATA   0795H     0002H     ABSOLUTE     
            XDATA   0797H     0002H     ABSOLUTE     
            XDATA   0799H     0001H     ABSOLUTE     
            XDATA   079AH     0001H     ABSOLUTE     
            XDATA   079BH     0001H     ABSOLUTE     
            XDATA   079CH     0001H     ABSOLUTE     
            XDATA   079DH     0001H     ABSOLUTE     
            XDATA   079EH     0001H     ABSOLUTE     
            XDATA   079FH     0002H     ABSOLUTE     
            XDATA   07A1H     0001H     ABSOLUTE     
            XDATA   07A2H     0001H     ABSOLUTE     
            XDATA   07A3H     000CH     ABSOLUTE     
                    07AFH     0011H                  *** GAP ***
            XDATA   07C0H     0040H     ABSOLUTE     

            * * * * * * *   C O D E   M E M O R Y   * * * * * * *
            CODE    0000H     0003H     ABSOLUTE     
            CODE    0003H     003AH     UNIT         ?CO?USB_API
            CODE    003DH     0003H     UNIT         ?PR?SUSPEND_DEVICE?MAIN
                    0040H     0003H                  *** GAP ***
            CODE    0043H     0003H     ABSOLUTE     
            CODE    0046H     0043H     UNIT         ?PR?MCU_INIT?MAIN
                    0089H     0002H                  *** GAP ***
            CODE    008BH     0003H     ABSOLUTE     
BL51 BANKED LINKER/LOCATER V6.22                                                      07/25/2019  11:38:35  PAGE 3


            CODE    008EH     060CH     UNIT         ?PR?CONNTOUSB?MAIN
            CODE    069AH     0600H     UNIT         ?CO?LCD
            CODE    0C9AH     050DH     UNIT         ?C?LIB_CODE
            CODE    11A7H     0233H     UNIT         ?PR?USBXCORE_HANDLE_SETUP?USB_API
            CODE    13DAH     0228H     UNIT         ?PR?DISPSCALEHOR1?LCD
            CODE    1602H     01D3H     UNIT         ?PR?LCD_INIT?LCD
            CODE    17D5H     01BCH     UNIT         ?PR?DISPSCALEHOR2?LCD
            CODE    1991H     01A0H     UNIT         ?PR?TP_DRAWLINE?TP
            CODE    1B31H     0155H     UNIT         ?PR?DISPBAND?LCD
            CODE    1C86H     0151H     UNIT         ?PR?USBXCORE_USB_ISR?USB_API
            CODE    1DD7H     0142H     UNIT         ?PR?_LCD_READ_IC_ID?LCD
            CODE    1F19H     013DH     UNIT         ?PR?USB_API_TEST_ISR?MAIN
            CODE    2056H     0137H     UNIT         ?PR?_USB_INIT?USB_API
            CODE    218DH     0128H     UNIT         ?PR?DISPSCALEVER?LCD
            CODE    22B5H     011BH     UNIT         ?PR?_TP_GETPOSITION?TP
            CODE    23D0H     0111H     UNIT         ?PR?_BLOCK_WRITE?BLOCK_WRITE
            CODE    24E1H     00E6H     UNIT         ?PR?_DISPPICFROMSD?LCD
            CODE    25C7H     00CDH     UNIT         ?PR?USBXCORE_VENDOR_USB_API?USB_API
            CODE    2694H     00C8H     UNIT         ?PR?_DISPONECHAR?LCD
            CODE    275CH     00B7H     UNIT         ?PR?MMC_SD_RESET?MMC_SD
            CODE    2813H     00B3H     UNIT         ?PR?_DISPINT?LCD
            CODE    28C6H     00B2H     UNIT         ?PR?USBXCORE_GET_DESCRIPTOR?USB_API
            CODE    2978H     00AFH     UNIT         ?PR?_BLOCK_READ?BLOCK_READ
            CODE    2A27H     00AAH     UNIT         ?PR?DISPFRAME?LCD
            CODE    2AD1H     00A0H     UNIT         ?PR?DISPSCALEVER_GREEN?LCD
            CODE    2B71H     009BH     UNIT         ?PR?DISPGRAYHOR16?LCD
            CODE    2C0CH     0096H     UNIT         ?PR?_DISPSTR?LCD
            CODE    2CA2H     0093H     UNIT         ?PR?_?BLOCKWRITE?LCD
            CODE    2D35H     0091H     UNIT         ?PR?DISPSCALEVER_RED?LCD
            CODE    2DC6H     0091H     UNIT         ?PR?DISPSCALEVER_GRAY?LCD
            CODE    2E57H     0090H     UNIT         ?PR?_DRAWGIRD?LCD
            CODE    2EE7H     008CH     UNIT         ?C_C51STARTUP
            CODE    2F73H     0086H     UNIT         ?PR?DISPSCALEVER_BLUE?LCD
            CODE    2FF9H     0086H     UNIT         ?PR?_DRAWLINE?LCD
            CODE    307FH     007DH     UNIT         ?PR?_MMC_SD_WRITESINGLEBLOCK?MMC_SD
            CODE    30FCH     0076H     UNIT         ?PR?DISPGRAYHOR32?LCD
            CODE    3172H     0075H     UNIT         ?PR?_MMC_SD_SENDCOMMAND?MMC_SD
            CODE    31E7H     0073H     UNIT         ?PR?TP_READ?TP
            CODE    325AH     0073H     UNIT         ?PR?USBXCORE_GET_STATUS?USB_API
            CODE    32CDH     006CH     UNIT         ?PR?DEVICES_INIT?MAIN
            CODE    3339H     0064H     UNIT         ?PR?_MMC_SD_READSINGLEBLOCK?MMC_SD
            CODE    339DH     005BH     UNIT         ?PR?_TOORD?LCD
            CODE    33F8H     005AH     UNIT         ?PR?USBXCORE_SET_CONFIGURATION?USB_API
            CODE    3452H     0058H     UNIT         ?PR?USBXCORE_CLEAR_FEATURE?USB_API
            CODE    34AAH     0057H     UNIT         ?PR?USBXCORE_SET_FEATURE?USB_API
            CODE    3501H     0055H     UNIT         ?PR?_STOPDELAY?MAIN
            CODE    3556H     0052H     UNIT         ?PR?_PUTPIXEL?LCD
            CODE    35A8H     0050H     UNIT         ?CO?MAIN
            CODE    35F8H     0048H     UNIT         ?PR?_WRITEDISPDATA?LCD
            CODE    3640H     0047H     UNIT         ?PR?USBXCORE_GET_CONFIGURATION?USB_API
            CODE    3687H     0043H     UNIT         ?PR?_DISPCOLOR?LCD
            CODE    36CAH     0039H     UNIT         ?PR?_WRITEDATA?LCD
            CODE    3703H     0038H     UNIT         ?PR?USB_CLOCK_START?USB_CLOCK_START
            CODE    373BH     002FH     UNIT         ?PR?_WRITECOMM?LCD
            CODE    376AH     002DH     UNIT         ?C_INITSEG
            CODE    3797H     002BH     UNIT         ?PR?USB_SUSPEND?USB_SUSPEND
            CODE    37C2H     0027H     UNIT         ?PR?MAIN?MAIN
BL51 BANKED LINKER/LOCATER V6.22                                                      07/25/2019  11:38:35  PAGE 4


            CODE    37E9H     0027H     UNIT         ?PR?USBXCORE_USB_RESET?USB_API
            CODE    3810H     0027H     UNIT         ?PR?USBXCORE_GET_INTERFACE?USB_API
            CODE    3837H     0026H     UNIT         ?PR?_TP_WRITE?TP
            CODE    385DH     0022H     UNIT         ?PR?USBXCORE_JUMP_ISR?USB_JUMP_ISR
            CODE    387FH     0020H     UNIT         ?PR?USBXCORE_SET_ADDRESS?USB_API
            CODE    389FH     001FH     UNIT         ?PR?_DELAY?MAIN
            CODE    38BEH     001DH     UNIT         ?PR?USBXCORE_FORCE_STALL?USB_API
            CODE    38DBH     0019H     UNIT         ?PR?USB_INT_ENABLE?USB_INT_ENABLE
            CODE    38F4H     0016H     UNIT         ?PR?_SPI_WRITEBYTE?MMC_SD
            CODE    390AH     0016H     UNIT         ?PR?READDATA?LCD
            CODE    3920H     0014H     UNIT         ?PR?USBXCORE_SET_SOP?USB_API
            CODE    3934H     0013H     UNIT         ?PR?WAITKEY?MAIN
            CODE    3947H     0011H     UNIT         ?PR?SD_INIT?MMC_SD
            CODE    3958H     000EH     UNIT         ?PR?GET_INTERRUPT_SOURCE?GET_INTERRUPT_SOURCE
            CODE    3966H     000CH     UNIT         ?PR?USBXCORE_CLKREC?USB_CLOCK_RECOVERY
            CODE    3972H     000BH     UNIT         ?PR?SPI_READBYTE?MMC_SD
            CODE    397DH     0009H     UNIT         ?PR?_WRITEONEDOT?LCD



OVERLAY MAP OF MODULE:   ST7793_HSD28_3W1L (MAIN)


SEGMENT                                            PDATA_GROUP         XDATA_GROUP
  +--> CALLED SEGMENT                            START    LENGTH     START    LENGTH
------------------------------------------------------------------------------------
?PR?USB_API_TEST_ISR?MAIN                        0050H    0001H      -----    -----
  +--> ?PR?GET_INTERRUPT_SOURCE?GET_INTERRUP...
  +--> ?PR?_BLOCK_READ?BLOCK_READ
  +--> ?PR?SUSPEND_DEVICE?MAIN
  +--> ?PR?MCU_INIT?MAIN
  +--> ?PR?_?BLOCKWRITE?LCD

?PR?SUSPEND_DEVICE?MAIN                          -----    -----      -----    -----
  +--> ?PR?USB_SUSPEND?USB_SUSPEND

?PR?USB_SUSPEND?USB_SUSPEND                      -----    -----      -----    -----
  +--> ?PR?USB_CLOCK_START?USB_CLOCK_START

?PR?_?BLOCKWRITE?LCD                             -----    -----      -----    -----
  +--> ?PR?_WRITECOMM?LCD
  +--> ?PR?_WRITEDATA?LCD

?PR?_WRITECOMM?LCD                               0073H    0001H      -----    -----

?PR?_WRITEDATA?LCD                               0073H    0001H      -----    -----

*** NEW ROOT ***************************************************

?PR?USBXCORE_USB_ISR?USB_API                     -----    -----      -----    -----
  +--> ?PR?USBXCORE_USB_RESET?USB_API
  +--> ?PR?USBXCORE_HANDLE_SETUP?USB_API
  +--> ?PR?USBXCORE_JUMP_ISR?USB_JUMP_ISR

?PR?USBXCORE_HANDLE_SETUP?USB_API                -----    -----      -----    -----
  +--> ?PR?USBXCORE_GET_STATUS?USB_API
  +--> ?PR?USBXCORE_CLEAR_FEATURE?USB_API
BL51 BANKED LINKER/LOCATER V6.22                                                      07/25/2019  11:38:35  PAGE 5


  +--> ?PR?USBXCORE_VENDOR_USB_API?USB_API
  +--> ?PR?USBXCORE_SET_FEATURE?USB_API
  +--> ?PR?USBXCORE_SET_ADDRESS?USB_API
  +--> ?PR?USBXCORE_GET_DESCRIPTOR?USB_API
  +--> ?PR?USBXCORE_GET_CONFIGURATION?USB_API
  +--> ?PR?USBXCORE_SET_CONFIGURATION?USB_API
  +--> ?PR?USBXCORE_GET_INTERFACE?USB_API
  +--> ?PR?USBXCORE_SET_SOP?USB_API
  +--> ?PR?USBXCORE_FORCE_STALL?USB_API

?PR?USBXCORE_GET_STATUS?USB_API                  -----    -----      -----    -----
  +--> ?CO?USB_API
  +--> ?PR?USBXCORE_FORCE_STALL?USB_API
  +--> ?PR?USBXCORE_SET_SOP?USB_API

?PR?USBXCORE_CLEAR_FEATURE?USB_API               -----    -----      -----    -----
  +--> ?PR?USBXCORE_FORCE_STALL?USB_API
  +--> ?PR?USBXCORE_SET_SOP?USB_API

?PR?USBXCORE_VENDOR_USB_API?USB_API              -----    -----      -----    -----
  +--> ?PR?USBXCORE_SET_SOP?USB_API

?PR?USBXCORE_SET_FEATURE?USB_API                 -----    -----      -----    -----
  +--> ?PR?USBXCORE_FORCE_STALL?USB_API
  +--> ?PR?USBXCORE_SET_SOP?USB_API

?PR?USBXCORE_SET_ADDRESS?USB_API                 -----    -----      -----    -----
  +--> ?PR?USBXCORE_SET_SOP?USB_API

?PR?USBXCORE_GET_DESCRIPTOR?USB_API              -----    -----      -----    -----
  +--> ?PR?USBXCORE_FORCE_STALL?USB_API
  +--> ?PR?USBXCORE_SET_SOP?USB_API

?PR?USBXCORE_GET_CONFIGURATION?USB_API           -----    -----      -----    -----
  +--> ?CO?USB_API
  +--> ?PR?USBXCORE_SET_SOP?USB_API

?PR?USBXCORE_SET_CONFIGURATION?USB_API           -----    -----      -----    -----
  +--> ?PR?USBXCORE_SET_SOP?USB_API

?PR?USBXCORE_GET_INTERFACE?USB_API               -----    -----      -----    -----
  +--> ?CO?USB_API
  +--> ?PR?USBXCORE_SET_SOP?USB_API

*** NEW ROOT ***************************************************

?C_C51STARTUP                                    -----    -----      -----    -----
  +--> ?PR?MAIN?MAIN
  +--> ?C_INITSEG

?PR?MAIN?MAIN                                    -----    -----      -----    -----
  +--> ?PR?DEVICES_INIT?MAIN
  +--> ?PR?DISPFRAME?LCD
  +--> ?PR?_STOPDELAY?MAIN
  +--> ?PR?DISPBAND?LCD
  +--> ?PR?DISPGRAYHOR16?LCD
  +--> ?PR?_DISPCOLOR?LCD
BL51 BANKED LINKER/LOCATER V6.22                                                      07/25/2019  11:38:35  PAGE 6


  +--> ?PR?TP_DRAWLINE?TP

?PR?DEVICES_INIT?MAIN                            -----    -----      -----    -----
  +--> ?PR?MCU_INIT?MAIN
  +--> ?PR?USB_CLOCK_START?USB_CLOCK_START
  +--> ?CO?MAIN
  +--> ?PR?_USB_INIT?USB_API
  +--> ?PR?USB_INT_ENABLE?USB_INT_ENABLE
  +--> ?PR?LCD_INIT?LCD

?PR?_USB_INIT?USB_API                            -----    -----      0274H    0011H
  +--> ?CO?USB_API
  +--> ?PR?USBXCORE_CLKREC?USB_CLOCK_RECOVERY

?PR?LCD_INIT?LCD                                 -----    -----      -----    -----
  +--> ?PR?READDATA?LCD
  +--> ?PR?_DELAY?MAIN
  +--> ?PR?_WRITECOMM?LCD
  +--> ?PR?_WRITEDATA?LCD

?PR?READDATA?LCD                                 -----    -----      -----    -----
  +--> ?PR?_LCD_READ_IC_ID?LCD

?PR?_LCD_READ_IC_ID?LCD                          005BH    0008H      -----    -----

?PR?DISPFRAME?LCD                                0052H    0002H      -----    -----
  +--> ?PR?_?BLOCKWRITE?LCD
  +--> ?PR?_WRITEDISPDATA?LCD

?PR?_STOPDELAY?MAIN                              0052H    0004H      -----    -----
  +--> ?PR?WAITKEY?MAIN
  +--> ?PR?_DELAY?MAIN

?PR?WAITKEY?MAIN                                 -----    -----      -----    -----
  +--> ?PR?CONNTOUSB?MAIN
  +--> ?PR?_DELAY?MAIN

?PR?CONNTOUSB?MAIN                               0056H    0005H      0274H    0058H
  +--> ?CO?MAIN
  +--> ?PR?_WRITECOMM?LCD
  +--> ?PR?_WRITEDATA?LCD
  +--> ?PR?_DISPSTR?LCD
  +--> ?PR?_DISPINT?LCD
  +--> ?PR?_WRITEDISPDATA?LCD
  +--> ?PR?_MMC_SD_WRITESINGLEBLOCK?MMC_SD
  +--> ?PR?_BLOCK_WRITE?BLOCK_WRITE
  +--> ?PR?READDATA?LCD
  +--> ?PR?_DELAY?MAIN

?PR?_DISPSTR?LCD                                 005BH    000BH      -----    -----
  +--> ?PR?_TOORD?LCD
  +--> ?PR?_DISPONECHAR?LCD

?PR?_DISPONECHAR?LCD                             0066H    000DH      -----    -----
  +--> ?PR?_?BLOCKWRITE?LCD
  +--> ?CO?LCD
  +--> ?PR?_WRITEONEDOT?LCD
BL51 BANKED LINKER/LOCATER V6.22                                                      07/25/2019  11:38:35  PAGE 7



?PR?_WRITEONEDOT?LCD                             -----    -----      -----    -----
  +--> ?PR?_WRITEDISPDATA?LCD

?PR?_DISPINT?LCD                                 005BH    000AH      -----    -----
  +--> ?PR?_DISPONECHAR?LCD

?PR?_MMC_SD_WRITESINGLEBLOCK?MMC_SD              005BH    0004H      -----    -----
  +--> ?PR?_MMC_SD_SENDCOMMAND?MMC_SD
  +--> ?PR?_SPI_WRITEBYTE?MMC_SD

?PR?_MMC_SD_SENDCOMMAND?MMC_SD                   005FH    0005H      -----    -----
  +--> ?PR?_SPI_WRITEBYTE?MMC_SD

?PR?DISPBAND?LCD                                 0052H    0004H      -----    -----
  +--> ?PR?_?BLOCKWRITE?LCD
  +--> ?PR?_WRITEDISPDATA?LCD

?PR?DISPGRAYHOR16?LCD                            0052H    0004H      -----    -----
  +--> ?PR?_?BLOCKWRITE?LCD
  +--> ?PR?_WRITEDISPDATA?LCD

?PR?_DISPCOLOR?LCD                               0052H    0003H      -----    -----
  +--> ?PR?_?BLOCKWRITE?LCD
  +--> ?PR?_WRITEDISPDATA?LCD

?PR?TP_DRAWLINE?TP                               -----    -----      0274H    0018H
  +--> ?PR?_DISPCOLOR?LCD
  +--> ?PR?_DELAY?MAIN
  +--> ?PR?_TP_GETPOSITION?TP
  +--> ?PR?_PUTPIXEL?LCD

?PR?_TP_GETPOSITION?TP                           -----    -----      028CH    001BH
  +--> ?PR?_TP_WRITE?TP
  +--> ?PR?TP_READ?TP

?PR?_TP_WRITE?TP                                 -----    -----      02A7H    0001H

?PR?TP_READ?TP                                   -----    -----      02A7H    0005H

?PR?_PUTPIXEL?LCD                                0052H    0002H      -----    -----
  +--> ?PR?_?BLOCKWRITE?LCD
  +--> ?PR?_WRITEDISPDATA?LCD



SYMBOL TABLE OF MODULE:  ST7793_HSD28_3W1L (MAIN)

  VALUE           TYPE          NAME
  ----------------------------------

  -------         MODULE        MAIN
  C:0000H         SYMBOL        _ICE_DUMMY_
  D:0080H         PUBLIC        P0
  X:0000H         PUBLIC        f_down
  D:0090H         PUBLIC        P1
  D:00A0H         PUBLIC        P2
BL51 BANKED LINKER/LOCATER V6.22                                                      07/25/2019  11:38:35  PAGE 8


  D:00B0H         PUBLIC        P3
  C:35F3H         PUBLIC        USB_MaxPower
  B:00B0H.6       PUBLIC        KEY_STEP
  D:00A4H         PUBLIC        P0MDOUT
  D:00A5H         PUBLIC        P1MDOUT
  D:00A6H         PUBLIC        P2MDOUT
  D:00A7H         PUBLIC        P3MDOUT
  D:00AEH         PUBLIC        P4MDOUT
  B:0080H.6       PUBLIC        OE
  D:00D9H         PUBLIC        PCA0MD
  C:1F19H         PUBLIC        USB_API_TEST_ISR
  C:003DH         PUBLIC        Suspend_Device
  C:3505H         PUBLIC        _StopDelay
  D:00E1H         PUBLIC        XBR0
  D:00E2H         PUBLIC        XBR1
  B:00B0H.1       PUBLIC        RS
  C:37C2H         PUBLIC        main
  X:0001H         PUBLIC        VerifyCode0
  X:0002H         PUBLIC        VerifyCode1
  C:35BDH         PUBLIC        USB_PID
  X:0003H         PUBLIC        VerifyCode2
  D:00F1H         PUBLIC        P0MDIN
  D:00F2H         PUBLIC        P1MDIN
  C:35BFH         PUBLIC        USB_MfrStr
  D:00F4H         PUBLIC        P3MDIN
  C:35BBH         PUBLIC        USB_VID
  D:00F8H         PUBLIC        SPI0CN
  X:0004H         PUBLIC        pic
  C:32CDH         PUBLIC        Devices_Init
  C:008EH         PUBLIC        ConnToUSB
  D:00A9H         PUBLIC        CLKSEL
  D:00B2H         PUBLIC        OSCICN
  C:35F4H         PUBLIC        USB_PwAttributes
  C:3934H         PUBLIC        WaitKey
  C:35F7H         SYMBOL        _?ix1000
  B:00B0H.0       PUBLIC        CS0
  X:0005H         PUBLIC        bf
  C:35F5H         PUBLIC        USB_bcdDevice
  D:00B9H         PUBLIC        CLKMUL
  X:0007H         PUBLIC        f_debug
  X:0008H         PUBLIC        sd
  X:02CCH         PUBLIC        Packet
  C:0046H         PUBLIC        MCU_Init
  B:0080H.7       PUBLIC        DIR
  D:00EFH         PUBLIC        RSTSRC
  X:000CH         PUBLIC        f_read
  C:35E9H         PUBLIC        USB_SerialStr
  X:000DH         PUBLIC        f_other
  C:35D9H         PUBLIC        USB_ProductStr
  X:000EH         PUBLIC        f_para
  D:00A1H         PUBLIC        SPI0CFG
  C:389FH         PUBLIC        _Delay
  B:00B0H.7       PUBLIC        KEY_Stop
  X:000FH         PUBLIC        f_init
  -------         PROC          MAIN
  C:37C2H         LINE#         40
  C:37C2H         LINE#         41
BL51 BANKED LINKER/LOCATER V6.22                                                      07/25/2019  11:38:35  PAGE 9


  C:37C2H         LINE#         46
  C:37C5H         LINE#         48
  C:37C8H         LINE#         49
  C:37C8H         LINE#         67
  C:37CEH         LINE#         72
  C:37D4H         LINE#         73
  C:37DAH         LINE#         74
  C:37E3H         LINE#         80
  C:37E6H         LINE#         82
  C:37E8H         LINE#         83
  -------         ENDPROC       MAIN
  -------         PROC          _DELAY
  D:0006H         SYMBOL        dly
  -------         DO            
  D:0004H         SYMBOL        i
  D:0002H         SYMBOL        j
  -------         ENDDO         
  C:389FH         LINE#         86
  C:389FH         LINE#         87
  C:389FH         LINE#         90
  C:38A9H         LINE#         91
  C:38BDH         LINE#         92
  -------         ENDPROC       _DELAY
  C:3501H         SYMBOL        L?0133
  -------         PROC          L?0132
  -------         ENDPROC       L?0132
  C:3501H         SYMBOL        L?0133
  -------         PROC          _STOPDELAY
  X:0052H         SYMBOL        sdly
  -------         DO            
  D:0006H         SYMBOL        i
  D:0004H         SYMBOL        j
  X:0054H         SYMBOL        k
  -------         ENDDO         
  C:3505H         LINE#         94
  C:350CH         LINE#         95
  C:350CH         LINE#         97
  C:3511H         LINE#         98
  C:3511H         LINE#         99
  C:3514H         LINE#         100
  C:3514H         LINE#         101
  C:3521H         LINE#         102
  C:3535H         LINE#         103
  C:3535H         LINE#         105
  C:3535H         LINE#         106
  C:353FH         LINE#         107
  C:353FH         LINE#         108
  C:3555H         LINE#         109
  -------         ENDPROC       _STOPDELAY
  -------         PROC          WAITKEY
  C:3934H         LINE#         138
  C:3934H         LINE#         139
  C:3934H         LINE#         141
  C:3937H         LINE#         142
  C:3937H         LINE#         144
  C:393AH         LINE#         146
  C:393CH         LINE#         147
BL51 BANKED LINKER/LOCATER V6.22                                                      07/25/2019  11:38:35  PAGE 10


  C:3943H         LINE#         148
  C:3946H         LINE#         150
  -------         ENDPROC       WAITKEY
  -------         PROC          CONNTOUSB
  -------         DO            
  X:0056H         SYMBOL        i
  X:0274H         SYMBOL        reg_data
  X:028CH         SYMBOL        para_data
  D:0007H         SYMBOL        dat
  X:0057H         SYMBOL        reg_index
  X:0059H         SYMBOL        data_num
  X:005AH         SYMBOL        st
  -------         ENDDO         
  C:008EH         LINE#         155
  C:008EH         LINE#         156
  C:008EH         LINE#         163
  C:00A1H         LINE#         165
  C:00A9H         LINE#         166
  C:00A9H         LINE#         167
  C:00B7H         LINE#         168
  C:00B7H         LINE#         169
  C:00C8H         LINE#         170
  C:00C8H         LINE#         171
  C:00EEH         LINE#         172
  C:00F0H         LINE#         173
  C:0104H         LINE#         174
  C:0104H         LINE#         175
  C:012AH         LINE#         177
  C:012AH         LINE#         178
  C:012AH         LINE#         179
  C:012AH         LINE#         181
  C:012AH         LINE#         182
  C:0132H         LINE#         183
  C:013CH         LINE#         184
  C:0146H         LINE#         186
  C:0162H         LINE#         188
  C:016CH         LINE#         189
  C:016CH         LINE#         190
  C:017DH         LINE#         191
  C:017DH         LINE#         192
  C:018EH         LINE#         193
  C:018EH         LINE#         194
  C:01E1H         LINE#         195
  C:01E3H         LINE#         196
  C:01F9H         LINE#         197
  C:01F9H         LINE#         198
  C:024BH         LINE#         199
  C:024BH         LINE#         200
  C:024BH         LINE#         201
  C:024BH         LINE#         203
  C:024BH         LINE#         204
  C:0253H         LINE#         205
  C:0253H         LINE#         206
  C:025DH         LINE#         207
  C:0267H         LINE#         209
  C:026BH         LINE#         210
  C:026EH         LINE#         214
BL51 BANKED LINKER/LOCATER V6.22                                                      07/25/2019  11:38:35  PAGE 11


  C:0276H         LINE#         215
  C:0276H         LINE#         216
  C:0285H         LINE#         217
  C:0285H         LINE#         218
  C:0287H         LINE#         220
  C:0289H         LINE#         221
  C:02A5H         LINE#         222
  C:02A7H         LINE#         224
  C:02D0H         LINE#         225
  C:02F4H         LINE#         226
  C:02FEH         LINE#         227
  C:02FEH         LINE#         228
  C:0306H         LINE#         229
  C:030DH         LINE#         230
  C:0318H         LINE#         231
  C:031EH         LINE#         232
  C:031EH         LINE#         233
  C:0327H         LINE#         235
  C:032BH         LINE#         236
  C:0337H         LINE#         237
  C:033AH         LINE#         240
  C:0342H         LINE#         241
  C:0342H         LINE#         242
  C:034BH         LINE#         243
  C:034BH         LINE#         244
  C:035BH         LINE#         245
  C:035BH         LINE#         246
  C:035DH         LINE#         248
  C:035FH         LINE#         249
  C:037BH         LINE#         250
  C:037DH         LINE#         252
  C:03A6H         LINE#         253
  C:03CAH         LINE#         255
  C:03D4H         LINE#         256
  C:03D4H         LINE#         257
  C:03DCH         LINE#         258
  C:03E3H         LINE#         259
  C:03EEH         LINE#         260
  C:03F4H         LINE#         261
  C:03F4H         LINE#         263
  C:03FDH         LINE#         269
  C:03FDH         LINE#         270
  C:040AH         LINE#         271
  C:040AH         LINE#         272
  C:040CH         LINE#         274
  C:040EH         LINE#         275
  C:042AH         LINE#         276
  C:042CH         LINE#         278
  C:0434H         LINE#         279
  C:0438H         LINE#         280
  C:0444H         LINE#         281
  C:0444H         LINE#         282
  C:0447H         LINE#         285
  C:044FH         LINE#         286
  C:044FH         LINE#         287
  C:0460H         LINE#         288
  C:0460H         LINE#         289
BL51 BANKED LINKER/LOCATER V6.22                                                      07/25/2019  11:38:35  PAGE 12


  C:046DH         LINE#         290
  C:046DH         LINE#         291
  C:048BH         LINE#         292
  C:048DH         LINE#         293
  C:049DH         LINE#         294
  C:049DH         LINE#         295
  C:04BBH         LINE#         296
  C:04BDH         LINE#         297
  C:04CEH         LINE#         298
  C:04CEH         LINE#         299
  C:04D8H         LINE#         300
  C:04E2H         LINE#         301
  C:04E2H         LINE#         302
  C:04E2H         LINE#         303
  C:04E2H         LINE#         305
  C:04E2H         LINE#         306
  C:04EBH         LINE#         307
  C:04EFH         LINE#         308
  C:04FBH         LINE#         309
  C:04FEH         LINE#         312
  C:0506H         LINE#         313
  C:0506H         LINE#         314
  C:0513H         LINE#         315
  C:0524H         LINE#         317
  C:052DH         LINE#         318
  C:053CH         LINE#         320
  C:0544H         LINE#         321
  C:0544H         LINE#         322
  C:054DH         LINE#         323
  C:055CH         LINE#         324
  C:055CH         LINE#         325
  C:055FH         LINE#         326
  C:056EH         LINE#         327
  C:057AH         LINE#         328
  C:0580H         LINE#         329
  C:0580H         LINE#         331
  C:0584H         LINE#         332
  C:0593H         LINE#         334
  C:059AH         LINE#         335
  C:05B6H         LINE#         336
  C:05C0H         LINE#         337
  C:05C0H         LINE#         338
  C:05E6H         LINE#         339
  C:05F9H         LINE#         340
  C:05F9H         LINE#         341
  C:064BH         LINE#         342
  C:0653H         LINE#         343
  C:0653H         LINE#         344
  C:0653H         LINE#         347
  C:0658H         LINE#         348
  C:0658H         LINE#         349
  C:0665H         LINE#         350
  C:0676H         LINE#         352
  C:067CH         LINE#         353
  C:0680H         LINE#         354
  C:0683H         LINE#         355
  C:0687H         LINE#         357
BL51 BANKED LINKER/LOCATER V6.22                                                      07/25/2019  11:38:35  PAGE 13


  C:068BH         LINE#         358
  C:0697H         LINE#         359
  C:0699H         LINE#         360
  -------         ENDPROC       CONNTOUSB
  -------         PROC          MCU_INIT
  -------         DO            
  D:0007H         SYMBOL        n
  -------         ENDDO         
  C:0046H         LINE#         363
  C:0046H         LINE#         364
  C:0046H         LINE#         366
  C:0049H         LINE#         369
  C:004CH         LINE#         370
  C:004FH         LINE#         372
  C:0052H         LINE#         374
  C:0058H         LINE#         376
  C:005BH         LINE#         377
  C:0060H         LINE#         378
  C:0063H         LINE#         380
  C:0066H         LINE#         383
  C:0069H         LINE#         384
  C:006CH         LINE#         386
  C:006FH         LINE#         387
  C:0072H         LINE#         389
  C:0075H         LINE#         390
  C:0078H         LINE#         392
  C:007BH         LINE#         393
  C:007EH         LINE#         394
  C:0080H         LINE#         395
  C:0082H         LINE#         397
  C:0085H         LINE#         398
  C:0088H         LINE#         400
  -------         ENDPROC       MCU_INIT
  -------         PROC          DEVICES_INIT
  C:32CDH         LINE#         402
  C:32CDH         LINE#         403
  C:32CDH         LINE#         405
  C:32D0H         LINE#         408
  C:32D3H         LINE#         409
  C:332DH         LINE#         410
  C:3330H         LINE#         413
  C:3333H         LINE#         414
  C:3336H         LINE#         422
  -------         ENDPROC       DEVICES_INIT
  -------         PROC          SUSPEND_DEVICE
  C:003DH         LINE#         426
  C:003DH         LINE#         427
  C:003DH         LINE#         428
  -------         ENDPROC       SUSPEND_DEVICE
  -------         PROC          USB_API_TEST_ISR
  -------         DO            
  X:0050H         SYMBOL        INTVAL
  -------         ENDDO         
  C:1F19H         LINE#         432
  C:1F36H         LINE#         434
  C:1F3DH         LINE#         436
  C:1F43H         LINE#         437
BL51 BANKED LINKER/LOCATER V6.22                                                      07/25/2019  11:38:35  PAGE 14


  C:1F43H         LINE#         438
  C:1F4EH         LINE#         440
  C:1F6AH         LINE#         441
  C:1F6AH         LINE#         442
  C:1F6CH         LINE#         443
  C:1F6EH         LINE#         444
  C:1F84H         LINE#         445
  C:1F84H         LINE#         446
  C:1F86H         LINE#         447
  C:1F88H         LINE#         448
  C:1FA0H         LINE#         449
  C:1FA0H         LINE#         450
  C:1FA2H         LINE#         451
  C:1FA4H         LINE#         452
  C:1FBEH         LINE#         453
  C:1FBEH         LINE#         454
  C:1FC0H         LINE#         455
  C:1FC2H         LINE#         456
  C:1FD7H         LINE#         457
  C:1FD7H         LINE#         458
  C:1FD9H         LINE#         459
  C:1FDBH         LINE#         461
  C:1FDBH         LINE#         462
  C:1FE0H         LINE#         463
  C:1FE0H         LINE#         464
  C:1FE0H         LINE#         466
  C:1FE0H         LINE#         467
  C:1FE0H         LINE#         469
  C:1FE0H         LINE#         471
  C:1FE6H         LINE#         472
  C:1FE6H         LINE#         473
  C:1FE9H         LINE#         474
  C:1FE9H         LINE#         476
  C:1FEFH         LINE#         477
  C:1FEFH         LINE#         478
  C:1FF2H         LINE#         479
  C:1FF2H         LINE#         481
  C:1FF8H         LINE#         482
  C:1FF8H         LINE#         483
  C:2014H         LINE#         484
  C:2014H         LINE#         486
  C:201AH         LINE#         487
  C:201AH         LINE#         488
  C:201FH         LINE#         489
  C:203BH         LINE#         490
  C:203BH         LINE#         491
  -------         ENDPROC       USB_API_TEST_ISR
  -------         ENDMOD        MAIN

  -------         MODULE        MMC_SD
  C:0000H         SYMBOL        _ICE_DUMMY_
  D:00A2H         PUBLIC        SPI0CKR
  D:0080H         PUBLIC        P0
  D:0090H         PUBLIC        P1
  D:00A0H         PUBLIC        P2
  D:00B0H         PUBLIC        P3
  C:3172H         PUBLIC        _MMC_SD_SendCommand
BL51 BANKED LINKER/LOCATER V6.22                                                      07/25/2019  11:38:35  PAGE 15


  C:3339H         PUBLIC        _MMC_SD_ReadSingleBlock
  C:3947H         PUBLIC        SD_Init
  C:307FH         PUBLIC        _MMC_SD_WriteSingleBlock
  B:00F8H.7       PUBLIC        SPIF
  B:00F8H.2       PUBLIC        NSSMD0
  C:275CH         PUBLIC        MMC_SD_Reset
  D:00A9H         PUBLIC        CLKSEL
  C:3972H         PUBLIC        SPI_ReadByte
  C:3900H         PUBLIC        _SPI_WriteByte
  D:00A3H         PUBLIC        SPI0DAT
  X:0074H         PUBLIC        buffer
  C:38F4H         SYMBOL        L?0062
  C:38F9H         SYMBOL        L?0063
  -------         PROC          L?0061
  -------         ENDPROC       L?0061
  C:38F4H         SYMBOL        L?0062
  C:38F9H         SYMBOL        L?0063
  -------         PROC          _SPI_WRITEBYTE
  D:0007H         SYMBOL        val
  -------         DO            
  D:0007H         SYMBOL        ret
  -------         ENDDO         
  C:3900H         LINE#         7
  C:3900H         LINE#         8
  C:3900H         LINE#         11
  C:3902H         LINE#         12
  C:3905H         LINE#         13
  C:3907H         LINE#         14
  C:3909H         LINE#         15
  C:3909H         LINE#         16
  -------         ENDPROC       _SPI_WRITEBYTE
  -------         PROC          SPI_READBYTE
  -------         DO            
  D:0007H         SYMBOL        ret
  -------         ENDDO         
  C:3972H         LINE#         18
  C:3972H         LINE#         19
  C:3972H         LINE#         22
  C:3975H         LINE#         23
  C:3978H         LINE#         24
  C:397AH         LINE#         25
  C:397CH         LINE#         26
  C:397CH         LINE#         27
  -------         ENDPROC       SPI_READBYTE
  -------         PROC          _MMC_SD_SENDCOMMAND
  D:0006H         SYMBOL        cmd
  X:0060H         SYMBOL        arg
  -------         DO            
  D:0007H         SYMBOL        r1
  D:0003H         SYMBOL        retry
  -------         ENDDO         
  C:3172H         LINE#         29
  C:3174H         LINE#         30
  C:3174H         LINE#         32
  C:3176H         LINE#         34
  C:3176H         LINE#         35
  C:3176H         LINE#         36
BL51 BANKED LINKER/LOCATER V6.22                                                      07/25/2019  11:38:35  PAGE 16


  C:3179H         LINE#         37
  C:3179H         LINE#         38
  C:3179H         LINE#         39
  C:317CH         LINE#         41
  C:317EH         LINE#         43
  C:3185H         LINE#         44
  C:319AH         LINE#         45
  C:31AFH         LINE#         46
  C:31C4H         LINE#         47
  C:31CEH         LINE#         48
  C:31D3H         LINE#         50
  C:31DBH         LINE#         51
  C:31E4H         LINE#         53
  C:31E6H         LINE#         55
  C:31E6H         LINE#         56
  -------         ENDPROC       _MMC_SD_SENDCOMMAND
  -------         PROC          MMC_SD_RESET
  -------         DO            
  D:0005H         SYMBOL        i
  D:0002H         SYMBOL        retry
  D:0006H         SYMBOL        r1
  -------         ENDDO         
  C:275CH         LINE#         58
  C:275CH         LINE#         59
  C:275CH         LINE#         62
  C:275EH         LINE#         64
  C:275FH         LINE#         65
  C:2762H         LINE#         66
  C:2765H         LINE#         68
  C:2765H         LINE#         69
  C:2771H         LINE#         70
  C:2781H         LINE#         71
  C:2782H         LINE#         72
  C:2788H         LINE#         73
  C:278CH         LINE#         75
  C:278EH         LINE#         77
  C:278EH         LINE#         79
  C:278EH         LINE#         80
  C:279EH         LINE#         81
  C:279FH         LINE#         82
  C:27A8H         LINE#         83
  C:27ACH         LINE#         85
  C:27AEH         LINE#         86
  C:27BEH         LINE#         87
  C:27BFH         LINE#         88
  C:27C8H         LINE#         89
  C:27CBH         LINE#         91
  C:27CEH         LINE#         92
  C:27CEH         LINE#         93
  C:27D0H         LINE#         95
  C:27D0H         LINE#         96
  C:27E0H         LINE#         97
  C:27E1H         LINE#         98
  C:27EAH         LINE#         99
  C:27EDH         LINE#         100
  C:27EDH         LINE#         101
  C:27FDH         LINE#         103
BL51 BANKED LINKER/LOCATER V6.22                                                      07/25/2019  11:38:35  PAGE 17


  C:280BH         LINE#         104
  C:280EH         LINE#         105
  C:2811H         LINE#         106
  C:2812H         LINE#         107
  -------         ENDPROC       MMC_SD_RESET
  -------         PROC          _MMC_SD_READSINGLEBLOCK
  X:0010H         SYMBOL        sector
  -------         DO            
  D:0007H         SYMBOL        r1
  D:0004H         SYMBOL        i
  D:0002H         SYMBOL        retry
  -------         ENDDO         
  C:3339H         LINE#         109
  C:333EH         LINE#         110
  C:333EH         LINE#         113
  C:3340H         LINE#         115
  C:3343H         LINE#         117
  C:3343H         LINE#         118
  C:335FH         LINE#         119
  C:3360H         LINE#         120
  C:3369H         LINE#         121
  C:336CH         LINE#         124
  C:336EH         LINE#         126
  C:3374H         LINE#         128
  C:3377H         LINE#         129
  C:3377H         LINE#         130
  C:3386H         LINE#         131
  C:3393H         LINE#         133
  C:3393H         LINE#         134
  C:3396H         LINE#         136
  C:3398H         LINE#         137
  C:339BH         LINE#         138
  C:339CH         LINE#         139
  -------         ENDPROC       _MMC_SD_READSINGLEBLOCK
  -------         PROC          _MMC_SD_WRITESINGLEBLOCK
  X:005BH         SYMBOL        sector
  -------         DO            
  D:0006H         SYMBOL        r1
  D:0004H         SYMBOL        i
  D:0002H         SYMBOL        retry
  -------         ENDDO         
  C:307FH         LINE#         141
  C:3084H         LINE#         142
  C:3084H         LINE#         145
  C:3086H         LINE#         147
  C:3089H         LINE#         149
  C:3089H         LINE#         150
  C:30A7H         LINE#         151
  C:30A8H         LINE#         152
  C:30B1H         LINE#         153
  C:30B4H         LINE#         157
  C:30B6H         LINE#         159
  C:30BBH         LINE#         161
  C:30C0H         LINE#         163
  C:30C2H         LINE#         164
  C:30C2H         LINE#         165
  C:30D1H         LINE#         166
BL51 BANKED LINKER/LOCATER V6.22                                                      07/25/2019  11:38:35  PAGE 18


  C:30DEH         LINE#         168
  C:30DEH         LINE#         169
  C:30DEH         LINE#         171
  C:30E3H         LINE#         173
  C:30EAH         LINE#         174
  C:30EAH         LINE#         175
  C:30ECH         LINE#         176
  C:30EDH         LINE#         177
  C:30EDH         LINE#         179
  C:30F5H         LINE#         181
  C:30F7H         LINE#         182
  C:30FAH         LINE#         183
  C:30FBH         LINE#         184
  -------         ENDPROC       _MMC_SD_WRITESINGLEBLOCK
  -------         PROC          SD_INIT
  -------         DO            
  D:0001H         SYMBOL        n
  -------         ENDDO         
  C:3947H         LINE#         187
  C:3947H         LINE#         188
  C:3947H         LINE#         189
  C:3949H         LINE#         191
  C:394FH         LINE#         192
  C:394FH         LINE#         193
  C:3950H         LINE#         194
  C:3957H         LINE#         196
  -------         ENDPROC       SD_INIT
  -------         ENDMOD        MMC_SD

  -------         MODULE        LCD
  C:0000H         SYMBOL        _ICE_DUMMY_
  D:0080H         PUBLIC        P0
  C:2A27H         PUBLIC        DispFrame
  D:0090H         PUBLIC        P1
  C:2AD1H         PUBLIC        DispScaleVer_Green
  D:00A0H         PUBLIC        P2
  D:00B0H         PUBLIC        P3
  C:1B31H         PUBLIC        DispBand
  C:36D4H         PUBLIC        _WriteData
  C:069AH         PUBLIC        ascii
  C:1DD7H         PUBLIC        _LCD_Read_IC_ID
  D:00A6H         PUBLIC        P2MDOUT
  C:3687H         PUBLIC        _DispColor
  C:2F73H         PUBLIC        DispScaleVer_Blue
  C:2E57H         PUBLIC        _DrawGird
  C:2FF9H         PUBLIC        _DrawLine
  B:00D0H.7       PUBLIC        CY
  C:373BH         PUBLIC        _WriteComm
  C:360DH         PUBLIC        _WriteDispData
  C:2DC6H         PUBLIC        DispScaleVer_Gray
  B:00B0H.1       PUBLIC        RS
  B:00A0H.1       PUBLIC        SPI_CLK
  C:2D35H         PUBLIC        DispScaleVer_Red
  C:218DH         PUBLIC        DispScaleVer
  C:26C4H         PUBLIC        _DispOneChar
  C:30FCH         PUBLIC        DispGrayHor32
  C:2B71H         PUBLIC        DispGrayHor16
BL51 BANKED LINKER/LOCATER V6.22                                                      07/25/2019  11:38:35  PAGE 19


  C:2813H         PUBLIC        _DispInt
  C:3556H         PUBLIC        _PutPixel
  D:00A9H         PUBLIC        CLKSEL
  B:0090H.6       PUBLIC        RD0
  B:00B0H.0       PUBLIC        CS0
  X:004EH         PUBLIC        LCM_ID
  C:1602H         PUBLIC        LCD_Init
  C:2C0CH         PUBLIC        _DispStr
  C:13DAH         PUBLIC        DispScaleHor1
  B:00A0H.0       PUBLIC        SPI_DI
  C:397DH         PUBLIC        _WriteOneDot
  C:17D5H         PUBLIC        DispScaleHor2
  C:24E1H         PUBLIC        _DispPicFromSD
  B:0080H.7       PUBLIC        DIR
  C:339DH         PUBLIC        _ToOrd
  B:0080H.5       PUBLIC        RST
  C:390AH         PUBLIC        ReadData
  C:2CBBH         PUBLIC        _?BlockWrite
  -------         PROC          _LCD_READ_IC_ID
  X:005BH         SYMBOL        ID
  D:0004H         SYMBOL        Bug
  D:0003H         SYMBOL        flog
  -------         DO            
  X:005CH         SYMBOL        id
  X:005EH         SYMBOL        id1
  X:0060H         SYMBOL        temp
  D:0005H         SYMBOL        i
  D:0007H         SYMBOL        dat
  D:0001H         SYMBOL        id2
  X:0062H         SYMBOL        id3
  -------         ENDDO         
  C:1DD7H         LINE#         35
  C:1DDBH         LINE#         36
  C:1DDBH         LINE#         39
  C:1DE4H         LINE#         40
  C:1DE4H         LINE#         42
  C:1DE7H         LINE#         43
  C:1DE9H         LINE#         44
  C:1DEBH         LINE#         45
  C:1DEDH         LINE#         46
  C:1DEFH         LINE#         47
  C:1DEFH         LINE#         48
  C:1DF1H         LINE#         49
  C:1DF9H         LINE#         50
  C:1DFBH         LINE#         52
  C:1DFDH         LINE#         53
  C:1E01H         LINE#         54
  C:1E06H         LINE#         55
  C:1E09H         LINE#         58
  C:1E13H         LINE#         59
  C:1E13H         LINE#         60
  C:1E15H         LINE#         61
  C:1E15H         LINE#         62
  C:1E17H         LINE#         63
  C:1E19H         LINE#         64
  C:1E1BH         LINE#         65
  C:1E32H         LINE#         66
BL51 BANKED LINKER/LOCATER V6.22                                                      07/25/2019  11:38:35  PAGE 20


  C:1E34H         LINE#         67
  C:1E36H         LINE#         68
  C:1E3DH         LINE#         69
  C:1E47H         LINE#         70
  C:1E47H         LINE#         71
  C:1E49H         LINE#         72
  C:1E49H         LINE#         73
  C:1E4BH         LINE#         74
  C:1E4DH         LINE#         75
  C:1E4FH         LINE#         76
  C:1E66H         LINE#         77
  C:1E68H         LINE#         78
  C:1E6AH         LINE#         79
  C:1E6FH         LINE#         80
  C:1E6FH         LINE#         82
  C:1E71H         LINE#         83
  C:1E71H         LINE#         84
  C:1E73H         LINE#         85
  C:1E75H         LINE#         86
  C:1E77H         LINE#         87
  C:1E8EH         LINE#         88
  C:1E90H         LINE#         89
  C:1E92H         LINE#         90
  C:1E97H         LINE#         92
  C:1E99H         LINE#         93
  C:1E99H         LINE#         94
  C:1E9BH         LINE#         95
  C:1E9DH         LINE#         96
  C:1E9FH         LINE#         97
  C:1EA9H         LINE#         98
  C:1EABH         LINE#         99
  C:1EADH         LINE#         100
  C:1EB2H         LINE#         102
  C:1EB4H         LINE#         103
  C:1EB4H         LINE#         104
  C:1EB6H         LINE#         105
  C:1EB8H         LINE#         106
  C:1EBAH         LINE#         107
  C:1EC6H         LINE#         108
  C:1EC8H         LINE#         109
  C:1ECAH         LINE#         110
  C:1ECFH         LINE#         111
  C:1ED2H         LINE#         112
  C:1ED4H         LINE#         113
  C:1ED6H         LINE#         114
  C:1ED8H         LINE#         115
  C:1EDAH         LINE#         116
  C:1EDCH         LINE#         117
  C:1EDEH         LINE#         119
  C:1EE2H         LINE#         120
  C:1EE2H         LINE#         121
  C:1EF2H         LINE#         123
  C:1EFDH         LINE#         124
  C:1EFDH         LINE#         125
  C:1EFDH         LINE#         127
  C:1F03H         LINE#         128
  C:1F03H         LINE#         129
BL51 BANKED LINKER/LOCATER V6.22                                                      07/25/2019  11:38:35  PAGE 21


  C:1F0FH         LINE#         130
  C:1F0FH         LINE#         132
  C:1F0FH         LINE#         133
  C:1F11H         LINE#         134
  C:1F18H         LINE#         135
  -------         ENDPROC       _LCD_READ_IC_ID
  -------         PROC          _WRITECOMM
  D:0004H         SYMBOL        i
  -------         DO            
  D:0003H         SYMBOL        j
  X:0073H         SYMBOL        DataH
  -------         ENDDO         
  C:373BH         LINE#         138
  C:373FH         LINE#         139
  C:373FH         LINE#         141
  C:3743H         LINE#         142
  C:3745H         LINE#         173
  C:3745H         LINE#         174
  C:3747H         LINE#         175
  C:3749H         LINE#         176
  C:374BH         LINE#         177
  C:374DH         LINE#         178
  C:374DH         LINE#         179
  C:3751H         LINE#         180
  C:3755H         LINE#         182
  C:3757H         LINE#         183
  C:375EH         LINE#         184
  C:3760H         LINE#         185
  C:3762H         LINE#         186
  C:3767H         LINE#         187
  C:3767H         LINE#         255
  C:3769H         LINE#         256
  -------         ENDPROC       _WRITECOMM
  C:36CEH         SYMBOL        L?0453
  C:36CFH         SYMBOL        L?0454
  -------         PROC          L?0452
  -------         ENDPROC       L?0452
  C:36CEH         SYMBOL        L?0453
  C:36CFH         SYMBOL        L?0454
  -------         PROC          _WRITEDATA
  D:0004H         SYMBOL        i
  -------         DO            
  D:0003H         SYMBOL        j
  X:0073H         SYMBOL        DataH
  -------         ENDDO         
  C:36D4H         LINE#         258
  C:36D8H         LINE#         259
  C:36D8H         LINE#         261
  C:36DCH         LINE#         262
  C:36DEH         LINE#         297
  C:36DEH         LINE#         339
  C:36E0H         LINE#         340
  C:36E2H         LINE#         341
  C:36E4H         LINE#         342
  C:36E6H         LINE#         343
  C:36E6H         LINE#         344
  C:36EAH         LINE#         345
BL51 BANKED LINKER/LOCATER V6.22                                                      07/25/2019  11:38:35  PAGE 22


  C:36EEH         LINE#         347
  C:36F0H         LINE#         348
  C:36F7H         LINE#         349
  C:36F9H         LINE#         350
  C:36FBH         LINE#         352
  C:3700H         LINE#         354
  C:3700H         LINE#         449
  C:3702H         LINE#         450
  -------         ENDPROC       _WRITEDATA
  C:35F8H         SYMBOL        L?0451
  -------         PROC          L?0450
  -------         ENDPROC       L?0450
  C:35F8H         SYMBOL        L?0451
  -------         PROC          _WRITEDISPDATA
  D:0007H         SYMBOL        DataH
  D:0005H         SYMBOL        DataL
  -------         DO            
  D:0006H         SYMBOL        j
  -------         ENDDO         
  C:360DH         LINE#         452
  C:360DH         LINE#         453
  C:360DH         LINE#         455
  C:360FH         LINE#         489
  C:360FH         LINE#         490
  C:3611H         LINE#         491
  C:3613H         LINE#         492
  C:3615H         LINE#         493
  C:3617H         LINE#         494
  C:3617H         LINE#         495
  C:361BH         LINE#         496
  C:361DH         LINE#         497
  C:361FH         LINE#         498
  C:3621H         LINE#         499
  C:3626H         LINE#         501
  C:3628H         LINE#         502
  C:362AH         LINE#         503
  C:362CH         LINE#         504
  C:362EH         LINE#         505
  C:362EH         LINE#         506
  C:3632H         LINE#         507
  C:3634H         LINE#         508
  C:3636H         LINE#         509
  C:3638H         LINE#         510
  C:363DH         LINE#         511
  C:363DH         LINE#         574
  C:363FH         LINE#         575
  -------         ENDPROC       _WRITEDISPDATA
  -------         PROC          _WRITEONEDOT
  D:0004H         SYMBOL        color
  C:397DH         LINE#         577
  C:3981H         LINE#         578
  C:3981H         LINE#         592
  -------         ENDPROC       _WRITEONEDOT
  -------         PROC          LCD_INIT
  C:1602H         LINE#         600
  C:1602H         LINE#         601
  C:1602H         LINE#         602
BL51 BANKED LINKER/LOCATER V6.22                                                      07/25/2019  11:38:35  PAGE 23


  C:1605H         LINE#         605
  C:1607H         LINE#         606
  C:160EH         LINE#         608
  C:1610H         LINE#         609
  C:1617H         LINE#         611
  C:1619H         LINE#         612
  C:1620H         LINE#         3244
  C:1627H         LINE#         3245
  C:162EH         LINE#         3246
  C:1633H         LINE#         3247
  C:1639H         LINE#         3248
  C:1640H         LINE#         3249
  C:1647H         LINE#         3250
  C:164DH         LINE#         3251
  C:1654H         LINE#         3252
  C:165BH         LINE#         3253
  C:1660H         LINE#         3254
  C:1665H         LINE#         3255
  C:166BH         LINE#         3256
  C:1670H         LINE#         3259
  C:1675H         LINE#         3260
  C:167AH         LINE#         3261
  C:167FH         LINE#         3262
  C:1684H         LINE#         3263
  C:168BH         LINE#         3264
  C:1692H         LINE#         3265
  C:1699H         LINE#         3266
  C:16A0H         LINE#         3267
  C:16A7H         LINE#         3268
  C:16AEH         LINE#         3269
  C:16B5H         LINE#         3270
  C:16BCH         LINE#         3272
  C:16C3H         LINE#         3273
  C:16CAH         LINE#         3275
  C:16CFH         LINE#         3277
  C:16D6H         LINE#         3278
  C:16DCH         LINE#         3279
  C:16E3H         LINE#         3280
  C:16EAH         LINE#         3281
  C:16F1H         LINE#         3282
  C:16F7H         LINE#         3283
  C:16FEH         LINE#         3284
  C:1704H         LINE#         3286
  C:170AH         LINE#         3288
  C:1711H         LINE#         3289
  C:1717H         LINE#         3290
  C:171EH         LINE#         3291
  C:1725H         LINE#         3292
  C:172CH         LINE#         3293
  C:1733H         LINE#         3294
  C:173AH         LINE#         3295
  C:1741H         LINE#         3296
  C:1748H         LINE#         3297
  C:174FH         LINE#         3298
  C:1756H         LINE#         3299
  C:175CH         LINE#         3300
  C:1763H         LINE#         3301
BL51 BANKED LINKER/LOCATER V6.22                                                      07/25/2019  11:38:35  PAGE 24


  C:176AH         LINE#         3302
  C:1771H         LINE#         3303
  C:1778H         LINE#         3304
  C:177FH         LINE#         3305
  C:1786H         LINE#         3306
  C:178DH         LINE#         3307
  C:1794H         LINE#         3310
  C:179BH         LINE#         3311
  C:17A2H         LINE#         3312
  C:17A7H         LINE#         3313
  C:17ACH         LINE#         3315
  C:17B1H         LINE#         3316
  C:17B7H         LINE#         3317
  C:17BDH         LINE#         3318
  C:17C4H         LINE#         3319
  C:17C9H         LINE#         3320
  C:17CFH         LINE#         3321
  -------         ENDPROC       LCD_INIT
  C:2CA2H         SYMBOL        L?0445
  C:2CAAH         SYMBOL        L?0446
  -------         PROC          L?0444
  -------         ENDPROC       L?0444
  C:2CA2H         SYMBOL        L?0445
  C:2CAAH         SYMBOL        L?0446
  -------         PROC          _?BLOCKWRITE
  p:0000H         SYMBOL        Xstart
  p:0002H         SYMBOL        Xend
  p:0004H         SYMBOL        Ystart
  p:0006H         SYMBOL        Yend
  C:2CBBH         LINE#         4262
  C:2CDCH         LINE#         4347
  C:2CE3H         LINE#         4348
  C:2CE8H         LINE#         4349
  C:2CEFH         LINE#         4350
  C:2CF6H         LINE#         4352
  C:2CFDH         LINE#         4353
  C:2D00H         LINE#         4354
  C:2D07H         LINE#         4355
  C:2D0EH         LINE#         4357
  C:2D15H         LINE#         4358
  C:2D1AH         LINE#         4359
  C:2D21H         LINE#         4360
  C:2D24H         LINE#         4361
  C:2D2BH         LINE#         4382
  C:2D2EH         LINE#         4386
  -------         ENDPROC       _?BLOCKWRITE
  -------         PROC          _DISPCOLOR
  D:0004H         SYMBOL        color
  -------         DO            
  X:0052H         SYMBOL        i
  D:0002H         SYMBOL        m
  X:0054H         SYMBOL        DataH
  D:0001H         SYMBOL        DataL
  -------         ENDDO         
  C:3687H         LINE#         4388
  C:3689H         LINE#         4389
  C:3689H         LINE#         4392
BL51 BANKED LINKER/LOCATER V6.22                                                      07/25/2019  11:38:35  PAGE 25


  C:368FH         LINE#         4394
  C:3692H         LINE#         4396
  C:3694H         LINE#         4397
  C:369AH         LINE#         4398
  C:369AH         LINE#         4399
  C:369DH         LINE#         4400
  C:369DH         LINE#         4401
  C:36A6H         LINE#         4402
  C:36B1H         LINE#         4403
  C:36C7H         LINE#         4405
  C:36C9H         LINE#         4406
  -------         ENDPROC       _DISPCOLOR
  -------         PROC          DISPFRAME
  -------         DO            
  D:0002H         SYMBOL        i
  X:0052H         SYMBOL        j
  D:0001H         SYMBOL        DataH
  D:0004H         SYMBOL        DataL
  -------         ENDDO         
  C:2A27H         LINE#         4408
  C:2A27H         LINE#         4409
  C:2A27H         LINE#         4412
  C:2A2AH         LINE#         4414
  C:2A2CH         LINE#         4417
  C:2A36H         LINE#         4420
  C:2A38H         LINE#         4421
  C:2A38H         LINE#         4423
  C:2A43H         LINE#         4425
  C:2A4EH         LINE#         4427
  C:2A58H         LINE#         4429
  C:2A5EH         LINE#         4430
  C:2A5EH         LINE#         4432
  C:2A68H         LINE#         4434
  C:2A6BH         LINE#         4435
  C:2A6BH         LINE#         4437
  C:2A73H         LINE#         4439
  C:2A7EH         LINE#         4442
  C:2A88H         LINE#         4444
  C:2A9EH         LINE#         4446
  C:2AA8H         LINE#         4448
  C:2AABH         LINE#         4449
  C:2AABH         LINE#         4451
  C:2AB6H         LINE#         4453
  C:2AC1H         LINE#         4455
  C:2ACBH         LINE#         4458
  C:2ACEH         LINE#         4459
  C:2AD0H         LINE#         4460
  -------         ENDPROC       DISPFRAME
  -------         PROC          DISPBAND
  -------         DO            
  D:0002H         SYMBOL        i
  X:0052H         SYMBOL        j
  X:0053H         SYMBOL        k
  X:0054H         SYMBOL        m
  X:0055H         SYMBOL        n
  D:0001H         SYMBOL        x
  -------         ENDDO         
BL51 BANKED LINKER/LOCATER V6.22                                                      07/25/2019  11:38:35  PAGE 26


  C:1B31H         LINE#         4462
  C:1B31H         LINE#         4463
  C:1B31H         LINE#         4467
  C:1B3AH         LINE#         4468
  C:1B43H         LINE#         4469
  C:1B45H         LINE#         4472
  C:1B4EH         LINE#         4473
  C:1B5CH         LINE#         4474
  C:1B5CH         LINE#         4475
  C:1B71H         LINE#         4476
  C:1B86H         LINE#         4477
  C:1BAAH         LINE#         4478
  C:1BB1H         LINE#         4479
  C:1BC0H         LINE#         4480
  C:1BC0H         LINE#         4481
  C:1BD5H         LINE#         4482
  C:1BEAH         LINE#         4483
  C:1C0EH         LINE#         4484
  C:1C15H         LINE#         4485
  C:1C2BH         LINE#         4486
  C:1C2BH         LINE#         4487
  C:1C40H         LINE#         4488
  C:1C55H         LINE#         4489
  C:1C79H         LINE#         4490
  C:1C80H         LINE#         4491
  C:1C82H         LINE#         4492
  C:1C85H         LINE#         4493
  -------         ENDPROC       DISPBAND
  -------         PROC          _DISPPICFROMSD
  D:0001H         SYMBOL        PicNum
  -------         DO            
  X:0014H         SYMBOL        Address_S
  X:0018H         SYMBOL        Address_E
  D:0002H         SYMBOL        i
  X:001CH         SYMBOL        k
  -------         ENDDO         
  C:24E1H         LINE#         4515
  C:24E3H         LINE#         4516
  C:24E3H         LINE#         4522
  C:24E6H         LINE#         4525
  C:24E8H         LINE#         4527
  C:24EAH         LINE#         4529
  C:24F3H         LINE#         4530
  C:251CH         LINE#         4531
  C:2545H         LINE#         4532
  C:2568H         LINE#         4533
  C:2568H         LINE#         4534
  C:2578H         LINE#         4536
  C:2581H         LINE#         4537
  C:2581H         LINE#         4539
  C:259CH         LINE#         4540
  C:25A5H         LINE#         4541
  C:25C4H         LINE#         4543
  C:25C6H         LINE#         4581
  -------         ENDPROC       _DISPPICFROMSD
  -------         PROC          DISPSCALEHOR1
  -------         DO            
BL51 BANKED LINKER/LOCATER V6.22                                                      07/25/2019  11:38:35  PAGE 27


  X:0020H         SYMBOL        i
  X:0022H         SYMBOL        j
  D:0002H         SYMBOL        k
  -------         ENDDO         
  C:13DAH         LINE#         4586
  C:13DAH         LINE#         4587
  C:13DAH         LINE#         4590
  C:13DDH         LINE#         4593
  C:13DFH         LINE#         4594
  C:13DFH         LINE#         4595
  C:1401H         LINE#         4596
  C:1407H         LINE#         4597
  C:1407H         LINE#         4598
  C:140DH         LINE#         4599
  C:140DH         LINE#         4600
  C:1422H         LINE#         4601
  C:1438H         LINE#         4602
  C:144EH         LINE#         4604
  C:1459H         LINE#         4607
  C:145CH         LINE#         4608
  C:145CH         LINE#         4609
  C:147EH         LINE#         4610
  C:1484H         LINE#         4611
  C:1484H         LINE#         4612
  C:148AH         LINE#         4613
  C:148AH         LINE#         4614
  C:14B5H         LINE#         4615
  C:14CBH         LINE#         4616
  C:14E1H         LINE#         4617
  C:14EFH         LINE#         4620
  C:14F2H         LINE#         4621
  C:14F2H         LINE#         4622
  C:1514H         LINE#         4623
  C:151AH         LINE#         4624
  C:151AH         LINE#         4625
  C:1520H         LINE#         4626
  C:1520H         LINE#         4627
  C:152AH         LINE#         4628
  C:1540H         LINE#         4629
  C:1556H         LINE#         4630
  C:1561H         LINE#         4633
  C:1564H         LINE#         4634
  C:1564H         LINE#         4635
  C:1586H         LINE#         4636
  C:158CH         LINE#         4637
  C:158CH         LINE#         4638
  C:1592H         LINE#         4639
  C:1592H         LINE#         4640
  C:15C5H         LINE#         4641
  C:15DBH         LINE#         4642
  C:15F1H         LINE#         4643
  C:15FFH         LINE#         4644
  C:1601H         LINE#         4645
  -------         ENDPROC       DISPSCALEHOR1
  -------         PROC          DISPSCALEVER
  -------         DO            
  X:0024H         SYMBOL        i
BL51 BANKED LINKER/LOCATER V6.22                                                      07/25/2019  11:38:35  PAGE 28


  X:0026H         SYMBOL        j
  D:0002H         SYMBOL        k
  -------         ENDDO         
  C:218DH         LINE#         4647
  C:218DH         LINE#         4648
  C:218DH         LINE#         4717
  C:2190H         LINE#         4719
  C:2192H         LINE#         4720
  C:2192H         LINE#         4721
  C:2198H         LINE#         4722
  C:2198H         LINE#         4723
  C:219EH         LINE#         4724
  C:21B4H         LINE#         4725
  C:21BFH         LINE#         4727
  C:21C2H         LINE#         4728
  C:21C2H         LINE#         4730
  C:21C8H         LINE#         4731
  C:21C8H         LINE#         4733
  C:21CEH         LINE#         4734
  C:21CEH         LINE#         4735
  C:21E0H         LINE#         4736
  C:21F6H         LINE#         4738
  C:21FCH         LINE#         4739
  C:21FCH         LINE#         4740
  C:2224H         LINE#         4741
  C:223AH         LINE#         4743
  C:2240H         LINE#         4744
  C:2240H         LINE#         4745
  C:2247H         LINE#         4746
  C:225DH         LINE#         4748
  C:2263H         LINE#         4749
  C:2263H         LINE#         4750
  C:2277H         LINE#         4751
  C:228DH         LINE#         4753
  C:22A6H         LINE#         4755
  C:22B4H         LINE#         4757
  -------         ENDPROC       DISPSCALEVER
  -------         PROC          DISPSCALEVER_RED
  -------         DO            
  X:0028H         SYMBOL        i
  X:002AH         SYMBOL        j
  D:0002H         SYMBOL        k
  -------         ENDDO         
  C:2D35H         LINE#         4759
  C:2D35H         LINE#         4760
  C:2D35H         LINE#         4763
  C:2D38H         LINE#         4765
  C:2D3AH         LINE#         4767
  C:2D3CH         LINE#         4770
  C:2D3EH         LINE#         4771
  C:2D3EH         LINE#         4772
  C:2D44H         LINE#         4773
  C:2D44H         LINE#         4774
  C:2D4AH         LINE#         4775
  C:2D60H         LINE#         4776
  C:2D6BH         LINE#         4778
  C:2D6EH         LINE#         4779
BL51 BANKED LINKER/LOCATER V6.22                                                      07/25/2019  11:38:35  PAGE 29


  C:2D6EH         LINE#         4780
  C:2D74H         LINE#         4781
  C:2D74H         LINE#         4783
  C:2D7AH         LINE#         4784
  C:2D7AH         LINE#         4785
  C:2D8CH         LINE#         4786
  C:2DA2H         LINE#         4787
  C:2DB8H         LINE#         4789
  C:2DC3H         LINE#         4791
  C:2DC5H         LINE#         4792
  -------         ENDPROC       DISPSCALEVER_RED
  -------         PROC          DISPSCALEVER_GREEN
  -------         DO            
  X:002CH         SYMBOL        i
  X:002EH         SYMBOL        j
  D:0002H         SYMBOL        k
  -------         ENDDO         
  C:2AD1H         LINE#         4794
  C:2AD1H         LINE#         4795
  C:2AD1H         LINE#         4798
  C:2AD4H         LINE#         4800
  C:2AD6H         LINE#         4801
  C:2AD8H         LINE#         4804
  C:2ADAH         LINE#         4805
  C:2ADAH         LINE#         4806
  C:2AE0H         LINE#         4807
  C:2AE0H         LINE#         4808
  C:2AE6H         LINE#         4810
  C:2AFCH         LINE#         4811
  C:2B07H         LINE#         4813
  C:2B0AH         LINE#         4814
  C:2B0AH         LINE#         4815
  C:2B10H         LINE#         4816
  C:2B10H         LINE#         4818
  C:2B16H         LINE#         4819
  C:2B16H         LINE#         4821
  C:2B37H         LINE#         4822
  C:2B4DH         LINE#         4823
  C:2B63H         LINE#         4825
  C:2B6EH         LINE#         4827
  C:2B70H         LINE#         4828
  -------         ENDPROC       DISPSCALEVER_GREEN
  -------         PROC          DISPSCALEVER_BLUE
  -------         DO            
  X:0030H         SYMBOL        i
  X:0032H         SYMBOL        j
  D:0002H         SYMBOL        k
  -------         ENDDO         
  C:2F73H         LINE#         4830
  C:2F73H         LINE#         4831
  C:2F73H         LINE#         4834
  C:2F76H         LINE#         4836
  C:2F78H         LINE#         4837
  C:2F7AH         LINE#         4840
  C:2F7CH         LINE#         4841
  C:2F7CH         LINE#         4842
  C:2F82H         LINE#         4843
BL51 BANKED LINKER/LOCATER V6.22                                                      07/25/2019  11:38:35  PAGE 30


  C:2F82H         LINE#         4844
  C:2F88H         LINE#         4845
  C:2F9EH         LINE#         4846
  C:2FA9H         LINE#         4848
  C:2FACH         LINE#         4849
  C:2FACH         LINE#         4850
  C:2FB2H         LINE#         4851
  C:2FB2H         LINE#         4853
  C:2FB8H         LINE#         4854
  C:2FB8H         LINE#         4855
  C:2FBFH         LINE#         4856
  C:2FD5H         LINE#         4857
  C:2FEBH         LINE#         4859
  C:2FF6H         LINE#         4861
  C:2FF8H         LINE#         4862
  -------         ENDPROC       DISPSCALEVER_BLUE
  -------         PROC          DISPSCALEVER_GRAY
  -------         DO            
  X:0034H         SYMBOL        i
  X:0036H         SYMBOL        j
  D:0002H         SYMBOL        k
  -------         ENDDO         
  C:2DC6H         LINE#         4864
  C:2DC6H         LINE#         4865
  C:2DC6H         LINE#         4868
  C:2DC9H         LINE#         4870
  C:2DCBH         LINE#         4875
  C:2DCDH         LINE#         4876
  C:2DCDH         LINE#         4877
  C:2DD3H         LINE#         4878
  C:2DD3H         LINE#         4879
  C:2DD9H         LINE#         4881
  C:2DEFH         LINE#         4882
  C:2DFAH         LINE#         4884
  C:2DFDH         LINE#         4885
  C:2DFDH         LINE#         4886
  C:2E03H         LINE#         4887
  C:2E03H         LINE#         4889
  C:2E09H         LINE#         4890
  C:2E09H         LINE#         4891
  C:2E1DH         LINE#         4892
  C:2E33H         LINE#         4893
  C:2E49H         LINE#         4895
  C:2E54H         LINE#         4897
  C:2E56H         LINE#         4898
  -------         ENDPROC       DISPSCALEVER_GRAY
  -------         PROC          DISPGRAYHOR16
  -------         DO            
  X:0052H         SYMBOL        i
  D:0002H         SYMBOL        j
  X:0054H         SYMBOL        k
  -------         ENDDO         
  C:2B71H         LINE#         4900
  C:2B71H         LINE#         4901
  C:2B71H         LINE#         4904
  C:2B74H         LINE#         4906
  C:2B76H         LINE#         4907
BL51 BANKED LINKER/LOCATER V6.22                                                      07/25/2019  11:38:35  PAGE 31


  C:2B78H         LINE#         4909
  C:2B7EH         LINE#         4910
  C:2B7EH         LINE#         4911
  C:2B87H         LINE#         4912
  C:2B87H         LINE#         4913
  C:2B8DH         LINE#         4914
  C:2B94H         LINE#         4916
  C:2B97H         LINE#         4917
  C:2B97H         LINE#         4918
  C:2B9DH         LINE#         4919
  C:2B9DH         LINE#         4920
  C:2BCFH         LINE#         4921
  C:2BE5H         LINE#         4922
  C:2BF0H         LINE#         4923
  C:2C09H         LINE#         4925
  C:2C0BH         LINE#         4926
  -------         ENDPROC       DISPGRAYHOR16
  -------         PROC          DISPGRAYHOR32
  -------         DO            
  X:0038H         SYMBOL        i
  D:0002H         SYMBOL        j
  X:003AH         SYMBOL        k
  -------         ENDDO         
  C:30FCH         LINE#         4928
  C:30FCH         LINE#         4929
  C:30FCH         LINE#         4932
  C:30FFH         LINE#         4934
  C:3101H         LINE#         4936
  C:3107H         LINE#         4937
  C:3107H         LINE#         4938
  C:310AH         LINE#         4939
  C:310AH         LINE#         4940
  C:3110H         LINE#         4941
  C:311BH         LINE#         4943
  C:311EH         LINE#         4944
  C:311EH         LINE#         4945
  C:3124H         LINE#         4946
  C:3124H         LINE#         4947
  C:3138H         LINE#         4948
  C:314EH         LINE#         4949
  C:3159H         LINE#         4950
  C:316FH         LINE#         4952
  C:3171H         LINE#         4953
  -------         ENDPROC       DISPGRAYHOR32
  -------         PROC          DISPSCALEHOR2
  -------         DO            
  X:003CH         SYMBOL        j
  D:0002H         SYMBOL        k
  -------         ENDDO         
  C:17D5H         LINE#         4955
  C:17D5H         LINE#         4956
  C:17D5H         LINE#         4959
  C:17D8H         LINE#         4961
  C:17DAH         LINE#         4962
  C:17DAH         LINE#         4963
  C:17E0H         LINE#         4964
  C:17FDH         LINE#         4965
BL51 BANKED LINKER/LOCATER V6.22                                                      07/25/2019  11:38:35  PAGE 32


  C:1808H         LINE#         4966
  C:180BH         LINE#         4967
  C:180BH         LINE#         4968
  C:1811H         LINE#         4969
  C:182EH         LINE#         4970
  C:1839H         LINE#         4971
  C:183CH         LINE#         4972
  C:183CH         LINE#         4973
  C:1842H         LINE#         4974
  C:185FH         LINE#         4975
  C:186AH         LINE#         4976
  C:186DH         LINE#         4977
  C:186DH         LINE#         4978
  C:1873H         LINE#         4979
  C:1890H         LINE#         4980
  C:189BH         LINE#         4981
  C:189EH         LINE#         4982
  C:189EH         LINE#         4983
  C:18A4H         LINE#         4984
  C:18C1H         LINE#         4985
  C:18CCH         LINE#         4986
  C:18CFH         LINE#         4987
  C:18CFH         LINE#         4988
  C:18D5H         LINE#         4989
  C:18F2H         LINE#         4990
  C:18FDH         LINE#         4991
  C:1900H         LINE#         4992
  C:1900H         LINE#         4993
  C:1906H         LINE#         4994
  C:1923H         LINE#         4995
  C:192EH         LINE#         4996
  C:1931H         LINE#         4997
  C:1931H         LINE#         4998
  C:1937H         LINE#         4999
  C:1953H         LINE#         5000
  C:195EH         LINE#         5001
  C:1967H         LINE#         5002
  C:1967H         LINE#         5003
  C:196DH         LINE#         5004
  C:1989H         LINE#         5005
  C:1990H         LINE#         5007
  -------         ENDPROC       DISPSCALEHOR2
  -------         PROC          _TOORD
  D:0007H         SYMBOL        ch
  C:339DH         LINE#         5112
  C:339DH         LINE#         5113
  C:339DH         LINE#         5114
  C:33A3H         LINE#         5115
  C:33A3H         LINE#         5116
  C:33A5H         LINE#         5117
  C:33A7H         LINE#         5118
  C:33B3H         LINE#         5119
  C:33B3H         LINE#         5120
  C:33B7H         LINE#         5121
  C:33B9H         LINE#         5122
  C:33C5H         LINE#         5123
  C:33C5H         LINE#         5124
BL51 BANKED LINKER/LOCATER V6.22                                                      07/25/2019  11:38:35  PAGE 33


  C:33C9H         LINE#         5125
  C:33CBH         LINE#         5126
  C:33D7H         LINE#         5127
  C:33D7H         LINE#         5128
  C:33DBH         LINE#         5129
  C:33DDH         LINE#         5130
  C:33E9H         LINE#         5131
  C:33E9H         LINE#         5132
  C:33EDH         LINE#         5133
  C:33EFH         LINE#         5134
  C:33F5H         LINE#         5135
  C:33F5H         LINE#         5136
  C:33F7H         LINE#         5137
  C:33F7H         LINE#         5139
  C:33F7H         LINE#         5140
  -------         ENDPROC       _TOORD
  C:269CH         SYMBOL        L?0448
  C:26B4H         SYMBOL        L?0449
  -------         PROC          L?0447
  -------         ENDPROC       L?0447
  C:269CH         SYMBOL        L?0448
  C:26B4H         SYMBOL        L?0449
  -------         PROC          _DISPONECHAR
  D:0001H         SYMBOL        ord
  D:0006H         SYMBOL        Xstart
  D:0002H         SYMBOL        Ystart
  X:006BH         SYMBOL        TextColor
  X:006DH         SYMBOL        BackColor
  -------         DO            
  X:006FH         SYMBOL        i
  D:0002H         SYMBOL        j
  X:0070H         SYMBOL        p
  D:0003H         SYMBOL        dat
  D:0006H         SYMBOL        index
  -------         ENDDO         
  C:26C4H         LINE#         5142
  C:26CAH         LINE#         5143
  C:26CAH         LINE#         5149
  C:26E4H         LINE#         5151
  C:26E8H         LINE#         5153
  C:26F1H         LINE#         5154
  C:26F3H         LINE#         5156
  C:2701H         LINE#         5158
  C:270EH         LINE#         5159
  C:2715H         LINE#         5161
  C:2719H         LINE#         5162
  C:2719H         LINE#         5163
  C:272EH         LINE#         5164
  C:2730H         LINE#         5165
  C:2730H         LINE#         5166
  C:273DH         LINE#         5167
  C:273DH         LINE#         5168
  C:273FH         LINE#         5169
  C:2741H         LINE#         5171
  C:2741H         LINE#         5172
  C:274BH         LINE#         5173
  C:274BH         LINE#         5174
BL51 BANKED LINKER/LOCATER V6.22                                                      07/25/2019  11:38:35  PAGE 34


  C:2750H         LINE#         5175
  C:275BH         LINE#         5176
  -------         ENDPROC       _DISPONECHAR
  -------         PROC          _DISPSTR
  X:005BH         SYMBOL        str
  X:005EH         SYMBOL        Xstart
  X:0060H         SYMBOL        Ystart
  X:0062H         SYMBOL        TextColor
  X:0064H         SYMBOL        BackColor
  C:2C0CH         LINE#         5178
  C:2C1CH         LINE#         5179
  C:2C1CH         LINE#         5181
  C:2C31H         LINE#         5182
  C:2C31H         LINE#         5183
  C:2C6CH         LINE#         5185
  C:2C78H         LINE#         5186
  C:2C78H         LINE#         5187
  C:2C7CH         LINE#         5188
  C:2C81H         LINE#         5189
  C:2C83H         LINE#         5191
  C:2C83H         LINE#         5192
  C:2C8EH         LINE#         5193
  C:2C8EH         LINE#         5195
  C:2C9AH         LINE#         5196
  C:2C9AH         LINE#         5197
  C:2C9EH         LINE#         5198
  C:2C9EH         LINE#         5199
  C:2CA1H         LINE#         5201
  -------         ENDPROC       _DISPSTR
  -------         PROC          _DISPINT
  X:005BH         SYMBOL        i
  X:005DH         SYMBOL        Xstart
  X:005FH         SYMBOL        Ystart
  X:0061H         SYMBOL        TextColor
  X:0063H         SYMBOL        BackColor
  C:2813H         LINE#         5203
  C:2828H         LINE#         5204
  C:2828H         LINE#         5205
  C:2830H         LINE#         5206
  C:2830H         LINE#         5207
  C:2837H         LINE#         5208
  C:2837H         LINE#         5209
  C:2846H         LINE#         5210
  C:2846H         LINE#         5211
  C:284FH         LINE#         5212
  C:284FH         LINE#         5214
  C:2861H         LINE#         5215
  C:286FH         LINE#         5216
  C:2888H         LINE#         5217
  -------         ENDPROC       _DISPINT
  -------         PROC          READDATA
  C:390AH         LINE#         5225
  C:390AH         LINE#         5226
  C:390AH         LINE#         5246
  C:391CH         LINE#         5253
  C:391FH         LINE#         5254
  -------         ENDPROC       READDATA
BL51 BANKED LINKER/LOCATER V6.22                                                      07/25/2019  11:38:35  PAGE 35


  -------         PROC          _PUTPIXEL
  D:0006H         SYMBOL        x
  D:0004H         SYMBOL        y
  X:0052H         SYMBOL        color
[...]
  C:12D8H         LINE#         312
  C:12D8H         LINE#         313
  C:12D8H         LINE#         314
  C:12E3H         LINE#         315
  C:12E3H         LINE#         316
  C:12E9H         LINE#         317
  C:12F8H         LINE#         318
  C:12F8H         LINE#         319
  C:12FDH         LINE#         320
  C:1300H         LINE#         321
  C:130FH         LINE#         322
  C:130FH         LINE#         323
  C:1324H         LINE#         324
  C:1329H         LINE#         325
  C:1331H         LINE#         326
  C:133BH         LINE#         327
  C:1349H         LINE#         328
  C:1357H         LINE#         329
  C:1359H         LINE#         331
  C:1359H         LINE#         332
  C:135EH         LINE#         333
  C:1361H         LINE#         334
  C:1379H         LINE#         335
  C:1379H         LINE#         336
  C:1392H         LINE#         337
  C:1397H         LINE#         338
  C:139FH         LINE#         339
  C:13A6H         LINE#         340
  C:13ABH         LINE#         341
  C:13ABH         LINE#         342
BL51 BANKED LINKER/LOCATER V6.22                                                      07/25/2019  11:38:35  PAGE 42


  C:13BFH         LINE#         343
  C:13BFH         LINE#         344
  C:13C6H         LINE#         345
  C:13CBH         LINE#         346
  C:13CBH         LINE#         347
  C:13D9H         LINE#         348
  C:13D9H         LINE#         349
  -------         ENDPROC       USBXCORE_HANDLE_SETUP
  -------         PROC          USBXCORE_FORCE_STALL
  C:38BEH         LINE#         356
  C:38BEH         LINE#         358
  C:38C9H         LINE#         359
  C:38D4H         LINE#         360
  C:38DAH         LINE#         361
  -------         ENDPROC       USBXCORE_FORCE_STALL
  -------         PROC          USBXCORE_GET_STATUS
  C:325AH         LINE#         367
  C:325AH         LINE#         369
  C:3269H         LINE#         370
  C:3269H         LINE#         371
  C:3269H         LINE#         372
  C:3269H         LINE#         373
  C:3269H         LINE#         374
  C:326BH         LINE#         375
  C:326BH         LINE#         379
  C:326BH         LINE#         381
  C:3279H         LINE#         385
  C:3279H         LINE#         386
  C:3279H         LINE#         387
  C:3279H         LINE#         388
  C:327BH         LINE#         390
  C:327BH         LINE#         392
  C:3289H         LINE#         396
  C:3289H         LINE#         397
  C:3296H         LINE#         398
  C:3296H         LINE#         399
  C:3298H         LINE#         401
  C:3298H         LINE#         402
  C:32A6H         LINE#         403
  C:32AFH         LINE#         404
  C:32AFH         LINE#         405
  C:32AFH         LINE#         406
  C:32B1H         LINE#         407
  C:32B1H         LINE#         408
  C:32B4H         LINE#         409
  C:32B4H         LINE#         410
  C:32B4H         LINE#         411
  C:32BCH         LINE#         412
  C:32BCH         LINE#         413
  C:32BFH         LINE#         414
  C:32C5H         LINE#         415
  C:32CCH         LINE#         416
  C:32CCH         LINE#         417
  -------         ENDPROC       USBXCORE_GET_STATUS
  -------         PROC          USBXCORE_CLEAR_FEATURE
  C:3452H         LINE#         423
  C:3452H         LINE#         425
BL51 BANKED LINKER/LOCATER V6.22                                                      07/25/2019  11:38:35  PAGE 43


  C:3458H         LINE#         426
  C:3458H         LINE#         428
  C:345FH         LINE#         429
  C:345FH         LINE#         430
  C:346AH         LINE#         436
  C:3475H         LINE#         437
  C:347AH         LINE#         438
  C:347CH         LINE#         440
  C:347CH         LINE#         442
  C:3487H         LINE#         446
  C:3492H         LINE#         447
  C:3497H         LINE#         448
  C:3497H         LINE#         449
  C:3499H         LINE#         451
  C:3499H         LINE#         452
  C:349CH         LINE#         453
  C:349CH         LINE#         454
  C:34A7H         LINE#         455
  -------         ENDPROC       USBXCORE_CLEAR_FEATURE
  -------         PROC          USBXCORE_VENDOR_USB_API
  C:25C7H         LINE#         462
  C:25C7H         LINE#         464
  C:25D1H         LINE#         465
  C:25D1H         LINE#         466
  C:25D8H         LINE#         467
  C:25D8H         LINE#         468
  C:25DBH         LINE#         469
  C:25DEH         LINE#         470
  C:25E0H         LINE#         472
  C:25E0H         LINE#         473
  C:25E7H         LINE#         474
  C:25E7H         LINE#         477
  C:25F2H         LINE#         482
  C:25FDH         LINE#         483
  C:2608H         LINE#         485
  C:2608H         LINE#         486
  C:261BH         LINE#         487
  C:261BH         LINE#         488
  C:261FH         LINE#         489
  C:262AH         LINE#         491
  C:262AH         LINE#         492
  C:263DH         LINE#         493
  C:263DH         LINE#         494
  C:2641H         LINE#         495
  C:264CH         LINE#         497
  C:2652H         LINE#         498
  C:265AH         LINE#         499
  C:265AH         LINE#         500
  C:265DH         LINE#         501
  C:265DH         LINE#         502
  C:265DH         LINE#         503
  C:2668H         LINE#         504
  C:2668H         LINE#         505
  C:266EH         LINE#         506
  C:2675H         LINE#         507
  C:2675H         LINE#         508
  C:2679H         LINE#         509
BL51 BANKED LINKER/LOCATER V6.22                                                      07/25/2019  11:38:35  PAGE 44


  C:2679H         LINE#         510
  C:267FH         LINE#         511
  C:2686H         LINE#         512
  C:2686H         LINE#         513
  C:2691H         LINE#         514
  -------         ENDPROC       USBXCORE_VENDOR_USB_API
  -------         PROC          USBXCORE_SET_FEATURE
  C:34AAH         LINE#         521
  C:34AAH         LINE#         523
  C:34B0H         LINE#         524
  C:34B0H         LINE#         526
  C:34B7H         LINE#         527
  C:34B7H         LINE#         528
  C:34C2H         LINE#         534
  C:34CDH         LINE#         535
  C:34D0H         LINE#         536
  C:34D2H         LINE#         538
  C:34D2H         LINE#         540
  C:34DDH         LINE#         544
  C:34E8H         LINE#         545
  C:34EEH         LINE#         546
  C:34EEH         LINE#         548
  C:34F0H         LINE#         550
  C:34F0H         LINE#         551
  C:34F3H         LINE#         552
  C:34F3H         LINE#         553
  C:34FEH         LINE#         554
  -------         ENDPROC       USBXCORE_SET_FEATURE
  -------         PROC          USBXCORE_SET_ADDRESS
  C:387FH         LINE#         561
  C:387FH         LINE#         563
  C:388EH         LINE#         564
  C:3894H         LINE#         565
  C:3894H         LINE#         566
  C:3897H         LINE#         567
  C:3899H         LINE#         569
  C:3899H         LINE#         570
  C:389CH         LINE#         571
  C:389CH         LINE#         572
  -------         ENDPROC       USBXCORE_SET_ADDRESS
  -------         PROC          USBXCORE_GET_DESCRIPTOR
  C:28C6H         LINE#         579
  C:28C6H         LINE#         580
  C:28D5H         LINE#         581
  C:28D5H         LINE#         582
  C:28D5H         LINE#         583
  C:28E3H         LINE#         584
  C:28E7H         LINE#         585
  C:28E9H         LINE#         586
  C:28E9H         LINE#         587
  C:28F7H         LINE#         588
  C:290AH         LINE#         589
  C:290CH         LINE#         590
  C:290CH         LINE#         591
  C:2930H         LINE#         592
  C:293CH         LINE#         593
  C:293EH         LINE#         594
BL51 BANKED LINKER/LOCATER V6.22                                                      07/25/2019  11:38:35  PAGE 45


  C:293EH         LINE#         595
  C:2941H         LINE#         596
  C:2941H         LINE#         597
  C:2941H         LINE#         598
  C:2957H         LINE#         599
  C:2957H         LINE#         600
  C:295FH         LINE#         601
  C:295FH         LINE#         602
  C:2967H         LINE#         603
  C:2967H         LINE#         604
  C:296AH         LINE#         605
  C:2970H         LINE#         606
  C:2977H         LINE#         607
  C:2977H         LINE#         608
  -------         ENDPROC       USBXCORE_GET_DESCRIPTOR
  -------         PROC          USBXCORE_GET_CONFIGURATION
  C:3640H         LINE#         614
  C:3640H         LINE#         616
  C:3648H         LINE#         617
  C:3648H         LINE#         618
  C:3654H         LINE#         619
  C:365CH         LINE#         620
  C:365CH         LINE#         621
  C:3660H         LINE#         622
  C:3660H         LINE#         623
  C:366EH         LINE#         624
  C:3676H         LINE#         625
  C:3676H         LINE#         626
  C:3679H         LINE#         627
  C:367FH         LINE#         628
  C:3686H         LINE#         629
  -------         ENDPROC       USBXCORE_GET_CONFIGURATION
  -------         PROC          USBXCORE_SET_CONFIGURATION
  C:33F8H         LINE#         635
  C:33F8H         LINE#         637
  C:3401H         LINE#         638
  C:3401H         LINE#         639
  C:3408H         LINE#         640
  C:340EH         LINE#         641
  C:3413H         LINE#         642
  C:3415H         LINE#         644
  C:3420H         LINE#         645
  C:342BH         LINE#         646
  C:3436H         LINE#         653
  C:3441H         LINE#         654
  C:3443H         LINE#         656
  C:3443H         LINE#         657
  C:3449H         LINE#         658
  C:344DH         LINE#         659
  C:344FH         LINE#         660
  C:344FH         LINE#         661
  -------         ENDPROC       USBXCORE_SET_CONFIGURATION
  -------         PROC          USBXCORE_GET_INTERFACE
  C:3810H         LINE#         668
  C:3810H         LINE#         670
  C:381EH         LINE#         671
  C:3826H         LINE#         672
BL51 BANKED LINKER/LOCATER V6.22                                                      07/25/2019  11:38:35  PAGE 46


  C:3829H         LINE#         673
  C:382FH         LINE#         674
  C:3836H         LINE#         675
  -------         ENDPROC       USBXCORE_GET_INTERFACE
  -------         PROC          USBXCORE_SET_SOP
  C:3920H         LINE#         682
  C:3920H         LINE#         684
  C:3928H         LINE#         685
  C:3928H         LINE#         686
  C:3933H         LINE#         687
  C:3933H         LINE#         688
  -------         ENDPROC       USBXCORE_SET_SOP
  -------         PROC          USBXCORE_USB_ISR
  C:1C86H         LINE#         699
  C:1CA3H         LINE#         702
  C:1CA9H         LINE#         703
  C:1CBCH         LINE#         706
  C:1CCFH         LINE#         709
  C:1CD3H         LINE#         710
  C:1CD3H         LINE#         711
  C:1CDEH         LINE#         712
  C:1CDEH         LINE#         714
  C:1CE5H         LINE#         715
  C:1CE5H         LINE#         716
  C:1CE8H         LINE#         717
  C:1CE8H         LINE#         719
  C:1CEFH         LINE#         720
  C:1CEFH         LINE#         721
  C:1CFCH         LINE#         722
  C:1CFCH         LINE#         723
  C:1D03H         LINE#         724
  C:1D03H         LINE#         725
  C:1D03H         LINE#         727
  C:1D03H         LINE#         728
  C:1D03H         LINE#         730
  C:1D03H         LINE#         732
  C:1D16H         LINE#         734
  C:1D1AH         LINE#         735
  C:1D1AH         LINE#         736
  C:1D1DH         LINE#         737
  C:1D1DH         LINE#         740
  C:1D24H         LINE#         741
  C:1D24H         LINE#         742
  C:1D2FH         LINE#         748
  C:1D42H         LINE#         749
  C:1D47H         LINE#         750
  C:1D47H         LINE#         751
  C:1D4EH         LINE#         752
  C:1D4EH         LINE#         754
  C:1D4EH         LINE#         756
  C:1D61H         LINE#         759
  C:1D65H         LINE#         760
  C:1D65H         LINE#         761
  C:1D70H         LINE#         767
  C:1D83H         LINE#         768
  C:1D87H         LINE#         769
  C:1D87H         LINE#         770
BL51 BANKED LINKER/LOCATER V6.22                                                      07/25/2019  11:38:35  PAGE 47


  C:1D8EH         LINE#         771
  C:1D8EH         LINE#         772
  C:1D8EH         LINE#         775
  C:1D9CH         LINE#         776
  C:1DA1H         LINE#         777
  C:1DA7H         LINE#         778
  C:1DACH         LINE#         781
  C:1DB9H         LINE#         782
  C:1DB9H         LINE#         783
  C:1DBCH         LINE#         784
  C:1DBCH         LINE#         785
  -------         ENDPROC       USBXCORE_USB_ISR
  -------         ENDMOD        USB_API

  -------         MODULE        USB_SUSPEND
  C:0000H         SYMBOL        _ICE_DUMMY_
  D:00D7H         PUBLIC        USB0XCN
  D:00C9H         PUBLIC        REG0CN
  C:3797H         PUBLIC        USB_Suspend
  D:00A9H         PUBLIC        CLKSEL
  D:00B2H         PUBLIC        OSCICN
  D:00B9H         PUBLIC        CLKMUL
  -------         PROC          USB_SUSPEND
  C:3797H         LINE#         70
  C:3797H         LINE#         72
  C:379AH         LINE#         74
  C:379DH         LINE#         76
  C:37A5H         LINE#         79
  C:37A8H         LINE#         80
  C:37ABH         LINE#         81
  C:37AEH         LINE#         82
  C:37B1H         LINE#         84
  C:37B2H         LINE#         86
  C:37B5H         LINE#         88
  C:37BBH         LINE#         92
  C:37BEH         LINE#         94
  C:37C1H         LINE#         95
  -------         ENDPROC       USB_SUSPEND
  -------         ENDMOD        USB_SUSPEND

  -------         MODULE        USB_INT_ENABLE
  C:0000H         SYMBOL        _ICE_DUMMY_
  C:38DBH         PUBLIC        USB_Int_Enable
  D:0096H         PUBLIC        USB0ADR
  D:0097H         PUBLIC        USB0DAT
  -------         PROC          USB_INT_ENABLE
  C:38DBH         LINE#         68
  C:38DBH         LINE#         71
  C:38E2H         LINE#         73
  C:38E8H         LINE#         74
  C:38E8H         LINE#         75
  C:38F3H         LINE#         77
  C:38F3H         LINE#         78
  -------         ENDPROC       USB_INT_ENABLE
  -------         ENDMOD        USB_INT_ENABLE

  -------         MODULE        USB_CLOCK_RECOVERY
BL51 BANKED LINKER/LOCATER V6.22                                                      07/25/2019  11:38:35  PAGE 48


  C:0000H         SYMBOL        _ICE_DUMMY_
  C:3966H         PUBLIC        USBXcore_ClkRec
  D:0096H         PUBLIC        USB0ADR
  D:0097H         PUBLIC        USB0DAT
  -------         PROC          USBXCORE_CLKREC
  C:3966H         LINE#         45
  C:3966H         LINE#         47
  C:3971H         LINE#         48
  -------         ENDPROC       USBXCORE_CLKREC
  -------         ENDMOD        USB_CLOCK_RECOVERY

  -------         MODULE        ?C?FPMUL
  C:0C9AH         PUBLIC        ?C?FPMUL
  -------         ENDMOD        ?C?FPMUL

  -------         MODULE        ?C?FCAST
  C:0DAAH         PUBLIC        ?C?FCASTC
  C:0DA5H         PUBLIC        ?C?FCASTI
  C:0DA0H         PUBLIC        ?C?FCASTL
  -------         ENDMOD        ?C?FCAST

  -------         MODULE        ?C?CASTF
  C:0DDEH         PUBLIC        ?C?CASTF
  -------         ENDMOD        ?C?CASTF

  -------         MODULE        ?C?COPY
  C:0F2FH         PUBLIC        ?C?COPY
  -------         ENDMOD        ?C?COPY

  -------         MODULE        ?C?CLDPTR
  C:0F55H         PUBLIC        ?C?CLDPTR
  -------         ENDMOD        ?C?CLDPTR

  -------         MODULE        ?C?CLDOPTR
  C:0F6EH         PUBLIC        ?C?CLDOPTR
  -------         ENDMOD        ?C?CLDOPTR

  -------         MODULE        ?C?IMUL
  C:0F9BH         PUBLIC        ?C?IMUL
  -------         ENDMOD        ?C?IMUL

  -------         MODULE        ?C?IILDX
  C:0FADH         PUBLIC        ?C?IILDX
  -------         ENDMOD        ?C?IILDX

  -------         MODULE        ?C?LMUL
  C:0FC3H         PUBLIC        ?C?LMUL
  -------         ENDMOD        ?C?LMUL

  -------         MODULE        ?C?ULDIV
  C:104EH         PUBLIC        ?C?ULDIV
  -------         ENDMOD        ?C?ULDIV

  -------         MODULE        ?C?LNEG
  C:10E0H         PUBLIC        ?C?LNEG
  -------         ENDMOD        ?C?LNEG

BL51 BANKED LINKER/LOCATER V6.22                                                      07/25/2019  11:38:35  PAGE 49


  -------         MODULE        ?C?ULCMP
  C:10EEH         PUBLIC        ?C?ULCMP
  -------         ENDMOD        ?C?ULCMP

  -------         MODULE        ?C?ULSHR
  C:10FFH         PUBLIC        ?C?ULSHR
  -------         ENDMOD        ?C?ULSHR

  -------         MODULE        ?C?LSHL
  C:1112H         PUBLIC        ?C?LSHL
  -------         ENDMOD        ?C?LSHL

  -------         MODULE        ?C?LLDIPDATA
  C:112EH         PUBLIC        ?C?LLDIPDATA
  C:1125H         PUBLIC        ?C?LLDIPDATA1
  C:1127H         PUBLIC        ?C?LLDIPDATA8
  -------         ENDMOD        ?C?LLDIPDATA

  -------         MODULE        ?C?LSTXDATA
  C:1145H         PUBLIC        ?C?LSTXDATA
  -------         ENDMOD        ?C?LSTXDATA

  -------         MODULE        ?C?LSTPDATA
  C:1151H         PUBLIC        ?C?LSTPDATA
  -------         ENDMOD        ?C?LSTPDATA

  -------         MODULE        ?C?LSTKXDATA
  C:115DH         PUBLIC        ?C?LSTKXDATA
  -------         ENDMOD        ?C?LSTKXDATA

  -------         MODULE        ?C?LSTKPDATA
  C:118EH         PUBLIC        ?C?LSTKPDATA
  -------         ENDMOD        ?C?LSTKPDATA

  -------         MODULE        ?C_PBP
  D:0008H         PUBLIC        ?C_PBP
  -------         ENDMOD        ?C_PBP

*** WARNING L14: INCOMPATIBLE MEMORY MODEL
    MODULE:  .\USBX_F34X.LIB (USB_API)
    MODEL:   SMALL

*** WARNING L14: INCOMPATIBLE MEMORY MODEL
    MODULE:  .\USBX_F34X.LIB (USB_SUSPEND)
    MODEL:   SMALL

*** WARNING L14: INCOMPATIBLE MEMORY MODEL
    MODULE:  .\USBX_F34X.LIB (USB_INT_ENABLE)
    MODEL:   SMALL

*** WARNING L14: INCOMPATIBLE MEMORY MODEL
    MODULE:  .\USBX_F34X.LIB (USB_CLOCK_RECOVERY)
    MODEL:   SMALL

*** WARNING L16: UNCALLED SEGMENT, IGNORED FOR OVERLAY PROCESS
    SEGMENT: ?PR?SD_INIT?MMC_SD

BL51 BANKED LINKER/LOCATER V6.22                                                      07/25/2019  11:38:35  PAGE 50


*** WARNING L16: UNCALLED SEGMENT, IGNORED FOR OVERLAY PROCESS
    SEGMENT: ?PR?_DISPPICFROMSD?LCD

*** WARNING L16: UNCALLED SEGMENT, IGNORED FOR OVERLAY PROCESS
    SEGMENT: ?PR?DISPSCALEHOR1?LCD

*** WARNING L16: UNCALLED SEGMENT, IGNORED FOR OVERLAY PROCESS
    SEGMENT: ?PR?DISPSCALEVER?LCD

*** WARNING L16: UNCALLED SEGMENT, IGNORED FOR OVERLAY PROCESS
    SEGMENT: ?PR?DISPSCALEVER_RED?LCD

*** WARNING L16: UNCALLED SEGMENT, IGNORED FOR OVERLAY PROCESS
    SEGMENT: ?PR?DISPSCALEVER_GREEN?LCD

*** WARNING L16: UNCALLED SEGMENT, IGNORED FOR OVERLAY PROCESS
    SEGMENT: ?PR?DISPSCALEVER_BLUE?LCD

*** WARNING L16: UNCALLED SEGMENT, IGNORED FOR OVERLAY PROCESS
    SEGMENT: ?PR?DISPSCALEVER_GRAY?LCD

*** WARNING L16: UNCALLED SEGMENT, IGNORED FOR OVERLAY PROCESS
    SEGMENT: ?PR?DISPGRAYHOR32?LCD

*** WARNING L16: UNCALLED SEGMENT, IGNORED FOR OVERLAY PROCESS
    SEGMENT: ?PR?DISPSCALEHOR2?LCD

*** WARNING L16: UNCALLED SEGMENT, IGNORED FOR OVERLAY PROCESS
    SEGMENT: ?PR?_DRAWGIRD?LCD

*** WARNING L15: MULTIPLE CALL TO SEGMENT
    SEGMENT: ?PR?_WRITECOMM?LCD
    CALLER1: ?PR?USB_API_TEST_ISR?MAIN
    CALLER2: ?C_C51STARTUP

*** WARNING L15: MULTIPLE CALL TO SEGMENT
    SEGMENT: ?PR?_WRITEDATA?LCD
    CALLER1: ?PR?USB_API_TEST_ISR?MAIN
    CALLER2: ?C_C51STARTUP

Program Size: data=10.0 xdata=1211 code=14721
LINK/LOCATE RUN COMPLETE.  17 WARNING(S),  0 ERROR(S)
