BL51 BANKED LINKER/LOCATER V6.22                                                        12/07/2020  10:01:15  PAGE 1


BL51 BANKED LINKER/LOCATER V6.22, INVOKED BY:
C:\KEIL\C51\BIN\BL51.EXE main.obj, mmc_sd.obj, lcd.obj, tp.obj, .\USBX_F34X.LIB TO ST7735S_TM177_4W1L RAMSIZE (256)


MEMORY MODEL: COMPACT WITH FLOATING POINT ARITHMETIC


INPUT MODULES INCLUDED:
  main.obj (MAIN)
  mmc_sd.obj (MMC_SD)
  lcd.obj (LCD)
  tp.obj (TP)
  .\USBX_F34X.LIB (USB_API)
  .\USBX_F34X.LIB (USB_CLOCK_START)
  .\USBX_F34X.LIB (USB_SUSPEND)
  .\USBX_F34X.LIB (GET_INTERRUPT_SOURCE)
  .\USBX_F34X.LIB (BLOCK_READ)
  .\USBX_F34X.LIB (BLOCK_WRITE)
  .\USBX_F34X.LIB (USB_INT_ENABLE)
  .\USBX_F34X.LIB (USB_CLOCK_RECOVERY)
  .\USBX_F34X.LIB (USB_JUMP_ISR)
  C:\KEIL\C51\LIB\C51FPC.LIB (?C?FPMUL)
  C:\KEIL\C51\LIB\C51FPC.LIB (?C?FCAST)
  C:\KEIL\C51\LIB\C51FPC.LIB (?C?CASTF)
  C:\KEIL\C51\LIB\C51FPC.LIB (?C?FPGETOPN)
  C:\KEIL\C51\LIB\C51C.LIB (?C_STARTUP)
  C:\KEIL\C51\LIB\C51C.LIB (?C?COPY)
  C:\KEIL\C51\LIB\C51C.LIB (?C?CLDPTR)
  C:\KEIL\C51\LIB\C51C.LIB (?C?CLDOPTR)
  C:\KEIL\C51\LIB\C51C.LIB (?C?IMUL)
  C:\KEIL\C51\LIB\C51C.LIB (?C?IILDX)
  C:\KEIL\C51\LIB\C51C.LIB (?C?ILDOPTR)
  C:\KEIL\C51\LIB\C51C.LIB (?C?LMUL)
  C:\KEIL\C51\LIB\C51C.LIB (?C?ULDIV)
  C:\KEIL\C51\LIB\C51C.LIB (?C?LNEG)
  C:\KEIL\C51\LIB\C51C.LIB (?C?ULCMP)
  C:\KEIL\C51\LIB\C51C.LIB (?C?ULSHR)
  C:\KEIL\C51\LIB\C51C.LIB (?C?LSHL)
  C:\KEIL\C51\LIB\C51C.LIB (?C?LLDIPDATA)
  C:\KEIL\C51\LIB\C51C.LIB (?C?LSTXDATA)
  C:\KEIL\C51\LIB\C51C.LIB (?C?LSTPDATA)
  C:\KEIL\C51\LIB\C51C.LIB (?C?LSTKXDATA)
  C:\KEIL\C51\LIB\C51C.LIB (?C?LSTKPDATA)
  C:\KEIL\C51\LIB\C51C.LIB (?C_PBP)
  C:\KEIL\C51\LIB\C51C.LIB (?C_INIT)


LINK MAP OF MODULE:  ST7735S_TM177_4W1L (MAIN)


            TYPE    BASE      LENGTH    RELOCATION   SEGMENT NAME
            -----------------------------------------------------

            * * * * * * *   D A T A   M E M O R Y   * * * * * * *
            REG     0000H     0008H     ABSOLUTE     "REG BANK 0"
            DATA    0008H     0001H     UNIT         ?C?LIB_DATA
            IDATA   0009H     0001H     UNIT         ?STACK

BL51 BANKED LINKER/LOCATER V6.22                                                      12/07/2020  10:01:15  PAGE 2


            * * * * * * *  X D A T A   M E M O R Y  * * * * * * *
            XDATA   0000H     0010H     INPAGE       ?PD?MAIN
            XDATA   0010H     0004H     INPAGE       ?PD?_MMC_SD_READSINGLEBLOCK?MMC_SD
            XDATA   0014H     0005H     INPAGE       ?PD?_DISPPIC?LCD
            XDATA   0019H     000DH     INPAGE       ?PD?_DISPPICFROMSD?LCD
            XDATA   0026H     0004H     INPAGE       ?PD?DISPSCALEHOR1?LCD
            XDATA   002AH     0004H     INPAGE       ?PD?DISPSCALEVER?LCD
            XDATA   002EH     0004H     INPAGE       ?PD?DISPSCALEVER_RED?LCD
            XDATA   0032H     0004H     INPAGE       ?PD?DISPSCALEVER_GREEN?LCD
            XDATA   0036H     0004H     INPAGE       ?PD?DISPSCALEVER_BLUE?LCD
            XDATA   003AH     0004H     INPAGE       ?PD?DISPSCALEVER_GRAY?LCD
            XDATA   003EH     0004H     INPAGE       ?PD?DISPGRAYHOR32?LCD
            XDATA   0042H     0002H     INPAGE       ?PD?DISPSCALEHOR2?LCD
            XDATA   0044H     000CH     INPAGE       ?PD?_DRAWLINE?LCD
            XDATA   0050H     0004H     INPAGE       ?PD?_DRAWGIRD?LCD
            XDATA   0054H     0002H     INPAGE       ?PD?LCD
            XDATA   0056H     0024H     INPAGE       _PDATA_GROUP_
            XDATA   007AH     0200H     UNIT         ?XD?MMC_SD
            XDATA   027AH     0058H     UNIT         _XDATA_GROUP_
            XDATA   02D2H     0040H     UNIT         ?XD?MAIN
                    0312H     032EH                  *** GAP ***
            XDATA   0640H     0100H     ABSOLUTE     
            XDATA   0740H     0012H     ABSOLUTE     
            XDATA   0752H     0020H     ABSOLUTE     
            XDATA   0772H     000CH     ABSOLUTE     
            XDATA   077EH     0008H     ABSOLUTE     
            XDATA   0786H     0001H     ABSOLUTE     
            XDATA   0787H     0003H     ABSOLUTE     
            XDATA   078AH     0002H     ABSOLUTE     
            XDATA   078CH     0002H     ABSOLUTE     
            XDATA   078EH     0003H     ABSOLUTE     
            XDATA   0791H     0001H     ABSOLUTE     
            XDATA   0792H     0001H     ABSOLUTE     
            XDATA   0793H     0001H     ABSOLUTE     
            XDATA   0794H     0001H     ABSOLUTE     
            XDATA   0795H     0002H     ABSOLUTE     
            XDATA   0797H     0002H     ABSOLUTE     
            XDATA   0799H     0001H     ABSOLUTE     
            XDATA   079AH     0001H     ABSOLUTE     
            XDATA   079BH     0001H     ABSOLUTE     
            XDATA   079CH     0001H     ABSOLUTE     
            XDATA   079DH     0001H     ABSOLUTE     
            XDATA   079EH     0001H     ABSOLUTE     
            XDATA   079FH     0002H     ABSOLUTE     
            XDATA   07A1H     0001H     ABSOLUTE     
            XDATA   07A2H     0001H     ABSOLUTE     
            XDATA   07A3H     000CH     ABSOLUTE     
                    07AFH     0011H                  *** GAP ***
            XDATA   07C0H     0040H     ABSOLUTE     

            * * * * * * *   C O D E   M E M O R Y   * * * * * * *
            CODE    0000H     0003H     ABSOLUTE     
            CODE    0003H     0040H     UNIT         ?PR?_WRITEDISPDATA?LCD
            CODE    0043H     0003H     ABSOLUTE     
            CODE    0046H     0044H     UNIT         ?PR?_DISPCOLOR?LCD
                    008AH     0001H                  *** GAP ***
            CODE    008BH     0003H     ABSOLUTE     
BL51 BANKED LINKER/LOCATER V6.22                                                      12/07/2020  10:01:15  PAGE 3


            CODE    008EH     A600H     UNIT         ?CO?LCD
            CODE    A68EH     060BH     UNIT         ?PR?CONNTOUSB?MAIN
            CODE    AC99H     0545H     UNIT         ?C?LIB_CODE
            CODE    B1DEH     0233H     UNIT         ?PR?USBXCORE_HANDLE_SETUP?USB_API
            CODE    B411H     0232H     UNIT         ?PR?_LCD_READ_IC_ID?LCD
            CODE    B643H     0220H     UNIT         ?PR?DISPSCALEHOR1?LCD
            CODE    B863H     01BCH     UNIT         ?PR?DISPSCALEHOR2?LCD
            CODE    BA1FH     019EH     UNIT         ?PR?TP_DRAWLINE?TP
            CODE    BBBDH     0192H     UNIT         ?PR?LCD_INIT?LCD
            CODE    BD4FH     018CH     UNIT         ?PR?DISPBAND?LCD
            CODE    BEDBH     0151H     UNIT         ?PR?USBXCORE_USB_ISR?USB_API
            CODE    C02CH     013BH     UNIT         ?PR?USB_API_TEST_ISR?MAIN
            CODE    C167H     0137H     UNIT         ?PR?_USB_INIT?USB_API
            CODE    C29EH     012AH     UNIT         ?PR?DISPSCALEVER?LCD
            CODE    C3C8H     011BH     UNIT         ?PR?_TP_GETPOSITION?TP
            CODE    C4E3H     0111H     UNIT         ?PR?_BLOCK_WRITE?BLOCK_WRITE
            CODE    C5F4H     00E9H     UNIT         ?PR?_DISPPICFROMSD?LCD
            CODE    C6DDH     00CDH     UNIT         ?PR?USBXCORE_VENDOR_USB_API?USB_API
            CODE    C7AAH     00CBH     UNIT         ?PR?_DISPONECHAR?LCD
            CODE    C875H     00B7H     UNIT         ?PR?MMC_SD_RESET?MMC_SD
            CODE    C92CH     00B3H     UNIT         ?PR?_DISPINT?LCD
            CODE    C9DFH     00B2H     UNIT         ?PR?USBXCORE_GET_DESCRIPTOR?USB_API
            CODE    CA91H     00AFH     UNIT         ?PR?_BLOCK_READ?BLOCK_READ
            CODE    CB40H     00AAH     UNIT         ?PR?DISPFRAME?LCD
            CODE    CBEAH     00A0H     UNIT         ?PR?DISPSCALEVER_GREEN?LCD
            CODE    CC8AH     009BH     UNIT         ?PR?_?BLOCKWRITE?LCD
            CODE    CD25H     009BH     UNIT         ?PR?DISPGRAYHOR16?LCD
            CODE    CDC0H     0096H     UNIT         ?PR?_DISPSTR?LCD
            CODE    CE56H     0093H     UNIT         ?PR?DISPSCALEVER_RED?LCD
            CODE    CEE9H     0093H     UNIT         ?PR?DISPSCALEVER_GRAY?LCD
            CODE    CF7CH     008FH     UNIT         ?PR?_DRAWGIRD?LCD
            CODE    D00BH     008CH     UNIT         ?C_C51STARTUP
            CODE    D097H     0088H     UNIT         ?PR?DISPSCALEVER_BLUE?LCD
            CODE    D11FH     0086H     UNIT         ?PR?_DRAWLINE?LCD
            CODE    D1A5H     007DH     UNIT         ?PR?_MMC_SD_WRITESINGLEBLOCK?MMC_SD
            CODE    D222H     0078H     UNIT         ?PR?DISPGRAYHOR32?LCD
            CODE    D29AH     0075H     UNIT         ?PR?_MMC_SD_SENDCOMMAND?MMC_SD
            CODE    D30FH     0073H     UNIT         ?PR?TP_READ?TP
            CODE    D382H     0073H     UNIT         ?PR?USBXCORE_GET_STATUS?USB_API
            CODE    D3F5H     006CH     UNIT         ?PR?DEVICES_INIT?MAIN
            CODE    D461H     0064H     UNIT         ?PR?_MMC_SD_READSINGLEBLOCK?MMC_SD
            CODE    D4C5H     005BH     UNIT         ?PR?_TOORD?LCD
            CODE    D520H     005AH     UNIT         ?PR?USBXCORE_SET_CONFIGURATION?USB_API
            CODE    D57AH     0058H     UNIT         ?PR?USBXCORE_CLEAR_FEATURE?USB_API
            CODE    D5D2H     0057H     UNIT         ?PR?USBXCORE_SET_FEATURE?USB_API
            CODE    D629H     0055H     UNIT         ?PR?_STOPDELAY?MAIN
            CODE    D67EH     0053H     UNIT         ?PR?_DISPPIC?LCD
            CODE    D6D1H     0052H     UNIT         ?PR?_PUTPIXEL?LCD
            CODE    D723H     0050H     UNIT         ?CO?MAIN
            CODE    D773H     0047H     UNIT         ?PR?USBXCORE_GET_CONFIGURATION?USB_API
            CODE    D7BAH     0043H     UNIT         ?PR?MCU_INIT?MAIN
            CODE    D7FDH     003AH     UNIT         ?CO?USB_API
            CODE    D837H     0038H     UNIT         ?PR?USB_CLOCK_START?USB_CLOCK_START
            CODE    D86FH     0033H     UNIT         ?PR?READDATA?LCD
            CODE    D8A2H     002FH     UNIT         ?PR?_WRITEDATA?LCD
            CODE    D8D1H     002DH     UNIT         ?C_INITSEG
            CODE    D8FEH     002BH     UNIT         ?PR?_WRITECOMM?LCD
BL51 BANKED LINKER/LOCATER V6.22                                                      12/07/2020  10:01:15  PAGE 4


            CODE    D929H     002BH     UNIT         ?PR?USB_SUSPEND?USB_SUSPEND
            CODE    D954H     0027H     UNIT         ?PR?MAIN?MAIN
            CODE    D97BH     0027H     UNIT         ?PR?USBXCORE_USB_RESET?USB_API
            CODE    D9A2H     0027H     UNIT         ?PR?USBXCORE_GET_INTERFACE?USB_API
            CODE    D9C9H     0026H     UNIT         ?PR?_TP_WRITE?TP
            CODE    D9EFH     0022H     UNIT         ?PR?USBXCORE_JUMP_ISR?USB_JUMP_ISR
            CODE    DA11H     0020H     UNIT         ?PR?USBXCORE_SET_ADDRESS?USB_API
            CODE    DA31H     001FH     UNIT         ?PR?_DELAY?MAIN
            CODE    DA50H     001DH     UNIT         ?PR?USBXCORE_FORCE_STALL?USB_API
            CODE    DA6DH     0019H     UNIT         ?PR?USB_INT_ENABLE?USB_INT_ENABLE
            CODE    DA86H     0016H     UNIT         ?PR?_SPI_WRITEBYTE?MMC_SD
            CODE    DA9CH     0014H     UNIT         ?PR?USBXCORE_SET_SOP?USB_API
            CODE    DAB0H     0013H     UNIT         ?PR?WAITKEY?MAIN
            CODE    DAC3H     0011H     UNIT         ?PR?SD_INIT?MMC_SD
            CODE    DAD4H     000EH     UNIT         ?PR?GET_INTERRUPT_SOURCE?GET_INTERRUPT_SOURCE
            CODE    DAE2H     000CH     UNIT         ?PR?USBXCORE_CLKREC?USB_CLOCK_RECOVERY
            CODE    DAEEH     000BH     UNIT         ?PR?SPI_READBYTE?MMC_SD
            CODE    DAF9H     0009H     UNIT         ?PR?_WRITEONEDOT?LCD
            CODE    DB02H     0003H     UNIT         ?PR?SUSPEND_DEVICE?MAIN



OVERLAY MAP OF MODULE:   ST7735S_TM177_4W1L (MAIN)


SEGMENT                                            PDATA_GROUP         XDATA_GROUP
  +--> CALLED SEGMENT                            START    LENGTH     START    LENGTH
------------------------------------------------------------------------------------
?PR?USB_API_TEST_ISR?MAIN                        0056H    0001H      -----    -----
  +--> ?PR?GET_INTERRUPT_SOURCE?GET_INTERRUP...
  +--> ?PR?_BLOCK_READ?BLOCK_READ
  +--> ?PR?SUSPEND_DEVICE?MAIN
  +--> ?PR?MCU_INIT?MAIN
  +--> ?PR?_?BLOCKWRITE?LCD

?PR?SUSPEND_DEVICE?MAIN                          -----    -----      -----    -----
  +--> ?PR?USB_SUSPEND?USB_SUSPEND

?PR?USB_SUSPEND?USB_SUSPEND                      -----    -----      -----    -----
  +--> ?PR?USB_CLOCK_START?USB_CLOCK_START

?PR?_?BLOCKWRITE?LCD                             -----    -----      -----    -----
  +--> ?PR?_WRITECOMM?LCD
  +--> ?PR?_WRITEDATA?LCD

?PR?_WRITECOMM?LCD                               0079H    0001H      -----    -----

?PR?_WRITEDATA?LCD                               0079H    0001H      -----    -----

*** NEW ROOT ***************************************************

?PR?USBXCORE_USB_ISR?USB_API                     -----    -----      -----    -----
  +--> ?PR?USBXCORE_USB_RESET?USB_API
  +--> ?PR?USBXCORE_HANDLE_SETUP?USB_API
  +--> ?PR?USBXCORE_JUMP_ISR?USB_JUMP_ISR

?PR?USBXCORE_HANDLE_SETUP?USB_API                -----    -----      -----    -----
BL51 BANKED LINKER/LOCATER V6.22                                                      12/07/2020  10:01:15  PAGE 5


  +--> ?PR?USBXCORE_GET_STATUS?USB_API
  +--> ?PR?USBXCORE_CLEAR_FEATURE?USB_API
  +--> ?PR?USBXCORE_VENDOR_USB_API?USB_API
  +--> ?PR?USBXCORE_SET_FEATURE?USB_API
  +--> ?PR?USBXCORE_SET_ADDRESS?USB_API
  +--> ?PR?USBXCORE_GET_DESCRIPTOR?USB_API
  +--> ?PR?USBXCORE_GET_CONFIGURATION?USB_API
  +--> ?PR?USBXCORE_SET_CONFIGURATION?USB_API
  +--> ?PR?USBXCORE_GET_INTERFACE?USB_API
  +--> ?PR?USBXCORE_SET_SOP?USB_API
  +--> ?PR?USBXCORE_FORCE_STALL?USB_API

?PR?USBXCORE_GET_STATUS?USB_API                  -----    -----      -----    -----
  +--> ?CO?USB_API
  +--> ?PR?USBXCORE_FORCE_STALL?USB_API
  +--> ?PR?USBXCORE_SET_SOP?USB_API

?PR?USBXCORE_CLEAR_FEATURE?USB_API               -----    -----      -----    -----
  +--> ?PR?USBXCORE_FORCE_STALL?USB_API
  +--> ?PR?USBXCORE_SET_SOP?USB_API

?PR?USBXCORE_VENDOR_USB_API?USB_API              -----    -----      -----    -----
  +--> ?PR?USBXCORE_SET_SOP?USB_API

?PR?USBXCORE_SET_FEATURE?USB_API                 -----    -----      -----    -----
  +--> ?PR?USBXCORE_FORCE_STALL?USB_API
  +--> ?PR?USBXCORE_SET_SOP?USB_API

?PR?USBXCORE_SET_ADDRESS?USB_API                 -----    -----      -----    -----
  +--> ?PR?USBXCORE_SET_SOP?USB_API

?PR?USBXCORE_GET_DESCRIPTOR?USB_API              -----    -----      -----    -----
  +--> ?PR?USBXCORE_FORCE_STALL?USB_API
  +--> ?PR?USBXCORE_SET_SOP?USB_API

?PR?USBXCORE_GET_CONFIGURATION?USB_API           -----    -----      -----    -----
  +--> ?CO?USB_API
  +--> ?PR?USBXCORE_SET_SOP?USB_API

?PR?USBXCORE_SET_CONFIGURATION?USB_API           -----    -----      -----    -----
  +--> ?PR?USBXCORE_SET_SOP?USB_API

?PR?USBXCORE_GET_INTERFACE?USB_API               -----    -----      -----    -----
  +--> ?CO?USB_API
  +--> ?PR?USBXCORE_SET_SOP?USB_API

*** NEW ROOT ***************************************************

?C_C51STARTUP                                    -----    -----      -----    -----
  +--> ?PR?MAIN?MAIN
  +--> ?C_INITSEG

?PR?MAIN?MAIN                                    -----    -----      -----    -----
  +--> ?PR?DEVICES_INIT?MAIN
  +--> ?PR?DISPFRAME?LCD
  +--> ?PR?_STOPDELAY?MAIN
  +--> ?PR?DISPBAND?LCD
BL51 BANKED LINKER/LOCATER V6.22                                                      12/07/2020  10:01:15  PAGE 6


  +--> ?PR?DISPGRAYHOR16?LCD
  +--> ?PR?_DISPCOLOR?LCD
  +--> ?PR?TP_DRAWLINE?TP

?PR?DEVICES_INIT?MAIN                            -----    -----      -----    -----
  +--> ?PR?MCU_INIT?MAIN
  +--> ?PR?USB_CLOCK_START?USB_CLOCK_START
  +--> ?CO?MAIN
  +--> ?PR?_USB_INIT?USB_API
  +--> ?PR?USB_INT_ENABLE?USB_INT_ENABLE
  +--> ?PR?LCD_INIT?LCD

?PR?_USB_INIT?USB_API                            -----    -----      027AH    0011H
  +--> ?CO?USB_API
  +--> ?PR?USBXCORE_CLKREC?USB_CLOCK_RECOVERY

?PR?LCD_INIT?LCD                                 -----    -----      -----    -----
  +--> ?PR?READDATA?LCD
  +--> ?PR?_DELAY?MAIN
  +--> ?PR?_WRITECOMM?LCD
  +--> ?PR?_WRITEDATA?LCD

?PR?READDATA?LCD                                 -----    -----      -----    -----
  +--> ?PR?_WRITECOMM?LCD
  +--> ?PR?_WRITEDATA?LCD
  +--> ?PR?_LCD_READ_IC_ID?LCD

?PR?_LCD_READ_IC_ID?LCD                          0061H    0008H      -----    -----

?PR?DISPFRAME?LCD                                0058H    0002H      -----    -----
  +--> ?PR?_?BLOCKWRITE?LCD
  +--> ?PR?_WRITEDISPDATA?LCD

?PR?_STOPDELAY?MAIN                              0058H    0004H      -----    -----
  +--> ?PR?WAITKEY?MAIN
  +--> ?PR?_DELAY?MAIN

?PR?WAITKEY?MAIN                                 -----    -----      -----    -----
  +--> ?PR?CONNTOUSB?MAIN
  +--> ?PR?_DELAY?MAIN

?PR?CONNTOUSB?MAIN                               005CH    0005H      027AH    0058H
  +--> ?CO?MAIN
  +--> ?PR?_WRITECOMM?LCD
  +--> ?PR?_WRITEDATA?LCD
  +--> ?PR?_DISPSTR?LCD
  +--> ?PR?_DISPINT?LCD
  +--> ?PR?_WRITEDISPDATA?LCD
  +--> ?PR?_MMC_SD_WRITESINGLEBLOCK?MMC_SD
  +--> ?PR?_BLOCK_WRITE?BLOCK_WRITE
  +--> ?PR?READDATA?LCD
  +--> ?PR?_DELAY?MAIN

?PR?_DISPSTR?LCD                                 0061H    000BH      -----    -----
  +--> ?PR?_TOORD?LCD
  +--> ?PR?_DISPONECHAR?LCD

BL51 BANKED LINKER/LOCATER V6.22                                                      12/07/2020  10:01:15  PAGE 7


?PR?_DISPONECHAR?LCD                             006CH    000DH      -----    -----
  +--> ?PR?_?BLOCKWRITE?LCD
  +--> ?CO?LCD
  +--> ?PR?_WRITEONEDOT?LCD

?PR?_WRITEONEDOT?LCD                             -----    -----      -----    -----
  +--> ?PR?_WRITEDISPDATA?LCD

?PR?_DISPINT?LCD                                 0061H    000AH      -----    -----
  +--> ?PR?_DISPONECHAR?LCD

?PR?_MMC_SD_WRITESINGLEBLOCK?MMC_SD              0061H    0004H      -----    -----
  +--> ?PR?_MMC_SD_SENDCOMMAND?MMC_SD
  +--> ?PR?_SPI_WRITEBYTE?MMC_SD

?PR?_MMC_SD_SENDCOMMAND?MMC_SD                   0065H    0005H      -----    -----
  +--> ?PR?_SPI_WRITEBYTE?MMC_SD

?PR?DISPBAND?LCD                                 0058H    0005H      -----    -----
  +--> ?PR?_?BLOCKWRITE?LCD
  +--> ?PR?_WRITEDISPDATA?LCD

?PR?DISPGRAYHOR16?LCD                            0058H    0004H      -----    -----
  +--> ?PR?_?BLOCKWRITE?LCD
  +--> ?PR?_WRITEDISPDATA?LCD

?PR?_DISPCOLOR?LCD                               0058H    0004H      -----    -----
  +--> ?PR?_?BLOCKWRITE?LCD
  +--> ?PR?_WRITEDISPDATA?LCD

?PR?TP_DRAWLINE?TP                               -----    -----      027AH    0018H
  +--> ?PR?_DISPCOLOR?LCD
  +--> ?PR?_DELAY?MAIN
  +--> ?PR?_TP_GETPOSITION?TP
  +--> ?PR?_PUTPIXEL?LCD

?PR?_TP_GETPOSITION?TP                           -----    -----      0292H    001BH
  +--> ?PR?_TP_WRITE?TP
  +--> ?PR?TP_READ?TP

?PR?_TP_WRITE?TP                                 -----    -----      02ADH    0001H

?PR?TP_READ?TP                                   -----    -----      02ADH    0005H

?PR?_PUTPIXEL?LCD                                0058H    0002H      -----    -----
  +--> ?PR?_?BLOCKWRITE?LCD
  +--> ?PR?_WRITEDISPDATA?LCD



SYMBOL TABLE OF MODULE:  ST7735S_TM177_4W1L (MAIN)

  VALUE           TYPE          NAME
  ----------------------------------

  -------         MODULE        MAIN
  C:0000H         SYMBOL        _ICE_DUMMY_
BL51 BANKED LINKER/LOCATER V6.22                                                      12/07/2020  10:01:15  PAGE 8


  D:0080H         PUBLIC        P0
  X:0000H         PUBLIC        f_down
  D:0090H         PUBLIC        P1
  D:00A0H         PUBLIC        P2
  D:00B0H         PUBLIC        P3
  C:D76EH         PUBLIC        USB_MaxPower
  B:00B0H.6       PUBLIC        KEY_STEP
  D:00A4H         PUBLIC        P0MDOUT
  D:00A5H         PUBLIC        P1MDOUT
  D:00A6H         PUBLIC        P2MDOUT
  D:00A7H         PUBLIC        P3MDOUT
  D:00AEH         PUBLIC        P4MDOUT
  B:0080H.6       PUBLIC        OE
  D:00D9H         PUBLIC        PCA0MD
  C:C02CH         PUBLIC        USB_API_TEST_ISR
  C:DB02H         PUBLIC        Suspend_Device
  C:D62DH         PUBLIC        _StopDelay
  D:00E1H         PUBLIC        XBR0
  D:00E2H         PUBLIC        XBR1
  B:00B0H.1       PUBLIC        RS
  C:D954H         PUBLIC        main
  X:0001H         PUBLIC        VerifyCode0
  X:0002H         PUBLIC        VerifyCode1
  C:D738H         PUBLIC        USB_PID
  X:0003H         PUBLIC        VerifyCode2
  D:00F1H         PUBLIC        P0MDIN
  D:00F2H         PUBLIC        P1MDIN
  C:D73AH         PUBLIC        USB_MfrStr
  D:00F4H         PUBLIC        P3MDIN
  C:D736H         PUBLIC        USB_VID
  D:00F8H         PUBLIC        SPI0CN
  X:0004H         PUBLIC        pic
  C:D3F5H         PUBLIC        Devices_Init
  C:A68EH         PUBLIC        ConnToUSB
  D:00A9H         PUBLIC        CLKSEL
  D:00B2H         PUBLIC        OSCICN
  C:D76FH         PUBLIC        USB_PwAttributes
  C:DAB0H         PUBLIC        WaitKey
  C:D772H         SYMBOL        _?ix1000
  B:00B0H.0       PUBLIC        CS0
  X:0005H         PUBLIC        bf
  C:D770H         PUBLIC        USB_bcdDevice
  D:00B9H         PUBLIC        CLKMUL
  X:0007H         PUBLIC        f_debug
  X:0008H         PUBLIC        sd
  X:02D2H         PUBLIC        Packet
  C:D7BAH         PUBLIC        MCU_Init
  B:0080H.7       PUBLIC        DIR
  D:00EFH         PUBLIC        RSTSRC
  X:000CH         PUBLIC        f_read
  C:D764H         PUBLIC        USB_SerialStr
  X:000DH         PUBLIC        f_other
  C:D754H         PUBLIC        USB_ProductStr
  X:000EH         PUBLIC        f_para
  D:00A1H         PUBLIC        SPI0CFG
  C:DA31H         PUBLIC        _Delay
  B:00B0H.7       PUBLIC        KEY_Stop
BL51 BANKED LINKER/LOCATER V6.22                                                      12/07/2020  10:01:15  PAGE 9


  X:000FH         PUBLIC        f_init
  -------         PROC          MAIN
  C:D954H         LINE#         40
  C:D954H         LINE#         41
  C:D954H         LINE#         46
  C:D957H         LINE#         48
  C:D95AH         LINE#         49
  C:D95AH         LINE#         54
  C:D960H         LINE#         59
  C:D966H         LINE#         60
  C:D96CH         LINE#         61
  C:D975H         LINE#         82
  C:D978H         LINE#         84
  C:D97AH         LINE#         85
  -------         ENDPROC       MAIN
  -------         PROC          _DELAY
  D:0006H         SYMBOL        dly
  -------         DO            
  D:0004H         SYMBOL        i
  D:0002H         SYMBOL        j
  -------         ENDDO         
  C:DA31H         LINE#         88
  C:DA31H         LINE#         89
  C:DA31H         LINE#         92
  C:DA3BH         LINE#         93
  C:DA4FH         LINE#         94
  -------         ENDPROC       _DELAY
  C:D629H         SYMBOL        L?0133
  -------         PROC          L?0132
  -------         ENDPROC       L?0132
  C:D629H         SYMBOL        L?0133
  -------         PROC          _STOPDELAY
  X:0058H         SYMBOL        sdly
  -------         DO            
  D:0006H         SYMBOL        i
  D:0004H         SYMBOL        j
  X:005AH         SYMBOL        k
  -------         ENDDO         
  C:D62DH         LINE#         96
  C:D634H         LINE#         97
  C:D634H         LINE#         99
  C:D639H         LINE#         100
  C:D639H         LINE#         101
  C:D63CH         LINE#         102
  C:D63CH         LINE#         103
  C:D649H         LINE#         104
  C:D65DH         LINE#         105
  C:D65DH         LINE#         107
  C:D65DH         LINE#         108
  C:D667H         LINE#         109
  C:D667H         LINE#         110
  C:D67DH         LINE#         111
  -------         ENDPROC       _STOPDELAY
  -------         PROC          WAITKEY
  C:DAB0H         LINE#         140
  C:DAB0H         LINE#         141
  C:DAB0H         LINE#         143
BL51 BANKED LINKER/LOCATER V6.22                                                      12/07/2020  10:01:15  PAGE 10


  C:DAB3H         LINE#         144
  C:DAB3H         LINE#         146
  C:DAB6H         LINE#         148
  C:DAB8H         LINE#         149
  C:DABFH         LINE#         150
  C:DAC2H         LINE#         152
  -------         ENDPROC       WAITKEY
  -------         PROC          CONNTOUSB
  -------         DO            
  X:005CH         SYMBOL        i
  X:027AH         SYMBOL        reg_data
  X:0292H         SYMBOL        para_data
  D:0007H         SYMBOL        dat
  X:005DH         SYMBOL        reg_index
  X:005FH         SYMBOL        data_num
  X:0060H         SYMBOL        st
  -------         ENDDO         
  C:A68EH         LINE#         157
  C:A68EH         LINE#         158
  C:A68EH         LINE#         165
  C:A6A1H         LINE#         167
  C:A6A9H         LINE#         168
  C:A6A9H         LINE#         169
  C:A6B7H         LINE#         170
  C:A6B7H         LINE#         171
  C:A6C8H         LINE#         172
  C:A6C8H         LINE#         173
  C:A6EEH         LINE#         174
  C:A6F0H         LINE#         175
  C:A704H         LINE#         176
  C:A704H         LINE#         177
  C:A72AH         LINE#         179
  C:A72AH         LINE#         180
  C:A72AH         LINE#         181
  C:A72AH         LINE#         183
  C:A72AH         LINE#         184
  C:A732H         LINE#         185
  C:A73CH         LINE#         186
  C:A746H         LINE#         188
  C:A762H         LINE#         190
  C:A76CH         LINE#         191
  C:A76CH         LINE#         192
  C:A77DH         LINE#         193
  C:A77DH         LINE#         194
  C:A78EH         LINE#         195
  C:A78EH         LINE#         196
  C:A7E1H         LINE#         197
  C:A7E3H         LINE#         198
  C:A7F9H         LINE#         199
  C:A7F9H         LINE#         200
  C:A84BH         LINE#         201
  C:A84BH         LINE#         202
  C:A84BH         LINE#         203
  C:A84BH         LINE#         205
  C:A84BH         LINE#         206
  C:A853H         LINE#         207
  C:A853H         LINE#         208
BL51 BANKED LINKER/LOCATER V6.22                                                      12/07/2020  10:01:15  PAGE 11


  C:A85DH         LINE#         209
  C:A867H         LINE#         211
  C:A86BH         LINE#         212
  C:A86EH         LINE#         216
  C:A876H         LINE#         217
  C:A876H         LINE#         218
  C:A885H         LINE#         219
  C:A885H         LINE#         220
  C:A887H         LINE#         222
  C:A889H         LINE#         223
  C:A8A5H         LINE#         224
  C:A8A7H         LINE#         226
  C:A8D0H         LINE#         227
  C:A8F4H         LINE#         228
  C:A8FEH         LINE#         229
  C:A8FEH         LINE#         230
  C:A906H         LINE#         231
  C:A90DH         LINE#         232
  C:A918H         LINE#         233
  C:A91EH         LINE#         234
  C:A91EH         LINE#         235
  C:A927H         LINE#         237
  C:A92BH         LINE#         238
  C:A937H         LINE#         239
  C:A93AH         LINE#         242
  C:A942H         LINE#         243
  C:A942H         LINE#         244
  C:A94BH         LINE#         245
  C:A94BH         LINE#         246
  C:A95BH         LINE#         247
  C:A95BH         LINE#         248
  C:A95DH         LINE#         250
  C:A95FH         LINE#         251
  C:A97BH         LINE#         252
  C:A97DH         LINE#         254
  C:A9A6H         LINE#         255
  C:A9CAH         LINE#         257
  C:A9D4H         LINE#         258
  C:A9D4H         LINE#         259
  C:A9DCH         LINE#         260
  C:A9E3H         LINE#         261
  C:A9EEH         LINE#         262
  C:A9F4H         LINE#         263
  C:A9F4H         LINE#         265
  C:A9FDH         LINE#         271
  C:A9FDH         LINE#         272
  C:AA0AH         LINE#         273
  C:AA0AH         LINE#         274
  C:AA0CH         LINE#         276
  C:AA0EH         LINE#         277
  C:AA2AH         LINE#         278
  C:AA2CH         LINE#         280
  C:AA34H         LINE#         281
  C:AA38H         LINE#         282
  C:AA44H         LINE#         283
  C:AA44H         LINE#         284
  C:AA47H         LINE#         287
BL51 BANKED LINKER/LOCATER V6.22                                                      12/07/2020  10:01:15  PAGE 12


  C:AA4FH         LINE#         288
  C:AA4FH         LINE#         289
  C:AA60H         LINE#         290
  C:AA60H         LINE#         291
  C:AA6DH         LINE#         292
  C:AA6DH         LINE#         293
  C:AA8BH         LINE#         294
  C:AA8DH         LINE#         295
  C:AA9DH         LINE#         296
  C:AA9DH         LINE#         297
  C:AABBH         LINE#         298
  C:AABDH         LINE#         299
  C:AACEH         LINE#         300
  C:AACEH         LINE#         301
  C:AAD8H         LINE#         302
  C:AAE2H         LINE#         303
  C:AAE2H         LINE#         304
  C:AAE2H         LINE#         305
  C:AAE2H         LINE#         307
  C:AAE2H         LINE#         308
  C:AAEBH         LINE#         309
  C:AAEFH         LINE#         310
  C:AAFBH         LINE#         311
  C:AAFEH         LINE#         314
  C:AB06H         LINE#         315
  C:AB06H         LINE#         316
  C:AB13H         LINE#         317
  C:AB24H         LINE#         319
  C:AB2DH         LINE#         320
  C:AB3CH         LINE#         322
  C:AB44H         LINE#         323
  C:AB44H         LINE#         324
  C:AB4DH         LINE#         325
  C:AB5CH         LINE#         326
  C:AB5CH         LINE#         327
  C:AB5FH         LINE#         328
  C:AB6EH         LINE#         329
  C:AB7AH         LINE#         330
  C:AB80H         LINE#         331
  C:AB80H         LINE#         333
  C:AB84H         LINE#         334
  C:AB93H         LINE#         336
  C:AB9AH         LINE#         337
  C:ABB6H         LINE#         338
  C:ABC0H         LINE#         339
  C:ABC0H         LINE#         340
  C:ABE6H         LINE#         341
  C:ABF9H         LINE#         342
  C:ABF9H         LINE#         343
  C:AC4BH         LINE#         344
  C:AC53H         LINE#         345
  C:AC53H         LINE#         346
  C:AC53H         LINE#         349
  C:AC58H         LINE#         350
  C:AC58H         LINE#         351
  C:AC65H         LINE#         352
  C:AC76H         LINE#         354
BL51 BANKED LINKER/LOCATER V6.22                                                      12/07/2020  10:01:15  PAGE 13


  C:AC7BH         LINE#         355
  C:AC7FH         LINE#         356
  C:AC82H         LINE#         357
  C:AC86H         LINE#         359
  C:AC8AH         LINE#         360
  C:AC96H         LINE#         361
  C:AC98H         LINE#         362
  -------         ENDPROC       CONNTOUSB
  -------         PROC          MCU_INIT
  -------         DO            
  D:0007H         SYMBOL        n
  -------         ENDDO         
  C:D7BAH         LINE#         365
  C:D7BAH         LINE#         366
  C:D7BAH         LINE#         368
  C:D7BDH         LINE#         371
  C:D7C0H         LINE#         372
  C:D7C3H         LINE#         374
  C:D7C6H         LINE#         376
  C:D7CCH         LINE#         378
  C:D7CFH         LINE#         379
  C:D7D4H         LINE#         380
  C:D7D7H         LINE#         382
  C:D7DAH         LINE#         385
  C:D7DDH         LINE#         386
  C:D7E0H         LINE#         388
  C:D7E3H         LINE#         389
  C:D7E6H         LINE#         391
  C:D7E9H         LINE#         392
  C:D7ECH         LINE#         394
  C:D7EFH         LINE#         395
  C:D7F2H         LINE#         396
  C:D7F4H         LINE#         397
  C:D7F6H         LINE#         399
  C:D7F9H         LINE#         400
  C:D7FCH         LINE#         402
  -------         ENDPROC       MCU_INIT
  -------         PROC          DEVICES_INIT
  C:D3F5H         LINE#         404
  C:D3F5H         LINE#         405
  C:D3F5H         LINE#         407
  C:D3F8H         LINE#         410
  C:D3FBH         LINE#         411
  C:D455H         LINE#         412
  C:D458H         LINE#         415
  C:D45BH         LINE#         416
  C:D45EH         LINE#         424
  -------         ENDPROC       DEVICES_INIT
  -------         PROC          SUSPEND_DEVICE
  C:DB02H         LINE#         428
  C:DB02H         LINE#         429
  C:DB02H         LINE#         430
  -------         ENDPROC       SUSPEND_DEVICE
  -------         PROC          USB_API_TEST_ISR
  -------         DO            
  X:0056H         SYMBOL        INTVAL
  -------         ENDDO         
BL51 BANKED LINKER/LOCATER V6.22                                                      12/07/2020  10:01:15  PAGE 14


  C:C02CH         LINE#         434
  C:C049H         LINE#         436
  C:C050H         LINE#         438
  C:C056H         LINE#         439
  C:C056H         LINE#         440
  C:C061H         LINE#         442
  C:C07DH         LINE#         443
  C:C07DH         LINE#         444
  C:C07FH         LINE#         445
  C:C081H         LINE#         446
  C:C097H         LINE#         447
  C:C097H         LINE#         448
  C:C099H         LINE#         449
  C:C09BH         LINE#         450
  C:C0B3H         LINE#         451
  C:C0B3H         LINE#         452
  C:C0B5H         LINE#         453
  C:C0B7H         LINE#         454
  C:C0D1H         LINE#         455
  C:C0D1H         LINE#         456
  C:C0D3H         LINE#         457
  C:C0D5H         LINE#         458
  C:C0EAH         LINE#         459
  C:C0EAH         LINE#         460
  C:C0ECH         LINE#         461
  C:C0EEH         LINE#         463
  C:C0EEH         LINE#         464
  C:C0F3H         LINE#         465
  C:C0F3H         LINE#         466
  C:C0F3H         LINE#         468
  C:C0F3H         LINE#         469
  C:C0F3H         LINE#         471
  C:C0F3H         LINE#         473
  C:C0F9H         LINE#         474
  C:C0F9H         LINE#         475
  C:C0FCH         LINE#         476
  C:C0FCH         LINE#         478
  C:C102H         LINE#         479
  C:C102H         LINE#         480
  C:C105H         LINE#         481
  C:C105H         LINE#         483
  C:C10BH         LINE#         484
  C:C10BH         LINE#         485
  C:C126H         LINE#         486
  C:C126H         LINE#         488
  C:C12CH         LINE#         489
  C:C12CH         LINE#         490
  C:C131H         LINE#         491
  C:C14CH         LINE#         492
  C:C14CH         LINE#         493
  -------         ENDPROC       USB_API_TEST_ISR
  -------         ENDMOD        MAIN

  -------         MODULE        MMC_SD
  C:0000H         SYMBOL        _ICE_DUMMY_
  D:00A2H         PUBLIC        SPI0CKR
  D:0080H         PUBLIC        P0
BL51 BANKED LINKER/LOCATER V6.22                                                      12/07/2020  10:01:15  PAGE 15


  D:0090H         PUBLIC        P1
  D:00A0H         PUBLIC        P2
  D:00B0H         PUBLIC        P3
  C:D29AH         PUBLIC        _MMC_SD_SendCommand
  C:D461H         PUBLIC        _MMC_SD_ReadSingleBlock
  C:DAC3H         PUBLIC        SD_Init
  C:D1A5H         PUBLIC        _MMC_SD_WriteSingleBlock
  B:00F8H.7       PUBLIC        SPIF
  B:00F8H.2       PUBLIC        NSSMD0
  C:C875H         PUBLIC        MMC_SD_Reset
  D:00A9H         PUBLIC        CLKSEL
  C:DAEEH         PUBLIC        SPI_ReadByte
  C:DA92H         PUBLIC        _SPI_WriteByte
  D:00A3H         PUBLIC        SPI0DAT
  X:007AH         PUBLIC        buffer
  C:DA86H         SYMBOL        L?0062
  C:DA8BH         SYMBOL        L?0063
  -------         PROC          L?0061
  -------         ENDPROC       L?0061
  C:DA86H         SYMBOL        L?0062
  C:DA8BH         SYMBOL        L?0063
  -------         PROC          _SPI_WRITEBYTE
  D:0007H         SYMBOL        val
  -------         DO            
  D:0007H         SYMBOL        ret
  -------         ENDDO         
  C:DA92H         LINE#         7
  C:DA92H         LINE#         8
  C:DA92H         LINE#         11
  C:DA94H         LINE#         12
  C:DA97H         LINE#         13
  C:DA99H         LINE#         14
  C:DA9BH         LINE#         15
  C:DA9BH         LINE#         16
  -------         ENDPROC       _SPI_WRITEBYTE
  -------         PROC          SPI_READBYTE
  -------         DO            
  D:0007H         SYMBOL        ret
  -------         ENDDO         
  C:DAEEH         LINE#         18
  C:DAEEH         LINE#         19
  C:DAEEH         LINE#         22
  C:DAF1H         LINE#         23
  C:DAF4H         LINE#         24
  C:DAF6H         LINE#         25
  C:DAF8H         LINE#         26
  C:DAF8H         LINE#         27
  -------         ENDPROC       SPI_READBYTE
  -------         PROC          _MMC_SD_SENDCOMMAND
  D:0006H         SYMBOL        cmd
  X:0066H         SYMBOL        arg
  -------         DO            
  D:0007H         SYMBOL        r1
  D:0003H         SYMBOL        retry
  -------         ENDDO         
  C:D29AH         LINE#         29
  C:D29CH         LINE#         30
BL51 BANKED LINKER/LOCATER V6.22                                                      12/07/2020  10:01:15  PAGE 16


  C:D29CH         LINE#         32
  C:D29EH         LINE#         34
  C:D29EH         LINE#         35
  C:D29EH         LINE#         36
  C:D2A1H         LINE#         37
  C:D2A1H         LINE#         38
  C:D2A1H         LINE#         39
  C:D2A4H         LINE#         41
  C:D2A6H         LINE#         43
  C:D2ADH         LINE#         44
  C:D2C2H         LINE#         45
  C:D2D7H         LINE#         46
  C:D2ECH         LINE#         47
  C:D2F6H         LINE#         48
  C:D2FBH         LINE#         50
  C:D303H         LINE#         51
  C:D30CH         LINE#         53
  C:D30EH         LINE#         55
  C:D30EH         LINE#         56
  -------         ENDPROC       _MMC_SD_SENDCOMMAND
  -------         PROC          MMC_SD_RESET
  -------         DO            
  D:0005H         SYMBOL        i
  D:0002H         SYMBOL        retry
  D:0006H         SYMBOL        r1
  -------         ENDDO         
  C:C875H         LINE#         58
  C:C875H         LINE#         59
  C:C875H         LINE#         62
  C:C877H         LINE#         64
  C:C878H         LINE#         65
  C:C87BH         LINE#         66
  C:C87EH         LINE#         68
  C:C87EH         LINE#         69
  C:C88AH         LINE#         70
  C:C89AH         LINE#         71
  C:C89BH         LINE#         72
  C:C8A1H         LINE#         73
  C:C8A5H         LINE#         75
  C:C8A7H         LINE#         77
  C:C8A7H         LINE#         79
  C:C8A7H         LINE#         80
  C:C8B7H         LINE#         81
  C:C8B8H         LINE#         82
  C:C8C1H         LINE#         83
  C:C8C5H         LINE#         85
  C:C8C7H         LINE#         86
  C:C8D7H         LINE#         87
  C:C8D8H         LINE#         88
  C:C8E1H         LINE#         89
  C:C8E4H         LINE#         91
  C:C8E7H         LINE#         92
  C:C8E7H         LINE#         93
  C:C8E9H         LINE#         95
  C:C8E9H         LINE#         96
  C:C8F9H         LINE#         97
  C:C8FAH         LINE#         98
BL51 BANKED LINKER/LOCATER V6.22                                                      12/07/2020  10:01:15  PAGE 17


  C:C903H         LINE#         99
  C:C906H         LINE#         100
  C:C906H         LINE#         101
  C:C916H         LINE#         103
  C:C924H         LINE#         104
  C:C927H         LINE#         105
  C:C92AH         LINE#         106
  C:C92BH         LINE#         107
  -------         ENDPROC       MMC_SD_RESET
  -------         PROC          _MMC_SD_READSINGLEBLOCK
  X:0010H         SYMBOL        sector
  -------         DO            
  D:0007H         SYMBOL        r1
  D:0004H         SYMBOL        i
  D:0002H         SYMBOL        retry
  -------         ENDDO         
  C:D461H         LINE#         109
  C:D466H         LINE#         110
  C:D466H         LINE#         113
  C:D468H         LINE#         115
  C:D46BH         LINE#         117
  C:D46BH         LINE#         118
  C:D487H         LINE#         119
  C:D488H         LINE#         120
  C:D491H         LINE#         121
  C:D494H         LINE#         124
  C:D496H         LINE#         126
  C:D49CH         LINE#         128
  C:D49FH         LINE#         129
  C:D49FH         LINE#         130
  C:D4AEH         LINE#         131
  C:D4BBH         LINE#         133
  C:D4BBH         LINE#         134
  C:D4BEH         LINE#         136
  C:D4C0H         LINE#         137
  C:D4C3H         LINE#         138
  C:D4C4H         LINE#         139
  -------         ENDPROC       _MMC_SD_READSINGLEBLOCK
  -------         PROC          _MMC_SD_WRITESINGLEBLOCK
  X:0061H         SYMBOL        sector
  -------         DO            
  D:0006H         SYMBOL        r1
  D:0004H         SYMBOL        i
  D:0002H         SYMBOL        retry
  -------         ENDDO         
  C:D1A5H         LINE#         141
  C:D1AAH         LINE#         142
  C:D1AAH         LINE#         145
  C:D1ACH         LINE#         147
  C:D1AFH         LINE#         149
  C:D1AFH         LINE#         150
  C:D1CDH         LINE#         151
  C:D1CEH         LINE#         152
  C:D1D7H         LINE#         153
  C:D1DAH         LINE#         157
  C:D1DCH         LINE#         159
  C:D1E1H         LINE#         161
BL51 BANKED LINKER/LOCATER V6.22                                                      12/07/2020  10:01:15  PAGE 18


  C:D1E6H         LINE#         163
  C:D1E8H         LINE#         164
  C:D1E8H         LINE#         165
  C:D1F7H         LINE#         166
  C:D204H         LINE#         168
  C:D204H         LINE#         169
  C:D204H         LINE#         171
  C:D209H         LINE#         173
  C:D210H         LINE#         174
  C:D210H         LINE#         175
  C:D212H         LINE#         176
  C:D213H         LINE#         177
  C:D213H         LINE#         179
  C:D21BH         LINE#         181
  C:D21DH         LINE#         182
  C:D220H         LINE#         183
  C:D221H         LINE#         184
  -------         ENDPROC       _MMC_SD_WRITESINGLEBLOCK
  -------         PROC          SD_INIT
  -------         DO            
  D:0001H         SYMBOL        n
  -------         ENDDO         
  C:DAC3H         LINE#         187
  C:DAC3H         LINE#         188
  C:DAC3H         LINE#         189
  C:DAC5H         LINE#         191
  C:DACBH         LINE#         192
  C:DACBH         LINE#         193
  C:DACCH         LINE#         194
  C:DAD3H         LINE#         196
  -------         ENDPROC       SD_INIT
  -------         ENDMOD        MMC_SD

  -------         MODULE        LCD
  C:0000H         SYMBOL        _ICE_DUMMY_
  D:0080H         PUBLIC        P0
  C:CB40H         PUBLIC        DispFrame
  D:0090H         PUBLIC        P1
  C:CBEAH         PUBLIC        DispScaleVer_Green
  D:00A0H         PUBLIC        P2
  D:00B0H         PUBLIC        P3
  C:BD4FH         PUBLIC        DispBand
  C:D8A6H         PUBLIC        _WriteData
  C:008EH         PUBLIC        ascii
  C:B411H         PUBLIC        _LCD_Read_IC_ID
  D:00A6H         PUBLIC        P2MDOUT
  C:0046H         PUBLIC        _DispColor
  C:D097H         PUBLIC        DispScaleVer_Blue
  C:CF7CH         PUBLIC        _DrawGird
  C:D11FH         PUBLIC        _DrawLine
  B:00D0H.7       PUBLIC        CY
  C:D8FEH         PUBLIC        _WriteComm
  C:0018H         PUBLIC        _WriteDispData
  C:CEE9H         PUBLIC        DispScaleVer_Gray
  B:00B0H.1       PUBLIC        RS
  B:00A0H.1       PUBLIC        SPI_CLK
  C:CE56H         PUBLIC        DispScaleVer_Red
BL51 BANKED LINKER/LOCATER V6.22                                                      12/07/2020  10:01:15  PAGE 19


  D:00F3H         PUBLIC        P2MDIN
  C:C29EH         PUBLIC        DispScaleVer
  C:D67EH         PUBLIC        _DispPic
  C:C7DAH         PUBLIC        _DispOneChar
  C:D222H         PUBLIC        DispGrayHor32
  C:CD25H         PUBLIC        DispGrayHor16
  C:C92CH         PUBLIC        _DispInt
  C:D6D1H         PUBLIC        _PutPixel
  D:00A9H         PUBLIC        CLKSEL
  B:0090H.6       PUBLIC        RD0
  B:00B0H.0       PUBLIC        CS0
  C:068EH         PUBLIC        pic_eval
  X:0054H         PUBLIC        LCM_ID
  C:BBBDH         PUBLIC        LCD_Init
  C:CDC0H         PUBLIC        _DispStr
  B:0090H.7       PUBLIC        WR0
  C:B643H         PUBLIC        DispScaleHor1
  B:00A0H.0       PUBLIC        SPI_DI
  C:DAF9H         PUBLIC        _WriteOneDot
  C:B863H         PUBLIC        DispScaleHor2
  C:C5F4H         PUBLIC        _DispPicFromSD
  B:0080H.7       PUBLIC        DIR
  C:D4C5H         PUBLIC        _ToOrd
  B:0080H.5       PUBLIC        RST
  C:D86FH         PUBLIC        ReadData
  C:CCA3H         PUBLIC        _?BlockWrite
  -------         PROC          _LCD_READ_IC_ID
  X:0061H         SYMBOL        ID
  D:0004H         SYMBOL        Bug
  D:0003H         SYMBOL        flog
  -------         DO            
  X:0062H         SYMBOL        id
  X:0064H         SYMBOL        id1
  X:0066H         SYMBOL        temp
  D:0005H         SYMBOL        i
  D:0007H         SYMBOL        dat
  D:0001H         SYMBOL        id2
  X:0068H         SYMBOL        id3
  D:0002H         SYMBOL        id4
  -------         ENDDO         
  C:B411H         LINE#         35
  C:B415H         LINE#         36
  C:B415H         LINE#         40
  C:B41DH         LINE#         41
  C:B41DH         LINE#         43
  C:B41FH         LINE#         44
  C:B421H         LINE#         45
  C:B423H         LINE#         47
  C:B426H         LINE#         48
  C:B428H         LINE#         49
  C:B42AH         LINE#         50
  C:B42CH         LINE#         53
  C:B42FH         LINE#         54
  C:B432H         LINE#         55
  C:B435H         LINE#         56
  C:B437H         LINE#         57
  C:B439H         LINE#         58
BL51 BANKED LINKER/LOCATER V6.22                                                      12/07/2020  10:01:15  PAGE 20


  C:B43BH         LINE#         63
  C:B445H         LINE#         65
  C:B44BH         LINE#         66
  C:B453H         LINE#         68
  C:B459H         LINE#         69
  C:B45FH         LINE#         70
  C:B469H         LINE#         72
  C:B46FH         LINE#         73
  C:B471H         LINE#         75
  C:B477H         LINE#         77
  C:B47DH         LINE#         78
  C:B487H         LINE#         80
  C:B48DH         LINE#         81
  C:B492H         LINE#         83
  C:B498H         LINE#         85
  C:B4A2H         LINE#         86
  C:B4ACH         LINE#         88
  C:B4B2H         LINE#         89
  C:B4B4H         LINE#         91
  C:B4C4H         LINE#         92
  C:B4CEH         LINE#         94
  C:B4D1H         LINE#         95
  C:B4D5H         LINE#         96
  C:B4D5H         LINE#         97
  C:B4DEH         LINE#         98
  C:B4E4H         LINE#         99
  C:B4E4H         LINE#         100
  C:B4EEH         LINE#         101
  C:B4F0H         LINE#         102
  C:B4F4H         LINE#         103
  C:B4F4H         LINE#         104
  C:B503H         LINE#         105
  C:B503H         LINE#         108
  C:B503H         LINE#         109
  C:B50CH         LINE#         110
  C:B50CH         LINE#         112
  C:B50FH         LINE#         113
  C:B513H         LINE#         114
  C:B515H         LINE#         115
  C:B517H         LINE#         116
  C:B519H         LINE#         117
  C:B519H         LINE#         118
  C:B51BH         LINE#         119
  C:B523H         LINE#         120
  C:B525H         LINE#         122
  C:B527H         LINE#         123
  C:B52BH         LINE#         124
  C:B530H         LINE#         125
  C:B533H         LINE#         128
  C:B53DH         LINE#         129
  C:B53DH         LINE#         130
  C:B53FH         LINE#         131
  C:B53FH         LINE#         132
  C:B541H         LINE#         133
  C:B543H         LINE#         134
  C:B545H         LINE#         135
  C:B55CH         LINE#         136
BL51 BANKED LINKER/LOCATER V6.22                                                      12/07/2020  10:01:15  PAGE 21


  C:B55EH         LINE#         137
  C:B560H         LINE#         138
  C:B567H         LINE#         139
  C:B571H         LINE#         140
  C:B571H         LINE#         141
  C:B573H         LINE#         142
  C:B573H         LINE#         143
  C:B575H         LINE#         144
  C:B577H         LINE#         145
  C:B579H         LINE#         146
  C:B590H         LINE#         147
  C:B592H         LINE#         148
  C:B594H         LINE#         149
  C:B599H         LINE#         150
  C:B599H         LINE#         152
  C:B59BH         LINE#         153
  C:B59BH         LINE#         154
  C:B59DH         LINE#         155
  C:B59FH         LINE#         156
  C:B5A1H         LINE#         157
  C:B5B8H         LINE#         158
  C:B5BAH         LINE#         159
  C:B5BCH         LINE#         160
  C:B5C1H         LINE#         162
  C:B5C3H         LINE#         163
  C:B5C3H         LINE#         164
  C:B5C5H         LINE#         165
  C:B5C7H         LINE#         166
  C:B5C9H         LINE#         167
  C:B5D3H         LINE#         168
  C:B5D5H         LINE#         169
  C:B5D7H         LINE#         170
  C:B5DCH         LINE#         172
  C:B5DEH         LINE#         173
  C:B5DEH         LINE#         174
  C:B5E0H         LINE#         175
  C:B5E2H         LINE#         176
  C:B5E4H         LINE#         177
  C:B5F0H         LINE#         178
  C:B5F2H         LINE#         179
  C:B5F4H         LINE#         180
  C:B5F9H         LINE#         181
  C:B5FCH         LINE#         182
  C:B5FEH         LINE#         183
  C:B600H         LINE#         184
  C:B602H         LINE#         185
  C:B604H         LINE#         186
  C:B606H         LINE#         187
  C:B608H         LINE#         189
  C:B60CH         LINE#         190
  C:B60CH         LINE#         191
  C:B61CH         LINE#         193
  C:B627H         LINE#         194
  C:B627H         LINE#         195
  C:B627H         LINE#         197
  C:B62DH         LINE#         198
  C:B62DH         LINE#         199
BL51 BANKED LINKER/LOCATER V6.22                                                      12/07/2020  10:01:15  PAGE 22


  C:B639H         LINE#         200
  C:B639H         LINE#         202
  C:B639H         LINE#         203
  C:B63BH         LINE#         204
  C:B642H         LINE#         205
  -------         ENDPROC       _LCD_READ_IC_ID
  -------         PROC          _WRITECOMM
  D:0004H         SYMBOL        i
  -------         DO            
  D:0003H         SYMBOL        j
  X:0079H         SYMBOL        DataH
  -------         ENDDO         
  C:D8FEH         LINE#         208
  C:D902H         LINE#         209
  C:D902H         LINE#         211
  C:D906H         LINE#         212
  C:D908H         LINE#         276
  C:D908H         LINE#         303
  C:D90AH         LINE#         304
  C:D90CH         LINE#         305
  C:D90CH         LINE#         306
  C:D910H         LINE#         307
  C:D914H         LINE#         309
  C:D916H         LINE#         310
  C:D91DH         LINE#         311
  C:D91FH         LINE#         312
  C:D921H         LINE#         314
  C:D926H         LINE#         316
  C:D926H         LINE#         319
  C:D928H         LINE#         320
  -------         ENDPROC       _WRITECOMM
  -------         PROC          L?0465
  -------         ENDPROC       L?0465
  -------         PROC          _WRITEDATA
  D:0004H         SYMBOL        i
  -------         DO            
  D:0003H         SYMBOL        j
  X:0079H         SYMBOL        DataH
  -------         ENDDO         
  C:D8A6H         LINE#         322
  C:D8AAH         LINE#         323
  C:D8AAH         LINE#         325
  C:D8AEH         LINE#         326
  C:D8B0H         LINE#         466
  C:D8B0H         LINE#         497
  C:D8B2H         LINE#         498
  C:D8B4H         LINE#         499
  C:D8B4H         LINE#         500
  C:D8B8H         LINE#         501
  C:D8BCH         LINE#         503
  C:D8BEH         LINE#         504
  C:D8C5H         LINE#         505
  C:D8C7H         LINE#         506
  C:D8C9H         LINE#         508
  C:D8CEH         LINE#         510
  C:D8CEH         LINE#         513
  C:D8D0H         LINE#         514
BL51 BANKED LINKER/LOCATER V6.22                                                      12/07/2020  10:01:15  PAGE 23


  -------         ENDPROC       _WRITEDATA
  C:0003H         SYMBOL        L?0464
  -------         PROC          L?0463
  -------         ENDPROC       L?0463
  C:0003H         SYMBOL        L?0464
  -------         PROC          _WRITEDISPDATA
  D:0007H         SYMBOL        DataH
  D:0005H         SYMBOL        DataL
  -------         DO            
  D:0006H         SYMBOL        j
  -------         ENDDO         
  C:0018H         LINE#         516
  C:0018H         LINE#         517
  C:0018H         LINE#         519
  C:001AH         LINE#         593
  C:001AH         LINE#         594
  C:001CH         LINE#         595
  C:001EH         LINE#         596
  C:001EH         LINE#         597
  C:0022H         LINE#         598
  C:0024H         LINE#         599
  C:0026H         LINE#         600
  C:0028H         LINE#         601
  C:002DH         LINE#         603
  C:002FH         LINE#         604
  C:0031H         LINE#         605
  C:0031H         LINE#         606
  C:0035H         LINE#         607
  C:0037H         LINE#         608
  C:0039H         LINE#         609
  C:003BH         LINE#         610
  C:0040H         LINE#         635
  C:0040H         LINE#         638
  C:0042H         LINE#         639
  -------         ENDPROC       _WRITEDISPDATA
  -------         PROC          _WRITEONEDOT
  D:0004H         SYMBOL        color
  C:DAF9H         LINE#         641
  C:DAFDH         LINE#         642
  C:DAFDH         LINE#         655
  -------         ENDPROC       _WRITEONEDOT
  -------         PROC          LCD_INIT
  C:BBBDH         LINE#         664
  C:BBBDH         LINE#         665
  C:BBBDH         LINE#         666
  C:BBC0H         LINE#         669
  C:BBC2H         LINE#         670
  C:BBC9H         LINE#         672
  C:BBCBH         LINE#         673
  C:BBD2H         LINE#         675
  C:BBD4H         LINE#         676
  C:BBDBH         LINE#         1448
  C:BBE2H         LINE#         1449
  C:BBE7H         LINE#         1451
  C:BBEEH         LINE#         1453
  C:BBF3H         LINE#         1454
  C:BBF8H         LINE#         1455
BL51 BANKED LINKER/LOCATER V6.22                                                      12/07/2020  10:01:15  PAGE 24


  C:BBFDH         LINE#         1456
  C:BC00H         LINE#         1457
  C:BC05H         LINE#         1458
  C:BC0AH         LINE#         1459
  C:BC0FH         LINE#         1460
  C:BC12H         LINE#         1461
  C:BC17H         LINE#         1462
  C:BC1CH         LINE#         1463
  C:BC21H         LINE#         1464
  C:BC24H         LINE#         1465
  C:BC29H         LINE#         1466
  C:BC2EH         LINE#         1467
  C:BC31H         LINE#         1469
  C:BC36H         LINE#         1470
  C:BC3BH         LINE#         1472
  C:BC40H         LINE#         1473
  C:BC45H         LINE#         1474
  C:BC4AH         LINE#         1475
  C:BC4FH         LINE#         1476
  C:BC54H         LINE#         1477
  C:BC58H         LINE#         1478
  C:BC5DH         LINE#         1479
  C:BC62H         LINE#         1480
  C:BC67H         LINE#         1481
  C:BC6CH         LINE#         1482
  C:BC71H         LINE#         1483
  C:BC76H         LINE#         1484
  C:BC7BH         LINE#         1485
  C:BC80H         LINE#         1486
  C:BC85H         LINE#         1488
  C:BC8AH         LINE#         1489
  C:BC8FH         LINE#         1491
  C:BC94H         LINE#         1492
  C:BC99H         LINE#         1494
  C:BC9EH         LINE#         1495
  C:BCA3H         LINE#         1496
  C:BCA8H         LINE#         1497
  C:BCADH         LINE#         1498
  C:BCB2H         LINE#         1499
  C:BCB7H         LINE#         1500
  C:BCBCH         LINE#         1501
  C:BCC1H         LINE#         1502
  C:BCC6H         LINE#         1503
  C:BCCBH         LINE#         1504
  C:BCD0H         LINE#         1505
  C:BCD5H         LINE#         1506
  C:BCDAH         LINE#         1507
  C:BCDFH         LINE#         1509
  C:BCE4H         LINE#         1510
  C:BCE9H         LINE#         1511
  C:BCEEH         LINE#         1512
  C:BCF3H         LINE#         1513
  C:BCF8H         LINE#         1514
  C:BCFDH         LINE#         1515
  C:BD02H         LINE#         1516
  C:BD07H         LINE#         1517
  C:BD0CH         LINE#         1518
BL51 BANKED LINKER/LOCATER V6.22                                                      12/07/2020  10:01:15  PAGE 25


  C:BD11H         LINE#         1519
  C:BD16H         LINE#         1520
  C:BD1BH         LINE#         1521
  C:BD1EH         LINE#         1522
  C:BD22H         LINE#         1523
  C:BD27H         LINE#         1524
  C:BD2CH         LINE#         1525
  C:BD31H         LINE#         1526
  C:BD36H         LINE#         1527
  C:BD3BH         LINE#         1528
  C:BD40H         LINE#         1530
  C:BD45H         LINE#         1531
  C:BD4AH         LINE#         1533
  -------         ENDPROC       LCD_INIT
  C:CC8BH         SYMBOL        L?0459
  -------         PROC          L?0458
  -------         ENDPROC       L?0458
  C:CC8BH         SYMBOL        L?0459
  -------         PROC          _?BLOCKWRITE
  p:0000H         SYMBOL        Xstart
  p:0002H         SYMBOL        Xend
  p:0004H         SYMBOL        Ystart
  p:0006H         SYMBOL        Yend
  C:CCA3H         LINE#         4725
  C:CCC4H         LINE#         4828
  C:CCCBH         LINE#         4829
  C:CCD2H         LINE#         4830
  C:CCDAH         LINE#         4831
  C:CCE5H         LINE#         4832
  C:CCEFH         LINE#         4834
  C:CCF4H         LINE#         4835
  C:CCFEH         LINE#         4837
  C:CD05H         LINE#         4838
  C:CD0FH         LINE#         4839
  C:CD16H         LINE#         4845
  C:CD1BH         LINE#         4848
  C:CD1EH         LINE#         4852
  -------         ENDPROC       _?BLOCKWRITE
  -------         PROC          _DISPCOLOR
  D:0004H         SYMBOL        color
  -------         DO            
  X:0058H         SYMBOL        i
  D:0002H         SYMBOL        m
  X:005AH         SYMBOL        DataH
  X:005BH         SYMBOL        DataL
  -------         ENDDO         
  C:0046H         LINE#         4854
  C:0048H         LINE#         4855
  C:0048H         LINE#         4858
  C:004EH         LINE#         4860
  C:0051H         LINE#         4862
  C:0053H         LINE#         4863
  C:0059H         LINE#         4864
  C:0059H         LINE#         4865
  C:005CH         LINE#         4866
  C:005CH         LINE#         4867
  C:0066H         LINE#         4868
BL51 BANKED LINKER/LOCATER V6.22                                                      12/07/2020  10:01:15  PAGE 26


  C:0071H         LINE#         4869
  C:0087H         LINE#         4871
  C:0089H         LINE#         4872
  -------         ENDPROC       _DISPCOLOR
  -------         PROC          DISPFRAME
  -------         DO            
  D:0002H         SYMBOL        i
  X:0058H         SYMBOL        j
  D:0001H         SYMBOL        DataH
  D:0004H         SYMBOL        DataL
  -------         ENDDO         
  C:CB40H         LINE#         4874
  C:CB40H         LINE#         4875
  C:CB40H         LINE#         4878
  C:CB43H         LINE#         4880
  C:CB45H         LINE#         4883
  C:CB4FH         LINE#         4886
  C:CB51H         LINE#         4887
  C:CB51H         LINE#         4889
  C:CB5CH         LINE#         4891
  C:CB67H         LINE#         4893
  C:CB71H         LINE#         4895
  C:CB77H         LINE#         4896
  C:CB77H         LINE#         4898
  C:CB81H         LINE#         4900
  C:CB84H         LINE#         4901
  C:CB84H         LINE#         4903
  C:CB8CH         LINE#         4905
  C:CB97H         LINE#         4908
  C:CBA1H         LINE#         4910
  C:CBB7H         LINE#         4912
  C:CBC1H         LINE#         4914
  C:CBC4H         LINE#         4915
  C:CBC4H         LINE#         4917
  C:CBCFH         LINE#         4919
  C:CBDAH         LINE#         4921
  C:CBE4H         LINE#         4924
  C:CBE7H         LINE#         4925
  C:CBE9H         LINE#         4926
  -------         ENDPROC       DISPFRAME
  -------         PROC          DISPBAND
  -------         DO            
  D:0002H         SYMBOL        i
  X:0058H         SYMBOL        j
  X:0059H         SYMBOL        k
  X:005AH         SYMBOL        m
  X:005BH         SYMBOL        n
  X:005CH         SYMBOL        x
  -------         ENDDO         
  C:BD4FH         LINE#         4928
  C:BD4FH         LINE#         4929
  C:BD4FH         LINE#         4932
  C:BD59H         LINE#         4933
  C:BD62H         LINE#         4934
  C:BD64H         LINE#         4937
  C:BD67H         LINE#         4938
  C:BD75H         LINE#         4939
BL51 BANKED LINKER/LOCATER V6.22                                                      12/07/2020  10:01:15  PAGE 27


  C:BD75H         LINE#         4940
  C:BD90H         LINE#         4941
  C:BDABH         LINE#         4942
  C:BDD7H         LINE#         4943
  C:BDDEH         LINE#         4944
  C:BDEDH         LINE#         4945
  C:BDEDH         LINE#         4946
  C:BE08H         LINE#         4947
  C:BE23H         LINE#         4948
  C:BE4FH         LINE#         4949
  C:BE56H         LINE#         4950
  C:BE6CH         LINE#         4951
  C:BE6CH         LINE#         4952
  C:BE87H         LINE#         4953
  C:BEA2H         LINE#         4954
  C:BECEH         LINE#         4955
  C:BED5H         LINE#         4956
  C:BED7H         LINE#         4957
  C:BEDAH         LINE#         4958
  -------         ENDPROC       DISPBAND
  -------         PROC          _DISPPIC
  D:0006H         SYMBOL        picture
  -------         DO            
  X:0014H         SYMBOL        p
  X:0017H         SYMBOL        n
  -------         ENDDO         
  C:D67EH         LINE#         4961
  C:D67EH         LINE#         4962
  C:D67EH         LINE#         4965
  C:D68DH         LINE#         4966
  C:D68DH         LINE#         4967
  C:D68DH         LINE#         4969
  C:D690H         LINE#         4971
  C:D6A3H         LINE#         4972
  C:D6A3H         LINE#         4973
  C:D6C3H         LINE#         4974
  C:D6D0H         LINE#         4976
  -------         ENDPROC       _DISPPIC
  -------         PROC          _DISPPICFROMSD
  X:0019H         SYMBOL        PicNum
  -------         DO            
  X:001AH         SYMBOL        Address_S
  X:001EH         SYMBOL        Address_E
  D:0002H         SYMBOL        i
  X:0022H         SYMBOL        k
  -------         ENDDO         
  C:C5F4H         LINE#         4980
  C:C5F7H         LINE#         4981
  C:C5F7H         LINE#         4987
  C:C5FAH         LINE#         4990
  C:C5FCH         LINE#         4992
  C:C5FEH         LINE#         4994
  C:C607H         LINE#         4995
  C:C632H         LINE#         4996
  C:C65BH         LINE#         4997
  C:C67EH         LINE#         4998
  C:C67EH         LINE#         4999
BL51 BANKED LINKER/LOCATER V6.22                                                      12/07/2020  10:01:15  PAGE 28


  C:C68EH         LINE#         5001
  C:C697H         LINE#         5002
  C:C697H         LINE#         5004
  C:C6B2H         LINE#         5005
  C:C6BBH         LINE#         5006
  C:C6DAH         LINE#         5008
  C:C6DCH         LINE#         5046
  -------         ENDPROC       _DISPPICFROMSD
  -------         PROC          DISPSCALEHOR1
  -------         DO            
  X:0026H         SYMBOL        i
  X:0028H         SYMBOL        j
  D:0002H         SYMBOL        k
  -------         ENDDO         
  C:B643H         LINE#         5051
  C:B643H         LINE#         5052
  C:B643H         LINE#         5055
  C:B646H         LINE#         5058
  C:B648H         LINE#         5059
  C:B648H         LINE#         5060
  C:B668H         LINE#         5061
  C:B66EH         LINE#         5062
  C:B66EH         LINE#         5063
  C:B674H         LINE#         5064
  C:B674H         LINE#         5065
  C:B689H         LINE#         5066
  C:B69FH         LINE#         5067
  C:B6B5H         LINE#         5069
  C:B6C0H         LINE#         5072
  C:B6C3H         LINE#         5073
  C:B6C3H         LINE#         5074
  C:B6E3H         LINE#         5075
  C:B6E9H         LINE#         5076
  C:B6E9H         LINE#         5077
  C:B6EFH         LINE#         5078
  C:B6EFH         LINE#         5079
  C:B71AH         LINE#         5080
  C:B730H         LINE#         5081
  C:B746H         LINE#         5082
  C:B754H         LINE#         5085
  C:B757H         LINE#         5086
  C:B757H         LINE#         5087
  C:B777H         LINE#         5088
  C:B77DH         LINE#         5089
  C:B77DH         LINE#         5090
  C:B783H         LINE#         5091
  C:B783H         LINE#         5092
  C:B78DH         LINE#         5093
  C:B7A3H         LINE#         5094
  C:B7B9H         LINE#         5095
  C:B7C4H         LINE#         5098
  C:B7C7H         LINE#         5099
  C:B7C7H         LINE#         5100
  C:B7E7H         LINE#         5101
  C:B7EDH         LINE#         5102
  C:B7EDH         LINE#         5103
  C:B7F3H         LINE#         5104
BL51 BANKED LINKER/LOCATER V6.22                                                      12/07/2020  10:01:15  PAGE 29


  C:B7F3H         LINE#         5105
  C:B826H         LINE#         5106
  C:B83CH         LINE#         5107
  C:B852H         LINE#         5108
  C:B860H         LINE#         5109
  C:B862H         LINE#         5110
  -------         ENDPROC       DISPSCALEHOR1
  -------         PROC          DISPSCALEVER
  -------         DO            
  X:002AH         SYMBOL        i
  X:002CH         SYMBOL        j
  D:0002H         SYMBOL        k
  -------         ENDDO         
  C:C29EH         LINE#         5112
  C:C29EH         LINE#         5113
  C:C29EH         LINE#         5182
  C:C2A1H         LINE#         5184
  C:C2A9H         LINE#         5185
  C:C2A9H         LINE#         5186
  C:C2AFH         LINE#         5187
  C:C2AFH         LINE#         5188
  C:C2B5H         LINE#         5189
  C:C2CBH         LINE#         5190
  C:C2D2H         LINE#         5192
  C:C2D5H         LINE#         5193
  C:C2D5H         LINE#         5195
  C:C2DBH         LINE#         5196
  C:C2DBH         LINE#         5198
  C:C2E1H         LINE#         5199
  C:C2E1H         LINE#         5200
  C:C2F3H         LINE#         5201
  C:C309H         LINE#         5203
  C:C30FH         LINE#         5204
  C:C30FH         LINE#         5205
  C:C337H         LINE#         5206
  C:C34DH         LINE#         5208
  C:C353H         LINE#         5209
  C:C353H         LINE#         5210
  C:C35AH         LINE#         5211
  C:C370H         LINE#         5213
  C:C376H         LINE#         5214
  C:C376H         LINE#         5215
  C:C38AH         LINE#         5216
  C:C3A0H         LINE#         5218
  C:C3B9H         LINE#         5220
  C:C3C7H         LINE#         5222
  -------         ENDPROC       DISPSCALEVER
  -------         PROC          DISPSCALEVER_RED
  -------         DO            
  X:002EH         SYMBOL        i
  X:0030H         SYMBOL        j
  D:0002H         SYMBOL        k
  -------         ENDDO         
  C:CE56H         LINE#         5224
  C:CE56H         LINE#         5225
  C:CE56H         LINE#         5228
  C:CE59H         LINE#         5230
BL51 BANKED LINKER/LOCATER V6.22                                                      12/07/2020  10:01:15  PAGE 30


  C:CE5BH         LINE#         5232
  C:CE5DH         LINE#         5235
  C:CE65H         LINE#         5236
  C:CE65H         LINE#         5237
  C:CE6BH         LINE#         5238
  C:CE6BH         LINE#         5239
  C:CE71H         LINE#         5240
  C:CE87H         LINE#         5241
  C:CE8EH         LINE#         5243
  C:CE91H         LINE#         5244
  C:CE91H         LINE#         5245
  C:CE97H         LINE#         5246
  C:CE97H         LINE#         5248
  C:CE9DH         LINE#         5249
  C:CE9DH         LINE#         5250
  C:CEAFH         LINE#         5251
  C:CEC5H         LINE#         5252
  C:CEDBH         LINE#         5254
  C:CEE6H         LINE#         5256
  C:CEE8H         LINE#         5257
  -------         ENDPROC       DISPSCALEVER_RED
  -------         PROC          DISPSCALEVER_GREEN
  -------         DO            
  X:0032H         SYMBOL        i
  X:0034H         SYMBOL        j
  D:0002H         SYMBOL        k
  -------         ENDDO         
  C:CBEAH         LINE#         5259
  C:CBEAH         LINE#         5260
  C:CBEAH         LINE#         5263
  C:CBEDH         LINE#         5265
  C:CBEFH         LINE#         5266
  C:CBF1H         LINE#         5269
  C:CBF3H         LINE#         5270
  C:CBF3H         LINE#         5271
  C:CBF9H         LINE#         5272
  C:CBF9H         LINE#         5273
  C:CBFFH         LINE#         5275
  C:CC15H         LINE#         5276
  C:CC20H         LINE#         5278
  C:CC23H         LINE#         5279
  C:CC23H         LINE#         5280
  C:CC29H         LINE#         5281
  C:CC29H         LINE#         5283
  C:CC2FH         LINE#         5284
  C:CC2FH         LINE#         5286
  C:CC50H         LINE#         5287
  C:CC66H         LINE#         5288
  C:CC7CH         LINE#         5290
  C:CC87H         LINE#         5292
  C:CC89H         LINE#         5293
  -------         ENDPROC       DISPSCALEVER_GREEN
  -------         PROC          DISPSCALEVER_BLUE
  -------         DO            
  X:0036H         SYMBOL        i
  X:0038H         SYMBOL        j
  D:0002H         SYMBOL        k
BL51 BANKED LINKER/LOCATER V6.22                                                      12/07/2020  10:01:15  PAGE 31


  -------         ENDDO         
  C:D097H         LINE#         5295
  C:D097H         LINE#         5296
  C:D097H         LINE#         5299
  C:D09AH         LINE#         5301
  C:D09CH         LINE#         5302
  C:D09EH         LINE#         5305
  C:D0A6H         LINE#         5306
  C:D0A6H         LINE#         5307
  C:D0ACH         LINE#         5308
  C:D0ACH         LINE#         5309
  C:D0B2H         LINE#         5310
  C:D0C8H         LINE#         5311
  C:D0CFH         LINE#         5313
  C:D0D2H         LINE#         5314
  C:D0D2H         LINE#         5315
  C:D0D8H         LINE#         5316
  C:D0D8H         LINE#         5318
  C:D0DEH         LINE#         5319
  C:D0DEH         LINE#         5320
  C:D0E5H         LINE#         5321
  C:D0FBH         LINE#         5322
  C:D111H         LINE#         5324
  C:D11CH         LINE#         5326
  C:D11EH         LINE#         5327
  -------         ENDPROC       DISPSCALEVER_BLUE
  -------         PROC          DISPSCALEVER_GRAY
  -------         DO            
  X:003AH         SYMBOL        i
  X:003CH         SYMBOL        j
  D:0002H         SYMBOL        k
  -------         ENDDO         
  C:CEE9H         LINE#         5329
  C:CEE9H         LINE#         5330
  C:CEE9H         LINE#         5333
  C:CEECH         LINE#         5335
  C:CEEEH         LINE#         5340
  C:CEF6H         LINE#         5341
  C:CEF6H         LINE#         5342
  C:CEFCH         LINE#         5343
  C:CEFCH         LINE#         5344
  C:CF02H         LINE#         5346
  C:CF18H         LINE#         5347
  C:CF1FH         LINE#         5349
  C:CF22H         LINE#         5350
  C:CF22H         LINE#         5351
  C:CF28H         LINE#         5352
  C:CF28H         LINE#         5354
  C:CF2EH         LINE#         5355
  C:CF2EH         LINE#         5356
  C:CF42H         LINE#         5357
  C:CF58H         LINE#         5358
  C:CF6EH         LINE#         5360
  C:CF79H         LINE#         5362
  C:CF7BH         LINE#         5363
  -------         ENDPROC       DISPSCALEVER_GRAY
  -------         PROC          DISPGRAYHOR16
BL51 BANKED LINKER/LOCATER V6.22                                                      12/07/2020  10:01:15  PAGE 32


  -------         DO            
  X:0058H         SYMBOL        i
  D:0002H         SYMBOL        j
  X:005AH         SYMBOL        k
  -------         ENDDO         
  C:CD25H         LINE#         5365
  C:CD25H         LINE#         5366
  C:CD25H         LINE#         5369
  C:CD28H         LINE#         5371
  C:CD2AH         LINE#         5372
  C:CD2CH         LINE#         5374
  C:CD32H         LINE#         5375
  C:CD32H         LINE#         5376
  C:CD3BH         LINE#         5377
  C:CD3BH         LINE#         5378
  C:CD41H         LINE#         5379
  C:CD48H         LINE#         5381
  C:CD4BH         LINE#         5382
  C:CD4BH         LINE#         5383
  C:CD51H         LINE#         5384
  C:CD51H         LINE#         5385
  C:CD83H         LINE#         5386
  C:CD99H         LINE#         5387
  C:CDA4H         LINE#         5388
  C:CDBDH         LINE#         5390
  C:CDBFH         LINE#         5391
  -------         ENDPROC       DISPGRAYHOR16
  -------         PROC          DISPGRAYHOR32
  -------         DO            
  X:003EH         SYMBOL        i
  D:0002H         SYMBOL        j
  X:0040H         SYMBOL        k
  -------         ENDDO         
  C:D222H         LINE#         5393
  C:D222H         LINE#         5394
  C:D222H         LINE#         5397
  C:D225H         LINE#         5399
  C:D227H         LINE#         5401
  C:D22DH         LINE#         5402
  C:D22DH         LINE#         5403
  C:D236H         LINE#         5404
  C:D236H         LINE#         5405
  C:D23CH         LINE#         5406
  C:D243H         LINE#         5408
  C:D246H         LINE#         5409
  C:D246H         LINE#         5410
  C:D24CH         LINE#         5411
  C:D24CH         LINE#         5412
  C:D260H         LINE#         5413
  C:D276H         LINE#         5414
  C:D281H         LINE#         5415
  C:D297H         LINE#         5417
  C:D299H         LINE#         5418
  -------         ENDPROC       DISPGRAYHOR32
  -------         PROC          DISPSCALEHOR2
  -------         DO            
  X:0042H         SYMBOL        j
BL51 BANKED LINKER/LOCATER V6.22                                                      12/07/2020  10:01:15  PAGE 33


  D:0002H         SYMBOL        k
  -------         ENDDO         
  C:B863H         LINE#         5420
  C:B863H         LINE#         5421
  C:B863H         LINE#         5424
  C:B866H         LINE#         5426
  C:B868H         LINE#         5427
  C:B868H         LINE#         5428
  C:B86EH         LINE#         5429
  C:B88BH         LINE#         5430
  C:B896H         LINE#         5431
  C:B899H         LINE#         5432
  C:B899H         LINE#         5433
  C:B89FH         LINE#         5434
  C:B8BCH         LINE#         5435
  C:B8C7H         LINE#         5436
  C:B8CAH         LINE#         5437
  C:B8CAH         LINE#         5438
  C:B8D0H         LINE#         5439
  C:B8EDH         LINE#         5440
  C:B8F8H         LINE#         5441
  C:B8FBH         LINE#         5442
  C:B8FBH         LINE#         5443
  C:B901H         LINE#         5444
  C:B91EH         LINE#         5445
  C:B929H         LINE#         5446
  C:B92CH         LINE#         5447
  C:B92CH         LINE#         5448
  C:B932H         LINE#         5449
  C:B94FH         LINE#         5450
  C:B95AH         LINE#         5451
  C:B95DH         LINE#         5452
  C:B95DH         LINE#         5453
  C:B963H         LINE#         5454
  C:B980H         LINE#         5455
  C:B98BH         LINE#         5456
  C:B98EH         LINE#         5457
  C:B98EH         LINE#         5458
  C:B994H         LINE#         5459
  C:B9B1H         LINE#         5460
  C:B9BCH         LINE#         5461
  C:B9BFH         LINE#         5462
  C:B9BFH         LINE#         5463
  C:B9C5H         LINE#         5464
  C:B9E1H         LINE#         5465
  C:B9ECH         LINE#         5466
  C:B9F5H         LINE#         5467
  C:B9F5H         LINE#         5468
  C:B9FBH         LINE#         5469
  C:BA17H         LINE#         5470
  C:BA1EH         LINE#         5472
  -------         ENDPROC       DISPSCALEHOR2
  -------         PROC          _TOORD
  D:0007H         SYMBOL        ch
  C:D4C5H         LINE#         5577
  C:D4C5H         LINE#         5578
  C:D4C5H         LINE#         5579
BL51 BANKED LINKER/LOCATER V6.22                                                      12/07/2020  10:01:15  PAGE 34


  C:D4CBH         LINE#         5580
  C:D4CBH         LINE#         5581
  C:D4CDH         LINE#         5582
  C:D4CFH         LINE#         5583
  C:D4DBH         LINE#         5584
  C:D4DBH         LINE#         5585
  C:D4DFH         LINE#         5586
  C:D4E1H         LINE#         5587
  C:D4EDH         LINE#         5588
  C:D4EDH         LINE#         5589
  C:D4F1H         LINE#         5590
  C:D4F3H         LINE#         5591
  C:D4FFH         LINE#         5592
  C:D4FFH         LINE#         5593
  C:D503H         LINE#         5594
  C:D505H         LINE#         5595
  C:D511H         LINE#         5596
  C:D511H         LINE#         5597
  C:D515H         LINE#         5598
  C:D517H         LINE#         5599
  C:D51DH         LINE#         5600
  C:D51DH         LINE#         5601
  C:D51FH         LINE#         5602
  C:D51FH         LINE#         5604
  C:D51FH         LINE#         5605
  -------         ENDPROC       _TOORD
  C:C7B2H         SYMBOL        L?0461
  C:C7CAH         SYMBOL        L?0462
  -------         PROC          L?0460
  -------         ENDPROC       L?0460
  C:C7B2H         SYMBOL        L?0461
  C:C7CAH         SYMBOL        L?0462
  -------         PROC          _DISPONECHAR
  X:006CH         SYMBOL        ord
  D:0006H         SYMBOL        Xstart
  D:0002H         SYMBOL        Ystart
  X:0071H         SYMBOL        TextColor
  X:0073H         SYMBOL        BackColor
  -------         DO            
  X:0075H         SYMBOL        i
  D:0002H         SYMBOL        j
  X:0076H         SYMBOL        p
  D:0003H         SYMBOL        dat
  D:0006H         SYMBOL        index
  -------         ENDDO         
  C:C7DAH         LINE#         5607
  C:C7E2H         LINE#         5608
  C:C7E2H         LINE#         5614
  C:C7FCH         LINE#         5616
  C:C802H         LINE#         5618
  C:C80AH         LINE#         5619
  C:C80CH         LINE#         5621
  C:C81AH         LINE#         5623
  C:C827H         LINE#         5624
  C:C82EH         LINE#         5626
  C:C832H         LINE#         5627
  C:C832H         LINE#         5628
BL51 BANKED LINKER/LOCATER V6.22                                                      12/07/2020  10:01:15  PAGE 35


  C:C847H         LINE#         5629
  C:C849H         LINE#         5630
  C:C849H         LINE#         5631
  C:C856H         LINE#         5632
  C:C856H         LINE#         5633
  C:C858H         LINE#         5634
[...]
  C:B337H         LINE#         321
  C:B346H         LINE#         322
  C:B346H         LINE#         323
  C:B35BH         LINE#         324
  C:B360H         LINE#         325
BL51 BANKED LINKER/LOCATER V6.22                                                      12/07/2020  10:01:15  PAGE 43


  C:B368H         LINE#         326
  C:B372H         LINE#         327
  C:B380H         LINE#         328
  C:B38EH         LINE#         329
  C:B390H         LINE#         331
  C:B390H         LINE#         332
  C:B395H         LINE#         333
  C:B398H         LINE#         334
  C:B3B0H         LINE#         335
  C:B3B0H         LINE#         336
  C:B3C9H         LINE#         337
  C:B3CEH         LINE#         338
  C:B3D6H         LINE#         339
  C:B3DDH         LINE#         340
  C:B3E2H         LINE#         341
  C:B3E2H         LINE#         342
  C:B3F6H         LINE#         343
  C:B3F6H         LINE#         344
  C:B3FDH         LINE#         345
  C:B402H         LINE#         346
  C:B402H         LINE#         347
  C:B410H         LINE#         348
  C:B410H         LINE#         349
  -------         ENDPROC       USBXCORE_HANDLE_SETUP
  -------         PROC          USBXCORE_FORCE_STALL
  C:DA50H         LINE#         356
  C:DA50H         LINE#         358
  C:DA5BH         LINE#         359
  C:DA66H         LINE#         360
  C:DA6CH         LINE#         361
  -------         ENDPROC       USBXCORE_FORCE_STALL
  -------         PROC          USBXCORE_GET_STATUS
  C:D382H         LINE#         367
  C:D382H         LINE#         369
  C:D391H         LINE#         370
  C:D391H         LINE#         371
  C:D391H         LINE#         372
  C:D391H         LINE#         373
  C:D391H         LINE#         374
  C:D393H         LINE#         375
  C:D393H         LINE#         379
  C:D393H         LINE#         381
  C:D3A1H         LINE#         385
  C:D3A1H         LINE#         386
  C:D3A1H         LINE#         387
  C:D3A1H         LINE#         388
  C:D3A3H         LINE#         390
  C:D3A3H         LINE#         392
  C:D3B1H         LINE#         396
  C:D3B1H         LINE#         397
  C:D3BEH         LINE#         398
  C:D3BEH         LINE#         399
  C:D3C0H         LINE#         401
  C:D3C0H         LINE#         402
  C:D3CEH         LINE#         403
  C:D3D7H         LINE#         404
  C:D3D7H         LINE#         405
BL51 BANKED LINKER/LOCATER V6.22                                                      12/07/2020  10:01:15  PAGE 44


  C:D3D7H         LINE#         406
  C:D3D9H         LINE#         407
  C:D3D9H         LINE#         408
  C:D3DCH         LINE#         409
  C:D3DCH         LINE#         410
  C:D3DCH         LINE#         411
  C:D3E4H         LINE#         412
  C:D3E4H         LINE#         413
  C:D3E7H         LINE#         414
  C:D3EDH         LINE#         415
  C:D3F4H         LINE#         416
  C:D3F4H         LINE#         417
  -------         ENDPROC       USBXCORE_GET_STATUS
  -------         PROC          USBXCORE_CLEAR_FEATURE
  C:D57AH         LINE#         423
  C:D57AH         LINE#         425
  C:D580H         LINE#         426
  C:D580H         LINE#         428
  C:D587H         LINE#         429
  C:D587H         LINE#         430
  C:D592H         LINE#         436
  C:D59DH         LINE#         437
  C:D5A2H         LINE#         438
  C:D5A4H         LINE#         440
  C:D5A4H         LINE#         442
  C:D5AFH         LINE#         446
  C:D5BAH         LINE#         447
  C:D5BFH         LINE#         448
  C:D5BFH         LINE#         449
  C:D5C1H         LINE#         451
  C:D5C1H         LINE#         452
  C:D5C4H         LINE#         453
  C:D5C4H         LINE#         454
  C:D5CFH         LINE#         455
  -------         ENDPROC       USBXCORE_CLEAR_FEATURE
  -------         PROC          USBXCORE_VENDOR_USB_API
  C:C6DDH         LINE#         462
  C:C6DDH         LINE#         464
  C:C6E7H         LINE#         465
  C:C6E7H         LINE#         466
  C:C6EEH         LINE#         467
  C:C6EEH         LINE#         468
  C:C6F1H         LINE#         469
  C:C6F4H         LINE#         470
  C:C6F6H         LINE#         472
  C:C6F6H         LINE#         473
  C:C6FDH         LINE#         474
  C:C6FDH         LINE#         477
  C:C708H         LINE#         482
  C:C713H         LINE#         483
  C:C71EH         LINE#         485
  C:C71EH         LINE#         486
  C:C731H         LINE#         487
  C:C731H         LINE#         488
  C:C735H         LINE#         489
  C:C740H         LINE#         491
  C:C740H         LINE#         492
BL51 BANKED LINKER/LOCATER V6.22                                                      12/07/2020  10:01:15  PAGE 45


  C:C753H         LINE#         493
  C:C753H         LINE#         494
  C:C757H         LINE#         495
  C:C762H         LINE#         497
  C:C768H         LINE#         498
  C:C770H         LINE#         499
  C:C770H         LINE#         500
  C:C773H         LINE#         501
  C:C773H         LINE#         502
  C:C773H         LINE#         503
  C:C77EH         LINE#         504
  C:C77EH         LINE#         505
  C:C784H         LINE#         506
  C:C78BH         LINE#         507
  C:C78BH         LINE#         508
  C:C78FH         LINE#         509
  C:C78FH         LINE#         510
  C:C795H         LINE#         511
  C:C79CH         LINE#         512
  C:C79CH         LINE#         513
  C:C7A7H         LINE#         514
  -------         ENDPROC       USBXCORE_VENDOR_USB_API
  -------         PROC          USBXCORE_SET_FEATURE
  C:D5D2H         LINE#         521
  C:D5D2H         LINE#         523
  C:D5D8H         LINE#         524
  C:D5D8H         LINE#         526
  C:D5DFH         LINE#         527
  C:D5DFH         LINE#         528
  C:D5EAH         LINE#         534
  C:D5F5H         LINE#         535
  C:D5F8H         LINE#         536
  C:D5FAH         LINE#         538
  C:D5FAH         LINE#         540
  C:D605H         LINE#         544
  C:D610H         LINE#         545
  C:D616H         LINE#         546
  C:D616H         LINE#         548
  C:D618H         LINE#         550
  C:D618H         LINE#         551
  C:D61BH         LINE#         552
  C:D61BH         LINE#         553
  C:D626H         LINE#         554
  -------         ENDPROC       USBXCORE_SET_FEATURE
  -------         PROC          USBXCORE_SET_ADDRESS
  C:DA11H         LINE#         561
  C:DA11H         LINE#         563
  C:DA20H         LINE#         564
  C:DA26H         LINE#         565
  C:DA26H         LINE#         566
  C:DA29H         LINE#         567
  C:DA2BH         LINE#         569
  C:DA2BH         LINE#         570
  C:DA2EH         LINE#         571
  C:DA2EH         LINE#         572
  -------         ENDPROC       USBXCORE_SET_ADDRESS
  -------         PROC          USBXCORE_GET_DESCRIPTOR
BL51 BANKED LINKER/LOCATER V6.22                                                      12/07/2020  10:01:15  PAGE 46


  C:C9DFH         LINE#         579
  C:C9DFH         LINE#         580
  C:C9EEH         LINE#         581
  C:C9EEH         LINE#         582
  C:C9EEH         LINE#         583
  C:C9FCH         LINE#         584
  C:CA00H         LINE#         585
  C:CA02H         LINE#         586
  C:CA02H         LINE#         587
  C:CA10H         LINE#         588
  C:CA23H         LINE#         589
  C:CA25H         LINE#         590
  C:CA25H         LINE#         591
  C:CA49H         LINE#         592
  C:CA55H         LINE#         593
  C:CA57H         LINE#         594
  C:CA57H         LINE#         595
  C:CA5AH         LINE#         596
  C:CA5AH         LINE#         597
  C:CA5AH         LINE#         598
  C:CA70H         LINE#         599
  C:CA70H         LINE#         600
  C:CA78H         LINE#         601
  C:CA78H         LINE#         602
  C:CA80H         LINE#         603
  C:CA80H         LINE#         604
  C:CA83H         LINE#         605
  C:CA89H         LINE#         606
  C:CA90H         LINE#         607
  C:CA90H         LINE#         608
  -------         ENDPROC       USBXCORE_GET_DESCRIPTOR
  -------         PROC          USBXCORE_GET_CONFIGURATION
  C:D773H         LINE#         614
  C:D773H         LINE#         616
  C:D77BH         LINE#         617
  C:D77BH         LINE#         618
  C:D787H         LINE#         619
  C:D78FH         LINE#         620
  C:D78FH         LINE#         621
  C:D793H         LINE#         622
  C:D793H         LINE#         623
  C:D7A1H         LINE#         624
  C:D7A9H         LINE#         625
  C:D7A9H         LINE#         626
  C:D7ACH         LINE#         627
  C:D7B2H         LINE#         628
  C:D7B9H         LINE#         629
  -------         ENDPROC       USBXCORE_GET_CONFIGURATION
  -------         PROC          USBXCORE_SET_CONFIGURATION
  C:D520H         LINE#         635
  C:D520H         LINE#         637
  C:D529H         LINE#         638
  C:D529H         LINE#         639
  C:D530H         LINE#         640
  C:D536H         LINE#         641
  C:D53BH         LINE#         642
  C:D53DH         LINE#         644
BL51 BANKED LINKER/LOCATER V6.22                                                      12/07/2020  10:01:15  PAGE 47


  C:D548H         LINE#         645
  C:D553H         LINE#         646
  C:D55EH         LINE#         653
  C:D569H         LINE#         654
  C:D56BH         LINE#         656
  C:D56BH         LINE#         657
  C:D571H         LINE#         658
  C:D575H         LINE#         659
  C:D577H         LINE#         660
  C:D577H         LINE#         661
  -------         ENDPROC       USBXCORE_SET_CONFIGURATION
  -------         PROC          USBXCORE_GET_INTERFACE
  C:D9A2H         LINE#         668
  C:D9A2H         LINE#         670
  C:D9B0H         LINE#         671
  C:D9B8H         LINE#         672
  C:D9BBH         LINE#         673
  C:D9C1H         LINE#         674
  C:D9C8H         LINE#         675
  -------         ENDPROC       USBXCORE_GET_INTERFACE
  -------         PROC          USBXCORE_SET_SOP
  C:DA9CH         LINE#         682
  C:DA9CH         LINE#         684
  C:DAA4H         LINE#         685
  C:DAA4H         LINE#         686
  C:DAAFH         LINE#         687
  C:DAAFH         LINE#         688
  -------         ENDPROC       USBXCORE_SET_SOP
  -------         PROC          USBXCORE_USB_ISR
  C:BEDBH         LINE#         699
  C:BEF8H         LINE#         702
  C:BEFEH         LINE#         703
  C:BF11H         LINE#         706
  C:BF24H         LINE#         709
  C:BF28H         LINE#         710
  C:BF28H         LINE#         711
  C:BF33H         LINE#         712
  C:BF33H         LINE#         714
  C:BF3AH         LINE#         715
  C:BF3AH         LINE#         716
  C:BF3DH         LINE#         717
  C:BF3DH         LINE#         719
  C:BF44H         LINE#         720
  C:BF44H         LINE#         721
  C:BF51H         LINE#         722
  C:BF51H         LINE#         723
  C:BF58H         LINE#         724
  C:BF58H         LINE#         725
  C:BF58H         LINE#         727
  C:BF58H         LINE#         728
  C:BF58H         LINE#         730
  C:BF58H         LINE#         732
  C:BF6BH         LINE#         734
  C:BF6FH         LINE#         735
  C:BF6FH         LINE#         736
  C:BF72H         LINE#         737
  C:BF72H         LINE#         740
BL51 BANKED LINKER/LOCATER V6.22                                                      12/07/2020  10:01:15  PAGE 48


  C:BF79H         LINE#         741
  C:BF79H         LINE#         742
  C:BF84H         LINE#         748
  C:BF97H         LINE#         749
  C:BF9CH         LINE#         750
  C:BF9CH         LINE#         751
  C:BFA3H         LINE#         752
  C:BFA3H         LINE#         754
  C:BFA3H         LINE#         756
  C:BFB6H         LINE#         759
  C:BFBAH         LINE#         760
  C:BFBAH         LINE#         761
  C:BFC5H         LINE#         767
  C:BFD8H         LINE#         768
  C:BFDCH         LINE#         769
  C:BFDCH         LINE#         770
  C:BFE3H         LINE#         771
  C:BFE3H         LINE#         772
  C:BFE3H         LINE#         775
  C:BFF1H         LINE#         776
  C:BFF6H         LINE#         777
  C:BFFCH         LINE#         778
  C:C001H         LINE#         781
  C:C00EH         LINE#         782
  C:C00EH         LINE#         783
  C:C011H         LINE#         784
  C:C011H         LINE#         785
  -------         ENDPROC       USBXCORE_USB_ISR
  -------         ENDMOD        USB_API

  -------         MODULE        USB_SUSPEND
  C:0000H         SYMBOL        _ICE_DUMMY_
  D:00D7H         PUBLIC        USB0XCN
  D:00C9H         PUBLIC        REG0CN
  C:D929H         PUBLIC        USB_Suspend
  D:00A9H         PUBLIC        CLKSEL
  D:00B2H         PUBLIC        OSCICN
  D:00B9H         PUBLIC        CLKMUL
  -------         PROC          USB_SUSPEND
  C:D929H         LINE#         70
  C:D929H         LINE#         72
  C:D92CH         LINE#         74
  C:D92FH         LINE#         76
  C:D937H         LINE#         79
  C:D93AH         LINE#         80
  C:D93DH         LINE#         81
  C:D940H         LINE#         82
  C:D943H         LINE#         84
  C:D944H         LINE#         86
  C:D947H         LINE#         88
  C:D94DH         LINE#         92
  C:D950H         LINE#         94
  C:D953H         LINE#         95
  -------         ENDPROC       USB_SUSPEND
  -------         ENDMOD        USB_SUSPEND

  -------         MODULE        USB_INT_ENABLE
BL51 BANKED LINKER/LOCATER V6.22                                                      12/07/2020  10:01:15  PAGE 49


  C:0000H         SYMBOL        _ICE_DUMMY_
  C:DA6DH         PUBLIC        USB_Int_Enable
  D:0096H         PUBLIC        USB0ADR
  D:0097H         PUBLIC        USB0DAT
  -------         PROC          USB_INT_ENABLE
  C:DA6DH         LINE#         68
  C:DA6DH         LINE#         71
  C:DA74H         LINE#         73
  C:DA7AH         LINE#         74
  C:DA7AH         LINE#         75
  C:DA85H         LINE#         77
  C:DA85H         LINE#         78
  -------         ENDPROC       USB_INT_ENABLE
  -------         ENDMOD        USB_INT_ENABLE

  -------         MODULE        USB_CLOCK_RECOVERY
  C:0000H         SYMBOL        _ICE_DUMMY_
  C:DAE2H         PUBLIC        USBXcore_ClkRec
  D:0096H         PUBLIC        USB0ADR
  D:0097H         PUBLIC        USB0DAT
  -------         PROC          USBXCORE_CLKREC
  C:DAE2H         LINE#         45
  C:DAE2H         LINE#         47
  C:DAEDH         LINE#         48
  -------         ENDPROC       USBXCORE_CLKREC
  -------         ENDMOD        USB_CLOCK_RECOVERY

  -------         MODULE        ?C?FPMUL
  C:AC99H         PUBLIC        ?C?FPMUL
  -------         ENDMOD        ?C?FPMUL

  -------         MODULE        ?C?FCAST
  C:ADA9H         PUBLIC        ?C?FCASTC
  C:ADA4H         PUBLIC        ?C?FCASTI
  C:AD9FH         PUBLIC        ?C?FCASTL
  -------         ENDMOD        ?C?FCAST

  -------         MODULE        ?C?CASTF
  C:ADDDH         PUBLIC        ?C?CASTF
  -------         ENDMOD        ?C?CASTF

  -------         MODULE        ?C?COPY
  C:AF2EH         PUBLIC        ?C?COPY
  -------         ENDMOD        ?C?COPY

  -------         MODULE        ?C?CLDPTR
  C:AF54H         PUBLIC        ?C?CLDPTR
  -------         ENDMOD        ?C?CLDPTR

  -------         MODULE        ?C?CLDOPTR
  C:AF6DH         PUBLIC        ?C?CLDOPTR
  -------         ENDMOD        ?C?CLDOPTR

  -------         MODULE        ?C?IMUL
  C:AF9AH         PUBLIC        ?C?IMUL
  -------         ENDMOD        ?C?IMUL

BL51 BANKED LINKER/LOCATER V6.22                                                      12/07/2020  10:01:15  PAGE 50


  -------         MODULE        ?C?IILDX
  C:AFACH         PUBLIC        ?C?IILDX
  -------         ENDMOD        ?C?IILDX

  -------         MODULE        ?C?ILDOPTR
  C:AFC2H         PUBLIC        ?C?ILDOPTR
  -------         ENDMOD        ?C?ILDOPTR

  -------         MODULE        ?C?LMUL
  C:AFFAH         PUBLIC        ?C?LMUL
  -------         ENDMOD        ?C?LMUL

  -------         MODULE        ?C?ULDIV
  C:B085H         PUBLIC        ?C?ULDIV
  -------         ENDMOD        ?C?ULDIV

  -------         MODULE        ?C?LNEG
  C:B117H         PUBLIC        ?C?LNEG
  -------         ENDMOD        ?C?LNEG

  -------         MODULE        ?C?ULCMP
  C:B125H         PUBLIC        ?C?ULCMP
  -------         ENDMOD        ?C?ULCMP

  -------         MODULE        ?C?ULSHR
  C:B136H         PUBLIC        ?C?ULSHR
  -------         ENDMOD        ?C?ULSHR

  -------         MODULE        ?C?LSHL
  C:B149H         PUBLIC        ?C?LSHL
  -------         ENDMOD        ?C?LSHL

  -------         MODULE        ?C?LLDIPDATA
  C:B165H         PUBLIC        ?C?LLDIPDATA
  C:B15CH         PUBLIC        ?C?LLDIPDATA1
  C:B15EH         PUBLIC        ?C?LLDIPDATA8
  -------         ENDMOD        ?C?LLDIPDATA

  -------         MODULE        ?C?LSTXDATA
  C:B17CH         PUBLIC        ?C?LSTXDATA
  -------         ENDMOD        ?C?LSTXDATA

  -------         MODULE        ?C?LSTPDATA
  C:B188H         PUBLIC        ?C?LSTPDATA
  -------         ENDMOD        ?C?LSTPDATA

  -------         MODULE        ?C?LSTKXDATA
  C:B194H         PUBLIC        ?C?LSTKXDATA
  -------         ENDMOD        ?C?LSTKXDATA

  -------         MODULE        ?C?LSTKPDATA
  C:B1C5H         PUBLIC        ?C?LSTKPDATA
  -------         ENDMOD        ?C?LSTKPDATA

  -------         MODULE        ?C_PBP
  D:0008H         PUBLIC        ?C_PBP
  -------         ENDMOD        ?C_PBP
BL51 BANKED LINKER/LOCATER V6.22                                                      12/07/2020  10:01:15  PAGE 51



*** WARNING L14: INCOMPATIBLE MEMORY MODEL
    MODULE:  .\USBX_F34X.LIB (USB_API)
    MODEL:   SMALL

*** WARNING L14: INCOMPATIBLE MEMORY MODEL
    MODULE:  .\USBX_F34X.LIB (USB_SUSPEND)
    MODEL:   SMALL

*** WARNING L14: INCOMPATIBLE MEMORY MODEL
    MODULE:  .\USBX_F34X.LIB (USB_INT_ENABLE)
    MODEL:   SMALL

*** WARNING L14: INCOMPATIBLE MEMORY MODEL
    MODULE:  .\USBX_F34X.LIB (USB_CLOCK_RECOVERY)
    MODEL:   SMALL

*** WARNING L16: UNCALLED SEGMENT, IGNORED FOR OVERLAY PROCESS
    SEGMENT: ?PR?SD_INIT?MMC_SD

*** WARNING L16: UNCALLED SEGMENT, IGNORED FOR OVERLAY PROCESS
    SEGMENT: ?PR?_DISPPIC?LCD

*** WARNING L16: UNCALLED SEGMENT, IGNORED FOR OVERLAY PROCESS
    SEGMENT: ?PR?_DISPPICFROMSD?LCD

*** WARNING L16: UNCALLED SEGMENT, IGNORED FOR OVERLAY PROCESS
    SEGMENT: ?PR?DISPSCALEHOR1?LCD

*** WARNING L16: UNCALLED SEGMENT, IGNORED FOR OVERLAY PROCESS
    SEGMENT: ?PR?DISPSCALEVER?LCD

*** WARNING L16: UNCALLED SEGMENT, IGNORED FOR OVERLAY PROCESS
    SEGMENT: ?PR?DISPSCALEVER_RED?LCD

*** WARNING L16: UNCALLED SEGMENT, IGNORED FOR OVERLAY PROCESS
    SEGMENT: ?PR?DISPSCALEVER_GREEN?LCD

*** WARNING L16: UNCALLED SEGMENT, IGNORED FOR OVERLAY PROCESS
    SEGMENT: ?PR?DISPSCALEVER_BLUE?LCD

*** WARNING L16: UNCALLED SEGMENT, IGNORED FOR OVERLAY PROCESS
    SEGMENT: ?PR?DISPSCALEVER_GRAY?LCD

*** WARNING L16: UNCALLED SEGMENT, IGNORED FOR OVERLAY PROCESS
    SEGMENT: ?PR?DISPGRAYHOR32?LCD

*** WARNING L16: UNCALLED SEGMENT, IGNORED FOR OVERLAY PROCESS
    SEGMENT: ?PR?DISPSCALEHOR2?LCD

*** WARNING L16: UNCALLED SEGMENT, IGNORED FOR OVERLAY PROCESS
    SEGMENT: ?PR?_DRAWGIRD?LCD

*** WARNING L15: MULTIPLE CALL TO SEGMENT
    SEGMENT: ?PR?_WRITECOMM?LCD
    CALLER1: ?PR?USB_API_TEST_ISR?MAIN
    CALLER2: ?C_C51STARTUP
BL51 BANKED LINKER/LOCATER V6.22                                                      12/07/2020  10:01:15  PAGE 52



*** WARNING L15: MULTIPLE CALL TO SEGMENT
    SEGMENT: ?PR?_WRITEDATA?LCD
    CALLER1: ?PR?USB_API_TEST_ISR?MAIN
    CALLER2: ?C_C51STARTUP

Program Size: data=10.0 xdata=1217 code=56068
LINK/LOCATE RUN COMPLETE.  18 WARNING(S),  0 ERROR(S)
