BL51 BANKED LINKER/LOCATER V6.22                                                        12/03/2021  07:57:53  PAGE 1


BL51 BANKED LINKER/LOCATER V6.22, INVOKED BY:
D:\KEIL C51\C51\BIN\BL51.EXE main.obj, mmc_sd.obj, lcd.obj, tp.obj, .\USBX_F34X.LIB TO ST7796S_CTC35_ZT_L8 RAMSIZE (256)
>> 


MEMORY MODEL: COMPACT WITH FLOATING POINT ARITHMETIC


INPUT MODULES INCLUDED:
  main.obj (MAIN)
  mmc_sd.obj (MMC_SD)
  lcd.obj (LCD)
  tp.obj (TP)
  .\USBX_F34X.LIB (USB_API)
  .\USBX_F34X.LIB (USB_CLOCK_START)
  .\USBX_F34X.LIB (USB_SUSPEND)
  .\USBX_F34X.LIB (GET_INTERRUPT_SOURCE)
  .\USBX_F34X.LIB (BLOCK_READ)
  .\USBX_F34X.LIB (BLOCK_WRITE)
  .\USBX_F34X.LIB (USB_INT_ENABLE)
  .\USBX_F34X.LIB (USB_CLOCK_RECOVERY)
  .\USBX_F34X.LIB (USB_JUMP_ISR)
  D:\KEIL C51\C51\LIB\C51FPC.LIB (?C?FPMUL)
  D:\KEIL C51\C51\LIB\C51FPC.LIB (?C?FCAST)
  D:\KEIL C51\C51\LIB\C51FPC.LIB (?C?CASTF)
  D:\KEIL C51\C51\LIB\C51FPC.LIB (?C?FPGETOPN)
  D:\KEIL C51\C51\LIB\C51C.LIB (?C_STARTUP)
  D:\KEIL C51\C51\LIB\C51C.LIB (?C?COPY)
  D:\KEIL C51\C51\LIB\C51C.LIB (?C?CLDPTR)
  D:\KEIL C51\C51\LIB\C51C.LIB (?C?CLDOPTR)
  D:\KEIL C51\C51\LIB\C51C.LIB (?C?IMUL)
  D:\KEIL C51\C51\LIB\C51C.LIB (?C?IILDX)
  D:\KEIL C51\C51\LIB\C51C.LIB (?C?ILDOPTR)
  D:\KEIL C51\C51\LIB\C51C.LIB (?C?LMUL)
  D:\KEIL C51\C51\LIB\C51C.LIB (?C?ULDIV)
  D:\KEIL C51\C51\LIB\C51C.LIB (?C?LNEG)
  D:\KEIL C51\C51\LIB\C51C.LIB (?C?ULCMP)
  D:\KEIL C51\C51\LIB\C51C.LIB (?C?ULSHR)
  D:\KEIL C51\C51\LIB\C51C.LIB (?C?LSHL)
  D:\KEIL C51\C51\LIB\C51C.LIB (?C?LLDIPDATA)
  D:\KEIL C51\C51\LIB\C51C.LIB (?C?LSTXDATA)
  D:\KEIL C51\C51\LIB\C51C.LIB (?C?LSTPDATA)
  D:\KEIL C51\C51\LIB\C51C.LIB (?C?LSTKXDATA)
  D:\KEIL C51\C51\LIB\C51C.LIB (?C?LSTKPDATA)
  D:\KEIL C51\C51\LIB\C51C.LIB (?C_PBP)
  D:\KEIL C51\C51\LIB\C51C.LIB (?C_INIT)


LINK MAP OF MODULE:  ST7796S_CTC35_ZT_L8 (MAIN)


            TYPE    BASE      LENGTH    RELOCATION   SEGMENT NAME
            -----------------------------------------------------

            * * * * * * *   D A T A   M E M O R Y   * * * * * * *
            REG     0000H     0008H     ABSOLUTE     "REG BANK 0"
            DATA    0008H     0001H     UNIT         ?C?LIB_DATA
            IDATA   0009H     0001H     UNIT         ?STACK
BL51 BANKED LINKER/LOCATER V6.22                                                      12/03/2021  07:57:53  PAGE 2



            * * * * * * *  X D A T A   M E M O R Y  * * * * * * *
            XDATA   0000H     0010H     INPAGE       ?PD?MAIN
            XDATA   0010H     0004H     INPAGE       ?PD?_MMC_SD_READSINGLEBLOCK?MMC_SD
            XDATA   0014H     0005H     INPAGE       ?PD?_DISPPIC?LCD
            XDATA   0019H     000DH     INPAGE       ?PD?_DISPPICFROMSD?LCD
            XDATA   0026H     0004H     INPAGE       ?PD?DISPSCALEHOR1?LCD
            XDATA   002AH     0004H     INPAGE       ?PD?DISPSCALEVER?LCD
            XDATA   002EH     0004H     INPAGE       ?PD?DISPSCALEVER_RED?LCD
            XDATA   0032H     0004H     INPAGE       ?PD?DISPSCALEVER_GREEN?LCD
            XDATA   0036H     0004H     INPAGE       ?PD?DISPSCALEVER_BLUE?LCD
            XDATA   003AH     0004H     INPAGE       ?PD?DISPSCALEVER_GRAY?LCD
            XDATA   003EH     0004H     INPAGE       ?PD?DISPGRAYHOR32?LCD
            XDATA   0042H     0002H     INPAGE       ?PD?DISPSCALEHOR2?LCD
            XDATA   0044H     000CH     INPAGE       ?PD?_DRAWLINE?LCD
            XDATA   0050H     0004H     INPAGE       ?PD?_DRAWGIRD?LCD
            XDATA   0054H     0002H     INPAGE       ?PD?LCD
            XDATA   0056H     0026H     INPAGE       _PDATA_GROUP_
            XDATA   007CH     0200H     UNIT         ?XD?MMC_SD
            XDATA   027CH     0058H     UNIT         _XDATA_GROUP_
            XDATA   02D4H     0040H     UNIT         ?XD?MAIN
                    0314H     032CH                  *** GAP ***
            XDATA   0640H     0100H     ABSOLUTE     
            XDATA   0740H     0012H     ABSOLUTE     
            XDATA   0752H     0020H     ABSOLUTE     
            XDATA   0772H     000CH     ABSOLUTE     
            XDATA   077EH     0008H     ABSOLUTE     
            XDATA   0786H     0001H     ABSOLUTE     
            XDATA   0787H     0003H     ABSOLUTE     
            XDATA   078AH     0002H     ABSOLUTE     
            XDATA   078CH     0002H     ABSOLUTE     
            XDATA   078EH     0003H     ABSOLUTE     
            XDATA   0791H     0001H     ABSOLUTE     
            XDATA   0792H     0001H     ABSOLUTE     
            XDATA   0793H     0001H     ABSOLUTE     
            XDATA   0794H     0001H     ABSOLUTE     
            XDATA   0795H     0002H     ABSOLUTE     
            XDATA   0797H     0002H     ABSOLUTE     
            XDATA   0799H     0001H     ABSOLUTE     
            XDATA   079AH     0001H     ABSOLUTE     
            XDATA   079BH     0001H     ABSOLUTE     
            XDATA   079CH     0001H     ABSOLUTE     
            XDATA   079DH     0001H     ABSOLUTE     
            XDATA   079EH     0001H     ABSOLUTE     
            XDATA   079FH     0002H     ABSOLUTE     
            XDATA   07A1H     0001H     ABSOLUTE     
            XDATA   07A2H     0001H     ABSOLUTE     
            XDATA   07A3H     000CH     ABSOLUTE     
                    07AFH     0011H                  *** GAP ***
            XDATA   07C0H     0040H     ABSOLUTE     

            * * * * * * *   C O D E   M E M O R Y   * * * * * * *
            CODE    0000H     0003H     ABSOLUTE     
            CODE    0003H     003DH     UNIT         ?PR?MAIN?MAIN
            CODE    0040H     0003H     UNIT         ?PR?SUSPEND_DEVICE?MAIN
            CODE    0043H     0003H     ABSOLUTE     
            CODE    0046H     0044H     UNIT         ?PR?_DISPCOLOR?LCD
BL51 BANKED LINKER/LOCATER V6.22                                                      12/03/2021  07:57:53  PAGE 3


                    008AH     0001H                  *** GAP ***
            CODE    008BH     0003H     ABSOLUTE     
            CODE    008EH     060DH     UNIT         ?PR?CONNTOUSB?MAIN
            CODE    069BH     0600H     UNIT         ?CO?LCD
            CODE    0C9BH     0545H     UNIT         ?C?LIB_CODE
            CODE    11E0H     0233H     UNIT         ?PR?USBXCORE_HANDLE_SETUP?USB_API
            CODE    1413H     0232H     UNIT         ?PR?_LCD_READ_IC_ID?LCD
            CODE    1645H     021EH     UNIT         ?PR?DISPSCALEHOR1?LCD
            CODE    1863H     01FCH     UNIT         ?PR?TP_DRAWLINE?TP
            CODE    1A5FH     01BAH     UNIT         ?PR?DISPSCALEHOR2?LCD
            CODE    1C19H     018EH     UNIT         ?PR?DISPBAND?LCD
            CODE    1DA7H     0151H     UNIT         ?PR?USBXCORE_USB_ISR?USB_API
            CODE    1EF8H     014EH     UNIT         ?PR?LCD_INIT?LCD
            CODE    2046H     013DH     UNIT         ?PR?USB_API_TEST_ISR?MAIN
            CODE    2183H     0137H     UNIT         ?PR?_USB_INIT?USB_API
            CODE    22BAH     0128H     UNIT         ?PR?DISPSCALEVER?LCD
            CODE    23E2H     011BH     UNIT         ?PR?_TP_GETPOSITION?TP
            CODE    24FDH     0111H     UNIT         ?PR?_BLOCK_WRITE?BLOCK_WRITE
            CODE    260EH     00E9H     UNIT         ?PR?_DISPPICFROMSD?LCD
            CODE    26F7H     00CDH     UNIT         ?PR?USBXCORE_VENDOR_USB_API?USB_API
            CODE    27C4H     00CBH     UNIT         ?PR?_DISPONECHAR?LCD
            CODE    288FH     00B7H     UNIT         ?PR?MMC_SD_RESET?MMC_SD
            CODE    2946H     00B4H     UNIT         ?PR?_DISPINT?LCD
            CODE    29FAH     00B2H     UNIT         ?PR?USBXCORE_GET_DESCRIPTOR?USB_API
            CODE    2AACH     00AFH     UNIT         ?PR?_BLOCK_READ?BLOCK_READ
            CODE    2B5BH     00A4H     UNIT         ?PR?DISPFRAME?LCD
            CODE    2BFFH     009EH     UNIT         ?PR?DISPSCALEVER_GREEN?LCD
            CODE    2C9DH     009CH     UNIT         ?PR?_?BLOCKWRITE?LCD
            CODE    2D39H     009BH     UNIT         ?PR?DISPGRAYHOR16?LCD
            CODE    2DD4H     0096H     UNIT         ?PR?_DISPSTR?LCD
            CODE    2E6AH     0091H     UNIT         ?PR?DISPSCALEVER_RED?LCD
            CODE    2EFBH     0091H     UNIT         ?PR?DISPSCALEVER_GRAY?LCD
            CODE    2F8CH     0090H     UNIT         ?PR?_DRAWGIRD?LCD
            CODE    301CH     008CH     UNIT         ?C_C51STARTUP
            CODE    30A8H     0086H     UNIT         ?PR?DISPSCALEVER_BLUE?LCD
            CODE    312EH     0086H     UNIT         ?PR?_DRAWLINE?LCD
            CODE    31B4H     007DH     UNIT         ?PR?_MMC_SD_WRITESINGLEBLOCK?MMC_SD
            CODE    3231H     0078H     UNIT         ?PR?DISPGRAYHOR32?LCD
            CODE    32A9H     0075H     UNIT         ?PR?_MMC_SD_SENDCOMMAND?MMC_SD
            CODE    331EH     0073H     UNIT         ?PR?TP_READ?TP
            CODE    3391H     0073H     UNIT         ?PR?USBXCORE_GET_STATUS?USB_API
            CODE    3404H     006CH     UNIT         ?PR?DEVICES_INIT?MAIN
            CODE    3470H     0064H     UNIT         ?PR?_MMC_SD_READSINGLEBLOCK?MMC_SD
            CODE    34D4H     0063H     UNIT         ?PR?_DISPPIC?LCD
            CODE    3537H     005BH     UNIT         ?PR?_TOORD?LCD
            CODE    3592H     005AH     UNIT         ?PR?USBXCORE_SET_CONFIGURATION?USB_API
            CODE    35ECH     0058H     UNIT         ?PR?USBXCORE_CLEAR_FEATURE?USB_API
            CODE    3644H     0057H     UNIT         ?PR?USBXCORE_SET_FEATURE?USB_API
            CODE    369BH     0055H     UNIT         ?PR?_STOPDELAY?MAIN
            CODE    36F0H     0052H     UNIT         ?PR?_PUTPIXEL?LCD
            CODE    3742H     0050H     UNIT         ?CO?MAIN
            CODE    3792H     0047H     UNIT         ?PR?USBXCORE_GET_CONFIGURATION?USB_API
            CODE    37D9H     0043H     UNIT         ?PR?MCU_INIT?MAIN
            CODE    381CH     003AH     UNIT         ?CO?USB_API
            CODE    3856H     0038H     UNIT         ?PR?USB_CLOCK_START?USB_CLOCK_START
            CODE    388EH     002DH     UNIT         ?C_INITSEG
            CODE    38BBH     002CH     UNIT         ?PR?_WRITEDISPDATA?LCD
BL51 BANKED LINKER/LOCATER V6.22                                                      12/03/2021  07:57:53  PAGE 4


            CODE    38E7H     002BH     UNIT         ?PR?USB_SUSPEND?USB_SUSPEND
            CODE    3912H     0027H     UNIT         ?PR?USBXCORE_USB_RESET?USB_API
            CODE    3939H     0027H     UNIT         ?PR?USBXCORE_GET_INTERFACE?USB_API
            CODE    3960H     0026H     UNIT         ?PR?_TP_WRITE?TP
            CODE    3986H     0022H     UNIT         ?PR?USBXCORE_JUMP_ISR?USB_JUMP_ISR
            CODE    39A8H     0020H     UNIT         ?PR?USBXCORE_SET_ADDRESS?USB_API
            CODE    39C8H     001FH     UNIT         ?PR?_DELAY?MAIN
            CODE    39E7H     001DH     UNIT         ?PR?USBXCORE_FORCE_STALL?USB_API
            CODE    3A04H     0019H     UNIT         ?PR?_WRITEDATA?LCD
            CODE    3A1DH     0019H     UNIT         ?PR?USB_INT_ENABLE?USB_INT_ENABLE
            CODE    3A36H     0016H     UNIT         ?PR?_SPI_WRITEBYTE?MMC_SD
            CODE    3A4CH     0016H     UNIT         ?PR?READDATA?LCD
            CODE    3A62H     0015H     UNIT         ?PR?_WRITECOMM?LCD
            CODE    3A77H     0014H     UNIT         ?PR?USBXCORE_SET_SOP?USB_API
            CODE    3A8BH     0013H     UNIT         ?PR?WAITKEY?MAIN
            CODE    3A9EH     0011H     UNIT         ?PR?SD_INIT?MMC_SD
            CODE    3AAFH     000EH     UNIT         ?PR?GET_INTERRUPT_SOURCE?GET_INTERRUPT_SOURCE
            CODE    3ABDH     000CH     UNIT         ?PR?USBXCORE_CLKREC?USB_CLOCK_RECOVERY
            CODE    3AC9H     000BH     UNIT         ?PR?SPI_READBYTE?MMC_SD
            CODE    3AD4H     0009H     UNIT         ?PR?_WRITEONEDOT?LCD
            CODE    3ADDH     0008H     UNIT         ?CO?TP



OVERLAY MAP OF MODULE:   ST7796S_CTC35_ZT_L8 (MAIN)


SEGMENT                                            PDATA_GROUP         XDATA_GROUP
  +--> CALLED SEGMENT                            START    LENGTH     START    LENGTH
------------------------------------------------------------------------------------
?PR?USB_API_TEST_ISR?MAIN                        0056H    0001H      -----    -----
  +--> ?PR?GET_INTERRUPT_SOURCE?GET_INTERRUP...
  +--> ?PR?_BLOCK_READ?BLOCK_READ
  +--> ?PR?SUSPEND_DEVICE?MAIN
  +--> ?PR?MCU_INIT?MAIN
  +--> ?PR?_?BLOCKWRITE?LCD

?PR?SUSPEND_DEVICE?MAIN                          -----    -----      -----    -----
  +--> ?PR?USB_SUSPEND?USB_SUSPEND

?PR?USB_SUSPEND?USB_SUSPEND                      -----    -----      -----    -----
  +--> ?PR?USB_CLOCK_START?USB_CLOCK_START

?PR?_?BLOCKWRITE?LCD                             -----    -----      -----    -----
  +--> ?PR?_WRITECOMM?LCD
  +--> ?PR?_WRITEDATA?LCD

?PR?_WRITECOMM?LCD                               007AH    0002H      -----    -----

?PR?_WRITEDATA?LCD                               007AH    0002H      -----    -----

*** NEW ROOT ***************************************************

?PR?USBXCORE_USB_ISR?USB_API                     -----    -----      -----    -----
  +--> ?PR?USBXCORE_USB_RESET?USB_API
  +--> ?PR?USBXCORE_HANDLE_SETUP?USB_API
  +--> ?PR?USBXCORE_JUMP_ISR?USB_JUMP_ISR
BL51 BANKED LINKER/LOCATER V6.22                                                      12/03/2021  07:57:53  PAGE 5



?PR?USBXCORE_HANDLE_SETUP?USB_API                -----    -----      -----    -----
  +--> ?PR?USBXCORE_GET_STATUS?USB_API
  +--> ?PR?USBXCORE_CLEAR_FEATURE?USB_API
  +--> ?PR?USBXCORE_VENDOR_USB_API?USB_API
  +--> ?PR?USBXCORE_SET_FEATURE?USB_API
  +--> ?PR?USBXCORE_SET_ADDRESS?USB_API
  +--> ?PR?USBXCORE_GET_DESCRIPTOR?USB_API
  +--> ?PR?USBXCORE_GET_CONFIGURATION?USB_API
  +--> ?PR?USBXCORE_SET_CONFIGURATION?USB_API
  +--> ?PR?USBXCORE_GET_INTERFACE?USB_API
  +--> ?PR?USBXCORE_SET_SOP?USB_API
  +--> ?PR?USBXCORE_FORCE_STALL?USB_API

?PR?USBXCORE_GET_STATUS?USB_API                  -----    -----      -----    -----
  +--> ?CO?USB_API
  +--> ?PR?USBXCORE_FORCE_STALL?USB_API
  +--> ?PR?USBXCORE_SET_SOP?USB_API

?PR?USBXCORE_CLEAR_FEATURE?USB_API               -----    -----      -----    -----
  +--> ?PR?USBXCORE_FORCE_STALL?USB_API
  +--> ?PR?USBXCORE_SET_SOP?USB_API

?PR?USBXCORE_VENDOR_USB_API?USB_API              -----    -----      -----    -----
  +--> ?PR?USBXCORE_SET_SOP?USB_API

?PR?USBXCORE_SET_FEATURE?USB_API                 -----    -----      -----    -----
  +--> ?PR?USBXCORE_FORCE_STALL?USB_API
  +--> ?PR?USBXCORE_SET_SOP?USB_API

?PR?USBXCORE_SET_ADDRESS?USB_API                 -----    -----      -----    -----
  +--> ?PR?USBXCORE_SET_SOP?USB_API

?PR?USBXCORE_GET_DESCRIPTOR?USB_API              -----    -----      -----    -----
  +--> ?PR?USBXCORE_FORCE_STALL?USB_API
  +--> ?PR?USBXCORE_SET_SOP?USB_API

?PR?USBXCORE_GET_CONFIGURATION?USB_API           -----    -----      -----    -----
  +--> ?CO?USB_API
  +--> ?PR?USBXCORE_SET_SOP?USB_API

?PR?USBXCORE_SET_CONFIGURATION?USB_API           -----    -----      -----    -----
  +--> ?PR?USBXCORE_SET_SOP?USB_API

?PR?USBXCORE_GET_INTERFACE?USB_API               -----    -----      -----    -----
  +--> ?CO?USB_API
  +--> ?PR?USBXCORE_SET_SOP?USB_API

*** NEW ROOT ***************************************************

?C_C51STARTUP                                    -----    -----      -----    -----
  +--> ?PR?MAIN?MAIN
  +--> ?C_INITSEG

?PR?MAIN?MAIN                                    -----    -----      -----    -----
  +--> ?PR?DEVICES_INIT?MAIN
  +--> ?PR?DISPFRAME?LCD
BL51 BANKED LINKER/LOCATER V6.22                                                      12/03/2021  07:57:53  PAGE 6


  +--> ?PR?_STOPDELAY?MAIN
  +--> ?PR?WAITKEY?MAIN
  +--> ?PR?_DISPCOLOR?LCD
  +--> ?PR?DISPGRAYHOR16?LCD
  +--> ?PR?DISPBAND?LCD
  +--> ?PR?TP_DRAWLINE?TP

?PR?DEVICES_INIT?MAIN                            -----    -----      -----    -----
  +--> ?PR?MCU_INIT?MAIN
  +--> ?PR?USB_CLOCK_START?USB_CLOCK_START
  +--> ?CO?MAIN
  +--> ?PR?_USB_INIT?USB_API
  +--> ?PR?USB_INT_ENABLE?USB_INT_ENABLE
  +--> ?PR?LCD_INIT?LCD

?PR?_USB_INIT?USB_API                            -----    -----      027CH    0011H
  +--> ?CO?USB_API
  +--> ?PR?USBXCORE_CLKREC?USB_CLOCK_RECOVERY

?PR?LCD_INIT?LCD                                 -----    -----      -----    -----
  +--> ?PR?READDATA?LCD
  +--> ?PR?_DELAY?MAIN
  +--> ?PR?_WRITECOMM?LCD
  +--> ?PR?_WRITEDATA?LCD

?PR?READDATA?LCD                                 -----    -----      -----    -----
  +--> ?PR?_LCD_READ_IC_ID?LCD

?PR?_LCD_READ_IC_ID?LCD                          0062H    0008H      -----    -----

?PR?DISPFRAME?LCD                                0059H    0002H      -----    -----
  +--> ?PR?_?BLOCKWRITE?LCD
  +--> ?PR?_WRITEDISPDATA?LCD

?PR?_WRITEDISPDATA?LCD                           007AH    0001H      -----    -----

?PR?_STOPDELAY?MAIN                              0059H    0004H      -----    -----
  +--> ?PR?WAITKEY?MAIN
  +--> ?PR?_DELAY?MAIN

?PR?WAITKEY?MAIN                                 -----    -----      -----    -----
  +--> ?PR?CONNTOUSB?MAIN
  +--> ?PR?_DELAY?MAIN

?PR?CONNTOUSB?MAIN                               005DH    0005H      027CH    0058H
  +--> ?CO?MAIN
  +--> ?PR?_WRITECOMM?LCD
  +--> ?PR?_WRITEDATA?LCD
  +--> ?PR?_DISPSTR?LCD
  +--> ?PR?_DISPINT?LCD
  +--> ?PR?_WRITEDISPDATA?LCD
  +--> ?PR?_MMC_SD_WRITESINGLEBLOCK?MMC_SD
  +--> ?PR?_BLOCK_WRITE?BLOCK_WRITE
  +--> ?PR?READDATA?LCD
  +--> ?PR?_DELAY?MAIN

?PR?_DISPSTR?LCD                                 0062H    000BH      -----    -----
BL51 BANKED LINKER/LOCATER V6.22                                                      12/03/2021  07:57:53  PAGE 7


  +--> ?PR?_TOORD?LCD
  +--> ?PR?_DISPONECHAR?LCD

?PR?_DISPONECHAR?LCD                             006DH    000DH      -----    -----
  +--> ?PR?_?BLOCKWRITE?LCD
  +--> ?CO?LCD
  +--> ?PR?_WRITEONEDOT?LCD

?PR?_WRITEONEDOT?LCD                             -----    -----      -----    -----
  +--> ?PR?_WRITEDISPDATA?LCD

?PR?_DISPINT?LCD                                 0062H    000AH      -----    -----
  +--> ?PR?_DISPONECHAR?LCD

?PR?_MMC_SD_WRITESINGLEBLOCK?MMC_SD              0062H    0004H      -----    -----
  +--> ?PR?_MMC_SD_SENDCOMMAND?MMC_SD
  +--> ?PR?_SPI_WRITEBYTE?MMC_SD

?PR?_MMC_SD_SENDCOMMAND?MMC_SD                   0066H    0005H      -----    -----
  +--> ?PR?_SPI_WRITEBYTE?MMC_SD

?PR?_DISPCOLOR?LCD                               0059H    0004H      -----    -----
  +--> ?PR?_?BLOCKWRITE?LCD
  +--> ?PR?_WRITEDISPDATA?LCD

?PR?DISPGRAYHOR16?LCD                            0059H    0004H      -----    -----
  +--> ?PR?_?BLOCKWRITE?LCD
  +--> ?PR?_WRITEDISPDATA?LCD

?PR?DISPBAND?LCD                                 0059H    0005H      -----    -----
  +--> ?PR?_?BLOCKWRITE?LCD
  +--> ?PR?_WRITEDISPDATA?LCD

?PR?TP_DRAWLINE?TP                               -----    -----      027CH    0018H
  +--> ?PR?_DISPCOLOR?LCD
  +--> ?CO?TP
  +--> ?PR?_DISPSTR?LCD
  +--> ?PR?_DELAY?MAIN
  +--> ?PR?_TP_GETPOSITION?TP
  +--> ?PR?_PUTPIXEL?LCD

?PR?_TP_GETPOSITION?TP                           -----    -----      0294H    001BH
  +--> ?PR?_TP_WRITE?TP
  +--> ?PR?TP_READ?TP

?PR?_TP_WRITE?TP                                 -----    -----      02AFH    0001H

?PR?TP_READ?TP                                   -----    -----      02AFH    0005H

?PR?_PUTPIXEL?LCD                                0059H    0002H      -----    -----
  +--> ?PR?_?BLOCKWRITE?LCD
  +--> ?PR?_WRITEDISPDATA?LCD



SYMBOL TABLE OF MODULE:  ST7796S_CTC35_ZT_L8 (MAIN)

BL51 BANKED LINKER/LOCATER V6.22                                                      12/03/2021  07:57:53  PAGE 8


  VALUE           TYPE          NAME
  ----------------------------------

  -------         MODULE        MAIN
  C:0000H         SYMBOL        _ICE_DUMMY_
  D:0080H         PUBLIC        P0
  X:0000H         PUBLIC        f_down
  D:0090H         PUBLIC        P1
  D:00B0H         PUBLIC        P3
  C:378DH         PUBLIC        USB_MaxPower
  B:00B0H.6       PUBLIC        KEY_STEP
  D:00A4H         PUBLIC        P0MDOUT
  D:00A5H         PUBLIC        P1MDOUT
  D:00A6H         PUBLIC        P2MDOUT
  D:00A7H         PUBLIC        P3MDOUT
  D:00AEH         PUBLIC        P4MDOUT
  B:0080H.6       PUBLIC        OE
  D:00D9H         PUBLIC        PCA0MD
  C:2046H         PUBLIC        USB_API_TEST_ISR
  C:0040H         PUBLIC        Suspend_Device
  C:369FH         PUBLIC        _StopDelay
  D:00E1H         PUBLIC        XBR0
  D:00E2H         PUBLIC        XBR1
  B:00B0H.1       PUBLIC        RS
  C:0003H         PUBLIC        main
  X:0001H         PUBLIC        VerifyCode0
  X:0002H         PUBLIC        VerifyCode1
  C:3757H         PUBLIC        USB_PID
  X:0003H         PUBLIC        VerifyCode2
  D:00F1H         PUBLIC        P0MDIN
  D:00F2H         PUBLIC        P1MDIN
  C:3759H         PUBLIC        USB_MfrStr
  D:00F4H         PUBLIC        P3MDIN
  C:3755H         PUBLIC        USB_VID
  D:00F8H         PUBLIC        SPI0CN
  X:0004H         PUBLIC        pic
  C:3404H         PUBLIC        Devices_Init
  C:008EH         PUBLIC        ConnToUSB
  D:00A9H         PUBLIC        CLKSEL
  D:00B2H         PUBLIC        OSCICN
  C:378EH         PUBLIC        USB_PwAttributes
  C:3A8BH         PUBLIC        WaitKey
  C:3791H         SYMBOL        _?ix1000
  B:00B0H.0       PUBLIC        CS0
  X:0005H         PUBLIC        bf
  C:378FH         PUBLIC        USB_bcdDevice
  D:00B9H         PUBLIC        CLKMUL
  X:0007H         PUBLIC        f_debug
  X:0008H         PUBLIC        sd
  X:02D4H         PUBLIC        Packet
  C:37D9H         PUBLIC        MCU_Init
  B:0080H.7       PUBLIC        DIR
  D:00EFH         PUBLIC        RSTSRC
  X:000CH         PUBLIC        f_read
  C:3783H         PUBLIC        USB_SerialStr
  X:000DH         PUBLIC        f_other
  C:3773H         PUBLIC        USB_ProductStr
BL51 BANKED LINKER/LOCATER V6.22                                                      12/03/2021  07:57:53  PAGE 9


  X:000EH         PUBLIC        f_para
  D:00A1H         PUBLIC        SPI0CFG
  C:39C8H         PUBLIC        _Delay
  B:00B0H.7       PUBLIC        KEY_Stop
  X:000FH         PUBLIC        f_init
  -------         PROC          MAIN
  C:0003H         LINE#         40
  C:0003H         LINE#         41
  C:0003H         LINE#         61
  C:0006H         LINE#         63
  C:0009H         LINE#         64
  C:0009H         LINE#         67
  C:0012H         LINE#         68
  C:001FH         LINE#         73
  C:0028H         LINE#         74
  C:0031H         LINE#         75
  C:003AH         LINE#         79
  C:003DH         LINE#         81
  C:003FH         LINE#         82
  -------         ENDPROC       MAIN
  -------         PROC          _DELAY
  D:0006H         SYMBOL        dly
  -------         DO            
  D:0004H         SYMBOL        i
  D:0002H         SYMBOL        j
  -------         ENDDO         
  C:39C8H         LINE#         85
  C:39C8H         LINE#         86
  C:39C8H         LINE#         89
  C:39D2H         LINE#         90
  C:39E6H         LINE#         91
  -------         ENDPROC       _DELAY
  C:369BH         SYMBOL        L?0133
  -------         PROC          L?0132
  -------         ENDPROC       L?0132
  C:369BH         SYMBOL        L?0133
  -------         PROC          _STOPDELAY
  X:0059H         SYMBOL        sdly
  -------         DO            
  D:0006H         SYMBOL        i
  D:0004H         SYMBOL        j
  X:005BH         SYMBOL        k
  -------         ENDDO         
  C:369FH         LINE#         93
  C:36A6H         LINE#         94
  C:36A6H         LINE#         96
  C:36ABH         LINE#         97
  C:36ABH         LINE#         98
  C:36AEH         LINE#         99
  C:36AEH         LINE#         100
  C:36BBH         LINE#         101
  C:36CFH         LINE#         1999
  C:36CFH         LINE#         2001
  C:36CFH         LINE#         2002
  C:36D9H         LINE#         2003
  C:36D9H         LINE#         2004
  C:36EFH         LINE#         2005
BL51 BANKED LINKER/LOCATER V6.22                                                      12/03/2021  07:57:53  PAGE 10


  -------         ENDPROC       _STOPDELAY
  -------         PROC          WAITKEY
  C:3A8BH         LINE#         2035
  C:3A8BH         LINE#         2036
  C:3A8BH         LINE#         2038
  C:3A8EH         LINE#         2039
  C:3A8EH         LINE#         2041
  C:3A91H         LINE#         2043
  C:3A93H         LINE#         2044
  C:3A9AH         LINE#         2045
  C:3A9DH         LINE#         2047
  -------         ENDPROC       WAITKEY
  -------         PROC          CONNTOUSB
  -------         DO            
  X:005DH         SYMBOL        i
  X:027CH         SYMBOL        reg_data
  X:0294H         SYMBOL        para_data
  D:0007H         SYMBOL        dat
  X:005EH         SYMBOL        reg_index
  X:0060H         SYMBOL        data_num
  X:0061H         SYMBOL        st
  -------         ENDDO         
  C:008EH         LINE#         2053
  C:008EH         LINE#         2054
  C:008EH         LINE#         2061
  C:00A1H         LINE#         2063
  C:00A9H         LINE#         2064
  C:00A9H         LINE#         2065
  C:00B7H         LINE#         2066
  C:00B7H         LINE#         2067
  C:00C8H         LINE#         2068
  C:00C8H         LINE#         2069
  C:00EEH         LINE#         2070
  C:00F0H         LINE#         2071
  C:0104H         LINE#         2072
  C:0104H         LINE#         2073
  C:012AH         LINE#         2075
  C:012AH         LINE#         2076
  C:012AH         LINE#         2077
  C:012AH         LINE#         2079
  C:012AH         LINE#         2080
  C:0132H         LINE#         2081
  C:013CH         LINE#         2082
  C:0146H         LINE#         2084
  C:0162H         LINE#         2086
  C:016CH         LINE#         2087
  C:016CH         LINE#         2088
  C:017DH         LINE#         2089
  C:017DH         LINE#         2090
  C:018EH         LINE#         2091
  C:018EH         LINE#         2092
  C:01E1H         LINE#         2093
  C:01E3H         LINE#         2094
  C:01F9H         LINE#         2095
  C:01F9H         LINE#         2096
  C:024BH         LINE#         2097
  C:024BH         LINE#         2098
BL51 BANKED LINKER/LOCATER V6.22                                                      12/03/2021  07:57:53  PAGE 11


  C:024BH         LINE#         2099
  C:024BH         LINE#         2101
  C:024BH         LINE#         2102
  C:0253H         LINE#         2103
  C:0253H         LINE#         2104
  C:025DH         LINE#         2105
  C:0267H         LINE#         2107
  C:026BH         LINE#         2108
  C:026EH         LINE#         2112
  C:0276H         LINE#         2113
  C:0276H         LINE#         2114
  C:0285H         LINE#         2115
  C:0285H         LINE#         2116
  C:0287H         LINE#         2118
  C:0289H         LINE#         2119
  C:02A5H         LINE#         2120
  C:02A7H         LINE#         2122
  C:02D0H         LINE#         2123
  C:02F4H         LINE#         2124
  C:02FEH         LINE#         2125
  C:02FEH         LINE#         2126
  C:0306H         LINE#         2127
  C:030DH         LINE#         2128
  C:0318H         LINE#         2129
  C:031EH         LINE#         2130
  C:031EH         LINE#         2131
  C:0327H         LINE#         2133
  C:032BH         LINE#         2134
  C:0337H         LINE#         2135
  C:033AH         LINE#         2138
  C:0342H         LINE#         2139
  C:0342H         LINE#         2140
  C:034BH         LINE#         2141
  C:034BH         LINE#         2142
  C:035BH         LINE#         2143
  C:035BH         LINE#         2144
  C:035DH         LINE#         2146
  C:035FH         LINE#         2147
  C:037BH         LINE#         2148
  C:037DH         LINE#         2150
  C:03A6H         LINE#         2151
  C:03CAH         LINE#         2153
  C:03D4H         LINE#         2154
  C:03D4H         LINE#         2155
  C:03DCH         LINE#         2156
  C:03E3H         LINE#         2157
  C:03EEH         LINE#         2158
  C:03F4H         LINE#         2159
  C:03F4H         LINE#         2161
  C:03FDH         LINE#         2167
  C:03FDH         LINE#         2168
  C:040AH         LINE#         2169
  C:040AH         LINE#         2170
  C:040CH         LINE#         2172
  C:040EH         LINE#         2173
  C:042AH         LINE#         2174
  C:042CH         LINE#         2176
BL51 BANKED LINKER/LOCATER V6.22                                                      12/03/2021  07:57:53  PAGE 12


  C:0434H         LINE#         2177
  C:0438H         LINE#         2178
  C:0444H         LINE#         2179
  C:0444H         LINE#         2180
  C:0447H         LINE#         2183
  C:044FH         LINE#         2184
  C:044FH         LINE#         2185
  C:0460H         LINE#         2186
  C:0460H         LINE#         2187
  C:046DH         LINE#         2188
  C:046DH         LINE#         2189
  C:048BH         LINE#         2190
  C:048DH         LINE#         2191
  C:049DH         LINE#         2192
  C:049DH         LINE#         2193
  C:04BBH         LINE#         2194
  C:04BDH         LINE#         2195
  C:04CEH         LINE#         2196
  C:04CEH         LINE#         2197
  C:04D8H         LINE#         2198
  C:04E2H         LINE#         2199
  C:04E2H         LINE#         2200
  C:04E2H         LINE#         2201
  C:04E2H         LINE#         2203
  C:04E2H         LINE#         2204
  C:04EBH         LINE#         2205
  C:04EFH         LINE#         2206
  C:04FBH         LINE#         2207
  C:04FEH         LINE#         2210
  C:0506H         LINE#         2211
  C:0506H         LINE#         2212
  C:0513H         LINE#         2213
  C:0524H         LINE#         2215
  C:052DH         LINE#         2216
  C:053CH         LINE#         2218
  C:0544H         LINE#         2219
  C:0544H         LINE#         2220
  C:054DH         LINE#         2221
  C:055CH         LINE#         2222
  C:055CH         LINE#         2223
  C:055FH         LINE#         2224
  C:056EH         LINE#         2225
  C:057AH         LINE#         2226
  C:0580H         LINE#         2227
  C:0580H         LINE#         2229
  C:0584H         LINE#         2230
  C:0593H         LINE#         2232
  C:059AH         LINE#         2233
  C:05B6H         LINE#         2234
  C:05C0H         LINE#         2235
  C:05C0H         LINE#         2236
  C:05E6H         LINE#         2237
  C:05F9H         LINE#         2238
  C:05F9H         LINE#         2239
  C:064BH         LINE#         2240
  C:0653H         LINE#         2241
  C:0653H         LINE#         2242
BL51 BANKED LINKER/LOCATER V6.22                                                      12/03/2021  07:57:53  PAGE 13


  C:0653H         LINE#         2245
  C:0658H         LINE#         2246
  C:0658H         LINE#         2247
  C:0665H         LINE#         2248
  C:0676H         LINE#         2250
  C:067CH         LINE#         2251
  C:0680H         LINE#         2252
  C:0684H         LINE#         2253
  C:0688H         LINE#         2255
  C:068CH         LINE#         2256
  C:0698H         LINE#         2257
  C:069AH         LINE#         2258
  -------         ENDPROC       CONNTOUSB
  -------         PROC          MCU_INIT
  -------         DO            
  D:0007H         SYMBOL        n
  -------         ENDDO         
  C:37D9H         LINE#         2261
  C:37D9H         LINE#         2262
  C:37D9H         LINE#         2264
  C:37DCH         LINE#         2267
  C:37DFH         LINE#         2268
  C:37E2H         LINE#         2270
  C:37E5H         LINE#         2272
  C:37EBH         LINE#         2274
  C:37EEH         LINE#         2275
  C:37F3H         LINE#         2276
  C:37F6H         LINE#         2278
  C:37F9H         LINE#         2281
  C:37FCH         LINE#         2282
  C:37FFH         LINE#         2284
  C:3802H         LINE#         2285
  C:3805H         LINE#         2287
  C:3808H         LINE#         2288
  C:380BH         LINE#         2290
  C:380EH         LINE#         2291
  C:3811H         LINE#         2292
  C:3813H         LINE#         2293
  C:3815H         LINE#         2295
  C:3818H         LINE#         2296
  C:381BH         LINE#         2298
  -------         ENDPROC       MCU_INIT
  -------         PROC          DEVICES_INIT
  C:3404H         LINE#         2300
  C:3404H         LINE#         2301
  C:3404H         LINE#         2303
  C:3407H         LINE#         2306
  C:340AH         LINE#         2307
  C:3464H         LINE#         2308
  C:3467H         LINE#         2311
  C:346AH         LINE#         2312
  C:346DH         LINE#         2320
  -------         ENDPROC       DEVICES_INIT
  -------         PROC          SUSPEND_DEVICE
  C:0040H         LINE#         2324
  C:0040H         LINE#         2325
  C:0040H         LINE#         2326
BL51 BANKED LINKER/LOCATER V6.22                                                      12/03/2021  07:57:53  PAGE 14


  -------         ENDPROC       SUSPEND_DEVICE
  -------         PROC          USB_API_TEST_ISR
  -------         DO            
  X:0056H         SYMBOL        INTVAL
  -------         ENDDO         
  C:2046H         LINE#         2330
  C:2063H         LINE#         2332
  C:206AH         LINE#         2334
  C:2070H         LINE#         2335
  C:2070H         LINE#         2336
  C:207BH         LINE#         2338
  C:2097H         LINE#         2339
  C:2097H         LINE#         2340
  C:2099H         LINE#         2341
  C:209BH         LINE#         2342
  C:20B1H         LINE#         2343
  C:20B1H         LINE#         2344
  C:20B3H         LINE#         2345
  C:20B5H         LINE#         2346
  C:20CDH         LINE#         2347
  C:20CDH         LINE#         2348
  C:20CFH         LINE#         2349
  C:20D1H         LINE#         2350
  C:20EBH         LINE#         2351
  C:20EBH         LINE#         2352
  C:20EDH         LINE#         2353
  C:20EFH         LINE#         2354
  C:2104H         LINE#         2355
  C:2104H         LINE#         2356
  C:2106H         LINE#         2357
  C:2108H         LINE#         2359
  C:2108H         LINE#         2360
  C:210DH         LINE#         2361
  C:210DH         LINE#         2362
  C:210DH         LINE#         2364
  C:210DH         LINE#         2365
  C:210DH         LINE#         2367
  C:210DH         LINE#         2369
  C:2113H         LINE#         2370
  C:2113H         LINE#         2371
  C:2116H         LINE#         2372
  C:2116H         LINE#         2374
  C:211CH         LINE#         2375
  C:211CH         LINE#         2376
  C:211FH         LINE#         2377
  C:211FH         LINE#         2379
  C:2125H         LINE#         2380
  C:2125H         LINE#         2381
  C:2141H         LINE#         2382
  C:2141H         LINE#         2384
  C:2147H         LINE#         2385
  C:2147H         LINE#         2386
  C:214CH         LINE#         2387
  C:2168H         LINE#         2388
  C:2168H         LINE#         2389
  -------         ENDPROC       USB_API_TEST_ISR
  -------         ENDMOD        MAIN
BL51 BANKED LINKER/LOCATER V6.22                                                      12/03/2021  07:57:53  PAGE 15



  -------         MODULE        MMC_SD
  C:0000H         SYMBOL        _ICE_DUMMY_
  D:00A2H         PUBLIC        SPI0CKR
  D:0080H         PUBLIC        P0
  D:0090H         PUBLIC        P1
  D:00B0H         PUBLIC        P3
  C:32A9H         PUBLIC        _MMC_SD_SendCommand
  C:3470H         PUBLIC        _MMC_SD_ReadSingleBlock
  C:3A9EH         PUBLIC        SD_Init
  C:31B4H         PUBLIC        _MMC_SD_WriteSingleBlock
  B:00F8H.7       PUBLIC        SPIF
  B:00F8H.2       PUBLIC        NSSMD0
  C:288FH         PUBLIC        MMC_SD_Reset
  D:00A9H         PUBLIC        CLKSEL
  C:3AC9H         PUBLIC        SPI_ReadByte
  C:3A42H         PUBLIC        _SPI_WriteByte
  D:00A3H         PUBLIC        SPI0DAT
  X:007CH         PUBLIC        buffer
  C:3A36H         SYMBOL        L?0062
  C:3A3BH         SYMBOL        L?0063
  -------         PROC          L?0061
  -------         ENDPROC       L?0061
  C:3A36H         SYMBOL        L?0062
  C:3A3BH         SYMBOL        L?0063
  -------         PROC          _SPI_WRITEBYTE
  D:0007H         SYMBOL        val
  -------         DO            
  D:0007H         SYMBOL        ret
  -------         ENDDO         
  C:3A42H         LINE#         7
  C:3A42H         LINE#         8
  C:3A42H         LINE#         11
  C:3A44H         LINE#         12
  C:3A47H         LINE#         13
  C:3A49H         LINE#         14
  C:3A4BH         LINE#         15
  C:3A4BH         LINE#         16
  -------         ENDPROC       _SPI_WRITEBYTE
  -------         PROC          SPI_READBYTE
  -------         DO            
  D:0007H         SYMBOL        ret
  -------         ENDDO         
  C:3AC9H         LINE#         18
  C:3AC9H         LINE#         19
  C:3AC9H         LINE#         22
  C:3ACCH         LINE#         23
  C:3ACFH         LINE#         24
  C:3AD1H         LINE#         25
  C:3AD3H         LINE#         26
  C:3AD3H         LINE#         27
  -------         ENDPROC       SPI_READBYTE
  -------         PROC          _MMC_SD_SENDCOMMAND
  D:0006H         SYMBOL        cmd
  X:0067H         SYMBOL        arg
  -------         DO            
  D:0007H         SYMBOL        r1
BL51 BANKED LINKER/LOCATER V6.22                                                      12/03/2021  07:57:53  PAGE 16


  D:0003H         SYMBOL        retry
  -------         ENDDO         
  C:32A9H         LINE#         29
  C:32ABH         LINE#         30
  C:32ABH         LINE#         32
  C:32ADH         LINE#         34
  C:32ADH         LINE#         35
  C:32ADH         LINE#         36
  C:32B0H         LINE#         37
  C:32B0H         LINE#         38
  C:32B0H         LINE#         39
  C:32B3H         LINE#         41
  C:32B5H         LINE#         43
  C:32BCH         LINE#         44
  C:32D1H         LINE#         45
  C:32E6H         LINE#         46
  C:32FBH         LINE#         47
  C:3305H         LINE#         48
  C:330AH         LINE#         50
  C:3312H         LINE#         51
  C:331BH         LINE#         53
  C:331DH         LINE#         55
  C:331DH         LINE#         56
  -------         ENDPROC       _MMC_SD_SENDCOMMAND
  -------         PROC          MMC_SD_RESET
  -------         DO            
  D:0005H         SYMBOL        i
  D:0002H         SYMBOL        retry
  D:0006H         SYMBOL        r1
  -------         ENDDO         
  C:288FH         LINE#         58
  C:288FH         LINE#         59
  C:288FH         LINE#         62
  C:2891H         LINE#         64
  C:2892H         LINE#         65
  C:2895H         LINE#         66
  C:2898H         LINE#         68
  C:2898H         LINE#         69
  C:28A4H         LINE#         70
  C:28B4H         LINE#         71
  C:28B5H         LINE#         72
  C:28BBH         LINE#         73
  C:28BFH         LINE#         75
  C:28C1H         LINE#         77
  C:28C1H         LINE#         79
  C:28C1H         LINE#         80
  C:28D1H         LINE#         81
  C:28D2H         LINE#         82
  C:28DBH         LINE#         83
  C:28DFH         LINE#         85
  C:28E1H         LINE#         86
  C:28F1H         LINE#         87
  C:28F2H         LINE#         88
  C:28FBH         LINE#         89
  C:28FEH         LINE#         91
  C:2901H         LINE#         92
  C:2901H         LINE#         93
BL51 BANKED LINKER/LOCATER V6.22                                                      12/03/2021  07:57:53  PAGE 17


  C:2903H         LINE#         95
  C:2903H         LINE#         96
  C:2913H         LINE#         97
  C:2914H         LINE#         98
  C:291DH         LINE#         99
  C:2920H         LINE#         100
  C:2920H         LINE#         101
  C:2930H         LINE#         103
  C:293EH         LINE#         104
  C:2941H         LINE#         105
  C:2944H         LINE#         106
  C:2945H         LINE#         107
  -------         ENDPROC       MMC_SD_RESET
  -------         PROC          _MMC_SD_READSINGLEBLOCK
  X:0010H         SYMBOL        sector
  -------         DO            
  D:0007H         SYMBOL        r1
  D:0004H         SYMBOL        i
  D:0002H         SYMBOL        retry
  -------         ENDDO         
  C:3470H         LINE#         109
  C:3475H         LINE#         110
  C:3475H         LINE#         113
  C:3477H         LINE#         115
  C:347AH         LINE#         117
  C:347AH         LINE#         118
  C:3496H         LINE#         119
  C:3497H         LINE#         120
  C:34A0H         LINE#         121
  C:34A3H         LINE#         124
  C:34A5H         LINE#         126
  C:34ABH         LINE#         128
  C:34AEH         LINE#         129
  C:34AEH         LINE#         130
  C:34BDH         LINE#         131
  C:34CAH         LINE#         133
  C:34CAH         LINE#         134
  C:34CDH         LINE#         136
  C:34CFH         LINE#         137
  C:34D2H         LINE#         138
  C:34D3H         LINE#         139
  -------         ENDPROC       _MMC_SD_READSINGLEBLOCK
  -------         PROC          _MMC_SD_WRITESINGLEBLOCK
  X:0062H         SYMBOL        sector
  -------         DO            
  D:0006H         SYMBOL        r1
  D:0004H         SYMBOL        i
  D:0002H         SYMBOL        retry
  -------         ENDDO         
  C:31B4H         LINE#         141
  C:31B9H         LINE#         142
  C:31B9H         LINE#         145
  C:31BBH         LINE#         147
  C:31BEH         LINE#         149
  C:31BEH         LINE#         150
  C:31DCH         LINE#         151
  C:31DDH         LINE#         152
BL51 BANKED LINKER/LOCATER V6.22                                                      12/03/2021  07:57:53  PAGE 18


  C:31E6H         LINE#         153
  C:31E9H         LINE#         157
  C:31EBH         LINE#         159
  C:31F0H         LINE#         161
  C:31F5H         LINE#         163
  C:31F7H         LINE#         164
  C:31F7H         LINE#         165
  C:3206H         LINE#         166
  C:3213H         LINE#         168
  C:3213H         LINE#         169
  C:3213H         LINE#         171
  C:3218H         LINE#         173
  C:321FH         LINE#         174
  C:321FH         LINE#         175
  C:3221H         LINE#         176
  C:3222H         LINE#         177
  C:3222H         LINE#         179
  C:322AH         LINE#         181
  C:322CH         LINE#         182
  C:322FH         LINE#         183
  C:3230H         LINE#         184
  -------         ENDPROC       _MMC_SD_WRITESINGLEBLOCK
  -------         PROC          SD_INIT
  -------         DO            
  D:0001H         SYMBOL        n
  -------         ENDDO         
  C:3A9EH         LINE#         187
  C:3A9EH         LINE#         188
  C:3A9EH         LINE#         189
  C:3AA0H         LINE#         191
  C:3AA6H         LINE#         192
  C:3AA6H         LINE#         193
  C:3AA7H         LINE#         194
  C:3AAEH         LINE#         196
  -------         ENDPROC       SD_INIT
  -------         ENDMOD        MMC_SD

  -------         MODULE        LCD
  C:0000H         SYMBOL        _ICE_DUMMY_
  D:0080H         PUBLIC        P0
  C:2B5BH         PUBLIC        DispFrame
  D:0090H         PUBLIC        P1
  C:2BFFH         PUBLIC        DispScaleVer_Green
  D:00A0H         PUBLIC        P2
  D:00B0H         PUBLIC        P3
  D:00C7H         PUBLIC        P4
  C:1C19H         PUBLIC        DispBand
  C:3A08H         PUBLIC        _WriteData
  C:069BH         PUBLIC        ascii
  C:1413H         PUBLIC        _LCD_Read_IC_ID
  D:00A6H         PUBLIC        P2MDOUT
  C:0046H         PUBLIC        _DispColor
  C:30A8H         PUBLIC        DispScaleVer_Blue
  C:2F8CH         PUBLIC        _DrawGird
  C:312EH         PUBLIC        _DrawLine
  C:3A62H         PUBLIC        _WriteComm
  C:38D0H         PUBLIC        _WriteDispData
BL51 BANKED LINKER/LOCATER V6.22                                                      12/03/2021  07:57:53  PAGE 19


  C:2EFBH         PUBLIC        DispScaleVer_Gray
  B:00B0H.1       PUBLIC        RS
  B:0090H.7       PUBLIC        SPI_CLK
  C:2E6AH         PUBLIC        DispScaleVer_Red
  D:00F3H         PUBLIC        P2MDIN
  C:22BAH         PUBLIC        DispScaleVer
  C:34D4H         PUBLIC        _DispPic
  C:27F4H         PUBLIC        _DispOneChar
  C:3231H         PUBLIC        DispGrayHor32
  C:2D39H         PUBLIC        DispGrayHor16
  C:2946H         PUBLIC        _DispInt
  C:36F0H         PUBLIC        _PutPixel
  D:00A9H         PUBLIC        CLKSEL
  B:0090H.6       PUBLIC        RD0
  B:00B0H.0       PUBLIC        CS0
  X:0054H         PUBLIC        LCM_ID
  C:1EF8H         PUBLIC        LCD_Init
  C:2DD4H         PUBLIC        _DispStr
  B:0090H.7       PUBLIC        WR0
  C:1645H         PUBLIC        DispScaleHor1
  B:0090H.6       PUBLIC        SPI_DI
  C:3AD4H         PUBLIC        _WriteOneDot
  C:1A5FH         PUBLIC        DispScaleHor2
  C:260EH         PUBLIC        _DispPicFromSD
  B:0080H.7       PUBLIC        DIR
  C:3537H         PUBLIC        _ToOrd
  B:0080H.5       PUBLIC        RST
  C:3A4CH         PUBLIC        ReadData
  C:2CB7H         PUBLIC        _?BlockWrite
  -------         PROC          _LCD_READ_IC_ID
  X:0062H         SYMBOL        ID
  D:0004H         SYMBOL        Bug
  D:0003H         SYMBOL        flog
  -------         DO            
  X:0063H         SYMBOL        id
  X:0065H         SYMBOL        id1
  X:0067H         SYMBOL        temp
  D:0005H         SYMBOL        i
  D:0007H         SYMBOL        dat
  D:0001H         SYMBOL        id2
  X:0069H         SYMBOL        id3
  D:0002H         SYMBOL        id4
  -------         ENDDO         
  C:1413H         LINE#         35
  C:1417H         LINE#         36
  C:1417H         LINE#         40
  C:141FH         LINE#         41
  C:141FH         LINE#         43
  C:1421H         LINE#         44
  C:1423H         LINE#         45
  C:1425H         LINE#         47
  C:1428H         LINE#         48
  C:142AH         LINE#         49
  C:142CH         LINE#         50
  C:142EH         LINE#         53
  C:1431H         LINE#         54
  C:1434H         LINE#         55
BL51 BANKED LINKER/LOCATER V6.22                                                      12/03/2021  07:57:53  PAGE 20


  C:1437H         LINE#         56
  C:1439H         LINE#         57
  C:143BH         LINE#         58
  C:143DH         LINE#         63
  C:1447H         LINE#         65
  C:144DH         LINE#         66
  C:1455H         LINE#         68
  C:145BH         LINE#         69
  C:1461H         LINE#         70
  C:146BH         LINE#         72
  C:1471H         LINE#         73
  C:1473H         LINE#         75
  C:1479H         LINE#         77
  C:147FH         LINE#         78
  C:1489H         LINE#         80
  C:148FH         LINE#         81
  C:1494H         LINE#         83
  C:149AH         LINE#         85
  C:14A4H         LINE#         86
  C:14AEH         LINE#         88
  C:14B4H         LINE#         89
  C:14B6H         LINE#         91
  C:14C6H         LINE#         92
  C:14D0H         LINE#         94
  C:14D3H         LINE#         95
  C:14D7H         LINE#         96
  C:14D7H         LINE#         97
  C:14E0H         LINE#         98
  C:14E6H         LINE#         99
  C:14E6H         LINE#         100
  C:14F0H         LINE#         101
  C:14F2H         LINE#         102
  C:14F6H         LINE#         103
  C:14F6H         LINE#         104
  C:1505H         LINE#         105
  C:1505H         LINE#         108
  C:1505H         LINE#         109
  C:150EH         LINE#         110
  C:150EH         LINE#         112
  C:1511H         LINE#         113
  C:1515H         LINE#         114
  C:1517H         LINE#         115
  C:1519H         LINE#         116
  C:151BH         LINE#         117
  C:151BH         LINE#         118
  C:151DH         LINE#         119
  C:1525H         LINE#         120
  C:1527H         LINE#         122
  C:1529H         LINE#         123
  C:152DH         LINE#         124
  C:1532H         LINE#         125
  C:1535H         LINE#         128
  C:153FH         LINE#         129
  C:153FH         LINE#         130
  C:1541H         LINE#         131
  C:1541H         LINE#         132
  C:1543H         LINE#         133
BL51 BANKED LINKER/LOCATER V6.22                                                      12/03/2021  07:57:53  PAGE 21


  C:1545H         LINE#         134
  C:1547H         LINE#         135
  C:155EH         LINE#         136
  C:1560H         LINE#         137
  C:1562H         LINE#         138
  C:1569H         LINE#         139
  C:1573H         LINE#         140
  C:1573H         LINE#         141
  C:1575H         LINE#         142
  C:1575H         LINE#         143
  C:1577H         LINE#         144
  C:1579H         LINE#         145
  C:157BH         LINE#         146
  C:1592H         LINE#         147
  C:1594H         LINE#         148
  C:1596H         LINE#         149
  C:159BH         LINE#         150
  C:159BH         LINE#         152
  C:159DH         LINE#         153
  C:159DH         LINE#         154
  C:159FH         LINE#         155
  C:15A1H         LINE#         156
  C:15A3H         LINE#         157
  C:15BAH         LINE#         158
  C:15BCH         LINE#         159
  C:15BEH         LINE#         160
  C:15C3H         LINE#         162
  C:15C5H         LINE#         163
  C:15C5H         LINE#         164
  C:15C7H         LINE#         165
  C:15C9H         LINE#         166
  C:15CBH         LINE#         167
  C:15D5H         LINE#         168
  C:15D7H         LINE#         169
  C:15D9H         LINE#         170
  C:15DEH         LINE#         172
  C:15E0H         LINE#         173
  C:15E0H         LINE#         174
  C:15E2H         LINE#         175
  C:15E4H         LINE#         176
  C:15E6H         LINE#         177
  C:15F2H         LINE#         178
  C:15F4H         LINE#         179
  C:15F6H         LINE#         180
  C:15FBH         LINE#         181
  C:15FEH         LINE#         182
  C:1600H         LINE#         183
  C:1602H         LINE#         184
  C:1604H         LINE#         185
  C:1606H         LINE#         186
  C:1608H         LINE#         187
  C:160AH         LINE#         189
  C:160EH         LINE#         190
  C:160EH         LINE#         191
  C:161EH         LINE#         193
  C:1629H         LINE#         194
  C:1629H         LINE#         195
BL51 BANKED LINKER/LOCATER V6.22                                                      12/03/2021  07:57:53  PAGE 22


  C:1629H         LINE#         197
  C:162FH         LINE#         198
  C:162FH         LINE#         199
  C:163BH         LINE#         200
  C:163BH         LINE#         202
  C:163BH         LINE#         203
  C:163DH         LINE#         204
  C:1644H         LINE#         205
  -------         ENDPROC       _LCD_READ_IC_ID
  -------         PROC          _WRITECOMM
  D:0004H         SYMBOL        i
  -------         DO            
  X:007AH         SYMBOL        j
  X:007BH         SYMBOL        DataH
  -------         ENDDO         
  C:3A62H         LINE#         208
  C:3A64H         LINE#         209
  C:3A64H         LINE#         211
  C:3A68H         LINE#         212
  C:3A6AH         LINE#         215
  C:3A6AH         LINE#         216
  C:3A6CH         LINE#         217
  C:3A6EH         LINE#         218
  C:3A70H         LINE#         219
  C:3A72H         LINE#         220
  C:3A74H         LINE#         221
  C:3A74H         LINE#         319
  C:3A76H         LINE#         320
  -------         ENDPROC       _WRITECOMM
  -------         PROC          L?0451
  -------         ENDPROC       L?0451
  -------         PROC          _WRITEDATA
  D:0004H         SYMBOL        i
  -------         DO            
  X:007AH         SYMBOL        j
  X:007BH         SYMBOL        DataH
  -------         ENDDO         
  C:3A08H         LINE#         322
  C:3A0AH         LINE#         323
  C:3A0AH         LINE#         325
  C:3A0EH         LINE#         326
  C:3A10H         LINE#         329
  C:3A10H         LINE#         330
  C:3A12H         LINE#         331
  C:3A14H         LINE#         332
  C:3A16H         LINE#         333
  C:3A18H         LINE#         334
  C:3A1AH         LINE#         335
  C:3A1AH         LINE#         514
  C:3A1CH         LINE#         515
  -------         ENDPROC       _WRITEDATA
  C:38BBH         SYMBOL        L?0450
  -------         PROC          L?0449
  -------         ENDPROC       L?0449
  C:38BBH         SYMBOL        L?0450
  -------         PROC          _WRITEDISPDATA
  D:0007H         SYMBOL        DataH
BL51 BANKED LINKER/LOCATER V6.22                                                      12/03/2021  07:57:53  PAGE 23


  D:0005H         SYMBOL        DataL
  -------         DO            
  X:007AH         SYMBOL        j
  -------         ENDDO         
  C:38D0H         LINE#         517
  C:38D0H         LINE#         518
  C:38D0H         LINE#         520
  C:38D2H         LINE#         523
  C:38D2H         LINE#         524
  C:38D4H         LINE#         525
  C:38D6H         LINE#         526
  C:38D8H         LINE#         527
  C:38DAH         LINE#         528
  C:38DCH         LINE#         529
  C:38E0H         LINE#         530
  C:38E2H         LINE#         531
  C:38E4H         LINE#         532
  C:38E4H         LINE#         639
  C:38E6H         LINE#         640
  -------         ENDPROC       _WRITEDISPDATA
  -------         PROC          _WRITEONEDOT
  D:0004H         SYMBOL        color
  C:3AD4H         LINE#         642
  C:3AD8H         LINE#         643
  C:3AD8H         LINE#         656
  -------         ENDPROC       _WRITEONEDOT
  -------         PROC          LCD_INIT
  C:1EF8H         LINE#         665
  C:1EF8H         LINE#         666
  C:1EF8H         LINE#         667
  C:1EFBH         LINE#         670
  C:1EFDH         LINE#         671
  C:1F04H         LINE#         673
  C:1F06H         LINE#         674
  C:1F0DH         LINE#         676
  C:1F0FH         LINE#         677
  C:1F16H         LINE#         6150
  C:1F1DH         LINE#         6151
  C:1F24H         LINE#         6152
  C:1F29H         LINE#         6154
  C:1F30H         LINE#         6155
  C:1F35H         LINE#         6157
  C:1F3AH         LINE#         6158
  C:1F3FH         LINE#         6160
  C:1F44H         LINE#         6161
  C:1F49H         LINE#         6163
  C:1F4EH         LINE#         6164
  C:1F53H         LINE#         6166
  C:1F58H         LINE#         6167
  C:1F5DH         LINE#         6168
  C:1F62H         LINE#         6169
  C:1F67H         LINE#         6170
  C:1F6CH         LINE#         6171
  C:1F71H         LINE#         6172
  C:1F76H         LINE#         6173
  C:1F7BH         LINE#         6174
  C:1F80H         LINE#         6176
BL51 BANKED LINKER/LOCATER V6.22                                                      12/03/2021  07:57:53  PAGE 24


  C:1F85H         LINE#         6177
  C:1F8AH         LINE#         6179
  C:1F8FH         LINE#         6180
  C:1F94H         LINE#         6182
  C:1F99H         LINE#         6183
  C:1F9EH         LINE#         6184
  C:1FA3H         LINE#         6185
  C:1FA8H         LINE#         6186
  C:1FADH         LINE#         6187
  C:1FB2H         LINE#         6188
  C:1FB7H         LINE#         6189
  C:1FBCH         LINE#         6190
  C:1FC1H         LINE#         6191
  C:1FC6H         LINE#         6192
  C:1FCBH         LINE#         6193
  C:1FD0H         LINE#         6194
  C:1FD5H         LINE#         6195
  C:1FDAH         LINE#         6196
  C:1FDFH         LINE#         6198
  C:1FE4H         LINE#         6199
  C:1FE9H         LINE#         6200
  C:1FEEH         LINE#         6201
  C:1FF3H         LINE#         6202
  C:1FF8H         LINE#         6203
  C:1FFCH         LINE#         6204
  C:2001H         LINE#         6205
  C:2006H         LINE#         6206
  C:200BH         LINE#         6207
  C:200EH         LINE#         6208
  C:2013H         LINE#         6209
  C:2018H         LINE#         6210
  C:201CH         LINE#         6211
  C:2021H         LINE#         6212
  C:2026H         LINE#         6214
  C:202BH         LINE#         6215
  C:2030H         LINE#         6217
  C:2035H         LINE#         6218
  C:203AH         LINE#         6220
  C:203FH         LINE#         6221
  -------         ENDPROC       LCD_INIT
  C:2C9EH         SYMBOL        L?0443
  C:2CA4H         SYMBOL        L?0444
  C:2CAFH         SYMBOL        L?0445
  -------         PROC          L?0442
  -------         ENDPROC       L?0442
  C:2C9EH         SYMBOL        L?0443
  C:2CA4H         SYMBOL        L?0444
  C:2CAFH         SYMBOL        L?0445
  -------         PROC          _?BLOCKWRITE
  p:0000H         SYMBOL        Xstart
  p:0002H         SYMBOL        Xend
  p:0004H         SYMBOL        Ystart
  p:0006H         SYMBOL        Yend
  C:2CB7H         LINE#         6681
  C:2CD8H         LINE#         6828
  C:2CDFH         LINE#         6829
  C:2CE6H         LINE#         6830
BL51 BANKED LINKER/LOCATER V6.22                                                      12/03/2021  07:57:53  PAGE 25


  C:2CEEH         LINE#         6831
  C:2CF9H         LINE#         6832
  C:2D03H         LINE#         6834
  C:2D08H         LINE#         6835
  C:2D12H         LINE#         6837
  C:2D19H         LINE#         6838
  C:2D23H         LINE#         6839
  C:2D2AH         LINE#         6845
  C:2D2FH         LINE#         6848
  C:2D32H         LINE#         6853
  -------         ENDPROC       _?BLOCKWRITE
  -------         PROC          _DISPCOLOR
  D:0004H         SYMBOL        color
  -------         DO            
  X:0059H         SYMBOL        i
  D:0002H         SYMBOL        m
  X:005BH         SYMBOL        DataH
  X:005CH         SYMBOL        DataL
  -------         ENDDO         
  C:0046H         LINE#         6908
  C:0048H         LINE#         6909
  C:0048H         LINE#         6912
  C:004EH         LINE#         6914
  C:0051H         LINE#         6916
  C:0053H         LINE#         6917
  C:0059H         LINE#         6918
  C:0059H         LINE#         6919
  C:005CH         LINE#         6920
  C:005CH         LINE#         6921
  C:0066H         LINE#         6922
  C:0071H         LINE#         6923
  C:0087H         LINE#         6925
  C:0089H         LINE#         6926
  -------         ENDPROC       _DISPCOLOR
  -------         PROC          DISPFRAME
  -------         DO            
  D:0002H         SYMBOL        i
  X:0059H         SYMBOL        j
  D:0001H         SYMBOL        DataH
  D:0006H         SYMBOL        DataL
  -------         ENDDO         
  C:2B5BH         LINE#         6928
  C:2B5BH         LINE#         6929
  C:2B5BH         LINE#         6932
  C:2B5EH         LINE#         6934
  C:2B60H         LINE#         6937
  C:2B64H         LINE#         6938
  C:2B6AH         LINE#         6940
  C:2B6AH         LINE#         6941
  C:2B6AH         LINE#         6942
  C:2B6EH         LINE#         6943
  C:2B75H         LINE#         6944
  C:2B80H         LINE#         6946
  C:2B84H         LINE#         6947
  C:2B8AH         LINE#         6949
  C:2B8FH         LINE#         6950
  C:2B8FH         LINE#         6951
BL51 BANKED LINKER/LOCATER V6.22                                                      12/03/2021  07:57:53  PAGE 26


  C:2B93H         LINE#         6952
  C:2B99H         LINE#         6954
  C:2B9BH         LINE#         6955
  C:2B9BH         LINE#         6956
  C:2B9EH         LINE#         6957
  C:2BA3H         LINE#         6958
  C:2BAEH         LINE#         6960
  C:2BB2H         LINE#         6961
  C:2BB8H         LINE#         6963
  C:2BCEH         LINE#         6965
  C:2BD2H         LINE#         6966
  C:2BD8H         LINE#         6968
  C:2BDAH         LINE#         6969
  C:2BDAH         LINE#         6970
  C:2BDEH         LINE#         6971
  C:2BE5H         LINE#         6972
  C:2BF0H         LINE#         6974
  C:2BF4H         LINE#         6975
  C:2BFAH         LINE#         6977
  C:2BFCH         LINE#         6978
  C:2BFEH         LINE#         6979
  -------         ENDPROC       DISPFRAME
  -------         PROC          DISPBAND
  -------         DO            
  D:0002H         SYMBOL        i
  X:0059H         SYMBOL        j
  X:005AH         SYMBOL        k
  X:005BH         SYMBOL        m
  X:005CH         SYMBOL        n
  X:005DH         SYMBOL        x
  -------         ENDDO         
  C:1C19H         LINE#         6981
  C:1C19H         LINE#         6982
  C:1C19H         LINE#         6985
  C:1C23H         LINE#         6986
  C:1C2BH         LINE#         6987
  C:1C2DH         LINE#         6989
  C:1C35H         LINE#         6990
  C:1C41H         LINE#         6991
  C:1C41H         LINE#         6992
  C:1C5CH         LINE#         6993
  C:1C77H         LINE#         6994
  C:1CA3H         LINE#         6995
  C:1CAAH         LINE#         6996
  C:1CB9H         LINE#         6997
  C:1CB9H         LINE#         6998
  C:1CD4H         LINE#         6999
  C:1CEFH         LINE#         7000
  C:1D1BH         LINE#         7001
  C:1D22H         LINE#         7002
  C:1D38H         LINE#         7003
  C:1D38H         LINE#         7004
  C:1D53H         LINE#         7005
  C:1D6EH         LINE#         7006
  C:1D9AH         LINE#         7007
  C:1DA1H         LINE#         7009
  C:1DA3H         LINE#         7010
BL51 BANKED LINKER/LOCATER V6.22                                                      12/03/2021  07:57:53  PAGE 27


  C:1DA6H         LINE#         7012
  -------         ENDPROC       DISPBAND
  -------         PROC          _DISPPIC
  D:0006H         SYMBOL        picture
  -------         DO            
  X:0014H         SYMBOL        p
  X:0017H         SYMBOL        n
  -------         ENDDO         
  C:34D4H         LINE#         7015
  C:34D4H         LINE#         7016
  C:34D4H         LINE#         7019
  C:34E3H         LINE#         7020
  C:34E3H         LINE#         7021
  C:34E3H         LINE#         7023
  C:34F6H         LINE#         7025
  C:3509H         LINE#         7026
  C:3509H         LINE#         7027
  C:3529H         LINE#         7028
  C:3536H         LINE#         7030
  -------         ENDPROC       _DISPPIC
  -------         PROC          _DISPPICFROMSD
  X:0019H         SYMBOL        PicNum
  -------         DO            
  X:001AH         SYMBOL        Address_S
  X:001EH         SYMBOL        Address_E
  D:0002H         SYMBOL        i
  X:0022H         SYMBOL        k
  -------         ENDDO         
  C:260EH         LINE#         7034
  C:2611H         LINE#         7035
  C:2611H         LINE#         7041
  C:2614H         LINE#         7044
  C:2616H         LINE#         7046
  C:2618H         LINE#         7048
  C:2621H         LINE#         7049
  C:264CH         LINE#         7050
  C:2675H         LINE#         7051
  C:2698H         LINE#         7052
  C:2698H         LINE#         7053
  C:26A8H         LINE#         7055
  C:26B1H         LINE#         7056
  C:26B1H         LINE#         7058
  C:26CCH         LINE#         7059
  C:26D5H         LINE#         7060
  C:26F4H         LINE#         7062
  C:26F6H         LINE#         7100
  -------         ENDPROC       _DISPPICFROMSD
  -------         PROC          DISPSCALEHOR1
  -------         DO            
  X:0026H         SYMBOL        i
  X:0028H         SYMBOL        j
  D:0002H         SYMBOL        k
  -------         ENDDO         
  C:1645H         LINE#         7105
  C:1645H         LINE#         7106
  C:1645H         LINE#         7109
  C:1648H         LINE#         7112
BL51 BANKED LINKER/LOCATER V6.22                                                      12/03/2021  07:57:53  PAGE 28


  C:1648H         LINE#         7113
  C:1648H         LINE#         7114
  C:1668H         LINE#         7115
  C:166EH         LINE#         7116
  C:166EH         LINE#         7117
  C:1674H         LINE#         7118
  C:1674H         LINE#         7119
  C:1689H         LINE#         7120
  C:169FH         LINE#         7121
  C:16B5H         LINE#         7123
  C:16C0H         LINE#         7126
  C:16C3H         LINE#         7127
  C:16C3H         LINE#         7128
  C:16E3H         LINE#         7129
  C:16E9H         LINE#         7130
  C:16E9H         LINE#         7131
  C:16EFH         LINE#         7132
  C:16EFH         LINE#         7133
  C:171AH         LINE#         7134
  C:1730H         LINE#         7135
  C:1746H         LINE#         7136
  C:1754H         LINE#         7139
  C:1757H         LINE#         7140
  C:1757H         LINE#         7141
  C:1777H         LINE#         7142
  C:177DH         LINE#         7143
  C:177DH         LINE#         7144
  C:1783H         LINE#         7145
  C:1783H         LINE#         7146
  C:178DH         LINE#         7147
  C:17A3H         LINE#         7148
  C:17B9H         LINE#         7149
  C:17C4H         LINE#         7152
  C:17C7H         LINE#         7153
  C:17C7H         LINE#         7154
  C:17E7H         LINE#         7155
  C:17EDH         LINE#         7156
  C:17EDH         LINE#         7157
  C:17F3H         LINE#         7158
  C:17F3H         LINE#         7159
  C:1826H         LINE#         7160
  C:183CH         LINE#         7161
  C:1852H         LINE#         7162
  C:1860H         LINE#         7163
  C:1862H         LINE#         7164
  -------         ENDPROC       DISPSCALEHOR1
  -------         PROC          DISPSCALEVER
  -------         DO            
  X:002AH         SYMBOL        i
  X:002CH         SYMBOL        j
  D:0002H         SYMBOL        k
  -------         ENDDO         
  C:22BAH         LINE#         7166
  C:22BAH         LINE#         7167
  C:22BAH         LINE#         7236
  C:22BDH         LINE#         7238
  C:22C3H         LINE#         7239
BL51 BANKED LINKER/LOCATER V6.22                                                      12/03/2021  07:57:53  PAGE 29


  C:22C3H         LINE#         7240
  C:22C9H         LINE#         7241
  C:22C9H         LINE#         7242
  C:22CFH         LINE#         7243
  C:22E5H         LINE#         7244
  C:22ECH         LINE#         7246
  C:22EFH         LINE#         7247
  C:22EFH         LINE#         7249
  C:22F5H         LINE#         7250
  C:22F5H         LINE#         7252
  C:22FBH         LINE#         7253
  C:22FBH         LINE#         7254
  C:230DH         LINE#         7255
  C:2323H         LINE#         7257
  C:2329H         LINE#         7258
  C:2329H         LINE#         7259
  C:2351H         LINE#         7260
  C:2367H         LINE#         7262
  C:236DH         LINE#         7263
  C:236DH         LINE#         7264
  C:2374H         LINE#         7265
  C:238AH         LINE#         7267
  C:2390H         LINE#         7268
  C:2390H         LINE#         7269
  C:23A4H         LINE#         7270
  C:23BAH         LINE#         7272
  C:23D3H         LINE#         7274
  C:23E1H         LINE#         7276
  -------         ENDPROC       DISPSCALEVER
  -------         PROC          DISPSCALEVER_RED
  -------         DO            
  X:002EH         SYMBOL        i
  X:0030H         SYMBOL        j
  D:0002H         SYMBOL        k
  -------         ENDDO         
  C:2E6AH         LINE#         7278
  C:2E6AH         LINE#         7279
  C:2E6AH         LINE#         7282
  C:2E6DH         LINE#         7284
  C:2E6FH         LINE#         7286
  C:2E71H         LINE#         7289
  C:2E77H         LINE#         7290
  C:2E77H         LINE#         7291
  C:2E7DH         LINE#         7292
  C:2E7DH         LINE#         7293
  C:2E83H         LINE#         7294
  C:2E99H         LINE#         7295
  C:2EA0H         LINE#         7297
  C:2EA3H         LINE#         7298
  C:2EA3H         LINE#         7299
  C:2EA9H         LINE#         7300
  C:2EA9H         LINE#         7302
  C:2EAFH         LINE#         7303
  C:2EAFH         LINE#         7304
  C:2EC1H         LINE#         7305
  C:2ED7H         LINE#         7306
  C:2EEDH         LINE#         7308
BL51 BANKED LINKER/LOCATER V6.22                                                      12/03/2021  07:57:53  PAGE 30


  C:2EF8H         LINE#         7310
  C:2EFAH         LINE#         7311
  -------         ENDPROC       DISPSCALEVER_RED
  -------         PROC          DISPSCALEVER_GREEN
  -------         DO            
  X:0032H         SYMBOL        i
  X:0034H         SYMBOL        j
  D:0002H         SYMBOL        k
  -------         ENDDO         
  C:2BFFH         LINE#         7313
  C:2BFFH         LINE#         7314
  C:2BFFH         LINE#         7317
  C:2C02H         LINE#         7319
  C:2C04H         LINE#         7320
  C:2C06H         LINE#         7323
  C:2C06H         LINE#         7324
  C:2C06H         LINE#         7325
  C:2C0CH         LINE#         7326
  C:2C0CH         LINE#         7327
  C:2C12H         LINE#         7329
  C:2C28H         LINE#         7330
  C:2C33H         LINE#         7332
  C:2C36H         LINE#         7333
  C:2C36H         LINE#         7334
  C:2C3CH         LINE#         7335
  C:2C3CH         LINE#         7337
  C:2C42H         LINE#         7338
  C:2C42H         LINE#         7340
  C:2C63H         LINE#         7341
  C:2C79H         LINE#         7342
  C:2C8FH         LINE#         7344
  C:2C9AH         LINE#         7346
  C:2C9CH         LINE#         7347
  -------         ENDPROC       DISPSCALEVER_GREEN
  -------         PROC          DISPSCALEVER_BLUE
  -------         DO            
  X:0036H         SYMBOL        i
  X:0038H         SYMBOL        j
  D:0002H         SYMBOL        k
  -------         ENDDO         
  C:30A8H         LINE#         7349
  C:30A8H         LINE#         7350
  C:30A8H         LINE#         7353
  C:30ABH         LINE#         7355
  C:30ADH         LINE#         7356
  C:30AFH         LINE#         7359
  C:30B5H         LINE#         7360
  C:30B5H         LINE#         7361
  C:30BBH         LINE#         7362
  C:30BBH         LINE#         7363
  C:30C1H         LINE#         7364
  C:30D7H         LINE#         7365
  C:30DEH         LINE#         7367
  C:30E1H         LINE#         7368
  C:30E1H         LINE#         7369
  C:30E7H         LINE#         7370
  C:30E7H         LINE#         7372
BL51 BANKED LINKER/LOCATER V6.22                                                      12/03/2021  07:57:53  PAGE 31


  C:30EDH         LINE#         7373
  C:30EDH         LINE#         7374
  C:30F4H         LINE#         7375
  C:310AH         LINE#         7376
  C:3120H         LINE#         7378
  C:312BH         LINE#         7380
  C:312DH         LINE#         7381
  -------         ENDPROC       DISPSCALEVER_BLUE
  -------         PROC          DISPSCALEVER_GRAY
  -------         DO            
  X:003AH         SYMBOL        i
  X:003CH         SYMBOL        j
  D:0002H         SYMBOL        k
  -------         ENDDO         
  C:2EFBH         LINE#         7383
  C:2EFBH         LINE#         7384
  C:2EFBH         LINE#         7387
  C:2EFEH         LINE#         7389
  C:2F00H         LINE#         7394
  C:2F06H         LINE#         7395
  C:2F06H         LINE#         7396
  C:2F0CH         LINE#         7397
  C:2F0CH         LINE#         7398
  C:2F12H         LINE#         7400
  C:2F28H         LINE#         7401
  C:2F2FH         LINE#         7403
  C:2F32H         LINE#         7404
  C:2F32H         LINE#         7405
  C:2F38H         LINE#         7406
  C:2F38H         LINE#         7408
  C:2F3EH         LINE#         7409
  C:2F3EH         LINE#         7410
  C:2F52H         LINE#         7411
  C:2F68H         LINE#         7412
  C:2F7EH         LINE#         7414
  C:2F89H         LINE#         7416
  C:2F8BH         LINE#         7417
  -------         ENDPROC       DISPSCALEVER_GRAY
  -------         PROC          DISPGRAYHOR16
  -------         DO            
  X:0059H         SYMBOL        i
  D:0002H         SYMBOL        j
  X:005BH         SYMBOL        k
  -------         ENDDO         
  C:2D39H         LINE#         7419
  C:2D39H         LINE#         7420
  C:2D39H         LINE#         7423
  C:2D3CH         LINE#         7425
  C:2D3EH         LINE#         7426
  C:2D40H         LINE#         7428
  C:2D46H         LINE#         7429
  C:2D46H         LINE#         7430
  C:2D4FH         LINE#         7431
  C:2D4FH         LINE#         7432
  C:2D55H         LINE#         7433
  C:2D5CH         LINE#         7435
  C:2D5FH         LINE#         7436
BL51 BANKED LINKER/LOCATER V6.22                                                      12/03/2021  07:57:53  PAGE 32


  C:2D5FH         LINE#         7437
  C:2D65H         LINE#         7438
  C:2D65H         LINE#         7439
  C:2D97H         LINE#         7440
  C:2DADH         LINE#         7441
  C:2DB8H         LINE#         7442
  C:2DD1H         LINE#         7444
  C:2DD3H         LINE#         7445
  -------         ENDPROC       DISPGRAYHOR16
  -------         PROC          DISPGRAYHOR32
  -------         DO            
  X:003EH         SYMBOL        i
  D:0002H         SYMBOL        j
  X:0040H         SYMBOL        k
  -------         ENDDO         
  C:3231H         LINE#         7447
  C:3231H         LINE#         7448
  C:3231H         LINE#         7451
  C:3234H         LINE#         7453
  C:3236H         LINE#         7455
  C:323CH         LINE#         7456
  C:323CH         LINE#         7457
  C:3245H         LINE#         7458
  C:3245H         LINE#         7459
  C:324BH         LINE#         7460
  C:3252H         LINE#         7462
  C:3255H         LINE#         7463
  C:3255H         LINE#         7464
  C:325BH         LINE#         7465
  C:325BH         LINE#         7466
  C:326FH         LINE#         7467
  C:3285H         LINE#         7468
  C:3290H         LINE#         7469
  C:32A6H         LINE#         7471
  C:32A8H         LINE#         7472
  -------         ENDPROC       DISPGRAYHOR32
  -------         PROC          DISPSCALEHOR2
  -------         DO            
  X:0042H         SYMBOL        j
  D:0002H         SYMBOL        k
  -------         ENDDO         
  C:1A5FH         LINE#         7474
  C:1A5FH         LINE#         7475
  C:1A5FH         LINE#         7478
  C:1A62H         LINE#         7480
  C:1A62H         LINE#         7481
  C:1A62H         LINE#         7482
  C:1A68H         LINE#         7483
  C:1A85H         LINE#         7484
  C:1A90H         LINE#         7485
  C:1A93H         LINE#         7486
  C:1A93H         LINE#         7487
  C:1A99H         LINE#         7488
  C:1AB6H         LINE#         7489
  C:1AC1H         LINE#         7490
  C:1AC4H         LINE#         7491
  C:1AC4H         LINE#         7492
BL51 BANKED LINKER/LOCATER V6.22                                                      12/03/2021  07:57:53  PAGE 33


  C:1ACAH         LINE#         7493
  C:1AE7H         LINE#         7494
  C:1AF2H         LINE#         7495
  C:1AF5H         LINE#         7496
  C:1AF5H         LINE#         7497
  C:1AFBH         LINE#         7498
  C:1B18H         LINE#         7499
  C:1B23H         LINE#         7500
  C:1B26H         LINE#         7501
  C:1B26H         LINE#         7502
  C:1B2CH         LINE#         7503
  C:1B49H         LINE#         7504
  C:1B54H         LINE#         7505
  C:1B57H         LINE#         7506
  C:1B57H         LINE#         7507
  C:1B5DH         LINE#         7508
  C:1B7AH         LINE#         7509
  C:1B85H         LINE#         7510
  C:1B88H         LINE#         7511
  C:1B88H         LINE#         7512
  C:1B8EH         LINE#         7513
  C:1BABH         LINE#         7514
  C:1BB6H         LINE#         7515
  C:1BB9H         LINE#         7516
  C:1BB9H         LINE#         7517
  C:1BBFH         LINE#         7518
  C:1BDBH         LINE#         7519
  C:1BE6H         LINE#         7520
  C:1BEFH         LINE#         7521
  C:1BEFH         LINE#         7522
  C:1BF5H         LINE#         7523
  C:1C11H         LINE#         7524
  C:1C18H         LINE#         7526
  -------         ENDPROC       DISPSCALEHOR2
  -------         PROC          _TOORD
  D:0007H         SYMBOL        ch
  C:3537H         LINE#         7631
  C:3537H         LINE#         7632
  C:3537H         LINE#         7633
  C:353DH         LINE#         7634
  C:353DH         LINE#         7635
  C:353FH         LINE#         7636
  C:3541H         LINE#         7637
  C:354DH         LINE#         7638
  C:354DH         LINE#         7639
  C:3551H         LINE#         7640
  C:3553H         LINE#         7641
  C:355FH         LINE#         7642
  C:355FH         LINE#         7643
  C:3563H         LINE#         7644
  C:3565H         LINE#         7645
  C:3571H         LINE#         7646
  C:3571H         LINE#         7647
  C:3575H         LINE#         7648
  C:3577H         LINE#         7649
  C:3583H         LINE#         7650
  C:3583H         LINE#         7651
BL51 BANKED LINKER/LOCATER V6.22                                                      12/03/2021  07:57:53  PAGE 34


  C:3587H         LINE#         7652
  C:3589H         LINE#         7653
  C:358FH         LINE#         7654
  C:358FH         LINE#         7655
  C:3591H         LINE#         7656
  C:3591H         LINE#         7658
  C:3591H         LINE#         7659
  -------         ENDPROC       _TOORD
  C:27CCH         SYMBOL        L?0447
  C:27E4H         SYMBOL        L?0448
  -------         PROC          L?0446
  -------         ENDPROC       L?0446
  C:27CCH         SYMBOL        L?0447
  C:27E4H         SYMBOL        L?0448
  -------         PROC          _DISPONECHAR
  X:006DH         SYMBOL        ord
  D:0006H         SYMBOL        Xstart
  D:0002H         SYMBOL        Ystart
  X:0072H         SYMBOL        TextColor
  X:0074H         SYMBOL        BackColor
  -------         DO            
  X:0076H         SYMBOL        i
  D:0002H         SYMBOL        j
  X:0077H         SYMBOL        p
  D:0003H         SYMBOL        dat
  D:0006H         SYMBOL        index
  -------         ENDDO         
  C:27F4H         LINE#         7661
  C:27FCH         LINE#         7662
  C:27FCH         LINE#         7668
  C:2816H         LINE#         7670
  C:281CH         LINE#         7672
  C:2824H         LINE#         7673
  C:2826H         LINE#         7675
  C:2834H         LINE#         7677
  C:2841H         LINE#         7678
  C:2848H         LINE#         7680
  C:284CH         LINE#         7681
  C:284CH         LINE#         7682
  C:2861H         LINE#         7683
  C:2863H         LINE#         7684
  C:2863H         LINE#         7685
  C:2870H         LINE#         7686
  C:2870H         LINE#         7687
  C:2872H         LINE#         7688
  C:2874H         LINE#         7690
  C:2874H         LINE#         7691
  C:287EH         LINE#         7692
  C:287EH         LINE#         7693
  C:2883H         LINE#         7694
  C:288EH         LINE#         7695
  -------         ENDPROC       _DISPONECHAR
  -------         PROC          _DISPSTR
  X:0062H         SYMBOL        str
  X:0065H         SYMBOL        Xstart
  X:0067H         SYMBOL        Ystart
[...]
  C:1331H         LINE#         318
  C:1331H         LINE#         319
  C:1336H         LINE#         320
  C:1339H         LINE#         321
  C:1348H         LINE#         322
  C:1348H         LINE#         323
  C:135DH         LINE#         324
  C:1362H         LINE#         325
  C:136AH         LINE#         326
  C:1374H         LINE#         327
  C:1382H         LINE#         328
  C:1390H         LINE#         329
  C:1392H         LINE#         331
  C:1392H         LINE#         332
  C:1397H         LINE#         333
  C:139AH         LINE#         334
  C:13B2H         LINE#         335
  C:13B2H         LINE#         336
  C:13CBH         LINE#         337
  C:13D0H         LINE#         338
  C:13D8H         LINE#         339
  C:13DFH         LINE#         340
  C:13E4H         LINE#         341
  C:13E4H         LINE#         342
  C:13F8H         LINE#         343
  C:13F8H         LINE#         344
  C:13FFH         LINE#         345
  C:1404H         LINE#         346
  C:1404H         LINE#         347
  C:1412H         LINE#         348
BL51 BANKED LINKER/LOCATER V6.22                                                      12/03/2021  07:57:53  PAGE 43


  C:1412H         LINE#         349
  -------         ENDPROC       USBXCORE_HANDLE_SETUP
  -------         PROC          USBXCORE_FORCE_STALL
  C:39E7H         LINE#         356
  C:39E7H         LINE#         358
  C:39F2H         LINE#         359
  C:39FDH         LINE#         360
  C:3A03H         LINE#         361
  -------         ENDPROC       USBXCORE_FORCE_STALL
  -------         PROC          USBXCORE_GET_STATUS
  C:3391H         LINE#         367
  C:3391H         LINE#         369
  C:33A0H         LINE#         370
  C:33A0H         LINE#         371
  C:33A0H         LINE#         372
  C:33A0H         LINE#         373
  C:33A0H         LINE#         374
  C:33A2H         LINE#         375
  C:33A2H         LINE#         379
  C:33A2H         LINE#         381
  C:33B0H         LINE#         385
  C:33B0H         LINE#         386
  C:33B0H         LINE#         387
  C:33B0H         LINE#         388
  C:33B2H         LINE#         390
  C:33B2H         LINE#         392
  C:33C0H         LINE#         396
  C:33C0H         LINE#         397
  C:33CDH         LINE#         398
  C:33CDH         LINE#         399
  C:33CFH         LINE#         401
  C:33CFH         LINE#         402
  C:33DDH         LINE#         403
  C:33E6H         LINE#         404
  C:33E6H         LINE#         405
  C:33E6H         LINE#         406
  C:33E8H         LINE#         407
  C:33E8H         LINE#         408
  C:33EBH         LINE#         409
  C:33EBH         LINE#         410
  C:33EBH         LINE#         411
  C:33F3H         LINE#         412
  C:33F3H         LINE#         413
  C:33F6H         LINE#         414
  C:33FCH         LINE#         415
  C:3403H         LINE#         416
  C:3403H         LINE#         417
  -------         ENDPROC       USBXCORE_GET_STATUS
  -------         PROC          USBXCORE_CLEAR_FEATURE
  C:35ECH         LINE#         423
  C:35ECH         LINE#         425
  C:35F2H         LINE#         426
  C:35F2H         LINE#         428
  C:35F9H         LINE#         429
  C:35F9H         LINE#         430
  C:3604H         LINE#         436
  C:360FH         LINE#         437
BL51 BANKED LINKER/LOCATER V6.22                                                      12/03/2021  07:57:53  PAGE 44


  C:3614H         LINE#         438
  C:3616H         LINE#         440
  C:3616H         LINE#         442
  C:3621H         LINE#         446
  C:362CH         LINE#         447
  C:3631H         LINE#         448
  C:3631H         LINE#         449
  C:3633H         LINE#         451
  C:3633H         LINE#         452
  C:3636H         LINE#         453
  C:3636H         LINE#         454
  C:3641H         LINE#         455
  -------         ENDPROC       USBXCORE_CLEAR_FEATURE
  -------         PROC          USBXCORE_VENDOR_USB_API
  C:26F7H         LINE#         462
  C:26F7H         LINE#         464
  C:2701H         LINE#         465
  C:2701H         LINE#         466
  C:2708H         LINE#         467
  C:2708H         LINE#         468
  C:270BH         LINE#         469
  C:270EH         LINE#         470
  C:2710H         LINE#         472
  C:2710H         LINE#         473
  C:2717H         LINE#         474
  C:2717H         LINE#         477
  C:2722H         LINE#         482
  C:272DH         LINE#         483
  C:2738H         LINE#         485
  C:2738H         LINE#         486
  C:274BH         LINE#         487
  C:274BH         LINE#         488
  C:274FH         LINE#         489
  C:275AH         LINE#         491
  C:275AH         LINE#         492
  C:276DH         LINE#         493
  C:276DH         LINE#         494
  C:2771H         LINE#         495
  C:277CH         LINE#         497
  C:2782H         LINE#         498
  C:278AH         LINE#         499
  C:278AH         LINE#         500
  C:278DH         LINE#         501
  C:278DH         LINE#         502
  C:278DH         LINE#         503
  C:2798H         LINE#         504
  C:2798H         LINE#         505
  C:279EH         LINE#         506
  C:27A5H         LINE#         507
  C:27A5H         LINE#         508
  C:27A9H         LINE#         509
  C:27A9H         LINE#         510
  C:27AFH         LINE#         511
  C:27B6H         LINE#         512
  C:27B6H         LINE#         513
  C:27C1H         LINE#         514
  -------         ENDPROC       USBXCORE_VENDOR_USB_API
BL51 BANKED LINKER/LOCATER V6.22                                                      12/03/2021  07:57:53  PAGE 45


  -------         PROC          USBXCORE_SET_FEATURE
  C:3644H         LINE#         521
  C:3644H         LINE#         523
  C:364AH         LINE#         524
  C:364AH         LINE#         526
  C:3651H         LINE#         527
  C:3651H         LINE#         528
  C:365CH         LINE#         534
  C:3667H         LINE#         535
  C:366AH         LINE#         536
  C:366CH         LINE#         538
  C:366CH         LINE#         540
  C:3677H         LINE#         544
  C:3682H         LINE#         545
  C:3688H         LINE#         546
  C:3688H         LINE#         548
  C:368AH         LINE#         550
  C:368AH         LINE#         551
  C:368DH         LINE#         552
  C:368DH         LINE#         553
  C:3698H         LINE#         554
  -------         ENDPROC       USBXCORE_SET_FEATURE
  -------         PROC          USBXCORE_SET_ADDRESS
  C:39A8H         LINE#         561
  C:39A8H         LINE#         563
  C:39B7H         LINE#         564
  C:39BDH         LINE#         565
  C:39BDH         LINE#         566
  C:39C0H         LINE#         567
  C:39C2H         LINE#         569
  C:39C2H         LINE#         570
  C:39C5H         LINE#         571
  C:39C5H         LINE#         572
  -------         ENDPROC       USBXCORE_SET_ADDRESS
  -------         PROC          USBXCORE_GET_DESCRIPTOR
  C:29FAH         LINE#         579
  C:29FAH         LINE#         580
  C:2A09H         LINE#         581
  C:2A09H         LINE#         582
  C:2A09H         LINE#         583
  C:2A17H         LINE#         584
  C:2A1BH         LINE#         585
  C:2A1DH         LINE#         586
  C:2A1DH         LINE#         587
  C:2A2BH         LINE#         588
  C:2A3EH         LINE#         589
  C:2A40H         LINE#         590
  C:2A40H         LINE#         591
  C:2A64H         LINE#         592
  C:2A70H         LINE#         593
  C:2A72H         LINE#         594
  C:2A72H         LINE#         595
  C:2A75H         LINE#         596
  C:2A75H         LINE#         597
  C:2A75H         LINE#         598
  C:2A8BH         LINE#         599
  C:2A8BH         LINE#         600
BL51 BANKED LINKER/LOCATER V6.22                                                      12/03/2021  07:57:53  PAGE 46


  C:2A93H         LINE#         601
  C:2A93H         LINE#         602
  C:2A9BH         LINE#         603
  C:2A9BH         LINE#         604
  C:2A9EH         LINE#         605
  C:2AA4H         LINE#         606
  C:2AABH         LINE#         607
  C:2AABH         LINE#         608
  -------         ENDPROC       USBXCORE_GET_DESCRIPTOR
  -------         PROC          USBXCORE_GET_CONFIGURATION
  C:3792H         LINE#         614
  C:3792H         LINE#         616
  C:379AH         LINE#         617
  C:379AH         LINE#         618
  C:37A6H         LINE#         619
  C:37AEH         LINE#         620
  C:37AEH         LINE#         621
  C:37B2H         LINE#         622
  C:37B2H         LINE#         623
  C:37C0H         LINE#         624
  C:37C8H         LINE#         625
  C:37C8H         LINE#         626
  C:37CBH         LINE#         627
  C:37D1H         LINE#         628
  C:37D8H         LINE#         629
  -------         ENDPROC       USBXCORE_GET_CONFIGURATION
  -------         PROC          USBXCORE_SET_CONFIGURATION
  C:3592H         LINE#         635
  C:3592H         LINE#         637
  C:359BH         LINE#         638
  C:359BH         LINE#         639
  C:35A2H         LINE#         640
  C:35A8H         LINE#         641
  C:35ADH         LINE#         642
  C:35AFH         LINE#         644
  C:35BAH         LINE#         645
  C:35C5H         LINE#         646
  C:35D0H         LINE#         653
  C:35DBH         LINE#         654
  C:35DDH         LINE#         656
  C:35DDH         LINE#         657
  C:35E3H         LINE#         658
  C:35E7H         LINE#         659
  C:35E9H         LINE#         660
  C:35E9H         LINE#         661
  -------         ENDPROC       USBXCORE_SET_CONFIGURATION
  -------         PROC          USBXCORE_GET_INTERFACE
  C:3939H         LINE#         668
  C:3939H         LINE#         670
  C:3947H         LINE#         671
  C:394FH         LINE#         672
  C:3952H         LINE#         673
  C:3958H         LINE#         674
  C:395FH         LINE#         675
  -------         ENDPROC       USBXCORE_GET_INTERFACE
  -------         PROC          USBXCORE_SET_SOP
  C:3A77H         LINE#         682
BL51 BANKED LINKER/LOCATER V6.22                                                      12/03/2021  07:57:53  PAGE 47


  C:3A77H         LINE#         684
  C:3A7FH         LINE#         685
  C:3A7FH         LINE#         686
  C:3A8AH         LINE#         687
  C:3A8AH         LINE#         688
  -------         ENDPROC       USBXCORE_SET_SOP
  -------         PROC          USBXCORE_USB_ISR
  C:1DA7H         LINE#         699
  C:1DC4H         LINE#         702
  C:1DCAH         LINE#         703
  C:1DDDH         LINE#         706
  C:1DF0H         LINE#         709
  C:1DF4H         LINE#         710
  C:1DF4H         LINE#         711
  C:1DFFH         LINE#         712
  C:1DFFH         LINE#         714
  C:1E06H         LINE#         715
  C:1E06H         LINE#         716
  C:1E09H         LINE#         717
  C:1E09H         LINE#         719
  C:1E10H         LINE#         720
  C:1E10H         LINE#         721
  C:1E1DH         LINE#         722
  C:1E1DH         LINE#         723
  C:1E24H         LINE#         724
  C:1E24H         LINE#         725
  C:1E24H         LINE#         727
  C:1E24H         LINE#         728
  C:1E24H         LINE#         730
  C:1E24H         LINE#         732
  C:1E37H         LINE#         734
  C:1E3BH         LINE#         735
  C:1E3BH         LINE#         736
  C:1E3EH         LINE#         737
  C:1E3EH         LINE#         740
  C:1E45H         LINE#         741
  C:1E45H         LINE#         742
  C:1E50H         LINE#         748
  C:1E63H         LINE#         749
  C:1E68H         LINE#         750
  C:1E68H         LINE#         751
  C:1E6FH         LINE#         752
  C:1E6FH         LINE#         754
  C:1E6FH         LINE#         756
  C:1E82H         LINE#         759
  C:1E86H         LINE#         760
  C:1E86H         LINE#         761
  C:1E91H         LINE#         767
  C:1EA4H         LINE#         768
  C:1EA8H         LINE#         769
  C:1EA8H         LINE#         770
  C:1EAFH         LINE#         771
  C:1EAFH         LINE#         772
  C:1EAFH         LINE#         775
  C:1EBDH         LINE#         776
  C:1EC2H         LINE#         777
  C:1EC8H         LINE#         778
BL51 BANKED LINKER/LOCATER V6.22                                                      12/03/2021  07:57:53  PAGE 48


  C:1ECDH         LINE#         781
  C:1EDAH         LINE#         782
  C:1EDAH         LINE#         783
  C:1EDDH         LINE#         784
  C:1EDDH         LINE#         785
  -------         ENDPROC       USBXCORE_USB_ISR
  -------         ENDMOD        USB_API

  -------         MODULE        USB_SUSPEND
  C:0000H         SYMBOL        _ICE_DUMMY_
  D:00D7H         PUBLIC        USB0XCN
  D:00C9H         PUBLIC        REG0CN
  C:38E7H         PUBLIC        USB_Suspend
  D:00A9H         PUBLIC        CLKSEL
  D:00B2H         PUBLIC        OSCICN
  D:00B9H         PUBLIC        CLKMUL
  -------         PROC          USB_SUSPEND
  C:38E7H         LINE#         70
  C:38E7H         LINE#         72
  C:38EAH         LINE#         74
  C:38EDH         LINE#         76
  C:38F5H         LINE#         79
  C:38F8H         LINE#         80
  C:38FBH         LINE#         81
  C:38FEH         LINE#         82
  C:3901H         LINE#         84
  C:3902H         LINE#         86
  C:3905H         LINE#         88
  C:390BH         LINE#         92
  C:390EH         LINE#         94
  C:3911H         LINE#         95
  -------         ENDPROC       USB_SUSPEND
  -------         ENDMOD        USB_SUSPEND

  -------         MODULE        USB_INT_ENABLE
  C:0000H         SYMBOL        _ICE_DUMMY_
  C:3A1DH         PUBLIC        USB_Int_Enable
  D:0096H         PUBLIC        USB0ADR
  D:0097H         PUBLIC        USB0DAT
  -------         PROC          USB_INT_ENABLE
  C:3A1DH         LINE#         68
  C:3A1DH         LINE#         71
  C:3A24H         LINE#         73
  C:3A2AH         LINE#         74
  C:3A2AH         LINE#         75
  C:3A35H         LINE#         77
  C:3A35H         LINE#         78
  -------         ENDPROC       USB_INT_ENABLE
  -------         ENDMOD        USB_INT_ENABLE

  -------         MODULE        USB_CLOCK_RECOVERY
  C:0000H         SYMBOL        _ICE_DUMMY_
  C:3ABDH         PUBLIC        USBXcore_ClkRec
  D:0096H         PUBLIC        USB0ADR
  D:0097H         PUBLIC        USB0DAT
  -------         PROC          USBXCORE_CLKREC
  C:3ABDH         LINE#         45
BL51 BANKED LINKER/LOCATER V6.22                                                      12/03/2021  07:57:53  PAGE 49


  C:3ABDH         LINE#         47
  C:3AC8H         LINE#         48
  -------         ENDPROC       USBXCORE_CLKREC
  -------         ENDMOD        USB_CLOCK_RECOVERY

  -------         MODULE        ?C?FPMUL
  C:0C9BH         PUBLIC        ?C?FPMUL
  -------         ENDMOD        ?C?FPMUL

  -------         MODULE        ?C?FCAST
  C:0DABH         PUBLIC        ?C?FCASTC
  C:0DA6H         PUBLIC        ?C?FCASTI
  C:0DA1H         PUBLIC        ?C?FCASTL
  -------         ENDMOD        ?C?FCAST

  -------         MODULE        ?C?CASTF
  C:0DDFH         PUBLIC        ?C?CASTF
  -------         ENDMOD        ?C?CASTF

  -------         MODULE        ?C?COPY
  C:0F30H         PUBLIC        ?C?COPY
  -------         ENDMOD        ?C?COPY

  -------         MODULE        ?C?CLDPTR
  C:0F56H         PUBLIC        ?C?CLDPTR
  -------         ENDMOD        ?C?CLDPTR

  -------         MODULE        ?C?CLDOPTR
  C:0F6FH         PUBLIC        ?C?CLDOPTR
  -------         ENDMOD        ?C?CLDOPTR

  -------         MODULE        ?C?IMUL
  C:0F9CH         PUBLIC        ?C?IMUL
  -------         ENDMOD        ?C?IMUL

  -------         MODULE        ?C?IILDX
  C:0FAEH         PUBLIC        ?C?IILDX
  -------         ENDMOD        ?C?IILDX

  -------         MODULE        ?C?ILDOPTR
  C:0FC4H         PUBLIC        ?C?ILDOPTR
  -------         ENDMOD        ?C?ILDOPTR

  -------         MODULE        ?C?LMUL
  C:0FFCH         PUBLIC        ?C?LMUL
  -------         ENDMOD        ?C?LMUL

  -------         MODULE        ?C?ULDIV
  C:1087H         PUBLIC        ?C?ULDIV
  -------         ENDMOD        ?C?ULDIV

  -------         MODULE        ?C?LNEG
  C:1119H         PUBLIC        ?C?LNEG
  -------         ENDMOD        ?C?LNEG

  -------         MODULE        ?C?ULCMP
  C:1127H         PUBLIC        ?C?ULCMP
BL51 BANKED LINKER/LOCATER V6.22                                                      12/03/2021  07:57:53  PAGE 50


  -------         ENDMOD        ?C?ULCMP

  -------         MODULE        ?C?ULSHR
  C:1138H         PUBLIC        ?C?ULSHR
  -------         ENDMOD        ?C?ULSHR

  -------         MODULE        ?C?LSHL
  C:114BH         PUBLIC        ?C?LSHL
  -------         ENDMOD        ?C?LSHL

  -------         MODULE        ?C?LLDIPDATA
  C:1167H         PUBLIC        ?C?LLDIPDATA
  C:115EH         PUBLIC        ?C?LLDIPDATA1
  C:1160H         PUBLIC        ?C?LLDIPDATA8
  -------         ENDMOD        ?C?LLDIPDATA

  -------         MODULE        ?C?LSTXDATA
  C:117EH         PUBLIC        ?C?LSTXDATA
  -------         ENDMOD        ?C?LSTXDATA

  -------         MODULE        ?C?LSTPDATA
  C:118AH         PUBLIC        ?C?LSTPDATA
  -------         ENDMOD        ?C?LSTPDATA

  -------         MODULE        ?C?LSTKXDATA
  C:1196H         PUBLIC        ?C?LSTKXDATA
  -------         ENDMOD        ?C?LSTKXDATA

  -------         MODULE        ?C?LSTKPDATA
  C:11C7H         PUBLIC        ?C?LSTKPDATA
  -------         ENDMOD        ?C?LSTKPDATA

  -------         MODULE        ?C_PBP
  D:0008H         PUBLIC        ?C_PBP
  -------         ENDMOD        ?C_PBP

*** WARNING L14: INCOMPATIBLE MEMORY MODEL
    MODULE:  .\USBX_F34X.LIB (USB_API)
    MODEL:   SMALL

*** WARNING L14: INCOMPATIBLE MEMORY MODEL
    MODULE:  .\USBX_F34X.LIB (USB_SUSPEND)
    MODEL:   SMALL

*** WARNING L14: INCOMPATIBLE MEMORY MODEL
    MODULE:  .\USBX_F34X.LIB (USB_INT_ENABLE)
    MODEL:   SMALL

*** WARNING L14: INCOMPATIBLE MEMORY MODEL
    MODULE:  .\USBX_F34X.LIB (USB_CLOCK_RECOVERY)
    MODEL:   SMALL

*** WARNING L16: UNCALLED SEGMENT, IGNORED FOR OVERLAY PROCESS
    SEGMENT: ?PR?SD_INIT?MMC_SD

*** WARNING L16: UNCALLED SEGMENT, IGNORED FOR OVERLAY PROCESS
    SEGMENT: ?PR?_DISPPIC?LCD
BL51 BANKED LINKER/LOCATER V6.22                                                      12/03/2021  07:57:53  PAGE 51



*** WARNING L16: UNCALLED SEGMENT, IGNORED FOR OVERLAY PROCESS
    SEGMENT: ?PR?_DISPPICFROMSD?LCD

*** WARNING L16: UNCALLED SEGMENT, IGNORED FOR OVERLAY PROCESS
    SEGMENT: ?PR?DISPSCALEHOR1?LCD

*** WARNING L16: UNCALLED SEGMENT, IGNORED FOR OVERLAY PROCESS
    SEGMENT: ?PR?DISPSCALEVER?LCD

*** WARNING L16: UNCALLED SEGMENT, IGNORED FOR OVERLAY PROCESS
    SEGMENT: ?PR?DISPSCALEVER_RED?LCD

*** WARNING L16: UNCALLED SEGMENT, IGNORED FOR OVERLAY PROCESS
    SEGMENT: ?PR?DISPSCALEVER_GREEN?LCD

*** WARNING L16: UNCALLED SEGMENT, IGNORED FOR OVERLAY PROCESS
    SEGMENT: ?PR?DISPSCALEVER_BLUE?LCD

*** WARNING L16: UNCALLED SEGMENT, IGNORED FOR OVERLAY PROCESS
    SEGMENT: ?PR?DISPSCALEVER_GRAY?LCD

*** WARNING L16: UNCALLED SEGMENT, IGNORED FOR OVERLAY PROCESS
    SEGMENT: ?PR?DISPGRAYHOR32?LCD

*** WARNING L16: UNCALLED SEGMENT, IGNORED FOR OVERLAY PROCESS
    SEGMENT: ?PR?DISPSCALEHOR2?LCD

*** WARNING L16: UNCALLED SEGMENT, IGNORED FOR OVERLAY PROCESS
    SEGMENT: ?PR?_DRAWGIRD?LCD

*** WARNING L15: MULTIPLE CALL TO SEGMENT
    SEGMENT: ?PR?_WRITECOMM?LCD
    CALLER1: ?PR?USB_API_TEST_ISR?MAIN
    CALLER2: ?C_C51STARTUP

*** WARNING L15: MULTIPLE CALL TO SEGMENT
    SEGMENT: ?PR?_WRITEDATA?LCD
    CALLER1: ?PR?USB_API_TEST_ISR?MAIN
    CALLER2: ?C_C51STARTUP

Program Size: data=10.0 xdata=1219 code=15076
LINK/LOCATE RUN COMPLETE.  18 WARNING(S),  0 ERROR(S)
