BL51 BANKED LINKER/LOCATER V6.22                                                        10/31/2020  14:17:07  PAGE 1


BL51 BANKED LINKER/LOCATER V6.22, INVOKED BY:
C:\KEIL\C51\BIN\BL51.EXE main.obj, mmc_sd.obj, lcd.obj, tp.obj, .\USBX_F34X.LIB TO ST7789V_L8 RAMSIZE (256)


MEMORY MODEL: COMPACT WITH FLOATING POINT ARITHMETIC


INPUT MODULES INCLUDED:
  main.obj (MAIN)
  mmc_sd.obj (MMC_SD)
  lcd.obj (LCD)
  tp.obj (TP)
  .\USBX_F34X.LIB (USB_API)
  .\USBX_F34X.LIB (USB_CLOCK_START)
  .\USBX_F34X.LIB (USB_SUSPEND)
  .\USBX_F34X.LIB (GET_INTERRUPT_SOURCE)
  .\USBX_F34X.LIB (BLOCK_READ)
  .\USBX_F34X.LIB (BLOCK_WRITE)
  .\USBX_F34X.LIB (USB_INT_ENABLE)
  .\USBX_F34X.LIB (USB_CLOCK_RECOVERY)
  .\USBX_F34X.LIB (USB_JUMP_ISR)
  C:\KEIL\C51\LIB\C51FPC.LIB (?C?FPMUL)
  C:\KEIL\C51\LIB\C51FPC.LIB (?C?FCAST)
  C:\KEIL\C51\LIB\C51FPC.LIB (?C?CASTF)
  C:\KEIL\C51\LIB\C51FPC.LIB (?C?FPGETOPN)
  C:\KEIL\C51\LIB\C51C.LIB (?C_STARTUP)
  C:\KEIL\C51\LIB\C51C.LIB (?C?COPY)
  C:\KEIL\C51\LIB\C51C.LIB (?C?CLDPTR)
  C:\KEIL\C51\LIB\C51C.LIB (?C?CLDOPTR)
  C:\KEIL\C51\LIB\C51C.LIB (?C?IMUL)
  C:\KEIL\C51\LIB\C51C.LIB (?C?IILDX)
  C:\KEIL\C51\LIB\C51C.LIB (?C?ILDOPTR)
  C:\KEIL\C51\LIB\C51C.LIB (?C?LMUL)
  C:\KEIL\C51\LIB\C51C.LIB (?C?ULDIV)
  C:\KEIL\C51\LIB\C51C.LIB (?C?LNEG)
  C:\KEIL\C51\LIB\C51C.LIB (?C?ULCMP)
  C:\KEIL\C51\LIB\C51C.LIB (?C?ULSHR)
  C:\KEIL\C51\LIB\C51C.LIB (?C?LSHL)
  C:\KEIL\C51\LIB\C51C.LIB (?C?LLDIPDATA)
  C:\KEIL\C51\LIB\C51C.LIB (?C?LSTXDATA)
  C:\KEIL\C51\LIB\C51C.LIB (?C?LSTPDATA)
  C:\KEIL\C51\LIB\C51C.LIB (?C?LSTKXDATA)
  C:\KEIL\C51\LIB\C51C.LIB (?C?LSTKPDATA)
  C:\KEIL\C51\LIB\C51C.LIB (?C_PBP)
  C:\KEIL\C51\LIB\C51C.LIB (?C_INIT)


LINK MAP OF MODULE:  ST7789V_L8 (MAIN)


            TYPE    BASE      LENGTH    RELOCATION   SEGMENT NAME
            -----------------------------------------------------

            * * * * * * *   D A T A   M E M O R Y   * * * * * * *
            REG     0000H     0008H     ABSOLUTE     "REG BANK 0"
            DATA    0008H     0001H     UNIT         ?C?LIB_DATA
            IDATA   0009H     0001H     UNIT         ?STACK

BL51 BANKED LINKER/LOCATER V6.22                                                      10/31/2020  14:17:07  PAGE 2


            * * * * * * *  X D A T A   M E M O R Y  * * * * * * *
            XDATA   0000H     0010H     INPAGE       ?PD?MAIN
            XDATA   0010H     0004H     INPAGE       ?PD?_MMC_SD_READSINGLEBLOCK?MMC_SD
            XDATA   0014H     0008H     INPAGE       ?PD?_LCD_READ_IC_ID?LCD
            XDATA   001CH     0005H     INPAGE       ?PD?DISPBAND?LCD
            XDATA   0021H     000DH     INPAGE       ?PD?_DISPPICFROMSD?LCD
            XDATA   002EH     0004H     INPAGE       ?PD?DISPSCALEHOR1?LCD
            XDATA   0032H     0004H     INPAGE       ?PD?DISPSCALEVER?LCD
            XDATA   0036H     0004H     INPAGE       ?PD?DISPSCALEVER_RED?LCD
            XDATA   003AH     0004H     INPAGE       ?PD?DISPSCALEVER_GREEN?LCD
            XDATA   003EH     0004H     INPAGE       ?PD?DISPSCALEVER_BLUE?LCD
            XDATA   0042H     0004H     INPAGE       ?PD?DISPSCALEVER_GRAY?LCD
            XDATA   0046H     0004H     INPAGE       ?PD?DISPGRAYHOR32?LCD
            XDATA   004AH     0002H     INPAGE       ?PD?DISPSCALEHOR2?LCD
            XDATA   004CH     000CH     INPAGE       ?PD?_DRAWLINE?LCD
            XDATA   0058H     0004H     INPAGE       ?PD?_DRAWGIRD?LCD
            XDATA   005CH     0002H     INPAGE       ?PD?LCD
            XDATA   005EH     0027H     INPAGE       _PDATA_GROUP_
            XDATA   0085H     0200H     UNIT         ?XD?MMC_SD
            XDATA   0285H     0058H     UNIT         _XDATA_GROUP_
            XDATA   02DDH     0040H     UNIT         ?XD?MAIN
                    031DH     0323H                  *** GAP ***
            XDATA   0640H     0100H     ABSOLUTE     
            XDATA   0740H     0012H     ABSOLUTE     
            XDATA   0752H     0020H     ABSOLUTE     
            XDATA   0772H     000CH     ABSOLUTE     
            XDATA   077EH     0008H     ABSOLUTE     
            XDATA   0786H     0001H     ABSOLUTE     
            XDATA   0787H     0003H     ABSOLUTE     
            XDATA   078AH     0002H     ABSOLUTE     
            XDATA   078CH     0002H     ABSOLUTE     
            XDATA   078EH     0003H     ABSOLUTE     
            XDATA   0791H     0001H     ABSOLUTE     
            XDATA   0792H     0001H     ABSOLUTE     
            XDATA   0793H     0001H     ABSOLUTE     
            XDATA   0794H     0001H     ABSOLUTE     
            XDATA   0795H     0002H     ABSOLUTE     
            XDATA   0797H     0002H     ABSOLUTE     
            XDATA   0799H     0001H     ABSOLUTE     
            XDATA   079AH     0001H     ABSOLUTE     
            XDATA   079BH     0001H     ABSOLUTE     
            XDATA   079CH     0001H     ABSOLUTE     
            XDATA   079DH     0001H     ABSOLUTE     
            XDATA   079EH     0001H     ABSOLUTE     
            XDATA   079FH     0002H     ABSOLUTE     
            XDATA   07A1H     0001H     ABSOLUTE     
            XDATA   07A2H     0001H     ABSOLUTE     
            XDATA   07A3H     000CH     ABSOLUTE     
                    07AFH     0011H                  *** GAP ***
            XDATA   07C0H     0040H     ABSOLUTE     

            * * * * * * *   C O D E   M E M O R Y   * * * * * * *
            CODE    0000H     0003H     ABSOLUTE     
            CODE    0003H     003AH     UNIT         ?CO?USB_API
            CODE    003DH     0003H     UNIT         ?PR?SUSPEND_DEVICE?MAIN
                    0040H     0003H                  *** GAP ***
            CODE    0043H     0003H     ABSOLUTE     
BL51 BANKED LINKER/LOCATER V6.22                                                      10/31/2020  14:17:07  PAGE 3


            CODE    0046H     0044H     UNIT         ?PR?_DISPCOLOR?LCD
                    008AH     0001H                  *** GAP ***
            CODE    008BH     0003H     ABSOLUTE     
            CODE    008EH     9C00H     UNIT         ?CO?LCD
            CODE    9C8EH     060CH     UNIT         ?PR?CONNTOUSB?MAIN
            CODE    A29AH     0545H     UNIT         ?C?LIB_CODE
            CODE    A7DFH     0233H     UNIT         ?PR?USBXCORE_HANDLE_SETUP?USB_API
            CODE    AA12H     0232H     UNIT         ?PR?_LCD_READ_IC_ID?LCD
            CODE    AC44H     0226H     UNIT         ?PR?DISPSCALEHOR1?LCD
            CODE    AE6AH     01BAH     UNIT         ?PR?DISPSCALEHOR2?LCD
            CODE    B024H     01A0H     UNIT         ?PR?TP_DRAWLINE?TP
            CODE    B1C4H     018EH     UNIT         ?PR?DISPBAND?LCD
            CODE    B352H     0151H     UNIT         ?PR?USBXCORE_USB_ISR?USB_API
            CODE    B4A3H     0149H     UNIT         ?PR?LCD_INIT?LCD
            CODE    B5ECH     013DH     UNIT         ?PR?USB_API_TEST_ISR?MAIN
            CODE    B729H     013DH     UNIT         ?PR?DISPSCALEVER?LCD
            CODE    B866H     013AH     UNIT         ?PR?_DISPPIC?LCD
            CODE    B9A0H     0137H     UNIT         ?PR?_USB_INIT?USB_API
            CODE    BAD7H     011BH     UNIT         ?PR?_TP_GETPOSITION?TP
            CODE    BBF2H     0111H     UNIT         ?PR?_BLOCK_WRITE?BLOCK_WRITE
            CODE    BD03H     00E9H     UNIT         ?PR?_DISPPICFROMSD?LCD
            CODE    BDECH     00CDH     UNIT         ?PR?USBXCORE_VENDOR_USB_API?USB_API
            CODE    BEB9H     00CBH     UNIT         ?PR?_DISPONECHAR?LCD
            CODE    BF84H     00B7H     UNIT         ?PR?MMC_SD_RESET?MMC_SD
            CODE    C03BH     00B3H     UNIT         ?PR?_DISPINT?LCD
            CODE    C0EEH     00B2H     UNIT         ?PR?USBXCORE_GET_DESCRIPTOR?USB_API
            CODE    C1A0H     00AFH     UNIT         ?PR?_BLOCK_READ?BLOCK_READ
            CODE    C24FH     00A6H     UNIT         ?PR?DISPSCALEVER_GRAY?LCD
            CODE    C2F5H     00A4H     UNIT         ?PR?DISPFRAME?LCD
            CODE    C399H     00A0H     UNIT         ?PR?DISPSCALEVER_GREEN?LCD
            CODE    C439H     009BH     UNIT         ?PR?DISPGRAYHOR16?LCD
            CODE    C4D4H     0099H     UNIT         ?PR?_?BLOCKWRITE?LCD
            CODE    C56DH     0096H     UNIT         ?PR?_DISPSTR?LCD
            CODE    C603H     0091H     UNIT         ?PR?DISPSCALEVER_RED?LCD
            CODE    C694H     0090H     UNIT         ?PR?_DRAWGIRD?LCD
            CODE    C724H     008CH     UNIT         ?C_C51STARTUP
            CODE    C7B0H     008BH     UNIT         ?PR?DISPGRAYHOR32?LCD
            CODE    C83BH     0086H     UNIT         ?PR?DISPSCALEVER_BLUE?LCD
            CODE    C8C1H     0086H     UNIT         ?PR?_DRAWLINE?LCD
            CODE    C947H     007DH     UNIT         ?PR?_MMC_SD_WRITESINGLEBLOCK?MMC_SD
            CODE    C9C4H     0075H     UNIT         ?PR?_MMC_SD_SENDCOMMAND?MMC_SD
            CODE    CA39H     0073H     UNIT         ?PR?TP_READ?TP
            CODE    CAACH     0073H     UNIT         ?PR?USBXCORE_GET_STATUS?USB_API
            CODE    CB1FH     006CH     UNIT         ?PR?DEVICES_INIT?MAIN
            CODE    CB8BH     0064H     UNIT         ?PR?_MMC_SD_READSINGLEBLOCK?MMC_SD
            CODE    CBEFH     005BH     UNIT         ?PR?_TOORD?LCD
            CODE    CC4AH     005AH     UNIT         ?PR?USBXCORE_SET_CONFIGURATION?USB_API
            CODE    CCA4H     0058H     UNIT         ?PR?USBXCORE_CLEAR_FEATURE?USB_API
            CODE    CCFCH     0057H     UNIT         ?PR?USBXCORE_SET_FEATURE?USB_API
            CODE    CD53H     0055H     UNIT         ?PR?_STOPDELAY?MAIN
            CODE    CDA8H     0052H     UNIT         ?PR?_PUTPIXEL?LCD
            CODE    CDFAH     0050H     UNIT         ?PR?MAIN?MAIN
            CODE    CE4AH     0050H     UNIT         ?CO?MAIN
            CODE    CE9AH     0047H     UNIT         ?PR?USBXCORE_GET_CONFIGURATION?USB_API
            CODE    CEE1H     0043H     UNIT         ?PR?MCU_INIT?MAIN
            CODE    CF24H     0038H     UNIT         ?PR?USB_CLOCK_START?USB_CLOCK_START
            CODE    CF5CH     0034H     UNIT         ?PR?_WRITEDISPDATA?LCD
BL51 BANKED LINKER/LOCATER V6.22                                                      10/31/2020  14:17:07  PAGE 4


            CODE    CF90H     002DH     UNIT         ?C_INITSEG
            CODE    CFBDH     002BH     UNIT         ?PR?USB_SUSPEND?USB_SUSPEND
            CODE    CFE8H     0027H     UNIT         ?PR?USBXCORE_USB_RESET?USB_API
            CODE    D00FH     0027H     UNIT         ?PR?USBXCORE_GET_INTERFACE?USB_API
            CODE    D036H     0026H     UNIT         ?PR?_TP_WRITE?TP
            CODE    D05CH     0022H     UNIT         ?PR?USBXCORE_JUMP_ISR?USB_JUMP_ISR
            CODE    D07EH     0020H     UNIT         ?PR?READDATA?LCD
            CODE    D09EH     0020H     UNIT         ?PR?USBXCORE_SET_ADDRESS?USB_API
            CODE    D0BEH     001FH     UNIT         ?PR?_DELAY?MAIN
            CODE    D0DDH     001DH     UNIT         ?PR?USBXCORE_FORCE_STALL?USB_API
            CODE    D0FAH     0019H     UNIT         ?PR?_WRITEDATA?LCD
            CODE    D113H     0019H     UNIT         ?PR?USB_INT_ENABLE?USB_INT_ENABLE
            CODE    D12CH     0016H     UNIT         ?PR?_SPI_WRITEBYTE?MMC_SD
            CODE    D142H     0015H     UNIT         ?PR?_WRITECOMM?LCD
            CODE    D157H     0014H     UNIT         ?PR?USBXCORE_SET_SOP?USB_API
            CODE    D16BH     0013H     UNIT         ?PR?WAITKEY?MAIN
            CODE    D17EH     0011H     UNIT         ?PR?SD_INIT?MMC_SD
            CODE    D18FH     000EH     UNIT         ?PR?GET_INTERRUPT_SOURCE?GET_INTERRUPT_SOURCE
            CODE    D19DH     000CH     UNIT         ?PR?USBXCORE_CLKREC?USB_CLOCK_RECOVERY
            CODE    D1A9H     000BH     UNIT         ?PR?SPI_READBYTE?MMC_SD
            CODE    D1B4H     0009H     UNIT         ?PR?_WRITEONEDOT?LCD



OVERLAY MAP OF MODULE:   ST7789V_L8 (MAIN)


SEGMENT                                            PDATA_GROUP         XDATA_GROUP
  +--> CALLED SEGMENT                            START    LENGTH     START    LENGTH
------------------------------------------------------------------------------------
?PR?USB_API_TEST_ISR?MAIN                        005EH    0001H      -----    -----
  +--> ?PR?GET_INTERRUPT_SOURCE?GET_INTERRUP...
  +--> ?PR?_BLOCK_READ?BLOCK_READ
  +--> ?PR?SUSPEND_DEVICE?MAIN
  +--> ?PR?MCU_INIT?MAIN
  +--> ?PR?_?BLOCKWRITE?LCD

?PR?SUSPEND_DEVICE?MAIN                          -----    -----      -----    -----
  +--> ?PR?USB_SUSPEND?USB_SUSPEND

?PR?USB_SUSPEND?USB_SUSPEND                      -----    -----      -----    -----
  +--> ?PR?USB_CLOCK_START?USB_CLOCK_START

?PR?_?BLOCKWRITE?LCD                             -----    -----      -----    -----
  +--> ?PR?_WRITECOMM?LCD
  +--> ?PR?_WRITEDATA?LCD

?PR?_WRITECOMM?LCD                               0083H    0002H      -----    -----

?PR?_WRITEDATA?LCD                               0083H    0002H      -----    -----

*** NEW ROOT ***************************************************

?PR?USBXCORE_USB_ISR?USB_API                     -----    -----      -----    -----
  +--> ?PR?USBXCORE_USB_RESET?USB_API
  +--> ?PR?USBXCORE_HANDLE_SETUP?USB_API
  +--> ?PR?USBXCORE_JUMP_ISR?USB_JUMP_ISR
BL51 BANKED LINKER/LOCATER V6.22                                                      10/31/2020  14:17:07  PAGE 5



?PR?USBXCORE_HANDLE_SETUP?USB_API                -----    -----      -----    -----
  +--> ?PR?USBXCORE_GET_STATUS?USB_API
  +--> ?PR?USBXCORE_CLEAR_FEATURE?USB_API
  +--> ?PR?USBXCORE_VENDOR_USB_API?USB_API
  +--> ?PR?USBXCORE_SET_FEATURE?USB_API
  +--> ?PR?USBXCORE_SET_ADDRESS?USB_API
  +--> ?PR?USBXCORE_GET_DESCRIPTOR?USB_API
  +--> ?PR?USBXCORE_GET_CONFIGURATION?USB_API
  +--> ?PR?USBXCORE_SET_CONFIGURATION?USB_API
  +--> ?PR?USBXCORE_GET_INTERFACE?USB_API
  +--> ?PR?USBXCORE_SET_SOP?USB_API
  +--> ?PR?USBXCORE_FORCE_STALL?USB_API

?PR?USBXCORE_GET_STATUS?USB_API                  -----    -----      -----    -----
  +--> ?CO?USB_API
  +--> ?PR?USBXCORE_FORCE_STALL?USB_API
  +--> ?PR?USBXCORE_SET_SOP?USB_API

?PR?USBXCORE_CLEAR_FEATURE?USB_API               -----    -----      -----    -----
  +--> ?PR?USBXCORE_FORCE_STALL?USB_API
  +--> ?PR?USBXCORE_SET_SOP?USB_API

?PR?USBXCORE_VENDOR_USB_API?USB_API              -----    -----      -----    -----
  +--> ?PR?USBXCORE_SET_SOP?USB_API

?PR?USBXCORE_SET_FEATURE?USB_API                 -----    -----      -----    -----
  +--> ?PR?USBXCORE_FORCE_STALL?USB_API
  +--> ?PR?USBXCORE_SET_SOP?USB_API

?PR?USBXCORE_SET_ADDRESS?USB_API                 -----    -----      -----    -----
  +--> ?PR?USBXCORE_SET_SOP?USB_API

?PR?USBXCORE_GET_DESCRIPTOR?USB_API              -----    -----      -----    -----
  +--> ?PR?USBXCORE_FORCE_STALL?USB_API
  +--> ?PR?USBXCORE_SET_SOP?USB_API

?PR?USBXCORE_GET_CONFIGURATION?USB_API           -----    -----      -----    -----
  +--> ?CO?USB_API
  +--> ?PR?USBXCORE_SET_SOP?USB_API

?PR?USBXCORE_SET_CONFIGURATION?USB_API           -----    -----      -----    -----
  +--> ?PR?USBXCORE_SET_SOP?USB_API

?PR?USBXCORE_GET_INTERFACE?USB_API               -----    -----      -----    -----
  +--> ?CO?USB_API
  +--> ?PR?USBXCORE_SET_SOP?USB_API

*** NEW ROOT ***************************************************

?C_C51STARTUP                                    -----    -----      -----    -----
  +--> ?PR?MAIN?MAIN
  +--> ?C_INITSEG

?PR?MAIN?MAIN                                    0061H    0001H      -----    -----
  +--> ?PR?DEVICES_INIT?MAIN
  +--> ?PR?DISPFRAME?LCD
BL51 BANKED LINKER/LOCATER V6.22                                                      10/31/2020  14:17:07  PAGE 6


  +--> ?PR?_STOPDELAY?MAIN
  +--> ?PR?_DISPCOLOR?LCD
  +--> ?PR?DISPGRAYHOR16?LCD
  +--> ?CO?LCD
  +--> ?PR?_DISPPIC?LCD
  +--> ?PR?WAITKEY?MAIN
  +--> ?PR?TP_DRAWLINE?TP

?PR?DEVICES_INIT?MAIN                            -----    -----      -----    -----
  +--> ?PR?MCU_INIT?MAIN
  +--> ?PR?USB_CLOCK_START?USB_CLOCK_START
  +--> ?CO?MAIN
  +--> ?PR?_USB_INIT?USB_API
  +--> ?PR?USB_INT_ENABLE?USB_INT_ENABLE
  +--> ?PR?LCD_INIT?LCD

?PR?_USB_INIT?USB_API                            -----    -----      0285H    0011H
  +--> ?CO?USB_API
  +--> ?PR?USBXCORE_CLKREC?USB_CLOCK_RECOVERY

?PR?LCD_INIT?LCD                                 -----    -----      -----    -----
  +--> ?PR?READDATA?LCD
  +--> ?PR?_DELAY?MAIN
  +--> ?PR?_WRITECOMM?LCD
  +--> ?PR?_WRITEDATA?LCD

?PR?READDATA?LCD                                 -----    -----      -----    -----
  +--> ?PR?_WRITECOMM?LCD
  +--> ?PR?_WRITEDATA?LCD

?PR?DISPFRAME?LCD                                0062H    0002H      -----    -----
  +--> ?PR?_?BLOCKWRITE?LCD
  +--> ?PR?_WRITEDISPDATA?LCD

?PR?_WRITEDISPDATA?LCD                           0083H    0001H      -----    -----

?PR?_STOPDELAY?MAIN                              0062H    0004H      -----    -----
  +--> ?PR?WAITKEY?MAIN
  +--> ?PR?_DELAY?MAIN

?PR?WAITKEY?MAIN                                 -----    -----      -----    -----
  +--> ?PR?CONNTOUSB?MAIN
  +--> ?PR?_DELAY?MAIN

?PR?CONNTOUSB?MAIN                               0066H    0005H      0285H    0058H
  +--> ?CO?MAIN
  +--> ?PR?_WRITECOMM?LCD
  +--> ?PR?_WRITEDATA?LCD
  +--> ?PR?_DISPSTR?LCD
  +--> ?PR?_DISPINT?LCD
  +--> ?PR?_WRITEDISPDATA?LCD
  +--> ?PR?_MMC_SD_WRITESINGLEBLOCK?MMC_SD
  +--> ?PR?_BLOCK_WRITE?BLOCK_WRITE
  +--> ?PR?READDATA?LCD
  +--> ?PR?_DELAY?MAIN

?PR?_DISPSTR?LCD                                 006BH    000BH      -----    -----
BL51 BANKED LINKER/LOCATER V6.22                                                      10/31/2020  14:17:07  PAGE 7


  +--> ?PR?_TOORD?LCD
  +--> ?PR?_DISPONECHAR?LCD

?PR?_DISPONECHAR?LCD                             0076H    000DH      -----    -----
  +--> ?PR?_?BLOCKWRITE?LCD
  +--> ?CO?LCD
  +--> ?PR?_WRITEONEDOT?LCD

?PR?_WRITEONEDOT?LCD                             -----    -----      -----    -----
  +--> ?PR?_WRITEDISPDATA?LCD

?PR?_DISPINT?LCD                                 006BH    000AH      -----    -----
  +--> ?PR?_DISPONECHAR?LCD

?PR?_MMC_SD_WRITESINGLEBLOCK?MMC_SD              006BH    0004H      -----    -----
  +--> ?PR?_MMC_SD_SENDCOMMAND?MMC_SD
  +--> ?PR?_SPI_WRITEBYTE?MMC_SD

?PR?_MMC_SD_SENDCOMMAND?MMC_SD                   006FH    0005H      -----    -----
  +--> ?PR?_SPI_WRITEBYTE?MMC_SD

?PR?_DISPCOLOR?LCD                               0062H    0004H      -----    -----
  +--> ?PR?_?BLOCKWRITE?LCD
  +--> ?PR?_WRITEDISPDATA?LCD

?PR?DISPGRAYHOR16?LCD                            0062H    0004H      -----    -----
  +--> ?PR?_?BLOCKWRITE?LCD
  +--> ?PR?_WRITEDISPDATA?LCD

?PR?_DISPPIC?LCD                                 0062H    0007H      -----    -----
  +--> ?PR?_?BLOCKWRITE?LCD
  +--> ?PR?_WRITEDISPDATA?LCD

?PR?TP_DRAWLINE?TP                               -----    -----      0285H    0018H
  +--> ?PR?_DISPCOLOR?LCD
  +--> ?PR?_DELAY?MAIN
  +--> ?PR?_TP_GETPOSITION?TP
  +--> ?PR?_PUTPIXEL?LCD

?PR?_TP_GETPOSITION?TP                           -----    -----      029DH    001BH
  +--> ?PR?_TP_WRITE?TP
  +--> ?PR?TP_READ?TP

?PR?_TP_WRITE?TP                                 -----    -----      02B8H    0001H

?PR?TP_READ?TP                                   -----    -----      02B8H    0005H

?PR?_PUTPIXEL?LCD                                0062H    0002H      -----    -----
  +--> ?PR?_?BLOCKWRITE?LCD
  +--> ?PR?_WRITEDISPDATA?LCD



SYMBOL TABLE OF MODULE:  ST7789V_L8 (MAIN)

  VALUE           TYPE          NAME
  ----------------------------------
BL51 BANKED LINKER/LOCATER V6.22                                                      10/31/2020  14:17:07  PAGE 8



  -------         MODULE        MAIN
  C:0000H         SYMBOL        _ICE_DUMMY_
  D:0080H         PUBLIC        P0
  X:0000H         PUBLIC        f_down
  D:0090H         PUBLIC        P1
  D:00A0H         PUBLIC        P2
  D:00B0H         PUBLIC        P3
  C:CE95H         PUBLIC        USB_MaxPower
  B:00B0H.6       PUBLIC        KEY_STEP
  D:00A4H         PUBLIC        P0MDOUT
  D:00A5H         PUBLIC        P1MDOUT
  D:00A6H         PUBLIC        P2MDOUT
  D:00A7H         PUBLIC        P3MDOUT
  D:00AEH         PUBLIC        P4MDOUT
  B:0080H.6       PUBLIC        OE
  D:00D9H         PUBLIC        PCA0MD
  C:B5ECH         PUBLIC        USB_API_TEST_ISR
  C:003DH         PUBLIC        Suspend_Device
  C:CD57H         PUBLIC        _StopDelay
  D:00E1H         PUBLIC        XBR0
  D:00E2H         PUBLIC        XBR1
  B:00B0H.1       PUBLIC        RS
  C:CDFAH         PUBLIC        main
  X:0001H         PUBLIC        VerifyCode0
  X:0002H         PUBLIC        VerifyCode1
  C:CE5FH         PUBLIC        USB_PID
  X:0003H         PUBLIC        VerifyCode2
  D:00F1H         PUBLIC        P0MDIN
  D:00F2H         PUBLIC        P1MDIN
  C:CE61H         PUBLIC        USB_MfrStr
  D:00F4H         PUBLIC        P3MDIN
  C:CE5DH         PUBLIC        USB_VID
  D:00F8H         PUBLIC        SPI0CN
  X:0004H         PUBLIC        pic
  C:CB1FH         PUBLIC        Devices_Init
  C:9C8EH         PUBLIC        ConnToUSB
  D:00A9H         PUBLIC        CLKSEL
  D:00B2H         PUBLIC        OSCICN
  C:CE96H         PUBLIC        USB_PwAttributes
  C:D16BH         PUBLIC        WaitKey
  C:CE99H         SYMBOL        _?ix1000
  B:00B0H.0       PUBLIC        CS0
  X:0005H         PUBLIC        bf
  C:CE97H         PUBLIC        USB_bcdDevice
  D:00B9H         PUBLIC        CLKMUL
  X:0007H         PUBLIC        f_debug
  X:0008H         PUBLIC        sd
  X:02DDH         PUBLIC        Packet
  C:CEE1H         PUBLIC        MCU_Init
  B:0080H.7       PUBLIC        DIR
  D:00EFH         PUBLIC        RSTSRC
  X:000CH         PUBLIC        f_read
  C:CE8BH         PUBLIC        USB_SerialStr
  X:000DH         PUBLIC        f_other
  C:CE7BH         PUBLIC        USB_ProductStr
  X:000EH         PUBLIC        f_para
BL51 BANKED LINKER/LOCATER V6.22                                                      10/31/2020  14:17:07  PAGE 9


  D:00A1H         PUBLIC        SPI0CFG
  C:D0BEH         PUBLIC        _Delay
  B:00B0H.7       PUBLIC        KEY_Stop
  X:000FH         PUBLIC        f_init
  -------         PROC          MAIN
  -------         DO            
  X:0061H         SYMBOL        n
  -------         ENDDO         
  C:CDFAH         LINE#         40
  C:CDFAH         LINE#         41
  C:CDFAH         LINE#         46
  C:CDFDH         LINE#         48
  C:CE00H         LINE#         49
  C:CE00H         LINE#         54
  C:CE0AH         LINE#         56
  C:CE14H         LINE#         57
  C:CE1EH         LINE#         58
  C:CE28H         LINE#         60
  C:CE2EH         LINE#         61
  C:CE37H         LINE#         63
  C:CE44H         LINE#         82
  C:CE47H         LINE#         84
  C:CE49H         LINE#         85
  -------         ENDPROC       MAIN
  -------         PROC          _DELAY
  D:0006H         SYMBOL        dly
  -------         DO            
  D:0004H         SYMBOL        i
  D:0002H         SYMBOL        j
  -------         ENDDO         
  C:D0BEH         LINE#         88
  C:D0BEH         LINE#         89
  C:D0BEH         LINE#         92
  C:D0C8H         LINE#         93
  C:D0DCH         LINE#         94
  -------         ENDPROC       _DELAY
  C:CD53H         SYMBOL        L?0133
  -------         PROC          L?0132
  -------         ENDPROC       L?0132
  C:CD53H         SYMBOL        L?0133
  -------         PROC          _STOPDELAY
  X:0062H         SYMBOL        sdly
  -------         DO            
  D:0006H         SYMBOL        i
  D:0004H         SYMBOL        j
  X:0064H         SYMBOL        k
  -------         ENDDO         
  C:CD57H         LINE#         96
  C:CD5EH         LINE#         97
  C:CD5EH         LINE#         99
  C:CD63H         LINE#         100
  C:CD63H         LINE#         101
  C:CD66H         LINE#         102
  C:CD66H         LINE#         103
  C:CD73H         LINE#         104
  C:CD87H         LINE#         105
  C:CD87H         LINE#         107
BL51 BANKED LINKER/LOCATER V6.22                                                      10/31/2020  14:17:07  PAGE 10


  C:CD87H         LINE#         108
  C:CD91H         LINE#         109
  C:CD91H         LINE#         110
  C:CDA7H         LINE#         111
  -------         ENDPROC       _STOPDELAY
  -------         PROC          WAITKEY
  C:D16BH         LINE#         140
  C:D16BH         LINE#         141
  C:D16BH         LINE#         143
  C:D16EH         LINE#         144
  C:D16EH         LINE#         146
  C:D171H         LINE#         148
  C:D173H         LINE#         149
  C:D17AH         LINE#         150
  C:D17DH         LINE#         152
  -------         ENDPROC       WAITKEY
  -------         PROC          CONNTOUSB
  -------         DO            
  X:0066H         SYMBOL        i
  X:0285H         SYMBOL        reg_data
  X:029DH         SYMBOL        para_data
  D:0007H         SYMBOL        dat
  X:0067H         SYMBOL        reg_index
  X:0069H         SYMBOL        data_num
  X:006AH         SYMBOL        st
  -------         ENDDO         
  C:9C8EH         LINE#         157
  C:9C8EH         LINE#         158
  C:9C8EH         LINE#         165
  C:9CA1H         LINE#         167
  C:9CA9H         LINE#         168
  C:9CA9H         LINE#         169
  C:9CB7H         LINE#         170
  C:9CB7H         LINE#         171
  C:9CC8H         LINE#         172
  C:9CC8H         LINE#         173
  C:9CEEH         LINE#         174
  C:9CF0H         LINE#         175
  C:9D04H         LINE#         176
  C:9D04H         LINE#         177
  C:9D2AH         LINE#         179
  C:9D2AH         LINE#         180
  C:9D2AH         LINE#         181
  C:9D2AH         LINE#         183
  C:9D2AH         LINE#         184
  C:9D32H         LINE#         185
  C:9D3CH         LINE#         186
  C:9D46H         LINE#         188
  C:9D62H         LINE#         190
  C:9D6CH         LINE#         191
  C:9D6CH         LINE#         192
  C:9D7DH         LINE#         193
  C:9D7DH         LINE#         194
  C:9D8EH         LINE#         195
  C:9D8EH         LINE#         196
  C:9DE1H         LINE#         197
  C:9DE3H         LINE#         198
BL51 BANKED LINKER/LOCATER V6.22                                                      10/31/2020  14:17:07  PAGE 11


  C:9DF9H         LINE#         199
  C:9DF9H         LINE#         200
  C:9E4BH         LINE#         201
  C:9E4BH         LINE#         202
  C:9E4BH         LINE#         203
  C:9E4BH         LINE#         205
  C:9E4BH         LINE#         206
  C:9E53H         LINE#         207
  C:9E53H         LINE#         208
  C:9E5DH         LINE#         209
  C:9E67H         LINE#         211
  C:9E6BH         LINE#         212
  C:9E6EH         LINE#         216
  C:9E76H         LINE#         217
  C:9E76H         LINE#         218
  C:9E85H         LINE#         219
  C:9E85H         LINE#         220
  C:9E87H         LINE#         222
  C:9E89H         LINE#         223
  C:9EA5H         LINE#         224
  C:9EA7H         LINE#         226
  C:9ED0H         LINE#         227
  C:9EF4H         LINE#         228
  C:9EFEH         LINE#         229
  C:9EFEH         LINE#         230
  C:9F06H         LINE#         231
  C:9F0DH         LINE#         232
  C:9F18H         LINE#         233
  C:9F1EH         LINE#         234
  C:9F1EH         LINE#         235
  C:9F27H         LINE#         237
  C:9F2BH         LINE#         238
  C:9F37H         LINE#         239
  C:9F3AH         LINE#         242
  C:9F42H         LINE#         243
  C:9F42H         LINE#         244
  C:9F4BH         LINE#         245
  C:9F4BH         LINE#         246
  C:9F5BH         LINE#         247
  C:9F5BH         LINE#         248
  C:9F5DH         LINE#         250
  C:9F5FH         LINE#         251
  C:9F7BH         LINE#         252
  C:9F7DH         LINE#         254
  C:9FA6H         LINE#         255
  C:9FCAH         LINE#         257
  C:9FD4H         LINE#         258
  C:9FD4H         LINE#         259
  C:9FDCH         LINE#         260
  C:9FE3H         LINE#         261
  C:9FEEH         LINE#         262
  C:9FF4H         LINE#         263
  C:9FF4H         LINE#         265
  C:9FFDH         LINE#         271
  C:9FFDH         LINE#         272
  C:A00AH         LINE#         273
  C:A00AH         LINE#         274
BL51 BANKED LINKER/LOCATER V6.22                                                      10/31/2020  14:17:07  PAGE 12


  C:A00CH         LINE#         276
  C:A00EH         LINE#         277
  C:A02AH         LINE#         278
  C:A02CH         LINE#         280
  C:A034H         LINE#         281
  C:A038H         LINE#         282
  C:A044H         LINE#         283
  C:A044H         LINE#         284
  C:A047H         LINE#         287
  C:A04FH         LINE#         288
  C:A04FH         LINE#         289
  C:A060H         LINE#         290
  C:A060H         LINE#         291
  C:A06DH         LINE#         292
  C:A06DH         LINE#         293
  C:A08BH         LINE#         294
  C:A08DH         LINE#         295
  C:A09DH         LINE#         296
  C:A09DH         LINE#         297
  C:A0BBH         LINE#         298
  C:A0BDH         LINE#         299
  C:A0CEH         LINE#         300
  C:A0CEH         LINE#         301
  C:A0D8H         LINE#         302
  C:A0E2H         LINE#         303
  C:A0E2H         LINE#         304
  C:A0E2H         LINE#         305
  C:A0E2H         LINE#         307
  C:A0E2H         LINE#         308
  C:A0EBH         LINE#         309
  C:A0EFH         LINE#         310
  C:A0FBH         LINE#         311
  C:A0FEH         LINE#         314
  C:A106H         LINE#         315
  C:A106H         LINE#         316
  C:A113H         LINE#         317
  C:A124H         LINE#         319
  C:A12DH         LINE#         320
  C:A13CH         LINE#         322
  C:A144H         LINE#         323
  C:A144H         LINE#         324
  C:A14DH         LINE#         325
  C:A15CH         LINE#         326
  C:A15CH         LINE#         327
  C:A15FH         LINE#         328
  C:A16EH         LINE#         329
  C:A17AH         LINE#         330
  C:A180H         LINE#         331
  C:A180H         LINE#         333
  C:A184H         LINE#         334
  C:A193H         LINE#         336
  C:A19AH         LINE#         337
  C:A1B6H         LINE#         338
  C:A1C0H         LINE#         339
  C:A1C0H         LINE#         340
  C:A1E6H         LINE#         341
  C:A1F9H         LINE#         342
BL51 BANKED LINKER/LOCATER V6.22                                                      10/31/2020  14:17:07  PAGE 13


  C:A1F9H         LINE#         343
  C:A24BH         LINE#         344
  C:A253H         LINE#         345
  C:A253H         LINE#         346
  C:A253H         LINE#         349
  C:A258H         LINE#         350
  C:A258H         LINE#         351
  C:A265H         LINE#         352
  C:A276H         LINE#         354
  C:A27CH         LINE#         355
  C:A280H         LINE#         356
  C:A283H         LINE#         357
  C:A287H         LINE#         359
  C:A28BH         LINE#         360
  C:A297H         LINE#         361
  C:A299H         LINE#         362
  -------         ENDPROC       CONNTOUSB
  -------         PROC          MCU_INIT
  -------         DO            
  D:0007H         SYMBOL        n
  -------         ENDDO         
  C:CEE1H         LINE#         365
  C:CEE1H         LINE#         366
  C:CEE1H         LINE#         368
  C:CEE4H         LINE#         371
  C:CEE7H         LINE#         372
  C:CEEAH         LINE#         374
  C:CEEDH         LINE#         376
  C:CEF3H         LINE#         378
  C:CEF6H         LINE#         379
  C:CEFBH         LINE#         380
  C:CEFEH         LINE#         382
  C:CF01H         LINE#         385
  C:CF04H         LINE#         386
  C:CF07H         LINE#         388
  C:CF0AH         LINE#         389
  C:CF0DH         LINE#         391
  C:CF10H         LINE#         392
  C:CF13H         LINE#         394
  C:CF16H         LINE#         395
  C:CF19H         LINE#         396
  C:CF1BH         LINE#         397
  C:CF1DH         LINE#         399
  C:CF20H         LINE#         400
  C:CF23H         LINE#         402
  -------         ENDPROC       MCU_INIT
  -------         PROC          DEVICES_INIT
  C:CB1FH         LINE#         404
  C:CB1FH         LINE#         405
  C:CB1FH         LINE#         407
  C:CB22H         LINE#         410
  C:CB25H         LINE#         411
  C:CB7FH         LINE#         412
  C:CB82H         LINE#         415
  C:CB85H         LINE#         416
  C:CB88H         LINE#         424
  -------         ENDPROC       DEVICES_INIT
BL51 BANKED LINKER/LOCATER V6.22                                                      10/31/2020  14:17:07  PAGE 14


  -------         PROC          SUSPEND_DEVICE
  C:003DH         LINE#         428
  C:003DH         LINE#         429
  C:003DH         LINE#         430
  -------         ENDPROC       SUSPEND_DEVICE
  -------         PROC          USB_API_TEST_ISR
  -------         DO            
  X:005EH         SYMBOL        INTVAL
  -------         ENDDO         
  C:B5ECH         LINE#         434
  C:B609H         LINE#         436
  C:B610H         LINE#         438
  C:B616H         LINE#         439
  C:B616H         LINE#         440
  C:B621H         LINE#         442
  C:B63DH         LINE#         443
  C:B63DH         LINE#         444
  C:B63FH         LINE#         445
  C:B641H         LINE#         446
  C:B657H         LINE#         447
  C:B657H         LINE#         448
  C:B659H         LINE#         449
  C:B65BH         LINE#         450
  C:B673H         LINE#         451
  C:B673H         LINE#         452
  C:B675H         LINE#         453
  C:B677H         LINE#         454
  C:B691H         LINE#         455
  C:B691H         LINE#         456
  C:B693H         LINE#         457
  C:B695H         LINE#         458
  C:B6AAH         LINE#         459
  C:B6AAH         LINE#         460
  C:B6ACH         LINE#         461
  C:B6AEH         LINE#         463
  C:B6AEH         LINE#         464
  C:B6B3H         LINE#         465
  C:B6B3H         LINE#         466
  C:B6B3H         LINE#         468
  C:B6B3H         LINE#         469
  C:B6B3H         LINE#         471
  C:B6B3H         LINE#         473
  C:B6B9H         LINE#         474
  C:B6B9H         LINE#         475
  C:B6BCH         LINE#         476
  C:B6BCH         LINE#         478
  C:B6C2H         LINE#         479
  C:B6C2H         LINE#         480
  C:B6C5H         LINE#         481
  C:B6C5H         LINE#         483
  C:B6CBH         LINE#         484
  C:B6CBH         LINE#         485
  C:B6E7H         LINE#         486
  C:B6E7H         LINE#         488
  C:B6EDH         LINE#         489
  C:B6EDH         LINE#         490
  C:B6F2H         LINE#         491
BL51 BANKED LINKER/LOCATER V6.22                                                      10/31/2020  14:17:07  PAGE 15


  C:B70EH         LINE#         492
  C:B70EH         LINE#         493
  -------         ENDPROC       USB_API_TEST_ISR
  -------         ENDMOD        MAIN

  -------         MODULE        MMC_SD
  C:0000H         SYMBOL        _ICE_DUMMY_
  D:00A2H         PUBLIC        SPI0CKR
  D:0080H         PUBLIC        P0
  D:0090H         PUBLIC        P1
  D:00A0H         PUBLIC        P2
  D:00B0H         PUBLIC        P3
  C:C9C4H         PUBLIC        _MMC_SD_SendCommand
  C:CB8BH         PUBLIC        _MMC_SD_ReadSingleBlock
  C:D17EH         PUBLIC        SD_Init
  C:C947H         PUBLIC        _MMC_SD_WriteSingleBlock
  B:00F8H.7       PUBLIC        SPIF
  B:00F8H.2       PUBLIC        NSSMD0
  C:BF84H         PUBLIC        MMC_SD_Reset
  D:00A9H         PUBLIC        CLKSEL
  C:D1A9H         PUBLIC        SPI_ReadByte
  C:D138H         PUBLIC        _SPI_WriteByte
  D:00A3H         PUBLIC        SPI0DAT
  X:0085H         PUBLIC        buffer
  C:D12CH         SYMBOL        L?0062
  C:D131H         SYMBOL        L?0063
  -------         PROC          L?0061
  -------         ENDPROC       L?0061
  C:D12CH         SYMBOL        L?0062
  C:D131H         SYMBOL        L?0063
  -------         PROC          _SPI_WRITEBYTE
  D:0007H         SYMBOL        val
  -------         DO            
  D:0007H         SYMBOL        ret
  -------         ENDDO         
  C:D138H         LINE#         7
  C:D138H         LINE#         8
  C:D138H         LINE#         11
  C:D13AH         LINE#         12
  C:D13DH         LINE#         13
  C:D13FH         LINE#         14
  C:D141H         LINE#         15
  C:D141H         LINE#         16
  -------         ENDPROC       _SPI_WRITEBYTE
  -------         PROC          SPI_READBYTE
  -------         DO            
  D:0007H         SYMBOL        ret
  -------         ENDDO         
  C:D1A9H         LINE#         18
  C:D1A9H         LINE#         19
  C:D1A9H         LINE#         22
  C:D1ACH         LINE#         23
  C:D1AFH         LINE#         24
  C:D1B1H         LINE#         25
  C:D1B3H         LINE#         26
  C:D1B3H         LINE#         27
  -------         ENDPROC       SPI_READBYTE
BL51 BANKED LINKER/LOCATER V6.22                                                      10/31/2020  14:17:07  PAGE 16


  -------         PROC          _MMC_SD_SENDCOMMAND
  D:0006H         SYMBOL        cmd
  X:0070H         SYMBOL        arg
  -------         DO            
  D:0007H         SYMBOL        r1
  D:0003H         SYMBOL        retry
  -------         ENDDO         
  C:C9C4H         LINE#         29
  C:C9C6H         LINE#         30
  C:C9C6H         LINE#         32
  C:C9C8H         LINE#         34
  C:C9C8H         LINE#         35
  C:C9C8H         LINE#         36
  C:C9CBH         LINE#         37
  C:C9CBH         LINE#         38
  C:C9CBH         LINE#         39
  C:C9CEH         LINE#         41
  C:C9D0H         LINE#         43
  C:C9D7H         LINE#         44
  C:C9ECH         LINE#         45
  C:CA01H         LINE#         46
  C:CA16H         LINE#         47
  C:CA20H         LINE#         48
  C:CA25H         LINE#         50
  C:CA2DH         LINE#         51
  C:CA36H         LINE#         53
  C:CA38H         LINE#         55
  C:CA38H         LINE#         56
  -------         ENDPROC       _MMC_SD_SENDCOMMAND
  -------         PROC          MMC_SD_RESET
  -------         DO            
  D:0005H         SYMBOL        i
  D:0002H         SYMBOL        retry
  D:0006H         SYMBOL        r1
  -------         ENDDO         
  C:BF84H         LINE#         58
  C:BF84H         LINE#         59
  C:BF84H         LINE#         62
  C:BF86H         LINE#         64
  C:BF87H         LINE#         65
  C:BF8AH         LINE#         66
  C:BF8DH         LINE#         68
  C:BF8DH         LINE#         69
  C:BF99H         LINE#         70
  C:BFA9H         LINE#         71
  C:BFAAH         LINE#         72
  C:BFB0H         LINE#         73
  C:BFB4H         LINE#         75
  C:BFB6H         LINE#         77
  C:BFB6H         LINE#         79
  C:BFB6H         LINE#         80
  C:BFC6H         LINE#         81
  C:BFC7H         LINE#         82
  C:BFD0H         LINE#         83
  C:BFD4H         LINE#         85
  C:BFD6H         LINE#         86
  C:BFE6H         LINE#         87
BL51 BANKED LINKER/LOCATER V6.22                                                      10/31/2020  14:17:07  PAGE 17


  C:BFE7H         LINE#         88
  C:BFF0H         LINE#         89
  C:BFF3H         LINE#         91
  C:BFF6H         LINE#         92
  C:BFF6H         LINE#         93
  C:BFF8H         LINE#         95
  C:BFF8H         LINE#         96
  C:C008H         LINE#         97
  C:C009H         LINE#         98
  C:C012H         LINE#         99
  C:C015H         LINE#         100
  C:C015H         LINE#         101
  C:C025H         LINE#         103
  C:C033H         LINE#         104
  C:C036H         LINE#         105
  C:C039H         LINE#         106
  C:C03AH         LINE#         107
  -------         ENDPROC       MMC_SD_RESET
  -------         PROC          _MMC_SD_READSINGLEBLOCK
  X:0010H         SYMBOL        sector
  -------         DO            
  D:0007H         SYMBOL        r1
  D:0004H         SYMBOL        i
  D:0002H         SYMBOL        retry
  -------         ENDDO         
  C:CB8BH         LINE#         109
  C:CB90H         LINE#         110
  C:CB90H         LINE#         113
  C:CB92H         LINE#         115
  C:CB95H         LINE#         117
  C:CB95H         LINE#         118
  C:CBB1H         LINE#         119
  C:CBB2H         LINE#         120
  C:CBBBH         LINE#         121
  C:CBBEH         LINE#         124
  C:CBC0H         LINE#         126
  C:CBC6H         LINE#         128
  C:CBC9H         LINE#         129
  C:CBC9H         LINE#         130
  C:CBD8H         LINE#         131
  C:CBE5H         LINE#         133
  C:CBE5H         LINE#         134
  C:CBE8H         LINE#         136
  C:CBEAH         LINE#         137
  C:CBEDH         LINE#         138
  C:CBEEH         LINE#         139
  -------         ENDPROC       _MMC_SD_READSINGLEBLOCK
  -------         PROC          _MMC_SD_WRITESINGLEBLOCK
  X:006BH         SYMBOL        sector
  -------         DO            
  D:0006H         SYMBOL        r1
  D:0004H         SYMBOL        i
  D:0002H         SYMBOL        retry
  -------         ENDDO         
  C:C947H         LINE#         141
  C:C94CH         LINE#         142
  C:C94CH         LINE#         145
BL51 BANKED LINKER/LOCATER V6.22                                                      10/31/2020  14:17:07  PAGE 18


  C:C94EH         LINE#         147
  C:C951H         LINE#         149
  C:C951H         LINE#         150
  C:C96FH         LINE#         151
  C:C970H         LINE#         152
  C:C979H         LINE#         153
  C:C97CH         LINE#         157
  C:C97EH         LINE#         159
  C:C983H         LINE#         161
  C:C988H         LINE#         163
  C:C98AH         LINE#         164
  C:C98AH         LINE#         165
  C:C999H         LINE#         166
  C:C9A6H         LINE#         168
  C:C9A6H         LINE#         169
  C:C9A6H         LINE#         171
  C:C9ABH         LINE#         173
  C:C9B2H         LINE#         174
  C:C9B2H         LINE#         175
  C:C9B4H         LINE#         176
  C:C9B5H         LINE#         177
  C:C9B5H         LINE#         179
  C:C9BDH         LINE#         181
  C:C9BFH         LINE#         182
  C:C9C2H         LINE#         183
  C:C9C3H         LINE#         184
  -------         ENDPROC       _MMC_SD_WRITESINGLEBLOCK
  -------         PROC          SD_INIT
  -------         DO            
  D:0001H         SYMBOL        n
  -------         ENDDO         
  C:D17EH         LINE#         187
  C:D17EH         LINE#         188
  C:D17EH         LINE#         189
  C:D180H         LINE#         191
  C:D186H         LINE#         192
  C:D186H         LINE#         193
  C:D187H         LINE#         194
  C:D18EH         LINE#         196
  -------         ENDPROC       SD_INIT
  -------         ENDMOD        MMC_SD

  -------         MODULE        LCD
  C:0000H         SYMBOL        _ICE_DUMMY_
  D:0080H         PUBLIC        P0
  C:C2F5H         PUBLIC        DispFrame
  D:0090H         PUBLIC        P1
  C:C399H         PUBLIC        DispScaleVer_Green
  D:00A0H         PUBLIC        P2
  D:00B0H         PUBLIC        P3
  D:00C7H         PUBLIC        P4
  C:B1C4H         PUBLIC        DispBand
  C:D0FEH         PUBLIC        _WriteData
  C:008EH         PUBLIC        ascii
  C:AA12H         PUBLIC        _LCD_Read_IC_ID
  D:00A6H         PUBLIC        P2MDOUT
  C:0046H         PUBLIC        _DispColor
BL51 BANKED LINKER/LOCATER V6.22                                                      10/31/2020  14:17:07  PAGE 19


  C:C83BH         PUBLIC        DispScaleVer_Blue
  C:C694H         PUBLIC        _DrawGird
  C:C8C1H         PUBLIC        _DrawLine
  C:D142H         PUBLIC        _WriteComm
  C:CF79H         PUBLIC        _WriteDispData
  C:C24FH         PUBLIC        DispScaleVer_Gray
  B:00B0H.1       PUBLIC        RS
  B:00A0H.1       PUBLIC        SPI_CLK
  C:C603H         PUBLIC        DispScaleVer_Red
  D:00F3H         PUBLIC        P2MDIN
  C:B729H         PUBLIC        DispScaleVer
  C:B866H         PUBLIC        _DispPic
  C:BEE9H         PUBLIC        _DispOneChar
  C:C7B0H         PUBLIC        DispGrayHor32
  C:C439H         PUBLIC        DispGrayHor16
  C:C03BH         PUBLIC        _DispInt
  C:CDA8H         PUBLIC        _PutPixel
  D:00A9H         PUBLIC        CLKSEL
  B:0090H.6       PUBLIC        RD0
  B:00B0H.0       PUBLIC        CS0
  C:068EH         PUBLIC        pic_eval
  X:005CH         PUBLIC        LCM_ID
  C:B4A3H         PUBLIC        LCD_Init
  C:C56DH         PUBLIC        _DispStr
  B:0090H.7       PUBLIC        WR0
  C:AC44H         PUBLIC        DispScaleHor1
  B:00A0H.0       PUBLIC        SPI_DI
  C:D1B4H         PUBLIC        _WriteOneDot
  C:AE6AH         PUBLIC        DispScaleHor2
  C:BD03H         PUBLIC        _DispPicFromSD
  B:0080H.7       PUBLIC        DIR
  C:CBEFH         PUBLIC        _ToOrd
  B:0080H.5       PUBLIC        RST
  C:D07EH         PUBLIC        ReadData
  C:C4EEH         PUBLIC        _?BlockWrite
  -------         PROC          _LCD_READ_IC_ID
  X:0014H         SYMBOL        ID
  D:0004H         SYMBOL        Bug
  D:0003H         SYMBOL        flog
  -------         DO            
  X:0015H         SYMBOL        id
  X:0017H         SYMBOL        id1
  X:0019H         SYMBOL        temp
  D:0005H         SYMBOL        i
  D:0007H         SYMBOL        dat
  D:0001H         SYMBOL        id2
  X:001BH         SYMBOL        id3
  D:0002H         SYMBOL        id4
  -------         ENDDO         
  C:AA12H         LINE#         35
  C:AA16H         LINE#         36
  C:AA16H         LINE#         40
  C:AA1EH         LINE#         41
  C:AA1EH         LINE#         43
  C:AA20H         LINE#         44
  C:AA22H         LINE#         45
  C:AA24H         LINE#         47
BL51 BANKED LINKER/LOCATER V6.22                                                      10/31/2020  14:17:07  PAGE 20


  C:AA27H         LINE#         48
  C:AA29H         LINE#         49
  C:AA2BH         LINE#         50
  C:AA2DH         LINE#         53
  C:AA30H         LINE#         54
  C:AA33H         LINE#         55
  C:AA36H         LINE#         56
  C:AA38H         LINE#         57
  C:AA3AH         LINE#         58
  C:AA3CH         LINE#         63
  C:AA46H         LINE#         65
  C:AA4CH         LINE#         66
  C:AA54H         LINE#         68
  C:AA5AH         LINE#         69
  C:AA60H         LINE#         70
  C:AA6AH         LINE#         72
  C:AA70H         LINE#         73
  C:AA72H         LINE#         75
  C:AA78H         LINE#         77
  C:AA7EH         LINE#         78
  C:AA88H         LINE#         80
  C:AA8EH         LINE#         81
  C:AA93H         LINE#         83
  C:AA99H         LINE#         85
  C:AAA3H         LINE#         86
  C:AAADH         LINE#         88
  C:AAB3H         LINE#         89
  C:AAB5H         LINE#         91
  C:AAC5H         LINE#         92
  C:AACFH         LINE#         94
  C:AAD2H         LINE#         95
  C:AAD6H         LINE#         96
  C:AAD6H         LINE#         97
  C:AADFH         LINE#         98
  C:AAE5H         LINE#         99
  C:AAE5H         LINE#         100
  C:AAEFH         LINE#         101
  C:AAF1H         LINE#         102
  C:AAF5H         LINE#         103
  C:AAF5H         LINE#         104
  C:AB04H         LINE#         105
  C:AB04H         LINE#         108
  C:AB04H         LINE#         109
  C:AB0DH         LINE#         110
  C:AB0DH         LINE#         112
  C:AB10H         LINE#         113
  C:AB14H         LINE#         114
  C:AB16H         LINE#         115
  C:AB18H         LINE#         116
  C:AB1AH         LINE#         117
  C:AB1AH         LINE#         118
  C:AB1CH         LINE#         119
  C:AB24H         LINE#         120
  C:AB26H         LINE#         122
  C:AB28H         LINE#         123
  C:AB2CH         LINE#         124
  C:AB31H         LINE#         125
BL51 BANKED LINKER/LOCATER V6.22                                                      10/31/2020  14:17:07  PAGE 21


  C:AB34H         LINE#         128
  C:AB3EH         LINE#         129
  C:AB3EH         LINE#         130
  C:AB40H         LINE#         131
  C:AB40H         LINE#         132
  C:AB42H         LINE#         133
  C:AB44H         LINE#         134
  C:AB46H         LINE#         135
  C:AB5DH         LINE#         136
  C:AB5FH         LINE#         137
  C:AB61H         LINE#         138
  C:AB68H         LINE#         139
  C:AB72H         LINE#         140
  C:AB72H         LINE#         141
  C:AB74H         LINE#         142
  C:AB74H         LINE#         143
  C:AB76H         LINE#         144
  C:AB78H         LINE#         145
  C:AB7AH         LINE#         146
  C:AB91H         LINE#         147
  C:AB93H         LINE#         148
  C:AB95H         LINE#         149
  C:AB9AH         LINE#         150
  C:AB9AH         LINE#         152
  C:AB9CH         LINE#         153
  C:AB9CH         LINE#         154
  C:AB9EH         LINE#         155
  C:ABA0H         LINE#         156
  C:ABA2H         LINE#         157
  C:ABB9H         LINE#         158
  C:ABBBH         LINE#         159
  C:ABBDH         LINE#         160
  C:ABC2H         LINE#         162
  C:ABC4H         LINE#         163
  C:ABC4H         LINE#         164
  C:ABC6H         LINE#         165
  C:ABC8H         LINE#         166
  C:ABCAH         LINE#         167
  C:ABD4H         LINE#         168
  C:ABD6H         LINE#         169
  C:ABD8H         LINE#         170
  C:ABDDH         LINE#         172
  C:ABDFH         LINE#         173
  C:ABDFH         LINE#         174
  C:ABE1H         LINE#         175
  C:ABE3H         LINE#         176
  C:ABE5H         LINE#         177
  C:ABF1H         LINE#         178
  C:ABF3H         LINE#         179
  C:ABF5H         LINE#         180
  C:ABFAH         LINE#         181
  C:ABFDH         LINE#         182
  C:ABFFH         LINE#         183
  C:AC01H         LINE#         184
  C:AC03H         LINE#         185
  C:AC05H         LINE#         186
  C:AC07H         LINE#         187
BL51 BANKED LINKER/LOCATER V6.22                                                      10/31/2020  14:17:07  PAGE 22


  C:AC09H         LINE#         189
  C:AC0DH         LINE#         190
  C:AC0DH         LINE#         191
  C:AC1DH         LINE#         193
  C:AC28H         LINE#         194
  C:AC28H         LINE#         195
  C:AC28H         LINE#         197
  C:AC2EH         LINE#         198
  C:AC2EH         LINE#         199
  C:AC3AH         LINE#         200
  C:AC3AH         LINE#         202
  C:AC3AH         LINE#         203
  C:AC3CH         LINE#         204
  C:AC43H         LINE#         205
  -------         ENDPROC       _LCD_READ_IC_ID
  -------         PROC          _WRITECOMM
  D:0004H         SYMBOL        i
  -------         DO            
  X:0083H         SYMBOL        j
  X:0084H         SYMBOL        DataH
  -------         ENDDO         
  C:D142H         LINE#         208
  C:D144H         LINE#         209
  C:D144H         LINE#         211
  C:D148H         LINE#         212
  C:D14AH         LINE#         215
  C:D14AH         LINE#         216
  C:D14CH         LINE#         217
  C:D14EH         LINE#         218
  C:D150H         LINE#         219
  C:D152H         LINE#         220
  C:D154H         LINE#         221
  C:D154H         LINE#         319
  C:D156H         LINE#         320
  -------         ENDPROC       _WRITECOMM
  -------         PROC          L?0459
  -------         ENDPROC       L?0459
  -------         PROC          _WRITEDATA
  D:0004H         SYMBOL        i
  -------         DO            
  X:0083H         SYMBOL        j
  X:0084H         SYMBOL        DataH
  -------         ENDDO         
  C:D0FEH         LINE#         322
  C:D100H         LINE#         323
  C:D100H         LINE#         325
  C:D104H         LINE#         326
  C:D106H         LINE#         329
  C:D106H         LINE#         330
  C:D108H         LINE#         331
  C:D10AH         LINE#         332
  C:D10CH         LINE#         333
  C:D10EH         LINE#         334
  C:D110H         LINE#         335
  C:D110H         LINE#         513
  C:D112H         LINE#         514
  -------         ENDPROC       _WRITEDATA
BL51 BANKED LINKER/LOCATER V6.22                                                      10/31/2020  14:17:07  PAGE 23


  C:CF5CH         SYMBOL        L?0458
  -------         PROC          L?0457
  -------         ENDPROC       L?0457
  C:CF5CH         SYMBOL        L?0458
  -------         PROC          _WRITEDISPDATA
  D:0007H         SYMBOL        DataH
  D:0005H         SYMBOL        DataL
  -------         DO            
  X:0083H         SYMBOL        j
  -------         ENDDO         
  C:CF79H         LINE#         516
  C:CF79H         LINE#         517
  C:CF79H         LINE#         519
  C:CF7BH         LINE#         522
  C:CF7BH         LINE#         523
  C:CF7DH         LINE#         524
  C:CF7FH         LINE#         525
  C:CF81H         LINE#         526
  C:CF83H         LINE#         527
  C:CF85H         LINE#         528
  C:CF89H         LINE#         529
  C:CF8BH         LINE#         530
  C:CF8DH         LINE#         531
  C:CF8DH         LINE#         638
  C:CF8FH         LINE#         639
  -------         ENDPROC       _WRITEDISPDATA
  -------         PROC          _WRITEONEDOT
  D:0004H         SYMBOL        color
  C:D1B4H         LINE#         641
  C:D1B8H         LINE#         642
  C:D1B8H         LINE#         655
  -------         ENDPROC       _WRITEONEDOT
  -------         PROC          LCD_INIT
  C:B4A3H         LINE#         664
  C:B4A3H         LINE#         665
  C:B4A3H         LINE#         666
  C:B4A6H         LINE#         669
  C:B4A8H         LINE#         670
  C:B4AFH         LINE#         672
  C:B4B1H         LINE#         673
  C:B4B8H         LINE#         675
  C:B4BAH         LINE#         676
  C:B4C1H         LINE#         3933
  C:B4C8H         LINE#         3934
  C:B4CDH         LINE#         3937
  C:B4D4H         LINE#         3938
  C:B4D9H         LINE#         3939
  C:B4DEH         LINE#         3940
  C:B4E3H         LINE#         3942
  C:B4E8H         LINE#         3943
  C:B4EDH         LINE#         3944
  C:B4F0H         LINE#         3945
  C:B4F5H         LINE#         3946
  C:B4FAH         LINE#         3947
  C:B4FDH         LINE#         3948
  C:B502H         LINE#         3949
  C:B507H         LINE#         3951
BL51 BANKED LINKER/LOCATER V6.22                                                      10/31/2020  14:17:07  PAGE 24


  C:B50CH         LINE#         3952
  C:B511H         LINE#         3954
  C:B516H         LINE#         3955
  C:B51BH         LINE#         3956
  C:B520H         LINE#         3957
  C:B525H         LINE#         3958
  C:B52AH         LINE#         3959
  C:B52FH         LINE#         3960
  C:B534H         LINE#         3961
  C:B539H         LINE#         3962
  C:B53EH         LINE#         3963
  C:B543H         LINE#         3964
  C:B548H         LINE#         3965
  C:B54DH         LINE#         3966
  C:B552H         LINE#         3968
  C:B557H         LINE#         3969
  C:B55CH         LINE#         3970
  C:B561H         LINE#         3971
  C:B566H         LINE#         3972
  C:B56BH         LINE#         3973
  C:B570H         LINE#         3974
  C:B575H         LINE#         3975
  C:B57AH         LINE#         3976
  C:B57FH         LINE#         3977
  C:B584H         LINE#         3978
  C:B589H         LINE#         3979
  C:B58EH         LINE#         3980
  C:B593H         LINE#         3981
  C:B598H         LINE#         3982
  C:B59DH         LINE#         3983
  C:B5A2H         LINE#         3984
  C:B5A7H         LINE#         3985
  C:B5ACH         LINE#         3986
  C:B5B1H         LINE#         3987
  C:B5B6H         LINE#         3988
  C:B5BAH         LINE#         3989
  C:B5BFH         LINE#         3990
  C:B5C4H         LINE#         3991
  C:B5C9H         LINE#         3992
  C:B5CEH         LINE#         3993
  C:B5D3H         LINE#         3994
  C:B5D8H         LINE#         3995
  C:B5DDH         LINE#         3996
  C:B5E2H         LINE#         3997
  C:B5E7H         LINE#         4098
  -------         ENDPROC       LCD_INIT
  C:C4D5H         SYMBOL        L?0450
  C:C4DBH         SYMBOL        L?0451
  C:C4E4H         SYMBOL        L?0452
  C:C4EAH         SYMBOL        L?0453
  -------         PROC          L?0449
  -------         ENDPROC       L?0449
  C:C4D5H         SYMBOL        L?0450
  C:C4DBH         SYMBOL        L?0451
  C:C4E4H         SYMBOL        L?0452
  C:C4EAH         SYMBOL        L?0453
  -------         PROC          _?BLOCKWRITE
BL51 BANKED LINKER/LOCATER V6.22                                                      10/31/2020  14:17:07  PAGE 25


  p:0000H         SYMBOL        Xstart
  p:0002H         SYMBOL        Xend
  p:0004H         SYMBOL        Ystart
  p:0006H         SYMBOL        Yend
  C:C4EEH         LINE#         4715
  C:C50FH         LINE#         4818
  C:C516H         LINE#         4819
  C:C51DH         LINE#         4820
  C:C525H         LINE#         4821
  C:C530H         LINE#         4822
  C:C53AH         LINE#         4824
  C:C53FH         LINE#         4825
  C:C549H         LINE#         4827
  C:C550H         LINE#         4828
  C:C55AH         LINE#         4829
  C:C561H         LINE#         4835
  C:C566H         LINE#         4842
  -------         ENDPROC       _?BLOCKWRITE
  -------         PROC          _DISPCOLOR
  D:0004H         SYMBOL        color
  -------         DO            
  X:0062H         SYMBOL        i
  D:0002H         SYMBOL        m
  X:0064H         SYMBOL        DataH
  X:0065H         SYMBOL        DataL
  -------         ENDDO         
  C:0046H         LINE#         4844
  C:0048H         LINE#         4845
  C:0048H         LINE#         4848
  C:004EH         LINE#         4850
  C:0051H         LINE#         4852
  C:0053H         LINE#         4853
  C:0059H         LINE#         4854
  C:0059H         LINE#         4855
  C:005CH         LINE#         4856
  C:005CH         LINE#         4857
  C:0066H         LINE#         4858
  C:0071H         LINE#         4859
  C:0087H         LINE#         4861
  C:0089H         LINE#         4862
  -------         ENDPROC       _DISPCOLOR
  -------         PROC          DISPFRAME
  -------         DO            
  D:0002H         SYMBOL        i
  X:0062H         SYMBOL        j
  D:0001H         SYMBOL        DataH
  D:0006H         SYMBOL        DataL
  -------         ENDDO         
  C:C2F5H         LINE#         4864
  C:C2F5H         LINE#         4865
  C:C2F5H         LINE#         4868
  C:C2F8H         LINE#         4870
  C:C2FAH         LINE#         4873
  C:C304H         LINE#         4876
  C:C304H         LINE#         4877
  C:C304H         LINE#         4879
  C:C30FH         LINE#         4881
BL51 BANKED LINKER/LOCATER V6.22                                                      10/31/2020  14:17:07  PAGE 26


  C:C31AH         LINE#         4883
  C:C324H         LINE#         4885
  C:C329H         LINE#         4886
  C:C329H         LINE#         4888
  C:C333H         LINE#         4890
  C:C335H         LINE#         4891
  C:C335H         LINE#         4893
  C:C33DH         LINE#         4895
  C:C348H         LINE#         4898
  C:C352H         LINE#         4900
  C:C368H         LINE#         4902
  C:C372H         LINE#         4904
  C:C374H         LINE#         4905
  C:C374H         LINE#         4907
  C:C37FH         LINE#         4909
  C:C38AH         LINE#         4911
  C:C394H         LINE#         4914
  C:C396H         LINE#         4915
  C:C398H         LINE#         4916
  -------         ENDPROC       DISPFRAME
  -------         PROC          DISPBAND
  -------         DO            
  D:0002H         SYMBOL        i
  X:001CH         SYMBOL        j
  X:001DH         SYMBOL        k
  X:001EH         SYMBOL        m
  X:001FH         SYMBOL        n
  X:0020H         SYMBOL        x
  -------         ENDDO         
  C:B1C4H         LINE#         4918
  C:B1C4H         LINE#         4919
  C:B1C4H         LINE#         4922
  C:B1CDH         LINE#         4923
  C:B1D6H         LINE#         4924
  C:B1D8H         LINE#         4927
  C:B1E0H         LINE#         4928
  C:B1ECH         LINE#         4929
  C:B1ECH         LINE#         4930
  C:B207H         LINE#         4931
  C:B222H         LINE#         4932
  C:B24EH         LINE#         4933
  C:B255H         LINE#         4934
  C:B264H         LINE#         4935
  C:B264H         LINE#         4936
  C:B27FH         LINE#         4937
  C:B29AH         LINE#         4938
  C:B2C6H         LINE#         4939
  C:B2CDH         LINE#         4940
  C:B2E3H         LINE#         4941
  C:B2E3H         LINE#         4942
  C:B2FEH         LINE#         4943
  C:B319H         LINE#         4944
  C:B345H         LINE#         4945
  C:B34CH         LINE#         4946
  C:B34EH         LINE#         4947
  C:B351H         LINE#         4948
  -------         ENDPROC       DISPBAND
BL51 BANKED LINKER/LOCATER V6.22                                                      10/31/2020  14:17:07  PAGE 27


  -------         PROC          _DISPPIC
  X:0062H         SYMBOL        picture
  -------         DO            
  X:0064H         SYMBOL        p
  X:0067H         SYMBOL        n
  -------         ENDDO         
  C:B866H         LINE#         4951
  C:B86DH         LINE#         4952
  C:B86DH         LINE#         4977
  C:B87AH         LINE#         4978
  C:B88BH         LINE#         4980
  C:B89EH         LINE#         4981
  C:B89EH         LINE#         4982
  C:B8A1H         LINE#         4983
  C:B8AEH         LINE#         4985
  C:B8C1H         LINE#         4986
  C:B8DCH         LINE#         4988
  C:B8EFH         LINE#         4989
  C:B8EFH         LINE#         4990
  C:B8F2H         LINE#         4991
  C:B8FFH         LINE#         4993
  C:B912H         LINE#         4994
  C:B92AH         LINE#         4996
  C:B93DH         LINE#         4997
  C:B93DH         LINE#         4998
  C:B940H         LINE#         4999
  C:B94DH         LINE#         5001
  C:B960H         LINE#         5002
  C:B97CH         LINE#         5004
  C:B98FH         LINE#         5005
  C:B98FH         LINE#         5006
  C:B992H         LINE#         5007
  C:B99FH         LINE#         5008
  -------         ENDPROC       _DISPPIC
  -------         PROC          _DISPPICFROMSD
  X:0021H         SYMBOL        PicNum
  -------         DO            
  X:0022H         SYMBOL        Address_S
  X:0026H         SYMBOL        Address_E
  D:0002H         SYMBOL        i
  X:002AH         SYMBOL        k
  -------         ENDDO         
  C:BD03H         LINE#         5012
  C:BD06H         LINE#         5013
  C:BD06H         LINE#         5019
  C:BD09H         LINE#         5022
  C:BD0BH         LINE#         5024
  C:BD0DH         LINE#         5026
  C:BD16H         LINE#         5027
  C:BD41H         LINE#         5028
  C:BD6AH         LINE#         5029
  C:BD8DH         LINE#         5030
  C:BD8DH         LINE#         5031
  C:BD9DH         LINE#         5033
  C:BDA6H         LINE#         5034
  C:BDA6H         LINE#         5036
  C:BDC1H         LINE#         5037
BL51 BANKED LINKER/LOCATER V6.22                                                      10/31/2020  14:17:07  PAGE 28


  C:BDCAH         LINE#         5038
  C:BDE9H         LINE#         5040
  C:BDEBH         LINE#         5078
  -------         ENDPROC       _DISPPICFROMSD
  -------         PROC          DISPSCALEHOR1
  -------         DO            
  X:002EH         SYMBOL        i
  X:0030H         SYMBOL        j
  D:0002H         SYMBOL        k
  -------         ENDDO         
  C:AC44H         LINE#         5083
  C:AC44H         LINE#         5084
  C:AC44H         LINE#         5087
  C:AC47H         LINE#         5090
  C:AC47H         LINE#         5091
  C:AC47H         LINE#         5092
  C:AC69H         LINE#         5093
  C:AC6FH         LINE#         5094
  C:AC6FH         LINE#         5095
  C:AC75H         LINE#         5096
  C:AC75H         LINE#         5097
  C:AC8AH         LINE#         5098
  C:ACA0H         LINE#         5099
  C:ACB6H         LINE#         5101
  C:ACC1H         LINE#         5104
  C:ACC4H         LINE#         5105
  C:ACC4H         LINE#         5106
  C:ACE6H         LINE#         5107
  C:ACECH         LINE#         5108
  C:ACECH         LINE#         5109
  C:ACF2H         LINE#         5110
  C:ACF2H         LINE#         5111
  C:AD1DH         LINE#         5112
  C:AD33H         LINE#         5113
  C:AD49H         LINE#         5114
  C:AD57H         LINE#         5117
  C:AD5AH         LINE#         5118
  C:AD5AH         LINE#         5119
  C:AD7CH         LINE#         5120
  C:AD82H         LINE#         5121
  C:AD82H         LINE#         5122
  C:AD88H         LINE#         5123
  C:AD88H         LINE#         5124
  C:AD92H         LINE#         5125
  C:ADA8H         LINE#         5126
  C:ADBEH         LINE#         5127
  C:ADC9H         LINE#         5130
  C:ADCCH         LINE#         5131
  C:ADCCH         LINE#         5132
  C:ADEEH         LINE#         5133
  C:ADF4H         LINE#         5134
  C:ADF4H         LINE#         5135
  C:ADFAH         LINE#         5136
  C:ADFAH         LINE#         5137
  C:AE2DH         LINE#         5138
  C:AE43H         LINE#         5139
  C:AE59H         LINE#         5140
BL51 BANKED LINKER/LOCATER V6.22                                                      10/31/2020  14:17:07  PAGE 29


  C:AE67H         LINE#         5141
  C:AE69H         LINE#         5142
  -------         ENDPROC       DISPSCALEHOR1
  -------         PROC          DISPSCALEVER
  -------         DO            
  X:0032H         SYMBOL        i
  X:0034H         SYMBOL        j
  D:0002H         SYMBOL        k
  -------         ENDDO         
  C:B729H         LINE#         5144
  C:B729H         LINE#         5145
  C:B729H         LINE#         5214
  C:B72CH         LINE#         5216
  C:B732H         LINE#         5217
  C:B732H         LINE#         5218
  C:B738H         LINE#         5219
  C:B738H         LINE#         5220
  C:B73EH         LINE#         5221
  C:B754H         LINE#         5222
  C:B75BH         LINE#         5224
  C:B75EH         LINE#         5225
  C:B75EH         LINE#         5227
  C:B764H         LINE#         5228
  C:B764H         LINE#         5230
  C:B76AH         LINE#         5231
  C:B76AH         LINE#         5232
  C:B77CH         LINE#         5233
  C:B792H         LINE#         5235
  C:B798H         LINE#         5236
  C:B798H         LINE#         5237
  C:B7C0H         LINE#         5238
  C:B7D6H         LINE#         5240
  C:B7DCH         LINE#         5241
  C:B7DCH         LINE#         5242
  C:B7E3H         LINE#         5243
  C:B7F9H         LINE#         5245
  C:B7FFH         LINE#         5246
  C:B7FFH         LINE#         5247
  C:B828H         LINE#         5248
  C:B83EH         LINE#         5250
  C:B857H         LINE#         5252
  C:B865H         LINE#         5254
  -------         ENDPROC       DISPSCALEVER
  -------         PROC          DISPSCALEVER_RED
  -------         DO            
  X:0036H         SYMBOL        i
  X:0038H         SYMBOL        j
  D:0002H         SYMBOL        k
  -------         ENDDO         
  C:C603H         LINE#         5256
  C:C603H         LINE#         5257
  C:C603H         LINE#         5260
  C:C606H         LINE#         5262
  C:C608H         LINE#         5264
  C:C60AH         LINE#         5267
  C:C610H         LINE#         5268
  C:C610H         LINE#         5269
BL51 BANKED LINKER/LOCATER V6.22                                                      10/31/2020  14:17:07  PAGE 30


  C:C616H         LINE#         5270
  C:C616H         LINE#         5271
  C:C61CH         LINE#         5272
  C:C632H         LINE#         5273
  C:C639H         LINE#         5275
  C:C63CH         LINE#         5276
  C:C63CH         LINE#         5277
  C:C642H         LINE#         5278
  C:C642H         LINE#         5280
  C:C648H         LINE#         5281
  C:C648H         LINE#         5282
  C:C65AH         LINE#         5283
  C:C670H         LINE#         5284
  C:C686H         LINE#         5286
  C:C691H         LINE#         5288
  C:C693H         LINE#         5289
  -------         ENDPROC       DISPSCALEVER_RED
  -------         PROC          DISPSCALEVER_GREEN
  -------         DO            
  X:003AH         SYMBOL        i
  X:003CH         SYMBOL        j
  D:0002H         SYMBOL        k
  -------         ENDDO         
  C:C399H         LINE#         5291
  C:C399H         LINE#         5292
  C:C399H         LINE#         5295
  C:C39CH         LINE#         5297
  C:C39EH         LINE#         5298
  C:C3A0H         LINE#         5301
  C:C3A6H         LINE#         5302
  C:C3A6H         LINE#         5303
  C:C3ACH         LINE#         5304
  C:C3ACH         LINE#         5305
  C:C3B2H         LINE#         5307
  C:C3C8H         LINE#         5308
  C:C3CFH         LINE#         5310
  C:C3D2H         LINE#         5311
  C:C3D2H         LINE#         5312
  C:C3D8H         LINE#         5313
  C:C3D8H         LINE#         5315
  C:C3DEH         LINE#         5316
  C:C3DEH         LINE#         5318
  C:C3FFH         LINE#         5319
  C:C415H         LINE#         5320
  C:C42BH         LINE#         5322
  C:C436H         LINE#         5324
  C:C438H         LINE#         5325
  -------         ENDPROC       DISPSCALEVER_GREEN
  -------         PROC          DISPSCALEVER_BLUE
  -------         DO            
  X:003EH         SYMBOL        i
  X:0040H         SYMBOL        j
  D:0002H         SYMBOL        k
  -------         ENDDO         
  C:C83BH         LINE#         5327
  C:C83BH         LINE#         5328
  C:C83BH         LINE#         5331
BL51 BANKED LINKER/LOCATER V6.22                                                      10/31/2020  14:17:07  PAGE 31


  C:C83EH         LINE#         5333
  C:C840H         LINE#         5334
  C:C842H         LINE#         5337
  C:C848H         LINE#         5338
  C:C848H         LINE#         5339
  C:C84EH         LINE#         5340
  C:C84EH         LINE#         5341
  C:C854H         LINE#         5342
  C:C86AH         LINE#         5343
  C:C871H         LINE#         5345
  C:C874H         LINE#         5346
  C:C874H         LINE#         5347
  C:C87AH         LINE#         5348
  C:C87AH         LINE#         5350
  C:C880H         LINE#         5351
  C:C880H         LINE#         5352
  C:C887H         LINE#         5353
  C:C89DH         LINE#         5354
  C:C8B3H         LINE#         5356
  C:C8BEH         LINE#         5358
  C:C8C0H         LINE#         5359
  -------         ENDPROC       DISPSCALEVER_BLUE
  -------         PROC          DISPSCALEVER_GRAY
  -------         DO            
  X:0042H         SYMBOL        i
  X:0044H         SYMBOL        j
  D:0002H         SYMBOL        k
  -------         ENDDO         
  C:C24FH         LINE#         5361
  C:C24FH         LINE#         5362
  C:C24FH         LINE#         5365
  C:C252H         LINE#         5367
  C:C254H         LINE#         5372
  C:C25AH         LINE#         5373
  C:C25AH         LINE#         5374
  C:C260H         LINE#         5375
  C:C260H         LINE#         5376
  C:C266H         LINE#         5378
  C:C27CH         LINE#         5379
  C:C283H         LINE#         5381
  C:C286H         LINE#         5382
  C:C286H         LINE#         5383
  C:C28CH         LINE#         5384
  C:C28CH         LINE#         5386
  C:C292H         LINE#         5387
  C:C292H         LINE#         5388
  C:C2BBH         LINE#         5389
  C:C2D1H         LINE#         5390
  C:C2E7H         LINE#         5392
  C:C2F2H         LINE#         5394
  C:C2F4H         LINE#         5395
  -------         ENDPROC       DISPSCALEVER_GRAY
  -------         PROC          DISPGRAYHOR16
  -------         DO            
  X:0062H         SYMBOL        i
  D:0002H         SYMBOL        j
  X:0064H         SYMBOL        k
BL51 BANKED LINKER/LOCATER V6.22                                                      10/31/2020  14:17:07  PAGE 32


  -------         ENDDO         
  C:C439H         LINE#         5397
  C:C439H         LINE#         5398
  C:C439H         LINE#         5401
  C:C43CH         LINE#         5403
  C:C43EH         LINE#         5404
  C:C440H         LINE#         5406
  C:C446H         LINE#         5407
  C:C446H         LINE#         5408
  C:C44FH         LINE#         5409
  C:C44FH         LINE#         5410
  C:C455H         LINE#         5411
  C:C45CH         LINE#         5413
  C:C45FH         LINE#         5414
  C:C45FH         LINE#         5415
  C:C465H         LINE#         5416
  C:C465H         LINE#         5417
  C:C497H         LINE#         5418
  C:C4ADH         LINE#         5419
  C:C4B8H         LINE#         5420
  C:C4D1H         LINE#         5422
  C:C4D3H         LINE#         5423
  -------         ENDPROC       DISPGRAYHOR16
  -------         PROC          DISPGRAYHOR32
  -------         DO            
  X:0046H         SYMBOL        i
  D:0002H         SYMBOL        j
  X:0048H         SYMBOL        k
  -------         ENDDO         
  C:C7B0H         LINE#         5425
  C:C7B0H         LINE#         5426
  C:C7B0H         LINE#         5429
  C:C7B3H         LINE#         5431
  C:C7B5H         LINE#         5433
  C:C7BBH         LINE#         5434
  C:C7BBH         LINE#         5435
  C:C7BEH         LINE#         5436
  C:C7BEH         LINE#         5437
  C:C7C4H         LINE#         5438
  C:C7CFH         LINE#         5440
  C:C7D2H         LINE#         5441
  C:C7D2H         LINE#         5442
  C:C7D8H         LINE#         5443
  C:C7D8H         LINE#         5444
  C:C801H         LINE#         5445
  C:C817H         LINE#         5446
  C:C822H         LINE#         5447
  C:C838H         LINE#         5449
  C:C83AH         LINE#         5450
  -------         ENDPROC       DISPGRAYHOR32
  -------         PROC          DISPSCALEHOR2
  -------         DO            
  X:004AH         SYMBOL        j
  D:0002H         SYMBOL        k
  -------         ENDDO         
  C:AE6AH         LINE#         5452
  C:AE6AH         LINE#         5453
BL51 BANKED LINKER/LOCATER V6.22                                                      10/31/2020  14:17:07  PAGE 33


  C:AE6AH         LINE#         5456
  C:AE6DH         LINE#         5458
  C:AE6DH         LINE#         5459
  C:AE6DH         LINE#         5460
  C:AE73H         LINE#         5461
  C:AE90H         LINE#         5462
  C:AE9BH         LINE#         5463
  C:AE9EH         LINE#         5464
  C:AE9EH         LINE#         5465
  C:AEA4H         LINE#         5466
  C:AEC1H         LINE#         5467
  C:AECCH         LINE#         5468
  C:AECFH         LINE#         5469
  C:AECFH         LINE#         5470
  C:AED5H         LINE#         5471
  C:AEF2H         LINE#         5472
  C:AEFDH         LINE#         5473
  C:AF00H         LINE#         5474
  C:AF00H         LINE#         5475
  C:AF06H         LINE#         5476
  C:AF23H         LINE#         5477
  C:AF2EH         LINE#         5478
  C:AF31H         LINE#         5479
  C:AF31H         LINE#         5480
  C:AF37H         LINE#         5481
  C:AF54H         LINE#         5482
  C:AF5FH         LINE#         5483
  C:AF62H         LINE#         5484
  C:AF62H         LINE#         5485
  C:AF68H         LINE#         5486
  C:AF85H         LINE#         5487
  C:AF90H         LINE#         5488
  C:AF93H         LINE#         5489
  C:AF93H         LINE#         5490
  C:AF99H         LINE#         5491
  C:AFB6H         LINE#         5492
  C:AFC1H         LINE#         5493
  C:AFC4H         LINE#         5494
  C:AFC4H         LINE#         5495
  C:AFCAH         LINE#         5496
  C:AFE6H         LINE#         5497
  C:AFF1H         LINE#         5498
  C:AFFAH         LINE#         5499
  C:AFFAH         LINE#         5500
  C:B000H         LINE#         5501
  C:B01CH         LINE#         5502
  C:B023H         LINE#         5504
  -------         ENDPROC       DISPSCALEHOR2
  -------         PROC          _TOORD
  D:0007H         SYMBOL        ch
  C:CBEFH         LINE#         5609
  C:CBEFH         LINE#         5610
  C:CBEFH         LINE#         5611
  C:CBF5H         LINE#         5612
  C:CBF5H         LINE#         5613
  C:CBF7H         LINE#         5614
  C:CBF9H         LINE#         5615
BL51 BANKED LINKER/LOCATER V6.22                                                      10/31/2020  14:17:07  PAGE 34


  C:CC05H         LINE#         5616
  C:CC05H         LINE#         5617
  C:CC09H         LINE#         5618
  C:CC0BH         LINE#         5619
  C:CC17H         LINE#         5620
  C:CC17H         LINE#         5621
  C:CC1BH         LINE#         5622
  C:CC1DH         LINE#         5623
  C:CC29H         LINE#         5624
  C:CC29H         LINE#         5625
  C:CC2DH         LINE#         5626
  C:CC2FH         LINE#         5627
  C:CC3BH         LINE#         5628
  C:CC3BH         LINE#         5629
  C:CC3FH         LINE#         5630
  C:CC41H         LINE#         5631
  C:CC47H         LINE#         5632
  C:CC47H         LINE#         5633
  C:CC49H         LINE#         5634
  C:CC49H         LINE#         5636
  C:CC49H         LINE#         5637
  -------         ENDPROC       _TOORD
  C:BEC1H         SYMBOL        L?0455
  C:BED9H         SYMBOL        L?0456
  -------         PROC          L?0454
  -------         ENDPROC       L?0454
  C:BEC1H         SYMBOL        L?0455
  C:BED9H         SYMBOL        L?0456
  -------         PROC          _DISPONECHAR
  X:0076H         SYMBOL        ord
  D:0006H         SYMBOL        Xstart
  D:0002H         SYMBOL        Ystart
  X:007BH         SYMBOL        TextColor
  X:007DH         SYMBOL        BackColor
  -------         DO            
  X:007FH         SYMBOL        i
  D:0002H         SYMBOL        j
  X:0080H         SYMBOL        p
  D:0003H         SYMBOL        dat
  D:0006H         SYMBOL        index
  -------         ENDDO         
  C:BEE9H         LINE#         5639
  C:BEF1H         LINE#         5640
  C:BEF1H         LINE#         5646
  C:BF0BH         LINE#         5648
  C:BF11H         LINE#         5650
  C:BF19H         LINE#         5651
  C:BF1BH         LINE#         5653
  C:BF29H         LINE#         5655
  C:BF36H         LINE#         5656
  C:BF3DH         LINE#         5658
  C:BF41H         LINE#         5659
  C:BF41H         LINE#         5660
  C:BF56H         LINE#         5661
  C:BF58H         LINE#         5662
  C:BF58H         LINE#         5663
  C:BF65H         LINE#         5664
BL51 BANKED LINKER/LOCATER V6.22                                                      10/31/2020  14:17:07  PAGE 35


  C:BF65H         LINE#         5665
  C:BF67H         LINE#         5666
  C:BF69H         LINE#         5668
  C:BF69H         LINE#         5669
  C:BF73H         LINE#         5670
[...]
  C:A95CH         LINE#         324
  C:A961H         LINE#         325
  C:A969H         LINE#         326
  C:A973H         LINE#         327
  C:A981H         LINE#         328
  C:A98FH         LINE#         329
  C:A991H         LINE#         331
BL51 BANKED LINKER/LOCATER V6.22                                                      10/31/2020  14:17:07  PAGE 43


  C:A991H         LINE#         332
  C:A996H         LINE#         333
  C:A999H         LINE#         334
  C:A9B1H         LINE#         335
  C:A9B1H         LINE#         336
  C:A9CAH         LINE#         337
  C:A9CFH         LINE#         338
  C:A9D7H         LINE#         339
  C:A9DEH         LINE#         340
  C:A9E3H         LINE#         341
  C:A9E3H         LINE#         342
  C:A9F7H         LINE#         343
  C:A9F7H         LINE#         344
  C:A9FEH         LINE#         345
  C:AA03H         LINE#         346
  C:AA03H         LINE#         347
  C:AA11H         LINE#         348
  C:AA11H         LINE#         349
  -------         ENDPROC       USBXCORE_HANDLE_SETUP
  -------         PROC          USBXCORE_FORCE_STALL
  C:D0DDH         LINE#         356
  C:D0DDH         LINE#         358
  C:D0E8H         LINE#         359
  C:D0F3H         LINE#         360
  C:D0F9H         LINE#         361
  -------         ENDPROC       USBXCORE_FORCE_STALL
  -------         PROC          USBXCORE_GET_STATUS
  C:CAACH         LINE#         367
  C:CAACH         LINE#         369
  C:CABBH         LINE#         370
  C:CABBH         LINE#         371
  C:CABBH         LINE#         372
  C:CABBH         LINE#         373
  C:CABBH         LINE#         374
  C:CABDH         LINE#         375
  C:CABDH         LINE#         379
  C:CABDH         LINE#         381
  C:CACBH         LINE#         385
  C:CACBH         LINE#         386
  C:CACBH         LINE#         387
  C:CACBH         LINE#         388
  C:CACDH         LINE#         390
  C:CACDH         LINE#         392
  C:CADBH         LINE#         396
  C:CADBH         LINE#         397
  C:CAE8H         LINE#         398
  C:CAE8H         LINE#         399
  C:CAEAH         LINE#         401
  C:CAEAH         LINE#         402
  C:CAF8H         LINE#         403
  C:CB01H         LINE#         404
  C:CB01H         LINE#         405
  C:CB01H         LINE#         406
  C:CB03H         LINE#         407
  C:CB03H         LINE#         408
  C:CB06H         LINE#         409
  C:CB06H         LINE#         410
BL51 BANKED LINKER/LOCATER V6.22                                                      10/31/2020  14:17:07  PAGE 44


  C:CB06H         LINE#         411
  C:CB0EH         LINE#         412
  C:CB0EH         LINE#         413
  C:CB11H         LINE#         414
  C:CB17H         LINE#         415
  C:CB1EH         LINE#         416
  C:CB1EH         LINE#         417
  -------         ENDPROC       USBXCORE_GET_STATUS
  -------         PROC          USBXCORE_CLEAR_FEATURE
  C:CCA4H         LINE#         423
  C:CCA4H         LINE#         425
  C:CCAAH         LINE#         426
  C:CCAAH         LINE#         428
  C:CCB1H         LINE#         429
  C:CCB1H         LINE#         430
  C:CCBCH         LINE#         436
  C:CCC7H         LINE#         437
  C:CCCCH         LINE#         438
  C:CCCEH         LINE#         440
  C:CCCEH         LINE#         442
  C:CCD9H         LINE#         446
  C:CCE4H         LINE#         447
  C:CCE9H         LINE#         448
  C:CCE9H         LINE#         449
  C:CCEBH         LINE#         451
  C:CCEBH         LINE#         452
  C:CCEEH         LINE#         453
  C:CCEEH         LINE#         454
  C:CCF9H         LINE#         455
  -------         ENDPROC       USBXCORE_CLEAR_FEATURE
  -------         PROC          USBXCORE_VENDOR_USB_API
  C:BDECH         LINE#         462
  C:BDECH         LINE#         464
  C:BDF6H         LINE#         465
  C:BDF6H         LINE#         466
  C:BDFDH         LINE#         467
  C:BDFDH         LINE#         468
  C:BE00H         LINE#         469
  C:BE03H         LINE#         470
  C:BE05H         LINE#         472
  C:BE05H         LINE#         473
  C:BE0CH         LINE#         474
  C:BE0CH         LINE#         477
  C:BE17H         LINE#         482
  C:BE22H         LINE#         483
  C:BE2DH         LINE#         485
  C:BE2DH         LINE#         486
  C:BE40H         LINE#         487
  C:BE40H         LINE#         488
  C:BE44H         LINE#         489
  C:BE4FH         LINE#         491
  C:BE4FH         LINE#         492
  C:BE62H         LINE#         493
  C:BE62H         LINE#         494
  C:BE66H         LINE#         495
  C:BE71H         LINE#         497
  C:BE77H         LINE#         498
BL51 BANKED LINKER/LOCATER V6.22                                                      10/31/2020  14:17:07  PAGE 45


  C:BE7FH         LINE#         499
  C:BE7FH         LINE#         500
  C:BE82H         LINE#         501
  C:BE82H         LINE#         502
  C:BE82H         LINE#         503
  C:BE8DH         LINE#         504
  C:BE8DH         LINE#         505
  C:BE93H         LINE#         506
  C:BE9AH         LINE#         507
  C:BE9AH         LINE#         508
  C:BE9EH         LINE#         509
  C:BE9EH         LINE#         510
  C:BEA4H         LINE#         511
  C:BEABH         LINE#         512
  C:BEABH         LINE#         513
  C:BEB6H         LINE#         514
  -------         ENDPROC       USBXCORE_VENDOR_USB_API
  -------         PROC          USBXCORE_SET_FEATURE
  C:CCFCH         LINE#         521
  C:CCFCH         LINE#         523
  C:CD02H         LINE#         524
  C:CD02H         LINE#         526
  C:CD09H         LINE#         527
  C:CD09H         LINE#         528
  C:CD14H         LINE#         534
  C:CD1FH         LINE#         535
  C:CD22H         LINE#         536
  C:CD24H         LINE#         538
  C:CD24H         LINE#         540
  C:CD2FH         LINE#         544
  C:CD3AH         LINE#         545
  C:CD40H         LINE#         546
  C:CD40H         LINE#         548
  C:CD42H         LINE#         550
  C:CD42H         LINE#         551
  C:CD45H         LINE#         552
  C:CD45H         LINE#         553
  C:CD50H         LINE#         554
  -------         ENDPROC       USBXCORE_SET_FEATURE
  -------         PROC          USBXCORE_SET_ADDRESS
  C:D09EH         LINE#         561
  C:D09EH         LINE#         563
  C:D0ADH         LINE#         564
  C:D0B3H         LINE#         565
  C:D0B3H         LINE#         566
  C:D0B6H         LINE#         567
  C:D0B8H         LINE#         569
  C:D0B8H         LINE#         570
  C:D0BBH         LINE#         571
  C:D0BBH         LINE#         572
  -------         ENDPROC       USBXCORE_SET_ADDRESS
  -------         PROC          USBXCORE_GET_DESCRIPTOR
  C:C0EEH         LINE#         579
  C:C0EEH         LINE#         580
  C:C0FDH         LINE#         581
  C:C0FDH         LINE#         582
  C:C0FDH         LINE#         583
BL51 BANKED LINKER/LOCATER V6.22                                                      10/31/2020  14:17:07  PAGE 46


  C:C10BH         LINE#         584
  C:C10FH         LINE#         585
  C:C111H         LINE#         586
  C:C111H         LINE#         587
  C:C11FH         LINE#         588
  C:C132H         LINE#         589
  C:C134H         LINE#         590
  C:C134H         LINE#         591
  C:C158H         LINE#         592
  C:C164H         LINE#         593
  C:C166H         LINE#         594
  C:C166H         LINE#         595
  C:C169H         LINE#         596
  C:C169H         LINE#         597
  C:C169H         LINE#         598
  C:C17FH         LINE#         599
  C:C17FH         LINE#         600
  C:C187H         LINE#         601
  C:C187H         LINE#         602
  C:C18FH         LINE#         603
  C:C18FH         LINE#         604
  C:C192H         LINE#         605
  C:C198H         LINE#         606
  C:C19FH         LINE#         607
  C:C19FH         LINE#         608
  -------         ENDPROC       USBXCORE_GET_DESCRIPTOR
  -------         PROC          USBXCORE_GET_CONFIGURATION
  C:CE9AH         LINE#         614
  C:CE9AH         LINE#         616
  C:CEA2H         LINE#         617
  C:CEA2H         LINE#         618
  C:CEAEH         LINE#         619
  C:CEB6H         LINE#         620
  C:CEB6H         LINE#         621
  C:CEBAH         LINE#         622
  C:CEBAH         LINE#         623
  C:CEC8H         LINE#         624
  C:CED0H         LINE#         625
  C:CED0H         LINE#         626
  C:CED3H         LINE#         627
  C:CED9H         LINE#         628
  C:CEE0H         LINE#         629
  -------         ENDPROC       USBXCORE_GET_CONFIGURATION
  -------         PROC          USBXCORE_SET_CONFIGURATION
  C:CC4AH         LINE#         635
  C:CC4AH         LINE#         637
  C:CC53H         LINE#         638
  C:CC53H         LINE#         639
  C:CC5AH         LINE#         640
  C:CC60H         LINE#         641
  C:CC65H         LINE#         642
  C:CC67H         LINE#         644
  C:CC72H         LINE#         645
  C:CC7DH         LINE#         646
  C:CC88H         LINE#         653
  C:CC93H         LINE#         654
  C:CC95H         LINE#         656
BL51 BANKED LINKER/LOCATER V6.22                                                      10/31/2020  14:17:07  PAGE 47


  C:CC95H         LINE#         657
  C:CC9BH         LINE#         658
  C:CC9FH         LINE#         659
  C:CCA1H         LINE#         660
  C:CCA1H         LINE#         661
  -------         ENDPROC       USBXCORE_SET_CONFIGURATION
  -------         PROC          USBXCORE_GET_INTERFACE
  C:D00FH         LINE#         668
  C:D00FH         LINE#         670
  C:D01DH         LINE#         671
  C:D025H         LINE#         672
  C:D028H         LINE#         673
  C:D02EH         LINE#         674
  C:D035H         LINE#         675
  -------         ENDPROC       USBXCORE_GET_INTERFACE
  -------         PROC          USBXCORE_SET_SOP
  C:D157H         LINE#         682
  C:D157H         LINE#         684
  C:D15FH         LINE#         685
  C:D15FH         LINE#         686
  C:D16AH         LINE#         687
  C:D16AH         LINE#         688
  -------         ENDPROC       USBXCORE_SET_SOP
  -------         PROC          USBXCORE_USB_ISR
  C:B352H         LINE#         699
  C:B36FH         LINE#         702
  C:B375H         LINE#         703
  C:B388H         LINE#         706
  C:B39BH         LINE#         709
  C:B39FH         LINE#         710
  C:B39FH         LINE#         711
  C:B3AAH         LINE#         712
  C:B3AAH         LINE#         714
  C:B3B1H         LINE#         715
  C:B3B1H         LINE#         716
  C:B3B4H         LINE#         717
  C:B3B4H         LINE#         719
  C:B3BBH         LINE#         720
  C:B3BBH         LINE#         721
  C:B3C8H         LINE#         722
  C:B3C8H         LINE#         723
  C:B3CFH         LINE#         724
  C:B3CFH         LINE#         725
  C:B3CFH         LINE#         727
  C:B3CFH         LINE#         728
  C:B3CFH         LINE#         730
  C:B3CFH         LINE#         732
  C:B3E2H         LINE#         734
  C:B3E6H         LINE#         735
  C:B3E6H         LINE#         736
  C:B3E9H         LINE#         737
  C:B3E9H         LINE#         740
  C:B3F0H         LINE#         741
  C:B3F0H         LINE#         742
  C:B3FBH         LINE#         748
  C:B40EH         LINE#         749
  C:B413H         LINE#         750
BL51 BANKED LINKER/LOCATER V6.22                                                      10/31/2020  14:17:07  PAGE 48


  C:B413H         LINE#         751
  C:B41AH         LINE#         752
  C:B41AH         LINE#         754
  C:B41AH         LINE#         756
  C:B42DH         LINE#         759
  C:B431H         LINE#         760
  C:B431H         LINE#         761
  C:B43CH         LINE#         767
  C:B44FH         LINE#         768
  C:B453H         LINE#         769
  C:B453H         LINE#         770
  C:B45AH         LINE#         771
  C:B45AH         LINE#         772
  C:B45AH         LINE#         775
  C:B468H         LINE#         776
  C:B46DH         LINE#         777
  C:B473H         LINE#         778
  C:B478H         LINE#         781
  C:B485H         LINE#         782
  C:B485H         LINE#         783
  C:B488H         LINE#         784
  C:B488H         LINE#         785
  -------         ENDPROC       USBXCORE_USB_ISR
  -------         ENDMOD        USB_API

  -------         MODULE        USB_SUSPEND
  C:0000H         SYMBOL        _ICE_DUMMY_
  D:00D7H         PUBLIC        USB0XCN
  D:00C9H         PUBLIC        REG0CN
  C:CFBDH         PUBLIC        USB_Suspend
  D:00A9H         PUBLIC        CLKSEL
  D:00B2H         PUBLIC        OSCICN
  D:00B9H         PUBLIC        CLKMUL
  -------         PROC          USB_SUSPEND
  C:CFBDH         LINE#         70
  C:CFBDH         LINE#         72
  C:CFC0H         LINE#         74
  C:CFC3H         LINE#         76
  C:CFCBH         LINE#         79
  C:CFCEH         LINE#         80
  C:CFD1H         LINE#         81
  C:CFD4H         LINE#         82
  C:CFD7H         LINE#         84
  C:CFD8H         LINE#         86
  C:CFDBH         LINE#         88
  C:CFE1H         LINE#         92
  C:CFE4H         LINE#         94
  C:CFE7H         LINE#         95
  -------         ENDPROC       USB_SUSPEND
  -------         ENDMOD        USB_SUSPEND

  -------         MODULE        USB_INT_ENABLE
  C:0000H         SYMBOL        _ICE_DUMMY_
  C:D113H         PUBLIC        USB_Int_Enable
  D:0096H         PUBLIC        USB0ADR
  D:0097H         PUBLIC        USB0DAT
  -------         PROC          USB_INT_ENABLE
BL51 BANKED LINKER/LOCATER V6.22                                                      10/31/2020  14:17:07  PAGE 49


  C:D113H         LINE#         68
  C:D113H         LINE#         71
  C:D11AH         LINE#         73
  C:D120H         LINE#         74
  C:D120H         LINE#         75
  C:D12BH         LINE#         77
  C:D12BH         LINE#         78
  -------         ENDPROC       USB_INT_ENABLE
  -------         ENDMOD        USB_INT_ENABLE

  -------         MODULE        USB_CLOCK_RECOVERY
  C:0000H         SYMBOL        _ICE_DUMMY_
  C:D19DH         PUBLIC        USBXcore_ClkRec
  D:0096H         PUBLIC        USB0ADR
  D:0097H         PUBLIC        USB0DAT
  -------         PROC          USBXCORE_CLKREC
  C:D19DH         LINE#         45
  C:D19DH         LINE#         47
  C:D1A8H         LINE#         48
  -------         ENDPROC       USBXCORE_CLKREC
  -------         ENDMOD        USB_CLOCK_RECOVERY

  -------         MODULE        ?C?FPMUL
  C:A29AH         PUBLIC        ?C?FPMUL
  -------         ENDMOD        ?C?FPMUL

  -------         MODULE        ?C?FCAST
  C:A3AAH         PUBLIC        ?C?FCASTC
  C:A3A5H         PUBLIC        ?C?FCASTI
  C:A3A0H         PUBLIC        ?C?FCASTL
  -------         ENDMOD        ?C?FCAST

  -------         MODULE        ?C?CASTF
  C:A3DEH         PUBLIC        ?C?CASTF
  -------         ENDMOD        ?C?CASTF

  -------         MODULE        ?C?COPY
  C:A52FH         PUBLIC        ?C?COPY
  -------         ENDMOD        ?C?COPY

  -------         MODULE        ?C?CLDPTR
  C:A555H         PUBLIC        ?C?CLDPTR
  -------         ENDMOD        ?C?CLDPTR

  -------         MODULE        ?C?CLDOPTR
  C:A56EH         PUBLIC        ?C?CLDOPTR
  -------         ENDMOD        ?C?CLDOPTR

  -------         MODULE        ?C?IMUL
  C:A59BH         PUBLIC        ?C?IMUL
  -------         ENDMOD        ?C?IMUL

  -------         MODULE        ?C?IILDX
  C:A5ADH         PUBLIC        ?C?IILDX
  -------         ENDMOD        ?C?IILDX

  -------         MODULE        ?C?ILDOPTR
BL51 BANKED LINKER/LOCATER V6.22                                                      10/31/2020  14:17:07  PAGE 50


  C:A5C3H         PUBLIC        ?C?ILDOPTR
  -------         ENDMOD        ?C?ILDOPTR

  -------         MODULE        ?C?LMUL
  C:A5FBH         PUBLIC        ?C?LMUL
  -------         ENDMOD        ?C?LMUL

  -------         MODULE        ?C?ULDIV
  C:A686H         PUBLIC        ?C?ULDIV
  -------         ENDMOD        ?C?ULDIV

  -------         MODULE        ?C?LNEG
  C:A718H         PUBLIC        ?C?LNEG
  -------         ENDMOD        ?C?LNEG

  -------         MODULE        ?C?ULCMP
  C:A726H         PUBLIC        ?C?ULCMP
  -------         ENDMOD        ?C?ULCMP

  -------         MODULE        ?C?ULSHR
  C:A737H         PUBLIC        ?C?ULSHR
  -------         ENDMOD        ?C?ULSHR

  -------         MODULE        ?C?LSHL
  C:A74AH         PUBLIC        ?C?LSHL
  -------         ENDMOD        ?C?LSHL

  -------         MODULE        ?C?LLDIPDATA
  C:A766H         PUBLIC        ?C?LLDIPDATA
  C:A75DH         PUBLIC        ?C?LLDIPDATA1
  C:A75FH         PUBLIC        ?C?LLDIPDATA8
  -------         ENDMOD        ?C?LLDIPDATA

  -------         MODULE        ?C?LSTXDATA
  C:A77DH         PUBLIC        ?C?LSTXDATA
  -------         ENDMOD        ?C?LSTXDATA

  -------         MODULE        ?C?LSTPDATA
  C:A789H         PUBLIC        ?C?LSTPDATA
  -------         ENDMOD        ?C?LSTPDATA

  -------         MODULE        ?C?LSTKXDATA
  C:A795H         PUBLIC        ?C?LSTKXDATA
  -------         ENDMOD        ?C?LSTKXDATA

  -------         MODULE        ?C?LSTKPDATA
  C:A7C6H         PUBLIC        ?C?LSTKPDATA
  -------         ENDMOD        ?C?LSTKPDATA

  -------         MODULE        ?C_PBP
  D:0008H         PUBLIC        ?C_PBP
  -------         ENDMOD        ?C_PBP

*** WARNING L14: INCOMPATIBLE MEMORY MODEL
    MODULE:  .\USBX_F34X.LIB (USB_API)
    MODEL:   SMALL

BL51 BANKED LINKER/LOCATER V6.22                                                      10/31/2020  14:17:07  PAGE 51


*** WARNING L14: INCOMPATIBLE MEMORY MODEL
    MODULE:  .\USBX_F34X.LIB (USB_SUSPEND)
    MODEL:   SMALL

*** WARNING L14: INCOMPATIBLE MEMORY MODEL
    MODULE:  .\USBX_F34X.LIB (USB_INT_ENABLE)
    MODEL:   SMALL

*** WARNING L14: INCOMPATIBLE MEMORY MODEL
    MODULE:  .\USBX_F34X.LIB (USB_CLOCK_RECOVERY)
    MODEL:   SMALL

*** WARNING L16: UNCALLED SEGMENT, IGNORED FOR OVERLAY PROCESS
    SEGMENT: ?PR?SD_INIT?MMC_SD

*** WARNING L16: UNCALLED SEGMENT, IGNORED FOR OVERLAY PROCESS
    SEGMENT: ?PR?_LCD_READ_IC_ID?LCD

*** WARNING L16: UNCALLED SEGMENT, IGNORED FOR OVERLAY PROCESS
    SEGMENT: ?PR?DISPBAND?LCD

*** WARNING L16: UNCALLED SEGMENT, IGNORED FOR OVERLAY PROCESS
    SEGMENT: ?PR?_DISPPICFROMSD?LCD

*** WARNING L16: UNCALLED SEGMENT, IGNORED FOR OVERLAY PROCESS
    SEGMENT: ?PR?DISPSCALEHOR1?LCD

*** WARNING L16: UNCALLED SEGMENT, IGNORED FOR OVERLAY PROCESS
    SEGMENT: ?PR?DISPSCALEVER?LCD

*** WARNING L16: UNCALLED SEGMENT, IGNORED FOR OVERLAY PROCESS
    SEGMENT: ?PR?DISPSCALEVER_RED?LCD

*** WARNING L16: UNCALLED SEGMENT, IGNORED FOR OVERLAY PROCESS
    SEGMENT: ?PR?DISPSCALEVER_GREEN?LCD

*** WARNING L16: UNCALLED SEGMENT, IGNORED FOR OVERLAY PROCESS
    SEGMENT: ?PR?DISPSCALEVER_BLUE?LCD

*** WARNING L16: UNCALLED SEGMENT, IGNORED FOR OVERLAY PROCESS
    SEGMENT: ?PR?DISPSCALEVER_GRAY?LCD

*** WARNING L16: UNCALLED SEGMENT, IGNORED FOR OVERLAY PROCESS
    SEGMENT: ?PR?DISPGRAYHOR32?LCD

*** WARNING L16: UNCALLED SEGMENT, IGNORED FOR OVERLAY PROCESS
    SEGMENT: ?PR?DISPSCALEHOR2?LCD

*** WARNING L16: UNCALLED SEGMENT, IGNORED FOR OVERLAY PROCESS
    SEGMENT: ?PR?_DRAWGIRD?LCD

*** WARNING L15: MULTIPLE CALL TO SEGMENT
    SEGMENT: ?PR?_WRITECOMM?LCD
    CALLER1: ?PR?USB_API_TEST_ISR?MAIN
    CALLER2: ?C_C51STARTUP

*** WARNING L15: MULTIPLE CALL TO SEGMENT
BL51 BANKED LINKER/LOCATER V6.22                                                      10/31/2020  14:17:07  PAGE 52


    SEGMENT: ?PR?_WRITEDATA?LCD
    CALLER1: ?PR?USB_API_TEST_ISR?MAIN
    CALLER2: ?C_C51STARTUP

Program Size: data=10.0 xdata=1228 code=53689
LINK/LOCATE RUN COMPLETE.  19 WARNING(S),  0 ERROR(S)
