BL51 BANKED LINKER/LOCATER V6.22                                                        08/09/2021  13:31:54  PAGE 1


BL51 BANKED LINKER/LOCATER V6.22, INVOKED BY:
D:\KEIL\C51\BIN\BL51.EXE main.obj, mmc_sd.obj, lcd.obj, tp.obj, .\USBX_F34X.LIB TO ST7789V_CTC28_16BIT RAMSIZE (256)


MEMORY MODEL: COMPACT WITH FLOATING POINT ARITHMETIC


INPUT MODULES INCLUDED:
  main.obj (MAIN)
  mmc_sd.obj (MMC_SD)
  lcd.obj (LCD)
  tp.obj (TP)
  .\USBX_F34X.LIB (USB_API)
  .\USBX_F34X.LIB (USB_CLOCK_START)
  .\USBX_F34X.LIB (USB_SUSPEND)
  .\USBX_F34X.LIB (GET_INTERRUPT_SOURCE)
  .\USBX_F34X.LIB (BLOCK_READ)
  .\USBX_F34X.LIB (BLOCK_WRITE)
  .\USBX_F34X.LIB (USB_INT_ENABLE)
  .\USBX_F34X.LIB (USB_CLOCK_RECOVERY)
  .\USBX_F34X.LIB (USB_JUMP_ISR)
  D:\KEIL\C51\LIB\C51FPC.LIB (?C?FPMUL)
  D:\KEIL\C51\LIB\C51FPC.LIB (?C?FCAST)
  D:\KEIL\C51\LIB\C51FPC.LIB (?C?CASTF)
  D:\KEIL\C51\LIB\C51FPC.LIB (?C?FPGETOPN)
  D:\KEIL\C51\LIB\C51C.LIB (?C_STARTUP)
  D:\KEIL\C51\LIB\C51C.LIB (?C?COPY)
  D:\KEIL\C51\LIB\C51C.LIB (?C?CLDPTR)
  D:\KEIL\C51\LIB\C51C.LIB (?C?CLDOPTR)
  D:\KEIL\C51\LIB\C51C.LIB (?C?IMUL)
  D:\KEIL\C51\LIB\C51C.LIB (?C?IILDX)
  D:\KEIL\C51\LIB\C51C.LIB (?C?ILDOPTR)
  D:\KEIL\C51\LIB\C51C.LIB (?C?LMUL)
  D:\KEIL\C51\LIB\C51C.LIB (?C?ULDIV)
  D:\KEIL\C51\LIB\C51C.LIB (?C?LNEG)
  D:\KEIL\C51\LIB\C51C.LIB (?C?ULCMP)
  D:\KEIL\C51\LIB\C51C.LIB (?C?ULSHR)
  D:\KEIL\C51\LIB\C51C.LIB (?C?LSHL)
  D:\KEIL\C51\LIB\C51C.LIB (?C?LLDIPDATA)
  D:\KEIL\C51\LIB\C51C.LIB (?C?LSTXDATA)
  D:\KEIL\C51\LIB\C51C.LIB (?C?LSTPDATA)
  D:\KEIL\C51\LIB\C51C.LIB (?C?LSTKXDATA)
  D:\KEIL\C51\LIB\C51C.LIB (?C?LSTKPDATA)
  D:\KEIL\C51\LIB\C51C.LIB (?C_PBP)
  D:\KEIL\C51\LIB\C51C.LIB (?C_INIT)


LINK MAP OF MODULE:  ST7789V_CTC28_16BIT (MAIN)


            TYPE    BASE      LENGTH    RELOCATION   SEGMENT NAME
            -----------------------------------------------------

            * * * * * * *   D A T A   M E M O R Y   * * * * * * *
            REG     0000H     0008H     ABSOLUTE     "REG BANK 0"
            DATA    0008H     0001H     UNIT         ?C?LIB_DATA
            IDATA   0009H     0001H     UNIT         ?STACK

BL51 BANKED LINKER/LOCATER V6.22                                                      08/09/2021  13:31:54  PAGE 2


            * * * * * * *  X D A T A   M E M O R Y  * * * * * * *
            XDATA   0000H     0010H     INPAGE       ?PD?MAIN
            XDATA   0010H     0004H     INPAGE       ?PD?_MMC_SD_READSINGLEBLOCK?MMC_SD
            XDATA   0014H     0005H     INPAGE       ?PD?DISPBAND?LCD
            XDATA   0019H     0005H     INPAGE       ?PD?_DISPPIC?LCD
            XDATA   001EH     000DH     INPAGE       ?PD?_DISPPICFROMSD?LCD
            XDATA   002BH     0004H     INPAGE       ?PD?DISPSCALEHOR1?LCD
            XDATA   002FH     0004H     INPAGE       ?PD?DISPSCALEVER?LCD
            XDATA   0033H     0004H     INPAGE       ?PD?DISPSCALEVER_RED?LCD
            XDATA   0037H     0004H     INPAGE       ?PD?DISPSCALEVER_GREEN?LCD
            XDATA   003BH     0004H     INPAGE       ?PD?DISPSCALEVER_BLUE?LCD
            XDATA   003FH     0004H     INPAGE       ?PD?DISPSCALEVER_GRAY?LCD
            XDATA   0043H     0004H     INPAGE       ?PD?DISPGRAYHOR32?LCD
            XDATA   0047H     0002H     INPAGE       ?PD?DISPSCALEHOR2?LCD
            XDATA   0049H     000CH     INPAGE       ?PD?_DRAWLINE?LCD
            XDATA   0055H     0004H     INPAGE       ?PD?_DRAWGIRD?LCD
            XDATA   0059H     0002H     INPAGE       ?PD?LCD
            XDATA   005BH     0026H     INPAGE       _PDATA_GROUP_
            XDATA   0081H     0200H     UNIT         ?XD?MMC_SD
            XDATA   0281H     0058H     UNIT         _XDATA_GROUP_
            XDATA   02D9H     0040H     UNIT         ?XD?MAIN
                    0319H     0327H                  *** GAP ***
            XDATA   0640H     0100H     ABSOLUTE     
            XDATA   0740H     0012H     ABSOLUTE     
            XDATA   0752H     0020H     ABSOLUTE     
            XDATA   0772H     000CH     ABSOLUTE     
            XDATA   077EH     0008H     ABSOLUTE     
            XDATA   0786H     0001H     ABSOLUTE     
            XDATA   0787H     0003H     ABSOLUTE     
            XDATA   078AH     0002H     ABSOLUTE     
            XDATA   078CH     0002H     ABSOLUTE     
            XDATA   078EH     0003H     ABSOLUTE     
            XDATA   0791H     0001H     ABSOLUTE     
            XDATA   0792H     0001H     ABSOLUTE     
            XDATA   0793H     0001H     ABSOLUTE     
            XDATA   0794H     0001H     ABSOLUTE     
            XDATA   0795H     0002H     ABSOLUTE     
            XDATA   0797H     0002H     ABSOLUTE     
            XDATA   0799H     0001H     ABSOLUTE     
            XDATA   079AH     0001H     ABSOLUTE     
            XDATA   079BH     0001H     ABSOLUTE     
            XDATA   079CH     0001H     ABSOLUTE     
            XDATA   079DH     0001H     ABSOLUTE     
            XDATA   079EH     0001H     ABSOLUTE     
            XDATA   079FH     0002H     ABSOLUTE     
            XDATA   07A1H     0001H     ABSOLUTE     
            XDATA   07A2H     0001H     ABSOLUTE     
            XDATA   07A3H     000CH     ABSOLUTE     
                    07AFH     0011H                  *** GAP ***
            XDATA   07C0H     0040H     ABSOLUTE     

            * * * * * * *   C O D E   M E M O R Y   * * * * * * *
            CODE    0000H     0003H     ABSOLUTE     
            CODE    0003H     003AH     UNIT         ?CO?USB_API
            CODE    003DH     0003H     UNIT         ?PR?SUSPEND_DEVICE?MAIN
                    0040H     0003H                  *** GAP ***
            CODE    0043H     0003H     ABSOLUTE     
BL51 BANKED LINKER/LOCATER V6.22                                                      08/09/2021  13:31:54  PAGE 3


            CODE    0046H     0044H     UNIT         ?PR?_DISPCOLOR?LCD
                    008AH     0001H                  *** GAP ***
            CODE    008BH     0003H     ABSOLUTE     
            CODE    008EH     A600H     UNIT         ?CO?LCD
            CODE    A68EH     060CH     UNIT         ?PR?CONNTOUSB?MAIN
            CODE    AC9AH     0545H     UNIT         ?C?LIB_CODE
            CODE    B1DFH     0233H     UNIT         ?PR?USBXCORE_HANDLE_SETUP?USB_API
            CODE    B412H     0232H     UNIT         ?PR?_LCD_READ_IC_ID?LCD
            CODE    B644H     0226H     UNIT         ?PR?DISPSCALEHOR1?LCD
            CODE    B86AH     01BAH     UNIT         ?PR?DISPSCALEHOR2?LCD
            CODE    BA24H     01A0H     UNIT         ?PR?TP_DRAWLINE?TP
            CODE    BBC4H     018EH     UNIT         ?PR?DISPBAND?LCD
            CODE    BD52H     0153H     UNIT         ?PR?LCD_INIT?LCD
            CODE    BEA5H     0151H     UNIT         ?PR?USBXCORE_USB_ISR?USB_API
            CODE    BFF6H     013DH     UNIT         ?PR?USB_API_TEST_ISR?MAIN
            CODE    C133H     0137H     UNIT         ?PR?_USB_INIT?USB_API
            CODE    C26AH     0128H     UNIT         ?PR?DISPSCALEVER?LCD
            CODE    C392H     011BH     UNIT         ?PR?_TP_GETPOSITION?TP
            CODE    C4ADH     0111H     UNIT         ?PR?_BLOCK_WRITE?BLOCK_WRITE
            CODE    C5BEH     00E9H     UNIT         ?PR?_DISPPICFROMSD?LCD
            CODE    C6A7H     00CDH     UNIT         ?PR?USBXCORE_VENDOR_USB_API?USB_API
            CODE    C774H     00CBH     UNIT         ?PR?_DISPONECHAR?LCD
            CODE    C83FH     00B7H     UNIT         ?PR?MMC_SD_RESET?MMC_SD
            CODE    C8F6H     00B3H     UNIT         ?PR?_DISPINT?LCD
            CODE    C9A9H     00B2H     UNIT         ?PR?USBXCORE_GET_DESCRIPTOR?USB_API
            CODE    CA5BH     00AFH     UNIT         ?PR?_BLOCK_READ?BLOCK_READ
            CODE    CB0AH     00A4H     UNIT         ?PR?DISPFRAME?LCD
            CODE    CBAEH     00A0H     UNIT         ?PR?DISPSCALEVER_GREEN?LCD
            CODE    CC4EH     009BH     UNIT         ?PR?DISPGRAYHOR16?LCD
            CODE    CCE9H     0099H     UNIT         ?PR?_?BLOCKWRITE?LCD
            CODE    CD82H     0096H     UNIT         ?PR?_DISPSTR?LCD
            CODE    CE18H     0091H     UNIT         ?PR?DISPSCALEVER_RED?LCD
            CODE    CEA9H     0091H     UNIT         ?PR?DISPSCALEVER_GRAY?LCD
            CODE    CF3AH     0090H     UNIT         ?PR?_DRAWGIRD?LCD
            CODE    CFCAH     008CH     UNIT         ?C_C51STARTUP
            CODE    D056H     0086H     UNIT         ?PR?DISPSCALEVER_BLUE?LCD
            CODE    D0DCH     0086H     UNIT         ?PR?_DRAWLINE?LCD
            CODE    D162H     007DH     UNIT         ?PR?_MMC_SD_WRITESINGLEBLOCK?MMC_SD
            CODE    D1DFH     0076H     UNIT         ?PR?DISPGRAYHOR32?LCD
            CODE    D255H     0075H     UNIT         ?PR?_MMC_SD_SENDCOMMAND?MMC_SD
            CODE    D2CAH     0073H     UNIT         ?PR?TP_READ?TP
            CODE    D33DH     0073H     UNIT         ?PR?USBXCORE_GET_STATUS?USB_API
            CODE    D3B0H     006CH     UNIT         ?PR?DEVICES_INIT?MAIN
            CODE    D41CH     0064H     UNIT         ?PR?_MMC_SD_READSINGLEBLOCK?MMC_SD
            CODE    D480H     0061H     UNIT         ?PR?_DISPPIC?LCD
            CODE    D4E1H     005BH     UNIT         ?PR?_TOORD?LCD
            CODE    D53CH     005AH     UNIT         ?PR?USBXCORE_SET_CONFIGURATION?USB_API
            CODE    D596H     0058H     UNIT         ?PR?USBXCORE_CLEAR_FEATURE?USB_API
            CODE    D5EEH     0057H     UNIT         ?PR?USBXCORE_SET_FEATURE?USB_API
            CODE    D645H     0055H     UNIT         ?PR?_STOPDELAY?MAIN
            CODE    D69AH     0052H     UNIT         ?PR?_PUTPIXEL?LCD
            CODE    D6ECH     0050H     UNIT         ?CO?MAIN
            CODE    D73CH     0049H     UNIT         ?PR?MAIN?MAIN
            CODE    D785H     0047H     UNIT         ?PR?USBXCORE_GET_CONFIGURATION?USB_API
            CODE    D7CCH     0043H     UNIT         ?PR?MCU_INIT?MAIN
            CODE    D80FH     0038H     UNIT         ?PR?USB_CLOCK_START?USB_CLOCK_START
            CODE    D847H     002DH     UNIT         ?C_INITSEG
BL51 BANKED LINKER/LOCATER V6.22                                                      08/09/2021  13:31:54  PAGE 4


            CODE    D874H     002BH     UNIT         ?PR?USB_SUSPEND?USB_SUSPEND
            CODE    D89FH     0028H     UNIT         ?PR?_WRITEDISPDATA?LCD
            CODE    D8C7H     0027H     UNIT         ?PR?USBXCORE_USB_RESET?USB_API
            CODE    D8EEH     0027H     UNIT         ?PR?USBXCORE_GET_INTERFACE?USB_API
            CODE    D915H     0026H     UNIT         ?PR?_TP_WRITE?TP
            CODE    D93BH     0022H     UNIT         ?PR?USBXCORE_JUMP_ISR?USB_JUMP_ISR
            CODE    D95DH     0020H     UNIT         ?PR?USBXCORE_SET_ADDRESS?USB_API
            CODE    D97DH     001FH     UNIT         ?PR?_DELAY?MAIN
            CODE    D99CH     001FH     UNIT         ?PR?_WRITEDATA?LCD
            CODE    D9BBH     001DH     UNIT         ?PR?USBXCORE_FORCE_STALL?USB_API
            CODE    D9D8H     001BH     UNIT         ?PR?_WRITECOMM?LCD
            CODE    D9F3H     0019H     UNIT         ?PR?USB_INT_ENABLE?USB_INT_ENABLE
            CODE    DA0CH     0016H     UNIT         ?PR?_SPI_WRITEBYTE?MMC_SD
            CODE    DA22H     0016H     UNIT         ?PR?READDATA?LCD
            CODE    DA38H     0014H     UNIT         ?PR?USBXCORE_SET_SOP?USB_API
            CODE    DA4CH     0013H     UNIT         ?PR?WAITKEY?MAIN
            CODE    DA5FH     0011H     UNIT         ?PR?SD_INIT?MMC_SD
            CODE    DA70H     000EH     UNIT         ?PR?GET_INTERRUPT_SOURCE?GET_INTERRUPT_SOURCE
            CODE    DA7EH     000CH     UNIT         ?PR?USBXCORE_CLKREC?USB_CLOCK_RECOVERY
            CODE    DA8AH     000BH     UNIT         ?PR?SPI_READBYTE?MMC_SD
            CODE    DA95H     0009H     UNIT         ?PR?_WRITEONEDOT?LCD



OVERLAY MAP OF MODULE:   ST7789V_CTC28_16BIT (MAIN)


SEGMENT                                            PDATA_GROUP         XDATA_GROUP
  +--> CALLED SEGMENT                            START    LENGTH     START    LENGTH
------------------------------------------------------------------------------------
?PR?USB_API_TEST_ISR?MAIN                        005BH    0001H      -----    -----
  +--> ?PR?GET_INTERRUPT_SOURCE?GET_INTERRUP...
  +--> ?PR?_BLOCK_READ?BLOCK_READ
  +--> ?PR?SUSPEND_DEVICE?MAIN
  +--> ?PR?MCU_INIT?MAIN
  +--> ?PR?_?BLOCKWRITE?LCD

?PR?SUSPEND_DEVICE?MAIN                          -----    -----      -----    -----
  +--> ?PR?USB_SUSPEND?USB_SUSPEND

?PR?USB_SUSPEND?USB_SUSPEND                      -----    -----      -----    -----
  +--> ?PR?USB_CLOCK_START?USB_CLOCK_START

?PR?_?BLOCKWRITE?LCD                             -----    -----      -----    -----
  +--> ?PR?_WRITECOMM?LCD
  +--> ?PR?_WRITEDATA?LCD

?PR?_WRITECOMM?LCD                               007FH    0002H      -----    -----

?PR?_WRITEDATA?LCD                               007FH    0002H      -----    -----

*** NEW ROOT ***************************************************

?PR?USBXCORE_USB_ISR?USB_API                     -----    -----      -----    -----
  +--> ?PR?USBXCORE_USB_RESET?USB_API
  +--> ?PR?USBXCORE_HANDLE_SETUP?USB_API
  +--> ?PR?USBXCORE_JUMP_ISR?USB_JUMP_ISR
BL51 BANKED LINKER/LOCATER V6.22                                                      08/09/2021  13:31:54  PAGE 5



?PR?USBXCORE_HANDLE_SETUP?USB_API                -----    -----      -----    -----
  +--> ?PR?USBXCORE_GET_STATUS?USB_API
  +--> ?PR?USBXCORE_CLEAR_FEATURE?USB_API
  +--> ?PR?USBXCORE_VENDOR_USB_API?USB_API
  +--> ?PR?USBXCORE_SET_FEATURE?USB_API
  +--> ?PR?USBXCORE_SET_ADDRESS?USB_API
  +--> ?PR?USBXCORE_GET_DESCRIPTOR?USB_API
  +--> ?PR?USBXCORE_GET_CONFIGURATION?USB_API
  +--> ?PR?USBXCORE_SET_CONFIGURATION?USB_API
  +--> ?PR?USBXCORE_GET_INTERFACE?USB_API
  +--> ?PR?USBXCORE_SET_SOP?USB_API
  +--> ?PR?USBXCORE_FORCE_STALL?USB_API

?PR?USBXCORE_GET_STATUS?USB_API                  -----    -----      -----    -----
  +--> ?CO?USB_API
  +--> ?PR?USBXCORE_FORCE_STALL?USB_API
  +--> ?PR?USBXCORE_SET_SOP?USB_API

?PR?USBXCORE_CLEAR_FEATURE?USB_API               -----    -----      -----    -----
  +--> ?PR?USBXCORE_FORCE_STALL?USB_API
  +--> ?PR?USBXCORE_SET_SOP?USB_API

?PR?USBXCORE_VENDOR_USB_API?USB_API              -----    -----      -----    -----
  +--> ?PR?USBXCORE_SET_SOP?USB_API

?PR?USBXCORE_SET_FEATURE?USB_API                 -----    -----      -----    -----
  +--> ?PR?USBXCORE_FORCE_STALL?USB_API
  +--> ?PR?USBXCORE_SET_SOP?USB_API

?PR?USBXCORE_SET_ADDRESS?USB_API                 -----    -----      -----    -----
  +--> ?PR?USBXCORE_SET_SOP?USB_API

?PR?USBXCORE_GET_DESCRIPTOR?USB_API              -----    -----      -----    -----
  +--> ?PR?USBXCORE_FORCE_STALL?USB_API
  +--> ?PR?USBXCORE_SET_SOP?USB_API

?PR?USBXCORE_GET_CONFIGURATION?USB_API           -----    -----      -----    -----
  +--> ?CO?USB_API
  +--> ?PR?USBXCORE_SET_SOP?USB_API

?PR?USBXCORE_SET_CONFIGURATION?USB_API           -----    -----      -----    -----
  +--> ?PR?USBXCORE_SET_SOP?USB_API

?PR?USBXCORE_GET_INTERFACE?USB_API               -----    -----      -----    -----
  +--> ?CO?USB_API
  +--> ?PR?USBXCORE_SET_SOP?USB_API

*** NEW ROOT ***************************************************

?C_C51STARTUP                                    -----    -----      -----    -----
  +--> ?PR?MAIN?MAIN
  +--> ?C_INITSEG

?PR?MAIN?MAIN                                    -----    -----      -----    -----
  +--> ?PR?DEVICES_INIT?MAIN
  +--> ?PR?DISPFRAME?LCD
BL51 BANKED LINKER/LOCATER V6.22                                                      08/09/2021  13:31:54  PAGE 6


  +--> ?PR?_STOPDELAY?MAIN
  +--> ?PR?_DISPCOLOR?LCD
  +--> ?PR?DISPGRAYHOR16?LCD
  +--> ?PR?TP_DRAWLINE?TP

?PR?DEVICES_INIT?MAIN                            -----    -----      -----    -----
  +--> ?PR?MCU_INIT?MAIN
  +--> ?PR?USB_CLOCK_START?USB_CLOCK_START
  +--> ?CO?MAIN
  +--> ?PR?_USB_INIT?USB_API
  +--> ?PR?USB_INT_ENABLE?USB_INT_ENABLE
  +--> ?PR?LCD_INIT?LCD

?PR?_USB_INIT?USB_API                            -----    -----      0281H    0011H
  +--> ?CO?USB_API
  +--> ?PR?USBXCORE_CLKREC?USB_CLOCK_RECOVERY

?PR?LCD_INIT?LCD                                 -----    -----      -----    -----
  +--> ?PR?READDATA?LCD
  +--> ?PR?_DELAY?MAIN
  +--> ?PR?_WRITECOMM?LCD
  +--> ?PR?_WRITEDATA?LCD

?PR?READDATA?LCD                                 -----    -----      -----    -----
  +--> ?PR?_LCD_READ_IC_ID?LCD

?PR?_LCD_READ_IC_ID?LCD                          0067H    0008H      -----    -----

?PR?DISPFRAME?LCD                                005EH    0002H      -----    -----
  +--> ?PR?_?BLOCKWRITE?LCD
  +--> ?PR?_WRITEDISPDATA?LCD

?PR?_WRITEDISPDATA?LCD                           007FH    0001H      -----    -----

?PR?_STOPDELAY?MAIN                              005EH    0004H      -----    -----
  +--> ?PR?WAITKEY?MAIN
  +--> ?PR?_DELAY?MAIN

?PR?WAITKEY?MAIN                                 -----    -----      -----    -----
  +--> ?PR?CONNTOUSB?MAIN
  +--> ?PR?_DELAY?MAIN

?PR?CONNTOUSB?MAIN                               0062H    0005H      0281H    0058H
  +--> ?CO?MAIN
  +--> ?PR?_WRITECOMM?LCD
  +--> ?PR?_WRITEDATA?LCD
  +--> ?PR?_DISPSTR?LCD
  +--> ?PR?_DISPINT?LCD
  +--> ?PR?_WRITEDISPDATA?LCD
  +--> ?PR?_MMC_SD_WRITESINGLEBLOCK?MMC_SD
  +--> ?PR?_BLOCK_WRITE?BLOCK_WRITE
  +--> ?PR?READDATA?LCD
  +--> ?PR?_DELAY?MAIN

?PR?_DISPSTR?LCD                                 0067H    000BH      -----    -----
  +--> ?PR?_TOORD?LCD
  +--> ?PR?_DISPONECHAR?LCD
BL51 BANKED LINKER/LOCATER V6.22                                                      08/09/2021  13:31:54  PAGE 7



?PR?_DISPONECHAR?LCD                             0072H    000DH      -----    -----
  +--> ?PR?_?BLOCKWRITE?LCD
  +--> ?CO?LCD
  +--> ?PR?_WRITEONEDOT?LCD

?PR?_WRITEONEDOT?LCD                             -----    -----      -----    -----
  +--> ?PR?_WRITEDISPDATA?LCD

?PR?_DISPINT?LCD                                 0067H    000AH      -----    -----
  +--> ?PR?_DISPONECHAR?LCD

?PR?_MMC_SD_WRITESINGLEBLOCK?MMC_SD              0067H    0004H      -----    -----
  +--> ?PR?_MMC_SD_SENDCOMMAND?MMC_SD
  +--> ?PR?_SPI_WRITEBYTE?MMC_SD

?PR?_MMC_SD_SENDCOMMAND?MMC_SD                   006BH    0005H      -----    -----
  +--> ?PR?_SPI_WRITEBYTE?MMC_SD

?PR?_DISPCOLOR?LCD                               005EH    0004H      -----    -----
  +--> ?PR?_?BLOCKWRITE?LCD
  +--> ?PR?_WRITEDISPDATA?LCD

?PR?DISPGRAYHOR16?LCD                            005EH    0004H      -----    -----
  +--> ?PR?_?BLOCKWRITE?LCD
  +--> ?PR?_WRITEDISPDATA?LCD

?PR?TP_DRAWLINE?TP                               -----    -----      0281H    0018H
  +--> ?PR?_DISPCOLOR?LCD
  +--> ?PR?_DELAY?MAIN
  +--> ?PR?_TP_GETPOSITION?TP
  +--> ?PR?_PUTPIXEL?LCD

?PR?_TP_GETPOSITION?TP                           -----    -----      0299H    001BH
  +--> ?PR?_TP_WRITE?TP
  +--> ?PR?TP_READ?TP

?PR?_TP_WRITE?TP                                 -----    -----      02B4H    0001H

?PR?TP_READ?TP                                   -----    -----      02B4H    0005H

?PR?_PUTPIXEL?LCD                                005EH    0002H      -----    -----
  +--> ?PR?_?BLOCKWRITE?LCD
  +--> ?PR?_WRITEDISPDATA?LCD



SYMBOL TABLE OF MODULE:  ST7789V_CTC28_16BIT (MAIN)

  VALUE           TYPE          NAME
  ----------------------------------

  -------         MODULE        MAIN
  C:0000H         SYMBOL        _ICE_DUMMY_
  D:0080H         PUBLIC        P0
  X:0000H         PUBLIC        f_down
  D:0090H         PUBLIC        P1
BL51 BANKED LINKER/LOCATER V6.22                                                      08/09/2021  13:31:54  PAGE 8


  D:00A0H         PUBLIC        P2
  D:00B0H         PUBLIC        P3
  C:D737H         PUBLIC        USB_MaxPower
  B:00B0H.6       PUBLIC        KEY_STEP
  D:00A4H         PUBLIC        P0MDOUT
  D:00A5H         PUBLIC        P1MDOUT
  D:00A6H         PUBLIC        P2MDOUT
  D:00A7H         PUBLIC        P3MDOUT
  D:00AEH         PUBLIC        P4MDOUT
  B:0080H.6       PUBLIC        OE
  D:00D9H         PUBLIC        PCA0MD
  C:BFF6H         PUBLIC        USB_API_TEST_ISR
  C:003DH         PUBLIC        Suspend_Device
  C:D649H         PUBLIC        _StopDelay
  D:00E1H         PUBLIC        XBR0
  D:00E2H         PUBLIC        XBR1
  B:00B0H.1       PUBLIC        RS
  C:D73CH         PUBLIC        main
  X:0001H         PUBLIC        VerifyCode0
  X:0002H         PUBLIC        VerifyCode1
  C:D701H         PUBLIC        USB_PID
  X:0003H         PUBLIC        VerifyCode2
  D:00F1H         PUBLIC        P0MDIN
  D:00F2H         PUBLIC        P1MDIN
  C:D703H         PUBLIC        USB_MfrStr
  D:00F4H         PUBLIC        P3MDIN
  C:D6FFH         PUBLIC        USB_VID
  D:00F8H         PUBLIC        SPI0CN
  X:0004H         PUBLIC        pic
  C:D3B0H         PUBLIC        Devices_Init
  C:A68EH         PUBLIC        ConnToUSB
  D:00A9H         PUBLIC        CLKSEL
  D:00B2H         PUBLIC        OSCICN
  C:D738H         PUBLIC        USB_PwAttributes
  C:DA4CH         PUBLIC        WaitKey
  C:D73BH         SYMBOL        _?ix1000
  B:00B0H.0       PUBLIC        CS0
  X:0005H         PUBLIC        bf
  C:D739H         PUBLIC        USB_bcdDevice
  D:00B9H         PUBLIC        CLKMUL
  X:0007H         PUBLIC        f_debug
  X:0008H         PUBLIC        sd
  X:02D9H         PUBLIC        Packet
  C:D7CCH         PUBLIC        MCU_Init
  B:0080H.7       PUBLIC        DIR
  D:00EFH         PUBLIC        RSTSRC
  X:000CH         PUBLIC        f_read
  C:D72DH         PUBLIC        USB_SerialStr
  X:000DH         PUBLIC        f_other
  C:D71DH         PUBLIC        USB_ProductStr
  X:000EH         PUBLIC        f_para
  D:00A1H         PUBLIC        SPI0CFG
  C:D97DH         PUBLIC        _Delay
  B:00B0H.7       PUBLIC        KEY_Stop
  X:000FH         PUBLIC        f_init
  -------         PROC          MAIN
  C:D73CH         LINE#         40
BL51 BANKED LINKER/LOCATER V6.22                                                      08/09/2021  13:31:54  PAGE 9


  C:D73CH         LINE#         41
  C:D73CH         LINE#         46
  C:D73FH         LINE#         48
  C:D742H         LINE#         49
  C:D742H         LINE#         54
  C:D748H         LINE#         55
  C:D752H         LINE#         57
  C:D75CH         LINE#         58
  C:D766H         LINE#         59
  C:D770H         LINE#         61
  C:D776H         LINE#         62
  C:D77FH         LINE#         83
  C:D782H         LINE#         85
  C:D784H         LINE#         86
  -------         ENDPROC       MAIN
  -------         PROC          _DELAY
  D:0006H         SYMBOL        dly
  -------         DO            
  D:0004H         SYMBOL        i
  D:0002H         SYMBOL        j
  -------         ENDDO         
  C:D97DH         LINE#         89
  C:D97DH         LINE#         90
  C:D97DH         LINE#         93
  C:D987H         LINE#         94
  C:D99BH         LINE#         95
  -------         ENDPROC       _DELAY
  C:D645H         SYMBOL        L?0133
  -------         PROC          L?0132
  -------         ENDPROC       L?0132
  C:D645H         SYMBOL        L?0133
  -------         PROC          _STOPDELAY
  X:005EH         SYMBOL        sdly
  -------         DO            
  D:0006H         SYMBOL        i
  D:0004H         SYMBOL        j
  X:0060H         SYMBOL        k
  -------         ENDDO         
  C:D649H         LINE#         97
  C:D650H         LINE#         98
  C:D650H         LINE#         100
  C:D655H         LINE#         101
  C:D655H         LINE#         102
  C:D658H         LINE#         103
  C:D658H         LINE#         104
  C:D665H         LINE#         105
  C:D679H         LINE#         106
  C:D679H         LINE#         108
  C:D679H         LINE#         109
  C:D683H         LINE#         110
  C:D683H         LINE#         111
  C:D699H         LINE#         112
  -------         ENDPROC       _STOPDELAY
  -------         PROC          WAITKEY
  C:DA4CH         LINE#         141
  C:DA4CH         LINE#         142
  C:DA4CH         LINE#         144
BL51 BANKED LINKER/LOCATER V6.22                                                      08/09/2021  13:31:54  PAGE 10


  C:DA4FH         LINE#         145
  C:DA4FH         LINE#         147
  C:DA52H         LINE#         149
  C:DA54H         LINE#         150
  C:DA5BH         LINE#         151
  C:DA5EH         LINE#         153
  -------         ENDPROC       WAITKEY
  -------         PROC          CONNTOUSB
  -------         DO            
  X:0062H         SYMBOL        i
  X:0281H         SYMBOL        reg_data
  X:0299H         SYMBOL        para_data
  D:0007H         SYMBOL        dat
  X:0063H         SYMBOL        reg_index
  X:0065H         SYMBOL        data_num
  X:0066H         SYMBOL        st
  -------         ENDDO         
  C:A68EH         LINE#         159
  C:A68EH         LINE#         160
  C:A68EH         LINE#         167
  C:A6A1H         LINE#         169
  C:A6A9H         LINE#         170
  C:A6A9H         LINE#         171
  C:A6B7H         LINE#         172
  C:A6B7H         LINE#         173
  C:A6C8H         LINE#         174
  C:A6C8H         LINE#         175
  C:A6EEH         LINE#         176
  C:A6F0H         LINE#         177
  C:A704H         LINE#         178
  C:A704H         LINE#         179
  C:A72AH         LINE#         181
  C:A72AH         LINE#         182
  C:A72AH         LINE#         183
  C:A72AH         LINE#         185
  C:A72AH         LINE#         186
  C:A732H         LINE#         187
  C:A73CH         LINE#         188
  C:A746H         LINE#         190
  C:A762H         LINE#         192
  C:A76CH         LINE#         193
  C:A76CH         LINE#         194
  C:A77DH         LINE#         195
  C:A77DH         LINE#         196
  C:A78EH         LINE#         197
  C:A78EH         LINE#         198
  C:A7E1H         LINE#         199
  C:A7E3H         LINE#         200
  C:A7F9H         LINE#         201
  C:A7F9H         LINE#         202
  C:A84BH         LINE#         203
  C:A84BH         LINE#         204
  C:A84BH         LINE#         205
  C:A84BH         LINE#         207
  C:A84BH         LINE#         208
  C:A853H         LINE#         209
  C:A853H         LINE#         210
BL51 BANKED LINKER/LOCATER V6.22                                                      08/09/2021  13:31:54  PAGE 11


  C:A85DH         LINE#         211
  C:A867H         LINE#         213
  C:A86BH         LINE#         214
  C:A86EH         LINE#         218
  C:A876H         LINE#         219
  C:A876H         LINE#         220
  C:A885H         LINE#         221
  C:A885H         LINE#         222
  C:A887H         LINE#         224
  C:A889H         LINE#         225
  C:A8A5H         LINE#         226
  C:A8A7H         LINE#         228
  C:A8D0H         LINE#         229
  C:A8F4H         LINE#         230
  C:A8FEH         LINE#         231
  C:A8FEH         LINE#         232
  C:A906H         LINE#         233
  C:A90DH         LINE#         234
  C:A918H         LINE#         235
  C:A91EH         LINE#         236
  C:A91EH         LINE#         237
  C:A927H         LINE#         239
  C:A92BH         LINE#         240
  C:A937H         LINE#         241
  C:A93AH         LINE#         244
  C:A942H         LINE#         245
  C:A942H         LINE#         246
  C:A94BH         LINE#         247
  C:A94BH         LINE#         248
  C:A95BH         LINE#         249
  C:A95BH         LINE#         250
  C:A95DH         LINE#         252
  C:A95FH         LINE#         253
  C:A97BH         LINE#         254
  C:A97DH         LINE#         256
  C:A9A6H         LINE#         257
  C:A9CAH         LINE#         259
  C:A9D4H         LINE#         260
  C:A9D4H         LINE#         261
  C:A9DCH         LINE#         262
  C:A9E3H         LINE#         263
  C:A9EEH         LINE#         264
  C:A9F4H         LINE#         265
  C:A9F4H         LINE#         267
  C:A9FDH         LINE#         273
  C:A9FDH         LINE#         274
  C:AA0AH         LINE#         275
  C:AA0AH         LINE#         276
  C:AA0CH         LINE#         278
  C:AA0EH         LINE#         279
  C:AA2AH         LINE#         280
  C:AA2CH         LINE#         282
  C:AA34H         LINE#         283
  C:AA38H         LINE#         284
  C:AA44H         LINE#         285
  C:AA44H         LINE#         286
  C:AA47H         LINE#         289
BL51 BANKED LINKER/LOCATER V6.22                                                      08/09/2021  13:31:54  PAGE 12


  C:AA4FH         LINE#         290
  C:AA4FH         LINE#         291
  C:AA60H         LINE#         292
  C:AA60H         LINE#         293
  C:AA6DH         LINE#         294
  C:AA6DH         LINE#         295
  C:AA8BH         LINE#         296
  C:AA8DH         LINE#         297
  C:AA9DH         LINE#         298
  C:AA9DH         LINE#         299
  C:AABBH         LINE#         300
  C:AABDH         LINE#         301
  C:AACEH         LINE#         302
  C:AACEH         LINE#         303
  C:AAD8H         LINE#         304
  C:AAE2H         LINE#         305
  C:AAE2H         LINE#         306
  C:AAE2H         LINE#         307
  C:AAE2H         LINE#         309
  C:AAE2H         LINE#         310
  C:AAEBH         LINE#         311
  C:AAEFH         LINE#         312
  C:AAFBH         LINE#         313
  C:AAFEH         LINE#         316
  C:AB06H         LINE#         317
  C:AB06H         LINE#         318
  C:AB13H         LINE#         319
  C:AB24H         LINE#         321
  C:AB2DH         LINE#         322
  C:AB3CH         LINE#         324
  C:AB44H         LINE#         325
  C:AB44H         LINE#         326
  C:AB4DH         LINE#         327
  C:AB5CH         LINE#         328
  C:AB5CH         LINE#         329
  C:AB5FH         LINE#         330
  C:AB6EH         LINE#         331
  C:AB7AH         LINE#         332
  C:AB80H         LINE#         333
  C:AB80H         LINE#         335
  C:AB84H         LINE#         336
  C:AB93H         LINE#         338
  C:AB9AH         LINE#         339
  C:ABB6H         LINE#         340
  C:ABC0H         LINE#         341
  C:ABC0H         LINE#         342
  C:ABE6H         LINE#         343
  C:ABF9H         LINE#         344
  C:ABF9H         LINE#         345
  C:AC4BH         LINE#         346
  C:AC53H         LINE#         347
  C:AC53H         LINE#         348
  C:AC53H         LINE#         351
  C:AC58H         LINE#         352
  C:AC58H         LINE#         353
  C:AC65H         LINE#         354
  C:AC76H         LINE#         356
BL51 BANKED LINKER/LOCATER V6.22                                                      08/09/2021  13:31:54  PAGE 13


  C:AC7CH         LINE#         357
  C:AC80H         LINE#         358
  C:AC83H         LINE#         359
  C:AC87H         LINE#         361
  C:AC8BH         LINE#         362
  C:AC97H         LINE#         363
  C:AC99H         LINE#         364
  -------         ENDPROC       CONNTOUSB
  -------         PROC          MCU_INIT
  -------         DO            
  D:0007H         SYMBOL        n
  -------         ENDDO         
  C:D7CCH         LINE#         367
  C:D7CCH         LINE#         368
  C:D7CCH         LINE#         370
  C:D7CFH         LINE#         373
  C:D7D2H         LINE#         374
  C:D7D5H         LINE#         376
  C:D7D8H         LINE#         378
  C:D7DEH         LINE#         380
  C:D7E1H         LINE#         381
  C:D7E6H         LINE#         382
  C:D7E9H         LINE#         384
  C:D7ECH         LINE#         387
  C:D7EFH         LINE#         388
  C:D7F2H         LINE#         390
  C:D7F5H         LINE#         391
  C:D7F8H         LINE#         393
  C:D7FBH         LINE#         394
  C:D7FEH         LINE#         396
  C:D801H         LINE#         397
  C:D804H         LINE#         398
  C:D806H         LINE#         399
  C:D808H         LINE#         401
  C:D80BH         LINE#         402
  C:D80EH         LINE#         404
  -------         ENDPROC       MCU_INIT
  -------         PROC          DEVICES_INIT
  C:D3B0H         LINE#         406
  C:D3B0H         LINE#         407
  C:D3B0H         LINE#         409
  C:D3B3H         LINE#         412
  C:D3B6H         LINE#         413
  C:D410H         LINE#         414
  C:D413H         LINE#         417
  C:D416H         LINE#         418
  C:D419H         LINE#         426
  -------         ENDPROC       DEVICES_INIT
  -------         PROC          SUSPEND_DEVICE
  C:003DH         LINE#         430
  C:003DH         LINE#         431
  C:003DH         LINE#         432
  -------         ENDPROC       SUSPEND_DEVICE
  -------         PROC          USB_API_TEST_ISR
  -------         DO            
  X:005BH         SYMBOL        INTVAL
  -------         ENDDO         
BL51 BANKED LINKER/LOCATER V6.22                                                      08/09/2021  13:31:54  PAGE 14


  C:BFF6H         LINE#         436
  C:C013H         LINE#         438
  C:C01AH         LINE#         440
  C:C020H         LINE#         441
  C:C020H         LINE#         442
  C:C02BH         LINE#         444
  C:C047H         LINE#         445
  C:C047H         LINE#         446
  C:C049H         LINE#         447
  C:C04BH         LINE#         448
  C:C061H         LINE#         449
  C:C061H         LINE#         450
  C:C063H         LINE#         451
  C:C065H         LINE#         452
  C:C07DH         LINE#         453
  C:C07DH         LINE#         454
  C:C07FH         LINE#         455
  C:C081H         LINE#         456
  C:C09BH         LINE#         457
  C:C09BH         LINE#         458
  C:C09DH         LINE#         459
  C:C09FH         LINE#         460
  C:C0B4H         LINE#         461
  C:C0B4H         LINE#         462
  C:C0B6H         LINE#         463
  C:C0B8H         LINE#         465
  C:C0B8H         LINE#         466
  C:C0BDH         LINE#         467
  C:C0BDH         LINE#         468
  C:C0BDH         LINE#         470
  C:C0BDH         LINE#         471
  C:C0BDH         LINE#         473
  C:C0BDH         LINE#         475
  C:C0C3H         LINE#         476
  C:C0C3H         LINE#         477
  C:C0C6H         LINE#         478
  C:C0C6H         LINE#         480
  C:C0CCH         LINE#         481
  C:C0CCH         LINE#         482
  C:C0CFH         LINE#         483
  C:C0CFH         LINE#         485
  C:C0D5H         LINE#         486
  C:C0D5H         LINE#         487
  C:C0F1H         LINE#         488
  C:C0F1H         LINE#         490
  C:C0F7H         LINE#         491
  C:C0F7H         LINE#         492
  C:C0FCH         LINE#         493
  C:C118H         LINE#         494
  C:C118H         LINE#         495
  -------         ENDPROC       USB_API_TEST_ISR
  -------         ENDMOD        MAIN

  -------         MODULE        MMC_SD
  C:0000H         SYMBOL        _ICE_DUMMY_
  D:00A2H         PUBLIC        SPI0CKR
  D:0080H         PUBLIC        P0
BL51 BANKED LINKER/LOCATER V6.22                                                      08/09/2021  13:31:54  PAGE 15


  D:0090H         PUBLIC        P1
  D:00A0H         PUBLIC        P2
  D:00B0H         PUBLIC        P3
  C:D255H         PUBLIC        _MMC_SD_SendCommand
  C:D41CH         PUBLIC        _MMC_SD_ReadSingleBlock
  C:DA5FH         PUBLIC        SD_Init
  C:D162H         PUBLIC        _MMC_SD_WriteSingleBlock
  B:00F8H.7       PUBLIC        SPIF
  B:00F8H.2       PUBLIC        NSSMD0
  C:C83FH         PUBLIC        MMC_SD_Reset
  D:00A9H         PUBLIC        CLKSEL
  C:DA8AH         PUBLIC        SPI_ReadByte
  C:DA18H         PUBLIC        _SPI_WriteByte
  D:00A3H         PUBLIC        SPI0DAT
  X:0081H         PUBLIC        buffer
  C:DA0CH         SYMBOL        L?0062
  C:DA11H         SYMBOL        L?0063
  -------         PROC          L?0061
  -------         ENDPROC       L?0061
  C:DA0CH         SYMBOL        L?0062
  C:DA11H         SYMBOL        L?0063
  -------         PROC          _SPI_WRITEBYTE
  D:0007H         SYMBOL        val
  -------         DO            
  D:0007H         SYMBOL        ret
  -------         ENDDO         
  C:DA18H         LINE#         7
  C:DA18H         LINE#         8
  C:DA18H         LINE#         11
  C:DA1AH         LINE#         12
  C:DA1DH         LINE#         13
  C:DA1FH         LINE#         14
  C:DA21H         LINE#         15
  C:DA21H         LINE#         16
  -------         ENDPROC       _SPI_WRITEBYTE
  -------         PROC          SPI_READBYTE
  -------         DO            
  D:0007H         SYMBOL        ret
  -------         ENDDO         
  C:DA8AH         LINE#         18
  C:DA8AH         LINE#         19
  C:DA8AH         LINE#         22
  C:DA8DH         LINE#         23
  C:DA90H         LINE#         24
  C:DA92H         LINE#         25
  C:DA94H         LINE#         26
  C:DA94H         LINE#         27
  -------         ENDPROC       SPI_READBYTE
  -------         PROC          _MMC_SD_SENDCOMMAND
  D:0006H         SYMBOL        cmd
  X:006CH         SYMBOL        arg
  -------         DO            
  D:0007H         SYMBOL        r1
  D:0003H         SYMBOL        retry
  -------         ENDDO         
  C:D255H         LINE#         29
  C:D257H         LINE#         30
BL51 BANKED LINKER/LOCATER V6.22                                                      08/09/2021  13:31:54  PAGE 16


  C:D257H         LINE#         32
  C:D259H         LINE#         34
  C:D259H         LINE#         35
  C:D259H         LINE#         36
  C:D25CH         LINE#         37
  C:D25CH         LINE#         38
  C:D25CH         LINE#         39
  C:D25FH         LINE#         41
  C:D261H         LINE#         43
  C:D268H         LINE#         44
  C:D27DH         LINE#         45
  C:D292H         LINE#         46
  C:D2A7H         LINE#         47
  C:D2B1H         LINE#         48
  C:D2B6H         LINE#         50
  C:D2BEH         LINE#         51
  C:D2C7H         LINE#         53
  C:D2C9H         LINE#         55
  C:D2C9H         LINE#         56
  -------         ENDPROC       _MMC_SD_SENDCOMMAND
  -------         PROC          MMC_SD_RESET
  -------         DO            
  D:0005H         SYMBOL        i
  D:0002H         SYMBOL        retry
  D:0006H         SYMBOL        r1
  -------         ENDDO         
  C:C83FH         LINE#         58
  C:C83FH         LINE#         59
  C:C83FH         LINE#         62
  C:C841H         LINE#         64
  C:C842H         LINE#         65
  C:C845H         LINE#         66
  C:C848H         LINE#         68
  C:C848H         LINE#         69
  C:C854H         LINE#         70
  C:C864H         LINE#         71
  C:C865H         LINE#         72
  C:C86BH         LINE#         73
  C:C86FH         LINE#         75
  C:C871H         LINE#         77
  C:C871H         LINE#         79
  C:C871H         LINE#         80
  C:C881H         LINE#         81
  C:C882H         LINE#         82
  C:C88BH         LINE#         83
  C:C88FH         LINE#         85
  C:C891H         LINE#         86
  C:C8A1H         LINE#         87
  C:C8A2H         LINE#         88
  C:C8ABH         LINE#         89
  C:C8AEH         LINE#         91
  C:C8B1H         LINE#         92
  C:C8B1H         LINE#         93
  C:C8B3H         LINE#         95
  C:C8B3H         LINE#         96
  C:C8C3H         LINE#         97
  C:C8C4H         LINE#         98
BL51 BANKED LINKER/LOCATER V6.22                                                      08/09/2021  13:31:54  PAGE 17


  C:C8CDH         LINE#         99
  C:C8D0H         LINE#         100
  C:C8D0H         LINE#         101
  C:C8E0H         LINE#         103
  C:C8EEH         LINE#         104
  C:C8F1H         LINE#         105
  C:C8F4H         LINE#         106
  C:C8F5H         LINE#         107
  -------         ENDPROC       MMC_SD_RESET
  -------         PROC          _MMC_SD_READSINGLEBLOCK
  X:0010H         SYMBOL        sector
  -------         DO            
  D:0007H         SYMBOL        r1
  D:0004H         SYMBOL        i
  D:0002H         SYMBOL        retry
  -------         ENDDO         
  C:D41CH         LINE#         109
  C:D421H         LINE#         110
  C:D421H         LINE#         113
  C:D423H         LINE#         115
  C:D426H         LINE#         117
  C:D426H         LINE#         118
  C:D442H         LINE#         119
  C:D443H         LINE#         120
  C:D44CH         LINE#         121
  C:D44FH         LINE#         124
  C:D451H         LINE#         126
  C:D457H         LINE#         128
  C:D45AH         LINE#         129
  C:D45AH         LINE#         130
  C:D469H         LINE#         131
  C:D476H         LINE#         133
  C:D476H         LINE#         134
  C:D479H         LINE#         136
  C:D47BH         LINE#         137
  C:D47EH         LINE#         138
  C:D47FH         LINE#         139
  -------         ENDPROC       _MMC_SD_READSINGLEBLOCK
  -------         PROC          _MMC_SD_WRITESINGLEBLOCK
  X:0067H         SYMBOL        sector
  -------         DO            
  D:0006H         SYMBOL        r1
  D:0004H         SYMBOL        i
  D:0002H         SYMBOL        retry
  -------         ENDDO         
  C:D162H         LINE#         141
  C:D167H         LINE#         142
  C:D167H         LINE#         145
  C:D169H         LINE#         147
  C:D16CH         LINE#         149
  C:D16CH         LINE#         150
  C:D18AH         LINE#         151
  C:D18BH         LINE#         152
  C:D194H         LINE#         153
  C:D197H         LINE#         157
  C:D199H         LINE#         159
  C:D19EH         LINE#         161
BL51 BANKED LINKER/LOCATER V6.22                                                      08/09/2021  13:31:54  PAGE 18


  C:D1A3H         LINE#         163
  C:D1A5H         LINE#         164
  C:D1A5H         LINE#         165
  C:D1B4H         LINE#         166
  C:D1C1H         LINE#         168
  C:D1C1H         LINE#         169
  C:D1C1H         LINE#         171
  C:D1C6H         LINE#         173
  C:D1CDH         LINE#         174
  C:D1CDH         LINE#         175
  C:D1CFH         LINE#         176
  C:D1D0H         LINE#         177
  C:D1D0H         LINE#         179
  C:D1D8H         LINE#         181
  C:D1DAH         LINE#         182
  C:D1DDH         LINE#         183
  C:D1DEH         LINE#         184
  -------         ENDPROC       _MMC_SD_WRITESINGLEBLOCK
  -------         PROC          SD_INIT
  -------         DO            
  D:0001H         SYMBOL        n
  -------         ENDDO         
  C:DA5FH         LINE#         187
  C:DA5FH         LINE#         188
  C:DA5FH         LINE#         189
  C:DA61H         LINE#         191
  C:DA67H         LINE#         192
  C:DA67H         LINE#         193
  C:DA68H         LINE#         194
  C:DA6FH         LINE#         196
  -------         ENDPROC       SD_INIT
  -------         ENDMOD        MMC_SD

  -------         MODULE        LCD
  C:0000H         SYMBOL        _ICE_DUMMY_
  D:0080H         PUBLIC        P0
  C:CB0AH         PUBLIC        DispFrame
  D:0090H         PUBLIC        P1
  C:CBAEH         PUBLIC        DispScaleVer_Green
  D:00A0H         PUBLIC        P2
  D:00B0H         PUBLIC        P3
  D:00C7H         PUBLIC        P4
  C:BBC4H         PUBLIC        DispBand
  C:D9A0H         PUBLIC        _WriteData
  C:008EH         PUBLIC        ascii
  C:B412H         PUBLIC        _LCD_Read_IC_ID
  D:00A6H         PUBLIC        P2MDOUT
  C:0046H         PUBLIC        _DispColor
  C:D056H         PUBLIC        DispScaleVer_Blue
  C:CF3AH         PUBLIC        _DrawGird
  C:D0DCH         PUBLIC        _DrawLine
  C:D9D8H         PUBLIC        _WriteComm
  C:D8B4H         PUBLIC        _WriteDispData
  C:CEA9H         PUBLIC        DispScaleVer_Gray
  B:00B0H.1       PUBLIC        RS
  B:00A0H.1       PUBLIC        SPI_CLK
  C:CE18H         PUBLIC        DispScaleVer_Red
BL51 BANKED LINKER/LOCATER V6.22                                                      08/09/2021  13:31:54  PAGE 19


  D:00F3H         PUBLIC        P2MDIN
  C:C26AH         PUBLIC        DispScaleVer
  C:D480H         PUBLIC        _DispPic
  C:C7A4H         PUBLIC        _DispOneChar
  C:D1DFH         PUBLIC        DispGrayHor32
  C:CC4EH         PUBLIC        DispGrayHor16
  C:C8F6H         PUBLIC        _DispInt
  C:D69AH         PUBLIC        _PutPixel
  D:00A9H         PUBLIC        CLKSEL
  B:0090H.6       PUBLIC        RD0
  B:00B0H.0       PUBLIC        CS0
  C:068EH         PUBLIC        pic_eval
  X:0059H         PUBLIC        LCM_ID
  C:BD52H         PUBLIC        LCD_Init
  C:CD82H         PUBLIC        _DispStr
  B:0090H.7       PUBLIC        WR0
  C:B644H         PUBLIC        DispScaleHor1
  B:00A0H.0       PUBLIC        SPI_DI
  C:DA95H         PUBLIC        _WriteOneDot
  C:B86AH         PUBLIC        DispScaleHor2
  C:C5BEH         PUBLIC        _DispPicFromSD
  B:0080H.7       PUBLIC        DIR
  C:D4E1H         PUBLIC        _ToOrd
  B:0080H.5       PUBLIC        RST
  C:DA22H         PUBLIC        ReadData
  C:CD03H         PUBLIC        _?BlockWrite
  -------         PROC          _LCD_READ_IC_ID
  X:0067H         SYMBOL        ID
  D:0004H         SYMBOL        Bug
  D:0003H         SYMBOL        flog
  -------         DO            
  X:0068H         SYMBOL        id
  X:006AH         SYMBOL        id1
  X:006CH         SYMBOL        temp
  D:0005H         SYMBOL        i
  D:0007H         SYMBOL        dat
  D:0001H         SYMBOL        id2
  X:006EH         SYMBOL        id3
  D:0002H         SYMBOL        id4
  -------         ENDDO         
  C:B412H         LINE#         35
  C:B416H         LINE#         36
  C:B416H         LINE#         40
  C:B41EH         LINE#         41
  C:B41EH         LINE#         43
  C:B420H         LINE#         44
  C:B422H         LINE#         45
  C:B424H         LINE#         47
  C:B427H         LINE#         48
  C:B429H         LINE#         49
  C:B42BH         LINE#         50
  C:B42DH         LINE#         53
  C:B430H         LINE#         54
  C:B433H         LINE#         55
  C:B436H         LINE#         56
  C:B438H         LINE#         57
  C:B43AH         LINE#         58
BL51 BANKED LINKER/LOCATER V6.22                                                      08/09/2021  13:31:54  PAGE 20


  C:B43CH         LINE#         63
  C:B446H         LINE#         65
  C:B44CH         LINE#         66
  C:B454H         LINE#         68
  C:B45AH         LINE#         69
  C:B460H         LINE#         70
  C:B46AH         LINE#         72
  C:B470H         LINE#         73
  C:B472H         LINE#         75
  C:B478H         LINE#         77
  C:B47EH         LINE#         78
  C:B488H         LINE#         80
  C:B48EH         LINE#         81
  C:B493H         LINE#         83
  C:B499H         LINE#         85
  C:B4A3H         LINE#         86
  C:B4ADH         LINE#         88
  C:B4B3H         LINE#         89
  C:B4B5H         LINE#         91
  C:B4C5H         LINE#         92
  C:B4CFH         LINE#         94
  C:B4D2H         LINE#         95
  C:B4D6H         LINE#         96
  C:B4D6H         LINE#         97
  C:B4DFH         LINE#         98
  C:B4E5H         LINE#         99
  C:B4E5H         LINE#         100
  C:B4EFH         LINE#         101
  C:B4F1H         LINE#         102
  C:B4F5H         LINE#         103
  C:B4F5H         LINE#         104
  C:B504H         LINE#         105
  C:B504H         LINE#         108
  C:B504H         LINE#         109
  C:B50DH         LINE#         110
  C:B50DH         LINE#         112
  C:B510H         LINE#         113
  C:B514H         LINE#         114
  C:B516H         LINE#         115
  C:B518H         LINE#         116
  C:B51AH         LINE#         117
  C:B51AH         LINE#         118
  C:B51CH         LINE#         119
  C:B524H         LINE#         120
  C:B526H         LINE#         122
  C:B528H         LINE#         123
  C:B52CH         LINE#         124
  C:B531H         LINE#         125
  C:B534H         LINE#         128
  C:B53EH         LINE#         129
  C:B53EH         LINE#         130
  C:B540H         LINE#         131
  C:B540H         LINE#         132
  C:B542H         LINE#         133
  C:B544H         LINE#         134
  C:B546H         LINE#         135
  C:B55DH         LINE#         136
BL51 BANKED LINKER/LOCATER V6.22                                                      08/09/2021  13:31:54  PAGE 21


  C:B55FH         LINE#         137
  C:B561H         LINE#         138
  C:B568H         LINE#         139
  C:B572H         LINE#         140
  C:B572H         LINE#         141
  C:B574H         LINE#         142
  C:B574H         LINE#         143
  C:B576H         LINE#         144
  C:B578H         LINE#         145
  C:B57AH         LINE#         146
  C:B591H         LINE#         147
  C:B593H         LINE#         148
  C:B595H         LINE#         149
  C:B59AH         LINE#         150
  C:B59AH         LINE#         152
  C:B59CH         LINE#         153
  C:B59CH         LINE#         154
  C:B59EH         LINE#         155
  C:B5A0H         LINE#         156
  C:B5A2H         LINE#         157
  C:B5B9H         LINE#         158
  C:B5BBH         LINE#         159
  C:B5BDH         LINE#         160
  C:B5C2H         LINE#         162
  C:B5C4H         LINE#         163
  C:B5C4H         LINE#         164
  C:B5C6H         LINE#         165
  C:B5C8H         LINE#         166
  C:B5CAH         LINE#         167
  C:B5D4H         LINE#         168
  C:B5D6H         LINE#         169
  C:B5D8H         LINE#         170
  C:B5DDH         LINE#         172
  C:B5DFH         LINE#         173
  C:B5DFH         LINE#         174
  C:B5E1H         LINE#         175
  C:B5E3H         LINE#         176
  C:B5E5H         LINE#         177
  C:B5F1H         LINE#         178
  C:B5F3H         LINE#         179
  C:B5F5H         LINE#         180
  C:B5FAH         LINE#         181
  C:B5FDH         LINE#         182
  C:B5FFH         LINE#         183
  C:B601H         LINE#         184
  C:B603H         LINE#         185
  C:B605H         LINE#         186
  C:B607H         LINE#         187
  C:B609H         LINE#         189
  C:B60DH         LINE#         190
  C:B60DH         LINE#         191
  C:B61DH         LINE#         193
  C:B628H         LINE#         194
  C:B628H         LINE#         195
  C:B628H         LINE#         197
  C:B62EH         LINE#         198
  C:B62EH         LINE#         199
BL51 BANKED LINKER/LOCATER V6.22                                                      08/09/2021  13:31:54  PAGE 22


  C:B63AH         LINE#         200
  C:B63AH         LINE#         202
  C:B63AH         LINE#         203
  C:B63CH         LINE#         204
  C:B643H         LINE#         205
  -------         ENDPROC       _LCD_READ_IC_ID
  -------         PROC          _WRITECOMM
  D:0004H         SYMBOL        i
  -------         DO            
  X:007FH         SYMBOL        j
  X:0080H         SYMBOL        DataH
  -------         ENDDO         
  C:D9D8H         LINE#         208
  C:D9DCH         LINE#         209
  C:D9DCH         LINE#         211
  C:D9E0H         LINE#         212
  C:D9E2H         LINE#         234
  C:D9E2H         LINE#         235
  C:D9E4H         LINE#         236
  C:D9E6H         LINE#         237
  C:D9E8H         LINE#         238
  C:D9ECH         LINE#         239
  C:D9EEH         LINE#         240
  C:D9F0H         LINE#         241
  C:D9F0H         LINE#         319
  C:D9F2H         LINE#         320
  -------         ENDPROC       _WRITECOMM
  -------         PROC          L?0451
  -------         ENDPROC       L?0451
  -------         PROC          _WRITEDATA
  D:0004H         SYMBOL        i
  -------         DO            
  X:007FH         SYMBOL        j
  X:0080H         SYMBOL        DataH
  -------         ENDDO         
  C:D9A0H         LINE#         322
  C:D9A4H         LINE#         323
  C:D9A4H         LINE#         325
  C:D9A8H         LINE#         326
  C:D9AAH         LINE#         352
  C:D9AAH         LINE#         353
  C:D9ACH         LINE#         354
  C:D9AEH         LINE#         355
  C:D9B0H         LINE#         356
  C:D9B4H         LINE#         357
  C:D9B6H         LINE#         358
  C:D9B8H         LINE#         359
  C:D9B8H         LINE#         513
  C:D9BAH         LINE#         514
  -------         ENDPROC       _WRITEDATA
  C:D89FH         SYMBOL        L?0450
  -------         PROC          L?0449
  -------         ENDPROC       L?0449
  C:D89FH         SYMBOL        L?0450
  -------         PROC          _WRITEDISPDATA
  D:0007H         SYMBOL        DataH
  D:0005H         SYMBOL        DataL
BL51 BANKED LINKER/LOCATER V6.22                                                      08/09/2021  13:31:54  PAGE 23


  -------         DO            
  X:007FH         SYMBOL        j
  -------         ENDDO         
  C:D8B4H         LINE#         516
  C:D8B4H         LINE#         517
  C:D8B4H         LINE#         519
  C:D8B6H         LINE#         544
  C:D8B6H         LINE#         545
  C:D8B8H         LINE#         546
  C:D8BAH         LINE#         547
  C:D8BCH         LINE#         548
  C:D8C0H         LINE#         549
  C:D8C2H         LINE#         550
  C:D8C4H         LINE#         551
  C:D8C4H         LINE#         638
  C:D8C6H         LINE#         639
  -------         ENDPROC       _WRITEDISPDATA
  -------         PROC          _WRITEONEDOT
  D:0004H         SYMBOL        color
  C:DA95H         LINE#         641
  C:DA99H         LINE#         642
  C:DA99H         LINE#         655
  -------         ENDPROC       _WRITEONEDOT
  -------         PROC          LCD_INIT
  C:BD52H         LINE#         664
  C:BD52H         LINE#         665
  C:BD52H         LINE#         666
  C:BD55H         LINE#         669
  C:BD57H         LINE#         670
  C:BD5EH         LINE#         672
  C:BD60H         LINE#         673
  C:BD67H         LINE#         675
  C:BD69H         LINE#         676
  C:BD70H         LINE#         4252
  C:BD77H         LINE#         4337
  C:BD7CH         LINE#         4338
  C:BD81H         LINE#         4340
  C:BD88H         LINE#         4341
  C:BD8DH         LINE#         4343
  C:BD92H         LINE#         4344
  C:BD97H         LINE#         4347
  C:BD9CH         LINE#         4348
  C:BDA1H         LINE#         4349
  C:BDA6H         LINE#         4350
  C:BDABH         LINE#         4351
  C:BDB0H         LINE#         4352
  C:BDB5H         LINE#         4353
  C:BDBAH         LINE#         4354
  C:BDBFH         LINE#         4356
  C:BDC4H         LINE#         4357
  C:BDC9H         LINE#         4358
  C:BDCEH         LINE#         4359
  C:BDD3H         LINE#         4360
  C:BDD8H         LINE#         4361
  C:BDDDH         LINE#         4362
  C:BDE2H         LINE#         4363
  C:BDE7H         LINE#         4364
BL51 BANKED LINKER/LOCATER V6.22                                                      08/09/2021  13:31:54  PAGE 24


  C:BDECH         LINE#         4365
  C:BDF1H         LINE#         4366
  C:BDF6H         LINE#         4367
  C:BDFBH         LINE#         4368
  C:BE00H         LINE#         4369
  C:BE05H         LINE#         4370
  C:BE0AH         LINE#         4372
  C:BE0FH         LINE#         4373
  C:BE14H         LINE#         4374
  C:BE19H         LINE#         4375
  C:BE1EH         LINE#         4376
  C:BE23H         LINE#         4377
  C:BE28H         LINE#         4378
  C:BE2DH         LINE#         4379
  C:BE32H         LINE#         4380
  C:BE37H         LINE#         4381
  C:BE3CH         LINE#         4382
  C:BE41H         LINE#         4383
  C:BE46H         LINE#         4384
  C:BE4BH         LINE#         4385
  C:BE50H         LINE#         4386
  C:BE55H         LINE#         4387
  C:BE5AH         LINE#         4388
  C:BE5FH         LINE#         4389
  C:BE64H         LINE#         4390
  C:BE69H         LINE#         4391
  C:BE6EH         LINE#         4392
  C:BE73H         LINE#         4393
  C:BE78H         LINE#         4394
  C:BE7DH         LINE#         4395
  C:BE82H         LINE#         4396
  C:BE87H         LINE#         4397
  C:BE8CH         LINE#         4398
  C:BE91H         LINE#         4399
  C:BE96H         LINE#         4400
  C:BE9BH         LINE#         4401
  C:BEA0H         LINE#         4402
  -------         ENDPROC       LCD_INIT
  C:CCEAH         SYMBOL        L?0443
  C:CCF0H         SYMBOL        L?0444
  C:CCF9H         SYMBOL        L?0445
  -------         PROC          L?0442
  -------         ENDPROC       L?0442
  C:CCEAH         SYMBOL        L?0443
  C:CCF0H         SYMBOL        L?0444
  C:CCF9H         SYMBOL        L?0445
  -------         PROC          _?BLOCKWRITE
  p:0000H         SYMBOL        Xstart
  p:0002H         SYMBOL        Xend
  p:0004H         SYMBOL        Ystart
  p:0006H         SYMBOL        Yend
  C:CD03H         LINE#         5096
  C:CD24H         LINE#         5199
  C:CD2BH         LINE#         5200
  C:CD32H         LINE#         5201
  C:CD3AH         LINE#         5202
  C:CD45H         LINE#         5203
BL51 BANKED LINKER/LOCATER V6.22                                                      08/09/2021  13:31:54  PAGE 25


  C:CD4FH         LINE#         5205
  C:CD54H         LINE#         5206
  C:CD5EH         LINE#         5208
  C:CD65H         LINE#         5209
  C:CD6FH         LINE#         5210
  C:CD76H         LINE#         5216
  C:CD7BH         LINE#         5223
  -------         ENDPROC       _?BLOCKWRITE
  -------         PROC          _DISPCOLOR
  D:0004H         SYMBOL        color
  -------         DO            
  X:005EH         SYMBOL        i
  D:0002H         SYMBOL        m
  X:0060H         SYMBOL        DataH
  X:0061H         SYMBOL        DataL
  -------         ENDDO         
  C:0046H         LINE#         5225
  C:0048H         LINE#         5226
  C:0048H         LINE#         5229
  C:004EH         LINE#         5231
  C:0051H         LINE#         5233
  C:0053H         LINE#         5234
  C:0059H         LINE#         5235
  C:0059H         LINE#         5236
  C:005CH         LINE#         5237
  C:005CH         LINE#         5238
  C:0066H         LINE#         5239
  C:0071H         LINE#         5240
  C:0087H         LINE#         5242
  C:0089H         LINE#         5243
  -------         ENDPROC       _DISPCOLOR
  -------         PROC          DISPFRAME
  -------         DO            
  D:0002H         SYMBOL        i
  X:005EH         SYMBOL        j
  D:0001H         SYMBOL        DataH
  D:0006H         SYMBOL        DataL
  -------         ENDDO         
  C:CB0AH         LINE#         5245
  C:CB0AH         LINE#         5246
  C:CB0AH         LINE#         5249
  C:CB0DH         LINE#         5251
  C:CB0FH         LINE#         5254
  C:CB13H         LINE#         5255
  C:CB19H         LINE#         5257
  C:CB19H         LINE#         5258
  C:CB19H         LINE#         5259
  C:CB1DH         LINE#         5260
  C:CB24H         LINE#         5261
  C:CB2FH         LINE#         5263
  C:CB33H         LINE#         5264
  C:CB39H         LINE#         5266
  C:CB3EH         LINE#         5267
  C:CB3EH         LINE#         5268
  C:CB42H         LINE#         5269
  C:CB48H         LINE#         5271
  C:CB4AH         LINE#         5272
BL51 BANKED LINKER/LOCATER V6.22                                                      08/09/2021  13:31:54  PAGE 26


  C:CB4AH         LINE#         5273
  C:CB4DH         LINE#         5274
  C:CB52H         LINE#         5275
  C:CB5DH         LINE#         5277
  C:CB61H         LINE#         5278
  C:CB67H         LINE#         5280
  C:CB7DH         LINE#         5282
  C:CB81H         LINE#         5283
  C:CB87H         LINE#         5285
  C:CB89H         LINE#         5286
  C:CB89H         LINE#         5287
  C:CB8DH         LINE#         5288
  C:CB94H         LINE#         5289
  C:CB9FH         LINE#         5291
  C:CBA3H         LINE#         5292
  C:CBA9H         LINE#         5294
  C:CBABH         LINE#         5295
  C:CBADH         LINE#         5296
  -------         ENDPROC       DISPFRAME
  -------         PROC          DISPBAND
  -------         DO            
  D:0002H         SYMBOL        i
  X:0014H         SYMBOL        j
  X:0015H         SYMBOL        k
  X:0016H         SYMBOL        m
  X:0017H         SYMBOL        n
  X:0018H         SYMBOL        x
  -------         ENDDO         
  C:BBC4H         LINE#         5298
  C:BBC4H         LINE#         5299
  C:BBC4H         LINE#         5302
  C:BBCDH         LINE#         5303
  C:BBD6H         LINE#         5304
  C:BBD8H         LINE#         5307
  C:BBE0H         LINE#         5308
  C:BBECH         LINE#         5309
  C:BBECH         LINE#         5310
  C:BC07H         LINE#         5311
  C:BC22H         LINE#         5312
  C:BC4EH         LINE#         5313
  C:BC55H         LINE#         5314
  C:BC64H         LINE#         5315
  C:BC64H         LINE#         5316
  C:BC7FH         LINE#         5317
  C:BC9AH         LINE#         5318
  C:BCC6H         LINE#         5319
  C:BCCDH         LINE#         5320
  C:BCE3H         LINE#         5321
  C:BCE3H         LINE#         5322
  C:BCFEH         LINE#         5323
  C:BD19H         LINE#         5324
  C:BD45H         LINE#         5325
  C:BD4CH         LINE#         5326
  C:BD4EH         LINE#         5327
  C:BD51H         LINE#         5328
  -------         ENDPROC       DISPBAND
  -------         PROC          _DISPPIC
BL51 BANKED LINKER/LOCATER V6.22                                                      08/09/2021  13:31:54  PAGE 27


  D:0006H         SYMBOL        picture
  -------         DO            
  X:0019H         SYMBOL        p
  X:001CH         SYMBOL        n
  -------         ENDDO         
  C:D480H         LINE#         5331
  C:D480H         LINE#         5332
  C:D480H         LINE#         5335
  C:D48FH         LINE#         5336
  C:D48FH         LINE#         5337
  C:D48FH         LINE#         5339
  C:D4A0H         LINE#         5341
  C:D4B3H         LINE#         5342
  C:D4B3H         LINE#         5343
  C:D4D3H         LINE#         5344
  C:D4E0H         LINE#         5346
  -------         ENDPROC       _DISPPIC
  -------         PROC          _DISPPICFROMSD
  X:001EH         SYMBOL        PicNum
  -------         DO            
  X:001FH         SYMBOL        Address_S
  X:0023H         SYMBOL        Address_E
  D:0002H         SYMBOL        i
  X:0027H         SYMBOL        k
  -------         ENDDO         
  C:C5BEH         LINE#         5350
  C:C5C1H         LINE#         5351
  C:C5C1H         LINE#         5357
  C:C5C4H         LINE#         5360
  C:C5C6H         LINE#         5362
  C:C5C8H         LINE#         5364
  C:C5D1H         LINE#         5365
  C:C5FCH         LINE#         5366
  C:C625H         LINE#         5367
  C:C648H         LINE#         5368
  C:C648H         LINE#         5369
  C:C658H         LINE#         5371
  C:C661H         LINE#         5372
  C:C661H         LINE#         5374
  C:C67CH         LINE#         5375
  C:C685H         LINE#         5376
  C:C6A4H         LINE#         5378
  C:C6A6H         LINE#         5416
  -------         ENDPROC       _DISPPICFROMSD
  -------         PROC          DISPSCALEHOR1
  -------         DO            
  X:002BH         SYMBOL        i
  X:002DH         SYMBOL        j
  D:0002H         SYMBOL        k
  -------         ENDDO         
  C:B644H         LINE#         5421
  C:B644H         LINE#         5422
  C:B644H         LINE#         5425
  C:B647H         LINE#         5428
  C:B647H         LINE#         5429
  C:B647H         LINE#         5430
  C:B669H         LINE#         5431
BL51 BANKED LINKER/LOCATER V6.22                                                      08/09/2021  13:31:54  PAGE 28


  C:B66FH         LINE#         5432
  C:B66FH         LINE#         5433
  C:B675H         LINE#         5434
  C:B675H         LINE#         5435
  C:B68AH         LINE#         5436
  C:B6A0H         LINE#         5437
  C:B6B6H         LINE#         5439
  C:B6C1H         LINE#         5442
  C:B6C4H         LINE#         5443
  C:B6C4H         LINE#         5444
  C:B6E6H         LINE#         5445
  C:B6ECH         LINE#         5446
  C:B6ECH         LINE#         5447
  C:B6F2H         LINE#         5448
  C:B6F2H         LINE#         5449
  C:B71DH         LINE#         5450
  C:B733H         LINE#         5451
  C:B749H         LINE#         5452
  C:B757H         LINE#         5455
  C:B75AH         LINE#         5456
  C:B75AH         LINE#         5457
  C:B77CH         LINE#         5458
  C:B782H         LINE#         5459
  C:B782H         LINE#         5460
  C:B788H         LINE#         5461
  C:B788H         LINE#         5462
  C:B792H         LINE#         5463
  C:B7A8H         LINE#         5464
  C:B7BEH         LINE#         5465
  C:B7C9H         LINE#         5468
  C:B7CCH         LINE#         5469
  C:B7CCH         LINE#         5470
  C:B7EEH         LINE#         5471
  C:B7F4H         LINE#         5472
  C:B7F4H         LINE#         5473
  C:B7FAH         LINE#         5474
  C:B7FAH         LINE#         5475
  C:B82DH         LINE#         5476
  C:B843H         LINE#         5477
  C:B859H         LINE#         5478
  C:B867H         LINE#         5479
  C:B869H         LINE#         5480
  -------         ENDPROC       DISPSCALEHOR1
  -------         PROC          DISPSCALEVER
  -------         DO            
  X:002FH         SYMBOL        i
  X:0031H         SYMBOL        j
  D:0002H         SYMBOL        k
  -------         ENDDO         
  C:C26AH         LINE#         5482
  C:C26AH         LINE#         5483
  C:C26AH         LINE#         5552
  C:C26DH         LINE#         5554
  C:C273H         LINE#         5555
  C:C273H         LINE#         5556
  C:C279H         LINE#         5557
  C:C279H         LINE#         5558
BL51 BANKED LINKER/LOCATER V6.22                                                      08/09/2021  13:31:54  PAGE 29


  C:C27FH         LINE#         5559
  C:C295H         LINE#         5560
  C:C29CH         LINE#         5562
  C:C29FH         LINE#         5563
  C:C29FH         LINE#         5565
  C:C2A5H         LINE#         5566
  C:C2A5H         LINE#         5568
  C:C2ABH         LINE#         5569
  C:C2ABH         LINE#         5570
  C:C2BDH         LINE#         5571
  C:C2D3H         LINE#         5573
  C:C2D9H         LINE#         5574
  C:C2D9H         LINE#         5575
  C:C301H         LINE#         5576
  C:C317H         LINE#         5578
  C:C31DH         LINE#         5579
  C:C31DH         LINE#         5580
  C:C324H         LINE#         5581
  C:C33AH         LINE#         5583
  C:C340H         LINE#         5584
  C:C340H         LINE#         5585
  C:C354H         LINE#         5586
  C:C36AH         LINE#         5588
  C:C383H         LINE#         5590
  C:C391H         LINE#         5592
  -------         ENDPROC       DISPSCALEVER
  -------         PROC          DISPSCALEVER_RED
  -------         DO            
  X:0033H         SYMBOL        i
  X:0035H         SYMBOL        j
  D:0002H         SYMBOL        k
  -------         ENDDO         
  C:CE18H         LINE#         5594
  C:CE18H         LINE#         5595
  C:CE18H         LINE#         5598
  C:CE1BH         LINE#         5600
  C:CE1DH         LINE#         5602
  C:CE1FH         LINE#         5605
  C:CE25H         LINE#         5606
  C:CE25H         LINE#         5607
  C:CE2BH         LINE#         5608
  C:CE2BH         LINE#         5609
  C:CE31H         LINE#         5610
  C:CE47H         LINE#         5611
  C:CE4EH         LINE#         5613
  C:CE51H         LINE#         5614
  C:CE51H         LINE#         5615
  C:CE57H         LINE#         5616
  C:CE57H         LINE#         5618
  C:CE5DH         LINE#         5619
  C:CE5DH         LINE#         5620
  C:CE6FH         LINE#         5621
  C:CE85H         LINE#         5622
  C:CE9BH         LINE#         5624
  C:CEA6H         LINE#         5626
  C:CEA8H         LINE#         5627
  -------         ENDPROC       DISPSCALEVER_RED
BL51 BANKED LINKER/LOCATER V6.22                                                      08/09/2021  13:31:54  PAGE 30


  -------         PROC          DISPSCALEVER_GREEN
  -------         DO            
  X:0037H         SYMBOL        i
  X:0039H         SYMBOL        j
  D:0002H         SYMBOL        k
  -------         ENDDO         
  C:CBAEH         LINE#         5629
  C:CBAEH         LINE#         5630
  C:CBAEH         LINE#         5633
  C:CBB1H         LINE#         5635
  C:CBB3H         LINE#         5636
  C:CBB5H         LINE#         5639
  C:CBBBH         LINE#         5640
  C:CBBBH         LINE#         5641
  C:CBC1H         LINE#         5642
  C:CBC1H         LINE#         5643
  C:CBC7H         LINE#         5645
  C:CBDDH         LINE#         5646
  C:CBE4H         LINE#         5648
  C:CBE7H         LINE#         5649
  C:CBE7H         LINE#         5650
  C:CBEDH         LINE#         5651
  C:CBEDH         LINE#         5653
  C:CBF3H         LINE#         5654
  C:CBF3H         LINE#         5656
  C:CC14H         LINE#         5657
  C:CC2AH         LINE#         5658
  C:CC40H         LINE#         5660
  C:CC4BH         LINE#         5662
  C:CC4DH         LINE#         5663
  -------         ENDPROC       DISPSCALEVER_GREEN
  -------         PROC          DISPSCALEVER_BLUE
  -------         DO            
  X:003BH         SYMBOL        i
  X:003DH         SYMBOL        j
  D:0002H         SYMBOL        k
  -------         ENDDO         
  C:D056H         LINE#         5665
  C:D056H         LINE#         5666
  C:D056H         LINE#         5669
  C:D059H         LINE#         5671
  C:D05BH         LINE#         5672
  C:D05DH         LINE#         5675
  C:D063H         LINE#         5676
  C:D063H         LINE#         5677
  C:D069H         LINE#         5678
  C:D069H         LINE#         5679
  C:D06FH         LINE#         5680
  C:D085H         LINE#         5681
  C:D08CH         LINE#         5683
  C:D08FH         LINE#         5684
  C:D08FH         LINE#         5685
  C:D095H         LINE#         5686
  C:D095H         LINE#         5688
  C:D09BH         LINE#         5689
  C:D09BH         LINE#         5690
  C:D0A2H         LINE#         5691
BL51 BANKED LINKER/LOCATER V6.22                                                      08/09/2021  13:31:54  PAGE 31


  C:D0B8H         LINE#         5692
  C:D0CEH         LINE#         5694
  C:D0D9H         LINE#         5696
  C:D0DBH         LINE#         5697
  -------         ENDPROC       DISPSCALEVER_BLUE
  -------         PROC          DISPSCALEVER_GRAY
  -------         DO            
  X:003FH         SYMBOL        i
  X:0041H         SYMBOL        j
  D:0002H         SYMBOL        k
  -------         ENDDO         
  C:CEA9H         LINE#         5699
  C:CEA9H         LINE#         5700
  C:CEA9H         LINE#         5703
  C:CEACH         LINE#         5705
  C:CEAEH         LINE#         5710
  C:CEB4H         LINE#         5711
  C:CEB4H         LINE#         5712
  C:CEBAH         LINE#         5713
  C:CEBAH         LINE#         5714
  C:CEC0H         LINE#         5716
  C:CED6H         LINE#         5717
  C:CEDDH         LINE#         5719
  C:CEE0H         LINE#         5720
  C:CEE0H         LINE#         5721
  C:CEE6H         LINE#         5722
  C:CEE6H         LINE#         5724
  C:CEECH         LINE#         5725
  C:CEECH         LINE#         5726
  C:CF00H         LINE#         5727
  C:CF16H         LINE#         5728
  C:CF2CH         LINE#         5730
  C:CF37H         LINE#         5732
  C:CF39H         LINE#         5733
  -------         ENDPROC       DISPSCALEVER_GRAY
  -------         PROC          DISPGRAYHOR16
  -------         DO            
  X:005EH         SYMBOL        i
  D:0002H         SYMBOL        j
  X:0060H         SYMBOL        k
  -------         ENDDO         
  C:CC4EH         LINE#         5735
  C:CC4EH         LINE#         5736
  C:CC4EH         LINE#         5739
  C:CC51H         LINE#         5741
  C:CC53H         LINE#         5742
  C:CC55H         LINE#         5744
  C:CC5BH         LINE#         5745
  C:CC5BH         LINE#         5746
  C:CC64H         LINE#         5747
  C:CC64H         LINE#         5748
  C:CC6AH         LINE#         5749
  C:CC71H         LINE#         5751
  C:CC74H         LINE#         5752
  C:CC74H         LINE#         5753
  C:CC7AH         LINE#         5754
  C:CC7AH         LINE#         5755
BL51 BANKED LINKER/LOCATER V6.22                                                      08/09/2021  13:31:54  PAGE 32


  C:CCACH         LINE#         5756
  C:CCC2H         LINE#         5757
  C:CCCDH         LINE#         5758
  C:CCE6H         LINE#         5760
  C:CCE8H         LINE#         5761
  -------         ENDPROC       DISPGRAYHOR16
  -------         PROC          DISPGRAYHOR32
  -------         DO            
  X:0043H         SYMBOL        i
  D:0002H         SYMBOL        j
  X:0045H         SYMBOL        k
  -------         ENDDO         
  C:D1DFH         LINE#         5763
  C:D1DFH         LINE#         5764
  C:D1DFH         LINE#         5767
  C:D1E2H         LINE#         5769
  C:D1E4H         LINE#         5771
  C:D1EAH         LINE#         5772
  C:D1EAH         LINE#         5773
  C:D1EDH         LINE#         5774
  C:D1EDH         LINE#         5775
  C:D1F3H         LINE#         5776
  C:D1FEH         LINE#         5778
  C:D201H         LINE#         5779
  C:D201H         LINE#         5780
  C:D207H         LINE#         5781
  C:D207H         LINE#         5782
  C:D21BH         LINE#         5783
  C:D231H         LINE#         5784
  C:D23CH         LINE#         5785
  C:D252H         LINE#         5787
  C:D254H         LINE#         5788
  -------         ENDPROC       DISPGRAYHOR32
  -------         PROC          DISPSCALEHOR2
  -------         DO            
  X:0047H         SYMBOL        j
  D:0002H         SYMBOL        k
  -------         ENDDO         
  C:B86AH         LINE#         5790
  C:B86AH         LINE#         5791
  C:B86AH         LINE#         5794
  C:B86DH         LINE#         5796
  C:B86DH         LINE#         5797
  C:B86DH         LINE#         5798
  C:B873H         LINE#         5799
  C:B890H         LINE#         5800
  C:B89BH         LINE#         5801
  C:B89EH         LINE#         5802
  C:B89EH         LINE#         5803
  C:B8A4H         LINE#         5804
  C:B8C1H         LINE#         5805
  C:B8CCH         LINE#         5806
  C:B8CFH         LINE#         5807
  C:B8CFH         LINE#         5808
  C:B8D5H         LINE#         5809
  C:B8F2H         LINE#         5810
  C:B8FDH         LINE#         5811
BL51 BANKED LINKER/LOCATER V6.22                                                      08/09/2021  13:31:54  PAGE 33


  C:B900H         LINE#         5812
  C:B900H         LINE#         5813
  C:B906H         LINE#         5814
  C:B923H         LINE#         5815
  C:B92EH         LINE#         5816
  C:B931H         LINE#         5817
  C:B931H         LINE#         5818
  C:B937H         LINE#         5819
  C:B954H         LINE#         5820
  C:B95FH         LINE#         5821
  C:B962H         LINE#         5822
  C:B962H         LINE#         5823
  C:B968H         LINE#         5824
  C:B985H         LINE#         5825
  C:B990H         LINE#         5826
  C:B993H         LINE#         5827
  C:B993H         LINE#         5828
  C:B999H         LINE#         5829
  C:B9B6H         LINE#         5830
  C:B9C1H         LINE#         5831
  C:B9C4H         LINE#         5832
  C:B9C4H         LINE#         5833
  C:B9CAH         LINE#         5834
  C:B9E6H         LINE#         5835
  C:B9F1H         LINE#         5836
  C:B9FAH         LINE#         5837
  C:B9FAH         LINE#         5838
  C:BA00H         LINE#         5839
  C:BA1CH         LINE#         5840
  C:BA23H         LINE#         5842
  -------         ENDPROC       DISPSCALEHOR2
  -------         PROC          _TOORD
  D:0007H         SYMBOL        ch
  C:D4E1H         LINE#         5947
  C:D4E1H         LINE#         5948
  C:D4E1H         LINE#         5949
  C:D4E7H         LINE#         5950
  C:D4E7H         LINE#         5951
  C:D4E9H         LINE#         5952
  C:D4EBH         LINE#         5953
  C:D4F7H         LINE#         5954
  C:D4F7H         LINE#         5955
  C:D4FBH         LINE#         5956
  C:D4FDH         LINE#         5957
  C:D509H         LINE#         5958
  C:D509H         LINE#         5959
  C:D50DH         LINE#         5960
  C:D50FH         LINE#         5961
  C:D51BH         LINE#         5962
  C:D51BH         LINE#         5963
  C:D51FH         LINE#         5964
  C:D521H         LINE#         5965
  C:D52DH         LINE#         5966
  C:D52DH         LINE#         5967
  C:D531H         LINE#         5968
  C:D533H         LINE#         5969
  C:D539H         LINE#         5970
BL51 BANKED LINKER/LOCATER V6.22                                                      08/09/2021  13:31:54  PAGE 34


  C:D539H         LINE#         5971
  C:D53BH         LINE#         5972
  C:D53BH         LINE#         5974
  C:D53BH         LINE#         5975
  -------         ENDPROC       _TOORD
  C:C77CH         SYMBOL        L?0447
  C:C794H         SYMBOL        L?0448
  -------         PROC          L?0446
  -------         ENDPROC       L?0446
  C:C77CH         SYMBOL        L?0447
  C:C794H         SYMBOL        L?0448
  -------         PROC          _DISPONECHAR
  X:0072H         SYMBOL        ord
  D:0006H         SYMBOL        Xstart
  D:0002H         SYMBOL        Ystart
  X:0077H         SYMBOL        TextColor
  X:0079H         SYMBOL        BackColor
  -------         DO            
  X:007BH         SYMBOL        i
  D:0002H         SYMBOL        j
  X:007CH         SYMBOL        p
  D:0003H         SYMBOL        dat
  D:0006H         SYMBOL        index
  -------         ENDDO         
  C:C7A4H         LINE#         5977
  C:C7ACH         LINE#         5978
  C:C7ACH         LINE#         5984
  C:C7C6H         LINE#         5986
  C:C7CCH         LINE#         5988
  C:C7D4H         LINE#         5989
  C:C7D6H         LINE#         5991
  C:C7E4H         LINE#         5993
  C:C7F1H         LINE#         5994
  C:C7F8H         LINE#         5996
  C:C7FCH         LINE#         5997
  C:C7FCH         LINE#         5998
  C:C811H         LINE#         5999
  C:C813H         LINE#         6000
  C:C813H         LINE#         6001
  C:C820H         LINE#         6002
  C:C820H         LINE#         6003
  C:C822H         LINE#         6004
  C:C824H         LINE#         6006
  C:C824H         LINE#         6007
  C:C82EH         LINE#         6008
  C:C82EH         LINE#         6009
  C:C833H         LINE#         6010
  C:C83EH         LINE#         6011
  -------         ENDPROC       _DISPONECHAR
  -------         PROC          _DISPSTR
  X:0067H         SYMBOL        str
  X:006AH         SYMBOL        Xstart
  X:006CH         SYMBOL        Ystart
  X:006EH         SYMBOL        TextColor
  X:0070H         SYMBOL        BackColor
  C:CD82H         LINE#         6013
  C:CD92H         LINE#         6014
BL51 BANKED LINKER/LOCATER V6.22                                                      08/09/2021  13:31:54  PAGE 35


  C:CD92H         LINE#         6016
[...]
  C:B338H         LINE#         321
  C:B347H         LINE#         322
  C:B347H         LINE#         323
  C:B35CH         LINE#         324
  C:B361H         LINE#         325
  C:B369H         LINE#         326
  C:B373H         LINE#         327
  C:B381H         LINE#         328
  C:B38FH         LINE#         329
  C:B391H         LINE#         331
  C:B391H         LINE#         332
  C:B396H         LINE#         333
  C:B399H         LINE#         334
  C:B3B1H         LINE#         335
  C:B3B1H         LINE#         336
  C:B3CAH         LINE#         337
  C:B3CFH         LINE#         338
  C:B3D7H         LINE#         339
  C:B3DEH         LINE#         340
  C:B3E3H         LINE#         341
  C:B3E3H         LINE#         342
  C:B3F7H         LINE#         343
  C:B3F7H         LINE#         344
  C:B3FEH         LINE#         345
  C:B403H         LINE#         346
  C:B403H         LINE#         347
  C:B411H         LINE#         348
  C:B411H         LINE#         349
  -------         ENDPROC       USBXCORE_HANDLE_SETUP
  -------         PROC          USBXCORE_FORCE_STALL
  C:D9BBH         LINE#         356
  C:D9BBH         LINE#         358
BL51 BANKED LINKER/LOCATER V6.22                                                      08/09/2021  13:31:54  PAGE 43


  C:D9C6H         LINE#         359
  C:D9D1H         LINE#         360
  C:D9D7H         LINE#         361
  -------         ENDPROC       USBXCORE_FORCE_STALL
  -------         PROC          USBXCORE_GET_STATUS
  C:D33DH         LINE#         367
  C:D33DH         LINE#         369
  C:D34CH         LINE#         370
  C:D34CH         LINE#         371
  C:D34CH         LINE#         372
  C:D34CH         LINE#         373
  C:D34CH         LINE#         374
  C:D34EH         LINE#         375
  C:D34EH         LINE#         379
  C:D34EH         LINE#         381
  C:D35CH         LINE#         385
  C:D35CH         LINE#         386
  C:D35CH         LINE#         387
  C:D35CH         LINE#         388
  C:D35EH         LINE#         390
  C:D35EH         LINE#         392
  C:D36CH         LINE#         396
  C:D36CH         LINE#         397
  C:D379H         LINE#         398
  C:D379H         LINE#         399
  C:D37BH         LINE#         401
  C:D37BH         LINE#         402
  C:D389H         LINE#         403
  C:D392H         LINE#         404
  C:D392H         LINE#         405
  C:D392H         LINE#         406
  C:D394H         LINE#         407
  C:D394H         LINE#         408
  C:D397H         LINE#         409
  C:D397H         LINE#         410
  C:D397H         LINE#         411
  C:D39FH         LINE#         412
  C:D39FH         LINE#         413
  C:D3A2H         LINE#         414
  C:D3A8H         LINE#         415
  C:D3AFH         LINE#         416
  C:D3AFH         LINE#         417
  -------         ENDPROC       USBXCORE_GET_STATUS
  -------         PROC          USBXCORE_CLEAR_FEATURE
  C:D596H         LINE#         423
  C:D596H         LINE#         425
  C:D59CH         LINE#         426
  C:D59CH         LINE#         428
  C:D5A3H         LINE#         429
  C:D5A3H         LINE#         430
  C:D5AEH         LINE#         436
  C:D5B9H         LINE#         437
  C:D5BEH         LINE#         438
  C:D5C0H         LINE#         440
  C:D5C0H         LINE#         442
  C:D5CBH         LINE#         446
  C:D5D6H         LINE#         447
BL51 BANKED LINKER/LOCATER V6.22                                                      08/09/2021  13:31:54  PAGE 44


  C:D5DBH         LINE#         448
  C:D5DBH         LINE#         449
  C:D5DDH         LINE#         451
  C:D5DDH         LINE#         452
  C:D5E0H         LINE#         453
  C:D5E0H         LINE#         454
  C:D5EBH         LINE#         455
  -------         ENDPROC       USBXCORE_CLEAR_FEATURE
  -------         PROC          USBXCORE_VENDOR_USB_API
  C:C6A7H         LINE#         462
  C:C6A7H         LINE#         464
  C:C6B1H         LINE#         465
  C:C6B1H         LINE#         466
  C:C6B8H         LINE#         467
  C:C6B8H         LINE#         468
  C:C6BBH         LINE#         469
  C:C6BEH         LINE#         470
  C:C6C0H         LINE#         472
  C:C6C0H         LINE#         473
  C:C6C7H         LINE#         474
  C:C6C7H         LINE#         477
  C:C6D2H         LINE#         482
  C:C6DDH         LINE#         483
  C:C6E8H         LINE#         485
  C:C6E8H         LINE#         486
  C:C6FBH         LINE#         487
  C:C6FBH         LINE#         488
  C:C6FFH         LINE#         489
  C:C70AH         LINE#         491
  C:C70AH         LINE#         492
  C:C71DH         LINE#         493
  C:C71DH         LINE#         494
  C:C721H         LINE#         495
  C:C72CH         LINE#         497
  C:C732H         LINE#         498
  C:C73AH         LINE#         499
  C:C73AH         LINE#         500
  C:C73DH         LINE#         501
  C:C73DH         LINE#         502
  C:C73DH         LINE#         503
  C:C748H         LINE#         504
  C:C748H         LINE#         505
  C:C74EH         LINE#         506
  C:C755H         LINE#         507
  C:C755H         LINE#         508
  C:C759H         LINE#         509
  C:C759H         LINE#         510
  C:C75FH         LINE#         511
  C:C766H         LINE#         512
  C:C766H         LINE#         513
  C:C771H         LINE#         514
  -------         ENDPROC       USBXCORE_VENDOR_USB_API
  -------         PROC          USBXCORE_SET_FEATURE
  C:D5EEH         LINE#         521
  C:D5EEH         LINE#         523
  C:D5F4H         LINE#         524
  C:D5F4H         LINE#         526
BL51 BANKED LINKER/LOCATER V6.22                                                      08/09/2021  13:31:54  PAGE 45


  C:D5FBH         LINE#         527
  C:D5FBH         LINE#         528
  C:D606H         LINE#         534
  C:D611H         LINE#         535
  C:D614H         LINE#         536
  C:D616H         LINE#         538
  C:D616H         LINE#         540
  C:D621H         LINE#         544
  C:D62CH         LINE#         545
  C:D632H         LINE#         546
  C:D632H         LINE#         548
  C:D634H         LINE#         550
  C:D634H         LINE#         551
  C:D637H         LINE#         552
  C:D637H         LINE#         553
  C:D642H         LINE#         554
  -------         ENDPROC       USBXCORE_SET_FEATURE
  -------         PROC          USBXCORE_SET_ADDRESS
  C:D95DH         LINE#         561
  C:D95DH         LINE#         563
  C:D96CH         LINE#         564
  C:D972H         LINE#         565
  C:D972H         LINE#         566
  C:D975H         LINE#         567
  C:D977H         LINE#         569
  C:D977H         LINE#         570
  C:D97AH         LINE#         571
  C:D97AH         LINE#         572
  -------         ENDPROC       USBXCORE_SET_ADDRESS
  -------         PROC          USBXCORE_GET_DESCRIPTOR
  C:C9A9H         LINE#         579
  C:C9A9H         LINE#         580
  C:C9B8H         LINE#         581
  C:C9B8H         LINE#         582
  C:C9B8H         LINE#         583
  C:C9C6H         LINE#         584
  C:C9CAH         LINE#         585
  C:C9CCH         LINE#         586
  C:C9CCH         LINE#         587
  C:C9DAH         LINE#         588
  C:C9EDH         LINE#         589
  C:C9EFH         LINE#         590
  C:C9EFH         LINE#         591
  C:CA13H         LINE#         592
  C:CA1FH         LINE#         593
  C:CA21H         LINE#         594
  C:CA21H         LINE#         595
  C:CA24H         LINE#         596
  C:CA24H         LINE#         597
  C:CA24H         LINE#         598
  C:CA3AH         LINE#         599
  C:CA3AH         LINE#         600
  C:CA42H         LINE#         601
  C:CA42H         LINE#         602
  C:CA4AH         LINE#         603
  C:CA4AH         LINE#         604
  C:CA4DH         LINE#         605
BL51 BANKED LINKER/LOCATER V6.22                                                      08/09/2021  13:31:54  PAGE 46


  C:CA53H         LINE#         606
  C:CA5AH         LINE#         607
  C:CA5AH         LINE#         608
  -------         ENDPROC       USBXCORE_GET_DESCRIPTOR
  -------         PROC          USBXCORE_GET_CONFIGURATION
  C:D785H         LINE#         614
  C:D785H         LINE#         616
  C:D78DH         LINE#         617
  C:D78DH         LINE#         618
  C:D799H         LINE#         619
  C:D7A1H         LINE#         620
  C:D7A1H         LINE#         621
  C:D7A5H         LINE#         622
  C:D7A5H         LINE#         623
  C:D7B3H         LINE#         624
  C:D7BBH         LINE#         625
  C:D7BBH         LINE#         626
  C:D7BEH         LINE#         627
  C:D7C4H         LINE#         628
  C:D7CBH         LINE#         629
  -------         ENDPROC       USBXCORE_GET_CONFIGURATION
  -------         PROC          USBXCORE_SET_CONFIGURATION
  C:D53CH         LINE#         635
  C:D53CH         LINE#         637
  C:D545H         LINE#         638
  C:D545H         LINE#         639
  C:D54CH         LINE#         640
  C:D552H         LINE#         641
  C:D557H         LINE#         642
  C:D559H         LINE#         644
  C:D564H         LINE#         645
  C:D56FH         LINE#         646
  C:D57AH         LINE#         653
  C:D585H         LINE#         654
  C:D587H         LINE#         656
  C:D587H         LINE#         657
  C:D58DH         LINE#         658
  C:D591H         LINE#         659
  C:D593H         LINE#         660
  C:D593H         LINE#         661
  -------         ENDPROC       USBXCORE_SET_CONFIGURATION
  -------         PROC          USBXCORE_GET_INTERFACE
  C:D8EEH         LINE#         668
  C:D8EEH         LINE#         670
  C:D8FCH         LINE#         671
  C:D904H         LINE#         672
  C:D907H         LINE#         673
  C:D90DH         LINE#         674
  C:D914H         LINE#         675
  -------         ENDPROC       USBXCORE_GET_INTERFACE
  -------         PROC          USBXCORE_SET_SOP
  C:DA38H         LINE#         682
  C:DA38H         LINE#         684
  C:DA40H         LINE#         685
  C:DA40H         LINE#         686
  C:DA4BH         LINE#         687
  C:DA4BH         LINE#         688
BL51 BANKED LINKER/LOCATER V6.22                                                      08/09/2021  13:31:54  PAGE 47


  -------         ENDPROC       USBXCORE_SET_SOP
  -------         PROC          USBXCORE_USB_ISR
  C:BEA5H         LINE#         699
  C:BEC2H         LINE#         702
  C:BEC8H         LINE#         703
  C:BEDBH         LINE#         706
  C:BEEEH         LINE#         709
  C:BEF2H         LINE#         710
  C:BEF2H         LINE#         711
  C:BEFDH         LINE#         712
  C:BEFDH         LINE#         714
  C:BF04H         LINE#         715
  C:BF04H         LINE#         716
  C:BF07H         LINE#         717
  C:BF07H         LINE#         719
  C:BF0EH         LINE#         720
  C:BF0EH         LINE#         721
  C:BF1BH         LINE#         722
  C:BF1BH         LINE#         723
  C:BF22H         LINE#         724
  C:BF22H         LINE#         725
  C:BF22H         LINE#         727
  C:BF22H         LINE#         728
  C:BF22H         LINE#         730
  C:BF22H         LINE#         732
  C:BF35H         LINE#         734
  C:BF39H         LINE#         735
  C:BF39H         LINE#         736
  C:BF3CH         LINE#         737
  C:BF3CH         LINE#         740
  C:BF43H         LINE#         741
  C:BF43H         LINE#         742
  C:BF4EH         LINE#         748
  C:BF61H         LINE#         749
  C:BF66H         LINE#         750
  C:BF66H         LINE#         751
  C:BF6DH         LINE#         752
  C:BF6DH         LINE#         754
  C:BF6DH         LINE#         756
  C:BF80H         LINE#         759
  C:BF84H         LINE#         760
  C:BF84H         LINE#         761
  C:BF8FH         LINE#         767
  C:BFA2H         LINE#         768
  C:BFA6H         LINE#         769
  C:BFA6H         LINE#         770
  C:BFADH         LINE#         771
  C:BFADH         LINE#         772
  C:BFADH         LINE#         775
  C:BFBBH         LINE#         776
  C:BFC0H         LINE#         777
  C:BFC6H         LINE#         778
  C:BFCBH         LINE#         781
  C:BFD8H         LINE#         782
  C:BFD8H         LINE#         783
  C:BFDBH         LINE#         784
  C:BFDBH         LINE#         785
BL51 BANKED LINKER/LOCATER V6.22                                                      08/09/2021  13:31:54  PAGE 48


  -------         ENDPROC       USBXCORE_USB_ISR
  -------         ENDMOD        USB_API

  -------         MODULE        USB_SUSPEND
  C:0000H         SYMBOL        _ICE_DUMMY_
  D:00D7H         PUBLIC        USB0XCN
  D:00C9H         PUBLIC        REG0CN
  C:D874H         PUBLIC        USB_Suspend
  D:00A9H         PUBLIC        CLKSEL
  D:00B2H         PUBLIC        OSCICN
  D:00B9H         PUBLIC        CLKMUL
  -------         PROC          USB_SUSPEND
  C:D874H         LINE#         70
  C:D874H         LINE#         72
  C:D877H         LINE#         74
  C:D87AH         LINE#         76
  C:D882H         LINE#         79
  C:D885H         LINE#         80
  C:D888H         LINE#         81
  C:D88BH         LINE#         82
  C:D88EH         LINE#         84
  C:D88FH         LINE#         86
  C:D892H         LINE#         88
  C:D898H         LINE#         92
  C:D89BH         LINE#         94
  C:D89EH         LINE#         95
  -------         ENDPROC       USB_SUSPEND
  -------         ENDMOD        USB_SUSPEND

  -------         MODULE        USB_INT_ENABLE
  C:0000H         SYMBOL        _ICE_DUMMY_
  C:D9F3H         PUBLIC        USB_Int_Enable
  D:0096H         PUBLIC        USB0ADR
  D:0097H         PUBLIC        USB0DAT
  -------         PROC          USB_INT_ENABLE
  C:D9F3H         LINE#         68
  C:D9F3H         LINE#         71
  C:D9FAH         LINE#         73
  C:DA00H         LINE#         74
  C:DA00H         LINE#         75
  C:DA0BH         LINE#         77
  C:DA0BH         LINE#         78
  -------         ENDPROC       USB_INT_ENABLE
  -------         ENDMOD        USB_INT_ENABLE

  -------         MODULE        USB_CLOCK_RECOVERY
  C:0000H         SYMBOL        _ICE_DUMMY_
  C:DA7EH         PUBLIC        USBXcore_ClkRec
  D:0096H         PUBLIC        USB0ADR
  D:0097H         PUBLIC        USB0DAT
  -------         PROC          USBXCORE_CLKREC
  C:DA7EH         LINE#         45
  C:DA7EH         LINE#         47
  C:DA89H         LINE#         48
  -------         ENDPROC       USBXCORE_CLKREC
  -------         ENDMOD        USB_CLOCK_RECOVERY

BL51 BANKED LINKER/LOCATER V6.22                                                      08/09/2021  13:31:54  PAGE 49


  -------         MODULE        ?C?FPMUL
  C:AC9AH         PUBLIC        ?C?FPMUL
  -------         ENDMOD        ?C?FPMUL

  -------         MODULE        ?C?FCAST
  C:ADAAH         PUBLIC        ?C?FCASTC
  C:ADA5H         PUBLIC        ?C?FCASTI
  C:ADA0H         PUBLIC        ?C?FCASTL
  -------         ENDMOD        ?C?FCAST

  -------         MODULE        ?C?CASTF
  C:ADDEH         PUBLIC        ?C?CASTF
  -------         ENDMOD        ?C?CASTF

  -------         MODULE        ?C?COPY
  C:AF2FH         PUBLIC        ?C?COPY
  -------         ENDMOD        ?C?COPY

  -------         MODULE        ?C?CLDPTR
  C:AF55H         PUBLIC        ?C?CLDPTR
  -------         ENDMOD        ?C?CLDPTR

  -------         MODULE        ?C?CLDOPTR
  C:AF6EH         PUBLIC        ?C?CLDOPTR
  -------         ENDMOD        ?C?CLDOPTR

  -------         MODULE        ?C?IMUL
  C:AF9BH         PUBLIC        ?C?IMUL
  -------         ENDMOD        ?C?IMUL

  -------         MODULE        ?C?IILDX
  C:AFADH         PUBLIC        ?C?IILDX
  -------         ENDMOD        ?C?IILDX

  -------         MODULE        ?C?ILDOPTR
  C:AFC3H         PUBLIC        ?C?ILDOPTR
  -------         ENDMOD        ?C?ILDOPTR

  -------         MODULE        ?C?LMUL
  C:AFFBH         PUBLIC        ?C?LMUL
  -------         ENDMOD        ?C?LMUL

  -------         MODULE        ?C?ULDIV
  C:B086H         PUBLIC        ?C?ULDIV
  -------         ENDMOD        ?C?ULDIV

  -------         MODULE        ?C?LNEG
  C:B118H         PUBLIC        ?C?LNEG
  -------         ENDMOD        ?C?LNEG

  -------         MODULE        ?C?ULCMP
  C:B126H         PUBLIC        ?C?ULCMP
  -------         ENDMOD        ?C?ULCMP

  -------         MODULE        ?C?ULSHR
  C:B137H         PUBLIC        ?C?ULSHR
  -------         ENDMOD        ?C?ULSHR
BL51 BANKED LINKER/LOCATER V6.22                                                      08/09/2021  13:31:54  PAGE 50



  -------         MODULE        ?C?LSHL
  C:B14AH         PUBLIC        ?C?LSHL
  -------         ENDMOD        ?C?LSHL

  -------         MODULE        ?C?LLDIPDATA
  C:B166H         PUBLIC        ?C?LLDIPDATA
  C:B15DH         PUBLIC        ?C?LLDIPDATA1
  C:B15FH         PUBLIC        ?C?LLDIPDATA8
  -------         ENDMOD        ?C?LLDIPDATA

  -------         MODULE        ?C?LSTXDATA
  C:B17DH         PUBLIC        ?C?LSTXDATA
  -------         ENDMOD        ?C?LSTXDATA

  -------         MODULE        ?C?LSTPDATA
  C:B189H         PUBLIC        ?C?LSTPDATA
  -------         ENDMOD        ?C?LSTPDATA

  -------         MODULE        ?C?LSTKXDATA
  C:B195H         PUBLIC        ?C?LSTKXDATA
  -------         ENDMOD        ?C?LSTKXDATA

  -------         MODULE        ?C?LSTKPDATA
  C:B1C6H         PUBLIC        ?C?LSTKPDATA
  -------         ENDMOD        ?C?LSTKPDATA

  -------         MODULE        ?C_PBP
  D:0008H         PUBLIC        ?C_PBP
  -------         ENDMOD        ?C_PBP

*** WARNING L14: INCOMPATIBLE MEMORY MODEL
    MODULE:  .\USBX_F34X.LIB (USB_API)
    MODEL:   SMALL

*** WARNING L14: INCOMPATIBLE MEMORY MODEL
    MODULE:  .\USBX_F34X.LIB (USB_SUSPEND)
    MODEL:   SMALL

*** WARNING L14: INCOMPATIBLE MEMORY MODEL
    MODULE:  .\USBX_F34X.LIB (USB_INT_ENABLE)
    MODEL:   SMALL

*** WARNING L14: INCOMPATIBLE MEMORY MODEL
    MODULE:  .\USBX_F34X.LIB (USB_CLOCK_RECOVERY)
    MODEL:   SMALL

*** WARNING L16: UNCALLED SEGMENT, IGNORED FOR OVERLAY PROCESS
    SEGMENT: ?PR?SD_INIT?MMC_SD

*** WARNING L16: UNCALLED SEGMENT, IGNORED FOR OVERLAY PROCESS
    SEGMENT: ?PR?DISPBAND?LCD

*** WARNING L16: UNCALLED SEGMENT, IGNORED FOR OVERLAY PROCESS
    SEGMENT: ?PR?_DISPPIC?LCD

*** WARNING L16: UNCALLED SEGMENT, IGNORED FOR OVERLAY PROCESS
BL51 BANKED LINKER/LOCATER V6.22                                                      08/09/2021  13:31:54  PAGE 51


    SEGMENT: ?PR?_DISPPICFROMSD?LCD

*** WARNING L16: UNCALLED SEGMENT, IGNORED FOR OVERLAY PROCESS
    SEGMENT: ?PR?DISPSCALEHOR1?LCD

*** WARNING L16: UNCALLED SEGMENT, IGNORED FOR OVERLAY PROCESS
    SEGMENT: ?PR?DISPSCALEVER?LCD

*** WARNING L16: UNCALLED SEGMENT, IGNORED FOR OVERLAY PROCESS
    SEGMENT: ?PR?DISPSCALEVER_RED?LCD

*** WARNING L16: UNCALLED SEGMENT, IGNORED FOR OVERLAY PROCESS
    SEGMENT: ?PR?DISPSCALEVER_GREEN?LCD

*** WARNING L16: UNCALLED SEGMENT, IGNORED FOR OVERLAY PROCESS
    SEGMENT: ?PR?DISPSCALEVER_BLUE?LCD

*** WARNING L16: UNCALLED SEGMENT, IGNORED FOR OVERLAY PROCESS
    SEGMENT: ?PR?DISPSCALEVER_GRAY?LCD

*** WARNING L16: UNCALLED SEGMENT, IGNORED FOR OVERLAY PROCESS
    SEGMENT: ?PR?DISPGRAYHOR32?LCD

*** WARNING L16: UNCALLED SEGMENT, IGNORED FOR OVERLAY PROCESS
    SEGMENT: ?PR?DISPSCALEHOR2?LCD

*** WARNING L16: UNCALLED SEGMENT, IGNORED FOR OVERLAY PROCESS
    SEGMENT: ?PR?_DRAWGIRD?LCD

*** WARNING L15: MULTIPLE CALL TO SEGMENT
    SEGMENT: ?PR?_WRITECOMM?LCD
    CALLER1: ?PR?USB_API_TEST_ISR?MAIN
    CALLER2: ?C_C51STARTUP

*** WARNING L15: MULTIPLE CALL TO SEGMENT
    SEGMENT: ?PR?_WRITEDATA?LCD
    CALLER1: ?PR?USB_API_TEST_ISR?MAIN
    CALLER2: ?C_C51STARTUP

Program Size: data=10.0 xdata=1224 code=55962
LINK/LOCATE RUN COMPLETE.  19 WARNING(S),  0 ERROR(S)
