BL51 BANKED LINKER/LOCATER V6.22                                                        04/18/2019  11:50:05  PAGE 1


BL51 BANKED LINKER/LOCATER V6.22, INVOKED BY:
C:\KEIL\C51\BIN\BL51.EXE main.obj, mmc_sd.obj, lcd.obj, tp.obj, .\USBX_F34X.LIB TO ST7789V_IVO24_H8 RAMSIZE (256)


MEMORY MODEL: SMALL WITH FLOATING POINT ARITHMETIC


INPUT MODULES INCLUDED:
  main.obj (MAIN)
  mmc_sd.obj (MMC_SD)
  lcd.obj (LCD)
  tp.obj (TP)
  .\USBX_F34X.LIB (USB_API)
  .\USBX_F34X.LIB (USB_CLOCK_START)
  .\USBX_F34X.LIB (USB_SUSPEND)
  .\USBX_F34X.LIB (GET_INTERRUPT_SOURCE)
  .\USBX_F34X.LIB (BLOCK_READ)
  .\USBX_F34X.LIB (BLOCK_WRITE)
  .\USBX_F34X.LIB (USB_INT_ENABLE)
  .\USBX_F34X.LIB (USB_CLOCK_RECOVERY)
  .\USBX_F34X.LIB (USB_JUMP_ISR)
  C:\KEIL\C51\LIB\C51FPS.LIB (?C?FPMUL)
  C:\KEIL\C51\LIB\C51FPS.LIB (?C?FCAST)
  C:\KEIL\C51\LIB\C51FPS.LIB (?C?CASTF)
  C:\KEIL\C51\LIB\C51FPS.LIB (?C?FPGETOPN)
  C:\KEIL\C51\LIB\C51S.LIB (?C_STARTUP)
  C:\KEIL\C51\LIB\C51S.LIB (?C?COPY)
  C:\KEIL\C51\LIB\C51S.LIB (?C?CLDPTR)
  C:\KEIL\C51\LIB\C51S.LIB (?C?CLDOPTR)
  C:\KEIL\C51\LIB\C51S.LIB (?C?IMUL)
  C:\KEIL\C51\LIB\C51S.LIB (?C?IILDX)
  C:\KEIL\C51\LIB\C51S.LIB (?C?LMUL)
  C:\KEIL\C51\LIB\C51S.LIB (?C?ULDIV)
  C:\KEIL\C51\LIB\C51S.LIB (?C?LNEG)
  C:\KEIL\C51\LIB\C51S.LIB (?C?ULCMP)
  C:\KEIL\C51\LIB\C51S.LIB (?C?ULSHR)
  C:\KEIL\C51\LIB\C51S.LIB (?C?LSHL)
  C:\KEIL\C51\LIB\C51S.LIB (?C?LLDIIDATA)
  C:\KEIL\C51\LIB\C51S.LIB (?C?LSTXDATA)
  C:\KEIL\C51\LIB\C51S.LIB (?C?LSTKXDATA)
  C:\KEIL\C51\LIB\C51S.LIB (?C_IBP)
  C:\KEIL\C51\LIB\C51S.LIB (?C_INIT)


LINK MAP OF MODULE:  ST7789V_IVO24_H8 (MAIN)


            TYPE    BASE      LENGTH    RELOCATION   SEGMENT NAME
            -----------------------------------------------------

            * * * * * * *   D A T A   M E M O R Y   * * * * * * *
            REG     0000H     0008H     ABSOLUTE     "REG BANK 0"
            DATA    0008H     0027H     UNIT         _DATA_GROUP_
            DATA    002FH     0010H     UNIT         ?DT?MAIN
            DATA    003FH     000DH     UNIT         ?DT?_DISPPICFROMSD?LCD
            DATA    004CH     000AH     UNIT         ?DT?_DRAWLINE?LCD
            DATA    0056H     0004H     UNIT         ?DT?_MMC_SD_READSINGLEBLOCK?MMC_SD
            DATA    005AH     0004H     UNIT         ?DT?DISPSCALEHOR1?LCD
BL51 BANKED LINKER/LOCATER V6.22                                                      04/18/2019  11:50:05  PAGE 2


            DATA    005EH     0004H     UNIT         ?DT?DISPSCALEVER?LCD
            DATA    0062H     0004H     UNIT         ?DT?DISPSCALEVER_RED?LCD
            DATA    0066H     0004H     UNIT         ?DT?DISPSCALEVER_GREEN?LCD
            DATA    006AH     0004H     UNIT         ?DT?DISPSCALEVER_GRAY?LCD
            DATA    006EH     0004H     UNIT         ?DT?DISPGRAYHOR32?LCD
            DATA    0072H     0004H     UNIT         ?DT?_DRAWGIRD?LCD
            DATA    0076H     0002H     UNIT         ?DT?DISPSCALEVER_BLUE?LCD
            DATA    0078H     0002H     UNIT         ?DT?LCD
            DATA    007AH     0001H     UNIT         ?C?LIB_DATA
            IDATA   007BH     0001H     UNIT         ?STACK

            * * * * * * *  X D A T A   M E M O R Y  * * * * * * *
            XDATA   0000H     0200H     UNIT         ?XD?MMC_SD
            XDATA   0200H     0058H     UNIT         _XDATA_GROUP_
            XDATA   0258H     0040H     UNIT         ?XD?MAIN
                    0298H     03A8H                  *** GAP ***
            XDATA   0640H     0100H     ABSOLUTE     
            XDATA   0740H     0012H     ABSOLUTE     
            XDATA   0752H     0020H     ABSOLUTE     
            XDATA   0772H     000CH     ABSOLUTE     
            XDATA   077EH     0008H     ABSOLUTE     
            XDATA   0786H     0001H     ABSOLUTE     
            XDATA   0787H     0003H     ABSOLUTE     
            XDATA   078AH     0002H     ABSOLUTE     
            XDATA   078CH     0002H     ABSOLUTE     
            XDATA   078EH     0003H     ABSOLUTE     
            XDATA   0791H     0001H     ABSOLUTE     
            XDATA   0792H     0001H     ABSOLUTE     
            XDATA   0793H     0001H     ABSOLUTE     
            XDATA   0794H     0001H     ABSOLUTE     
            XDATA   0795H     0002H     ABSOLUTE     
            XDATA   0797H     0002H     ABSOLUTE     
            XDATA   0799H     0001H     ABSOLUTE     
            XDATA   079AH     0001H     ABSOLUTE     
            XDATA   079BH     0001H     ABSOLUTE     
            XDATA   079CH     0001H     ABSOLUTE     
            XDATA   079DH     0001H     ABSOLUTE     
            XDATA   079EH     0001H     ABSOLUTE     
            XDATA   079FH     0002H     ABSOLUTE     
            XDATA   07A1H     0001H     ABSOLUTE     
            XDATA   07A2H     0001H     ABSOLUTE     
            XDATA   07A3H     000CH     ABSOLUTE     
                    07AFH     0011H                  *** GAP ***
            XDATA   07C0H     0040H     ABSOLUTE     

            * * * * * * *   C O D E   M E M O R Y   * * * * * * *
            CODE    0000H     0003H     ABSOLUTE     
            CODE    0003H     003AH     UNIT         ?CO?USB_API
            CODE    003DH     0003H     UNIT         ?PR?SUSPEND_DEVICE?MAIN
                    0040H     0003H                  *** GAP ***
            CODE    0043H     0003H     ABSOLUTE     
            CODE    0046H     0042H     UNIT         ?PR?MCU_INIT?MAIN
                    0088H     0003H                  *** GAP ***
            CODE    008BH     0003H     ABSOLUTE     
            CODE    008EH     0600H     UNIT         ?CO?LCD
            CODE    068EH     05A1H     UNIT         ?PR?CONNTOUSB?MAIN
            CODE    0C2FH     04E8H     UNIT         ?C?LIB_CODE
BL51 BANKED LINKER/LOCATER V6.22                                                      04/18/2019  11:50:05  PAGE 3


            CODE    1117H     0233H     UNIT         ?PR?USBXCORE_HANDLE_SETUP?USB_API
            CODE    134AH     01ECH     UNIT         ?PR?TP_DRAWLINE?TP
            CODE    1536H     01CBH     UNIT         ?PR?DISPSCALEHOR1?LCD
            CODE    1701H     0151H     UNIT         ?PR?USBXCORE_USB_ISR?USB_API
            CODE    1852H     014CH     UNIT         ?PR?LCD_INIT?LCD
            CODE    199EH     014CH     UNIT         ?PR?DISPBAND?LCD
            CODE    1AEAH     013CH     UNIT         ?PR?DISPSCALEHOR2?LCD
            CODE    1C26H     0137H     UNIT         ?PR?_USB_INIT?USB_API
            CODE    1D5DH     0128H     UNIT         ?PR?_LCD_READ_IC_ID?LCD
            CODE    1E85H     011BH     UNIT         ?PR?_TP_GETPOSITION?TP
            CODE    1FA0H     0111H     UNIT         ?PR?_BLOCK_WRITE?BLOCK_WRITE
            CODE    20B1H     010EH     UNIT         ?PR?USB_API_TEST_ISR?MAIN
            CODE    21BFH     0104H     UNIT         ?PR?DISPSCALEVER?LCD
            CODE    22C3H     00CDH     UNIT         ?PR?USBXCORE_VENDOR_USB_API?USB_API
            CODE    2390H     00B5H     UNIT         ?PR?_DISPPICFROMSD?LCD
            CODE    2445H     00B3H     UNIT         ?PR?MMC_SD_RESET?MMC_SD
            CODE    24F8H     00B2H     UNIT         ?PR?USBXCORE_GET_DESCRIPTOR?USB_API
            CODE    25AAH     00AFH     UNIT         ?PR?_BLOCK_READ?BLOCK_READ
            CODE    2659H     00A4H     UNIT         ?PR?_DISPONECHAR?LCD
            CODE    26FDH     0099H     UNIT         ?PR?_?BLOCKWRITE?LCD
            CODE    2796H     0095H     UNIT         ?PR?DISPFRAME?LCD
            CODE    282BH     0095H     UNIT         ?PR?_DISPINT?LCD
            CODE    28C0H     008EH     UNIT         ?PR?DISPSCALEVER_GREEN?LCD
            CODE    294EH     008CH     UNIT         ?C_C51STARTUP
            CODE    29DAH     0089H     UNIT         ?PR?DISPGRAYHOR16?LCD
            CODE    2A63H     0082H     UNIT         ?PR?_DISPSTR?LCD
            CODE    2AE5H     007FH     UNIT         ?PR?DISPSCALEVER_RED?LCD
            CODE    2B64H     007FH     UNIT         ?PR?DISPSCALEVER_GRAY?LCD
            CODE    2BE3H     007EH     UNIT         ?PR?_MMC_SD_WRITESINGLEBLOCK?MMC_SD
            CODE    2C61H     0075H     UNIT         ?PR?_DRAWGIRD?LCD
            CODE    2CD6H     0073H     UNIT         ?PR?TP_READ?TP
            CODE    2D49H     0073H     UNIT         ?PR?USBXCORE_GET_STATUS?USB_API
            CODE    2DBCH     006CH     UNIT         ?PR?DEVICES_INIT?MAIN
            CODE    2E28H     006AH     UNIT         ?PR?DISPGRAYHOR32?LCD
            CODE    2E92H     0065H     UNIT         ?PR?_MMC_SD_READSINGLEBLOCK?MMC_SD
            CODE    2EF7H     0064H     UNIT         ?PR?DISPSCALEVER_BLUE?LCD
            CODE    2F5BH     0064H     UNIT         ?PR?_DRAWLINE?LCD
            CODE    2FBFH     0061H     UNIT         ?PR?_MMC_SD_SENDCOMMAND?MMC_SD
            CODE    3020H     005BH     UNIT         ?PR?_TOORD?LCD
            CODE    307BH     005AH     UNIT         ?PR?USBXCORE_SET_CONFIGURATION?USB_API
            CODE    30D5H     0058H     UNIT         ?PR?USBXCORE_CLEAR_FEATURE?USB_API
            CODE    312DH     0057H     UNIT         ?PR?USBXCORE_SET_FEATURE?USB_API
            CODE    3184H     0050H     UNIT         ?CO?MAIN
            CODE    31D4H     004CH     UNIT         ?PR?_STOPDELAY?MAIN
            CODE    3220H     0047H     UNIT         ?PR?USBXCORE_GET_CONFIGURATION?USB_API
            CODE    3267H     0042H     UNIT         ?PR?_PUTPIXEL?LCD
            CODE    32A9H     0038H     UNIT         ?PR?USB_CLOCK_START?USB_CLOCK_START
            CODE    32E1H     002DH     UNIT         ?C_INITSEG
            CODE    330EH     002BH     UNIT         ?PR?USB_SUSPEND?USB_SUSPEND
            CODE    3339H     002AH     UNIT         ?PR?_WRITEDISPDATA?LCD
            CODE    3363H     0027H     UNIT         ?PR?MAIN?MAIN
            CODE    338AH     0027H     UNIT         ?PR?_DISPCOLOR?LCD
            CODE    33B1H     0027H     UNIT         ?PR?USBXCORE_USB_RESET?USB_API
            CODE    33D8H     0027H     UNIT         ?PR?USBXCORE_GET_INTERFACE?USB_API
            CODE    33FFH     0026H     UNIT         ?PR?_TP_WRITE?TP
            CODE    3425H     0022H     UNIT         ?PR?USBXCORE_JUMP_ISR?USB_JUMP_ISR
            CODE    3447H     0020H     UNIT         ?PR?USBXCORE_SET_ADDRESS?USB_API
BL51 BANKED LINKER/LOCATER V6.22                                                      04/18/2019  11:50:05  PAGE 4


            CODE    3467H     001FH     UNIT         ?PR?_DELAY?MAIN
            CODE    3486H     001DH     UNIT         ?PR?USBXCORE_FORCE_STALL?USB_API
            CODE    34A3H     001AH     UNIT         ?PR?_WRITECOMM?LCD
            CODE    34BDH     0019H     UNIT         ?PR?_WRITEDATA?LCD
            CODE    34D6H     0019H     UNIT         ?PR?USB_INT_ENABLE?USB_INT_ENABLE
            CODE    34EFH     0016H     UNIT         ?PR?_SPI_WRITEBYTE?MMC_SD
            CODE    3505H     0014H     UNIT         ?PR?USBXCORE_SET_SOP?USB_API
            CODE    3519H     0013H     UNIT         ?PR?WAITKEY?MAIN
            CODE    352CH     0013H     UNIT         ?PR?READDATA?LCD
            CODE    353FH     0011H     UNIT         ?PR?SD_INIT?MMC_SD
            CODE    3550H     000EH     UNIT         ?PR?GET_INTERRUPT_SOURCE?GET_INTERRUPT_SOURCE
            CODE    355EH     000CH     UNIT         ?PR?USBXCORE_CLKREC?USB_CLOCK_RECOVERY
            CODE    356AH     000BH     UNIT         ?PR?SPI_READBYTE?MMC_SD
            CODE    3575H     0009H     UNIT         ?PR?_WRITEONEDOT?LCD



OVERLAY MAP OF MODULE:   ST7789V_IVO24_H8 (MAIN)


SEGMENT                                            DATA_GROUP          XDATA_GROUP
  +--> CALLED SEGMENT                            START    LENGTH     START    LENGTH
------------------------------------------------------------------------------------
?PR?USB_API_TEST_ISR?MAIN                        0008H    0001H      -----    -----
  +--> ?PR?GET_INTERRUPT_SOURCE?GET_INTERRUP...
  +--> ?PR?_BLOCK_READ?BLOCK_READ
  +--> ?PR?SUSPEND_DEVICE?MAIN
  +--> ?PR?MCU_INIT?MAIN
  +--> ?PR?_?BLOCKWRITE?LCD

?PR?SUSPEND_DEVICE?MAIN                          -----    -----      -----    -----
  +--> ?PR?USB_SUSPEND?USB_SUSPEND

?PR?USB_SUSPEND?USB_SUSPEND                      -----    -----      -----    -----
  +--> ?PR?USB_CLOCK_START?USB_CLOCK_START

?PR?_?BLOCKWRITE?LCD                             -----    -----      -----    -----
  +--> ?PR?_WRITECOMM?LCD
  +--> ?PR?_WRITEDATA?LCD

?PR?_WRITECOMM?LCD                               002DH    0001H      -----    -----

?PR?_WRITEDATA?LCD                               002DH    0002H      -----    -----

*** NEW ROOT ***************************************************

?PR?USBXCORE_USB_ISR?USB_API                     -----    -----      -----    -----
  +--> ?PR?USBXCORE_USB_RESET?USB_API
  +--> ?PR?USBXCORE_HANDLE_SETUP?USB_API
  +--> ?PR?USBXCORE_JUMP_ISR?USB_JUMP_ISR

?PR?USBXCORE_HANDLE_SETUP?USB_API                -----    -----      -----    -----
  +--> ?PR?USBXCORE_GET_STATUS?USB_API
  +--> ?PR?USBXCORE_CLEAR_FEATURE?USB_API
  +--> ?PR?USBXCORE_VENDOR_USB_API?USB_API
  +--> ?PR?USBXCORE_SET_FEATURE?USB_API
  +--> ?PR?USBXCORE_SET_ADDRESS?USB_API
BL51 BANKED LINKER/LOCATER V6.22                                                      04/18/2019  11:50:05  PAGE 5


  +--> ?PR?USBXCORE_GET_DESCRIPTOR?USB_API
  +--> ?PR?USBXCORE_GET_CONFIGURATION?USB_API
  +--> ?PR?USBXCORE_SET_CONFIGURATION?USB_API
  +--> ?PR?USBXCORE_GET_INTERFACE?USB_API
  +--> ?PR?USBXCORE_SET_SOP?USB_API
  +--> ?PR?USBXCORE_FORCE_STALL?USB_API

?PR?USBXCORE_GET_STATUS?USB_API                  -----    -----      -----    -----
  +--> ?CO?USB_API
  +--> ?PR?USBXCORE_FORCE_STALL?USB_API
  +--> ?PR?USBXCORE_SET_SOP?USB_API

?PR?USBXCORE_CLEAR_FEATURE?USB_API               -----    -----      -----    -----
  +--> ?PR?USBXCORE_FORCE_STALL?USB_API
  +--> ?PR?USBXCORE_SET_SOP?USB_API

?PR?USBXCORE_VENDOR_USB_API?USB_API              -----    -----      -----    -----
  +--> ?PR?USBXCORE_SET_SOP?USB_API

?PR?USBXCORE_SET_FEATURE?USB_API                 -----    -----      -----    -----
  +--> ?PR?USBXCORE_FORCE_STALL?USB_API
  +--> ?PR?USBXCORE_SET_SOP?USB_API

?PR?USBXCORE_SET_ADDRESS?USB_API                 -----    -----      -----    -----
  +--> ?PR?USBXCORE_SET_SOP?USB_API

?PR?USBXCORE_GET_DESCRIPTOR?USB_API              -----    -----      -----    -----
  +--> ?PR?USBXCORE_FORCE_STALL?USB_API
  +--> ?PR?USBXCORE_SET_SOP?USB_API

?PR?USBXCORE_GET_CONFIGURATION?USB_API           -----    -----      -----    -----
  +--> ?CO?USB_API
  +--> ?PR?USBXCORE_SET_SOP?USB_API

?PR?USBXCORE_SET_CONFIGURATION?USB_API           -----    -----      -----    -----
  +--> ?PR?USBXCORE_SET_SOP?USB_API

?PR?USBXCORE_GET_INTERFACE?USB_API               -----    -----      -----    -----
  +--> ?CO?USB_API
  +--> ?PR?USBXCORE_SET_SOP?USB_API

*** NEW ROOT ***************************************************

?C_C51STARTUP                                    -----    -----      -----    -----
  +--> ?PR?MAIN?MAIN
  +--> ?C_INITSEG

?PR?MAIN?MAIN                                    000BH    0001H      -----    -----
  +--> ?PR?DEVICES_INIT?MAIN
  +--> ?PR?DISPFRAME?LCD
  +--> ?PR?_STOPDELAY?MAIN
  +--> ?PR?DISPBAND?LCD
  +--> ?PR?DISPGRAYHOR16?LCD
  +--> ?PR?_DISPCOLOR?LCD
  +--> ?PR?TP_DRAWLINE?TP

?PR?DEVICES_INIT?MAIN                            -----    -----      -----    -----
BL51 BANKED LINKER/LOCATER V6.22                                                      04/18/2019  11:50:05  PAGE 6


  +--> ?PR?MCU_INIT?MAIN
  +--> ?PR?USB_CLOCK_START?USB_CLOCK_START
  +--> ?CO?MAIN
  +--> ?PR?_USB_INIT?USB_API
  +--> ?PR?USB_INT_ENABLE?USB_INT_ENABLE
  +--> ?PR?LCD_INIT?LCD

?PR?_USB_INIT?USB_API                            -----    -----      0200H    0011H
  +--> ?CO?USB_API
  +--> ?PR?USBXCORE_CLKREC?USB_CLOCK_RECOVERY

?PR?LCD_INIT?LCD                                 -----    -----      -----    -----
  +--> ?PR?READDATA?LCD
  +--> ?PR?_DELAY?MAIN
  +--> ?PR?_WRITECOMM?LCD
  +--> ?PR?_WRITEDATA?LCD

?PR?READDATA?LCD                                 -----    -----      -----    -----
  +--> ?PR?_LCD_READ_IC_ID?LCD

?PR?_LCD_READ_IC_ID?LCD                          0015H    0007H      -----    -----

?PR?DISPFRAME?LCD                                -----    -----      -----    -----
  +--> ?PR?_?BLOCKWRITE?LCD
  +--> ?PR?_WRITEDISPDATA?LCD

?PR?_WRITEDISPDATA?LCD                           002DH    0001H      -----    -----

?PR?_STOPDELAY?MAIN                              000CH    0004H      -----    -----
  +--> ?PR?WAITKEY?MAIN
  +--> ?PR?_DELAY?MAIN

?PR?WAITKEY?MAIN                                 -----    -----      -----    -----
  +--> ?PR?CONNTOUSB?MAIN
  +--> ?PR?_DELAY?MAIN

?PR?CONNTOUSB?MAIN                               0010H    0005H      0200H    0058H
  +--> ?CO?MAIN
  +--> ?PR?_WRITECOMM?LCD
  +--> ?PR?_WRITEDATA?LCD
  +--> ?PR?_DISPSTR?LCD
  +--> ?PR?_DISPINT?LCD
  +--> ?PR?_WRITEDISPDATA?LCD
  +--> ?PR?_MMC_SD_WRITESINGLEBLOCK?MMC_SD
  +--> ?PR?_BLOCK_WRITE?BLOCK_WRITE
  +--> ?PR?READDATA?LCD
  +--> ?PR?_DELAY?MAIN

?PR?_DISPSTR?LCD                                 0015H    000BH      -----    -----
  +--> ?PR?_TOORD?LCD
  +--> ?PR?_DISPONECHAR?LCD

?PR?_DISPONECHAR?LCD                             0020H    000DH      -----    -----
  +--> ?PR?_?BLOCKWRITE?LCD
  +--> ?CO?LCD
  +--> ?PR?_WRITEONEDOT?LCD

BL51 BANKED LINKER/LOCATER V6.22                                                      04/18/2019  11:50:05  PAGE 7


?PR?_WRITEONEDOT?LCD                             -----    -----      -----    -----
  +--> ?PR?_WRITEDISPDATA?LCD

?PR?_DISPINT?LCD                                 0015H    000AH      -----    -----
  +--> ?PR?_DISPONECHAR?LCD

?PR?_MMC_SD_WRITESINGLEBLOCK?MMC_SD              0015H    0004H      -----    -----
  +--> ?PR?_MMC_SD_SENDCOMMAND?MMC_SD
  +--> ?PR?_SPI_WRITEBYTE?MMC_SD

?PR?_MMC_SD_SENDCOMMAND?MMC_SD                   0019H    0005H      -----    -----
  +--> ?PR?_SPI_WRITEBYTE?MMC_SD

?PR?DISPBAND?LCD                                 000CH    0005H      -----    -----
  +--> ?PR?_?BLOCKWRITE?LCD
  +--> ?PR?_WRITEDISPDATA?LCD

?PR?DISPGRAYHOR16?LCD                            000CH    0004H      -----    -----
  +--> ?PR?_?BLOCKWRITE?LCD
  +--> ?PR?_WRITEDISPDATA?LCD

?PR?_DISPCOLOR?LCD                               000CH    0002H      -----    -----
  +--> ?PR?_?BLOCKWRITE?LCD
  +--> ?PR?_WRITEDISPDATA?LCD

?PR?TP_DRAWLINE?TP                               -----    -----      0200H    0018H
  +--> ?PR?_DELAY?MAIN
  +--> ?PR?_TP_GETPOSITION?TP
  +--> ?PR?_PUTPIXEL?LCD
  +--> ?PR?_DISPCOLOR?LCD

?PR?_TP_GETPOSITION?TP                           -----    -----      0218H    001BH
  +--> ?PR?_TP_WRITE?TP
  +--> ?PR?TP_READ?TP

?PR?_TP_WRITE?TP                                 -----    -----      0233H    0001H

?PR?TP_READ?TP                                   -----    -----      0233H    0005H

?PR?_PUTPIXEL?LCD                                000CH    0002H      -----    -----
  +--> ?PR?_?BLOCKWRITE?LCD
  +--> ?PR?_WRITEDISPDATA?LCD



SYMBOL TABLE OF MODULE:  ST7789V_IVO24_H8 (MAIN)

  VALUE           TYPE          NAME
  ----------------------------------

  -------         MODULE        MAIN
  C:0000H         SYMBOL        _ICE_DUMMY_
  D:0080H         PUBLIC        P0
  D:002FH         PUBLIC        f_down
  D:0090H         PUBLIC        P1
  D:00A0H         PUBLIC        P2
  D:00B0H         PUBLIC        P3
BL51 BANKED LINKER/LOCATER V6.22                                                      04/18/2019  11:50:05  PAGE 8


  C:31CFH         PUBLIC        USB_MaxPower
  B:00B0H.6       PUBLIC        KEY_STEP
  D:00A4H         PUBLIC        P0MDOUT
  D:00A5H         PUBLIC        P1MDOUT
  D:00A6H         PUBLIC        P2MDOUT
  D:00A7H         PUBLIC        P3MDOUT
  D:00AEH         PUBLIC        P4MDOUT
  B:0080H.6       PUBLIC        OE
  D:00D9H         PUBLIC        PCA0MD
  C:20B1H         PUBLIC        USB_API_TEST_ISR
  C:003DH         PUBLIC        Suspend_Device
  C:31D8H         PUBLIC        _StopDelay
  D:00E1H         PUBLIC        XBR0
  D:00E2H         PUBLIC        XBR1
  B:00B0H.1       PUBLIC        RS
  C:3363H         PUBLIC        main
  D:0030H         PUBLIC        VerifyCode0
  D:0031H         PUBLIC        VerifyCode1
  C:3199H         PUBLIC        USB_PID
  D:0032H         PUBLIC        VerifyCode2
  D:00F1H         PUBLIC        P0MDIN
  D:00F2H         PUBLIC        P1MDIN
  C:319BH         PUBLIC        USB_MfrStr
  D:00F4H         PUBLIC        P3MDIN
  C:3197H         PUBLIC        USB_VID
  D:00F8H         PUBLIC        SPI0CN
  D:0033H         PUBLIC        pic
  C:2DBCH         PUBLIC        Devices_Init
  C:068EH         PUBLIC        ConnToUSB
  D:00A9H         PUBLIC        CLKSEL
  D:00B2H         PUBLIC        OSCICN
  C:31D0H         PUBLIC        USB_PwAttributes
  C:3519H         PUBLIC        WaitKey
  C:31D3H         SYMBOL        _?ix1000
  B:00B0H.0       PUBLIC        CS0
  D:0034H         PUBLIC        bf
  C:31D1H         PUBLIC        USB_bcdDevice
  D:00B9H         PUBLIC        CLKMUL
  D:0036H         PUBLIC        f_debug
  D:0037H         PUBLIC        sd
  X:0258H         PUBLIC        Packet
  C:0046H         PUBLIC        MCU_Init
  B:0080H.7       PUBLIC        DIR
  D:00EFH         PUBLIC        RSTSRC
  D:003BH         PUBLIC        f_read
  C:31C5H         PUBLIC        USB_SerialStr
  D:003CH         PUBLIC        f_other
  C:31B5H         PUBLIC        USB_ProductStr
  D:003DH         PUBLIC        f_para
  D:00A1H         PUBLIC        SPI0CFG
  C:3467H         PUBLIC        _Delay
  B:00B0H.7       PUBLIC        KEY_Stop
  D:003EH         PUBLIC        f_init
  -------         PROC          MAIN
  -------         DO            
  D:000BH         SYMBOL        n
  -------         ENDDO         
BL51 BANKED LINKER/LOCATER V6.22                                                      04/18/2019  11:50:05  PAGE 9


  C:3363H         LINE#         40
  C:3363H         LINE#         41
  C:3363H         LINE#         46
  C:3366H         LINE#         48
  C:3369H         LINE#         49
  C:3369H         LINE#         53
  C:336FH         LINE#         58
  C:3375H         LINE#         59
  C:337BH         LINE#         60
  C:3384H         LINE#         65
  C:3387H         LINE#         67
  C:3389H         LINE#         68
  -------         ENDPROC       MAIN
  -------         PROC          _DELAY
  D:0006H         SYMBOL        dly
  -------         DO            
  D:0004H         SYMBOL        i
  D:0002H         SYMBOL        j
  -------         ENDDO         
  C:3467H         LINE#         71
  C:3467H         LINE#         72
  C:3467H         LINE#         75
  C:3471H         LINE#         76
  C:3485H         LINE#         77
  -------         ENDPROC       _DELAY
  C:31D4H         SYMBOL        L?0133
  -------         PROC          L?0132
  -------         ENDPROC       L?0132
  C:31D4H         SYMBOL        L?0133
  -------         PROC          _STOPDELAY
  D:000CH         SYMBOL        sdly
  -------         DO            
  D:0006H         SYMBOL        i
  D:0004H         SYMBOL        j
  D:000EH         SYMBOL        k
  -------         ENDDO         
  C:31D8H         LINE#         79
  C:31DCH         LINE#         80
  C:31DCH         LINE#         82
  C:31E1H         LINE#         83
  C:31E1H         LINE#         84
  C:31E4H         LINE#         85
  C:31E4H         LINE#         86
  C:31F0H         LINE#         87
  C:3204H         LINE#         88
  C:3204H         LINE#         90
  C:3204H         LINE#         91
  C:320EH         LINE#         92
  C:320EH         LINE#         93
  C:321FH         LINE#         94
  -------         ENDPROC       _STOPDELAY
  -------         PROC          WAITKEY
  C:3519H         LINE#         123
  C:3519H         LINE#         124
  C:3519H         LINE#         126
  C:351CH         LINE#         127
  C:351CH         LINE#         129
BL51 BANKED LINKER/LOCATER V6.22                                                      04/18/2019  11:50:05  PAGE 10


  C:351FH         LINE#         131
  C:3521H         LINE#         132
  C:3528H         LINE#         133
  C:352BH         LINE#         135
  -------         ENDPROC       WAITKEY
  -------         PROC          CONNTOUSB
  -------         DO            
  D:0010H         SYMBOL        i
  X:0200H         SYMBOL        reg_data
  X:0218H         SYMBOL        para_data
  D:0007H         SYMBOL        dat
  D:0011H         SYMBOL        reg_index
  D:0013H         SYMBOL        data_num
  D:0014H         SYMBOL        st
  -------         ENDDO         
  C:068EH         LINE#         140
  C:068EH         LINE#         141
  C:068EH         LINE#         148
  C:06A1H         LINE#         150
  C:06A8H         LINE#         151
  C:06A8H         LINE#         152
  C:06ABH         LINE#         153
  C:06ABH         LINE#         154
  C:06BDH         LINE#         155
  C:06BDH         LINE#         156
  C:06E4H         LINE#         157
  C:06E6H         LINE#         158
  C:06FAH         LINE#         159
  C:06FAH         LINE#         160
  C:0721H         LINE#         162
  C:0721H         LINE#         163
  C:0721H         LINE#         164
  C:0721H         LINE#         166
  C:0721H         LINE#         167
  C:072AH         LINE#         168
  C:0734H         LINE#         169
  C:073EH         LINE#         171
  C:0759H         LINE#         173
  C:0763H         LINE#         174
  C:0763H         LINE#         175
  C:0766H         LINE#         176
  C:0766H         LINE#         177
  C:0778H         LINE#         178
  C:0778H         LINE#         179
  C:07CAH         LINE#         180
  C:07CCH         LINE#         181
  C:07E0H         LINE#         182
  C:07E0H         LINE#         183
  C:0833H         LINE#         184
  C:0833H         LINE#         185
  C:0833H         LINE#         186
  C:0833H         LINE#         188
  C:0833H         LINE#         189
  C:083FH         LINE#         190
  C:083FH         LINE#         191
  C:0849H         LINE#         192
  C:0853H         LINE#         194
BL51 BANKED LINKER/LOCATER V6.22                                                      04/18/2019  11:50:05  PAGE 11


  C:0856H         LINE#         195
  C:0859H         LINE#         199
  C:0860H         LINE#         200
  C:0860H         LINE#         201
  C:086DH         LINE#         202
  C:086DH         LINE#         203
  C:086FH         LINE#         205
  C:0871H         LINE#         206
  C:088EH         LINE#         207
  C:0890H         LINE#         209
  C:08B3H         LINE#         210
  C:08D6H         LINE#         211
  C:08DFH         LINE#         212
  C:08DFH         LINE#         213
  C:08E7H         LINE#         214
  C:08EDH         LINE#         215
  C:08F8H         LINE#         216
  C:08FDH         LINE#         217
  C:08FDH         LINE#         218
  C:0904H         LINE#         220
  C:0907H         LINE#         221
  C:0912H         LINE#         222
  C:0915H         LINE#         225
  C:091CH         LINE#         226
  C:091CH         LINE#         227
  C:0925H         LINE#         228
  C:0925H         LINE#         229
  C:0932H         LINE#         230
  C:0932H         LINE#         231
  C:0934H         LINE#         233
  C:0936H         LINE#         234
  C:0953H         LINE#         235
  C:0955H         LINE#         237
  C:0978H         LINE#         238
  C:099BH         LINE#         240
  C:09A4H         LINE#         241
  C:09A4H         LINE#         242
  C:09ACH         LINE#         243
  C:09B2H         LINE#         244
  C:09BDH         LINE#         245
  C:09C2H         LINE#         246
  C:09C2H         LINE#         248
  C:09C9H         LINE#         254
  C:09C9H         LINE#         255
  C:09D3H         LINE#         256
  C:09D3H         LINE#         257
  C:09D5H         LINE#         259
  C:09D7H         LINE#         260
  C:09F4H         LINE#         261
  C:09F6H         LINE#         263
  C:09FCH         LINE#         264
  C:09FFH         LINE#         265
  C:0A0AH         LINE#         266
  C:0A0AH         LINE#         267
  C:0A0DH         LINE#         270
  C:0A14H         LINE#         271
  C:0A14H         LINE#         272
BL51 BANKED LINKER/LOCATER V6.22                                                      04/18/2019  11:50:05  PAGE 12


  C:0A21H         LINE#         273
  C:0A21H         LINE#         274
  C:0A2FH         LINE#         275
  C:0A2FH         LINE#         276
  C:0A4EH         LINE#         277
  C:0A50H         LINE#         278
  C:0A5FH         LINE#         279
  C:0A5FH         LINE#         280
  C:0A7EH         LINE#         281
  C:0A80H         LINE#         282
  C:0A90H         LINE#         283
  C:0A90H         LINE#         284
  C:0A9AH         LINE#         285
  C:0AA4H         LINE#         286
  C:0AA4H         LINE#         287
  C:0AA4H         LINE#         288
  C:0AA4H         LINE#         290
  C:0AA4H         LINE#         291
  C:0AADH         LINE#         292
  C:0AB0H         LINE#         293
  C:0ABBH         LINE#         294
  C:0ABEH         LINE#         297
  C:0AC5H         LINE#         298
  C:0AC5H         LINE#         299
  C:0AC8H         LINE#         300
  C:0ADCH         LINE#         302
  C:0AE4H         LINE#         303
  C:0AF2H         LINE#         305
  C:0AFAH         LINE#         306
  C:0AFAH         LINE#         307
  C:0B01H         LINE#         308
  C:0B0BH         LINE#         309
  C:0B0BH         LINE#         310
  C:0B0EH         LINE#         311
  C:0B1BH         LINE#         312
  C:0B28H         LINE#         313
  C:0B2EH         LINE#         314
  C:0B2EH         LINE#         316
  C:0B31H         LINE#         317
  C:0B3FH         LINE#         319
  C:0B46H         LINE#         320
  C:0B61H         LINE#         321
  C:0B6BH         LINE#         322
  C:0B6BH         LINE#         323
  C:0B8BH         LINE#         324
  C:0B98H         LINE#         325
  C:0B98H         LINE#         326
  C:0BEBH         LINE#         327
  C:0BF1H         LINE#         328
  C:0BF1H         LINE#         329
  C:0BF1H         LINE#         332
  C:0BF5H         LINE#         333
  C:0BF5H         LINE#         334
  C:0BF8H         LINE#         335
  C:0C0CH         LINE#         337
  C:0C12H         LINE#         338
  C:0C16H         LINE#         339
BL51 BANKED LINKER/LOCATER V6.22                                                      04/18/2019  11:50:05  PAGE 13


  C:0C19H         LINE#         340
  C:0C1DH         LINE#         342
  C:0C20H         LINE#         343
  C:0C2CH         LINE#         344
  C:0C2EH         LINE#         345
  -------         ENDPROC       CONNTOUSB
  -------         PROC          MCU_INIT
  -------         DO            
  D:0007H         SYMBOL        n
  -------         ENDDO         
  C:0046H         LINE#         348
  C:0046H         LINE#         349
  C:0046H         LINE#         351
  C:0049H         LINE#         354
  C:004CH         LINE#         355
  C:004FH         LINE#         357
  C:0052H         LINE#         359
  C:0057H         LINE#         361
  C:005AH         LINE#         362
  C:005FH         LINE#         363
  C:0062H         LINE#         365
  C:0065H         LINE#         368
  C:0068H         LINE#         369
  C:006BH         LINE#         371
  C:006EH         LINE#         372
  C:0071H         LINE#         374
  C:0074H         LINE#         375
  C:0077H         LINE#         377
  C:007AH         LINE#         378
  C:007DH         LINE#         379
  C:007FH         LINE#         380
  C:0081H         LINE#         382
  C:0084H         LINE#         383
  C:0087H         LINE#         385
  -------         ENDPROC       MCU_INIT
  -------         PROC          DEVICES_INIT
  C:2DBCH         LINE#         387
  C:2DBCH         LINE#         388
  C:2DBCH         LINE#         390
  C:2DBFH         LINE#         393
  C:2DC2H         LINE#         394
  C:2E1CH         LINE#         395
  C:2E1FH         LINE#         398
  C:2E22H         LINE#         399
  C:2E25H         LINE#         407
  -------         ENDPROC       DEVICES_INIT
  -------         PROC          SUSPEND_DEVICE
  C:003DH         LINE#         411
  C:003DH         LINE#         412
  C:003DH         LINE#         413
  -------         ENDPROC       SUSPEND_DEVICE
  -------         PROC          USB_API_TEST_ISR
  -------         DO            
  D:0008H         SYMBOL        INTVAL
  -------         ENDDO         
  C:20B1H         LINE#         417
  C:20CEH         LINE#         419
BL51 BANKED LINKER/LOCATER V6.22                                                      04/18/2019  11:50:05  PAGE 14


  C:20D3H         LINE#         421
  C:20D8H         LINE#         422
  C:20D8H         LINE#         423
  C:20E3H         LINE#         425
  C:20F5H         LINE#         426
  C:20F5H         LINE#         427
  C:20F8H         LINE#         428
  C:20FAH         LINE#         429
  C:210AH         LINE#         430
  C:210AH         LINE#         431
  C:210DH         LINE#         432
  C:210FH         LINE#         433
  C:2120H         LINE#         434
  C:2120H         LINE#         435
  C:2123H         LINE#         436
  C:2125H         LINE#         437
  C:2137H         LINE#         438
  C:2137H         LINE#         439
  C:213AH         LINE#         440
  C:213CH         LINE#         441
  C:214CH         LINE#         442
  C:214CH         LINE#         443
  C:214FH         LINE#         444
  C:2151H         LINE#         446
  C:2151H         LINE#         447
  C:2154H         LINE#         448
  C:2154H         LINE#         449
  C:2154H         LINE#         451
  C:2154H         LINE#         452
  C:2154H         LINE#         454
  C:2154H         LINE#         456
  C:2159H         LINE#         457
  C:2159H         LINE#         458
  C:215CH         LINE#         459
  C:215CH         LINE#         461
  C:2161H         LINE#         462
  C:2161H         LINE#         463
  C:2164H         LINE#         464
  C:2164H         LINE#         466
  C:2169H         LINE#         467
  C:2169H         LINE#         468
  C:2183H         LINE#         469
  C:2183H         LINE#         471
  C:2188H         LINE#         472
  C:2188H         LINE#         473
  C:218AH         LINE#         474
  C:21A4H         LINE#         475
  C:21A4H         LINE#         476
  -------         ENDPROC       USB_API_TEST_ISR
  -------         ENDMOD        MAIN

  -------         MODULE        MMC_SD
  C:0000H         SYMBOL        _ICE_DUMMY_
  D:00A2H         PUBLIC        SPI0CKR
  D:0080H         PUBLIC        P0
  D:0090H         PUBLIC        P1
  D:00A0H         PUBLIC        P2
BL51 BANKED LINKER/LOCATER V6.22                                                      04/18/2019  11:50:05  PAGE 15


  D:00B0H         PUBLIC        P3
  C:2FBFH         PUBLIC        _MMC_SD_SendCommand
  C:2E92H         PUBLIC        _MMC_SD_ReadSingleBlock
  C:353FH         PUBLIC        SD_Init
  C:2BE3H         PUBLIC        _MMC_SD_WriteSingleBlock
  B:00F8H.7       PUBLIC        SPIF
  B:00F8H.2       PUBLIC        NSSMD0
  C:2445H         PUBLIC        MMC_SD_Reset
  D:00A9H         PUBLIC        CLKSEL
  C:356AH         PUBLIC        SPI_ReadByte
  C:34FBH         PUBLIC        _SPI_WriteByte
  D:00A3H         PUBLIC        SPI0DAT
  X:0000H         PUBLIC        buffer
  C:34EFH         SYMBOL        L?0062
  C:34F4H         SYMBOL        L?0063
  -------         PROC          L?0061
  -------         ENDPROC       L?0061
  C:34EFH         SYMBOL        L?0062
  C:34F4H         SYMBOL        L?0063
  -------         PROC          _SPI_WRITEBYTE
  D:0007H         SYMBOL        val
  -------         DO            
  D:0007H         SYMBOL        ret
  -------         ENDDO         
  C:34FBH         LINE#         7
  C:34FBH         LINE#         8
  C:34FBH         LINE#         11
  C:34FDH         LINE#         12
  C:3500H         LINE#         13
  C:3502H         LINE#         14
  C:3504H         LINE#         15
  C:3504H         LINE#         16
  -------         ENDPROC       _SPI_WRITEBYTE
  -------         PROC          SPI_READBYTE
  -------         DO            
  D:0007H         SYMBOL        ret
  -------         ENDDO         
  C:356AH         LINE#         18
  C:356AH         LINE#         19
  C:356AH         LINE#         22
  C:356DH         LINE#         23
  C:3570H         LINE#         24
  C:3572H         LINE#         25
  C:3574H         LINE#         26
  C:3574H         LINE#         27
  -------         ENDPROC       SPI_READBYTE
  -------         PROC          _MMC_SD_SENDCOMMAND
  D:0006H         SYMBOL        cmd
  D:001AH         SYMBOL        arg
  -------         DO            
  D:0007H         SYMBOL        r1
  D:0003H         SYMBOL        retry
  -------         ENDDO         
  C:2FBFH         LINE#         30
  C:2FC1H         LINE#         31
  C:2FC1H         LINE#         33
  C:2FC3H         LINE#         35
BL51 BANKED LINKER/LOCATER V6.22                                                      04/18/2019  11:50:05  PAGE 16


  C:2FC3H         LINE#         36
  C:2FC3H         LINE#         37
  C:2FC6H         LINE#         38
  C:2FC6H         LINE#         39
  C:2FC6H         LINE#         40
  C:2FC9H         LINE#         42
  C:2FCBH         LINE#         44
  C:2FD2H         LINE#         45
  C:2FE2H         LINE#         46
  C:2FF2H         LINE#         47
  C:3002H         LINE#         48
  C:3007H         LINE#         49
  C:300CH         LINE#         51
  C:3014H         LINE#         52
  C:301DH         LINE#         54
  C:301FH         LINE#         56
  C:301FH         LINE#         57
  -------         ENDPROC       _MMC_SD_SENDCOMMAND
  -------         PROC          MMC_SD_RESET
  -------         DO            
  D:0005H         SYMBOL        i
  D:0002H         SYMBOL        retry
  D:0006H         SYMBOL        r1
  -------         ENDDO         
  C:2445H         LINE#         59
  C:2445H         LINE#         60
  C:2445H         LINE#         63
  C:2447H         LINE#         65
  C:2448H         LINE#         66
  C:244BH         LINE#         67
  C:244EH         LINE#         69
  C:244EH         LINE#         70
  C:2459H         LINE#         71
  C:2468H         LINE#         72
  C:2469H         LINE#         73
  C:246FH         LINE#         74
  C:2472H         LINE#         76
  C:2474H         LINE#         78
  C:2474H         LINE#         80
  C:2474H         LINE#         81
  C:2484H         LINE#         82
  C:2485H         LINE#         83
  C:248EH         LINE#         84
  C:2491H         LINE#         86
  C:2493H         LINE#         87
  C:24A2H         LINE#         88
  C:24A3H         LINE#         89
  C:24ACH         LINE#         90
  C:24AFH         LINE#         92
  C:24B2H         LINE#         93
  C:24B2H         LINE#         94
  C:24B4H         LINE#         96
  C:24B4H         LINE#         97
  C:24C4H         LINE#         98
  C:24C5H         LINE#         99
  C:24CEH         LINE#         100
  C:24D1H         LINE#         101
BL51 BANKED LINKER/LOCATER V6.22                                                      04/18/2019  11:50:05  PAGE 17


  C:24D1H         LINE#         102
  C:24E1H         LINE#         104
  C:24F0H         LINE#         105
  C:24F3H         LINE#         106
  C:24F6H         LINE#         107
  C:24F7H         LINE#         108
  -------         ENDPROC       MMC_SD_RESET
  -------         PROC          _MMC_SD_READSINGLEBLOCK
  D:0056H         SYMBOL        sector
  -------         DO            
  D:0007H         SYMBOL        r1
  D:0004H         SYMBOL        i
  D:0002H         SYMBOL        retry
  -------         ENDDO         
  C:2E92H         LINE#         110
  C:2E9AH         LINE#         111
  C:2E9AH         LINE#         114
  C:2E9CH         LINE#         116
  C:2E9FH         LINE#         118
  C:2E9FH         LINE#         119
  C:2EB9H         LINE#         120
  C:2EBAH         LINE#         121
  C:2EC3H         LINE#         122
  C:2EC6H         LINE#         125
  C:2EC8H         LINE#         127
  C:2ECEH         LINE#         129
  C:2ED1H         LINE#         130
  C:2ED1H         LINE#         131
  C:2EE0H         LINE#         132
  C:2EEDH         LINE#         134
  C:2EEDH         LINE#         135
  C:2EF0H         LINE#         137
  C:2EF2H         LINE#         138
  C:2EF5H         LINE#         139
  C:2EF6H         LINE#         140
  -------         ENDPROC       _MMC_SD_READSINGLEBLOCK
  -------         PROC          _MMC_SD_WRITESINGLEBLOCK
  D:0015H         SYMBOL        sector
  -------         DO            
  D:0006H         SYMBOL        r1
  D:0004H         SYMBOL        i
  D:0002H         SYMBOL        retry
  -------         ENDDO         
  C:2BE3H         LINE#         142
  C:2BEBH         LINE#         143
  C:2BEBH         LINE#         146
  C:2BEDH         LINE#         148
  C:2BF0H         LINE#         150
  C:2BF0H         LINE#         151
  C:2C0CH         LINE#         152
  C:2C0DH         LINE#         153
  C:2C16H         LINE#         154
  C:2C19H         LINE#         158
  C:2C1BH         LINE#         160
  C:2C20H         LINE#         162
  C:2C25H         LINE#         164
  C:2C27H         LINE#         165
BL51 BANKED LINKER/LOCATER V6.22                                                      04/18/2019  11:50:05  PAGE 18


  C:2C27H         LINE#         166
  C:2C36H         LINE#         167
  C:2C43H         LINE#         169
  C:2C43H         LINE#         170
  C:2C43H         LINE#         172
  C:2C48H         LINE#         174
  C:2C4FH         LINE#         175
  C:2C4FH         LINE#         176
  C:2C51H         LINE#         177
  C:2C52H         LINE#         178
  C:2C52H         LINE#         180
  C:2C5AH         LINE#         182
  C:2C5CH         LINE#         183
  C:2C5FH         LINE#         184
  C:2C60H         LINE#         185
  -------         ENDPROC       _MMC_SD_WRITESINGLEBLOCK
  -------         PROC          SD_INIT
  -------         DO            
  D:0001H         SYMBOL        n
  -------         ENDDO         
  C:353FH         LINE#         188
  C:353FH         LINE#         189
  C:353FH         LINE#         190
  C:3541H         LINE#         192
  C:3547H         LINE#         193
  C:3547H         LINE#         194
  C:3548H         LINE#         195
  C:354FH         LINE#         197
  -------         ENDPROC       SD_INIT
  -------         ENDMOD        MMC_SD

  -------         MODULE        LCD
  C:0000H         SYMBOL        _ICE_DUMMY_
  D:0080H         PUBLIC        P0
  C:2796H         PUBLIC        DispFrame
  D:0090H         PUBLIC        P1
  C:28C0H         PUBLIC        DispScaleVer_Green
  D:00A0H         PUBLIC        P2
  D:00B0H         PUBLIC        P3
  C:199EH         PUBLIC        DispBand
  C:34C1H         PUBLIC        _WriteData
  C:008EH         PUBLIC        ascii
  C:1D5DH         PUBLIC        _LCD_Read_IC_ID
  D:00A6H         PUBLIC        P2MDOUT
  C:338AH         PUBLIC        _DispColor
  C:2EF7H         PUBLIC        DispScaleVer_Blue
  C:2C61H         PUBLIC        _DrawGird
  C:2F5BH         PUBLIC        _DrawLine
  C:34A3H         PUBLIC        _WriteComm
  C:334EH         PUBLIC        _WriteDispData
  C:2B64H         PUBLIC        DispScaleVer_Gray
  B:00B0H.1       PUBLIC        RS
  B:00A0H.1       PUBLIC        SPI_CLK
  C:2AE5H         PUBLIC        DispScaleVer_Red
  C:21BFH         PUBLIC        DispScaleVer
  C:266EH         PUBLIC        _DispOneChar
  C:2E28H         PUBLIC        DispGrayHor32
BL51 BANKED LINKER/LOCATER V6.22                                                      04/18/2019  11:50:05  PAGE 19


  C:29DAH         PUBLIC        DispGrayHor16
  C:282BH         PUBLIC        _DispInt
  C:3267H         PUBLIC        _PutPixel
  D:00A9H         PUBLIC        CLKSEL
  B:0090H.6       PUBLIC        RD0
  B:00B0H.0       PUBLIC        CS0
  D:0078H         PUBLIC        LCM_ID
  C:1852H         PUBLIC        LCD_Init
  C:2A63H         PUBLIC        _DispStr
  B:0090H.7       PUBLIC        WR0
  C:1536H         PUBLIC        DispScaleHor1
  B:00A0H.0       PUBLIC        SPI_DI
  C:3575H         PUBLIC        _WriteOneDot
  C:1AEAH         PUBLIC        DispScaleHor2
  C:2390H         PUBLIC        _DispPicFromSD
  B:0080H.7       PUBLIC        DIR
  C:3020H         PUBLIC        _ToOrd
  B:0080H.5       PUBLIC        RST
  C:352CH         PUBLIC        ReadData
  C:2714H         PUBLIC        _?BlockWrite
  -------         PROC          _LCD_READ_IC_ID
  D:0007H         SYMBOL        ID
  D:0004H         SYMBOL        Bug
  D:0003H         SYMBOL        flog
  -------         DO            
  D:0015H         SYMBOL        id
  D:0017H         SYMBOL        id1
  D:0019H         SYMBOL        temp
  D:0005H         SYMBOL        i
  D:0007H         SYMBOL        dat
  D:0001H         SYMBOL        id2
  D:001BH         SYMBOL        id3
  -------         ENDDO         
  C:1D5DH         LINE#         35
  C:1D5DH         LINE#         36
  C:1D5DH         LINE#         39
  C:1D66H         LINE#         40
  C:1D66H         LINE#         42
  C:1D69H         LINE#         43
  C:1D69H         LINE#         44
  C:1D6BH         LINE#         45
  C:1D6DH         LINE#         46
  C:1D6EH         LINE#         47
  C:1D6EH         LINE#         48
  C:1D70H         LINE#         49
  C:1D78H         LINE#         50
  C:1D7AH         LINE#         52
  C:1D7CH         LINE#         53
  C:1D80H         LINE#         54
  C:1D84H         LINE#         55
  C:1D87H         LINE#         58
  C:1D91H         LINE#         59
  C:1D91H         LINE#         60
  C:1D93H         LINE#         61
  C:1D93H         LINE#         62
  C:1D95H         LINE#         63
  C:1D97H         LINE#         64
BL51 BANKED LINKER/LOCATER V6.22                                                      04/18/2019  11:50:05  PAGE 20


  C:1D99H         LINE#         65
  C:1DB0H         LINE#         66
  C:1DB2H         LINE#         67
  C:1DB4H         LINE#         68
  C:1DBAH         LINE#         69
  C:1DC4H         LINE#         70
  C:1DC4H         LINE#         71
  C:1DC6H         LINE#         72
  C:1DC6H         LINE#         73
  C:1DC8H         LINE#         74
  C:1DCAH         LINE#         75
  C:1DCCH         LINE#         76
  C:1DE3H         LINE#         77
  C:1DE5H         LINE#         78
  C:1DE7H         LINE#         79
  C:1DEBH         LINE#         80
  C:1DEBH         LINE#         82
  C:1DEDH         LINE#         83
  C:1DEDH         LINE#         84
  C:1DEFH         LINE#         85
  C:1DF1H         LINE#         86
  C:1DF3H         LINE#         87
  C:1E0AH         LINE#         88
  C:1E0CH         LINE#         89
  C:1E0EH         LINE#         90
  C:1E12H         LINE#         92
  C:1E14H         LINE#         93
  C:1E14H         LINE#         94
  C:1E16H         LINE#         95
  C:1E18H         LINE#         96
  C:1E1AH         LINE#         97
  C:1E24H         LINE#         98
  C:1E26H         LINE#         99
  C:1E28H         LINE#         100
  C:1E2CH         LINE#         102
  C:1E2EH         LINE#         103
  C:1E2EH         LINE#         104
  C:1E30H         LINE#         105
  C:1E32H         LINE#         106
  C:1E34H         LINE#         107
  C:1E40H         LINE#         108
  C:1E42H         LINE#         109
  C:1E44H         LINE#         110
  C:1E48H         LINE#         111
  C:1E4BH         LINE#         112
  C:1E4DH         LINE#         113
  C:1E4FH         LINE#         114
  C:1E51H         LINE#         115
  C:1E53H         LINE#         116
  C:1E55H         LINE#         117
  C:1E57H         LINE#         119
  C:1E5AH         LINE#         120
  C:1E5AH         LINE#         121
  C:1E64H         LINE#         123
  C:1E6EH         LINE#         124
  C:1E6EH         LINE#         125
  C:1E6EH         LINE#         127
BL51 BANKED LINKER/LOCATER V6.22                                                      04/18/2019  11:50:05  PAGE 21


  C:1E73H         LINE#         128
  C:1E73H         LINE#         129
  C:1E7EH         LINE#         130
  C:1E7EH         LINE#         132
  C:1E7EH         LINE#         133
  C:1E80H         LINE#         134
  C:1E84H         LINE#         135
  -------         ENDPROC       _LCD_READ_IC_ID
  -------         PROC          _WRITECOMM
  D:0004H         SYMBOL        i
  -------         DO            
  D:002DH         SYMBOL        j
  D:0007H         SYMBOL        DataH
  -------         ENDDO         
  C:34A3H         LINE#         137
  C:34A7H         LINE#         138
  C:34A7H         LINE#         140
  C:34A8H         LINE#         141
  C:34AAH         LINE#         152
  C:34AAH         LINE#         153
  C:34ACH         LINE#         154
  C:34AEH         LINE#         155
  C:34B0H         LINE#         156
  C:34B2H         LINE#         157
  C:34B4H         LINE#         158
  C:34B6H         LINE#         159
  C:34B8H         LINE#         160
  C:34BAH         LINE#         161
  C:34BAH         LINE#         254
  C:34BCH         LINE#         255
  -------         ENDPROC       _WRITECOMM
  -------         PROC          L?0466
  -------         ENDPROC       L?0466
  -------         PROC          _WRITEDATA
  D:0004H         SYMBOL        i
  -------         DO            
  D:002DH         SYMBOL        j
  D:002EH         SYMBOL        DataH
  -------         ENDDO         
  C:34C1H         LINE#         257
  C:34C3H         LINE#         258
  C:34C3H         LINE#         260
  C:34C6H         LINE#         261
  C:34C8H         LINE#         272
  C:34C8H         LINE#         273
  C:34CAH         LINE#         274
  C:34CCH         LINE#         282
  C:34CFH         LINE#         283
  C:34D1H         LINE#         284
  C:34D3H         LINE#         285
  C:34D3H         LINE#         448
  C:34D5H         LINE#         449
  -------         ENDPROC       _WRITEDATA
  C:3339H         SYMBOL        L?0464
  -------         PROC          L?0463
  -------         ENDPROC       L?0463
  C:3339H         SYMBOL        L?0464
BL51 BANKED LINKER/LOCATER V6.22                                                      04/18/2019  11:50:05  PAGE 22


  -------         PROC          _WRITEDISPDATA
  D:0007H         SYMBOL        DataH
  D:0005H         SYMBOL        DataL
  -------         DO            
  D:002DH         SYMBOL        j
  -------         ENDDO         
  C:334EH         LINE#         451
  C:334EH         LINE#         452
  C:334EH         LINE#         454
  C:3350H         LINE#         468
  C:3350H         LINE#         469
  C:3352H         LINE#         470
  C:3354H         LINE#         471
  C:3356H         LINE#         472
  C:3358H         LINE#         473
  C:335AH         LINE#         474
  C:335CH         LINE#         475
  C:335EH         LINE#         476
  C:3360H         LINE#         477
  C:3360H         LINE#         573
  C:3362H         LINE#         574
  -------         ENDPROC       _WRITEDISPDATA
  -------         PROC          _WRITEONEDOT
  D:0004H         SYMBOL        color
  C:3575H         LINE#         576
  C:3579H         LINE#         577
  C:3579H         LINE#         591
  -------         ENDPROC       _WRITEONEDOT
  -------         PROC          LCD_INIT
  C:1852H         LINE#         599
  C:1852H         LINE#         600
  C:1852H         LINE#         601
  C:1855H         LINE#         604
  C:1857H         LINE#         605
  C:185EH         LINE#         607
  C:1860H         LINE#         608
  C:1867H         LINE#         610
  C:1869H         LINE#         611
  C:1870H         LINE#         3659
  C:1877H         LINE#         3663
  C:187CH         LINE#         3665
  C:1881H         LINE#         3669
  C:1888H         LINE#         3670
  C:188DH         LINE#         3672
  C:1892H         LINE#         3673
  C:1897H         LINE#         3676
  C:189CH         LINE#         3677
  C:18A1H         LINE#         3678
  C:18A4H         LINE#         3679
  C:18A9H         LINE#         3680
  C:18AEH         LINE#         3681
  C:18B1H         LINE#         3683
  C:18B6H         LINE#         3684
  C:18BBH         LINE#         3687
  C:18C0H         LINE#         3688
  C:18C5H         LINE#         3690
  C:18CAH         LINE#         3691
BL51 BANKED LINKER/LOCATER V6.22                                                      04/18/2019  11:50:05  PAGE 23


  C:18CFH         LINE#         3693
  C:18D4H         LINE#         3694
  C:18D9H         LINE#         3696
  C:18DEH         LINE#         3697
  C:18E3H         LINE#         3699
  C:18E8H         LINE#         3700
  C:18EDH         LINE#         3702
  C:18F2H         LINE#         3703
  C:18F7H         LINE#         3705
  C:18FCH         LINE#         3706
  C:1901H         LINE#         3707
  C:1906H         LINE#         3711
  C:190BH         LINE#         3712
  C:1910H         LINE#         3713
  C:1915H         LINE#         3714
  C:191AH         LINE#         3715
  C:191FH         LINE#         3716
  C:1924H         LINE#         3717
  C:1929H         LINE#         3718
  C:192EH         LINE#         3719
  C:1933H         LINE#         3720
  C:1938H         LINE#         3721
  C:193DH         LINE#         3722
  C:1942H         LINE#         3723
  C:1947H         LINE#         3724
  C:194CH         LINE#         3725
  C:1951H         LINE#         3727
  C:1956H         LINE#         3728
  C:195BH         LINE#         3729
  C:1960H         LINE#         3730
  C:1965H         LINE#         3731
  C:196AH         LINE#         3732
  C:196FH         LINE#         3733
  C:1974H         LINE#         3734
  C:1979H         LINE#         3735
  C:197EH         LINE#         3736
  C:1983H         LINE#         3737
  C:1988H         LINE#         3738
  C:198DH         LINE#         3739
  C:1990H         LINE#         3740
  C:1994H         LINE#         3741
  C:1999H         LINE#         3742
  -------         ENDPROC       LCD_INIT
  C:26FDH         SYMBOL        L?0462
  -------         PROC          L?0461
  -------         ENDPROC       L?0461
  C:26FDH         SYMBOL        L?0462
  -------         PROC          _?BLOCKWRITE
  i:0000H         SYMBOL        Xstart
  i:0002H         SYMBOL        Xend
  i:0004H         SYMBOL        Ystart
  i:0006H         SYMBOL        Yend
  C:2714H         LINE#         4106
  C:2735H         LINE#         4211
  C:273CH         LINE#         4212
  C:2743H         LINE#         4213
  C:274BH         LINE#         4214
BL51 BANKED LINKER/LOCATER V6.22                                                      04/18/2019  11:50:05  PAGE 24


  C:2756H         LINE#         4215
  C:2760H         LINE#         4217
  C:2765H         LINE#         4218
  C:276FH         LINE#         4219
  C:2776H         LINE#         4220
  C:2780H         LINE#         4221
  C:2787H         LINE#         4227
  C:278CH         LINE#         4230
  C:278FH         LINE#         4231
  -------         ENDPROC       _?BLOCKWRITE
  -------         PROC          _DISPCOLOR
  D:0004H         SYMBOL        color
  -------         DO            
  D:0002H         SYMBOL        i
  D:000CH         SYMBOL        DataH
  D:000DH         SYMBOL        DataL
  D:0006H         SYMBOL        m
  -------         ENDDO         
  C:338AH         LINE#         4233
  C:338CH         LINE#         4234
  C:338CH         LINE#         4237
  C:3391H         LINE#         4239
  C:3394H         LINE#         4241
  C:3396H         LINE#         4242
  C:3396H         LINE#         4243
  C:3396H         LINE#         4244
  C:3398H         LINE#         4245
  C:3398H         LINE#         4246
  C:339FH         LINE#         4247
  C:33A3H         LINE#         4248
  C:33AEH         LINE#         4250
  C:33B0H         LINE#         4251
  -------         ENDPROC       _DISPCOLOR
  -------         PROC          DISPFRAME
  -------         DO            
  D:0002H         SYMBOL        i
  D:0082H         SYMBOL        j
  D:0006H         SYMBOL        DataH
  D:0004H         SYMBOL        DataL
  -------         ENDDO         
  C:2796H         LINE#         4253
  C:2796H         LINE#         4254
  C:2796H         LINE#         4257
  C:2799H         LINE#         4259
  C:279BH         LINE#         4262
  C:27A5H         LINE#         4265
  C:27A5H         LINE#         4266
  C:27A5H         LINE#         4268
  C:27B0H         LINE#         4270
  C:27BBH         LINE#         4272
  C:27C5H         LINE#         4274
  C:27C9H         LINE#         4275
  C:27C9H         LINE#         4277
  C:27D3H         LINE#         4279
  C:27D5H         LINE#         4280
  C:27D5H         LINE#         4282
  C:27DDH         LINE#         4284
BL51 BANKED LINKER/LOCATER V6.22                                                      04/18/2019  11:50:05  PAGE 25


  C:27E8H         LINE#         4287
  C:27F2H         LINE#         4289
  C:27FDH         LINE#         4291
  C:2807H         LINE#         4293
  C:2809H         LINE#         4294
  C:2809H         LINE#         4296
  C:2814H         LINE#         4298
  C:281FH         LINE#         4300
  C:2826H         LINE#         4303
  C:2828H         LINE#         4304
  C:282AH         LINE#         4305
  -------         ENDPROC       DISPFRAME
  -------         PROC          DISPBAND
  -------         DO            
  D:0002H         SYMBOL        i
  D:000CH         SYMBOL        j
  D:000DH         SYMBOL        k
  D:000EH         SYMBOL        m
  D:000FH         SYMBOL        n
  D:0010H         SYMBOL        x
  -------         ENDDO         
  C:199EH         LINE#         4307
  C:199EH         LINE#         4308
  C:199EH         LINE#         4312
  C:19A4H         LINE#         4313
  C:19AAH         LINE#         4314
  C:19ACH         LINE#         4317
  C:19C1H         LINE#         4318
  C:19CAH         LINE#         4319
  C:19CAH         LINE#         4320
  C:19DFH         LINE#         4321
  C:19F4H         LINE#         4322
  C:1A17H         LINE#         4323
  C:1A1EH         LINE#         4324
  C:1A2AH         LINE#         4325
  C:1A2AH         LINE#         4326
  C:1A3FH         LINE#         4327
  C:1A54H         LINE#         4328
  C:1A77H         LINE#         4329
  C:1A7EH         LINE#         4330
  C:1A90H         LINE#         4331
  C:1A90H         LINE#         4332
  C:1AA5H         LINE#         4333
  C:1ABAH         LINE#         4334
  C:1ADDH         LINE#         4335
  C:1AE4H         LINE#         4336
  C:1AE6H         LINE#         4337
  C:1AE9H         LINE#         4338
  -------         ENDPROC       DISPBAND
  -------         PROC          _DISPPICFROMSD
  D:003FH         SYMBOL        PicNum
  -------         DO            
  D:0040H         SYMBOL        Address_S
  D:0044H         SYMBOL        Address_E
  D:0002H         SYMBOL        i
  D:0048H         SYMBOL        k
  -------         ENDDO         
BL51 BANKED LINKER/LOCATER V6.22                                                      04/18/2019  11:50:05  PAGE 26


  C:2390H         LINE#         4360
  C:2392H         LINE#         4361
  C:2392H         LINE#         4367
  C:2395H         LINE#         4370
  C:2397H         LINE#         4372
  C:2399H         LINE#         4374
  C:23A4H         LINE#         4375
  C:23C5H         LINE#         4376
  C:23DDH         LINE#         4377
  C:23F3H         LINE#         4378
  C:23F3H         LINE#         4379
  C:23FEH         LINE#         4381
  C:2407H         LINE#         4382
  C:2407H         LINE#         4384
  C:2422H         LINE#         4385
  C:242BH         LINE#         4386
  C:2442H         LINE#         4388
  C:2444H         LINE#         4426
  -------         ENDPROC       _DISPPICFROMSD
  -------         PROC          DISPSCALEHOR1
  -------         DO            
  D:005AH         SYMBOL        i
  D:005CH         SYMBOL        j
  D:0002H         SYMBOL        k
  -------         ENDDO         
  C:1536H         LINE#         4431
  C:1536H         LINE#         4432
  C:1536H         LINE#         4435
  C:1539H         LINE#         4438
  C:1539H         LINE#         4439
  C:1539H         LINE#         4440
  C:1555H         LINE#         4441
  C:155AH         LINE#         4442
  C:155AH         LINE#         4443
  C:155FH         LINE#         4444
  C:155FH         LINE#         4445
  C:1572H         LINE#         4446
  C:1583H         LINE#         4447
  C:1594H         LINE#         4449
  C:159FH         LINE#         4452
  C:15A2H         LINE#         4453
  C:15A2H         LINE#         4454
  C:15BEH         LINE#         4455
  C:15C3H         LINE#         4456
  C:15C3H         LINE#         4457
  C:15C8H         LINE#         4458
  C:15C8H         LINE#         4459
  C:15F2H         LINE#         4460
  C:1603H         LINE#         4461
  C:1614H         LINE#         4462
  C:161FH         LINE#         4465
  C:1622H         LINE#         4466
  C:1622H         LINE#         4467
  C:163EH         LINE#         4468
  C:1643H         LINE#         4469
  C:1643H         LINE#         4470
  C:1648H         LINE#         4471
BL51 BANKED LINKER/LOCATER V6.22                                                      04/18/2019  11:50:05  PAGE 27


  C:1648H         LINE#         4472
  C:164FH         LINE#         4473
  C:1660H         LINE#         4474
  C:1671H         LINE#         4475
  C:167CH         LINE#         4478
  C:167FH         LINE#         4479
  C:167FH         LINE#         4480
  C:169BH         LINE#         4481
  C:16A0H         LINE#         4482
  C:16A0H         LINE#         4483
  C:16A5H         LINE#         4484
  C:16A5H         LINE#         4485
  C:16D1H         LINE#         4486
  C:16E2H         LINE#         4487
  C:16F3H         LINE#         4488
  C:16FEH         LINE#         4489
  C:1700H         LINE#         4490
  -------         ENDPROC       DISPSCALEHOR1
  -------         PROC          DISPSCALEVER
  -------         DO            
  D:005EH         SYMBOL        i
  D:0060H         SYMBOL        j
  D:0002H         SYMBOL        k
  -------         ENDDO         
  C:21BFH         LINE#         4492
  C:21BFH         LINE#         4493
  C:21BFH         LINE#         4562
  C:21C2H         LINE#         4564
  C:21C8H         LINE#         4565
  C:21C8H         LINE#         4566
  C:21CDH         LINE#         4567
  C:21CDH         LINE#         4568
  C:21D3H         LINE#         4569
  C:21E4H         LINE#         4570
  C:21EBH         LINE#         4572
  C:21EEH         LINE#         4573
  C:21EEH         LINE#         4575
  C:21F3H         LINE#         4576
  C:21F3H         LINE#         4578
  C:21F8H         LINE#         4579
  C:21F8H         LINE#         4580
  C:220AH         LINE#         4581
  C:221BH         LINE#         4583
  C:2220H         LINE#         4584
  C:2220H         LINE#         4585
  C:2248H         LINE#         4586
  C:2259H         LINE#         4588
  C:225EH         LINE#         4589
  C:225EH         LINE#         4590
  C:2265H         LINE#         4591
  C:2276H         LINE#         4593
  C:227BH         LINE#         4594
  C:227BH         LINE#         4595
  C:228FH         LINE#         4596
  C:22A0H         LINE#         4598
  C:22B4H         LINE#         4600
  C:22C2H         LINE#         4602
BL51 BANKED LINKER/LOCATER V6.22                                                      04/18/2019  11:50:05  PAGE 28


  -------         ENDPROC       DISPSCALEVER
  -------         PROC          DISPSCALEVER_RED
  -------         DO            
  D:0062H         SYMBOL        i
  D:0064H         SYMBOL        j
  D:0002H         SYMBOL        k
  -------         ENDDO         
  C:2AE5H         LINE#         4604
  C:2AE5H         LINE#         4605
  C:2AE5H         LINE#         4608
  C:2AE8H         LINE#         4610
  C:2AEAH         LINE#         4612
  C:2AECH         LINE#         4615
  C:2AF2H         LINE#         4616
  C:2AF2H         LINE#         4617
  C:2AF7H         LINE#         4618
  C:2AF7H         LINE#         4619
  C:2AFDH         LINE#         4620
  C:2B0EH         LINE#         4621
  C:2B15H         LINE#         4623
  C:2B18H         LINE#         4624
  C:2B18H         LINE#         4625
  C:2B1DH         LINE#         4626
  C:2B1DH         LINE#         4628
  C:2B22H         LINE#         4629
  C:2B22H         LINE#         4630
  C:2B34H         LINE#         4631
  C:2B45H         LINE#         4632
  C:2B56H         LINE#         4634
  C:2B61H         LINE#         4636
  C:2B63H         LINE#         4637
  -------         ENDPROC       DISPSCALEVER_RED
  -------         PROC          DISPSCALEVER_GREEN
  -------         DO            
  D:0066H         SYMBOL        i
  D:0068H         SYMBOL        j
  D:0002H         SYMBOL        k
  -------         ENDDO         
  C:28C0H         LINE#         4639
  C:28C0H         LINE#         4640
  C:28C0H         LINE#         4643
  C:28C3H         LINE#         4645
  C:28C5H         LINE#         4646
  C:28C7H         LINE#         4649
  C:28CDH         LINE#         4650
  C:28CDH         LINE#         4651
  C:28D2H         LINE#         4652
  C:28D2H         LINE#         4653
  C:28D8H         LINE#         4655
  C:28E9H         LINE#         4656
  C:28F0H         LINE#         4658
  C:28F3H         LINE#         4659
  C:28F3H         LINE#         4660
  C:28F8H         LINE#         4661
  C:28F8H         LINE#         4663
  C:28FDH         LINE#         4664
  C:28FDH         LINE#         4666
BL51 BANKED LINKER/LOCATER V6.22                                                      04/18/2019  11:50:05  PAGE 29


  C:291EH         LINE#         4667
  C:292FH         LINE#         4668
  C:2940H         LINE#         4670
  C:294BH         LINE#         4672
  C:294DH         LINE#         4673
  -------         ENDPROC       DISPSCALEVER_GREEN
  -------         PROC          DISPSCALEVER_BLUE
  -------         DO            
  D:0076H         SYMBOL        i
  D:0082H         SYMBOL        j
  D:0002H         SYMBOL        k
  -------         ENDDO         
  C:2EF7H         LINE#         4675
  C:2EF7H         LINE#         4676
  C:2EF7H         LINE#         4679
  C:2EFAH         LINE#         4681
  C:2EFCH         LINE#         4682
  C:2EFEH         LINE#         4685
  C:2F04H         LINE#         4686
  C:2F04H         LINE#         4687
  C:2F09H         LINE#         4688
  C:2F09H         LINE#         4689
  C:2F0FH         LINE#         4690
  C:2F18H         LINE#         4691
  C:2F1FH         LINE#         4693
  C:2F22H         LINE#         4694
  C:2F22H         LINE#         4695
  C:2F27H         LINE#         4696
  C:2F27H         LINE#         4698
  C:2F2CH         LINE#         4699
  C:2F2CH         LINE#         4700
  C:2F33H         LINE#         4701
  C:2F3CH         LINE#         4702
  C:2F4DH         LINE#         4704
  C:2F58H         LINE#         4706
  C:2F5AH         LINE#         4707
  -------         ENDPROC       DISPSCALEVER_BLUE
  -------         PROC          DISPSCALEVER_GRAY
  -------         DO            
  D:006AH         SYMBOL        i
  D:006CH         SYMBOL        j
  D:0002H         SYMBOL        k
  -------         ENDDO         
  C:2B64H         LINE#         4709
  C:2B64H         LINE#         4710
  C:2B64H         LINE#         4713
  C:2B67H         LINE#         4715
  C:2B69H         LINE#         4720
  C:2B6FH         LINE#         4721
  C:2B6FH         LINE#         4722
  C:2B74H         LINE#         4723
  C:2B74H         LINE#         4724
  C:2B7AH         LINE#         4726
  C:2B8BH         LINE#         4727
  C:2B92H         LINE#         4729
  C:2B95H         LINE#         4730
  C:2B95H         LINE#         4731
BL51 BANKED LINKER/LOCATER V6.22                                                      04/18/2019  11:50:05  PAGE 30


  C:2B9AH         LINE#         4732
  C:2B9AH         LINE#         4734
  C:2B9FH         LINE#         4735
  C:2B9FH         LINE#         4736
  C:2BB3H         LINE#         4737
  C:2BC4H         LINE#         4738
  C:2BD5H         LINE#         4740
  C:2BE0H         LINE#         4742
  C:2BE2H         LINE#         4743
  -------         ENDPROC       DISPSCALEVER_GRAY
  -------         PROC          DISPGRAYHOR16
  -------         DO            
  D:000CH         SYMBOL        i
  D:0002H         SYMBOL        j
  D:000EH         SYMBOL        k
  -------         ENDDO         
  C:29DAH         LINE#         4745
  C:29DAH         LINE#         4746
  C:29DAH         LINE#         4749
  C:29DDH         LINE#         4751
  C:29DFH         LINE#         4752
  C:29E1H         LINE#         4754
  C:29E6H         LINE#         4755
  C:29E6H         LINE#         4756
  C:29EFH         LINE#         4757
  C:29EFH         LINE#         4758
  C:29F5H         LINE#         4759
  C:29FCH         LINE#         4761
  C:29FFH         LINE#         4762
  C:29FFH         LINE#         4763
  C:2A04H         LINE#         4764
  C:2A04H         LINE#         4765
  C:2A33H         LINE#         4766
  C:2A44H         LINE#         4767
  C:2A4FH         LINE#         4768
  C:2A60H         LINE#         4770
  C:2A62H         LINE#         4771
  -------         ENDPROC       DISPGRAYHOR16
  -------         PROC          DISPGRAYHOR32
  -------         DO            
  D:006EH         SYMBOL        i
  D:0002H         SYMBOL        j
  D:0070H         SYMBOL        k
  -------         ENDDO         
  C:2E28H         LINE#         4773
  C:2E28H         LINE#         4774
  C:2E28H         LINE#         4777
  C:2E2BH         LINE#         4779
  C:2E2DH         LINE#         4781
  C:2E32H         LINE#         4782
  C:2E32H         LINE#         4783
  C:2E35H         LINE#         4784
  C:2E35H         LINE#         4785
  C:2E3BH         LINE#         4786
  C:2E46H         LINE#         4788
  C:2E49H         LINE#         4789
  C:2E49H         LINE#         4790
BL51 BANKED LINKER/LOCATER V6.22                                                      04/18/2019  11:50:05  PAGE 31


  C:2E4EH         LINE#         4791
  C:2E4EH         LINE#         4792
  C:2E62H         LINE#         4793
  C:2E73H         LINE#         4794
  C:2E7EH         LINE#         4795
  C:2E8FH         LINE#         4797
  C:2E91H         LINE#         4798
  -------         ENDPROC       DISPGRAYHOR32
  -------         PROC          DISPSCALEHOR2
  -------         DO            
  D:0082H         SYMBOL        j
  D:0002H         SYMBOL        k
  -------         ENDDO         
  C:1AEAH         LINE#         4800
  C:1AEAH         LINE#         4801
  C:1AEAH         LINE#         4804
  C:1AEDH         LINE#         4806
  C:1AEDH         LINE#         4807
  C:1AEDH         LINE#         4808
  C:1AF2H         LINE#         4809
  C:1B02H         LINE#         4810
  C:1B0DH         LINE#         4811
  C:1B10H         LINE#         4812
  C:1B10H         LINE#         4813
  C:1B15H         LINE#         4814
  C:1B25H         LINE#         4815
  C:1B30H         LINE#         4816
  C:1B33H         LINE#         4817
  C:1B33H         LINE#         4818
  C:1B38H         LINE#         4819
  C:1B48H         LINE#         4820
  C:1B53H         LINE#         4821
  C:1B56H         LINE#         4822
  C:1B56H         LINE#         4823
  C:1B5BH         LINE#         4824
  C:1B6BH         LINE#         4825
  C:1B76H         LINE#         4826
  C:1B79H         LINE#         4827
  C:1B79H         LINE#         4828
  C:1B7EH         LINE#         4829
  C:1B8EH         LINE#         4830
  C:1B99H         LINE#         4831
  C:1B9CH         LINE#         4832
  C:1B9CH         LINE#         4833
  C:1BA1H         LINE#         4834
  C:1BB1H         LINE#         4835
  C:1BBCH         LINE#         4836
  C:1BBFH         LINE#         4837
  C:1BBFH         LINE#         4838
  C:1BC4H         LINE#         4839
  C:1BD4H         LINE#         4840
  C:1BDFH         LINE#         4841
  C:1BE2H         LINE#         4842
  C:1BE2H         LINE#         4843
  C:1BE7H         LINE#         4844
  C:1BF6H         LINE#         4845
  C:1C01H         LINE#         4846
BL51 BANKED LINKER/LOCATER V6.22                                                      04/18/2019  11:50:05  PAGE 32


  C:1C0AH         LINE#         4847
  C:1C0AH         LINE#         4848
  C:1C0FH         LINE#         4849
  C:1C1EH         LINE#         4850
  C:1C25H         LINE#         4852
  -------         ENDPROC       DISPSCALEHOR2
  -------         PROC          _TOORD
  D:0007H         SYMBOL        ch
  C:3020H         LINE#         4957
  C:3020H         LINE#         4958
  C:3020H         LINE#         4959
  C:3026H         LINE#         4960
  C:3026H         LINE#         4961
  C:3028H         LINE#         4962
  C:302AH         LINE#         4963
  C:3036H         LINE#         4964
  C:3036H         LINE#         4965
  C:303AH         LINE#         4966
  C:303CH         LINE#         4967
  C:3048H         LINE#         4968
  C:3048H         LINE#         4969
  C:304CH         LINE#         4970
  C:304EH         LINE#         4971
  C:305AH         LINE#         4972
  C:305AH         LINE#         4973
  C:305EH         LINE#         4974
  C:3060H         LINE#         4975
  C:306CH         LINE#         4976
  C:306CH         LINE#         4977
  C:3070H         LINE#         4978
  C:3072H         LINE#         4979
  C:3078H         LINE#         4980
  C:3078H         LINE#         4981
  C:307AH         LINE#         4982
  C:307AH         LINE#         4984
  C:307AH         LINE#         4985
  -------         ENDPROC       _TOORD
  -------         PROC          L?0465
  -------         ENDPROC       L?0465
  -------         PROC          _DISPONECHAR
  D:0020H         SYMBOL        ord
  D:0006H         SYMBOL        Xstart
  D:0002H         SYMBOL        Ystart
  D:0025H         SYMBOL        TextColor
  D:0027H         SYMBOL        BackColor
  -------         DO            
  D:0029H         SYMBOL        i
  D:0002H         SYMBOL        j
  D:002AH         SYMBOL        p
  D:0003H         SYMBOL        dat
  D:0006H         SYMBOL        index
  -------         ENDDO         
  C:266EH         LINE#         4987
  C:2674H         LINE#         4988
  C:2674H         LINE#         4994
  C:268EH         LINE#         4996
  C:2692H         LINE#         4998
BL51 BANKED LINKER/LOCATER V6.22                                                      04/18/2019  11:50:05  PAGE 33


  C:269BH         LINE#         4999
  C:269DH         LINE#         5001
  C:26ABH         LINE#         5003
  C:26B4H         LINE#         5004
  C:26BEH         LINE#         5006
  C:26C1H         LINE#         5007
  C:26C1H         LINE#         5008
  C:26D3H         LINE#         5009
  C:26D5H         LINE#         5010
  C:26D5H         LINE#         5011
  C:26E2H         LINE#         5012
  C:26E2H         LINE#         5013
  C:26E6H         LINE#         5014
  C:26E8H         LINE#         5016
  C:26E8H         LINE#         5017
  C:26EFH         LINE#         5018
  C:26EFH         LINE#         5019
  C:26F3H         LINE#         5020
  C:26FCH         LINE#         5021
  -------         ENDPROC       _DISPONECHAR
  -------         PROC          _DISPSTR
  D:0015H         SYMBOL        str
  D:0018H         SYMBOL        Xstart
  D:001AH         SYMBOL        Ystart
  D:001CH         SYMBOL        TextColor
  D:001EH         SYMBOL        BackColor
  C:2A63H         LINE#         5023
  C:2A6DH         LINE#         5024
  C:2A6DH         LINE#         5026
  C:2A7EH         LINE#         5027
  C:2A7EH         LINE#         5028
  C:2AAAH         LINE#         5030
  C:2AB5H         LINE#         5031
  C:2AB5H         LINE#         5032
  C:2ABAH         LINE#         5033
  C:2AC5H         LINE#         5034
  C:2AC7H         LINE#         5036
  C:2AC7H         LINE#         5037
  C:2AD2H         LINE#         5038
  C:2AD2H         LINE#         5040
  C:2ADDH         LINE#         5041
  C:2ADDH         LINE#         5042
  C:2AE2H         LINE#         5043
  C:2AE2H         LINE#         5044
  C:2AE4H         LINE#         5046
  -------         ENDPROC       _DISPSTR
  -------         PROC          _DISPINT
  D:0015H         SYMBOL        i
  D:0017H         SYMBOL        Xstart
  D:0019H         SYMBOL        Ystart
  D:001BH         SYMBOL        TextColor
  D:001DH         SYMBOL        BackColor
  C:282BH         LINE#         5048
  C:2837H         LINE#         5049
  C:2837H         LINE#         5050
  C:2842H         LINE#         5051
  C:2842H         LINE#         5052
BL51 BANKED LINKER/LOCATER V6.22                                                      04/18/2019  11:50:05  PAGE 34


  C:2848H         LINE#         5053
  C:2848H         LINE#         5054
  C:2853H         LINE#         5055
  C:2853H         LINE#         5056
  C:285FH         LINE#         5057
  C:285FH         LINE#         5059
  C:287CH         LINE#         5060
  C:2888H         LINE#         5061
  C:289FH         LINE#         5062
  -------         ENDPROC       _DISPINT
  -------         PROC          READDATA
  C:352CH         LINE#         5070
  C:352CH         LINE#         5071
  C:352CH         LINE#         5091
  C:353BH         LINE#         5098
  C:353EH         LINE#         5099
  -------         ENDPROC       READDATA
  -------         PROC          _PUTPIXEL
  D:0006H         SYMBOL        x
  D:0004H         SYMBOL        y
  D:000CH         SYMBOL        color
  C:3267H         LINE#         5275
  C:326BH         LINE#         5276
  C:326BH         LINE#         5277
  C:3289H         LINE#         5278
  C:3291H         LINE#         5279
  C:3299H         LINE#         5280
  C:32A1H         LINE#         5281
  -------         ENDPROC       _PUTPIXEL
  -------         PROC          _DRAWLINE
  D:004CH         SYMBOL        Xstart
  D:004EH         SYMBOL        Xend
  D:0050H         SYMBOL        Ystart
  D:0052H         SYMBOL        Yend
  D:0054H         SYMBOL        color
  -------         DO            
  D:0002H         SYMBOL        i
  D:0082H         SYMBOL        j
  -------         ENDDO         
  C:2F5BH         LINE#         5284
  C:2F67H         LINE#         5285
  C:2F67H         LINE#         5288
  C:2F81H         LINE#         5290
  C:2F95H         LINE#         5291
  C:2F95H         LINE#         5292
  C:2FADH         LINE#         5293
  C:2FADH         LINE#         5294
  C:2FB4H         LINE#         5295
  C:2FB7H         LINE#         5296
  C:2FBEH         LINE#         5297
  -------         ENDPROC       _DRAWLINE
  -------         PROC          _DRAWGIRD
  D:0072H         SYMBOL        color
  -------         DO            
  D:0074H         SYMBOL        i
  -------         ENDDO         
  C:2C61H         LINE#         5299
BL51 BANKED LINKER/LOCATER V6.22                                                      04/18/2019  11:50:05  PAGE 35


  C:2C65H         LINE#         5300
  C:2C65H         LINE#         5303
  C:2C76H         LINE#         5304
  C:2C76H         LINE#         5305
  C:2C90H         LINE#         5307
  C:2C9DH         LINE#         5309
[...]
  C:122AH         LINE#         292
  C:122CH         LINE#         293
  C:122CH         LINE#         294
  C:122FH         LINE#         295
  C:1231H         LINE#         296
  C:1231H         LINE#         297
  C:1234H         LINE#         298
  C:1236H         LINE#         299
  C:1236H         LINE#         300
  C:1239H         LINE#         301
  C:123BH         LINE#         302
  C:123BH         LINE#         303
  C:123EH         LINE#         304
  C:1240H         LINE#         305
  C:1240H         LINE#         306
  C:1243H         LINE#         307
  C:1245H         LINE#         308
  C:1245H         LINE#         309
  C:1248H         LINE#         310
  C:1248H         LINE#         311
  C:1248H         LINE#         312
  C:1248H         LINE#         313
  C:1248H         LINE#         314
  C:1253H         LINE#         315
  C:1253H         LINE#         316
  C:1259H         LINE#         317
  C:1268H         LINE#         318
  C:1268H         LINE#         319
  C:126DH         LINE#         320
  C:1270H         LINE#         321
  C:127FH         LINE#         322
BL51 BANKED LINKER/LOCATER V6.22                                                      04/18/2019  11:50:05  PAGE 41


  C:127FH         LINE#         323
  C:1294H         LINE#         324
  C:1299H         LINE#         325
  C:12A1H         LINE#         326
  C:12ABH         LINE#         327
  C:12B9H         LINE#         328
  C:12C7H         LINE#         329
  C:12C9H         LINE#         331
  C:12C9H         LINE#         332
  C:12CEH         LINE#         333
  C:12D1H         LINE#         334
  C:12E9H         LINE#         335
  C:12E9H         LINE#         336
  C:1302H         LINE#         337
  C:1307H         LINE#         338
  C:130FH         LINE#         339
  C:1316H         LINE#         340
  C:131BH         LINE#         341
  C:131BH         LINE#         342
  C:132FH         LINE#         343
  C:132FH         LINE#         344
  C:1336H         LINE#         345
  C:133BH         LINE#         346
  C:133BH         LINE#         347
  C:1349H         LINE#         348
  C:1349H         LINE#         349
  -------         ENDPROC       USBXCORE_HANDLE_SETUP
  -------         PROC          USBXCORE_FORCE_STALL
  C:3486H         LINE#         356
  C:3486H         LINE#         358
  C:3491H         LINE#         359
  C:349CH         LINE#         360
  C:34A2H         LINE#         361
  -------         ENDPROC       USBXCORE_FORCE_STALL
  -------         PROC          USBXCORE_GET_STATUS
  C:2D49H         LINE#         367
  C:2D49H         LINE#         369
  C:2D58H         LINE#         370
  C:2D58H         LINE#         371
  C:2D58H         LINE#         372
  C:2D58H         LINE#         373
  C:2D58H         LINE#         374
  C:2D5AH         LINE#         375
  C:2D5AH         LINE#         379
  C:2D5AH         LINE#         381
  C:2D68H         LINE#         385
  C:2D68H         LINE#         386
  C:2D68H         LINE#         387
  C:2D68H         LINE#         388
  C:2D6AH         LINE#         390
  C:2D6AH         LINE#         392
  C:2D78H         LINE#         396
  C:2D78H         LINE#         397
  C:2D85H         LINE#         398
  C:2D85H         LINE#         399
  C:2D87H         LINE#         401
  C:2D87H         LINE#         402
BL51 BANKED LINKER/LOCATER V6.22                                                      04/18/2019  11:50:05  PAGE 42


  C:2D95H         LINE#         403
  C:2D9EH         LINE#         404
  C:2D9EH         LINE#         405
  C:2D9EH         LINE#         406
  C:2DA0H         LINE#         407
  C:2DA0H         LINE#         408
  C:2DA3H         LINE#         409
  C:2DA3H         LINE#         410
  C:2DA3H         LINE#         411
  C:2DABH         LINE#         412
  C:2DABH         LINE#         413
  C:2DAEH         LINE#         414
  C:2DB4H         LINE#         415
  C:2DBBH         LINE#         416
  C:2DBBH         LINE#         417
  -------         ENDPROC       USBXCORE_GET_STATUS
  -------         PROC          USBXCORE_CLEAR_FEATURE
  C:30D5H         LINE#         423
  C:30D5H         LINE#         425
  C:30DBH         LINE#         426
  C:30DBH         LINE#         428
  C:30E2H         LINE#         429
  C:30E2H         LINE#         430
  C:30EDH         LINE#         436
  C:30F8H         LINE#         437
  C:30FDH         LINE#         438
  C:30FFH         LINE#         440
  C:30FFH         LINE#         442
  C:310AH         LINE#         446
  C:3115H         LINE#         447
  C:311AH         LINE#         448
  C:311AH         LINE#         449
  C:311CH         LINE#         451
  C:311CH         LINE#         452
  C:311FH         LINE#         453
  C:311FH         LINE#         454
  C:312AH         LINE#         455
  -------         ENDPROC       USBXCORE_CLEAR_FEATURE
  -------         PROC          USBXCORE_VENDOR_USB_API
  C:22C3H         LINE#         462
  C:22C3H         LINE#         464
  C:22CDH         LINE#         465
  C:22CDH         LINE#         466
  C:22D4H         LINE#         467
  C:22D4H         LINE#         468
  C:22D7H         LINE#         469
  C:22DAH         LINE#         470
  C:22DCH         LINE#         472
  C:22DCH         LINE#         473
  C:22E3H         LINE#         474
  C:22E3H         LINE#         477
  C:22EEH         LINE#         482
  C:22F9H         LINE#         483
  C:2304H         LINE#         485
  C:2304H         LINE#         486
  C:2317H         LINE#         487
  C:2317H         LINE#         488
BL51 BANKED LINKER/LOCATER V6.22                                                      04/18/2019  11:50:05  PAGE 43


  C:231BH         LINE#         489
  C:2326H         LINE#         491
  C:2326H         LINE#         492
  C:2339H         LINE#         493
  C:2339H         LINE#         494
  C:233DH         LINE#         495
  C:2348H         LINE#         497
  C:234EH         LINE#         498
  C:2356H         LINE#         499
  C:2356H         LINE#         500
  C:2359H         LINE#         501
  C:2359H         LINE#         502
  C:2359H         LINE#         503
  C:2364H         LINE#         504
  C:2364H         LINE#         505
  C:236AH         LINE#         506
  C:2371H         LINE#         507
  C:2371H         LINE#         508
  C:2375H         LINE#         509
  C:2375H         LINE#         510
  C:237BH         LINE#         511
  C:2382H         LINE#         512
  C:2382H         LINE#         513
  C:238DH         LINE#         514
  -------         ENDPROC       USBXCORE_VENDOR_USB_API
  -------         PROC          USBXCORE_SET_FEATURE
  C:312DH         LINE#         521
  C:312DH         LINE#         523
  C:3133H         LINE#         524
  C:3133H         LINE#         526
  C:313AH         LINE#         527
  C:313AH         LINE#         528
  C:3145H         LINE#         534
  C:3150H         LINE#         535
  C:3153H         LINE#         536
  C:3155H         LINE#         538
  C:3155H         LINE#         540
  C:3160H         LINE#         544
  C:316BH         LINE#         545
  C:3171H         LINE#         546
  C:3171H         LINE#         548
  C:3173H         LINE#         550
  C:3173H         LINE#         551
  C:3176H         LINE#         552
  C:3176H         LINE#         553
  C:3181H         LINE#         554
  -------         ENDPROC       USBXCORE_SET_FEATURE
  -------         PROC          USBXCORE_SET_ADDRESS
  C:3447H         LINE#         561
  C:3447H         LINE#         563
  C:3456H         LINE#         564
  C:345CH         LINE#         565
  C:345CH         LINE#         566
  C:345FH         LINE#         567
  C:3461H         LINE#         569
  C:3461H         LINE#         570
  C:3464H         LINE#         571
BL51 BANKED LINKER/LOCATER V6.22                                                      04/18/2019  11:50:05  PAGE 44


  C:3464H         LINE#         572
  -------         ENDPROC       USBXCORE_SET_ADDRESS
  -------         PROC          USBXCORE_GET_DESCRIPTOR
  C:24F8H         LINE#         579
  C:24F8H         LINE#         580
  C:2507H         LINE#         581
  C:2507H         LINE#         582
  C:2507H         LINE#         583
  C:2515H         LINE#         584
  C:2519H         LINE#         585
  C:251BH         LINE#         586
  C:251BH         LINE#         587
  C:2529H         LINE#         588
  C:253CH         LINE#         589
  C:253EH         LINE#         590
  C:253EH         LINE#         591
  C:2562H         LINE#         592
  C:256EH         LINE#         593
  C:2570H         LINE#         594
  C:2570H         LINE#         595
  C:2573H         LINE#         596
  C:2573H         LINE#         597
  C:2573H         LINE#         598
  C:2589H         LINE#         599
  C:2589H         LINE#         600
  C:2591H         LINE#         601
  C:2591H         LINE#         602
  C:2599H         LINE#         603
  C:2599H         LINE#         604
  C:259CH         LINE#         605
  C:25A2H         LINE#         606
  C:25A9H         LINE#         607
  C:25A9H         LINE#         608
  -------         ENDPROC       USBXCORE_GET_DESCRIPTOR
  -------         PROC          USBXCORE_GET_CONFIGURATION
  C:3220H         LINE#         614
  C:3220H         LINE#         616
  C:3228H         LINE#         617
  C:3228H         LINE#         618
  C:3234H         LINE#         619
  C:323CH         LINE#         620
  C:323CH         LINE#         621
  C:3240H         LINE#         622
  C:3240H         LINE#         623
  C:324EH         LINE#         624
  C:3256H         LINE#         625
  C:3256H         LINE#         626
  C:3259H         LINE#         627
  C:325FH         LINE#         628
  C:3266H         LINE#         629
  -------         ENDPROC       USBXCORE_GET_CONFIGURATION
  -------         PROC          USBXCORE_SET_CONFIGURATION
  C:307BH         LINE#         635
  C:307BH         LINE#         637
  C:3084H         LINE#         638
  C:3084H         LINE#         639
  C:308BH         LINE#         640
BL51 BANKED LINKER/LOCATER V6.22                                                      04/18/2019  11:50:05  PAGE 45


  C:3091H         LINE#         641
  C:3096H         LINE#         642
  C:3098H         LINE#         644
  C:30A3H         LINE#         645
  C:30AEH         LINE#         646
  C:30B9H         LINE#         653
  C:30C4H         LINE#         654
  C:30C6H         LINE#         656
  C:30C6H         LINE#         657
  C:30CCH         LINE#         658
  C:30D0H         LINE#         659
  C:30D2H         LINE#         660
  C:30D2H         LINE#         661
  -------         ENDPROC       USBXCORE_SET_CONFIGURATION
  -------         PROC          USBXCORE_GET_INTERFACE
  C:33D8H         LINE#         668
  C:33D8H         LINE#         670
  C:33E6H         LINE#         671
  C:33EEH         LINE#         672
  C:33F1H         LINE#         673
  C:33F7H         LINE#         674
  C:33FEH         LINE#         675
  -------         ENDPROC       USBXCORE_GET_INTERFACE
  -------         PROC          USBXCORE_SET_SOP
  C:3505H         LINE#         682
  C:3505H         LINE#         684
  C:350DH         LINE#         685
  C:350DH         LINE#         686
  C:3518H         LINE#         687
  C:3518H         LINE#         688
  -------         ENDPROC       USBXCORE_SET_SOP
  -------         PROC          USBXCORE_USB_ISR
  C:1701H         LINE#         699
  C:171EH         LINE#         702
  C:1724H         LINE#         703
  C:1737H         LINE#         706
  C:174AH         LINE#         709
  C:174EH         LINE#         710
  C:174EH         LINE#         711
  C:1759H         LINE#         712
  C:1759H         LINE#         714
  C:1760H         LINE#         715
  C:1760H         LINE#         716
  C:1763H         LINE#         717
  C:1763H         LINE#         719
  C:176AH         LINE#         720
  C:176AH         LINE#         721
  C:1777H         LINE#         722
  C:1777H         LINE#         723
  C:177EH         LINE#         724
  C:177EH         LINE#         725
  C:177EH         LINE#         727
  C:177EH         LINE#         728
  C:177EH         LINE#         730
  C:177EH         LINE#         732
  C:1791H         LINE#         734
  C:1795H         LINE#         735
BL51 BANKED LINKER/LOCATER V6.22                                                      04/18/2019  11:50:05  PAGE 46


  C:1795H         LINE#         736
  C:1798H         LINE#         737
  C:1798H         LINE#         740
  C:179FH         LINE#         741
  C:179FH         LINE#         742
  C:17AAH         LINE#         748
  C:17BDH         LINE#         749
  C:17C2H         LINE#         750
  C:17C2H         LINE#         751
  C:17C9H         LINE#         752
  C:17C9H         LINE#         754
  C:17C9H         LINE#         756
  C:17DCH         LINE#         759
  C:17E0H         LINE#         760
  C:17E0H         LINE#         761
  C:17EBH         LINE#         767
  C:17FEH         LINE#         768
  C:1802H         LINE#         769
  C:1802H         LINE#         770
  C:1809H         LINE#         771
  C:1809H         LINE#         772
  C:1809H         LINE#         775
  C:1817H         LINE#         776
  C:181CH         LINE#         777
  C:1822H         LINE#         778
  C:1827H         LINE#         781
  C:1834H         LINE#         782
  C:1834H         LINE#         783
  C:1837H         LINE#         784
  C:1837H         LINE#         785
  -------         ENDPROC       USBXCORE_USB_ISR
  -------         ENDMOD        USB_API

  -------         MODULE        USB_SUSPEND
  C:0000H         SYMBOL        _ICE_DUMMY_
  D:00D7H         PUBLIC        USB0XCN
  D:00C9H         PUBLIC        REG0CN
  C:330EH         PUBLIC        USB_Suspend
  D:00A9H         PUBLIC        CLKSEL
  D:00B2H         PUBLIC        OSCICN
  D:00B9H         PUBLIC        CLKMUL
  -------         PROC          USB_SUSPEND
  C:330EH         LINE#         70
  C:330EH         LINE#         72
  C:3311H         LINE#         74
  C:3314H         LINE#         76
  C:331CH         LINE#         79
  C:331FH         LINE#         80
  C:3322H         LINE#         81
  C:3325H         LINE#         82
  C:3328H         LINE#         84
  C:3329H         LINE#         86
  C:332CH         LINE#         88
  C:3332H         LINE#         92
  C:3335H         LINE#         94
  C:3338H         LINE#         95
  -------         ENDPROC       USB_SUSPEND
BL51 BANKED LINKER/LOCATER V6.22                                                      04/18/2019  11:50:05  PAGE 47


  -------         ENDMOD        USB_SUSPEND

  -------         MODULE        USB_INT_ENABLE
  C:0000H         SYMBOL        _ICE_DUMMY_
  C:34D6H         PUBLIC        USB_Int_Enable
  D:0096H         PUBLIC        USB0ADR
  D:0097H         PUBLIC        USB0DAT
  -------         PROC          USB_INT_ENABLE
  C:34D6H         LINE#         68
  C:34D6H         LINE#         71
  C:34DDH         LINE#         73
  C:34E3H         LINE#         74
  C:34E3H         LINE#         75
  C:34EEH         LINE#         77
  C:34EEH         LINE#         78
  -------         ENDPROC       USB_INT_ENABLE
  -------         ENDMOD        USB_INT_ENABLE

  -------         MODULE        USB_CLOCK_RECOVERY
  C:0000H         SYMBOL        _ICE_DUMMY_
  C:355EH         PUBLIC        USBXcore_ClkRec
  D:0096H         PUBLIC        USB0ADR
  D:0097H         PUBLIC        USB0DAT
  -------         PROC          USBXCORE_CLKREC
  C:355EH         LINE#         45
  C:355EH         LINE#         47
  C:3569H         LINE#         48
  -------         ENDPROC       USBXCORE_CLKREC
  -------         ENDMOD        USB_CLOCK_RECOVERY

  -------         MODULE        ?C?FPMUL
  C:0C2FH         PUBLIC        ?C?FPMUL
  -------         ENDMOD        ?C?FPMUL

  -------         MODULE        ?C?FCAST
  C:0D3FH         PUBLIC        ?C?FCASTC
  C:0D3AH         PUBLIC        ?C?FCASTI
  C:0D35H         PUBLIC        ?C?FCASTL
  -------         ENDMOD        ?C?FCAST

  -------         MODULE        ?C?CASTF
  C:0D73H         PUBLIC        ?C?CASTF
  -------         ENDMOD        ?C?CASTF

  -------         MODULE        ?C?COPY
  C:0EC4H         PUBLIC        ?C?COPY
  -------         ENDMOD        ?C?COPY

  -------         MODULE        ?C?CLDPTR
  C:0EEAH         PUBLIC        ?C?CLDPTR
  -------         ENDMOD        ?C?CLDPTR

  -------         MODULE        ?C?CLDOPTR
  C:0F03H         PUBLIC        ?C?CLDOPTR
  -------         ENDMOD        ?C?CLDOPTR

  -------         MODULE        ?C?IMUL
BL51 BANKED LINKER/LOCATER V6.22                                                      04/18/2019  11:50:05  PAGE 48


  C:0F30H         PUBLIC        ?C?IMUL
  -------         ENDMOD        ?C?IMUL

  -------         MODULE        ?C?IILDX
  C:0F42H         PUBLIC        ?C?IILDX
  -------         ENDMOD        ?C?IILDX

  -------         MODULE        ?C?LMUL
  C:0F58H         PUBLIC        ?C?LMUL
  -------         ENDMOD        ?C?LMUL

  -------         MODULE        ?C?ULDIV
  C:0FE3H         PUBLIC        ?C?ULDIV
  -------         ENDMOD        ?C?ULDIV

  -------         MODULE        ?C?LNEG
  C:1075H         PUBLIC        ?C?LNEG
  -------         ENDMOD        ?C?LNEG

  -------         MODULE        ?C?ULCMP
  C:1083H         PUBLIC        ?C?ULCMP
  -------         ENDMOD        ?C?ULCMP

  -------         MODULE        ?C?ULSHR
  C:1094H         PUBLIC        ?C?ULSHR
  -------         ENDMOD        ?C?ULSHR

  -------         MODULE        ?C?LSHL
  C:10A7H         PUBLIC        ?C?LSHL
  -------         ENDMOD        ?C?LSHL

  -------         MODULE        ?C?LLDIIDATA
  C:10C3H         PUBLIC        ?C?LLDIIDATA
  C:10BAH         PUBLIC        ?C?LLDIIDATA1
  C:10BCH         PUBLIC        ?C?LLDIIDATA8
  -------         ENDMOD        ?C?LLDIIDATA

  -------         MODULE        ?C?LSTXDATA
  C:10DAH         PUBLIC        ?C?LSTXDATA
  -------         ENDMOD        ?C?LSTXDATA

  -------         MODULE        ?C?LSTKXDATA
  C:10E6H         PUBLIC        ?C?LSTKXDATA
  -------         ENDMOD        ?C?LSTKXDATA

  -------         MODULE        ?C_IBP
  D:007AH         PUBLIC        ?C_IBP
  -------         ENDMOD        ?C_IBP

*** WARNING L16: UNCALLED SEGMENT, IGNORED FOR OVERLAY PROCESS
    SEGMENT: ?PR?SD_INIT?MMC_SD

*** WARNING L16: UNCALLED SEGMENT, IGNORED FOR OVERLAY PROCESS
    SEGMENT: ?PR?_DISPPICFROMSD?LCD

*** WARNING L16: UNCALLED SEGMENT, IGNORED FOR OVERLAY PROCESS
    SEGMENT: ?PR?DISPSCALEHOR1?LCD
BL51 BANKED LINKER/LOCATER V6.22                                                      04/18/2019  11:50:05  PAGE 49



*** WARNING L16: UNCALLED SEGMENT, IGNORED FOR OVERLAY PROCESS
    SEGMENT: ?PR?DISPSCALEVER?LCD

*** WARNING L16: UNCALLED SEGMENT, IGNORED FOR OVERLAY PROCESS
    SEGMENT: ?PR?DISPSCALEVER_RED?LCD

*** WARNING L16: UNCALLED SEGMENT, IGNORED FOR OVERLAY PROCESS
    SEGMENT: ?PR?DISPSCALEVER_GREEN?LCD

*** WARNING L16: UNCALLED SEGMENT, IGNORED FOR OVERLAY PROCESS
    SEGMENT: ?PR?DISPSCALEVER_BLUE?LCD

*** WARNING L16: UNCALLED SEGMENT, IGNORED FOR OVERLAY PROCESS
    SEGMENT: ?PR?DISPSCALEVER_GRAY?LCD

*** WARNING L16: UNCALLED SEGMENT, IGNORED FOR OVERLAY PROCESS
    SEGMENT: ?PR?DISPGRAYHOR32?LCD

*** WARNING L16: UNCALLED SEGMENT, IGNORED FOR OVERLAY PROCESS
    SEGMENT: ?PR?DISPSCALEHOR2?LCD

*** WARNING L16: UNCALLED SEGMENT, IGNORED FOR OVERLAY PROCESS
    SEGMENT: ?PR?_DRAWGIRD?LCD

*** WARNING L15: MULTIPLE CALL TO SEGMENT
    SEGMENT: ?PR?_WRITECOMM?LCD
    CALLER1: ?PR?USB_API_TEST_ISR?MAIN
    CALLER2: ?C_C51STARTUP

*** WARNING L15: MULTIPLE CALL TO SEGMENT
    SEGMENT: ?PR?_WRITEDATA?LCD
    CALLER1: ?PR?USB_API_TEST_ISR?MAIN
    CALLER2: ?C_C51STARTUP

Program Size: data=124.0 xdata=1095 code=13688
LINK/LOCATE RUN COMPLETE.  13 WARNING(S),  0 ERROR(S)
