BL51 BANKED LINKER/LOCATER V6.22                                                        08/23/2021  10:42:37  PAGE 1


BL51 BANKED LINKER/LOCATER V6.22, INVOKED BY:
D:\KEIL C51\C51\BIN\BL51.EXE main.obj, mmc_sd.obj, lcd.obj, tp.obj, .\USBX_F34X.LIB TO ST7735S_XL20_H8 RAMSIZE (256)


MEMORY MODEL: COMPACT WITH FLOATING POINT ARITHMETIC


INPUT MODULES INCLUDED:
  main.obj (MAIN)
  mmc_sd.obj (MMC_SD)
  lcd.obj (LCD)
  tp.obj (TP)
  .\USBX_F34X.LIB (USB_API)
  .\USBX_F34X.LIB (USB_CLOCK_START)
  .\USBX_F34X.LIB (USB_SUSPEND)
  .\USBX_F34X.LIB (GET_INTERRUPT_SOURCE)
  .\USBX_F34X.LIB (BLOCK_READ)
  .\USBX_F34X.LIB (BLOCK_WRITE)
  .\USBX_F34X.LIB (USB_INT_ENABLE)
  .\USBX_F34X.LIB (USB_CLOCK_RECOVERY)
  .\USBX_F34X.LIB (USB_JUMP_ISR)
  D:\KEIL C51\C51\LIB\C51FPC.LIB (?C?FPMUL)
  D:\KEIL C51\C51\LIB\C51FPC.LIB (?C?FCAST)
  D:\KEIL C51\C51\LIB\C51FPC.LIB (?C?CASTF)
  D:\KEIL C51\C51\LIB\C51FPC.LIB (?C?FPGETOPN)
  D:\KEIL C51\C51\LIB\C51C.LIB (?C_STARTUP)
  D:\KEIL C51\C51\LIB\C51C.LIB (?C?COPY)
  D:\KEIL C51\C51\LIB\C51C.LIB (?C?CLDPTR)
  D:\KEIL C51\C51\LIB\C51C.LIB (?C?CLDOPTR)
  D:\KEIL C51\C51\LIB\C51C.LIB (?C?IMUL)
  D:\KEIL C51\C51\LIB\C51C.LIB (?C?IILDX)
  D:\KEIL C51\C51\LIB\C51C.LIB (?C?ILDOPTR)
  D:\KEIL C51\C51\LIB\C51C.LIB (?C?LMUL)
  D:\KEIL C51\C51\LIB\C51C.LIB (?C?ULDIV)
  D:\KEIL C51\C51\LIB\C51C.LIB (?C?LNEG)
  D:\KEIL C51\C51\LIB\C51C.LIB (?C?ULCMP)
  D:\KEIL C51\C51\LIB\C51C.LIB (?C?ULSHR)
  D:\KEIL C51\C51\LIB\C51C.LIB (?C?LSHL)
  D:\KEIL C51\C51\LIB\C51C.LIB (?C?LLDIPDATA)
  D:\KEIL C51\C51\LIB\C51C.LIB (?C?LSTXDATA)
  D:\KEIL C51\C51\LIB\C51C.LIB (?C?LSTPDATA)
  D:\KEIL C51\C51\LIB\C51C.LIB (?C?LSTKXDATA)
  D:\KEIL C51\C51\LIB\C51C.LIB (?C?LSTKPDATA)
  D:\KEIL C51\C51\LIB\C51C.LIB (?C_PBP)
  D:\KEIL C51\C51\LIB\C51C.LIB (?C_INIT)


LINK MAP OF MODULE:  ST7735S_XL20_H8 (MAIN)


            TYPE    BASE      LENGTH    RELOCATION   SEGMENT NAME
            -----------------------------------------------------

            * * * * * * *   D A T A   M E M O R Y   * * * * * * *
            REG     0000H     0008H     ABSOLUTE     "REG BANK 0"
            DATA    0008H     0001H     UNIT         ?C?LIB_DATA
            IDATA   0009H     0001H     UNIT         ?STACK

BL51 BANKED LINKER/LOCATER V6.22                                                      08/23/2021  10:42:37  PAGE 2


            * * * * * * *  X D A T A   M E M O R Y  * * * * * * *
            XDATA   0000H     0010H     INPAGE       ?PD?MAIN
            XDATA   0010H     0004H     INPAGE       ?PD?_MMC_SD_READSINGLEBLOCK?MMC_SD
            XDATA   0014H     0005H     INPAGE       ?PD?DISPBAND?LCD
            XDATA   0019H     0005H     INPAGE       ?PD?_DISPPIC?LCD
            XDATA   001EH     000DH     INPAGE       ?PD?_DISPPICFROMSD?LCD
            XDATA   002BH     0004H     INPAGE       ?PD?DISPSCALEHOR1?LCD
            XDATA   002FH     0004H     INPAGE       ?PD?DISPSCALEVER?LCD
            XDATA   0033H     0004H     INPAGE       ?PD?DISPSCALEVER_RED?LCD
            XDATA   0037H     0004H     INPAGE       ?PD?DISPSCALEVER_GREEN?LCD
            XDATA   003BH     0004H     INPAGE       ?PD?DISPSCALEVER_BLUE?LCD
            XDATA   003FH     0004H     INPAGE       ?PD?DISPSCALEVER_GRAY?LCD
            XDATA   0043H     0004H     INPAGE       ?PD?DISPGRAYHOR32?LCD
            XDATA   0047H     0002H     INPAGE       ?PD?DISPSCALEHOR2?LCD
            XDATA   0049H     000CH     INPAGE       ?PD?_DRAWLINE?LCD
            XDATA   0055H     0004H     INPAGE       ?PD?_DRAWGIRD?LCD
            XDATA   0059H     0002H     INPAGE       ?PD?LCD
            XDATA   005BH     0026H     INPAGE       _PDATA_GROUP_
            XDATA   0081H     0200H     UNIT         ?XD?MMC_SD
            XDATA   0281H     0058H     UNIT         _XDATA_GROUP_
            XDATA   02D9H     0040H     UNIT         ?XD?MAIN
                    0319H     0327H                  *** GAP ***
            XDATA   0640H     0100H     ABSOLUTE     
            XDATA   0740H     0012H     ABSOLUTE     
            XDATA   0752H     0020H     ABSOLUTE     
            XDATA   0772H     000CH     ABSOLUTE     
            XDATA   077EH     0008H     ABSOLUTE     
            XDATA   0786H     0001H     ABSOLUTE     
            XDATA   0787H     0003H     ABSOLUTE     
            XDATA   078AH     0002H     ABSOLUTE     
            XDATA   078CH     0002H     ABSOLUTE     
            XDATA   078EH     0003H     ABSOLUTE     
            XDATA   0791H     0001H     ABSOLUTE     
            XDATA   0792H     0001H     ABSOLUTE     
            XDATA   0793H     0001H     ABSOLUTE     
            XDATA   0794H     0001H     ABSOLUTE     
            XDATA   0795H     0002H     ABSOLUTE     
            XDATA   0797H     0002H     ABSOLUTE     
            XDATA   0799H     0001H     ABSOLUTE     
            XDATA   079AH     0001H     ABSOLUTE     
            XDATA   079BH     0001H     ABSOLUTE     
            XDATA   079CH     0001H     ABSOLUTE     
            XDATA   079DH     0001H     ABSOLUTE     
            XDATA   079EH     0001H     ABSOLUTE     
            XDATA   079FH     0002H     ABSOLUTE     
            XDATA   07A1H     0001H     ABSOLUTE     
            XDATA   07A2H     0001H     ABSOLUTE     
            XDATA   07A3H     000CH     ABSOLUTE     
                    07AFH     0011H                  *** GAP ***
            XDATA   07C0H     0040H     ABSOLUTE     

            * * * * * * *   C O D E   M E M O R Y   * * * * * * *
            CODE    0000H     0003H     ABSOLUTE     
            CODE    0003H     003AH     UNIT         ?CO?USB_API
            CODE    003DH     0003H     UNIT         ?PR?SUSPEND_DEVICE?MAIN
                    0040H     0003H                  *** GAP ***
            CODE    0043H     0003H     ABSOLUTE     
BL51 BANKED LINKER/LOCATER V6.22                                                      08/23/2021  10:42:37  PAGE 3


            CODE    0046H     0044H     UNIT         ?PR?_DISPCOLOR?LCD
                    008AH     0001H                  *** GAP ***
            CODE    008BH     0003H     ABSOLUTE     
            CODE    008EH     060BH     UNIT         ?PR?CONNTOUSB?MAIN
            CODE    0699H     0600H     UNIT         ?CO?LCD
            CODE    0C99H     0545H     UNIT         ?C?LIB_CODE
            CODE    11DEH     0233H     UNIT         ?PR?USBXCORE_HANDLE_SETUP?USB_API
            CODE    1411H     0232H     UNIT         ?PR?_LCD_READ_IC_ID?LCD
            CODE    1643H     021EH     UNIT         ?PR?DISPSCALEHOR1?LCD
            CODE    1861H     01BAH     UNIT         ?PR?DISPSCALEHOR2?LCD
            CODE    1A1BH     019EH     UNIT         ?PR?TP_DRAWLINE?TP
            CODE    1BB9H     0197H     UNIT         ?PR?LCD_INIT?LCD
            CODE    1D50H     018AH     UNIT         ?PR?DISPBAND?LCD
            CODE    1EDAH     0151H     UNIT         ?PR?USBXCORE_USB_ISR?USB_API
            CODE    202BH     013BH     UNIT         ?PR?USB_API_TEST_ISR?MAIN
            CODE    2166H     0137H     UNIT         ?PR?_USB_INIT?USB_API
            CODE    229DH     0128H     UNIT         ?PR?DISPSCALEVER?LCD
            CODE    23C5H     011BH     UNIT         ?PR?_TP_GETPOSITION?TP
            CODE    24E0H     0111H     UNIT         ?PR?_BLOCK_WRITE?BLOCK_WRITE
            CODE    25F1H     00E9H     UNIT         ?PR?_DISPPICFROMSD?LCD
            CODE    26DAH     00CDH     UNIT         ?PR?USBXCORE_VENDOR_USB_API?USB_API
            CODE    27A7H     00CBH     UNIT         ?PR?_DISPONECHAR?LCD
            CODE    2872H     00B7H     UNIT         ?PR?MMC_SD_RESET?MMC_SD
            CODE    2929H     00B3H     UNIT         ?PR?_DISPINT?LCD
            CODE    29DCH     00B2H     UNIT         ?PR?USBXCORE_GET_DESCRIPTOR?USB_API
            CODE    2A8EH     00AFH     UNIT         ?PR?_BLOCK_READ?BLOCK_READ
            CODE    2B3DH     00A4H     UNIT         ?PR?DISPFRAME?LCD
            CODE    2BE1H     009EH     UNIT         ?PR?DISPSCALEVER_GREEN?LCD
            CODE    2C7FH     009BH     UNIT         ?PR?DISPGRAYHOR16?LCD
            CODE    2D1AH     0098H     UNIT         ?PR?_?BLOCKWRITE?LCD
            CODE    2DB2H     0096H     UNIT         ?PR?_DISPSTR?LCD
            CODE    2E48H     0091H     UNIT         ?PR?DISPSCALEVER_RED?LCD
            CODE    2ED9H     0091H     UNIT         ?PR?DISPSCALEVER_GRAY?LCD
            CODE    2F6AH     008FH     UNIT         ?PR?_DRAWGIRD?LCD
            CODE    2FF9H     008CH     UNIT         ?C_C51STARTUP
            CODE    3085H     0086H     UNIT         ?PR?DISPSCALEVER_BLUE?LCD
            CODE    310BH     0086H     UNIT         ?PR?_DRAWLINE?LCD
            CODE    3191H     007DH     UNIT         ?PR?_MMC_SD_WRITESINGLEBLOCK?MMC_SD
            CODE    320EH     0078H     UNIT         ?PR?DISPGRAYHOR32?LCD
            CODE    3286H     0075H     UNIT         ?PR?_MMC_SD_SENDCOMMAND?MMC_SD
            CODE    32FBH     0073H     UNIT         ?PR?TP_READ?TP
            CODE    336EH     0073H     UNIT         ?PR?USBXCORE_GET_STATUS?USB_API
            CODE    33E1H     006CH     UNIT         ?PR?DEVICES_INIT?MAIN
            CODE    344DH     0064H     UNIT         ?PR?_MMC_SD_READSINGLEBLOCK?MMC_SD
            CODE    34B1H     005BH     UNIT         ?PR?_TOORD?LCD
            CODE    350CH     005AH     UNIT         ?PR?USBXCORE_SET_CONFIGURATION?USB_API
            CODE    3566H     0058H     UNIT         ?PR?USBXCORE_CLEAR_FEATURE?USB_API
            CODE    35BEH     0057H     UNIT         ?PR?USBXCORE_SET_FEATURE?USB_API
            CODE    3615H     0055H     UNIT         ?PR?_STOPDELAY?MAIN
            CODE    366AH     0053H     UNIT         ?PR?_DISPPIC?LCD
            CODE    36BDH     0052H     UNIT         ?PR?_PUTPIXEL?LCD
            CODE    370FH     0050H     UNIT         ?CO?MAIN
            CODE    375FH     0049H     UNIT         ?PR?MAIN?MAIN
            CODE    37A8H     0047H     UNIT         ?PR?USBXCORE_GET_CONFIGURATION?USB_API
            CODE    37EFH     0043H     UNIT         ?PR?MCU_INIT?MAIN
            CODE    3832H     0038H     UNIT         ?PR?USB_CLOCK_START?USB_CLOCK_START
            CODE    386AH     002DH     UNIT         ?C_INITSEG
BL51 BANKED LINKER/LOCATER V6.22                                                      08/23/2021  10:42:37  PAGE 4


            CODE    3897H     002CH     UNIT         ?PR?_WRITEDISPDATA?LCD
            CODE    38C3H     002BH     UNIT         ?PR?USB_SUSPEND?USB_SUSPEND
            CODE    38EEH     0027H     UNIT         ?PR?USBXCORE_USB_RESET?USB_API
            CODE    3915H     0027H     UNIT         ?PR?USBXCORE_GET_INTERFACE?USB_API
            CODE    393CH     0026H     UNIT         ?PR?_TP_WRITE?TP
            CODE    3962H     0022H     UNIT         ?PR?USBXCORE_JUMP_ISR?USB_JUMP_ISR
            CODE    3984H     0020H     UNIT         ?PR?USBXCORE_SET_ADDRESS?USB_API
            CODE    39A4H     001FH     UNIT         ?PR?_DELAY?MAIN
            CODE    39C3H     001DH     UNIT         ?PR?USBXCORE_FORCE_STALL?USB_API
            CODE    39E0H     001CH     UNIT         ?PR?_WRITECOMM?LCD
            CODE    39FCH     001AH     UNIT         ?PR?_WRITEDATA?LCD
            CODE    3A16H     0019H     UNIT         ?PR?USB_INT_ENABLE?USB_INT_ENABLE
            CODE    3A2FH     0016H     UNIT         ?PR?_SPI_WRITEBYTE?MMC_SD
            CODE    3A45H     0016H     UNIT         ?PR?READDATA?LCD
            CODE    3A5BH     0014H     UNIT         ?PR?USBXCORE_SET_SOP?USB_API
            CODE    3A6FH     0013H     UNIT         ?PR?WAITKEY?MAIN
            CODE    3A82H     0011H     UNIT         ?PR?SD_INIT?MMC_SD
            CODE    3A93H     000EH     UNIT         ?PR?GET_INTERRUPT_SOURCE?GET_INTERRUPT_SOURCE
            CODE    3AA1H     000CH     UNIT         ?PR?USBXCORE_CLKREC?USB_CLOCK_RECOVERY
            CODE    3AADH     000BH     UNIT         ?PR?SPI_READBYTE?MMC_SD
            CODE    3AB8H     0009H     UNIT         ?PR?_WRITEONEDOT?LCD



OVERLAY MAP OF MODULE:   ST7735S_XL20_H8 (MAIN)


SEGMENT                                            PDATA_GROUP         XDATA_GROUP
  +--> CALLED SEGMENT                            START    LENGTH     START    LENGTH
------------------------------------------------------------------------------------
?PR?USB_API_TEST_ISR?MAIN                        005BH    0001H      -----    -----
  +--> ?PR?GET_INTERRUPT_SOURCE?GET_INTERRUP...
  +--> ?PR?_BLOCK_READ?BLOCK_READ
  +--> ?PR?SUSPEND_DEVICE?MAIN
  +--> ?PR?MCU_INIT?MAIN
  +--> ?PR?_?BLOCKWRITE?LCD

?PR?SUSPEND_DEVICE?MAIN                          -----    -----      -----    -----
  +--> ?PR?USB_SUSPEND?USB_SUSPEND

?PR?USB_SUSPEND?USB_SUSPEND                      -----    -----      -----    -----
  +--> ?PR?USB_CLOCK_START?USB_CLOCK_START

?PR?_?BLOCKWRITE?LCD                             -----    -----      -----    -----
  +--> ?PR?_WRITECOMM?LCD
  +--> ?PR?_WRITEDATA?LCD

?PR?_WRITECOMM?LCD                               007FH    0001H      -----    -----

?PR?_WRITEDATA?LCD                               007FH    0002H      -----    -----

*** NEW ROOT ***************************************************

?PR?USBXCORE_USB_ISR?USB_API                     -----    -----      -----    -----
  +--> ?PR?USBXCORE_USB_RESET?USB_API
  +--> ?PR?USBXCORE_HANDLE_SETUP?USB_API
  +--> ?PR?USBXCORE_JUMP_ISR?USB_JUMP_ISR
BL51 BANKED LINKER/LOCATER V6.22                                                      08/23/2021  10:42:37  PAGE 5



?PR?USBXCORE_HANDLE_SETUP?USB_API                -----    -----      -----    -----
  +--> ?PR?USBXCORE_GET_STATUS?USB_API
  +--> ?PR?USBXCORE_CLEAR_FEATURE?USB_API
  +--> ?PR?USBXCORE_VENDOR_USB_API?USB_API
  +--> ?PR?USBXCORE_SET_FEATURE?USB_API
  +--> ?PR?USBXCORE_SET_ADDRESS?USB_API
  +--> ?PR?USBXCORE_GET_DESCRIPTOR?USB_API
  +--> ?PR?USBXCORE_GET_CONFIGURATION?USB_API
  +--> ?PR?USBXCORE_SET_CONFIGURATION?USB_API
  +--> ?PR?USBXCORE_GET_INTERFACE?USB_API
  +--> ?PR?USBXCORE_SET_SOP?USB_API
  +--> ?PR?USBXCORE_FORCE_STALL?USB_API

?PR?USBXCORE_GET_STATUS?USB_API                  -----    -----      -----    -----
  +--> ?CO?USB_API
  +--> ?PR?USBXCORE_FORCE_STALL?USB_API
  +--> ?PR?USBXCORE_SET_SOP?USB_API

?PR?USBXCORE_CLEAR_FEATURE?USB_API               -----    -----      -----    -----
  +--> ?PR?USBXCORE_FORCE_STALL?USB_API
  +--> ?PR?USBXCORE_SET_SOP?USB_API

?PR?USBXCORE_VENDOR_USB_API?USB_API              -----    -----      -----    -----
  +--> ?PR?USBXCORE_SET_SOP?USB_API

?PR?USBXCORE_SET_FEATURE?USB_API                 -----    -----      -----    -----
  +--> ?PR?USBXCORE_FORCE_STALL?USB_API
  +--> ?PR?USBXCORE_SET_SOP?USB_API

?PR?USBXCORE_SET_ADDRESS?USB_API                 -----    -----      -----    -----
  +--> ?PR?USBXCORE_SET_SOP?USB_API

?PR?USBXCORE_GET_DESCRIPTOR?USB_API              -----    -----      -----    -----
  +--> ?PR?USBXCORE_FORCE_STALL?USB_API
  +--> ?PR?USBXCORE_SET_SOP?USB_API

?PR?USBXCORE_GET_CONFIGURATION?USB_API           -----    -----      -----    -----
  +--> ?CO?USB_API
  +--> ?PR?USBXCORE_SET_SOP?USB_API

?PR?USBXCORE_SET_CONFIGURATION?USB_API           -----    -----      -----    -----
  +--> ?PR?USBXCORE_SET_SOP?USB_API

?PR?USBXCORE_GET_INTERFACE?USB_API               -----    -----      -----    -----
  +--> ?CO?USB_API
  +--> ?PR?USBXCORE_SET_SOP?USB_API

*** NEW ROOT ***************************************************

?C_C51STARTUP                                    -----    -----      -----    -----
  +--> ?PR?MAIN?MAIN
  +--> ?C_INITSEG

?PR?MAIN?MAIN                                    -----    -----      -----    -----
  +--> ?PR?DEVICES_INIT?MAIN
  +--> ?PR?DISPFRAME?LCD
BL51 BANKED LINKER/LOCATER V6.22                                                      08/23/2021  10:42:37  PAGE 6


  +--> ?PR?_STOPDELAY?MAIN
  +--> ?PR?_DISPCOLOR?LCD
  +--> ?PR?DISPGRAYHOR16?LCD
  +--> ?PR?TP_DRAWLINE?TP

?PR?DEVICES_INIT?MAIN                            -----    -----      -----    -----
  +--> ?PR?MCU_INIT?MAIN
  +--> ?PR?USB_CLOCK_START?USB_CLOCK_START
  +--> ?CO?MAIN
  +--> ?PR?_USB_INIT?USB_API
  +--> ?PR?USB_INT_ENABLE?USB_INT_ENABLE
  +--> ?PR?LCD_INIT?LCD

?PR?_USB_INIT?USB_API                            -----    -----      0281H    0011H
  +--> ?CO?USB_API
  +--> ?PR?USBXCORE_CLKREC?USB_CLOCK_RECOVERY

?PR?LCD_INIT?LCD                                 -----    -----      -----    -----
  +--> ?PR?READDATA?LCD
  +--> ?PR?_DELAY?MAIN
  +--> ?PR?_WRITECOMM?LCD
  +--> ?PR?_WRITEDATA?LCD

?PR?READDATA?LCD                                 -----    -----      -----    -----
  +--> ?PR?_LCD_READ_IC_ID?LCD

?PR?_LCD_READ_IC_ID?LCD                          0067H    0008H      -----    -----

?PR?DISPFRAME?LCD                                005EH    0002H      -----    -----
  +--> ?PR?_?BLOCKWRITE?LCD
  +--> ?PR?_WRITEDISPDATA?LCD

?PR?_WRITEDISPDATA?LCD                           007FH    0001H      -----    -----

?PR?_STOPDELAY?MAIN                              005EH    0004H      -----    -----
  +--> ?PR?WAITKEY?MAIN
  +--> ?PR?_DELAY?MAIN

?PR?WAITKEY?MAIN                                 -----    -----      -----    -----
  +--> ?PR?CONNTOUSB?MAIN
  +--> ?PR?_DELAY?MAIN

?PR?CONNTOUSB?MAIN                               0062H    0005H      0281H    0058H
  +--> ?CO?MAIN
  +--> ?PR?_WRITECOMM?LCD
  +--> ?PR?_WRITEDATA?LCD
  +--> ?PR?_DISPSTR?LCD
  +--> ?PR?_DISPINT?LCD
  +--> ?PR?_WRITEDISPDATA?LCD
  +--> ?PR?_MMC_SD_WRITESINGLEBLOCK?MMC_SD
  +--> ?PR?_BLOCK_WRITE?BLOCK_WRITE
  +--> ?PR?READDATA?LCD
  +--> ?PR?_DELAY?MAIN

?PR?_DISPSTR?LCD                                 0067H    000BH      -----    -----
  +--> ?PR?_TOORD?LCD
  +--> ?PR?_DISPONECHAR?LCD
BL51 BANKED LINKER/LOCATER V6.22                                                      08/23/2021  10:42:37  PAGE 7



?PR?_DISPONECHAR?LCD                             0072H    000DH      -----    -----
  +--> ?PR?_?BLOCKWRITE?LCD
  +--> ?CO?LCD
  +--> ?PR?_WRITEONEDOT?LCD

?PR?_WRITEONEDOT?LCD                             -----    -----      -----    -----
  +--> ?PR?_WRITEDISPDATA?LCD

?PR?_DISPINT?LCD                                 0067H    000AH      -----    -----
  +--> ?PR?_DISPONECHAR?LCD

?PR?_MMC_SD_WRITESINGLEBLOCK?MMC_SD              0067H    0004H      -----    -----
  +--> ?PR?_MMC_SD_SENDCOMMAND?MMC_SD
  +--> ?PR?_SPI_WRITEBYTE?MMC_SD

?PR?_MMC_SD_SENDCOMMAND?MMC_SD                   006BH    0005H      -----    -----
  +--> ?PR?_SPI_WRITEBYTE?MMC_SD

?PR?_DISPCOLOR?LCD                               005EH    0004H      -----    -----
  +--> ?PR?_?BLOCKWRITE?LCD
  +--> ?PR?_WRITEDISPDATA?LCD

?PR?DISPGRAYHOR16?LCD                            005EH    0004H      -----    -----
  +--> ?PR?_?BLOCKWRITE?LCD
  +--> ?PR?_WRITEDISPDATA?LCD

?PR?TP_DRAWLINE?TP                               -----    -----      0281H    0018H
  +--> ?PR?_DISPCOLOR?LCD
  +--> ?PR?_DELAY?MAIN
  +--> ?PR?_TP_GETPOSITION?TP
  +--> ?PR?_PUTPIXEL?LCD

?PR?_TP_GETPOSITION?TP                           -----    -----      0299H    001BH
  +--> ?PR?_TP_WRITE?TP
  +--> ?PR?TP_READ?TP

?PR?_TP_WRITE?TP                                 -----    -----      02B4H    0001H

?PR?TP_READ?TP                                   -----    -----      02B4H    0005H

?PR?_PUTPIXEL?LCD                                005EH    0002H      -----    -----
  +--> ?PR?_?BLOCKWRITE?LCD
  +--> ?PR?_WRITEDISPDATA?LCD



SYMBOL TABLE OF MODULE:  ST7735S_XL20_H8 (MAIN)

  VALUE           TYPE          NAME
  ----------------------------------

  -------         MODULE        MAIN
  C:0000H         SYMBOL        _ICE_DUMMY_
  D:0080H         PUBLIC        P0
  X:0000H         PUBLIC        f_down
  D:0090H         PUBLIC        P1
BL51 BANKED LINKER/LOCATER V6.22                                                      08/23/2021  10:42:37  PAGE 8


  D:00A0H         PUBLIC        P2
  D:00B0H         PUBLIC        P3
  C:375AH         PUBLIC        USB_MaxPower
  B:00B0H.6       PUBLIC        KEY_STEP
  D:00A4H         PUBLIC        P0MDOUT
  D:00A5H         PUBLIC        P1MDOUT
  D:00A6H         PUBLIC        P2MDOUT
  D:00A7H         PUBLIC        P3MDOUT
  D:00AEH         PUBLIC        P4MDOUT
  B:0080H.6       PUBLIC        OE
  D:00D9H         PUBLIC        PCA0MD
  C:202BH         PUBLIC        USB_API_TEST_ISR
  C:003DH         PUBLIC        Suspend_Device
  C:3619H         PUBLIC        _StopDelay
  D:00E1H         PUBLIC        XBR0
  D:00E2H         PUBLIC        XBR1
  B:00B0H.1       PUBLIC        RS
  C:375FH         PUBLIC        main
  X:0001H         PUBLIC        VerifyCode0
  X:0002H         PUBLIC        VerifyCode1
  C:3724H         PUBLIC        USB_PID
  X:0003H         PUBLIC        VerifyCode2
  D:00F1H         PUBLIC        P0MDIN
  D:00F2H         PUBLIC        P1MDIN
  C:3726H         PUBLIC        USB_MfrStr
  D:00F4H         PUBLIC        P3MDIN
  C:3722H         PUBLIC        USB_VID
  D:00F8H         PUBLIC        SPI0CN
  X:0004H         PUBLIC        pic
  C:33E1H         PUBLIC        Devices_Init
  C:008EH         PUBLIC        ConnToUSB
  D:00A9H         PUBLIC        CLKSEL
  D:00B2H         PUBLIC        OSCICN
  C:375BH         PUBLIC        USB_PwAttributes
  C:3A6FH         PUBLIC        WaitKey
  C:375EH         SYMBOL        _?ix1000
  B:00B0H.0       PUBLIC        CS0
  X:0005H         PUBLIC        bf
  C:375CH         PUBLIC        USB_bcdDevice
  D:00B9H         PUBLIC        CLKMUL
  X:0007H         PUBLIC        f_debug
  X:0008H         PUBLIC        sd
  X:02D9H         PUBLIC        Packet
  C:37EFH         PUBLIC        MCU_Init
  B:0080H.7       PUBLIC        DIR
  D:00EFH         PUBLIC        RSTSRC
  X:000CH         PUBLIC        f_read
  C:3750H         PUBLIC        USB_SerialStr
  X:000DH         PUBLIC        f_other
  C:3740H         PUBLIC        USB_ProductStr
  X:000EH         PUBLIC        f_para
  D:00A1H         PUBLIC        SPI0CFG
  C:39A4H         PUBLIC        _Delay
  B:00B0H.7       PUBLIC        KEY_Stop
  X:000FH         PUBLIC        f_init
  -------         PROC          MAIN
  C:375FH         LINE#         40
BL51 BANKED LINKER/LOCATER V6.22                                                      08/23/2021  10:42:37  PAGE 9


  C:375FH         LINE#         41
  C:375FH         LINE#         61
  C:3762H         LINE#         63
  C:3765H         LINE#         64
  C:3765H         LINE#         67
  C:376BH         LINE#         68
  C:3775H         LINE#         70
  C:377FH         LINE#         71
  C:3789H         LINE#         72
  C:3793H         LINE#         74
  C:3799H         LINE#         75
  C:37A2H         LINE#         79
  C:37A5H         LINE#         81
  C:37A7H         LINE#         82
  -------         ENDPROC       MAIN
  -------         PROC          _DELAY
  D:0006H         SYMBOL        dly
  -------         DO            
  D:0004H         SYMBOL        i
  D:0002H         SYMBOL        j
  -------         ENDDO         
  C:39A4H         LINE#         85
  C:39A4H         LINE#         86
  C:39A4H         LINE#         89
  C:39AEH         LINE#         90
  C:39C2H         LINE#         91
  -------         ENDPROC       _DELAY
  C:3615H         SYMBOL        L?0133
  -------         PROC          L?0132
  -------         ENDPROC       L?0132
  C:3615H         SYMBOL        L?0133
  -------         PROC          _STOPDELAY
  X:005EH         SYMBOL        sdly
  -------         DO            
  D:0006H         SYMBOL        i
  D:0004H         SYMBOL        j
  X:0060H         SYMBOL        k
  -------         ENDDO         
  C:3619H         LINE#         93
  C:3620H         LINE#         94
  C:3620H         LINE#         96
  C:3625H         LINE#         97
  C:3625H         LINE#         98
  C:3628H         LINE#         99
  C:3628H         LINE#         100
  C:3635H         LINE#         101
  C:3649H         LINE#         102
  C:3649H         LINE#         104
  C:3649H         LINE#         105
  C:3653H         LINE#         106
  C:3653H         LINE#         107
  C:3669H         LINE#         108
  -------         ENDPROC       _STOPDELAY
  -------         PROC          WAITKEY
  C:3A6FH         LINE#         137
  C:3A6FH         LINE#         138
  C:3A6FH         LINE#         140
BL51 BANKED LINKER/LOCATER V6.22                                                      08/23/2021  10:42:37  PAGE 10


  C:3A72H         LINE#         141
  C:3A72H         LINE#         143
  C:3A75H         LINE#         145
  C:3A77H         LINE#         146
  C:3A7EH         LINE#         147
  C:3A81H         LINE#         149
  -------         ENDPROC       WAITKEY
  -------         PROC          CONNTOUSB
  -------         DO            
  X:0062H         SYMBOL        i
  X:0281H         SYMBOL        reg_data
  X:0299H         SYMBOL        para_data
  D:0007H         SYMBOL        dat
  X:0063H         SYMBOL        reg_index
  X:0065H         SYMBOL        data_num
  X:0066H         SYMBOL        st
  -------         ENDDO         
  C:008EH         LINE#         155
  C:008EH         LINE#         156
  C:008EH         LINE#         163
  C:00A1H         LINE#         165
  C:00A9H         LINE#         166
  C:00A9H         LINE#         167
  C:00B7H         LINE#         168
  C:00B7H         LINE#         169
  C:00C8H         LINE#         170
  C:00C8H         LINE#         171
  C:00EEH         LINE#         172
  C:00F0H         LINE#         173
  C:0104H         LINE#         174
  C:0104H         LINE#         175
  C:012AH         LINE#         177
  C:012AH         LINE#         178
  C:012AH         LINE#         179
  C:012AH         LINE#         181
  C:012AH         LINE#         182
  C:0132H         LINE#         183
  C:013CH         LINE#         184
  C:0146H         LINE#         186
  C:0162H         LINE#         188
  C:016CH         LINE#         189
  C:016CH         LINE#         190
  C:017DH         LINE#         191
  C:017DH         LINE#         192
  C:018EH         LINE#         193
  C:018EH         LINE#         194
  C:01E1H         LINE#         195
  C:01E3H         LINE#         196
  C:01F9H         LINE#         197
  C:01F9H         LINE#         198
  C:024BH         LINE#         199
  C:024BH         LINE#         200
  C:024BH         LINE#         201
  C:024BH         LINE#         203
  C:024BH         LINE#         204
  C:0253H         LINE#         205
  C:0253H         LINE#         206
BL51 BANKED LINKER/LOCATER V6.22                                                      08/23/2021  10:42:37  PAGE 11


  C:025DH         LINE#         207
  C:0267H         LINE#         209
  C:026BH         LINE#         210
  C:026EH         LINE#         214
  C:0276H         LINE#         215
  C:0276H         LINE#         216
  C:0285H         LINE#         217
  C:0285H         LINE#         218
  C:0287H         LINE#         220
  C:0289H         LINE#         221
  C:02A5H         LINE#         222
  C:02A7H         LINE#         224
  C:02D0H         LINE#         225
  C:02F4H         LINE#         226
  C:02FEH         LINE#         227
  C:02FEH         LINE#         228
  C:0306H         LINE#         229
  C:030DH         LINE#         230
  C:0318H         LINE#         231
  C:031EH         LINE#         232
  C:031EH         LINE#         233
  C:0327H         LINE#         235
  C:032BH         LINE#         236
  C:0337H         LINE#         237
  C:033AH         LINE#         240
  C:0342H         LINE#         241
  C:0342H         LINE#         242
  C:034BH         LINE#         243
  C:034BH         LINE#         244
  C:035BH         LINE#         245
  C:035BH         LINE#         246
  C:035DH         LINE#         248
  C:035FH         LINE#         249
  C:037BH         LINE#         250
  C:037DH         LINE#         252
  C:03A6H         LINE#         253
  C:03CAH         LINE#         255
  C:03D4H         LINE#         256
  C:03D4H         LINE#         257
  C:03DCH         LINE#         258
  C:03E3H         LINE#         259
  C:03EEH         LINE#         260
  C:03F4H         LINE#         261
  C:03F4H         LINE#         263
  C:03FDH         LINE#         269
  C:03FDH         LINE#         270
  C:040AH         LINE#         271
  C:040AH         LINE#         272
  C:040CH         LINE#         274
  C:040EH         LINE#         275
  C:042AH         LINE#         276
  C:042CH         LINE#         278
  C:0434H         LINE#         279
  C:0438H         LINE#         280
  C:0444H         LINE#         281
  C:0444H         LINE#         282
  C:0447H         LINE#         285
BL51 BANKED LINKER/LOCATER V6.22                                                      08/23/2021  10:42:37  PAGE 12


  C:044FH         LINE#         286
  C:044FH         LINE#         287
  C:0460H         LINE#         288
  C:0460H         LINE#         289
  C:046DH         LINE#         290
  C:046DH         LINE#         291
  C:048BH         LINE#         292
  C:048DH         LINE#         293
  C:049DH         LINE#         294
  C:049DH         LINE#         295
  C:04BBH         LINE#         296
  C:04BDH         LINE#         297
  C:04CEH         LINE#         298
  C:04CEH         LINE#         299
  C:04D8H         LINE#         300
  C:04E2H         LINE#         301
  C:04E2H         LINE#         302
  C:04E2H         LINE#         303
  C:04E2H         LINE#         305
  C:04E2H         LINE#         306
  C:04EBH         LINE#         307
  C:04EFH         LINE#         308
  C:04FBH         LINE#         309
  C:04FEH         LINE#         312
  C:0506H         LINE#         313
  C:0506H         LINE#         314
  C:0513H         LINE#         315
  C:0524H         LINE#         317
  C:052DH         LINE#         318
  C:053CH         LINE#         320
  C:0544H         LINE#         321
  C:0544H         LINE#         322
  C:054DH         LINE#         323
  C:055CH         LINE#         324
  C:055CH         LINE#         325
  C:055FH         LINE#         326
  C:056EH         LINE#         327
  C:057AH         LINE#         328
  C:0580H         LINE#         329
  C:0580H         LINE#         331
  C:0584H         LINE#         332
  C:0593H         LINE#         334
  C:059AH         LINE#         335
  C:05B6H         LINE#         336
  C:05C0H         LINE#         337
  C:05C0H         LINE#         338
  C:05E6H         LINE#         339
  C:05F9H         LINE#         340
  C:05F9H         LINE#         341
  C:064BH         LINE#         342
  C:0653H         LINE#         343
  C:0653H         LINE#         344
  C:0653H         LINE#         347
  C:0658H         LINE#         348
  C:0658H         LINE#         349
  C:0665H         LINE#         350
  C:0676H         LINE#         352
BL51 BANKED LINKER/LOCATER V6.22                                                      08/23/2021  10:42:37  PAGE 13


  C:067BH         LINE#         353
  C:067FH         LINE#         354
  C:0682H         LINE#         355
  C:0686H         LINE#         357
  C:068AH         LINE#         358
  C:0696H         LINE#         359
  C:0698H         LINE#         360
  -------         ENDPROC       CONNTOUSB
  -------         PROC          MCU_INIT
  -------         DO            
  D:0007H         SYMBOL        n
  -------         ENDDO         
  C:37EFH         LINE#         363
  C:37EFH         LINE#         364
  C:37EFH         LINE#         366
  C:37F2H         LINE#         369
  C:37F5H         LINE#         370
  C:37F8H         LINE#         372
  C:37FBH         LINE#         374
  C:3801H         LINE#         376
  C:3804H         LINE#         377
  C:3809H         LINE#         378
  C:380CH         LINE#         380
  C:380FH         LINE#         383
  C:3812H         LINE#         384
  C:3815H         LINE#         386
  C:3818H         LINE#         387
  C:381BH         LINE#         389
  C:381EH         LINE#         390
  C:3821H         LINE#         392
  C:3824H         LINE#         393
  C:3827H         LINE#         394
  C:3829H         LINE#         395
  C:382BH         LINE#         397
  C:382EH         LINE#         398
  C:3831H         LINE#         400
  -------         ENDPROC       MCU_INIT
  -------         PROC          DEVICES_INIT
  C:33E1H         LINE#         402
  C:33E1H         LINE#         403
  C:33E1H         LINE#         405
  C:33E4H         LINE#         408
  C:33E7H         LINE#         409
  C:3441H         LINE#         410
  C:3444H         LINE#         413
  C:3447H         LINE#         414
  C:344AH         LINE#         422
  -------         ENDPROC       DEVICES_INIT
  -------         PROC          SUSPEND_DEVICE
  C:003DH         LINE#         426
  C:003DH         LINE#         427
  C:003DH         LINE#         428
  -------         ENDPROC       SUSPEND_DEVICE
  -------         PROC          USB_API_TEST_ISR
  -------         DO            
  X:005BH         SYMBOL        INTVAL
  -------         ENDDO         
BL51 BANKED LINKER/LOCATER V6.22                                                      08/23/2021  10:42:37  PAGE 14


  C:202BH         LINE#         432
  C:2048H         LINE#         434
  C:204FH         LINE#         436
  C:2055H         LINE#         437
  C:2055H         LINE#         438
  C:2060H         LINE#         440
  C:207CH         LINE#         441
  C:207CH         LINE#         442
  C:207EH         LINE#         443
  C:2080H         LINE#         444
  C:2096H         LINE#         445
  C:2096H         LINE#         446
  C:2098H         LINE#         447
  C:209AH         LINE#         448
  C:20B2H         LINE#         449
  C:20B2H         LINE#         450
  C:20B4H         LINE#         451
  C:20B6H         LINE#         452
  C:20D0H         LINE#         453
  C:20D0H         LINE#         454
  C:20D2H         LINE#         455
  C:20D4H         LINE#         456
  C:20E9H         LINE#         457
  C:20E9H         LINE#         458
  C:20EBH         LINE#         459
  C:20EDH         LINE#         461
  C:20EDH         LINE#         462
  C:20F2H         LINE#         463
  C:20F2H         LINE#         464
  C:20F2H         LINE#         466
  C:20F2H         LINE#         467
  C:20F2H         LINE#         469
  C:20F2H         LINE#         471
  C:20F8H         LINE#         472
  C:20F8H         LINE#         473
  C:20FBH         LINE#         474
  C:20FBH         LINE#         476
  C:2101H         LINE#         477
  C:2101H         LINE#         478
  C:2104H         LINE#         479
  C:2104H         LINE#         481
  C:210AH         LINE#         482
  C:210AH         LINE#         483
  C:2125H         LINE#         484
  C:2125H         LINE#         486
  C:212BH         LINE#         487
  C:212BH         LINE#         488
  C:2130H         LINE#         489
  C:214BH         LINE#         490
  C:214BH         LINE#         491
  -------         ENDPROC       USB_API_TEST_ISR
  -------         ENDMOD        MAIN

  -------         MODULE        MMC_SD
  C:0000H         SYMBOL        _ICE_DUMMY_
  D:00A2H         PUBLIC        SPI0CKR
  D:0080H         PUBLIC        P0
BL51 BANKED LINKER/LOCATER V6.22                                                      08/23/2021  10:42:37  PAGE 15


  D:0090H         PUBLIC        P1
  D:00A0H         PUBLIC        P2
  D:00B0H         PUBLIC        P3
  C:3286H         PUBLIC        _MMC_SD_SendCommand
  C:344DH         PUBLIC        _MMC_SD_ReadSingleBlock
  C:3A82H         PUBLIC        SD_Init
  C:3191H         PUBLIC        _MMC_SD_WriteSingleBlock
  B:00F8H.7       PUBLIC        SPIF
  B:00F8H.2       PUBLIC        NSSMD0
  C:2872H         PUBLIC        MMC_SD_Reset
  D:00A9H         PUBLIC        CLKSEL
  C:3AADH         PUBLIC        SPI_ReadByte
  C:3A3BH         PUBLIC        _SPI_WriteByte
  D:00A3H         PUBLIC        SPI0DAT
  X:0081H         PUBLIC        buffer
  C:3A2FH         SYMBOL        L?0062
  C:3A34H         SYMBOL        L?0063
  -------         PROC          L?0061
  -------         ENDPROC       L?0061
  C:3A2FH         SYMBOL        L?0062
  C:3A34H         SYMBOL        L?0063
  -------         PROC          _SPI_WRITEBYTE
  D:0007H         SYMBOL        val
  -------         DO            
  D:0007H         SYMBOL        ret
  -------         ENDDO         
  C:3A3BH         LINE#         7
  C:3A3BH         LINE#         8
  C:3A3BH         LINE#         11
  C:3A3DH         LINE#         12
  C:3A40H         LINE#         13
  C:3A42H         LINE#         14
  C:3A44H         LINE#         15
  C:3A44H         LINE#         16
  -------         ENDPROC       _SPI_WRITEBYTE
  -------         PROC          SPI_READBYTE
  -------         DO            
  D:0007H         SYMBOL        ret
  -------         ENDDO         
  C:3AADH         LINE#         18
  C:3AADH         LINE#         19
  C:3AADH         LINE#         22
  C:3AB0H         LINE#         23
  C:3AB3H         LINE#         24
  C:3AB5H         LINE#         25
  C:3AB7H         LINE#         26
  C:3AB7H         LINE#         27
  -------         ENDPROC       SPI_READBYTE
  -------         PROC          _MMC_SD_SENDCOMMAND
  D:0006H         SYMBOL        cmd
  X:006CH         SYMBOL        arg
  -------         DO            
  D:0007H         SYMBOL        r1
  D:0003H         SYMBOL        retry
  -------         ENDDO         
  C:3286H         LINE#         29
  C:3288H         LINE#         30
BL51 BANKED LINKER/LOCATER V6.22                                                      08/23/2021  10:42:37  PAGE 16


  C:3288H         LINE#         32
  C:328AH         LINE#         34
  C:328AH         LINE#         35
  C:328AH         LINE#         36
  C:328DH         LINE#         37
  C:328DH         LINE#         38
  C:328DH         LINE#         39
  C:3290H         LINE#         41
  C:3292H         LINE#         43
  C:3299H         LINE#         44
  C:32AEH         LINE#         45
  C:32C3H         LINE#         46
  C:32D8H         LINE#         47
  C:32E2H         LINE#         48
  C:32E7H         LINE#         50
  C:32EFH         LINE#         51
  C:32F8H         LINE#         53
  C:32FAH         LINE#         55
  C:32FAH         LINE#         56
  -------         ENDPROC       _MMC_SD_SENDCOMMAND
  -------         PROC          MMC_SD_RESET
  -------         DO            
  D:0005H         SYMBOL        i
  D:0002H         SYMBOL        retry
  D:0006H         SYMBOL        r1
  -------         ENDDO         
  C:2872H         LINE#         58
  C:2872H         LINE#         59
  C:2872H         LINE#         62
  C:2874H         LINE#         64
  C:2875H         LINE#         65
  C:2878H         LINE#         66
  C:287BH         LINE#         68
  C:287BH         LINE#         69
  C:2887H         LINE#         70
  C:2897H         LINE#         71
  C:2898H         LINE#         72
  C:289EH         LINE#         73
  C:28A2H         LINE#         75
  C:28A4H         LINE#         77
  C:28A4H         LINE#         79
  C:28A4H         LINE#         80
  C:28B4H         LINE#         81
  C:28B5H         LINE#         82
  C:28BEH         LINE#         83
  C:28C2H         LINE#         85
  C:28C4H         LINE#         86
  C:28D4H         LINE#         87
  C:28D5H         LINE#         88
  C:28DEH         LINE#         89
  C:28E1H         LINE#         91
  C:28E4H         LINE#         92
  C:28E4H         LINE#         93
  C:28E6H         LINE#         95
  C:28E6H         LINE#         96
  C:28F6H         LINE#         97
  C:28F7H         LINE#         98
BL51 BANKED LINKER/LOCATER V6.22                                                      08/23/2021  10:42:37  PAGE 17


  C:2900H         LINE#         99
  C:2903H         LINE#         100
  C:2903H         LINE#         101
  C:2913H         LINE#         103
  C:2921H         LINE#         104
  C:2924H         LINE#         105
  C:2927H         LINE#         106
  C:2928H         LINE#         107
  -------         ENDPROC       MMC_SD_RESET
  -------         PROC          _MMC_SD_READSINGLEBLOCK
  X:0010H         SYMBOL        sector
  -------         DO            
  D:0007H         SYMBOL        r1
  D:0004H         SYMBOL        i
  D:0002H         SYMBOL        retry
  -------         ENDDO         
  C:344DH         LINE#         109
  C:3452H         LINE#         110
  C:3452H         LINE#         113
  C:3454H         LINE#         115
  C:3457H         LINE#         117
  C:3457H         LINE#         118
  C:3473H         LINE#         119
  C:3474H         LINE#         120
  C:347DH         LINE#         121
  C:3480H         LINE#         124
  C:3482H         LINE#         126
  C:3488H         LINE#         128
  C:348BH         LINE#         129
  C:348BH         LINE#         130
  C:349AH         LINE#         131
  C:34A7H         LINE#         133
  C:34A7H         LINE#         134
  C:34AAH         LINE#         136
  C:34ACH         LINE#         137
  C:34AFH         LINE#         138
  C:34B0H         LINE#         139
  -------         ENDPROC       _MMC_SD_READSINGLEBLOCK
  -------         PROC          _MMC_SD_WRITESINGLEBLOCK
  X:0067H         SYMBOL        sector
  -------         DO            
  D:0006H         SYMBOL        r1
  D:0004H         SYMBOL        i
  D:0002H         SYMBOL        retry
  -------         ENDDO         
  C:3191H         LINE#         141
  C:3196H         LINE#         142
  C:3196H         LINE#         145
  C:3198H         LINE#         147
  C:319BH         LINE#         149
  C:319BH         LINE#         150
  C:31B9H         LINE#         151
  C:31BAH         LINE#         152
  C:31C3H         LINE#         153
  C:31C6H         LINE#         157
  C:31C8H         LINE#         159
  C:31CDH         LINE#         161
BL51 BANKED LINKER/LOCATER V6.22                                                      08/23/2021  10:42:37  PAGE 18


  C:31D2H         LINE#         163
  C:31D4H         LINE#         164
  C:31D4H         LINE#         165
  C:31E3H         LINE#         166
  C:31F0H         LINE#         168
  C:31F0H         LINE#         169
  C:31F0H         LINE#         171
  C:31F5H         LINE#         173
  C:31FCH         LINE#         174
  C:31FCH         LINE#         175
  C:31FEH         LINE#         176
  C:31FFH         LINE#         177
  C:31FFH         LINE#         179
  C:3207H         LINE#         181
  C:3209H         LINE#         182
  C:320CH         LINE#         183
  C:320DH         LINE#         184
  -------         ENDPROC       _MMC_SD_WRITESINGLEBLOCK
  -------         PROC          SD_INIT
  -------         DO            
  D:0001H         SYMBOL        n
  -------         ENDDO         
  C:3A82H         LINE#         187
  C:3A82H         LINE#         188
  C:3A82H         LINE#         189
  C:3A84H         LINE#         191
  C:3A8AH         LINE#         192
  C:3A8AH         LINE#         193
  C:3A8BH         LINE#         194
  C:3A92H         LINE#         196
  -------         ENDPROC       SD_INIT
  -------         ENDMOD        MMC_SD

  -------         MODULE        LCD
  C:0000H         SYMBOL        _ICE_DUMMY_
  D:0080H         PUBLIC        P0
  C:2B3DH         PUBLIC        DispFrame
  D:0090H         PUBLIC        P1
  C:2BE1H         PUBLIC        DispScaleVer_Green
  D:00A0H         PUBLIC        P2
  D:00B0H         PUBLIC        P3
  C:1D50H         PUBLIC        DispBand
  C:3A00H         PUBLIC        _WriteData
  C:0699H         PUBLIC        ascii
  C:1411H         PUBLIC        _LCD_Read_IC_ID
  D:00A6H         PUBLIC        P2MDOUT
  C:0046H         PUBLIC        _DispColor
  C:3085H         PUBLIC        DispScaleVer_Blue
  C:2F6AH         PUBLIC        _DrawGird
  C:310BH         PUBLIC        _DrawLine
  C:39E0H         PUBLIC        _WriteComm
  C:38ACH         PUBLIC        _WriteDispData
  C:2ED9H         PUBLIC        DispScaleVer_Gray
  B:00B0H.1       PUBLIC        RS
  B:00A0H.1       PUBLIC        SPI_CLK
  C:2E48H         PUBLIC        DispScaleVer_Red
  D:00F3H         PUBLIC        P2MDIN
BL51 BANKED LINKER/LOCATER V6.22                                                      08/23/2021  10:42:37  PAGE 19


  C:229DH         PUBLIC        DispScaleVer
  C:366AH         PUBLIC        _DispPic
  C:27D7H         PUBLIC        _DispOneChar
  C:320EH         PUBLIC        DispGrayHor32
  C:2C7FH         PUBLIC        DispGrayHor16
  C:2929H         PUBLIC        _DispInt
  C:36BDH         PUBLIC        _PutPixel
  D:00A9H         PUBLIC        CLKSEL
  B:0090H.6       PUBLIC        RD0
  B:00B0H.0       PUBLIC        CS0
  X:0059H         PUBLIC        LCM_ID
  C:1BB9H         PUBLIC        LCD_Init
  C:2DB2H         PUBLIC        _DispStr
  B:0090H.7       PUBLIC        WR0
  C:1643H         PUBLIC        DispScaleHor1
  B:00A0H.0       PUBLIC        SPI_DI
  C:3AB8H         PUBLIC        _WriteOneDot
  C:1861H         PUBLIC        DispScaleHor2
  C:25F1H         PUBLIC        _DispPicFromSD
  B:0080H.7       PUBLIC        DIR
  C:34B1H         PUBLIC        _ToOrd
  B:0080H.5       PUBLIC        RST
  C:3A45H         PUBLIC        ReadData
  C:2D33H         PUBLIC        _?BlockWrite
  -------         PROC          _LCD_READ_IC_ID
  X:0067H         SYMBOL        ID
  D:0004H         SYMBOL        Bug
  D:0003H         SYMBOL        flog
  -------         DO            
  X:0068H         SYMBOL        id
  X:006AH         SYMBOL        id1
  X:006CH         SYMBOL        temp
  D:0005H         SYMBOL        i
  D:0007H         SYMBOL        dat
  D:0001H         SYMBOL        id2
  X:006EH         SYMBOL        id3
  D:0002H         SYMBOL        id4
  -------         ENDDO         
  C:1411H         LINE#         35
  C:1415H         LINE#         36
  C:1415H         LINE#         40
  C:141DH         LINE#         41
  C:141DH         LINE#         43
  C:141FH         LINE#         44
  C:1421H         LINE#         45
  C:1423H         LINE#         47
  C:1426H         LINE#         48
  C:1428H         LINE#         49
  C:142AH         LINE#         50
  C:142CH         LINE#         53
  C:142FH         LINE#         54
  C:1432H         LINE#         55
  C:1435H         LINE#         56
  C:1437H         LINE#         57
  C:1439H         LINE#         58
  C:143BH         LINE#         63
  C:1445H         LINE#         65
BL51 BANKED LINKER/LOCATER V6.22                                                      08/23/2021  10:42:37  PAGE 20


  C:144BH         LINE#         66
  C:1453H         LINE#         68
  C:1459H         LINE#         69
  C:145FH         LINE#         70
  C:1469H         LINE#         72
  C:146FH         LINE#         73
  C:1471H         LINE#         75
  C:1477H         LINE#         77
  C:147DH         LINE#         78
  C:1487H         LINE#         80
  C:148DH         LINE#         81
  C:1492H         LINE#         83
  C:1498H         LINE#         85
  C:14A2H         LINE#         86
  C:14ACH         LINE#         88
  C:14B2H         LINE#         89
  C:14B4H         LINE#         91
  C:14C4H         LINE#         92
  C:14CEH         LINE#         94
  C:14D1H         LINE#         95
  C:14D5H         LINE#         96
  C:14D5H         LINE#         97
  C:14DEH         LINE#         98
  C:14E4H         LINE#         99
  C:14E4H         LINE#         100
  C:14EEH         LINE#         101
  C:14F0H         LINE#         102
  C:14F4H         LINE#         103
  C:14F4H         LINE#         104
  C:1503H         LINE#         105
  C:1503H         LINE#         108
  C:1503H         LINE#         109
  C:150CH         LINE#         110
  C:150CH         LINE#         112
  C:150FH         LINE#         113
  C:1513H         LINE#         114
  C:1515H         LINE#         115
  C:1517H         LINE#         116
  C:1519H         LINE#         117
  C:1519H         LINE#         118
  C:151BH         LINE#         119
  C:1523H         LINE#         120
  C:1525H         LINE#         122
  C:1527H         LINE#         123
  C:152BH         LINE#         124
  C:1530H         LINE#         125
  C:1533H         LINE#         128
  C:153DH         LINE#         129
  C:153DH         LINE#         130
  C:153FH         LINE#         131
  C:153FH         LINE#         132
  C:1541H         LINE#         133
  C:1543H         LINE#         134
  C:1545H         LINE#         135
  C:155CH         LINE#         136
  C:155EH         LINE#         137
  C:1560H         LINE#         138
BL51 BANKED LINKER/LOCATER V6.22                                                      08/23/2021  10:42:37  PAGE 21


  C:1567H         LINE#         139
  C:1571H         LINE#         140
  C:1571H         LINE#         141
  C:1573H         LINE#         142
  C:1573H         LINE#         143
  C:1575H         LINE#         144
  C:1577H         LINE#         145
  C:1579H         LINE#         146
  C:1590H         LINE#         147
  C:1592H         LINE#         148
  C:1594H         LINE#         149
  C:1599H         LINE#         150
  C:1599H         LINE#         152
  C:159BH         LINE#         153
  C:159BH         LINE#         154
  C:159DH         LINE#         155
  C:159FH         LINE#         156
  C:15A1H         LINE#         157
  C:15B8H         LINE#         158
  C:15BAH         LINE#         159
  C:15BCH         LINE#         160
  C:15C1H         LINE#         162
  C:15C3H         LINE#         163
  C:15C3H         LINE#         164
  C:15C5H         LINE#         165
  C:15C7H         LINE#         166
  C:15C9H         LINE#         167
  C:15D3H         LINE#         168
  C:15D5H         LINE#         169
  C:15D7H         LINE#         170
  C:15DCH         LINE#         172
  C:15DEH         LINE#         173
  C:15DEH         LINE#         174
  C:15E0H         LINE#         175
  C:15E2H         LINE#         176
  C:15E4H         LINE#         177
  C:15F0H         LINE#         178
  C:15F2H         LINE#         179
  C:15F4H         LINE#         180
  C:15F9H         LINE#         181
  C:15FCH         LINE#         182
  C:15FEH         LINE#         183
  C:1600H         LINE#         184
  C:1602H         LINE#         185
  C:1604H         LINE#         186
  C:1606H         LINE#         187
  C:1608H         LINE#         189
  C:160CH         LINE#         190
  C:160CH         LINE#         191
  C:161CH         LINE#         193
  C:1627H         LINE#         194
  C:1627H         LINE#         195
  C:1627H         LINE#         197
  C:162DH         LINE#         198
  C:162DH         LINE#         199
  C:1639H         LINE#         200
  C:1639H         LINE#         202
BL51 BANKED LINKER/LOCATER V6.22                                                      08/23/2021  10:42:37  PAGE 22


  C:1639H         LINE#         203
  C:163BH         LINE#         204
  C:1642H         LINE#         205
  -------         ENDPROC       _LCD_READ_IC_ID
  -------         PROC          _WRITECOMM
  D:0004H         SYMBOL        i
  -------         DO            
  X:007FH         SYMBOL        j
  D:0007H         SYMBOL        DataH
  -------         ENDDO         
  C:39E0H         LINE#         208
  C:39E4H         LINE#         209
  C:39E4H         LINE#         211
  C:39E5H         LINE#         212
  C:39E7H         LINE#         223
  C:39E7H         LINE#         224
  C:39E9H         LINE#         225
  C:39EBH         LINE#         226
  C:39EDH         LINE#         227
  C:39EFH         LINE#         228
  C:39F1H         LINE#         229
  C:39F5H         LINE#         230
  C:39F7H         LINE#         231
  C:39F9H         LINE#         232
  C:39F9H         LINE#         319
  C:39FBH         LINE#         320
  -------         ENDPROC       _WRITECOMM
  -------         PROC          L?0449
  -------         ENDPROC       L?0449
  -------         PROC          _WRITEDATA
  D:0004H         SYMBOL        i
  -------         DO            
  X:007FH         SYMBOL        j
  X:0080H         SYMBOL        DataH
  -------         ENDDO         
  C:3A00H         LINE#         322
  C:3A02H         LINE#         323
  C:3A02H         LINE#         325
  C:3A06H         LINE#         326
  C:3A08H         LINE#         337
  C:3A08H         LINE#         338
  C:3A0AH         LINE#         339
  C:3A0CH         LINE#         347
  C:3A0FH         LINE#         348
  C:3A11H         LINE#         349
  C:3A13H         LINE#         350
  C:3A13H         LINE#         513
  C:3A15H         LINE#         514
  -------         ENDPROC       _WRITEDATA
  C:3897H         SYMBOL        L?0448
  -------         PROC          L?0447
  -------         ENDPROC       L?0447
  C:3897H         SYMBOL        L?0448
  -------         PROC          _WRITEDISPDATA
  D:0007H         SYMBOL        DataH
  D:0005H         SYMBOL        DataL
  -------         DO            
BL51 BANKED LINKER/LOCATER V6.22                                                      08/23/2021  10:42:37  PAGE 23


  X:007FH         SYMBOL        j
  -------         ENDDO         
  C:38ACH         LINE#         516
  C:38ACH         LINE#         517
  C:38ACH         LINE#         519
  C:38AEH         LINE#         533
  C:38AEH         LINE#         534
  C:38B0H         LINE#         535
  C:38B2H         LINE#         536
  C:38B4H         LINE#         537
  C:38B6H         LINE#         538
  C:38B8H         LINE#         539
  C:38BCH         LINE#         540
  C:38BEH         LINE#         541
  C:38C0H         LINE#         542
  C:38C0H         LINE#         638
  C:38C2H         LINE#         639
  -------         ENDPROC       _WRITEDISPDATA
  -------         PROC          _WRITEONEDOT
  D:0004H         SYMBOL        color
  C:3AB8H         LINE#         641
  C:3ABCH         LINE#         642
  C:3ABCH         LINE#         655
  -------         ENDPROC       _WRITEONEDOT
  -------         PROC          LCD_INIT
  C:1BB9H         LINE#         664
  C:1BB9H         LINE#         665
  C:1BB9H         LINE#         666
  C:1BBCH         LINE#         669
  C:1BBEH         LINE#         670
  C:1BC5H         LINE#         672
  C:1BC7H         LINE#         673
  C:1BCEH         LINE#         675
  C:1BD0H         LINE#         676
  C:1BD7H         LINE#         2150
  C:1BDEH         LINE#         2151
  C:1BE3H         LINE#         2153
  C:1BEAH         LINE#         2154
  C:1BEFH         LINE#         2155
  C:1BF4H         LINE#         2156
  C:1BF7H         LINE#         2158
  C:1BFCH         LINE#         2159
  C:1C01H         LINE#         2160
  C:1C06H         LINE#         2161
  C:1C09H         LINE#         2163
  C:1C0EH         LINE#         2164
  C:1C13H         LINE#         2165
  C:1C18H         LINE#         2166
  C:1C1BH         LINE#         2167
  C:1C20H         LINE#         2168
  C:1C25H         LINE#         2169
  C:1C28H         LINE#         2171
  C:1C2DH         LINE#         2172
  C:1C32H         LINE#         2174
  C:1C37H         LINE#         2175
  C:1C3CH         LINE#         2176
  C:1C41H         LINE#         2177
BL51 BANKED LINKER/LOCATER V6.22                                                      08/23/2021  10:42:37  PAGE 24


  C:1C46H         LINE#         2179
  C:1C4BH         LINE#         2180
  C:1C50H         LINE#         2182
  C:1C55H         LINE#         2183
  C:1C5AH         LINE#         2184
  C:1C5FH         LINE#         2186
  C:1C64H         LINE#         2187
  C:1C69H         LINE#         2188
  C:1C6EH         LINE#         2190
  C:1C73H         LINE#         2191
  C:1C78H         LINE#         2192
  C:1C7DH         LINE#         2194
  C:1C82H         LINE#         2195
  C:1C87H         LINE#         2197
  C:1C8CH         LINE#         2198
  C:1C91H         LINE#         2200
  C:1C96H         LINE#         2201
  C:1C9BH         LINE#         2202
  C:1CA0H         LINE#         2203
  C:1CA5H         LINE#         2204
  C:1CAAH         LINE#         2205
  C:1CAFH         LINE#         2206
  C:1CB4H         LINE#         2207
  C:1CB9H         LINE#         2208
  C:1CBEH         LINE#         2209
  C:1CC2H         LINE#         2210
  C:1CC6H         LINE#         2211
  C:1CCBH         LINE#         2212
  C:1CD0H         LINE#         2213
  C:1CD5H         LINE#         2214
  C:1CDAH         LINE#         2215
  C:1CDFH         LINE#         2216
  C:1CE4H         LINE#         2218
  C:1CE9H         LINE#         2219
  C:1CEEH         LINE#         2220
  C:1CF3H         LINE#         2221
  C:1CF8H         LINE#         2222
  C:1CFDH         LINE#         2223
  C:1D02H         LINE#         2224
  C:1D07H         LINE#         2225
  C:1D0CH         LINE#         2226
  C:1D11H         LINE#         2227
  C:1D15H         LINE#         2228
  C:1D1AH         LINE#         2229
  C:1D1FH         LINE#         2230
  C:1D24H         LINE#         2231
  C:1D29H         LINE#         2232
  C:1D2EH         LINE#         2233
  C:1D32H         LINE#         2234
  C:1D37H         LINE#         2236
  C:1D3CH         LINE#         2237
  C:1D41H         LINE#         2239
  C:1D46H         LINE#         2240
  C:1D4BH         LINE#         2242
  -------         ENDPROC       LCD_INIT
  C:2D1BH         SYMBOL        L?0443
  -------         PROC          L?0442
BL51 BANKED LINKER/LOCATER V6.22                                                      08/23/2021  10:42:37  PAGE 25


  -------         ENDPROC       L?0442
  C:2D1BH         SYMBOL        L?0443
  -------         PROC          _?BLOCKWRITE
  p:0000H         SYMBOL        Xstart
  p:0002H         SYMBOL        Xend
  p:0004H         SYMBOL        Ystart
  p:0006H         SYMBOL        Yend
  C:2D33H         LINE#         5163
  C:2D54H         LINE#         5266
  C:2D5BH         LINE#         5267
  C:2D62H         LINE#         5268
  C:2D6AH         LINE#         5269
  C:2D75H         LINE#         5270
  C:2D7FH         LINE#         5272
  C:2D84H         LINE#         5273
  C:2D8EH         LINE#         5275
  C:2D95H         LINE#         5276
  C:2D9FH         LINE#         5277
  C:2DA6H         LINE#         5283
  C:2DABH         LINE#         5291
  -------         ENDPROC       _?BLOCKWRITE
  -------         PROC          _DISPCOLOR
  D:0004H         SYMBOL        color
  -------         DO            
  X:005EH         SYMBOL        i
  D:0002H         SYMBOL        m
  X:0060H         SYMBOL        DataH
  X:0061H         SYMBOL        DataL
  -------         ENDDO         
  C:0046H         LINE#         5310
  C:0048H         LINE#         5311
  C:0048H         LINE#         5314
  C:004EH         LINE#         5316
  C:0051H         LINE#         5318
  C:0053H         LINE#         5319
  C:0059H         LINE#         5320
  C:0059H         LINE#         5321
  C:005CH         LINE#         5322
  C:005CH         LINE#         5323
  C:0066H         LINE#         5324
  C:0071H         LINE#         5325
  C:0087H         LINE#         5327
  C:0089H         LINE#         5328
  -------         ENDPROC       _DISPCOLOR
  -------         PROC          DISPFRAME
  -------         DO            
  D:0002H         SYMBOL        i
  X:005EH         SYMBOL        j
  D:0001H         SYMBOL        DataH
  D:0006H         SYMBOL        DataL
  -------         ENDDO         
  C:2B3DH         LINE#         5330
  C:2B3DH         LINE#         5331
  C:2B3DH         LINE#         5334
  C:2B40H         LINE#         5336
  C:2B42H         LINE#         5339
  C:2B46H         LINE#         5340
BL51 BANKED LINKER/LOCATER V6.22                                                      08/23/2021  10:42:37  PAGE 26


  C:2B4CH         LINE#         5342
  C:2B4CH         LINE#         5343
  C:2B4CH         LINE#         5344
  C:2B50H         LINE#         5345
  C:2B57H         LINE#         5346
  C:2B62H         LINE#         5348
  C:2B66H         LINE#         5349
  C:2B6CH         LINE#         5351
  C:2B71H         LINE#         5352
  C:2B71H         LINE#         5353
  C:2B75H         LINE#         5354
  C:2B7BH         LINE#         5356
  C:2B7DH         LINE#         5357
  C:2B7DH         LINE#         5358
  C:2B80H         LINE#         5359
  C:2B85H         LINE#         5360
  C:2B90H         LINE#         5362
  C:2B94H         LINE#         5363
  C:2B9AH         LINE#         5365
  C:2BB0H         LINE#         5367
  C:2BB4H         LINE#         5368
  C:2BBAH         LINE#         5370
  C:2BBCH         LINE#         5371
  C:2BBCH         LINE#         5372
  C:2BC0H         LINE#         5373
  C:2BC7H         LINE#         5374
  C:2BD2H         LINE#         5376
  C:2BD6H         LINE#         5377
  C:2BDCH         LINE#         5379
  C:2BDEH         LINE#         5380
  C:2BE0H         LINE#         5381
  -------         ENDPROC       DISPFRAME
  -------         PROC          DISPBAND
  -------         DO            
  D:0002H         SYMBOL        i
  X:0014H         SYMBOL        j
  X:0015H         SYMBOL        k
  X:0016H         SYMBOL        m
  X:0017H         SYMBOL        n
  X:0018H         SYMBOL        x
  -------         ENDDO         
  C:1D50H         LINE#         5383
  C:1D50H         LINE#         5384
  C:1D50H         LINE#         5387
  C:1D5AH         LINE#         5388
  C:1D63H         LINE#         5389
  C:1D65H         LINE#         5392
  C:1D68H         LINE#         5393
  C:1D74H         LINE#         5394
  C:1D74H         LINE#         5395
  C:1D8FH         LINE#         5396
  C:1DAAH         LINE#         5397
  C:1DD6H         LINE#         5398
  C:1DDDH         LINE#         5399
  C:1DECH         LINE#         5400
  C:1DECH         LINE#         5401
  C:1E07H         LINE#         5402
BL51 BANKED LINKER/LOCATER V6.22                                                      08/23/2021  10:42:37  PAGE 27


  C:1E22H         LINE#         5403
  C:1E4EH         LINE#         5404
  C:1E55H         LINE#         5405
  C:1E6BH         LINE#         5406
  C:1E6BH         LINE#         5407
  C:1E86H         LINE#         5408
  C:1EA1H         LINE#         5409
  C:1ECDH         LINE#         5410
  C:1ED4H         LINE#         5411
  C:1ED6H         LINE#         5412
  C:1ED9H         LINE#         5413
  -------         ENDPROC       DISPBAND
  -------         PROC          _DISPPIC
  D:0006H         SYMBOL        picture
  -------         DO            
  X:0019H         SYMBOL        p
  X:001CH         SYMBOL        n
  -------         ENDDO         
  C:366AH         LINE#         5416
  C:366AH         LINE#         5417
  C:366AH         LINE#         5420
  C:3679H         LINE#         5421
  C:3679H         LINE#         5422
  C:3679H         LINE#         5424
  C:367CH         LINE#         5426
  C:368FH         LINE#         5427
  C:368FH         LINE#         5428
  C:36AFH         LINE#         5429
  C:36BCH         LINE#         5431
  -------         ENDPROC       _DISPPIC
  -------         PROC          _DISPPICFROMSD
  X:001EH         SYMBOL        PicNum
  -------         DO            
  X:001FH         SYMBOL        Address_S
  X:0023H         SYMBOL        Address_E
  D:0002H         SYMBOL        i
  X:0027H         SYMBOL        k
  -------         ENDDO         
  C:25F1H         LINE#         5435
  C:25F4H         LINE#         5436
  C:25F4H         LINE#         5442
  C:25F7H         LINE#         5445
  C:25F9H         LINE#         5447
  C:25FBH         LINE#         5449
  C:2604H         LINE#         5450
  C:262FH         LINE#         5451
  C:2658H         LINE#         5452
  C:267BH         LINE#         5453
  C:267BH         LINE#         5454
  C:268BH         LINE#         5456
  C:2694H         LINE#         5457
  C:2694H         LINE#         5459
  C:26AFH         LINE#         5460
  C:26B8H         LINE#         5461
  C:26D7H         LINE#         5463
  C:26D9H         LINE#         5501
  -------         ENDPROC       _DISPPICFROMSD
BL51 BANKED LINKER/LOCATER V6.22                                                      08/23/2021  10:42:37  PAGE 28


  -------         PROC          DISPSCALEHOR1
  -------         DO            
  X:002BH         SYMBOL        i
  X:002DH         SYMBOL        j
  D:0002H         SYMBOL        k
  -------         ENDDO         
  C:1643H         LINE#         5506
  C:1643H         LINE#         5507
  C:1643H         LINE#         5510
  C:1646H         LINE#         5513
  C:1646H         LINE#         5514
  C:1646H         LINE#         5515
  C:1666H         LINE#         5516
  C:166CH         LINE#         5517
  C:166CH         LINE#         5518
  C:1672H         LINE#         5519
  C:1672H         LINE#         5520
  C:1687H         LINE#         5521
  C:169DH         LINE#         5522
  C:16B3H         LINE#         5524
  C:16BEH         LINE#         5527
  C:16C1H         LINE#         5528
  C:16C1H         LINE#         5529
  C:16E1H         LINE#         5530
  C:16E7H         LINE#         5531
  C:16E7H         LINE#         5532
  C:16EDH         LINE#         5533
  C:16EDH         LINE#         5534
  C:1718H         LINE#         5535
  C:172EH         LINE#         5536
  C:1744H         LINE#         5537
  C:1752H         LINE#         5540
  C:1755H         LINE#         5541
  C:1755H         LINE#         5542
  C:1775H         LINE#         5543
  C:177BH         LINE#         5544
  C:177BH         LINE#         5545
  C:1781H         LINE#         5546
  C:1781H         LINE#         5547
  C:178BH         LINE#         5548
  C:17A1H         LINE#         5549
  C:17B7H         LINE#         5550
  C:17C2H         LINE#         5553
  C:17C5H         LINE#         5554
  C:17C5H         LINE#         5555
  C:17E5H         LINE#         5556
  C:17EBH         LINE#         5557
  C:17EBH         LINE#         5558
  C:17F1H         LINE#         5559
  C:17F1H         LINE#         5560
  C:1824H         LINE#         5561
  C:183AH         LINE#         5562
  C:1850H         LINE#         5563
  C:185EH         LINE#         5564
  C:1860H         LINE#         5565
  -------         ENDPROC       DISPSCALEHOR1
  -------         PROC          DISPSCALEVER
BL51 BANKED LINKER/LOCATER V6.22                                                      08/23/2021  10:42:37  PAGE 29


  -------         DO            
  X:002FH         SYMBOL        i
  X:0031H         SYMBOL        j
  D:0002H         SYMBOL        k
  -------         ENDDO         
  C:229DH         LINE#         5567
  C:229DH         LINE#         5568
  C:229DH         LINE#         5637
  C:22A0H         LINE#         5639
  C:22A6H         LINE#         5640
  C:22A6H         LINE#         5641
  C:22ACH         LINE#         5642
  C:22ACH         LINE#         5643
  C:22B2H         LINE#         5644
  C:22C8H         LINE#         5645
  C:22CFH         LINE#         5647
  C:22D2H         LINE#         5648
  C:22D2H         LINE#         5650
  C:22D8H         LINE#         5651
  C:22D8H         LINE#         5653
  C:22DEH         LINE#         5654
  C:22DEH         LINE#         5655
  C:22F0H         LINE#         5656
  C:2306H         LINE#         5658
  C:230CH         LINE#         5659
  C:230CH         LINE#         5660
  C:2334H         LINE#         5661
  C:234AH         LINE#         5663
  C:2350H         LINE#         5664
  C:2350H         LINE#         5665
  C:2357H         LINE#         5666
  C:236DH         LINE#         5668
  C:2373H         LINE#         5669
  C:2373H         LINE#         5670
  C:2387H         LINE#         5671
  C:239DH         LINE#         5673
  C:23B6H         LINE#         5675
  C:23C4H         LINE#         5677
  -------         ENDPROC       DISPSCALEVER
  -------         PROC          DISPSCALEVER_RED
  -------         DO            
  X:0033H         SYMBOL        i
  X:0035H         SYMBOL        j
  D:0002H         SYMBOL        k
  -------         ENDDO         
  C:2E48H         LINE#         5679
  C:2E48H         LINE#         5680
  C:2E48H         LINE#         5683
  C:2E4BH         LINE#         5685
  C:2E4DH         LINE#         5687
  C:2E4FH         LINE#         5690
  C:2E55H         LINE#         5691
  C:2E55H         LINE#         5692
  C:2E5BH         LINE#         5693
  C:2E5BH         LINE#         5694
  C:2E61H         LINE#         5695
  C:2E77H         LINE#         5696
BL51 BANKED LINKER/LOCATER V6.22                                                      08/23/2021  10:42:37  PAGE 30


  C:2E7EH         LINE#         5698
  C:2E81H         LINE#         5699
  C:2E81H         LINE#         5700
  C:2E87H         LINE#         5701
  C:2E87H         LINE#         5703
  C:2E8DH         LINE#         5704
  C:2E8DH         LINE#         5705
  C:2E9FH         LINE#         5706
  C:2EB5H         LINE#         5707
  C:2ECBH         LINE#         5709
  C:2ED6H         LINE#         5711
  C:2ED8H         LINE#         5712
  -------         ENDPROC       DISPSCALEVER_RED
  -------         PROC          DISPSCALEVER_GREEN
  -------         DO            
  X:0037H         SYMBOL        i
  X:0039H         SYMBOL        j
  D:0002H         SYMBOL        k
  -------         ENDDO         
  C:2BE1H         LINE#         5714
  C:2BE1H         LINE#         5715
  C:2BE1H         LINE#         5718
  C:2BE4H         LINE#         5720
  C:2BE6H         LINE#         5721
  C:2BE8H         LINE#         5724
  C:2BE8H         LINE#         5725
  C:2BE8H         LINE#         5726
  C:2BEEH         LINE#         5727
  C:2BEEH         LINE#         5728
  C:2BF4H         LINE#         5730
  C:2C0AH         LINE#         5731
  C:2C15H         LINE#         5733
  C:2C18H         LINE#         5734
  C:2C18H         LINE#         5735
  C:2C1EH         LINE#         5736
  C:2C1EH         LINE#         5738
  C:2C24H         LINE#         5739
  C:2C24H         LINE#         5741
  C:2C45H         LINE#         5742
  C:2C5BH         LINE#         5743
  C:2C71H         LINE#         5745
  C:2C7CH         LINE#         5747
  C:2C7EH         LINE#         5748
  -------         ENDPROC       DISPSCALEVER_GREEN
  -------         PROC          DISPSCALEVER_BLUE
  -------         DO            
  X:003BH         SYMBOL        i
  X:003DH         SYMBOL        j
  D:0002H         SYMBOL        k
  -------         ENDDO         
  C:3085H         LINE#         5750
  C:3085H         LINE#         5751
  C:3085H         LINE#         5754
  C:3088H         LINE#         5756
  C:308AH         LINE#         5757
  C:308CH         LINE#         5760
  C:3092H         LINE#         5761
BL51 BANKED LINKER/LOCATER V6.22                                                      08/23/2021  10:42:37  PAGE 31


  C:3092H         LINE#         5762
  C:3098H         LINE#         5763
  C:3098H         LINE#         5764
  C:309EH         LINE#         5765
  C:30B4H         LINE#         5766
  C:30BBH         LINE#         5768
  C:30BEH         LINE#         5769
  C:30BEH         LINE#         5770
  C:30C4H         LINE#         5771
  C:30C4H         LINE#         5773
  C:30CAH         LINE#         5774
  C:30CAH         LINE#         5775
  C:30D1H         LINE#         5776
  C:30E7H         LINE#         5777
  C:30FDH         LINE#         5779
  C:3108H         LINE#         5781
  C:310AH         LINE#         5782
  -------         ENDPROC       DISPSCALEVER_BLUE
  -------         PROC          DISPSCALEVER_GRAY
  -------         DO            
  X:003FH         SYMBOL        i
  X:0041H         SYMBOL        j
  D:0002H         SYMBOL        k
  -------         ENDDO         
  C:2ED9H         LINE#         5784
  C:2ED9H         LINE#         5785
  C:2ED9H         LINE#         5788
  C:2EDCH         LINE#         5790
  C:2EDEH         LINE#         5795
  C:2EE4H         LINE#         5796
  C:2EE4H         LINE#         5797
  C:2EEAH         LINE#         5798
  C:2EEAH         LINE#         5799
  C:2EF0H         LINE#         5801
  C:2F06H         LINE#         5802
  C:2F0DH         LINE#         5804
  C:2F10H         LINE#         5805
  C:2F10H         LINE#         5806
  C:2F16H         LINE#         5807
  C:2F16H         LINE#         5809
  C:2F1CH         LINE#         5810
  C:2F1CH         LINE#         5811
  C:2F30H         LINE#         5812
  C:2F46H         LINE#         5813
  C:2F5CH         LINE#         5815
  C:2F67H         LINE#         5817
  C:2F69H         LINE#         5818
  -------         ENDPROC       DISPSCALEVER_GRAY
  -------         PROC          DISPGRAYHOR16
  -------         DO            
  X:005EH         SYMBOL        i
  D:0002H         SYMBOL        j
  X:0060H         SYMBOL        k
  -------         ENDDO         
  C:2C7FH         LINE#         5820
  C:2C7FH         LINE#         5821
  C:2C7FH         LINE#         5824
BL51 BANKED LINKER/LOCATER V6.22                                                      08/23/2021  10:42:37  PAGE 32


  C:2C82H         LINE#         5826
  C:2C84H         LINE#         5827
  C:2C86H         LINE#         5829
  C:2C8CH         LINE#         5830
  C:2C8CH         LINE#         5831
  C:2C95H         LINE#         5832
  C:2C95H         LINE#         5833
  C:2C9BH         LINE#         5834
  C:2CA2H         LINE#         5836
  C:2CA5H         LINE#         5837
  C:2CA5H         LINE#         5838
  C:2CABH         LINE#         5839
  C:2CABH         LINE#         5840
  C:2CDDH         LINE#         5841
  C:2CF3H         LINE#         5842
  C:2CFEH         LINE#         5843
  C:2D17H         LINE#         5845
  C:2D19H         LINE#         5846
  -------         ENDPROC       DISPGRAYHOR16
  -------         PROC          DISPGRAYHOR32
  -------         DO            
  X:0043H         SYMBOL        i
  D:0002H         SYMBOL        j
  X:0045H         SYMBOL        k
  -------         ENDDO         
  C:320EH         LINE#         5848
  C:320EH         LINE#         5849
  C:320EH         LINE#         5852
  C:3211H         LINE#         5854
  C:3213H         LINE#         5856
  C:3219H         LINE#         5857
  C:3219H         LINE#         5858
  C:3222H         LINE#         5859
  C:3222H         LINE#         5860
  C:3228H         LINE#         5861
  C:322FH         LINE#         5863
  C:3232H         LINE#         5864
  C:3232H         LINE#         5865
  C:3238H         LINE#         5866
  C:3238H         LINE#         5867
  C:324CH         LINE#         5868
  C:3262H         LINE#         5869
  C:326DH         LINE#         5870
  C:3283H         LINE#         5872
  C:3285H         LINE#         5873
  -------         ENDPROC       DISPGRAYHOR32
  -------         PROC          DISPSCALEHOR2
  -------         DO            
  X:0047H         SYMBOL        j
  D:0002H         SYMBOL        k
  -------         ENDDO         
  C:1861H         LINE#         5875
  C:1861H         LINE#         5876
  C:1861H         LINE#         5879
  C:1864H         LINE#         5881
  C:1864H         LINE#         5882
  C:1864H         LINE#         5883
BL51 BANKED LINKER/LOCATER V6.22                                                      08/23/2021  10:42:37  PAGE 33


  C:186AH         LINE#         5884
  C:1887H         LINE#         5885
  C:1892H         LINE#         5886
  C:1895H         LINE#         5887
  C:1895H         LINE#         5888
  C:189BH         LINE#         5889
  C:18B8H         LINE#         5890
  C:18C3H         LINE#         5891
  C:18C6H         LINE#         5892
  C:18C6H         LINE#         5893
  C:18CCH         LINE#         5894
  C:18E9H         LINE#         5895
  C:18F4H         LINE#         5896
  C:18F7H         LINE#         5897
  C:18F7H         LINE#         5898
  C:18FDH         LINE#         5899
  C:191AH         LINE#         5900
  C:1925H         LINE#         5901
  C:1928H         LINE#         5902
  C:1928H         LINE#         5903
  C:192EH         LINE#         5904
  C:194BH         LINE#         5905
  C:1956H         LINE#         5906
  C:1959H         LINE#         5907
  C:1959H         LINE#         5908
  C:195FH         LINE#         5909
  C:197CH         LINE#         5910
  C:1987H         LINE#         5911
  C:198AH         LINE#         5912
  C:198AH         LINE#         5913
  C:1990H         LINE#         5914
  C:19ADH         LINE#         5915
  C:19B8H         LINE#         5916
  C:19BBH         LINE#         5917
  C:19BBH         LINE#         5918
  C:19C1H         LINE#         5919
  C:19DDH         LINE#         5920
  C:19E8H         LINE#         5921
  C:19F1H         LINE#         5922
  C:19F1H         LINE#         5923
  C:19F7H         LINE#         5924
  C:1A13H         LINE#         5925
  C:1A1AH         LINE#         5927
  -------         ENDPROC       DISPSCALEHOR2
  -------         PROC          _TOORD
  D:0007H         SYMBOL        ch
  C:34B1H         LINE#         6032
  C:34B1H         LINE#         6033
  C:34B1H         LINE#         6034
  C:34B7H         LINE#         6035
  C:34B7H         LINE#         6036
  C:34B9H         LINE#         6037
  C:34BBH         LINE#         6038
  C:34C7H         LINE#         6039
  C:34C7H         LINE#         6040
  C:34CBH         LINE#         6041
  C:34CDH         LINE#         6042
BL51 BANKED LINKER/LOCATER V6.22                                                      08/23/2021  10:42:37  PAGE 34


  C:34D9H         LINE#         6043
  C:34D9H         LINE#         6044
  C:34DDH         LINE#         6045
  C:34DFH         LINE#         6046
  C:34EBH         LINE#         6047
  C:34EBH         LINE#         6048
  C:34EFH         LINE#         6049
  C:34F1H         LINE#         6050
  C:34FDH         LINE#         6051
  C:34FDH         LINE#         6052
  C:3501H         LINE#         6053
  C:3503H         LINE#         6054
  C:3509H         LINE#         6055
  C:3509H         LINE#         6056
  C:350BH         LINE#         6057
  C:350BH         LINE#         6059
  C:350BH         LINE#         6060
  -------         ENDPROC       _TOORD
  C:27AFH         SYMBOL        L?0445
  C:27C7H         SYMBOL        L?0446
  -------         PROC          L?0444
  -------         ENDPROC       L?0444
  C:27AFH         SYMBOL        L?0445
  C:27C7H         SYMBOL        L?0446
  -------         PROC          _DISPONECHAR
  X:0072H         SYMBOL        ord
  D:0006H         SYMBOL        Xstart
  D:0002H         SYMBOL        Ystart
  X:0077H         SYMBOL        TextColor
  X:0079H         SYMBOL        BackColor
  -------         DO            
  X:007BH         SYMBOL        i
  D:0002H         SYMBOL        j
  X:007CH         SYMBOL        p
  D:0003H         SYMBOL        dat
  D:0006H         SYMBOL        index
  -------         ENDDO         
  C:27D7H         LINE#         6062
  C:27DFH         LINE#         6063
  C:27DFH         LINE#         6069
  C:27F9H         LINE#         6071
  C:27FFH         LINE#         6073
  C:2807H         LINE#         6074
  C:2809H         LINE#         6076
  C:2817H         LINE#         6078
  C:2824H         LINE#         6079
  C:282BH         LINE#         6081
  C:282FH         LINE#         6082
  C:282FH         LINE#         6083
  C:2844H         LINE#         6084
  C:2846H         LINE#         6085
  C:2846H         LINE#         6086
  C:2853H         LINE#         6087
  C:2853H         LINE#         6088
  C:2855H         LINE#         6089
  C:2857H         LINE#         6091
  C:2857H         LINE#         6092
BL51 BANKED LINKER/LOCATER V6.22                                                      08/23/2021  10:42:37  PAGE 35


[...]
  C:1337H         LINE#         321
  C:1346H         LINE#         322
  C:1346H         LINE#         323
  C:135BH         LINE#         324
  C:1360H         LINE#         325
  C:1368H         LINE#         326
  C:1372H         LINE#         327
  C:1380H         LINE#         328
  C:138EH         LINE#         329
  C:1390H         LINE#         331
  C:1390H         LINE#         332
  C:1395H         LINE#         333
  C:1398H         LINE#         334
  C:13B0H         LINE#         335
  C:13B0H         LINE#         336
  C:13C9H         LINE#         337
  C:13CEH         LINE#         338
  C:13D6H         LINE#         339
  C:13DDH         LINE#         340
BL51 BANKED LINKER/LOCATER V6.22                                                      08/23/2021  10:42:37  PAGE 43


  C:13E2H         LINE#         341
  C:13E2H         LINE#         342
  C:13F6H         LINE#         343
  C:13F6H         LINE#         344
  C:13FDH         LINE#         345
  C:1402H         LINE#         346
  C:1402H         LINE#         347
  C:1410H         LINE#         348
  C:1410H         LINE#         349
  -------         ENDPROC       USBXCORE_HANDLE_SETUP
  -------         PROC          USBXCORE_FORCE_STALL
  C:39C3H         LINE#         356
  C:39C3H         LINE#         358
  C:39CEH         LINE#         359
  C:39D9H         LINE#         360
  C:39DFH         LINE#         361
  -------         ENDPROC       USBXCORE_FORCE_STALL
  -------         PROC          USBXCORE_GET_STATUS
  C:336EH         LINE#         367
  C:336EH         LINE#         369
  C:337DH         LINE#         370
  C:337DH         LINE#         371
  C:337DH         LINE#         372
  C:337DH         LINE#         373
  C:337DH         LINE#         374
  C:337FH         LINE#         375
  C:337FH         LINE#         379
  C:337FH         LINE#         381
  C:338DH         LINE#         385
  C:338DH         LINE#         386
  C:338DH         LINE#         387
  C:338DH         LINE#         388
  C:338FH         LINE#         390
  C:338FH         LINE#         392
  C:339DH         LINE#         396
  C:339DH         LINE#         397
  C:33AAH         LINE#         398
  C:33AAH         LINE#         399
  C:33ACH         LINE#         401
  C:33ACH         LINE#         402
  C:33BAH         LINE#         403
  C:33C3H         LINE#         404
  C:33C3H         LINE#         405
  C:33C3H         LINE#         406
  C:33C5H         LINE#         407
  C:33C5H         LINE#         408
  C:33C8H         LINE#         409
  C:33C8H         LINE#         410
  C:33C8H         LINE#         411
  C:33D0H         LINE#         412
  C:33D0H         LINE#         413
  C:33D3H         LINE#         414
  C:33D9H         LINE#         415
  C:33E0H         LINE#         416
  C:33E0H         LINE#         417
  -------         ENDPROC       USBXCORE_GET_STATUS
  -------         PROC          USBXCORE_CLEAR_FEATURE
BL51 BANKED LINKER/LOCATER V6.22                                                      08/23/2021  10:42:37  PAGE 44


  C:3566H         LINE#         423
  C:3566H         LINE#         425
  C:356CH         LINE#         426
  C:356CH         LINE#         428
  C:3573H         LINE#         429
  C:3573H         LINE#         430
  C:357EH         LINE#         436
  C:3589H         LINE#         437
  C:358EH         LINE#         438
  C:3590H         LINE#         440
  C:3590H         LINE#         442
  C:359BH         LINE#         446
  C:35A6H         LINE#         447
  C:35ABH         LINE#         448
  C:35ABH         LINE#         449
  C:35ADH         LINE#         451
  C:35ADH         LINE#         452
  C:35B0H         LINE#         453
  C:35B0H         LINE#         454
  C:35BBH         LINE#         455
  -------         ENDPROC       USBXCORE_CLEAR_FEATURE
  -------         PROC          USBXCORE_VENDOR_USB_API
  C:26DAH         LINE#         462
  C:26DAH         LINE#         464
  C:26E4H         LINE#         465
  C:26E4H         LINE#         466
  C:26EBH         LINE#         467
  C:26EBH         LINE#         468
  C:26EEH         LINE#         469
  C:26F1H         LINE#         470
  C:26F3H         LINE#         472
  C:26F3H         LINE#         473
  C:26FAH         LINE#         474
  C:26FAH         LINE#         477
  C:2705H         LINE#         482
  C:2710H         LINE#         483
  C:271BH         LINE#         485
  C:271BH         LINE#         486
  C:272EH         LINE#         487
  C:272EH         LINE#         488
  C:2732H         LINE#         489
  C:273DH         LINE#         491
  C:273DH         LINE#         492
  C:2750H         LINE#         493
  C:2750H         LINE#         494
  C:2754H         LINE#         495
  C:275FH         LINE#         497
  C:2765H         LINE#         498
  C:276DH         LINE#         499
  C:276DH         LINE#         500
  C:2770H         LINE#         501
  C:2770H         LINE#         502
  C:2770H         LINE#         503
  C:277BH         LINE#         504
  C:277BH         LINE#         505
  C:2781H         LINE#         506
  C:2788H         LINE#         507
BL51 BANKED LINKER/LOCATER V6.22                                                      08/23/2021  10:42:37  PAGE 45


  C:2788H         LINE#         508
  C:278CH         LINE#         509
  C:278CH         LINE#         510
  C:2792H         LINE#         511
  C:2799H         LINE#         512
  C:2799H         LINE#         513
  C:27A4H         LINE#         514
  -------         ENDPROC       USBXCORE_VENDOR_USB_API
  -------         PROC          USBXCORE_SET_FEATURE
  C:35BEH         LINE#         521
  C:35BEH         LINE#         523
  C:35C4H         LINE#         524
  C:35C4H         LINE#         526
  C:35CBH         LINE#         527
  C:35CBH         LINE#         528
  C:35D6H         LINE#         534
  C:35E1H         LINE#         535
  C:35E4H         LINE#         536
  C:35E6H         LINE#         538
  C:35E6H         LINE#         540
  C:35F1H         LINE#         544
  C:35FCH         LINE#         545
  C:3602H         LINE#         546
  C:3602H         LINE#         548
  C:3604H         LINE#         550
  C:3604H         LINE#         551
  C:3607H         LINE#         552
  C:3607H         LINE#         553
  C:3612H         LINE#         554
  -------         ENDPROC       USBXCORE_SET_FEATURE
  -------         PROC          USBXCORE_SET_ADDRESS
  C:3984H         LINE#         561
  C:3984H         LINE#         563
  C:3993H         LINE#         564
  C:3999H         LINE#         565
  C:3999H         LINE#         566
  C:399CH         LINE#         567
  C:399EH         LINE#         569
  C:399EH         LINE#         570
  C:39A1H         LINE#         571
  C:39A1H         LINE#         572
  -------         ENDPROC       USBXCORE_SET_ADDRESS
  -------         PROC          USBXCORE_GET_DESCRIPTOR
  C:29DCH         LINE#         579
  C:29DCH         LINE#         580
  C:29EBH         LINE#         581
  C:29EBH         LINE#         582
  C:29EBH         LINE#         583
  C:29F9H         LINE#         584
  C:29FDH         LINE#         585
  C:29FFH         LINE#         586
  C:29FFH         LINE#         587
  C:2A0DH         LINE#         588
  C:2A20H         LINE#         589
  C:2A22H         LINE#         590
  C:2A22H         LINE#         591
  C:2A46H         LINE#         592
BL51 BANKED LINKER/LOCATER V6.22                                                      08/23/2021  10:42:37  PAGE 46


  C:2A52H         LINE#         593
  C:2A54H         LINE#         594
  C:2A54H         LINE#         595
  C:2A57H         LINE#         596
  C:2A57H         LINE#         597
  C:2A57H         LINE#         598
  C:2A6DH         LINE#         599
  C:2A6DH         LINE#         600
  C:2A75H         LINE#         601
  C:2A75H         LINE#         602
  C:2A7DH         LINE#         603
  C:2A7DH         LINE#         604
  C:2A80H         LINE#         605
  C:2A86H         LINE#         606
  C:2A8DH         LINE#         607
  C:2A8DH         LINE#         608
  -------         ENDPROC       USBXCORE_GET_DESCRIPTOR
  -------         PROC          USBXCORE_GET_CONFIGURATION
  C:37A8H         LINE#         614
  C:37A8H         LINE#         616
  C:37B0H         LINE#         617
  C:37B0H         LINE#         618
  C:37BCH         LINE#         619
  C:37C4H         LINE#         620
  C:37C4H         LINE#         621
  C:37C8H         LINE#         622
  C:37C8H         LINE#         623
  C:37D6H         LINE#         624
  C:37DEH         LINE#         625
  C:37DEH         LINE#         626
  C:37E1H         LINE#         627
  C:37E7H         LINE#         628
  C:37EEH         LINE#         629
  -------         ENDPROC       USBXCORE_GET_CONFIGURATION
  -------         PROC          USBXCORE_SET_CONFIGURATION
  C:350CH         LINE#         635
  C:350CH         LINE#         637
  C:3515H         LINE#         638
  C:3515H         LINE#         639
  C:351CH         LINE#         640
  C:3522H         LINE#         641
  C:3527H         LINE#         642
  C:3529H         LINE#         644
  C:3534H         LINE#         645
  C:353FH         LINE#         646
  C:354AH         LINE#         653
  C:3555H         LINE#         654
  C:3557H         LINE#         656
  C:3557H         LINE#         657
  C:355DH         LINE#         658
  C:3561H         LINE#         659
  C:3563H         LINE#         660
  C:3563H         LINE#         661
  -------         ENDPROC       USBXCORE_SET_CONFIGURATION
  -------         PROC          USBXCORE_GET_INTERFACE
  C:3915H         LINE#         668
  C:3915H         LINE#         670
BL51 BANKED LINKER/LOCATER V6.22                                                      08/23/2021  10:42:37  PAGE 47


  C:3923H         LINE#         671
  C:392BH         LINE#         672
  C:392EH         LINE#         673
  C:3934H         LINE#         674
  C:393BH         LINE#         675
  -------         ENDPROC       USBXCORE_GET_INTERFACE
  -------         PROC          USBXCORE_SET_SOP
  C:3A5BH         LINE#         682
  C:3A5BH         LINE#         684
  C:3A63H         LINE#         685
  C:3A63H         LINE#         686
  C:3A6EH         LINE#         687
  C:3A6EH         LINE#         688
  -------         ENDPROC       USBXCORE_SET_SOP
  -------         PROC          USBXCORE_USB_ISR
  C:1EDAH         LINE#         699
  C:1EF7H         LINE#         702
  C:1EFDH         LINE#         703
  C:1F10H         LINE#         706
  C:1F23H         LINE#         709
  C:1F27H         LINE#         710
  C:1F27H         LINE#         711
  C:1F32H         LINE#         712
  C:1F32H         LINE#         714
  C:1F39H         LINE#         715
  C:1F39H         LINE#         716
  C:1F3CH         LINE#         717
  C:1F3CH         LINE#         719
  C:1F43H         LINE#         720
  C:1F43H         LINE#         721
  C:1F50H         LINE#         722
  C:1F50H         LINE#         723
  C:1F57H         LINE#         724
  C:1F57H         LINE#         725
  C:1F57H         LINE#         727
  C:1F57H         LINE#         728
  C:1F57H         LINE#         730
  C:1F57H         LINE#         732
  C:1F6AH         LINE#         734
  C:1F6EH         LINE#         735
  C:1F6EH         LINE#         736
  C:1F71H         LINE#         737
  C:1F71H         LINE#         740
  C:1F78H         LINE#         741
  C:1F78H         LINE#         742
  C:1F83H         LINE#         748
  C:1F96H         LINE#         749
  C:1F9BH         LINE#         750
  C:1F9BH         LINE#         751
  C:1FA2H         LINE#         752
  C:1FA2H         LINE#         754
  C:1FA2H         LINE#         756
  C:1FB5H         LINE#         759
  C:1FB9H         LINE#         760
  C:1FB9H         LINE#         761
  C:1FC4H         LINE#         767
  C:1FD7H         LINE#         768
BL51 BANKED LINKER/LOCATER V6.22                                                      08/23/2021  10:42:37  PAGE 48


  C:1FDBH         LINE#         769
  C:1FDBH         LINE#         770
  C:1FE2H         LINE#         771
  C:1FE2H         LINE#         772
  C:1FE2H         LINE#         775
  C:1FF0H         LINE#         776
  C:1FF5H         LINE#         777
  C:1FFBH         LINE#         778
  C:2000H         LINE#         781
  C:200DH         LINE#         782
  C:200DH         LINE#         783
  C:2010H         LINE#         784
  C:2010H         LINE#         785
  -------         ENDPROC       USBXCORE_USB_ISR
  -------         ENDMOD        USB_API

  -------         MODULE        USB_SUSPEND
  C:0000H         SYMBOL        _ICE_DUMMY_
  D:00D7H         PUBLIC        USB0XCN
  D:00C9H         PUBLIC        REG0CN
  C:38C3H         PUBLIC        USB_Suspend
  D:00A9H         PUBLIC        CLKSEL
  D:00B2H         PUBLIC        OSCICN
  D:00B9H         PUBLIC        CLKMUL
  -------         PROC          USB_SUSPEND
  C:38C3H         LINE#         70
  C:38C3H         LINE#         72
  C:38C6H         LINE#         74
  C:38C9H         LINE#         76
  C:38D1H         LINE#         79
  C:38D4H         LINE#         80
  C:38D7H         LINE#         81
  C:38DAH         LINE#         82
  C:38DDH         LINE#         84
  C:38DEH         LINE#         86
  C:38E1H         LINE#         88
  C:38E7H         LINE#         92
  C:38EAH         LINE#         94
  C:38EDH         LINE#         95
  -------         ENDPROC       USB_SUSPEND
  -------         ENDMOD        USB_SUSPEND

  -------         MODULE        USB_INT_ENABLE
  C:0000H         SYMBOL        _ICE_DUMMY_
  C:3A16H         PUBLIC        USB_Int_Enable
  D:0096H         PUBLIC        USB0ADR
  D:0097H         PUBLIC        USB0DAT
  -------         PROC          USB_INT_ENABLE
  C:3A16H         LINE#         68
  C:3A16H         LINE#         71
  C:3A1DH         LINE#         73
  C:3A23H         LINE#         74
  C:3A23H         LINE#         75
  C:3A2EH         LINE#         77
  C:3A2EH         LINE#         78
  -------         ENDPROC       USB_INT_ENABLE
  -------         ENDMOD        USB_INT_ENABLE
BL51 BANKED LINKER/LOCATER V6.22                                                      08/23/2021  10:42:37  PAGE 49



  -------         MODULE        USB_CLOCK_RECOVERY
  C:0000H         SYMBOL        _ICE_DUMMY_
  C:3AA1H         PUBLIC        USBXcore_ClkRec
  D:0096H         PUBLIC        USB0ADR
  D:0097H         PUBLIC        USB0DAT
  -------         PROC          USBXCORE_CLKREC
  C:3AA1H         LINE#         45
  C:3AA1H         LINE#         47
  C:3AACH         LINE#         48
  -------         ENDPROC       USBXCORE_CLKREC
  -------         ENDMOD        USB_CLOCK_RECOVERY

  -------         MODULE        ?C?FPMUL
  C:0C99H         PUBLIC        ?C?FPMUL
  -------         ENDMOD        ?C?FPMUL

  -------         MODULE        ?C?FCAST
  C:0DA9H         PUBLIC        ?C?FCASTC
  C:0DA4H         PUBLIC        ?C?FCASTI
  C:0D9FH         PUBLIC        ?C?FCASTL
  -------         ENDMOD        ?C?FCAST

  -------         MODULE        ?C?CASTF
  C:0DDDH         PUBLIC        ?C?CASTF
  -------         ENDMOD        ?C?CASTF

  -------         MODULE        ?C?COPY
  C:0F2EH         PUBLIC        ?C?COPY
  -------         ENDMOD        ?C?COPY

  -------         MODULE        ?C?CLDPTR
  C:0F54H         PUBLIC        ?C?CLDPTR
  -------         ENDMOD        ?C?CLDPTR

  -------         MODULE        ?C?CLDOPTR
  C:0F6DH         PUBLIC        ?C?CLDOPTR
  -------         ENDMOD        ?C?CLDOPTR

  -------         MODULE        ?C?IMUL
  C:0F9AH         PUBLIC        ?C?IMUL
  -------         ENDMOD        ?C?IMUL

  -------         MODULE        ?C?IILDX
  C:0FACH         PUBLIC        ?C?IILDX
  -------         ENDMOD        ?C?IILDX

  -------         MODULE        ?C?ILDOPTR
  C:0FC2H         PUBLIC        ?C?ILDOPTR
  -------         ENDMOD        ?C?ILDOPTR

  -------         MODULE        ?C?LMUL
  C:0FFAH         PUBLIC        ?C?LMUL
  -------         ENDMOD        ?C?LMUL

  -------         MODULE        ?C?ULDIV
  C:1085H         PUBLIC        ?C?ULDIV
BL51 BANKED LINKER/LOCATER V6.22                                                      08/23/2021  10:42:37  PAGE 50


  -------         ENDMOD        ?C?ULDIV

  -------         MODULE        ?C?LNEG
  C:1117H         PUBLIC        ?C?LNEG
  -------         ENDMOD        ?C?LNEG

  -------         MODULE        ?C?ULCMP
  C:1125H         PUBLIC        ?C?ULCMP
  -------         ENDMOD        ?C?ULCMP

  -------         MODULE        ?C?ULSHR
  C:1136H         PUBLIC        ?C?ULSHR
  -------         ENDMOD        ?C?ULSHR

  -------         MODULE        ?C?LSHL
  C:1149H         PUBLIC        ?C?LSHL
  -------         ENDMOD        ?C?LSHL

  -------         MODULE        ?C?LLDIPDATA
  C:1165H         PUBLIC        ?C?LLDIPDATA
  C:115CH         PUBLIC        ?C?LLDIPDATA1
  C:115EH         PUBLIC        ?C?LLDIPDATA8
  -------         ENDMOD        ?C?LLDIPDATA

  -------         MODULE        ?C?LSTXDATA
  C:117CH         PUBLIC        ?C?LSTXDATA
  -------         ENDMOD        ?C?LSTXDATA

  -------         MODULE        ?C?LSTPDATA
  C:1188H         PUBLIC        ?C?LSTPDATA
  -------         ENDMOD        ?C?LSTPDATA

  -------         MODULE        ?C?LSTKXDATA
  C:1194H         PUBLIC        ?C?LSTKXDATA
  -------         ENDMOD        ?C?LSTKXDATA

  -------         MODULE        ?C?LSTKPDATA
  C:11C5H         PUBLIC        ?C?LSTKPDATA
  -------         ENDMOD        ?C?LSTKPDATA

  -------         MODULE        ?C_PBP
  D:0008H         PUBLIC        ?C_PBP
  -------         ENDMOD        ?C_PBP

*** WARNING L14: INCOMPATIBLE MEMORY MODEL
    MODULE:  .\USBX_F34X.LIB (USB_API)
    MODEL:   SMALL

*** WARNING L14: INCOMPATIBLE MEMORY MODEL
    MODULE:  .\USBX_F34X.LIB (USB_SUSPEND)
    MODEL:   SMALL

*** WARNING L14: INCOMPATIBLE MEMORY MODEL
    MODULE:  .\USBX_F34X.LIB (USB_INT_ENABLE)
    MODEL:   SMALL

*** WARNING L14: INCOMPATIBLE MEMORY MODEL
BL51 BANKED LINKER/LOCATER V6.22                                                      08/23/2021  10:42:37  PAGE 51


    MODULE:  .\USBX_F34X.LIB (USB_CLOCK_RECOVERY)
    MODEL:   SMALL

*** WARNING L16: UNCALLED SEGMENT, IGNORED FOR OVERLAY PROCESS
    SEGMENT: ?PR?SD_INIT?MMC_SD

*** WARNING L16: UNCALLED SEGMENT, IGNORED FOR OVERLAY PROCESS
    SEGMENT: ?PR?DISPBAND?LCD

*** WARNING L16: UNCALLED SEGMENT, IGNORED FOR OVERLAY PROCESS
    SEGMENT: ?PR?_DISPPIC?LCD

*** WARNING L16: UNCALLED SEGMENT, IGNORED FOR OVERLAY PROCESS
    SEGMENT: ?PR?_DISPPICFROMSD?LCD

*** WARNING L16: UNCALLED SEGMENT, IGNORED FOR OVERLAY PROCESS
    SEGMENT: ?PR?DISPSCALEHOR1?LCD

*** WARNING L16: UNCALLED SEGMENT, IGNORED FOR OVERLAY PROCESS
    SEGMENT: ?PR?DISPSCALEVER?LCD

*** WARNING L16: UNCALLED SEGMENT, IGNORED FOR OVERLAY PROCESS
    SEGMENT: ?PR?DISPSCALEVER_RED?LCD

*** WARNING L16: UNCALLED SEGMENT, IGNORED FOR OVERLAY PROCESS
    SEGMENT: ?PR?DISPSCALEVER_GREEN?LCD

*** WARNING L16: UNCALLED SEGMENT, IGNORED FOR OVERLAY PROCESS
    SEGMENT: ?PR?DISPSCALEVER_BLUE?LCD

*** WARNING L16: UNCALLED SEGMENT, IGNORED FOR OVERLAY PROCESS
    SEGMENT: ?PR?DISPSCALEVER_GRAY?LCD

*** WARNING L16: UNCALLED SEGMENT, IGNORED FOR OVERLAY PROCESS
    SEGMENT: ?PR?DISPGRAYHOR32?LCD

*** WARNING L16: UNCALLED SEGMENT, IGNORED FOR OVERLAY PROCESS
    SEGMENT: ?PR?DISPSCALEHOR2?LCD

*** WARNING L16: UNCALLED SEGMENT, IGNORED FOR OVERLAY PROCESS
    SEGMENT: ?PR?_DRAWGIRD?LCD

*** WARNING L15: MULTIPLE CALL TO SEGMENT
    SEGMENT: ?PR?_WRITECOMM?LCD
    CALLER1: ?PR?USB_API_TEST_ISR?MAIN
    CALLER2: ?C_C51STARTUP

*** WARNING L15: MULTIPLE CALL TO SEGMENT
    SEGMENT: ?PR?_WRITEDATA?LCD
    CALLER1: ?PR?USB_API_TEST_ISR?MAIN
    CALLER2: ?C_C51STARTUP

Program Size: data=10.0 xdata=1224 code=15037
LINK/LOCATE RUN COMPLETE.  19 WARNING(S),  0 ERROR(S)
