BL51 BANKED LINKER/LOCATER V6.22                                                        09/28/2020  14:12:51  PAGE 1


BL51 BANKED LINKER/LOCATER V6.22, INVOKED BY:
C:\KEIL\C51\BIN\BL51.EXE main.obj, mmc_sd.obj, lcd.obj, tp.obj, .\USBX_F34X.LIB TO ST7789V_HSD24_L8 RAMSIZE (256)


MEMORY MODEL: COMPACT WITH FLOATING POINT ARITHMETIC


INPUT MODULES INCLUDED:
  main.obj (MAIN)
  mmc_sd.obj (MMC_SD)
  lcd.obj (LCD)
  tp.obj (TP)
  .\USBX_F34X.LIB (USB_API)
  .\USBX_F34X.LIB (USB_CLOCK_START)
  .\USBX_F34X.LIB (USB_SUSPEND)
  .\USBX_F34X.LIB (GET_INTERRUPT_SOURCE)
  .\USBX_F34X.LIB (BLOCK_READ)
  .\USBX_F34X.LIB (BLOCK_WRITE)
  .\USBX_F34X.LIB (USB_INT_ENABLE)
  .\USBX_F34X.LIB (USB_CLOCK_RECOVERY)
  .\USBX_F34X.LIB (USB_JUMP_ISR)
  C:\KEIL\C51\LIB\C51FPC.LIB (?C?FPMUL)
  C:\KEIL\C51\LIB\C51FPC.LIB (?C?FCAST)
  C:\KEIL\C51\LIB\C51FPC.LIB (?C?CASTF)
  C:\KEIL\C51\LIB\C51FPC.LIB (?C?FPGETOPN)
  C:\KEIL\C51\LIB\C51C.LIB (?C_STARTUP)
  C:\KEIL\C51\LIB\C51C.LIB (?C?COPY)
  C:\KEIL\C51\LIB\C51C.LIB (?C?CLDPTR)
  C:\KEIL\C51\LIB\C51C.LIB (?C?CLDOPTR)
  C:\KEIL\C51\LIB\C51C.LIB (?C?IMUL)
  C:\KEIL\C51\LIB\C51C.LIB (?C?IILDX)
  C:\KEIL\C51\LIB\C51C.LIB (?C?LMUL)
  C:\KEIL\C51\LIB\C51C.LIB (?C?ULDIV)
  C:\KEIL\C51\LIB\C51C.LIB (?C?LNEG)
  C:\KEIL\C51\LIB\C51C.LIB (?C?ULCMP)
  C:\KEIL\C51\LIB\C51C.LIB (?C?ULSHR)
  C:\KEIL\C51\LIB\C51C.LIB (?C?LSHL)
  C:\KEIL\C51\LIB\C51C.LIB (?C?LLDIPDATA)
  C:\KEIL\C51\LIB\C51C.LIB (?C?LSTXDATA)
  C:\KEIL\C51\LIB\C51C.LIB (?C?LSTPDATA)
  C:\KEIL\C51\LIB\C51C.LIB (?C?LSTKXDATA)
  C:\KEIL\C51\LIB\C51C.LIB (?C?LSTKPDATA)
  C:\KEIL\C51\LIB\C51C.LIB (?C_PBP)
  C:\KEIL\C51\LIB\C51C.LIB (?C_INIT)


LINK MAP OF MODULE:  ST7789V_HSD24_L8 (MAIN)


            TYPE    BASE      LENGTH    RELOCATION   SEGMENT NAME
            -----------------------------------------------------

            * * * * * * *   D A T A   M E M O R Y   * * * * * * *
            REG     0000H     0008H     ABSOLUTE     "REG BANK 0"
            DATA    0008H     0001H     UNIT         ?C?LIB_DATA
            IDATA   0009H     0001H     UNIT         ?STACK

            * * * * * * *  X D A T A   M E M O R Y  * * * * * * *
BL51 BANKED LINKER/LOCATER V6.22                                                      09/28/2020  14:12:51  PAGE 2


            XDATA   0000H     0010H     INPAGE       ?PD?MAIN
            XDATA   0010H     0004H     INPAGE       ?PD?_MMC_SD_READSINGLEBLOCK?MMC_SD
            XDATA   0014H     0008H     INPAGE       ?PD?_LCD_READ_IC_ID?LCD
            XDATA   001CH     000DH     INPAGE       ?PD?_DISPPICFROMSD?LCD
            XDATA   0029H     0004H     INPAGE       ?PD?DISPSCALEHOR1?LCD
            XDATA   002DH     0004H     INPAGE       ?PD?DISPSCALEVER?LCD
            XDATA   0031H     0004H     INPAGE       ?PD?DISPSCALEVER_RED?LCD
            XDATA   0035H     0004H     INPAGE       ?PD?DISPSCALEVER_GREEN?LCD
            XDATA   0039H     0004H     INPAGE       ?PD?DISPSCALEVER_BLUE?LCD
            XDATA   003DH     0004H     INPAGE       ?PD?DISPSCALEVER_GRAY?LCD
            XDATA   0041H     0004H     INPAGE       ?PD?DISPGRAYHOR32?LCD
            XDATA   0045H     0002H     INPAGE       ?PD?DISPSCALEHOR2?LCD
            XDATA   0047H     000CH     INPAGE       ?PD?_DRAWLINE?LCD
            XDATA   0053H     0004H     INPAGE       ?PD?_DRAWGIRD?LCD
            XDATA   0057H     0002H     INPAGE       ?PD?LCD
            XDATA   0059H     0026H     INPAGE       _PDATA_GROUP_
            XDATA   007FH     0200H     UNIT         ?XD?MMC_SD
            XDATA   027FH     0058H     UNIT         _XDATA_GROUP_
            XDATA   02D7H     0040H     UNIT         ?XD?MAIN
                    0317H     0329H                  *** GAP ***
            XDATA   0640H     0100H     ABSOLUTE     
            XDATA   0740H     0012H     ABSOLUTE     
            XDATA   0752H     0020H     ABSOLUTE     
            XDATA   0772H     000CH     ABSOLUTE     
            XDATA   077EH     0008H     ABSOLUTE     
            XDATA   0786H     0001H     ABSOLUTE     
            XDATA   0787H     0003H     ABSOLUTE     
            XDATA   078AH     0002H     ABSOLUTE     
            XDATA   078CH     0002H     ABSOLUTE     
            XDATA   078EH     0003H     ABSOLUTE     
            XDATA   0791H     0001H     ABSOLUTE     
            XDATA   0792H     0001H     ABSOLUTE     
            XDATA   0793H     0001H     ABSOLUTE     
            XDATA   0794H     0001H     ABSOLUTE     
            XDATA   0795H     0002H     ABSOLUTE     
            XDATA   0797H     0002H     ABSOLUTE     
            XDATA   0799H     0001H     ABSOLUTE     
            XDATA   079AH     0001H     ABSOLUTE     
            XDATA   079BH     0001H     ABSOLUTE     
            XDATA   079CH     0001H     ABSOLUTE     
            XDATA   079DH     0001H     ABSOLUTE     
            XDATA   079EH     0001H     ABSOLUTE     
            XDATA   079FH     0002H     ABSOLUTE     
            XDATA   07A1H     0001H     ABSOLUTE     
            XDATA   07A2H     0001H     ABSOLUTE     
            XDATA   07A3H     000CH     ABSOLUTE     
                    07AFH     0011H                  *** GAP ***
            XDATA   07C0H     0040H     ABSOLUTE     

            * * * * * * *   C O D E   M E M O R Y   * * * * * * *
            CODE    0000H     0003H     ABSOLUTE     
            CODE    0003H     003AH     UNIT         ?CO?USB_API
            CODE    003DH     0003H     UNIT         ?PR?SUSPEND_DEVICE?MAIN
                    0040H     0003H                  *** GAP ***
            CODE    0043H     0003H     ABSOLUTE     
            CODE    0046H     0044H     UNIT         ?PR?_DISPCOLOR?LCD
                    008AH     0001H                  *** GAP ***
BL51 BANKED LINKER/LOCATER V6.22                                                      09/28/2020  14:12:51  PAGE 3


            CODE    008BH     0003H     ABSOLUTE     
            CODE    008EH     060CH     UNIT         ?PR?CONNTOUSB?MAIN
            CODE    069AH     0600H     UNIT         ?CO?LCD
            CODE    0C9AH     050DH     UNIT         ?C?LIB_CODE
            CODE    11A7H     0233H     UNIT         ?PR?USBXCORE_HANDLE_SETUP?USB_API
            CODE    13DAH     0232H     UNIT         ?PR?_LCD_READ_IC_ID?LCD
            CODE    160CH     0226H     UNIT         ?PR?DISPSCALEHOR1?LCD
            CODE    1832H     01BAH     UNIT         ?PR?DISPSCALEHOR2?LCD
            CODE    19ECH     01A0H     UNIT         ?PR?TP_DRAWLINE?TP
            CODE    1B8CH     018EH     UNIT         ?PR?DISPBAND?LCD
            CODE    1D1AH     0176H     UNIT         ?PR?LCD_INIT?LCD
            CODE    1E90H     0151H     UNIT         ?PR?USBXCORE_USB_ISR?USB_API
            CODE    1FE1H     013DH     UNIT         ?PR?USB_API_TEST_ISR?MAIN
            CODE    211EH     0137H     UNIT         ?PR?_USB_INIT?USB_API
            CODE    2255H     0128H     UNIT         ?PR?DISPSCALEVER?LCD
            CODE    237DH     011BH     UNIT         ?PR?_TP_GETPOSITION?TP
            CODE    2498H     0111H     UNIT         ?PR?_BLOCK_WRITE?BLOCK_WRITE
            CODE    25A9H     00E9H     UNIT         ?PR?_DISPPICFROMSD?LCD
            CODE    2692H     00CDH     UNIT         ?PR?USBXCORE_VENDOR_USB_API?USB_API
            CODE    275FH     00CBH     UNIT         ?PR?_DISPONECHAR?LCD
            CODE    282AH     00B7H     UNIT         ?PR?MMC_SD_RESET?MMC_SD
            CODE    28E1H     00B3H     UNIT         ?PR?_DISPINT?LCD
            CODE    2994H     00B2H     UNIT         ?PR?USBXCORE_GET_DESCRIPTOR?USB_API
            CODE    2A46H     00AFH     UNIT         ?PR?_BLOCK_READ?BLOCK_READ
            CODE    2AF5H     00A4H     UNIT         ?PR?DISPFRAME?LCD
            CODE    2B99H     00A0H     UNIT         ?PR?DISPSCALEVER_GREEN?LCD
            CODE    2C39H     009BH     UNIT         ?PR?DISPGRAYHOR16?LCD
            CODE    2CD4H     0099H     UNIT         ?PR?_?BLOCKWRITE?LCD
            CODE    2D6DH     0096H     UNIT         ?PR?_DISPSTR?LCD
            CODE    2E03H     0091H     UNIT         ?PR?DISPSCALEVER_RED?LCD
            CODE    2E94H     0091H     UNIT         ?PR?DISPSCALEVER_GRAY?LCD
            CODE    2F25H     0090H     UNIT         ?PR?_DRAWGIRD?LCD
            CODE    2FB5H     008CH     UNIT         ?C_C51STARTUP
            CODE    3041H     0086H     UNIT         ?PR?DISPSCALEVER_BLUE?LCD
            CODE    30C7H     0086H     UNIT         ?PR?_DRAWLINE?LCD
            CODE    314DH     007DH     UNIT         ?PR?_MMC_SD_WRITESINGLEBLOCK?MMC_SD
            CODE    31CAH     0076H     UNIT         ?PR?DISPGRAYHOR32?LCD
            CODE    3240H     0075H     UNIT         ?PR?_MMC_SD_SENDCOMMAND?MMC_SD
            CODE    32B5H     0073H     UNIT         ?PR?TP_READ?TP
            CODE    3328H     0073H     UNIT         ?PR?USBXCORE_GET_STATUS?USB_API
            CODE    339BH     006CH     UNIT         ?PR?DEVICES_INIT?MAIN
            CODE    3407H     0064H     UNIT         ?PR?_MMC_SD_READSINGLEBLOCK?MMC_SD
            CODE    346BH     005BH     UNIT         ?PR?_TOORD?LCD
            CODE    34C6H     005AH     UNIT         ?PR?USBXCORE_SET_CONFIGURATION?USB_API
            CODE    3520H     0058H     UNIT         ?PR?USBXCORE_CLEAR_FEATURE?USB_API
            CODE    3578H     0057H     UNIT         ?PR?USBXCORE_SET_FEATURE?USB_API
            CODE    35CFH     0055H     UNIT         ?PR?_STOPDELAY?MAIN
            CODE    3624H     0052H     UNIT         ?PR?_PUTPIXEL?LCD
            CODE    3676H     0050H     UNIT         ?CO?MAIN
            CODE    36C6H     0047H     UNIT         ?PR?USBXCORE_GET_CONFIGURATION?USB_API
            CODE    370DH     0043H     UNIT         ?PR?MCU_INIT?MAIN
            CODE    3750H     0038H     UNIT         ?PR?USB_CLOCK_START?USB_CLOCK_START
            CODE    3788H     002DH     UNIT         ?C_INITSEG
            CODE    37B5H     002CH     UNIT         ?PR?_WRITEDISPDATA?LCD
            CODE    37E1H     002BH     UNIT         ?PR?MAIN?MAIN
            CODE    380CH     002BH     UNIT         ?PR?USB_SUSPEND?USB_SUSPEND
            CODE    3837H     0027H     UNIT         ?PR?USBXCORE_USB_RESET?USB_API
BL51 BANKED LINKER/LOCATER V6.22                                                      09/28/2020  14:12:51  PAGE 4


            CODE    385EH     0027H     UNIT         ?PR?USBXCORE_GET_INTERFACE?USB_API
            CODE    3885H     0026H     UNIT         ?PR?_TP_WRITE?TP
            CODE    38ABH     0022H     UNIT         ?PR?USBXCORE_JUMP_ISR?USB_JUMP_ISR
            CODE    38CDH     0020H     UNIT         ?PR?READDATA?LCD
            CODE    38EDH     0020H     UNIT         ?PR?USBXCORE_SET_ADDRESS?USB_API
            CODE    390DH     001FH     UNIT         ?PR?_DELAY?MAIN
            CODE    392CH     001DH     UNIT         ?PR?USBXCORE_FORCE_STALL?USB_API
            CODE    3949H     0019H     UNIT         ?PR?_WRITEDATA?LCD
            CODE    3962H     0019H     UNIT         ?PR?USB_INT_ENABLE?USB_INT_ENABLE
            CODE    397BH     0016H     UNIT         ?PR?_SPI_WRITEBYTE?MMC_SD
            CODE    3991H     0015H     UNIT         ?PR?_WRITECOMM?LCD
            CODE    39A6H     0014H     UNIT         ?PR?USBXCORE_SET_SOP?USB_API
            CODE    39BAH     0013H     UNIT         ?PR?WAITKEY?MAIN
            CODE    39CDH     0011H     UNIT         ?PR?SD_INIT?MMC_SD
            CODE    39DEH     000EH     UNIT         ?PR?GET_INTERRUPT_SOURCE?GET_INTERRUPT_SOURCE
            CODE    39ECH     000CH     UNIT         ?PR?USBXCORE_CLKREC?USB_CLOCK_RECOVERY
            CODE    39F8H     000BH     UNIT         ?PR?SPI_READBYTE?MMC_SD
            CODE    3A03H     0009H     UNIT         ?PR?_WRITEONEDOT?LCD



OVERLAY MAP OF MODULE:   ST7789V_HSD24_L8 (MAIN)


SEGMENT                                            PDATA_GROUP         XDATA_GROUP
  +--> CALLED SEGMENT                            START    LENGTH     START    LENGTH
------------------------------------------------------------------------------------
?PR?USB_API_TEST_ISR?MAIN                        0059H    0001H      -----    -----
  +--> ?PR?GET_INTERRUPT_SOURCE?GET_INTERRUP...
  +--> ?PR?_BLOCK_READ?BLOCK_READ
  +--> ?PR?SUSPEND_DEVICE?MAIN
  +--> ?PR?MCU_INIT?MAIN
  +--> ?PR?_?BLOCKWRITE?LCD

?PR?SUSPEND_DEVICE?MAIN                          -----    -----      -----    -----
  +--> ?PR?USB_SUSPEND?USB_SUSPEND

?PR?USB_SUSPEND?USB_SUSPEND                      -----    -----      -----    -----
  +--> ?PR?USB_CLOCK_START?USB_CLOCK_START

?PR?_?BLOCKWRITE?LCD                             -----    -----      -----    -----
  +--> ?PR?_WRITECOMM?LCD
  +--> ?PR?_WRITEDATA?LCD

?PR?_WRITECOMM?LCD                               007DH    0002H      -----    -----

?PR?_WRITEDATA?LCD                               007DH    0002H      -----    -----

*** NEW ROOT ***************************************************

?PR?USBXCORE_USB_ISR?USB_API                     -----    -----      -----    -----
  +--> ?PR?USBXCORE_USB_RESET?USB_API
  +--> ?PR?USBXCORE_HANDLE_SETUP?USB_API
  +--> ?PR?USBXCORE_JUMP_ISR?USB_JUMP_ISR

?PR?USBXCORE_HANDLE_SETUP?USB_API                -----    -----      -----    -----
  +--> ?PR?USBXCORE_GET_STATUS?USB_API
BL51 BANKED LINKER/LOCATER V6.22                                                      09/28/2020  14:12:51  PAGE 5


  +--> ?PR?USBXCORE_CLEAR_FEATURE?USB_API
  +--> ?PR?USBXCORE_VENDOR_USB_API?USB_API
  +--> ?PR?USBXCORE_SET_FEATURE?USB_API
  +--> ?PR?USBXCORE_SET_ADDRESS?USB_API
  +--> ?PR?USBXCORE_GET_DESCRIPTOR?USB_API
  +--> ?PR?USBXCORE_GET_CONFIGURATION?USB_API
  +--> ?PR?USBXCORE_SET_CONFIGURATION?USB_API
  +--> ?PR?USBXCORE_GET_INTERFACE?USB_API
  +--> ?PR?USBXCORE_SET_SOP?USB_API
  +--> ?PR?USBXCORE_FORCE_STALL?USB_API

?PR?USBXCORE_GET_STATUS?USB_API                  -----    -----      -----    -----
  +--> ?CO?USB_API
  +--> ?PR?USBXCORE_FORCE_STALL?USB_API
  +--> ?PR?USBXCORE_SET_SOP?USB_API

?PR?USBXCORE_CLEAR_FEATURE?USB_API               -----    -----      -----    -----
  +--> ?PR?USBXCORE_FORCE_STALL?USB_API
  +--> ?PR?USBXCORE_SET_SOP?USB_API

?PR?USBXCORE_VENDOR_USB_API?USB_API              -----    -----      -----    -----
  +--> ?PR?USBXCORE_SET_SOP?USB_API

?PR?USBXCORE_SET_FEATURE?USB_API                 -----    -----      -----    -----
  +--> ?PR?USBXCORE_FORCE_STALL?USB_API
  +--> ?PR?USBXCORE_SET_SOP?USB_API

?PR?USBXCORE_SET_ADDRESS?USB_API                 -----    -----      -----    -----
  +--> ?PR?USBXCORE_SET_SOP?USB_API

?PR?USBXCORE_GET_DESCRIPTOR?USB_API              -----    -----      -----    -----
  +--> ?PR?USBXCORE_FORCE_STALL?USB_API
  +--> ?PR?USBXCORE_SET_SOP?USB_API

?PR?USBXCORE_GET_CONFIGURATION?USB_API           -----    -----      -----    -----
  +--> ?CO?USB_API
  +--> ?PR?USBXCORE_SET_SOP?USB_API

?PR?USBXCORE_SET_CONFIGURATION?USB_API           -----    -----      -----    -----
  +--> ?PR?USBXCORE_SET_SOP?USB_API

?PR?USBXCORE_GET_INTERFACE?USB_API               -----    -----      -----    -----
  +--> ?CO?USB_API
  +--> ?PR?USBXCORE_SET_SOP?USB_API

*** NEW ROOT ***************************************************

?C_C51STARTUP                                    -----    -----      -----    -----
  +--> ?PR?MAIN?MAIN
  +--> ?C_INITSEG

?PR?MAIN?MAIN                                    -----    -----      -----    -----
  +--> ?PR?DEVICES_INIT?MAIN
  +--> ?PR?DISPFRAME?LCD
  +--> ?PR?_STOPDELAY?MAIN
  +--> ?PR?DISPBAND?LCD
  +--> ?PR?DISPGRAYHOR16?LCD
BL51 BANKED LINKER/LOCATER V6.22                                                      09/28/2020  14:12:51  PAGE 6


  +--> ?PR?_DISPCOLOR?LCD
  +--> ?PR?TP_DRAWLINE?TP

?PR?DEVICES_INIT?MAIN                            -----    -----      -----    -----
  +--> ?PR?MCU_INIT?MAIN
  +--> ?PR?USB_CLOCK_START?USB_CLOCK_START
  +--> ?CO?MAIN
  +--> ?PR?_USB_INIT?USB_API
  +--> ?PR?USB_INT_ENABLE?USB_INT_ENABLE
  +--> ?PR?LCD_INIT?LCD

?PR?_USB_INIT?USB_API                            -----    -----      027FH    0011H
  +--> ?CO?USB_API
  +--> ?PR?USBXCORE_CLKREC?USB_CLOCK_RECOVERY

?PR?LCD_INIT?LCD                                 -----    -----      -----    -----
  +--> ?PR?READDATA?LCD
  +--> ?PR?_DELAY?MAIN
  +--> ?PR?_WRITECOMM?LCD
  +--> ?PR?_WRITEDATA?LCD

?PR?READDATA?LCD                                 -----    -----      -----    -----
  +--> ?PR?_WRITECOMM?LCD
  +--> ?PR?_WRITEDATA?LCD

?PR?DISPFRAME?LCD                                005CH    0002H      -----    -----
  +--> ?PR?_?BLOCKWRITE?LCD
  +--> ?PR?_WRITEDISPDATA?LCD

?PR?_WRITEDISPDATA?LCD                           007DH    0001H      -----    -----

?PR?_STOPDELAY?MAIN                              005CH    0004H      -----    -----
  +--> ?PR?WAITKEY?MAIN
  +--> ?PR?_DELAY?MAIN

?PR?WAITKEY?MAIN                                 -----    -----      -----    -----
  +--> ?PR?CONNTOUSB?MAIN
  +--> ?PR?_DELAY?MAIN

?PR?CONNTOUSB?MAIN                               0060H    0005H      027FH    0058H
  +--> ?CO?MAIN
  +--> ?PR?_WRITECOMM?LCD
  +--> ?PR?_WRITEDATA?LCD
  +--> ?PR?_DISPSTR?LCD
  +--> ?PR?_DISPINT?LCD
  +--> ?PR?_WRITEDISPDATA?LCD
  +--> ?PR?_MMC_SD_WRITESINGLEBLOCK?MMC_SD
  +--> ?PR?_BLOCK_WRITE?BLOCK_WRITE
  +--> ?PR?READDATA?LCD
  +--> ?PR?_DELAY?MAIN

?PR?_DISPSTR?LCD                                 0065H    000BH      -----    -----
  +--> ?PR?_TOORD?LCD
  +--> ?PR?_DISPONECHAR?LCD

?PR?_DISPONECHAR?LCD                             0070H    000DH      -----    -----
  +--> ?PR?_?BLOCKWRITE?LCD
BL51 BANKED LINKER/LOCATER V6.22                                                      09/28/2020  14:12:51  PAGE 7


  +--> ?CO?LCD
  +--> ?PR?_WRITEONEDOT?LCD

?PR?_WRITEONEDOT?LCD                             -----    -----      -----    -----
  +--> ?PR?_WRITEDISPDATA?LCD

?PR?_DISPINT?LCD                                 0065H    000AH      -----    -----
  +--> ?PR?_DISPONECHAR?LCD

?PR?_MMC_SD_WRITESINGLEBLOCK?MMC_SD              0065H    0004H      -----    -----
  +--> ?PR?_MMC_SD_SENDCOMMAND?MMC_SD
  +--> ?PR?_SPI_WRITEBYTE?MMC_SD

?PR?_MMC_SD_SENDCOMMAND?MMC_SD                   0069H    0005H      -----    -----
  +--> ?PR?_SPI_WRITEBYTE?MMC_SD

?PR?DISPBAND?LCD                                 005CH    0005H      -----    -----
  +--> ?PR?_?BLOCKWRITE?LCD
  +--> ?PR?_WRITEDISPDATA?LCD

?PR?DISPGRAYHOR16?LCD                            005CH    0004H      -----    -----
  +--> ?PR?_?BLOCKWRITE?LCD
  +--> ?PR?_WRITEDISPDATA?LCD

?PR?_DISPCOLOR?LCD                               005CH    0004H      -----    -----
  +--> ?PR?_?BLOCKWRITE?LCD
  +--> ?PR?_WRITEDISPDATA?LCD

?PR?TP_DRAWLINE?TP                               -----    -----      027FH    0018H
  +--> ?PR?_DISPCOLOR?LCD
  +--> ?PR?_DELAY?MAIN
  +--> ?PR?_TP_GETPOSITION?TP
  +--> ?PR?_PUTPIXEL?LCD

?PR?_TP_GETPOSITION?TP                           -----    -----      0297H    001BH
  +--> ?PR?_TP_WRITE?TP
  +--> ?PR?TP_READ?TP

?PR?_TP_WRITE?TP                                 -----    -----      02B2H    0001H

?PR?TP_READ?TP                                   -----    -----      02B2H    0005H

?PR?_PUTPIXEL?LCD                                005CH    0002H      -----    -----
  +--> ?PR?_?BLOCKWRITE?LCD
  +--> ?PR?_WRITEDISPDATA?LCD



SYMBOL TABLE OF MODULE:  ST7789V_HSD24_L8 (MAIN)

  VALUE           TYPE          NAME
  ----------------------------------

  -------         MODULE        MAIN
  C:0000H         SYMBOL        _ICE_DUMMY_
  D:0080H         PUBLIC        P0
  X:0000H         PUBLIC        f_down
BL51 BANKED LINKER/LOCATER V6.22                                                      09/28/2020  14:12:51  PAGE 8


  D:0090H         PUBLIC        P1
  D:00A0H         PUBLIC        P2
  D:00B0H         PUBLIC        P3
  C:36C1H         PUBLIC        USB_MaxPower
  B:00B0H.6       PUBLIC        KEY_STEP
  D:00A4H         PUBLIC        P0MDOUT
  D:00A5H         PUBLIC        P1MDOUT
  D:00A6H         PUBLIC        P2MDOUT
  D:00A7H         PUBLIC        P3MDOUT
  D:00AEH         PUBLIC        P4MDOUT
  B:0080H.6       PUBLIC        OE
  D:00D9H         PUBLIC        PCA0MD
  C:1FE1H         PUBLIC        USB_API_TEST_ISR
  C:003DH         PUBLIC        Suspend_Device
  C:35D3H         PUBLIC        _StopDelay
  D:00E1H         PUBLIC        XBR0
  D:00E2H         PUBLIC        XBR1
  B:00B0H.1       PUBLIC        RS
  C:37E1H         PUBLIC        main
  X:0001H         PUBLIC        VerifyCode0
  X:0002H         PUBLIC        VerifyCode1
  C:368BH         PUBLIC        USB_PID
  X:0003H         PUBLIC        VerifyCode2
  D:00F1H         PUBLIC        P0MDIN
  D:00F2H         PUBLIC        P1MDIN
  C:368DH         PUBLIC        USB_MfrStr
  D:00F4H         PUBLIC        P3MDIN
  C:3689H         PUBLIC        USB_VID
  D:00F8H         PUBLIC        SPI0CN
  X:0004H         PUBLIC        pic
  C:339BH         PUBLIC        Devices_Init
  C:008EH         PUBLIC        ConnToUSB
  D:00A9H         PUBLIC        CLKSEL
  D:00B2H         PUBLIC        OSCICN
  C:36C2H         PUBLIC        USB_PwAttributes
  C:39BAH         PUBLIC        WaitKey
  C:36C5H         SYMBOL        _?ix1000
  B:00B0H.0       PUBLIC        CS0
  X:0005H         PUBLIC        bf
  C:36C3H         PUBLIC        USB_bcdDevice
  D:00B9H         PUBLIC        CLKMUL
  X:0007H         PUBLIC        f_debug
  X:0008H         PUBLIC        sd
  X:02D7H         PUBLIC        Packet
  C:370DH         PUBLIC        MCU_Init
  B:0080H.7       PUBLIC        DIR
  D:00EFH         PUBLIC        RSTSRC
  X:000CH         PUBLIC        f_read
  C:36B7H         PUBLIC        USB_SerialStr
  X:000DH         PUBLIC        f_other
  C:36A7H         PUBLIC        USB_ProductStr
  X:000EH         PUBLIC        f_para
  D:00A1H         PUBLIC        SPI0CFG
  C:390DH         PUBLIC        _Delay
  B:00B0H.7       PUBLIC        KEY_Stop
  X:000FH         PUBLIC        f_init
  -------         PROC          MAIN
BL51 BANKED LINKER/LOCATER V6.22                                                      09/28/2020  14:12:51  PAGE 9


  C:37E1H         LINE#         40
  C:37E1H         LINE#         41
  C:37E1H         LINE#         46
  C:37E4H         LINE#         48
  C:37E7H         LINE#         49
  C:37E7H         LINE#         67
  C:37F1H         LINE#         72
  C:37F7H         LINE#         73
  C:37FDH         LINE#         74
  C:3806H         LINE#         80
  C:3809H         LINE#         82
  C:380BH         LINE#         83
  -------         ENDPROC       MAIN
  -------         PROC          _DELAY
  D:0006H         SYMBOL        dly
  -------         DO            
  D:0004H         SYMBOL        i
  D:0002H         SYMBOL        j
  -------         ENDDO         
  C:390DH         LINE#         86
  C:390DH         LINE#         87
  C:390DH         LINE#         90
  C:3917H         LINE#         91
  C:392BH         LINE#         92
  -------         ENDPROC       _DELAY
  C:35CFH         SYMBOL        L?0133
  -------         PROC          L?0132
  -------         ENDPROC       L?0132
  C:35CFH         SYMBOL        L?0133
  -------         PROC          _STOPDELAY
  X:005CH         SYMBOL        sdly
  -------         DO            
  D:0006H         SYMBOL        i
  D:0004H         SYMBOL        j
  X:005EH         SYMBOL        k
  -------         ENDDO         
  C:35D3H         LINE#         94
  C:35DAH         LINE#         95
  C:35DAH         LINE#         97
  C:35DFH         LINE#         98
  C:35DFH         LINE#         99
  C:35E2H         LINE#         100
  C:35E2H         LINE#         101
  C:35EFH         LINE#         102
  C:3603H         LINE#         103
  C:3603H         LINE#         105
  C:3603H         LINE#         106
  C:360DH         LINE#         107
  C:360DH         LINE#         108
  C:3623H         LINE#         109
  -------         ENDPROC       _STOPDELAY
  -------         PROC          WAITKEY
  C:39BAH         LINE#         138
  C:39BAH         LINE#         139
  C:39BAH         LINE#         141
  C:39BDH         LINE#         142
  C:39BDH         LINE#         144
BL51 BANKED LINKER/LOCATER V6.22                                                      09/28/2020  14:12:51  PAGE 10


  C:39C0H         LINE#         146
  C:39C2H         LINE#         147
  C:39C9H         LINE#         148
  C:39CCH         LINE#         150
  -------         ENDPROC       WAITKEY
  -------         PROC          CONNTOUSB
  -------         DO            
  X:0060H         SYMBOL        i
  X:027FH         SYMBOL        reg_data
  X:0297H         SYMBOL        para_data
  D:0007H         SYMBOL        dat
  X:0061H         SYMBOL        reg_index
  X:0063H         SYMBOL        data_num
  X:0064H         SYMBOL        st
  -------         ENDDO         
  C:008EH         LINE#         155
  C:008EH         LINE#         156
  C:008EH         LINE#         163
  C:00A1H         LINE#         165
  C:00A9H         LINE#         166
  C:00A9H         LINE#         167
  C:00B7H         LINE#         168
  C:00B7H         LINE#         169
  C:00C8H         LINE#         170
  C:00C8H         LINE#         171
  C:00EEH         LINE#         172
  C:00F0H         LINE#         173
  C:0104H         LINE#         174
  C:0104H         LINE#         175
  C:012AH         LINE#         177
  C:012AH         LINE#         178
  C:012AH         LINE#         179
  C:012AH         LINE#         181
  C:012AH         LINE#         182
  C:0132H         LINE#         183
  C:013CH         LINE#         184
  C:0146H         LINE#         186
  C:0162H         LINE#         188
  C:016CH         LINE#         189
  C:016CH         LINE#         190
  C:017DH         LINE#         191
  C:017DH         LINE#         192
  C:018EH         LINE#         193
  C:018EH         LINE#         194
  C:01E1H         LINE#         195
  C:01E3H         LINE#         196
  C:01F9H         LINE#         197
  C:01F9H         LINE#         198
  C:024BH         LINE#         199
  C:024BH         LINE#         200
  C:024BH         LINE#         201
  C:024BH         LINE#         203
  C:024BH         LINE#         204
  C:0253H         LINE#         205
  C:0253H         LINE#         206
  C:025DH         LINE#         207
  C:0267H         LINE#         209
BL51 BANKED LINKER/LOCATER V6.22                                                      09/28/2020  14:12:51  PAGE 11


  C:026BH         LINE#         210
  C:026EH         LINE#         214
  C:0276H         LINE#         215
  C:0276H         LINE#         216
  C:0285H         LINE#         217
  C:0285H         LINE#         218
  C:0287H         LINE#         220
  C:0289H         LINE#         221
  C:02A5H         LINE#         222
  C:02A7H         LINE#         224
  C:02D0H         LINE#         225
  C:02F4H         LINE#         226
  C:02FEH         LINE#         227
  C:02FEH         LINE#         228
  C:0306H         LINE#         229
  C:030DH         LINE#         230
  C:0318H         LINE#         231
  C:031EH         LINE#         232
  C:031EH         LINE#         233
  C:0327H         LINE#         235
  C:032BH         LINE#         236
  C:0337H         LINE#         237
  C:033AH         LINE#         240
  C:0342H         LINE#         241
  C:0342H         LINE#         242
  C:034BH         LINE#         243
  C:034BH         LINE#         244
  C:035BH         LINE#         245
  C:035BH         LINE#         246
  C:035DH         LINE#         248
  C:035FH         LINE#         249
  C:037BH         LINE#         250
  C:037DH         LINE#         252
  C:03A6H         LINE#         253
  C:03CAH         LINE#         255
  C:03D4H         LINE#         256
  C:03D4H         LINE#         257
  C:03DCH         LINE#         258
  C:03E3H         LINE#         259
  C:03EEH         LINE#         260
  C:03F4H         LINE#         261
  C:03F4H         LINE#         263
  C:03FDH         LINE#         269
  C:03FDH         LINE#         270
  C:040AH         LINE#         271
  C:040AH         LINE#         272
  C:040CH         LINE#         274
  C:040EH         LINE#         275
  C:042AH         LINE#         276
  C:042CH         LINE#         278
  C:0434H         LINE#         279
  C:0438H         LINE#         280
  C:0444H         LINE#         281
  C:0444H         LINE#         282
  C:0447H         LINE#         285
  C:044FH         LINE#         286
  C:044FH         LINE#         287
BL51 BANKED LINKER/LOCATER V6.22                                                      09/28/2020  14:12:51  PAGE 12


  C:0460H         LINE#         288
  C:0460H         LINE#         289
  C:046DH         LINE#         290
  C:046DH         LINE#         291
  C:048BH         LINE#         292
  C:048DH         LINE#         293
  C:049DH         LINE#         294
  C:049DH         LINE#         295
  C:04BBH         LINE#         296
  C:04BDH         LINE#         297
  C:04CEH         LINE#         298
  C:04CEH         LINE#         299
  C:04D8H         LINE#         300
  C:04E2H         LINE#         301
  C:04E2H         LINE#         302
  C:04E2H         LINE#         303
  C:04E2H         LINE#         305
  C:04E2H         LINE#         306
  C:04EBH         LINE#         307
  C:04EFH         LINE#         308
  C:04FBH         LINE#         309
  C:04FEH         LINE#         312
  C:0506H         LINE#         313
  C:0506H         LINE#         314
  C:0513H         LINE#         315
  C:0524H         LINE#         317
  C:052DH         LINE#         318
  C:053CH         LINE#         320
  C:0544H         LINE#         321
  C:0544H         LINE#         322
  C:054DH         LINE#         323
  C:055CH         LINE#         324
  C:055CH         LINE#         325
  C:055FH         LINE#         326
  C:056EH         LINE#         327
  C:057AH         LINE#         328
  C:0580H         LINE#         329
  C:0580H         LINE#         331
  C:0584H         LINE#         332
  C:0593H         LINE#         334
  C:059AH         LINE#         335
  C:05B6H         LINE#         336
  C:05C0H         LINE#         337
  C:05C0H         LINE#         338
  C:05E6H         LINE#         339
  C:05F9H         LINE#         340
  C:05F9H         LINE#         341
  C:064BH         LINE#         342
  C:0653H         LINE#         343
  C:0653H         LINE#         344
  C:0653H         LINE#         347
  C:0658H         LINE#         348
  C:0658H         LINE#         349
  C:0665H         LINE#         350
  C:0676H         LINE#         352
  C:067CH         LINE#         353
  C:0680H         LINE#         354
BL51 BANKED LINKER/LOCATER V6.22                                                      09/28/2020  14:12:51  PAGE 13


  C:0683H         LINE#         355
  C:0687H         LINE#         357
  C:068BH         LINE#         358
  C:0697H         LINE#         359
  C:0699H         LINE#         360
  -------         ENDPROC       CONNTOUSB
  -------         PROC          MCU_INIT
  -------         DO            
  D:0007H         SYMBOL        n
  -------         ENDDO         
  C:370DH         LINE#         363
  C:370DH         LINE#         364
  C:370DH         LINE#         366
  C:3710H         LINE#         369
  C:3713H         LINE#         370
  C:3716H         LINE#         372
  C:3719H         LINE#         374
  C:371FH         LINE#         376
  C:3722H         LINE#         377
  C:3727H         LINE#         378
  C:372AH         LINE#         380
  C:372DH         LINE#         383
  C:3730H         LINE#         384
  C:3733H         LINE#         386
  C:3736H         LINE#         387
  C:3739H         LINE#         389
  C:373CH         LINE#         390
  C:373FH         LINE#         392
  C:3742H         LINE#         393
  C:3745H         LINE#         394
  C:3747H         LINE#         395
  C:3749H         LINE#         397
  C:374CH         LINE#         398
  C:374FH         LINE#         400
  -------         ENDPROC       MCU_INIT
  -------         PROC          DEVICES_INIT
  C:339BH         LINE#         402
  C:339BH         LINE#         403
  C:339BH         LINE#         405
  C:339EH         LINE#         408
  C:33A1H         LINE#         409
  C:33FBH         LINE#         410
  C:33FEH         LINE#         413
  C:3401H         LINE#         414
  C:3404H         LINE#         422
  -------         ENDPROC       DEVICES_INIT
  -------         PROC          SUSPEND_DEVICE
  C:003DH         LINE#         426
  C:003DH         LINE#         427
  C:003DH         LINE#         428
  -------         ENDPROC       SUSPEND_DEVICE
  -------         PROC          USB_API_TEST_ISR
  -------         DO            
  X:0059H         SYMBOL        INTVAL
  -------         ENDDO         
  C:1FE1H         LINE#         432
  C:1FFEH         LINE#         434
BL51 BANKED LINKER/LOCATER V6.22                                                      09/28/2020  14:12:51  PAGE 14


  C:2005H         LINE#         436
  C:200BH         LINE#         437
  C:200BH         LINE#         438
  C:2016H         LINE#         440
  C:2032H         LINE#         441
  C:2032H         LINE#         442
  C:2034H         LINE#         443
  C:2036H         LINE#         444
  C:204CH         LINE#         445
  C:204CH         LINE#         446
  C:204EH         LINE#         447
  C:2050H         LINE#         448
  C:2068H         LINE#         449
  C:2068H         LINE#         450
  C:206AH         LINE#         451
  C:206CH         LINE#         452
  C:2086H         LINE#         453
  C:2086H         LINE#         454
  C:2088H         LINE#         455
  C:208AH         LINE#         456
  C:209FH         LINE#         457
  C:209FH         LINE#         458
  C:20A1H         LINE#         459
  C:20A3H         LINE#         461
  C:20A3H         LINE#         462
  C:20A8H         LINE#         463
  C:20A8H         LINE#         464
  C:20A8H         LINE#         466
  C:20A8H         LINE#         467
  C:20A8H         LINE#         469
  C:20A8H         LINE#         471
  C:20AEH         LINE#         472
  C:20AEH         LINE#         473
  C:20B1H         LINE#         474
  C:20B1H         LINE#         476
  C:20B7H         LINE#         477
  C:20B7H         LINE#         478
  C:20BAH         LINE#         479
  C:20BAH         LINE#         481
  C:20C0H         LINE#         482
  C:20C0H         LINE#         483
  C:20DCH         LINE#         484
  C:20DCH         LINE#         486
  C:20E2H         LINE#         487
  C:20E2H         LINE#         488
  C:20E7H         LINE#         489
  C:2103H         LINE#         490
  C:2103H         LINE#         491
  -------         ENDPROC       USB_API_TEST_ISR
  -------         ENDMOD        MAIN

  -------         MODULE        MMC_SD
  C:0000H         SYMBOL        _ICE_DUMMY_
  D:00A2H         PUBLIC        SPI0CKR
  D:0080H         PUBLIC        P0
  D:0090H         PUBLIC        P1
  D:00A0H         PUBLIC        P2
BL51 BANKED LINKER/LOCATER V6.22                                                      09/28/2020  14:12:51  PAGE 15


  D:00B0H         PUBLIC        P3
  C:3240H         PUBLIC        _MMC_SD_SendCommand
  C:3407H         PUBLIC        _MMC_SD_ReadSingleBlock
  C:39CDH         PUBLIC        SD_Init
  C:314DH         PUBLIC        _MMC_SD_WriteSingleBlock
  B:00F8H.7       PUBLIC        SPIF
  B:00F8H.2       PUBLIC        NSSMD0
  C:282AH         PUBLIC        MMC_SD_Reset
  D:00A9H         PUBLIC        CLKSEL
  C:39F8H         PUBLIC        SPI_ReadByte
  C:3987H         PUBLIC        _SPI_WriteByte
  D:00A3H         PUBLIC        SPI0DAT
  X:007FH         PUBLIC        buffer
  C:397BH         SYMBOL        L?0062
  C:3980H         SYMBOL        L?0063
  -------         PROC          L?0061
  -------         ENDPROC       L?0061
  C:397BH         SYMBOL        L?0062
  C:3980H         SYMBOL        L?0063
  -------         PROC          _SPI_WRITEBYTE
  D:0007H         SYMBOL        val
  -------         DO            
  D:0007H         SYMBOL        ret
  -------         ENDDO         
  C:3987H         LINE#         7
  C:3987H         LINE#         8
  C:3987H         LINE#         11
  C:3989H         LINE#         12
  C:398CH         LINE#         13
  C:398EH         LINE#         14
  C:3990H         LINE#         15
  C:3990H         LINE#         16
  -------         ENDPROC       _SPI_WRITEBYTE
  -------         PROC          SPI_READBYTE
  -------         DO            
  D:0007H         SYMBOL        ret
  -------         ENDDO         
  C:39F8H         LINE#         18
  C:39F8H         LINE#         19
  C:39F8H         LINE#         22
  C:39FBH         LINE#         23
  C:39FEH         LINE#         24
  C:3A00H         LINE#         25
  C:3A02H         LINE#         26
  C:3A02H         LINE#         27
  -------         ENDPROC       SPI_READBYTE
  -------         PROC          _MMC_SD_SENDCOMMAND
  D:0006H         SYMBOL        cmd
  X:006AH         SYMBOL        arg
  -------         DO            
  D:0007H         SYMBOL        r1
  D:0003H         SYMBOL        retry
  -------         ENDDO         
  C:3240H         LINE#         29
  C:3242H         LINE#         30
  C:3242H         LINE#         32
  C:3244H         LINE#         34
BL51 BANKED LINKER/LOCATER V6.22                                                      09/28/2020  14:12:51  PAGE 16


  C:3244H         LINE#         35
  C:3244H         LINE#         36
  C:3247H         LINE#         37
  C:3247H         LINE#         38
  C:3247H         LINE#         39
  C:324AH         LINE#         41
  C:324CH         LINE#         43
  C:3253H         LINE#         44
  C:3268H         LINE#         45
  C:327DH         LINE#         46
  C:3292H         LINE#         47
  C:329CH         LINE#         48
  C:32A1H         LINE#         50
  C:32A9H         LINE#         51
  C:32B2H         LINE#         53
  C:32B4H         LINE#         55
  C:32B4H         LINE#         56
  -------         ENDPROC       _MMC_SD_SENDCOMMAND
  -------         PROC          MMC_SD_RESET
  -------         DO            
  D:0005H         SYMBOL        i
  D:0002H         SYMBOL        retry
  D:0006H         SYMBOL        r1
  -------         ENDDO         
  C:282AH         LINE#         58
  C:282AH         LINE#         59
  C:282AH         LINE#         62
  C:282CH         LINE#         64
  C:282DH         LINE#         65
  C:2830H         LINE#         66
  C:2833H         LINE#         68
  C:2833H         LINE#         69
  C:283FH         LINE#         70
  C:284FH         LINE#         71
  C:2850H         LINE#         72
  C:2856H         LINE#         73
  C:285AH         LINE#         75
  C:285CH         LINE#         77
  C:285CH         LINE#         79
  C:285CH         LINE#         80
  C:286CH         LINE#         81
  C:286DH         LINE#         82
  C:2876H         LINE#         83
  C:287AH         LINE#         85
  C:287CH         LINE#         86
  C:288CH         LINE#         87
  C:288DH         LINE#         88
  C:2896H         LINE#         89
  C:2899H         LINE#         91
  C:289CH         LINE#         92
  C:289CH         LINE#         93
  C:289EH         LINE#         95
  C:289EH         LINE#         96
  C:28AEH         LINE#         97
  C:28AFH         LINE#         98
  C:28B8H         LINE#         99
  C:28BBH         LINE#         100
BL51 BANKED LINKER/LOCATER V6.22                                                      09/28/2020  14:12:51  PAGE 17


  C:28BBH         LINE#         101
  C:28CBH         LINE#         103
  C:28D9H         LINE#         104
  C:28DCH         LINE#         105
  C:28DFH         LINE#         106
  C:28E0H         LINE#         107
  -------         ENDPROC       MMC_SD_RESET
  -------         PROC          _MMC_SD_READSINGLEBLOCK
  X:0010H         SYMBOL        sector
  -------         DO            
  D:0007H         SYMBOL        r1
  D:0004H         SYMBOL        i
  D:0002H         SYMBOL        retry
  -------         ENDDO         
  C:3407H         LINE#         109
  C:340CH         LINE#         110
  C:340CH         LINE#         113
  C:340EH         LINE#         115
  C:3411H         LINE#         117
  C:3411H         LINE#         118
  C:342DH         LINE#         119
  C:342EH         LINE#         120
  C:3437H         LINE#         121
  C:343AH         LINE#         124
  C:343CH         LINE#         126
  C:3442H         LINE#         128
  C:3445H         LINE#         129
  C:3445H         LINE#         130
  C:3454H         LINE#         131
  C:3461H         LINE#         133
  C:3461H         LINE#         134
  C:3464H         LINE#         136
  C:3466H         LINE#         137
  C:3469H         LINE#         138
  C:346AH         LINE#         139
  -------         ENDPROC       _MMC_SD_READSINGLEBLOCK
  -------         PROC          _MMC_SD_WRITESINGLEBLOCK
  X:0065H         SYMBOL        sector
  -------         DO            
  D:0006H         SYMBOL        r1
  D:0004H         SYMBOL        i
  D:0002H         SYMBOL        retry
  -------         ENDDO         
  C:314DH         LINE#         141
  C:3152H         LINE#         142
  C:3152H         LINE#         145
  C:3154H         LINE#         147
  C:3157H         LINE#         149
  C:3157H         LINE#         150
  C:3175H         LINE#         151
  C:3176H         LINE#         152
  C:317FH         LINE#         153
  C:3182H         LINE#         157
  C:3184H         LINE#         159
  C:3189H         LINE#         161
  C:318EH         LINE#         163
  C:3190H         LINE#         164
BL51 BANKED LINKER/LOCATER V6.22                                                      09/28/2020  14:12:51  PAGE 18


  C:3190H         LINE#         165
  C:319FH         LINE#         166
  C:31ACH         LINE#         168
  C:31ACH         LINE#         169
  C:31ACH         LINE#         171
  C:31B1H         LINE#         173
  C:31B8H         LINE#         174
  C:31B8H         LINE#         175
  C:31BAH         LINE#         176
  C:31BBH         LINE#         177
  C:31BBH         LINE#         179
  C:31C3H         LINE#         181
  C:31C5H         LINE#         182
  C:31C8H         LINE#         183
  C:31C9H         LINE#         184
  -------         ENDPROC       _MMC_SD_WRITESINGLEBLOCK
  -------         PROC          SD_INIT
  -------         DO            
  D:0001H         SYMBOL        n
  -------         ENDDO         
  C:39CDH         LINE#         187
  C:39CDH         LINE#         188
  C:39CDH         LINE#         189
  C:39CFH         LINE#         191
  C:39D5H         LINE#         192
  C:39D5H         LINE#         193
  C:39D6H         LINE#         194
  C:39DDH         LINE#         196
  -------         ENDPROC       SD_INIT
  -------         ENDMOD        MMC_SD

  -------         MODULE        LCD
  C:0000H         SYMBOL        _ICE_DUMMY_
  D:0080H         PUBLIC        P0
  C:2AF5H         PUBLIC        DispFrame
  D:0090H         PUBLIC        P1
  C:2B99H         PUBLIC        DispScaleVer_Green
  D:00A0H         PUBLIC        P2
  D:00B0H         PUBLIC        P3
  D:00C7H         PUBLIC        P4
  C:1B8CH         PUBLIC        DispBand
  C:394DH         PUBLIC        _WriteData
  C:069AH         PUBLIC        ascii
  C:13DAH         PUBLIC        _LCD_Read_IC_ID
  D:00A6H         PUBLIC        P2MDOUT
  C:0046H         PUBLIC        _DispColor
  C:3041H         PUBLIC        DispScaleVer_Blue
  C:2F25H         PUBLIC        _DrawGird
  C:30C7H         PUBLIC        _DrawLine
  C:3991H         PUBLIC        _WriteComm
  C:37CAH         PUBLIC        _WriteDispData
  C:2E94H         PUBLIC        DispScaleVer_Gray
  B:00B0H.1       PUBLIC        RS
  B:00A0H.1       PUBLIC        SPI_CLK
  C:2E03H         PUBLIC        DispScaleVer_Red
  D:00F3H         PUBLIC        P2MDIN
  C:2255H         PUBLIC        DispScaleVer
BL51 BANKED LINKER/LOCATER V6.22                                                      09/28/2020  14:12:51  PAGE 19


  C:278FH         PUBLIC        _DispOneChar
  C:31CAH         PUBLIC        DispGrayHor32
  C:2C39H         PUBLIC        DispGrayHor16
  C:28E1H         PUBLIC        _DispInt
  C:3624H         PUBLIC        _PutPixel
  D:00A9H         PUBLIC        CLKSEL
  B:0090H.6       PUBLIC        RD0
  B:00B0H.0       PUBLIC        CS0
  X:0057H         PUBLIC        LCM_ID
  C:1D1AH         PUBLIC        LCD_Init
  C:2D6DH         PUBLIC        _DispStr
  B:0090H.7       PUBLIC        WR0
  C:160CH         PUBLIC        DispScaleHor1
  B:00A0H.0       PUBLIC        SPI_DI
  C:3A03H         PUBLIC        _WriteOneDot
  C:1832H         PUBLIC        DispScaleHor2
  C:25A9H         PUBLIC        _DispPicFromSD
  B:0080H.7       PUBLIC        DIR
  C:346BH         PUBLIC        _ToOrd
  B:0080H.5       PUBLIC        RST
  C:38CDH         PUBLIC        ReadData
  C:2CEEH         PUBLIC        _?BlockWrite
  -------         PROC          _LCD_READ_IC_ID
  X:0014H         SYMBOL        ID
  D:0004H         SYMBOL        Bug
  D:0003H         SYMBOL        flog
  -------         DO            
  X:0015H         SYMBOL        id
  X:0017H         SYMBOL        id1
  X:0019H         SYMBOL        temp
  D:0005H         SYMBOL        i
  D:0007H         SYMBOL        dat
  D:0001H         SYMBOL        id2
  X:001BH         SYMBOL        id3
  D:0002H         SYMBOL        id4
  -------         ENDDO         
  C:13DAH         LINE#         35
  C:13DEH         LINE#         36
  C:13DEH         LINE#         40
  C:13E6H         LINE#         41
  C:13E6H         LINE#         43
  C:13E8H         LINE#         44
  C:13EAH         LINE#         45
  C:13ECH         LINE#         47
  C:13EFH         LINE#         48
  C:13F1H         LINE#         49
  C:13F3H         LINE#         50
  C:13F5H         LINE#         53
  C:13F8H         LINE#         54
  C:13FBH         LINE#         55
  C:13FEH         LINE#         56
  C:1400H         LINE#         57
  C:1402H         LINE#         58
  C:1404H         LINE#         63
  C:140EH         LINE#         65
  C:1414H         LINE#         66
  C:141CH         LINE#         68
BL51 BANKED LINKER/LOCATER V6.22                                                      09/28/2020  14:12:51  PAGE 20


  C:1422H         LINE#         69
  C:1428H         LINE#         70
  C:1432H         LINE#         72
  C:1438H         LINE#         73
  C:143AH         LINE#         75
  C:1440H         LINE#         77
  C:1446H         LINE#         78
  C:1450H         LINE#         80
  C:1456H         LINE#         81
  C:145BH         LINE#         83
  C:1461H         LINE#         85
  C:146BH         LINE#         86
  C:1475H         LINE#         88
  C:147BH         LINE#         89
  C:147DH         LINE#         91
  C:148DH         LINE#         92
  C:1497H         LINE#         94
  C:149AH         LINE#         95
  C:149EH         LINE#         96
  C:149EH         LINE#         97
  C:14A7H         LINE#         98
  C:14ADH         LINE#         99
  C:14ADH         LINE#         100
  C:14B7H         LINE#         101
  C:14B9H         LINE#         102
  C:14BDH         LINE#         103
  C:14BDH         LINE#         104
  C:14CCH         LINE#         105
  C:14CCH         LINE#         108
  C:14CCH         LINE#         109
  C:14D5H         LINE#         110
  C:14D5H         LINE#         112
  C:14D8H         LINE#         113
  C:14DCH         LINE#         114
  C:14DEH         LINE#         115
  C:14E0H         LINE#         116
  C:14E2H         LINE#         117
  C:14E2H         LINE#         118
  C:14E4H         LINE#         119
  C:14ECH         LINE#         120
  C:14EEH         LINE#         122
  C:14F0H         LINE#         123
  C:14F4H         LINE#         124
  C:14F9H         LINE#         125
  C:14FCH         LINE#         128
  C:1506H         LINE#         129
  C:1506H         LINE#         130
  C:1508H         LINE#         131
  C:1508H         LINE#         132
  C:150AH         LINE#         133
  C:150CH         LINE#         134
  C:150EH         LINE#         135
  C:1525H         LINE#         136
  C:1527H         LINE#         137
  C:1529H         LINE#         138
  C:1530H         LINE#         139
  C:153AH         LINE#         140
BL51 BANKED LINKER/LOCATER V6.22                                                      09/28/2020  14:12:51  PAGE 21


  C:153AH         LINE#         141
  C:153CH         LINE#         142
  C:153CH         LINE#         143
  C:153EH         LINE#         144
  C:1540H         LINE#         145
  C:1542H         LINE#         146
  C:1559H         LINE#         147
  C:155BH         LINE#         148
  C:155DH         LINE#         149
  C:1562H         LINE#         150
  C:1562H         LINE#         152
  C:1564H         LINE#         153
  C:1564H         LINE#         154
  C:1566H         LINE#         155
  C:1568H         LINE#         156
  C:156AH         LINE#         157
  C:1581H         LINE#         158
  C:1583H         LINE#         159
  C:1585H         LINE#         160
  C:158AH         LINE#         162
  C:158CH         LINE#         163
  C:158CH         LINE#         164
  C:158EH         LINE#         165
  C:1590H         LINE#         166
  C:1592H         LINE#         167
  C:159CH         LINE#         168
  C:159EH         LINE#         169
  C:15A0H         LINE#         170
  C:15A5H         LINE#         172
  C:15A7H         LINE#         173
  C:15A7H         LINE#         174
  C:15A9H         LINE#         175
  C:15ABH         LINE#         176
  C:15ADH         LINE#         177
  C:15B9H         LINE#         178
  C:15BBH         LINE#         179
  C:15BDH         LINE#         180
  C:15C2H         LINE#         181
  C:15C5H         LINE#         182
  C:15C7H         LINE#         183
  C:15C9H         LINE#         184
  C:15CBH         LINE#         185
  C:15CDH         LINE#         186
  C:15CFH         LINE#         187
  C:15D1H         LINE#         189
  C:15D5H         LINE#         190
  C:15D5H         LINE#         191
  C:15E5H         LINE#         193
  C:15F0H         LINE#         194
  C:15F0H         LINE#         195
  C:15F0H         LINE#         197
  C:15F6H         LINE#         198
  C:15F6H         LINE#         199
  C:1602H         LINE#         200
  C:1602H         LINE#         202
  C:1602H         LINE#         203
  C:1604H         LINE#         204
BL51 BANKED LINKER/LOCATER V6.22                                                      09/28/2020  14:12:51  PAGE 22


  C:160BH         LINE#         205
  -------         ENDPROC       _LCD_READ_IC_ID
  -------         PROC          _WRITECOMM
  D:0004H         SYMBOL        i
  -------         DO            
  X:007DH         SYMBOL        j
  X:007EH         SYMBOL        DataH
  -------         ENDDO         
  C:3991H         LINE#         208
  C:3993H         LINE#         209
  C:3993H         LINE#         211
  C:3997H         LINE#         212
  C:3999H         LINE#         215
  C:3999H         LINE#         216
  C:399BH         LINE#         217
  C:399DH         LINE#         218
  C:399FH         LINE#         219
  C:39A1H         LINE#         220
  C:39A3H         LINE#         221
  C:39A3H         LINE#         319
  C:39A5H         LINE#         320
  -------         ENDPROC       _WRITECOMM
  -------         PROC          L?0444
  -------         ENDPROC       L?0444
  -------         PROC          _WRITEDATA
  D:0004H         SYMBOL        i
  -------         DO            
  X:007DH         SYMBOL        j
  X:007EH         SYMBOL        DataH
  -------         ENDDO         
  C:394DH         LINE#         322
  C:394FH         LINE#         323
  C:394FH         LINE#         325
  C:3953H         LINE#         326
  C:3955H         LINE#         329
  C:3955H         LINE#         330
  C:3957H         LINE#         331
  C:3959H         LINE#         332
  C:395BH         LINE#         333
  C:395DH         LINE#         334
  C:395FH         LINE#         335
  C:395FH         LINE#         513
  C:3961H         LINE#         514
  -------         ENDPROC       _WRITEDATA
  C:37B5H         SYMBOL        L?0443
  -------         PROC          L?0442
  -------         ENDPROC       L?0442
  C:37B5H         SYMBOL        L?0443
  -------         PROC          _WRITEDISPDATA
  D:0007H         SYMBOL        DataH
  D:0005H         SYMBOL        DataL
  -------         DO            
  X:007DH         SYMBOL        j
  -------         ENDDO         
  C:37CAH         LINE#         516
  C:37CAH         LINE#         517
  C:37CAH         LINE#         519
BL51 BANKED LINKER/LOCATER V6.22                                                      09/28/2020  14:12:51  PAGE 23


  C:37CCH         LINE#         522
  C:37CCH         LINE#         523
  C:37CEH         LINE#         524
  C:37D0H         LINE#         525
  C:37D2H         LINE#         526
  C:37D4H         LINE#         527
  C:37D6H         LINE#         528
  C:37DAH         LINE#         529
  C:37DCH         LINE#         530
  C:37DEH         LINE#         531
  C:37DEH         LINE#         638
  C:37E0H         LINE#         639
  -------         ENDPROC       _WRITEDISPDATA
  -------         PROC          _WRITEONEDOT
  D:0004H         SYMBOL        color
  C:3A03H         LINE#         641
  C:3A07H         LINE#         642
  C:3A07H         LINE#         655
  -------         ENDPROC       _WRITEONEDOT
  -------         PROC          LCD_INIT
  C:1D1AH         LINE#         664
  C:1D1AH         LINE#         665
  C:1D1AH         LINE#         666
  C:1D1DH         LINE#         669
  C:1D1FH         LINE#         670
  C:1D26H         LINE#         672
  C:1D28H         LINE#         673
  C:1D2FH         LINE#         675
  C:1D31H         LINE#         676
  C:1D38H         LINE#         3922
  C:1D3FH         LINE#         3923
  C:1D44H         LINE#         3925
  C:1D4BH         LINE#         3926
  C:1D50H         LINE#         3928
  C:1D55H         LINE#         3929
  C:1D5AH         LINE#         3931
  C:1D5FH         LINE#         3932
  C:1D64H         LINE#         3933
  C:1D69H         LINE#         3934
  C:1D6CH         LINE#         3935
  C:1D6FH         LINE#         3936
  C:1D74H         LINE#         3938
  C:1D79H         LINE#         3939
  C:1D7EH         LINE#         3940
  C:1D81H         LINE#         3941
  C:1D84H         LINE#         3942
  C:1D89H         LINE#         3944
  C:1D8EH         LINE#         3945
  C:1D93H         LINE#         3946
  C:1D96H         LINE#         3947
  C:1D9BH         LINE#         3948
  C:1DA0H         LINE#         3949
  C:1DA3H         LINE#         3951
  C:1DA8H         LINE#         3952
  C:1DADH         LINE#         3954
  C:1DB2H         LINE#         3955
  C:1DB7H         LINE#         3957
BL51 BANKED LINKER/LOCATER V6.22                                                      09/28/2020  14:12:51  PAGE 24


  C:1DBCH         LINE#         3958
  C:1DC1H         LINE#         3960
  C:1DC6H         LINE#         3961
  C:1DCBH         LINE#         3963
  C:1DD0H         LINE#         3964
  C:1DD5H         LINE#         3966
  C:1DDAH         LINE#         3967
  C:1DDFH         LINE#         3969
  C:1DE4H         LINE#         3970
  C:1DE9H         LINE#         3972
  C:1DEEH         LINE#         3973
  C:1DF3H         LINE#         3974
  C:1DF8H         LINE#         3976
  C:1DFDH         LINE#         3977
  C:1E02H         LINE#         3978
  C:1E07H         LINE#         3979
  C:1E0CH         LINE#         3980
  C:1E11H         LINE#         3981
  C:1E16H         LINE#         3982
  C:1E1BH         LINE#         3983
  C:1E20H         LINE#         3984
  C:1E25H         LINE#         3985
  C:1E2AH         LINE#         3986
  C:1E2FH         LINE#         3987
  C:1E34H         LINE#         3988
  C:1E38H         LINE#         3989
  C:1E3DH         LINE#         3990
  C:1E42H         LINE#         3992
  C:1E47H         LINE#         3993
  C:1E4CH         LINE#         3994
  C:1E51H         LINE#         3995
  C:1E56H         LINE#         3996
  C:1E5BH         LINE#         3997
  C:1E60H         LINE#         3998
  C:1E63H         LINE#         3999
  C:1E68H         LINE#         4000
  C:1E6DH         LINE#         4001
  C:1E72H         LINE#         4002
  C:1E77H         LINE#         4003
  C:1E7CH         LINE#         4004
  C:1E81H         LINE#         4005
  C:1E86H         LINE#         4006
  C:1E8BH         LINE#         4012
  -------         ENDPROC       LCD_INIT
  C:2CD5H         SYMBOL        L?0437
  C:2CDBH         SYMBOL        L?0438
  -------         PROC          L?0436
  -------         ENDPROC       L?0436
  C:2CD5H         SYMBOL        L?0437
  C:2CDBH         SYMBOL        L?0438
  -------         PROC          _?BLOCKWRITE
  p:0000H         SYMBOL        Xstart
  p:0002H         SYMBOL        Xend
  p:0004H         SYMBOL        Ystart
  p:0006H         SYMBOL        Yend
  C:2CEEH         LINE#         4630
  C:2D0FH         LINE#         4733
BL51 BANKED LINKER/LOCATER V6.22                                                      09/28/2020  14:12:51  PAGE 25


  C:2D16H         LINE#         4734
  C:2D1DH         LINE#         4735
  C:2D25H         LINE#         4736
  C:2D30H         LINE#         4737
  C:2D3AH         LINE#         4739
  C:2D3FH         LINE#         4740
  C:2D49H         LINE#         4742
  C:2D50H         LINE#         4743
  C:2D5AH         LINE#         4744
  C:2D61H         LINE#         4750
  C:2D66H         LINE#         4757
  -------         ENDPROC       _?BLOCKWRITE
  -------         PROC          _DISPCOLOR
  D:0004H         SYMBOL        color
  -------         DO            
  X:005CH         SYMBOL        i
  D:0002H         SYMBOL        m
  X:005EH         SYMBOL        DataH
  X:005FH         SYMBOL        DataL
  -------         ENDDO         
  C:0046H         LINE#         4759
  C:0048H         LINE#         4760
  C:0048H         LINE#         4763
  C:004EH         LINE#         4765
  C:0051H         LINE#         4767
  C:0053H         LINE#         4768
  C:0059H         LINE#         4769
  C:0059H         LINE#         4770
  C:005CH         LINE#         4771
  C:005CH         LINE#         4772
  C:0066H         LINE#         4773
  C:0071H         LINE#         4774
  C:0087H         LINE#         4776
  C:0089H         LINE#         4777
  -------         ENDPROC       _DISPCOLOR
  -------         PROC          DISPFRAME
  -------         DO            
  D:0002H         SYMBOL        i
  X:005CH         SYMBOL        j
  D:0001H         SYMBOL        DataH
  D:0006H         SYMBOL        DataL
  -------         ENDDO         
  C:2AF5H         LINE#         4779
  C:2AF5H         LINE#         4780
  C:2AF5H         LINE#         4783
  C:2AF8H         LINE#         4785
  C:2AFAH         LINE#         4788
  C:2B04H         LINE#         4791
  C:2B04H         LINE#         4792
  C:2B04H         LINE#         4794
  C:2B0FH         LINE#         4796
  C:2B1AH         LINE#         4798
  C:2B24H         LINE#         4800
  C:2B29H         LINE#         4801
  C:2B29H         LINE#         4803
  C:2B33H         LINE#         4805
  C:2B35H         LINE#         4806
BL51 BANKED LINKER/LOCATER V6.22                                                      09/28/2020  14:12:51  PAGE 26


  C:2B35H         LINE#         4808
  C:2B3DH         LINE#         4810
  C:2B48H         LINE#         4813
  C:2B52H         LINE#         4815
  C:2B68H         LINE#         4817
  C:2B72H         LINE#         4819
  C:2B74H         LINE#         4820
  C:2B74H         LINE#         4822
  C:2B7FH         LINE#         4824
  C:2B8AH         LINE#         4826
  C:2B94H         LINE#         4829
  C:2B96H         LINE#         4830
  C:2B98H         LINE#         4831
  -------         ENDPROC       DISPFRAME
  -------         PROC          DISPBAND
  -------         DO            
  D:0002H         SYMBOL        i
  X:005CH         SYMBOL        j
  X:005DH         SYMBOL        k
  X:005EH         SYMBOL        m
  X:005FH         SYMBOL        n
  X:0060H         SYMBOL        x
  -------         ENDDO         
  C:1B8CH         LINE#         4833
  C:1B8CH         LINE#         4834
  C:1B8CH         LINE#         4837
  C:1B95H         LINE#         4838
  C:1B9EH         LINE#         4839
  C:1BA0H         LINE#         4842
  C:1BA8H         LINE#         4843
  C:1BB4H         LINE#         4844
  C:1BB4H         LINE#         4845
  C:1BCFH         LINE#         4846
  C:1BEAH         LINE#         4847
  C:1C16H         LINE#         4848
  C:1C1DH         LINE#         4849
  C:1C2CH         LINE#         4850
  C:1C2CH         LINE#         4851
  C:1C47H         LINE#         4852
  C:1C62H         LINE#         4853
  C:1C8EH         LINE#         4854
  C:1C95H         LINE#         4855
  C:1CABH         LINE#         4856
  C:1CABH         LINE#         4857
  C:1CC6H         LINE#         4858
  C:1CE1H         LINE#         4859
  C:1D0DH         LINE#         4860
  C:1D14H         LINE#         4861
  C:1D16H         LINE#         4862
  C:1D19H         LINE#         4863
  -------         ENDPROC       DISPBAND
  -------         PROC          _DISPPICFROMSD
  X:001CH         SYMBOL        PicNum
  -------         DO            
  X:001DH         SYMBOL        Address_S
  X:0021H         SYMBOL        Address_E
  D:0002H         SYMBOL        i
BL51 BANKED LINKER/LOCATER V6.22                                                      09/28/2020  14:12:51  PAGE 27


  X:0025H         SYMBOL        k
  -------         ENDDO         
  C:25A9H         LINE#         4885
  C:25ACH         LINE#         4886
  C:25ACH         LINE#         4892
  C:25AFH         LINE#         4895
  C:25B1H         LINE#         4897
  C:25B3H         LINE#         4899
  C:25BCH         LINE#         4900
  C:25E7H         LINE#         4901
  C:2610H         LINE#         4902
  C:2633H         LINE#         4903
  C:2633H         LINE#         4904
  C:2643H         LINE#         4906
  C:264CH         LINE#         4907
  C:264CH         LINE#         4909
  C:2667H         LINE#         4910
  C:2670H         LINE#         4911
  C:268FH         LINE#         4913
  C:2691H         LINE#         4951
  -------         ENDPROC       _DISPPICFROMSD
  -------         PROC          DISPSCALEHOR1
  -------         DO            
  X:0029H         SYMBOL        i
  X:002BH         SYMBOL        j
  D:0002H         SYMBOL        k
  -------         ENDDO         
  C:160CH         LINE#         4956
  C:160CH         LINE#         4957
  C:160CH         LINE#         4960
  C:160FH         LINE#         4963
  C:160FH         LINE#         4964
  C:160FH         LINE#         4965
  C:1631H         LINE#         4966
  C:1637H         LINE#         4967
  C:1637H         LINE#         4968
  C:163DH         LINE#         4969
  C:163DH         LINE#         4970
  C:1652H         LINE#         4971
  C:1668H         LINE#         4972
  C:167EH         LINE#         4974
  C:1689H         LINE#         4977
  C:168CH         LINE#         4978
  C:168CH         LINE#         4979
  C:16AEH         LINE#         4980
  C:16B4H         LINE#         4981
  C:16B4H         LINE#         4982
  C:16BAH         LINE#         4983
  C:16BAH         LINE#         4984
  C:16E5H         LINE#         4985
  C:16FBH         LINE#         4986
  C:1711H         LINE#         4987
  C:171FH         LINE#         4990
  C:1722H         LINE#         4991
  C:1722H         LINE#         4992
  C:1744H         LINE#         4993
  C:174AH         LINE#         4994
BL51 BANKED LINKER/LOCATER V6.22                                                      09/28/2020  14:12:51  PAGE 28


  C:174AH         LINE#         4995
  C:1750H         LINE#         4996
  C:1750H         LINE#         4997
  C:175AH         LINE#         4998
  C:1770H         LINE#         4999
  C:1786H         LINE#         5000
  C:1791H         LINE#         5003
  C:1794H         LINE#         5004
  C:1794H         LINE#         5005
  C:17B6H         LINE#         5006
  C:17BCH         LINE#         5007
  C:17BCH         LINE#         5008
  C:17C2H         LINE#         5009
  C:17C2H         LINE#         5010
  C:17F5H         LINE#         5011
  C:180BH         LINE#         5012
  C:1821H         LINE#         5013
  C:182FH         LINE#         5014
  C:1831H         LINE#         5015
  -------         ENDPROC       DISPSCALEHOR1
  -------         PROC          DISPSCALEVER
  -------         DO            
  X:002DH         SYMBOL        i
  X:002FH         SYMBOL        j
  D:0002H         SYMBOL        k
  -------         ENDDO         
  C:2255H         LINE#         5017
  C:2255H         LINE#         5018
  C:2255H         LINE#         5087
  C:2258H         LINE#         5089
  C:225EH         LINE#         5090
  C:225EH         LINE#         5091
  C:2264H         LINE#         5092
  C:2264H         LINE#         5093
  C:226AH         LINE#         5094
  C:2280H         LINE#         5095
  C:2287H         LINE#         5097
  C:228AH         LINE#         5098
  C:228AH         LINE#         5100
  C:2290H         LINE#         5101
  C:2290H         LINE#         5103
  C:2296H         LINE#         5104
  C:2296H         LINE#         5105
  C:22A8H         LINE#         5106
  C:22BEH         LINE#         5108
  C:22C4H         LINE#         5109
  C:22C4H         LINE#         5110
  C:22ECH         LINE#         5111
  C:2302H         LINE#         5113
  C:2308H         LINE#         5114
  C:2308H         LINE#         5115
  C:230FH         LINE#         5116
  C:2325H         LINE#         5118
  C:232BH         LINE#         5119
  C:232BH         LINE#         5120
  C:233FH         LINE#         5121
  C:2355H         LINE#         5123
BL51 BANKED LINKER/LOCATER V6.22                                                      09/28/2020  14:12:51  PAGE 29


  C:236EH         LINE#         5125
  C:237CH         LINE#         5127
  -------         ENDPROC       DISPSCALEVER
  -------         PROC          DISPSCALEVER_RED
  -------         DO            
  X:0031H         SYMBOL        i
  X:0033H         SYMBOL        j
  D:0002H         SYMBOL        k
  -------         ENDDO         
  C:2E03H         LINE#         5129
  C:2E03H         LINE#         5130
  C:2E03H         LINE#         5133
  C:2E06H         LINE#         5135
  C:2E08H         LINE#         5137
  C:2E0AH         LINE#         5140
  C:2E10H         LINE#         5141
  C:2E10H         LINE#         5142
  C:2E16H         LINE#         5143
  C:2E16H         LINE#         5144
  C:2E1CH         LINE#         5145
  C:2E32H         LINE#         5146
  C:2E39H         LINE#         5148
  C:2E3CH         LINE#         5149
  C:2E3CH         LINE#         5150
  C:2E42H         LINE#         5151
  C:2E42H         LINE#         5153
  C:2E48H         LINE#         5154
  C:2E48H         LINE#         5155
  C:2E5AH         LINE#         5156
  C:2E70H         LINE#         5157
  C:2E86H         LINE#         5159
  C:2E91H         LINE#         5161
  C:2E93H         LINE#         5162
  -------         ENDPROC       DISPSCALEVER_RED
  -------         PROC          DISPSCALEVER_GREEN
  -------         DO            
  X:0035H         SYMBOL        i
  X:0037H         SYMBOL        j
  D:0002H         SYMBOL        k
  -------         ENDDO         
  C:2B99H         LINE#         5164
  C:2B99H         LINE#         5165
  C:2B99H         LINE#         5168
  C:2B9CH         LINE#         5170
  C:2B9EH         LINE#         5171
  C:2BA0H         LINE#         5174
  C:2BA6H         LINE#         5175
  C:2BA6H         LINE#         5176
  C:2BACH         LINE#         5177
  C:2BACH         LINE#         5178
  C:2BB2H         LINE#         5180
  C:2BC8H         LINE#         5181
  C:2BCFH         LINE#         5183
  C:2BD2H         LINE#         5184
  C:2BD2H         LINE#         5185
  C:2BD8H         LINE#         5186
  C:2BD8H         LINE#         5188
BL51 BANKED LINKER/LOCATER V6.22                                                      09/28/2020  14:12:51  PAGE 30


  C:2BDEH         LINE#         5189
  C:2BDEH         LINE#         5191
  C:2BFFH         LINE#         5192
  C:2C15H         LINE#         5193
  C:2C2BH         LINE#         5195
  C:2C36H         LINE#         5197
  C:2C38H         LINE#         5198
  -------         ENDPROC       DISPSCALEVER_GREEN
  -------         PROC          DISPSCALEVER_BLUE
  -------         DO            
  X:0039H         SYMBOL        i
  X:003BH         SYMBOL        j
  D:0002H         SYMBOL        k
  -------         ENDDO         
  C:3041H         LINE#         5200
  C:3041H         LINE#         5201
  C:3041H         LINE#         5204
  C:3044H         LINE#         5206
  C:3046H         LINE#         5207
  C:3048H         LINE#         5210
  C:304EH         LINE#         5211
  C:304EH         LINE#         5212
  C:3054H         LINE#         5213
  C:3054H         LINE#         5214
  C:305AH         LINE#         5215
  C:3070H         LINE#         5216
  C:3077H         LINE#         5218
  C:307AH         LINE#         5219
  C:307AH         LINE#         5220
  C:3080H         LINE#         5221
  C:3080H         LINE#         5223
  C:3086H         LINE#         5224
  C:3086H         LINE#         5225
  C:308DH         LINE#         5226
  C:30A3H         LINE#         5227
  C:30B9H         LINE#         5229
  C:30C4H         LINE#         5231
  C:30C6H         LINE#         5232
  -------         ENDPROC       DISPSCALEVER_BLUE
  -------         PROC          DISPSCALEVER_GRAY
  -------         DO            
  X:003DH         SYMBOL        i
  X:003FH         SYMBOL        j
  D:0002H         SYMBOL        k
  -------         ENDDO         
  C:2E94H         LINE#         5234
  C:2E94H         LINE#         5235
  C:2E94H         LINE#         5238
  C:2E97H         LINE#         5240
  C:2E99H         LINE#         5245
  C:2E9FH         LINE#         5246
  C:2E9FH         LINE#         5247
  C:2EA5H         LINE#         5248
  C:2EA5H         LINE#         5249
  C:2EABH         LINE#         5251
  C:2EC1H         LINE#         5252
  C:2EC8H         LINE#         5254
BL51 BANKED LINKER/LOCATER V6.22                                                      09/28/2020  14:12:51  PAGE 31


  C:2ECBH         LINE#         5255
  C:2ECBH         LINE#         5256
  C:2ED1H         LINE#         5257
  C:2ED1H         LINE#         5259
  C:2ED7H         LINE#         5260
  C:2ED7H         LINE#         5261
  C:2EEBH         LINE#         5262
  C:2F01H         LINE#         5263
  C:2F17H         LINE#         5265
  C:2F22H         LINE#         5267
  C:2F24H         LINE#         5268
  -------         ENDPROC       DISPSCALEVER_GRAY
  -------         PROC          DISPGRAYHOR16
  -------         DO            
  X:005CH         SYMBOL        i
  D:0002H         SYMBOL        j
  X:005EH         SYMBOL        k
  -------         ENDDO         
  C:2C39H         LINE#         5270
  C:2C39H         LINE#         5271
  C:2C39H         LINE#         5274
  C:2C3CH         LINE#         5276
  C:2C3EH         LINE#         5277
  C:2C40H         LINE#         5279
  C:2C46H         LINE#         5280
  C:2C46H         LINE#         5281
  C:2C4FH         LINE#         5282
  C:2C4FH         LINE#         5283
  C:2C55H         LINE#         5284
  C:2C5CH         LINE#         5286
  C:2C5FH         LINE#         5287
  C:2C5FH         LINE#         5288
  C:2C65H         LINE#         5289
  C:2C65H         LINE#         5290
  C:2C97H         LINE#         5291
  C:2CADH         LINE#         5292
  C:2CB8H         LINE#         5293
  C:2CD1H         LINE#         5295
  C:2CD3H         LINE#         5296
  -------         ENDPROC       DISPGRAYHOR16
  -------         PROC          DISPGRAYHOR32
  -------         DO            
  X:0041H         SYMBOL        i
  D:0002H         SYMBOL        j
  X:0043H         SYMBOL        k
  -------         ENDDO         
  C:31CAH         LINE#         5298
  C:31CAH         LINE#         5299
  C:31CAH         LINE#         5302
  C:31CDH         LINE#         5304
  C:31CFH         LINE#         5306
  C:31D5H         LINE#         5307
  C:31D5H         LINE#         5308
  C:31D8H         LINE#         5309
  C:31D8H         LINE#         5310
  C:31DEH         LINE#         5311
  C:31E9H         LINE#         5313
BL51 BANKED LINKER/LOCATER V6.22                                                      09/28/2020  14:12:51  PAGE 32


  C:31ECH         LINE#         5314
  C:31ECH         LINE#         5315
  C:31F2H         LINE#         5316
  C:31F2H         LINE#         5317
  C:3206H         LINE#         5318
  C:321CH         LINE#         5319
  C:3227H         LINE#         5320
  C:323DH         LINE#         5322
  C:323FH         LINE#         5323
  -------         ENDPROC       DISPGRAYHOR32
  -------         PROC          DISPSCALEHOR2
  -------         DO            
  X:0045H         SYMBOL        j
  D:0002H         SYMBOL        k
  -------         ENDDO         
  C:1832H         LINE#         5325
  C:1832H         LINE#         5326
  C:1832H         LINE#         5329
  C:1835H         LINE#         5331
  C:1835H         LINE#         5332
  C:1835H         LINE#         5333
  C:183BH         LINE#         5334
  C:1858H         LINE#         5335
  C:1863H         LINE#         5336
  C:1866H         LINE#         5337
  C:1866H         LINE#         5338
  C:186CH         LINE#         5339
  C:1889H         LINE#         5340
  C:1894H         LINE#         5341
  C:1897H         LINE#         5342
  C:1897H         LINE#         5343
  C:189DH         LINE#         5344
  C:18BAH         LINE#         5345
  C:18C5H         LINE#         5346
  C:18C8H         LINE#         5347
  C:18C8H         LINE#         5348
  C:18CEH         LINE#         5349
  C:18EBH         LINE#         5350
  C:18F6H         LINE#         5351
  C:18F9H         LINE#         5352
  C:18F9H         LINE#         5353
  C:18FFH         LINE#         5354
  C:191CH         LINE#         5355
  C:1927H         LINE#         5356
  C:192AH         LINE#         5357
  C:192AH         LINE#         5358
  C:1930H         LINE#         5359
  C:194DH         LINE#         5360
  C:1958H         LINE#         5361
  C:195BH         LINE#         5362
  C:195BH         LINE#         5363
  C:1961H         LINE#         5364
  C:197EH         LINE#         5365
  C:1989H         LINE#         5366
  C:198CH         LINE#         5367
  C:198CH         LINE#         5368
  C:1992H         LINE#         5369
BL51 BANKED LINKER/LOCATER V6.22                                                      09/28/2020  14:12:51  PAGE 33


  C:19AEH         LINE#         5370
  C:19B9H         LINE#         5371
  C:19C2H         LINE#         5372
  C:19C2H         LINE#         5373
  C:19C8H         LINE#         5374
  C:19E4H         LINE#         5375
  C:19EBH         LINE#         5377
  -------         ENDPROC       DISPSCALEHOR2
  -------         PROC          _TOORD
  D:0007H         SYMBOL        ch
  C:346BH         LINE#         5482
  C:346BH         LINE#         5483
  C:346BH         LINE#         5484
  C:3471H         LINE#         5485
  C:3471H         LINE#         5486
  C:3473H         LINE#         5487
  C:3475H         LINE#         5488
  C:3481H         LINE#         5489
  C:3481H         LINE#         5490
  C:3485H         LINE#         5491
  C:3487H         LINE#         5492
  C:3493H         LINE#         5493
  C:3493H         LINE#         5494
  C:3497H         LINE#         5495
  C:3499H         LINE#         5496
  C:34A5H         LINE#         5497
  C:34A5H         LINE#         5498
  C:34A9H         LINE#         5499
  C:34ABH         LINE#         5500
  C:34B7H         LINE#         5501
  C:34B7H         LINE#         5502
  C:34BBH         LINE#         5503
  C:34BDH         LINE#         5504
  C:34C3H         LINE#         5505
  C:34C3H         LINE#         5506
  C:34C5H         LINE#         5507
  C:34C5H         LINE#         5509
  C:34C5H         LINE#         5510
  -------         ENDPROC       _TOORD
  C:2767H         SYMBOL        L?0440
  C:277FH         SYMBOL        L?0441
  -------         PROC          L?0439
  -------         ENDPROC       L?0439
  C:2767H         SYMBOL        L?0440
  C:277FH         SYMBOL        L?0441
  -------         PROC          _DISPONECHAR
  X:0070H         SYMBOL        ord
  D:0006H         SYMBOL        Xstart
  D:0002H         SYMBOL        Ystart
  X:0075H         SYMBOL        TextColor
  X:0077H         SYMBOL        BackColor
  -------         DO            
  X:0079H         SYMBOL        i
  D:0002H         SYMBOL        j
  X:007AH         SYMBOL        p
  D:0003H         SYMBOL        dat
  D:0006H         SYMBOL        index
BL51 BANKED LINKER/LOCATER V6.22                                                      09/28/2020  14:12:51  PAGE 34


  -------         ENDDO         
  C:278FH         LINE#         5512
  C:2797H         LINE#         5513
  C:2797H         LINE#         5519
  C:27B1H         LINE#         5521
  C:27B7H         LINE#         5523
  C:27BFH         LINE#         5524
  C:27C1H         LINE#         5526
  C:27CFH         LINE#         5528
  C:27DCH         LINE#         5529
  C:27E3H         LINE#         5531
  C:27E7H         LINE#         5532
  C:27E7H         LINE#         5533
  C:27FCH         LINE#         5534
  C:27FEH         LINE#         5535
  C:27FEH         LINE#         5536
  C:280BH         LINE#         5537
  C:280BH         LINE#         5538
  C:280DH         LINE#         5539
  C:280FH         LINE#         5541
  C:280FH         LINE#         5542
  C:2819H         LINE#         5543
  C:2819H         LINE#         5544
  C:281EH         LINE#         5545
  C:2829H         LINE#         5546
  -------         ENDPROC       _DISPONECHAR
  -------         PROC          _DISPSTR
  X:0065H         SYMBOL        str
  X:0068H         SYMBOL        Xstart
  X:006AH         SYMBOL        Ystart
  X:006CH         SYMBOL        TextColor
  X:006EH         SYMBOL        BackColor
  C:2D6DH         LINE#         5548
  C:2D7DH         LINE#         5549
  C:2D7DH         LINE#         5551
  C:2D92H         LINE#         5552
  C:2D92H         LINE#         5553
  C:2DCDH         LINE#         5555
  C:2DD9H         LINE#         5556
  C:2DD9H         LINE#         5557
  C:2DDDH         LINE#         5558
  C:2DE2H         LINE#         5559
  C:2DE4H         LINE#         5561
  C:2DE4H         LINE#         5562
  C:2DEFH         LINE#         5563
  C:2DEFH         LINE#         5565
  C:2DFBH         LINE#         5566
  C:2DFBH         LINE#         5567
  C:2DFFH         LINE#         5568
  C:2DFFH         LINE#         5569
  C:2E02H         LINE#         5571
  -------         ENDPROC       _DISPSTR
  -------         PROC          _DISPINT
  X:0065H         SYMBOL        i
  X:0067H         SYMBOL        Xstart
  X:0069H         SYMBOL        Ystart
  X:006BH         SYMBOL        TextColor
BL51 BANKED LINKER/LOCATER V6.22                                                      09/28/2020  14:12:51  PAGE 35


  X:006DH         SYMBOL        BackColor
  C:28E1H         LINE#         5573
  C:28F6H         LINE#         5574
  C:28F6H         LINE#         5575
[...]
  C:12E3H         LINE#         315
  C:12E3H         LINE#         316
  C:12E9H         LINE#         317
  C:12F8H         LINE#         318
  C:12F8H         LINE#         319
  C:12FDH         LINE#         320
  C:1300H         LINE#         321
  C:130FH         LINE#         322
  C:130FH         LINE#         323
  C:1324H         LINE#         324
  C:1329H         LINE#         325
  C:1331H         LINE#         326
  C:133BH         LINE#         327
  C:1349H         LINE#         328
  C:1357H         LINE#         329
  C:1359H         LINE#         331
  C:1359H         LINE#         332
  C:135EH         LINE#         333
  C:1361H         LINE#         334
  C:1379H         LINE#         335
  C:1379H         LINE#         336
  C:1392H         LINE#         337
  C:1397H         LINE#         338
  C:139FH         LINE#         339
  C:13A6H         LINE#         340
  C:13ABH         LINE#         341
  C:13ABH         LINE#         342
  C:13BFH         LINE#         343
  C:13BFH         LINE#         344
  C:13C6H         LINE#         345
  C:13CBH         LINE#         346
  C:13CBH         LINE#         347
  C:13D9H         LINE#         348
  C:13D9H         LINE#         349
  -------         ENDPROC       USBXCORE_HANDLE_SETUP
  -------         PROC          USBXCORE_FORCE_STALL
  C:392CH         LINE#         356
  C:392CH         LINE#         358
  C:3937H         LINE#         359
  C:3942H         LINE#         360
  C:3948H         LINE#         361
  -------         ENDPROC       USBXCORE_FORCE_STALL
  -------         PROC          USBXCORE_GET_STATUS
  C:3328H         LINE#         367
  C:3328H         LINE#         369
  C:3337H         LINE#         370
  C:3337H         LINE#         371
  C:3337H         LINE#         372
  C:3337H         LINE#         373
  C:3337H         LINE#         374
  C:3339H         LINE#         375
  C:3339H         LINE#         379
  C:3339H         LINE#         381
  C:3347H         LINE#         385
  C:3347H         LINE#         386
  C:3347H         LINE#         387
BL51 BANKED LINKER/LOCATER V6.22                                                      09/28/2020  14:12:51  PAGE 43


  C:3347H         LINE#         388
  C:3349H         LINE#         390
  C:3349H         LINE#         392
  C:3357H         LINE#         396
  C:3357H         LINE#         397
  C:3364H         LINE#         398
  C:3364H         LINE#         399
  C:3366H         LINE#         401
  C:3366H         LINE#         402
  C:3374H         LINE#         403
  C:337DH         LINE#         404
  C:337DH         LINE#         405
  C:337DH         LINE#         406
  C:337FH         LINE#         407
  C:337FH         LINE#         408
  C:3382H         LINE#         409
  C:3382H         LINE#         410
  C:3382H         LINE#         411
  C:338AH         LINE#         412
  C:338AH         LINE#         413
  C:338DH         LINE#         414
  C:3393H         LINE#         415
  C:339AH         LINE#         416
  C:339AH         LINE#         417
  -------         ENDPROC       USBXCORE_GET_STATUS
  -------         PROC          USBXCORE_CLEAR_FEATURE
  C:3520H         LINE#         423
  C:3520H         LINE#         425
  C:3526H         LINE#         426
  C:3526H         LINE#         428
  C:352DH         LINE#         429
  C:352DH         LINE#         430
  C:3538H         LINE#         436
  C:3543H         LINE#         437
  C:3548H         LINE#         438
  C:354AH         LINE#         440
  C:354AH         LINE#         442
  C:3555H         LINE#         446
  C:3560H         LINE#         447
  C:3565H         LINE#         448
  C:3565H         LINE#         449
  C:3567H         LINE#         451
  C:3567H         LINE#         452
  C:356AH         LINE#         453
  C:356AH         LINE#         454
  C:3575H         LINE#         455
  -------         ENDPROC       USBXCORE_CLEAR_FEATURE
  -------         PROC          USBXCORE_VENDOR_USB_API
  C:2692H         LINE#         462
  C:2692H         LINE#         464
  C:269CH         LINE#         465
  C:269CH         LINE#         466
  C:26A3H         LINE#         467
  C:26A3H         LINE#         468
  C:26A6H         LINE#         469
  C:26A9H         LINE#         470
  C:26ABH         LINE#         472
BL51 BANKED LINKER/LOCATER V6.22                                                      09/28/2020  14:12:51  PAGE 44


  C:26ABH         LINE#         473
  C:26B2H         LINE#         474
  C:26B2H         LINE#         477
  C:26BDH         LINE#         482
  C:26C8H         LINE#         483
  C:26D3H         LINE#         485
  C:26D3H         LINE#         486
  C:26E6H         LINE#         487
  C:26E6H         LINE#         488
  C:26EAH         LINE#         489
  C:26F5H         LINE#         491
  C:26F5H         LINE#         492
  C:2708H         LINE#         493
  C:2708H         LINE#         494
  C:270CH         LINE#         495
  C:2717H         LINE#         497
  C:271DH         LINE#         498
  C:2725H         LINE#         499
  C:2725H         LINE#         500
  C:2728H         LINE#         501
  C:2728H         LINE#         502
  C:2728H         LINE#         503
  C:2733H         LINE#         504
  C:2733H         LINE#         505
  C:2739H         LINE#         506
  C:2740H         LINE#         507
  C:2740H         LINE#         508
  C:2744H         LINE#         509
  C:2744H         LINE#         510
  C:274AH         LINE#         511
  C:2751H         LINE#         512
  C:2751H         LINE#         513
  C:275CH         LINE#         514
  -------         ENDPROC       USBXCORE_VENDOR_USB_API
  -------         PROC          USBXCORE_SET_FEATURE
  C:3578H         LINE#         521
  C:3578H         LINE#         523
  C:357EH         LINE#         524
  C:357EH         LINE#         526
  C:3585H         LINE#         527
  C:3585H         LINE#         528
  C:3590H         LINE#         534
  C:359BH         LINE#         535
  C:359EH         LINE#         536
  C:35A0H         LINE#         538
  C:35A0H         LINE#         540
  C:35ABH         LINE#         544
  C:35B6H         LINE#         545
  C:35BCH         LINE#         546
  C:35BCH         LINE#         548
  C:35BEH         LINE#         550
  C:35BEH         LINE#         551
  C:35C1H         LINE#         552
  C:35C1H         LINE#         553
  C:35CCH         LINE#         554
  -------         ENDPROC       USBXCORE_SET_FEATURE
  -------         PROC          USBXCORE_SET_ADDRESS
BL51 BANKED LINKER/LOCATER V6.22                                                      09/28/2020  14:12:51  PAGE 45


  C:38EDH         LINE#         561
  C:38EDH         LINE#         563
  C:38FCH         LINE#         564
  C:3902H         LINE#         565
  C:3902H         LINE#         566
  C:3905H         LINE#         567
  C:3907H         LINE#         569
  C:3907H         LINE#         570
  C:390AH         LINE#         571
  C:390AH         LINE#         572
  -------         ENDPROC       USBXCORE_SET_ADDRESS
  -------         PROC          USBXCORE_GET_DESCRIPTOR
  C:2994H         LINE#         579
  C:2994H         LINE#         580
  C:29A3H         LINE#         581
  C:29A3H         LINE#         582
  C:29A3H         LINE#         583
  C:29B1H         LINE#         584
  C:29B5H         LINE#         585
  C:29B7H         LINE#         586
  C:29B7H         LINE#         587
  C:29C5H         LINE#         588
  C:29D8H         LINE#         589
  C:29DAH         LINE#         590
  C:29DAH         LINE#         591
  C:29FEH         LINE#         592
  C:2A0AH         LINE#         593
  C:2A0CH         LINE#         594
  C:2A0CH         LINE#         595
  C:2A0FH         LINE#         596
  C:2A0FH         LINE#         597
  C:2A0FH         LINE#         598
  C:2A25H         LINE#         599
  C:2A25H         LINE#         600
  C:2A2DH         LINE#         601
  C:2A2DH         LINE#         602
  C:2A35H         LINE#         603
  C:2A35H         LINE#         604
  C:2A38H         LINE#         605
  C:2A3EH         LINE#         606
  C:2A45H         LINE#         607
  C:2A45H         LINE#         608
  -------         ENDPROC       USBXCORE_GET_DESCRIPTOR
  -------         PROC          USBXCORE_GET_CONFIGURATION
  C:36C6H         LINE#         614
  C:36C6H         LINE#         616
  C:36CEH         LINE#         617
  C:36CEH         LINE#         618
  C:36DAH         LINE#         619
  C:36E2H         LINE#         620
  C:36E2H         LINE#         621
  C:36E6H         LINE#         622
  C:36E6H         LINE#         623
  C:36F4H         LINE#         624
  C:36FCH         LINE#         625
  C:36FCH         LINE#         626
  C:36FFH         LINE#         627
BL51 BANKED LINKER/LOCATER V6.22                                                      09/28/2020  14:12:51  PAGE 46


  C:3705H         LINE#         628
  C:370CH         LINE#         629
  -------         ENDPROC       USBXCORE_GET_CONFIGURATION
  -------         PROC          USBXCORE_SET_CONFIGURATION
  C:34C6H         LINE#         635
  C:34C6H         LINE#         637
  C:34CFH         LINE#         638
  C:34CFH         LINE#         639
  C:34D6H         LINE#         640
  C:34DCH         LINE#         641
  C:34E1H         LINE#         642
  C:34E3H         LINE#         644
  C:34EEH         LINE#         645
  C:34F9H         LINE#         646
  C:3504H         LINE#         653
  C:350FH         LINE#         654
  C:3511H         LINE#         656
  C:3511H         LINE#         657
  C:3517H         LINE#         658
  C:351BH         LINE#         659
  C:351DH         LINE#         660
  C:351DH         LINE#         661
  -------         ENDPROC       USBXCORE_SET_CONFIGURATION
  -------         PROC          USBXCORE_GET_INTERFACE
  C:385EH         LINE#         668
  C:385EH         LINE#         670
  C:386CH         LINE#         671
  C:3874H         LINE#         672
  C:3877H         LINE#         673
  C:387DH         LINE#         674
  C:3884H         LINE#         675
  -------         ENDPROC       USBXCORE_GET_INTERFACE
  -------         PROC          USBXCORE_SET_SOP
  C:39A6H         LINE#         682
  C:39A6H         LINE#         684
  C:39AEH         LINE#         685
  C:39AEH         LINE#         686
  C:39B9H         LINE#         687
  C:39B9H         LINE#         688
  -------         ENDPROC       USBXCORE_SET_SOP
  -------         PROC          USBXCORE_USB_ISR
  C:1E90H         LINE#         699
  C:1EADH         LINE#         702
  C:1EB3H         LINE#         703
  C:1EC6H         LINE#         706
  C:1ED9H         LINE#         709
  C:1EDDH         LINE#         710
  C:1EDDH         LINE#         711
  C:1EE8H         LINE#         712
  C:1EE8H         LINE#         714
  C:1EEFH         LINE#         715
  C:1EEFH         LINE#         716
  C:1EF2H         LINE#         717
  C:1EF2H         LINE#         719
  C:1EF9H         LINE#         720
  C:1EF9H         LINE#         721
  C:1F06H         LINE#         722
BL51 BANKED LINKER/LOCATER V6.22                                                      09/28/2020  14:12:51  PAGE 47


  C:1F06H         LINE#         723
  C:1F0DH         LINE#         724
  C:1F0DH         LINE#         725
  C:1F0DH         LINE#         727
  C:1F0DH         LINE#         728
  C:1F0DH         LINE#         730
  C:1F0DH         LINE#         732
  C:1F20H         LINE#         734
  C:1F24H         LINE#         735
  C:1F24H         LINE#         736
  C:1F27H         LINE#         737
  C:1F27H         LINE#         740
  C:1F2EH         LINE#         741
  C:1F2EH         LINE#         742
  C:1F39H         LINE#         748
  C:1F4CH         LINE#         749
  C:1F51H         LINE#         750
  C:1F51H         LINE#         751
  C:1F58H         LINE#         752
  C:1F58H         LINE#         754
  C:1F58H         LINE#         756
  C:1F6BH         LINE#         759
  C:1F6FH         LINE#         760
  C:1F6FH         LINE#         761
  C:1F7AH         LINE#         767
  C:1F8DH         LINE#         768
  C:1F91H         LINE#         769
  C:1F91H         LINE#         770
  C:1F98H         LINE#         771
  C:1F98H         LINE#         772
  C:1F98H         LINE#         775
  C:1FA6H         LINE#         776
  C:1FABH         LINE#         777
  C:1FB1H         LINE#         778
  C:1FB6H         LINE#         781
  C:1FC3H         LINE#         782
  C:1FC3H         LINE#         783
  C:1FC6H         LINE#         784
  C:1FC6H         LINE#         785
  -------         ENDPROC       USBXCORE_USB_ISR
  -------         ENDMOD        USB_API

  -------         MODULE        USB_SUSPEND
  C:0000H         SYMBOL        _ICE_DUMMY_
  D:00D7H         PUBLIC        USB0XCN
  D:00C9H         PUBLIC        REG0CN
  C:380CH         PUBLIC        USB_Suspend
  D:00A9H         PUBLIC        CLKSEL
  D:00B2H         PUBLIC        OSCICN
  D:00B9H         PUBLIC        CLKMUL
  -------         PROC          USB_SUSPEND
  C:380CH         LINE#         70
  C:380CH         LINE#         72
  C:380FH         LINE#         74
  C:3812H         LINE#         76
  C:381AH         LINE#         79
  C:381DH         LINE#         80
BL51 BANKED LINKER/LOCATER V6.22                                                      09/28/2020  14:12:51  PAGE 48


  C:3820H         LINE#         81
  C:3823H         LINE#         82
  C:3826H         LINE#         84
  C:3827H         LINE#         86
  C:382AH         LINE#         88
  C:3830H         LINE#         92
  C:3833H         LINE#         94
  C:3836H         LINE#         95
  -------         ENDPROC       USB_SUSPEND
  -------         ENDMOD        USB_SUSPEND

  -------         MODULE        USB_INT_ENABLE
  C:0000H         SYMBOL        _ICE_DUMMY_
  C:3962H         PUBLIC        USB_Int_Enable
  D:0096H         PUBLIC        USB0ADR
  D:0097H         PUBLIC        USB0DAT
  -------         PROC          USB_INT_ENABLE
  C:3962H         LINE#         68
  C:3962H         LINE#         71
  C:3969H         LINE#         73
  C:396FH         LINE#         74
  C:396FH         LINE#         75
  C:397AH         LINE#         77
  C:397AH         LINE#         78
  -------         ENDPROC       USB_INT_ENABLE
  -------         ENDMOD        USB_INT_ENABLE

  -------         MODULE        USB_CLOCK_RECOVERY
  C:0000H         SYMBOL        _ICE_DUMMY_
  C:39ECH         PUBLIC        USBXcore_ClkRec
  D:0096H         PUBLIC        USB0ADR
  D:0097H         PUBLIC        USB0DAT
  -------         PROC          USBXCORE_CLKREC
  C:39ECH         LINE#         45
  C:39ECH         LINE#         47
  C:39F7H         LINE#         48
  -------         ENDPROC       USBXCORE_CLKREC
  -------         ENDMOD        USB_CLOCK_RECOVERY

  -------         MODULE        ?C?FPMUL
  C:0C9AH         PUBLIC        ?C?FPMUL
  -------         ENDMOD        ?C?FPMUL

  -------         MODULE        ?C?FCAST
  C:0DAAH         PUBLIC        ?C?FCASTC
  C:0DA5H         PUBLIC        ?C?FCASTI
  C:0DA0H         PUBLIC        ?C?FCASTL
  -------         ENDMOD        ?C?FCAST

  -------         MODULE        ?C?CASTF
  C:0DDEH         PUBLIC        ?C?CASTF
  -------         ENDMOD        ?C?CASTF

  -------         MODULE        ?C?COPY
  C:0F2FH         PUBLIC        ?C?COPY
  -------         ENDMOD        ?C?COPY

BL51 BANKED LINKER/LOCATER V6.22                                                      09/28/2020  14:12:51  PAGE 49


  -------         MODULE        ?C?CLDPTR
  C:0F55H         PUBLIC        ?C?CLDPTR
  -------         ENDMOD        ?C?CLDPTR

  -------         MODULE        ?C?CLDOPTR
  C:0F6EH         PUBLIC        ?C?CLDOPTR
  -------         ENDMOD        ?C?CLDOPTR

  -------         MODULE        ?C?IMUL
  C:0F9BH         PUBLIC        ?C?IMUL
  -------         ENDMOD        ?C?IMUL

  -------         MODULE        ?C?IILDX
  C:0FADH         PUBLIC        ?C?IILDX
  -------         ENDMOD        ?C?IILDX

  -------         MODULE        ?C?LMUL
  C:0FC3H         PUBLIC        ?C?LMUL
  -------         ENDMOD        ?C?LMUL

  -------         MODULE        ?C?ULDIV
  C:104EH         PUBLIC        ?C?ULDIV
  -------         ENDMOD        ?C?ULDIV

  -------         MODULE        ?C?LNEG
  C:10E0H         PUBLIC        ?C?LNEG
  -------         ENDMOD        ?C?LNEG

  -------         MODULE        ?C?ULCMP
  C:10EEH         PUBLIC        ?C?ULCMP
  -------         ENDMOD        ?C?ULCMP

  -------         MODULE        ?C?ULSHR
  C:10FFH         PUBLIC        ?C?ULSHR
  -------         ENDMOD        ?C?ULSHR

  -------         MODULE        ?C?LSHL
  C:1112H         PUBLIC        ?C?LSHL
  -------         ENDMOD        ?C?LSHL

  -------         MODULE        ?C?LLDIPDATA
  C:112EH         PUBLIC        ?C?LLDIPDATA
  C:1125H         PUBLIC        ?C?LLDIPDATA1
  C:1127H         PUBLIC        ?C?LLDIPDATA8
  -------         ENDMOD        ?C?LLDIPDATA

  -------         MODULE        ?C?LSTXDATA
  C:1145H         PUBLIC        ?C?LSTXDATA
  -------         ENDMOD        ?C?LSTXDATA

  -------         MODULE        ?C?LSTPDATA
  C:1151H         PUBLIC        ?C?LSTPDATA
  -------         ENDMOD        ?C?LSTPDATA

  -------         MODULE        ?C?LSTKXDATA
  C:115DH         PUBLIC        ?C?LSTKXDATA
  -------         ENDMOD        ?C?LSTKXDATA
BL51 BANKED LINKER/LOCATER V6.22                                                      09/28/2020  14:12:51  PAGE 50



  -------         MODULE        ?C?LSTKPDATA
  C:118EH         PUBLIC        ?C?LSTKPDATA
  -------         ENDMOD        ?C?LSTKPDATA

  -------         MODULE        ?C_PBP
  D:0008H         PUBLIC        ?C_PBP
  -------         ENDMOD        ?C_PBP

*** WARNING L14: INCOMPATIBLE MEMORY MODEL
    MODULE:  .\USBX_F34X.LIB (USB_API)
    MODEL:   SMALL

*** WARNING L14: INCOMPATIBLE MEMORY MODEL
    MODULE:  .\USBX_F34X.LIB (USB_SUSPEND)
    MODEL:   SMALL

*** WARNING L14: INCOMPATIBLE MEMORY MODEL
    MODULE:  .\USBX_F34X.LIB (USB_INT_ENABLE)
    MODEL:   SMALL

*** WARNING L14: INCOMPATIBLE MEMORY MODEL
    MODULE:  .\USBX_F34X.LIB (USB_CLOCK_RECOVERY)
    MODEL:   SMALL

*** WARNING L16: UNCALLED SEGMENT, IGNORED FOR OVERLAY PROCESS
    SEGMENT: ?PR?SD_INIT?MMC_SD

*** WARNING L16: UNCALLED SEGMENT, IGNORED FOR OVERLAY PROCESS
    SEGMENT: ?PR?_LCD_READ_IC_ID?LCD

*** WARNING L16: UNCALLED SEGMENT, IGNORED FOR OVERLAY PROCESS
    SEGMENT: ?PR?_DISPPICFROMSD?LCD

*** WARNING L16: UNCALLED SEGMENT, IGNORED FOR OVERLAY PROCESS
    SEGMENT: ?PR?DISPSCALEHOR1?LCD

*** WARNING L16: UNCALLED SEGMENT, IGNORED FOR OVERLAY PROCESS
    SEGMENT: ?PR?DISPSCALEVER?LCD

*** WARNING L16: UNCALLED SEGMENT, IGNORED FOR OVERLAY PROCESS
    SEGMENT: ?PR?DISPSCALEVER_RED?LCD

*** WARNING L16: UNCALLED SEGMENT, IGNORED FOR OVERLAY PROCESS
    SEGMENT: ?PR?DISPSCALEVER_GREEN?LCD

*** WARNING L16: UNCALLED SEGMENT, IGNORED FOR OVERLAY PROCESS
    SEGMENT: ?PR?DISPSCALEVER_BLUE?LCD

*** WARNING L16: UNCALLED SEGMENT, IGNORED FOR OVERLAY PROCESS
    SEGMENT: ?PR?DISPSCALEVER_GRAY?LCD

*** WARNING L16: UNCALLED SEGMENT, IGNORED FOR OVERLAY PROCESS
    SEGMENT: ?PR?DISPGRAYHOR32?LCD

*** WARNING L16: UNCALLED SEGMENT, IGNORED FOR OVERLAY PROCESS
    SEGMENT: ?PR?DISPSCALEHOR2?LCD
BL51 BANKED LINKER/LOCATER V6.22                                                      09/28/2020  14:12:51  PAGE 51



*** WARNING L16: UNCALLED SEGMENT, IGNORED FOR OVERLAY PROCESS
    SEGMENT: ?PR?_DRAWGIRD?LCD

*** WARNING L15: MULTIPLE CALL TO SEGMENT
    SEGMENT: ?PR?_WRITECOMM?LCD
    CALLER1: ?PR?USB_API_TEST_ISR?MAIN
    CALLER2: ?C_C51STARTUP

*** WARNING L15: MULTIPLE CALL TO SEGMENT
    SEGMENT: ?PR?_WRITEDATA?LCD
    CALLER1: ?PR?USB_API_TEST_ISR?MAIN
    CALLER2: ?C_C51STARTUP

Program Size: data=10.0 xdata=1222 code=14856
LINK/LOCATE RUN COMPLETE.  18 WARNING(S),  0 ERROR(S)
