BL51 BANKED LINKER/LOCATER V6.22                                                        04/30/2019  09:30:44  PAGE 1


BL51 BANKED LINKER/LOCATER V6.22, INVOKED BY:
C:\KEIL\C51\BIN\BL51.EXE main.obj, mmc_sd.obj, lcd.obj, tp.obj, .\USBX_F34X.LIB TO ST7789V_CTC28_H8 RAMSIZE (256)


MEMORY MODEL: SMALL


INPUT MODULES INCLUDED:
  main.obj (MAIN)
  mmc_sd.obj (MMC_SD)
  lcd.obj (LCD)
  tp.obj (TP)
  .\USBX_F34X.LIB (USB_API)
  .\USBX_F34X.LIB (USB_CLOCK_START)
  .\USBX_F34X.LIB (USB_SUSPEND)
  .\USBX_F34X.LIB (GET_INTERRUPT_SOURCE)
  .\USBX_F34X.LIB (BLOCK_READ)
  .\USBX_F34X.LIB (BLOCK_WRITE)
  .\USBX_F34X.LIB (USB_INT_ENABLE)
  .\USBX_F34X.LIB (USB_CLOCK_RECOVERY)
  .\USBX_F34X.LIB (USB_JUMP_ISR)
  C:\KEIL\C51\LIB\C51S.LIB (?C_STARTUP)
  C:\KEIL\C51\LIB\C51S.LIB (?C?COPY)
  C:\KEIL\C51\LIB\C51S.LIB (?C?CLDPTR)
  C:\KEIL\C51\LIB\C51S.LIB (?C?CLDOPTR)
  C:\KEIL\C51\LIB\C51S.LIB (?C?IMUL)
  C:\KEIL\C51\LIB\C51S.LIB (?C?IILDX)
  C:\KEIL\C51\LIB\C51S.LIB (?C?LMUL)
  C:\KEIL\C51\LIB\C51S.LIB (?C?ULDIV)
  C:\KEIL\C51\LIB\C51S.LIB (?C?ULCMP)
  C:\KEIL\C51\LIB\C51S.LIB (?C?ULSHR)
  C:\KEIL\C51\LIB\C51S.LIB (?C?LSHL)
  C:\KEIL\C51\LIB\C51S.LIB (?C?LLDIIDATA)
  C:\KEIL\C51\LIB\C51S.LIB (?C?LSTXDATA)
  C:\KEIL\C51\LIB\C51S.LIB (?C?LSTKXDATA)
  C:\KEIL\C51\LIB\C51S.LIB (?C_IBP)
  C:\KEIL\C51\LIB\C51S.LIB (?C_INIT)


LINK MAP OF MODULE:  ST7789V_CTC28_H8 (MAIN)


            TYPE    BASE      LENGTH    RELOCATION   SEGMENT NAME
            -----------------------------------------------------

            * * * * * * *   D A T A   M E M O R Y   * * * * * * *
            REG     0000H     0008H     ABSOLUTE     "REG BANK 0"
            DATA    0008H     0027H     UNIT         _DATA_GROUP_
            DATA    002FH     0010H     UNIT         ?DT?MAIN
            DATA    003FH     000DH     UNIT         ?DT?_DISPPICFROMSD?LCD
            DATA    004CH     000AH     UNIT         ?DT?_DRAWLINE?LCD
            DATA    0056H     0004H     UNIT         ?DT?_MMC_SD_READSINGLEBLOCK?MMC_SD
            DATA    005AH     0004H     UNIT         ?DT?DISPSCALEHOR1?LCD
            DATA    005EH     0004H     UNIT         ?DT?DISPSCALEVER?LCD
            DATA    0062H     0004H     UNIT         ?DT?DISPSCALEVER_RED?LCD
            DATA    0066H     0004H     UNIT         ?DT?DISPSCALEVER_GREEN?LCD
            DATA    006AH     0004H     UNIT         ?DT?DISPSCALEVER_GRAY?LCD
            DATA    006EH     0004H     UNIT         ?DT?DISPGRAYHOR32?LCD
BL51 BANKED LINKER/LOCATER V6.22                                                      04/30/2019  09:30:44  PAGE 2


            DATA    0072H     0004H     UNIT         ?DT?_DRAWGIRD?LCD
            DATA    0076H     0002H     UNIT         ?DT?DISPSCALEVER_BLUE?LCD
            DATA    0078H     0002H     UNIT         ?DT?LCD
            DATA    007AH     0001H     UNIT         ?C?LIB_DATA
            IDATA   007BH     0001H     UNIT         ?STACK

            * * * * * * *  X D A T A   M E M O R Y  * * * * * * *
            XDATA   0000H     0200H     UNIT         ?XD?MMC_SD
            XDATA   0200H     0058H     UNIT         _XDATA_GROUP_
            XDATA   0258H     0040H     UNIT         ?XD?MAIN
                    0298H     03A8H                  *** GAP ***
            XDATA   0640H     0100H     ABSOLUTE     
            XDATA   0740H     0012H     ABSOLUTE     
            XDATA   0752H     0020H     ABSOLUTE     
            XDATA   0772H     000CH     ABSOLUTE     
            XDATA   077EH     0008H     ABSOLUTE     
            XDATA   0786H     0001H     ABSOLUTE     
            XDATA   0787H     0003H     ABSOLUTE     
            XDATA   078AH     0002H     ABSOLUTE     
            XDATA   078CH     0002H     ABSOLUTE     
            XDATA   078EH     0003H     ABSOLUTE     
            XDATA   0791H     0001H     ABSOLUTE     
            XDATA   0792H     0001H     ABSOLUTE     
            XDATA   0793H     0001H     ABSOLUTE     
            XDATA   0794H     0001H     ABSOLUTE     
            XDATA   0795H     0002H     ABSOLUTE     
            XDATA   0797H     0002H     ABSOLUTE     
            XDATA   0799H     0001H     ABSOLUTE     
            XDATA   079AH     0001H     ABSOLUTE     
            XDATA   079BH     0001H     ABSOLUTE     
            XDATA   079CH     0001H     ABSOLUTE     
            XDATA   079DH     0001H     ABSOLUTE     
            XDATA   079EH     0001H     ABSOLUTE     
            XDATA   079FH     0002H     ABSOLUTE     
            XDATA   07A1H     0001H     ABSOLUTE     
            XDATA   07A2H     0001H     ABSOLUTE     
            XDATA   07A3H     000CH     ABSOLUTE     
                    07AFH     0011H                  *** GAP ***
            XDATA   07C0H     0040H     ABSOLUTE     

            * * * * * * *   C O D E   M E M O R Y   * * * * * * *
            CODE    0000H     0003H     ABSOLUTE     
            CODE    0003H     003AH     UNIT         ?CO?USB_API
            CODE    003DH     0003H     UNIT         ?PR?SUSPEND_DEVICE?MAIN
                    0040H     0003H                  *** GAP ***
            CODE    0043H     0003H     ABSOLUTE     
            CODE    0046H     0042H     UNIT         ?PR?MCU_INIT?MAIN
                    0088H     0003H                  *** GAP ***
            CODE    008BH     0003H     ABSOLUTE     
            CODE    008EH     0600H     UNIT         ?CO?LCD
            CODE    068EH     05A1H     UNIT         ?PR?CONNTOUSB?MAIN
            CODE    0C2FH     0315H     UNIT         ?C?LIB_CODE
            CODE    0F44H     0233H     UNIT         ?PR?USBXCORE_HANDLE_SETUP?USB_API
            CODE    1177H     01CBH     UNIT         ?PR?DISPSCALEHOR1?LCD
            CODE    1342H     01BBH     UNIT         ?PR?TP_DRAWLINE?TP
            CODE    14FDH     0151H     UNIT         ?PR?USBXCORE_USB_ISR?USB_API
            CODE    164EH     014DH     UNIT         ?PR?LCD_INIT?LCD
BL51 BANKED LINKER/LOCATER V6.22                                                      04/30/2019  09:30:44  PAGE 3


            CODE    179BH     014CH     UNIT         ?PR?DISPBAND?LCD
            CODE    18E7H     013CH     UNIT         ?PR?DISPSCALEHOR2?LCD
            CODE    1A23H     0137H     UNIT         ?PR?_USB_INIT?USB_API
            CODE    1B5AH     0128H     UNIT         ?PR?_LCD_READ_IC_ID?LCD
            CODE    1C82H     011BH     UNIT         ?PR?_TP_GETPOSITION?TP
            CODE    1D9DH     0111H     UNIT         ?PR?_BLOCK_WRITE?BLOCK_WRITE
            CODE    1EAEH     010EH     UNIT         ?PR?USB_API_TEST_ISR?MAIN
            CODE    1FBCH     0104H     UNIT         ?PR?DISPSCALEVER?LCD
            CODE    20C0H     00CDH     UNIT         ?PR?USBXCORE_VENDOR_USB_API?USB_API
            CODE    218DH     00B5H     UNIT         ?PR?_DISPPICFROMSD?LCD
            CODE    2242H     00B3H     UNIT         ?PR?MMC_SD_RESET?MMC_SD
            CODE    22F5H     00B2H     UNIT         ?PR?USBXCORE_GET_DESCRIPTOR?USB_API
            CODE    23A7H     00AFH     UNIT         ?PR?_BLOCK_READ?BLOCK_READ
            CODE    2456H     00A4H     UNIT         ?PR?_DISPONECHAR?LCD
            CODE    24FAH     0096H     UNIT         ?PR?_?BLOCKWRITE?LCD
            CODE    2590H     0095H     UNIT         ?PR?DISPFRAME?LCD
            CODE    2625H     0095H     UNIT         ?PR?_DISPINT?LCD
            CODE    26BAH     008EH     UNIT         ?PR?DISPSCALEVER_GREEN?LCD
            CODE    2748H     008CH     UNIT         ?C_C51STARTUP
            CODE    27D4H     0089H     UNIT         ?PR?DISPGRAYHOR16?LCD
            CODE    285DH     0082H     UNIT         ?PR?_DISPSTR?LCD
            CODE    28DFH     007FH     UNIT         ?PR?DISPSCALEVER_RED?LCD
            CODE    295EH     007FH     UNIT         ?PR?DISPSCALEVER_GRAY?LCD
            CODE    29DDH     007EH     UNIT         ?PR?_MMC_SD_WRITESINGLEBLOCK?MMC_SD
            CODE    2A5BH     0075H     UNIT         ?PR?_DRAWGIRD?LCD
            CODE    2AD0H     0073H     UNIT         ?PR?TP_READ?TP
            CODE    2B43H     0073H     UNIT         ?PR?USBXCORE_GET_STATUS?USB_API
            CODE    2BB6H     006CH     UNIT         ?PR?DEVICES_INIT?MAIN
            CODE    2C22H     006AH     UNIT         ?PR?DISPGRAYHOR32?LCD
            CODE    2C8CH     0065H     UNIT         ?PR?_MMC_SD_READSINGLEBLOCK?MMC_SD
            CODE    2CF1H     0064H     UNIT         ?PR?DISPSCALEVER_BLUE?LCD
            CODE    2D55H     0064H     UNIT         ?PR?_DRAWLINE?LCD
            CODE    2DB9H     0061H     UNIT         ?PR?_MMC_SD_SENDCOMMAND?MMC_SD
            CODE    2E1AH     005BH     UNIT         ?PR?_TOORD?LCD
            CODE    2E75H     005AH     UNIT         ?PR?USBXCORE_SET_CONFIGURATION?USB_API
            CODE    2ECFH     0058H     UNIT         ?PR?USBXCORE_CLEAR_FEATURE?USB_API
            CODE    2F27H     0057H     UNIT         ?PR?USBXCORE_SET_FEATURE?USB_API
            CODE    2F7EH     0050H     UNIT         ?CO?MAIN
            CODE    2FCEH     004CH     UNIT         ?PR?_STOPDELAY?MAIN
            CODE    301AH     0047H     UNIT         ?PR?USBXCORE_GET_CONFIGURATION?USB_API
            CODE    3061H     0042H     UNIT         ?PR?_PUTPIXEL?LCD
            CODE    30A3H     0038H     UNIT         ?PR?USB_CLOCK_START?USB_CLOCK_START
            CODE    30DBH     002DH     UNIT         ?C_INITSEG
            CODE    3108H     002BH     UNIT         ?PR?MAIN?MAIN
            CODE    3133H     002BH     UNIT         ?PR?USB_SUSPEND?USB_SUSPEND
            CODE    315EH     002AH     UNIT         ?PR?_WRITEDISPDATA?LCD
            CODE    3188H     0027H     UNIT         ?PR?_DISPCOLOR?LCD
            CODE    31AFH     0027H     UNIT         ?PR?USBXCORE_USB_RESET?USB_API
            CODE    31D6H     0027H     UNIT         ?PR?USBXCORE_GET_INTERFACE?USB_API
            CODE    31FDH     0026H     UNIT         ?PR?_TP_WRITE?TP
            CODE    3223H     0022H     UNIT         ?PR?USBXCORE_JUMP_ISR?USB_JUMP_ISR
            CODE    3245H     0020H     UNIT         ?PR?USBXCORE_SET_ADDRESS?USB_API
            CODE    3265H     001FH     UNIT         ?PR?_DELAY?MAIN
            CODE    3284H     001DH     UNIT         ?PR?USBXCORE_FORCE_STALL?USB_API
            CODE    32A1H     001AH     UNIT         ?PR?_WRITECOMM?LCD
            CODE    32BBH     0019H     UNIT         ?PR?_WRITEDATA?LCD
            CODE    32D4H     0019H     UNIT         ?PR?USB_INT_ENABLE?USB_INT_ENABLE
BL51 BANKED LINKER/LOCATER V6.22                                                      04/30/2019  09:30:44  PAGE 4


            CODE    32EDH     0016H     UNIT         ?PR?_SPI_WRITEBYTE?MMC_SD
            CODE    3303H     0014H     UNIT         ?PR?USBXCORE_SET_SOP?USB_API
            CODE    3317H     0013H     UNIT         ?PR?WAITKEY?MAIN
            CODE    332AH     0013H     UNIT         ?PR?READDATA?LCD
            CODE    333DH     0011H     UNIT         ?PR?SD_INIT?MMC_SD
            CODE    334EH     000EH     UNIT         ?PR?GET_INTERRUPT_SOURCE?GET_INTERRUPT_SOURCE
            CODE    335CH     000CH     UNIT         ?PR?USBXCORE_CLKREC?USB_CLOCK_RECOVERY
            CODE    3368H     000BH     UNIT         ?PR?SPI_READBYTE?MMC_SD
            CODE    3373H     0009H     UNIT         ?PR?_WRITEONEDOT?LCD



OVERLAY MAP OF MODULE:   ST7789V_CTC28_H8 (MAIN)


SEGMENT                                            DATA_GROUP          XDATA_GROUP
  +--> CALLED SEGMENT                            START    LENGTH     START    LENGTH
------------------------------------------------------------------------------------
?PR?USB_API_TEST_ISR?MAIN                        0008H    0001H      -----    -----
  +--> ?PR?GET_INTERRUPT_SOURCE?GET_INTERRUP...
  +--> ?PR?_BLOCK_READ?BLOCK_READ
  +--> ?PR?SUSPEND_DEVICE?MAIN
  +--> ?PR?MCU_INIT?MAIN
  +--> ?PR?_?BLOCKWRITE?LCD

?PR?SUSPEND_DEVICE?MAIN                          -----    -----      -----    -----
  +--> ?PR?USB_SUSPEND?USB_SUSPEND

?PR?USB_SUSPEND?USB_SUSPEND                      -----    -----      -----    -----
  +--> ?PR?USB_CLOCK_START?USB_CLOCK_START

?PR?_?BLOCKWRITE?LCD                             -----    -----      -----    -----
  +--> ?PR?_WRITECOMM?LCD
  +--> ?PR?_WRITEDATA?LCD

?PR?_WRITECOMM?LCD                               002DH    0001H      -----    -----

?PR?_WRITEDATA?LCD                               002DH    0002H      -----    -----

*** NEW ROOT ***************************************************

?PR?USBXCORE_USB_ISR?USB_API                     -----    -----      -----    -----
  +--> ?PR?USBXCORE_USB_RESET?USB_API
  +--> ?PR?USBXCORE_HANDLE_SETUP?USB_API
  +--> ?PR?USBXCORE_JUMP_ISR?USB_JUMP_ISR

?PR?USBXCORE_HANDLE_SETUP?USB_API                -----    -----      -----    -----
  +--> ?PR?USBXCORE_GET_STATUS?USB_API
  +--> ?PR?USBXCORE_CLEAR_FEATURE?USB_API
  +--> ?PR?USBXCORE_VENDOR_USB_API?USB_API
  +--> ?PR?USBXCORE_SET_FEATURE?USB_API
  +--> ?PR?USBXCORE_SET_ADDRESS?USB_API
  +--> ?PR?USBXCORE_GET_DESCRIPTOR?USB_API
  +--> ?PR?USBXCORE_GET_CONFIGURATION?USB_API
  +--> ?PR?USBXCORE_SET_CONFIGURATION?USB_API
  +--> ?PR?USBXCORE_GET_INTERFACE?USB_API
  +--> ?PR?USBXCORE_SET_SOP?USB_API
BL51 BANKED LINKER/LOCATER V6.22                                                      04/30/2019  09:30:44  PAGE 5


  +--> ?PR?USBXCORE_FORCE_STALL?USB_API

?PR?USBXCORE_GET_STATUS?USB_API                  -----    -----      -----    -----
  +--> ?CO?USB_API
  +--> ?PR?USBXCORE_FORCE_STALL?USB_API
  +--> ?PR?USBXCORE_SET_SOP?USB_API

?PR?USBXCORE_CLEAR_FEATURE?USB_API               -----    -----      -----    -----
  +--> ?PR?USBXCORE_FORCE_STALL?USB_API
  +--> ?PR?USBXCORE_SET_SOP?USB_API

?PR?USBXCORE_VENDOR_USB_API?USB_API              -----    -----      -----    -----
  +--> ?PR?USBXCORE_SET_SOP?USB_API

?PR?USBXCORE_SET_FEATURE?USB_API                 -----    -----      -----    -----
  +--> ?PR?USBXCORE_FORCE_STALL?USB_API
  +--> ?PR?USBXCORE_SET_SOP?USB_API

?PR?USBXCORE_SET_ADDRESS?USB_API                 -----    -----      -----    -----
  +--> ?PR?USBXCORE_SET_SOP?USB_API

?PR?USBXCORE_GET_DESCRIPTOR?USB_API              -----    -----      -----    -----
  +--> ?PR?USBXCORE_FORCE_STALL?USB_API
  +--> ?PR?USBXCORE_SET_SOP?USB_API

?PR?USBXCORE_GET_CONFIGURATION?USB_API           -----    -----      -----    -----
  +--> ?CO?USB_API
  +--> ?PR?USBXCORE_SET_SOP?USB_API

?PR?USBXCORE_SET_CONFIGURATION?USB_API           -----    -----      -----    -----
  +--> ?PR?USBXCORE_SET_SOP?USB_API

?PR?USBXCORE_GET_INTERFACE?USB_API               -----    -----      -----    -----
  +--> ?CO?USB_API
  +--> ?PR?USBXCORE_SET_SOP?USB_API

*** NEW ROOT ***************************************************

?C_C51STARTUP                                    -----    -----      -----    -----
  +--> ?PR?MAIN?MAIN
  +--> ?C_INITSEG

?PR?MAIN?MAIN                                    000BH    0001H      -----    -----
  +--> ?PR?DEVICES_INIT?MAIN
  +--> ?PR?DISPFRAME?LCD
  +--> ?PR?_STOPDELAY?MAIN
  +--> ?PR?DISPBAND?LCD
  +--> ?PR?DISPGRAYHOR16?LCD
  +--> ?PR?_DISPCOLOR?LCD
  +--> ?PR?TP_DRAWLINE?TP

?PR?DEVICES_INIT?MAIN                            -----    -----      -----    -----
  +--> ?PR?MCU_INIT?MAIN
  +--> ?PR?USB_CLOCK_START?USB_CLOCK_START
  +--> ?CO?MAIN
  +--> ?PR?_USB_INIT?USB_API
  +--> ?PR?USB_INT_ENABLE?USB_INT_ENABLE
BL51 BANKED LINKER/LOCATER V6.22                                                      04/30/2019  09:30:44  PAGE 6


  +--> ?PR?LCD_INIT?LCD

?PR?_USB_INIT?USB_API                            -----    -----      0200H    0011H
  +--> ?CO?USB_API
  +--> ?PR?USBXCORE_CLKREC?USB_CLOCK_RECOVERY

?PR?LCD_INIT?LCD                                 -----    -----      -----    -----
  +--> ?PR?READDATA?LCD
  +--> ?PR?_DELAY?MAIN
  +--> ?PR?_WRITECOMM?LCD
  +--> ?PR?_WRITEDATA?LCD

?PR?READDATA?LCD                                 -----    -----      -----    -----
  +--> ?PR?_LCD_READ_IC_ID?LCD

?PR?_LCD_READ_IC_ID?LCD                          0015H    0007H      -----    -----

?PR?DISPFRAME?LCD                                -----    -----      -----    -----
  +--> ?PR?_?BLOCKWRITE?LCD
  +--> ?PR?_WRITEDISPDATA?LCD

?PR?_WRITEDISPDATA?LCD                           002DH    0001H      -----    -----

?PR?_STOPDELAY?MAIN                              000CH    0004H      -----    -----
  +--> ?PR?WAITKEY?MAIN
  +--> ?PR?_DELAY?MAIN

?PR?WAITKEY?MAIN                                 -----    -----      -----    -----
  +--> ?PR?CONNTOUSB?MAIN
  +--> ?PR?_DELAY?MAIN

?PR?CONNTOUSB?MAIN                               0010H    0005H      0200H    0058H
  +--> ?CO?MAIN
  +--> ?PR?_WRITECOMM?LCD
  +--> ?PR?_WRITEDATA?LCD
  +--> ?PR?_DISPSTR?LCD
  +--> ?PR?_DISPINT?LCD
  +--> ?PR?_WRITEDISPDATA?LCD
  +--> ?PR?_MMC_SD_WRITESINGLEBLOCK?MMC_SD
  +--> ?PR?_BLOCK_WRITE?BLOCK_WRITE
  +--> ?PR?READDATA?LCD
  +--> ?PR?_DELAY?MAIN

?PR?_DISPSTR?LCD                                 0015H    000BH      -----    -----
  +--> ?PR?_TOORD?LCD
  +--> ?PR?_DISPONECHAR?LCD

?PR?_DISPONECHAR?LCD                             0020H    000DH      -----    -----
  +--> ?PR?_?BLOCKWRITE?LCD
  +--> ?CO?LCD
  +--> ?PR?_WRITEONEDOT?LCD

?PR?_WRITEONEDOT?LCD                             -----    -----      -----    -----
  +--> ?PR?_WRITEDISPDATA?LCD

?PR?_DISPINT?LCD                                 0015H    000AH      -----    -----
  +--> ?PR?_DISPONECHAR?LCD
BL51 BANKED LINKER/LOCATER V6.22                                                      04/30/2019  09:30:44  PAGE 7



?PR?_MMC_SD_WRITESINGLEBLOCK?MMC_SD              0015H    0004H      -----    -----
  +--> ?PR?_MMC_SD_SENDCOMMAND?MMC_SD
  +--> ?PR?_SPI_WRITEBYTE?MMC_SD

?PR?_MMC_SD_SENDCOMMAND?MMC_SD                   0019H    0005H      -----    -----
  +--> ?PR?_SPI_WRITEBYTE?MMC_SD

?PR?DISPBAND?LCD                                 000CH    0005H      -----    -----
  +--> ?PR?_?BLOCKWRITE?LCD
  +--> ?PR?_WRITEDISPDATA?LCD

?PR?DISPGRAYHOR16?LCD                            000CH    0004H      -----    -----
  +--> ?PR?_?BLOCKWRITE?LCD
  +--> ?PR?_WRITEDISPDATA?LCD

?PR?_DISPCOLOR?LCD                               000CH    0002H      -----    -----
  +--> ?PR?_?BLOCKWRITE?LCD
  +--> ?PR?_WRITEDISPDATA?LCD

?PR?TP_DRAWLINE?TP                               -----    -----      0200H    0018H
  +--> ?PR?_DELAY?MAIN
  +--> ?PR?_TP_GETPOSITION?TP
  +--> ?PR?_PUTPIXEL?LCD
  +--> ?PR?_DISPCOLOR?LCD

?PR?_TP_GETPOSITION?TP                           -----    -----      0218H    001BH
  +--> ?PR?_TP_WRITE?TP
  +--> ?PR?TP_READ?TP

?PR?_TP_WRITE?TP                                 -----    -----      0233H    0001H

?PR?TP_READ?TP                                   -----    -----      0233H    0005H

?PR?_PUTPIXEL?LCD                                000CH    0002H      -----    -----
  +--> ?PR?_?BLOCKWRITE?LCD
  +--> ?PR?_WRITEDISPDATA?LCD



SYMBOL TABLE OF MODULE:  ST7789V_CTC28_H8 (MAIN)

  VALUE           TYPE          NAME
  ----------------------------------

  -------         MODULE        MAIN
  C:0000H         SYMBOL        _ICE_DUMMY_
  D:0080H         PUBLIC        P0
  D:002FH         PUBLIC        f_down
  D:0090H         PUBLIC        P1
  D:00A0H         PUBLIC        P2
  D:00B0H         PUBLIC        P3
  C:2FC9H         PUBLIC        USB_MaxPower
  B:00B0H.6       PUBLIC        KEY_STEP
  D:00A4H         PUBLIC        P0MDOUT
  D:00A5H         PUBLIC        P1MDOUT
  D:00A6H         PUBLIC        P2MDOUT
BL51 BANKED LINKER/LOCATER V6.22                                                      04/30/2019  09:30:44  PAGE 8


  D:00A7H         PUBLIC        P3MDOUT
  D:00AEH         PUBLIC        P4MDOUT
  B:0080H.6       PUBLIC        OE
  D:00D9H         PUBLIC        PCA0MD
  C:1EAEH         PUBLIC        USB_API_TEST_ISR
  C:003DH         PUBLIC        Suspend_Device
  C:2FD2H         PUBLIC        _StopDelay
  D:00E1H         PUBLIC        XBR0
  D:00E2H         PUBLIC        XBR1
  B:00B0H.1       PUBLIC        RS
  C:3108H         PUBLIC        main
  D:0030H         PUBLIC        VerifyCode0
  D:0031H         PUBLIC        VerifyCode1
  C:2F93H         PUBLIC        USB_PID
  D:0032H         PUBLIC        VerifyCode2
  D:00F1H         PUBLIC        P0MDIN
  D:00F2H         PUBLIC        P1MDIN
  C:2F95H         PUBLIC        USB_MfrStr
  D:00F4H         PUBLIC        P3MDIN
  C:2F91H         PUBLIC        USB_VID
  D:00F8H         PUBLIC        SPI0CN
  D:0033H         PUBLIC        pic
  C:2BB6H         PUBLIC        Devices_Init
  C:068EH         PUBLIC        ConnToUSB
  D:00A9H         PUBLIC        CLKSEL
  D:00B2H         PUBLIC        OSCICN
  C:2FCAH         PUBLIC        USB_PwAttributes
  C:3317H         PUBLIC        WaitKey
  C:2FCDH         SYMBOL        _?ix1000
  B:00B0H.0       PUBLIC        CS0
  D:0034H         PUBLIC        bf
  C:2FCBH         PUBLIC        USB_bcdDevice
  D:00B9H         PUBLIC        CLKMUL
  D:0036H         PUBLIC        f_debug
  D:0037H         PUBLIC        sd
  X:0258H         PUBLIC        Packet
  C:0046H         PUBLIC        MCU_Init
  B:0080H.7       PUBLIC        DIR
  D:00EFH         PUBLIC        RSTSRC
  D:003BH         PUBLIC        f_read
  C:2FBFH         PUBLIC        USB_SerialStr
  D:003CH         PUBLIC        f_other
  C:2FAFH         PUBLIC        USB_ProductStr
  D:003DH         PUBLIC        f_para
  D:00A1H         PUBLIC        SPI0CFG
  C:3265H         PUBLIC        _Delay
  B:00B0H.7       PUBLIC        KEY_Stop
  D:003EH         PUBLIC        f_init
  -------         PROC          MAIN
  -------         DO            
  D:000BH         SYMBOL        n
  -------         ENDDO         
  C:3108H         LINE#         40
  C:3108H         LINE#         41
  C:3108H         LINE#         46
  C:310BH         LINE#         48
  C:310EH         LINE#         49
BL51 BANKED LINKER/LOCATER V6.22                                                      04/30/2019  09:30:44  PAGE 9


  C:310EH         LINE#         67
  C:3118H         LINE#         72
  C:311EH         LINE#         73
  C:3124H         LINE#         74
  C:312DH         LINE#         80
  C:3130H         LINE#         82
  C:3132H         LINE#         83
  -------         ENDPROC       MAIN
  -------         PROC          _DELAY
  D:0006H         SYMBOL        dly
  -------         DO            
  D:0004H         SYMBOL        i
  D:0002H         SYMBOL        j
  -------         ENDDO         
  C:3265H         LINE#         86
  C:3265H         LINE#         87
  C:3265H         LINE#         90
  C:326FH         LINE#         91
  C:3283H         LINE#         92
  -------         ENDPROC       _DELAY
  C:2FCEH         SYMBOL        L?0133
  -------         PROC          L?0132
  -------         ENDPROC       L?0132
  C:2FCEH         SYMBOL        L?0133
  -------         PROC          _STOPDELAY
  D:000CH         SYMBOL        sdly
  -------         DO            
  D:0006H         SYMBOL        i
  D:0004H         SYMBOL        j
  D:000EH         SYMBOL        k
  -------         ENDDO         
  C:2FD2H         LINE#         94
  C:2FD6H         LINE#         95
  C:2FD6H         LINE#         97
  C:2FDBH         LINE#         98
  C:2FDBH         LINE#         99
  C:2FDEH         LINE#         100
  C:2FDEH         LINE#         101
  C:2FEAH         LINE#         102
  C:2FFEH         LINE#         103
  C:2FFEH         LINE#         105
  C:2FFEH         LINE#         106
  C:3008H         LINE#         107
  C:3008H         LINE#         108
  C:3019H         LINE#         109
  -------         ENDPROC       _STOPDELAY
  -------         PROC          WAITKEY
  C:3317H         LINE#         138
  C:3317H         LINE#         139
  C:3317H         LINE#         141
  C:331AH         LINE#         142
  C:331AH         LINE#         144
  C:331DH         LINE#         146
  C:331FH         LINE#         147
  C:3326H         LINE#         148
  C:3329H         LINE#         150
  -------         ENDPROC       WAITKEY
BL51 BANKED LINKER/LOCATER V6.22                                                      04/30/2019  09:30:44  PAGE 10


  -------         PROC          CONNTOUSB
  -------         DO            
  D:0010H         SYMBOL        i
  X:0200H         SYMBOL        reg_data
  X:0218H         SYMBOL        para_data
  D:0007H         SYMBOL        dat
  D:0011H         SYMBOL        reg_index
  D:0013H         SYMBOL        data_num
  D:0014H         SYMBOL        st
  -------         ENDDO         
  C:068EH         LINE#         155
  C:068EH         LINE#         156
  C:068EH         LINE#         163
  C:06A1H         LINE#         165
  C:06A8H         LINE#         166
  C:06A8H         LINE#         167
  C:06ABH         LINE#         168
  C:06ABH         LINE#         169
  C:06BDH         LINE#         170
  C:06BDH         LINE#         171
  C:06E4H         LINE#         172
  C:06E6H         LINE#         173
  C:06FAH         LINE#         174
  C:06FAH         LINE#         175
  C:0721H         LINE#         177
  C:0721H         LINE#         178
  C:0721H         LINE#         179
  C:0721H         LINE#         181
  C:0721H         LINE#         182
  C:072AH         LINE#         183
  C:0734H         LINE#         184
  C:073EH         LINE#         186
  C:0759H         LINE#         188
  C:0763H         LINE#         189
  C:0763H         LINE#         190
  C:0766H         LINE#         191
  C:0766H         LINE#         192
  C:0778H         LINE#         193
  C:0778H         LINE#         194
  C:07CAH         LINE#         195
  C:07CCH         LINE#         196
  C:07E0H         LINE#         197
  C:07E0H         LINE#         198
  C:0833H         LINE#         199
  C:0833H         LINE#         200
  C:0833H         LINE#         201
  C:0833H         LINE#         203
  C:0833H         LINE#         204
  C:083FH         LINE#         205
  C:083FH         LINE#         206
  C:0849H         LINE#         207
  C:0853H         LINE#         209
  C:0856H         LINE#         210
  C:0859H         LINE#         214
  C:0860H         LINE#         215
  C:0860H         LINE#         216
  C:086DH         LINE#         217
BL51 BANKED LINKER/LOCATER V6.22                                                      04/30/2019  09:30:44  PAGE 11


  C:086DH         LINE#         218
  C:086FH         LINE#         220
  C:0871H         LINE#         221
  C:088EH         LINE#         222
  C:0890H         LINE#         224
  C:08B3H         LINE#         225
  C:08D6H         LINE#         226
  C:08DFH         LINE#         227
  C:08DFH         LINE#         228
  C:08E7H         LINE#         229
  C:08EDH         LINE#         230
  C:08F8H         LINE#         231
  C:08FDH         LINE#         232
  C:08FDH         LINE#         233
  C:0904H         LINE#         235
  C:0907H         LINE#         236
  C:0912H         LINE#         237
  C:0915H         LINE#         240
  C:091CH         LINE#         241
  C:091CH         LINE#         242
  C:0925H         LINE#         243
  C:0925H         LINE#         244
  C:0932H         LINE#         245
  C:0932H         LINE#         246
  C:0934H         LINE#         248
  C:0936H         LINE#         249
  C:0953H         LINE#         250
  C:0955H         LINE#         252
  C:0978H         LINE#         253
  C:099BH         LINE#         255
  C:09A4H         LINE#         256
  C:09A4H         LINE#         257
  C:09ACH         LINE#         258
  C:09B2H         LINE#         259
  C:09BDH         LINE#         260
  C:09C2H         LINE#         261
  C:09C2H         LINE#         263
  C:09C9H         LINE#         269
  C:09C9H         LINE#         270
  C:09D3H         LINE#         271
  C:09D3H         LINE#         272
  C:09D5H         LINE#         274
  C:09D7H         LINE#         275
  C:09F4H         LINE#         276
  C:09F6H         LINE#         278
  C:09FCH         LINE#         279
  C:09FFH         LINE#         280
  C:0A0AH         LINE#         281
  C:0A0AH         LINE#         282
  C:0A0DH         LINE#         285
  C:0A14H         LINE#         286
  C:0A14H         LINE#         287
  C:0A21H         LINE#         288
  C:0A21H         LINE#         289
  C:0A2FH         LINE#         290
  C:0A2FH         LINE#         291
  C:0A4EH         LINE#         292
BL51 BANKED LINKER/LOCATER V6.22                                                      04/30/2019  09:30:44  PAGE 12


  C:0A50H         LINE#         293
  C:0A5FH         LINE#         294
  C:0A5FH         LINE#         295
  C:0A7EH         LINE#         296
  C:0A80H         LINE#         297
  C:0A90H         LINE#         298
  C:0A90H         LINE#         299
  C:0A9AH         LINE#         300
  C:0AA4H         LINE#         301
  C:0AA4H         LINE#         302
  C:0AA4H         LINE#         303
  C:0AA4H         LINE#         305
  C:0AA4H         LINE#         306
  C:0AADH         LINE#         307
  C:0AB0H         LINE#         308
  C:0ABBH         LINE#         309
  C:0ABEH         LINE#         312
  C:0AC5H         LINE#         313
  C:0AC5H         LINE#         314
  C:0AC8H         LINE#         315
  C:0ADCH         LINE#         317
  C:0AE4H         LINE#         318
  C:0AF2H         LINE#         320
  C:0AFAH         LINE#         321
  C:0AFAH         LINE#         322
  C:0B01H         LINE#         323
  C:0B0BH         LINE#         324
  C:0B0BH         LINE#         325
  C:0B0EH         LINE#         326
  C:0B1BH         LINE#         327
  C:0B28H         LINE#         328
  C:0B2EH         LINE#         329
  C:0B2EH         LINE#         331
  C:0B31H         LINE#         332
  C:0B3FH         LINE#         334
  C:0B46H         LINE#         335
  C:0B61H         LINE#         336
  C:0B6BH         LINE#         337
  C:0B6BH         LINE#         338
  C:0B8BH         LINE#         339
  C:0B98H         LINE#         340
  C:0B98H         LINE#         341
  C:0BEBH         LINE#         342
  C:0BF1H         LINE#         343
  C:0BF1H         LINE#         344
  C:0BF1H         LINE#         347
  C:0BF5H         LINE#         348
  C:0BF5H         LINE#         349
  C:0BF8H         LINE#         350
  C:0C0CH         LINE#         352
  C:0C12H         LINE#         353
  C:0C16H         LINE#         354
  C:0C19H         LINE#         355
  C:0C1DH         LINE#         357
  C:0C20H         LINE#         358
  C:0C2CH         LINE#         359
  C:0C2EH         LINE#         360
BL51 BANKED LINKER/LOCATER V6.22                                                      04/30/2019  09:30:44  PAGE 13


  -------         ENDPROC       CONNTOUSB
  -------         PROC          MCU_INIT
  -------         DO            
  D:0007H         SYMBOL        n
  -------         ENDDO         
  C:0046H         LINE#         363
  C:0046H         LINE#         364
  C:0046H         LINE#         366
  C:0049H         LINE#         369
  C:004CH         LINE#         370
  C:004FH         LINE#         372
  C:0052H         LINE#         374
  C:0057H         LINE#         376
  C:005AH         LINE#         377
  C:005FH         LINE#         378
  C:0062H         LINE#         380
  C:0065H         LINE#         383
  C:0068H         LINE#         384
  C:006BH         LINE#         386
  C:006EH         LINE#         387
  C:0071H         LINE#         389
  C:0074H         LINE#         390
  C:0077H         LINE#         392
  C:007AH         LINE#         393
  C:007DH         LINE#         394
  C:007FH         LINE#         395
  C:0081H         LINE#         397
  C:0084H         LINE#         398
  C:0087H         LINE#         400
  -------         ENDPROC       MCU_INIT
  -------         PROC          DEVICES_INIT
  C:2BB6H         LINE#         402
  C:2BB6H         LINE#         403
  C:2BB6H         LINE#         405
  C:2BB9H         LINE#         408
  C:2BBCH         LINE#         409
  C:2C16H         LINE#         410
  C:2C19H         LINE#         413
  C:2C1CH         LINE#         414
  C:2C1FH         LINE#         422
  -------         ENDPROC       DEVICES_INIT
  -------         PROC          SUSPEND_DEVICE
  C:003DH         LINE#         426
  C:003DH         LINE#         427
  C:003DH         LINE#         428
  -------         ENDPROC       SUSPEND_DEVICE
  -------         PROC          USB_API_TEST_ISR
  -------         DO            
  D:0008H         SYMBOL        INTVAL
  -------         ENDDO         
  C:1EAEH         LINE#         432
  C:1ECBH         LINE#         434
  C:1ED0H         LINE#         436
  C:1ED5H         LINE#         437
  C:1ED5H         LINE#         438
  C:1EE0H         LINE#         440
  C:1EF2H         LINE#         441
BL51 BANKED LINKER/LOCATER V6.22                                                      04/30/2019  09:30:44  PAGE 14


  C:1EF2H         LINE#         442
  C:1EF5H         LINE#         443
  C:1EF7H         LINE#         444
  C:1F07H         LINE#         445
  C:1F07H         LINE#         446
  C:1F0AH         LINE#         447
  C:1F0CH         LINE#         448
  C:1F1DH         LINE#         449
  C:1F1DH         LINE#         450
  C:1F20H         LINE#         451
  C:1F22H         LINE#         452
  C:1F34H         LINE#         453
  C:1F34H         LINE#         454
  C:1F37H         LINE#         455
  C:1F39H         LINE#         456
  C:1F49H         LINE#         457
  C:1F49H         LINE#         458
  C:1F4CH         LINE#         459
  C:1F4EH         LINE#         461
  C:1F4EH         LINE#         462
  C:1F51H         LINE#         463
  C:1F51H         LINE#         464
  C:1F51H         LINE#         466
  C:1F51H         LINE#         467
  C:1F51H         LINE#         469
  C:1F51H         LINE#         471
  C:1F56H         LINE#         472
  C:1F56H         LINE#         473
  C:1F59H         LINE#         474
  C:1F59H         LINE#         476
  C:1F5EH         LINE#         477
  C:1F5EH         LINE#         478
  C:1F61H         LINE#         479
  C:1F61H         LINE#         481
  C:1F66H         LINE#         482
  C:1F66H         LINE#         483
  C:1F80H         LINE#         484
  C:1F80H         LINE#         486
  C:1F85H         LINE#         487
  C:1F85H         LINE#         488
  C:1F87H         LINE#         489
  C:1FA1H         LINE#         490
  C:1FA1H         LINE#         491
  -------         ENDPROC       USB_API_TEST_ISR
  -------         ENDMOD        MAIN

  -------         MODULE        MMC_SD
  C:0000H         SYMBOL        _ICE_DUMMY_
  D:00A2H         PUBLIC        SPI0CKR
  D:0080H         PUBLIC        P0
  D:0090H         PUBLIC        P1
  D:00A0H         PUBLIC        P2
  D:00B0H         PUBLIC        P3
  C:2DB9H         PUBLIC        _MMC_SD_SendCommand
  C:2C8CH         PUBLIC        _MMC_SD_ReadSingleBlock
  C:333DH         PUBLIC        SD_Init
  C:29DDH         PUBLIC        _MMC_SD_WriteSingleBlock
BL51 BANKED LINKER/LOCATER V6.22                                                      04/30/2019  09:30:44  PAGE 15


  B:00F8H.7       PUBLIC        SPIF
  B:00F8H.2       PUBLIC        NSSMD0
  C:2242H         PUBLIC        MMC_SD_Reset
  D:00A9H         PUBLIC        CLKSEL
  C:3368H         PUBLIC        SPI_ReadByte
  C:32F9H         PUBLIC        _SPI_WriteByte
  D:00A3H         PUBLIC        SPI0DAT
  X:0000H         PUBLIC        buffer
  C:32EDH         SYMBOL        L?0062
  C:32F2H         SYMBOL        L?0063
  -------         PROC          L?0061
  -------         ENDPROC       L?0061
  C:32EDH         SYMBOL        L?0062
  C:32F2H         SYMBOL        L?0063
  -------         PROC          _SPI_WRITEBYTE
  D:0007H         SYMBOL        val
  -------         DO            
  D:0007H         SYMBOL        ret
  -------         ENDDO         
  C:32F9H         LINE#         7
  C:32F9H         LINE#         8
  C:32F9H         LINE#         11
  C:32FBH         LINE#         12
  C:32FEH         LINE#         13
  C:3300H         LINE#         14
  C:3302H         LINE#         15
  C:3302H         LINE#         16
  -------         ENDPROC       _SPI_WRITEBYTE
  -------         PROC          SPI_READBYTE
  -------         DO            
  D:0007H         SYMBOL        ret
  -------         ENDDO         
  C:3368H         LINE#         18
  C:3368H         LINE#         19
  C:3368H         LINE#         22
  C:336BH         LINE#         23
  C:336EH         LINE#         24
  C:3370H         LINE#         25
  C:3372H         LINE#         26
  C:3372H         LINE#         27
  -------         ENDPROC       SPI_READBYTE
  -------         PROC          _MMC_SD_SENDCOMMAND
  D:0006H         SYMBOL        cmd
  D:001AH         SYMBOL        arg
  -------         DO            
  D:0007H         SYMBOL        r1
  D:0003H         SYMBOL        retry
  -------         ENDDO         
  C:2DB9H         LINE#         29
  C:2DBBH         LINE#         30
  C:2DBBH         LINE#         32
  C:2DBDH         LINE#         34
  C:2DBDH         LINE#         35
  C:2DBDH         LINE#         36
  C:2DC0H         LINE#         37
  C:2DC0H         LINE#         38
  C:2DC0H         LINE#         39
BL51 BANKED LINKER/LOCATER V6.22                                                      04/30/2019  09:30:44  PAGE 16


  C:2DC3H         LINE#         41
  C:2DC5H         LINE#         43
  C:2DCCH         LINE#         44
  C:2DDCH         LINE#         45
  C:2DECH         LINE#         46
  C:2DFCH         LINE#         47
  C:2E01H         LINE#         48
  C:2E06H         LINE#         50
  C:2E0EH         LINE#         51
  C:2E17H         LINE#         53
  C:2E19H         LINE#         55
  C:2E19H         LINE#         56
  -------         ENDPROC       _MMC_SD_SENDCOMMAND
  -------         PROC          MMC_SD_RESET
  -------         DO            
  D:0005H         SYMBOL        i
  D:0002H         SYMBOL        retry
  D:0006H         SYMBOL        r1
  -------         ENDDO         
  C:2242H         LINE#         58
  C:2242H         LINE#         59
  C:2242H         LINE#         62
  C:2244H         LINE#         64
  C:2245H         LINE#         65
  C:2248H         LINE#         66
  C:224BH         LINE#         68
  C:224BH         LINE#         69
  C:2256H         LINE#         70
  C:2265H         LINE#         71
  C:2266H         LINE#         72
  C:226CH         LINE#         73
  C:226FH         LINE#         75
  C:2271H         LINE#         77
  C:2271H         LINE#         79
  C:2271H         LINE#         80
  C:2281H         LINE#         81
  C:2282H         LINE#         82
  C:228BH         LINE#         83
  C:228EH         LINE#         85
  C:2290H         LINE#         86
  C:229FH         LINE#         87
  C:22A0H         LINE#         88
  C:22A9H         LINE#         89
  C:22ACH         LINE#         91
  C:22AFH         LINE#         92
  C:22AFH         LINE#         93
  C:22B1H         LINE#         95
  C:22B1H         LINE#         96
  C:22C1H         LINE#         97
  C:22C2H         LINE#         98
  C:22CBH         LINE#         99
  C:22CEH         LINE#         100
  C:22CEH         LINE#         101
  C:22DEH         LINE#         103
  C:22EDH         LINE#         104
  C:22F0H         LINE#         105
  C:22F3H         LINE#         106
BL51 BANKED LINKER/LOCATER V6.22                                                      04/30/2019  09:30:44  PAGE 17


  C:22F4H         LINE#         107
  -------         ENDPROC       MMC_SD_RESET
  -------         PROC          _MMC_SD_READSINGLEBLOCK
  D:0056H         SYMBOL        sector
  -------         DO            
  D:0007H         SYMBOL        r1
  D:0004H         SYMBOL        i
  D:0002H         SYMBOL        retry
  -------         ENDDO         
  C:2C8CH         LINE#         109
  C:2C94H         LINE#         110
  C:2C94H         LINE#         113
  C:2C96H         LINE#         115
  C:2C99H         LINE#         117
  C:2C99H         LINE#         118
  C:2CB3H         LINE#         119
  C:2CB4H         LINE#         120
  C:2CBDH         LINE#         121
  C:2CC0H         LINE#         124
  C:2CC2H         LINE#         126
  C:2CC8H         LINE#         128
  C:2CCBH         LINE#         129
  C:2CCBH         LINE#         130
  C:2CDAH         LINE#         131
  C:2CE7H         LINE#         133
  C:2CE7H         LINE#         134
  C:2CEAH         LINE#         136
  C:2CECH         LINE#         137
  C:2CEFH         LINE#         138
  C:2CF0H         LINE#         139
  -------         ENDPROC       _MMC_SD_READSINGLEBLOCK
  -------         PROC          _MMC_SD_WRITESINGLEBLOCK
  D:0015H         SYMBOL        sector
  -------         DO            
  D:0006H         SYMBOL        r1
  D:0004H         SYMBOL        i
  D:0002H         SYMBOL        retry
  -------         ENDDO         
  C:29DDH         LINE#         141
  C:29E5H         LINE#         142
  C:29E5H         LINE#         145
  C:29E7H         LINE#         147
  C:29EAH         LINE#         149
  C:29EAH         LINE#         150
  C:2A06H         LINE#         151
  C:2A07H         LINE#         152
  C:2A10H         LINE#         153
  C:2A13H         LINE#         157
  C:2A15H         LINE#         159
  C:2A1AH         LINE#         161
  C:2A1FH         LINE#         163
  C:2A21H         LINE#         164
  C:2A21H         LINE#         165
  C:2A30H         LINE#         166
  C:2A3DH         LINE#         168
  C:2A3DH         LINE#         169
  C:2A3DH         LINE#         171
BL51 BANKED LINKER/LOCATER V6.22                                                      04/30/2019  09:30:44  PAGE 18


  C:2A42H         LINE#         173
  C:2A49H         LINE#         174
  C:2A49H         LINE#         175
  C:2A4BH         LINE#         176
  C:2A4CH         LINE#         177
  C:2A4CH         LINE#         179
  C:2A54H         LINE#         181
  C:2A56H         LINE#         182
  C:2A59H         LINE#         183
  C:2A5AH         LINE#         184
  -------         ENDPROC       _MMC_SD_WRITESINGLEBLOCK
  -------         PROC          SD_INIT
  -------         DO            
  D:0001H         SYMBOL        n
  -------         ENDDO         
  C:333DH         LINE#         187
  C:333DH         LINE#         188
  C:333DH         LINE#         189
  C:333FH         LINE#         191
  C:3345H         LINE#         192
  C:3345H         LINE#         193
  C:3346H         LINE#         194
  C:334DH         LINE#         196
  -------         ENDPROC       SD_INIT
  -------         ENDMOD        MMC_SD

  -------         MODULE        LCD
  C:0000H         SYMBOL        _ICE_DUMMY_
  D:0080H         PUBLIC        P0
  C:2590H         PUBLIC        DispFrame
  D:0090H         PUBLIC        P1
  C:26BAH         PUBLIC        DispScaleVer_Green
  D:00A0H         PUBLIC        P2
  D:00B0H         PUBLIC        P3
  C:179BH         PUBLIC        DispBand
  C:32BFH         PUBLIC        _WriteData
  C:008EH         PUBLIC        ascii
  C:1B5AH         PUBLIC        _LCD_Read_IC_ID
  D:00A6H         PUBLIC        P2MDOUT
  C:3188H         PUBLIC        _DispColor
  C:2CF1H         PUBLIC        DispScaleVer_Blue
  C:2A5BH         PUBLIC        _DrawGird
  C:2D55H         PUBLIC        _DrawLine
  C:32A1H         PUBLIC        _WriteComm
  C:3173H         PUBLIC        _WriteDispData
  C:295EH         PUBLIC        DispScaleVer_Gray
  B:00B0H.1       PUBLIC        RS
  B:00A0H.1       PUBLIC        SPI_CLK
  C:28DFH         PUBLIC        DispScaleVer_Red
  C:1FBCH         PUBLIC        DispScaleVer
  C:246BH         PUBLIC        _DispOneChar
  C:2C22H         PUBLIC        DispGrayHor32
  C:27D4H         PUBLIC        DispGrayHor16
  C:2625H         PUBLIC        _DispInt
  C:3061H         PUBLIC        _PutPixel
  D:00A9H         PUBLIC        CLKSEL
  B:0090H.6       PUBLIC        RD0
BL51 BANKED LINKER/LOCATER V6.22                                                      04/30/2019  09:30:44  PAGE 19


  B:00B0H.0       PUBLIC        CS0
  D:0078H         PUBLIC        LCM_ID
  C:164EH         PUBLIC        LCD_Init
  C:285DH         PUBLIC        _DispStr
  B:0090H.7       PUBLIC        WR0
  C:1177H         PUBLIC        DispScaleHor1
  B:00A0H.0       PUBLIC        SPI_DI
  C:3373H         PUBLIC        _WriteOneDot
  C:18E7H         PUBLIC        DispScaleHor2
  C:218DH         PUBLIC        _DispPicFromSD
  B:0080H.7       PUBLIC        DIR
  C:2E1AH         PUBLIC        _ToOrd
  B:0080H.5       PUBLIC        RST
  C:332AH         PUBLIC        ReadData
  C:2511H         PUBLIC        _?BlockWrite
  -------         PROC          _LCD_READ_IC_ID
  D:0007H         SYMBOL        ID
  D:0004H         SYMBOL        Bug
  D:0003H         SYMBOL        flog
  -------         DO            
  D:0015H         SYMBOL        id
  D:0017H         SYMBOL        id1
  D:0019H         SYMBOL        temp
  D:0005H         SYMBOL        i
  D:0007H         SYMBOL        dat
  D:0001H         SYMBOL        id2
  D:001BH         SYMBOL        id3
  -------         ENDDO         
  C:1B5AH         LINE#         35
  C:1B5AH         LINE#         36
  C:1B5AH         LINE#         39
  C:1B63H         LINE#         40
  C:1B63H         LINE#         42
  C:1B66H         LINE#         43
  C:1B66H         LINE#         44
  C:1B68H         LINE#         45
  C:1B6AH         LINE#         46
  C:1B6BH         LINE#         47
  C:1B6BH         LINE#         48
  C:1B6DH         LINE#         49
  C:1B75H         LINE#         50
  C:1B77H         LINE#         52
  C:1B79H         LINE#         53
  C:1B7DH         LINE#         54
  C:1B81H         LINE#         55
  C:1B84H         LINE#         58
  C:1B8EH         LINE#         59
  C:1B8EH         LINE#         60
  C:1B90H         LINE#         61
  C:1B90H         LINE#         62
  C:1B92H         LINE#         63
  C:1B94H         LINE#         64
  C:1B96H         LINE#         65
  C:1BADH         LINE#         66
  C:1BAFH         LINE#         67
  C:1BB1H         LINE#         68
  C:1BB7H         LINE#         69
BL51 BANKED LINKER/LOCATER V6.22                                                      04/30/2019  09:30:44  PAGE 20


  C:1BC1H         LINE#         70
  C:1BC1H         LINE#         71
  C:1BC3H         LINE#         72
  C:1BC3H         LINE#         73
  C:1BC5H         LINE#         74
  C:1BC7H         LINE#         75
  C:1BC9H         LINE#         76
  C:1BE0H         LINE#         77
  C:1BE2H         LINE#         78
  C:1BE4H         LINE#         79
  C:1BE8H         LINE#         80
  C:1BE8H         LINE#         82
  C:1BEAH         LINE#         83
  C:1BEAH         LINE#         84
  C:1BECH         LINE#         85
  C:1BEEH         LINE#         86
  C:1BF0H         LINE#         87
  C:1C07H         LINE#         88
  C:1C09H         LINE#         89
  C:1C0BH         LINE#         90
  C:1C0FH         LINE#         92
  C:1C11H         LINE#         93
  C:1C11H         LINE#         94
  C:1C13H         LINE#         95
  C:1C15H         LINE#         96
  C:1C17H         LINE#         97
  C:1C21H         LINE#         98
  C:1C23H         LINE#         99
  C:1C25H         LINE#         100
  C:1C29H         LINE#         102
  C:1C2BH         LINE#         103
  C:1C2BH         LINE#         104
  C:1C2DH         LINE#         105
  C:1C2FH         LINE#         106
  C:1C31H         LINE#         107
  C:1C3DH         LINE#         108
  C:1C3FH         LINE#         109
  C:1C41H         LINE#         110
  C:1C45H         LINE#         111
  C:1C48H         LINE#         112
  C:1C4AH         LINE#         113
  C:1C4CH         LINE#         114
  C:1C4EH         LINE#         115
  C:1C50H         LINE#         116
  C:1C52H         LINE#         117
  C:1C54H         LINE#         119
  C:1C57H         LINE#         120
  C:1C57H         LINE#         121
  C:1C61H         LINE#         123
  C:1C6BH         LINE#         124
  C:1C6BH         LINE#         125
  C:1C6BH         LINE#         127
  C:1C70H         LINE#         128
  C:1C70H         LINE#         129
  C:1C7BH         LINE#         130
  C:1C7BH         LINE#         132
  C:1C7BH         LINE#         133
BL51 BANKED LINKER/LOCATER V6.22                                                      04/30/2019  09:30:44  PAGE 21


  C:1C7DH         LINE#         134
  C:1C81H         LINE#         135
  -------         ENDPROC       _LCD_READ_IC_ID
  -------         PROC          _WRITECOMM
  D:0004H         SYMBOL        i
  -------         DO            
  D:002DH         SYMBOL        j
  D:0007H         SYMBOL        DataH
  -------         ENDDO         
  C:32A1H         LINE#         138
  C:32A5H         LINE#         139
  C:32A5H         LINE#         141
  C:32A6H         LINE#         142
  C:32A8H         LINE#         153
  C:32A8H         LINE#         154
  C:32AAH         LINE#         155
  C:32ACH         LINE#         156
  C:32AEH         LINE#         157
  C:32B0H         LINE#         158
  C:32B2H         LINE#         159
  C:32B4H         LINE#         160
  C:32B6H         LINE#         161
  C:32B8H         LINE#         162
  C:32B8H         LINE#         255
  C:32BAH         LINE#         256
  -------         ENDPROC       _WRITECOMM
  -------         PROC          L?0466
  -------         ENDPROC       L?0466
  -------         PROC          _WRITEDATA
  D:0004H         SYMBOL        i
  -------         DO            
  D:002DH         SYMBOL        j
  D:002EH         SYMBOL        DataH
  -------         ENDDO         
  C:32BFH         LINE#         258
  C:32C1H         LINE#         259
  C:32C1H         LINE#         261
  C:32C4H         LINE#         262
  C:32C6H         LINE#         273
  C:32C6H         LINE#         274
  C:32C8H         LINE#         275
  C:32CAH         LINE#         283
  C:32CDH         LINE#         284
  C:32CFH         LINE#         285
  C:32D1H         LINE#         286
  C:32D1H         LINE#         449
  C:32D3H         LINE#         450
  -------         ENDPROC       _WRITEDATA
  C:315EH         SYMBOL        L?0464
  -------         PROC          L?0463
  -------         ENDPROC       L?0463
  C:315EH         SYMBOL        L?0464
  -------         PROC          _WRITEDISPDATA
  D:0007H         SYMBOL        DataH
  D:0005H         SYMBOL        DataL
  -------         DO            
  D:002DH         SYMBOL        j
BL51 BANKED LINKER/LOCATER V6.22                                                      04/30/2019  09:30:44  PAGE 22


  -------         ENDDO         
  C:3173H         LINE#         452
  C:3173H         LINE#         453
  C:3173H         LINE#         455
  C:3175H         LINE#         469
  C:3175H         LINE#         470
  C:3177H         LINE#         471
  C:3179H         LINE#         472
  C:317BH         LINE#         473
  C:317DH         LINE#         474
  C:317FH         LINE#         475
  C:3181H         LINE#         476
  C:3183H         LINE#         477
  C:3185H         LINE#         478
  C:3185H         LINE#         574
  C:3187H         LINE#         575
  -------         ENDPROC       _WRITEDISPDATA
  -------         PROC          _WRITEONEDOT
  D:0004H         SYMBOL        color
  C:3373H         LINE#         577
  C:3377H         LINE#         578
  C:3377H         LINE#         592
  -------         ENDPROC       _WRITEONEDOT
  -------         PROC          LCD_INIT
  C:164EH         LINE#         600
  C:164EH         LINE#         601
  C:164EH         LINE#         602
  C:1651H         LINE#         605
  C:1653H         LINE#         606
  C:165AH         LINE#         608
  C:165CH         LINE#         609
  C:1663H         LINE#         611
  C:1665H         LINE#         612
  C:166CH         LINE#         3550
  C:1673H         LINE#         3635
  C:1678H         LINE#         3636
  C:167DH         LINE#         3638
  C:1684H         LINE#         3639
  C:1689H         LINE#         3641
  C:168EH         LINE#         3642
  C:1693H         LINE#         3645
  C:1698H         LINE#         3646
  C:169DH         LINE#         3647
  C:16A0H         LINE#         3648
  C:16A5H         LINE#         3649
  C:16AAH         LINE#         3650
  C:16ADH         LINE#         3651
  C:16B2H         LINE#         3652
  C:16B7H         LINE#         3654
  C:16BCH         LINE#         3655
  C:16C1H         LINE#         3656
  C:16C6H         LINE#         3657
  C:16CBH         LINE#         3658
  C:16D0H         LINE#         3659
  C:16D5H         LINE#         3660
  C:16DAH         LINE#         3661
  C:16DFH         LINE#         3662
BL51 BANKED LINKER/LOCATER V6.22                                                      04/30/2019  09:30:44  PAGE 23


  C:16E4H         LINE#         3663
  C:16E9H         LINE#         3664
  C:16EEH         LINE#         3665
  C:16F3H         LINE#         3666
  C:16F8H         LINE#         3667
  C:16FDH         LINE#         3668
  C:1702H         LINE#         3670
  C:1707H         LINE#         3671
  C:170CH         LINE#         3672
  C:1711H         LINE#         3673
  C:1716H         LINE#         3674
  C:171BH         LINE#         3675
  C:1720H         LINE#         3676
  C:1725H         LINE#         3677
  C:172AH         LINE#         3678
  C:172FH         LINE#         3679
  C:1734H         LINE#         3680
  C:1739H         LINE#         3681
  C:173EH         LINE#         3682
  C:1743H         LINE#         3683
  C:1748H         LINE#         3684
  C:174DH         LINE#         3685
  C:1752H         LINE#         3686
  C:1757H         LINE#         3687
  C:175CH         LINE#         3688
  C:1761H         LINE#         3689
  C:1766H         LINE#         3690
  C:176AH         LINE#         3691
  C:176FH         LINE#         3692
  C:1774H         LINE#         3693
  C:1779H         LINE#         3694
  C:177EH         LINE#         3695
  C:1783H         LINE#         3696
  C:1788H         LINE#         3697
  C:178CH         LINE#         3698
  C:1791H         LINE#         3699
  C:1796H         LINE#         3700
  -------         ENDPROC       LCD_INIT
  C:24FAH         SYMBOL        L?0462
  -------         PROC          L?0461
  -------         ENDPROC       L?0461
  C:24FAH         SYMBOL        L?0462
  -------         PROC          _?BLOCKWRITE
  i:0000H         SYMBOL        Xstart
  i:0002H         SYMBOL        Xend
  i:0004H         SYMBOL        Ystart
  i:0006H         SYMBOL        Yend
  C:2511H         LINE#         4067
  C:2532H         LINE#         4168
  C:2539H         LINE#         4169
  C:2540H         LINE#         4170
  C:2548H         LINE#         4171
  C:2553H         LINE#         4172
  C:255DH         LINE#         4174
  C:2562H         LINE#         4175
  C:256CH         LINE#         4176
  C:2573H         LINE#         4177
BL51 BANKED LINKER/LOCATER V6.22                                                      04/30/2019  09:30:44  PAGE 24


  C:257DH         LINE#         4178
  C:2584H         LINE#         4184
  C:2589H         LINE#         4188
  -------         ENDPROC       _?BLOCKWRITE
  -------         PROC          _DISPCOLOR
  D:0004H         SYMBOL        color
  -------         DO            
  D:0002H         SYMBOL        i
  D:000CH         SYMBOL        DataH
  D:000DH         SYMBOL        DataL
  D:0006H         SYMBOL        m
  -------         ENDDO         
  C:3188H         LINE#         4190
  C:318AH         LINE#         4191
  C:318AH         LINE#         4194
  C:318FH         LINE#         4196
  C:3192H         LINE#         4198
  C:3194H         LINE#         4199
  C:3194H         LINE#         4200
  C:3194H         LINE#         4201
  C:3196H         LINE#         4202
  C:3196H         LINE#         4203
  C:319DH         LINE#         4204
  C:31A1H         LINE#         4205
  C:31ACH         LINE#         4207
  C:31AEH         LINE#         4208
  -------         ENDPROC       _DISPCOLOR
  -------         PROC          DISPFRAME
  -------         DO            
  D:0002H         SYMBOL        i
  D:0082H         SYMBOL        j
  D:0006H         SYMBOL        DataH
  D:0004H         SYMBOL        DataL
  -------         ENDDO         
  C:2590H         LINE#         4210
  C:2590H         LINE#         4211
  C:2590H         LINE#         4214
  C:2593H         LINE#         4216
  C:2595H         LINE#         4219
  C:259FH         LINE#         4222
  C:259FH         LINE#         4223
  C:259FH         LINE#         4225
  C:25AAH         LINE#         4227
  C:25B5H         LINE#         4229
  C:25BFH         LINE#         4231
  C:25C3H         LINE#         4232
  C:25C3H         LINE#         4234
  C:25CDH         LINE#         4236
  C:25CFH         LINE#         4237
  C:25CFH         LINE#         4239
  C:25D7H         LINE#         4241
  C:25E2H         LINE#         4244
  C:25ECH         LINE#         4246
  C:25F7H         LINE#         4248
  C:2601H         LINE#         4250
  C:2603H         LINE#         4251
  C:2603H         LINE#         4253
BL51 BANKED LINKER/LOCATER V6.22                                                      04/30/2019  09:30:44  PAGE 25


  C:260EH         LINE#         4255
  C:2619H         LINE#         4257
  C:2620H         LINE#         4260
  C:2622H         LINE#         4261
  C:2624H         LINE#         4262
  -------         ENDPROC       DISPFRAME
  -------         PROC          DISPBAND
  -------         DO            
  D:0002H         SYMBOL        i
  D:000CH         SYMBOL        j
  D:000DH         SYMBOL        k
  D:000EH         SYMBOL        m
  D:000FH         SYMBOL        n
  D:0010H         SYMBOL        x
  -------         ENDDO         
  C:179BH         LINE#         4264
  C:179BH         LINE#         4265
  C:179BH         LINE#         4269
  C:17A1H         LINE#         4270
  C:17A7H         LINE#         4271
  C:17A9H         LINE#         4274
  C:17BEH         LINE#         4275
  C:17C7H         LINE#         4276
  C:17C7H         LINE#         4277
  C:17DCH         LINE#         4278
  C:17F1H         LINE#         4279
  C:1814H         LINE#         4280
  C:181BH         LINE#         4281
  C:1827H         LINE#         4282
  C:1827H         LINE#         4283
  C:183CH         LINE#         4284
  C:1851H         LINE#         4285
  C:1874H         LINE#         4286
  C:187BH         LINE#         4287
  C:188DH         LINE#         4288
  C:188DH         LINE#         4289
  C:18A2H         LINE#         4290
  C:18B7H         LINE#         4291
  C:18DAH         LINE#         4292
  C:18E1H         LINE#         4293
  C:18E3H         LINE#         4294
  C:18E6H         LINE#         4295
  -------         ENDPROC       DISPBAND
  -------         PROC          _DISPPICFROMSD
  D:003FH         SYMBOL        PicNum
  -------         DO            
  D:0040H         SYMBOL        Address_S
  D:0044H         SYMBOL        Address_E
  D:0002H         SYMBOL        i
  D:0048H         SYMBOL        k
  -------         ENDDO         
  C:218DH         LINE#         4317
  C:218FH         LINE#         4318
  C:218FH         LINE#         4324
  C:2192H         LINE#         4327
  C:2194H         LINE#         4329
  C:2196H         LINE#         4331
BL51 BANKED LINKER/LOCATER V6.22                                                      04/30/2019  09:30:44  PAGE 26


  C:21A1H         LINE#         4332
  C:21C2H         LINE#         4333
  C:21DAH         LINE#         4334
  C:21F0H         LINE#         4335
  C:21F0H         LINE#         4336
  C:21FBH         LINE#         4338
  C:2204H         LINE#         4339
  C:2204H         LINE#         4341
  C:221FH         LINE#         4342
  C:2228H         LINE#         4343
  C:223FH         LINE#         4345
  C:2241H         LINE#         4383
  -------         ENDPROC       _DISPPICFROMSD
  -------         PROC          DISPSCALEHOR1
  -------         DO            
  D:005AH         SYMBOL        i
  D:005CH         SYMBOL        j
  D:0002H         SYMBOL        k
  -------         ENDDO         
  C:1177H         LINE#         4388
  C:1177H         LINE#         4389
  C:1177H         LINE#         4392
  C:117AH         LINE#         4395
  C:117AH         LINE#         4396
  C:117AH         LINE#         4397
  C:1196H         LINE#         4398
  C:119BH         LINE#         4399
  C:119BH         LINE#         4400
  C:11A0H         LINE#         4401
  C:11A0H         LINE#         4402
  C:11B3H         LINE#         4403
  C:11C4H         LINE#         4404
  C:11D5H         LINE#         4406
  C:11E0H         LINE#         4409
  C:11E3H         LINE#         4410
  C:11E3H         LINE#         4411
  C:11FFH         LINE#         4412
  C:1204H         LINE#         4413
  C:1204H         LINE#         4414
  C:1209H         LINE#         4415
  C:1209H         LINE#         4416
  C:1233H         LINE#         4417
  C:1244H         LINE#         4418
  C:1255H         LINE#         4419
  C:1260H         LINE#         4422
  C:1263H         LINE#         4423
  C:1263H         LINE#         4424
  C:127FH         LINE#         4425
  C:1284H         LINE#         4426
  C:1284H         LINE#         4427
  C:1289H         LINE#         4428
  C:1289H         LINE#         4429
  C:1290H         LINE#         4430
  C:12A1H         LINE#         4431
  C:12B2H         LINE#         4432
  C:12BDH         LINE#         4435
  C:12C0H         LINE#         4436
BL51 BANKED LINKER/LOCATER V6.22                                                      04/30/2019  09:30:44  PAGE 27


  C:12C0H         LINE#         4437
  C:12DCH         LINE#         4438
  C:12E1H         LINE#         4439
  C:12E1H         LINE#         4440
  C:12E6H         LINE#         4441
  C:12E6H         LINE#         4442
  C:1312H         LINE#         4443
  C:1323H         LINE#         4444
  C:1334H         LINE#         4445
  C:133FH         LINE#         4446
  C:1341H         LINE#         4447
  -------         ENDPROC       DISPSCALEHOR1
  -------         PROC          DISPSCALEVER
  -------         DO            
  D:005EH         SYMBOL        i
  D:0060H         SYMBOL        j
  D:0002H         SYMBOL        k
  -------         ENDDO         
  C:1FBCH         LINE#         4449
  C:1FBCH         LINE#         4450
  C:1FBCH         LINE#         4519
  C:1FBFH         LINE#         4521
  C:1FC5H         LINE#         4522
  C:1FC5H         LINE#         4523
  C:1FCAH         LINE#         4524
  C:1FCAH         LINE#         4525
  C:1FD0H         LINE#         4526
  C:1FE1H         LINE#         4527
  C:1FE8H         LINE#         4529
  C:1FEBH         LINE#         4530
  C:1FEBH         LINE#         4532
  C:1FF0H         LINE#         4533
  C:1FF0H         LINE#         4535
  C:1FF5H         LINE#         4536
  C:1FF5H         LINE#         4537
  C:2007H         LINE#         4538
  C:2018H         LINE#         4540
  C:201DH         LINE#         4541
  C:201DH         LINE#         4542
  C:2045H         LINE#         4543
  C:2056H         LINE#         4545
  C:205BH         LINE#         4546
  C:205BH         LINE#         4547
  C:2062H         LINE#         4548
  C:2073H         LINE#         4550
  C:2078H         LINE#         4551
  C:2078H         LINE#         4552
  C:208CH         LINE#         4553
  C:209DH         LINE#         4555
  C:20B1H         LINE#         4557
  C:20BFH         LINE#         4559
  -------         ENDPROC       DISPSCALEVER
  -------         PROC          DISPSCALEVER_RED
  -------         DO            
  D:0062H         SYMBOL        i
  D:0064H         SYMBOL        j
  D:0002H         SYMBOL        k
BL51 BANKED LINKER/LOCATER V6.22                                                      04/30/2019  09:30:44  PAGE 28


  -------         ENDDO         
  C:28DFH         LINE#         4561
  C:28DFH         LINE#         4562
  C:28DFH         LINE#         4565
  C:28E2H         LINE#         4567
  C:28E4H         LINE#         4569
  C:28E6H         LINE#         4572
  C:28ECH         LINE#         4573
  C:28ECH         LINE#         4574
  C:28F1H         LINE#         4575
  C:28F1H         LINE#         4576
  C:28F7H         LINE#         4577
  C:2908H         LINE#         4578
  C:290FH         LINE#         4580
  C:2912H         LINE#         4581
  C:2912H         LINE#         4582
  C:2917H         LINE#         4583
  C:2917H         LINE#         4585
  C:291CH         LINE#         4586
  C:291CH         LINE#         4587
  C:292EH         LINE#         4588
  C:293FH         LINE#         4589
  C:2950H         LINE#         4591
  C:295BH         LINE#         4593
  C:295DH         LINE#         4594
  -------         ENDPROC       DISPSCALEVER_RED
  -------         PROC          DISPSCALEVER_GREEN
  -------         DO            
  D:0066H         SYMBOL        i
  D:0068H         SYMBOL        j
  D:0002H         SYMBOL        k
  -------         ENDDO         
  C:26BAH         LINE#         4596
  C:26BAH         LINE#         4597
  C:26BAH         LINE#         4600
  C:26BDH         LINE#         4602
  C:26BFH         LINE#         4603
  C:26C1H         LINE#         4606
  C:26C7H         LINE#         4607
  C:26C7H         LINE#         4608
  C:26CCH         LINE#         4609
  C:26CCH         LINE#         4610
  C:26D2H         LINE#         4612
  C:26E3H         LINE#         4613
  C:26EAH         LINE#         4615
  C:26EDH         LINE#         4616
  C:26EDH         LINE#         4617
  C:26F2H         LINE#         4618
  C:26F2H         LINE#         4620
  C:26F7H         LINE#         4621
  C:26F7H         LINE#         4623
  C:2718H         LINE#         4624
  C:2729H         LINE#         4625
  C:273AH         LINE#         4627
  C:2745H         LINE#         4629
  C:2747H         LINE#         4630
  -------         ENDPROC       DISPSCALEVER_GREEN
BL51 BANKED LINKER/LOCATER V6.22                                                      04/30/2019  09:30:44  PAGE 29


  -------         PROC          DISPSCALEVER_BLUE
  -------         DO            
  D:0076H         SYMBOL        i
  D:0082H         SYMBOL        j
  D:0002H         SYMBOL        k
  -------         ENDDO         
  C:2CF1H         LINE#         4632
  C:2CF1H         LINE#         4633
  C:2CF1H         LINE#         4636
  C:2CF4H         LINE#         4638
  C:2CF6H         LINE#         4639
  C:2CF8H         LINE#         4642
  C:2CFEH         LINE#         4643
  C:2CFEH         LINE#         4644
  C:2D03H         LINE#         4645
  C:2D03H         LINE#         4646
  C:2D09H         LINE#         4647
  C:2D12H         LINE#         4648
  C:2D19H         LINE#         4650
  C:2D1CH         LINE#         4651
  C:2D1CH         LINE#         4652
  C:2D21H         LINE#         4653
  C:2D21H         LINE#         4655
  C:2D26H         LINE#         4656
  C:2D26H         LINE#         4657
  C:2D2DH         LINE#         4658
  C:2D36H         LINE#         4659
  C:2D47H         LINE#         4661
  C:2D52H         LINE#         4663
  C:2D54H         LINE#         4664
  -------         ENDPROC       DISPSCALEVER_BLUE
  -------         PROC          DISPSCALEVER_GRAY
  -------         DO            
  D:006AH         SYMBOL        i
  D:006CH         SYMBOL        j
  D:0002H         SYMBOL        k
  -------         ENDDO         
  C:295EH         LINE#         4666
  C:295EH         LINE#         4667
  C:295EH         LINE#         4670
  C:2961H         LINE#         4672
  C:2963H         LINE#         4677
  C:2969H         LINE#         4678
  C:2969H         LINE#         4679
  C:296EH         LINE#         4680
  C:296EH         LINE#         4681
  C:2974H         LINE#         4683
  C:2985H         LINE#         4684
  C:298CH         LINE#         4686
  C:298FH         LINE#         4687
  C:298FH         LINE#         4688
  C:2994H         LINE#         4689
  C:2994H         LINE#         4691
  C:2999H         LINE#         4692
  C:2999H         LINE#         4693
  C:29ADH         LINE#         4694
  C:29BEH         LINE#         4695
BL51 BANKED LINKER/LOCATER V6.22                                                      04/30/2019  09:30:44  PAGE 30


  C:29CFH         LINE#         4697
  C:29DAH         LINE#         4699
  C:29DCH         LINE#         4700
  -------         ENDPROC       DISPSCALEVER_GRAY
  -------         PROC          DISPGRAYHOR16
  -------         DO            
  D:000CH         SYMBOL        i
  D:0002H         SYMBOL        j
  D:000EH         SYMBOL        k
  -------         ENDDO         
  C:27D4H         LINE#         4702
  C:27D4H         LINE#         4703
  C:27D4H         LINE#         4706
  C:27D7H         LINE#         4708
  C:27D9H         LINE#         4709
  C:27DBH         LINE#         4711
  C:27E0H         LINE#         4712
  C:27E0H         LINE#         4713
  C:27E9H         LINE#         4714
  C:27E9H         LINE#         4715
  C:27EFH         LINE#         4716
  C:27F6H         LINE#         4718
  C:27F9H         LINE#         4719
  C:27F9H         LINE#         4720
  C:27FEH         LINE#         4721
  C:27FEH         LINE#         4722
  C:282DH         LINE#         4723
  C:283EH         LINE#         4724
  C:2849H         LINE#         4725
  C:285AH         LINE#         4727
  C:285CH         LINE#         4728
  -------         ENDPROC       DISPGRAYHOR16
  -------         PROC          DISPGRAYHOR32
  -------         DO            
  D:006EH         SYMBOL        i
  D:0002H         SYMBOL        j
  D:0070H         SYMBOL        k
  -------         ENDDO         
  C:2C22H         LINE#         4730
  C:2C22H         LINE#         4731
  C:2C22H         LINE#         4734
  C:2C25H         LINE#         4736
  C:2C27H         LINE#         4738
  C:2C2CH         LINE#         4739
  C:2C2CH         LINE#         4740
  C:2C2FH         LINE#         4741
  C:2C2FH         LINE#         4742
  C:2C35H         LINE#         4743
  C:2C40H         LINE#         4745
  C:2C43H         LINE#         4746
  C:2C43H         LINE#         4747
  C:2C48H         LINE#         4748
  C:2C48H         LINE#         4749
  C:2C5CH         LINE#         4750
  C:2C6DH         LINE#         4751
  C:2C78H         LINE#         4752
  C:2C89H         LINE#         4754
BL51 BANKED LINKER/LOCATER V6.22                                                      04/30/2019  09:30:44  PAGE 31


  C:2C8BH         LINE#         4755
  -------         ENDPROC       DISPGRAYHOR32
  -------         PROC          DISPSCALEHOR2
  -------         DO            
  D:0082H         SYMBOL        j
  D:0002H         SYMBOL        k
  -------         ENDDO         
  C:18E7H         LINE#         4757
  C:18E7H         LINE#         4758
  C:18E7H         LINE#         4761
  C:18EAH         LINE#         4763
  C:18EAH         LINE#         4764
  C:18EAH         LINE#         4765
  C:18EFH         LINE#         4766
  C:18FFH         LINE#         4767
  C:190AH         LINE#         4768
  C:190DH         LINE#         4769
  C:190DH         LINE#         4770
  C:1912H         LINE#         4771
  C:1922H         LINE#         4772
  C:192DH         LINE#         4773
  C:1930H         LINE#         4774
  C:1930H         LINE#         4775
  C:1935H         LINE#         4776
  C:1945H         LINE#         4777
  C:1950H         LINE#         4778
  C:1953H         LINE#         4779
  C:1953H         LINE#         4780
  C:1958H         LINE#         4781
  C:1968H         LINE#         4782
  C:1973H         LINE#         4783
  C:1976H         LINE#         4784
  C:1976H         LINE#         4785
  C:197BH         LINE#         4786
  C:198BH         LINE#         4787
  C:1996H         LINE#         4788
  C:1999H         LINE#         4789
  C:1999H         LINE#         4790
  C:199EH         LINE#         4791
  C:19AEH         LINE#         4792
  C:19B9H         LINE#         4793
  C:19BCH         LINE#         4794
  C:19BCH         LINE#         4795
  C:19C1H         LINE#         4796
  C:19D1H         LINE#         4797
  C:19DCH         LINE#         4798
  C:19DFH         LINE#         4799
  C:19DFH         LINE#         4800
  C:19E4H         LINE#         4801
  C:19F3H         LINE#         4802
  C:19FEH         LINE#         4803
  C:1A07H         LINE#         4804
  C:1A07H         LINE#         4805
  C:1A0CH         LINE#         4806
  C:1A1BH         LINE#         4807
  C:1A22H         LINE#         4809
  -------         ENDPROC       DISPSCALEHOR2
BL51 BANKED LINKER/LOCATER V6.22                                                      04/30/2019  09:30:44  PAGE 32


  -------         PROC          _TOORD
  D:0007H         SYMBOL        ch
  C:2E1AH         LINE#         4914
  C:2E1AH         LINE#         4915
  C:2E1AH         LINE#         4916
  C:2E20H         LINE#         4917
  C:2E20H         LINE#         4918
  C:2E22H         LINE#         4919
  C:2E24H         LINE#         4920
  C:2E30H         LINE#         4921
  C:2E30H         LINE#         4922
  C:2E34H         LINE#         4923
  C:2E36H         LINE#         4924
  C:2E42H         LINE#         4925
  C:2E42H         LINE#         4926
  C:2E46H         LINE#         4927
  C:2E48H         LINE#         4928
  C:2E54H         LINE#         4929
  C:2E54H         LINE#         4930
  C:2E58H         LINE#         4931
  C:2E5AH         LINE#         4932
  C:2E66H         LINE#         4933
  C:2E66H         LINE#         4934
  C:2E6AH         LINE#         4935
  C:2E6CH         LINE#         4936
  C:2E72H         LINE#         4937
  C:2E72H         LINE#         4938
  C:2E74H         LINE#         4939
  C:2E74H         LINE#         4941
  C:2E74H         LINE#         4942
  -------         ENDPROC       _TOORD
  -------         PROC          L?0465
  -------         ENDPROC       L?0465
  -------         PROC          _DISPONECHAR
  D:0020H         SYMBOL        ord
  D:0006H         SYMBOL        Xstart
  D:0002H         SYMBOL        Ystart
  D:0025H         SYMBOL        TextColor
  D:0027H         SYMBOL        BackColor
  -------         DO            
  D:0029H         SYMBOL        i
  D:0002H         SYMBOL        j
  D:002AH         SYMBOL        p
  D:0003H         SYMBOL        dat
  D:0006H         SYMBOL        index
  -------         ENDDO         
  C:246BH         LINE#         4944
  C:2471H         LINE#         4945
  C:2471H         LINE#         4951
  C:248BH         LINE#         4953
  C:248FH         LINE#         4955
  C:2498H         LINE#         4956
  C:249AH         LINE#         4958
  C:24A8H         LINE#         4960
  C:24B1H         LINE#         4961
  C:24BBH         LINE#         4963
  C:24BEH         LINE#         4964
BL51 BANKED LINKER/LOCATER V6.22                                                      04/30/2019  09:30:44  PAGE 33


  C:24BEH         LINE#         4965
  C:24D0H         LINE#         4966
  C:24D2H         LINE#         4967
  C:24D2H         LINE#         4968
  C:24DFH         LINE#         4969
  C:24DFH         LINE#         4970
  C:24E3H         LINE#         4971
  C:24E5H         LINE#         4973
  C:24E5H         LINE#         4974
  C:24ECH         LINE#         4975
  C:24ECH         LINE#         4976
  C:24F0H         LINE#         4977
  C:24F9H         LINE#         4978
  -------         ENDPROC       _DISPONECHAR
  -------         PROC          _DISPSTR
  D:0015H         SYMBOL        str
  D:0018H         SYMBOL        Xstart
  D:001AH         SYMBOL        Ystart
  D:001CH         SYMBOL        TextColor
  D:001EH         SYMBOL        BackColor
  C:285DH         LINE#         4980
  C:2867H         LINE#         4981
  C:2867H         LINE#         4983
  C:2878H         LINE#         4984
  C:2878H         LINE#         4985
  C:28A4H         LINE#         4987
  C:28AFH         LINE#         4988
  C:28AFH         LINE#         4989
  C:28B4H         LINE#         4990
  C:28BFH         LINE#         4991
  C:28C1H         LINE#         4993
  C:28C1H         LINE#         4994
  C:28CCH         LINE#         4995
  C:28CCH         LINE#         4997
  C:28D7H         LINE#         4998
  C:28D7H         LINE#         4999
  C:28DCH         LINE#         5000
  C:28DCH         LINE#         5001
  C:28DEH         LINE#         5003
  -------         ENDPROC       _DISPSTR
  -------         PROC          _DISPINT
  D:0015H         SYMBOL        i
  D:0017H         SYMBOL        Xstart
  D:0019H         SYMBOL        Ystart
  D:001BH         SYMBOL        TextColor
  D:001DH         SYMBOL        BackColor
  C:2625H         LINE#         5005
  C:2631H         LINE#         5006
  C:2631H         LINE#         5007
  C:263CH         LINE#         5008
  C:263CH         LINE#         5009
  C:2642H         LINE#         5010
  C:2642H         LINE#         5011
  C:264DH         LINE#         5012
  C:264DH         LINE#         5013
  C:2659H         LINE#         5014
  C:2659H         LINE#         5016
BL51 BANKED LINKER/LOCATER V6.22                                                      04/30/2019  09:30:44  PAGE 34


  C:2676H         LINE#         5017
  C:2682H         LINE#         5018
  C:2699H         LINE#         5019
  -------         ENDPROC       _DISPINT
  -------         PROC          READDATA
  C:332AH         LINE#         5027
  C:332AH         LINE#         5028
  C:332AH         LINE#         5048
  C:3339H         LINE#         5055
  C:333CH         LINE#         5056
  -------         ENDPROC       READDATA
  -------         PROC          _PUTPIXEL
  D:0006H         SYMBOL        x
  D:0004H         SYMBOL        y
  D:000CH         SYMBOL        color
  C:3061H         LINE#         5232
  C:3065H         LINE#         5233
  C:3065H         LINE#         5234
  C:3083H         LINE#         5235
  C:308BH         LINE#         5236
  C:3093H         LINE#         5237
  C:309BH         LINE#         5238
  -------         ENDPROC       _PUTPIXEL
  -------         PROC          _DRAWLINE
  D:004CH         SYMBOL        Xstart
  D:004EH         SYMBOL        Xend
  D:0050H         SYMBOL        Ystart
  D:0052H         SYMBOL        Yend
  D:0054H         SYMBOL        color
  -------         DO            
  D:0002H         SYMBOL        i
  D:0082H         SYMBOL        j
  -------         ENDDO         
  C:2D55H         LINE#         5241
  C:2D61H         LINE#         5242
  C:2D61H         LINE#         5245
  C:2D7BH         LINE#         5247
  C:2D8FH         LINE#         5248
  C:2D8FH         LINE#         5249
  C:2DA7H         LINE#         5250
  C:2DA7H         LINE#         5251
  C:2DAEH         LINE#         5252
  C:2DB1H         LINE#         5253
  C:2DB8H         LINE#         5254
  -------         ENDPROC       _DRAWLINE
  -------         PROC          _DRAWGIRD
  D:0072H         SYMBOL        color
  -------         DO            
  D:0074H         SYMBOL        i
  -------         ENDDO         
  C:2A5BH         LINE#         5256
  C:2A5FH         LINE#         5257
  C:2A5FH         LINE#         5260
  C:2A70H         LINE#         5261
  C:2A70H         LINE#         5262
  C:2A8AH         LINE#         5264
  C:2A97H         LINE#         5266
BL51 BANKED LINKER/LOCATER V6.22                                                      04/30/2019  09:30:44  PAGE 35


  C:2AA8H         LINE#         5267
  C:2AA8H         LINE#         5268
  C:2AC2H         LINE#         5269
  C:2ACFH         LINE#         5271
  -------         ENDPROC       _DRAWGIRD
  -------         ENDMOD        LCD

[...]
  C:100CH         LINE#         276
  C:1040H         LINE#         277
  C:1040H         LINE#         278
  C:1040H         LINE#         279
  C:1043H         LINE#         280
  C:1045H         LINE#         281
  C:1045H         LINE#         282
  C:1048H         LINE#         283
  C:104AH         LINE#         284
  C:104AH         LINE#         285
  C:104DH         LINE#         286
  C:104FH         LINE#         287
  C:104FH         LINE#         288
  C:1052H         LINE#         289
  C:1054H         LINE#         290
  C:1054H         LINE#         291
  C:1057H         LINE#         292
  C:1059H         LINE#         293
  C:1059H         LINE#         294
  C:105CH         LINE#         295
  C:105EH         LINE#         296
  C:105EH         LINE#         297
  C:1061H         LINE#         298
  C:1063H         LINE#         299
  C:1063H         LINE#         300
  C:1066H         LINE#         301
  C:1068H         LINE#         302
  C:1068H         LINE#         303
  C:106BH         LINE#         304
  C:106DH         LINE#         305
  C:106DH         LINE#         306
  C:1070H         LINE#         307
  C:1072H         LINE#         308
  C:1072H         LINE#         309
  C:1075H         LINE#         310
  C:1075H         LINE#         311
  C:1075H         LINE#         312
  C:1075H         LINE#         313
  C:1075H         LINE#         314
  C:1080H         LINE#         315
  C:1080H         LINE#         316
  C:1086H         LINE#         317
  C:1095H         LINE#         318
  C:1095H         LINE#         319
  C:109AH         LINE#         320
  C:109DH         LINE#         321
  C:10ACH         LINE#         322
  C:10ACH         LINE#         323
  C:10C1H         LINE#         324
  C:10C6H         LINE#         325
  C:10CEH         LINE#         326
  C:10D8H         LINE#         327
  C:10E6H         LINE#         328
  C:10F4H         LINE#         329
BL51 BANKED LINKER/LOCATER V6.22                                                      04/30/2019  09:30:44  PAGE 41


  C:10F6H         LINE#         331
  C:10F6H         LINE#         332
  C:10FBH         LINE#         333
  C:10FEH         LINE#         334
  C:1116H         LINE#         335
  C:1116H         LINE#         336
  C:112FH         LINE#         337
  C:1134H         LINE#         338
  C:113CH         LINE#         339
  C:1143H         LINE#         340
  C:1148H         LINE#         341
  C:1148H         LINE#         342
  C:115CH         LINE#         343
  C:115CH         LINE#         344
  C:1163H         LINE#         345
  C:1168H         LINE#         346
  C:1168H         LINE#         347
  C:1176H         LINE#         348
  C:1176H         LINE#         349
  -------         ENDPROC       USBXCORE_HANDLE_SETUP
  -------         PROC          USBXCORE_FORCE_STALL
  C:3284H         LINE#         356
  C:3284H         LINE#         358
  C:328FH         LINE#         359
  C:329AH         LINE#         360
  C:32A0H         LINE#         361
  -------         ENDPROC       USBXCORE_FORCE_STALL
  -------         PROC          USBXCORE_GET_STATUS
  C:2B43H         LINE#         367
  C:2B43H         LINE#         369
  C:2B52H         LINE#         370
  C:2B52H         LINE#         371
  C:2B52H         LINE#         372
  C:2B52H         LINE#         373
  C:2B52H         LINE#         374
  C:2B54H         LINE#         375
  C:2B54H         LINE#         379
  C:2B54H         LINE#         381
  C:2B62H         LINE#         385
  C:2B62H         LINE#         386
  C:2B62H         LINE#         387
  C:2B62H         LINE#         388
  C:2B64H         LINE#         390
  C:2B64H         LINE#         392
  C:2B72H         LINE#         396
  C:2B72H         LINE#         397
  C:2B7FH         LINE#         398
  C:2B7FH         LINE#         399
  C:2B81H         LINE#         401
  C:2B81H         LINE#         402
  C:2B8FH         LINE#         403
  C:2B98H         LINE#         404
  C:2B98H         LINE#         405
  C:2B98H         LINE#         406
  C:2B9AH         LINE#         407
  C:2B9AH         LINE#         408
  C:2B9DH         LINE#         409
BL51 BANKED LINKER/LOCATER V6.22                                                      04/30/2019  09:30:44  PAGE 42


  C:2B9DH         LINE#         410
  C:2B9DH         LINE#         411
  C:2BA5H         LINE#         412
  C:2BA5H         LINE#         413
  C:2BA8H         LINE#         414
  C:2BAEH         LINE#         415
  C:2BB5H         LINE#         416
  C:2BB5H         LINE#         417
  -------         ENDPROC       USBXCORE_GET_STATUS
  -------         PROC          USBXCORE_CLEAR_FEATURE
  C:2ECFH         LINE#         423
  C:2ECFH         LINE#         425
  C:2ED5H         LINE#         426
  C:2ED5H         LINE#         428
  C:2EDCH         LINE#         429
  C:2EDCH         LINE#         430
  C:2EE7H         LINE#         436
  C:2EF2H         LINE#         437
  C:2EF7H         LINE#         438
  C:2EF9H         LINE#         440
  C:2EF9H         LINE#         442
  C:2F04H         LINE#         446
  C:2F0FH         LINE#         447
  C:2F14H         LINE#         448
  C:2F14H         LINE#         449
  C:2F16H         LINE#         451
  C:2F16H         LINE#         452
  C:2F19H         LINE#         453
  C:2F19H         LINE#         454
  C:2F24H         LINE#         455
  -------         ENDPROC       USBXCORE_CLEAR_FEATURE
  -------         PROC          USBXCORE_VENDOR_USB_API
  C:20C0H         LINE#         462
  C:20C0H         LINE#         464
  C:20CAH         LINE#         465
  C:20CAH         LINE#         466
  C:20D1H         LINE#         467
  C:20D1H         LINE#         468
  C:20D4H         LINE#         469
  C:20D7H         LINE#         470
  C:20D9H         LINE#         472
  C:20D9H         LINE#         473
  C:20E0H         LINE#         474
  C:20E0H         LINE#         477
  C:20EBH         LINE#         482
  C:20F6H         LINE#         483
  C:2101H         LINE#         485
  C:2101H         LINE#         486
  C:2114H         LINE#         487
  C:2114H         LINE#         488
  C:2118H         LINE#         489
  C:2123H         LINE#         491
  C:2123H         LINE#         492
  C:2136H         LINE#         493
  C:2136H         LINE#         494
  C:213AH         LINE#         495
  C:2145H         LINE#         497
BL51 BANKED LINKER/LOCATER V6.22                                                      04/30/2019  09:30:44  PAGE 43


  C:214BH         LINE#         498
  C:2153H         LINE#         499
  C:2153H         LINE#         500
  C:2156H         LINE#         501
  C:2156H         LINE#         502
  C:2156H         LINE#         503
  C:2161H         LINE#         504
  C:2161H         LINE#         505
  C:2167H         LINE#         506
  C:216EH         LINE#         507
  C:216EH         LINE#         508
  C:2172H         LINE#         509
  C:2172H         LINE#         510
  C:2178H         LINE#         511
  C:217FH         LINE#         512
  C:217FH         LINE#         513
  C:218AH         LINE#         514
  -------         ENDPROC       USBXCORE_VENDOR_USB_API
  -------         PROC          USBXCORE_SET_FEATURE
  C:2F27H         LINE#         521
  C:2F27H         LINE#         523
  C:2F2DH         LINE#         524
  C:2F2DH         LINE#         526
  C:2F34H         LINE#         527
  C:2F34H         LINE#         528
  C:2F3FH         LINE#         534
  C:2F4AH         LINE#         535
  C:2F4DH         LINE#         536
  C:2F4FH         LINE#         538
  C:2F4FH         LINE#         540
  C:2F5AH         LINE#         544
  C:2F65H         LINE#         545
  C:2F6BH         LINE#         546
  C:2F6BH         LINE#         548
  C:2F6DH         LINE#         550
  C:2F6DH         LINE#         551
  C:2F70H         LINE#         552
  C:2F70H         LINE#         553
  C:2F7BH         LINE#         554
  -------         ENDPROC       USBXCORE_SET_FEATURE
  -------         PROC          USBXCORE_SET_ADDRESS
  C:3245H         LINE#         561
  C:3245H         LINE#         563
  C:3254H         LINE#         564
  C:325AH         LINE#         565
  C:325AH         LINE#         566
  C:325DH         LINE#         567
  C:325FH         LINE#         569
  C:325FH         LINE#         570
  C:3262H         LINE#         571
  C:3262H         LINE#         572
  -------         ENDPROC       USBXCORE_SET_ADDRESS
  -------         PROC          USBXCORE_GET_DESCRIPTOR
  C:22F5H         LINE#         579
  C:22F5H         LINE#         580
  C:2304H         LINE#         581
  C:2304H         LINE#         582
BL51 BANKED LINKER/LOCATER V6.22                                                      04/30/2019  09:30:44  PAGE 44


  C:2304H         LINE#         583
  C:2312H         LINE#         584
  C:2316H         LINE#         585
  C:2318H         LINE#         586
  C:2318H         LINE#         587
  C:2326H         LINE#         588
  C:2339H         LINE#         589
  C:233BH         LINE#         590
  C:233BH         LINE#         591
  C:235FH         LINE#         592
  C:236BH         LINE#         593
  C:236DH         LINE#         594
  C:236DH         LINE#         595
  C:2370H         LINE#         596
  C:2370H         LINE#         597
  C:2370H         LINE#         598
  C:2386H         LINE#         599
  C:2386H         LINE#         600
  C:238EH         LINE#         601
  C:238EH         LINE#         602
  C:2396H         LINE#         603
  C:2396H         LINE#         604
  C:2399H         LINE#         605
  C:239FH         LINE#         606
  C:23A6H         LINE#         607
  C:23A6H         LINE#         608
  -------         ENDPROC       USBXCORE_GET_DESCRIPTOR
  -------         PROC          USBXCORE_GET_CONFIGURATION
  C:301AH         LINE#         614
  C:301AH         LINE#         616
  C:3022H         LINE#         617
  C:3022H         LINE#         618
  C:302EH         LINE#         619
  C:3036H         LINE#         620
  C:3036H         LINE#         621
  C:303AH         LINE#         622
  C:303AH         LINE#         623
  C:3048H         LINE#         624
  C:3050H         LINE#         625
  C:3050H         LINE#         626
  C:3053H         LINE#         627
  C:3059H         LINE#         628
  C:3060H         LINE#         629
  -------         ENDPROC       USBXCORE_GET_CONFIGURATION
  -------         PROC          USBXCORE_SET_CONFIGURATION
  C:2E75H         LINE#         635
  C:2E75H         LINE#         637
  C:2E7EH         LINE#         638
  C:2E7EH         LINE#         639
  C:2E85H         LINE#         640
  C:2E8BH         LINE#         641
  C:2E90H         LINE#         642
  C:2E92H         LINE#         644
  C:2E9DH         LINE#         645
  C:2EA8H         LINE#         646
  C:2EB3H         LINE#         653
  C:2EBEH         LINE#         654
BL51 BANKED LINKER/LOCATER V6.22                                                      04/30/2019  09:30:44  PAGE 45


  C:2EC0H         LINE#         656
  C:2EC0H         LINE#         657
  C:2EC6H         LINE#         658
  C:2ECAH         LINE#         659
  C:2ECCH         LINE#         660
  C:2ECCH         LINE#         661
  -------         ENDPROC       USBXCORE_SET_CONFIGURATION
  -------         PROC          USBXCORE_GET_INTERFACE
  C:31D6H         LINE#         668
  C:31D6H         LINE#         670
  C:31E4H         LINE#         671
  C:31ECH         LINE#         672
  C:31EFH         LINE#         673
  C:31F5H         LINE#         674
  C:31FCH         LINE#         675
  -------         ENDPROC       USBXCORE_GET_INTERFACE
  -------         PROC          USBXCORE_SET_SOP
  C:3303H         LINE#         682
  C:3303H         LINE#         684
  C:330BH         LINE#         685
  C:330BH         LINE#         686
  C:3316H         LINE#         687
  C:3316H         LINE#         688
  -------         ENDPROC       USBXCORE_SET_SOP
  -------         PROC          USBXCORE_USB_ISR
  C:14FDH         LINE#         699
  C:151AH         LINE#         702
  C:1520H         LINE#         703
  C:1533H         LINE#         706
  C:1546H         LINE#         709
  C:154AH         LINE#         710
  C:154AH         LINE#         711
  C:1555H         LINE#         712
  C:1555H         LINE#         714
  C:155CH         LINE#         715
  C:155CH         LINE#         716
  C:155FH         LINE#         717
  C:155FH         LINE#         719
  C:1566H         LINE#         720
  C:1566H         LINE#         721
  C:1573H         LINE#         722
  C:1573H         LINE#         723
  C:157AH         LINE#         724
  C:157AH         LINE#         725
  C:157AH         LINE#         727
  C:157AH         LINE#         728
  C:157AH         LINE#         730
  C:157AH         LINE#         732
  C:158DH         LINE#         734
  C:1591H         LINE#         735
  C:1591H         LINE#         736
  C:1594H         LINE#         737
  C:1594H         LINE#         740
  C:159BH         LINE#         741
  C:159BH         LINE#         742
  C:15A6H         LINE#         748
  C:15B9H         LINE#         749
BL51 BANKED LINKER/LOCATER V6.22                                                      04/30/2019  09:30:44  PAGE 46


  C:15BEH         LINE#         750
  C:15BEH         LINE#         751
  C:15C5H         LINE#         752
  C:15C5H         LINE#         754
  C:15C5H         LINE#         756
  C:15D8H         LINE#         759
  C:15DCH         LINE#         760
  C:15DCH         LINE#         761
  C:15E7H         LINE#         767
  C:15FAH         LINE#         768
  C:15FEH         LINE#         769
  C:15FEH         LINE#         770
  C:1605H         LINE#         771
  C:1605H         LINE#         772
  C:1605H         LINE#         775
  C:1613H         LINE#         776
  C:1618H         LINE#         777
  C:161EH         LINE#         778
  C:1623H         LINE#         781
  C:1630H         LINE#         782
  C:1630H         LINE#         783
  C:1633H         LINE#         784
  C:1633H         LINE#         785
  -------         ENDPROC       USBXCORE_USB_ISR
  -------         ENDMOD        USB_API

  -------         MODULE        USB_SUSPEND
  C:0000H         SYMBOL        _ICE_DUMMY_
  D:00D7H         PUBLIC        USB0XCN
  D:00C9H         PUBLIC        REG0CN
  C:3133H         PUBLIC        USB_Suspend
  D:00A9H         PUBLIC        CLKSEL
  D:00B2H         PUBLIC        OSCICN
  D:00B9H         PUBLIC        CLKMUL
  -------         PROC          USB_SUSPEND
  C:3133H         LINE#         70
  C:3133H         LINE#         72
  C:3136H         LINE#         74
  C:3139H         LINE#         76
  C:3141H         LINE#         79
  C:3144H         LINE#         80
  C:3147H         LINE#         81
  C:314AH         LINE#         82
  C:314DH         LINE#         84
  C:314EH         LINE#         86
  C:3151H         LINE#         88
  C:3157H         LINE#         92
  C:315AH         LINE#         94
  C:315DH         LINE#         95
  -------         ENDPROC       USB_SUSPEND
  -------         ENDMOD        USB_SUSPEND

  -------         MODULE        USB_INT_ENABLE
  C:0000H         SYMBOL        _ICE_DUMMY_
  C:32D4H         PUBLIC        USB_Int_Enable
  D:0096H         PUBLIC        USB0ADR
  D:0097H         PUBLIC        USB0DAT
BL51 BANKED LINKER/LOCATER V6.22                                                      04/30/2019  09:30:44  PAGE 47


  -------         PROC          USB_INT_ENABLE
  C:32D4H         LINE#         68
  C:32D4H         LINE#         71
  C:32DBH         LINE#         73
  C:32E1H         LINE#         74
  C:32E1H         LINE#         75
  C:32ECH         LINE#         77
  C:32ECH         LINE#         78
  -------         ENDPROC       USB_INT_ENABLE
  -------         ENDMOD        USB_INT_ENABLE

  -------         MODULE        USB_CLOCK_RECOVERY
  C:0000H         SYMBOL        _ICE_DUMMY_
  C:335CH         PUBLIC        USBXcore_ClkRec
  D:0096H         PUBLIC        USB0ADR
  D:0097H         PUBLIC        USB0DAT
  -------         PROC          USBXCORE_CLKREC
  C:335CH         LINE#         45
  C:335CH         LINE#         47
  C:3367H         LINE#         48
  -------         ENDPROC       USBXCORE_CLKREC
  -------         ENDMOD        USB_CLOCK_RECOVERY

  -------         MODULE        ?C?COPY
  C:0CFFH         PUBLIC        ?C?COPY
  -------         ENDMOD        ?C?COPY

  -------         MODULE        ?C?CLDPTR
  C:0D25H         PUBLIC        ?C?CLDPTR
  -------         ENDMOD        ?C?CLDPTR

  -------         MODULE        ?C?CLDOPTR
  C:0D3EH         PUBLIC        ?C?CLDOPTR
  -------         ENDMOD        ?C?CLDOPTR

  -------         MODULE        ?C?IMUL
  C:0D6BH         PUBLIC        ?C?IMUL
  -------         ENDMOD        ?C?IMUL

  -------         MODULE        ?C?IILDX
  C:0D7DH         PUBLIC        ?C?IILDX
  -------         ENDMOD        ?C?IILDX

  -------         MODULE        ?C?LMUL
  C:0D93H         PUBLIC        ?C?LMUL
  -------         ENDMOD        ?C?LMUL

  -------         MODULE        ?C?ULDIV
  C:0E1EH         PUBLIC        ?C?ULDIV
  -------         ENDMOD        ?C?ULDIV

  -------         MODULE        ?C?ULCMP
  C:0EB0H         PUBLIC        ?C?ULCMP
  -------         ENDMOD        ?C?ULCMP

  -------         MODULE        ?C?ULSHR
  C:0EC1H         PUBLIC        ?C?ULSHR
BL51 BANKED LINKER/LOCATER V6.22                                                      04/30/2019  09:30:44  PAGE 48


  -------         ENDMOD        ?C?ULSHR

  -------         MODULE        ?C?LSHL
  C:0ED4H         PUBLIC        ?C?LSHL
  -------         ENDMOD        ?C?LSHL

  -------         MODULE        ?C?LLDIIDATA
  C:0EF0H         PUBLIC        ?C?LLDIIDATA
  C:0EE7H         PUBLIC        ?C?LLDIIDATA1
  C:0EE9H         PUBLIC        ?C?LLDIIDATA8
  -------         ENDMOD        ?C?LLDIIDATA

  -------         MODULE        ?C?LSTXDATA
  C:0F07H         PUBLIC        ?C?LSTXDATA
  -------         ENDMOD        ?C?LSTXDATA

  -------         MODULE        ?C?LSTKXDATA
  C:0F13H         PUBLIC        ?C?LSTKXDATA
  -------         ENDMOD        ?C?LSTKXDATA

  -------         MODULE        ?C_IBP
  D:007AH         PUBLIC        ?C_IBP
  -------         ENDMOD        ?C_IBP

*** WARNING L16: UNCALLED SEGMENT, IGNORED FOR OVERLAY PROCESS
    SEGMENT: ?PR?SD_INIT?MMC_SD

*** WARNING L16: UNCALLED SEGMENT, IGNORED FOR OVERLAY PROCESS
    SEGMENT: ?PR?_DISPPICFROMSD?LCD

*** WARNING L16: UNCALLED SEGMENT, IGNORED FOR OVERLAY PROCESS
    SEGMENT: ?PR?DISPSCALEHOR1?LCD

*** WARNING L16: UNCALLED SEGMENT, IGNORED FOR OVERLAY PROCESS
    SEGMENT: ?PR?DISPSCALEVER?LCD

*** WARNING L16: UNCALLED SEGMENT, IGNORED FOR OVERLAY PROCESS
    SEGMENT: ?PR?DISPSCALEVER_RED?LCD

*** WARNING L16: UNCALLED SEGMENT, IGNORED FOR OVERLAY PROCESS
    SEGMENT: ?PR?DISPSCALEVER_GREEN?LCD

*** WARNING L16: UNCALLED SEGMENT, IGNORED FOR OVERLAY PROCESS
    SEGMENT: ?PR?DISPSCALEVER_BLUE?LCD

*** WARNING L16: UNCALLED SEGMENT, IGNORED FOR OVERLAY PROCESS
    SEGMENT: ?PR?DISPSCALEVER_GRAY?LCD

*** WARNING L16: UNCALLED SEGMENT, IGNORED FOR OVERLAY PROCESS
    SEGMENT: ?PR?DISPGRAYHOR32?LCD

*** WARNING L16: UNCALLED SEGMENT, IGNORED FOR OVERLAY PROCESS
    SEGMENT: ?PR?DISPSCALEHOR2?LCD

*** WARNING L16: UNCALLED SEGMENT, IGNORED FOR OVERLAY PROCESS
    SEGMENT: ?PR?_DRAWGIRD?LCD

BL51 BANKED LINKER/LOCATER V6.22                                                      04/30/2019  09:30:44  PAGE 49


*** WARNING L15: MULTIPLE CALL TO SEGMENT
    SEGMENT: ?PR?_WRITECOMM?LCD
    CALLER1: ?PR?USB_API_TEST_ISR?MAIN
    CALLER2: ?C_C51STARTUP

*** WARNING L15: MULTIPLE CALL TO SEGMENT
    SEGMENT: ?PR?_WRITEDATA?LCD
    CALLER1: ?PR?USB_API_TEST_ISR?MAIN
    CALLER2: ?C_C51STARTUP

Program Size: data=124.0 xdata=1095 code=13174
LINK/LOCATE RUN COMPLETE.  13 WARNING(S),  0 ERROR(S)
