BL51 BANKED LINKER/LOCATER V6.22                                                        06/25/2019  09:43:18  PAGE 1


BL51 BANKED LINKER/LOCATER V6.22, INVOKED BY:
C:\KEIL\C51\BIN\BL51.EXE main.obj, mmc_sd.obj, lcd.obj, tp.obj, .\USBX_F34X.LIB TO ST7775R_CTC20_16BIT RAMSIZE (256)


MEMORY MODEL: COMPACT WITH FLOATING POINT ARITHMETIC


INPUT MODULES INCLUDED:
  main.obj (MAIN)
  mmc_sd.obj (MMC_SD)
  lcd.obj (LCD)
  tp.obj (TP)
  .\USBX_F34X.LIB (USB_API)
  .\USBX_F34X.LIB (USB_CLOCK_START)
  .\USBX_F34X.LIB (USB_SUSPEND)
  .\USBX_F34X.LIB (GET_INTERRUPT_SOURCE)
  .\USBX_F34X.LIB (BLOCK_READ)
  .\USBX_F34X.LIB (BLOCK_WRITE)
  .\USBX_F34X.LIB (USB_INT_ENABLE)
  .\USBX_F34X.LIB (USB_CLOCK_RECOVERY)
  .\USBX_F34X.LIB (USB_JUMP_ISR)
  C:\KEIL\C51\LIB\C51FPC.LIB (?C?FPMUL)
  C:\KEIL\C51\LIB\C51FPC.LIB (?C?FCAST)
  C:\KEIL\C51\LIB\C51FPC.LIB (?C?CASTF)
  C:\KEIL\C51\LIB\C51FPC.LIB (?C?FPGETOPN)
  C:\KEIL\C51\LIB\C51C.LIB (?C_STARTUP)
  C:\KEIL\C51\LIB\C51C.LIB (?C?COPY)
  C:\KEIL\C51\LIB\C51C.LIB (?C?CLDPTR)
  C:\KEIL\C51\LIB\C51C.LIB (?C?CLDOPTR)
  C:\KEIL\C51\LIB\C51C.LIB (?C?IMUL)
  C:\KEIL\C51\LIB\C51C.LIB (?C?IILDX)
  C:\KEIL\C51\LIB\C51C.LIB (?C?LMUL)
  C:\KEIL\C51\LIB\C51C.LIB (?C?ULDIV)
  C:\KEIL\C51\LIB\C51C.LIB (?C?LNEG)
  C:\KEIL\C51\LIB\C51C.LIB (?C?ULCMP)
  C:\KEIL\C51\LIB\C51C.LIB (?C?ULSHR)
  C:\KEIL\C51\LIB\C51C.LIB (?C?LSHL)
  C:\KEIL\C51\LIB\C51C.LIB (?C?LLDIPDATA)
  C:\KEIL\C51\LIB\C51C.LIB (?C?LSTXDATA)
  C:\KEIL\C51\LIB\C51C.LIB (?C?LSTPDATA)
  C:\KEIL\C51\LIB\C51C.LIB (?C?LSTKXDATA)
  C:\KEIL\C51\LIB\C51C.LIB (?C?LSTKPDATA)
  C:\KEIL\C51\LIB\C51C.LIB (?C_PBP)
  C:\KEIL\C51\LIB\C51C.LIB (?C_INIT)


LINK MAP OF MODULE:  ST7775R_CTC20_16BIT (MAIN)


            TYPE    BASE      LENGTH    RELOCATION   SEGMENT NAME
            -----------------------------------------------------

            * * * * * * *   D A T A   M E M O R Y   * * * * * * *
            REG     0000H     0008H     ABSOLUTE     "REG BANK 0"
            DATA    0008H     0001H     UNIT         ?C?LIB_DATA
            IDATA   0009H     0001H     UNIT         ?STACK

            * * * * * * *  X D A T A   M E M O R Y  * * * * * * *
BL51 BANKED LINKER/LOCATER V6.22                                                      06/25/2019  09:43:18  PAGE 2


            XDATA   0000H     0010H     INPAGE       ?PD?MAIN
            XDATA   0010H     0004H     INPAGE       ?PD?_MMC_SD_READSINGLEBLOCK?MMC_SD
            XDATA   0014H     000CH     INPAGE       ?PD?_DISPPICFROMSD?LCD
            XDATA   0020H     0004H     INPAGE       ?PD?DISPSCALEHOR1?LCD
            XDATA   0024H     0004H     INPAGE       ?PD?DISPSCALEVER?LCD
            XDATA   0028H     0004H     INPAGE       ?PD?DISPSCALEVER_RED?LCD
            XDATA   002CH     0004H     INPAGE       ?PD?DISPSCALEVER_GREEN?LCD
            XDATA   0030H     0004H     INPAGE       ?PD?DISPSCALEVER_BLUE?LCD
            XDATA   0034H     0004H     INPAGE       ?PD?DISPSCALEVER_GRAY?LCD
            XDATA   0038H     0004H     INPAGE       ?PD?DISPGRAYHOR32?LCD
            XDATA   003CH     0002H     INPAGE       ?PD?DISPSCALEHOR2?LCD
            XDATA   003EH     000CH     INPAGE       ?PD?_DRAWLINE?LCD
            XDATA   004AH     0004H     INPAGE       ?PD?_DRAWGIRD?LCD
            XDATA   004EH     0002H     INPAGE       ?PD?LCD
            XDATA   0050H     0026H     INPAGE       _PDATA_GROUP_
            XDATA   0076H     0200H     UNIT         ?XD?MMC_SD
            XDATA   0276H     0058H     UNIT         _XDATA_GROUP_
            XDATA   02CEH     0040H     UNIT         ?XD?MAIN
                    030EH     0332H                  *** GAP ***
            XDATA   0640H     0100H     ABSOLUTE     
            XDATA   0740H     0012H     ABSOLUTE     
            XDATA   0752H     0020H     ABSOLUTE     
            XDATA   0772H     000CH     ABSOLUTE     
            XDATA   077EH     0008H     ABSOLUTE     
            XDATA   0786H     0001H     ABSOLUTE     
            XDATA   0787H     0003H     ABSOLUTE     
            XDATA   078AH     0002H     ABSOLUTE     
            XDATA   078CH     0002H     ABSOLUTE     
            XDATA   078EH     0003H     ABSOLUTE     
            XDATA   0791H     0001H     ABSOLUTE     
            XDATA   0792H     0001H     ABSOLUTE     
            XDATA   0793H     0001H     ABSOLUTE     
            XDATA   0794H     0001H     ABSOLUTE     
            XDATA   0795H     0002H     ABSOLUTE     
            XDATA   0797H     0002H     ABSOLUTE     
            XDATA   0799H     0001H     ABSOLUTE     
            XDATA   079AH     0001H     ABSOLUTE     
            XDATA   079BH     0001H     ABSOLUTE     
            XDATA   079CH     0001H     ABSOLUTE     
            XDATA   079DH     0001H     ABSOLUTE     
            XDATA   079EH     0001H     ABSOLUTE     
            XDATA   079FH     0002H     ABSOLUTE     
            XDATA   07A1H     0001H     ABSOLUTE     
            XDATA   07A2H     0001H     ABSOLUTE     
            XDATA   07A3H     000CH     ABSOLUTE     
                    07AFH     0011H                  *** GAP ***
            XDATA   07C0H     0040H     ABSOLUTE     

            * * * * * * *   C O D E   M E M O R Y   * * * * * * *
            CODE    0000H     0003H     ABSOLUTE     
            CODE    0003H     003AH     UNIT         ?CO?USB_API
            CODE    003DH     0003H     UNIT         ?PR?SUSPEND_DEVICE?MAIN
                    0040H     0003H                  *** GAP ***
            CODE    0043H     0003H     ABSOLUTE     
            CODE    0046H     0043H     UNIT         ?PR?MCU_INIT?MAIN
                    0089H     0002H                  *** GAP ***
            CODE    008BH     0003H     ABSOLUTE     
BL51 BANKED LINKER/LOCATER V6.22                                                      06/25/2019  09:43:18  PAGE 3


            CODE    008EH     060BH     UNIT         ?PR?CONNTOUSB?MAIN
            CODE    0699H     0600H     UNIT         ?CO?LCD
            CODE    0C99H     050DH     UNIT         ?C?LIB_CODE
            CODE    11A6H     0233H     UNIT         ?PR?USBXCORE_HANDLE_SETUP?USB_API
            CODE    13D9H     0226H     UNIT         ?PR?DISPSCALEHOR1?LCD
            CODE    15FFH     01C1H     UNIT         ?PR?TP_DRAWLINE?TP
            CODE    17C0H     01BBH     UNIT         ?PR?LCD_INIT?LCD
            CODE    197BH     01B8H     UNIT         ?PR?DISPSCALEHOR2?LCD
            CODE    1B33H     0151H     UNIT         ?PR?USBXCORE_USB_ISR?USB_API
            CODE    1C84H     014EH     UNIT         ?PR?DISPBAND?LCD
            CODE    1DD2H     0142H     UNIT         ?PR?_LCD_READ_IC_ID?LCD
            CODE    1F14H     013BH     UNIT         ?PR?USB_API_TEST_ISR?MAIN
            CODE    204FH     0137H     UNIT         ?PR?_USB_INIT?USB_API
            CODE    2186H     0126H     UNIT         ?PR?DISPSCALEVER?LCD
            CODE    22ACH     011BH     UNIT         ?PR?_TP_GETPOSITION?TP
            CODE    23C7H     0111H     UNIT         ?PR?_BLOCK_WRITE?BLOCK_WRITE
            CODE    24D8H     00E6H     UNIT         ?PR?_DISPPICFROMSD?LCD
            CODE    25BEH     00CDH     UNIT         ?PR?USBXCORE_VENDOR_USB_API?USB_API
            CODE    268BH     00C8H     UNIT         ?PR?_DISPONECHAR?LCD
            CODE    2753H     00B7H     UNIT         ?PR?MMC_SD_RESET?MMC_SD
            CODE    280AH     00B3H     UNIT         ?PR?_DISPINT?LCD
            CODE    28BDH     00B2H     UNIT         ?PR?USBXCORE_GET_DESCRIPTOR?USB_API
            CODE    296FH     00AFH     UNIT         ?PR?_BLOCK_READ?BLOCK_READ
            CODE    2A1EH     00A4H     UNIT         ?PR?DISPFRAME?LCD
            CODE    2AC2H     009EH     UNIT         ?PR?DISPSCALEVER_GREEN?LCD
            CODE    2B60H     009BH     UNIT         ?PR?DISPGRAYHOR16?LCD
            CODE    2BFBH     0096H     UNIT         ?PR?_DISPSTR?LCD
            CODE    2C91H     008FH     UNIT         ?PR?_?BLOCKWRITE?LCD
            CODE    2D20H     008FH     UNIT         ?PR?DISPSCALEVER_RED?LCD
            CODE    2DAFH     008FH     UNIT         ?PR?DISPSCALEVER_GRAY?LCD
            CODE    2E3EH     008FH     UNIT         ?PR?_DRAWGIRD?LCD
            CODE    2ECDH     008CH     UNIT         ?C_C51STARTUP
            CODE    2F59H     0086H     UNIT         ?PR?_DRAWLINE?LCD
            CODE    2FDFH     0084H     UNIT         ?PR?DISPSCALEVER_BLUE?LCD
            CODE    3063H     007DH     UNIT         ?PR?_MMC_SD_WRITESINGLEBLOCK?MMC_SD
            CODE    30E0H     0076H     UNIT         ?PR?DISPGRAYHOR32?LCD
            CODE    3156H     0075H     UNIT         ?PR?_MMC_SD_SENDCOMMAND?MMC_SD
            CODE    31CBH     0073H     UNIT         ?PR?TP_READ?TP
            CODE    323EH     0073H     UNIT         ?PR?USBXCORE_GET_STATUS?USB_API
            CODE    32B1H     006CH     UNIT         ?PR?DEVICES_INIT?MAIN
            CODE    331DH     0064H     UNIT         ?PR?_MMC_SD_READSINGLEBLOCK?MMC_SD
            CODE    3381H     005BH     UNIT         ?PR?_TOORD?LCD
            CODE    33DCH     005AH     UNIT         ?PR?USBXCORE_SET_CONFIGURATION?USB_API
            CODE    3436H     0058H     UNIT         ?PR?USBXCORE_CLEAR_FEATURE?USB_API
            CODE    348EH     0057H     UNIT         ?PR?USBXCORE_SET_FEATURE?USB_API
            CODE    34E5H     0055H     UNIT         ?PR?_STOPDELAY?MAIN
            CODE    353AH     0052H     UNIT         ?PR?_PUTPIXEL?LCD
            CODE    358CH     0050H     UNIT         ?CO?MAIN
            CODE    35DCH     0047H     UNIT         ?PR?USBXCORE_GET_CONFIGURATION?USB_API
            CODE    3623H     0043H     UNIT         ?PR?_DISPCOLOR?LCD
            CODE    3666H     0038H     UNIT         ?PR?USB_CLOCK_START?USB_CLOCK_START
            CODE    369EH     002DH     UNIT         ?C_INITSEG
            CODE    36CBH     002BH     UNIT         ?PR?USB_SUSPEND?USB_SUSPEND
            CODE    36F6H     0028H     UNIT         ?PR?_WRITEDISPDATA?LCD
            CODE    371EH     0027H     UNIT         ?PR?USBXCORE_USB_RESET?USB_API
            CODE    3745H     0027H     UNIT         ?PR?USBXCORE_GET_INTERFACE?USB_API
            CODE    376CH     0026H     UNIT         ?PR?_TP_WRITE?TP
BL51 BANKED LINKER/LOCATER V6.22                                                      06/25/2019  09:43:18  PAGE 4


            CODE    3792H     0025H     UNIT         ?PR?_WRITEDATA?LCD
            CODE    37B7H     0024H     UNIT         ?PR?MAIN?MAIN
            CODE    37DBH     0022H     UNIT         ?PR?USBXCORE_JUMP_ISR?USB_JUMP_ISR
            CODE    37FDH     0020H     UNIT         ?PR?USBXCORE_SET_ADDRESS?USB_API
            CODE    381DH     001FH     UNIT         ?PR?_DELAY?MAIN
            CODE    383CH     001DH     UNIT         ?PR?USBXCORE_FORCE_STALL?USB_API
            CODE    3859H     001BH     UNIT         ?PR?_WRITECOMM?LCD
            CODE    3874H     0019H     UNIT         ?PR?USB_INT_ENABLE?USB_INT_ENABLE
            CODE    388DH     0016H     UNIT         ?PR?_SPI_WRITEBYTE?MMC_SD
            CODE    38A3H     0016H     UNIT         ?PR?READDATA?LCD
            CODE    38B9H     0014H     UNIT         ?PR?USBXCORE_SET_SOP?USB_API
            CODE    38CDH     0013H     UNIT         ?PR?WAITKEY?MAIN
            CODE    38E0H     0011H     UNIT         ?PR?SD_INIT?MMC_SD
            CODE    38F1H     000EH     UNIT         ?PR?GET_INTERRUPT_SOURCE?GET_INTERRUPT_SOURCE
            CODE    38FFH     000CH     UNIT         ?PR?USBXCORE_CLKREC?USB_CLOCK_RECOVERY
            CODE    390BH     000BH     UNIT         ?PR?SPI_READBYTE?MMC_SD
            CODE    3916H     0009H     UNIT         ?PR?_WRITEONEDOT?LCD



OVERLAY MAP OF MODULE:   ST7775R_CTC20_16BIT (MAIN)


SEGMENT                                            PDATA_GROUP         XDATA_GROUP
  +--> CALLED SEGMENT                            START    LENGTH     START    LENGTH
------------------------------------------------------------------------------------
?PR?USB_API_TEST_ISR?MAIN                        0050H    0001H      -----    -----
  +--> ?PR?GET_INTERRUPT_SOURCE?GET_INTERRUP...
  +--> ?PR?_BLOCK_READ?BLOCK_READ
  +--> ?PR?SUSPEND_DEVICE?MAIN
  +--> ?PR?MCU_INIT?MAIN
  +--> ?PR?_?BLOCKWRITE?LCD

?PR?SUSPEND_DEVICE?MAIN                          -----    -----      -----    -----
  +--> ?PR?USB_SUSPEND?USB_SUSPEND

?PR?USB_SUSPEND?USB_SUSPEND                      -----    -----      -----    -----
  +--> ?PR?USB_CLOCK_START?USB_CLOCK_START

?PR?_?BLOCKWRITE?LCD                             -----    -----      -----    -----
  +--> ?PR?_WRITECOMM?LCD
  +--> ?PR?_WRITEDATA?LCD

?PR?_WRITECOMM?LCD                               0074H    0002H      -----    -----

?PR?_WRITEDATA?LCD                               0074H    0002H      -----    -----

*** NEW ROOT ***************************************************

?PR?USBXCORE_USB_ISR?USB_API                     -----    -----      -----    -----
  +--> ?PR?USBXCORE_USB_RESET?USB_API
  +--> ?PR?USBXCORE_HANDLE_SETUP?USB_API
  +--> ?PR?USBXCORE_JUMP_ISR?USB_JUMP_ISR

?PR?USBXCORE_HANDLE_SETUP?USB_API                -----    -----      -----    -----
  +--> ?PR?USBXCORE_GET_STATUS?USB_API
  +--> ?PR?USBXCORE_CLEAR_FEATURE?USB_API
BL51 BANKED LINKER/LOCATER V6.22                                                      06/25/2019  09:43:18  PAGE 5


  +--> ?PR?USBXCORE_VENDOR_USB_API?USB_API
  +--> ?PR?USBXCORE_SET_FEATURE?USB_API
  +--> ?PR?USBXCORE_SET_ADDRESS?USB_API
  +--> ?PR?USBXCORE_GET_DESCRIPTOR?USB_API
  +--> ?PR?USBXCORE_GET_CONFIGURATION?USB_API
  +--> ?PR?USBXCORE_SET_CONFIGURATION?USB_API
  +--> ?PR?USBXCORE_GET_INTERFACE?USB_API
  +--> ?PR?USBXCORE_SET_SOP?USB_API
  +--> ?PR?USBXCORE_FORCE_STALL?USB_API

?PR?USBXCORE_GET_STATUS?USB_API                  -----    -----      -----    -----
  +--> ?CO?USB_API
  +--> ?PR?USBXCORE_FORCE_STALL?USB_API
  +--> ?PR?USBXCORE_SET_SOP?USB_API

?PR?USBXCORE_CLEAR_FEATURE?USB_API               -----    -----      -----    -----
  +--> ?PR?USBXCORE_FORCE_STALL?USB_API
  +--> ?PR?USBXCORE_SET_SOP?USB_API

?PR?USBXCORE_VENDOR_USB_API?USB_API              -----    -----      -----    -----
  +--> ?PR?USBXCORE_SET_SOP?USB_API

?PR?USBXCORE_SET_FEATURE?USB_API                 -----    -----      -----    -----
  +--> ?PR?USBXCORE_FORCE_STALL?USB_API
  +--> ?PR?USBXCORE_SET_SOP?USB_API

?PR?USBXCORE_SET_ADDRESS?USB_API                 -----    -----      -----    -----
  +--> ?PR?USBXCORE_SET_SOP?USB_API

?PR?USBXCORE_GET_DESCRIPTOR?USB_API              -----    -----      -----    -----
  +--> ?PR?USBXCORE_FORCE_STALL?USB_API
  +--> ?PR?USBXCORE_SET_SOP?USB_API

?PR?USBXCORE_GET_CONFIGURATION?USB_API           -----    -----      -----    -----
  +--> ?CO?USB_API
  +--> ?PR?USBXCORE_SET_SOP?USB_API

?PR?USBXCORE_SET_CONFIGURATION?USB_API           -----    -----      -----    -----
  +--> ?PR?USBXCORE_SET_SOP?USB_API

?PR?USBXCORE_GET_INTERFACE?USB_API               -----    -----      -----    -----
  +--> ?CO?USB_API
  +--> ?PR?USBXCORE_SET_SOP?USB_API

*** NEW ROOT ***************************************************

?C_C51STARTUP                                    -----    -----      -----    -----
  +--> ?PR?MAIN?MAIN
  +--> ?C_INITSEG

?PR?MAIN?MAIN                                    -----    -----      -----    -----
  +--> ?PR?DEVICES_INIT?MAIN
  +--> ?PR?DISPFRAME?LCD
  +--> ?PR?_STOPDELAY?MAIN
  +--> ?PR?DISPBAND?LCD
  +--> ?PR?DISPGRAYHOR16?LCD
  +--> ?PR?_DISPCOLOR?LCD
BL51 BANKED LINKER/LOCATER V6.22                                                      06/25/2019  09:43:18  PAGE 6


  +--> ?PR?TP_DRAWLINE?TP

?PR?DEVICES_INIT?MAIN                            -----    -----      -----    -----
  +--> ?PR?MCU_INIT?MAIN
  +--> ?PR?USB_CLOCK_START?USB_CLOCK_START
  +--> ?CO?MAIN
  +--> ?PR?_USB_INIT?USB_API
  +--> ?PR?USB_INT_ENABLE?USB_INT_ENABLE
  +--> ?PR?LCD_INIT?LCD

?PR?_USB_INIT?USB_API                            -----    -----      0276H    0011H
  +--> ?CO?USB_API
  +--> ?PR?USBXCORE_CLKREC?USB_CLOCK_RECOVERY

?PR?LCD_INIT?LCD                                 -----    -----      -----    -----
  +--> ?PR?READDATA?LCD
  +--> ?PR?_DELAY?MAIN
  +--> ?PR?_WRITECOMM?LCD
  +--> ?PR?_WRITEDATA?LCD

?PR?READDATA?LCD                                 -----    -----      -----    -----
  +--> ?PR?_LCD_READ_IC_ID?LCD

?PR?_LCD_READ_IC_ID?LCD                          005CH    0008H      -----    -----

?PR?DISPFRAME?LCD                                0053H    0002H      -----    -----
  +--> ?PR?_?BLOCKWRITE?LCD
  +--> ?PR?_WRITEDISPDATA?LCD

?PR?_WRITEDISPDATA?LCD                           0074H    0001H      -----    -----

?PR?_STOPDELAY?MAIN                              0053H    0004H      -----    -----
  +--> ?PR?WAITKEY?MAIN
  +--> ?PR?_DELAY?MAIN

?PR?WAITKEY?MAIN                                 -----    -----      -----    -----
  +--> ?PR?CONNTOUSB?MAIN
  +--> ?PR?_DELAY?MAIN

?PR?CONNTOUSB?MAIN                               0057H    0005H      0276H    0058H
  +--> ?CO?MAIN
  +--> ?PR?_WRITECOMM?LCD
  +--> ?PR?_WRITEDATA?LCD
  +--> ?PR?_DISPSTR?LCD
  +--> ?PR?_DISPINT?LCD
  +--> ?PR?_WRITEDISPDATA?LCD
  +--> ?PR?_MMC_SD_WRITESINGLEBLOCK?MMC_SD
  +--> ?PR?_BLOCK_WRITE?BLOCK_WRITE
  +--> ?PR?READDATA?LCD
  +--> ?PR?_DELAY?MAIN

?PR?_DISPSTR?LCD                                 005CH    000BH      -----    -----
  +--> ?PR?_TOORD?LCD
  +--> ?PR?_DISPONECHAR?LCD

?PR?_DISPONECHAR?LCD                             0067H    000DH      -----    -----
  +--> ?PR?_?BLOCKWRITE?LCD
BL51 BANKED LINKER/LOCATER V6.22                                                      06/25/2019  09:43:18  PAGE 7


  +--> ?CO?LCD
  +--> ?PR?_WRITEONEDOT?LCD

?PR?_WRITEONEDOT?LCD                             -----    -----      -----    -----
  +--> ?PR?_WRITEDISPDATA?LCD

?PR?_DISPINT?LCD                                 005CH    000AH      -----    -----
  +--> ?PR?_DISPONECHAR?LCD

?PR?_MMC_SD_WRITESINGLEBLOCK?MMC_SD              005CH    0004H      -----    -----
  +--> ?PR?_MMC_SD_SENDCOMMAND?MMC_SD
  +--> ?PR?_SPI_WRITEBYTE?MMC_SD

?PR?_MMC_SD_SENDCOMMAND?MMC_SD                   0060H    0005H      -----    -----
  +--> ?PR?_SPI_WRITEBYTE?MMC_SD

?PR?DISPBAND?LCD                                 0053H    0004H      -----    -----
  +--> ?PR?_?BLOCKWRITE?LCD
  +--> ?PR?_WRITEDISPDATA?LCD

?PR?DISPGRAYHOR16?LCD                            0053H    0004H      -----    -----
  +--> ?PR?_?BLOCKWRITE?LCD
  +--> ?PR?_WRITEDISPDATA?LCD

?PR?_DISPCOLOR?LCD                               0053H    0003H      -----    -----
  +--> ?PR?_?BLOCKWRITE?LCD
  +--> ?PR?_WRITEDISPDATA?LCD

?PR?TP_DRAWLINE?TP                               -----    -----      0276H    0018H
  +--> ?PR?_DISPCOLOR?LCD
  +--> ?PR?_DELAY?MAIN
  +--> ?PR?_TP_GETPOSITION?TP
  +--> ?PR?_PUTPIXEL?LCD

?PR?_TP_GETPOSITION?TP                           -----    -----      028EH    001BH
  +--> ?PR?_TP_WRITE?TP
  +--> ?PR?TP_READ?TP

?PR?_TP_WRITE?TP                                 -----    -----      02A9H    0001H

?PR?TP_READ?TP                                   -----    -----      02A9H    0005H

?PR?_PUTPIXEL?LCD                                0053H    0002H      -----    -----
  +--> ?PR?_?BLOCKWRITE?LCD
  +--> ?PR?_WRITEDISPDATA?LCD



SYMBOL TABLE OF MODULE:  ST7775R_CTC20_16BIT (MAIN)

  VALUE           TYPE          NAME
  ----------------------------------

  -------         MODULE        MAIN
  C:0000H         SYMBOL        _ICE_DUMMY_
  D:0080H         PUBLIC        P0
  X:0000H         PUBLIC        f_down
BL51 BANKED LINKER/LOCATER V6.22                                                      06/25/2019  09:43:18  PAGE 8


  D:0090H         PUBLIC        P1
  D:00A0H         PUBLIC        P2
  D:00B0H         PUBLIC        P3
  C:35D7H         PUBLIC        USB_MaxPower
  B:00B0H.6       PUBLIC        KEY_STEP
  D:00A4H         PUBLIC        P0MDOUT
  D:00A5H         PUBLIC        P1MDOUT
  D:00A6H         PUBLIC        P2MDOUT
  D:00A7H         PUBLIC        P3MDOUT
  D:00AEH         PUBLIC        P4MDOUT
  B:0080H.6       PUBLIC        OE
  D:00D9H         PUBLIC        PCA0MD
  C:1F14H         PUBLIC        USB_API_TEST_ISR
  C:003DH         PUBLIC        Suspend_Device
  C:34E9H         PUBLIC        _StopDelay
  D:00E1H         PUBLIC        XBR0
  D:00E2H         PUBLIC        XBR1
  B:00B0H.1       PUBLIC        RS
  C:37B7H         PUBLIC        main
  X:0001H         PUBLIC        VerifyCode0
  X:0002H         PUBLIC        VerifyCode1
  C:35A1H         PUBLIC        USB_PID
  X:0003H         PUBLIC        VerifyCode2
  D:00F1H         PUBLIC        P0MDIN
  D:00F2H         PUBLIC        P1MDIN
  C:35A3H         PUBLIC        USB_MfrStr
  D:00F4H         PUBLIC        P3MDIN
  C:359FH         PUBLIC        USB_VID
  D:00F8H         PUBLIC        SPI0CN
  X:0004H         PUBLIC        pic
  C:32B1H         PUBLIC        Devices_Init
  C:008EH         PUBLIC        ConnToUSB
  D:00A9H         PUBLIC        CLKSEL
  D:00B2H         PUBLIC        OSCICN
  C:35D8H         PUBLIC        USB_PwAttributes
  C:38CDH         PUBLIC        WaitKey
  C:35DBH         SYMBOL        _?ix1000
  B:00B0H.0       PUBLIC        CS0
  X:0005H         PUBLIC        bf
  C:35D9H         PUBLIC        USB_bcdDevice
  D:00B9H         PUBLIC        CLKMUL
  X:0007H         PUBLIC        f_debug
  X:0008H         PUBLIC        sd
  X:02CEH         PUBLIC        Packet
  C:0046H         PUBLIC        MCU_Init
  B:0080H.7       PUBLIC        DIR
  D:00EFH         PUBLIC        RSTSRC
  X:000CH         PUBLIC        f_read
  C:35CDH         PUBLIC        USB_SerialStr
  X:000DH         PUBLIC        f_other
  C:35BDH         PUBLIC        USB_ProductStr
  X:000EH         PUBLIC        f_para
  D:00A1H         PUBLIC        SPI0CFG
  C:381DH         PUBLIC        _Delay
  B:00B0H.7       PUBLIC        KEY_Stop
  X:000FH         PUBLIC        f_init
  -------         PROC          MAIN
BL51 BANKED LINKER/LOCATER V6.22                                                      06/25/2019  09:43:18  PAGE 9


  C:37B7H         LINE#         40
  C:37B7H         LINE#         41
  C:37B7H         LINE#         46
  C:37BAH         LINE#         48
  C:37BDH         LINE#         49
  C:37BDH         LINE#         67
  C:37C3H         LINE#         72
  C:37C9H         LINE#         73
  C:37CFH         LINE#         74
  C:37D5H         LINE#         80
  C:37D8H         LINE#         82
  C:37DAH         LINE#         83
  -------         ENDPROC       MAIN
  -------         PROC          _DELAY
  D:0006H         SYMBOL        dly
  -------         DO            
  D:0004H         SYMBOL        i
  D:0002H         SYMBOL        j
  -------         ENDDO         
  C:381DH         LINE#         86
  C:381DH         LINE#         87
  C:381DH         LINE#         90
  C:3827H         LINE#         91
  C:383BH         LINE#         92
  -------         ENDPROC       _DELAY
  C:34E5H         SYMBOL        L?0133
  -------         PROC          L?0132
  -------         ENDPROC       L?0132
  C:34E5H         SYMBOL        L?0133
  -------         PROC          _STOPDELAY
  X:0053H         SYMBOL        sdly
  -------         DO            
  D:0006H         SYMBOL        i
  D:0004H         SYMBOL        j
  X:0055H         SYMBOL        k
  -------         ENDDO         
  C:34E9H         LINE#         94
  C:34F0H         LINE#         95
  C:34F0H         LINE#         97
  C:34F5H         LINE#         98
  C:34F5H         LINE#         99
  C:34F8H         LINE#         100
  C:34F8H         LINE#         101
  C:3505H         LINE#         102
  C:3519H         LINE#         103
  C:3519H         LINE#         105
  C:3519H         LINE#         106
  C:3523H         LINE#         107
  C:3523H         LINE#         108
  C:3539H         LINE#         109
  -------         ENDPROC       _STOPDELAY
  -------         PROC          WAITKEY
  C:38CDH         LINE#         138
  C:38CDH         LINE#         139
  C:38CDH         LINE#         141
  C:38D0H         LINE#         142
  C:38D0H         LINE#         144
BL51 BANKED LINKER/LOCATER V6.22                                                      06/25/2019  09:43:18  PAGE 10


  C:38D3H         LINE#         146
  C:38D5H         LINE#         147
  C:38DCH         LINE#         148
  C:38DFH         LINE#         150
  -------         ENDPROC       WAITKEY
  -------         PROC          CONNTOUSB
  -------         DO            
  X:0057H         SYMBOL        i
  X:0276H         SYMBOL        reg_data
  X:028EH         SYMBOL        para_data
  D:0007H         SYMBOL        dat
  X:0058H         SYMBOL        reg_index
  X:005AH         SYMBOL        data_num
  X:005BH         SYMBOL        st
  -------         ENDDO         
  C:008EH         LINE#         155
  C:008EH         LINE#         156
  C:008EH         LINE#         163
  C:00A1H         LINE#         165
  C:00A9H         LINE#         166
  C:00A9H         LINE#         167
  C:00B7H         LINE#         168
  C:00B7H         LINE#         169
  C:00C8H         LINE#         170
  C:00C8H         LINE#         171
  C:00EEH         LINE#         172
  C:00F0H         LINE#         173
  C:0104H         LINE#         174
  C:0104H         LINE#         175
  C:012AH         LINE#         177
  C:012AH         LINE#         178
  C:012AH         LINE#         179
  C:012AH         LINE#         181
  C:012AH         LINE#         182
  C:0132H         LINE#         183
  C:013CH         LINE#         184
  C:0146H         LINE#         186
  C:0162H         LINE#         188
  C:016CH         LINE#         189
  C:016CH         LINE#         190
  C:017DH         LINE#         191
  C:017DH         LINE#         192
  C:018EH         LINE#         193
  C:018EH         LINE#         194
  C:01E1H         LINE#         195
  C:01E3H         LINE#         196
  C:01F9H         LINE#         197
  C:01F9H         LINE#         198
  C:024BH         LINE#         199
  C:024BH         LINE#         200
  C:024BH         LINE#         201
  C:024BH         LINE#         203
  C:024BH         LINE#         204
  C:0253H         LINE#         205
  C:0253H         LINE#         206
  C:025DH         LINE#         207
  C:0267H         LINE#         209
BL51 BANKED LINKER/LOCATER V6.22                                                      06/25/2019  09:43:18  PAGE 11


  C:026BH         LINE#         210
  C:026EH         LINE#         214
  C:0276H         LINE#         215
  C:0276H         LINE#         216
  C:0285H         LINE#         217
  C:0285H         LINE#         218
  C:0287H         LINE#         220
  C:0289H         LINE#         221
  C:02A5H         LINE#         222
  C:02A7H         LINE#         224
  C:02D0H         LINE#         225
  C:02F4H         LINE#         226
  C:02FEH         LINE#         227
  C:02FEH         LINE#         228
  C:0306H         LINE#         229
  C:030DH         LINE#         230
  C:0318H         LINE#         231
  C:031EH         LINE#         232
  C:031EH         LINE#         233
  C:0327H         LINE#         235
  C:032BH         LINE#         236
  C:0337H         LINE#         237
  C:033AH         LINE#         240
  C:0342H         LINE#         241
  C:0342H         LINE#         242
  C:034BH         LINE#         243
  C:034BH         LINE#         244
  C:035BH         LINE#         245
  C:035BH         LINE#         246
  C:035DH         LINE#         248
  C:035FH         LINE#         249
  C:037BH         LINE#         250
  C:037DH         LINE#         252
  C:03A6H         LINE#         253
  C:03CAH         LINE#         255
  C:03D4H         LINE#         256
  C:03D4H         LINE#         257
  C:03DCH         LINE#         258
  C:03E3H         LINE#         259
  C:03EEH         LINE#         260
  C:03F4H         LINE#         261
  C:03F4H         LINE#         263
  C:03FDH         LINE#         269
  C:03FDH         LINE#         270
  C:040AH         LINE#         271
  C:040AH         LINE#         272
  C:040CH         LINE#         274
  C:040EH         LINE#         275
  C:042AH         LINE#         276
  C:042CH         LINE#         278
  C:0434H         LINE#         279
  C:0438H         LINE#         280
  C:0444H         LINE#         281
  C:0444H         LINE#         282
  C:0447H         LINE#         285
  C:044FH         LINE#         286
  C:044FH         LINE#         287
BL51 BANKED LINKER/LOCATER V6.22                                                      06/25/2019  09:43:18  PAGE 12


  C:0460H         LINE#         288
  C:0460H         LINE#         289
  C:046DH         LINE#         290
  C:046DH         LINE#         291
  C:048BH         LINE#         292
  C:048DH         LINE#         293
  C:049DH         LINE#         294
  C:049DH         LINE#         295
  C:04BBH         LINE#         296
  C:04BDH         LINE#         297
  C:04CEH         LINE#         298
  C:04CEH         LINE#         299
  C:04D8H         LINE#         300
  C:04E2H         LINE#         301
  C:04E2H         LINE#         302
  C:04E2H         LINE#         303
  C:04E2H         LINE#         305
  C:04E2H         LINE#         306
  C:04EBH         LINE#         307
  C:04EFH         LINE#         308
  C:04FBH         LINE#         309
  C:04FEH         LINE#         312
  C:0506H         LINE#         313
  C:0506H         LINE#         314
  C:0513H         LINE#         315
  C:0524H         LINE#         317
  C:052DH         LINE#         318
  C:053CH         LINE#         320
  C:0544H         LINE#         321
  C:0544H         LINE#         322
  C:054DH         LINE#         323
  C:055CH         LINE#         324
  C:055CH         LINE#         325
  C:055FH         LINE#         326
  C:056EH         LINE#         327
  C:057AH         LINE#         328
  C:0580H         LINE#         329
  C:0580H         LINE#         331
  C:0584H         LINE#         332
  C:0593H         LINE#         334
  C:059AH         LINE#         335
  C:05B6H         LINE#         336
  C:05C0H         LINE#         337
  C:05C0H         LINE#         338
  C:05E6H         LINE#         339
  C:05F9H         LINE#         340
  C:05F9H         LINE#         341
  C:064BH         LINE#         342
  C:0653H         LINE#         343
  C:0653H         LINE#         344
  C:0653H         LINE#         347
  C:0658H         LINE#         348
  C:0658H         LINE#         349
  C:0665H         LINE#         350
  C:0676H         LINE#         352
  C:067BH         LINE#         353
  C:067FH         LINE#         354
BL51 BANKED LINKER/LOCATER V6.22                                                      06/25/2019  09:43:18  PAGE 13


  C:0682H         LINE#         355
  C:0686H         LINE#         357
  C:068AH         LINE#         358
  C:0696H         LINE#         359
  C:0698H         LINE#         360
  -------         ENDPROC       CONNTOUSB
  -------         PROC          MCU_INIT
  -------         DO            
  D:0007H         SYMBOL        n
  -------         ENDDO         
  C:0046H         LINE#         363
  C:0046H         LINE#         364
  C:0046H         LINE#         366
  C:0049H         LINE#         369
  C:004CH         LINE#         370
  C:004FH         LINE#         372
  C:0052H         LINE#         374
  C:0058H         LINE#         376
  C:005BH         LINE#         377
  C:0060H         LINE#         378
  C:0063H         LINE#         380
  C:0066H         LINE#         383
  C:0069H         LINE#         384
  C:006CH         LINE#         386
  C:006FH         LINE#         387
  C:0072H         LINE#         389
  C:0075H         LINE#         390
  C:0078H         LINE#         392
  C:007BH         LINE#         393
  C:007EH         LINE#         394
  C:0080H         LINE#         395
  C:0082H         LINE#         397
  C:0085H         LINE#         398
  C:0088H         LINE#         400
  -------         ENDPROC       MCU_INIT
  -------         PROC          DEVICES_INIT
  C:32B1H         LINE#         402
  C:32B1H         LINE#         403
  C:32B1H         LINE#         405
  C:32B4H         LINE#         408
  C:32B7H         LINE#         409
  C:3311H         LINE#         410
  C:3314H         LINE#         413
  C:3317H         LINE#         414
  C:331AH         LINE#         422
  -------         ENDPROC       DEVICES_INIT
  -------         PROC          SUSPEND_DEVICE
  C:003DH         LINE#         426
  C:003DH         LINE#         427
  C:003DH         LINE#         428
  -------         ENDPROC       SUSPEND_DEVICE
  -------         PROC          USB_API_TEST_ISR
  -------         DO            
  X:0050H         SYMBOL        INTVAL
  -------         ENDDO         
  C:1F14H         LINE#         432
  C:1F31H         LINE#         434
BL51 BANKED LINKER/LOCATER V6.22                                                      06/25/2019  09:43:18  PAGE 14


  C:1F38H         LINE#         436
  C:1F3EH         LINE#         437
  C:1F3EH         LINE#         438
  C:1F49H         LINE#         440
  C:1F65H         LINE#         441
  C:1F65H         LINE#         442
  C:1F67H         LINE#         443
  C:1F69H         LINE#         444
  C:1F7FH         LINE#         445
  C:1F7FH         LINE#         446
  C:1F81H         LINE#         447
  C:1F83H         LINE#         448
  C:1F9BH         LINE#         449
  C:1F9BH         LINE#         450
  C:1F9DH         LINE#         451
  C:1F9FH         LINE#         452
  C:1FB9H         LINE#         453
  C:1FB9H         LINE#         454
  C:1FBBH         LINE#         455
  C:1FBDH         LINE#         456
  C:1FD2H         LINE#         457
  C:1FD2H         LINE#         458
  C:1FD4H         LINE#         459
  C:1FD6H         LINE#         461
  C:1FD6H         LINE#         462
  C:1FDBH         LINE#         463
  C:1FDBH         LINE#         464
  C:1FDBH         LINE#         466
  C:1FDBH         LINE#         467
  C:1FDBH         LINE#         469
  C:1FDBH         LINE#         471
  C:1FE1H         LINE#         472
  C:1FE1H         LINE#         473
  C:1FE4H         LINE#         474
  C:1FE4H         LINE#         476
  C:1FEAH         LINE#         477
  C:1FEAH         LINE#         478
  C:1FEDH         LINE#         479
  C:1FEDH         LINE#         481
  C:1FF3H         LINE#         482
  C:1FF3H         LINE#         483
  C:200EH         LINE#         484
  C:200EH         LINE#         486
  C:2014H         LINE#         487
  C:2014H         LINE#         488
  C:2019H         LINE#         489
  C:2034H         LINE#         490
  C:2034H         LINE#         491
  -------         ENDPROC       USB_API_TEST_ISR
  -------         ENDMOD        MAIN

  -------         MODULE        MMC_SD
  C:0000H         SYMBOL        _ICE_DUMMY_
  D:00A2H         PUBLIC        SPI0CKR
  D:0080H         PUBLIC        P0
  D:0090H         PUBLIC        P1
  D:00A0H         PUBLIC        P2
BL51 BANKED LINKER/LOCATER V6.22                                                      06/25/2019  09:43:18  PAGE 15


  D:00B0H         PUBLIC        P3
  C:3156H         PUBLIC        _MMC_SD_SendCommand
  C:331DH         PUBLIC        _MMC_SD_ReadSingleBlock
  C:38E0H         PUBLIC        SD_Init
  C:3063H         PUBLIC        _MMC_SD_WriteSingleBlock
  B:00F8H.7       PUBLIC        SPIF
  B:00F8H.2       PUBLIC        NSSMD0
  C:2753H         PUBLIC        MMC_SD_Reset
  D:00A9H         PUBLIC        CLKSEL
  C:390BH         PUBLIC        SPI_ReadByte
  C:3899H         PUBLIC        _SPI_WriteByte
  D:00A3H         PUBLIC        SPI0DAT
  X:0076H         PUBLIC        buffer
  C:388DH         SYMBOL        L?0062
  C:3892H         SYMBOL        L?0063
  -------         PROC          L?0061
  -------         ENDPROC       L?0061
  C:388DH         SYMBOL        L?0062
  C:3892H         SYMBOL        L?0063
  -------         PROC          _SPI_WRITEBYTE
  D:0007H         SYMBOL        val
  -------         DO            
  D:0007H         SYMBOL        ret
  -------         ENDDO         
  C:3899H         LINE#         7
  C:3899H         LINE#         8
  C:3899H         LINE#         11
  C:389BH         LINE#         12
  C:389EH         LINE#         13
  C:38A0H         LINE#         14
  C:38A2H         LINE#         15
  C:38A2H         LINE#         16
  -------         ENDPROC       _SPI_WRITEBYTE
  -------         PROC          SPI_READBYTE
  -------         DO            
  D:0007H         SYMBOL        ret
  -------         ENDDO         
  C:390BH         LINE#         18
  C:390BH         LINE#         19
  C:390BH         LINE#         22
  C:390EH         LINE#         23
  C:3911H         LINE#         24
  C:3913H         LINE#         25
  C:3915H         LINE#         26
  C:3915H         LINE#         27
  -------         ENDPROC       SPI_READBYTE
  -------         PROC          _MMC_SD_SENDCOMMAND
  D:0006H         SYMBOL        cmd
  X:0061H         SYMBOL        arg
  -------         DO            
  D:0007H         SYMBOL        r1
  D:0003H         SYMBOL        retry
  -------         ENDDO         
  C:3156H         LINE#         29
  C:3158H         LINE#         30
  C:3158H         LINE#         32
  C:315AH         LINE#         34
BL51 BANKED LINKER/LOCATER V6.22                                                      06/25/2019  09:43:18  PAGE 16


  C:315AH         LINE#         35
  C:315AH         LINE#         36
  C:315DH         LINE#         37
  C:315DH         LINE#         38
  C:315DH         LINE#         39
  C:3160H         LINE#         41
  C:3162H         LINE#         43
  C:3169H         LINE#         44
  C:317EH         LINE#         45
  C:3193H         LINE#         46
  C:31A8H         LINE#         47
  C:31B2H         LINE#         48
  C:31B7H         LINE#         50
  C:31BFH         LINE#         51
  C:31C8H         LINE#         53
  C:31CAH         LINE#         55
  C:31CAH         LINE#         56
  -------         ENDPROC       _MMC_SD_SENDCOMMAND
  -------         PROC          MMC_SD_RESET
  -------         DO            
  D:0005H         SYMBOL        i
  D:0002H         SYMBOL        retry
  D:0006H         SYMBOL        r1
  -------         ENDDO         
  C:2753H         LINE#         58
  C:2753H         LINE#         59
  C:2753H         LINE#         62
  C:2755H         LINE#         64
  C:2756H         LINE#         65
  C:2759H         LINE#         66
  C:275CH         LINE#         68
  C:275CH         LINE#         69
  C:2768H         LINE#         70
  C:2778H         LINE#         71
  C:2779H         LINE#         72
  C:277FH         LINE#         73
  C:2783H         LINE#         75
  C:2785H         LINE#         77
  C:2785H         LINE#         79
  C:2785H         LINE#         80
  C:2795H         LINE#         81
  C:2796H         LINE#         82
  C:279FH         LINE#         83
  C:27A3H         LINE#         85
  C:27A5H         LINE#         86
  C:27B5H         LINE#         87
  C:27B6H         LINE#         88
  C:27BFH         LINE#         89
  C:27C2H         LINE#         91
  C:27C5H         LINE#         92
  C:27C5H         LINE#         93
  C:27C7H         LINE#         95
  C:27C7H         LINE#         96
  C:27D7H         LINE#         97
  C:27D8H         LINE#         98
  C:27E1H         LINE#         99
  C:27E4H         LINE#         100
BL51 BANKED LINKER/LOCATER V6.22                                                      06/25/2019  09:43:18  PAGE 17


  C:27E4H         LINE#         101
  C:27F4H         LINE#         103
  C:2802H         LINE#         104
  C:2805H         LINE#         105
  C:2808H         LINE#         106
  C:2809H         LINE#         107
  -------         ENDPROC       MMC_SD_RESET
  -------         PROC          _MMC_SD_READSINGLEBLOCK
  X:0010H         SYMBOL        sector
  -------         DO            
  D:0007H         SYMBOL        r1
  D:0004H         SYMBOL        i
  D:0002H         SYMBOL        retry
  -------         ENDDO         
  C:331DH         LINE#         109
  C:3322H         LINE#         110
  C:3322H         LINE#         113
  C:3324H         LINE#         115
  C:3327H         LINE#         117
  C:3327H         LINE#         118
  C:3343H         LINE#         119
  C:3344H         LINE#         120
  C:334DH         LINE#         121
  C:3350H         LINE#         124
  C:3352H         LINE#         126
  C:3358H         LINE#         128
  C:335BH         LINE#         129
  C:335BH         LINE#         130
  C:336AH         LINE#         131
  C:3377H         LINE#         133
  C:3377H         LINE#         134
  C:337AH         LINE#         136
  C:337CH         LINE#         137
  C:337FH         LINE#         138
  C:3380H         LINE#         139
  -------         ENDPROC       _MMC_SD_READSINGLEBLOCK
  -------         PROC          _MMC_SD_WRITESINGLEBLOCK
  X:005CH         SYMBOL        sector
  -------         DO            
  D:0006H         SYMBOL        r1
  D:0004H         SYMBOL        i
  D:0002H         SYMBOL        retry
  -------         ENDDO         
  C:3063H         LINE#         141
  C:3068H         LINE#         142
  C:3068H         LINE#         145
  C:306AH         LINE#         147
  C:306DH         LINE#         149
  C:306DH         LINE#         150
  C:308BH         LINE#         151
  C:308CH         LINE#         152
  C:3095H         LINE#         153
  C:3098H         LINE#         157
  C:309AH         LINE#         159
  C:309FH         LINE#         161
  C:30A4H         LINE#         163
  C:30A6H         LINE#         164
BL51 BANKED LINKER/LOCATER V6.22                                                      06/25/2019  09:43:18  PAGE 18


  C:30A6H         LINE#         165
  C:30B5H         LINE#         166
  C:30C2H         LINE#         168
  C:30C2H         LINE#         169
  C:30C2H         LINE#         171
  C:30C7H         LINE#         173
  C:30CEH         LINE#         174
  C:30CEH         LINE#         175
  C:30D0H         LINE#         176
  C:30D1H         LINE#         177
  C:30D1H         LINE#         179
  C:30D9H         LINE#         181
  C:30DBH         LINE#         182
  C:30DEH         LINE#         183
  C:30DFH         LINE#         184
  -------         ENDPROC       _MMC_SD_WRITESINGLEBLOCK
  -------         PROC          SD_INIT
  -------         DO            
  D:0001H         SYMBOL        n
  -------         ENDDO         
  C:38E0H         LINE#         187
  C:38E0H         LINE#         188
  C:38E0H         LINE#         189
  C:38E2H         LINE#         191
  C:38E8H         LINE#         192
  C:38E8H         LINE#         193
  C:38E9H         LINE#         194
  C:38F0H         LINE#         196
  -------         ENDPROC       SD_INIT
  -------         ENDMOD        MMC_SD

  -------         MODULE        LCD
  C:0000H         SYMBOL        _ICE_DUMMY_
  D:0080H         PUBLIC        P0
  C:2A1EH         PUBLIC        DispFrame
  D:0090H         PUBLIC        P1
  C:2AC2H         PUBLIC        DispScaleVer_Green
  D:00A0H         PUBLIC        P2
  D:00B0H         PUBLIC        P3
  D:00C7H         PUBLIC        P4
  C:1C84H         PUBLIC        DispBand
  C:379CH         PUBLIC        _WriteData
  C:0699H         PUBLIC        ascii
  C:1DD2H         PUBLIC        _LCD_Read_IC_ID
  D:00A6H         PUBLIC        P2MDOUT
  C:3623H         PUBLIC        _DispColor
  C:2FDFH         PUBLIC        DispScaleVer_Blue
  C:2E3EH         PUBLIC        _DrawGird
  C:2F59H         PUBLIC        _DrawLine
  C:3859H         PUBLIC        _WriteComm
  C:370BH         PUBLIC        _WriteDispData
  C:2DAFH         PUBLIC        DispScaleVer_Gray
  B:00B0H.1       PUBLIC        RS
  B:00A0H.1       PUBLIC        SPI_CLK
  C:2D20H         PUBLIC        DispScaleVer_Red
  C:2186H         PUBLIC        DispScaleVer
  C:26BBH         PUBLIC        _DispOneChar
BL51 BANKED LINKER/LOCATER V6.22                                                      06/25/2019  09:43:18  PAGE 19


  C:30E0H         PUBLIC        DispGrayHor32
  C:2B60H         PUBLIC        DispGrayHor16
  C:280AH         PUBLIC        _DispInt
  C:353AH         PUBLIC        _PutPixel
  D:00A9H         PUBLIC        CLKSEL
  B:0090H.6       PUBLIC        RD0
  B:00B0H.0       PUBLIC        CS0
  X:004EH         PUBLIC        LCM_ID
  C:17C0H         PUBLIC        LCD_Init
  C:2BFBH         PUBLIC        _DispStr
  B:0090H.7       PUBLIC        WR0
  C:13D9H         PUBLIC        DispScaleHor1
  B:00A0H.0       PUBLIC        SPI_DI
  C:3916H         PUBLIC        _WriteOneDot
  C:197BH         PUBLIC        DispScaleHor2
  C:24D8H         PUBLIC        _DispPicFromSD
  B:0080H.7       PUBLIC        DIR
  C:3381H         PUBLIC        _ToOrd
  B:0080H.5       PUBLIC        RST
  C:38A3H         PUBLIC        ReadData
  C:2CA9H         PUBLIC        _?BlockWrite
  -------         PROC          _LCD_READ_IC_ID
  X:005CH         SYMBOL        ID
  D:0004H         SYMBOL        Bug
  D:0003H         SYMBOL        flog
  -------         DO            
  X:005DH         SYMBOL        id
  X:005FH         SYMBOL        id1
  X:0061H         SYMBOL        temp
  D:0005H         SYMBOL        i
  D:0007H         SYMBOL        dat
  D:0001H         SYMBOL        id2
  X:0063H         SYMBOL        id3
  -------         ENDDO         
  C:1DD2H         LINE#         35
  C:1DD6H         LINE#         36
  C:1DD6H         LINE#         39
  C:1DDFH         LINE#         40
  C:1DDFH         LINE#         42
  C:1DE2H         LINE#         43
  C:1DE4H         LINE#         44
  C:1DE6H         LINE#         45
  C:1DE8H         LINE#         46
  C:1DEAH         LINE#         47
  C:1DEAH         LINE#         48
  C:1DECH         LINE#         49
  C:1DF4H         LINE#         50
  C:1DF6H         LINE#         52
  C:1DF8H         LINE#         53
  C:1DFCH         LINE#         54
  C:1E01H         LINE#         55
  C:1E04H         LINE#         58
  C:1E0EH         LINE#         59
  C:1E0EH         LINE#         60
  C:1E10H         LINE#         61
  C:1E10H         LINE#         62
  C:1E12H         LINE#         63
BL51 BANKED LINKER/LOCATER V6.22                                                      06/25/2019  09:43:18  PAGE 20


  C:1E14H         LINE#         64
  C:1E16H         LINE#         65
  C:1E2DH         LINE#         66
  C:1E2FH         LINE#         67
  C:1E31H         LINE#         68
  C:1E38H         LINE#         69
  C:1E42H         LINE#         70
  C:1E42H         LINE#         71
  C:1E44H         LINE#         72
  C:1E44H         LINE#         73
  C:1E46H         LINE#         74
  C:1E48H         LINE#         75
  C:1E4AH         LINE#         76
  C:1E61H         LINE#         77
  C:1E63H         LINE#         78
  C:1E65H         LINE#         79
  C:1E6AH         LINE#         80
  C:1E6AH         LINE#         82
  C:1E6CH         LINE#         83
  C:1E6CH         LINE#         84
  C:1E6EH         LINE#         85
  C:1E70H         LINE#         86
  C:1E72H         LINE#         87
  C:1E89H         LINE#         88
  C:1E8BH         LINE#         89
  C:1E8DH         LINE#         90
  C:1E92H         LINE#         92
  C:1E94H         LINE#         93
  C:1E94H         LINE#         94
  C:1E96H         LINE#         95
  C:1E98H         LINE#         96
  C:1E9AH         LINE#         97
  C:1EA4H         LINE#         98
  C:1EA6H         LINE#         99
  C:1EA8H         LINE#         100
  C:1EADH         LINE#         102
  C:1EAFH         LINE#         103
  C:1EAFH         LINE#         104
  C:1EB1H         LINE#         105
  C:1EB3H         LINE#         106
  C:1EB5H         LINE#         107
  C:1EC1H         LINE#         108
  C:1EC3H         LINE#         109
  C:1EC5H         LINE#         110
  C:1ECAH         LINE#         111
  C:1ECDH         LINE#         112
  C:1ECFH         LINE#         113
  C:1ED1H         LINE#         114
  C:1ED3H         LINE#         115
  C:1ED5H         LINE#         116
  C:1ED7H         LINE#         117
  C:1ED9H         LINE#         119
  C:1EDDH         LINE#         120
  C:1EDDH         LINE#         121
  C:1EEDH         LINE#         123
  C:1EF8H         LINE#         124
  C:1EF8H         LINE#         125
BL51 BANKED LINKER/LOCATER V6.22                                                      06/25/2019  09:43:18  PAGE 21


  C:1EF8H         LINE#         127
  C:1EFEH         LINE#         128
  C:1EFEH         LINE#         129
  C:1F0AH         LINE#         130
  C:1F0AH         LINE#         132
  C:1F0AH         LINE#         133
  C:1F0CH         LINE#         134
  C:1F13H         LINE#         135
  -------         ENDPROC       _LCD_READ_IC_ID
  -------         PROC          _WRITECOMM
  D:0004H         SYMBOL        i
  -------         DO            
  X:0074H         SYMBOL        j
  X:0075H         SYMBOL        DataH
  -------         ENDDO         
  C:3859H         LINE#         138
  C:385DH         LINE#         139
  C:385DH         LINE#         141
  C:3861H         LINE#         142
  C:3863H         LINE#         164
  C:3863H         LINE#         165
  C:3865H         LINE#         166
  C:3867H         LINE#         167
  C:3869H         LINE#         168
  C:386DH         LINE#         169
  C:386FH         LINE#         170
  C:3871H         LINE#         171
  C:3871H         LINE#         255
  C:3873H         LINE#         256
  -------         ENDPROC       _WRITECOMM
  C:3796H         SYMBOL        L?0436
  C:3797H         SYMBOL        L?0437
  -------         PROC          L?0435
  -------         ENDPROC       L?0435
  C:3796H         SYMBOL        L?0436
  C:3797H         SYMBOL        L?0437
  -------         PROC          _WRITEDATA
  D:0004H         SYMBOL        i
  -------         DO            
  X:0074H         SYMBOL        j
  X:0075H         SYMBOL        DataH
  -------         ENDDO         
  C:379CH         LINE#         258
  C:37A0H         LINE#         259
  C:37A0H         LINE#         261
  C:37A4H         LINE#         262
  C:37A6H         LINE#         288
  C:37A6H         LINE#         289
  C:37A8H         LINE#         290
  C:37AAH         LINE#         291
  C:37ACH         LINE#         292
  C:37B0H         LINE#         293
  C:37B2H         LINE#         294
  C:37B4H         LINE#         295
  C:37B4H         LINE#         449
  C:37B6H         LINE#         450
  -------         ENDPROC       _WRITEDATA
BL51 BANKED LINKER/LOCATER V6.22                                                      06/25/2019  09:43:18  PAGE 22


  C:36F6H         SYMBOL        L?0434
  -------         PROC          L?0433
  -------         ENDPROC       L?0433
  C:36F6H         SYMBOL        L?0434
  -------         PROC          _WRITEDISPDATA
  D:0007H         SYMBOL        DataH
  D:0005H         SYMBOL        DataL
  -------         DO            
  X:0074H         SYMBOL        j
  -------         ENDDO         
  C:370BH         LINE#         452
  C:370BH         LINE#         453
  C:370BH         LINE#         455
  C:370DH         LINE#         480
  C:370DH         LINE#         481
  C:370FH         LINE#         482
  C:3711H         LINE#         483
  C:3713H         LINE#         484
  C:3717H         LINE#         485
  C:3719H         LINE#         486
  C:371BH         LINE#         487
  C:371BH         LINE#         574
  C:371DH         LINE#         575
  -------         ENDPROC       _WRITEDISPDATA
  -------         PROC          _WRITEONEDOT
  D:0004H         SYMBOL        color
  C:3916H         LINE#         577
  C:391AH         LINE#         578
  C:391AH         LINE#         592
  -------         ENDPROC       _WRITEONEDOT
  -------         PROC          LCD_INIT
  C:17C0H         LINE#         600
  C:17C0H         LINE#         601
  C:17C0H         LINE#         602
  C:17C3H         LINE#         605
  C:17C5H         LINE#         606
  C:17CCH         LINE#         608
  C:17CEH         LINE#         609
  C:17D5H         LINE#         611
  C:17D7H         LINE#         612
  C:17DEH         LINE#         1785
  C:17E5H         LINE#         1786
  C:17EBH         LINE#         1787
  C:17F1H         LINE#         1788
  C:17F7H         LINE#         1789
  C:17FDH         LINE#         1790
  C:1804H         LINE#         1791
  C:180BH         LINE#         1792
  C:1812H         LINE#         1793
  C:1819H         LINE#         1794
  C:181EH         LINE#         1795
  C:1823H         LINE#         1796
  C:1828H         LINE#         1797
  C:182DH         LINE#         1798
  C:1832H         LINE#         1799
  C:1837H         LINE#         1800
  C:183CH         LINE#         1803
BL51 BANKED LINKER/LOCATER V6.22                                                      06/25/2019  09:43:18  PAGE 23


  C:1841H         LINE#         1804
  C:1846H         LINE#         1805
  C:184BH         LINE#         1806
  C:1852H         LINE#         1808
  C:1859H         LINE#         1810
  C:1860H         LINE#         1811
  C:1865H         LINE#         1813
  C:186AH         LINE#         1814
  C:186FH         LINE#         1815
  C:1874H         LINE#         1816
  C:1879H         LINE#         1817
  C:187EH         LINE#         1818
  C:1883H         LINE#         1819
  C:1888H         LINE#         1820
  C:188DH         LINE#         1821
  C:1892H         LINE#         1822
  C:1897H         LINE#         1823
  C:189CH         LINE#         1824
  C:18A1H         LINE#         1825
  C:18A6H         LINE#         1826
  C:18ABH         LINE#         1827
  C:18B0H         LINE#         1828
  C:18B5H         LINE#         1829
  C:18BAH         LINE#         1830
  C:18BFH         LINE#         1832
  C:18C4H         LINE#         1833
  C:18CBH         LINE#         1834
  C:18D0H         LINE#         1836
  C:18D5H         LINE#         1837
  C:18DAH         LINE#         1838
  C:18DFH         LINE#         1839
  C:18E6H         LINE#         1840
  C:18EDH         LINE#         1841
  C:18F3H         LINE#         1842
  C:18F9H         LINE#         1843
  C:1900H         LINE#         1844
  C:1907H         LINE#         1845
  C:190EH         LINE#         1846
  C:1915H         LINE#         1847
  C:191AH         LINE#         1848
  C:191FH         LINE#         1849
  C:1926H         LINE#         1850
  C:192DH         LINE#         1851
  C:1933H         LINE#         1852
  C:1939H         LINE#         1853
  C:1940H         LINE#         1854
  C:1947H         LINE#         1855
  C:194EH         LINE#         1857
  C:1955H         LINE#         1858
  C:195CH         LINE#         1860
  C:1963H         LINE#         1861
  C:1968H         LINE#         1862
  C:196DH         LINE#         1863
  C:1974H         LINE#         1864
  -------         ENDPROC       LCD_INIT
  C:2C91H         SYMBOL        L?0429
  -------         PROC          L?0428
BL51 BANKED LINKER/LOCATER V6.22                                                      06/25/2019  09:43:18  PAGE 24


  -------         ENDPROC       L?0428
  C:2C91H         SYMBOL        L?0429
  -------         PROC          _?BLOCKWRITE
  p:0000H         SYMBOL        Xstart
  p:0002H         SYMBOL        Xend
  p:0004H         SYMBOL        Ystart
  p:0006H         SYMBOL        Yend
  C:2CA9H         LINE#         4262
  C:2CCAH         LINE#         4265
  C:2CD8H         LINE#         4266
  C:2CE4H         LINE#         4267
  C:2CF2H         LINE#         4268
  C:2CFCH         LINE#         4270
  C:2D08H         LINE#         4271
  C:2D12H         LINE#         4273
  C:2D19H         LINE#         4386
  -------         ENDPROC       _?BLOCKWRITE
  -------         PROC          _DISPCOLOR
  D:0004H         SYMBOL        color
  -------         DO            
  X:0053H         SYMBOL        i
  D:0002H         SYMBOL        m
  X:0055H         SYMBOL        DataH
  D:0001H         SYMBOL        DataL
  -------         ENDDO         
  C:3623H         LINE#         4388
  C:3625H         LINE#         4389
  C:3625H         LINE#         4392
  C:362BH         LINE#         4394
  C:362EH         LINE#         4396
  C:3630H         LINE#         4397
  C:3636H         LINE#         4398
  C:3636H         LINE#         4399
  C:3639H         LINE#         4400
  C:3639H         LINE#         4401
  C:3642H         LINE#         4402
  C:364DH         LINE#         4403
  C:3663H         LINE#         4405
  C:3665H         LINE#         4406
  -------         ENDPROC       _DISPCOLOR
  -------         PROC          DISPFRAME
  -------         DO            
  D:0002H         SYMBOL        i
  X:0053H         SYMBOL        j
  D:0001H         SYMBOL        DataH
  D:0006H         SYMBOL        DataL
  -------         ENDDO         
  C:2A1EH         LINE#         4408
  C:2A1EH         LINE#         4409
  C:2A1EH         LINE#         4412
  C:2A21H         LINE#         4414
  C:2A23H         LINE#         4417
  C:2A2DH         LINE#         4420
  C:2A2DH         LINE#         4421
  C:2A2DH         LINE#         4423
  C:2A38H         LINE#         4425
  C:2A43H         LINE#         4427
BL51 BANKED LINKER/LOCATER V6.22                                                      06/25/2019  09:43:18  PAGE 25


  C:2A4DH         LINE#         4429
  C:2A52H         LINE#         4430
  C:2A52H         LINE#         4432
  C:2A5CH         LINE#         4434
  C:2A5EH         LINE#         4435
  C:2A5EH         LINE#         4437
  C:2A66H         LINE#         4439
  C:2A71H         LINE#         4442
  C:2A7BH         LINE#         4444
  C:2A91H         LINE#         4446
  C:2A9BH         LINE#         4448
  C:2A9DH         LINE#         4449
  C:2A9DH         LINE#         4451
  C:2AA8H         LINE#         4453
  C:2AB3H         LINE#         4455
  C:2ABDH         LINE#         4458
  C:2ABFH         LINE#         4459
  C:2AC1H         LINE#         4460
  -------         ENDPROC       DISPFRAME
  -------         PROC          DISPBAND
  -------         DO            
  D:0002H         SYMBOL        i
  X:0053H         SYMBOL        j
  X:0054H         SYMBOL        k
  X:0055H         SYMBOL        m
  X:0056H         SYMBOL        n
  D:0001H         SYMBOL        x
  -------         ENDDO         
  C:1C84H         LINE#         4462
  C:1C84H         LINE#         4463
  C:1C84H         LINE#         4467
  C:1C8EH         LINE#         4468
  C:1C97H         LINE#         4469
  C:1C99H         LINE#         4472
  C:1C9CH         LINE#         4473
  C:1CA8H         LINE#         4474
  C:1CA8H         LINE#         4475
  C:1CBDH         LINE#         4476
  C:1CD2H         LINE#         4477
  C:1CF6H         LINE#         4478
  C:1CFDH         LINE#         4479
  C:1D0CH         LINE#         4480
  C:1D0CH         LINE#         4481
  C:1D21H         LINE#         4482
  C:1D36H         LINE#         4483
  C:1D5AH         LINE#         4484
  C:1D61H         LINE#         4485
  C:1D77H         LINE#         4486
  C:1D77H         LINE#         4487
  C:1D8CH         LINE#         4488
  C:1DA1H         LINE#         4489
  C:1DC5H         LINE#         4490
  C:1DCCH         LINE#         4491
  C:1DCEH         LINE#         4492
  C:1DD1H         LINE#         4493
  -------         ENDPROC       DISPBAND
  -------         PROC          _DISPPICFROMSD
BL51 BANKED LINKER/LOCATER V6.22                                                      06/25/2019  09:43:18  PAGE 26


  D:0001H         SYMBOL        PicNum
  -------         DO            
  X:0014H         SYMBOL        Address_S
  X:0018H         SYMBOL        Address_E
  D:0002H         SYMBOL        i
  X:001CH         SYMBOL        k
  -------         ENDDO         
  C:24D8H         LINE#         4515
  C:24DAH         LINE#         4516
  C:24DAH         LINE#         4522
  C:24DDH         LINE#         4525
  C:24DFH         LINE#         4527
  C:24E1H         LINE#         4529
  C:24EAH         LINE#         4530
  C:2513H         LINE#         4531
  C:253CH         LINE#         4532
  C:255FH         LINE#         4533
  C:255FH         LINE#         4534
  C:256FH         LINE#         4536
  C:2578H         LINE#         4537
  C:2578H         LINE#         4539
  C:2593H         LINE#         4540
  C:259CH         LINE#         4541
  C:25BBH         LINE#         4543
  C:25BDH         LINE#         4581
  -------         ENDPROC       _DISPPICFROMSD
  -------         PROC          DISPSCALEHOR1
  -------         DO            
  X:0020H         SYMBOL        i
  X:0022H         SYMBOL        j
  D:0002H         SYMBOL        k
  -------         ENDDO         
  C:13D9H         LINE#         4586
  C:13D9H         LINE#         4587
  C:13D9H         LINE#         4590
  C:13DCH         LINE#         4593
  C:13DCH         LINE#         4594
  C:13DCH         LINE#         4595
  C:13FEH         LINE#         4596
  C:1404H         LINE#         4597
  C:1404H         LINE#         4598
  C:140AH         LINE#         4599
  C:140AH         LINE#         4600
  C:141FH         LINE#         4601
  C:1435H         LINE#         4602
  C:144BH         LINE#         4604
  C:1456H         LINE#         4607
  C:1459H         LINE#         4608
  C:1459H         LINE#         4609
  C:147BH         LINE#         4610
  C:1481H         LINE#         4611
  C:1481H         LINE#         4612
  C:1487H         LINE#         4613
  C:1487H         LINE#         4614
  C:14B2H         LINE#         4615
  C:14C8H         LINE#         4616
  C:14DEH         LINE#         4617
BL51 BANKED LINKER/LOCATER V6.22                                                      06/25/2019  09:43:18  PAGE 27


  C:14ECH         LINE#         4620
  C:14EFH         LINE#         4621
  C:14EFH         LINE#         4622
  C:1511H         LINE#         4623
  C:1517H         LINE#         4624
  C:1517H         LINE#         4625
  C:151DH         LINE#         4626
  C:151DH         LINE#         4627
  C:1527H         LINE#         4628
  C:153DH         LINE#         4629
  C:1553H         LINE#         4630
  C:155EH         LINE#         4633
  C:1561H         LINE#         4634
  C:1561H         LINE#         4635
  C:1583H         LINE#         4636
  C:1589H         LINE#         4637
  C:1589H         LINE#         4638
  C:158FH         LINE#         4639
  C:158FH         LINE#         4640
  C:15C2H         LINE#         4641
  C:15D8H         LINE#         4642
  C:15EEH         LINE#         4643
  C:15FCH         LINE#         4644
  C:15FEH         LINE#         4645
  -------         ENDPROC       DISPSCALEHOR1
  -------         PROC          DISPSCALEVER
  -------         DO            
  X:0024H         SYMBOL        i
  X:0026H         SYMBOL        j
  D:0002H         SYMBOL        k
  -------         ENDDO         
  C:2186H         LINE#         4647
  C:2186H         LINE#         4648
  C:2186H         LINE#         4717
  C:2189H         LINE#         4719
  C:2189H         LINE#         4720
  C:2189H         LINE#         4721
  C:218FH         LINE#         4722
  C:218FH         LINE#         4723
  C:2195H         LINE#         4724
  C:21ABH         LINE#         4725
  C:21B6H         LINE#         4727
  C:21B9H         LINE#         4728
  C:21B9H         LINE#         4730
  C:21BFH         LINE#         4731
  C:21BFH         LINE#         4733
  C:21C5H         LINE#         4734
  C:21C5H         LINE#         4735
  C:21D7H         LINE#         4736
  C:21EDH         LINE#         4738
  C:21F3H         LINE#         4739
  C:21F3H         LINE#         4740
  C:221BH         LINE#         4741
  C:2231H         LINE#         4743
  C:2237H         LINE#         4744
  C:2237H         LINE#         4745
  C:223EH         LINE#         4746
BL51 BANKED LINKER/LOCATER V6.22                                                      06/25/2019  09:43:18  PAGE 28


  C:2254H         LINE#         4748
  C:225AH         LINE#         4749
  C:225AH         LINE#         4750
  C:226EH         LINE#         4751
  C:2284H         LINE#         4753
  C:229DH         LINE#         4755
  C:22ABH         LINE#         4757
  -------         ENDPROC       DISPSCALEVER
  -------         PROC          DISPSCALEVER_RED
  -------         DO            
  X:0028H         SYMBOL        i
  X:002AH         SYMBOL        j
  D:0002H         SYMBOL        k
  -------         ENDDO         
  C:2D20H         LINE#         4759
  C:2D20H         LINE#         4760
  C:2D20H         LINE#         4763
  C:2D23H         LINE#         4765
  C:2D25H         LINE#         4767
  C:2D27H         LINE#         4770
  C:2D27H         LINE#         4771
  C:2D27H         LINE#         4772
  C:2D2DH         LINE#         4773
  C:2D2DH         LINE#         4774
  C:2D33H         LINE#         4775
  C:2D49H         LINE#         4776
  C:2D54H         LINE#         4778
  C:2D57H         LINE#         4779
  C:2D57H         LINE#         4780
  C:2D5DH         LINE#         4781
  C:2D5DH         LINE#         4783
  C:2D63H         LINE#         4784
  C:2D63H         LINE#         4785
  C:2D75H         LINE#         4786
  C:2D8BH         LINE#         4787
  C:2DA1H         LINE#         4789
  C:2DACH         LINE#         4791
  C:2DAEH         LINE#         4792
  -------         ENDPROC       DISPSCALEVER_RED
  -------         PROC          DISPSCALEVER_GREEN
  -------         DO            
  X:002CH         SYMBOL        i
  X:002EH         SYMBOL        j
  D:0002H         SYMBOL        k
  -------         ENDDO         
  C:2AC2H         LINE#         4794
  C:2AC2H         LINE#         4795
  C:2AC2H         LINE#         4798
  C:2AC5H         LINE#         4800
  C:2AC7H         LINE#         4801
  C:2AC9H         LINE#         4804
  C:2AC9H         LINE#         4805
  C:2AC9H         LINE#         4806
  C:2ACFH         LINE#         4807
  C:2ACFH         LINE#         4808
  C:2AD5H         LINE#         4810
  C:2AEBH         LINE#         4811
BL51 BANKED LINKER/LOCATER V6.22                                                      06/25/2019  09:43:18  PAGE 29


  C:2AF6H         LINE#         4813
  C:2AF9H         LINE#         4814
  C:2AF9H         LINE#         4815
  C:2AFFH         LINE#         4816
  C:2AFFH         LINE#         4818
  C:2B05H         LINE#         4819
  C:2B05H         LINE#         4821
  C:2B26H         LINE#         4822
  C:2B3CH         LINE#         4823
  C:2B52H         LINE#         4825
  C:2B5DH         LINE#         4827
  C:2B5FH         LINE#         4828
  -------         ENDPROC       DISPSCALEVER_GREEN
  -------         PROC          DISPSCALEVER_BLUE
  -------         DO            
  X:0030H         SYMBOL        i
  X:0032H         SYMBOL        j
  D:0002H         SYMBOL        k
  -------         ENDDO         
  C:2FDFH         LINE#         4830
  C:2FDFH         LINE#         4831
  C:2FDFH         LINE#         4834
  C:2FE2H         LINE#         4836
  C:2FE4H         LINE#         4837
  C:2FE6H         LINE#         4840
  C:2FE6H         LINE#         4841
  C:2FE6H         LINE#         4842
  C:2FECH         LINE#         4843
  C:2FECH         LINE#         4844
  C:2FF2H         LINE#         4845
  C:3008H         LINE#         4846
  C:3013H         LINE#         4848
  C:3016H         LINE#         4849
  C:3016H         LINE#         4850
  C:301CH         LINE#         4851
  C:301CH         LINE#         4853
  C:3022H         LINE#         4854
  C:3022H         LINE#         4855
  C:3029H         LINE#         4856
  C:303FH         LINE#         4857
  C:3055H         LINE#         4859
  C:3060H         LINE#         4861
  C:3062H         LINE#         4862
  -------         ENDPROC       DISPSCALEVER_BLUE
  -------         PROC          DISPSCALEVER_GRAY
  -------         DO            
  X:0034H         SYMBOL        i
  X:0036H         SYMBOL        j
  D:0002H         SYMBOL        k
  -------         ENDDO         
  C:2DAFH         LINE#         4864
  C:2DAFH         LINE#         4865
  C:2DAFH         LINE#         4868
  C:2DB2H         LINE#         4870
  C:2DB4H         LINE#         4875
  C:2DB4H         LINE#         4876
  C:2DB4H         LINE#         4877
BL51 BANKED LINKER/LOCATER V6.22                                                      06/25/2019  09:43:18  PAGE 30


  C:2DBAH         LINE#         4878
  C:2DBAH         LINE#         4879
  C:2DC0H         LINE#         4881
  C:2DD6H         LINE#         4882
  C:2DE1H         LINE#         4884
  C:2DE4H         LINE#         4885
  C:2DE4H         LINE#         4886
  C:2DEAH         LINE#         4887
  C:2DEAH         LINE#         4889
  C:2DF0H         LINE#         4890
  C:2DF0H         LINE#         4891
  C:2E04H         LINE#         4892
  C:2E1AH         LINE#         4893
  C:2E30H         LINE#         4895
  C:2E3BH         LINE#         4897
  C:2E3DH         LINE#         4898
  -------         ENDPROC       DISPSCALEVER_GRAY
  -------         PROC          DISPGRAYHOR16
  -------         DO            
  X:0053H         SYMBOL        i
  D:0002H         SYMBOL        j
  X:0055H         SYMBOL        k
  -------         ENDDO         
  C:2B60H         LINE#         4900
  C:2B60H         LINE#         4901
  C:2B60H         LINE#         4904
  C:2B63H         LINE#         4906
  C:2B65H         LINE#         4907
  C:2B67H         LINE#         4909
  C:2B6DH         LINE#         4910
  C:2B6DH         LINE#         4911
  C:2B76H         LINE#         4912
  C:2B76H         LINE#         4913
  C:2B7CH         LINE#         4914
  C:2B83H         LINE#         4916
  C:2B86H         LINE#         4917
  C:2B86H         LINE#         4918
  C:2B8CH         LINE#         4919
  C:2B8CH         LINE#         4920
  C:2BBEH         LINE#         4921
  C:2BD4H         LINE#         4922
  C:2BDFH         LINE#         4923
  C:2BF8H         LINE#         4925
  C:2BFAH         LINE#         4926
  -------         ENDPROC       DISPGRAYHOR16
  -------         PROC          DISPGRAYHOR32
  -------         DO            
  X:0038H         SYMBOL        i
  D:0002H         SYMBOL        j
  X:003AH         SYMBOL        k
  -------         ENDDO         
  C:30E0H         LINE#         4928
  C:30E0H         LINE#         4929
  C:30E0H         LINE#         4932
  C:30E3H         LINE#         4934
  C:30E5H         LINE#         4936
  C:30EBH         LINE#         4937
BL51 BANKED LINKER/LOCATER V6.22                                                      06/25/2019  09:43:18  PAGE 31


  C:30EBH         LINE#         4938
  C:30EEH         LINE#         4939
  C:30EEH         LINE#         4940
  C:30F4H         LINE#         4941
  C:30FFH         LINE#         4943
  C:3102H         LINE#         4944
  C:3102H         LINE#         4945
  C:3108H         LINE#         4946
  C:3108H         LINE#         4947
  C:311CH         LINE#         4948
  C:3132H         LINE#         4949
  C:313DH         LINE#         4950
  C:3153H         LINE#         4952
  C:3155H         LINE#         4953
  -------         ENDPROC       DISPGRAYHOR32
  -------         PROC          DISPSCALEHOR2
  -------         DO            
  X:003CH         SYMBOL        j
  D:0002H         SYMBOL        k
  -------         ENDDO         
  C:197BH         LINE#         4955
  C:197BH         LINE#         4956
  C:197BH         LINE#         4959
  C:197EH         LINE#         4961
  C:197EH         LINE#         4962
  C:197EH         LINE#         4963
  C:1984H         LINE#         4964
  C:19A1H         LINE#         4965
  C:19ACH         LINE#         4966
  C:19AFH         LINE#         4967
  C:19AFH         LINE#         4968
  C:19B5H         LINE#         4969
  C:19D2H         LINE#         4970
  C:19DDH         LINE#         4971
  C:19E0H         LINE#         4972
  C:19E0H         LINE#         4973
  C:19E6H         LINE#         4974
  C:1A03H         LINE#         4975
  C:1A0EH         LINE#         4976
  C:1A11H         LINE#         4977
  C:1A11H         LINE#         4978
  C:1A17H         LINE#         4979
  C:1A34H         LINE#         4980
  C:1A3FH         LINE#         4981
  C:1A42H         LINE#         4982
  C:1A42H         LINE#         4983
  C:1A48H         LINE#         4984
  C:1A65H         LINE#         4985
  C:1A70H         LINE#         4986
  C:1A73H         LINE#         4987
  C:1A73H         LINE#         4988
  C:1A79H         LINE#         4989
  C:1A96H         LINE#         4990
  C:1AA1H         LINE#         4991
  C:1AA4H         LINE#         4992
  C:1AA4H         LINE#         4993
  C:1AAAH         LINE#         4994
BL51 BANKED LINKER/LOCATER V6.22                                                      06/25/2019  09:43:18  PAGE 32


  C:1AC7H         LINE#         4995
  C:1AD2H         LINE#         4996
  C:1AD5H         LINE#         4997
  C:1AD5H         LINE#         4998
  C:1ADBH         LINE#         4999
  C:1AF7H         LINE#         5000
  C:1B02H         LINE#         5001
  C:1B05H         LINE#         5002
  C:1B05H         LINE#         5003
  C:1B0BH         LINE#         5004
  C:1B27H         LINE#         5005
  C:1B32H         LINE#         5007
  -------         ENDPROC       DISPSCALEHOR2
  -------         PROC          _TOORD
  D:0007H         SYMBOL        ch
  C:3381H         LINE#         5112
  C:3381H         LINE#         5113
  C:3381H         LINE#         5114
  C:3387H         LINE#         5115
  C:3387H         LINE#         5116
  C:3389H         LINE#         5117
  C:338BH         LINE#         5118
  C:3397H         LINE#         5119
  C:3397H         LINE#         5120
  C:339BH         LINE#         5121
  C:339DH         LINE#         5122
  C:33A9H         LINE#         5123
  C:33A9H         LINE#         5124
  C:33ADH         LINE#         5125
  C:33AFH         LINE#         5126
  C:33BBH         LINE#         5127
  C:33BBH         LINE#         5128
  C:33BFH         LINE#         5129
  C:33C1H         LINE#         5130
  C:33CDH         LINE#         5131
  C:33CDH         LINE#         5132
  C:33D1H         LINE#         5133
  C:33D3H         LINE#         5134
  C:33D9H         LINE#         5135
  C:33D9H         LINE#         5136
  C:33DBH         LINE#         5137
  C:33DBH         LINE#         5139
  C:33DBH         LINE#         5140
  -------         ENDPROC       _TOORD
  C:2693H         SYMBOL        L?0431
  C:26ABH         SYMBOL        L?0432
  -------         PROC          L?0430
  -------         ENDPROC       L?0430
  C:2693H         SYMBOL        L?0431
  C:26ABH         SYMBOL        L?0432
  -------         PROC          _DISPONECHAR
  D:0001H         SYMBOL        ord
  D:0006H         SYMBOL        Xstart
  D:0002H         SYMBOL        Ystart
  X:006CH         SYMBOL        TextColor
  X:006EH         SYMBOL        BackColor
  -------         DO            
BL51 BANKED LINKER/LOCATER V6.22                                                      06/25/2019  09:43:18  PAGE 33


  X:0070H         SYMBOL        i
  D:0002H         SYMBOL        j
  X:0071H         SYMBOL        p
  D:0003H         SYMBOL        dat
  D:0006H         SYMBOL        index
  -------         ENDDO         
  C:26BBH         LINE#         5142
  C:26C1H         LINE#         5143
  C:26C1H         LINE#         5149
  C:26DBH         LINE#         5151
  C:26DFH         LINE#         5153
  C:26E8H         LINE#         5154
  C:26EAH         LINE#         5156
  C:26F8H         LINE#         5158
  C:2705H         LINE#         5159
  C:270CH         LINE#         5161
  C:2710H         LINE#         5162
  C:2710H         LINE#         5163
  C:2725H         LINE#         5164
  C:2727H         LINE#         5165
  C:2727H         LINE#         5166
  C:2734H         LINE#         5167
  C:2734H         LINE#         5168
  C:2736H         LINE#         5169
  C:2738H         LINE#         5171
  C:2738H         LINE#         5172
  C:2742H         LINE#         5173
  C:2742H         LINE#         5174
  C:2747H         LINE#         5175
  C:2752H         LINE#         5176
  -------         ENDPROC       _DISPONECHAR
  -------         PROC          _DISPSTR
  X:005CH         SYMBOL        str
  X:005FH         SYMBOL        Xstart
  X:0061H         SYMBOL        Ystart
  X:0063H         SYMBOL        TextColor
  X:0065H         SYMBOL        BackColor
  C:2BFBH         LINE#         5178
  C:2C0BH         LINE#         5179
  C:2C0BH         LINE#         5181
  C:2C20H         LINE#         5182
  C:2C20H         LINE#         5183
  C:2C5BH         LINE#         5185
  C:2C67H         LINE#         5186
  C:2C67H         LINE#         5187
  C:2C6BH         LINE#         5188
  C:2C70H         LINE#         5189
  C:2C72H         LINE#         5191
  C:2C72H         LINE#         5192
  C:2C7DH         LINE#         5193
  C:2C7DH         LINE#         5195
  C:2C89H         LINE#         5196
  C:2C89H         LINE#         5197
  C:2C8DH         LINE#         5198
  C:2C8DH         LINE#         5199
  C:2C90H         LINE#         5201
  -------         ENDPROC       _DISPSTR
BL51 BANKED LINKER/LOCATER V6.22                                                      06/25/2019  09:43:18  PAGE 34


  -------         PROC          _DISPINT
  X:005CH         SYMBOL        i
  X:005EH         SYMBOL        Xstart
  X:0060H         SYMBOL        Ystart
  X:0062H         SYMBOL        TextColor
  X:0064H         SYMBOL        BackColor
  C:280AH         LINE#         5203
  C:281FH         LINE#         5204
  C:281FH         LINE#         5205
  C:2827H         LINE#         5206
  C:2827H         LINE#         5207
  C:282EH         LINE#         5208
  C:282EH         LINE#         5209
  C:283DH         LINE#         5210
  C:283DH         LINE#         5211
  C:2846H         LINE#         5212
  C:2846H         LINE#         5214
  C:2858H         LINE#         5215
  C:2866H         LINE#         5216
  C:287FH         LINE#         5217
  -------         ENDPROC       _DISPINT
  -------         PROC          READDATA
  C:38A3H         LINE#         5225
  C:38A3H         LINE#         5226
  C:38A3H         LINE#         5246
  C:38B5H         LINE#         5253
  C:38B8H         LINE#         5254
  -------         ENDPROC       READDATA
  -------         PROC          _PUTPIXEL
  D:0006H         SYMBOL        x
  D:0004H         SYMBOL        y
  X:0053H         SYMBOL        color
  C:353AH         LINE#         5430
  C:3541H         LINE#         5431
  C:3541H         LINE#         5432
  C:355FH         LINE#         5433
  C:356BH         LINE#         5434
  C:3576H         LINE#         5435
  C:3581H         LINE#         5436
  -------         ENDPROC       _PUTPIXEL
  -------         PROC          _DRAWLINE
  X:003EH         SYMBOL        Xstart
  X:0040H         SYMBOL        Xend
  D:0082H         SYMBOL        Ystart
  X:0044H         SYMBOL        Yend
  X:0046H         SYMBOL        color
  -------         DO            
  X:0048H         SYMBOL        i
  D:0002H         SYMBOL        j
  -------         ENDDO         
  C:2F59H         LINE#         5439
  C:2F6AH         LINE#         5440
  C:2F6AH         LINE#         5443
  C:2F85H         LINE#         5445
  C:2FA5H         LINE#         5446
  C:2FA5H         LINE#         5447
  C:2FC0H         LINE#         5448
BL51 BANKED LINKER/LOCATER V6.22                                                      06/25/2019  09:43:18  PAGE 35


  C:2FC0H         LINE#         5449
  C:2FCAH         LINE#         5450
  C:2FD1H         LINE#         5451
[...]


  C:12D7H         LINE#         313
  C:12D7H         LINE#         314
  C:12E2H         LINE#         315
  C:12E2H         LINE#         316
  C:12E8H         LINE#         317
  C:12F7H         LINE#         318
  C:12F7H         LINE#         319
  C:12FCH         LINE#         320
  C:12FFH         LINE#         321
  C:130EH         LINE#         322
  C:130EH         LINE#         323
  C:1323H         LINE#         324
  C:1328H         LINE#         325
  C:1330H         LINE#         326
  C:133AH         LINE#         327
  C:1348H         LINE#         328
  C:1356H         LINE#         329
  C:1358H         LINE#         331
  C:1358H         LINE#         332
  C:135DH         LINE#         333
  C:1360H         LINE#         334
  C:1378H         LINE#         335
  C:1378H         LINE#         336
  C:1391H         LINE#         337
  C:1396H         LINE#         338
  C:139EH         LINE#         339
  C:13A5H         LINE#         340
  C:13AAH         LINE#         341
  C:13AAH         LINE#         342
  C:13BEH         LINE#         343
  C:13BEH         LINE#         344
  C:13C5H         LINE#         345
  C:13CAH         LINE#         346
  C:13CAH         LINE#         347
  C:13D8H         LINE#         348
  C:13D8H         LINE#         349
  -------         ENDPROC       USBXCORE_HANDLE_SETUP
  -------         PROC          USBXCORE_FORCE_STALL
  C:383CH         LINE#         356
  C:383CH         LINE#         358
  C:3847H         LINE#         359
  C:3852H         LINE#         360
  C:3858H         LINE#         361
  -------         ENDPROC       USBXCORE_FORCE_STALL
  -------         PROC          USBXCORE_GET_STATUS
  C:323EH         LINE#         367
  C:323EH         LINE#         369
  C:324DH         LINE#         370
  C:324DH         LINE#         371
  C:324DH         LINE#         372
  C:324DH         LINE#         373
  C:324DH         LINE#         374
  C:324FH         LINE#         375
  C:324FH         LINE#         379
  C:324FH         LINE#         381
  C:325DH         LINE#         385
  C:325DH         LINE#         386
BL51 BANKED LINKER/LOCATER V6.22                                                      06/25/2019  09:43:18  PAGE 42


  C:325DH         LINE#         387
  C:325DH         LINE#         388
  C:325FH         LINE#         390
  C:325FH         LINE#         392
  C:326DH         LINE#         396
  C:326DH         LINE#         397
  C:327AH         LINE#         398
  C:327AH         LINE#         399
  C:327CH         LINE#         401
  C:327CH         LINE#         402
  C:328AH         LINE#         403
  C:3293H         LINE#         404
  C:3293H         LINE#         405
  C:3293H         LINE#         406
  C:3295H         LINE#         407
  C:3295H         LINE#         408
  C:3298H         LINE#         409
  C:3298H         LINE#         410
  C:3298H         LINE#         411
  C:32A0H         LINE#         412
  C:32A0H         LINE#         413
  C:32A3H         LINE#         414
  C:32A9H         LINE#         415
  C:32B0H         LINE#         416
  C:32B0H         LINE#         417
  -------         ENDPROC       USBXCORE_GET_STATUS
  -------         PROC          USBXCORE_CLEAR_FEATURE
  C:3436H         LINE#         423
  C:3436H         LINE#         425
  C:343CH         LINE#         426
  C:343CH         LINE#         428
  C:3443H         LINE#         429
  C:3443H         LINE#         430
  C:344EH         LINE#         436
  C:3459H         LINE#         437
  C:345EH         LINE#         438
  C:3460H         LINE#         440
  C:3460H         LINE#         442
  C:346BH         LINE#         446
  C:3476H         LINE#         447
  C:347BH         LINE#         448
  C:347BH         LINE#         449
  C:347DH         LINE#         451
  C:347DH         LINE#         452
  C:3480H         LINE#         453
  C:3480H         LINE#         454
  C:348BH         LINE#         455
  -------         ENDPROC       USBXCORE_CLEAR_FEATURE
  -------         PROC          USBXCORE_VENDOR_USB_API
  C:25BEH         LINE#         462
  C:25BEH         LINE#         464
  C:25C8H         LINE#         465
  C:25C8H         LINE#         466
  C:25CFH         LINE#         467
  C:25CFH         LINE#         468
  C:25D2H         LINE#         469
  C:25D5H         LINE#         470
BL51 BANKED LINKER/LOCATER V6.22                                                      06/25/2019  09:43:18  PAGE 43


  C:25D7H         LINE#         472
  C:25D7H         LINE#         473
  C:25DEH         LINE#         474
  C:25DEH         LINE#         477
  C:25E9H         LINE#         482
  C:25F4H         LINE#         483
  C:25FFH         LINE#         485
  C:25FFH         LINE#         486
  C:2612H         LINE#         487
  C:2612H         LINE#         488
  C:2616H         LINE#         489
  C:2621H         LINE#         491
  C:2621H         LINE#         492
  C:2634H         LINE#         493
  C:2634H         LINE#         494
  C:2638H         LINE#         495
  C:2643H         LINE#         497
  C:2649H         LINE#         498
  C:2651H         LINE#         499
  C:2651H         LINE#         500
  C:2654H         LINE#         501
  C:2654H         LINE#         502
  C:2654H         LINE#         503
  C:265FH         LINE#         504
  C:265FH         LINE#         505
  C:2665H         LINE#         506
  C:266CH         LINE#         507
  C:266CH         LINE#         508
  C:2670H         LINE#         509
  C:2670H         LINE#         510
  C:2676H         LINE#         511
  C:267DH         LINE#         512
  C:267DH         LINE#         513
  C:2688H         LINE#         514
  -------         ENDPROC       USBXCORE_VENDOR_USB_API
  -------         PROC          USBXCORE_SET_FEATURE
  C:348EH         LINE#         521
  C:348EH         LINE#         523
  C:3494H         LINE#         524
  C:3494H         LINE#         526
  C:349BH         LINE#         527
  C:349BH         LINE#         528
  C:34A6H         LINE#         534
  C:34B1H         LINE#         535
  C:34B4H         LINE#         536
  C:34B6H         LINE#         538
  C:34B6H         LINE#         540
  C:34C1H         LINE#         544
  C:34CCH         LINE#         545
  C:34D2H         LINE#         546
  C:34D2H         LINE#         548
  C:34D4H         LINE#         550
  C:34D4H         LINE#         551
  C:34D7H         LINE#         552
  C:34D7H         LINE#         553
  C:34E2H         LINE#         554
  -------         ENDPROC       USBXCORE_SET_FEATURE
BL51 BANKED LINKER/LOCATER V6.22                                                      06/25/2019  09:43:18  PAGE 44


  -------         PROC          USBXCORE_SET_ADDRESS
  C:37FDH         LINE#         561
  C:37FDH         LINE#         563
  C:380CH         LINE#         564
  C:3812H         LINE#         565
  C:3812H         LINE#         566
  C:3815H         LINE#         567
  C:3817H         LINE#         569
  C:3817H         LINE#         570
  C:381AH         LINE#         571
  C:381AH         LINE#         572
  -------         ENDPROC       USBXCORE_SET_ADDRESS
  -------         PROC          USBXCORE_GET_DESCRIPTOR
  C:28BDH         LINE#         579
  C:28BDH         LINE#         580
  C:28CCH         LINE#         581
  C:28CCH         LINE#         582
  C:28CCH         LINE#         583
  C:28DAH         LINE#         584
  C:28DEH         LINE#         585
  C:28E0H         LINE#         586
  C:28E0H         LINE#         587
  C:28EEH         LINE#         588
  C:2901H         LINE#         589
  C:2903H         LINE#         590
  C:2903H         LINE#         591
  C:2927H         LINE#         592
  C:2933H         LINE#         593
  C:2935H         LINE#         594
  C:2935H         LINE#         595
  C:2938H         LINE#         596
  C:2938H         LINE#         597
  C:2938H         LINE#         598
  C:294EH         LINE#         599
  C:294EH         LINE#         600
  C:2956H         LINE#         601
  C:2956H         LINE#         602
  C:295EH         LINE#         603
  C:295EH         LINE#         604
  C:2961H         LINE#         605
  C:2967H         LINE#         606
  C:296EH         LINE#         607
  C:296EH         LINE#         608
  -------         ENDPROC       USBXCORE_GET_DESCRIPTOR
  -------         PROC          USBXCORE_GET_CONFIGURATION
  C:35DCH         LINE#         614
  C:35DCH         LINE#         616
  C:35E4H         LINE#         617
  C:35E4H         LINE#         618
  C:35F0H         LINE#         619
  C:35F8H         LINE#         620
  C:35F8H         LINE#         621
  C:35FCH         LINE#         622
  C:35FCH         LINE#         623
  C:360AH         LINE#         624
  C:3612H         LINE#         625
  C:3612H         LINE#         626
BL51 BANKED LINKER/LOCATER V6.22                                                      06/25/2019  09:43:18  PAGE 45


  C:3615H         LINE#         627
  C:361BH         LINE#         628
  C:3622H         LINE#         629
  -------         ENDPROC       USBXCORE_GET_CONFIGURATION
  -------         PROC          USBXCORE_SET_CONFIGURATION
  C:33DCH         LINE#         635
  C:33DCH         LINE#         637
  C:33E5H         LINE#         638
  C:33E5H         LINE#         639
  C:33ECH         LINE#         640
  C:33F2H         LINE#         641
  C:33F7H         LINE#         642
  C:33F9H         LINE#         644
  C:3404H         LINE#         645
  C:340FH         LINE#         646
  C:341AH         LINE#         653
  C:3425H         LINE#         654
  C:3427H         LINE#         656
  C:3427H         LINE#         657
  C:342DH         LINE#         658
  C:3431H         LINE#         659
  C:3433H         LINE#         660
  C:3433H         LINE#         661
  -------         ENDPROC       USBXCORE_SET_CONFIGURATION
  -------         PROC          USBXCORE_GET_INTERFACE
  C:3745H         LINE#         668
  C:3745H         LINE#         670
  C:3753H         LINE#         671
  C:375BH         LINE#         672
  C:375EH         LINE#         673
  C:3764H         LINE#         674
  C:376BH         LINE#         675
  -------         ENDPROC       USBXCORE_GET_INTERFACE
  -------         PROC          USBXCORE_SET_SOP
  C:38B9H         LINE#         682
  C:38B9H         LINE#         684
  C:38C1H         LINE#         685
  C:38C1H         LINE#         686
  C:38CCH         LINE#         687
  C:38CCH         LINE#         688
  -------         ENDPROC       USBXCORE_SET_SOP
  -------         PROC          USBXCORE_USB_ISR
  C:1B33H         LINE#         699
  C:1B50H         LINE#         702
  C:1B56H         LINE#         703
  C:1B69H         LINE#         706
  C:1B7CH         LINE#         709
  C:1B80H         LINE#         710
  C:1B80H         LINE#         711
  C:1B8BH         LINE#         712
  C:1B8BH         LINE#         714
  C:1B92H         LINE#         715
  C:1B92H         LINE#         716
  C:1B95H         LINE#         717
  C:1B95H         LINE#         719
  C:1B9CH         LINE#         720
  C:1B9CH         LINE#         721
BL51 BANKED LINKER/LOCATER V6.22                                                      06/25/2019  09:43:18  PAGE 46


  C:1BA9H         LINE#         722
  C:1BA9H         LINE#         723
  C:1BB0H         LINE#         724
  C:1BB0H         LINE#         725
  C:1BB0H         LINE#         727
  C:1BB0H         LINE#         728
  C:1BB0H         LINE#         730
  C:1BB0H         LINE#         732
  C:1BC3H         LINE#         734
  C:1BC7H         LINE#         735
  C:1BC7H         LINE#         736
  C:1BCAH         LINE#         737
  C:1BCAH         LINE#         740
  C:1BD1H         LINE#         741
  C:1BD1H         LINE#         742
  C:1BDCH         LINE#         748
  C:1BEFH         LINE#         749
  C:1BF4H         LINE#         750
  C:1BF4H         LINE#         751
  C:1BFBH         LINE#         752
  C:1BFBH         LINE#         754
  C:1BFBH         LINE#         756
  C:1C0EH         LINE#         759
  C:1C12H         LINE#         760
  C:1C12H         LINE#         761
  C:1C1DH         LINE#         767
  C:1C30H         LINE#         768
  C:1C34H         LINE#         769
  C:1C34H         LINE#         770
  C:1C3BH         LINE#         771
  C:1C3BH         LINE#         772
  C:1C3BH         LINE#         775
  C:1C49H         LINE#         776
  C:1C4EH         LINE#         777
  C:1C54H         LINE#         778
  C:1C59H         LINE#         781
  C:1C66H         LINE#         782
  C:1C66H         LINE#         783
  C:1C69H         LINE#         784
  C:1C69H         LINE#         785
  -------         ENDPROC       USBXCORE_USB_ISR
  -------         ENDMOD        USB_API

  -------         MODULE        USB_SUSPEND
  C:0000H         SYMBOL        _ICE_DUMMY_
  D:00D7H         PUBLIC        USB0XCN
  D:00C9H         PUBLIC        REG0CN
  C:36CBH         PUBLIC        USB_Suspend
  D:00A9H         PUBLIC        CLKSEL
  D:00B2H         PUBLIC        OSCICN
  D:00B9H         PUBLIC        CLKMUL
  -------         PROC          USB_SUSPEND
  C:36CBH         LINE#         70
  C:36CBH         LINE#         72
  C:36CEH         LINE#         74
  C:36D1H         LINE#         76
  C:36D9H         LINE#         79
BL51 BANKED LINKER/LOCATER V6.22                                                      06/25/2019  09:43:18  PAGE 47


  C:36DCH         LINE#         80
  C:36DFH         LINE#         81
  C:36E2H         LINE#         82
  C:36E5H         LINE#         84
  C:36E6H         LINE#         86
  C:36E9H         LINE#         88
  C:36EFH         LINE#         92
  C:36F2H         LINE#         94
  C:36F5H         LINE#         95
  -------         ENDPROC       USB_SUSPEND
  -------         ENDMOD        USB_SUSPEND

  -------         MODULE        USB_INT_ENABLE
  C:0000H         SYMBOL        _ICE_DUMMY_
  C:3874H         PUBLIC        USB_Int_Enable
  D:0096H         PUBLIC        USB0ADR
  D:0097H         PUBLIC        USB0DAT
  -------         PROC          USB_INT_ENABLE
  C:3874H         LINE#         68
  C:3874H         LINE#         71
  C:387BH         LINE#         73
  C:3881H         LINE#         74
  C:3881H         LINE#         75
  C:388CH         LINE#         77
  C:388CH         LINE#         78
  -------         ENDPROC       USB_INT_ENABLE
  -------         ENDMOD        USB_INT_ENABLE

  -------         MODULE        USB_CLOCK_RECOVERY
  C:0000H         SYMBOL        _ICE_DUMMY_
  C:38FFH         PUBLIC        USBXcore_ClkRec
  D:0096H         PUBLIC        USB0ADR
  D:0097H         PUBLIC        USB0DAT
  -------         PROC          USBXCORE_CLKREC
  C:38FFH         LINE#         45
  C:38FFH         LINE#         47
  C:390AH         LINE#         48
  -------         ENDPROC       USBXCORE_CLKREC
  -------         ENDMOD        USB_CLOCK_RECOVERY

  -------         MODULE        ?C?FPMUL
  C:0C99H         PUBLIC        ?C?FPMUL
  -------         ENDMOD        ?C?FPMUL

  -------         MODULE        ?C?FCAST
  C:0DA9H         PUBLIC        ?C?FCASTC
  C:0DA4H         PUBLIC        ?C?FCASTI
  C:0D9FH         PUBLIC        ?C?FCASTL
  -------         ENDMOD        ?C?FCAST

  -------         MODULE        ?C?CASTF
  C:0DDDH         PUBLIC        ?C?CASTF
  -------         ENDMOD        ?C?CASTF

  -------         MODULE        ?C?COPY
  C:0F2EH         PUBLIC        ?C?COPY
  -------         ENDMOD        ?C?COPY
BL51 BANKED LINKER/LOCATER V6.22                                                      06/25/2019  09:43:18  PAGE 48



  -------         MODULE        ?C?CLDPTR
  C:0F54H         PUBLIC        ?C?CLDPTR
  -------         ENDMOD        ?C?CLDPTR

  -------         MODULE        ?C?CLDOPTR
  C:0F6DH         PUBLIC        ?C?CLDOPTR
  -------         ENDMOD        ?C?CLDOPTR

  -------         MODULE        ?C?IMUL
  C:0F9AH         PUBLIC        ?C?IMUL
  -------         ENDMOD        ?C?IMUL

  -------         MODULE        ?C?IILDX
  C:0FACH         PUBLIC        ?C?IILDX
  -------         ENDMOD        ?C?IILDX

  -------         MODULE        ?C?LMUL
  C:0FC2H         PUBLIC        ?C?LMUL
  -------         ENDMOD        ?C?LMUL

  -------         MODULE        ?C?ULDIV
  C:104DH         PUBLIC        ?C?ULDIV
  -------         ENDMOD        ?C?ULDIV

  -------         MODULE        ?C?LNEG
  C:10DFH         PUBLIC        ?C?LNEG
  -------         ENDMOD        ?C?LNEG

  -------         MODULE        ?C?ULCMP
  C:10EDH         PUBLIC        ?C?ULCMP
  -------         ENDMOD        ?C?ULCMP

  -------         MODULE        ?C?ULSHR
  C:10FEH         PUBLIC        ?C?ULSHR
  -------         ENDMOD        ?C?ULSHR

  -------         MODULE        ?C?LSHL
  C:1111H         PUBLIC        ?C?LSHL
  -------         ENDMOD        ?C?LSHL

  -------         MODULE        ?C?LLDIPDATA
  C:112DH         PUBLIC        ?C?LLDIPDATA
  C:1124H         PUBLIC        ?C?LLDIPDATA1
  C:1126H         PUBLIC        ?C?LLDIPDATA8
  -------         ENDMOD        ?C?LLDIPDATA

  -------         MODULE        ?C?LSTXDATA
  C:1144H         PUBLIC        ?C?LSTXDATA
  -------         ENDMOD        ?C?LSTXDATA

  -------         MODULE        ?C?LSTPDATA
  C:1150H         PUBLIC        ?C?LSTPDATA
  -------         ENDMOD        ?C?LSTPDATA

  -------         MODULE        ?C?LSTKXDATA
  C:115CH         PUBLIC        ?C?LSTKXDATA
BL51 BANKED LINKER/LOCATER V6.22                                                      06/25/2019  09:43:18  PAGE 49


  -------         ENDMOD        ?C?LSTKXDATA

  -------         MODULE        ?C?LSTKPDATA
  C:118DH         PUBLIC        ?C?LSTKPDATA
  -------         ENDMOD        ?C?LSTKPDATA

  -------         MODULE        ?C_PBP
  D:0008H         PUBLIC        ?C_PBP
  -------         ENDMOD        ?C_PBP

*** WARNING L14: INCOMPATIBLE MEMORY MODEL
    MODULE:  .\USBX_F34X.LIB (USB_API)
    MODEL:   SMALL

*** WARNING L14: INCOMPATIBLE MEMORY MODEL
    MODULE:  .\USBX_F34X.LIB (USB_SUSPEND)
    MODEL:   SMALL

*** WARNING L14: INCOMPATIBLE MEMORY MODEL
    MODULE:  .\USBX_F34X.LIB (USB_INT_ENABLE)
    MODEL:   SMALL

*** WARNING L14: INCOMPATIBLE MEMORY MODEL
    MODULE:  .\USBX_F34X.LIB (USB_CLOCK_RECOVERY)
    MODEL:   SMALL

*** WARNING L16: UNCALLED SEGMENT, IGNORED FOR OVERLAY PROCESS
    SEGMENT: ?PR?SD_INIT?MMC_SD

*** WARNING L16: UNCALLED SEGMENT, IGNORED FOR OVERLAY PROCESS
    SEGMENT: ?PR?_DISPPICFROMSD?LCD

*** WARNING L16: UNCALLED SEGMENT, IGNORED FOR OVERLAY PROCESS
    SEGMENT: ?PR?DISPSCALEHOR1?LCD

*** WARNING L16: UNCALLED SEGMENT, IGNORED FOR OVERLAY PROCESS
    SEGMENT: ?PR?DISPSCALEVER?LCD

*** WARNING L16: UNCALLED SEGMENT, IGNORED FOR OVERLAY PROCESS
    SEGMENT: ?PR?DISPSCALEVER_RED?LCD

*** WARNING L16: UNCALLED SEGMENT, IGNORED FOR OVERLAY PROCESS
    SEGMENT: ?PR?DISPSCALEVER_GREEN?LCD

*** WARNING L16: UNCALLED SEGMENT, IGNORED FOR OVERLAY PROCESS
    SEGMENT: ?PR?DISPSCALEVER_BLUE?LCD

*** WARNING L16: UNCALLED SEGMENT, IGNORED FOR OVERLAY PROCESS
    SEGMENT: ?PR?DISPSCALEVER_GRAY?LCD

*** WARNING L16: UNCALLED SEGMENT, IGNORED FOR OVERLAY PROCESS
    SEGMENT: ?PR?DISPGRAYHOR32?LCD

*** WARNING L16: UNCALLED SEGMENT, IGNORED FOR OVERLAY PROCESS
    SEGMENT: ?PR?DISPSCALEHOR2?LCD

*** WARNING L16: UNCALLED SEGMENT, IGNORED FOR OVERLAY PROCESS
BL51 BANKED LINKER/LOCATER V6.22                                                      06/25/2019  09:43:18  PAGE 50


    SEGMENT: ?PR?_DRAWGIRD?LCD

*** WARNING L15: MULTIPLE CALL TO SEGMENT
    SEGMENT: ?PR?_WRITECOMM?LCD
    CALLER1: ?PR?USB_API_TEST_ISR?MAIN
    CALLER2: ?C_C51STARTUP

*** WARNING L15: MULTIPLE CALL TO SEGMENT
    SEGMENT: ?PR?_WRITEDATA?LCD
    CALLER1: ?PR?USB_API_TEST_ISR?MAIN
    CALLER2: ?C_C51STARTUP

Program Size: data=10.0 xdata=1213 code=14618
LINK/LOCATE RUN COMPLETE.  17 WARNING(S),  0 ERROR(S)
