BL51 BANKED LINKER/LOCATER V6.22                                                        07/13/2018  10:22:28  PAGE 1


BL51 BANKED LINKER/LOCATER V6.22, INVOKED BY:
C:\KEIL\C51\BIN\BL51.EXE main.obj, mmc_sd.obj, lcd.obj, tp.obj, .\USBX_F34X.LIB TO ST7735S_HSD144_4W1L RAMSIZE (256)


MEMORY MODEL: SMALL WITH FLOATING POINT ARITHMETIC


INPUT MODULES INCLUDED:
  main.obj (MAIN)
  mmc_sd.obj (MMC_SD)
  lcd.obj (LCD)
  tp.obj (TP)
  .\USBX_F34X.LIB (USB_API)
  .\USBX_F34X.LIB (USB_CLOCK_START)
  .\USBX_F34X.LIB (USB_SUSPEND)
  .\USBX_F34X.LIB (GET_INTERRUPT_SOURCE)
  .\USBX_F34X.LIB (BLOCK_READ)
  .\USBX_F34X.LIB (BLOCK_WRITE)
  .\USBX_F34X.LIB (USB_INT_ENABLE)
  .\USBX_F34X.LIB (USB_CLOCK_RECOVERY)
  .\USBX_F34X.LIB (USB_JUMP_ISR)
  C:\KEIL\C51\LIB\C51FPS.LIB (?C?FPMUL)
  C:\KEIL\C51\LIB\C51FPS.LIB (?C?FCAST)
  C:\KEIL\C51\LIB\C51FPS.LIB (?C?CASTF)
  C:\KEIL\C51\LIB\C51FPS.LIB (?C?FPGETOPN)
  C:\KEIL\C51\LIB\C51S.LIB (?C_STARTUP)
  C:\KEIL\C51\LIB\C51S.LIB (?C?COPY)
  C:\KEIL\C51\LIB\C51S.LIB (?C?CLDPTR)
  C:\KEIL\C51\LIB\C51S.LIB (?C?CLDOPTR)
  C:\KEIL\C51\LIB\C51S.LIB (?C?IMUL)
  C:\KEIL\C51\LIB\C51S.LIB (?C?IILDX)
  C:\KEIL\C51\LIB\C51S.LIB (?C?LMUL)
  C:\KEIL\C51\LIB\C51S.LIB (?C?ULDIV)
  C:\KEIL\C51\LIB\C51S.LIB (?C?LNEG)
  C:\KEIL\C51\LIB\C51S.LIB (?C?ULCMP)
  C:\KEIL\C51\LIB\C51S.LIB (?C?ULSHR)
  C:\KEIL\C51\LIB\C51S.LIB (?C?LSHL)
  C:\KEIL\C51\LIB\C51S.LIB (?C?LLDIIDATA)
  C:\KEIL\C51\LIB\C51S.LIB (?C?LSTXDATA)
  C:\KEIL\C51\LIB\C51S.LIB (?C?LSTKXDATA)
  C:\KEIL\C51\LIB\C51S.LIB (?C_IBP)
  C:\KEIL\C51\LIB\C51S.LIB (?C_INIT)


LINK MAP OF MODULE:  ST7735S_HSD144_4W1L (MAIN)


            TYPE    BASE      LENGTH    RELOCATION   SEGMENT NAME
            -----------------------------------------------------

            * * * * * * *   D A T A   M E M O R Y   * * * * * * *
            REG     0000H     0008H     ABSOLUTE     "REG BANK 0"
            DATA    0008H     0025H     UNIT         _DATA_GROUP_
            DATA    002DH     0010H     UNIT         ?DT?MAIN
            DATA    003DH     000AH     UNIT         ?DT?_DRAWLINE?LCD
            DATA    0047H     0004H     UNIT         ?DT?DISPSCALEHOR1?LCD
            DATA    004BH     0004H     UNIT         ?DT?DISPSCALEVER?LCD
            DATA    004FH     0004H     UNIT         ?DT?DISPSCALEVER_RED?LCD
BL51 BANKED LINKER/LOCATER V6.22                                                      07/13/2018  10:22:28  PAGE 2


            DATA    0053H     0004H     UNIT         ?DT?DISPSCALEVER_GREEN?LCD
            DATA    0057H     0004H     UNIT         ?DT?DISPSCALEVER_GRAY?LCD
            DATA    005BH     0004H     UNIT         ?DT?DISPGRAYHOR32?LCD
            DATA    005FH     0004H     UNIT         ?DT?_DRAWGIRD?LCD
            DATA    0063H     0002H     UNIT         ?DT?DISPSCALEVER_BLUE?LCD
            DATA    0065H     0002H     UNIT         ?DT?LCD
            DATA    0067H     0001H     UNIT         ?C?LIB_DATA
            IDATA   0068H     0001H     UNIT         ?STACK

            * * * * * * *  X D A T A   M E M O R Y  * * * * * * *
            XDATA   0000H     0200H     UNIT         ?XD?MMC_SD
            XDATA   0200H     0058H     UNIT         _XDATA_GROUP_
            XDATA   0258H     0040H     UNIT         ?XD?MAIN
                    0298H     03A8H                  *** GAP ***
            XDATA   0640H     0100H     ABSOLUTE     
            XDATA   0740H     0012H     ABSOLUTE     
            XDATA   0752H     0020H     ABSOLUTE     
            XDATA   0772H     000CH     ABSOLUTE     
            XDATA   077EH     0008H     ABSOLUTE     
            XDATA   0786H     0001H     ABSOLUTE     
            XDATA   0787H     0003H     ABSOLUTE     
            XDATA   078AH     0002H     ABSOLUTE     
            XDATA   078CH     0002H     ABSOLUTE     
            XDATA   078EH     0003H     ABSOLUTE     
            XDATA   0791H     0001H     ABSOLUTE     
            XDATA   0792H     0001H     ABSOLUTE     
            XDATA   0793H     0001H     ABSOLUTE     
            XDATA   0794H     0001H     ABSOLUTE     
            XDATA   0795H     0002H     ABSOLUTE     
            XDATA   0797H     0002H     ABSOLUTE     
            XDATA   0799H     0001H     ABSOLUTE     
            XDATA   079AH     0001H     ABSOLUTE     
            XDATA   079BH     0001H     ABSOLUTE     
            XDATA   079CH     0001H     ABSOLUTE     
            XDATA   079DH     0001H     ABSOLUTE     
            XDATA   079EH     0001H     ABSOLUTE     
            XDATA   079FH     0002H     ABSOLUTE     
            XDATA   07A1H     0001H     ABSOLUTE     
            XDATA   07A2H     0001H     ABSOLUTE     
            XDATA   07A3H     000CH     ABSOLUTE     
                    07AFH     0011H                  *** GAP ***
            XDATA   07C0H     0040H     ABSOLUTE     

            * * * * * * *   C O D E   M E M O R Y   * * * * * * *
            CODE    0000H     0003H     ABSOLUTE     
            CODE    0003H     003EH     UNIT         ?PR?_WRITEDISPDATA?LCD
                    0041H     0002H                  *** GAP ***
            CODE    0043H     0003H     ABSOLUTE     
            CODE    0046H     0042H     UNIT         ?PR?MCU_INIT?MAIN
            CODE    0088H     0003H     UNIT         ?PR?SUSPEND_DEVICE?MAIN
            CODE    008BH     0003H     ABSOLUTE     
            CODE    008EH     0600H     UNIT         ?CO?LCD
            CODE    068EH     05A0H     UNIT         ?PR?CONNTOUSB?MAIN
            CODE    0C2EH     04E8H     UNIT         ?C?LIB_CODE
            CODE    1116H     0233H     UNIT         ?PR?USBXCORE_HANDLE_SETUP?USB_API
            CODE    1349H     01CDH     UNIT         ?PR?DISPSCALEHOR1?LCD
            CODE    1516H     01A5H     UNIT         ?PR?TP_DRAWLINE?TP
BL51 BANKED LINKER/LOCATER V6.22                                                      07/13/2018  10:22:28  PAGE 3


            CODE    16BBH     019EH     UNIT         ?PR?LCD_INIT?LCD
            CODE    1859H     0151H     UNIT         ?PR?USBXCORE_USB_ISR?USB_API
            CODE    19AAH     013EH     UNIT         ?PR?DISPSCALEHOR2?LCD
            CODE    1AE8H     013CH     UNIT         ?PR?DISPBAND?LCD
            CODE    1C24H     0137H     UNIT         ?PR?_USB_INIT?USB_API
            CODE    1D5BH     0128H     UNIT         ?PR?_LCD_READ_IC_ID?LCD
            CODE    1E83H     011BH     UNIT         ?PR?_TP_GETPOSITION?TP
            CODE    1F9EH     0111H     UNIT         ?PR?_BLOCK_WRITE?BLOCK_WRITE
            CODE    20AFH     010EH     UNIT         ?PR?USB_API_TEST_ISR?MAIN
            CODE    21BDH     0106H     UNIT         ?PR?DISPSCALEVER?LCD
            CODE    22C3H     00CDH     UNIT         ?PR?USBXCORE_VENDOR_USB_API?USB_API
            CODE    2390H     00B4H     UNIT         ?PR?_DISPPICFROMSD?LCD
            CODE    2444H     00B3H     UNIT         ?PR?MMC_SD_RESET?MMC_SD
            CODE    24F7H     00B2H     UNIT         ?PR?USBXCORE_GET_DESCRIPTOR?USB_API
            CODE    25A9H     00AFH     UNIT         ?PR?_BLOCK_READ?BLOCK_READ
            CODE    2658H     00A4H     UNIT         ?PR?_DISPONECHAR?LCD
            CODE    26FCH     009DH     UNIT         ?PR?_?BLOCKWRITE?LCD
            CODE    2799H     0097H     UNIT         ?PR?DISPFRAME?LCD
            CODE    2830H     0095H     UNIT         ?PR?_DISPINT?LCD
            CODE    28C5H     0090H     UNIT         ?PR?DISPSCALEVER_GREEN?LCD
            CODE    2955H     008CH     UNIT         ?C_C51STARTUP
            CODE    29E1H     0089H     UNIT         ?PR?DISPGRAYHOR16?LCD
            CODE    2A6AH     0082H     UNIT         ?PR?_DISPSTR?LCD
            CODE    2AECH     0081H     UNIT         ?PR?MAIN?MAIN
            CODE    2B6DH     0081H     UNIT         ?PR?DISPSCALEVER_RED?LCD
            CODE    2BEEH     0081H     UNIT         ?PR?DISPSCALEVER_GRAY?LCD
            CODE    2C6FH     007EH     UNIT         ?PR?_MMC_SD_WRITESINGLEBLOCK?MMC_SD
            CODE    2CEDH     0075H     UNIT         ?PR?_DRAWGIRD?LCD
            CODE    2D62H     0073H     UNIT         ?PR?TP_READ?TP
            CODE    2DD5H     0073H     UNIT         ?PR?USBXCORE_GET_STATUS?USB_API
            CODE    2E48H     006CH     UNIT         ?PR?DEVICES_INIT?MAIN
            CODE    2EB4H     006CH     UNIT         ?PR?DISPGRAYHOR32?LCD
            CODE    2F20H     0066H     UNIT         ?PR?DISPSCALEVER_BLUE?LCD
            CODE    2F86H     0065H     UNIT         ?PR?_MMC_SD_READSINGLEBLOCK?MMC_SD
            CODE    2FEBH     0064H     UNIT         ?PR?_DRAWLINE?LCD
            CODE    304FH     0061H     UNIT         ?PR?_MMC_SD_SENDCOMMAND?MMC_SD
            CODE    30B0H     005BH     UNIT         ?PR?_TOORD?LCD
            CODE    310BH     005AH     UNIT         ?PR?USBXCORE_SET_CONFIGURATION?USB_API
            CODE    3165H     0058H     UNIT         ?PR?USBXCORE_CLEAR_FEATURE?USB_API
            CODE    31BDH     0057H     UNIT         ?PR?USBXCORE_SET_FEATURE?USB_API
            CODE    3214H     0050H     UNIT         ?CO?MAIN
            CODE    3264H     004CH     UNIT         ?PR?_STOPDELAY?MAIN
            CODE    32B0H     0047H     UNIT         ?PR?USBXCORE_GET_CONFIGURATION?USB_API
            CODE    32F7H     0042H     UNIT         ?PR?_PUTPIXEL?LCD
            CODE    3339H     003AH     UNIT         ?CO?USB_API
            CODE    3373H     0038H     UNIT         ?PR?USB_CLOCK_START?USB_CLOCK_START
            CODE    33ABH     0032H     UNIT         ?PR?_WRITEDATA?LCD
            CODE    33DDH     002BH     UNIT         ?PR?USB_SUSPEND?USB_SUSPEND
            CODE    3408H     0029H     UNIT         ?C_INITSEG
            CODE    3431H     0029H     UNIT         ?PR?_WRITECOMM?LCD
            CODE    345AH     0029H     UNIT         ?PR?_DISPCOLOR?LCD
            CODE    3483H     0027H     UNIT         ?PR?USBXCORE_USB_RESET?USB_API
            CODE    34AAH     0027H     UNIT         ?PR?USBXCORE_GET_INTERFACE?USB_API
            CODE    34D1H     0026H     UNIT         ?PR?_TP_WRITE?TP
            CODE    34F7H     0022H     UNIT         ?PR?USBXCORE_JUMP_ISR?USB_JUMP_ISR
            CODE    3519H     0020H     UNIT         ?PR?USBXCORE_SET_ADDRESS?USB_API
            CODE    3539H     001FH     UNIT         ?PR?_DELAY?MAIN
BL51 BANKED LINKER/LOCATER V6.22                                                      07/13/2018  10:22:28  PAGE 4


            CODE    3558H     001DH     UNIT         ?PR?USBXCORE_FORCE_STALL?USB_API
            CODE    3575H     0019H     UNIT         ?PR?USB_INT_ENABLE?USB_INT_ENABLE
            CODE    358EH     0016H     UNIT         ?PR?_SPI_WRITEBYTE?MMC_SD
            CODE    35A4H     0014H     UNIT         ?PR?USBXCORE_SET_SOP?USB_API
            CODE    35B8H     0013H     UNIT         ?PR?WAITKEY?MAIN
            CODE    35CBH     0013H     UNIT         ?PR?READDATA?LCD
            CODE    35DEH     0011H     UNIT         ?PR?SD_INIT?MMC_SD
            CODE    35EFH     000EH     UNIT         ?PR?GET_INTERRUPT_SOURCE?GET_INTERRUPT_SOURCE
            CODE    35FDH     000CH     UNIT         ?PR?USBXCORE_CLKREC?USB_CLOCK_RECOVERY
            CODE    3609H     000BH     UNIT         ?PR?SPI_READBYTE?MMC_SD
            CODE    3614H     0009H     UNIT         ?PR?_WRITEONEDOT?LCD



OVERLAY MAP OF MODULE:   ST7735S_HSD144_4W1L (MAIN)


SEGMENT                                            DATA_GROUP          XDATA_GROUP
  +--> CALLED SEGMENT                            START    LENGTH     START    LENGTH
------------------------------------------------------------------------------------
?PR?USB_API_TEST_ISR?MAIN                        0008H    0001H      -----    -----
  +--> ?PR?GET_INTERRUPT_SOURCE?GET_INTERRUP...
  +--> ?PR?_BLOCK_READ?BLOCK_READ
  +--> ?PR?SUSPEND_DEVICE?MAIN
  +--> ?PR?MCU_INIT?MAIN
  +--> ?PR?_?BLOCKWRITE?LCD

?PR?SUSPEND_DEVICE?MAIN                          -----    -----      -----    -----
  +--> ?PR?USB_SUSPEND?USB_SUSPEND

?PR?USB_SUSPEND?USB_SUSPEND                      -----    -----      -----    -----
  +--> ?PR?USB_CLOCK_START?USB_CLOCK_START

?PR?_?BLOCKWRITE?LCD                             -----    -----      -----    -----
  +--> ?PR?_WRITECOMM?LCD
  +--> ?PR?_WRITEDATA?LCD

?PR?_WRITECOMM?LCD                               002CH    0001H      -----    -----

?PR?_WRITEDATA?LCD                               002CH    0001H      -----    -----

*** NEW ROOT ***************************************************

?PR?USBXCORE_USB_ISR?USB_API                     -----    -----      -----    -----
  +--> ?PR?USBXCORE_USB_RESET?USB_API
  +--> ?PR?USBXCORE_HANDLE_SETUP?USB_API
  +--> ?PR?USBXCORE_JUMP_ISR?USB_JUMP_ISR

?PR?USBXCORE_HANDLE_SETUP?USB_API                -----    -----      -----    -----
  +--> ?PR?USBXCORE_GET_STATUS?USB_API
  +--> ?PR?USBXCORE_CLEAR_FEATURE?USB_API
  +--> ?PR?USBXCORE_VENDOR_USB_API?USB_API
  +--> ?PR?USBXCORE_SET_FEATURE?USB_API
  +--> ?PR?USBXCORE_SET_ADDRESS?USB_API
  +--> ?PR?USBXCORE_GET_DESCRIPTOR?USB_API
  +--> ?PR?USBXCORE_GET_CONFIGURATION?USB_API
  +--> ?PR?USBXCORE_SET_CONFIGURATION?USB_API
BL51 BANKED LINKER/LOCATER V6.22                                                      07/13/2018  10:22:28  PAGE 5


  +--> ?PR?USBXCORE_GET_INTERFACE?USB_API
  +--> ?PR?USBXCORE_SET_SOP?USB_API
  +--> ?PR?USBXCORE_FORCE_STALL?USB_API

?PR?USBXCORE_GET_STATUS?USB_API                  -----    -----      -----    -----
  +--> ?CO?USB_API
  +--> ?PR?USBXCORE_FORCE_STALL?USB_API
  +--> ?PR?USBXCORE_SET_SOP?USB_API

?PR?USBXCORE_CLEAR_FEATURE?USB_API               -----    -----      -----    -----
  +--> ?PR?USBXCORE_FORCE_STALL?USB_API
  +--> ?PR?USBXCORE_SET_SOP?USB_API

?PR?USBXCORE_VENDOR_USB_API?USB_API              -----    -----      -----    -----
  +--> ?PR?USBXCORE_SET_SOP?USB_API

?PR?USBXCORE_SET_FEATURE?USB_API                 -----    -----      -----    -----
  +--> ?PR?USBXCORE_FORCE_STALL?USB_API
  +--> ?PR?USBXCORE_SET_SOP?USB_API

?PR?USBXCORE_SET_ADDRESS?USB_API                 -----    -----      -----    -----
  +--> ?PR?USBXCORE_SET_SOP?USB_API

?PR?USBXCORE_GET_DESCRIPTOR?USB_API              -----    -----      -----    -----
  +--> ?PR?USBXCORE_FORCE_STALL?USB_API
  +--> ?PR?USBXCORE_SET_SOP?USB_API

?PR?USBXCORE_GET_CONFIGURATION?USB_API           -----    -----      -----    -----
  +--> ?CO?USB_API
  +--> ?PR?USBXCORE_SET_SOP?USB_API

?PR?USBXCORE_SET_CONFIGURATION?USB_API           -----    -----      -----    -----
  +--> ?PR?USBXCORE_SET_SOP?USB_API

?PR?USBXCORE_GET_INTERFACE?USB_API               -----    -----      -----    -----
  +--> ?CO?USB_API
  +--> ?PR?USBXCORE_SET_SOP?USB_API

*** NEW ROOT ***************************************************

?C_C51STARTUP                                    -----    -----      -----    -----
  +--> ?PR?MAIN?MAIN
  +--> ?C_INITSEG

?PR?MAIN?MAIN                                    000AH    0001H      -----    -----
  +--> ?PR?DEVICES_INIT?MAIN
  +--> ?PR?DISPFRAME?LCD
  +--> ?PR?_STOPDELAY?MAIN
  +--> ?PR?DISPGRAYHOR16?LCD
  +--> ?PR?_DISPCOLOR?LCD
  +--> ?PR?DISPBAND?LCD
  +--> ?PR?WAITKEY?MAIN
  +--> ?PR?SD_INIT?MMC_SD
  +--> ?PR?_DELAY?MAIN
  +--> ?PR?_DISPPICFROMSD?LCD
  +--> ?PR?TP_DRAWLINE?TP

BL51 BANKED LINKER/LOCATER V6.22                                                      07/13/2018  10:22:28  PAGE 6


?PR?DEVICES_INIT?MAIN                            -----    -----      -----    -----
  +--> ?PR?MCU_INIT?MAIN
  +--> ?PR?USB_CLOCK_START?USB_CLOCK_START
  +--> ?CO?MAIN
  +--> ?PR?_USB_INIT?USB_API
  +--> ?PR?USB_INT_ENABLE?USB_INT_ENABLE
  +--> ?PR?LCD_INIT?LCD

?PR?_USB_INIT?USB_API                            -----    -----      0200H    0011H
  +--> ?CO?USB_API
  +--> ?PR?USBXCORE_CLKREC?USB_CLOCK_RECOVERY

?PR?LCD_INIT?LCD                                 -----    -----      -----    -----
  +--> ?PR?READDATA?LCD
  +--> ?PR?_DELAY?MAIN
  +--> ?PR?_WRITECOMM?LCD
  +--> ?PR?_WRITEDATA?LCD

?PR?READDATA?LCD                                 -----    -----      -----    -----
  +--> ?PR?_LCD_READ_IC_ID?LCD

?PR?_LCD_READ_IC_ID?LCD                          0014H    0008H      -----    -----

?PR?DISPFRAME?LCD                                -----    -----      -----    -----
  +--> ?PR?_?BLOCKWRITE?LCD
  +--> ?PR?_WRITEDISPDATA?LCD

?PR?_STOPDELAY?MAIN                              000BH    0004H      -----    -----
  +--> ?PR?WAITKEY?MAIN
  +--> ?PR?_DELAY?MAIN

?PR?WAITKEY?MAIN                                 -----    -----      -----    -----
  +--> ?PR?CONNTOUSB?MAIN
  +--> ?PR?_DELAY?MAIN

?PR?CONNTOUSB?MAIN                               000FH    0005H      0200H    0058H
  +--> ?CO?MAIN
  +--> ?PR?_WRITECOMM?LCD
  +--> ?PR?_WRITEDATA?LCD
  +--> ?PR?_DISPSTR?LCD
  +--> ?PR?_DISPINT?LCD
  +--> ?PR?_WRITEDISPDATA?LCD
  +--> ?PR?_MMC_SD_WRITESINGLEBLOCK?MMC_SD
  +--> ?PR?_BLOCK_WRITE?BLOCK_WRITE
  +--> ?PR?READDATA?LCD
  +--> ?PR?_DELAY?MAIN

?PR?_DISPSTR?LCD                                 0014H    000BH      -----    -----
  +--> ?PR?_TOORD?LCD
  +--> ?PR?_DISPONECHAR?LCD

?PR?_DISPONECHAR?LCD                             001FH    000DH      -----    -----
  +--> ?PR?_?BLOCKWRITE?LCD
  +--> ?CO?LCD
  +--> ?PR?_WRITEONEDOT?LCD

?PR?_WRITEONEDOT?LCD                             -----    -----      -----    -----
BL51 BANKED LINKER/LOCATER V6.22                                                      07/13/2018  10:22:28  PAGE 7


  +--> ?PR?_WRITEDISPDATA?LCD

?PR?_DISPINT?LCD                                 0014H    000AH      -----    -----
  +--> ?PR?_DISPONECHAR?LCD

?PR?_MMC_SD_WRITESINGLEBLOCK?MMC_SD              0014H    0004H      -----    -----
  +--> ?PR?_MMC_SD_SENDCOMMAND?MMC_SD
  +--> ?PR?_SPI_WRITEBYTE?MMC_SD

?PR?_MMC_SD_SENDCOMMAND?MMC_SD                   001CH    0005H      -----    -----
  +--> ?PR?_SPI_WRITEBYTE?MMC_SD

?PR?DISPGRAYHOR16?LCD                            000BH    0004H      -----    -----
  +--> ?PR?_?BLOCKWRITE?LCD
  +--> ?PR?_WRITEDISPDATA?LCD

?PR?_DISPCOLOR?LCD                               000BH    0002H      -----    -----
  +--> ?PR?_?BLOCKWRITE?LCD
  +--> ?PR?_WRITEDISPDATA?LCD

?PR?DISPBAND?LCD                                 000BH    0005H      -----    -----
  +--> ?PR?_?BLOCKWRITE?LCD
  +--> ?PR?_WRITEDISPDATA?LCD

?PR?SD_INIT?MMC_SD                               -----    -----      -----    -----
  +--> ?PR?MMC_SD_RESET?MMC_SD

?PR?MMC_SD_RESET?MMC_SD                          -----    -----      -----    -----
  +--> ?PR?_SPI_WRITEBYTE?MMC_SD
  +--> ?PR?_MMC_SD_SENDCOMMAND?MMC_SD

?PR?_DISPPICFROMSD?LCD                           000BH    000DH      -----    -----
  +--> ?PR?_?BLOCKWRITE?LCD
  +--> ?PR?_MMC_SD_READSINGLEBLOCK?MMC_SD
  +--> ?PR?_WRITEDISPDATA?LCD

?PR?_MMC_SD_READSINGLEBLOCK?MMC_SD               0018H    0004H      -----    -----
  +--> ?PR?_MMC_SD_SENDCOMMAND?MMC_SD
  +--> ?PR?SPI_READBYTE?MMC_SD
  +--> ?PR?_SPI_WRITEBYTE?MMC_SD

?PR?TP_DRAWLINE?TP                               -----    -----      0200H    0018H
  +--> ?PR?_DELAY?MAIN
  +--> ?PR?_TP_GETPOSITION?TP
  +--> ?PR?_PUTPIXEL?LCD
  +--> ?PR?_DISPCOLOR?LCD

?PR?_TP_GETPOSITION?TP                           -----    -----      0218H    001BH
  +--> ?PR?_TP_WRITE?TP
  +--> ?PR?TP_READ?TP

?PR?_TP_WRITE?TP                                 -----    -----      0233H    0001H

?PR?TP_READ?TP                                   -----    -----      0233H    0005H

?PR?_PUTPIXEL?LCD                                000BH    0002H      -----    -----
  +--> ?PR?_?BLOCKWRITE?LCD
BL51 BANKED LINKER/LOCATER V6.22                                                      07/13/2018  10:22:28  PAGE 8


  +--> ?PR?_WRITEDISPDATA?LCD



SYMBOL TABLE OF MODULE:  ST7735S_HSD144_4W1L (MAIN)

  VALUE           TYPE          NAME
  ----------------------------------

  -------         MODULE        MAIN
  C:0000H         SYMBOL        _ICE_DUMMY_
  D:0080H         PUBLIC        P0
  D:002DH         PUBLIC        f_down
  D:0090H         PUBLIC        P1
  D:00A0H         PUBLIC        P2
  D:00B0H         PUBLIC        P3
  C:325FH         PUBLIC        USB_MaxPower
  B:00B0H.6       PUBLIC        KEY_STEP
  D:00A4H         PUBLIC        P0MDOUT
  D:00A5H         PUBLIC        P1MDOUT
  D:00A6H         PUBLIC        P2MDOUT
  D:00A7H         PUBLIC        P3MDOUT
  D:00AEH         PUBLIC        P4MDOUT
  B:0080H.6       PUBLIC        OE
  D:00D9H         PUBLIC        PCA0MD
  C:20AFH         PUBLIC        USB_API_TEST_ISR
  C:0088H         PUBLIC        Suspend_Device
  C:3268H         PUBLIC        _StopDelay
  D:00E1H         PUBLIC        XBR0
  D:00E2H         PUBLIC        XBR1
  B:00B0H.1       PUBLIC        RS
  C:2AECH         PUBLIC        main
  D:002EH         PUBLIC        VerifyCode0
  D:002FH         PUBLIC        VerifyCode1
  C:3229H         PUBLIC        USB_PID
  D:0030H         PUBLIC        VerifyCode2
  D:00F1H         PUBLIC        P0MDIN
  D:00F2H         PUBLIC        P1MDIN
  C:322BH         PUBLIC        USB_MfrStr
  D:00F4H         PUBLIC        P3MDIN
  C:3227H         PUBLIC        USB_VID
  D:00F8H         PUBLIC        SPI0CN
  D:0031H         PUBLIC        pic
  C:2E48H         PUBLIC        Devices_Init
  C:068EH         PUBLIC        ConnToUSB
  D:00A9H         PUBLIC        CLKSEL
  D:00B2H         PUBLIC        OSCICN
  C:3260H         PUBLIC        USB_PwAttributes
  C:35B8H         PUBLIC        WaitKey
  C:3263H         SYMBOL        _?ix1000
  B:00B0H.0       PUBLIC        CS0
  D:0032H         PUBLIC        bf
  C:3261H         PUBLIC        USB_bcdDevice
  D:00B9H         PUBLIC        CLKMUL
  D:0034H         PUBLIC        f_debug
  D:0035H         PUBLIC        sd
  X:0258H         PUBLIC        Packet
BL51 BANKED LINKER/LOCATER V6.22                                                      07/13/2018  10:22:28  PAGE 9


  C:0046H         PUBLIC        MCU_Init
  B:0080H.7       PUBLIC        DIR
  D:00EFH         PUBLIC        RSTSRC
  D:0039H         PUBLIC        f_read
  C:3255H         PUBLIC        USB_SerialStr
  D:003AH         PUBLIC        f_other
  C:3245H         PUBLIC        USB_ProductStr
  D:003BH         PUBLIC        f_para
  D:00A1H         PUBLIC        SPI0CFG
  C:3539H         PUBLIC        _Delay
  B:00B0H.7       PUBLIC        KEY_Stop
  D:003CH         PUBLIC        f_init
  -------         PROC          MAIN
  -------         DO            
  D:000AH         SYMBOL        n
  -------         ENDDO         
  C:2AECH         LINE#         43
  C:2AECH         LINE#         44
  C:2AECH         LINE#         48
  C:2AEFH         LINE#         50
  C:2AF2H         LINE#         51
  C:2AF2H         LINE#         76
  C:2AFCH         LINE#         79
  C:2B02H         LINE#         80
  C:2B0CH         LINE#         81
  C:2B16H         LINE#         82
  C:2B20H         LINE#         83
  C:2B2AH         LINE#         84
  C:2B3AH         LINE#         122
  C:2B3DH         LINE#         123
  C:2B44H         LINE#         129
  C:2B47H         LINE#         130
  C:2B47H         LINE#         131
  C:2B4CH         LINE#         132
  C:2B56H         LINE#         133
  C:2B5DH         LINE#         134
  C:2B66H         LINE#         139
  C:2B69H         LINE#         142
  C:2B6CH         LINE#         145
  -------         ENDPROC       MAIN
  -------         PROC          _DELAY
  D:0006H         SYMBOL        dly
  -------         DO            
  D:0004H         SYMBOL        i
  D:0002H         SYMBOL        j
  -------         ENDDO         
  C:3539H         LINE#         149
  C:3539H         LINE#         150
  C:3539H         LINE#         153
  C:3543H         LINE#         154
  C:3557H         LINE#         155
  -------         ENDPROC       _DELAY
  C:3264H         SYMBOL        L?0136
  -------         PROC          L?0135
  -------         ENDPROC       L?0135
  C:3264H         SYMBOL        L?0136
  -------         PROC          _STOPDELAY
BL51 BANKED LINKER/LOCATER V6.22                                                      07/13/2018  10:22:28  PAGE 10


  D:000BH         SYMBOL        sdly
  -------         DO            
  D:0006H         SYMBOL        i
  D:0004H         SYMBOL        j
  D:000DH         SYMBOL        k
  -------         ENDDO         
  C:3268H         LINE#         158
  C:326CH         LINE#         159
  C:326CH         LINE#         161
  C:3271H         LINE#         162
  C:3271H         LINE#         163
  C:3274H         LINE#         164
  C:3274H         LINE#         165
  C:3280H         LINE#         166
  C:3294H         LINE#         167
  C:3294H         LINE#         169
  C:3294H         LINE#         170
  C:329EH         LINE#         171
  C:329EH         LINE#         172
  C:32AFH         LINE#         173
  -------         ENDPROC       _STOPDELAY
  -------         PROC          WAITKEY
  C:35B8H         LINE#         203
  C:35B8H         LINE#         204
  C:35B8H         LINE#         206
  C:35BBH         LINE#         207
  C:35BBH         LINE#         209
  C:35BEH         LINE#         211
  C:35C0H         LINE#         212
  C:35C7H         LINE#         213
  C:35CAH         LINE#         215
  -------         ENDPROC       WAITKEY
  -------         PROC          CONNTOUSB
  -------         DO            
  D:000FH         SYMBOL        i
  X:0200H         SYMBOL        reg_data
  X:0218H         SYMBOL        para_data
  D:0007H         SYMBOL        dat
  D:0010H         SYMBOL        reg_index
  D:0012H         SYMBOL        data_num
  D:0013H         SYMBOL        st
  -------         ENDDO         
  C:068EH         LINE#         236
  C:068EH         LINE#         237
  C:068EH         LINE#         244
  C:06A1H         LINE#         247
  C:06A8H         LINE#         248
  C:06A8H         LINE#         249
  C:06ABH         LINE#         250
  C:06ABH         LINE#         251
  C:06BDH         LINE#         252
  C:06BDH         LINE#         253
  C:06E4H         LINE#         254
  C:06E6H         LINE#         255
  C:06FAH         LINE#         256
  C:06FAH         LINE#         257
  C:0721H         LINE#         259
BL51 BANKED LINKER/LOCATER V6.22                                                      07/13/2018  10:22:28  PAGE 11


  C:0721H         LINE#         260
  C:0721H         LINE#         261
  C:0721H         LINE#         263
  C:0721H         LINE#         264
  C:072AH         LINE#         265
  C:0734H         LINE#         266
  C:073EH         LINE#         268
  C:0759H         LINE#         270
  C:0763H         LINE#         271
  C:0763H         LINE#         272
  C:0766H         LINE#         273
  C:0766H         LINE#         274
  C:0778H         LINE#         275
  C:0778H         LINE#         276
  C:07CAH         LINE#         277
  C:07CCH         LINE#         278
  C:07E0H         LINE#         279
  C:07E0H         LINE#         280
  C:0833H         LINE#         281
  C:0833H         LINE#         282
  C:0833H         LINE#         283
  C:0833H         LINE#         285
  C:0833H         LINE#         286
  C:083FH         LINE#         287
  C:083FH         LINE#         288
  C:0849H         LINE#         289
  C:0853H         LINE#         291
  C:0856H         LINE#         292
  C:0859H         LINE#         296
  C:0860H         LINE#         297
  C:0860H         LINE#         298
  C:086DH         LINE#         299
  C:086DH         LINE#         300
  C:086FH         LINE#         302
  C:0871H         LINE#         303
  C:088EH         LINE#         304
  C:0890H         LINE#         306
  C:08B3H         LINE#         307
  C:08D6H         LINE#         308
  C:08DFH         LINE#         309
  C:08DFH         LINE#         310
  C:08E7H         LINE#         311
  C:08EDH         LINE#         312
  C:08F8H         LINE#         313
  C:08FDH         LINE#         314
  C:08FDH         LINE#         315
  C:0904H         LINE#         317
  C:0907H         LINE#         318
  C:0912H         LINE#         319
  C:0915H         LINE#         322
  C:091CH         LINE#         323
  C:091CH         LINE#         324
  C:0925H         LINE#         325
  C:0925H         LINE#         326
  C:0932H         LINE#         327
  C:0932H         LINE#         328
  C:0934H         LINE#         330
BL51 BANKED LINKER/LOCATER V6.22                                                      07/13/2018  10:22:28  PAGE 12


  C:0936H         LINE#         331
  C:0953H         LINE#         332
  C:0955H         LINE#         334
  C:0978H         LINE#         335
  C:099BH         LINE#         337
  C:09A4H         LINE#         338
  C:09A4H         LINE#         339
  C:09ACH         LINE#         340
  C:09B2H         LINE#         341
  C:09BDH         LINE#         342
  C:09C2H         LINE#         343
  C:09C2H         LINE#         345
  C:09C9H         LINE#         351
  C:09C9H         LINE#         352
  C:09D3H         LINE#         353
  C:09D3H         LINE#         354
  C:09D5H         LINE#         356
  C:09D7H         LINE#         357
  C:09F4H         LINE#         358
  C:09F6H         LINE#         360
  C:09FCH         LINE#         361
  C:09FFH         LINE#         362
  C:0A0AH         LINE#         363
  C:0A0AH         LINE#         364
  C:0A0DH         LINE#         367
  C:0A14H         LINE#         368
  C:0A14H         LINE#         369
  C:0A21H         LINE#         370
  C:0A21H         LINE#         371
  C:0A2FH         LINE#         372
  C:0A2FH         LINE#         373
  C:0A4EH         LINE#         374
  C:0A50H         LINE#         375
  C:0A5FH         LINE#         376
  C:0A5FH         LINE#         377
  C:0A7EH         LINE#         378
  C:0A80H         LINE#         379
  C:0A90H         LINE#         380
  C:0A90H         LINE#         383
  C:0A9AH         LINE#         384
  C:0AA4H         LINE#         385
  C:0AA4H         LINE#         386
  C:0AA4H         LINE#         387
  C:0AA4H         LINE#         389
  C:0AA4H         LINE#         390
  C:0AADH         LINE#         391
  C:0AB0H         LINE#         392
  C:0ABBH         LINE#         393
  C:0ABEH         LINE#         396
  C:0AC5H         LINE#         397
  C:0AC5H         LINE#         398
  C:0AC8H         LINE#         399
  C:0ADCH         LINE#         401
  C:0AE4H         LINE#         402
  C:0AF2H         LINE#         404
  C:0AFAH         LINE#         405
  C:0AFAH         LINE#         406
BL51 BANKED LINKER/LOCATER V6.22                                                      07/13/2018  10:22:28  PAGE 13


  C:0B01H         LINE#         407
  C:0B0BH         LINE#         408
  C:0B0BH         LINE#         409
  C:0B0EH         LINE#         410
  C:0B1BH         LINE#         411
  C:0B28H         LINE#         412
  C:0B2EH         LINE#         413
  C:0B2EH         LINE#         415
  C:0B31H         LINE#         416
  C:0B3FH         LINE#         418
  C:0B46H         LINE#         419
  C:0B61H         LINE#         420
  C:0B6BH         LINE#         421
  C:0B6BH         LINE#         422
  C:0B8BH         LINE#         423
  C:0B98H         LINE#         424
  C:0B98H         LINE#         425
  C:0BEBH         LINE#         426
  C:0BF1H         LINE#         427
  C:0BF1H         LINE#         428
  C:0BF1H         LINE#         431
  C:0BF5H         LINE#         432
  C:0BF5H         LINE#         433
  C:0BF8H         LINE#         434
  C:0C0CH         LINE#         436
  C:0C11H         LINE#         437
  C:0C15H         LINE#         438
  C:0C18H         LINE#         439
  C:0C1CH         LINE#         441
  C:0C1FH         LINE#         442
  C:0C2BH         LINE#         443
  C:0C2DH         LINE#         444
  -------         ENDPROC       CONNTOUSB
  -------         PROC          MCU_INIT
  -------         DO            
  D:0007H         SYMBOL        n
  -------         ENDDO         
  C:0046H         LINE#         447
  C:0046H         LINE#         448
  C:0046H         LINE#         450
  C:0049H         LINE#         453
  C:004CH         LINE#         454
  C:004FH         LINE#         456
  C:0052H         LINE#         458
  C:0057H         LINE#         460
  C:005AH         LINE#         461
  C:005FH         LINE#         462
  C:0062H         LINE#         464
  C:0065H         LINE#         467
  C:0068H         LINE#         468
  C:006BH         LINE#         470
  C:006EH         LINE#         471
  C:0071H         LINE#         473
  C:0074H         LINE#         474
  C:0077H         LINE#         476
  C:007AH         LINE#         477
  C:007DH         LINE#         478
BL51 BANKED LINKER/LOCATER V6.22                                                      07/13/2018  10:22:28  PAGE 14


  C:007FH         LINE#         479
  C:0081H         LINE#         484
  C:0084H         LINE#         485
  C:0087H         LINE#         487
  -------         ENDPROC       MCU_INIT
  -------         PROC          DEVICES_INIT
  C:2E48H         LINE#         489
  C:2E48H         LINE#         490
  C:2E48H         LINE#         492
  C:2E4BH         LINE#         495
  C:2E4EH         LINE#         496
  C:2EA8H         LINE#         497
  C:2EABH         LINE#         500
  C:2EAEH         LINE#         501
  C:2EB1H         LINE#         509
  -------         ENDPROC       DEVICES_INIT
  -------         PROC          SUSPEND_DEVICE
  C:0088H         LINE#         513
  C:0088H         LINE#         514
  C:0088H         LINE#         515
  -------         ENDPROC       SUSPEND_DEVICE
  -------         PROC          USB_API_TEST_ISR
  -------         DO            
  D:0008H         SYMBOL        INTVAL
  -------         ENDDO         
  C:20AFH         LINE#         519
  C:20CCH         LINE#         521
  C:20D1H         LINE#         523
  C:20D6H         LINE#         524
  C:20D6H         LINE#         525
  C:20E1H         LINE#         527
  C:20F3H         LINE#         528
  C:20F3H         LINE#         529
  C:20F6H         LINE#         530
  C:20F8H         LINE#         531
  C:2108H         LINE#         532
  C:2108H         LINE#         533
  C:210BH         LINE#         534
  C:210DH         LINE#         535
  C:211EH         LINE#         536
  C:211EH         LINE#         537
  C:2121H         LINE#         538
  C:2123H         LINE#         539
  C:2135H         LINE#         540
  C:2135H         LINE#         541
  C:2138H         LINE#         542
  C:213AH         LINE#         543
  C:214AH         LINE#         544
  C:214AH         LINE#         545
  C:214DH         LINE#         546
  C:214FH         LINE#         548
  C:214FH         LINE#         549
  C:2152H         LINE#         550
  C:2152H         LINE#         551
  C:2152H         LINE#         553
  C:2152H         LINE#         554
  C:2152H         LINE#         556
BL51 BANKED LINKER/LOCATER V6.22                                                      07/13/2018  10:22:28  PAGE 15


  C:2152H         LINE#         558
  C:2157H         LINE#         559
  C:2157H         LINE#         560
  C:215AH         LINE#         561
  C:215AH         LINE#         563
  C:215FH         LINE#         564
  C:215FH         LINE#         565
  C:2162H         LINE#         566
  C:2162H         LINE#         568
  C:2167H         LINE#         569
  C:2167H         LINE#         570
  C:2181H         LINE#         571
  C:2181H         LINE#         573
  C:2186H         LINE#         574
  C:2186H         LINE#         575
  C:2188H         LINE#         576
  C:21A2H         LINE#         577
  C:21A2H         LINE#         578
  -------         ENDPROC       USB_API_TEST_ISR
  -------         ENDMOD        MAIN

  -------         MODULE        MMC_SD
  C:0000H         SYMBOL        _ICE_DUMMY_
  D:00A2H         PUBLIC        SPI0CKR
  D:0080H         PUBLIC        P0
  D:0090H         PUBLIC        P1
  D:00A0H         PUBLIC        P2
  D:00B0H         PUBLIC        P3
  C:304FH         PUBLIC        _MMC_SD_SendCommand
  C:2F86H         PUBLIC        _MMC_SD_ReadSingleBlock
  C:35DEH         PUBLIC        SD_Init
  C:2C6FH         PUBLIC        _MMC_SD_WriteSingleBlock
  B:00F8H.7       PUBLIC        SPIF
  B:00F8H.2       PUBLIC        NSSMD0
  C:2444H         PUBLIC        MMC_SD_Reset
  D:00A9H         PUBLIC        CLKSEL
  C:3609H         PUBLIC        SPI_ReadByte
  C:359AH         PUBLIC        _SPI_WriteByte
  D:00A3H         PUBLIC        SPI0DAT
  X:0000H         PUBLIC        buffer
  C:358EH         SYMBOL        L?0062
  C:3593H         SYMBOL        L?0063
  -------         PROC          L?0061
  -------         ENDPROC       L?0061
  C:358EH         SYMBOL        L?0062
  C:3593H         SYMBOL        L?0063
  -------         PROC          _SPI_WRITEBYTE
  D:0007H         SYMBOL        val
  -------         DO            
  D:0007H         SYMBOL        ret
  -------         ENDDO         
  C:359AH         LINE#         7
  C:359AH         LINE#         8
  C:359AH         LINE#         11
  C:359CH         LINE#         12
  C:359FH         LINE#         13
  C:35A1H         LINE#         14
BL51 BANKED LINKER/LOCATER V6.22                                                      07/13/2018  10:22:28  PAGE 16


  C:35A3H         LINE#         15
  C:35A3H         LINE#         16
  -------         ENDPROC       _SPI_WRITEBYTE
  -------         PROC          SPI_READBYTE
  -------         DO            
  D:0007H         SYMBOL        ret
  -------         ENDDO         
  C:3609H         LINE#         18
  C:3609H         LINE#         19
  C:3609H         LINE#         22
  C:360CH         LINE#         23
  C:360FH         LINE#         24
  C:3611H         LINE#         25
  C:3613H         LINE#         26
  C:3613H         LINE#         27
  -------         ENDPROC       SPI_READBYTE
  -------         PROC          _MMC_SD_SENDCOMMAND
  D:0006H         SYMBOL        cmd
  D:001DH         SYMBOL        arg
  -------         DO            
  D:0007H         SYMBOL        r1
  D:0003H         SYMBOL        retry
  -------         ENDDO         
  C:304FH         LINE#         30
  C:3051H         LINE#         31
  C:3051H         LINE#         33
  C:3053H         LINE#         35
  C:3053H         LINE#         36
  C:3053H         LINE#         37
  C:3056H         LINE#         38
  C:3056H         LINE#         39
  C:3056H         LINE#         40
  C:3059H         LINE#         42
  C:305BH         LINE#         44
  C:3062H         LINE#         45
  C:3072H         LINE#         46
  C:3082H         LINE#         47
  C:3092H         LINE#         48
  C:3097H         LINE#         49
  C:309CH         LINE#         51
  C:30A4H         LINE#         52
  C:30ADH         LINE#         54
  C:30AFH         LINE#         56
  C:30AFH         LINE#         57
  -------         ENDPROC       _MMC_SD_SENDCOMMAND
  -------         PROC          MMC_SD_RESET
  -------         DO            
  D:0005H         SYMBOL        i
  D:0002H         SYMBOL        retry
  D:0006H         SYMBOL        r1
  -------         ENDDO         
  C:2444H         LINE#         59
  C:2444H         LINE#         60
  C:2444H         LINE#         63
  C:2446H         LINE#         65
  C:2447H         LINE#         66
  C:244AH         LINE#         67
BL51 BANKED LINKER/LOCATER V6.22                                                      07/13/2018  10:22:28  PAGE 17


  C:244DH         LINE#         69
  C:244DH         LINE#         70
  C:2458H         LINE#         71
  C:2467H         LINE#         72
  C:2468H         LINE#         73
  C:246EH         LINE#         74
  C:2471H         LINE#         76
  C:2473H         LINE#         78
  C:2473H         LINE#         80
  C:2473H         LINE#         81
  C:2483H         LINE#         82
  C:2484H         LINE#         83
  C:248DH         LINE#         84
  C:2490H         LINE#         86
  C:2492H         LINE#         87
  C:24A1H         LINE#         88
  C:24A2H         LINE#         89
  C:24ABH         LINE#         90
  C:24AEH         LINE#         92
  C:24B1H         LINE#         93
  C:24B1H         LINE#         94
  C:24B3H         LINE#         96
  C:24B3H         LINE#         97
  C:24C3H         LINE#         98
  C:24C4H         LINE#         99
  C:24CDH         LINE#         100
  C:24D0H         LINE#         101
  C:24D0H         LINE#         102
  C:24E0H         LINE#         104
  C:24EFH         LINE#         105
  C:24F2H         LINE#         106
  C:24F5H         LINE#         107
  C:24F6H         LINE#         108
  -------         ENDPROC       MMC_SD_RESET
  -------         PROC          _MMC_SD_READSINGLEBLOCK
  D:0018H         SYMBOL        sector
  -------         DO            
  D:0007H         SYMBOL        r1
  D:0004H         SYMBOL        i
  D:0002H         SYMBOL        retry
  -------         ENDDO         
  C:2F86H         LINE#         110
  C:2F8EH         LINE#         111
  C:2F8EH         LINE#         114
  C:2F90H         LINE#         116
  C:2F93H         LINE#         118
  C:2F93H         LINE#         119
  C:2FADH         LINE#         120
  C:2FAEH         LINE#         121
  C:2FB7H         LINE#         122
  C:2FBAH         LINE#         125
  C:2FBCH         LINE#         127
  C:2FC2H         LINE#         129
  C:2FC5H         LINE#         130
  C:2FC5H         LINE#         131
  C:2FD4H         LINE#         132
  C:2FE1H         LINE#         134
BL51 BANKED LINKER/LOCATER V6.22                                                      07/13/2018  10:22:28  PAGE 18


  C:2FE1H         LINE#         135
  C:2FE4H         LINE#         137
  C:2FE6H         LINE#         138
  C:2FE9H         LINE#         139
  C:2FEAH         LINE#         140
  -------         ENDPROC       _MMC_SD_READSINGLEBLOCK
  -------         PROC          _MMC_SD_WRITESINGLEBLOCK
  D:0014H         SYMBOL        sector
  -------         DO            
  D:0006H         SYMBOL        r1
  D:0004H         SYMBOL        i
  D:0002H         SYMBOL        retry
  -------         ENDDO         
  C:2C6FH         LINE#         142
  C:2C77H         LINE#         143
  C:2C77H         LINE#         146
  C:2C79H         LINE#         148
  C:2C7CH         LINE#         150
  C:2C7CH         LINE#         151
  C:2C98H         LINE#         152
  C:2C99H         LINE#         153
  C:2CA2H         LINE#         154
  C:2CA5H         LINE#         158
  C:2CA7H         LINE#         160
  C:2CACH         LINE#         162
  C:2CB1H         LINE#         164
  C:2CB3H         LINE#         165
  C:2CB3H         LINE#         166
  C:2CC2H         LINE#         167
  C:2CCFH         LINE#         169
  C:2CCFH         LINE#         170
  C:2CCFH         LINE#         172
  C:2CD4H         LINE#         174
  C:2CDBH         LINE#         175
  C:2CDBH         LINE#         176
  C:2CDDH         LINE#         177
  C:2CDEH         LINE#         178
  C:2CDEH         LINE#         180
  C:2CE6H         LINE#         182
  C:2CE8H         LINE#         183
  C:2CEBH         LINE#         184
  C:2CECH         LINE#         185
  -------         ENDPROC       _MMC_SD_WRITESINGLEBLOCK
  -------         PROC          SD_INIT
  -------         DO            
  D:0001H         SYMBOL        n
  -------         ENDDO         
  C:35DEH         LINE#         188
  C:35DEH         LINE#         189
  C:35DEH         LINE#         190
  C:35E0H         LINE#         192
  C:35E6H         LINE#         193
  C:35E6H         LINE#         194
  C:35E7H         LINE#         195
  C:35EEH         LINE#         197
  -------         ENDPROC       SD_INIT
  -------         ENDMOD        MMC_SD
BL51 BANKED LINKER/LOCATER V6.22                                                      07/13/2018  10:22:28  PAGE 19



  -------         MODULE        LCD
  C:0000H         SYMBOL        _ICE_DUMMY_
  D:0080H         PUBLIC        P0
  C:2799H         PUBLIC        DispFrame
  D:0090H         PUBLIC        P1
  C:28C5H         PUBLIC        DispScaleVer_Green
  D:00A0H         PUBLIC        P2
  D:00B0H         PUBLIC        P3
  C:1AE8H         PUBLIC        DispBand
  C:33B4H         PUBLIC        _WriteData
  C:008EH         PUBLIC        ascii
  C:1D5BH         PUBLIC        _LCD_Read_IC_ID
  D:00A6H         PUBLIC        P2MDOUT
  C:345AH         PUBLIC        _DispColor
  C:2F20H         PUBLIC        DispScaleVer_Blue
  C:2CEDH         PUBLIC        _DrawGird
  C:2FEBH         PUBLIC        _DrawLine
  B:00D0H.7       PUBLIC        CY
  C:3431H         PUBLIC        _WriteComm
  C:0018H         PUBLIC        _WriteDispData
  C:2BEEH         PUBLIC        DispScaleVer_Gray
  B:00B0H.1       PUBLIC        RS
  B:00A0H.1       PUBLIC        SPI_CLK
  C:2B6DH         PUBLIC        DispScaleVer_Red
  C:21BDH         PUBLIC        DispScaleVer
  C:266DH         PUBLIC        _DispOneChar
  C:2EB4H         PUBLIC        DispGrayHor32
  C:29E1H         PUBLIC        DispGrayHor16
  C:2830H         PUBLIC        _DispInt
  C:32F7H         PUBLIC        _PutPixel
  D:00A9H         PUBLIC        CLKSEL
  B:0090H.6       PUBLIC        RD0
  B:00B0H.0       PUBLIC        CS0
  D:0065H         PUBLIC        LCM_ID
  C:16BBH         PUBLIC        LCD_Init
  C:2A6AH         PUBLIC        _DispStr
  C:1349H         PUBLIC        DispScaleHor1
  B:00A0H.0       PUBLIC        SPI_DI
  C:3614H         PUBLIC        _WriteOneDot
  C:19AAH         PUBLIC        DispScaleHor2
  C:2390H         PUBLIC        _DispPicFromSD
  B:0080H.7       PUBLIC        DIR
  C:30B0H         PUBLIC        _ToOrd
  B:0080H.5       PUBLIC        RST
  C:35CBH         PUBLIC        ReadData
  C:2713H         PUBLIC        _?BlockWrite
  -------         PROC          _LCD_READ_IC_ID
  D:0007H         SYMBOL        ID
  D:0004H         SYMBOL        Bug
  D:0003H         SYMBOL        flog
  -------         DO            
  D:0014H         SYMBOL        id
  D:0016H         SYMBOL        id1
  D:0018H         SYMBOL        temp
  D:0005H         SYMBOL        i
  D:0007H         SYMBOL        dat
BL51 BANKED LINKER/LOCATER V6.22                                                      07/13/2018  10:22:28  PAGE 20


  D:0001H         SYMBOL        id2
  D:001AH         SYMBOL        id3
  D:001BH         SYMBOL        id4
  -------         ENDDO         
  C:1D5BH         LINE#         34
  C:1D5BH         LINE#         35
  C:1D5BH         LINE#         38
  C:1D64H         LINE#         39
  C:1D64H         LINE#         41
  C:1D67H         LINE#         42
  C:1D67H         LINE#         43
  C:1D69H         LINE#         44
  C:1D6BH         LINE#         45
  C:1D6CH         LINE#         46
  C:1D6CH         LINE#         47
  C:1D6EH         LINE#         48
  C:1D76H         LINE#         49
  C:1D78H         LINE#         51
  C:1D7AH         LINE#         52
  C:1D7EH         LINE#         53
  C:1D82H         LINE#         54
  C:1D85H         LINE#         57
  C:1D8FH         LINE#         58
  C:1D8FH         LINE#         59
  C:1D91H         LINE#         60
  C:1D91H         LINE#         61
  C:1D93H         LINE#         62
  C:1D95H         LINE#         63
  C:1D97H         LINE#         64
  C:1DAEH         LINE#         65
  C:1DB0H         LINE#         66
  C:1DB2H         LINE#         67
  C:1DB8H         LINE#         68
  C:1DC2H         LINE#         69
  C:1DC2H         LINE#         70
  C:1DC4H         LINE#         71
  C:1DC4H         LINE#         72
  C:1DC6H         LINE#         73
  C:1DC8H         LINE#         74
  C:1DCAH         LINE#         75
  C:1DE1H         LINE#         76
  C:1DE3H         LINE#         77
  C:1DE5H         LINE#         78
  C:1DE9H         LINE#         79
  C:1DE9H         LINE#         81
  C:1DEBH         LINE#         82
  C:1DEBH         LINE#         83
  C:1DEDH         LINE#         84
  C:1DEFH         LINE#         85
  C:1DF1H         LINE#         86
  C:1E08H         LINE#         87
  C:1E0AH         LINE#         88
  C:1E0CH         LINE#         89
  C:1E10H         LINE#         91
  C:1E12H         LINE#         92
  C:1E12H         LINE#         93
  C:1E14H         LINE#         94
BL51 BANKED LINKER/LOCATER V6.22                                                      07/13/2018  10:22:28  PAGE 21


  C:1E16H         LINE#         95
  C:1E18H         LINE#         96
  C:1E22H         LINE#         97
  C:1E24H         LINE#         98
  C:1E26H         LINE#         99
  C:1E2AH         LINE#         101
  C:1E2CH         LINE#         102
  C:1E2CH         LINE#         103
  C:1E2EH         LINE#         104
  C:1E30H         LINE#         105
  C:1E32H         LINE#         106
  C:1E3EH         LINE#         107
  C:1E40H         LINE#         108
  C:1E42H         LINE#         109
  C:1E46H         LINE#         110
  C:1E49H         LINE#         111
  C:1E4BH         LINE#         112
  C:1E4DH         LINE#         113
  C:1E4FH         LINE#         114
  C:1E51H         LINE#         115
  C:1E53H         LINE#         116
  C:1E55H         LINE#         118
  C:1E58H         LINE#         119
  C:1E58H         LINE#         120
  C:1E62H         LINE#         122
  C:1E6CH         LINE#         123
  C:1E6CH         LINE#         124
  C:1E6CH         LINE#         126
  C:1E71H         LINE#         127
  C:1E71H         LINE#         128
  C:1E7CH         LINE#         129
  C:1E7CH         LINE#         131
  C:1E7CH         LINE#         132
  C:1E7EH         LINE#         133
  C:1E82H         LINE#         134
  -------         ENDPROC       _LCD_READ_IC_ID
  -------         PROC          _WRITECOMM
  D:0004H         SYMBOL        i
  -------         DO            
  D:0003H         SYMBOL        j
  D:002CH         SYMBOL        DataH
  -------         ENDDO         
  C:3431H         LINE#         136
  C:3435H         LINE#         137
  C:3435H         LINE#         139
  C:3438H         LINE#         140
  C:343AH         LINE#         203
  C:343AH         LINE#         234
  C:343CH         LINE#         235
  C:343EH         LINE#         236
  C:343EH         LINE#         237
  C:3442H         LINE#         238
  C:3446H         LINE#         240
  C:3448H         LINE#         241
  C:344FH         LINE#         242
  C:3451H         LINE#         243
  C:3453H         LINE#         245
BL51 BANKED LINKER/LOCATER V6.22                                                      07/13/2018  10:22:28  PAGE 22


  C:3457H         LINE#         247
  C:3457H         LINE#         250
  C:3459H         LINE#         251
  -------         ENDPROC       _WRITECOMM
  -------         PROC          L?0481
  -------         ENDPROC       L?0481
  -------         PROC          _WRITEDATA
  D:0004H         SYMBOL        i
  -------         DO            
  D:0003H         SYMBOL        j
  D:002CH         SYMBOL        DataH
  -------         ENDDO         
  C:33B4H         LINE#         253
  C:33B8H         LINE#         254
  C:33B8H         LINE#         256
  C:33BBH         LINE#         257
  C:33BDH         LINE#         397
  C:33BDH         LINE#         428
  C:33BFH         LINE#         429
  C:33C1H         LINE#         430
  C:33C1H         LINE#         431
  C:33C5H         LINE#         432
  C:33C9H         LINE#         434
  C:33CBH         LINE#         435
  C:33D2H         LINE#         436
  C:33D4H         LINE#         437
  C:33D6H         LINE#         439
  C:33DAH         LINE#         441
  C:33DAH         LINE#         444
  C:33DCH         LINE#         445
  -------         ENDPROC       _WRITEDATA
  C:0003H         SYMBOL        L?0479
  -------         PROC          L?0478
  -------         ENDPROC       L?0478
  C:0003H         SYMBOL        L?0479
  -------         PROC          _WRITEDISPDATA
  D:0007H         SYMBOL        DataH
  D:0005H         SYMBOL        DataL
  -------         DO            
  D:0006H         SYMBOL        j
  -------         ENDDO         
  C:0018H         LINE#         447
  C:0018H         LINE#         448
  C:0018H         LINE#         450
  C:001AH         LINE#         524
  C:001AH         LINE#         525
  C:001CH         LINE#         526
  C:001EH         LINE#         527
  C:001EH         LINE#         528
  C:0022H         LINE#         529
  C:0024H         LINE#         530
  C:0026H         LINE#         531
  C:0028H         LINE#         532
  C:002CH         LINE#         534
  C:002EH         LINE#         535
  C:0030H         LINE#         536
  C:0030H         LINE#         537
BL51 BANKED LINKER/LOCATER V6.22                                                      07/13/2018  10:22:28  PAGE 23


  C:0034H         LINE#         538
  C:0036H         LINE#         539
  C:0038H         LINE#         540
  C:003AH         LINE#         541
  C:003EH         LINE#         566
  C:003EH         LINE#         569
  C:0040H         LINE#         570
  -------         ENDPROC       _WRITEDISPDATA
  -------         PROC          _WRITEONEDOT
  D:0004H         SYMBOL        color
  C:3614H         LINE#         572
  C:3618H         LINE#         573
  C:3618H         LINE#         587
  -------         ENDPROC       _WRITEONEDOT
  -------         PROC          LCD_INIT
  C:16BBH         LINE#         595
  C:16BBH         LINE#         596
  C:16BBH         LINE#         597
  C:16BEH         LINE#         600
  C:16C0H         LINE#         601
  C:16C7H         LINE#         603
  C:16C9H         LINE#         604
  C:16D0H         LINE#         606
  C:16D2H         LINE#         607
  C:16D9H         LINE#         1796
  C:16E0H         LINE#         1797
  C:16E6H         LINE#         1799
  C:16EDH         LINE#         1800
  C:16F2H         LINE#         1801
  C:16F7H         LINE#         1802
  C:16FBH         LINE#         1804
  C:1700H         LINE#         1805
  C:1705H         LINE#         1806
  C:170AH         LINE#         1807
  C:170EH         LINE#         1809
  C:1713H         LINE#         1810
  C:1718H         LINE#         1811
  C:171DH         LINE#         1812
  C:1721H         LINE#         1813
  C:1726H         LINE#         1814
  C:172BH         LINE#         1815
  C:172FH         LINE#         1817
  C:1734H         LINE#         1818
  C:1739H         LINE#         1820
  C:173EH         LINE#         1821
  C:1743H         LINE#         1822
  C:1748H         LINE#         1823
  C:174DH         LINE#         1825
  C:1752H         LINE#         1826
  C:1757H         LINE#         1828
  C:175CH         LINE#         1829
  C:1761H         LINE#         1830
  C:1766H         LINE#         1832
  C:176BH         LINE#         1833
  C:1770H         LINE#         1834
  C:1775H         LINE#         1836
  C:177AH         LINE#         1837
BL51 BANKED LINKER/LOCATER V6.22                                                      07/13/2018  10:22:28  PAGE 24


  C:177FH         LINE#         1838
  C:1784H         LINE#         1840
  C:1789H         LINE#         1841
  C:178EH         LINE#         1843
  C:1793H         LINE#         1844
  C:1798H         LINE#         1846
  C:179DH         LINE#         1847
  C:17A2H         LINE#         1849
  C:17A7H         LINE#         1850
  C:17ACH         LINE#         1851
  C:17B1H         LINE#         1852
  C:17B6H         LINE#         1853
  C:17BBH         LINE#         1854
  C:17C0H         LINE#         1855
  C:17C5H         LINE#         1856
  C:17CAH         LINE#         1857
  C:17CFH         LINE#         1858
  C:17D2H         LINE#         1859
  C:17D6H         LINE#         1860
  C:17DBH         LINE#         1861
  C:17E0H         LINE#         1862
  C:17E5H         LINE#         1863
  C:17EAH         LINE#         1864
  C:17EDH         LINE#         1865
  C:17F2H         LINE#         1866
  C:17F7H         LINE#         1868
  C:17FEH         LINE#         1869
  C:1803H         LINE#         1870
  C:1808H         LINE#         1871
  C:180DH         LINE#         1872
  C:1812H         LINE#         1873
  C:1817H         LINE#         1874
  C:181CH         LINE#         1875
  C:1821H         LINE#         1876
  C:1826H         LINE#         1877
  C:1829H         LINE#         1878
  C:182EH         LINE#         1879
  C:1833H         LINE#         1880
  C:1838H         LINE#         1881
  C:183DH         LINE#         1882
  C:1842H         LINE#         1883
  C:1845H         LINE#         1884
  C:184AH         LINE#         1886
  C:184FH         LINE#         1887
  C:1854H         LINE#         1889
  -------         ENDPROC       LCD_INIT
  C:26FCH         SYMBOL        L?0477
  -------         PROC          L?0476
  -------         ENDPROC       L?0476
  C:26FCH         SYMBOL        L?0477
  -------         PROC          _?BLOCKWRITE
  i:0000H         SYMBOL        Xstart
  i:0002H         SYMBOL        Xend
  i:0004H         SYMBOL        Ystart
  i:0006H         SYMBOL        Yend
  C:2713H         LINE#         4072
  C:2734H         LINE#         4103
BL51 BANKED LINKER/LOCATER V6.22                                                      07/13/2018  10:22:28  PAGE 25


  C:273BH         LINE#         4104
  C:2742H         LINE#         4105
  C:274AH         LINE#         4106
  C:2755H         LINE#         4107
  C:275FH         LINE#         4109
  C:2764H         LINE#         4110
  C:276EH         LINE#         4111
  C:2775H         LINE#         4112
  C:2781H         LINE#         4113
  C:2788H         LINE#         4114
  C:278FH         LINE#         4191
  C:2792H         LINE#         4192
  -------         ENDPROC       _?BLOCKWRITE
  -------         PROC          _DISPCOLOR
  D:0004H         SYMBOL        color
  -------         DO            
  D:0002H         SYMBOL        i
  D:000BH         SYMBOL        DataH
  D:000CH         SYMBOL        DataL
  D:0004H         SYMBOL        m
  -------         ENDDO         
  C:345AH         LINE#         4195
  C:345CH         LINE#         4196
  C:345CH         LINE#         4199
  C:3461H         LINE#         4201
  C:3464H         LINE#         4206
  C:3466H         LINE#         4207
  C:3468H         LINE#         4208
  C:3468H         LINE#         4209
  C:346AH         LINE#         4210
  C:346AH         LINE#         4272
  C:3471H         LINE#         4274
  C:3475H         LINE#         4275
  C:3480H         LINE#         4277
  C:3482H         LINE#         4279
  -------         ENDPROC       _DISPCOLOR
  -------         PROC          DISPBAND
  -------         DO            
  D:0002H         SYMBOL        i
  D:000BH         SYMBOL        j
  D:000CH         SYMBOL        k
  D:000DH         SYMBOL        m
  D:000EH         SYMBOL        n
  D:000FH         SYMBOL        x
  -------         ENDDO         
  C:1AE8H         LINE#         4281
  C:1AE8H         LINE#         4282
  C:1AE8H         LINE#         4324
  C:1AEEH         LINE#         4325
  C:1AF4H         LINE#         4326
  C:1AF6H         LINE#         4358
  C:1AF9H         LINE#         4359
  C:1B04H         LINE#         4360
  C:1B04H         LINE#         4361
  C:1B19H         LINE#         4362
  C:1B2EH         LINE#         4363
  C:1B51H         LINE#         4364
BL51 BANKED LINKER/LOCATER V6.22                                                      07/13/2018  10:22:28  PAGE 26


  C:1B58H         LINE#         4365
  C:1B64H         LINE#         4366
  C:1B64H         LINE#         4367
  C:1B79H         LINE#         4368
  C:1B8EH         LINE#         4369
  C:1BB1H         LINE#         4370
  C:1BB8H         LINE#         4371
  C:1BCAH         LINE#         4372
  C:1BCAH         LINE#         4373
  C:1BDFH         LINE#         4374
  C:1BF4H         LINE#         4375
  C:1C17H         LINE#         4376
  C:1C1EH         LINE#         4377
  C:1C20H         LINE#         4378
  C:1C23H         LINE#         4379
  -------         ENDPROC       DISPBAND
  -------         PROC          DISPFRAME
  -------         DO            
  D:0002H         SYMBOL        i
  D:0082H         SYMBOL        j
  D:0001H         SYMBOL        DataH
  D:0004H         SYMBOL        DataL
  -------         ENDDO         
  C:2799H         LINE#         4381
  C:2799H         LINE#         4382
  C:2799H         LINE#         4385
  C:279CH         LINE#         4387
  C:279EH         LINE#         4390
  C:27A8H         LINE#         4410
  C:27AAH         LINE#         4411
  C:27AAH         LINE#         4413
  C:27B5H         LINE#         4432
  C:27C0H         LINE#         4434
  C:27CAH         LINE#         4453
  C:27CDH         LINE#         4454
  C:27CDH         LINE#         4457
  C:27D7H         LINE#         4476
  C:27DAH         LINE#         4477
  C:27DAH         LINE#         4479
  C:27E2H         LINE#         4496
  C:27EDH         LINE#         4500
  C:27F7H         LINE#         4517
  C:2800H         LINE#         4521
  C:280AH         LINE#         4538
  C:280DH         LINE#         4539
  C:280DH         LINE#         4541
  C:2818H         LINE#         4558
  C:2823H         LINE#         4560
  C:282AH         LINE#         4577
  C:282DH         LINE#         4578
  C:282FH         LINE#         4579
  -------         ENDPROC       DISPFRAME
  -------         PROC          _DISPPICFROMSD
  D:000BH         SYMBOL        PicNum
  -------         DO            
  D:000CH         SYMBOL        Address_S
  D:0010H         SYMBOL        Address_E
BL51 BANKED LINKER/LOCATER V6.22                                                      07/13/2018  10:22:28  PAGE 27


  D:0002H         SYMBOL        i
  D:0014H         SYMBOL        k
  -------         ENDDO         
  C:2390H         LINE#         4603
  C:2392H         LINE#         4604
  C:2392H         LINE#         4610
  C:2395H         LINE#         4613
  C:2397H         LINE#         4615
  C:2399H         LINE#         4617
  C:23A3H         LINE#         4618
  C:23C4H         LINE#         4619
  C:23DCH         LINE#         4620
  C:23F2H         LINE#         4621
  C:23F2H         LINE#         4622
  C:23FDH         LINE#         4624
  C:2406H         LINE#         4625
  C:2406H         LINE#         4627
  C:2421H         LINE#         4628
  C:242AH         LINE#         4629
  C:2441H         LINE#         4631
  C:2443H         LINE#         4668
  -------         ENDPROC       _DISPPICFROMSD
  -------         PROC          DISPSCALEHOR1
  -------         DO            
  D:0047H         SYMBOL        i
  D:0049H         SYMBOL        j
  D:0002H         SYMBOL        k
  -------         ENDDO         
  C:1349H         LINE#         4672
  C:1349H         LINE#         4673
  C:1349H         LINE#         4676
  C:134CH         LINE#         4680
  C:134EH         LINE#         4681
  C:134EH         LINE#         4682
  C:136AH         LINE#         4683
  C:136FH         LINE#         4684
  C:136FH         LINE#         4685
  C:1374H         LINE#         4686
  C:1374H         LINE#         4687
  C:1387H         LINE#         4688
  C:1398H         LINE#         4689
  C:13A9H         LINE#         4691
  C:13B4H         LINE#         4695
  C:13B7H         LINE#         4696
  C:13B7H         LINE#         4697
  C:13D3H         LINE#         4698
  C:13D8H         LINE#         4699
  C:13D8H         LINE#         4700
  C:13DDH         LINE#         4701
  C:13DDH         LINE#         4702
  C:1407H         LINE#         4703
  C:1418H         LINE#         4704
  C:1429H         LINE#         4705
  C:1434H         LINE#         4708
  C:1437H         LINE#         4709
  C:1437H         LINE#         4710
  C:1453H         LINE#         4711
BL51 BANKED LINKER/LOCATER V6.22                                                      07/13/2018  10:22:28  PAGE 28


  C:1458H         LINE#         4712
  C:1458H         LINE#         4713
  C:145DH         LINE#         4714
  C:145DH         LINE#         4715
  C:1464H         LINE#         4716
  C:1475H         LINE#         4717
  C:1486H         LINE#         4718
  C:1491H         LINE#         4721
  C:1494H         LINE#         4722
  C:1494H         LINE#         4723
  C:14B0H         LINE#         4724
  C:14B5H         LINE#         4725
  C:14B5H         LINE#         4726
  C:14BAH         LINE#         4727
  C:14BAH         LINE#         4728
  C:14E6H         LINE#         4729
  C:14F7H         LINE#         4730
  C:1508H         LINE#         4731
  C:1513H         LINE#         4732
  C:1515H         LINE#         4733
  -------         ENDPROC       DISPSCALEHOR1
  -------         PROC          DISPSCALEVER
  -------         DO            
  D:004BH         SYMBOL        i
  D:004DH         SYMBOL        j
  D:0002H         SYMBOL        k
  -------         ENDDO         
  C:21BDH         LINE#         4735
  C:21BDH         LINE#         4736
  C:21BDH         LINE#         4805
  C:21C0H         LINE#         4807
  C:21C8H         LINE#         4808
  C:21C8H         LINE#         4809
  C:21CDH         LINE#         4810
  C:21CDH         LINE#         4811
  C:21D3H         LINE#         4812
  C:21E4H         LINE#         4813
  C:21EBH         LINE#         4815
  C:21EEH         LINE#         4816
  C:21EEH         LINE#         4818
  C:21F3H         LINE#         4819
  C:21F3H         LINE#         4821
  C:21F8H         LINE#         4822
  C:21F8H         LINE#         4823
  C:220AH         LINE#         4824
  C:221BH         LINE#         4826
  C:2220H         LINE#         4827
  C:2220H         LINE#         4828
  C:2248H         LINE#         4829
  C:2259H         LINE#         4831
  C:225EH         LINE#         4832
  C:225EH         LINE#         4833
  C:2265H         LINE#         4834
  C:2276H         LINE#         4836
  C:227BH         LINE#         4837
  C:227BH         LINE#         4838
  C:228FH         LINE#         4839
BL51 BANKED LINKER/LOCATER V6.22                                                      07/13/2018  10:22:28  PAGE 29


  C:22A0H         LINE#         4841
  C:22B4H         LINE#         4843
  C:22C2H         LINE#         4845
  -------         ENDPROC       DISPSCALEVER
  -------         PROC          DISPSCALEVER_RED
  -------         DO            
  D:004FH         SYMBOL        i
  D:0051H         SYMBOL        j
  D:0002H         SYMBOL        k
  -------         ENDDO         
  C:2B6DH         LINE#         4847
  C:2B6DH         LINE#         4848
  C:2B6DH         LINE#         4851
  C:2B70H         LINE#         4853
  C:2B72H         LINE#         4855
  C:2B74H         LINE#         4858
  C:2B7CH         LINE#         4859
  C:2B7CH         LINE#         4860
  C:2B81H         LINE#         4861
  C:2B81H         LINE#         4862
  C:2B87H         LINE#         4863
  C:2B98H         LINE#         4864
  C:2B9FH         LINE#         4866
  C:2BA2H         LINE#         4867
  C:2BA2H         LINE#         4868
  C:2BA7H         LINE#         4869
  C:2BA7H         LINE#         4871
  C:2BACH         LINE#         4872
  C:2BACH         LINE#         4873
  C:2BBEH         LINE#         4874
  C:2BCFH         LINE#         4875
  C:2BE0H         LINE#         4877
  C:2BEBH         LINE#         4879
  C:2BEDH         LINE#         4880
  -------         ENDPROC       DISPSCALEVER_RED
  -------         PROC          DISPSCALEVER_GREEN
  -------         DO            
  D:0053H         SYMBOL        i
  D:0055H         SYMBOL        j
  D:0002H         SYMBOL        k
  -------         ENDDO         
  C:28C5H         LINE#         4882
  C:28C5H         LINE#         4883
  C:28C5H         LINE#         4886
  C:28C8H         LINE#         4888
  C:28CAH         LINE#         4889
  C:28CCH         LINE#         4892
  C:28D4H         LINE#         4893
  C:28D4H         LINE#         4894
  C:28D9H         LINE#         4895
  C:28D9H         LINE#         4896
  C:28DFH         LINE#         4898
  C:28F0H         LINE#         4899
  C:28F7H         LINE#         4901
  C:28FAH         LINE#         4902
  C:28FAH         LINE#         4903
  C:28FFH         LINE#         4904
BL51 BANKED LINKER/LOCATER V6.22                                                      07/13/2018  10:22:28  PAGE 30


  C:28FFH         LINE#         4906
  C:2904H         LINE#         4907
  C:2904H         LINE#         4909
  C:2925H         LINE#         4910
  C:2936H         LINE#         4911
  C:2947H         LINE#         4913
  C:2952H         LINE#         4915
  C:2954H         LINE#         4916
  -------         ENDPROC       DISPSCALEVER_GREEN
  -------         PROC          DISPSCALEVER_BLUE
  -------         DO            
  D:0063H         SYMBOL        i
  D:0082H         SYMBOL        j
  D:0002H         SYMBOL        k
  -------         ENDDO         
  C:2F20H         LINE#         4918
  C:2F20H         LINE#         4919
  C:2F20H         LINE#         4922
  C:2F23H         LINE#         4924
  C:2F25H         LINE#         4925
  C:2F27H         LINE#         4928
  C:2F2FH         LINE#         4929
  C:2F2FH         LINE#         4930
  C:2F34H         LINE#         4931
  C:2F34H         LINE#         4932
  C:2F3AH         LINE#         4933
  C:2F43H         LINE#         4934
  C:2F4AH         LINE#         4936
  C:2F4DH         LINE#         4937
  C:2F4DH         LINE#         4938
  C:2F52H         LINE#         4939
  C:2F52H         LINE#         4941
  C:2F57H         LINE#         4942
  C:2F57H         LINE#         4943
  C:2F5EH         LINE#         4944
  C:2F67H         LINE#         4945
  C:2F78H         LINE#         4947
  C:2F83H         LINE#         4949
  C:2F85H         LINE#         4950
  -------         ENDPROC       DISPSCALEVER_BLUE
  -------         PROC          DISPSCALEVER_GRAY
  -------         DO            
  D:0057H         SYMBOL        i
  D:0059H         SYMBOL        j
  D:0002H         SYMBOL        k
  -------         ENDDO         
  C:2BEEH         LINE#         4952
  C:2BEEH         LINE#         4953
  C:2BEEH         LINE#         4956
  C:2BF1H         LINE#         4958
  C:2BF3H         LINE#         4963
  C:2BFBH         LINE#         4964
  C:2BFBH         LINE#         4965
  C:2C00H         LINE#         4966
  C:2C00H         LINE#         4967
  C:2C06H         LINE#         4969
  C:2C17H         LINE#         4970
BL51 BANKED LINKER/LOCATER V6.22                                                      07/13/2018  10:22:28  PAGE 31


  C:2C1EH         LINE#         4972
  C:2C21H         LINE#         4973
  C:2C21H         LINE#         4974
  C:2C26H         LINE#         4975
  C:2C26H         LINE#         4977
  C:2C2BH         LINE#         4978
  C:2C2BH         LINE#         4979
  C:2C3FH         LINE#         4980
  C:2C50H         LINE#         4981
  C:2C61H         LINE#         4983
  C:2C6CH         LINE#         4985
  C:2C6EH         LINE#         4986
  -------         ENDPROC       DISPSCALEVER_GRAY
  -------         PROC          DISPGRAYHOR16
  -------         DO            
  D:000BH         SYMBOL        i
  D:0002H         SYMBOL        j
  D:000DH         SYMBOL        k
  -------         ENDDO         
  C:29E1H         LINE#         4988
  C:29E1H         LINE#         4989
  C:29E1H         LINE#         4992
  C:29E4H         LINE#         4994
  C:29E6H         LINE#         4995
  C:29E8H         LINE#         4997
  C:29EDH         LINE#         4998
  C:29EDH         LINE#         4999
  C:29F6H         LINE#         5000
  C:29F6H         LINE#         5001
  C:29FCH         LINE#         5002
  C:2A03H         LINE#         5004
  C:2A06H         LINE#         5005
  C:2A06H         LINE#         5006
  C:2A0BH         LINE#         5007
  C:2A0BH         LINE#         5008
  C:2A3AH         LINE#         5009
  C:2A4BH         LINE#         5010
  C:2A56H         LINE#         5011
  C:2A67H         LINE#         5013
  C:2A69H         LINE#         5014
  -------         ENDPROC       DISPGRAYHOR16
  -------         PROC          DISPGRAYHOR32
  -------         DO            
  D:005BH         SYMBOL        i
  D:0002H         SYMBOL        j
  D:005DH         SYMBOL        k
  -------         ENDDO         
  C:2EB4H         LINE#         5016
  C:2EB4H         LINE#         5017
  C:2EB4H         LINE#         5020
  C:2EB7H         LINE#         5022
  C:2EB9H         LINE#         5024
  C:2EBEH         LINE#         5025
  C:2EBEH         LINE#         5026
  C:2EC7H         LINE#         5027
  C:2EC7H         LINE#         5028
  C:2ECDH         LINE#         5029
BL51 BANKED LINKER/LOCATER V6.22                                                      07/13/2018  10:22:28  PAGE 32


  C:2ED4H         LINE#         5031
  C:2ED7H         LINE#         5032
  C:2ED7H         LINE#         5033
  C:2EDCH         LINE#         5034
  C:2EDCH         LINE#         5035
  C:2EF0H         LINE#         5036
  C:2F01H         LINE#         5037
  C:2F0CH         LINE#         5038
  C:2F1DH         LINE#         5040
  C:2F1FH         LINE#         5041
  -------         ENDPROC       DISPGRAYHOR32
  -------         PROC          DISPSCALEHOR2
  -------         DO            
  D:0082H         SYMBOL        j
  D:0002H         SYMBOL        k
  -------         ENDDO         
  C:19AAH         LINE#         5043
  C:19AAH         LINE#         5044
  C:19AAH         LINE#         5047
  C:19ADH         LINE#         5049
  C:19AFH         LINE#         5050
  C:19AFH         LINE#         5051
  C:19B4H         LINE#         5052
  C:19C4H         LINE#         5053
  C:19CFH         LINE#         5054
  C:19D2H         LINE#         5055
  C:19D2H         LINE#         5056
  C:19D7H         LINE#         5057
  C:19E7H         LINE#         5058
  C:19F2H         LINE#         5059
  C:19F5H         LINE#         5060
  C:19F5H         LINE#         5061
  C:19FAH         LINE#         5062
  C:1A0AH         LINE#         5063
  C:1A15H         LINE#         5064
  C:1A18H         LINE#         5065
  C:1A18H         LINE#         5066
  C:1A1DH         LINE#         5067
  C:1A2DH         LINE#         5068
  C:1A38H         LINE#         5069
  C:1A3BH         LINE#         5070
  C:1A3BH         LINE#         5071
  C:1A40H         LINE#         5072
  C:1A50H         LINE#         5073
  C:1A5BH         LINE#         5074
  C:1A5EH         LINE#         5075
  C:1A5EH         LINE#         5076
  C:1A63H         LINE#         5077
  C:1A73H         LINE#         5078
  C:1A7EH         LINE#         5079
  C:1A81H         LINE#         5080
  C:1A81H         LINE#         5081
  C:1A86H         LINE#         5082
  C:1A96H         LINE#         5083
  C:1AA1H         LINE#         5084
  C:1AA4H         LINE#         5085
  C:1AA4H         LINE#         5086
BL51 BANKED LINKER/LOCATER V6.22                                                      07/13/2018  10:22:28  PAGE 33


  C:1AA9H         LINE#         5087
  C:1AB8H         LINE#         5088
  C:1AC3H         LINE#         5089
  C:1ACCH         LINE#         5090
  C:1ACCH         LINE#         5091
  C:1AD1H         LINE#         5092
  C:1AE0H         LINE#         5093
  C:1AE7H         LINE#         5186
  -------         ENDPROC       DISPSCALEHOR2
  -------         PROC          _TOORD
  D:0007H         SYMBOL        ch
  C:30B0H         LINE#         5292
  C:30B0H         LINE#         5293
  C:30B0H         LINE#         5294
  C:30B6H         LINE#         5295
  C:30B6H         LINE#         5296
  C:30B8H         LINE#         5297
  C:30BAH         LINE#         5298
  C:30C6H         LINE#         5299
  C:30C6H         LINE#         5300
  C:30CAH         LINE#         5301
  C:30CCH         LINE#         5302
  C:30D8H         LINE#         5303
  C:30D8H         LINE#         5304
  C:30DCH         LINE#         5305
  C:30DEH         LINE#         5306
  C:30EAH         LINE#         5307
  C:30EAH         LINE#         5308
  C:30EEH         LINE#         5309
  C:30F0H         LINE#         5310
  C:30FCH         LINE#         5311
  C:30FCH         LINE#         5312
  C:3100H         LINE#         5313
  C:3102H         LINE#         5314
  C:3108H         LINE#         5315
  C:3108H         LINE#         5316
  C:310AH         LINE#         5317
  C:310AH         LINE#         5319
  C:310AH         LINE#         5320
  -------         ENDPROC       _TOORD
  -------         PROC          L?0480
  -------         ENDPROC       L?0480
  -------         PROC          _DISPONECHAR
  D:001FH         SYMBOL        ord
  D:0006H         SYMBOL        Xstart
  D:0002H         SYMBOL        Ystart
  D:0024H         SYMBOL        TextColor
  D:0026H         SYMBOL        BackColor
  -------         DO            
  D:0028H         SYMBOL        i
  D:0002H         SYMBOL        j
  D:0029H         SYMBOL        p
  D:0003H         SYMBOL        dat
  D:0006H         SYMBOL        index
  -------         ENDDO         
  C:266DH         LINE#         5322
  C:2673H         LINE#         5323
BL51 BANKED LINKER/LOCATER V6.22                                                      07/13/2018  10:22:28  PAGE 34


  C:2673H         LINE#         5329
  C:268DH         LINE#         5331
  C:2691H         LINE#         5333
  C:269AH         LINE#         5334
  C:269CH         LINE#         5336
  C:26AAH         LINE#         5338
  C:26B3H         LINE#         5339
  C:26BDH         LINE#         5341
  C:26C0H         LINE#         5342
  C:26C0H         LINE#         5343
  C:26D2H         LINE#         5344
  C:26D4H         LINE#         5345
  C:26D4H         LINE#         5346
  C:26E1H         LINE#         5347
  C:26E1H         LINE#         5348
  C:26E5H         LINE#         5349
  C:26E7H         LINE#         5351
  C:26E7H         LINE#         5352
  C:26EEH         LINE#         5353
  C:26EEH         LINE#         5354
  C:26F2H         LINE#         5355
  C:26FBH         LINE#         5356
  -------         ENDPROC       _DISPONECHAR
  -------         PROC          _DISPSTR
  D:0014H         SYMBOL        str
  D:0017H         SYMBOL        Xstart
  D:0019H         SYMBOL        Ystart
  D:001BH         SYMBOL        TextColor
  D:001DH         SYMBOL        BackColor
  C:2A6AH         LINE#         5358
  C:2A74H         LINE#         5359
  C:2A74H         LINE#         5361
  C:2A85H         LINE#         5362
  C:2A85H         LINE#         5363
  C:2AB1H         LINE#         5365
  C:2ABCH         LINE#         5366
  C:2ABCH         LINE#         5367
  C:2AC1H         LINE#         5368
  C:2ACCH         LINE#         5369
  C:2ACEH         LINE#         5371
  C:2ACEH         LINE#         5372
  C:2AD9H         LINE#         5373
  C:2AD9H         LINE#         5375
  C:2AE4H         LINE#         5376
  C:2AE4H         LINE#         5377
  C:2AE9H         LINE#         5378
  C:2AE9H         LINE#         5379
  C:2AEBH         LINE#         5381
  -------         ENDPROC       _DISPSTR
  -------         PROC          _DISPINT
  D:0014H         SYMBOL        i
  D:0016H         SYMBOL        Xstart
  D:0018H         SYMBOL        Ystart
  D:001AH         SYMBOL        TextColor
  D:001CH         SYMBOL        BackColor
  C:2830H         LINE#         5383
  C:283CH         LINE#         5384
BL51 BANKED LINKER/LOCATER V6.22                                                      07/13/2018  10:22:28  PAGE 35


  C:283CH         LINE#         5385
  C:2847H         LINE#         5386
  C:2847H         LINE#         5387
  C:284DH         LINE#         5388
  C:284DH         LINE#         5389
  C:2858H         LINE#         5390
  C:2858H         LINE#         5391
  C:2864H         LINE#         5392
  C:2864H         LINE#         5394
  C:2881H         LINE#         5395
[...]
  C:1221H         LINE#         287
  C:1221H         LINE#         288
  C:1224H         LINE#         289
  C:1226H         LINE#         290
  C:1226H         LINE#         291
  C:1229H         LINE#         292
  C:122BH         LINE#         293
  C:122BH         LINE#         294
  C:122EH         LINE#         295
  C:1230H         LINE#         296
  C:1230H         LINE#         297
  C:1233H         LINE#         298
  C:1235H         LINE#         299
  C:1235H         LINE#         300
  C:1238H         LINE#         301
  C:123AH         LINE#         302
  C:123AH         LINE#         303
  C:123DH         LINE#         304
  C:123FH         LINE#         305
  C:123FH         LINE#         306
  C:1242H         LINE#         307
  C:1244H         LINE#         308
  C:1244H         LINE#         309
  C:1247H         LINE#         310
  C:1247H         LINE#         311
  C:1247H         LINE#         312
  C:1247H         LINE#         313
  C:1247H         LINE#         314
  C:1252H         LINE#         315
  C:1252H         LINE#         316
  C:1258H         LINE#         317
  C:1267H         LINE#         318
  C:1267H         LINE#         319
  C:126CH         LINE#         320
  C:126FH         LINE#         321
BL51 BANKED LINKER/LOCATER V6.22                                                      07/13/2018  10:22:28  PAGE 42


  C:127EH         LINE#         322
  C:127EH         LINE#         323
  C:1293H         LINE#         324
  C:1298H         LINE#         325
  C:12A0H         LINE#         326
  C:12AAH         LINE#         327
  C:12B8H         LINE#         328
  C:12C6H         LINE#         329
  C:12C8H         LINE#         331
  C:12C8H         LINE#         332
  C:12CDH         LINE#         333
  C:12D0H         LINE#         334
  C:12E8H         LINE#         335
  C:12E8H         LINE#         336
  C:1301H         LINE#         337
  C:1306H         LINE#         338
  C:130EH         LINE#         339
  C:1315H         LINE#         340
  C:131AH         LINE#         341
  C:131AH         LINE#         342
  C:132EH         LINE#         343
  C:132EH         LINE#         344
  C:1335H         LINE#         345
  C:133AH         LINE#         346
  C:133AH         LINE#         347
  C:1348H         LINE#         348
  C:1348H         LINE#         349
  -------         ENDPROC       USBXCORE_HANDLE_SETUP
  -------         PROC          USBXCORE_FORCE_STALL
  C:3558H         LINE#         356
  C:3558H         LINE#         358
  C:3563H         LINE#         359
  C:356EH         LINE#         360
  C:3574H         LINE#         361
  -------         ENDPROC       USBXCORE_FORCE_STALL
  -------         PROC          USBXCORE_GET_STATUS
  C:2DD5H         LINE#         367
  C:2DD5H         LINE#         369
  C:2DE4H         LINE#         370
  C:2DE4H         LINE#         371
  C:2DE4H         LINE#         372
  C:2DE4H         LINE#         373
  C:2DE4H         LINE#         374
  C:2DE6H         LINE#         375
  C:2DE6H         LINE#         379
  C:2DE6H         LINE#         381
  C:2DF4H         LINE#         385
  C:2DF4H         LINE#         386
  C:2DF4H         LINE#         387
  C:2DF4H         LINE#         388
  C:2DF6H         LINE#         390
  C:2DF6H         LINE#         392
  C:2E04H         LINE#         396
  C:2E04H         LINE#         397
  C:2E11H         LINE#         398
  C:2E11H         LINE#         399
  C:2E13H         LINE#         401
BL51 BANKED LINKER/LOCATER V6.22                                                      07/13/2018  10:22:28  PAGE 43


  C:2E13H         LINE#         402
  C:2E21H         LINE#         403
  C:2E2AH         LINE#         404
  C:2E2AH         LINE#         405
  C:2E2AH         LINE#         406
  C:2E2CH         LINE#         407
  C:2E2CH         LINE#         408
  C:2E2FH         LINE#         409
  C:2E2FH         LINE#         410
  C:2E2FH         LINE#         411
  C:2E37H         LINE#         412
  C:2E37H         LINE#         413
  C:2E3AH         LINE#         414
  C:2E40H         LINE#         415
  C:2E47H         LINE#         416
  C:2E47H         LINE#         417
  -------         ENDPROC       USBXCORE_GET_STATUS
  -------         PROC          USBXCORE_CLEAR_FEATURE
  C:3165H         LINE#         423
  C:3165H         LINE#         425
  C:316BH         LINE#         426
  C:316BH         LINE#         428
  C:3172H         LINE#         429
  C:3172H         LINE#         430
  C:317DH         LINE#         436
  C:3188H         LINE#         437
  C:318DH         LINE#         438
  C:318FH         LINE#         440
  C:318FH         LINE#         442
  C:319AH         LINE#         446
  C:31A5H         LINE#         447
  C:31AAH         LINE#         448
  C:31AAH         LINE#         449
  C:31ACH         LINE#         451
  C:31ACH         LINE#         452
  C:31AFH         LINE#         453
  C:31AFH         LINE#         454
  C:31BAH         LINE#         455
  -------         ENDPROC       USBXCORE_CLEAR_FEATURE
  -------         PROC          USBXCORE_VENDOR_USB_API
  C:22C3H         LINE#         462
  C:22C3H         LINE#         464
  C:22CDH         LINE#         465
  C:22CDH         LINE#         466
  C:22D4H         LINE#         467
  C:22D4H         LINE#         468
  C:22D7H         LINE#         469
  C:22DAH         LINE#         470
  C:22DCH         LINE#         472
  C:22DCH         LINE#         473
  C:22E3H         LINE#         474
  C:22E3H         LINE#         477
  C:22EEH         LINE#         482
  C:22F9H         LINE#         483
  C:2304H         LINE#         485
  C:2304H         LINE#         486
  C:2317H         LINE#         487
BL51 BANKED LINKER/LOCATER V6.22                                                      07/13/2018  10:22:28  PAGE 44


  C:2317H         LINE#         488
  C:231BH         LINE#         489
  C:2326H         LINE#         491
  C:2326H         LINE#         492
  C:2339H         LINE#         493
  C:2339H         LINE#         494
  C:233DH         LINE#         495
  C:2348H         LINE#         497
  C:234EH         LINE#         498
  C:2356H         LINE#         499
  C:2356H         LINE#         500
  C:2359H         LINE#         501
  C:2359H         LINE#         502
  C:2359H         LINE#         503
  C:2364H         LINE#         504
  C:2364H         LINE#         505
  C:236AH         LINE#         506
  C:2371H         LINE#         507
  C:2371H         LINE#         508
  C:2375H         LINE#         509
  C:2375H         LINE#         510
  C:237BH         LINE#         511
  C:2382H         LINE#         512
  C:2382H         LINE#         513
  C:238DH         LINE#         514
  -------         ENDPROC       USBXCORE_VENDOR_USB_API
  -------         PROC          USBXCORE_SET_FEATURE
  C:31BDH         LINE#         521
  C:31BDH         LINE#         523
  C:31C3H         LINE#         524
  C:31C3H         LINE#         526
  C:31CAH         LINE#         527
  C:31CAH         LINE#         528
  C:31D5H         LINE#         534
  C:31E0H         LINE#         535
  C:31E3H         LINE#         536
  C:31E5H         LINE#         538
  C:31E5H         LINE#         540
  C:31F0H         LINE#         544
  C:31FBH         LINE#         545
  C:3201H         LINE#         546
  C:3201H         LINE#         548
  C:3203H         LINE#         550
  C:3203H         LINE#         551
  C:3206H         LINE#         552
  C:3206H         LINE#         553
  C:3211H         LINE#         554
  -------         ENDPROC       USBXCORE_SET_FEATURE
  -------         PROC          USBXCORE_SET_ADDRESS
  C:3519H         LINE#         561
  C:3519H         LINE#         563
  C:3528H         LINE#         564
  C:352EH         LINE#         565
  C:352EH         LINE#         566
  C:3531H         LINE#         567
  C:3533H         LINE#         569
  C:3533H         LINE#         570
BL51 BANKED LINKER/LOCATER V6.22                                                      07/13/2018  10:22:28  PAGE 45


  C:3536H         LINE#         571
  C:3536H         LINE#         572
  -------         ENDPROC       USBXCORE_SET_ADDRESS
  -------         PROC          USBXCORE_GET_DESCRIPTOR
  C:24F7H         LINE#         579
  C:24F7H         LINE#         580
  C:2506H         LINE#         581
  C:2506H         LINE#         582
  C:2506H         LINE#         583
  C:2514H         LINE#         584
  C:2518H         LINE#         585
  C:251AH         LINE#         586
  C:251AH         LINE#         587
  C:2528H         LINE#         588
  C:253BH         LINE#         589
  C:253DH         LINE#         590
  C:253DH         LINE#         591
  C:2561H         LINE#         592
  C:256DH         LINE#         593
  C:256FH         LINE#         594
  C:256FH         LINE#         595
  C:2572H         LINE#         596
  C:2572H         LINE#         597
  C:2572H         LINE#         598
  C:2588H         LINE#         599
  C:2588H         LINE#         600
  C:2590H         LINE#         601
  C:2590H         LINE#         602
  C:2598H         LINE#         603
  C:2598H         LINE#         604
  C:259BH         LINE#         605
  C:25A1H         LINE#         606
  C:25A8H         LINE#         607
  C:25A8H         LINE#         608
  -------         ENDPROC       USBXCORE_GET_DESCRIPTOR
  -------         PROC          USBXCORE_GET_CONFIGURATION
  C:32B0H         LINE#         614
  C:32B0H         LINE#         616
  C:32B8H         LINE#         617
  C:32B8H         LINE#         618
  C:32C4H         LINE#         619
  C:32CCH         LINE#         620
  C:32CCH         LINE#         621
  C:32D0H         LINE#         622
  C:32D0H         LINE#         623
  C:32DEH         LINE#         624
  C:32E6H         LINE#         625
  C:32E6H         LINE#         626
  C:32E9H         LINE#         627
  C:32EFH         LINE#         628
  C:32F6H         LINE#         629
  -------         ENDPROC       USBXCORE_GET_CONFIGURATION
  -------         PROC          USBXCORE_SET_CONFIGURATION
  C:310BH         LINE#         635
  C:310BH         LINE#         637
  C:3114H         LINE#         638
  C:3114H         LINE#         639
BL51 BANKED LINKER/LOCATER V6.22                                                      07/13/2018  10:22:28  PAGE 46


  C:311BH         LINE#         640
  C:3121H         LINE#         641
  C:3126H         LINE#         642
  C:3128H         LINE#         644
  C:3133H         LINE#         645
  C:313EH         LINE#         646
  C:3149H         LINE#         653
  C:3154H         LINE#         654
  C:3156H         LINE#         656
  C:3156H         LINE#         657
  C:315CH         LINE#         658
  C:3160H         LINE#         659
  C:3162H         LINE#         660
  C:3162H         LINE#         661
  -------         ENDPROC       USBXCORE_SET_CONFIGURATION
  -------         PROC          USBXCORE_GET_INTERFACE
  C:34AAH         LINE#         668
  C:34AAH         LINE#         670
  C:34B8H         LINE#         671
  C:34C0H         LINE#         672
  C:34C3H         LINE#         673
  C:34C9H         LINE#         674
  C:34D0H         LINE#         675
  -------         ENDPROC       USBXCORE_GET_INTERFACE
  -------         PROC          USBXCORE_SET_SOP
  C:35A4H         LINE#         682
  C:35A4H         LINE#         684
  C:35ACH         LINE#         685
  C:35ACH         LINE#         686
  C:35B7H         LINE#         687
  C:35B7H         LINE#         688
  -------         ENDPROC       USBXCORE_SET_SOP
  -------         PROC          USBXCORE_USB_ISR
  C:1859H         LINE#         699
  C:1876H         LINE#         702
  C:187CH         LINE#         703
  C:188FH         LINE#         706
  C:18A2H         LINE#         709
  C:18A6H         LINE#         710
  C:18A6H         LINE#         711
  C:18B1H         LINE#         712
  C:18B1H         LINE#         714
  C:18B8H         LINE#         715
  C:18B8H         LINE#         716
  C:18BBH         LINE#         717
  C:18BBH         LINE#         719
  C:18C2H         LINE#         720
  C:18C2H         LINE#         721
  C:18CFH         LINE#         722
  C:18CFH         LINE#         723
  C:18D6H         LINE#         724
  C:18D6H         LINE#         725
  C:18D6H         LINE#         727
  C:18D6H         LINE#         728
  C:18D6H         LINE#         730
  C:18D6H         LINE#         732
  C:18E9H         LINE#         734
BL51 BANKED LINKER/LOCATER V6.22                                                      07/13/2018  10:22:28  PAGE 47


  C:18EDH         LINE#         735
  C:18EDH         LINE#         736
  C:18F0H         LINE#         737
  C:18F0H         LINE#         740
  C:18F7H         LINE#         741
  C:18F7H         LINE#         742
  C:1902H         LINE#         748
  C:1915H         LINE#         749
  C:191AH         LINE#         750
  C:191AH         LINE#         751
  C:1921H         LINE#         752
  C:1921H         LINE#         754
  C:1921H         LINE#         756
  C:1934H         LINE#         759
  C:1938H         LINE#         760
  C:1938H         LINE#         761
  C:1943H         LINE#         767
  C:1956H         LINE#         768
  C:195AH         LINE#         769
  C:195AH         LINE#         770
  C:1961H         LINE#         771
  C:1961H         LINE#         772
  C:1961H         LINE#         775
  C:196FH         LINE#         776
  C:1974H         LINE#         777
  C:197AH         LINE#         778
  C:197FH         LINE#         781
  C:198CH         LINE#         782
  C:198CH         LINE#         783
  C:198FH         LINE#         784
  C:198FH         LINE#         785
  -------         ENDPROC       USBXCORE_USB_ISR
  -------         ENDMOD        USB_API

  -------         MODULE        USB_SUSPEND
  C:0000H         SYMBOL        _ICE_DUMMY_
  D:00D7H         PUBLIC        USB0XCN
  D:00C9H         PUBLIC        REG0CN
  C:33DDH         PUBLIC        USB_Suspend
  D:00A9H         PUBLIC        CLKSEL
  D:00B2H         PUBLIC        OSCICN
  D:00B9H         PUBLIC        CLKMUL
  -------         PROC          USB_SUSPEND
  C:33DDH         LINE#         70
  C:33DDH         LINE#         72
  C:33E0H         LINE#         74
  C:33E3H         LINE#         76
  C:33EBH         LINE#         79
  C:33EEH         LINE#         80
  C:33F1H         LINE#         81
  C:33F4H         LINE#         82
  C:33F7H         LINE#         84
  C:33F8H         LINE#         86
  C:33FBH         LINE#         88
  C:3401H         LINE#         92
  C:3404H         LINE#         94
  C:3407H         LINE#         95
BL51 BANKED LINKER/LOCATER V6.22                                                      07/13/2018  10:22:28  PAGE 48


  -------         ENDPROC       USB_SUSPEND
  -------         ENDMOD        USB_SUSPEND

  -------         MODULE        USB_INT_ENABLE
  C:0000H         SYMBOL        _ICE_DUMMY_
  C:3575H         PUBLIC        USB_Int_Enable
  D:0096H         PUBLIC        USB0ADR
  D:0097H         PUBLIC        USB0DAT
  -------         PROC          USB_INT_ENABLE
  C:3575H         LINE#         68
  C:3575H         LINE#         71
  C:357CH         LINE#         73
  C:3582H         LINE#         74
  C:3582H         LINE#         75
  C:358DH         LINE#         77
  C:358DH         LINE#         78
  -------         ENDPROC       USB_INT_ENABLE
  -------         ENDMOD        USB_INT_ENABLE

  -------         MODULE        USB_CLOCK_RECOVERY
  C:0000H         SYMBOL        _ICE_DUMMY_
  C:35FDH         PUBLIC        USBXcore_ClkRec
  D:0096H         PUBLIC        USB0ADR
  D:0097H         PUBLIC        USB0DAT
  -------         PROC          USBXCORE_CLKREC
  C:35FDH         LINE#         45
  C:35FDH         LINE#         47
  C:3608H         LINE#         48
  -------         ENDPROC       USBXCORE_CLKREC
  -------         ENDMOD        USB_CLOCK_RECOVERY

  -------         MODULE        ?C?FPMUL
  C:0C2EH         PUBLIC        ?C?FPMUL
  -------         ENDMOD        ?C?FPMUL

  -------         MODULE        ?C?FCAST
  C:0D3EH         PUBLIC        ?C?FCASTC
  C:0D39H         PUBLIC        ?C?FCASTI
  C:0D34H         PUBLIC        ?C?FCASTL
  -------         ENDMOD        ?C?FCAST

  -------         MODULE        ?C?CASTF
  C:0D72H         PUBLIC        ?C?CASTF
  -------         ENDMOD        ?C?CASTF

  -------         MODULE        ?C?COPY
  C:0EC3H         PUBLIC        ?C?COPY
  -------         ENDMOD        ?C?COPY

  -------         MODULE        ?C?CLDPTR
  C:0EE9H         PUBLIC        ?C?CLDPTR
  -------         ENDMOD        ?C?CLDPTR

  -------         MODULE        ?C?CLDOPTR
  C:0F02H         PUBLIC        ?C?CLDOPTR
  -------         ENDMOD        ?C?CLDOPTR

BL51 BANKED LINKER/LOCATER V6.22                                                      07/13/2018  10:22:28  PAGE 49


  -------         MODULE        ?C?IMUL
  C:0F2FH         PUBLIC        ?C?IMUL
  -------         ENDMOD        ?C?IMUL

  -------         MODULE        ?C?IILDX
  C:0F41H         PUBLIC        ?C?IILDX
  -------         ENDMOD        ?C?IILDX

  -------         MODULE        ?C?LMUL
  C:0F57H         PUBLIC        ?C?LMUL
  -------         ENDMOD        ?C?LMUL

  -------         MODULE        ?C?ULDIV
  C:0FE2H         PUBLIC        ?C?ULDIV
  -------         ENDMOD        ?C?ULDIV

  -------         MODULE        ?C?LNEG
  C:1074H         PUBLIC        ?C?LNEG
  -------         ENDMOD        ?C?LNEG

  -------         MODULE        ?C?ULCMP
  C:1082H         PUBLIC        ?C?ULCMP
  -------         ENDMOD        ?C?ULCMP

  -------         MODULE        ?C?ULSHR
  C:1093H         PUBLIC        ?C?ULSHR
  -------         ENDMOD        ?C?ULSHR

  -------         MODULE        ?C?LSHL
  C:10A6H         PUBLIC        ?C?LSHL
  -------         ENDMOD        ?C?LSHL

  -------         MODULE        ?C?LLDIIDATA
  C:10C2H         PUBLIC        ?C?LLDIIDATA
  C:10B9H         PUBLIC        ?C?LLDIIDATA1
  C:10BBH         PUBLIC        ?C?LLDIIDATA8
  -------         ENDMOD        ?C?LLDIIDATA

  -------         MODULE        ?C?LSTXDATA
  C:10D9H         PUBLIC        ?C?LSTXDATA
  -------         ENDMOD        ?C?LSTXDATA

  -------         MODULE        ?C?LSTKXDATA
  C:10E5H         PUBLIC        ?C?LSTKXDATA
  -------         ENDMOD        ?C?LSTKXDATA

  -------         MODULE        ?C_IBP
  D:0067H         PUBLIC        ?C_IBP
  -------         ENDMOD        ?C_IBP

*** WARNING L16: UNCALLED SEGMENT, IGNORED FOR OVERLAY PROCESS
    SEGMENT: ?PR?DISPSCALEHOR1?LCD

*** WARNING L16: UNCALLED SEGMENT, IGNORED FOR OVERLAY PROCESS
    SEGMENT: ?PR?DISPSCALEVER?LCD

*** WARNING L16: UNCALLED SEGMENT, IGNORED FOR OVERLAY PROCESS
BL51 BANKED LINKER/LOCATER V6.22                                                      07/13/2018  10:22:28  PAGE 50


    SEGMENT: ?PR?DISPSCALEVER_RED?LCD

*** WARNING L16: UNCALLED SEGMENT, IGNORED FOR OVERLAY PROCESS
    SEGMENT: ?PR?DISPSCALEVER_GREEN?LCD

*** WARNING L16: UNCALLED SEGMENT, IGNORED FOR OVERLAY PROCESS
    SEGMENT: ?PR?DISPSCALEVER_BLUE?LCD

*** WARNING L16: UNCALLED SEGMENT, IGNORED FOR OVERLAY PROCESS
    SEGMENT: ?PR?DISPSCALEVER_GRAY?LCD

*** WARNING L16: UNCALLED SEGMENT, IGNORED FOR OVERLAY PROCESS
    SEGMENT: ?PR?DISPGRAYHOR32?LCD

*** WARNING L16: UNCALLED SEGMENT, IGNORED FOR OVERLAY PROCESS
    SEGMENT: ?PR?DISPSCALEHOR2?LCD

*** WARNING L16: UNCALLED SEGMENT, IGNORED FOR OVERLAY PROCESS
    SEGMENT: ?PR?_DRAWGIRD?LCD

*** WARNING L15: MULTIPLE CALL TO SEGMENT
    SEGMENT: ?PR?_WRITECOMM?LCD
    CALLER1: ?PR?USB_API_TEST_ISR?MAIN
    CALLER2: ?C_C51STARTUP

*** WARNING L15: MULTIPLE CALL TO SEGMENT
    SEGMENT: ?PR?_WRITEDATA?LCD
    CALLER1: ?PR?USB_API_TEST_ISR?MAIN
    CALLER2: ?C_C51STARTUP

Program Size: data=105.0 xdata=1095 code=13851
LINK/LOCATE RUN COMPLETE.  11 WARNING(S),  0 ERROR(S)
