BL51 BANKED LINKER/LOCATER V6.22                                                        11/05/2020  09:02:36  PAGE 1


BL51 BANKED LINKER/LOCATER V6.22, INVOKED BY:
C:\KEIL\C51\BIN\BL51.EXE main.obj, mmc_sd.obj, lcd.obj, tp.obj, .\USBX_F34X.LIB TO ST7735S_HSD144_H8 RAMSIZE (256)


MEMORY MODEL: COMPACT WITH FLOATING POINT ARITHMETIC


INPUT MODULES INCLUDED:
  main.obj (MAIN)
  mmc_sd.obj (MMC_SD)
  lcd.obj (LCD)
  tp.obj (TP)
  .\USBX_F34X.LIB (USB_API)
  .\USBX_F34X.LIB (USB_CLOCK_START)
  .\USBX_F34X.LIB (USB_SUSPEND)
  .\USBX_F34X.LIB (GET_INTERRUPT_SOURCE)
  .\USBX_F34X.LIB (BLOCK_READ)
  .\USBX_F34X.LIB (BLOCK_WRITE)
  .\USBX_F34X.LIB (USB_INT_ENABLE)
  .\USBX_F34X.LIB (USB_CLOCK_RECOVERY)
  .\USBX_F34X.LIB (USB_JUMP_ISR)
  C:\KEIL\C51\LIB\C51FPC.LIB (?C?FPMUL)
  C:\KEIL\C51\LIB\C51FPC.LIB (?C?FCAST)
  C:\KEIL\C51\LIB\C51FPC.LIB (?C?CASTF)
  C:\KEIL\C51\LIB\C51FPC.LIB (?C?FPGETOPN)
  C:\KEIL\C51\LIB\C51C.LIB (?C_STARTUP)
  C:\KEIL\C51\LIB\C51C.LIB (?C?COPY)
  C:\KEIL\C51\LIB\C51C.LIB (?C?CLDPTR)
  C:\KEIL\C51\LIB\C51C.LIB (?C?CLDOPTR)
  C:\KEIL\C51\LIB\C51C.LIB (?C?IMUL)
  C:\KEIL\C51\LIB\C51C.LIB (?C?IILDX)
  C:\KEIL\C51\LIB\C51C.LIB (?C?ILDOPTR)
  C:\KEIL\C51\LIB\C51C.LIB (?C?LMUL)
  C:\KEIL\C51\LIB\C51C.LIB (?C?ULDIV)
  C:\KEIL\C51\LIB\C51C.LIB (?C?LNEG)
  C:\KEIL\C51\LIB\C51C.LIB (?C?ULCMP)
  C:\KEIL\C51\LIB\C51C.LIB (?C?ULSHR)
  C:\KEIL\C51\LIB\C51C.LIB (?C?LSHL)
  C:\KEIL\C51\LIB\C51C.LIB (?C?LLDIPDATA)
  C:\KEIL\C51\LIB\C51C.LIB (?C?LSTXDATA)
  C:\KEIL\C51\LIB\C51C.LIB (?C?LSTPDATA)
  C:\KEIL\C51\LIB\C51C.LIB (?C?LSTKXDATA)
  C:\KEIL\C51\LIB\C51C.LIB (?C?LSTKPDATA)
  C:\KEIL\C51\LIB\C51C.LIB (?C_PBP)
  C:\KEIL\C51\LIB\C51C.LIB (?C_INIT)


LINK MAP OF MODULE:  ST7735S_HSD144_H8 (MAIN)


            TYPE    BASE      LENGTH    RELOCATION   SEGMENT NAME
            -----------------------------------------------------

            * * * * * * *   D A T A   M E M O R Y   * * * * * * *
            REG     0000H     0008H     ABSOLUTE     "REG BANK 0"
            DATA    0008H     0001H     UNIT         ?C?LIB_DATA
            IDATA   0009H     0001H     UNIT         ?STACK

BL51 BANKED LINKER/LOCATER V6.22                                                      11/05/2020  09:02:36  PAGE 2


            * * * * * * *  X D A T A   M E M O R Y  * * * * * * *
            XDATA   0000H     0010H     INPAGE       ?PD?MAIN
            XDATA   0010H     0004H     INPAGE       ?PD?_MMC_SD_READSINGLEBLOCK?MMC_SD
            XDATA   0014H     0008H     INPAGE       ?PD?_LCD_READ_IC_ID?LCD
            XDATA   001CH     0005H     INPAGE       ?PD?_DISPPIC?LCD
            XDATA   0021H     000DH     INPAGE       ?PD?_DISPPICFROMSD?LCD
            XDATA   002EH     0004H     INPAGE       ?PD?DISPSCALEHOR1?LCD
            XDATA   0032H     0004H     INPAGE       ?PD?DISPSCALEVER?LCD
            XDATA   0036H     0004H     INPAGE       ?PD?DISPSCALEVER_RED?LCD
            XDATA   003AH     0004H     INPAGE       ?PD?DISPSCALEVER_GREEN?LCD
            XDATA   003EH     0004H     INPAGE       ?PD?DISPSCALEVER_BLUE?LCD
            XDATA   0042H     0004H     INPAGE       ?PD?DISPSCALEVER_GRAY?LCD
            XDATA   0046H     0004H     INPAGE       ?PD?DISPGRAYHOR32?LCD
            XDATA   004AH     0002H     INPAGE       ?PD?DISPSCALEHOR2?LCD
            XDATA   004CH     000CH     INPAGE       ?PD?_DRAWLINE?LCD
            XDATA   0058H     0004H     INPAGE       ?PD?_DRAWGIRD?LCD
            XDATA   005CH     0002H     INPAGE       ?PD?LCD
            XDATA   005EH     0026H     INPAGE       _PDATA_GROUP_
            XDATA   0084H     0200H     UNIT         ?XD?MMC_SD
            XDATA   0284H     0058H     UNIT         _XDATA_GROUP_
            XDATA   02DCH     0040H     UNIT         ?XD?MAIN
                    031CH     0324H                  *** GAP ***
            XDATA   0640H     0100H     ABSOLUTE     
            XDATA   0740H     0012H     ABSOLUTE     
            XDATA   0752H     0020H     ABSOLUTE     
            XDATA   0772H     000CH     ABSOLUTE     
            XDATA   077EH     0008H     ABSOLUTE     
            XDATA   0786H     0001H     ABSOLUTE     
            XDATA   0787H     0003H     ABSOLUTE     
            XDATA   078AH     0002H     ABSOLUTE     
            XDATA   078CH     0002H     ABSOLUTE     
            XDATA   078EH     0003H     ABSOLUTE     
            XDATA   0791H     0001H     ABSOLUTE     
            XDATA   0792H     0001H     ABSOLUTE     
            XDATA   0793H     0001H     ABSOLUTE     
            XDATA   0794H     0001H     ABSOLUTE     
            XDATA   0795H     0002H     ABSOLUTE     
            XDATA   0797H     0002H     ABSOLUTE     
            XDATA   0799H     0001H     ABSOLUTE     
            XDATA   079AH     0001H     ABSOLUTE     
            XDATA   079BH     0001H     ABSOLUTE     
            XDATA   079CH     0001H     ABSOLUTE     
            XDATA   079DH     0001H     ABSOLUTE     
            XDATA   079EH     0001H     ABSOLUTE     
            XDATA   079FH     0002H     ABSOLUTE     
            XDATA   07A1H     0001H     ABSOLUTE     
            XDATA   07A2H     0001H     ABSOLUTE     
            XDATA   07A3H     000CH     ABSOLUTE     
                    07AFH     0011H                  *** GAP ***
            XDATA   07C0H     0040H     ABSOLUTE     

            * * * * * * *   C O D E   M E M O R Y   * * * * * * *
            CODE    0000H     0003H     ABSOLUTE     
            CODE    0003H     003AH     UNIT         ?CO?USB_API
            CODE    003DH     0003H     UNIT         ?PR?SUSPEND_DEVICE?MAIN
                    0040H     0003H                  *** GAP ***
            CODE    0043H     0003H     ABSOLUTE     
BL51 BANKED LINKER/LOCATER V6.22                                                      11/05/2020  09:02:36  PAGE 3


            CODE    0046H     0044H     UNIT         ?PR?_DISPCOLOR?LCD
                    008AH     0001H                  *** GAP ***
            CODE    008BH     0003H     ABSOLUTE     
            CODE    008EH     A600H     UNIT         ?CO?LCD
            CODE    A68EH     060BH     UNIT         ?PR?CONNTOUSB?MAIN
            CODE    AC99H     0545H     UNIT         ?C?LIB_CODE
            CODE    B1DEH     0233H     UNIT         ?PR?USBXCORE_HANDLE_SETUP?USB_API
            CODE    B411H     0232H     UNIT         ?PR?_LCD_READ_IC_ID?LCD
            CODE    B643H     021EH     UNIT         ?PR?DISPSCALEHOR1?LCD
            CODE    B861H     01BAH     UNIT         ?PR?DISPSCALEHOR2?LCD
            CODE    BA1BH     019EH     UNIT         ?PR?LCD_INIT?LCD
            CODE    BBB9H     019EH     UNIT         ?PR?TP_DRAWLINE?TP
            CODE    BD57H     018AH     UNIT         ?PR?DISPBAND?LCD
            CODE    BEE1H     0151H     UNIT         ?PR?USBXCORE_USB_ISR?USB_API
            CODE    C032H     0139H     UNIT         ?PR?USB_API_TEST_ISR?MAIN
            CODE    C16BH     0137H     UNIT         ?PR?_USB_INIT?USB_API
            CODE    C2A2H     0128H     UNIT         ?PR?DISPSCALEVER?LCD
            CODE    C3CAH     011BH     UNIT         ?PR?_TP_GETPOSITION?TP
            CODE    C4E5H     0111H     UNIT         ?PR?_BLOCK_WRITE?BLOCK_WRITE
            CODE    C5F6H     00E9H     UNIT         ?PR?_DISPPICFROMSD?LCD
            CODE    C6DFH     00CDH     UNIT         ?PR?USBXCORE_VENDOR_USB_API?USB_API
            CODE    C7ACH     00CBH     UNIT         ?PR?_DISPONECHAR?LCD
            CODE    C877H     00B7H     UNIT         ?PR?MMC_SD_RESET?MMC_SD
            CODE    C92EH     00B3H     UNIT         ?PR?_DISPINT?LCD
            CODE    C9E1H     00B2H     UNIT         ?PR?USBXCORE_GET_DESCRIPTOR?USB_API
            CODE    CA93H     00AFH     UNIT         ?PR?_BLOCK_READ?BLOCK_READ
            CODE    CB42H     00A4H     UNIT         ?PR?DISPFRAME?LCD
            CODE    CBE6H     00A1H     UNIT         ?PR?_?BLOCKWRITE?LCD
            CODE    CC87H     00A0H     UNIT         ?PR?DISPSCALEVER_GREEN?LCD
            CODE    CD27H     009BH     UNIT         ?PR?DISPGRAYHOR16?LCD
            CODE    CDC2H     0096H     UNIT         ?PR?_DISPSTR?LCD
            CODE    CE58H     0091H     UNIT         ?PR?DISPSCALEVER_RED?LCD
            CODE    CEE9H     0091H     UNIT         ?PR?DISPSCALEVER_GRAY?LCD
            CODE    CF7AH     008FH     UNIT         ?PR?_DRAWGIRD?LCD
            CODE    D009H     008CH     UNIT         ?C_C51STARTUP
            CODE    D095H     0086H     UNIT         ?PR?DISPSCALEVER_BLUE?LCD
            CODE    D11BH     0086H     UNIT         ?PR?_DRAWLINE?LCD
            CODE    D1A1H     007DH     UNIT         ?PR?_MMC_SD_WRITESINGLEBLOCK?MMC_SD
            CODE    D21EH     0078H     UNIT         ?PR?DISPGRAYHOR32?LCD
            CODE    D296H     0075H     UNIT         ?PR?_MMC_SD_SENDCOMMAND?MMC_SD
            CODE    D30BH     0073H     UNIT         ?PR?TP_READ?TP
            CODE    D37EH     0073H     UNIT         ?PR?USBXCORE_GET_STATUS?USB_API
            CODE    D3F1H     006CH     UNIT         ?PR?DEVICES_INIT?MAIN
            CODE    D45DH     0064H     UNIT         ?PR?_MMC_SD_READSINGLEBLOCK?MMC_SD
            CODE    D4C1H     005BH     UNIT         ?PR?_TOORD?LCD
            CODE    D51CH     005AH     UNIT         ?PR?USBXCORE_SET_CONFIGURATION?USB_API
            CODE    D576H     0058H     UNIT         ?PR?USBXCORE_CLEAR_FEATURE?USB_API
            CODE    D5CEH     0057H     UNIT         ?PR?USBXCORE_SET_FEATURE?USB_API
            CODE    D625H     0055H     UNIT         ?PR?_STOPDELAY?MAIN
            CODE    D67AH     0052H     UNIT         ?PR?_DISPPIC?LCD
            CODE    D6CCH     0052H     UNIT         ?PR?_PUTPIXEL?LCD
            CODE    D71EH     0050H     UNIT         ?CO?MAIN
            CODE    D76EH     0047H     UNIT         ?PR?USBXCORE_GET_CONFIGURATION?USB_API
            CODE    D7B5H     0043H     UNIT         ?PR?MCU_INIT?MAIN
            CODE    D7F8H     0038H     UNIT         ?PR?USB_CLOCK_START?USB_CLOCK_START
            CODE    D830H     002DH     UNIT         ?C_INITSEG
            CODE    D85DH     002CH     UNIT         ?PR?_WRITEDISPDATA?LCD
BL51 BANKED LINKER/LOCATER V6.22                                                      11/05/2020  09:02:36  PAGE 4


            CODE    D889H     002BH     UNIT         ?PR?MAIN?MAIN
            CODE    D8B4H     002BH     UNIT         ?PR?USB_SUSPEND?USB_SUSPEND
            CODE    D8DFH     0027H     UNIT         ?PR?USBXCORE_USB_RESET?USB_API
            CODE    D906H     0027H     UNIT         ?PR?USBXCORE_GET_INTERFACE?USB_API
            CODE    D92DH     0026H     UNIT         ?PR?_TP_WRITE?TP
            CODE    D953H     0022H     UNIT         ?PR?USBXCORE_JUMP_ISR?USB_JUMP_ISR
            CODE    D975H     0020H     UNIT         ?PR?READDATA?LCD
            CODE    D995H     0020H     UNIT         ?PR?USBXCORE_SET_ADDRESS?USB_API
            CODE    D9B5H     001FH     UNIT         ?PR?_DELAY?MAIN
            CODE    D9D4H     001FH     UNIT         ?PR?_WRITEDATA?LCD
            CODE    D9F3H     001DH     UNIT         ?PR?USBXCORE_FORCE_STALL?USB_API
            CODE    DA10H     001CH     UNIT         ?PR?_WRITECOMM?LCD
            CODE    DA2CH     0019H     UNIT         ?PR?USB_INT_ENABLE?USB_INT_ENABLE
            CODE    DA45H     0016H     UNIT         ?PR?_SPI_WRITEBYTE?MMC_SD
            CODE    DA5BH     0014H     UNIT         ?PR?USBXCORE_SET_SOP?USB_API
            CODE    DA6FH     0013H     UNIT         ?PR?WAITKEY?MAIN
            CODE    DA82H     0011H     UNIT         ?PR?SD_INIT?MMC_SD
            CODE    DA93H     000EH     UNIT         ?PR?GET_INTERRUPT_SOURCE?GET_INTERRUPT_SOURCE
            CODE    DAA1H     000CH     UNIT         ?PR?USBXCORE_CLKREC?USB_CLOCK_RECOVERY
            CODE    DAADH     000BH     UNIT         ?PR?SPI_READBYTE?MMC_SD
            CODE    DAB8H     0009H     UNIT         ?PR?_WRITEONEDOT?LCD



OVERLAY MAP OF MODULE:   ST7735S_HSD144_H8 (MAIN)


SEGMENT                                            PDATA_GROUP         XDATA_GROUP
  +--> CALLED SEGMENT                            START    LENGTH     START    LENGTH
------------------------------------------------------------------------------------
?PR?USB_API_TEST_ISR?MAIN                        005EH    0001H      -----    -----
  +--> ?PR?GET_INTERRUPT_SOURCE?GET_INTERRUP...
  +--> ?PR?_BLOCK_READ?BLOCK_READ
  +--> ?PR?SUSPEND_DEVICE?MAIN
  +--> ?PR?MCU_INIT?MAIN
  +--> ?PR?_?BLOCKWRITE?LCD

?PR?SUSPEND_DEVICE?MAIN                          -----    -----      -----    -----
  +--> ?PR?USB_SUSPEND?USB_SUSPEND

?PR?USB_SUSPEND?USB_SUSPEND                      -----    -----      -----    -----
  +--> ?PR?USB_CLOCK_START?USB_CLOCK_START

?PR?_?BLOCKWRITE?LCD                             -----    -----      -----    -----
  +--> ?PR?_WRITECOMM?LCD
  +--> ?PR?_WRITEDATA?LCD

?PR?_WRITECOMM?LCD                               0082H    0001H      -----    -----

?PR?_WRITEDATA?LCD                               0082H    0002H      -----    -----

*** NEW ROOT ***************************************************

?PR?USBXCORE_USB_ISR?USB_API                     -----    -----      -----    -----
  +--> ?PR?USBXCORE_USB_RESET?USB_API
  +--> ?PR?USBXCORE_HANDLE_SETUP?USB_API
  +--> ?PR?USBXCORE_JUMP_ISR?USB_JUMP_ISR
BL51 BANKED LINKER/LOCATER V6.22                                                      11/05/2020  09:02:36  PAGE 5



?PR?USBXCORE_HANDLE_SETUP?USB_API                -----    -----      -----    -----
  +--> ?PR?USBXCORE_GET_STATUS?USB_API
  +--> ?PR?USBXCORE_CLEAR_FEATURE?USB_API
  +--> ?PR?USBXCORE_VENDOR_USB_API?USB_API
  +--> ?PR?USBXCORE_SET_FEATURE?USB_API
  +--> ?PR?USBXCORE_SET_ADDRESS?USB_API
  +--> ?PR?USBXCORE_GET_DESCRIPTOR?USB_API
  +--> ?PR?USBXCORE_GET_CONFIGURATION?USB_API
  +--> ?PR?USBXCORE_SET_CONFIGURATION?USB_API
  +--> ?PR?USBXCORE_GET_INTERFACE?USB_API
  +--> ?PR?USBXCORE_SET_SOP?USB_API
  +--> ?PR?USBXCORE_FORCE_STALL?USB_API

?PR?USBXCORE_GET_STATUS?USB_API                  -----    -----      -----    -----
  +--> ?CO?USB_API
  +--> ?PR?USBXCORE_FORCE_STALL?USB_API
  +--> ?PR?USBXCORE_SET_SOP?USB_API

?PR?USBXCORE_CLEAR_FEATURE?USB_API               -----    -----      -----    -----
  +--> ?PR?USBXCORE_FORCE_STALL?USB_API
  +--> ?PR?USBXCORE_SET_SOP?USB_API

?PR?USBXCORE_VENDOR_USB_API?USB_API              -----    -----      -----    -----
  +--> ?PR?USBXCORE_SET_SOP?USB_API

?PR?USBXCORE_SET_FEATURE?USB_API                 -----    -----      -----    -----
  +--> ?PR?USBXCORE_FORCE_STALL?USB_API
  +--> ?PR?USBXCORE_SET_SOP?USB_API

?PR?USBXCORE_SET_ADDRESS?USB_API                 -----    -----      -----    -----
  +--> ?PR?USBXCORE_SET_SOP?USB_API

?PR?USBXCORE_GET_DESCRIPTOR?USB_API              -----    -----      -----    -----
  +--> ?PR?USBXCORE_FORCE_STALL?USB_API
  +--> ?PR?USBXCORE_SET_SOP?USB_API

?PR?USBXCORE_GET_CONFIGURATION?USB_API           -----    -----      -----    -----
  +--> ?CO?USB_API
  +--> ?PR?USBXCORE_SET_SOP?USB_API

?PR?USBXCORE_SET_CONFIGURATION?USB_API           -----    -----      -----    -----
  +--> ?PR?USBXCORE_SET_SOP?USB_API

?PR?USBXCORE_GET_INTERFACE?USB_API               -----    -----      -----    -----
  +--> ?CO?USB_API
  +--> ?PR?USBXCORE_SET_SOP?USB_API

*** NEW ROOT ***************************************************

?C_C51STARTUP                                    -----    -----      -----    -----
  +--> ?PR?MAIN?MAIN
  +--> ?C_INITSEG

?PR?MAIN?MAIN                                    -----    -----      -----    -----
  +--> ?PR?DEVICES_INIT?MAIN
  +--> ?PR?DISPFRAME?LCD
BL51 BANKED LINKER/LOCATER V6.22                                                      11/05/2020  09:02:36  PAGE 6


  +--> ?PR?_STOPDELAY?MAIN
  +--> ?PR?DISPBAND?LCD
  +--> ?PR?DISPGRAYHOR16?LCD
  +--> ?PR?_DISPCOLOR?LCD
  +--> ?PR?TP_DRAWLINE?TP

?PR?DEVICES_INIT?MAIN                            -----    -----      -----    -----
  +--> ?PR?MCU_INIT?MAIN
  +--> ?PR?USB_CLOCK_START?USB_CLOCK_START
  +--> ?CO?MAIN
  +--> ?PR?_USB_INIT?USB_API
  +--> ?PR?USB_INT_ENABLE?USB_INT_ENABLE
  +--> ?PR?LCD_INIT?LCD

?PR?_USB_INIT?USB_API                            -----    -----      0284H    0011H
  +--> ?CO?USB_API
  +--> ?PR?USBXCORE_CLKREC?USB_CLOCK_RECOVERY

?PR?LCD_INIT?LCD                                 -----    -----      -----    -----
  +--> ?PR?READDATA?LCD
  +--> ?PR?_DELAY?MAIN
  +--> ?PR?_WRITECOMM?LCD
  +--> ?PR?_WRITEDATA?LCD

?PR?READDATA?LCD                                 -----    -----      -----    -----
  +--> ?PR?_WRITECOMM?LCD
  +--> ?PR?_WRITEDATA?LCD

?PR?DISPFRAME?LCD                                0061H    0002H      -----    -----
  +--> ?PR?_?BLOCKWRITE?LCD
  +--> ?PR?_WRITEDISPDATA?LCD

?PR?_WRITEDISPDATA?LCD                           0082H    0001H      -----    -----

?PR?_STOPDELAY?MAIN                              0061H    0004H      -----    -----
  +--> ?PR?WAITKEY?MAIN
  +--> ?PR?_DELAY?MAIN

?PR?WAITKEY?MAIN                                 -----    -----      -----    -----
  +--> ?PR?CONNTOUSB?MAIN
  +--> ?PR?_DELAY?MAIN

?PR?CONNTOUSB?MAIN                               0065H    0005H      0284H    0058H
  +--> ?CO?MAIN
  +--> ?PR?_WRITECOMM?LCD
  +--> ?PR?_WRITEDATA?LCD
  +--> ?PR?_DISPSTR?LCD
  +--> ?PR?_DISPINT?LCD
  +--> ?PR?_WRITEDISPDATA?LCD
  +--> ?PR?_MMC_SD_WRITESINGLEBLOCK?MMC_SD
  +--> ?PR?_BLOCK_WRITE?BLOCK_WRITE
  +--> ?PR?READDATA?LCD
  +--> ?PR?_DELAY?MAIN

?PR?_DISPSTR?LCD                                 006AH    000BH      -----    -----
  +--> ?PR?_TOORD?LCD
  +--> ?PR?_DISPONECHAR?LCD
BL51 BANKED LINKER/LOCATER V6.22                                                      11/05/2020  09:02:36  PAGE 7



?PR?_DISPONECHAR?LCD                             0075H    000DH      -----    -----
  +--> ?PR?_?BLOCKWRITE?LCD
  +--> ?CO?LCD
  +--> ?PR?_WRITEONEDOT?LCD

?PR?_WRITEONEDOT?LCD                             -----    -----      -----    -----
  +--> ?PR?_WRITEDISPDATA?LCD

?PR?_DISPINT?LCD                                 006AH    000AH      -----    -----
  +--> ?PR?_DISPONECHAR?LCD

?PR?_MMC_SD_WRITESINGLEBLOCK?MMC_SD              006AH    0004H      -----    -----
  +--> ?PR?_MMC_SD_SENDCOMMAND?MMC_SD
  +--> ?PR?_SPI_WRITEBYTE?MMC_SD

?PR?_MMC_SD_SENDCOMMAND?MMC_SD                   006EH    0005H      -----    -----
  +--> ?PR?_SPI_WRITEBYTE?MMC_SD

?PR?DISPBAND?LCD                                 0061H    0005H      -----    -----
  +--> ?PR?_?BLOCKWRITE?LCD
  +--> ?PR?_WRITEDISPDATA?LCD

?PR?DISPGRAYHOR16?LCD                            0061H    0004H      -----    -----
  +--> ?PR?_?BLOCKWRITE?LCD
  +--> ?PR?_WRITEDISPDATA?LCD

?PR?_DISPCOLOR?LCD                               0061H    0004H      -----    -----
  +--> ?PR?_?BLOCKWRITE?LCD
  +--> ?PR?_WRITEDISPDATA?LCD

?PR?TP_DRAWLINE?TP                               -----    -----      0284H    0018H
  +--> ?PR?_DISPCOLOR?LCD
  +--> ?PR?_DELAY?MAIN
  +--> ?PR?_TP_GETPOSITION?TP
  +--> ?PR?_PUTPIXEL?LCD

?PR?_TP_GETPOSITION?TP                           -----    -----      029CH    001BH
  +--> ?PR?_TP_WRITE?TP
  +--> ?PR?TP_READ?TP

?PR?_TP_WRITE?TP                                 -----    -----      02B7H    0001H

?PR?TP_READ?TP                                   -----    -----      02B7H    0005H

?PR?_PUTPIXEL?LCD                                0061H    0002H      -----    -----
  +--> ?PR?_?BLOCKWRITE?LCD
  +--> ?PR?_WRITEDISPDATA?LCD



SYMBOL TABLE OF MODULE:  ST7735S_HSD144_H8 (MAIN)

  VALUE           TYPE          NAME
  ----------------------------------

  -------         MODULE        MAIN
BL51 BANKED LINKER/LOCATER V6.22                                                      11/05/2020  09:02:36  PAGE 8


  C:0000H         SYMBOL        _ICE_DUMMY_
  D:0080H         PUBLIC        P0
  X:0000H         PUBLIC        f_down
  D:0090H         PUBLIC        P1
  D:00A0H         PUBLIC        P2
  D:00B0H         PUBLIC        P3
  C:D769H         PUBLIC        USB_MaxPower
  B:00B0H.6       PUBLIC        KEY_STEP
  D:00A4H         PUBLIC        P0MDOUT
  D:00A5H         PUBLIC        P1MDOUT
  D:00A6H         PUBLIC        P2MDOUT
  D:00A7H         PUBLIC        P3MDOUT
  D:00AEH         PUBLIC        P4MDOUT
  B:0080H.6       PUBLIC        OE
  D:00D9H         PUBLIC        PCA0MD
  C:C032H         PUBLIC        USB_API_TEST_ISR
  C:003DH         PUBLIC        Suspend_Device
  C:D629H         PUBLIC        _StopDelay
  D:00E1H         PUBLIC        XBR0
  D:00E2H         PUBLIC        XBR1
  B:00B0H.1       PUBLIC        RS
  C:D889H         PUBLIC        main
  X:0001H         PUBLIC        VerifyCode0
  X:0002H         PUBLIC        VerifyCode1
  C:D733H         PUBLIC        USB_PID
  X:0003H         PUBLIC        VerifyCode2
  D:00F1H         PUBLIC        P0MDIN
  D:00F2H         PUBLIC        P1MDIN
  C:D735H         PUBLIC        USB_MfrStr
  D:00F4H         PUBLIC        P3MDIN
  C:D731H         PUBLIC        USB_VID
  D:00F8H         PUBLIC        SPI0CN
  X:0004H         PUBLIC        pic
  C:D3F1H         PUBLIC        Devices_Init
  C:A68EH         PUBLIC        ConnToUSB
  D:00A9H         PUBLIC        CLKSEL
  D:00B2H         PUBLIC        OSCICN
  C:D76AH         PUBLIC        USB_PwAttributes
  C:DA6FH         PUBLIC        WaitKey
  C:D76DH         SYMBOL        _?ix1000
  B:00B0H.0       PUBLIC        CS0
  X:0005H         PUBLIC        bf
  C:D76BH         PUBLIC        USB_bcdDevice
  D:00B9H         PUBLIC        CLKMUL
  X:0007H         PUBLIC        f_debug
  X:0008H         PUBLIC        sd
  X:02DCH         PUBLIC        Packet
  C:D7B5H         PUBLIC        MCU_Init
  B:0080H.7       PUBLIC        DIR
  D:00EFH         PUBLIC        RSTSRC
  X:000CH         PUBLIC        f_read
  C:D75FH         PUBLIC        USB_SerialStr
  X:000DH         PUBLIC        f_other
  C:D74FH         PUBLIC        USB_ProductStr
  X:000EH         PUBLIC        f_para
  D:00A1H         PUBLIC        SPI0CFG
  C:D9B5H         PUBLIC        _Delay
BL51 BANKED LINKER/LOCATER V6.22                                                      11/05/2020  09:02:36  PAGE 9


  B:00B0H.7       PUBLIC        KEY_Stop
  X:000FH         PUBLIC        f_init
  -------         PROC          MAIN
  C:D889H         LINE#         40
  C:D889H         LINE#         41
  C:D889H         LINE#         46
  C:D88CH         LINE#         48
  C:D88FH         LINE#         49
  C:D88FH         LINE#         54
  C:D899H         LINE#         59
  C:D89FH         LINE#         60
  C:D8A5H         LINE#         61
  C:D8AEH         LINE#         82
  C:D8B1H         LINE#         84
  C:D8B3H         LINE#         85
  -------         ENDPROC       MAIN
  -------         PROC          _DELAY
  D:0006H         SYMBOL        dly
  -------         DO            
  D:0004H         SYMBOL        i
  D:0002H         SYMBOL        j
  -------         ENDDO         
  C:D9B5H         LINE#         88
  C:D9B5H         LINE#         89
  C:D9B5H         LINE#         92
  C:D9BFH         LINE#         93
  C:D9D3H         LINE#         94
  -------         ENDPROC       _DELAY
  C:D625H         SYMBOL        L?0133
  -------         PROC          L?0132
  -------         ENDPROC       L?0132
  C:D625H         SYMBOL        L?0133
  -------         PROC          _STOPDELAY
  X:0061H         SYMBOL        sdly
  -------         DO            
  D:0006H         SYMBOL        i
  D:0004H         SYMBOL        j
  X:0063H         SYMBOL        k
  -------         ENDDO         
  C:D629H         LINE#         96
  C:D630H         LINE#         97
  C:D630H         LINE#         99
  C:D635H         LINE#         100
  C:D635H         LINE#         101
  C:D638H         LINE#         102
  C:D638H         LINE#         103
  C:D645H         LINE#         104
  C:D659H         LINE#         105
  C:D659H         LINE#         107
  C:D659H         LINE#         108
  C:D663H         LINE#         109
  C:D663H         LINE#         110
  C:D679H         LINE#         111
  -------         ENDPROC       _STOPDELAY
  -------         PROC          WAITKEY
  C:DA6FH         LINE#         140
  C:DA6FH         LINE#         141
BL51 BANKED LINKER/LOCATER V6.22                                                      11/05/2020  09:02:36  PAGE 10


  C:DA6FH         LINE#         143
  C:DA72H         LINE#         144
  C:DA72H         LINE#         146
  C:DA75H         LINE#         148
  C:DA77H         LINE#         149
  C:DA7EH         LINE#         150
  C:DA81H         LINE#         152
  -------         ENDPROC       WAITKEY
  -------         PROC          CONNTOUSB
  -------         DO            
  X:0065H         SYMBOL        i
  X:0284H         SYMBOL        reg_data
  X:029CH         SYMBOL        para_data
  D:0007H         SYMBOL        dat
  X:0066H         SYMBOL        reg_index
  X:0068H         SYMBOL        data_num
  X:0069H         SYMBOL        st
  -------         ENDDO         
  C:A68EH         LINE#         157
  C:A68EH         LINE#         158
  C:A68EH         LINE#         165
  C:A6A1H         LINE#         167
  C:A6A9H         LINE#         168
  C:A6A9H         LINE#         169
  C:A6B7H         LINE#         170
  C:A6B7H         LINE#         171
  C:A6C8H         LINE#         172
  C:A6C8H         LINE#         173
  C:A6EEH         LINE#         174
  C:A6F0H         LINE#         175
  C:A704H         LINE#         176
  C:A704H         LINE#         177
  C:A72AH         LINE#         179
  C:A72AH         LINE#         180
  C:A72AH         LINE#         181
  C:A72AH         LINE#         183
  C:A72AH         LINE#         184
  C:A732H         LINE#         185
  C:A73CH         LINE#         186
  C:A746H         LINE#         188
  C:A762H         LINE#         190
  C:A76CH         LINE#         191
  C:A76CH         LINE#         192
  C:A77DH         LINE#         193
  C:A77DH         LINE#         194
  C:A78EH         LINE#         195
  C:A78EH         LINE#         196
  C:A7E1H         LINE#         197
  C:A7E3H         LINE#         198
  C:A7F9H         LINE#         199
  C:A7F9H         LINE#         200
  C:A84BH         LINE#         201
  C:A84BH         LINE#         202
  C:A84BH         LINE#         203
  C:A84BH         LINE#         205
  C:A84BH         LINE#         206
  C:A853H         LINE#         207
BL51 BANKED LINKER/LOCATER V6.22                                                      11/05/2020  09:02:36  PAGE 11


  C:A853H         LINE#         208
  C:A85DH         LINE#         209
  C:A867H         LINE#         211
  C:A86BH         LINE#         212
  C:A86EH         LINE#         216
  C:A876H         LINE#         217
  C:A876H         LINE#         218
  C:A885H         LINE#         219
  C:A885H         LINE#         220
  C:A887H         LINE#         222
  C:A889H         LINE#         223
  C:A8A5H         LINE#         224
  C:A8A7H         LINE#         226
  C:A8D0H         LINE#         227
  C:A8F4H         LINE#         228
  C:A8FEH         LINE#         229
  C:A8FEH         LINE#         230
  C:A906H         LINE#         231
  C:A90DH         LINE#         232
  C:A918H         LINE#         233
  C:A91EH         LINE#         234
  C:A91EH         LINE#         235
  C:A927H         LINE#         237
  C:A92BH         LINE#         238
  C:A937H         LINE#         239
  C:A93AH         LINE#         242
  C:A942H         LINE#         243
  C:A942H         LINE#         244
  C:A94BH         LINE#         245
  C:A94BH         LINE#         246
  C:A95BH         LINE#         247
  C:A95BH         LINE#         248
  C:A95DH         LINE#         250
  C:A95FH         LINE#         251
  C:A97BH         LINE#         252
  C:A97DH         LINE#         254
  C:A9A6H         LINE#         255
  C:A9CAH         LINE#         257
  C:A9D4H         LINE#         258
  C:A9D4H         LINE#         259
  C:A9DCH         LINE#         260
  C:A9E3H         LINE#         261
  C:A9EEH         LINE#         262
  C:A9F4H         LINE#         263
  C:A9F4H         LINE#         265
  C:A9FDH         LINE#         271
  C:A9FDH         LINE#         272
  C:AA0AH         LINE#         273
  C:AA0AH         LINE#         274
  C:AA0CH         LINE#         276
  C:AA0EH         LINE#         277
  C:AA2AH         LINE#         278
  C:AA2CH         LINE#         280
  C:AA34H         LINE#         281
  C:AA38H         LINE#         282
  C:AA44H         LINE#         283
  C:AA44H         LINE#         284
BL51 BANKED LINKER/LOCATER V6.22                                                      11/05/2020  09:02:36  PAGE 12


  C:AA47H         LINE#         287
  C:AA4FH         LINE#         288
  C:AA4FH         LINE#         289
  C:AA60H         LINE#         290
  C:AA60H         LINE#         291
  C:AA6DH         LINE#         292
  C:AA6DH         LINE#         293
  C:AA8BH         LINE#         294
  C:AA8DH         LINE#         295
  C:AA9DH         LINE#         296
  C:AA9DH         LINE#         297
  C:AABBH         LINE#         298
  C:AABDH         LINE#         299
  C:AACEH         LINE#         300
  C:AACEH         LINE#         301
  C:AAD8H         LINE#         302
  C:AAE2H         LINE#         303
  C:AAE2H         LINE#         304
  C:AAE2H         LINE#         305
  C:AAE2H         LINE#         307
  C:AAE2H         LINE#         308
  C:AAEBH         LINE#         309
  C:AAEFH         LINE#         310
  C:AAFBH         LINE#         311
  C:AAFEH         LINE#         314
  C:AB06H         LINE#         315
  C:AB06H         LINE#         316
  C:AB13H         LINE#         317
  C:AB24H         LINE#         319
  C:AB2DH         LINE#         320
  C:AB3CH         LINE#         322
  C:AB44H         LINE#         323
  C:AB44H         LINE#         324
  C:AB4DH         LINE#         325
  C:AB5CH         LINE#         326
  C:AB5CH         LINE#         327
  C:AB5FH         LINE#         328
  C:AB6EH         LINE#         329
  C:AB7AH         LINE#         330
  C:AB80H         LINE#         331
  C:AB80H         LINE#         333
  C:AB84H         LINE#         334
  C:AB93H         LINE#         336
  C:AB9AH         LINE#         337
  C:ABB6H         LINE#         338
  C:ABC0H         LINE#         339
  C:ABC0H         LINE#         340
  C:ABE6H         LINE#         341
  C:ABF9H         LINE#         342
  C:ABF9H         LINE#         343
  C:AC4BH         LINE#         344
  C:AC53H         LINE#         345
  C:AC53H         LINE#         346
  C:AC53H         LINE#         349
  C:AC58H         LINE#         350
  C:AC58H         LINE#         351
  C:AC65H         LINE#         352
BL51 BANKED LINKER/LOCATER V6.22                                                      11/05/2020  09:02:36  PAGE 13


  C:AC76H         LINE#         354
  C:AC7BH         LINE#         355
  C:AC7FH         LINE#         356
  C:AC82H         LINE#         357
  C:AC86H         LINE#         359
  C:AC8AH         LINE#         360
  C:AC96H         LINE#         361
  C:AC98H         LINE#         362
  -------         ENDPROC       CONNTOUSB
  -------         PROC          MCU_INIT
  -------         DO            
  D:0007H         SYMBOL        n
  -------         ENDDO         
  C:D7B5H         LINE#         365
  C:D7B5H         LINE#         366
  C:D7B5H         LINE#         368
  C:D7B8H         LINE#         371
  C:D7BBH         LINE#         372
  C:D7BEH         LINE#         374
  C:D7C1H         LINE#         376
  C:D7C7H         LINE#         378
  C:D7CAH         LINE#         379
  C:D7CFH         LINE#         380
  C:D7D2H         LINE#         382
  C:D7D5H         LINE#         385
  C:D7D8H         LINE#         386
  C:D7DBH         LINE#         388
  C:D7DEH         LINE#         389
  C:D7E1H         LINE#         391
  C:D7E4H         LINE#         392
  C:D7E7H         LINE#         394
  C:D7EAH         LINE#         395
  C:D7EDH         LINE#         396
  C:D7EFH         LINE#         397
  C:D7F1H         LINE#         399
  C:D7F4H         LINE#         400
  C:D7F7H         LINE#         402
  -------         ENDPROC       MCU_INIT
  -------         PROC          DEVICES_INIT
  C:D3F1H         LINE#         404
  C:D3F1H         LINE#         405
  C:D3F1H         LINE#         407
  C:D3F4H         LINE#         410
  C:D3F7H         LINE#         411
  C:D451H         LINE#         412
  C:D454H         LINE#         415
  C:D457H         LINE#         416
  C:D45AH         LINE#         424
  -------         ENDPROC       DEVICES_INIT
  -------         PROC          SUSPEND_DEVICE
  C:003DH         LINE#         428
  C:003DH         LINE#         429
  C:003DH         LINE#         430
  -------         ENDPROC       SUSPEND_DEVICE
  -------         PROC          USB_API_TEST_ISR
  -------         DO            
  X:005EH         SYMBOL        INTVAL
BL51 BANKED LINKER/LOCATER V6.22                                                      11/05/2020  09:02:36  PAGE 14


  -------         ENDDO         
  C:C032H         LINE#         434
  C:C04FH         LINE#         436
  C:C056H         LINE#         438
  C:C05CH         LINE#         439
  C:C05CH         LINE#         440
  C:C067H         LINE#         442
  C:C083H         LINE#         443
  C:C083H         LINE#         444
  C:C085H         LINE#         445
  C:C087H         LINE#         446
  C:C09DH         LINE#         447
  C:C09DH         LINE#         448
  C:C09FH         LINE#         449
  C:C0A1H         LINE#         450
  C:C0B9H         LINE#         451
  C:C0B9H         LINE#         452
  C:C0BBH         LINE#         453
  C:C0BDH         LINE#         454
  C:C0D7H         LINE#         455
  C:C0D7H         LINE#         456
  C:C0D9H         LINE#         457
  C:C0DBH         LINE#         458
  C:C0F0H         LINE#         459
  C:C0F0H         LINE#         460
  C:C0F2H         LINE#         461
  C:C0F4H         LINE#         463
  C:C0F4H         LINE#         464
  C:C0F9H         LINE#         465
  C:C0F9H         LINE#         466
  C:C0F9H         LINE#         468
  C:C0F9H         LINE#         469
  C:C0F9H         LINE#         471
  C:C0F9H         LINE#         473
  C:C0FFH         LINE#         474
  C:C0FFH         LINE#         475
  C:C102H         LINE#         476
  C:C102H         LINE#         478
  C:C108H         LINE#         479
  C:C108H         LINE#         480
  C:C10BH         LINE#         481
  C:C10BH         LINE#         483
  C:C111H         LINE#         484
  C:C111H         LINE#         485
  C:C12BH         LINE#         486
  C:C12BH         LINE#         488
  C:C131H         LINE#         489
  C:C131H         LINE#         490
  C:C136H         LINE#         491
  C:C150H         LINE#         492
  C:C150H         LINE#         493
  -------         ENDPROC       USB_API_TEST_ISR
  -------         ENDMOD        MAIN

  -------         MODULE        MMC_SD
  C:0000H         SYMBOL        _ICE_DUMMY_
  D:00A2H         PUBLIC        SPI0CKR
BL51 BANKED LINKER/LOCATER V6.22                                                      11/05/2020  09:02:36  PAGE 15


  D:0080H         PUBLIC        P0
  D:0090H         PUBLIC        P1
  D:00A0H         PUBLIC        P2
  D:00B0H         PUBLIC        P3
  C:D296H         PUBLIC        _MMC_SD_SendCommand
  C:D45DH         PUBLIC        _MMC_SD_ReadSingleBlock
  C:DA82H         PUBLIC        SD_Init
  C:D1A1H         PUBLIC        _MMC_SD_WriteSingleBlock
  B:00F8H.7       PUBLIC        SPIF
  B:00F8H.2       PUBLIC        NSSMD0
  C:C877H         PUBLIC        MMC_SD_Reset
  D:00A9H         PUBLIC        CLKSEL
  C:DAADH         PUBLIC        SPI_ReadByte
  C:DA51H         PUBLIC        _SPI_WriteByte
  D:00A3H         PUBLIC        SPI0DAT
  X:0084H         PUBLIC        buffer
  C:DA45H         SYMBOL        L?0062
  C:DA4AH         SYMBOL        L?0063
  -------         PROC          L?0061
  -------         ENDPROC       L?0061
  C:DA45H         SYMBOL        L?0062
  C:DA4AH         SYMBOL        L?0063
  -------         PROC          _SPI_WRITEBYTE
  D:0007H         SYMBOL        val
  -------         DO            
  D:0007H         SYMBOL        ret
  -------         ENDDO         
  C:DA51H         LINE#         7
  C:DA51H         LINE#         8
  C:DA51H         LINE#         11
  C:DA53H         LINE#         12
  C:DA56H         LINE#         13
  C:DA58H         LINE#         14
  C:DA5AH         LINE#         15
  C:DA5AH         LINE#         16
  -------         ENDPROC       _SPI_WRITEBYTE
  -------         PROC          SPI_READBYTE
  -------         DO            
  D:0007H         SYMBOL        ret
  -------         ENDDO         
  C:DAADH         LINE#         18
  C:DAADH         LINE#         19
  C:DAADH         LINE#         22
  C:DAB0H         LINE#         23
  C:DAB3H         LINE#         24
  C:DAB5H         LINE#         25
  C:DAB7H         LINE#         26
  C:DAB7H         LINE#         27
  -------         ENDPROC       SPI_READBYTE
  -------         PROC          _MMC_SD_SENDCOMMAND
  D:0006H         SYMBOL        cmd
  X:006FH         SYMBOL        arg
  -------         DO            
  D:0007H         SYMBOL        r1
  D:0003H         SYMBOL        retry
  -------         ENDDO         
  C:D296H         LINE#         29
BL51 BANKED LINKER/LOCATER V6.22                                                      11/05/2020  09:02:36  PAGE 16


  C:D298H         LINE#         30
  C:D298H         LINE#         32
  C:D29AH         LINE#         34
  C:D29AH         LINE#         35
  C:D29AH         LINE#         36
  C:D29DH         LINE#         37
  C:D29DH         LINE#         38
  C:D29DH         LINE#         39
  C:D2A0H         LINE#         41
  C:D2A2H         LINE#         43
  C:D2A9H         LINE#         44
  C:D2BEH         LINE#         45
  C:D2D3H         LINE#         46
  C:D2E8H         LINE#         47
  C:D2F2H         LINE#         48
  C:D2F7H         LINE#         50
  C:D2FFH         LINE#         51
  C:D308H         LINE#         53
  C:D30AH         LINE#         55
  C:D30AH         LINE#         56
  -------         ENDPROC       _MMC_SD_SENDCOMMAND
  -------         PROC          MMC_SD_RESET
  -------         DO            
  D:0005H         SYMBOL        i
  D:0002H         SYMBOL        retry
  D:0006H         SYMBOL        r1
  -------         ENDDO         
  C:C877H         LINE#         58
  C:C877H         LINE#         59
  C:C877H         LINE#         62
  C:C879H         LINE#         64
  C:C87AH         LINE#         65
  C:C87DH         LINE#         66
  C:C880H         LINE#         68
  C:C880H         LINE#         69
  C:C88CH         LINE#         70
  C:C89CH         LINE#         71
  C:C89DH         LINE#         72
  C:C8A3H         LINE#         73
  C:C8A7H         LINE#         75
  C:C8A9H         LINE#         77
  C:C8A9H         LINE#         79
  C:C8A9H         LINE#         80
  C:C8B9H         LINE#         81
  C:C8BAH         LINE#         82
  C:C8C3H         LINE#         83
  C:C8C7H         LINE#         85
  C:C8C9H         LINE#         86
  C:C8D9H         LINE#         87
  C:C8DAH         LINE#         88
  C:C8E3H         LINE#         89
  C:C8E6H         LINE#         91
  C:C8E9H         LINE#         92
  C:C8E9H         LINE#         93
  C:C8EBH         LINE#         95
  C:C8EBH         LINE#         96
  C:C8FBH         LINE#         97
BL51 BANKED LINKER/LOCATER V6.22                                                      11/05/2020  09:02:36  PAGE 17


  C:C8FCH         LINE#         98
  C:C905H         LINE#         99
  C:C908H         LINE#         100
  C:C908H         LINE#         101
  C:C918H         LINE#         103
  C:C926H         LINE#         104
  C:C929H         LINE#         105
  C:C92CH         LINE#         106
  C:C92DH         LINE#         107
  -------         ENDPROC       MMC_SD_RESET
  -------         PROC          _MMC_SD_READSINGLEBLOCK
  X:0010H         SYMBOL        sector
  -------         DO            
  D:0007H         SYMBOL        r1
  D:0004H         SYMBOL        i
  D:0002H         SYMBOL        retry
  -------         ENDDO         
  C:D45DH         LINE#         109
  C:D462H         LINE#         110
  C:D462H         LINE#         113
  C:D464H         LINE#         115
  C:D467H         LINE#         117
  C:D467H         LINE#         118
  C:D483H         LINE#         119
  C:D484H         LINE#         120
  C:D48DH         LINE#         121
  C:D490H         LINE#         124
  C:D492H         LINE#         126
  C:D498H         LINE#         128
  C:D49BH         LINE#         129
  C:D49BH         LINE#         130
  C:D4AAH         LINE#         131
  C:D4B7H         LINE#         133
  C:D4B7H         LINE#         134
  C:D4BAH         LINE#         136
  C:D4BCH         LINE#         137
  C:D4BFH         LINE#         138
  C:D4C0H         LINE#         139
  -------         ENDPROC       _MMC_SD_READSINGLEBLOCK
  -------         PROC          _MMC_SD_WRITESINGLEBLOCK
  X:006AH         SYMBOL        sector
  -------         DO            
  D:0006H         SYMBOL        r1
  D:0004H         SYMBOL        i
  D:0002H         SYMBOL        retry
  -------         ENDDO         
  C:D1A1H         LINE#         141
  C:D1A6H         LINE#         142
  C:D1A6H         LINE#         145
  C:D1A8H         LINE#         147
  C:D1ABH         LINE#         149
  C:D1ABH         LINE#         150
  C:D1C9H         LINE#         151
  C:D1CAH         LINE#         152
  C:D1D3H         LINE#         153
  C:D1D6H         LINE#         157
  C:D1D8H         LINE#         159
BL51 BANKED LINKER/LOCATER V6.22                                                      11/05/2020  09:02:36  PAGE 18


  C:D1DDH         LINE#         161
  C:D1E2H         LINE#         163
  C:D1E4H         LINE#         164
  C:D1E4H         LINE#         165
  C:D1F3H         LINE#         166
  C:D200H         LINE#         168
  C:D200H         LINE#         169
  C:D200H         LINE#         171
  C:D205H         LINE#         173
  C:D20CH         LINE#         174
  C:D20CH         LINE#         175
  C:D20EH         LINE#         176
  C:D20FH         LINE#         177
  C:D20FH         LINE#         179
  C:D217H         LINE#         181
  C:D219H         LINE#         182
  C:D21CH         LINE#         183
  C:D21DH         LINE#         184
  -------         ENDPROC       _MMC_SD_WRITESINGLEBLOCK
  -------         PROC          SD_INIT
  -------         DO            
  D:0001H         SYMBOL        n
  -------         ENDDO         
  C:DA82H         LINE#         187
  C:DA82H         LINE#         188
  C:DA82H         LINE#         189
  C:DA84H         LINE#         191
  C:DA8AH         LINE#         192
  C:DA8AH         LINE#         193
  C:DA8BH         LINE#         194
  C:DA92H         LINE#         196
  -------         ENDPROC       SD_INIT
  -------         ENDMOD        MMC_SD

  -------         MODULE        LCD
  C:0000H         SYMBOL        _ICE_DUMMY_
  D:0080H         PUBLIC        P0
  C:CB42H         PUBLIC        DispFrame
  D:0090H         PUBLIC        P1
  C:CC87H         PUBLIC        DispScaleVer_Green
  D:00A0H         PUBLIC        P2
  D:00B0H         PUBLIC        P3
  C:BD57H         PUBLIC        DispBand
  C:D9DDH         PUBLIC        _WriteData
  C:008EH         PUBLIC        ascii
  C:B411H         PUBLIC        _LCD_Read_IC_ID
  D:00A6H         PUBLIC        P2MDOUT
  C:0046H         PUBLIC        _DispColor
  C:D095H         PUBLIC        DispScaleVer_Blue
  C:CF7AH         PUBLIC        _DrawGird
  C:D11BH         PUBLIC        _DrawLine
  C:DA10H         PUBLIC        _WriteComm
  C:D872H         PUBLIC        _WriteDispData
  C:CEE9H         PUBLIC        DispScaleVer_Gray
  B:00B0H.1       PUBLIC        RS
  B:00A0H.1       PUBLIC        SPI_CLK
  C:CE58H         PUBLIC        DispScaleVer_Red
BL51 BANKED LINKER/LOCATER V6.22                                                      11/05/2020  09:02:36  PAGE 19


  D:00F3H         PUBLIC        P2MDIN
  C:C2A2H         PUBLIC        DispScaleVer
  C:D67AH         PUBLIC        _DispPic
  C:C7DCH         PUBLIC        _DispOneChar
  C:D21EH         PUBLIC        DispGrayHor32
  C:CD27H         PUBLIC        DispGrayHor16
  C:C92EH         PUBLIC        _DispInt
  C:D6CCH         PUBLIC        _PutPixel
  D:00A9H         PUBLIC        CLKSEL
  B:0090H.6       PUBLIC        RD0
  B:00B0H.0       PUBLIC        CS0
  C:068EH         PUBLIC        pic_eval
  X:005CH         PUBLIC        LCM_ID
  C:BA1BH         PUBLIC        LCD_Init
  C:CDC2H         PUBLIC        _DispStr
  B:0090H.7       PUBLIC        WR0
  C:B643H         PUBLIC        DispScaleHor1
  B:00A0H.0       PUBLIC        SPI_DI
  C:DAB8H         PUBLIC        _WriteOneDot
  C:B861H         PUBLIC        DispScaleHor2
  C:C5F6H         PUBLIC        _DispPicFromSD
  B:0080H.7       PUBLIC        DIR
  C:D4C1H         PUBLIC        _ToOrd
  B:0080H.5       PUBLIC        RST
  C:D975H         PUBLIC        ReadData
  C:CBFEH         PUBLIC        _?BlockWrite
  -------         PROC          _LCD_READ_IC_ID
  X:0014H         SYMBOL        ID
  D:0004H         SYMBOL        Bug
  D:0003H         SYMBOL        flog
  -------         DO            
  X:0015H         SYMBOL        id
  X:0017H         SYMBOL        id1
  X:0019H         SYMBOL        temp
  D:0005H         SYMBOL        i
  D:0007H         SYMBOL        dat
  D:0001H         SYMBOL        id2
  X:001BH         SYMBOL        id3
  D:0002H         SYMBOL        id4
  -------         ENDDO         
  C:B411H         LINE#         35
  C:B415H         LINE#         36
  C:B415H         LINE#         40
  C:B41DH         LINE#         41
  C:B41DH         LINE#         43
  C:B41FH         LINE#         44
  C:B421H         LINE#         45
  C:B423H         LINE#         47
  C:B426H         LINE#         48
  C:B428H         LINE#         49
  C:B42AH         LINE#         50
  C:B42CH         LINE#         53
  C:B42FH         LINE#         54
  C:B432H         LINE#         55
  C:B435H         LINE#         56
  C:B437H         LINE#         57
  C:B439H         LINE#         58
BL51 BANKED LINKER/LOCATER V6.22                                                      11/05/2020  09:02:36  PAGE 20


  C:B43BH         LINE#         63
  C:B445H         LINE#         65
  C:B44BH         LINE#         66
  C:B453H         LINE#         68
  C:B459H         LINE#         69
  C:B45FH         LINE#         70
  C:B469H         LINE#         72
  C:B46FH         LINE#         73
  C:B471H         LINE#         75
  C:B477H         LINE#         77
  C:B47DH         LINE#         78
  C:B487H         LINE#         80
  C:B48DH         LINE#         81
  C:B492H         LINE#         83
  C:B498H         LINE#         85
  C:B4A2H         LINE#         86
  C:B4ACH         LINE#         88
  C:B4B2H         LINE#         89
  C:B4B4H         LINE#         91
  C:B4C4H         LINE#         92
  C:B4CEH         LINE#         94
  C:B4D1H         LINE#         95
  C:B4D5H         LINE#         96
  C:B4D5H         LINE#         97
  C:B4DEH         LINE#         98
  C:B4E4H         LINE#         99
  C:B4E4H         LINE#         100
  C:B4EEH         LINE#         101
  C:B4F0H         LINE#         102
  C:B4F4H         LINE#         103
  C:B4F4H         LINE#         104
  C:B503H         LINE#         105
  C:B503H         LINE#         108
  C:B503H         LINE#         109
  C:B50CH         LINE#         110
  C:B50CH         LINE#         112
  C:B50FH         LINE#         113
  C:B513H         LINE#         114
  C:B515H         LINE#         115
  C:B517H         LINE#         116
  C:B519H         LINE#         117
  C:B519H         LINE#         118
  C:B51BH         LINE#         119
  C:B523H         LINE#         120
  C:B525H         LINE#         122
  C:B527H         LINE#         123
  C:B52BH         LINE#         124
  C:B530H         LINE#         125
  C:B533H         LINE#         128
  C:B53DH         LINE#         129
  C:B53DH         LINE#         130
  C:B53FH         LINE#         131
  C:B53FH         LINE#         132
  C:B541H         LINE#         133
  C:B543H         LINE#         134
  C:B545H         LINE#         135
  C:B55CH         LINE#         136
BL51 BANKED LINKER/LOCATER V6.22                                                      11/05/2020  09:02:36  PAGE 21


  C:B55EH         LINE#         137
  C:B560H         LINE#         138
  C:B567H         LINE#         139
  C:B571H         LINE#         140
  C:B571H         LINE#         141
  C:B573H         LINE#         142
  C:B573H         LINE#         143
  C:B575H         LINE#         144
  C:B577H         LINE#         145
  C:B579H         LINE#         146
  C:B590H         LINE#         147
  C:B592H         LINE#         148
  C:B594H         LINE#         149
  C:B599H         LINE#         150
  C:B599H         LINE#         152
  C:B59BH         LINE#         153
  C:B59BH         LINE#         154
  C:B59DH         LINE#         155
  C:B59FH         LINE#         156
  C:B5A1H         LINE#         157
  C:B5B8H         LINE#         158
  C:B5BAH         LINE#         159
  C:B5BCH         LINE#         160
  C:B5C1H         LINE#         162
  C:B5C3H         LINE#         163
  C:B5C3H         LINE#         164
  C:B5C5H         LINE#         165
  C:B5C7H         LINE#         166
  C:B5C9H         LINE#         167
  C:B5D3H         LINE#         168
  C:B5D5H         LINE#         169
  C:B5D7H         LINE#         170
  C:B5DCH         LINE#         172
  C:B5DEH         LINE#         173
  C:B5DEH         LINE#         174
  C:B5E0H         LINE#         175
  C:B5E2H         LINE#         176
  C:B5E4H         LINE#         177
  C:B5F0H         LINE#         178
  C:B5F2H         LINE#         179
  C:B5F4H         LINE#         180
  C:B5F9H         LINE#         181
  C:B5FCH         LINE#         182
  C:B5FEH         LINE#         183
  C:B600H         LINE#         184
  C:B602H         LINE#         185
  C:B604H         LINE#         186
  C:B606H         LINE#         187
  C:B608H         LINE#         189
  C:B60CH         LINE#         190
  C:B60CH         LINE#         191
  C:B61CH         LINE#         193
  C:B627H         LINE#         194
  C:B627H         LINE#         195
  C:B627H         LINE#         197
  C:B62DH         LINE#         198
  C:B62DH         LINE#         199
BL51 BANKED LINKER/LOCATER V6.22                                                      11/05/2020  09:02:36  PAGE 22


  C:B639H         LINE#         200
  C:B639H         LINE#         202
  C:B639H         LINE#         203
  C:B63BH         LINE#         204
  C:B642H         LINE#         205
  -------         ENDPROC       _LCD_READ_IC_ID
  -------         PROC          _WRITECOMM
  D:0004H         SYMBOL        i
  -------         DO            
  X:0082H         SYMBOL        j
  D:0007H         SYMBOL        DataH
  -------         ENDDO         
  C:DA10H         LINE#         208
  C:DA14H         LINE#         209
  C:DA14H         LINE#         211
  C:DA15H         LINE#         212
  C:DA17H         LINE#         223
  C:DA17H         LINE#         224
  C:DA19H         LINE#         225
  C:DA1BH         LINE#         226
  C:DA1DH         LINE#         227
  C:DA1FH         LINE#         228
  C:DA21H         LINE#         229
  C:DA25H         LINE#         230
  C:DA27H         LINE#         231
  C:DA29H         LINE#         232
  C:DA29H         LINE#         319
  C:DA2BH         LINE#         320
  -------         ENDPROC       _WRITECOMM
  C:D9D9H         SYMBOL        L?0451
  -------         PROC          L?0450
  -------         ENDPROC       L?0450
  C:D9D9H         SYMBOL        L?0451
  -------         PROC          _WRITEDATA
  D:0004H         SYMBOL        i
  -------         DO            
  X:0082H         SYMBOL        j
  X:0083H         SYMBOL        DataH
  -------         ENDDO         
  C:D9DDH         LINE#         322
  C:D9DFH         LINE#         323
  C:D9DFH         LINE#         325
  C:D9E3H         LINE#         326
  C:D9E5H         LINE#         337
  C:D9E5H         LINE#         338
  C:D9E7H         LINE#         339
  C:D9E9H         LINE#         347
  C:D9ECH         LINE#         348
  C:D9EEH         LINE#         349
  C:D9F0H         LINE#         350
  C:D9F0H         LINE#         513
  C:D9F2H         LINE#         514
  -------         ENDPROC       _WRITEDATA
  C:D85DH         SYMBOL        L?0449
  -------         PROC          L?0448
  -------         ENDPROC       L?0448
  C:D85DH         SYMBOL        L?0449
BL51 BANKED LINKER/LOCATER V6.22                                                      11/05/2020  09:02:36  PAGE 23


  -------         PROC          _WRITEDISPDATA
  D:0007H         SYMBOL        DataH
  D:0005H         SYMBOL        DataL
  -------         DO            
  X:0082H         SYMBOL        j
  -------         ENDDO         
  C:D872H         LINE#         516
  C:D872H         LINE#         517
  C:D872H         LINE#         519
  C:D874H         LINE#         533
  C:D874H         LINE#         534
  C:D876H         LINE#         535
  C:D878H         LINE#         536
  C:D87AH         LINE#         537
  C:D87CH         LINE#         538
  C:D87EH         LINE#         539
  C:D882H         LINE#         540
  C:D884H         LINE#         541
  C:D886H         LINE#         542
  C:D886H         LINE#         638
  C:D888H         LINE#         639
  -------         ENDPROC       _WRITEDISPDATA
  -------         PROC          _WRITEONEDOT
  D:0004H         SYMBOL        color
  C:DAB8H         LINE#         641
  C:DABCH         LINE#         642
  C:DABCH         LINE#         655
  -------         ENDPROC       _WRITEONEDOT
  -------         PROC          LCD_INIT
  C:BA1BH         LINE#         664
  C:BA1BH         LINE#         665
  C:BA1BH         LINE#         666
  C:BA1EH         LINE#         669
  C:BA20H         LINE#         670
  C:BA27H         LINE#         672
  C:BA29H         LINE#         673
  C:BA30H         LINE#         675
  C:BA32H         LINE#         676
  C:BA39H         LINE#         1719
  C:BA40H         LINE#         1720
  C:BA46H         LINE#         1722
  C:BA4DH         LINE#         1723
  C:BA52H         LINE#         1724
  C:BA57H         LINE#         1725
  C:BA5BH         LINE#         1727
  C:BA60H         LINE#         1728
  C:BA65H         LINE#         1729
  C:BA6AH         LINE#         1730
  C:BA6EH         LINE#         1732
  C:BA73H         LINE#         1733
  C:BA78H         LINE#         1734
  C:BA7DH         LINE#         1735
  C:BA81H         LINE#         1736
  C:BA86H         LINE#         1737
  C:BA8BH         LINE#         1738
  C:BA8FH         LINE#         1740
  C:BA94H         LINE#         1741
BL51 BANKED LINKER/LOCATER V6.22                                                      11/05/2020  09:02:36  PAGE 24


  C:BA99H         LINE#         1743
  C:BA9EH         LINE#         1744
  C:BAA3H         LINE#         1745
  C:BAA8H         LINE#         1746
  C:BAADH         LINE#         1748
  C:BAB2H         LINE#         1749
  C:BAB7H         LINE#         1751
  C:BABCH         LINE#         1752
  C:BAC1H         LINE#         1753
  C:BAC6H         LINE#         1755
  C:BACBH         LINE#         1756
  C:BAD0H         LINE#         1757
  C:BAD5H         LINE#         1759
  C:BADAH         LINE#         1760
  C:BADFH         LINE#         1761
  C:BAE4H         LINE#         1763
  C:BAE9H         LINE#         1764
  C:BAEEH         LINE#         1766
  C:BAF3H         LINE#         1767
  C:BAF8H         LINE#         1769
  C:BAFDH         LINE#         1770
  C:BB02H         LINE#         1772
  C:BB07H         LINE#         1773
  C:BB0CH         LINE#         1774
  C:BB11H         LINE#         1775
  C:BB16H         LINE#         1776
  C:BB1BH         LINE#         1777
  C:BB20H         LINE#         1778
  C:BB25H         LINE#         1779
  C:BB2AH         LINE#         1780
  C:BB2FH         LINE#         1781
  C:BB32H         LINE#         1782
  C:BB36H         LINE#         1783
  C:BB3BH         LINE#         1784
  C:BB40H         LINE#         1785
  C:BB45H         LINE#         1786
  C:BB4AH         LINE#         1787
  C:BB4DH         LINE#         1788
  C:BB52H         LINE#         1789
  C:BB57H         LINE#         1791
  C:BB5EH         LINE#         1792
  C:BB63H         LINE#         1793
  C:BB68H         LINE#         1794
  C:BB6DH         LINE#         1795
  C:BB72H         LINE#         1796
  C:BB77H         LINE#         1797
  C:BB7CH         LINE#         1798
  C:BB81H         LINE#         1799
  C:BB86H         LINE#         1800
  C:BB89H         LINE#         1801
  C:BB8EH         LINE#         1802
  C:BB93H         LINE#         1803
  C:BB98H         LINE#         1804
  C:BB9DH         LINE#         1805
  C:BBA2H         LINE#         1806
  C:BBA5H         LINE#         1807
  C:BBAAH         LINE#         1809
BL51 BANKED LINKER/LOCATER V6.22                                                      11/05/2020  09:02:36  PAGE 25


  C:BBAFH         LINE#         1810
  C:BBB4H         LINE#         1812
  -------         ENDPROC       LCD_INIT
  C:CBE6H         SYMBOL        L?0443
  C:CBE7H         SYMBOL        L?0444
  -------         PROC          L?0442
  -------         ENDPROC       L?0442
  C:CBE6H         SYMBOL        L?0443
  C:CBE7H         SYMBOL        L?0444
  -------         PROC          _?BLOCKWRITE
  p:0000H         SYMBOL        Xstart
  p:0002H         SYMBOL        Xend
  p:0004H         SYMBOL        Ystart
  p:0006H         SYMBOL        Yend
  C:CBFEH         LINE#         4721
  C:CC1FH         LINE#         4780
  C:CC26H         LINE#         4781
  C:CC2DH         LINE#         4782
  C:CC36H         LINE#         4783
  C:CC43H         LINE#         4784
  C:CC4EH         LINE#         4786
  C:CC55H         LINE#         4787
  C:CC5FH         LINE#         4788
  C:CC66H         LINE#         4789
  C:CC72H         LINE#         4790
  C:CC79H         LINE#         4791
  C:CC80H         LINE#         4848
  -------         ENDPROC       _?BLOCKWRITE
  -------         PROC          _DISPCOLOR
  D:0004H         SYMBOL        color
  -------         DO            
  X:0061H         SYMBOL        i
  D:0002H         SYMBOL        m
  X:0063H         SYMBOL        DataH
  X:0064H         SYMBOL        DataL
  -------         ENDDO         
  C:0046H         LINE#         4850
  C:0048H         LINE#         4851
  C:0048H         LINE#         4854
  C:004EH         LINE#         4856
  C:0051H         LINE#         4858
  C:0053H         LINE#         4859
  C:0059H         LINE#         4860
  C:0059H         LINE#         4861
  C:005CH         LINE#         4862
  C:005CH         LINE#         4863
  C:0066H         LINE#         4864
  C:0071H         LINE#         4865
  C:0087H         LINE#         4867
  C:0089H         LINE#         4868
  -------         ENDPROC       _DISPCOLOR
  -------         PROC          DISPFRAME
  -------         DO            
  D:0002H         SYMBOL        i
  X:0061H         SYMBOL        j
  D:0001H         SYMBOL        DataH
  D:0006H         SYMBOL        DataL
BL51 BANKED LINKER/LOCATER V6.22                                                      11/05/2020  09:02:36  PAGE 26


  -------         ENDDO         
  C:CB42H         LINE#         4870
  C:CB42H         LINE#         4871
  C:CB42H         LINE#         4874
  C:CB45H         LINE#         4876
  C:CB47H         LINE#         4879
  C:CB51H         LINE#         4882
  C:CB51H         LINE#         4883
  C:CB51H         LINE#         4885
  C:CB5CH         LINE#         4887
  C:CB67H         LINE#         4889
  C:CB71H         LINE#         4891
  C:CB76H         LINE#         4892
  C:CB76H         LINE#         4894
  C:CB80H         LINE#         4896
  C:CB82H         LINE#         4897
  C:CB82H         LINE#         4899
  C:CB8AH         LINE#         4901
  C:CB95H         LINE#         4904
  C:CB9FH         LINE#         4906
  C:CBB5H         LINE#         4908
  C:CBBFH         LINE#         4910
  C:CBC1H         LINE#         4911
  C:CBC1H         LINE#         4913
  C:CBCCH         LINE#         4915
  C:CBD7H         LINE#         4917
  C:CBE1H         LINE#         4920
  C:CBE3H         LINE#         4921
  C:CBE5H         LINE#         4922
  -------         ENDPROC       DISPFRAME
  -------         PROC          DISPBAND
  -------         DO            
  D:0002H         SYMBOL        i
  X:0061H         SYMBOL        j
  X:0062H         SYMBOL        k
  X:0063H         SYMBOL        m
  X:0064H         SYMBOL        n
  X:0065H         SYMBOL        x
  -------         ENDDO         
  C:BD57H         LINE#         4924
  C:BD57H         LINE#         4925
  C:BD57H         LINE#         4928
  C:BD61H         LINE#         4929
  C:BD6AH         LINE#         4930
  C:BD6CH         LINE#         4933
  C:BD6FH         LINE#         4934
  C:BD7BH         LINE#         4935
  C:BD7BH         LINE#         4936
  C:BD96H         LINE#         4937
  C:BDB1H         LINE#         4938
  C:BDDDH         LINE#         4939
  C:BDE4H         LINE#         4940
  C:BDF3H         LINE#         4941
  C:BDF3H         LINE#         4942
  C:BE0EH         LINE#         4943
  C:BE29H         LINE#         4944
  C:BE55H         LINE#         4945
BL51 BANKED LINKER/LOCATER V6.22                                                      11/05/2020  09:02:36  PAGE 27


  C:BE5CH         LINE#         4946
  C:BE72H         LINE#         4947
  C:BE72H         LINE#         4948
  C:BE8DH         LINE#         4949
  C:BEA8H         LINE#         4950
  C:BED4H         LINE#         4951
  C:BEDBH         LINE#         4952
  C:BEDDH         LINE#         4953
  C:BEE0H         LINE#         4954
  -------         ENDPROC       DISPBAND
  -------         PROC          _DISPPIC
  D:0006H         SYMBOL        picture
  -------         DO            
  X:001CH         SYMBOL        p
  X:001FH         SYMBOL        n
  -------         ENDDO         
  C:D67AH         LINE#         4957
  C:D67AH         LINE#         4958
  C:D67AH         LINE#         4961
  C:D688H         LINE#         4962
  C:D688H         LINE#         4963
  C:D68BH         LINE#         4965
  C:D68BH         LINE#         4967
  C:D69EH         LINE#         4968
  C:D69EH         LINE#         4969
  C:D6BEH         LINE#         4970
  C:D6CBH         LINE#         4972
  -------         ENDPROC       _DISPPIC
  -------         PROC          _DISPPICFROMSD
  X:0021H         SYMBOL        PicNum
  -------         DO            
  X:0022H         SYMBOL        Address_S
  X:0026H         SYMBOL        Address_E
  D:0002H         SYMBOL        i
  X:002AH         SYMBOL        k
  -------         ENDDO         
  C:C5F6H         LINE#         4976
  C:C5F9H         LINE#         4977
  C:C5F9H         LINE#         4983
  C:C5FCH         LINE#         4986
  C:C5FEH         LINE#         4988
  C:C600H         LINE#         4990
  C:C609H         LINE#         4991
  C:C634H         LINE#         4992
  C:C65DH         LINE#         4993
  C:C680H         LINE#         4994
  C:C680H         LINE#         4995
  C:C690H         LINE#         4997
  C:C699H         LINE#         4998
  C:C699H         LINE#         5000
  C:C6B4H         LINE#         5001
  C:C6BDH         LINE#         5002
  C:C6DCH         LINE#         5004
  C:C6DEH         LINE#         5042
  -------         ENDPROC       _DISPPICFROMSD
  -------         PROC          DISPSCALEHOR1
  -------         DO            
BL51 BANKED LINKER/LOCATER V6.22                                                      11/05/2020  09:02:36  PAGE 28


  X:002EH         SYMBOL        i
  X:0030H         SYMBOL        j
  D:0002H         SYMBOL        k
  -------         ENDDO         
  C:B643H         LINE#         5047
  C:B643H         LINE#         5048
  C:B643H         LINE#         5051
  C:B646H         LINE#         5054
  C:B646H         LINE#         5055
  C:B646H         LINE#         5056
  C:B666H         LINE#         5057
  C:B66CH         LINE#         5058
  C:B66CH         LINE#         5059
  C:B672H         LINE#         5060
  C:B672H         LINE#         5061
  C:B687H         LINE#         5062
  C:B69DH         LINE#         5063
  C:B6B3H         LINE#         5065
  C:B6BEH         LINE#         5068
  C:B6C1H         LINE#         5069
  C:B6C1H         LINE#         5070
  C:B6E1H         LINE#         5071
  C:B6E7H         LINE#         5072
  C:B6E7H         LINE#         5073
  C:B6EDH         LINE#         5074
  C:B6EDH         LINE#         5075
  C:B718H         LINE#         5076
  C:B72EH         LINE#         5077
  C:B744H         LINE#         5078
  C:B752H         LINE#         5081
  C:B755H         LINE#         5082
  C:B755H         LINE#         5083
  C:B775H         LINE#         5084
  C:B77BH         LINE#         5085
  C:B77BH         LINE#         5086
  C:B781H         LINE#         5087
  C:B781H         LINE#         5088
  C:B78BH         LINE#         5089
  C:B7A1H         LINE#         5090
  C:B7B7H         LINE#         5091
  C:B7C2H         LINE#         5094
  C:B7C5H         LINE#         5095
  C:B7C5H         LINE#         5096
  C:B7E5H         LINE#         5097
  C:B7EBH         LINE#         5098
  C:B7EBH         LINE#         5099
  C:B7F1H         LINE#         5100
  C:B7F1H         LINE#         5101
  C:B824H         LINE#         5102
  C:B83AH         LINE#         5103
  C:B850H         LINE#         5104
  C:B85EH         LINE#         5105
  C:B860H         LINE#         5106
  -------         ENDPROC       DISPSCALEHOR1
  -------         PROC          DISPSCALEVER
  -------         DO            
  X:0032H         SYMBOL        i
BL51 BANKED LINKER/LOCATER V6.22                                                      11/05/2020  09:02:36  PAGE 29


  X:0034H         SYMBOL        j
  D:0002H         SYMBOL        k
  -------         ENDDO         
  C:C2A2H         LINE#         5108
  C:C2A2H         LINE#         5109
  C:C2A2H         LINE#         5178
  C:C2A5H         LINE#         5180
  C:C2ABH         LINE#         5181
  C:C2ABH         LINE#         5182
  C:C2B1H         LINE#         5183
  C:C2B1H         LINE#         5184
  C:C2B7H         LINE#         5185
  C:C2CDH         LINE#         5186
  C:C2D4H         LINE#         5188
  C:C2D7H         LINE#         5189
  C:C2D7H         LINE#         5191
  C:C2DDH         LINE#         5192
  C:C2DDH         LINE#         5194
  C:C2E3H         LINE#         5195
  C:C2E3H         LINE#         5196
  C:C2F5H         LINE#         5197
  C:C30BH         LINE#         5199
  C:C311H         LINE#         5200
  C:C311H         LINE#         5201
  C:C339H         LINE#         5202
  C:C34FH         LINE#         5204
  C:C355H         LINE#         5205
  C:C355H         LINE#         5206
  C:C35CH         LINE#         5207
  C:C372H         LINE#         5209
  C:C378H         LINE#         5210
  C:C378H         LINE#         5211
  C:C38CH         LINE#         5212
  C:C3A2H         LINE#         5214
  C:C3BBH         LINE#         5216
  C:C3C9H         LINE#         5218
  -------         ENDPROC       DISPSCALEVER
  -------         PROC          DISPSCALEVER_RED
  -------         DO            
  X:0036H         SYMBOL        i
  X:0038H         SYMBOL        j
  D:0002H         SYMBOL        k
  -------         ENDDO         
  C:CE58H         LINE#         5220
  C:CE58H         LINE#         5221
  C:CE58H         LINE#         5224
  C:CE5BH         LINE#         5226
  C:CE5DH         LINE#         5228
  C:CE5FH         LINE#         5231
  C:CE65H         LINE#         5232
  C:CE65H         LINE#         5233
  C:CE6BH         LINE#         5234
  C:CE6BH         LINE#         5235
  C:CE71H         LINE#         5236
  C:CE87H         LINE#         5237
  C:CE8EH         LINE#         5239
  C:CE91H         LINE#         5240
BL51 BANKED LINKER/LOCATER V6.22                                                      11/05/2020  09:02:36  PAGE 30


  C:CE91H         LINE#         5241
  C:CE97H         LINE#         5242
  C:CE97H         LINE#         5244
  C:CE9DH         LINE#         5245
  C:CE9DH         LINE#         5246
  C:CEAFH         LINE#         5247
  C:CEC5H         LINE#         5248
  C:CEDBH         LINE#         5250
  C:CEE6H         LINE#         5252
  C:CEE8H         LINE#         5253
  -------         ENDPROC       DISPSCALEVER_RED
  -------         PROC          DISPSCALEVER_GREEN
  -------         DO            
  X:003AH         SYMBOL        i
  X:003CH         SYMBOL        j
  D:0002H         SYMBOL        k
  -------         ENDDO         
  C:CC87H         LINE#         5255
  C:CC87H         LINE#         5256
  C:CC87H         LINE#         5259
  C:CC8AH         LINE#         5261
  C:CC8CH         LINE#         5262
  C:CC8EH         LINE#         5265
  C:CC94H         LINE#         5266
  C:CC94H         LINE#         5267
  C:CC9AH         LINE#         5268
  C:CC9AH         LINE#         5269
  C:CCA0H         LINE#         5271
  C:CCB6H         LINE#         5272
  C:CCBDH         LINE#         5274
  C:CCC0H         LINE#         5275
  C:CCC0H         LINE#         5276
  C:CCC6H         LINE#         5277
  C:CCC6H         LINE#         5279
  C:CCCCH         LINE#         5280
  C:CCCCH         LINE#         5282
  C:CCEDH         LINE#         5283
  C:CD03H         LINE#         5284
  C:CD19H         LINE#         5286
  C:CD24H         LINE#         5288
  C:CD26H         LINE#         5289
  -------         ENDPROC       DISPSCALEVER_GREEN
  -------         PROC          DISPSCALEVER_BLUE
  -------         DO            
  X:003EH         SYMBOL        i
  X:0040H         SYMBOL        j
  D:0002H         SYMBOL        k
  -------         ENDDO         
  C:D095H         LINE#         5291
  C:D095H         LINE#         5292
  C:D095H         LINE#         5295
  C:D098H         LINE#         5297
  C:D09AH         LINE#         5298
  C:D09CH         LINE#         5301
  C:D0A2H         LINE#         5302
  C:D0A2H         LINE#         5303
  C:D0A8H         LINE#         5304
BL51 BANKED LINKER/LOCATER V6.22                                                      11/05/2020  09:02:36  PAGE 31


  C:D0A8H         LINE#         5305
  C:D0AEH         LINE#         5306
  C:D0C4H         LINE#         5307
  C:D0CBH         LINE#         5309
  C:D0CEH         LINE#         5310
  C:D0CEH         LINE#         5311
  C:D0D4H         LINE#         5312
  C:D0D4H         LINE#         5314
  C:D0DAH         LINE#         5315
  C:D0DAH         LINE#         5316
  C:D0E1H         LINE#         5317
  C:D0F7H         LINE#         5318
  C:D10DH         LINE#         5320
  C:D118H         LINE#         5322
  C:D11AH         LINE#         5323
  -------         ENDPROC       DISPSCALEVER_BLUE
  -------         PROC          DISPSCALEVER_GRAY
  -------         DO            
  X:0042H         SYMBOL        i
  X:0044H         SYMBOL        j
  D:0002H         SYMBOL        k
  -------         ENDDO         
  C:CEE9H         LINE#         5325
  C:CEE9H         LINE#         5326
  C:CEE9H         LINE#         5329
  C:CEECH         LINE#         5331
  C:CEEEH         LINE#         5336
  C:CEF4H         LINE#         5337
  C:CEF4H         LINE#         5338
  C:CEFAH         LINE#         5339
  C:CEFAH         LINE#         5340
  C:CF00H         LINE#         5342
  C:CF16H         LINE#         5343
  C:CF1DH         LINE#         5345
  C:CF20H         LINE#         5346
  C:CF20H         LINE#         5347
  C:CF26H         LINE#         5348
  C:CF26H         LINE#         5350
  C:CF2CH         LINE#         5351
  C:CF2CH         LINE#         5352
  C:CF40H         LINE#         5353
  C:CF56H         LINE#         5354
  C:CF6CH         LINE#         5356
  C:CF77H         LINE#         5358
  C:CF79H         LINE#         5359
  -------         ENDPROC       DISPSCALEVER_GRAY
  -------         PROC          DISPGRAYHOR16
  -------         DO            
  X:0061H         SYMBOL        i
  D:0002H         SYMBOL        j
  X:0063H         SYMBOL        k
  -------         ENDDO         
  C:CD27H         LINE#         5361
  C:CD27H         LINE#         5362
  C:CD27H         LINE#         5365
  C:CD2AH         LINE#         5367
  C:CD2CH         LINE#         5368
BL51 BANKED LINKER/LOCATER V6.22                                                      11/05/2020  09:02:36  PAGE 32


  C:CD2EH         LINE#         5370
  C:CD34H         LINE#         5371
  C:CD34H         LINE#         5372
  C:CD3DH         LINE#         5373
  C:CD3DH         LINE#         5374
  C:CD43H         LINE#         5375
  C:CD4AH         LINE#         5377
  C:CD4DH         LINE#         5378
  C:CD4DH         LINE#         5379
  C:CD53H         LINE#         5380
  C:CD53H         LINE#         5381
  C:CD85H         LINE#         5382
  C:CD9BH         LINE#         5383
  C:CDA6H         LINE#         5384
  C:CDBFH         LINE#         5386
  C:CDC1H         LINE#         5387
  -------         ENDPROC       DISPGRAYHOR16
  -------         PROC          DISPGRAYHOR32
  -------         DO            
  X:0046H         SYMBOL        i
  D:0002H         SYMBOL        j
  X:0048H         SYMBOL        k
  -------         ENDDO         
  C:D21EH         LINE#         5389
  C:D21EH         LINE#         5390
  C:D21EH         LINE#         5393
  C:D221H         LINE#         5395
  C:D223H         LINE#         5397
  C:D229H         LINE#         5398
  C:D229H         LINE#         5399
  C:D232H         LINE#         5400
  C:D232H         LINE#         5401
  C:D238H         LINE#         5402
  C:D23FH         LINE#         5404
  C:D242H         LINE#         5405
  C:D242H         LINE#         5406
  C:D248H         LINE#         5407
  C:D248H         LINE#         5408
  C:D25CH         LINE#         5409
  C:D272H         LINE#         5410
  C:D27DH         LINE#         5411
  C:D293H         LINE#         5413
  C:D295H         LINE#         5414
  -------         ENDPROC       DISPGRAYHOR32
  -------         PROC          DISPSCALEHOR2
  -------         DO            
  X:004AH         SYMBOL        j
  D:0002H         SYMBOL        k
  -------         ENDDO         
  C:B861H         LINE#         5416
  C:B861H         LINE#         5417
  C:B861H         LINE#         5420
  C:B864H         LINE#         5422
  C:B864H         LINE#         5423
  C:B864H         LINE#         5424
  C:B86AH         LINE#         5425
  C:B887H         LINE#         5426
BL51 BANKED LINKER/LOCATER V6.22                                                      11/05/2020  09:02:36  PAGE 33


  C:B892H         LINE#         5427
  C:B895H         LINE#         5428
  C:B895H         LINE#         5429
  C:B89BH         LINE#         5430
  C:B8B8H         LINE#         5431
  C:B8C3H         LINE#         5432
  C:B8C6H         LINE#         5433
  C:B8C6H         LINE#         5434
  C:B8CCH         LINE#         5435
  C:B8E9H         LINE#         5436
  C:B8F4H         LINE#         5437
  C:B8F7H         LINE#         5438
  C:B8F7H         LINE#         5439
  C:B8FDH         LINE#         5440
  C:B91AH         LINE#         5441
  C:B925H         LINE#         5442
  C:B928H         LINE#         5443
  C:B928H         LINE#         5444
  C:B92EH         LINE#         5445
  C:B94BH         LINE#         5446
  C:B956H         LINE#         5447
  C:B959H         LINE#         5448
  C:B959H         LINE#         5449
  C:B95FH         LINE#         5450
  C:B97CH         LINE#         5451
  C:B987H         LINE#         5452
  C:B98AH         LINE#         5453
  C:B98AH         LINE#         5454
  C:B990H         LINE#         5455
  C:B9ADH         LINE#         5456
  C:B9B8H         LINE#         5457
  C:B9BBH         LINE#         5458
  C:B9BBH         LINE#         5459
  C:B9C1H         LINE#         5460
  C:B9DDH         LINE#         5461
  C:B9E8H         LINE#         5462
  C:B9F1H         LINE#         5463
  C:B9F1H         LINE#         5464
  C:B9F7H         LINE#         5465
  C:BA13H         LINE#         5466
  C:BA1AH         LINE#         5468
  -------         ENDPROC       DISPSCALEHOR2
  -------         PROC          _TOORD
  D:0007H         SYMBOL        ch
  C:D4C1H         LINE#         5573
  C:D4C1H         LINE#         5574
  C:D4C1H         LINE#         5575
  C:D4C7H         LINE#         5576
  C:D4C7H         LINE#         5577
  C:D4C9H         LINE#         5578
  C:D4CBH         LINE#         5579
  C:D4D7H         LINE#         5580
  C:D4D7H         LINE#         5581
  C:D4DBH         LINE#         5582
  C:D4DDH         LINE#         5583
  C:D4E9H         LINE#         5584
  C:D4E9H         LINE#         5585
BL51 BANKED LINKER/LOCATER V6.22                                                      11/05/2020  09:02:36  PAGE 34


  C:D4EDH         LINE#         5586
  C:D4EFH         LINE#         5587
  C:D4FBH         LINE#         5588
  C:D4FBH         LINE#         5589
  C:D4FFH         LINE#         5590
  C:D501H         LINE#         5591
  C:D50DH         LINE#         5592
  C:D50DH         LINE#         5593
  C:D511H         LINE#         5594
  C:D513H         LINE#         5595
  C:D519H         LINE#         5596
  C:D519H         LINE#         5597
  C:D51BH         LINE#         5598
  C:D51BH         LINE#         5600
  C:D51BH         LINE#         5601
  -------         ENDPROC       _TOORD
  C:C7B4H         SYMBOL        L?0446
  C:C7CCH         SYMBOL        L?0447
  -------         PROC          L?0445
  -------         ENDPROC       L?0445
  C:C7B4H         SYMBOL        L?0446
  C:C7CCH         SYMBOL        L?0447
  -------         PROC          _DISPONECHAR
  X:0075H         SYMBOL        ord
  D:0006H         SYMBOL        Xstart
  D:0002H         SYMBOL        Ystart
  X:007AH         SYMBOL        TextColor
  X:007CH         SYMBOL        BackColor
  -------         DO            
  X:007EH         SYMBOL        i
  D:0002H         SYMBOL        j
  X:007FH         SYMBOL        p
  D:0003H         SYMBOL        dat
  D:0006H         SYMBOL        index
  -------         ENDDO         
  C:C7DCH         LINE#         5603
  C:C7E4H         LINE#         5604
  C:C7E4H         LINE#         5610
  C:C7FEH         LINE#         5612
  C:C804H         LINE#         5614
  C:C80CH         LINE#         5615
  C:C80EH         LINE#         5617
  C:C81CH         LINE#         5619
  C:C829H         LINE#         5620
  C:C830H         LINE#         5622
  C:C834H         LINE#         5623
  C:C834H         LINE#         5624
  C:C849H         LINE#         5625
  C:C84BH         LINE#         5626
  C:C84BH         LINE#         5627
  C:C858H         LINE#         5628
  C:C858H         LINE#         5629
  C:C85AH         LINE#         5630
  C:C85CH         LINE#         5632
  C:C85CH         LINE#         5633
  C:C866H         LINE#         5634
  C:C866H         LINE#         5635
BL51 BANKED LINKER/LOCATER V6.22                                                      11/05/2020  09:02:36  PAGE 35


  C:C86BH         LINE#         5636
  C:C876H         LINE#         5637
  -------         ENDPROC       _DISPONECHAR
[...]
  C:B337H         LINE#         321
  C:B346H         LINE#         322
  C:B346H         LINE#         323
  C:B35BH         LINE#         324
  C:B360H         LINE#         325
  C:B368H         LINE#         326
  C:B372H         LINE#         327
  C:B380H         LINE#         328
  C:B38EH         LINE#         329
  C:B390H         LINE#         331
  C:B390H         LINE#         332
  C:B395H         LINE#         333
  C:B398H         LINE#         334
  C:B3B0H         LINE#         335
  C:B3B0H         LINE#         336
  C:B3C9H         LINE#         337
BL51 BANKED LINKER/LOCATER V6.22                                                      11/05/2020  09:02:36  PAGE 43


  C:B3CEH         LINE#         338
  C:B3D6H         LINE#         339
  C:B3DDH         LINE#         340
  C:B3E2H         LINE#         341
  C:B3E2H         LINE#         342
  C:B3F6H         LINE#         343
  C:B3F6H         LINE#         344
  C:B3FDH         LINE#         345
  C:B402H         LINE#         346
  C:B402H         LINE#         347
  C:B410H         LINE#         348
  C:B410H         LINE#         349
  -------         ENDPROC       USBXCORE_HANDLE_SETUP
  -------         PROC          USBXCORE_FORCE_STALL
  C:D9F3H         LINE#         356
  C:D9F3H         LINE#         358
  C:D9FEH         LINE#         359
  C:DA09H         LINE#         360
  C:DA0FH         LINE#         361
  -------         ENDPROC       USBXCORE_FORCE_STALL
  -------         PROC          USBXCORE_GET_STATUS
  C:D37EH         LINE#         367
  C:D37EH         LINE#         369
  C:D38DH         LINE#         370
  C:D38DH         LINE#         371
  C:D38DH         LINE#         372
  C:D38DH         LINE#         373
  C:D38DH         LINE#         374
  C:D38FH         LINE#         375
  C:D38FH         LINE#         379
  C:D38FH         LINE#         381
  C:D39DH         LINE#         385
  C:D39DH         LINE#         386
  C:D39DH         LINE#         387
  C:D39DH         LINE#         388
  C:D39FH         LINE#         390
  C:D39FH         LINE#         392
  C:D3ADH         LINE#         396
  C:D3ADH         LINE#         397
  C:D3BAH         LINE#         398
  C:D3BAH         LINE#         399
  C:D3BCH         LINE#         401
  C:D3BCH         LINE#         402
  C:D3CAH         LINE#         403
  C:D3D3H         LINE#         404
  C:D3D3H         LINE#         405
  C:D3D3H         LINE#         406
  C:D3D5H         LINE#         407
  C:D3D5H         LINE#         408
  C:D3D8H         LINE#         409
  C:D3D8H         LINE#         410
  C:D3D8H         LINE#         411
  C:D3E0H         LINE#         412
  C:D3E0H         LINE#         413
  C:D3E3H         LINE#         414
  C:D3E9H         LINE#         415
  C:D3F0H         LINE#         416
BL51 BANKED LINKER/LOCATER V6.22                                                      11/05/2020  09:02:36  PAGE 44


  C:D3F0H         LINE#         417
  -------         ENDPROC       USBXCORE_GET_STATUS
  -------         PROC          USBXCORE_CLEAR_FEATURE
  C:D576H         LINE#         423
  C:D576H         LINE#         425
  C:D57CH         LINE#         426
  C:D57CH         LINE#         428
  C:D583H         LINE#         429
  C:D583H         LINE#         430
  C:D58EH         LINE#         436
  C:D599H         LINE#         437
  C:D59EH         LINE#         438
  C:D5A0H         LINE#         440
  C:D5A0H         LINE#         442
  C:D5ABH         LINE#         446
  C:D5B6H         LINE#         447
  C:D5BBH         LINE#         448
  C:D5BBH         LINE#         449
  C:D5BDH         LINE#         451
  C:D5BDH         LINE#         452
  C:D5C0H         LINE#         453
  C:D5C0H         LINE#         454
  C:D5CBH         LINE#         455
  -------         ENDPROC       USBXCORE_CLEAR_FEATURE
  -------         PROC          USBXCORE_VENDOR_USB_API
  C:C6DFH         LINE#         462
  C:C6DFH         LINE#         464
  C:C6E9H         LINE#         465
  C:C6E9H         LINE#         466
  C:C6F0H         LINE#         467
  C:C6F0H         LINE#         468
  C:C6F3H         LINE#         469
  C:C6F6H         LINE#         470
  C:C6F8H         LINE#         472
  C:C6F8H         LINE#         473
  C:C6FFH         LINE#         474
  C:C6FFH         LINE#         477
  C:C70AH         LINE#         482
  C:C715H         LINE#         483
  C:C720H         LINE#         485
  C:C720H         LINE#         486
  C:C733H         LINE#         487
  C:C733H         LINE#         488
  C:C737H         LINE#         489
  C:C742H         LINE#         491
  C:C742H         LINE#         492
  C:C755H         LINE#         493
  C:C755H         LINE#         494
  C:C759H         LINE#         495
  C:C764H         LINE#         497
  C:C76AH         LINE#         498
  C:C772H         LINE#         499
  C:C772H         LINE#         500
  C:C775H         LINE#         501
  C:C775H         LINE#         502
  C:C775H         LINE#         503
  C:C780H         LINE#         504
BL51 BANKED LINKER/LOCATER V6.22                                                      11/05/2020  09:02:36  PAGE 45


  C:C780H         LINE#         505
  C:C786H         LINE#         506
  C:C78DH         LINE#         507
  C:C78DH         LINE#         508
  C:C791H         LINE#         509
  C:C791H         LINE#         510
  C:C797H         LINE#         511
  C:C79EH         LINE#         512
  C:C79EH         LINE#         513
  C:C7A9H         LINE#         514
  -------         ENDPROC       USBXCORE_VENDOR_USB_API
  -------         PROC          USBXCORE_SET_FEATURE
  C:D5CEH         LINE#         521
  C:D5CEH         LINE#         523
  C:D5D4H         LINE#         524
  C:D5D4H         LINE#         526
  C:D5DBH         LINE#         527
  C:D5DBH         LINE#         528
  C:D5E6H         LINE#         534
  C:D5F1H         LINE#         535
  C:D5F4H         LINE#         536
  C:D5F6H         LINE#         538
  C:D5F6H         LINE#         540
  C:D601H         LINE#         544
  C:D60CH         LINE#         545
  C:D612H         LINE#         546
  C:D612H         LINE#         548
  C:D614H         LINE#         550
  C:D614H         LINE#         551
  C:D617H         LINE#         552
  C:D617H         LINE#         553
  C:D622H         LINE#         554
  -------         ENDPROC       USBXCORE_SET_FEATURE
  -------         PROC          USBXCORE_SET_ADDRESS
  C:D995H         LINE#         561
  C:D995H         LINE#         563
  C:D9A4H         LINE#         564
  C:D9AAH         LINE#         565
  C:D9AAH         LINE#         566
  C:D9ADH         LINE#         567
  C:D9AFH         LINE#         569
  C:D9AFH         LINE#         570
  C:D9B2H         LINE#         571
  C:D9B2H         LINE#         572
  -------         ENDPROC       USBXCORE_SET_ADDRESS
  -------         PROC          USBXCORE_GET_DESCRIPTOR
  C:C9E1H         LINE#         579
  C:C9E1H         LINE#         580
  C:C9F0H         LINE#         581
  C:C9F0H         LINE#         582
  C:C9F0H         LINE#         583
  C:C9FEH         LINE#         584
  C:CA02H         LINE#         585
  C:CA04H         LINE#         586
  C:CA04H         LINE#         587
  C:CA12H         LINE#         588
  C:CA25H         LINE#         589
BL51 BANKED LINKER/LOCATER V6.22                                                      11/05/2020  09:02:36  PAGE 46


  C:CA27H         LINE#         590
  C:CA27H         LINE#         591
  C:CA4BH         LINE#         592
  C:CA57H         LINE#         593
  C:CA59H         LINE#         594
  C:CA59H         LINE#         595
  C:CA5CH         LINE#         596
  C:CA5CH         LINE#         597
  C:CA5CH         LINE#         598
  C:CA72H         LINE#         599
  C:CA72H         LINE#         600
  C:CA7AH         LINE#         601
  C:CA7AH         LINE#         602
  C:CA82H         LINE#         603
  C:CA82H         LINE#         604
  C:CA85H         LINE#         605
  C:CA8BH         LINE#         606
  C:CA92H         LINE#         607
  C:CA92H         LINE#         608
  -------         ENDPROC       USBXCORE_GET_DESCRIPTOR
  -------         PROC          USBXCORE_GET_CONFIGURATION
  C:D76EH         LINE#         614
  C:D76EH         LINE#         616
  C:D776H         LINE#         617
  C:D776H         LINE#         618
  C:D782H         LINE#         619
  C:D78AH         LINE#         620
  C:D78AH         LINE#         621
  C:D78EH         LINE#         622
  C:D78EH         LINE#         623
  C:D79CH         LINE#         624
  C:D7A4H         LINE#         625
  C:D7A4H         LINE#         626
  C:D7A7H         LINE#         627
  C:D7ADH         LINE#         628
  C:D7B4H         LINE#         629
  -------         ENDPROC       USBXCORE_GET_CONFIGURATION
  -------         PROC          USBXCORE_SET_CONFIGURATION
  C:D51CH         LINE#         635
  C:D51CH         LINE#         637
  C:D525H         LINE#         638
  C:D525H         LINE#         639
  C:D52CH         LINE#         640
  C:D532H         LINE#         641
  C:D537H         LINE#         642
  C:D539H         LINE#         644
  C:D544H         LINE#         645
  C:D54FH         LINE#         646
  C:D55AH         LINE#         653
  C:D565H         LINE#         654
  C:D567H         LINE#         656
  C:D567H         LINE#         657
  C:D56DH         LINE#         658
  C:D571H         LINE#         659
  C:D573H         LINE#         660
  C:D573H         LINE#         661
  -------         ENDPROC       USBXCORE_SET_CONFIGURATION
BL51 BANKED LINKER/LOCATER V6.22                                                      11/05/2020  09:02:36  PAGE 47


  -------         PROC          USBXCORE_GET_INTERFACE
  C:D906H         LINE#         668
  C:D906H         LINE#         670
  C:D914H         LINE#         671
  C:D91CH         LINE#         672
  C:D91FH         LINE#         673
  C:D925H         LINE#         674
  C:D92CH         LINE#         675
  -------         ENDPROC       USBXCORE_GET_INTERFACE
  -------         PROC          USBXCORE_SET_SOP
  C:DA5BH         LINE#         682
  C:DA5BH         LINE#         684
  C:DA63H         LINE#         685
  C:DA63H         LINE#         686
  C:DA6EH         LINE#         687
  C:DA6EH         LINE#         688
  -------         ENDPROC       USBXCORE_SET_SOP
  -------         PROC          USBXCORE_USB_ISR
  C:BEE1H         LINE#         699
  C:BEFEH         LINE#         702
  C:BF04H         LINE#         703
  C:BF17H         LINE#         706
  C:BF2AH         LINE#         709
  C:BF2EH         LINE#         710
  C:BF2EH         LINE#         711
  C:BF39H         LINE#         712
  C:BF39H         LINE#         714
  C:BF40H         LINE#         715
  C:BF40H         LINE#         716
  C:BF43H         LINE#         717
  C:BF43H         LINE#         719
  C:BF4AH         LINE#         720
  C:BF4AH         LINE#         721
  C:BF57H         LINE#         722
  C:BF57H         LINE#         723
  C:BF5EH         LINE#         724
  C:BF5EH         LINE#         725
  C:BF5EH         LINE#         727
  C:BF5EH         LINE#         728
  C:BF5EH         LINE#         730
  C:BF5EH         LINE#         732
  C:BF71H         LINE#         734
  C:BF75H         LINE#         735
  C:BF75H         LINE#         736
  C:BF78H         LINE#         737
  C:BF78H         LINE#         740
  C:BF7FH         LINE#         741
  C:BF7FH         LINE#         742
  C:BF8AH         LINE#         748
  C:BF9DH         LINE#         749
  C:BFA2H         LINE#         750
  C:BFA2H         LINE#         751
  C:BFA9H         LINE#         752
  C:BFA9H         LINE#         754
  C:BFA9H         LINE#         756
  C:BFBCH         LINE#         759
  C:BFC0H         LINE#         760
BL51 BANKED LINKER/LOCATER V6.22                                                      11/05/2020  09:02:36  PAGE 48


  C:BFC0H         LINE#         761
  C:BFCBH         LINE#         767
  C:BFDEH         LINE#         768
  C:BFE2H         LINE#         769
  C:BFE2H         LINE#         770
  C:BFE9H         LINE#         771
  C:BFE9H         LINE#         772
  C:BFE9H         LINE#         775
  C:BFF7H         LINE#         776
  C:BFFCH         LINE#         777
  C:C002H         LINE#         778
  C:C007H         LINE#         781
  C:C014H         LINE#         782
  C:C014H         LINE#         783
  C:C017H         LINE#         784
  C:C017H         LINE#         785
  -------         ENDPROC       USBXCORE_USB_ISR
  -------         ENDMOD        USB_API

  -------         MODULE        USB_SUSPEND
  C:0000H         SYMBOL        _ICE_DUMMY_
  D:00D7H         PUBLIC        USB0XCN
  D:00C9H         PUBLIC        REG0CN
  C:D8B4H         PUBLIC        USB_Suspend
  D:00A9H         PUBLIC        CLKSEL
  D:00B2H         PUBLIC        OSCICN
  D:00B9H         PUBLIC        CLKMUL
  -------         PROC          USB_SUSPEND
  C:D8B4H         LINE#         70
  C:D8B4H         LINE#         72
  C:D8B7H         LINE#         74
  C:D8BAH         LINE#         76
  C:D8C2H         LINE#         79
  C:D8C5H         LINE#         80
  C:D8C8H         LINE#         81
  C:D8CBH         LINE#         82
  C:D8CEH         LINE#         84
  C:D8CFH         LINE#         86
  C:D8D2H         LINE#         88
  C:D8D8H         LINE#         92
  C:D8DBH         LINE#         94
  C:D8DEH         LINE#         95
  -------         ENDPROC       USB_SUSPEND
  -------         ENDMOD        USB_SUSPEND

  -------         MODULE        USB_INT_ENABLE
  C:0000H         SYMBOL        _ICE_DUMMY_
  C:DA2CH         PUBLIC        USB_Int_Enable
  D:0096H         PUBLIC        USB0ADR
  D:0097H         PUBLIC        USB0DAT
  -------         PROC          USB_INT_ENABLE
  C:DA2CH         LINE#         68
  C:DA2CH         LINE#         71
  C:DA33H         LINE#         73
  C:DA39H         LINE#         74
  C:DA39H         LINE#         75
  C:DA44H         LINE#         77
BL51 BANKED LINKER/LOCATER V6.22                                                      11/05/2020  09:02:36  PAGE 49


  C:DA44H         LINE#         78
  -------         ENDPROC       USB_INT_ENABLE
  -------         ENDMOD        USB_INT_ENABLE

  -------         MODULE        USB_CLOCK_RECOVERY
  C:0000H         SYMBOL        _ICE_DUMMY_
  C:DAA1H         PUBLIC        USBXcore_ClkRec
  D:0096H         PUBLIC        USB0ADR
  D:0097H         PUBLIC        USB0DAT
  -------         PROC          USBXCORE_CLKREC
  C:DAA1H         LINE#         45
  C:DAA1H         LINE#         47
  C:DAACH         LINE#         48
  -------         ENDPROC       USBXCORE_CLKREC
  -------         ENDMOD        USB_CLOCK_RECOVERY

  -------         MODULE        ?C?FPMUL
  C:AC99H         PUBLIC        ?C?FPMUL
  -------         ENDMOD        ?C?FPMUL

  -------         MODULE        ?C?FCAST
  C:ADA9H         PUBLIC        ?C?FCASTC
  C:ADA4H         PUBLIC        ?C?FCASTI
  C:AD9FH         PUBLIC        ?C?FCASTL
  -------         ENDMOD        ?C?FCAST

  -------         MODULE        ?C?CASTF
  C:ADDDH         PUBLIC        ?C?CASTF
  -------         ENDMOD        ?C?CASTF

  -------         MODULE        ?C?COPY
  C:AF2EH         PUBLIC        ?C?COPY
  -------         ENDMOD        ?C?COPY

  -------         MODULE        ?C?CLDPTR
  C:AF54H         PUBLIC        ?C?CLDPTR
  -------         ENDMOD        ?C?CLDPTR

  -------         MODULE        ?C?CLDOPTR
  C:AF6DH         PUBLIC        ?C?CLDOPTR
  -------         ENDMOD        ?C?CLDOPTR

  -------         MODULE        ?C?IMUL
  C:AF9AH         PUBLIC        ?C?IMUL
  -------         ENDMOD        ?C?IMUL

  -------         MODULE        ?C?IILDX
  C:AFACH         PUBLIC        ?C?IILDX
  -------         ENDMOD        ?C?IILDX

  -------         MODULE        ?C?ILDOPTR
  C:AFC2H         PUBLIC        ?C?ILDOPTR
  -------         ENDMOD        ?C?ILDOPTR

  -------         MODULE        ?C?LMUL
  C:AFFAH         PUBLIC        ?C?LMUL
  -------         ENDMOD        ?C?LMUL
BL51 BANKED LINKER/LOCATER V6.22                                                      11/05/2020  09:02:36  PAGE 50



  -------         MODULE        ?C?ULDIV
  C:B085H         PUBLIC        ?C?ULDIV
  -------         ENDMOD        ?C?ULDIV

  -------         MODULE        ?C?LNEG
  C:B117H         PUBLIC        ?C?LNEG
  -------         ENDMOD        ?C?LNEG

  -------         MODULE        ?C?ULCMP
  C:B125H         PUBLIC        ?C?ULCMP
  -------         ENDMOD        ?C?ULCMP

  -------         MODULE        ?C?ULSHR
  C:B136H         PUBLIC        ?C?ULSHR
  -------         ENDMOD        ?C?ULSHR

  -------         MODULE        ?C?LSHL
  C:B149H         PUBLIC        ?C?LSHL
  -------         ENDMOD        ?C?LSHL

  -------         MODULE        ?C?LLDIPDATA
  C:B165H         PUBLIC        ?C?LLDIPDATA
  C:B15CH         PUBLIC        ?C?LLDIPDATA1
  C:B15EH         PUBLIC        ?C?LLDIPDATA8
  -------         ENDMOD        ?C?LLDIPDATA

  -------         MODULE        ?C?LSTXDATA
  C:B17CH         PUBLIC        ?C?LSTXDATA
  -------         ENDMOD        ?C?LSTXDATA

  -------         MODULE        ?C?LSTPDATA
  C:B188H         PUBLIC        ?C?LSTPDATA
  -------         ENDMOD        ?C?LSTPDATA

  -------         MODULE        ?C?LSTKXDATA
  C:B194H         PUBLIC        ?C?LSTKXDATA
  -------         ENDMOD        ?C?LSTKXDATA

  -------         MODULE        ?C?LSTKPDATA
  C:B1C5H         PUBLIC        ?C?LSTKPDATA
  -------         ENDMOD        ?C?LSTKPDATA

  -------         MODULE        ?C_PBP
  D:0008H         PUBLIC        ?C_PBP
  -------         ENDMOD        ?C_PBP

*** WARNING L14: INCOMPATIBLE MEMORY MODEL
    MODULE:  .\USBX_F34X.LIB (USB_API)
    MODEL:   SMALL

*** WARNING L14: INCOMPATIBLE MEMORY MODEL
    MODULE:  .\USBX_F34X.LIB (USB_SUSPEND)
    MODEL:   SMALL

*** WARNING L14: INCOMPATIBLE MEMORY MODEL
    MODULE:  .\USBX_F34X.LIB (USB_INT_ENABLE)
BL51 BANKED LINKER/LOCATER V6.22                                                      11/05/2020  09:02:36  PAGE 51


    MODEL:   SMALL

*** WARNING L14: INCOMPATIBLE MEMORY MODEL
    MODULE:  .\USBX_F34X.LIB (USB_CLOCK_RECOVERY)
    MODEL:   SMALL

*** WARNING L16: UNCALLED SEGMENT, IGNORED FOR OVERLAY PROCESS
    SEGMENT: ?PR?SD_INIT?MMC_SD

*** WARNING L16: UNCALLED SEGMENT, IGNORED FOR OVERLAY PROCESS
    SEGMENT: ?PR?_LCD_READ_IC_ID?LCD

*** WARNING L16: UNCALLED SEGMENT, IGNORED FOR OVERLAY PROCESS
    SEGMENT: ?PR?_DISPPIC?LCD

*** WARNING L16: UNCALLED SEGMENT, IGNORED FOR OVERLAY PROCESS
    SEGMENT: ?PR?_DISPPICFROMSD?LCD

*** WARNING L16: UNCALLED SEGMENT, IGNORED FOR OVERLAY PROCESS
    SEGMENT: ?PR?DISPSCALEHOR1?LCD

*** WARNING L16: UNCALLED SEGMENT, IGNORED FOR OVERLAY PROCESS
    SEGMENT: ?PR?DISPSCALEVER?LCD

*** WARNING L16: UNCALLED SEGMENT, IGNORED FOR OVERLAY PROCESS
    SEGMENT: ?PR?DISPSCALEVER_RED?LCD

*** WARNING L16: UNCALLED SEGMENT, IGNORED FOR OVERLAY PROCESS
    SEGMENT: ?PR?DISPSCALEVER_GREEN?LCD

*** WARNING L16: UNCALLED SEGMENT, IGNORED FOR OVERLAY PROCESS
    SEGMENT: ?PR?DISPSCALEVER_BLUE?LCD

*** WARNING L16: UNCALLED SEGMENT, IGNORED FOR OVERLAY PROCESS
    SEGMENT: ?PR?DISPSCALEVER_GRAY?LCD

*** WARNING L16: UNCALLED SEGMENT, IGNORED FOR OVERLAY PROCESS
    SEGMENT: ?PR?DISPGRAYHOR32?LCD

*** WARNING L16: UNCALLED SEGMENT, IGNORED FOR OVERLAY PROCESS
    SEGMENT: ?PR?DISPSCALEHOR2?LCD

*** WARNING L16: UNCALLED SEGMENT, IGNORED FOR OVERLAY PROCESS
    SEGMENT: ?PR?_DRAWGIRD?LCD

*** WARNING L15: MULTIPLE CALL TO SEGMENT
    SEGMENT: ?PR?_WRITECOMM?LCD
    CALLER1: ?PR?USB_API_TEST_ISR?MAIN
    CALLER2: ?C_C51STARTUP

*** WARNING L15: MULTIPLE CALL TO SEGMENT
    SEGMENT: ?PR?_WRITEDATA?LCD
    CALLER1: ?PR?USB_API_TEST_ISR?MAIN
    CALLER2: ?C_C51STARTUP

Program Size: data=10.0 xdata=1227 code=55997
LINK/LOCATE RUN COMPLETE.  19 WARNING(S),  0 ERROR(S)
