BL51 BANKED LINKER/LOCATER V6.22                                                        09/02/2021  17:10:04  PAGE 1


BL51 BANKED LINKER/LOCATER V6.22, INVOKED BY:
D:\KEIL C51\C51\BIN\BL51.EXE main.obj, mmc_sd.obj, lcd.obj, tp.obj, .\USBX_F34X.LIB TO ST7789V_CTC28_TP_L8 RAMSIZE (256)
>> 


MEMORY MODEL: COMPACT WITH FLOATING POINT ARITHMETIC


INPUT MODULES INCLUDED:
  main.obj (MAIN)
  mmc_sd.obj (MMC_SD)
  lcd.obj (LCD)
  tp.obj (TP)
  .\USBX_F34X.LIB (USB_API)
  .\USBX_F34X.LIB (USB_CLOCK_START)
  .\USBX_F34X.LIB (USB_SUSPEND)
  .\USBX_F34X.LIB (GET_INTERRUPT_SOURCE)
  .\USBX_F34X.LIB (BLOCK_READ)
  .\USBX_F34X.LIB (BLOCK_WRITE)
  .\USBX_F34X.LIB (USB_INT_ENABLE)
  .\USBX_F34X.LIB (USB_CLOCK_RECOVERY)
  .\USBX_F34X.LIB (USB_JUMP_ISR)
  D:\KEIL C51\C51\LIB\C51FPC.LIB (?C?FPMUL)
  D:\KEIL C51\C51\LIB\C51FPC.LIB (?C?FCAST)
  D:\KEIL C51\C51\LIB\C51FPC.LIB (?C?CASTF)
  D:\KEIL C51\C51\LIB\C51FPC.LIB (?C?FPGETOPN)
  D:\KEIL C51\C51\LIB\C51C.LIB (?C_STARTUP)
  D:\KEIL C51\C51\LIB\C51C.LIB (?C?COPY)
  D:\KEIL C51\C51\LIB\C51C.LIB (?C?CLDPTR)
  D:\KEIL C51\C51\LIB\C51C.LIB (?C?CLDOPTR)
  D:\KEIL C51\C51\LIB\C51C.LIB (?C?IMUL)
  D:\KEIL C51\C51\LIB\C51C.LIB (?C?IILDX)
  D:\KEIL C51\C51\LIB\C51C.LIB (?C?ILDOPTR)
  D:\KEIL C51\C51\LIB\C51C.LIB (?C?LMUL)
  D:\KEIL C51\C51\LIB\C51C.LIB (?C?ULDIV)
  D:\KEIL C51\C51\LIB\C51C.LIB (?C?LNEG)
  D:\KEIL C51\C51\LIB\C51C.LIB (?C?ULCMP)
  D:\KEIL C51\C51\LIB\C51C.LIB (?C?ULSHR)
  D:\KEIL C51\C51\LIB\C51C.LIB (?C?LSHL)
  D:\KEIL C51\C51\LIB\C51C.LIB (?C?LLDIPDATA)
  D:\KEIL C51\C51\LIB\C51C.LIB (?C?LSTXDATA)
  D:\KEIL C51\C51\LIB\C51C.LIB (?C?LSTPDATA)
  D:\KEIL C51\C51\LIB\C51C.LIB (?C?LSTKXDATA)
  D:\KEIL C51\C51\LIB\C51C.LIB (?C?LSTKPDATA)
  D:\KEIL C51\C51\LIB\C51C.LIB (?C_PBP)
  D:\KEIL C51\C51\LIB\C51C.LIB (?C_INIT)


LINK MAP OF MODULE:  ST7789V_CTC28_TP_L8 (MAIN)


            TYPE    BASE      LENGTH    RELOCATION   SEGMENT NAME
            -----------------------------------------------------

            * * * * * * *   D A T A   M E M O R Y   * * * * * * *
            REG     0000H     0008H     ABSOLUTE     "REG BANK 0"
            DATA    0008H     0001H     UNIT         ?C?LIB_DATA
            IDATA   0009H     0001H     UNIT         ?STACK
BL51 BANKED LINKER/LOCATER V6.22                                                      09/02/2021  17:10:04  PAGE 2



            * * * * * * *  X D A T A   M E M O R Y  * * * * * * *
            XDATA   0000H     0010H     INPAGE       ?PD?MAIN
            XDATA   0010H     0004H     INPAGE       ?PD?_MMC_SD_READSINGLEBLOCK?MMC_SD
            XDATA   0014H     0005H     INPAGE       ?PD?DISPBAND?LCD
            XDATA   0019H     0005H     INPAGE       ?PD?_DISPPIC?LCD
            XDATA   001EH     000DH     INPAGE       ?PD?_DISPPICFROMSD?LCD
            XDATA   002BH     0004H     INPAGE       ?PD?DISPSCALEHOR1?LCD
            XDATA   002FH     0004H     INPAGE       ?PD?DISPSCALEVER?LCD
            XDATA   0033H     0004H     INPAGE       ?PD?DISPSCALEVER_RED?LCD
            XDATA   0037H     0004H     INPAGE       ?PD?DISPSCALEVER_GREEN?LCD
            XDATA   003BH     0004H     INPAGE       ?PD?DISPSCALEVER_BLUE?LCD
            XDATA   003FH     0004H     INPAGE       ?PD?DISPSCALEVER_GRAY?LCD
            XDATA   0043H     0004H     INPAGE       ?PD?DISPGRAYHOR32?LCD
            XDATA   0047H     0002H     INPAGE       ?PD?DISPSCALEHOR2?LCD
            XDATA   0049H     000CH     INPAGE       ?PD?_DRAWLINE?LCD
            XDATA   0055H     0004H     INPAGE       ?PD?_DRAWGIRD?LCD
            XDATA   0059H     0002H     INPAGE       ?PD?LCD
            XDATA   005BH     0026H     INPAGE       _PDATA_GROUP_
            XDATA   0081H     0200H     UNIT         ?XD?MMC_SD
            XDATA   0281H     0058H     UNIT         _XDATA_GROUP_
            XDATA   02D9H     0040H     UNIT         ?XD?MAIN
                    0319H     0327H                  *** GAP ***
            XDATA   0640H     0100H     ABSOLUTE     
            XDATA   0740H     0012H     ABSOLUTE     
            XDATA   0752H     0020H     ABSOLUTE     
            XDATA   0772H     000CH     ABSOLUTE     
            XDATA   077EH     0008H     ABSOLUTE     
            XDATA   0786H     0001H     ABSOLUTE     
            XDATA   0787H     0003H     ABSOLUTE     
            XDATA   078AH     0002H     ABSOLUTE     
            XDATA   078CH     0002H     ABSOLUTE     
            XDATA   078EH     0003H     ABSOLUTE     
            XDATA   0791H     0001H     ABSOLUTE     
            XDATA   0792H     0001H     ABSOLUTE     
            XDATA   0793H     0001H     ABSOLUTE     
            XDATA   0794H     0001H     ABSOLUTE     
            XDATA   0795H     0002H     ABSOLUTE     
            XDATA   0797H     0002H     ABSOLUTE     
            XDATA   0799H     0001H     ABSOLUTE     
            XDATA   079AH     0001H     ABSOLUTE     
            XDATA   079BH     0001H     ABSOLUTE     
            XDATA   079CH     0001H     ABSOLUTE     
            XDATA   079DH     0001H     ABSOLUTE     
            XDATA   079EH     0001H     ABSOLUTE     
            XDATA   079FH     0002H     ABSOLUTE     
            XDATA   07A1H     0001H     ABSOLUTE     
            XDATA   07A2H     0001H     ABSOLUTE     
            XDATA   07A3H     000CH     ABSOLUTE     
                    07AFH     0011H                  *** GAP ***
            XDATA   07C0H     0040H     ABSOLUTE     

            * * * * * * *   C O D E   M E M O R Y   * * * * * * *
            CODE    0000H     0003H     ABSOLUTE     
            CODE    0003H     003AH     UNIT         ?CO?USB_API
            CODE    003DH     0003H     UNIT         ?PR?SUSPEND_DEVICE?MAIN
                    0040H     0003H                  *** GAP ***
BL51 BANKED LINKER/LOCATER V6.22                                                      09/02/2021  17:10:04  PAGE 3


            CODE    0043H     0003H     ABSOLUTE     
            CODE    0046H     0044H     UNIT         ?PR?_DISPCOLOR?LCD
                    008AH     0001H                  *** GAP ***
            CODE    008BH     0003H     ABSOLUTE     
            CODE    008EH     060CH     UNIT         ?PR?CONNTOUSB?MAIN
            CODE    069AH     0600H     UNIT         ?CO?LCD
            CODE    0C9AH     0545H     UNIT         ?C?LIB_CODE
            CODE    11DFH     0233H     UNIT         ?PR?USBXCORE_HANDLE_SETUP?USB_API
            CODE    1412H     0232H     UNIT         ?PR?_LCD_READ_IC_ID?LCD
            CODE    1644H     0226H     UNIT         ?PR?DISPSCALEHOR1?LCD
            CODE    186AH     01D8H     UNIT         ?PR?TP_DRAWLINE?TP
            CODE    1A42H     01BAH     UNIT         ?PR?DISPSCALEHOR2?LCD
            CODE    1BFCH     018EH     UNIT         ?PR?DISPBAND?LCD
            CODE    1D8AH     0151H     UNIT         ?PR?USBXCORE_USB_ISR?USB_API
            CODE    1EDBH     014DH     UNIT         ?PR?LCD_INIT?LCD
            CODE    2028H     013DH     UNIT         ?PR?USB_API_TEST_ISR?MAIN
            CODE    2165H     0137H     UNIT         ?PR?_USB_INIT?USB_API
            CODE    229CH     0128H     UNIT         ?PR?DISPSCALEVER?LCD
            CODE    23C4H     011BH     UNIT         ?PR?_TP_GETPOSITION?TP
            CODE    24DFH     0111H     UNIT         ?PR?_BLOCK_WRITE?BLOCK_WRITE
            CODE    25F0H     00E9H     UNIT         ?PR?_DISPPICFROMSD?LCD
            CODE    26D9H     00CDH     UNIT         ?PR?USBXCORE_VENDOR_USB_API?USB_API
            CODE    27A6H     00CBH     UNIT         ?PR?_DISPONECHAR?LCD
            CODE    2871H     00B7H     UNIT         ?PR?MMC_SD_RESET?MMC_SD
            CODE    2928H     00B3H     UNIT         ?PR?_DISPINT?LCD
            CODE    29DBH     00B2H     UNIT         ?PR?USBXCORE_GET_DESCRIPTOR?USB_API
            CODE    2A8DH     00AFH     UNIT         ?PR?_BLOCK_READ?BLOCK_READ
            CODE    2B3CH     00A4H     UNIT         ?PR?DISPFRAME?LCD
            CODE    2BE0H     00A0H     UNIT         ?PR?DISPSCALEVER_GREEN?LCD
            CODE    2C80H     009CH     UNIT         ?PR?_?BLOCKWRITE?LCD
            CODE    2D1CH     009BH     UNIT         ?PR?DISPGRAYHOR16?LCD
            CODE    2DB7H     0096H     UNIT         ?PR?_DISPSTR?LCD
            CODE    2E4DH     0091H     UNIT         ?PR?DISPSCALEVER_RED?LCD
            CODE    2EDEH     0091H     UNIT         ?PR?DISPSCALEVER_GRAY?LCD
            CODE    2F6FH     0090H     UNIT         ?PR?_DRAWGIRD?LCD
            CODE    2FFFH     008CH     UNIT         ?C_C51STARTUP
            CODE    308BH     0086H     UNIT         ?PR?DISPSCALEVER_BLUE?LCD
            CODE    3111H     0086H     UNIT         ?PR?_DRAWLINE?LCD
            CODE    3197H     007DH     UNIT         ?PR?_MMC_SD_WRITESINGLEBLOCK?MMC_SD
            CODE    3214H     0076H     UNIT         ?PR?DISPGRAYHOR32?LCD
            CODE    328AH     0075H     UNIT         ?PR?_MMC_SD_SENDCOMMAND?MMC_SD
            CODE    32FFH     0073H     UNIT         ?PR?TP_READ?TP
            CODE    3372H     0073H     UNIT         ?PR?USBXCORE_GET_STATUS?USB_API
            CODE    33E5H     006CH     UNIT         ?PR?DEVICES_INIT?MAIN
            CODE    3451H     0064H     UNIT         ?PR?_MMC_SD_READSINGLEBLOCK?MMC_SD
            CODE    34B5H     0061H     UNIT         ?PR?_DISPPIC?LCD
            CODE    3516H     005BH     UNIT         ?PR?_TOORD?LCD
            CODE    3571H     005AH     UNIT         ?PR?USBXCORE_SET_CONFIGURATION?USB_API
            CODE    35CBH     0058H     UNIT         ?PR?USBXCORE_CLEAR_FEATURE?USB_API
            CODE    3623H     0057H     UNIT         ?PR?USBXCORE_SET_FEATURE?USB_API
            CODE    367AH     0055H     UNIT         ?PR?_STOPDELAY?MAIN
            CODE    36CFH     0052H     UNIT         ?PR?_PUTPIXEL?LCD
            CODE    3721H     0050H     UNIT         ?CO?MAIN
            CODE    3771H     004DH     UNIT         ?PR?MAIN?MAIN
            CODE    37BEH     0047H     UNIT         ?PR?USBXCORE_GET_CONFIGURATION?USB_API
            CODE    3805H     0043H     UNIT         ?PR?MCU_INIT?MAIN
            CODE    3848H     0038H     UNIT         ?PR?USB_CLOCK_START?USB_CLOCK_START
BL51 BANKED LINKER/LOCATER V6.22                                                      09/02/2021  17:10:04  PAGE 4


            CODE    3880H     002DH     UNIT         ?C_INITSEG
            CODE    38ADH     002CH     UNIT         ?PR?_WRITEDISPDATA?LCD
            CODE    38D9H     002BH     UNIT         ?PR?USB_SUSPEND?USB_SUSPEND
            CODE    3904H     0027H     UNIT         ?PR?USBXCORE_USB_RESET?USB_API
            CODE    392BH     0027H     UNIT         ?PR?USBXCORE_GET_INTERFACE?USB_API
            CODE    3952H     0026H     UNIT         ?PR?_TP_WRITE?TP
            CODE    3978H     0022H     UNIT         ?PR?USBXCORE_JUMP_ISR?USB_JUMP_ISR
            CODE    399AH     0020H     UNIT         ?PR?USBXCORE_SET_ADDRESS?USB_API
            CODE    39BAH     001FH     UNIT         ?PR?_DELAY?MAIN
            CODE    39D9H     001DH     UNIT         ?PR?USBXCORE_FORCE_STALL?USB_API
            CODE    39F6H     0019H     UNIT         ?PR?_WRITEDATA?LCD
            CODE    3A0FH     0019H     UNIT         ?PR?USB_INT_ENABLE?USB_INT_ENABLE
            CODE    3A28H     0016H     UNIT         ?PR?_SPI_WRITEBYTE?MMC_SD
            CODE    3A3EH     0016H     UNIT         ?PR?READDATA?LCD
            CODE    3A54H     0015H     UNIT         ?PR?_WRITECOMM?LCD
            CODE    3A69H     0014H     UNIT         ?PR?USBXCORE_SET_SOP?USB_API
            CODE    3A7DH     0013H     UNIT         ?PR?WAITKEY?MAIN
            CODE    3A90H     0011H     UNIT         ?PR?SD_INIT?MMC_SD
            CODE    3AA1H     000EH     UNIT         ?PR?GET_INTERRUPT_SOURCE?GET_INTERRUPT_SOURCE
            CODE    3AAFH     000CH     UNIT         ?PR?USBXCORE_CLKREC?USB_CLOCK_RECOVERY
            CODE    3ABBH     000BH     UNIT         ?PR?SPI_READBYTE?MMC_SD
            CODE    3AC6H     0009H     UNIT         ?PR?_WRITEONEDOT?LCD
            CODE    3ACFH     0008H     UNIT         ?CO?TP



OVERLAY MAP OF MODULE:   ST7789V_CTC28_TP_L8 (MAIN)


SEGMENT                                            PDATA_GROUP         XDATA_GROUP
  +--> CALLED SEGMENT                            START    LENGTH     START    LENGTH
------------------------------------------------------------------------------------
?PR?USB_API_TEST_ISR?MAIN                        005BH    0001H      -----    -----
  +--> ?PR?GET_INTERRUPT_SOURCE?GET_INTERRUP...
  +--> ?PR?_BLOCK_READ?BLOCK_READ
  +--> ?PR?SUSPEND_DEVICE?MAIN
  +--> ?PR?MCU_INIT?MAIN
  +--> ?PR?_?BLOCKWRITE?LCD

?PR?SUSPEND_DEVICE?MAIN                          -----    -----      -----    -----
  +--> ?PR?USB_SUSPEND?USB_SUSPEND

?PR?USB_SUSPEND?USB_SUSPEND                      -----    -----      -----    -----
  +--> ?PR?USB_CLOCK_START?USB_CLOCK_START

?PR?_?BLOCKWRITE?LCD                             -----    -----      -----    -----
  +--> ?PR?_WRITECOMM?LCD
  +--> ?PR?_WRITEDATA?LCD

?PR?_WRITECOMM?LCD                               007FH    0002H      -----    -----

?PR?_WRITEDATA?LCD                               007FH    0002H      -----    -----

*** NEW ROOT ***************************************************

?PR?USBXCORE_USB_ISR?USB_API                     -----    -----      -----    -----
  +--> ?PR?USBXCORE_USB_RESET?USB_API
BL51 BANKED LINKER/LOCATER V6.22                                                      09/02/2021  17:10:04  PAGE 5


  +--> ?PR?USBXCORE_HANDLE_SETUP?USB_API
  +--> ?PR?USBXCORE_JUMP_ISR?USB_JUMP_ISR

?PR?USBXCORE_HANDLE_SETUP?USB_API                -----    -----      -----    -----
  +--> ?PR?USBXCORE_GET_STATUS?USB_API
  +--> ?PR?USBXCORE_CLEAR_FEATURE?USB_API
  +--> ?PR?USBXCORE_VENDOR_USB_API?USB_API
  +--> ?PR?USBXCORE_SET_FEATURE?USB_API
  +--> ?PR?USBXCORE_SET_ADDRESS?USB_API
  +--> ?PR?USBXCORE_GET_DESCRIPTOR?USB_API
  +--> ?PR?USBXCORE_GET_CONFIGURATION?USB_API
  +--> ?PR?USBXCORE_SET_CONFIGURATION?USB_API
  +--> ?PR?USBXCORE_GET_INTERFACE?USB_API
  +--> ?PR?USBXCORE_SET_SOP?USB_API
  +--> ?PR?USBXCORE_FORCE_STALL?USB_API

?PR?USBXCORE_GET_STATUS?USB_API                  -----    -----      -----    -----
  +--> ?CO?USB_API
  +--> ?PR?USBXCORE_FORCE_STALL?USB_API
  +--> ?PR?USBXCORE_SET_SOP?USB_API

?PR?USBXCORE_CLEAR_FEATURE?USB_API               -----    -----      -----    -----
  +--> ?PR?USBXCORE_FORCE_STALL?USB_API
  +--> ?PR?USBXCORE_SET_SOP?USB_API

?PR?USBXCORE_VENDOR_USB_API?USB_API              -----    -----      -----    -----
  +--> ?PR?USBXCORE_SET_SOP?USB_API

?PR?USBXCORE_SET_FEATURE?USB_API                 -----    -----      -----    -----
  +--> ?PR?USBXCORE_FORCE_STALL?USB_API
  +--> ?PR?USBXCORE_SET_SOP?USB_API

?PR?USBXCORE_SET_ADDRESS?USB_API                 -----    -----      -----    -----
  +--> ?PR?USBXCORE_SET_SOP?USB_API

?PR?USBXCORE_GET_DESCRIPTOR?USB_API              -----    -----      -----    -----
  +--> ?PR?USBXCORE_FORCE_STALL?USB_API
  +--> ?PR?USBXCORE_SET_SOP?USB_API

?PR?USBXCORE_GET_CONFIGURATION?USB_API           -----    -----      -----    -----
  +--> ?CO?USB_API
  +--> ?PR?USBXCORE_SET_SOP?USB_API

?PR?USBXCORE_SET_CONFIGURATION?USB_API           -----    -----      -----    -----
  +--> ?PR?USBXCORE_SET_SOP?USB_API

?PR?USBXCORE_GET_INTERFACE?USB_API               -----    -----      -----    -----
  +--> ?CO?USB_API
  +--> ?PR?USBXCORE_SET_SOP?USB_API

*** NEW ROOT ***************************************************

?C_C51STARTUP                                    -----    -----      -----    -----
  +--> ?PR?MAIN?MAIN
  +--> ?C_INITSEG

?PR?MAIN?MAIN                                    -----    -----      -----    -----
BL51 BANKED LINKER/LOCATER V6.22                                                      09/02/2021  17:10:04  PAGE 6


  +--> ?PR?DEVICES_INIT?MAIN
  +--> ?PR?DISPFRAME?LCD
  +--> ?PR?_STOPDELAY?MAIN
  +--> ?PR?_DISPCOLOR?LCD
  +--> ?PR?DISPGRAYHOR16?LCD
  +--> ?PR?TP_DRAWLINE?TP

?PR?DEVICES_INIT?MAIN                            -----    -----      -----    -----
  +--> ?PR?MCU_INIT?MAIN
  +--> ?PR?USB_CLOCK_START?USB_CLOCK_START
  +--> ?CO?MAIN
  +--> ?PR?_USB_INIT?USB_API
  +--> ?PR?USB_INT_ENABLE?USB_INT_ENABLE
  +--> ?PR?LCD_INIT?LCD

?PR?_USB_INIT?USB_API                            -----    -----      0281H    0011H
  +--> ?CO?USB_API
  +--> ?PR?USBXCORE_CLKREC?USB_CLOCK_RECOVERY

?PR?LCD_INIT?LCD                                 -----    -----      -----    -----
  +--> ?PR?READDATA?LCD
  +--> ?PR?_DELAY?MAIN
  +--> ?PR?_WRITECOMM?LCD
  +--> ?PR?_WRITEDATA?LCD

?PR?READDATA?LCD                                 -----    -----      -----    -----
  +--> ?PR?_LCD_READ_IC_ID?LCD

?PR?_LCD_READ_IC_ID?LCD                          0067H    0008H      -----    -----

?PR?DISPFRAME?LCD                                005EH    0002H      -----    -----
  +--> ?PR?_?BLOCKWRITE?LCD
  +--> ?PR?_WRITEDISPDATA?LCD

?PR?_WRITEDISPDATA?LCD                           007FH    0001H      -----    -----

?PR?_STOPDELAY?MAIN                              005EH    0004H      -----    -----
  +--> ?PR?WAITKEY?MAIN
  +--> ?PR?_DELAY?MAIN

?PR?WAITKEY?MAIN                                 -----    -----      -----    -----
  +--> ?PR?CONNTOUSB?MAIN
  +--> ?PR?_DELAY?MAIN

?PR?CONNTOUSB?MAIN                               0062H    0005H      0281H    0058H
  +--> ?CO?MAIN
  +--> ?PR?_WRITECOMM?LCD
  +--> ?PR?_WRITEDATA?LCD
  +--> ?PR?_DISPSTR?LCD
  +--> ?PR?_DISPINT?LCD
  +--> ?PR?_WRITEDISPDATA?LCD
  +--> ?PR?_MMC_SD_WRITESINGLEBLOCK?MMC_SD
  +--> ?PR?_BLOCK_WRITE?BLOCK_WRITE
  +--> ?PR?READDATA?LCD
  +--> ?PR?_DELAY?MAIN

?PR?_DISPSTR?LCD                                 0067H    000BH      -----    -----
BL51 BANKED LINKER/LOCATER V6.22                                                      09/02/2021  17:10:04  PAGE 7


  +--> ?PR?_TOORD?LCD
  +--> ?PR?_DISPONECHAR?LCD

?PR?_DISPONECHAR?LCD                             0072H    000DH      -----    -----
  +--> ?PR?_?BLOCKWRITE?LCD
  +--> ?CO?LCD
  +--> ?PR?_WRITEONEDOT?LCD

?PR?_WRITEONEDOT?LCD                             -----    -----      -----    -----
  +--> ?PR?_WRITEDISPDATA?LCD

?PR?_DISPINT?LCD                                 0067H    000AH      -----    -----
  +--> ?PR?_DISPONECHAR?LCD

?PR?_MMC_SD_WRITESINGLEBLOCK?MMC_SD              0067H    0004H      -----    -----
  +--> ?PR?_MMC_SD_SENDCOMMAND?MMC_SD
  +--> ?PR?_SPI_WRITEBYTE?MMC_SD

?PR?_MMC_SD_SENDCOMMAND?MMC_SD                   006BH    0005H      -----    -----
  +--> ?PR?_SPI_WRITEBYTE?MMC_SD

?PR?_DISPCOLOR?LCD                               005EH    0004H      -----    -----
  +--> ?PR?_?BLOCKWRITE?LCD
  +--> ?PR?_WRITEDISPDATA?LCD

?PR?DISPGRAYHOR16?LCD                            005EH    0004H      -----    -----
  +--> ?PR?_?BLOCKWRITE?LCD
  +--> ?PR?_WRITEDISPDATA?LCD

?PR?TP_DRAWLINE?TP                               -----    -----      0281H    0018H
  +--> ?PR?_DISPCOLOR?LCD
  +--> ?CO?TP
  +--> ?PR?_DISPSTR?LCD
  +--> ?PR?_DELAY?MAIN
  +--> ?PR?_TP_GETPOSITION?TP
  +--> ?PR?_PUTPIXEL?LCD

?PR?_TP_GETPOSITION?TP                           -----    -----      0299H    001BH
  +--> ?PR?_TP_WRITE?TP
  +--> ?PR?TP_READ?TP

?PR?_TP_WRITE?TP                                 -----    -----      02B4H    0001H

?PR?TP_READ?TP                                   -----    -----      02B4H    0005H

?PR?_PUTPIXEL?LCD                                005EH    0002H      -----    -----
  +--> ?PR?_?BLOCKWRITE?LCD
  +--> ?PR?_WRITEDISPDATA?LCD



SYMBOL TABLE OF MODULE:  ST7789V_CTC28_TP_L8 (MAIN)

  VALUE           TYPE          NAME
  ----------------------------------

  -------         MODULE        MAIN
BL51 BANKED LINKER/LOCATER V6.22                                                      09/02/2021  17:10:04  PAGE 8


  C:0000H         SYMBOL        _ICE_DUMMY_
  D:0080H         PUBLIC        P0
  X:0000H         PUBLIC        f_down
  D:0090H         PUBLIC        P1
  D:00A0H         PUBLIC        P2
  D:00B0H         PUBLIC        P3
  C:376CH         PUBLIC        USB_MaxPower
  B:00B0H.6       PUBLIC        KEY_STEP
  D:00A4H         PUBLIC        P0MDOUT
  D:00A5H         PUBLIC        P1MDOUT
  D:00A6H         PUBLIC        P2MDOUT
  D:00A7H         PUBLIC        P3MDOUT
  D:00AEH         PUBLIC        P4MDOUT
  B:0080H.6       PUBLIC        OE
  D:00D9H         PUBLIC        PCA0MD
  C:2028H         PUBLIC        USB_API_TEST_ISR
  C:003DH         PUBLIC        Suspend_Device
  C:367EH         PUBLIC        _StopDelay
  D:00E1H         PUBLIC        XBR0
  D:00E2H         PUBLIC        XBR1
  B:00B0H.1       PUBLIC        RS
  C:3771H         PUBLIC        main
  X:0001H         PUBLIC        VerifyCode0
  X:0002H         PUBLIC        VerifyCode1
  C:3736H         PUBLIC        USB_PID
  X:0003H         PUBLIC        VerifyCode2
  D:00F1H         PUBLIC        P0MDIN
  D:00F2H         PUBLIC        P1MDIN
  C:3738H         PUBLIC        USB_MfrStr
  D:00F4H         PUBLIC        P3MDIN
  C:3734H         PUBLIC        USB_VID
  D:00F8H         PUBLIC        SPI0CN
  X:0004H         PUBLIC        pic
  C:33E5H         PUBLIC        Devices_Init
  C:008EH         PUBLIC        ConnToUSB
  D:00A9H         PUBLIC        CLKSEL
  D:00B2H         PUBLIC        OSCICN
  C:376DH         PUBLIC        USB_PwAttributes
  C:3A7DH         PUBLIC        WaitKey
  C:3770H         SYMBOL        _?ix1000
  B:00B0H.0       PUBLIC        CS0
  X:0005H         PUBLIC        bf
  C:376EH         PUBLIC        USB_bcdDevice
  D:00B9H         PUBLIC        CLKMUL
  X:0007H         PUBLIC        f_debug
  X:0008H         PUBLIC        sd
  X:02D9H         PUBLIC        Packet
  C:3805H         PUBLIC        MCU_Init
  B:0080H.7       PUBLIC        DIR
  D:00EFH         PUBLIC        RSTSRC
  X:000CH         PUBLIC        f_read
  C:3762H         PUBLIC        USB_SerialStr
  X:000DH         PUBLIC        f_other
  C:3752H         PUBLIC        USB_ProductStr
  X:000EH         PUBLIC        f_para
  D:00A1H         PUBLIC        SPI0CFG
  C:39BAH         PUBLIC        _Delay
BL51 BANKED LINKER/LOCATER V6.22                                                      09/02/2021  17:10:04  PAGE 9


  B:00B0H.7       PUBLIC        KEY_Stop
  X:000FH         PUBLIC        f_init
  -------         PROC          MAIN
  C:3771H         LINE#         40
  C:3771H         LINE#         41
  C:3771H         LINE#         61
  C:3774H         LINE#         63
  C:3777H         LINE#         64
  C:3777H         LINE#         67
  C:3781H         LINE#         68
  C:378BH         LINE#         70
  C:3795H         LINE#         71
  C:379FH         LINE#         72
  C:37A9H         LINE#         74
  C:37AFH         LINE#         75
  C:37B8H         LINE#         79
  C:37BBH         LINE#         81
  C:37BDH         LINE#         82
  -------         ENDPROC       MAIN
  -------         PROC          _DELAY
  D:0006H         SYMBOL        dly
  -------         DO            
  D:0004H         SYMBOL        i
  D:0002H         SYMBOL        j
  -------         ENDDO         
  C:39BAH         LINE#         85
  C:39BAH         LINE#         86
  C:39BAH         LINE#         89
  C:39C4H         LINE#         90
  C:39D8H         LINE#         91
  -------         ENDPROC       _DELAY
  C:367AH         SYMBOL        L?0133
  -------         PROC          L?0132
  -------         ENDPROC       L?0132
  C:367AH         SYMBOL        L?0133
  -------         PROC          _STOPDELAY
  X:005EH         SYMBOL        sdly
  -------         DO            
  D:0006H         SYMBOL        i
  D:0004H         SYMBOL        j
  X:0060H         SYMBOL        k
  -------         ENDDO         
  C:367EH         LINE#         93
  C:3685H         LINE#         94
  C:3685H         LINE#         96
  C:368AH         LINE#         97
  C:368AH         LINE#         98
  C:368DH         LINE#         99
  C:368DH         LINE#         100
  C:369AH         LINE#         101
  C:36AEH         LINE#         102
  C:36AEH         LINE#         104
  C:36AEH         LINE#         105
  C:36B8H         LINE#         106
  C:36B8H         LINE#         107
  C:36CEH         LINE#         108
  -------         ENDPROC       _STOPDELAY
BL51 BANKED LINKER/LOCATER V6.22                                                      09/02/2021  17:10:04  PAGE 10


  -------         PROC          WAITKEY
  C:3A7DH         LINE#         137
  C:3A7DH         LINE#         138
  C:3A7DH         LINE#         140
  C:3A80H         LINE#         141
  C:3A80H         LINE#         143
  C:3A83H         LINE#         145
  C:3A85H         LINE#         146
  C:3A8CH         LINE#         147
  C:3A8FH         LINE#         149
  -------         ENDPROC       WAITKEY
  -------         PROC          CONNTOUSB
  -------         DO            
  X:0062H         SYMBOL        i
  X:0281H         SYMBOL        reg_data
  X:0299H         SYMBOL        para_data
  D:0007H         SYMBOL        dat
  X:0063H         SYMBOL        reg_index
  X:0065H         SYMBOL        data_num
  X:0066H         SYMBOL        st
  -------         ENDDO         
  C:008EH         LINE#         155
  C:008EH         LINE#         156
  C:008EH         LINE#         163
  C:00A1H         LINE#         165
  C:00A9H         LINE#         166
  C:00A9H         LINE#         167
  C:00B7H         LINE#         168
  C:00B7H         LINE#         169
  C:00C8H         LINE#         170
  C:00C8H         LINE#         171
  C:00EEH         LINE#         172
  C:00F0H         LINE#         173
  C:0104H         LINE#         174
  C:0104H         LINE#         175
  C:012AH         LINE#         177
  C:012AH         LINE#         178
  C:012AH         LINE#         179
  C:012AH         LINE#         181
  C:012AH         LINE#         182
  C:0132H         LINE#         183
  C:013CH         LINE#         184
  C:0146H         LINE#         186
  C:0162H         LINE#         188
  C:016CH         LINE#         189
  C:016CH         LINE#         190
  C:017DH         LINE#         191
  C:017DH         LINE#         192
  C:018EH         LINE#         193
  C:018EH         LINE#         194
  C:01E1H         LINE#         195
  C:01E3H         LINE#         196
  C:01F9H         LINE#         197
  C:01F9H         LINE#         198
  C:024BH         LINE#         199
  C:024BH         LINE#         200
  C:024BH         LINE#         201
BL51 BANKED LINKER/LOCATER V6.22                                                      09/02/2021  17:10:04  PAGE 11


  C:024BH         LINE#         203
  C:024BH         LINE#         204
  C:0253H         LINE#         205
  C:0253H         LINE#         206
  C:025DH         LINE#         207
  C:0267H         LINE#         209
  C:026BH         LINE#         210
  C:026EH         LINE#         214
  C:0276H         LINE#         215
  C:0276H         LINE#         216
  C:0285H         LINE#         217
  C:0285H         LINE#         218
  C:0287H         LINE#         220
  C:0289H         LINE#         221
  C:02A5H         LINE#         222
  C:02A7H         LINE#         224
  C:02D0H         LINE#         225
  C:02F4H         LINE#         226
  C:02FEH         LINE#         227
  C:02FEH         LINE#         228
  C:0306H         LINE#         229
  C:030DH         LINE#         230
  C:0318H         LINE#         231
  C:031EH         LINE#         232
  C:031EH         LINE#         233
  C:0327H         LINE#         235
  C:032BH         LINE#         236
  C:0337H         LINE#         237
  C:033AH         LINE#         240
  C:0342H         LINE#         241
  C:0342H         LINE#         242
  C:034BH         LINE#         243
  C:034BH         LINE#         244
  C:035BH         LINE#         245
  C:035BH         LINE#         246
  C:035DH         LINE#         248
  C:035FH         LINE#         249
  C:037BH         LINE#         250
  C:037DH         LINE#         252
  C:03A6H         LINE#         253
  C:03CAH         LINE#         255
  C:03D4H         LINE#         256
  C:03D4H         LINE#         257
  C:03DCH         LINE#         258
  C:03E3H         LINE#         259
  C:03EEH         LINE#         260
  C:03F4H         LINE#         261
  C:03F4H         LINE#         263
  C:03FDH         LINE#         269
  C:03FDH         LINE#         270
  C:040AH         LINE#         271
  C:040AH         LINE#         272
  C:040CH         LINE#         274
  C:040EH         LINE#         275
  C:042AH         LINE#         276
  C:042CH         LINE#         278
  C:0434H         LINE#         279
BL51 BANKED LINKER/LOCATER V6.22                                                      09/02/2021  17:10:04  PAGE 12


  C:0438H         LINE#         280
  C:0444H         LINE#         281
  C:0444H         LINE#         282
  C:0447H         LINE#         285
  C:044FH         LINE#         286
  C:044FH         LINE#         287
  C:0460H         LINE#         288
  C:0460H         LINE#         289
  C:046DH         LINE#         290
  C:046DH         LINE#         291
  C:048BH         LINE#         292
  C:048DH         LINE#         293
  C:049DH         LINE#         294
  C:049DH         LINE#         295
  C:04BBH         LINE#         296
  C:04BDH         LINE#         297
  C:04CEH         LINE#         298
  C:04CEH         LINE#         299
  C:04D8H         LINE#         300
  C:04E2H         LINE#         301
  C:04E2H         LINE#         302
  C:04E2H         LINE#         303
  C:04E2H         LINE#         305
  C:04E2H         LINE#         306
  C:04EBH         LINE#         307
  C:04EFH         LINE#         308
  C:04FBH         LINE#         309
  C:04FEH         LINE#         312
  C:0506H         LINE#         313
  C:0506H         LINE#         314
  C:0513H         LINE#         315
  C:0524H         LINE#         317
  C:052DH         LINE#         318
  C:053CH         LINE#         320
  C:0544H         LINE#         321
  C:0544H         LINE#         322
  C:054DH         LINE#         323
  C:055CH         LINE#         324
  C:055CH         LINE#         325
  C:055FH         LINE#         326
  C:056EH         LINE#         327
  C:057AH         LINE#         328
  C:0580H         LINE#         329
  C:0580H         LINE#         331
  C:0584H         LINE#         332
  C:0593H         LINE#         334
  C:059AH         LINE#         335
  C:05B6H         LINE#         336
  C:05C0H         LINE#         337
  C:05C0H         LINE#         338
  C:05E6H         LINE#         339
  C:05F9H         LINE#         340
  C:05F9H         LINE#         341
  C:064BH         LINE#         342
  C:0653H         LINE#         343
  C:0653H         LINE#         344
  C:0653H         LINE#         347
BL51 BANKED LINKER/LOCATER V6.22                                                      09/02/2021  17:10:04  PAGE 13


  C:0658H         LINE#         348
  C:0658H         LINE#         349
  C:0665H         LINE#         350
  C:0676H         LINE#         352
  C:067CH         LINE#         353
  C:0680H         LINE#         354
  C:0683H         LINE#         355
  C:0687H         LINE#         357
  C:068BH         LINE#         358
  C:0697H         LINE#         359
  C:0699H         LINE#         360
  -------         ENDPROC       CONNTOUSB
  -------         PROC          MCU_INIT
  -------         DO            
  D:0007H         SYMBOL        n
  -------         ENDDO         
  C:3805H         LINE#         363
  C:3805H         LINE#         364
  C:3805H         LINE#         366
  C:3808H         LINE#         369
  C:380BH         LINE#         370
  C:380EH         LINE#         372
  C:3811H         LINE#         374
  C:3817H         LINE#         376
  C:381AH         LINE#         377
  C:381FH         LINE#         378
  C:3822H         LINE#         380
  C:3825H         LINE#         383
  C:3828H         LINE#         384
  C:382BH         LINE#         386
  C:382EH         LINE#         387
  C:3831H         LINE#         389
  C:3834H         LINE#         390
  C:3837H         LINE#         392
  C:383AH         LINE#         393
  C:383DH         LINE#         394
  C:383FH         LINE#         395
  C:3841H         LINE#         397
  C:3844H         LINE#         398
  C:3847H         LINE#         400
  -------         ENDPROC       MCU_INIT
  -------         PROC          DEVICES_INIT
  C:33E5H         LINE#         402
  C:33E5H         LINE#         403
  C:33E5H         LINE#         405
  C:33E8H         LINE#         408
  C:33EBH         LINE#         409
  C:3445H         LINE#         410
  C:3448H         LINE#         413
  C:344BH         LINE#         414
  C:344EH         LINE#         422
  -------         ENDPROC       DEVICES_INIT
  -------         PROC          SUSPEND_DEVICE
  C:003DH         LINE#         426
  C:003DH         LINE#         427
  C:003DH         LINE#         428
  -------         ENDPROC       SUSPEND_DEVICE
BL51 BANKED LINKER/LOCATER V6.22                                                      09/02/2021  17:10:04  PAGE 14


  -------         PROC          USB_API_TEST_ISR
  -------         DO            
  X:005BH         SYMBOL        INTVAL
  -------         ENDDO         
  C:2028H         LINE#         432
  C:2045H         LINE#         434
  C:204CH         LINE#         436
  C:2052H         LINE#         437
  C:2052H         LINE#         438
  C:205DH         LINE#         440
  C:2079H         LINE#         441
  C:2079H         LINE#         442
  C:207BH         LINE#         443
  C:207DH         LINE#         444
  C:2093H         LINE#         445
  C:2093H         LINE#         446
  C:2095H         LINE#         447
  C:2097H         LINE#         448
  C:20AFH         LINE#         449
  C:20AFH         LINE#         450
  C:20B1H         LINE#         451
  C:20B3H         LINE#         452
  C:20CDH         LINE#         453
  C:20CDH         LINE#         454
  C:20CFH         LINE#         455
  C:20D1H         LINE#         456
  C:20E6H         LINE#         457
  C:20E6H         LINE#         458
  C:20E8H         LINE#         459
  C:20EAH         LINE#         461
  C:20EAH         LINE#         462
  C:20EFH         LINE#         463
  C:20EFH         LINE#         464
  C:20EFH         LINE#         466
  C:20EFH         LINE#         467
  C:20EFH         LINE#         469
  C:20EFH         LINE#         471
  C:20F5H         LINE#         472
  C:20F5H         LINE#         473
  C:20F8H         LINE#         474
  C:20F8H         LINE#         476
  C:20FEH         LINE#         477
  C:20FEH         LINE#         478
  C:2101H         LINE#         479
  C:2101H         LINE#         481
  C:2107H         LINE#         482
  C:2107H         LINE#         483
  C:2123H         LINE#         484
  C:2123H         LINE#         486
  C:2129H         LINE#         487
  C:2129H         LINE#         488
  C:212EH         LINE#         489
  C:214AH         LINE#         490
  C:214AH         LINE#         491
  -------         ENDPROC       USB_API_TEST_ISR
  -------         ENDMOD        MAIN

BL51 BANKED LINKER/LOCATER V6.22                                                      09/02/2021  17:10:04  PAGE 15


  -------         MODULE        MMC_SD
  C:0000H         SYMBOL        _ICE_DUMMY_
  D:00A2H         PUBLIC        SPI0CKR
  D:0080H         PUBLIC        P0
  D:0090H         PUBLIC        P1
  D:00A0H         PUBLIC        P2
  D:00B0H         PUBLIC        P3
  C:328AH         PUBLIC        _MMC_SD_SendCommand
  C:3451H         PUBLIC        _MMC_SD_ReadSingleBlock
  C:3A90H         PUBLIC        SD_Init
  C:3197H         PUBLIC        _MMC_SD_WriteSingleBlock
  B:00F8H.7       PUBLIC        SPIF
  B:00F8H.2       PUBLIC        NSSMD0
  C:2871H         PUBLIC        MMC_SD_Reset
  D:00A9H         PUBLIC        CLKSEL
  C:3ABBH         PUBLIC        SPI_ReadByte
  C:3A34H         PUBLIC        _SPI_WriteByte
  D:00A3H         PUBLIC        SPI0DAT
  X:0081H         PUBLIC        buffer
  C:3A28H         SYMBOL        L?0062
  C:3A2DH         SYMBOL        L?0063
  -------         PROC          L?0061
  -------         ENDPROC       L?0061
  C:3A28H         SYMBOL        L?0062
  C:3A2DH         SYMBOL        L?0063
  -------         PROC          _SPI_WRITEBYTE
  D:0007H         SYMBOL        val
  -------         DO            
  D:0007H         SYMBOL        ret
  -------         ENDDO         
  C:3A34H         LINE#         7
  C:3A34H         LINE#         8
  C:3A34H         LINE#         11
  C:3A36H         LINE#         12
  C:3A39H         LINE#         13
  C:3A3BH         LINE#         14
  C:3A3DH         LINE#         15
  C:3A3DH         LINE#         16
  -------         ENDPROC       _SPI_WRITEBYTE
  -------         PROC          SPI_READBYTE
  -------         DO            
  D:0007H         SYMBOL        ret
  -------         ENDDO         
  C:3ABBH         LINE#         18
  C:3ABBH         LINE#         19
  C:3ABBH         LINE#         22
  C:3ABEH         LINE#         23
  C:3AC1H         LINE#         24
  C:3AC3H         LINE#         25
  C:3AC5H         LINE#         26
  C:3AC5H         LINE#         27
  -------         ENDPROC       SPI_READBYTE
  -------         PROC          _MMC_SD_SENDCOMMAND
  D:0006H         SYMBOL        cmd
  X:006CH         SYMBOL        arg
  -------         DO            
  D:0007H         SYMBOL        r1
BL51 BANKED LINKER/LOCATER V6.22                                                      09/02/2021  17:10:04  PAGE 16


  D:0003H         SYMBOL        retry
  -------         ENDDO         
  C:328AH         LINE#         29
  C:328CH         LINE#         30
  C:328CH         LINE#         32
  C:328EH         LINE#         34
  C:328EH         LINE#         35
  C:328EH         LINE#         36
  C:3291H         LINE#         37
  C:3291H         LINE#         38
  C:3291H         LINE#         39
  C:3294H         LINE#         41
  C:3296H         LINE#         43
  C:329DH         LINE#         44
  C:32B2H         LINE#         45
  C:32C7H         LINE#         46
  C:32DCH         LINE#         47
  C:32E6H         LINE#         48
  C:32EBH         LINE#         50
  C:32F3H         LINE#         51
  C:32FCH         LINE#         53
  C:32FEH         LINE#         55
  C:32FEH         LINE#         56
  -------         ENDPROC       _MMC_SD_SENDCOMMAND
  -------         PROC          MMC_SD_RESET
  -------         DO            
  D:0005H         SYMBOL        i
  D:0002H         SYMBOL        retry
  D:0006H         SYMBOL        r1
  -------         ENDDO         
  C:2871H         LINE#         58
  C:2871H         LINE#         59
  C:2871H         LINE#         62
  C:2873H         LINE#         64
  C:2874H         LINE#         65
  C:2877H         LINE#         66
  C:287AH         LINE#         68
  C:287AH         LINE#         69
  C:2886H         LINE#         70
  C:2896H         LINE#         71
  C:2897H         LINE#         72
  C:289DH         LINE#         73
  C:28A1H         LINE#         75
  C:28A3H         LINE#         77
  C:28A3H         LINE#         79
  C:28A3H         LINE#         80
  C:28B3H         LINE#         81
  C:28B4H         LINE#         82
  C:28BDH         LINE#         83
  C:28C1H         LINE#         85
  C:28C3H         LINE#         86
  C:28D3H         LINE#         87
  C:28D4H         LINE#         88
  C:28DDH         LINE#         89
  C:28E0H         LINE#         91
  C:28E3H         LINE#         92
  C:28E3H         LINE#         93
BL51 BANKED LINKER/LOCATER V6.22                                                      09/02/2021  17:10:04  PAGE 17


  C:28E5H         LINE#         95
  C:28E5H         LINE#         96
  C:28F5H         LINE#         97
  C:28F6H         LINE#         98
  C:28FFH         LINE#         99
  C:2902H         LINE#         100
  C:2902H         LINE#         101
  C:2912H         LINE#         103
  C:2920H         LINE#         104
  C:2923H         LINE#         105
  C:2926H         LINE#         106
  C:2927H         LINE#         107
  -------         ENDPROC       MMC_SD_RESET
  -------         PROC          _MMC_SD_READSINGLEBLOCK
  X:0010H         SYMBOL        sector
  -------         DO            
  D:0007H         SYMBOL        r1
  D:0004H         SYMBOL        i
  D:0002H         SYMBOL        retry
  -------         ENDDO         
  C:3451H         LINE#         109
  C:3456H         LINE#         110
  C:3456H         LINE#         113
  C:3458H         LINE#         115
  C:345BH         LINE#         117
  C:345BH         LINE#         118
  C:3477H         LINE#         119
  C:3478H         LINE#         120
  C:3481H         LINE#         121
  C:3484H         LINE#         124
  C:3486H         LINE#         126
  C:348CH         LINE#         128
  C:348FH         LINE#         129
  C:348FH         LINE#         130
  C:349EH         LINE#         131
  C:34ABH         LINE#         133
  C:34ABH         LINE#         134
  C:34AEH         LINE#         136
  C:34B0H         LINE#         137
  C:34B3H         LINE#         138
  C:34B4H         LINE#         139
  -------         ENDPROC       _MMC_SD_READSINGLEBLOCK
  -------         PROC          _MMC_SD_WRITESINGLEBLOCK
  X:0067H         SYMBOL        sector
  -------         DO            
  D:0006H         SYMBOL        r1
  D:0004H         SYMBOL        i
  D:0002H         SYMBOL        retry
  -------         ENDDO         
  C:3197H         LINE#         141
  C:319CH         LINE#         142
  C:319CH         LINE#         145
  C:319EH         LINE#         147
  C:31A1H         LINE#         149
  C:31A1H         LINE#         150
  C:31BFH         LINE#         151
  C:31C0H         LINE#         152
BL51 BANKED LINKER/LOCATER V6.22                                                      09/02/2021  17:10:04  PAGE 18


  C:31C9H         LINE#         153
  C:31CCH         LINE#         157
  C:31CEH         LINE#         159
  C:31D3H         LINE#         161
  C:31D8H         LINE#         163
  C:31DAH         LINE#         164
  C:31DAH         LINE#         165
  C:31E9H         LINE#         166
  C:31F6H         LINE#         168
  C:31F6H         LINE#         169
  C:31F6H         LINE#         171
  C:31FBH         LINE#         173
  C:3202H         LINE#         174
  C:3202H         LINE#         175
  C:3204H         LINE#         176
  C:3205H         LINE#         177
  C:3205H         LINE#         179
  C:320DH         LINE#         181
  C:320FH         LINE#         182
  C:3212H         LINE#         183
  C:3213H         LINE#         184
  -------         ENDPROC       _MMC_SD_WRITESINGLEBLOCK
  -------         PROC          SD_INIT
  -------         DO            
  D:0001H         SYMBOL        n
  -------         ENDDO         
  C:3A90H         LINE#         187
  C:3A90H         LINE#         188
  C:3A90H         LINE#         189
  C:3A92H         LINE#         191
  C:3A98H         LINE#         192
  C:3A98H         LINE#         193
  C:3A99H         LINE#         194
  C:3AA0H         LINE#         196
  -------         ENDPROC       SD_INIT
  -------         ENDMOD        MMC_SD

  -------         MODULE        LCD
  C:0000H         SYMBOL        _ICE_DUMMY_
  D:0080H         PUBLIC        P0
  C:2B3CH         PUBLIC        DispFrame
  D:0090H         PUBLIC        P1
  C:2BE0H         PUBLIC        DispScaleVer_Green
  D:00A0H         PUBLIC        P2
  D:00B0H         PUBLIC        P3
  D:00C7H         PUBLIC        P4
  C:1BFCH         PUBLIC        DispBand
  C:39FAH         PUBLIC        _WriteData
  C:069AH         PUBLIC        ascii
  C:1412H         PUBLIC        _LCD_Read_IC_ID
  D:00A6H         PUBLIC        P2MDOUT
  C:0046H         PUBLIC        _DispColor
  C:308BH         PUBLIC        DispScaleVer_Blue
  C:2F6FH         PUBLIC        _DrawGird
  C:3111H         PUBLIC        _DrawLine
  C:3A54H         PUBLIC        _WriteComm
  C:38C2H         PUBLIC        _WriteDispData
BL51 BANKED LINKER/LOCATER V6.22                                                      09/02/2021  17:10:04  PAGE 19


  C:2EDEH         PUBLIC        DispScaleVer_Gray
  B:00B0H.1       PUBLIC        RS
  B:00A0H.1       PUBLIC        SPI_CLK
  C:2E4DH         PUBLIC        DispScaleVer_Red
  D:00F3H         PUBLIC        P2MDIN
  C:229CH         PUBLIC        DispScaleVer
  C:34B5H         PUBLIC        _DispPic
  C:27D6H         PUBLIC        _DispOneChar
  C:3214H         PUBLIC        DispGrayHor32
  C:2D1CH         PUBLIC        DispGrayHor16
  C:2928H         PUBLIC        _DispInt
  C:36CFH         PUBLIC        _PutPixel
  D:00A9H         PUBLIC        CLKSEL
  B:0090H.6       PUBLIC        RD0
  B:00B0H.0       PUBLIC        CS0
  X:0059H         PUBLIC        LCM_ID
  C:1EDBH         PUBLIC        LCD_Init
  C:2DB7H         PUBLIC        _DispStr
  B:0090H.7       PUBLIC        WR0
  C:1644H         PUBLIC        DispScaleHor1
  B:00A0H.0       PUBLIC        SPI_DI
  C:3AC6H         PUBLIC        _WriteOneDot
  C:1A42H         PUBLIC        DispScaleHor2
  C:25F0H         PUBLIC        _DispPicFromSD
  B:0080H.7       PUBLIC        DIR
  C:3516H         PUBLIC        _ToOrd
  B:0080H.5       PUBLIC        RST
  C:3A3EH         PUBLIC        ReadData
  C:2C9AH         PUBLIC        _?BlockWrite
  -------         PROC          _LCD_READ_IC_ID
  X:0067H         SYMBOL        ID
  D:0004H         SYMBOL        Bug
  D:0003H         SYMBOL        flog
  -------         DO            
  X:0068H         SYMBOL        id
  X:006AH         SYMBOL        id1
  X:006CH         SYMBOL        temp
  D:0005H         SYMBOL        i
  D:0007H         SYMBOL        dat
  D:0001H         SYMBOL        id2
  X:006EH         SYMBOL        id3
  D:0002H         SYMBOL        id4
  -------         ENDDO         
  C:1412H         LINE#         35
  C:1416H         LINE#         36
  C:1416H         LINE#         40
  C:141EH         LINE#         41
  C:141EH         LINE#         43
  C:1420H         LINE#         44
  C:1422H         LINE#         45
  C:1424H         LINE#         47
  C:1427H         LINE#         48
  C:1429H         LINE#         49
  C:142BH         LINE#         50
  C:142DH         LINE#         53
  C:1430H         LINE#         54
  C:1433H         LINE#         55
BL51 BANKED LINKER/LOCATER V6.22                                                      09/02/2021  17:10:04  PAGE 20


  C:1436H         LINE#         56
  C:1438H         LINE#         57
  C:143AH         LINE#         58
  C:143CH         LINE#         63
  C:1446H         LINE#         65
  C:144CH         LINE#         66
  C:1454H         LINE#         68
  C:145AH         LINE#         69
  C:1460H         LINE#         70
  C:146AH         LINE#         72
  C:1470H         LINE#         73
  C:1472H         LINE#         75
  C:1478H         LINE#         77
  C:147EH         LINE#         78
  C:1488H         LINE#         80
  C:148EH         LINE#         81
  C:1493H         LINE#         83
  C:1499H         LINE#         85
  C:14A3H         LINE#         86
  C:14ADH         LINE#         88
  C:14B3H         LINE#         89
  C:14B5H         LINE#         91
  C:14C5H         LINE#         92
  C:14CFH         LINE#         94
  C:14D2H         LINE#         95
  C:14D6H         LINE#         96
  C:14D6H         LINE#         97
  C:14DFH         LINE#         98
  C:14E5H         LINE#         99
  C:14E5H         LINE#         100
  C:14EFH         LINE#         101
  C:14F1H         LINE#         102
  C:14F5H         LINE#         103
  C:14F5H         LINE#         104
  C:1504H         LINE#         105
  C:1504H         LINE#         108
  C:1504H         LINE#         109
  C:150DH         LINE#         110
  C:150DH         LINE#         112
  C:1510H         LINE#         113
  C:1514H         LINE#         114
  C:1516H         LINE#         115
  C:1518H         LINE#         116
  C:151AH         LINE#         117
  C:151AH         LINE#         118
  C:151CH         LINE#         119
  C:1524H         LINE#         120
  C:1526H         LINE#         122
  C:1528H         LINE#         123
  C:152CH         LINE#         124
  C:1531H         LINE#         125
  C:1534H         LINE#         128
  C:153EH         LINE#         129
  C:153EH         LINE#         130
  C:1540H         LINE#         131
  C:1540H         LINE#         132
  C:1542H         LINE#         133
BL51 BANKED LINKER/LOCATER V6.22                                                      09/02/2021  17:10:04  PAGE 21


  C:1544H         LINE#         134
  C:1546H         LINE#         135
  C:155DH         LINE#         136
  C:155FH         LINE#         137
  C:1561H         LINE#         138
  C:1568H         LINE#         139
  C:1572H         LINE#         140
  C:1572H         LINE#         141
  C:1574H         LINE#         142
  C:1574H         LINE#         143
  C:1576H         LINE#         144
  C:1578H         LINE#         145
  C:157AH         LINE#         146
  C:1591H         LINE#         147
  C:1593H         LINE#         148
  C:1595H         LINE#         149
  C:159AH         LINE#         150
  C:159AH         LINE#         152
  C:159CH         LINE#         153
  C:159CH         LINE#         154
  C:159EH         LINE#         155
  C:15A0H         LINE#         156
  C:15A2H         LINE#         157
  C:15B9H         LINE#         158
  C:15BBH         LINE#         159
  C:15BDH         LINE#         160
  C:15C2H         LINE#         162
  C:15C4H         LINE#         163
  C:15C4H         LINE#         164
  C:15C6H         LINE#         165
  C:15C8H         LINE#         166
  C:15CAH         LINE#         167
  C:15D4H         LINE#         168
  C:15D6H         LINE#         169
  C:15D8H         LINE#         170
  C:15DDH         LINE#         172
  C:15DFH         LINE#         173
  C:15DFH         LINE#         174
  C:15E1H         LINE#         175
  C:15E3H         LINE#         176
  C:15E5H         LINE#         177
  C:15F1H         LINE#         178
  C:15F3H         LINE#         179
  C:15F5H         LINE#         180
  C:15FAH         LINE#         181
  C:15FDH         LINE#         182
  C:15FFH         LINE#         183
  C:1601H         LINE#         184
  C:1603H         LINE#         185
  C:1605H         LINE#         186
  C:1607H         LINE#         187
  C:1609H         LINE#         189
  C:160DH         LINE#         190
  C:160DH         LINE#         191
  C:161DH         LINE#         193
  C:1628H         LINE#         194
  C:1628H         LINE#         195
BL51 BANKED LINKER/LOCATER V6.22                                                      09/02/2021  17:10:04  PAGE 22


  C:1628H         LINE#         197
  C:162EH         LINE#         198
  C:162EH         LINE#         199
  C:163AH         LINE#         200
  C:163AH         LINE#         202
  C:163AH         LINE#         203
  C:163CH         LINE#         204
  C:1643H         LINE#         205
  -------         ENDPROC       _LCD_READ_IC_ID
  -------         PROC          _WRITECOMM
  D:0004H         SYMBOL        i
  -------         DO            
  X:007FH         SYMBOL        j
  X:0080H         SYMBOL        DataH
  -------         ENDDO         
  C:3A54H         LINE#         208
  C:3A56H         LINE#         209
  C:3A56H         LINE#         211
  C:3A5AH         LINE#         212
  C:3A5CH         LINE#         215
  C:3A5CH         LINE#         216
  C:3A5EH         LINE#         217
  C:3A60H         LINE#         218
  C:3A62H         LINE#         219
  C:3A64H         LINE#         220
  C:3A66H         LINE#         221
  C:3A66H         LINE#         319
  C:3A68H         LINE#         320
  -------         ENDPROC       _WRITECOMM
  -------         PROC          L?0451
  -------         ENDPROC       L?0451
  -------         PROC          _WRITEDATA
  D:0004H         SYMBOL        i
  -------         DO            
  X:007FH         SYMBOL        j
  X:0080H         SYMBOL        DataH
  -------         ENDDO         
  C:39FAH         LINE#         322
  C:39FCH         LINE#         323
  C:39FCH         LINE#         325
  C:3A00H         LINE#         326
  C:3A02H         LINE#         329
  C:3A02H         LINE#         330
  C:3A04H         LINE#         331
  C:3A06H         LINE#         332
  C:3A08H         LINE#         333
  C:3A0AH         LINE#         334
  C:3A0CH         LINE#         335
  C:3A0CH         LINE#         513
  C:3A0EH         LINE#         514
  -------         ENDPROC       _WRITEDATA
  C:38ADH         SYMBOL        L?0450
  -------         PROC          L?0449
  -------         ENDPROC       L?0449
  C:38ADH         SYMBOL        L?0450
  -------         PROC          _WRITEDISPDATA
  D:0007H         SYMBOL        DataH
BL51 BANKED LINKER/LOCATER V6.22                                                      09/02/2021  17:10:04  PAGE 23


  D:0005H         SYMBOL        DataL
  -------         DO            
  X:007FH         SYMBOL        j
  -------         ENDDO         
  C:38C2H         LINE#         516
  C:38C2H         LINE#         517
  C:38C2H         LINE#         519
  C:38C4H         LINE#         522
  C:38C4H         LINE#         523
  C:38C6H         LINE#         524
  C:38C8H         LINE#         525
  C:38CAH         LINE#         526
  C:38CCH         LINE#         527
  C:38CEH         LINE#         528
  C:38D2H         LINE#         529
  C:38D4H         LINE#         530
  C:38D6H         LINE#         531
  C:38D6H         LINE#         638
  C:38D8H         LINE#         639
  -------         ENDPROC       _WRITEDISPDATA
  -------         PROC          _WRITEONEDOT
  D:0004H         SYMBOL        color
  C:3AC6H         LINE#         641
  C:3ACAH         LINE#         642
  C:3ACAH         LINE#         655
  -------         ENDPROC       _WRITEONEDOT
  -------         PROC          LCD_INIT
  C:1EDBH         LINE#         664
  C:1EDBH         LINE#         665
  C:1EDBH         LINE#         666
  C:1EDEH         LINE#         669
  C:1EE0H         LINE#         670
  C:1EE7H         LINE#         672
  C:1EE9H         LINE#         673
  C:1EF0H         LINE#         675
  C:1EF2H         LINE#         676
  C:1EF9H         LINE#         4589
  C:1F00H         LINE#         4676
  C:1F05H         LINE#         4677
  C:1F0AH         LINE#         4679
  C:1F11H         LINE#         4680
  C:1F16H         LINE#         4682
  C:1F1BH         LINE#         4683
  C:1F20H         LINE#         4686
  C:1F25H         LINE#         4687
  C:1F2AH         LINE#         4688
  C:1F2DH         LINE#         4689
  C:1F32H         LINE#         4690
  C:1F37H         LINE#         4691
  C:1F3AH         LINE#         4692
  C:1F3FH         LINE#         4693
  C:1F44H         LINE#         4695
  C:1F49H         LINE#         4696
  C:1F4EH         LINE#         4697
  C:1F53H         LINE#         4698
  C:1F58H         LINE#         4699
  C:1F5DH         LINE#         4700
BL51 BANKED LINKER/LOCATER V6.22                                                      09/02/2021  17:10:04  PAGE 24


  C:1F62H         LINE#         4701
  C:1F67H         LINE#         4702
  C:1F6CH         LINE#         4703
  C:1F71H         LINE#         4704
  C:1F76H         LINE#         4705
  C:1F7BH         LINE#         4706
  C:1F80H         LINE#         4707
  C:1F85H         LINE#         4708
  C:1F8AH         LINE#         4709
  C:1F8FH         LINE#         4711
  C:1F94H         LINE#         4712
  C:1F99H         LINE#         4713
  C:1F9EH         LINE#         4714
  C:1FA3H         LINE#         4715
  C:1FA8H         LINE#         4716
  C:1FADH         LINE#         4717
  C:1FB2H         LINE#         4718
  C:1FB7H         LINE#         4719
  C:1FBCH         LINE#         4720
  C:1FC1H         LINE#         4721
  C:1FC6H         LINE#         4722
  C:1FCBH         LINE#         4723
  C:1FD0H         LINE#         4724
  C:1FD5H         LINE#         4725
  C:1FDAH         LINE#         4726
  C:1FDFH         LINE#         4727
  C:1FE4H         LINE#         4728
  C:1FE9H         LINE#         4729
  C:1FEEH         LINE#         4730
  C:1FF3H         LINE#         4731
  C:1FF7H         LINE#         4732
  C:1FFCH         LINE#         4733
  C:2001H         LINE#         4734
  C:2006H         LINE#         4735
  C:200BH         LINE#         4736
  C:2010H         LINE#         4737
  C:2015H         LINE#         4738
  C:2019H         LINE#         4739
  C:201EH         LINE#         4740
  C:2023H         LINE#         4741
  -------         ENDPROC       LCD_INIT
  C:2C81H         SYMBOL        L?0443
  C:2C87H         SYMBOL        L?0444
  C:2C90H         SYMBOL        L?0445
  -------         PROC          L?0442
  -------         ENDPROC       L?0442
  C:2C81H         SYMBOL        L?0443
  C:2C87H         SYMBOL        L?0444
  C:2C90H         SYMBOL        L?0445
  -------         PROC          _?BLOCKWRITE
  p:0000H         SYMBOL        Xstart
  p:0002H         SYMBOL        Xend
  p:0004H         SYMBOL        Ystart
  p:0006H         SYMBOL        Yend
  C:2C9AH         LINE#         5590
  C:2CBBH         LINE#         5691
  C:2CC2H         LINE#         5692
BL51 BANKED LINKER/LOCATER V6.22                                                      09/02/2021  17:10:04  PAGE 25


  C:2CC9H         LINE#         5693
  C:2CD1H         LINE#         5694
  C:2CDCH         LINE#         5695
  C:2CE6H         LINE#         5697
  C:2CEBH         LINE#         5698
  C:2CF5H         LINE#         5700
  C:2CFCH         LINE#         5701
  C:2D06H         LINE#         5702
  C:2D0DH         LINE#         5708
  C:2D12H         LINE#         5711
  C:2D15H         LINE#         5716
  -------         ENDPROC       _?BLOCKWRITE
  -------         PROC          _DISPCOLOR
  D:0004H         SYMBOL        color
  -------         DO            
  X:005EH         SYMBOL        i
  D:0002H         SYMBOL        m
  X:0060H         SYMBOL        DataH
  X:0061H         SYMBOL        DataL
  -------         ENDDO         
  C:0046H         LINE#         5771
  C:0048H         LINE#         5772
  C:0048H         LINE#         5775
  C:004EH         LINE#         5777
  C:0051H         LINE#         5779
  C:0053H         LINE#         5780
  C:0059H         LINE#         5781
  C:0059H         LINE#         5782
  C:005CH         LINE#         5783
  C:005CH         LINE#         5784
  C:0066H         LINE#         5785
  C:0071H         LINE#         5786
  C:0087H         LINE#         5788
  C:0089H         LINE#         5789
  -------         ENDPROC       _DISPCOLOR
  -------         PROC          DISPFRAME
  -------         DO            
  D:0002H         SYMBOL        i
  X:005EH         SYMBOL        j
  D:0001H         SYMBOL        DataH
  D:0006H         SYMBOL        DataL
  -------         ENDDO         
  C:2B3CH         LINE#         5791
  C:2B3CH         LINE#         5792
  C:2B3CH         LINE#         5795
  C:2B3FH         LINE#         5797
  C:2B41H         LINE#         5800
  C:2B45H         LINE#         5801
  C:2B4BH         LINE#         5803
  C:2B4BH         LINE#         5804
  C:2B4BH         LINE#         5805
  C:2B4FH         LINE#         5806
  C:2B56H         LINE#         5807
  C:2B61H         LINE#         5809
  C:2B65H         LINE#         5810
  C:2B6BH         LINE#         5812
  C:2B70H         LINE#         5813
BL51 BANKED LINKER/LOCATER V6.22                                                      09/02/2021  17:10:04  PAGE 26


  C:2B70H         LINE#         5814
  C:2B74H         LINE#         5815
  C:2B7AH         LINE#         5817
  C:2B7CH         LINE#         5818
  C:2B7CH         LINE#         5819
  C:2B7FH         LINE#         5820
  C:2B84H         LINE#         5821
  C:2B8FH         LINE#         5823
  C:2B93H         LINE#         5824
  C:2B99H         LINE#         5826
  C:2BAFH         LINE#         5828
  C:2BB3H         LINE#         5829
  C:2BB9H         LINE#         5831
  C:2BBBH         LINE#         5832
  C:2BBBH         LINE#         5833
  C:2BBFH         LINE#         5834
  C:2BC6H         LINE#         5835
  C:2BD1H         LINE#         5837
  C:2BD5H         LINE#         5838
  C:2BDBH         LINE#         5840
  C:2BDDH         LINE#         5841
  C:2BDFH         LINE#         5842
  -------         ENDPROC       DISPFRAME
  -------         PROC          DISPBAND
  -------         DO            
  D:0002H         SYMBOL        i
  X:0014H         SYMBOL        j
  X:0015H         SYMBOL        k
  X:0016H         SYMBOL        m
  X:0017H         SYMBOL        n
  X:0018H         SYMBOL        x
  -------         ENDDO         
  C:1BFCH         LINE#         5844
  C:1BFCH         LINE#         5845
  C:1BFCH         LINE#         5848
  C:1C05H         LINE#         5849
  C:1C0EH         LINE#         5850
  C:1C10H         LINE#         5853
  C:1C18H         LINE#         5854
  C:1C24H         LINE#         5855
  C:1C24H         LINE#         5856
  C:1C3FH         LINE#         5857
  C:1C5AH         LINE#         5858
  C:1C86H         LINE#         5859
  C:1C8DH         LINE#         5860
  C:1C9CH         LINE#         5861
  C:1C9CH         LINE#         5862
  C:1CB7H         LINE#         5863
  C:1CD2H         LINE#         5864
  C:1CFEH         LINE#         5865
  C:1D05H         LINE#         5866
  C:1D1BH         LINE#         5867
  C:1D1BH         LINE#         5868
  C:1D36H         LINE#         5869
  C:1D51H         LINE#         5870
  C:1D7DH         LINE#         5871
  C:1D84H         LINE#         5872
BL51 BANKED LINKER/LOCATER V6.22                                                      09/02/2021  17:10:04  PAGE 27


  C:1D86H         LINE#         5873
  C:1D89H         LINE#         5874
  -------         ENDPROC       DISPBAND
  -------         PROC          _DISPPIC
  D:0006H         SYMBOL        picture
  -------         DO            
  X:0019H         SYMBOL        p
  X:001CH         SYMBOL        n
  -------         ENDDO         
  C:34B5H         LINE#         5877
  C:34B5H         LINE#         5878
  C:34B5H         LINE#         5881
  C:34C4H         LINE#         5882
  C:34C4H         LINE#         5883
  C:34C4H         LINE#         5885
  C:34D5H         LINE#         5887
  C:34E8H         LINE#         5888
  C:34E8H         LINE#         5889
  C:3508H         LINE#         5890
  C:3515H         LINE#         5892
  -------         ENDPROC       _DISPPIC
  -------         PROC          _DISPPICFROMSD
  X:001EH         SYMBOL        PicNum
  -------         DO            
  X:001FH         SYMBOL        Address_S
  X:0023H         SYMBOL        Address_E
  D:0002H         SYMBOL        i
  X:0027H         SYMBOL        k
  -------         ENDDO         
  C:25F0H         LINE#         5896
  C:25F3H         LINE#         5897
  C:25F3H         LINE#         5903
  C:25F6H         LINE#         5906
  C:25F8H         LINE#         5908
  C:25FAH         LINE#         5910
  C:2603H         LINE#         5911
  C:262EH         LINE#         5912
  C:2657H         LINE#         5913
  C:267AH         LINE#         5914
  C:267AH         LINE#         5915
  C:268AH         LINE#         5917
  C:2693H         LINE#         5918
  C:2693H         LINE#         5920
  C:26AEH         LINE#         5921
  C:26B7H         LINE#         5922
  C:26D6H         LINE#         5924
  C:26D8H         LINE#         5962
  -------         ENDPROC       _DISPPICFROMSD
  -------         PROC          DISPSCALEHOR1
  -------         DO            
  X:002BH         SYMBOL        i
  X:002DH         SYMBOL        j
  D:0002H         SYMBOL        k
  -------         ENDDO         
  C:1644H         LINE#         5967
  C:1644H         LINE#         5968
  C:1644H         LINE#         5971
BL51 BANKED LINKER/LOCATER V6.22                                                      09/02/2021  17:10:04  PAGE 28


  C:1647H         LINE#         5974
  C:1647H         LINE#         5975
  C:1647H         LINE#         5976
  C:1669H         LINE#         5977
  C:166FH         LINE#         5978
  C:166FH         LINE#         5979
  C:1675H         LINE#         5980
  C:1675H         LINE#         5981
  C:168AH         LINE#         5982
  C:16A0H         LINE#         5983
  C:16B6H         LINE#         5985
  C:16C1H         LINE#         5988
  C:16C4H         LINE#         5989
  C:16C4H         LINE#         5990
  C:16E6H         LINE#         5991
  C:16ECH         LINE#         5992
  C:16ECH         LINE#         5993
  C:16F2H         LINE#         5994
  C:16F2H         LINE#         5995
  C:171DH         LINE#         5996
  C:1733H         LINE#         5997
  C:1749H         LINE#         5998
  C:1757H         LINE#         6001
  C:175AH         LINE#         6002
  C:175AH         LINE#         6003
  C:177CH         LINE#         6004
  C:1782H         LINE#         6005
  C:1782H         LINE#         6006
  C:1788H         LINE#         6007
  C:1788H         LINE#         6008
  C:1792H         LINE#         6009
  C:17A8H         LINE#         6010
  C:17BEH         LINE#         6011
  C:17C9H         LINE#         6014
  C:17CCH         LINE#         6015
  C:17CCH         LINE#         6016
  C:17EEH         LINE#         6017
  C:17F4H         LINE#         6018
  C:17F4H         LINE#         6019
  C:17FAH         LINE#         6020
  C:17FAH         LINE#         6021
  C:182DH         LINE#         6022
  C:1843H         LINE#         6023
  C:1859H         LINE#         6024
  C:1867H         LINE#         6025
  C:1869H         LINE#         6026
  -------         ENDPROC       DISPSCALEHOR1
  -------         PROC          DISPSCALEVER
  -------         DO            
  X:002FH         SYMBOL        i
  X:0031H         SYMBOL        j
  D:0002H         SYMBOL        k
  -------         ENDDO         
  C:229CH         LINE#         6028
  C:229CH         LINE#         6029
  C:229CH         LINE#         6098
  C:229FH         LINE#         6100
BL51 BANKED LINKER/LOCATER V6.22                                                      09/02/2021  17:10:04  PAGE 29


  C:22A5H         LINE#         6101
  C:22A5H         LINE#         6102
  C:22ABH         LINE#         6103
  C:22ABH         LINE#         6104
  C:22B1H         LINE#         6105
  C:22C7H         LINE#         6106
  C:22CEH         LINE#         6108
  C:22D1H         LINE#         6109
  C:22D1H         LINE#         6111
  C:22D7H         LINE#         6112
  C:22D7H         LINE#         6114
  C:22DDH         LINE#         6115
  C:22DDH         LINE#         6116
  C:22EFH         LINE#         6117
  C:2305H         LINE#         6119
  C:230BH         LINE#         6120
  C:230BH         LINE#         6121
  C:2333H         LINE#         6122
  C:2349H         LINE#         6124
  C:234FH         LINE#         6125
  C:234FH         LINE#         6126
  C:2356H         LINE#         6127
  C:236CH         LINE#         6129
  C:2372H         LINE#         6130
  C:2372H         LINE#         6131
  C:2386H         LINE#         6132
  C:239CH         LINE#         6134
  C:23B5H         LINE#         6136
  C:23C3H         LINE#         6138
  -------         ENDPROC       DISPSCALEVER
  -------         PROC          DISPSCALEVER_RED
  -------         DO            
  X:0033H         SYMBOL        i
  X:0035H         SYMBOL        j
  D:0002H         SYMBOL        k
  -------         ENDDO         
  C:2E4DH         LINE#         6140
  C:2E4DH         LINE#         6141
  C:2E4DH         LINE#         6144
  C:2E50H         LINE#         6146
  C:2E52H         LINE#         6148
  C:2E54H         LINE#         6151
  C:2E5AH         LINE#         6152
  C:2E5AH         LINE#         6153
  C:2E60H         LINE#         6154
  C:2E60H         LINE#         6155
  C:2E66H         LINE#         6156
  C:2E7CH         LINE#         6157
  C:2E83H         LINE#         6159
  C:2E86H         LINE#         6160
  C:2E86H         LINE#         6161
  C:2E8CH         LINE#         6162
  C:2E8CH         LINE#         6164
  C:2E92H         LINE#         6165
  C:2E92H         LINE#         6166
  C:2EA4H         LINE#         6167
  C:2EBAH         LINE#         6168
BL51 BANKED LINKER/LOCATER V6.22                                                      09/02/2021  17:10:04  PAGE 30


  C:2ED0H         LINE#         6170
  C:2EDBH         LINE#         6172
  C:2EDDH         LINE#         6173
  -------         ENDPROC       DISPSCALEVER_RED
  -------         PROC          DISPSCALEVER_GREEN
  -------         DO            
  X:0037H         SYMBOL        i
  X:0039H         SYMBOL        j
  D:0002H         SYMBOL        k
  -------         ENDDO         
  C:2BE0H         LINE#         6175
  C:2BE0H         LINE#         6176
  C:2BE0H         LINE#         6179
  C:2BE3H         LINE#         6181
  C:2BE5H         LINE#         6182
  C:2BE7H         LINE#         6185
  C:2BEDH         LINE#         6186
  C:2BEDH         LINE#         6187
  C:2BF3H         LINE#         6188
  C:2BF3H         LINE#         6189
  C:2BF9H         LINE#         6191
  C:2C0FH         LINE#         6192
  C:2C16H         LINE#         6194
  C:2C19H         LINE#         6195
  C:2C19H         LINE#         6196
  C:2C1FH         LINE#         6197
  C:2C1FH         LINE#         6199
  C:2C25H         LINE#         6200
  C:2C25H         LINE#         6202
  C:2C46H         LINE#         6203
  C:2C5CH         LINE#         6204
  C:2C72H         LINE#         6206
  C:2C7DH         LINE#         6208
  C:2C7FH         LINE#         6209
  -------         ENDPROC       DISPSCALEVER_GREEN
  -------         PROC          DISPSCALEVER_BLUE
  -------         DO            
  X:003BH         SYMBOL        i
  X:003DH         SYMBOL        j
  D:0002H         SYMBOL        k
  -------         ENDDO         
  C:308BH         LINE#         6211
  C:308BH         LINE#         6212
  C:308BH         LINE#         6215
  C:308EH         LINE#         6217
  C:3090H         LINE#         6218
  C:3092H         LINE#         6221
  C:3098H         LINE#         6222
  C:3098H         LINE#         6223
  C:309EH         LINE#         6224
  C:309EH         LINE#         6225
  C:30A4H         LINE#         6226
  C:30BAH         LINE#         6227
  C:30C1H         LINE#         6229
  C:30C4H         LINE#         6230
  C:30C4H         LINE#         6231
  C:30CAH         LINE#         6232
BL51 BANKED LINKER/LOCATER V6.22                                                      09/02/2021  17:10:04  PAGE 31


  C:30CAH         LINE#         6234
  C:30D0H         LINE#         6235
  C:30D0H         LINE#         6236
  C:30D7H         LINE#         6237
  C:30EDH         LINE#         6238
  C:3103H         LINE#         6240
  C:310EH         LINE#         6242
  C:3110H         LINE#         6243
  -------         ENDPROC       DISPSCALEVER_BLUE
  -------         PROC          DISPSCALEVER_GRAY
  -------         DO            
  X:003FH         SYMBOL        i
  X:0041H         SYMBOL        j
  D:0002H         SYMBOL        k
  -------         ENDDO         
  C:2EDEH         LINE#         6245
  C:2EDEH         LINE#         6246
  C:2EDEH         LINE#         6249
  C:2EE1H         LINE#         6251
  C:2EE3H         LINE#         6256
  C:2EE9H         LINE#         6257
  C:2EE9H         LINE#         6258
  C:2EEFH         LINE#         6259
  C:2EEFH         LINE#         6260
  C:2EF5H         LINE#         6262
  C:2F0BH         LINE#         6263
  C:2F12H         LINE#         6265
  C:2F15H         LINE#         6266
  C:2F15H         LINE#         6267
  C:2F1BH         LINE#         6268
  C:2F1BH         LINE#         6270
  C:2F21H         LINE#         6271
  C:2F21H         LINE#         6272
  C:2F35H         LINE#         6273
  C:2F4BH         LINE#         6274
  C:2F61H         LINE#         6276
  C:2F6CH         LINE#         6278
  C:2F6EH         LINE#         6279
  -------         ENDPROC       DISPSCALEVER_GRAY
  -------         PROC          DISPGRAYHOR16
  -------         DO            
  X:005EH         SYMBOL        i
  D:0002H         SYMBOL        j
  X:0060H         SYMBOL        k
  -------         ENDDO         
  C:2D1CH         LINE#         6281
  C:2D1CH         LINE#         6282
  C:2D1CH         LINE#         6285
  C:2D1FH         LINE#         6287
  C:2D21H         LINE#         6288
  C:2D23H         LINE#         6290
  C:2D29H         LINE#         6291
  C:2D29H         LINE#         6292
  C:2D32H         LINE#         6293
  C:2D32H         LINE#         6294
  C:2D38H         LINE#         6295
  C:2D3FH         LINE#         6297
BL51 BANKED LINKER/LOCATER V6.22                                                      09/02/2021  17:10:04  PAGE 32


  C:2D42H         LINE#         6298
  C:2D42H         LINE#         6299
  C:2D48H         LINE#         6300
  C:2D48H         LINE#         6301
  C:2D7AH         LINE#         6302
  C:2D90H         LINE#         6303
  C:2D9BH         LINE#         6304
  C:2DB4H         LINE#         6306
  C:2DB6H         LINE#         6307
  -------         ENDPROC       DISPGRAYHOR16
  -------         PROC          DISPGRAYHOR32
  -------         DO            
  X:0043H         SYMBOL        i
  D:0002H         SYMBOL        j
  X:0045H         SYMBOL        k
  -------         ENDDO         
  C:3214H         LINE#         6309
  C:3214H         LINE#         6310
  C:3214H         LINE#         6313
  C:3217H         LINE#         6315
  C:3219H         LINE#         6317
  C:321FH         LINE#         6318
  C:321FH         LINE#         6319
  C:3222H         LINE#         6320
  C:3222H         LINE#         6321
  C:3228H         LINE#         6322
  C:3233H         LINE#         6324
  C:3236H         LINE#         6325
  C:3236H         LINE#         6326
  C:323CH         LINE#         6327
  C:323CH         LINE#         6328
  C:3250H         LINE#         6329
  C:3266H         LINE#         6330
  C:3271H         LINE#         6331
  C:3287H         LINE#         6333
  C:3289H         LINE#         6334
  -------         ENDPROC       DISPGRAYHOR32
  -------         PROC          DISPSCALEHOR2
  -------         DO            
  X:0047H         SYMBOL        j
  D:0002H         SYMBOL        k
  -------         ENDDO         
  C:1A42H         LINE#         6336
  C:1A42H         LINE#         6337
  C:1A42H         LINE#         6340
  C:1A45H         LINE#         6342
  C:1A45H         LINE#         6343
  C:1A45H         LINE#         6344
  C:1A4BH         LINE#         6345
  C:1A68H         LINE#         6346
  C:1A73H         LINE#         6347
  C:1A76H         LINE#         6348
  C:1A76H         LINE#         6349
  C:1A7CH         LINE#         6350
  C:1A99H         LINE#         6351
  C:1AA4H         LINE#         6352
  C:1AA7H         LINE#         6353
BL51 BANKED LINKER/LOCATER V6.22                                                      09/02/2021  17:10:04  PAGE 33


  C:1AA7H         LINE#         6354
  C:1AADH         LINE#         6355
  C:1ACAH         LINE#         6356
  C:1AD5H         LINE#         6357
  C:1AD8H         LINE#         6358
  C:1AD8H         LINE#         6359
  C:1ADEH         LINE#         6360
  C:1AFBH         LINE#         6361
  C:1B06H         LINE#         6362
  C:1B09H         LINE#         6363
  C:1B09H         LINE#         6364
  C:1B0FH         LINE#         6365
  C:1B2CH         LINE#         6366
  C:1B37H         LINE#         6367
  C:1B3AH         LINE#         6368
  C:1B3AH         LINE#         6369
  C:1B40H         LINE#         6370
  C:1B5DH         LINE#         6371
  C:1B68H         LINE#         6372
  C:1B6BH         LINE#         6373
  C:1B6BH         LINE#         6374
  C:1B71H         LINE#         6375
  C:1B8EH         LINE#         6376
  C:1B99H         LINE#         6377
  C:1B9CH         LINE#         6378
  C:1B9CH         LINE#         6379
  C:1BA2H         LINE#         6380
  C:1BBEH         LINE#         6381
  C:1BC9H         LINE#         6382
  C:1BD2H         LINE#         6383
  C:1BD2H         LINE#         6384
  C:1BD8H         LINE#         6385
  C:1BF4H         LINE#         6386
  C:1BFBH         LINE#         6388
  -------         ENDPROC       DISPSCALEHOR2
  -------         PROC          _TOORD
  D:0007H         SYMBOL        ch
  C:3516H         LINE#         6493
  C:3516H         LINE#         6494
  C:3516H         LINE#         6495
  C:351CH         LINE#         6496
  C:351CH         LINE#         6497
  C:351EH         LINE#         6498
  C:3520H         LINE#         6499
  C:352CH         LINE#         6500
  C:352CH         LINE#         6501
  C:3530H         LINE#         6502
  C:3532H         LINE#         6503
  C:353EH         LINE#         6504
  C:353EH         LINE#         6505
  C:3542H         LINE#         6506
  C:3544H         LINE#         6507
  C:3550H         LINE#         6508
  C:3550H         LINE#         6509
  C:3554H         LINE#         6510
  C:3556H         LINE#         6511
  C:3562H         LINE#         6512
BL51 BANKED LINKER/LOCATER V6.22                                                      09/02/2021  17:10:04  PAGE 34


  C:3562H         LINE#         6513
  C:3566H         LINE#         6514
  C:3568H         LINE#         6515
  C:356EH         LINE#         6516
  C:356EH         LINE#         6517
  C:3570H         LINE#         6518
  C:3570H         LINE#         6520
  C:3570H         LINE#         6521
  -------         ENDPROC       _TOORD
  C:27AEH         SYMBOL        L?0447
  C:27C6H         SYMBOL        L?0448
  -------         PROC          L?0446
  -------         ENDPROC       L?0446
  C:27AEH         SYMBOL        L?0447
  C:27C6H         SYMBOL        L?0448
  -------         PROC          _DISPONECHAR
  X:0072H         SYMBOL        ord
  D:0006H         SYMBOL        Xstart
  D:0002H         SYMBOL        Ystart
  X:0077H         SYMBOL        TextColor
  X:0079H         SYMBOL        BackColor
  -------         DO            
  X:007BH         SYMBOL        i
  D:0002H         SYMBOL        j
  X:007CH         SYMBOL        p
  D:0003H         SYMBOL        dat
  D:0006H         SYMBOL        index
  -------         ENDDO         
  C:27D6H         LINE#         6523
  C:27DEH         LINE#         6524
  C:27DEH         LINE#         6530
  C:27F8H         LINE#         6532
  C:27FEH         LINE#         6534
  C:2806H         LINE#         6535
  C:2808H         LINE#         6537
  C:2816H         LINE#         6539
  C:2823H         LINE#         6540
  C:282AH         LINE#         6542
  C:282EH         LINE#         6543
  C:282EH         LINE#         6544
  C:2843H         LINE#         6545
  C:2845H         LINE#         6546
  C:2845H         LINE#         6547
  C:2852H         LINE#         6548
  C:2852H         LINE#         6549
  C:2854H         LINE#         6550
  C:2856H         LINE#         6552
  C:2856H         LINE#         6553
  C:2860H         LINE#         6554
  C:2860H         LINE#         6555
  C:2865H         LINE#         6556
  C:2870H         LINE#         6557
  -------         ENDPROC       _DISPONECHAR
  -------         PROC          _DISPSTR
  X:0067H         SYMBOL        str
  X:006AH         SYMBOL        Xstart
  X:006CH         SYMBOL        Ystart
BL51 BANKED LINKER/LOCATER V6.22                                                      09/02/2021  17:10:04  PAGE 35


[...]
  C:1338H         LINE#         321
  C:1347H         LINE#         322
  C:1347H         LINE#         323
  C:135CH         LINE#         324
  C:1361H         LINE#         325
  C:1369H         LINE#         326
  C:1373H         LINE#         327
  C:1381H         LINE#         328
  C:138FH         LINE#         329
  C:1391H         LINE#         331
  C:1391H         LINE#         332
  C:1396H         LINE#         333
  C:1399H         LINE#         334
  C:13B1H         LINE#         335
  C:13B1H         LINE#         336
  C:13CAH         LINE#         337
  C:13CFH         LINE#         338
  C:13D7H         LINE#         339
  C:13DEH         LINE#         340
  C:13E3H         LINE#         341
  C:13E3H         LINE#         342
  C:13F7H         LINE#         343
  C:13F7H         LINE#         344
  C:13FEH         LINE#         345
  C:1403H         LINE#         346
  C:1403H         LINE#         347
BL51 BANKED LINKER/LOCATER V6.22                                                      09/02/2021  17:10:04  PAGE 43


  C:1411H         LINE#         348
  C:1411H         LINE#         349
  -------         ENDPROC       USBXCORE_HANDLE_SETUP
  -------         PROC          USBXCORE_FORCE_STALL
  C:39D9H         LINE#         356
  C:39D9H         LINE#         358
  C:39E4H         LINE#         359
  C:39EFH         LINE#         360
  C:39F5H         LINE#         361
  -------         ENDPROC       USBXCORE_FORCE_STALL
  -------         PROC          USBXCORE_GET_STATUS
  C:3372H         LINE#         367
  C:3372H         LINE#         369
  C:3381H         LINE#         370
  C:3381H         LINE#         371
  C:3381H         LINE#         372
  C:3381H         LINE#         373
  C:3381H         LINE#         374
  C:3383H         LINE#         375
  C:3383H         LINE#         379
  C:3383H         LINE#         381
  C:3391H         LINE#         385
  C:3391H         LINE#         386
  C:3391H         LINE#         387
  C:3391H         LINE#         388
  C:3393H         LINE#         390
  C:3393H         LINE#         392
  C:33A1H         LINE#         396
  C:33A1H         LINE#         397
  C:33AEH         LINE#         398
  C:33AEH         LINE#         399
  C:33B0H         LINE#         401
  C:33B0H         LINE#         402
  C:33BEH         LINE#         403
  C:33C7H         LINE#         404
  C:33C7H         LINE#         405
  C:33C7H         LINE#         406
  C:33C9H         LINE#         407
  C:33C9H         LINE#         408
  C:33CCH         LINE#         409
  C:33CCH         LINE#         410
  C:33CCH         LINE#         411
  C:33D4H         LINE#         412
  C:33D4H         LINE#         413
  C:33D7H         LINE#         414
  C:33DDH         LINE#         415
  C:33E4H         LINE#         416
  C:33E4H         LINE#         417
  -------         ENDPROC       USBXCORE_GET_STATUS
  -------         PROC          USBXCORE_CLEAR_FEATURE
  C:35CBH         LINE#         423
  C:35CBH         LINE#         425
  C:35D1H         LINE#         426
  C:35D1H         LINE#         428
  C:35D8H         LINE#         429
  C:35D8H         LINE#         430
  C:35E3H         LINE#         436
BL51 BANKED LINKER/LOCATER V6.22                                                      09/02/2021  17:10:04  PAGE 44


  C:35EEH         LINE#         437
  C:35F3H         LINE#         438
  C:35F5H         LINE#         440
  C:35F5H         LINE#         442
  C:3600H         LINE#         446
  C:360BH         LINE#         447
  C:3610H         LINE#         448
  C:3610H         LINE#         449
  C:3612H         LINE#         451
  C:3612H         LINE#         452
  C:3615H         LINE#         453
  C:3615H         LINE#         454
  C:3620H         LINE#         455
  -------         ENDPROC       USBXCORE_CLEAR_FEATURE
  -------         PROC          USBXCORE_VENDOR_USB_API
  C:26D9H         LINE#         462
  C:26D9H         LINE#         464
  C:26E3H         LINE#         465
  C:26E3H         LINE#         466
  C:26EAH         LINE#         467
  C:26EAH         LINE#         468
  C:26EDH         LINE#         469
  C:26F0H         LINE#         470
  C:26F2H         LINE#         472
  C:26F2H         LINE#         473
  C:26F9H         LINE#         474
  C:26F9H         LINE#         477
  C:2704H         LINE#         482
  C:270FH         LINE#         483
  C:271AH         LINE#         485
  C:271AH         LINE#         486
  C:272DH         LINE#         487
  C:272DH         LINE#         488
  C:2731H         LINE#         489
  C:273CH         LINE#         491
  C:273CH         LINE#         492
  C:274FH         LINE#         493
  C:274FH         LINE#         494
  C:2753H         LINE#         495
  C:275EH         LINE#         497
  C:2764H         LINE#         498
  C:276CH         LINE#         499
  C:276CH         LINE#         500
  C:276FH         LINE#         501
  C:276FH         LINE#         502
  C:276FH         LINE#         503
  C:277AH         LINE#         504
  C:277AH         LINE#         505
  C:2780H         LINE#         506
  C:2787H         LINE#         507
  C:2787H         LINE#         508
  C:278BH         LINE#         509
  C:278BH         LINE#         510
  C:2791H         LINE#         511
  C:2798H         LINE#         512
  C:2798H         LINE#         513
  C:27A3H         LINE#         514
BL51 BANKED LINKER/LOCATER V6.22                                                      09/02/2021  17:10:04  PAGE 45


  -------         ENDPROC       USBXCORE_VENDOR_USB_API
  -------         PROC          USBXCORE_SET_FEATURE
  C:3623H         LINE#         521
  C:3623H         LINE#         523
  C:3629H         LINE#         524
  C:3629H         LINE#         526
  C:3630H         LINE#         527
  C:3630H         LINE#         528
  C:363BH         LINE#         534
  C:3646H         LINE#         535
  C:3649H         LINE#         536
  C:364BH         LINE#         538
  C:364BH         LINE#         540
  C:3656H         LINE#         544
  C:3661H         LINE#         545
  C:3667H         LINE#         546
  C:3667H         LINE#         548
  C:3669H         LINE#         550
  C:3669H         LINE#         551
  C:366CH         LINE#         552
  C:366CH         LINE#         553
  C:3677H         LINE#         554
  -------         ENDPROC       USBXCORE_SET_FEATURE
  -------         PROC          USBXCORE_SET_ADDRESS
  C:399AH         LINE#         561
  C:399AH         LINE#         563
  C:39A9H         LINE#         564
  C:39AFH         LINE#         565
  C:39AFH         LINE#         566
  C:39B2H         LINE#         567
  C:39B4H         LINE#         569
  C:39B4H         LINE#         570
  C:39B7H         LINE#         571
  C:39B7H         LINE#         572
  -------         ENDPROC       USBXCORE_SET_ADDRESS
  -------         PROC          USBXCORE_GET_DESCRIPTOR
  C:29DBH         LINE#         579
  C:29DBH         LINE#         580
  C:29EAH         LINE#         581
  C:29EAH         LINE#         582
  C:29EAH         LINE#         583
  C:29F8H         LINE#         584
  C:29FCH         LINE#         585
  C:29FEH         LINE#         586
  C:29FEH         LINE#         587
  C:2A0CH         LINE#         588
  C:2A1FH         LINE#         589
  C:2A21H         LINE#         590
  C:2A21H         LINE#         591
  C:2A45H         LINE#         592
  C:2A51H         LINE#         593
  C:2A53H         LINE#         594
  C:2A53H         LINE#         595
  C:2A56H         LINE#         596
  C:2A56H         LINE#         597
  C:2A56H         LINE#         598
  C:2A6CH         LINE#         599
BL51 BANKED LINKER/LOCATER V6.22                                                      09/02/2021  17:10:04  PAGE 46


  C:2A6CH         LINE#         600
  C:2A74H         LINE#         601
  C:2A74H         LINE#         602
  C:2A7CH         LINE#         603
  C:2A7CH         LINE#         604
  C:2A7FH         LINE#         605
  C:2A85H         LINE#         606
  C:2A8CH         LINE#         607
  C:2A8CH         LINE#         608
  -------         ENDPROC       USBXCORE_GET_DESCRIPTOR
  -------         PROC          USBXCORE_GET_CONFIGURATION
  C:37BEH         LINE#         614
  C:37BEH         LINE#         616
  C:37C6H         LINE#         617
  C:37C6H         LINE#         618
  C:37D2H         LINE#         619
  C:37DAH         LINE#         620
  C:37DAH         LINE#         621
  C:37DEH         LINE#         622
  C:37DEH         LINE#         623
  C:37ECH         LINE#         624
  C:37F4H         LINE#         625
  C:37F4H         LINE#         626
  C:37F7H         LINE#         627
  C:37FDH         LINE#         628
  C:3804H         LINE#         629
  -------         ENDPROC       USBXCORE_GET_CONFIGURATION
  -------         PROC          USBXCORE_SET_CONFIGURATION
  C:3571H         LINE#         635
  C:3571H         LINE#         637
  C:357AH         LINE#         638
  C:357AH         LINE#         639
  C:3581H         LINE#         640
  C:3587H         LINE#         641
  C:358CH         LINE#         642
  C:358EH         LINE#         644
  C:3599H         LINE#         645
  C:35A4H         LINE#         646
  C:35AFH         LINE#         653
  C:35BAH         LINE#         654
  C:35BCH         LINE#         656
  C:35BCH         LINE#         657
  C:35C2H         LINE#         658
  C:35C6H         LINE#         659
  C:35C8H         LINE#         660
  C:35C8H         LINE#         661
  -------         ENDPROC       USBXCORE_SET_CONFIGURATION
  -------         PROC          USBXCORE_GET_INTERFACE
  C:392BH         LINE#         668
  C:392BH         LINE#         670
  C:3939H         LINE#         671
  C:3941H         LINE#         672
  C:3944H         LINE#         673
  C:394AH         LINE#         674
  C:3951H         LINE#         675
  -------         ENDPROC       USBXCORE_GET_INTERFACE
  -------         PROC          USBXCORE_SET_SOP
BL51 BANKED LINKER/LOCATER V6.22                                                      09/02/2021  17:10:04  PAGE 47


  C:3A69H         LINE#         682
  C:3A69H         LINE#         684
  C:3A71H         LINE#         685
  C:3A71H         LINE#         686
  C:3A7CH         LINE#         687
  C:3A7CH         LINE#         688
  -------         ENDPROC       USBXCORE_SET_SOP
  -------         PROC          USBXCORE_USB_ISR
  C:1D8AH         LINE#         699
  C:1DA7H         LINE#         702
  C:1DADH         LINE#         703
  C:1DC0H         LINE#         706
  C:1DD3H         LINE#         709
  C:1DD7H         LINE#         710
  C:1DD7H         LINE#         711
  C:1DE2H         LINE#         712
  C:1DE2H         LINE#         714
  C:1DE9H         LINE#         715
  C:1DE9H         LINE#         716
  C:1DECH         LINE#         717
  C:1DECH         LINE#         719
  C:1DF3H         LINE#         720
  C:1DF3H         LINE#         721
  C:1E00H         LINE#         722
  C:1E00H         LINE#         723
  C:1E07H         LINE#         724
  C:1E07H         LINE#         725
  C:1E07H         LINE#         727
  C:1E07H         LINE#         728
  C:1E07H         LINE#         730
  C:1E07H         LINE#         732
  C:1E1AH         LINE#         734
  C:1E1EH         LINE#         735
  C:1E1EH         LINE#         736
  C:1E21H         LINE#         737
  C:1E21H         LINE#         740
  C:1E28H         LINE#         741
  C:1E28H         LINE#         742
  C:1E33H         LINE#         748
  C:1E46H         LINE#         749
  C:1E4BH         LINE#         750
  C:1E4BH         LINE#         751
  C:1E52H         LINE#         752
  C:1E52H         LINE#         754
  C:1E52H         LINE#         756
  C:1E65H         LINE#         759
  C:1E69H         LINE#         760
  C:1E69H         LINE#         761
  C:1E74H         LINE#         767
  C:1E87H         LINE#         768
  C:1E8BH         LINE#         769
  C:1E8BH         LINE#         770
  C:1E92H         LINE#         771
  C:1E92H         LINE#         772
  C:1E92H         LINE#         775
  C:1EA0H         LINE#         776
  C:1EA5H         LINE#         777
BL51 BANKED LINKER/LOCATER V6.22                                                      09/02/2021  17:10:04  PAGE 48


  C:1EABH         LINE#         778
  C:1EB0H         LINE#         781
  C:1EBDH         LINE#         782
  C:1EBDH         LINE#         783
  C:1EC0H         LINE#         784
  C:1EC0H         LINE#         785
  -------         ENDPROC       USBXCORE_USB_ISR
  -------         ENDMOD        USB_API

  -------         MODULE        USB_SUSPEND
  C:0000H         SYMBOL        _ICE_DUMMY_
  D:00D7H         PUBLIC        USB0XCN
  D:00C9H         PUBLIC        REG0CN
  C:38D9H         PUBLIC        USB_Suspend
  D:00A9H         PUBLIC        CLKSEL
  D:00B2H         PUBLIC        OSCICN
  D:00B9H         PUBLIC        CLKMUL
  -------         PROC          USB_SUSPEND
  C:38D9H         LINE#         70
  C:38D9H         LINE#         72
  C:38DCH         LINE#         74
  C:38DFH         LINE#         76
  C:38E7H         LINE#         79
  C:38EAH         LINE#         80
  C:38EDH         LINE#         81
  C:38F0H         LINE#         82
  C:38F3H         LINE#         84
  C:38F4H         LINE#         86
  C:38F7H         LINE#         88
  C:38FDH         LINE#         92
  C:3900H         LINE#         94
  C:3903H         LINE#         95
  -------         ENDPROC       USB_SUSPEND
  -------         ENDMOD        USB_SUSPEND

  -------         MODULE        USB_INT_ENABLE
  C:0000H         SYMBOL        _ICE_DUMMY_
  C:3A0FH         PUBLIC        USB_Int_Enable
  D:0096H         PUBLIC        USB0ADR
  D:0097H         PUBLIC        USB0DAT
  -------         PROC          USB_INT_ENABLE
  C:3A0FH         LINE#         68
  C:3A0FH         LINE#         71
  C:3A16H         LINE#         73
  C:3A1CH         LINE#         74
  C:3A1CH         LINE#         75
  C:3A27H         LINE#         77
  C:3A27H         LINE#         78
  -------         ENDPROC       USB_INT_ENABLE
  -------         ENDMOD        USB_INT_ENABLE

  -------         MODULE        USB_CLOCK_RECOVERY
  C:0000H         SYMBOL        _ICE_DUMMY_
  C:3AAFH         PUBLIC        USBXcore_ClkRec
  D:0096H         PUBLIC        USB0ADR
  D:0097H         PUBLIC        USB0DAT
  -------         PROC          USBXCORE_CLKREC
BL51 BANKED LINKER/LOCATER V6.22                                                      09/02/2021  17:10:04  PAGE 49


  C:3AAFH         LINE#         45
  C:3AAFH         LINE#         47
  C:3ABAH         LINE#         48
  -------         ENDPROC       USBXCORE_CLKREC
  -------         ENDMOD        USB_CLOCK_RECOVERY

  -------         MODULE        ?C?FPMUL
  C:0C9AH         PUBLIC        ?C?FPMUL
  -------         ENDMOD        ?C?FPMUL

  -------         MODULE        ?C?FCAST
  C:0DAAH         PUBLIC        ?C?FCASTC
  C:0DA5H         PUBLIC        ?C?FCASTI
  C:0DA0H         PUBLIC        ?C?FCASTL
  -------         ENDMOD        ?C?FCAST

  -------         MODULE        ?C?CASTF
  C:0DDEH         PUBLIC        ?C?CASTF
  -------         ENDMOD        ?C?CASTF

  -------         MODULE        ?C?COPY
  C:0F2FH         PUBLIC        ?C?COPY
  -------         ENDMOD        ?C?COPY

  -------         MODULE        ?C?CLDPTR
  C:0F55H         PUBLIC        ?C?CLDPTR
  -------         ENDMOD        ?C?CLDPTR

  -------         MODULE        ?C?CLDOPTR
  C:0F6EH         PUBLIC        ?C?CLDOPTR
  -------         ENDMOD        ?C?CLDOPTR

  -------         MODULE        ?C?IMUL
  C:0F9BH         PUBLIC        ?C?IMUL
  -------         ENDMOD        ?C?IMUL

  -------         MODULE        ?C?IILDX
  C:0FADH         PUBLIC        ?C?IILDX
  -------         ENDMOD        ?C?IILDX

  -------         MODULE        ?C?ILDOPTR
  C:0FC3H         PUBLIC        ?C?ILDOPTR
  -------         ENDMOD        ?C?ILDOPTR

  -------         MODULE        ?C?LMUL
  C:0FFBH         PUBLIC        ?C?LMUL
  -------         ENDMOD        ?C?LMUL

  -------         MODULE        ?C?ULDIV
  C:1086H         PUBLIC        ?C?ULDIV
  -------         ENDMOD        ?C?ULDIV

  -------         MODULE        ?C?LNEG
  C:1118H         PUBLIC        ?C?LNEG
  -------         ENDMOD        ?C?LNEG

  -------         MODULE        ?C?ULCMP
BL51 BANKED LINKER/LOCATER V6.22                                                      09/02/2021  17:10:04  PAGE 50


  C:1126H         PUBLIC        ?C?ULCMP
  -------         ENDMOD        ?C?ULCMP

  -------         MODULE        ?C?ULSHR
  C:1137H         PUBLIC        ?C?ULSHR
  -------         ENDMOD        ?C?ULSHR

  -------         MODULE        ?C?LSHL
  C:114AH         PUBLIC        ?C?LSHL
  -------         ENDMOD        ?C?LSHL

  -------         MODULE        ?C?LLDIPDATA
  C:1166H         PUBLIC        ?C?LLDIPDATA
  C:115DH         PUBLIC        ?C?LLDIPDATA1
  C:115FH         PUBLIC        ?C?LLDIPDATA8
  -------         ENDMOD        ?C?LLDIPDATA

  -------         MODULE        ?C?LSTXDATA
  C:117DH         PUBLIC        ?C?LSTXDATA
  -------         ENDMOD        ?C?LSTXDATA

  -------         MODULE        ?C?LSTPDATA
  C:1189H         PUBLIC        ?C?LSTPDATA
  -------         ENDMOD        ?C?LSTPDATA

  -------         MODULE        ?C?LSTKXDATA
  C:1195H         PUBLIC        ?C?LSTKXDATA
  -------         ENDMOD        ?C?LSTKXDATA

  -------         MODULE        ?C?LSTKPDATA
  C:11C6H         PUBLIC        ?C?LSTKPDATA
  -------         ENDMOD        ?C?LSTKPDATA

  -------         MODULE        ?C_PBP
  D:0008H         PUBLIC        ?C_PBP
  -------         ENDMOD        ?C_PBP

*** WARNING L14: INCOMPATIBLE MEMORY MODEL
    MODULE:  .\USBX_F34X.LIB (USB_API)
    MODEL:   SMALL

*** WARNING L14: INCOMPATIBLE MEMORY MODEL
    MODULE:  .\USBX_F34X.LIB (USB_SUSPEND)
    MODEL:   SMALL

*** WARNING L14: INCOMPATIBLE MEMORY MODEL
    MODULE:  .\USBX_F34X.LIB (USB_INT_ENABLE)
    MODEL:   SMALL

*** WARNING L14: INCOMPATIBLE MEMORY MODEL
    MODULE:  .\USBX_F34X.LIB (USB_CLOCK_RECOVERY)
    MODEL:   SMALL

*** WARNING L16: UNCALLED SEGMENT, IGNORED FOR OVERLAY PROCESS
    SEGMENT: ?PR?SD_INIT?MMC_SD

*** WARNING L16: UNCALLED SEGMENT, IGNORED FOR OVERLAY PROCESS
BL51 BANKED LINKER/LOCATER V6.22                                                      09/02/2021  17:10:04  PAGE 51


    SEGMENT: ?PR?DISPBAND?LCD

*** WARNING L16: UNCALLED SEGMENT, IGNORED FOR OVERLAY PROCESS
    SEGMENT: ?PR?_DISPPIC?LCD

*** WARNING L16: UNCALLED SEGMENT, IGNORED FOR OVERLAY PROCESS
    SEGMENT: ?PR?_DISPPICFROMSD?LCD

*** WARNING L16: UNCALLED SEGMENT, IGNORED FOR OVERLAY PROCESS
    SEGMENT: ?PR?DISPSCALEHOR1?LCD

*** WARNING L16: UNCALLED SEGMENT, IGNORED FOR OVERLAY PROCESS
    SEGMENT: ?PR?DISPSCALEVER?LCD

*** WARNING L16: UNCALLED SEGMENT, IGNORED FOR OVERLAY PROCESS
    SEGMENT: ?PR?DISPSCALEVER_RED?LCD

*** WARNING L16: UNCALLED SEGMENT, IGNORED FOR OVERLAY PROCESS
    SEGMENT: ?PR?DISPSCALEVER_GREEN?LCD

*** WARNING L16: UNCALLED SEGMENT, IGNORED FOR OVERLAY PROCESS
    SEGMENT: ?PR?DISPSCALEVER_BLUE?LCD

*** WARNING L16: UNCALLED SEGMENT, IGNORED FOR OVERLAY PROCESS
    SEGMENT: ?PR?DISPSCALEVER_GRAY?LCD

*** WARNING L16: UNCALLED SEGMENT, IGNORED FOR OVERLAY PROCESS
    SEGMENT: ?PR?DISPGRAYHOR32?LCD

*** WARNING L16: UNCALLED SEGMENT, IGNORED FOR OVERLAY PROCESS
    SEGMENT: ?PR?DISPSCALEHOR2?LCD

*** WARNING L16: UNCALLED SEGMENT, IGNORED FOR OVERLAY PROCESS
    SEGMENT: ?PR?_DRAWGIRD?LCD

*** WARNING L15: MULTIPLE CALL TO SEGMENT
    SEGMENT: ?PR?_WRITECOMM?LCD
    CALLER1: ?PR?USB_API_TEST_ISR?MAIN
    CALLER2: ?C_C51STARTUP

*** WARNING L15: MULTIPLE CALL TO SEGMENT
    SEGMENT: ?PR?_WRITEDATA?LCD
    CALLER1: ?PR?USB_API_TEST_ISR?MAIN
    CALLER2: ?C_C51STARTUP

Program Size: data=10.0 xdata=1224 code=15059
LINK/LOCATE RUN COMPLETE.  19 WARNING(S),  0 ERROR(S)
