BL51 BANKED LINKER/LOCATER V6.22                                                        03/12/2019  16:09:56  PAGE 1


BL51 BANKED LINKER/LOCATER V6.22, INVOKED BY:
C:\KEIL\C51\BIN\BL51.EXE main.obj, mmc_sd.obj, lcd.obj, tp.obj, .\USBX_F34X.LIB TO ST7789V_HSD154_3W2L RAMSIZE (256)


MEMORY MODEL: SMALL WITH FLOATING POINT ARITHMETIC


INPUT MODULES INCLUDED:
  main.obj (MAIN)
  mmc_sd.obj (MMC_SD)
  lcd.obj (LCD)
  tp.obj (TP)
  .\USBX_F34X.LIB (USB_API)
  .\USBX_F34X.LIB (USB_CLOCK_START)
  .\USBX_F34X.LIB (USB_SUSPEND)
  .\USBX_F34X.LIB (GET_INTERRUPT_SOURCE)
  .\USBX_F34X.LIB (BLOCK_READ)
  .\USBX_F34X.LIB (BLOCK_WRITE)
  .\USBX_F34X.LIB (USB_INT_ENABLE)
  .\USBX_F34X.LIB (USB_CLOCK_RECOVERY)
  .\USBX_F34X.LIB (USB_JUMP_ISR)
  C:\KEIL\C51\LIB\C51FPS.LIB (?C?FPMUL)
  C:\KEIL\C51\LIB\C51FPS.LIB (?C?FCAST)
  C:\KEIL\C51\LIB\C51FPS.LIB (?C?CASTF)
  C:\KEIL\C51\LIB\C51FPS.LIB (?C?FPGETOPN)
  C:\KEIL\C51\LIB\C51S.LIB (?C_STARTUP)
  C:\KEIL\C51\LIB\C51S.LIB (?C?COPY)
  C:\KEIL\C51\LIB\C51S.LIB (?C?CLDPTR)
  C:\KEIL\C51\LIB\C51S.LIB (?C?CLDOPTR)
  C:\KEIL\C51\LIB\C51S.LIB (?C?IMUL)
  C:\KEIL\C51\LIB\C51S.LIB (?C?IILDX)
  C:\KEIL\C51\LIB\C51S.LIB (?C?LMUL)
  C:\KEIL\C51\LIB\C51S.LIB (?C?ULDIV)
  C:\KEIL\C51\LIB\C51S.LIB (?C?LNEG)
  C:\KEIL\C51\LIB\C51S.LIB (?C?ULCMP)
  C:\KEIL\C51\LIB\C51S.LIB (?C?ULSHR)
  C:\KEIL\C51\LIB\C51S.LIB (?C?LSHL)
  C:\KEIL\C51\LIB\C51S.LIB (?C?LLDIIDATA)
  C:\KEIL\C51\LIB\C51S.LIB (?C?LSTXDATA)
  C:\KEIL\C51\LIB\C51S.LIB (?C?LSTKXDATA)
  C:\KEIL\C51\LIB\C51S.LIB (?C_IBP)
  C:\KEIL\C51\LIB\C51S.LIB (?C_INIT)


LINK MAP OF MODULE:  ST7789V_HSD154_3W2L (MAIN)


            TYPE    BASE      LENGTH    RELOCATION   SEGMENT NAME
            -----------------------------------------------------

            * * * * * * *   D A T A   M E M O R Y   * * * * * * *
            REG     0000H     0008H     ABSOLUTE     "REG BANK 0"
            DATA    0008H     0025H     UNIT         _DATA_GROUP_
            DATA    002DH     0010H     UNIT         ?DT?MAIN
            DATA    003DH     000DH     UNIT         ?DT?_DISPPICFROMSD?LCD
            DATA    004AH     000AH     UNIT         ?DT?_DRAWLINE?LCD
            DATA    0054H     0005H     UNIT         ?DT?DISPBAND?LCD
            DATA    0059H     0004H     UNIT         ?DT?_MMC_SD_READSINGLEBLOCK?MMC_SD
BL51 BANKED LINKER/LOCATER V6.22                                                      03/12/2019  16:09:56  PAGE 2


            DATA    005DH     0004H     UNIT         ?DT?DISPSCALEHOR1?LCD
            DATA    0061H     0004H     UNIT         ?DT?DISPSCALEVER?LCD
            DATA    0065H     0004H     UNIT         ?DT?DISPSCALEVER_RED?LCD
            DATA    0069H     0004H     UNIT         ?DT?DISPSCALEVER_GREEN?LCD
            DATA    006DH     0004H     UNIT         ?DT?DISPSCALEVER_GRAY?LCD
            DATA    0071H     0004H     UNIT         ?DT?DISPGRAYHOR32?LCD
            DATA    0075H     0004H     UNIT         ?DT?_DRAWGIRD?LCD
            DATA    0079H     0002H     UNIT         ?DT?DISPSCALEVER_BLUE?LCD
            DATA    007BH     0002H     UNIT         ?DT?LCD
            DATA    007DH     0001H     UNIT         ?C?LIB_DATA
            IDATA   007EH     0001H     UNIT         ?STACK

            * * * * * * *  X D A T A   M E M O R Y  * * * * * * *
            XDATA   0000H     0200H     UNIT         ?XD?MMC_SD
            XDATA   0200H     0058H     UNIT         _XDATA_GROUP_
            XDATA   0258H     0040H     UNIT         ?XD?MAIN
                    0298H     03A8H                  *** GAP ***
            XDATA   0640H     0100H     ABSOLUTE     
            XDATA   0740H     0012H     ABSOLUTE     
            XDATA   0752H     0020H     ABSOLUTE     
            XDATA   0772H     000CH     ABSOLUTE     
            XDATA   077EH     0008H     ABSOLUTE     
            XDATA   0786H     0001H     ABSOLUTE     
            XDATA   0787H     0003H     ABSOLUTE     
            XDATA   078AH     0002H     ABSOLUTE     
            XDATA   078CH     0002H     ABSOLUTE     
            XDATA   078EH     0003H     ABSOLUTE     
            XDATA   0791H     0001H     ABSOLUTE     
            XDATA   0792H     0001H     ABSOLUTE     
            XDATA   0793H     0001H     ABSOLUTE     
            XDATA   0794H     0001H     ABSOLUTE     
            XDATA   0795H     0002H     ABSOLUTE     
            XDATA   0797H     0002H     ABSOLUTE     
            XDATA   0799H     0001H     ABSOLUTE     
            XDATA   079AH     0001H     ABSOLUTE     
            XDATA   079BH     0001H     ABSOLUTE     
            XDATA   079CH     0001H     ABSOLUTE     
            XDATA   079DH     0001H     ABSOLUTE     
            XDATA   079EH     0001H     ABSOLUTE     
            XDATA   079FH     0002H     ABSOLUTE     
            XDATA   07A1H     0001H     ABSOLUTE     
            XDATA   07A2H     0001H     ABSOLUTE     
            XDATA   07A3H     000CH     ABSOLUTE     
                    07AFH     0011H                  *** GAP ***
            XDATA   07C0H     0040H     ABSOLUTE     

            * * * * * * *   C O D E   M E M O R Y   * * * * * * *
            CODE    0000H     0003H     ABSOLUTE     
            CODE    0003H     0040H     UNIT         ?PR?_WRITEDISPDATA?LCD
            CODE    0043H     0003H     ABSOLUTE     
            CODE    0046H     0042H     UNIT         ?PR?MCU_INIT?MAIN
            CODE    0088H     0003H     UNIT         ?PR?SUSPEND_DEVICE?MAIN
            CODE    008BH     0003H     ABSOLUTE     
            CODE    008EH     0600H     UNIT         ?CO?LCD
            CODE    068EH     05A0H     UNIT         ?PR?CONNTOUSB?MAIN
            CODE    0C2EH     04E8H     UNIT         ?C?LIB_CODE
            CODE    1116H     0233H     UNIT         ?PR?USBXCORE_HANDLE_SETUP?USB_API
BL51 BANKED LINKER/LOCATER V6.22                                                      03/12/2019  16:09:56  PAGE 3


            CODE    1349H     01CDH     UNIT         ?PR?DISPSCALEHOR1?LCD
            CODE    1516H     01A5H     UNIT         ?PR?TP_DRAWLINE?TP
            CODE    16BBH     0189H     UNIT         ?PR?LCD_INIT?LCD
            CODE    1844H     0151H     UNIT         ?PR?USBXCORE_USB_ISR?USB_API
            CODE    1995H     014CH     UNIT         ?PR?DISPBAND?LCD
            CODE    1AE1H     013EH     UNIT         ?PR?DISPSCALEHOR2?LCD
            CODE    1C1FH     0137H     UNIT         ?PR?_USB_INIT?USB_API
            CODE    1D56H     0128H     UNIT         ?PR?_LCD_READ_IC_ID?LCD
            CODE    1E7EH     011BH     UNIT         ?PR?_TP_GETPOSITION?TP
            CODE    1F99H     0111H     UNIT         ?PR?_BLOCK_WRITE?BLOCK_WRITE
            CODE    20AAH     010EH     UNIT         ?PR?USB_API_TEST_ISR?MAIN
            CODE    21B8H     0104H     UNIT         ?PR?DISPSCALEVER?LCD
            CODE    22BCH     00CDH     UNIT         ?PR?USBXCORE_VENDOR_USB_API?USB_API
            CODE    2389H     00B4H     UNIT         ?PR?_DISPPICFROMSD?LCD
            CODE    243DH     00B3H     UNIT         ?PR?MMC_SD_RESET?MMC_SD
            CODE    24F0H     00B2H     UNIT         ?PR?USBXCORE_GET_DESCRIPTOR?USB_API
            CODE    25A2H     00AFH     UNIT         ?PR?_BLOCK_READ?BLOCK_READ
            CODE    2651H     00A4H     UNIT         ?PR?_DISPONECHAR?LCD
            CODE    26F5H     0099H     UNIT         ?PR?_?BLOCKWRITE?LCD
            CODE    278EH     0097H     UNIT         ?PR?DISPFRAME?LCD
            CODE    2825H     0095H     UNIT         ?PR?_DISPINT?LCD
            CODE    28BAH     008EH     UNIT         ?PR?DISPSCALEVER_GREEN?LCD
            CODE    2948H     008CH     UNIT         ?C_C51STARTUP
            CODE    29D4H     0089H     UNIT         ?PR?DISPGRAYHOR16?LCD
            CODE    2A5DH     0082H     UNIT         ?PR?_DISPSTR?LCD
            CODE    2ADFH     007FH     UNIT         ?PR?DISPSCALEVER_RED?LCD
            CODE    2B5EH     007FH     UNIT         ?PR?DISPSCALEVER_GRAY?LCD
            CODE    2BDDH     007EH     UNIT         ?PR?_MMC_SD_WRITESINGLEBLOCK?MMC_SD
            CODE    2C5BH     0075H     UNIT         ?PR?_DRAWGIRD?LCD
            CODE    2CD0H     0073H     UNIT         ?PR?TP_READ?TP
            CODE    2D43H     0073H     UNIT         ?PR?USBXCORE_GET_STATUS?USB_API
            CODE    2DB6H     006CH     UNIT         ?PR?DEVICES_INIT?MAIN
            CODE    2E22H     006AH     UNIT         ?PR?DISPGRAYHOR32?LCD
            CODE    2E8CH     0065H     UNIT         ?PR?_MMC_SD_READSINGLEBLOCK?MMC_SD
            CODE    2EF1H     0064H     UNIT         ?PR?DISPSCALEVER_BLUE?LCD
            CODE    2F55H     0064H     UNIT         ?PR?_DRAWLINE?LCD
            CODE    2FB9H     0061H     UNIT         ?PR?_MMC_SD_SENDCOMMAND?MMC_SD
            CODE    301AH     005BH     UNIT         ?PR?_TOORD?LCD
            CODE    3075H     005AH     UNIT         ?PR?USBXCORE_SET_CONFIGURATION?USB_API
            CODE    30CFH     0058H     UNIT         ?PR?USBXCORE_CLEAR_FEATURE?USB_API
            CODE    3127H     0057H     UNIT         ?PR?USBXCORE_SET_FEATURE?USB_API
            CODE    317EH     0050H     UNIT         ?CO?MAIN
            CODE    31CEH     004CH     UNIT         ?PR?_STOPDELAY?MAIN
            CODE    321AH     0049H     UNIT         ?PR?MAIN?MAIN
            CODE    3263H     0047H     UNIT         ?PR?USBXCORE_GET_CONFIGURATION?USB_API
            CODE    32AAH     0042H     UNIT         ?PR?_PUTPIXEL?LCD
            CODE    32ECH     003AH     UNIT         ?CO?USB_API
            CODE    3326H     0038H     UNIT         ?PR?USB_CLOCK_START?USB_CLOCK_START
            CODE    335EH     0031H     UNIT         ?PR?_WRITEDATA?LCD
            CODE    338FH     002DH     UNIT         ?C_INITSEG
            CODE    33BCH     002DH     UNIT         ?PR?_WRITECOMM?LCD
            CODE    33E9H     002BH     UNIT         ?PR?USB_SUSPEND?USB_SUSPEND
            CODE    3414H     0029H     UNIT         ?PR?_DISPCOLOR?LCD
            CODE    343DH     0027H     UNIT         ?PR?USBXCORE_USB_RESET?USB_API
            CODE    3464H     0027H     UNIT         ?PR?USBXCORE_GET_INTERFACE?USB_API
            CODE    348BH     0026H     UNIT         ?PR?_TP_WRITE?TP
            CODE    34B1H     0022H     UNIT         ?PR?USBXCORE_JUMP_ISR?USB_JUMP_ISR
BL51 BANKED LINKER/LOCATER V6.22                                                      03/12/2019  16:09:56  PAGE 4


            CODE    34D3H     0020H     UNIT         ?PR?USBXCORE_SET_ADDRESS?USB_API
            CODE    34F3H     001FH     UNIT         ?PR?_DELAY?MAIN
            CODE    3512H     001DH     UNIT         ?PR?USBXCORE_FORCE_STALL?USB_API
            CODE    352FH     0019H     UNIT         ?PR?USB_INT_ENABLE?USB_INT_ENABLE
            CODE    3548H     0016H     UNIT         ?PR?_SPI_WRITEBYTE?MMC_SD
            CODE    355EH     0014H     UNIT         ?PR?USBXCORE_SET_SOP?USB_API
            CODE    3572H     0013H     UNIT         ?PR?WAITKEY?MAIN
            CODE    3585H     0013H     UNIT         ?PR?READDATA?LCD
            CODE    3598H     0011H     UNIT         ?PR?SD_INIT?MMC_SD
            CODE    35A9H     000EH     UNIT         ?PR?GET_INTERRUPT_SOURCE?GET_INTERRUPT_SOURCE
            CODE    35B7H     000CH     UNIT         ?PR?USBXCORE_CLKREC?USB_CLOCK_RECOVERY
            CODE    35C3H     000BH     UNIT         ?PR?SPI_READBYTE?MMC_SD
            CODE    35CEH     0009H     UNIT         ?PR?_WRITEONEDOT?LCD



OVERLAY MAP OF MODULE:   ST7789V_HSD154_3W2L (MAIN)


SEGMENT                                            DATA_GROUP          XDATA_GROUP
  +--> CALLED SEGMENT                            START    LENGTH     START    LENGTH
------------------------------------------------------------------------------------
?PR?USB_API_TEST_ISR?MAIN                        0008H    0001H      -----    -----
  +--> ?PR?GET_INTERRUPT_SOURCE?GET_INTERRUP...
  +--> ?PR?_BLOCK_READ?BLOCK_READ
  +--> ?PR?SUSPEND_DEVICE?MAIN
  +--> ?PR?MCU_INIT?MAIN
  +--> ?PR?_?BLOCKWRITE?LCD

?PR?SUSPEND_DEVICE?MAIN                          -----    -----      -----    -----
  +--> ?PR?USB_SUSPEND?USB_SUSPEND

?PR?USB_SUSPEND?USB_SUSPEND                      -----    -----      -----    -----
  +--> ?PR?USB_CLOCK_START?USB_CLOCK_START

?PR?_?BLOCKWRITE?LCD                             -----    -----      -----    -----
  +--> ?PR?_WRITECOMM?LCD
  +--> ?PR?_WRITEDATA?LCD

?PR?_WRITECOMM?LCD                               002CH    0001H      -----    -----

?PR?_WRITEDATA?LCD                               002CH    0001H      -----    -----

*** NEW ROOT ***************************************************

?PR?USBXCORE_USB_ISR?USB_API                     -----    -----      -----    -----
  +--> ?PR?USBXCORE_USB_RESET?USB_API
  +--> ?PR?USBXCORE_HANDLE_SETUP?USB_API
  +--> ?PR?USBXCORE_JUMP_ISR?USB_JUMP_ISR

?PR?USBXCORE_HANDLE_SETUP?USB_API                -----    -----      -----    -----
  +--> ?PR?USBXCORE_GET_STATUS?USB_API
  +--> ?PR?USBXCORE_CLEAR_FEATURE?USB_API
  +--> ?PR?USBXCORE_VENDOR_USB_API?USB_API
  +--> ?PR?USBXCORE_SET_FEATURE?USB_API
  +--> ?PR?USBXCORE_SET_ADDRESS?USB_API
  +--> ?PR?USBXCORE_GET_DESCRIPTOR?USB_API
BL51 BANKED LINKER/LOCATER V6.22                                                      03/12/2019  16:09:56  PAGE 5


  +--> ?PR?USBXCORE_GET_CONFIGURATION?USB_API
  +--> ?PR?USBXCORE_SET_CONFIGURATION?USB_API
  +--> ?PR?USBXCORE_GET_INTERFACE?USB_API
  +--> ?PR?USBXCORE_SET_SOP?USB_API
  +--> ?PR?USBXCORE_FORCE_STALL?USB_API

?PR?USBXCORE_GET_STATUS?USB_API                  -----    -----      -----    -----
  +--> ?CO?USB_API
  +--> ?PR?USBXCORE_FORCE_STALL?USB_API
  +--> ?PR?USBXCORE_SET_SOP?USB_API

?PR?USBXCORE_CLEAR_FEATURE?USB_API               -----    -----      -----    -----
  +--> ?PR?USBXCORE_FORCE_STALL?USB_API
  +--> ?PR?USBXCORE_SET_SOP?USB_API

?PR?USBXCORE_VENDOR_USB_API?USB_API              -----    -----      -----    -----
  +--> ?PR?USBXCORE_SET_SOP?USB_API

?PR?USBXCORE_SET_FEATURE?USB_API                 -----    -----      -----    -----
  +--> ?PR?USBXCORE_FORCE_STALL?USB_API
  +--> ?PR?USBXCORE_SET_SOP?USB_API

?PR?USBXCORE_SET_ADDRESS?USB_API                 -----    -----      -----    -----
  +--> ?PR?USBXCORE_SET_SOP?USB_API

?PR?USBXCORE_GET_DESCRIPTOR?USB_API              -----    -----      -----    -----
  +--> ?PR?USBXCORE_FORCE_STALL?USB_API
  +--> ?PR?USBXCORE_SET_SOP?USB_API

?PR?USBXCORE_GET_CONFIGURATION?USB_API           -----    -----      -----    -----
  +--> ?CO?USB_API
  +--> ?PR?USBXCORE_SET_SOP?USB_API

?PR?USBXCORE_SET_CONFIGURATION?USB_API           -----    -----      -----    -----
  +--> ?PR?USBXCORE_SET_SOP?USB_API

?PR?USBXCORE_GET_INTERFACE?USB_API               -----    -----      -----    -----
  +--> ?CO?USB_API
  +--> ?PR?USBXCORE_SET_SOP?USB_API

*** NEW ROOT ***************************************************

?C_C51STARTUP                                    -----    -----      -----    -----
  +--> ?PR?MAIN?MAIN
  +--> ?C_INITSEG

?PR?MAIN?MAIN                                    000AH    0001H      -----    -----
  +--> ?PR?DEVICES_INIT?MAIN
  +--> ?PR?_DISPCOLOR?LCD
  +--> ?PR?_STOPDELAY?MAIN
  +--> ?PR?DISPFRAME?LCD
  +--> ?PR?DISPGRAYHOR16?LCD
  +--> ?PR?WAITKEY?MAIN
  +--> ?PR?TP_DRAWLINE?TP

?PR?DEVICES_INIT?MAIN                            -----    -----      -----    -----
  +--> ?PR?MCU_INIT?MAIN
BL51 BANKED LINKER/LOCATER V6.22                                                      03/12/2019  16:09:56  PAGE 6


  +--> ?PR?USB_CLOCK_START?USB_CLOCK_START
  +--> ?CO?MAIN
  +--> ?PR?_USB_INIT?USB_API
  +--> ?PR?USB_INT_ENABLE?USB_INT_ENABLE
  +--> ?PR?LCD_INIT?LCD

?PR?_USB_INIT?USB_API                            -----    -----      0200H    0011H
  +--> ?CO?USB_API
  +--> ?PR?USBXCORE_CLKREC?USB_CLOCK_RECOVERY

?PR?LCD_INIT?LCD                                 -----    -----      -----    -----
  +--> ?PR?READDATA?LCD
  +--> ?PR?_DELAY?MAIN
  +--> ?PR?_WRITECOMM?LCD
  +--> ?PR?_WRITEDATA?LCD

?PR?READDATA?LCD                                 -----    -----      -----    -----
  +--> ?PR?_LCD_READ_IC_ID?LCD

?PR?_LCD_READ_IC_ID?LCD                          0014H    0007H      -----    -----

?PR?_DISPCOLOR?LCD                               000BH    0002H      -----    -----
  +--> ?PR?_?BLOCKWRITE?LCD
  +--> ?PR?_WRITEDISPDATA?LCD

?PR?_STOPDELAY?MAIN                              000BH    0004H      -----    -----
  +--> ?PR?WAITKEY?MAIN
  +--> ?PR?_DELAY?MAIN

?PR?WAITKEY?MAIN                                 -----    -----      -----    -----
  +--> ?PR?CONNTOUSB?MAIN
  +--> ?PR?_DELAY?MAIN

?PR?CONNTOUSB?MAIN                               000FH    0005H      0200H    0058H
  +--> ?CO?MAIN
  +--> ?PR?_WRITECOMM?LCD
  +--> ?PR?_WRITEDATA?LCD
  +--> ?PR?_DISPSTR?LCD
  +--> ?PR?_DISPINT?LCD
  +--> ?PR?_WRITEDISPDATA?LCD
  +--> ?PR?_MMC_SD_WRITESINGLEBLOCK?MMC_SD
  +--> ?PR?_BLOCK_WRITE?BLOCK_WRITE
  +--> ?PR?READDATA?LCD
  +--> ?PR?_DELAY?MAIN

?PR?_DISPSTR?LCD                                 0014H    000BH      -----    -----
  +--> ?PR?_TOORD?LCD
  +--> ?PR?_DISPONECHAR?LCD

?PR?_DISPONECHAR?LCD                             001FH    000DH      -----    -----
  +--> ?PR?_?BLOCKWRITE?LCD
  +--> ?CO?LCD
  +--> ?PR?_WRITEONEDOT?LCD

?PR?_WRITEONEDOT?LCD                             -----    -----      -----    -----
  +--> ?PR?_WRITEDISPDATA?LCD

BL51 BANKED LINKER/LOCATER V6.22                                                      03/12/2019  16:09:56  PAGE 7


?PR?_DISPINT?LCD                                 0014H    000AH      -----    -----
  +--> ?PR?_DISPONECHAR?LCD

?PR?_MMC_SD_WRITESINGLEBLOCK?MMC_SD              0014H    0004H      -----    -----
  +--> ?PR?_MMC_SD_SENDCOMMAND?MMC_SD
  +--> ?PR?_SPI_WRITEBYTE?MMC_SD

?PR?_MMC_SD_SENDCOMMAND?MMC_SD                   0018H    0005H      -----    -----
  +--> ?PR?_SPI_WRITEBYTE?MMC_SD

?PR?DISPFRAME?LCD                                -----    -----      -----    -----
  +--> ?PR?_?BLOCKWRITE?LCD
  +--> ?PR?_WRITEDISPDATA?LCD

?PR?DISPGRAYHOR16?LCD                            000BH    0004H      -----    -----
  +--> ?PR?_?BLOCKWRITE?LCD
  +--> ?PR?_WRITEDISPDATA?LCD

?PR?TP_DRAWLINE?TP                               -----    -----      0200H    0018H
  +--> ?PR?_DELAY?MAIN
  +--> ?PR?_TP_GETPOSITION?TP
  +--> ?PR?_PUTPIXEL?LCD
  +--> ?PR?_DISPCOLOR?LCD

?PR?_TP_GETPOSITION?TP                           -----    -----      0218H    001BH
  +--> ?PR?_TP_WRITE?TP
  +--> ?PR?TP_READ?TP

?PR?_TP_WRITE?TP                                 -----    -----      0233H    0001H

?PR?TP_READ?TP                                   -----    -----      0233H    0005H

?PR?_PUTPIXEL?LCD                                000BH    0002H      -----    -----
  +--> ?PR?_?BLOCKWRITE?LCD
  +--> ?PR?_WRITEDISPDATA?LCD



SYMBOL TABLE OF MODULE:  ST7789V_HSD154_3W2L (MAIN)

  VALUE           TYPE          NAME
  ----------------------------------

  -------         MODULE        MAIN
  C:0000H         SYMBOL        _ICE_DUMMY_
  D:0080H         PUBLIC        P0
  D:002DH         PUBLIC        f_down
  D:0090H         PUBLIC        P1
  D:00A0H         PUBLIC        P2
  D:00B0H         PUBLIC        P3
  C:31C9H         PUBLIC        USB_MaxPower
  B:00B0H.6       PUBLIC        KEY_STEP
  D:00A4H         PUBLIC        P0MDOUT
  D:00A5H         PUBLIC        P1MDOUT
  D:00A6H         PUBLIC        P2MDOUT
  D:00A7H         PUBLIC        P3MDOUT
  D:00AEH         PUBLIC        P4MDOUT
BL51 BANKED LINKER/LOCATER V6.22                                                      03/12/2019  16:09:56  PAGE 8


  B:0080H.6       PUBLIC        OE
  D:00D9H         PUBLIC        PCA0MD
  C:20AAH         PUBLIC        USB_API_TEST_ISR
  C:0088H         PUBLIC        Suspend_Device
  C:31D2H         PUBLIC        _StopDelay
  D:00E1H         PUBLIC        XBR0
  D:00E2H         PUBLIC        XBR1
  B:00B0H.1       PUBLIC        RS
  C:321AH         PUBLIC        main
  D:002EH         PUBLIC        VerifyCode0
  D:002FH         PUBLIC        VerifyCode1
  C:3193H         PUBLIC        USB_PID
  D:0030H         PUBLIC        VerifyCode2
  D:00F1H         PUBLIC        P0MDIN
  D:00F2H         PUBLIC        P1MDIN
  C:3195H         PUBLIC        USB_MfrStr
  D:00F4H         PUBLIC        P3MDIN
  C:3191H         PUBLIC        USB_VID
  D:00F8H         PUBLIC        SPI0CN
  D:0031H         PUBLIC        pic
  C:2DB6H         PUBLIC        Devices_Init
  C:068EH         PUBLIC        ConnToUSB
  D:00A9H         PUBLIC        CLKSEL
  D:00B2H         PUBLIC        OSCICN
  C:31CAH         PUBLIC        USB_PwAttributes
  C:3572H         PUBLIC        WaitKey
  C:31CDH         SYMBOL        _?ix1000
  B:00B0H.0       PUBLIC        CS0
  D:0032H         PUBLIC        bf
  C:31CBH         PUBLIC        USB_bcdDevice
  D:00B9H         PUBLIC        CLKMUL
  D:0034H         PUBLIC        f_debug
  D:0035H         PUBLIC        sd
  X:0258H         PUBLIC        Packet
  C:0046H         PUBLIC        MCU_Init
  B:0080H.7       PUBLIC        DIR
  D:00EFH         PUBLIC        RSTSRC
  D:0039H         PUBLIC        f_read
  C:31BFH         PUBLIC        USB_SerialStr
  D:003AH         PUBLIC        f_other
  C:31AFH         PUBLIC        USB_ProductStr
  D:003BH         PUBLIC        f_para
  D:00A1H         PUBLIC        SPI0CFG
  C:34F3H         PUBLIC        _Delay
  B:00B0H.7       PUBLIC        KEY_Stop
  D:003CH         PUBLIC        f_init
  -------         PROC          MAIN
  -------         DO            
  D:000AH         SYMBOL        n
  -------         ENDDO         
  C:321AH         LINE#         40
  C:321AH         LINE#         41
  C:321AH         LINE#         46
  C:321DH         LINE#         48
  C:3220H         LINE#         49
  C:3220H         LINE#         52
  C:322AH         LINE#         53
BL51 BANKED LINKER/LOCATER V6.22                                                      03/12/2019  16:09:56  PAGE 9


  C:3230H         LINE#         55
  C:323AH         LINE#         56
  C:3244H         LINE#         57
  C:324EH         LINE#         59
  C:3254H         LINE#         61
  C:325DH         LINE#         65
  C:3260H         LINE#         67
  C:3262H         LINE#         68
  -------         ENDPROC       MAIN
  -------         PROC          _DELAY
  D:0006H         SYMBOL        dly
  -------         DO            
  D:0004H         SYMBOL        i
  D:0002H         SYMBOL        j
  -------         ENDDO         
  C:34F3H         LINE#         71
  C:34F3H         LINE#         72
  C:34F3H         LINE#         75
  C:34FDH         LINE#         76
  C:3511H         LINE#         77
  -------         ENDPROC       _DELAY
  C:31CEH         SYMBOL        L?0133
  -------         PROC          L?0132
  -------         ENDPROC       L?0132
  C:31CEH         SYMBOL        L?0133
  -------         PROC          _STOPDELAY
  D:000BH         SYMBOL        sdly
  -------         DO            
  D:0006H         SYMBOL        i
  D:0004H         SYMBOL        j
  D:000DH         SYMBOL        k
  -------         ENDDO         
  C:31D2H         LINE#         79
  C:31D6H         LINE#         80
  C:31D6H         LINE#         82
  C:31DBH         LINE#         83
  C:31DBH         LINE#         84
  C:31DEH         LINE#         85
  C:31DEH         LINE#         86
  C:31EAH         LINE#         87
  C:31FEH         LINE#         88
  C:31FEH         LINE#         90
  C:31FEH         LINE#         91
  C:3208H         LINE#         92
  C:3208H         LINE#         93
  C:3219H         LINE#         94
  -------         ENDPROC       _STOPDELAY
  -------         PROC          WAITKEY
  C:3572H         LINE#         123
  C:3572H         LINE#         124
  C:3572H         LINE#         126
  C:3575H         LINE#         127
  C:3575H         LINE#         129
  C:3578H         LINE#         131
  C:357AH         LINE#         132
  C:3581H         LINE#         133
  C:3584H         LINE#         135
BL51 BANKED LINKER/LOCATER V6.22                                                      03/12/2019  16:09:56  PAGE 10


  -------         ENDPROC       WAITKEY
  -------         PROC          CONNTOUSB
  -------         DO            
  D:000FH         SYMBOL        i
  X:0200H         SYMBOL        reg_data
  X:0218H         SYMBOL        para_data
  D:0007H         SYMBOL        dat
  D:0010H         SYMBOL        reg_index
  D:0012H         SYMBOL        data_num
  D:0013H         SYMBOL        st
  -------         ENDDO         
  C:068EH         LINE#         140
  C:068EH         LINE#         141
  C:068EH         LINE#         148
  C:06A1H         LINE#         150
  C:06A8H         LINE#         151
  C:06A8H         LINE#         152
  C:06ABH         LINE#         153
  C:06ABH         LINE#         154
  C:06BDH         LINE#         155
  C:06BDH         LINE#         156
  C:06E4H         LINE#         157
  C:06E6H         LINE#         158
  C:06FAH         LINE#         159
  C:06FAH         LINE#         160
  C:0721H         LINE#         162
  C:0721H         LINE#         163
  C:0721H         LINE#         164
  C:0721H         LINE#         166
  C:0721H         LINE#         167
  C:072AH         LINE#         168
  C:0734H         LINE#         169
  C:073EH         LINE#         171
  C:0759H         LINE#         173
  C:0763H         LINE#         174
  C:0763H         LINE#         175
  C:0766H         LINE#         176
  C:0766H         LINE#         177
  C:0778H         LINE#         178
  C:0778H         LINE#         179
  C:07CAH         LINE#         180
  C:07CCH         LINE#         181
  C:07E0H         LINE#         182
  C:07E0H         LINE#         183
  C:0833H         LINE#         184
  C:0833H         LINE#         185
  C:0833H         LINE#         186
  C:0833H         LINE#         188
  C:0833H         LINE#         189
  C:083FH         LINE#         190
  C:083FH         LINE#         191
  C:0849H         LINE#         192
  C:0853H         LINE#         194
  C:0856H         LINE#         195
  C:0859H         LINE#         199
  C:0860H         LINE#         200
  C:0860H         LINE#         201
BL51 BANKED LINKER/LOCATER V6.22                                                      03/12/2019  16:09:56  PAGE 11


  C:086DH         LINE#         202
  C:086DH         LINE#         203
  C:086FH         LINE#         205
  C:0871H         LINE#         206
  C:088EH         LINE#         207
  C:0890H         LINE#         209
  C:08B3H         LINE#         210
  C:08D6H         LINE#         211
  C:08DFH         LINE#         212
  C:08DFH         LINE#         213
  C:08E7H         LINE#         214
  C:08EDH         LINE#         215
  C:08F8H         LINE#         216
  C:08FDH         LINE#         217
  C:08FDH         LINE#         218
  C:0904H         LINE#         220
  C:0907H         LINE#         221
  C:0912H         LINE#         222
  C:0915H         LINE#         225
  C:091CH         LINE#         226
  C:091CH         LINE#         227
  C:0925H         LINE#         228
  C:0925H         LINE#         229
  C:0932H         LINE#         230
  C:0932H         LINE#         231
  C:0934H         LINE#         233
  C:0936H         LINE#         234
  C:0953H         LINE#         235
  C:0955H         LINE#         237
  C:0978H         LINE#         238
  C:099BH         LINE#         240
  C:09A4H         LINE#         241
  C:09A4H         LINE#         242
  C:09ACH         LINE#         243
  C:09B2H         LINE#         244
  C:09BDH         LINE#         245
  C:09C2H         LINE#         246
  C:09C2H         LINE#         248
  C:09C9H         LINE#         254
  C:09C9H         LINE#         255
  C:09D3H         LINE#         256
  C:09D3H         LINE#         257
  C:09D5H         LINE#         259
  C:09D7H         LINE#         260
  C:09F4H         LINE#         261
  C:09F6H         LINE#         263
  C:09FCH         LINE#         264
  C:09FFH         LINE#         265
  C:0A0AH         LINE#         266
  C:0A0AH         LINE#         267
  C:0A0DH         LINE#         270
  C:0A14H         LINE#         271
  C:0A14H         LINE#         272
  C:0A21H         LINE#         273
  C:0A21H         LINE#         274
  C:0A2FH         LINE#         275
  C:0A2FH         LINE#         276
BL51 BANKED LINKER/LOCATER V6.22                                                      03/12/2019  16:09:56  PAGE 12


  C:0A4EH         LINE#         277
  C:0A50H         LINE#         278
  C:0A5FH         LINE#         279
  C:0A5FH         LINE#         280
  C:0A7EH         LINE#         281
  C:0A80H         LINE#         282
  C:0A90H         LINE#         283
  C:0A90H         LINE#         284
  C:0A9AH         LINE#         285
  C:0AA4H         LINE#         286
  C:0AA4H         LINE#         287
  C:0AA4H         LINE#         288
  C:0AA4H         LINE#         290
  C:0AA4H         LINE#         291
  C:0AADH         LINE#         292
  C:0AB0H         LINE#         293
  C:0ABBH         LINE#         294
  C:0ABEH         LINE#         297
  C:0AC5H         LINE#         298
  C:0AC5H         LINE#         299
  C:0AC8H         LINE#         300
  C:0ADCH         LINE#         302
  C:0AE4H         LINE#         303
  C:0AF2H         LINE#         305
  C:0AFAH         LINE#         306
  C:0AFAH         LINE#         307
  C:0B01H         LINE#         308
  C:0B0BH         LINE#         309
  C:0B0BH         LINE#         310
  C:0B0EH         LINE#         311
  C:0B1BH         LINE#         312
  C:0B28H         LINE#         313
  C:0B2EH         LINE#         314
  C:0B2EH         LINE#         316
  C:0B31H         LINE#         317
  C:0B3FH         LINE#         319
  C:0B46H         LINE#         320
  C:0B61H         LINE#         321
  C:0B6BH         LINE#         322
  C:0B6BH         LINE#         323
  C:0B8BH         LINE#         324
  C:0B98H         LINE#         325
  C:0B98H         LINE#         326
  C:0BEBH         LINE#         327
  C:0BF1H         LINE#         328
  C:0BF1H         LINE#         329
  C:0BF1H         LINE#         332
  C:0BF5H         LINE#         333
  C:0BF5H         LINE#         334
  C:0BF8H         LINE#         335
  C:0C0CH         LINE#         337
  C:0C11H         LINE#         338
  C:0C15H         LINE#         339
  C:0C18H         LINE#         340
  C:0C1CH         LINE#         342
  C:0C1FH         LINE#         343
  C:0C2BH         LINE#         344
BL51 BANKED LINKER/LOCATER V6.22                                                      03/12/2019  16:09:56  PAGE 13


  C:0C2DH         LINE#         345
  -------         ENDPROC       CONNTOUSB
  -------         PROC          MCU_INIT
  -------         DO            
  D:0007H         SYMBOL        n
  -------         ENDDO         
  C:0046H         LINE#         348
  C:0046H         LINE#         349
  C:0046H         LINE#         351
  C:0049H         LINE#         354
  C:004CH         LINE#         355
  C:004FH         LINE#         357
  C:0052H         LINE#         359
  C:0057H         LINE#         361
  C:005AH         LINE#         362
  C:005FH         LINE#         363
  C:0062H         LINE#         365
  C:0065H         LINE#         368
  C:0068H         LINE#         369
  C:006BH         LINE#         371
  C:006EH         LINE#         372
  C:0071H         LINE#         374
  C:0074H         LINE#         375
  C:0077H         LINE#         377
  C:007AH         LINE#         378
  C:007DH         LINE#         379
  C:007FH         LINE#         380
  C:0081H         LINE#         382
  C:0084H         LINE#         383
  C:0087H         LINE#         385
  -------         ENDPROC       MCU_INIT
  -------         PROC          DEVICES_INIT
  C:2DB6H         LINE#         387
  C:2DB6H         LINE#         388
  C:2DB6H         LINE#         390
  C:2DB9H         LINE#         393
  C:2DBCH         LINE#         394
  C:2E16H         LINE#         395
  C:2E19H         LINE#         398
  C:2E1CH         LINE#         399
  C:2E1FH         LINE#         407
  -------         ENDPROC       DEVICES_INIT
  -------         PROC          SUSPEND_DEVICE
  C:0088H         LINE#         411
  C:0088H         LINE#         412
  C:0088H         LINE#         413
  -------         ENDPROC       SUSPEND_DEVICE
  -------         PROC          USB_API_TEST_ISR
  -------         DO            
  D:0008H         SYMBOL        INTVAL
  -------         ENDDO         
  C:20AAH         LINE#         417
  C:20C7H         LINE#         419
  C:20CCH         LINE#         421
  C:20D1H         LINE#         422
  C:20D1H         LINE#         423
  C:20DCH         LINE#         425
BL51 BANKED LINKER/LOCATER V6.22                                                      03/12/2019  16:09:56  PAGE 14


  C:20EEH         LINE#         426
  C:20EEH         LINE#         427
  C:20F1H         LINE#         428
  C:20F3H         LINE#         429
  C:2103H         LINE#         430
  C:2103H         LINE#         431
  C:2106H         LINE#         432
  C:2108H         LINE#         433
  C:2119H         LINE#         434
  C:2119H         LINE#         435
  C:211CH         LINE#         436
  C:211EH         LINE#         437
  C:2130H         LINE#         438
  C:2130H         LINE#         439
  C:2133H         LINE#         440
  C:2135H         LINE#         441
  C:2145H         LINE#         442
  C:2145H         LINE#         443
  C:2148H         LINE#         444
  C:214AH         LINE#         446
  C:214AH         LINE#         447
  C:214DH         LINE#         448
  C:214DH         LINE#         449
  C:214DH         LINE#         451
  C:214DH         LINE#         452
  C:214DH         LINE#         454
  C:214DH         LINE#         456
  C:2152H         LINE#         457
  C:2152H         LINE#         458
  C:2155H         LINE#         459
  C:2155H         LINE#         461
  C:215AH         LINE#         462
  C:215AH         LINE#         463
  C:215DH         LINE#         464
  C:215DH         LINE#         466
  C:2162H         LINE#         467
  C:2162H         LINE#         468
  C:217CH         LINE#         469
  C:217CH         LINE#         471
  C:2181H         LINE#         472
  C:2181H         LINE#         473
  C:2183H         LINE#         474
  C:219DH         LINE#         475
  C:219DH         LINE#         476
  -------         ENDPROC       USB_API_TEST_ISR
  -------         ENDMOD        MAIN

  -------         MODULE        MMC_SD
  C:0000H         SYMBOL        _ICE_DUMMY_
  D:00A2H         PUBLIC        SPI0CKR
  D:0080H         PUBLIC        P0
  D:0090H         PUBLIC        P1
  D:00A0H         PUBLIC        P2
  D:00B0H         PUBLIC        P3
  C:2FB9H         PUBLIC        _MMC_SD_SendCommand
  C:2E8CH         PUBLIC        _MMC_SD_ReadSingleBlock
  C:3598H         PUBLIC        SD_Init
BL51 BANKED LINKER/LOCATER V6.22                                                      03/12/2019  16:09:56  PAGE 15


  C:2BDDH         PUBLIC        _MMC_SD_WriteSingleBlock
  B:00F8H.7       PUBLIC        SPIF
  B:00F8H.2       PUBLIC        NSSMD0
  C:243DH         PUBLIC        MMC_SD_Reset
  D:00A9H         PUBLIC        CLKSEL
  C:35C3H         PUBLIC        SPI_ReadByte
  C:3554H         PUBLIC        _SPI_WriteByte
  D:00A3H         PUBLIC        SPI0DAT
  X:0000H         PUBLIC        buffer
  C:3548H         SYMBOL        L?0062
  C:354DH         SYMBOL        L?0063
  -------         PROC          L?0061
  -------         ENDPROC       L?0061
  C:3548H         SYMBOL        L?0062
  C:354DH         SYMBOL        L?0063
  -------         PROC          _SPI_WRITEBYTE
  D:0007H         SYMBOL        val
  -------         DO            
  D:0007H         SYMBOL        ret
  -------         ENDDO         
  C:3554H         LINE#         7
  C:3554H         LINE#         8
  C:3554H         LINE#         11
  C:3556H         LINE#         12
  C:3559H         LINE#         13
  C:355BH         LINE#         14
  C:355DH         LINE#         15
  C:355DH         LINE#         16
  -------         ENDPROC       _SPI_WRITEBYTE
  -------         PROC          SPI_READBYTE
  -------         DO            
  D:0007H         SYMBOL        ret
  -------         ENDDO         
  C:35C3H         LINE#         18
  C:35C3H         LINE#         19
  C:35C3H         LINE#         22
  C:35C6H         LINE#         23
  C:35C9H         LINE#         24
  C:35CBH         LINE#         25
  C:35CDH         LINE#         26
  C:35CDH         LINE#         27
  -------         ENDPROC       SPI_READBYTE
  -------         PROC          _MMC_SD_SENDCOMMAND
  D:0006H         SYMBOL        cmd
  D:0019H         SYMBOL        arg
  -------         DO            
  D:0007H         SYMBOL        r1
  D:0003H         SYMBOL        retry
  -------         ENDDO         
  C:2FB9H         LINE#         30
  C:2FBBH         LINE#         31
  C:2FBBH         LINE#         33
  C:2FBDH         LINE#         35
  C:2FBDH         LINE#         36
  C:2FBDH         LINE#         37
  C:2FC0H         LINE#         38
  C:2FC0H         LINE#         39
BL51 BANKED LINKER/LOCATER V6.22                                                      03/12/2019  16:09:56  PAGE 16


  C:2FC0H         LINE#         40
  C:2FC3H         LINE#         42
  C:2FC5H         LINE#         44
  C:2FCCH         LINE#         45
  C:2FDCH         LINE#         46
  C:2FECH         LINE#         47
  C:2FFCH         LINE#         48
  C:3001H         LINE#         49
  C:3006H         LINE#         51
  C:300EH         LINE#         52
  C:3017H         LINE#         54
  C:3019H         LINE#         56
  C:3019H         LINE#         57
  -------         ENDPROC       _MMC_SD_SENDCOMMAND
  -------         PROC          MMC_SD_RESET
  -------         DO            
  D:0005H         SYMBOL        i
  D:0002H         SYMBOL        retry
  D:0006H         SYMBOL        r1
  -------         ENDDO         
  C:243DH         LINE#         59
  C:243DH         LINE#         60
  C:243DH         LINE#         63
  C:243FH         LINE#         65
  C:2440H         LINE#         66
  C:2443H         LINE#         67
  C:2446H         LINE#         69
  C:2446H         LINE#         70
  C:2451H         LINE#         71
  C:2460H         LINE#         72
  C:2461H         LINE#         73
  C:2467H         LINE#         74
  C:246AH         LINE#         76
  C:246CH         LINE#         78
  C:246CH         LINE#         80
  C:246CH         LINE#         81
  C:247CH         LINE#         82
  C:247DH         LINE#         83
  C:2486H         LINE#         84
  C:2489H         LINE#         86
  C:248BH         LINE#         87
  C:249AH         LINE#         88
  C:249BH         LINE#         89
  C:24A4H         LINE#         90
  C:24A7H         LINE#         92
  C:24AAH         LINE#         93
  C:24AAH         LINE#         94
  C:24ACH         LINE#         96
  C:24ACH         LINE#         97
  C:24BCH         LINE#         98
  C:24BDH         LINE#         99
  C:24C6H         LINE#         100
  C:24C9H         LINE#         101
  C:24C9H         LINE#         102
  C:24D9H         LINE#         104
  C:24E8H         LINE#         105
  C:24EBH         LINE#         106
BL51 BANKED LINKER/LOCATER V6.22                                                      03/12/2019  16:09:56  PAGE 17


  C:24EEH         LINE#         107
  C:24EFH         LINE#         108
  -------         ENDPROC       MMC_SD_RESET
  -------         PROC          _MMC_SD_READSINGLEBLOCK
  D:0059H         SYMBOL        sector
  -------         DO            
  D:0007H         SYMBOL        r1
  D:0004H         SYMBOL        i
  D:0002H         SYMBOL        retry
  -------         ENDDO         
  C:2E8CH         LINE#         110
  C:2E94H         LINE#         111
  C:2E94H         LINE#         114
  C:2E96H         LINE#         116
  C:2E99H         LINE#         118
  C:2E99H         LINE#         119
  C:2EB3H         LINE#         120
  C:2EB4H         LINE#         121
  C:2EBDH         LINE#         122
  C:2EC0H         LINE#         125
  C:2EC2H         LINE#         127
  C:2EC8H         LINE#         129
  C:2ECBH         LINE#         130
  C:2ECBH         LINE#         131
  C:2EDAH         LINE#         132
  C:2EE7H         LINE#         134
  C:2EE7H         LINE#         135
  C:2EEAH         LINE#         137
  C:2EECH         LINE#         138
  C:2EEFH         LINE#         139
  C:2EF0H         LINE#         140
  -------         ENDPROC       _MMC_SD_READSINGLEBLOCK
  -------         PROC          _MMC_SD_WRITESINGLEBLOCK
  D:0014H         SYMBOL        sector
  -------         DO            
  D:0006H         SYMBOL        r1
  D:0004H         SYMBOL        i
  D:0002H         SYMBOL        retry
  -------         ENDDO         
  C:2BDDH         LINE#         142
  C:2BE5H         LINE#         143
  C:2BE5H         LINE#         146
  C:2BE7H         LINE#         148
  C:2BEAH         LINE#         150
  C:2BEAH         LINE#         151
  C:2C06H         LINE#         152
  C:2C07H         LINE#         153
  C:2C10H         LINE#         154
  C:2C13H         LINE#         158
  C:2C15H         LINE#         160
  C:2C1AH         LINE#         162
  C:2C1FH         LINE#         164
  C:2C21H         LINE#         165
  C:2C21H         LINE#         166
  C:2C30H         LINE#         167
  C:2C3DH         LINE#         169
  C:2C3DH         LINE#         170
BL51 BANKED LINKER/LOCATER V6.22                                                      03/12/2019  16:09:56  PAGE 18


  C:2C3DH         LINE#         172
  C:2C42H         LINE#         174
  C:2C49H         LINE#         175
  C:2C49H         LINE#         176
  C:2C4BH         LINE#         177
  C:2C4CH         LINE#         178
  C:2C4CH         LINE#         180
  C:2C54H         LINE#         182
  C:2C56H         LINE#         183
  C:2C59H         LINE#         184
  C:2C5AH         LINE#         185
  -------         ENDPROC       _MMC_SD_WRITESINGLEBLOCK
  -------         PROC          SD_INIT
  -------         DO            
  D:0001H         SYMBOL        n
  -------         ENDDO         
  C:3598H         LINE#         188
  C:3598H         LINE#         189
  C:3598H         LINE#         190
  C:359AH         LINE#         192
  C:35A0H         LINE#         193
  C:35A0H         LINE#         194
  C:35A1H         LINE#         195
  C:35A8H         LINE#         197
  -------         ENDPROC       SD_INIT
  -------         ENDMOD        MMC_SD

  -------         MODULE        LCD
  C:0000H         SYMBOL        _ICE_DUMMY_
  D:0080H         PUBLIC        P0
  C:278EH         PUBLIC        DispFrame
  D:0090H         PUBLIC        P1
  C:28BAH         PUBLIC        DispScaleVer_Green
  D:00A0H         PUBLIC        P2
  D:00B0H         PUBLIC        P3
  C:1995H         PUBLIC        DispBand
  C:3362H         PUBLIC        _WriteData
  C:008EH         PUBLIC        ascii
  C:1D56H         PUBLIC        _LCD_Read_IC_ID
  D:00A6H         PUBLIC        P2MDOUT
  C:3414H         PUBLIC        _DispColor
  C:2EF1H         PUBLIC        DispScaleVer_Blue
  C:2C5BH         PUBLIC        _DrawGird
  C:2F55H         PUBLIC        _DrawLine
  B:00D0H.7       PUBLIC        CY
  C:33BCH         PUBLIC        _WriteComm
  C:0018H         PUBLIC        _WriteDispData
  C:2B5EH         PUBLIC        DispScaleVer_Gray
  B:00B0H.1       PUBLIC        RS
  B:00A0H.1       PUBLIC        SPI_CLK
  C:2ADFH         PUBLIC        DispScaleVer_Red
  C:21B8H         PUBLIC        DispScaleVer
  C:2666H         PUBLIC        _DispOneChar
  C:2E22H         PUBLIC        DispGrayHor32
  C:29D4H         PUBLIC        DispGrayHor16
  C:2825H         PUBLIC        _DispInt
  C:32AAH         PUBLIC        _PutPixel
BL51 BANKED LINKER/LOCATER V6.22                                                      03/12/2019  16:09:56  PAGE 19


  D:00A9H         PUBLIC        CLKSEL
  B:0090H.6       PUBLIC        RD0
  B:00B0H.0       PUBLIC        CS0
  D:007BH         PUBLIC        LCM_ID
  C:16BBH         PUBLIC        LCD_Init
  C:2A5DH         PUBLIC        _DispStr
  C:1349H         PUBLIC        DispScaleHor1
  B:00A0H.0       PUBLIC        SPI_DI
  C:35CEH         PUBLIC        _WriteOneDot
  C:1AE1H         PUBLIC        DispScaleHor2
  C:2389H         PUBLIC        _DispPicFromSD
  B:0080H.7       PUBLIC        DIR
  C:301AH         PUBLIC        _ToOrd
  B:0080H.5       PUBLIC        RST
  C:3585H         PUBLIC        ReadData
  C:270CH         PUBLIC        _?BlockWrite
  -------         PROC          _LCD_READ_IC_ID
  D:0007H         SYMBOL        ID
  D:0004H         SYMBOL        Bug
  D:0003H         SYMBOL        flog
  -------         DO            
  D:0014H         SYMBOL        id
  D:0016H         SYMBOL        id1
  D:0018H         SYMBOL        temp
  D:0005H         SYMBOL        i
  D:0007H         SYMBOL        dat
  D:0001H         SYMBOL        id2
  D:001AH         SYMBOL        id3
  -------         ENDDO         
  C:1D56H         LINE#         35
  C:1D56H         LINE#         36
  C:1D56H         LINE#         39
  C:1D5FH         LINE#         40
  C:1D5FH         LINE#         42
  C:1D62H         LINE#         43
  C:1D62H         LINE#         44
  C:1D64H         LINE#         45
  C:1D66H         LINE#         46
  C:1D67H         LINE#         47
  C:1D67H         LINE#         48
  C:1D69H         LINE#         49
  C:1D71H         LINE#         50
  C:1D73H         LINE#         52
  C:1D75H         LINE#         53
  C:1D79H         LINE#         54
  C:1D7DH         LINE#         55
  C:1D80H         LINE#         58
  C:1D8AH         LINE#         59
  C:1D8AH         LINE#         60
  C:1D8CH         LINE#         61
  C:1D8CH         LINE#         62
  C:1D8EH         LINE#         63
  C:1D90H         LINE#         64
  C:1D92H         LINE#         65
  C:1DA9H         LINE#         66
  C:1DABH         LINE#         67
  C:1DADH         LINE#         68
BL51 BANKED LINKER/LOCATER V6.22                                                      03/12/2019  16:09:56  PAGE 20


  C:1DB3H         LINE#         69
  C:1DBDH         LINE#         70
  C:1DBDH         LINE#         71
  C:1DBFH         LINE#         72
  C:1DBFH         LINE#         73
  C:1DC1H         LINE#         74
  C:1DC3H         LINE#         75
  C:1DC5H         LINE#         76
  C:1DDCH         LINE#         77
  C:1DDEH         LINE#         78
  C:1DE0H         LINE#         79
  C:1DE4H         LINE#         80
  C:1DE4H         LINE#         82
  C:1DE6H         LINE#         83
  C:1DE6H         LINE#         84
  C:1DE8H         LINE#         85
  C:1DEAH         LINE#         86
  C:1DECH         LINE#         87
  C:1E03H         LINE#         88
  C:1E05H         LINE#         89
  C:1E07H         LINE#         90
  C:1E0BH         LINE#         92
  C:1E0DH         LINE#         93
  C:1E0DH         LINE#         94
  C:1E0FH         LINE#         95
  C:1E11H         LINE#         96
  C:1E13H         LINE#         97
  C:1E1DH         LINE#         98
  C:1E1FH         LINE#         99
  C:1E21H         LINE#         100
  C:1E25H         LINE#         102
  C:1E27H         LINE#         103
  C:1E27H         LINE#         104
  C:1E29H         LINE#         105
  C:1E2BH         LINE#         106
  C:1E2DH         LINE#         107
  C:1E39H         LINE#         108
  C:1E3BH         LINE#         109
  C:1E3DH         LINE#         110
  C:1E41H         LINE#         111
  C:1E44H         LINE#         112
  C:1E46H         LINE#         113
  C:1E48H         LINE#         114
  C:1E4AH         LINE#         115
  C:1E4CH         LINE#         116
  C:1E4EH         LINE#         117
  C:1E50H         LINE#         119
  C:1E53H         LINE#         120
  C:1E53H         LINE#         121
  C:1E5DH         LINE#         123
  C:1E67H         LINE#         124
  C:1E67H         LINE#         125
  C:1E67H         LINE#         127
  C:1E6CH         LINE#         128
  C:1E6CH         LINE#         129
  C:1E77H         LINE#         130
  C:1E77H         LINE#         132
BL51 BANKED LINKER/LOCATER V6.22                                                      03/12/2019  16:09:56  PAGE 21


  C:1E77H         LINE#         133
  C:1E79H         LINE#         134
  C:1E7DH         LINE#         135
  -------         ENDPROC       _LCD_READ_IC_ID
  -------         PROC          _WRITECOMM
  D:0004H         SYMBOL        i
  -------         DO            
  D:0003H         SYMBOL        j
  D:002CH         SYMBOL        DataH
  -------         ENDDO         
  C:33BCH         LINE#         137
  C:33C0H         LINE#         138
  C:33C0H         LINE#         140
  C:33C3H         LINE#         141
  C:33C5H         LINE#         188
  C:33C5H         LINE#         189
  C:33C7H         LINE#         190
  C:33C9H         LINE#         191
  C:33CBH         LINE#         192
  C:33CDH         LINE#         193
  C:33CDH         LINE#         194
  C:33D1H         LINE#         195
  C:33D5H         LINE#         197
  C:33D7H         LINE#         198
  C:33DEH         LINE#         199
  C:33E0H         LINE#         200
  C:33E2H         LINE#         201
  C:33E6H         LINE#         202
  C:33E6H         LINE#         254
  C:33E8H         LINE#         255
  -------         ENDPROC       _WRITECOMM
  -------         PROC          L?0478
  -------         ENDPROC       L?0478
  -------         PROC          _WRITEDATA
  D:0004H         SYMBOL        i
  -------         DO            
  D:0003H         SYMBOL        j
  D:002CH         SYMBOL        DataH
  -------         ENDDO         
  C:3362H         LINE#         257
  C:3366H         LINE#         258
  C:3366H         LINE#         260
  C:3369H         LINE#         261
  C:336BH         LINE#         355
  C:336BH         LINE#         384
  C:336DH         LINE#         385
  C:336FH         LINE#         386
  C:3371H         LINE#         387
  C:3373H         LINE#         388
  C:3373H         LINE#         389
  C:3377H         LINE#         390
  C:337BH         LINE#         392
  C:337DH         LINE#         393
  C:3384H         LINE#         394
  C:3386H         LINE#         395
  C:3388H         LINE#         397
  C:338CH         LINE#         399
BL51 BANKED LINKER/LOCATER V6.22                                                      03/12/2019  16:09:56  PAGE 22


  C:338CH         LINE#         448
  C:338EH         LINE#         449
  -------         ENDPROC       _WRITEDATA
  C:0003H         SYMBOL        L?0476
  -------         PROC          L?0475
  -------         ENDPROC       L?0475
  C:0003H         SYMBOL        L?0476
  -------         PROC          _WRITEDISPDATA
  D:0007H         SYMBOL        DataH
  D:0005H         SYMBOL        DataL
  -------         DO            
  D:0006H         SYMBOL        j
  -------         ENDDO         
  C:0018H         LINE#         451
  C:0018H         LINE#         452
  C:0018H         LINE#         454
  C:001AH         LINE#         512
  C:001AH         LINE#         513
  C:001CH         LINE#         514
  C:001EH         LINE#         515
  C:0020H         LINE#         516
  C:0022H         LINE#         517
  C:0024H         LINE#         518
  C:0024H         LINE#         519
  C:002AH         LINE#         520
  C:0030H         LINE#         521
  C:0036H         LINE#         522
  C:003CH         LINE#         523
  C:0040H         LINE#         525
  C:0040H         LINE#         573
  C:0042H         LINE#         574
  -------         ENDPROC       _WRITEDISPDATA
  -------         PROC          _WRITEONEDOT
  D:0004H         SYMBOL        color
  C:35CEH         LINE#         576
  C:35D2H         LINE#         577
  C:35D2H         LINE#         591
  -------         ENDPROC       _WRITEONEDOT
  -------         PROC          LCD_INIT
  C:16BBH         LINE#         599
  C:16BBH         LINE#         600
  C:16BBH         LINE#         601
  C:16BEH         LINE#         604
  C:16C0H         LINE#         605
  C:16C7H         LINE#         607
  C:16C9H         LINE#         608
  C:16D0H         LINE#         610
  C:16D2H         LINE#         611
  C:16D9H         LINE#         3564
  C:16E0H         LINE#         3565
  C:16E5H         LINE#         3569
  C:16E9H         LINE#         3570
  C:16EEH         LINE#         3572
  C:16F5H         LINE#         3573
  C:16FAH         LINE#         3575
  C:16FFH         LINE#         3576
  C:1704H         LINE#         3578
BL51 BANKED LINKER/LOCATER V6.22                                                      03/12/2019  16:09:56  PAGE 23


  C:1709H         LINE#         3579
  C:170EH         LINE#         3580
  C:1713H         LINE#         3581
  C:1716H         LINE#         3582
  C:1719H         LINE#         3583
  C:171EH         LINE#         3585
  C:1723H         LINE#         3586
  C:1728H         LINE#         3587
  C:172BH         LINE#         3588
  C:172EH         LINE#         3589
  C:1733H         LINE#         3591
  C:1738H         LINE#         3592
  C:173DH         LINE#         3593
  C:1740H         LINE#         3594
  C:1745H         LINE#         3595
  C:174AH         LINE#         3596
  C:174DH         LINE#         3598
  C:1752H         LINE#         3599
  C:1757H         LINE#         3601
  C:175CH         LINE#         3602
  C:1761H         LINE#         3604
  C:1766H         LINE#         3605
  C:176BH         LINE#         3607
  C:1770H         LINE#         3608
  C:1775H         LINE#         3610
  C:177AH         LINE#         3611
  C:177FH         LINE#         3613
  C:1784H         LINE#         3614
  C:1789H         LINE#         3616
  C:178EH         LINE#         3617
  C:1793H         LINE#         3619
  C:1798H         LINE#         3620
  C:179DH         LINE#         3621
  C:17A2H         LINE#         3623
  C:17A7H         LINE#         3624
  C:17ACH         LINE#         3625
  C:17B1H         LINE#         3626
  C:17B6H         LINE#         3627
  C:17BBH         LINE#         3628
  C:17C0H         LINE#         3629
  C:17C5H         LINE#         3630
  C:17CAH         LINE#         3631
  C:17CFH         LINE#         3632
  C:17D4H         LINE#         3633
  C:17D9H         LINE#         3634
  C:17DEH         LINE#         3635
  C:17E2H         LINE#         3636
  C:17E7H         LINE#         3637
  C:17ECH         LINE#         3639
  C:17F1H         LINE#         3640
  C:17F6H         LINE#         3641
  C:17FBH         LINE#         3642
  C:1800H         LINE#         3643
  C:1805H         LINE#         3644
  C:180AH         LINE#         3645
  C:180DH         LINE#         3646
  C:1812H         LINE#         3647
BL51 BANKED LINKER/LOCATER V6.22                                                      03/12/2019  16:09:56  PAGE 24


  C:1817H         LINE#         3648
  C:181CH         LINE#         3649
  C:1821H         LINE#         3650
  C:1826H         LINE#         3651
  C:182BH         LINE#         3652
  C:1830H         LINE#         3653
  C:1835H         LINE#         3656
  C:183AH         LINE#         3657
  C:183FH         LINE#         3659
  -------         ENDPROC       LCD_INIT
  C:26F5H         SYMBOL        L?0474
  -------         PROC          L?0473
  -------         ENDPROC       L?0473
  C:26F5H         SYMBOL        L?0474
  -------         PROC          _?BLOCKWRITE
  i:0000H         SYMBOL        Xstart
  i:0002H         SYMBOL        Xend
  i:0004H         SYMBOL        Ystart
  i:0006H         SYMBOL        Yend
  C:270CH         LINE#         4017
  C:272DH         LINE#         4122
  C:2734H         LINE#         4123
  C:273BH         LINE#         4124
  C:2743H         LINE#         4125
  C:274EH         LINE#         4126
  C:2758H         LINE#         4128
  C:275DH         LINE#         4129
  C:2767H         LINE#         4130
  C:276EH         LINE#         4131
  C:2778H         LINE#         4132
  C:277FH         LINE#         4138
  C:2784H         LINE#         4141
  C:2787H         LINE#         4142
  -------         ENDPROC       _?BLOCKWRITE
  -------         PROC          _DISPCOLOR
  D:0004H         SYMBOL        color
  -------         DO            
  D:0002H         SYMBOL        i
  D:000BH         SYMBOL        DataH
  D:000CH         SYMBOL        DataL
  D:0004H         SYMBOL        m
  -------         ENDDO         
  C:3414H         LINE#         4144
  C:3416H         LINE#         4145
  C:3416H         LINE#         4148
  C:341BH         LINE#         4150
  C:341EH         LINE#         4152
  C:3420H         LINE#         4153
  C:3422H         LINE#         4154
  C:3422H         LINE#         4155
  C:3424H         LINE#         4156
  C:3424H         LINE#         4157
  C:342BH         LINE#         4158
  C:342FH         LINE#         4159
  C:343AH         LINE#         4161
  C:343CH         LINE#         4162
  -------         ENDPROC       _DISPCOLOR
BL51 BANKED LINKER/LOCATER V6.22                                                      03/12/2019  16:09:56  PAGE 25


  -------         PROC          DISPFRAME
  -------         DO            
  D:0002H         SYMBOL        i
  D:0082H         SYMBOL        j
  D:0001H         SYMBOL        DataH
  D:0004H         SYMBOL        DataL
  -------         ENDDO         
  C:278EH         LINE#         4164
  C:278EH         LINE#         4165
  C:278EH         LINE#         4168
  C:2791H         LINE#         4170
  C:2793H         LINE#         4173
  C:279DH         LINE#         4176
  C:279FH         LINE#         4177
  C:279FH         LINE#         4179
  C:27AAH         LINE#         4181
  C:27B5H         LINE#         4183
  C:27BFH         LINE#         4185
  C:27C2H         LINE#         4186
  C:27C2H         LINE#         4188
  C:27CCH         LINE#         4190
  C:27CFH         LINE#         4191
  C:27CFH         LINE#         4193
  C:27D7H         LINE#         4195
  C:27E2H         LINE#         4198
  C:27ECH         LINE#         4200
  C:27F5H         LINE#         4202
  C:27FFH         LINE#         4204
  C:2802H         LINE#         4205
  C:2802H         LINE#         4207
  C:280DH         LINE#         4209
  C:2818H         LINE#         4211
  C:281FH         LINE#         4214
  C:2822H         LINE#         4215
  C:2824H         LINE#         4216
  -------         ENDPROC       DISPFRAME
  -------         PROC          DISPBAND
  -------         DO            
  D:0002H         SYMBOL        i
  D:0054H         SYMBOL        j
  D:0055H         SYMBOL        k
  D:0056H         SYMBOL        m
  D:0057H         SYMBOL        n
  D:0058H         SYMBOL        x
  -------         ENDDO         
  C:1995H         LINE#         4218
  C:1995H         LINE#         4219
  C:1995H         LINE#         4223
  C:199BH         LINE#         4224
  C:19A0H         LINE#         4225
  C:19A2H         LINE#         4228
  C:19B6H         LINE#         4229
  C:19C1H         LINE#         4230
  C:19C1H         LINE#         4231
  C:19D6H         LINE#         4232
  C:19EBH         LINE#         4233
  C:1A0EH         LINE#         4234
BL51 BANKED LINKER/LOCATER V6.22                                                      03/12/2019  16:09:56  PAGE 26


  C:1A15H         LINE#         4235
  C:1A21H         LINE#         4236
  C:1A21H         LINE#         4237
  C:1A36H         LINE#         4238
  C:1A4BH         LINE#         4239
  C:1A6EH         LINE#         4240
  C:1A75H         LINE#         4241
  C:1A87H         LINE#         4242
  C:1A87H         LINE#         4243
  C:1A9CH         LINE#         4244
  C:1AB1H         LINE#         4245
  C:1AD4H         LINE#         4246
  C:1ADBH         LINE#         4247
  C:1ADDH         LINE#         4248
  C:1AE0H         LINE#         4249
  -------         ENDPROC       DISPBAND
  -------         PROC          _DISPPICFROMSD
  D:003DH         SYMBOL        PicNum
  -------         DO            
  D:003EH         SYMBOL        Address_S
  D:0042H         SYMBOL        Address_E
  D:0002H         SYMBOL        i
  D:0046H         SYMBOL        k
  -------         ENDDO         
  C:2389H         LINE#         4271
  C:238BH         LINE#         4272
  C:238BH         LINE#         4278
  C:238EH         LINE#         4281
  C:2390H         LINE#         4283
  C:2392H         LINE#         4285
  C:239CH         LINE#         4286
  C:23BDH         LINE#         4287
  C:23D5H         LINE#         4288
  C:23EBH         LINE#         4289
  C:23EBH         LINE#         4290
  C:23F6H         LINE#         4292
  C:23FFH         LINE#         4293
  C:23FFH         LINE#         4295
  C:241AH         LINE#         4296
  C:2423H         LINE#         4297
  C:243AH         LINE#         4299
  C:243CH         LINE#         4337
  -------         ENDPROC       _DISPPICFROMSD
  -------         PROC          DISPSCALEHOR1
  -------         DO            
  D:005DH         SYMBOL        i
  D:005FH         SYMBOL        j
  D:0002H         SYMBOL        k
  -------         ENDDO         
  C:1349H         LINE#         4342
  C:1349H         LINE#         4343
  C:1349H         LINE#         4346
  C:134CH         LINE#         4349
  C:134EH         LINE#         4350
  C:134EH         LINE#         4351
  C:136AH         LINE#         4352
  C:136FH         LINE#         4353
BL51 BANKED LINKER/LOCATER V6.22                                                      03/12/2019  16:09:56  PAGE 27


  C:136FH         LINE#         4354
  C:1374H         LINE#         4355
  C:1374H         LINE#         4356
  C:1387H         LINE#         4357
  C:1398H         LINE#         4358
  C:13A9H         LINE#         4360
  C:13B4H         LINE#         4363
  C:13B7H         LINE#         4364
  C:13B7H         LINE#         4365
  C:13D3H         LINE#         4366
  C:13D8H         LINE#         4367
  C:13D8H         LINE#         4368
  C:13DDH         LINE#         4369
  C:13DDH         LINE#         4370
  C:1407H         LINE#         4371
  C:1418H         LINE#         4372
  C:1429H         LINE#         4373
  C:1434H         LINE#         4376
  C:1437H         LINE#         4377
  C:1437H         LINE#         4378
  C:1453H         LINE#         4379
  C:1458H         LINE#         4380
  C:1458H         LINE#         4381
  C:145DH         LINE#         4382
  C:145DH         LINE#         4383
  C:1464H         LINE#         4384
  C:1475H         LINE#         4385
  C:1486H         LINE#         4386
  C:1491H         LINE#         4389
  C:1494H         LINE#         4390
  C:1494H         LINE#         4391
  C:14B0H         LINE#         4392
  C:14B5H         LINE#         4393
  C:14B5H         LINE#         4394
  C:14BAH         LINE#         4395
  C:14BAH         LINE#         4396
  C:14E6H         LINE#         4397
  C:14F7H         LINE#         4398
  C:1508H         LINE#         4399
  C:1513H         LINE#         4400
  C:1515H         LINE#         4401
  -------         ENDPROC       DISPSCALEHOR1
  -------         PROC          DISPSCALEVER
  -------         DO            
  D:0061H         SYMBOL        i
  D:0063H         SYMBOL        j
  D:0002H         SYMBOL        k
  -------         ENDDO         
  C:21B8H         LINE#         4403
  C:21B8H         LINE#         4404
  C:21B8H         LINE#         4473
  C:21BBH         LINE#         4475
  C:21BDH         LINE#         4476
  C:21BDH         LINE#         4477
  C:21C2H         LINE#         4478
  C:21C2H         LINE#         4479
  C:21C8H         LINE#         4480
BL51 BANKED LINKER/LOCATER V6.22                                                      03/12/2019  16:09:56  PAGE 28


  C:21D9H         LINE#         4481
  C:21E4H         LINE#         4483
  C:21E7H         LINE#         4484
  C:21E7H         LINE#         4486
  C:21ECH         LINE#         4487
  C:21ECH         LINE#         4489
  C:21F1H         LINE#         4490
  C:21F1H         LINE#         4491
  C:2203H         LINE#         4492
  C:2214H         LINE#         4494
  C:2219H         LINE#         4495
  C:2219H         LINE#         4496
  C:2241H         LINE#         4497
  C:2252H         LINE#         4499
  C:2257H         LINE#         4500
  C:2257H         LINE#         4501
  C:225EH         LINE#         4502
  C:226FH         LINE#         4504
  C:2274H         LINE#         4505
  C:2274H         LINE#         4506
  C:2288H         LINE#         4507
  C:2299H         LINE#         4509
  C:22ADH         LINE#         4511
  C:22BBH         LINE#         4513
  -------         ENDPROC       DISPSCALEVER
  -------         PROC          DISPSCALEVER_RED
  -------         DO            
  D:0065H         SYMBOL        i
  D:0067H         SYMBOL        j
  D:0002H         SYMBOL        k
  -------         ENDDO         
  C:2ADFH         LINE#         4515
  C:2ADFH         LINE#         4516
  C:2ADFH         LINE#         4519
  C:2AE2H         LINE#         4521
  C:2AE4H         LINE#         4523
  C:2AE6H         LINE#         4526
  C:2AE8H         LINE#         4527
  C:2AE8H         LINE#         4528
  C:2AEDH         LINE#         4529
  C:2AEDH         LINE#         4530
  C:2AF3H         LINE#         4531
  C:2B04H         LINE#         4532
  C:2B0FH         LINE#         4534
  C:2B12H         LINE#         4535
  C:2B12H         LINE#         4536
  C:2B17H         LINE#         4537
  C:2B17H         LINE#         4539
  C:2B1CH         LINE#         4540
  C:2B1CH         LINE#         4541
  C:2B2EH         LINE#         4542
  C:2B3FH         LINE#         4543
  C:2B50H         LINE#         4545
  C:2B5BH         LINE#         4547
  C:2B5DH         LINE#         4548
  -------         ENDPROC       DISPSCALEVER_RED
  -------         PROC          DISPSCALEVER_GREEN
BL51 BANKED LINKER/LOCATER V6.22                                                      03/12/2019  16:09:56  PAGE 29


  -------         DO            
  D:0069H         SYMBOL        i
  D:006BH         SYMBOL        j
  D:0002H         SYMBOL        k
  -------         ENDDO         
  C:28BAH         LINE#         4550
  C:28BAH         LINE#         4551
  C:28BAH         LINE#         4554
  C:28BDH         LINE#         4556
  C:28BFH         LINE#         4557
  C:28C1H         LINE#         4560
  C:28C3H         LINE#         4561
  C:28C3H         LINE#         4562
  C:28C8H         LINE#         4563
  C:28C8H         LINE#         4564
  C:28CEH         LINE#         4566
  C:28DFH         LINE#         4567
  C:28EAH         LINE#         4569
  C:28EDH         LINE#         4570
  C:28EDH         LINE#         4571
  C:28F2H         LINE#         4572
  C:28F2H         LINE#         4574
  C:28F7H         LINE#         4575
  C:28F7H         LINE#         4577
  C:2918H         LINE#         4578
  C:2929H         LINE#         4579
  C:293AH         LINE#         4581
  C:2945H         LINE#         4583
  C:2947H         LINE#         4584
  -------         ENDPROC       DISPSCALEVER_GREEN
  -------         PROC          DISPSCALEVER_BLUE
  -------         DO            
  D:0079H         SYMBOL        i
  D:0082H         SYMBOL        j
  D:0002H         SYMBOL        k
  -------         ENDDO         
  C:2EF1H         LINE#         4586
  C:2EF1H         LINE#         4587
  C:2EF1H         LINE#         4590
  C:2EF4H         LINE#         4592
  C:2EF6H         LINE#         4593
  C:2EF8H         LINE#         4596
  C:2EFAH         LINE#         4597
  C:2EFAH         LINE#         4598
  C:2EFFH         LINE#         4599
  C:2EFFH         LINE#         4600
  C:2F05H         LINE#         4601
  C:2F0EH         LINE#         4602
  C:2F19H         LINE#         4604
  C:2F1CH         LINE#         4605
  C:2F1CH         LINE#         4606
  C:2F21H         LINE#         4607
  C:2F21H         LINE#         4609
  C:2F26H         LINE#         4610
  C:2F26H         LINE#         4611
  C:2F2DH         LINE#         4612
  C:2F36H         LINE#         4613
BL51 BANKED LINKER/LOCATER V6.22                                                      03/12/2019  16:09:56  PAGE 30


  C:2F47H         LINE#         4615
  C:2F52H         LINE#         4617
  C:2F54H         LINE#         4618
  -------         ENDPROC       DISPSCALEVER_BLUE
  -------         PROC          DISPSCALEVER_GRAY
  -------         DO            
  D:006DH         SYMBOL        i
  D:006FH         SYMBOL        j
  D:0002H         SYMBOL        k
  -------         ENDDO         
  C:2B5EH         LINE#         4620
  C:2B5EH         LINE#         4621
  C:2B5EH         LINE#         4624
  C:2B61H         LINE#         4626
  C:2B63H         LINE#         4631
  C:2B65H         LINE#         4632
  C:2B65H         LINE#         4633
  C:2B6AH         LINE#         4634
  C:2B6AH         LINE#         4635
  C:2B70H         LINE#         4637
  C:2B81H         LINE#         4638
  C:2B8CH         LINE#         4640
  C:2B8FH         LINE#         4641
  C:2B8FH         LINE#         4642
  C:2B94H         LINE#         4643
  C:2B94H         LINE#         4645
  C:2B99H         LINE#         4646
  C:2B99H         LINE#         4647
  C:2BADH         LINE#         4648
  C:2BBEH         LINE#         4649
  C:2BCFH         LINE#         4651
  C:2BDAH         LINE#         4653
  C:2BDCH         LINE#         4654
  -------         ENDPROC       DISPSCALEVER_GRAY
  -------         PROC          DISPGRAYHOR16
  -------         DO            
  D:000BH         SYMBOL        i
  D:0002H         SYMBOL        j
  D:000DH         SYMBOL        k
  -------         ENDDO         
  C:29D4H         LINE#         4656
  C:29D4H         LINE#         4657
  C:29D4H         LINE#         4660
  C:29D7H         LINE#         4662
  C:29D9H         LINE#         4663
  C:29DBH         LINE#         4665
  C:29E0H         LINE#         4666
  C:29E0H         LINE#         4667
  C:29E9H         LINE#         4668
  C:29E9H         LINE#         4669
  C:29EFH         LINE#         4670
  C:29F6H         LINE#         4672
  C:29F9H         LINE#         4673
  C:29F9H         LINE#         4674
  C:29FEH         LINE#         4675
  C:29FEH         LINE#         4676
  C:2A2DH         LINE#         4677
BL51 BANKED LINKER/LOCATER V6.22                                                      03/12/2019  16:09:56  PAGE 31


  C:2A3EH         LINE#         4678
  C:2A49H         LINE#         4679
  C:2A5AH         LINE#         4681
  C:2A5CH         LINE#         4682
  -------         ENDPROC       DISPGRAYHOR16
  -------         PROC          DISPGRAYHOR32
  -------         DO            
  D:0071H         SYMBOL        i
  D:0002H         SYMBOL        j
  D:0073H         SYMBOL        k
  -------         ENDDO         
  C:2E22H         LINE#         4684
  C:2E22H         LINE#         4685
  C:2E22H         LINE#         4688
  C:2E25H         LINE#         4690
  C:2E27H         LINE#         4692
  C:2E2CH         LINE#         4693
  C:2E2CH         LINE#         4694
  C:2E2FH         LINE#         4695
  C:2E2FH         LINE#         4696
  C:2E35H         LINE#         4697
  C:2E40H         LINE#         4699
  C:2E43H         LINE#         4700
  C:2E43H         LINE#         4701
  C:2E48H         LINE#         4702
  C:2E48H         LINE#         4703
  C:2E5CH         LINE#         4704
  C:2E6DH         LINE#         4705
  C:2E78H         LINE#         4706
  C:2E89H         LINE#         4708
  C:2E8BH         LINE#         4709
  -------         ENDPROC       DISPGRAYHOR32
  -------         PROC          DISPSCALEHOR2
  -------         DO            
  D:0082H         SYMBOL        j
  D:0002H         SYMBOL        k
  -------         ENDDO         
  C:1AE1H         LINE#         4711
  C:1AE1H         LINE#         4712
  C:1AE1H         LINE#         4715
  C:1AE4H         LINE#         4717
  C:1AE6H         LINE#         4718
  C:1AE6H         LINE#         4719
  C:1AEBH         LINE#         4720
  C:1AFBH         LINE#         4721
  C:1B06H         LINE#         4722
  C:1B09H         LINE#         4723
  C:1B09H         LINE#         4724
  C:1B0EH         LINE#         4725
  C:1B1EH         LINE#         4726
  C:1B29H         LINE#         4727
  C:1B2CH         LINE#         4728
  C:1B2CH         LINE#         4729
  C:1B31H         LINE#         4730
  C:1B41H         LINE#         4731
  C:1B4CH         LINE#         4732
  C:1B4FH         LINE#         4733
BL51 BANKED LINKER/LOCATER V6.22                                                      03/12/2019  16:09:56  PAGE 32


  C:1B4FH         LINE#         4734
  C:1B54H         LINE#         4735
  C:1B64H         LINE#         4736
  C:1B6FH         LINE#         4737
  C:1B72H         LINE#         4738
  C:1B72H         LINE#         4739
  C:1B77H         LINE#         4740
  C:1B87H         LINE#         4741
  C:1B92H         LINE#         4742
  C:1B95H         LINE#         4743
  C:1B95H         LINE#         4744
  C:1B9AH         LINE#         4745
  C:1BAAH         LINE#         4746
  C:1BB5H         LINE#         4747
  C:1BB8H         LINE#         4748
  C:1BB8H         LINE#         4749
  C:1BBDH         LINE#         4750
  C:1BCDH         LINE#         4751
  C:1BD8H         LINE#         4752
  C:1BDBH         LINE#         4753
  C:1BDBH         LINE#         4754
  C:1BE0H         LINE#         4755
  C:1BEFH         LINE#         4756
  C:1BFAH         LINE#         4757
  C:1C03H         LINE#         4758
  C:1C03H         LINE#         4759
  C:1C08H         LINE#         4760
  C:1C17H         LINE#         4761
  C:1C1EH         LINE#         4763
  -------         ENDPROC       DISPSCALEHOR2
  -------         PROC          _TOORD
  D:0007H         SYMBOL        ch
  C:301AH         LINE#         4868
  C:301AH         LINE#         4869
  C:301AH         LINE#         4870
  C:3020H         LINE#         4871
  C:3020H         LINE#         4872
  C:3022H         LINE#         4873
  C:3024H         LINE#         4874
  C:3030H         LINE#         4875
  C:3030H         LINE#         4876
  C:3034H         LINE#         4877
  C:3036H         LINE#         4878
  C:3042H         LINE#         4879
  C:3042H         LINE#         4880
  C:3046H         LINE#         4881
  C:3048H         LINE#         4882
  C:3054H         LINE#         4883
  C:3054H         LINE#         4884
  C:3058H         LINE#         4885
  C:305AH         LINE#         4886
  C:3066H         LINE#         4887
  C:3066H         LINE#         4888
  C:306AH         LINE#         4889
  C:306CH         LINE#         4890
  C:3072H         LINE#         4891
  C:3072H         LINE#         4892
BL51 BANKED LINKER/LOCATER V6.22                                                      03/12/2019  16:09:56  PAGE 33


  C:3074H         LINE#         4893
  C:3074H         LINE#         4895
  C:3074H         LINE#         4896
  -------         ENDPROC       _TOORD
  -------         PROC          L?0477
  -------         ENDPROC       L?0477
  -------         PROC          _DISPONECHAR
  D:001FH         SYMBOL        ord
  D:0006H         SYMBOL        Xstart
  D:0002H         SYMBOL        Ystart
  D:0024H         SYMBOL        TextColor
  D:0026H         SYMBOL        BackColor
  -------         DO            
  D:0028H         SYMBOL        i
  D:0002H         SYMBOL        j
  D:0029H         SYMBOL        p
  D:0003H         SYMBOL        dat
  D:0006H         SYMBOL        index
  -------         ENDDO         
  C:2666H         LINE#         4898
  C:266CH         LINE#         4899
  C:266CH         LINE#         4905
  C:2686H         LINE#         4907
  C:268AH         LINE#         4909
  C:2693H         LINE#         4910
  C:2695H         LINE#         4912
  C:26A3H         LINE#         4914
  C:26ACH         LINE#         4915
  C:26B6H         LINE#         4917
  C:26B9H         LINE#         4918
  C:26B9H         LINE#         4919
  C:26CBH         LINE#         4920
  C:26CDH         LINE#         4921
  C:26CDH         LINE#         4922
  C:26DAH         LINE#         4923
  C:26DAH         LINE#         4924
  C:26DEH         LINE#         4925
  C:26E0H         LINE#         4927
  C:26E0H         LINE#         4928
  C:26E7H         LINE#         4929
  C:26E7H         LINE#         4930
  C:26EBH         LINE#         4931
  C:26F4H         LINE#         4932
  -------         ENDPROC       _DISPONECHAR
  -------         PROC          _DISPSTR
  D:0014H         SYMBOL        str
  D:0017H         SYMBOL        Xstart
  D:0019H         SYMBOL        Ystart
  D:001BH         SYMBOL        TextColor
  D:001DH         SYMBOL        BackColor
  C:2A5DH         LINE#         4934
  C:2A67H         LINE#         4935
  C:2A67H         LINE#         4937
  C:2A78H         LINE#         4938
  C:2A78H         LINE#         4939
  C:2AA4H         LINE#         4941
  C:2AAFH         LINE#         4942
BL51 BANKED LINKER/LOCATER V6.22                                                      03/12/2019  16:09:56  PAGE 34


  C:2AAFH         LINE#         4943
  C:2AB4H         LINE#         4944
  C:2ABFH         LINE#         4945
  C:2AC1H         LINE#         4947
  C:2AC1H         LINE#         4948
  C:2ACCH         LINE#         4949
  C:2ACCH         LINE#         4951
  C:2AD7H         LINE#         4952
  C:2AD7H         LINE#         4953
  C:2ADCH         LINE#         4954
  C:2ADCH         LINE#         4955
  C:2ADEH         LINE#         4957
  -------         ENDPROC       _DISPSTR
  -------         PROC          _DISPINT
  D:0014H         SYMBOL        i
  D:0016H         SYMBOL        Xstart
  D:0018H         SYMBOL        Ystart
  D:001AH         SYMBOL        TextColor
  D:001CH         SYMBOL        BackColor
  C:2825H         LINE#         4959
  C:2831H         LINE#         4960
  C:2831H         LINE#         4961
  C:283CH         LINE#         4962
  C:283CH         LINE#         4963
  C:2842H         LINE#         4964
  C:2842H         LINE#         4965
  C:284DH         LINE#         4966
  C:284DH         LINE#         4967
  C:2859H         LINE#         4968
  C:2859H         LINE#         4970
  C:2876H         LINE#         4971
  C:2882H         LINE#         4972
  C:2899H         LINE#         4973
  -------         ENDPROC       _DISPINT
  -------         PROC          READDATA
  C:3585H         LINE#         4981
  C:3585H         LINE#         4982
  C:3585H         LINE#         5002
  C:3594H         LINE#         5009
  C:3597H         LINE#         5010
  -------         ENDPROC       READDATA
  -------         PROC          _PUTPIXEL
  D:0006H         SYMBOL        x
  D:0004H         SYMBOL        y
  D:000BH         SYMBOL        color
  C:32AAH         LINE#         5186
  C:32AEH         LINE#         5187
  C:32AEH         LINE#         5188
  C:32CCH         LINE#         5189
  C:32D4H         LINE#         5190
  C:32DCH         LINE#         5191
  C:32E4H         LINE#         5192
  -------         ENDPROC       _PUTPIXEL
  -------         PROC          _DRAWLINE
  D:004AH         SYMBOL        Xstart
  D:004CH         SYMBOL        Xend
  D:004EH         SYMBOL        Ystart
BL51 BANKED LINKER/LOCATER V6.22                                                      03/12/2019  16:09:56  PAGE 35


  D:0050H         SYMBOL        Yend
  D:0052H         SYMBOL        color
  -------         DO            
  D:0002H         SYMBOL        i
  D:0082H         SYMBOL        j
  -------         ENDDO         
  C:2F55H         LINE#         5195
[...]
  C:1233H         LINE#         298
  C:1235H         LINE#         299
  C:1235H         LINE#         300
BL51 BANKED LINKER/LOCATER V6.22                                                      03/12/2019  16:09:56  PAGE 41


  C:1238H         LINE#         301
  C:123AH         LINE#         302
  C:123AH         LINE#         303
  C:123DH         LINE#         304
  C:123FH         LINE#         305
  C:123FH         LINE#         306
  C:1242H         LINE#         307
  C:1244H         LINE#         308
  C:1244H         LINE#         309
  C:1247H         LINE#         310
  C:1247H         LINE#         311
  C:1247H         LINE#         312
  C:1247H         LINE#         313
  C:1247H         LINE#         314
  C:1252H         LINE#         315
  C:1252H         LINE#         316
  C:1258H         LINE#         317
  C:1267H         LINE#         318
  C:1267H         LINE#         319
  C:126CH         LINE#         320
  C:126FH         LINE#         321
  C:127EH         LINE#         322
  C:127EH         LINE#         323
  C:1293H         LINE#         324
  C:1298H         LINE#         325
  C:12A0H         LINE#         326
  C:12AAH         LINE#         327
  C:12B8H         LINE#         328
  C:12C6H         LINE#         329
  C:12C8H         LINE#         331
  C:12C8H         LINE#         332
  C:12CDH         LINE#         333
  C:12D0H         LINE#         334
  C:12E8H         LINE#         335
  C:12E8H         LINE#         336
  C:1301H         LINE#         337
  C:1306H         LINE#         338
  C:130EH         LINE#         339
  C:1315H         LINE#         340
  C:131AH         LINE#         341
  C:131AH         LINE#         342
  C:132EH         LINE#         343
  C:132EH         LINE#         344
  C:1335H         LINE#         345
  C:133AH         LINE#         346
  C:133AH         LINE#         347
  C:1348H         LINE#         348
  C:1348H         LINE#         349
  -------         ENDPROC       USBXCORE_HANDLE_SETUP
  -------         PROC          USBXCORE_FORCE_STALL
  C:3512H         LINE#         356
  C:3512H         LINE#         358
  C:351DH         LINE#         359
  C:3528H         LINE#         360
  C:352EH         LINE#         361
  -------         ENDPROC       USBXCORE_FORCE_STALL
  -------         PROC          USBXCORE_GET_STATUS
BL51 BANKED LINKER/LOCATER V6.22                                                      03/12/2019  16:09:56  PAGE 42


  C:2D43H         LINE#         367
  C:2D43H         LINE#         369
  C:2D52H         LINE#         370
  C:2D52H         LINE#         371
  C:2D52H         LINE#         372
  C:2D52H         LINE#         373
  C:2D52H         LINE#         374
  C:2D54H         LINE#         375
  C:2D54H         LINE#         379
  C:2D54H         LINE#         381
  C:2D62H         LINE#         385
  C:2D62H         LINE#         386
  C:2D62H         LINE#         387
  C:2D62H         LINE#         388
  C:2D64H         LINE#         390
  C:2D64H         LINE#         392
  C:2D72H         LINE#         396
  C:2D72H         LINE#         397
  C:2D7FH         LINE#         398
  C:2D7FH         LINE#         399
  C:2D81H         LINE#         401
  C:2D81H         LINE#         402
  C:2D8FH         LINE#         403
  C:2D98H         LINE#         404
  C:2D98H         LINE#         405
  C:2D98H         LINE#         406
  C:2D9AH         LINE#         407
  C:2D9AH         LINE#         408
  C:2D9DH         LINE#         409
  C:2D9DH         LINE#         410
  C:2D9DH         LINE#         411
  C:2DA5H         LINE#         412
  C:2DA5H         LINE#         413
  C:2DA8H         LINE#         414
  C:2DAEH         LINE#         415
  C:2DB5H         LINE#         416
  C:2DB5H         LINE#         417
  -------         ENDPROC       USBXCORE_GET_STATUS
  -------         PROC          USBXCORE_CLEAR_FEATURE
  C:30CFH         LINE#         423
  C:30CFH         LINE#         425
  C:30D5H         LINE#         426
  C:30D5H         LINE#         428
  C:30DCH         LINE#         429
  C:30DCH         LINE#         430
  C:30E7H         LINE#         436
  C:30F2H         LINE#         437
  C:30F7H         LINE#         438
  C:30F9H         LINE#         440
  C:30F9H         LINE#         442
  C:3104H         LINE#         446
  C:310FH         LINE#         447
  C:3114H         LINE#         448
  C:3114H         LINE#         449
  C:3116H         LINE#         451
  C:3116H         LINE#         452
  C:3119H         LINE#         453
BL51 BANKED LINKER/LOCATER V6.22                                                      03/12/2019  16:09:56  PAGE 43


  C:3119H         LINE#         454
  C:3124H         LINE#         455
  -------         ENDPROC       USBXCORE_CLEAR_FEATURE
  -------         PROC          USBXCORE_VENDOR_USB_API
  C:22BCH         LINE#         462
  C:22BCH         LINE#         464
  C:22C6H         LINE#         465
  C:22C6H         LINE#         466
  C:22CDH         LINE#         467
  C:22CDH         LINE#         468
  C:22D0H         LINE#         469
  C:22D3H         LINE#         470
  C:22D5H         LINE#         472
  C:22D5H         LINE#         473
  C:22DCH         LINE#         474
  C:22DCH         LINE#         477
  C:22E7H         LINE#         482
  C:22F2H         LINE#         483
  C:22FDH         LINE#         485
  C:22FDH         LINE#         486
  C:2310H         LINE#         487
  C:2310H         LINE#         488
  C:2314H         LINE#         489
  C:231FH         LINE#         491
  C:231FH         LINE#         492
  C:2332H         LINE#         493
  C:2332H         LINE#         494
  C:2336H         LINE#         495
  C:2341H         LINE#         497
  C:2347H         LINE#         498
  C:234FH         LINE#         499
  C:234FH         LINE#         500
  C:2352H         LINE#         501
  C:2352H         LINE#         502
  C:2352H         LINE#         503
  C:235DH         LINE#         504
  C:235DH         LINE#         505
  C:2363H         LINE#         506
  C:236AH         LINE#         507
  C:236AH         LINE#         508
  C:236EH         LINE#         509
  C:236EH         LINE#         510
  C:2374H         LINE#         511
  C:237BH         LINE#         512
  C:237BH         LINE#         513
  C:2386H         LINE#         514
  -------         ENDPROC       USBXCORE_VENDOR_USB_API
  -------         PROC          USBXCORE_SET_FEATURE
  C:3127H         LINE#         521
  C:3127H         LINE#         523
  C:312DH         LINE#         524
  C:312DH         LINE#         526
  C:3134H         LINE#         527
  C:3134H         LINE#         528
  C:313FH         LINE#         534
  C:314AH         LINE#         535
  C:314DH         LINE#         536
BL51 BANKED LINKER/LOCATER V6.22                                                      03/12/2019  16:09:56  PAGE 44


  C:314FH         LINE#         538
  C:314FH         LINE#         540
  C:315AH         LINE#         544
  C:3165H         LINE#         545
  C:316BH         LINE#         546
  C:316BH         LINE#         548
  C:316DH         LINE#         550
  C:316DH         LINE#         551
  C:3170H         LINE#         552
  C:3170H         LINE#         553
  C:317BH         LINE#         554
  -------         ENDPROC       USBXCORE_SET_FEATURE
  -------         PROC          USBXCORE_SET_ADDRESS
  C:34D3H         LINE#         561
  C:34D3H         LINE#         563
  C:34E2H         LINE#         564
  C:34E8H         LINE#         565
  C:34E8H         LINE#         566
  C:34EBH         LINE#         567
  C:34EDH         LINE#         569
  C:34EDH         LINE#         570
  C:34F0H         LINE#         571
  C:34F0H         LINE#         572
  -------         ENDPROC       USBXCORE_SET_ADDRESS
  -------         PROC          USBXCORE_GET_DESCRIPTOR
  C:24F0H         LINE#         579
  C:24F0H         LINE#         580
  C:24FFH         LINE#         581
  C:24FFH         LINE#         582
  C:24FFH         LINE#         583
  C:250DH         LINE#         584
  C:2511H         LINE#         585
  C:2513H         LINE#         586
  C:2513H         LINE#         587
  C:2521H         LINE#         588
  C:2534H         LINE#         589
  C:2536H         LINE#         590
  C:2536H         LINE#         591
  C:255AH         LINE#         592
  C:2566H         LINE#         593
  C:2568H         LINE#         594
  C:2568H         LINE#         595
  C:256BH         LINE#         596
  C:256BH         LINE#         597
  C:256BH         LINE#         598
  C:2581H         LINE#         599
  C:2581H         LINE#         600
  C:2589H         LINE#         601
  C:2589H         LINE#         602
  C:2591H         LINE#         603
  C:2591H         LINE#         604
  C:2594H         LINE#         605
  C:259AH         LINE#         606
  C:25A1H         LINE#         607
  C:25A1H         LINE#         608
  -------         ENDPROC       USBXCORE_GET_DESCRIPTOR
  -------         PROC          USBXCORE_GET_CONFIGURATION
BL51 BANKED LINKER/LOCATER V6.22                                                      03/12/2019  16:09:56  PAGE 45


  C:3263H         LINE#         614
  C:3263H         LINE#         616
  C:326BH         LINE#         617
  C:326BH         LINE#         618
  C:3277H         LINE#         619
  C:327FH         LINE#         620
  C:327FH         LINE#         621
  C:3283H         LINE#         622
  C:3283H         LINE#         623
  C:3291H         LINE#         624
  C:3299H         LINE#         625
  C:3299H         LINE#         626
  C:329CH         LINE#         627
  C:32A2H         LINE#         628
  C:32A9H         LINE#         629
  -------         ENDPROC       USBXCORE_GET_CONFIGURATION
  -------         PROC          USBXCORE_SET_CONFIGURATION
  C:3075H         LINE#         635
  C:3075H         LINE#         637
  C:307EH         LINE#         638
  C:307EH         LINE#         639
  C:3085H         LINE#         640
  C:308BH         LINE#         641
  C:3090H         LINE#         642
  C:3092H         LINE#         644
  C:309DH         LINE#         645
  C:30A8H         LINE#         646
  C:30B3H         LINE#         653
  C:30BEH         LINE#         654
  C:30C0H         LINE#         656
  C:30C0H         LINE#         657
  C:30C6H         LINE#         658
  C:30CAH         LINE#         659
  C:30CCH         LINE#         660
  C:30CCH         LINE#         661
  -------         ENDPROC       USBXCORE_SET_CONFIGURATION
  -------         PROC          USBXCORE_GET_INTERFACE
  C:3464H         LINE#         668
  C:3464H         LINE#         670
  C:3472H         LINE#         671
  C:347AH         LINE#         672
  C:347DH         LINE#         673
  C:3483H         LINE#         674
  C:348AH         LINE#         675
  -------         ENDPROC       USBXCORE_GET_INTERFACE
  -------         PROC          USBXCORE_SET_SOP
  C:355EH         LINE#         682
  C:355EH         LINE#         684
  C:3566H         LINE#         685
  C:3566H         LINE#         686
  C:3571H         LINE#         687
  C:3571H         LINE#         688
  -------         ENDPROC       USBXCORE_SET_SOP
  -------         PROC          USBXCORE_USB_ISR
  C:1844H         LINE#         699
  C:1861H         LINE#         702
  C:1867H         LINE#         703
BL51 BANKED LINKER/LOCATER V6.22                                                      03/12/2019  16:09:56  PAGE 46


  C:187AH         LINE#         706
  C:188DH         LINE#         709
  C:1891H         LINE#         710
  C:1891H         LINE#         711
  C:189CH         LINE#         712
  C:189CH         LINE#         714
  C:18A3H         LINE#         715
  C:18A3H         LINE#         716
  C:18A6H         LINE#         717
  C:18A6H         LINE#         719
  C:18ADH         LINE#         720
  C:18ADH         LINE#         721
  C:18BAH         LINE#         722
  C:18BAH         LINE#         723
  C:18C1H         LINE#         724
  C:18C1H         LINE#         725
  C:18C1H         LINE#         727
  C:18C1H         LINE#         728
  C:18C1H         LINE#         730
  C:18C1H         LINE#         732
  C:18D4H         LINE#         734
  C:18D8H         LINE#         735
  C:18D8H         LINE#         736
  C:18DBH         LINE#         737
  C:18DBH         LINE#         740
  C:18E2H         LINE#         741
  C:18E2H         LINE#         742
  C:18EDH         LINE#         748
  C:1900H         LINE#         749
  C:1905H         LINE#         750
  C:1905H         LINE#         751
  C:190CH         LINE#         752
  C:190CH         LINE#         754
  C:190CH         LINE#         756
  C:191FH         LINE#         759
  C:1923H         LINE#         760
  C:1923H         LINE#         761
  C:192EH         LINE#         767
  C:1941H         LINE#         768
  C:1945H         LINE#         769
  C:1945H         LINE#         770
  C:194CH         LINE#         771
  C:194CH         LINE#         772
  C:194CH         LINE#         775
  C:195AH         LINE#         776
  C:195FH         LINE#         777
  C:1965H         LINE#         778
  C:196AH         LINE#         781
  C:1977H         LINE#         782
  C:1977H         LINE#         783
  C:197AH         LINE#         784
  C:197AH         LINE#         785
  -------         ENDPROC       USBXCORE_USB_ISR
  -------         ENDMOD        USB_API

  -------         MODULE        USB_SUSPEND
  C:0000H         SYMBOL        _ICE_DUMMY_
BL51 BANKED LINKER/LOCATER V6.22                                                      03/12/2019  16:09:56  PAGE 47


  D:00D7H         PUBLIC        USB0XCN
  D:00C9H         PUBLIC        REG0CN
  C:33E9H         PUBLIC        USB_Suspend
  D:00A9H         PUBLIC        CLKSEL
  D:00B2H         PUBLIC        OSCICN
  D:00B9H         PUBLIC        CLKMUL
  -------         PROC          USB_SUSPEND
  C:33E9H         LINE#         70
  C:33E9H         LINE#         72
  C:33ECH         LINE#         74
  C:33EFH         LINE#         76
  C:33F7H         LINE#         79
  C:33FAH         LINE#         80
  C:33FDH         LINE#         81
  C:3400H         LINE#         82
  C:3403H         LINE#         84
  C:3404H         LINE#         86
  C:3407H         LINE#         88
  C:340DH         LINE#         92
  C:3410H         LINE#         94
  C:3413H         LINE#         95
  -------         ENDPROC       USB_SUSPEND
  -------         ENDMOD        USB_SUSPEND

  -------         MODULE        USB_INT_ENABLE
  C:0000H         SYMBOL        _ICE_DUMMY_
  C:352FH         PUBLIC        USB_Int_Enable
  D:0096H         PUBLIC        USB0ADR
  D:0097H         PUBLIC        USB0DAT
  -------         PROC          USB_INT_ENABLE
  C:352FH         LINE#         68
  C:352FH         LINE#         71
  C:3536H         LINE#         73
  C:353CH         LINE#         74
  C:353CH         LINE#         75
  C:3547H         LINE#         77
  C:3547H         LINE#         78
  -------         ENDPROC       USB_INT_ENABLE
  -------         ENDMOD        USB_INT_ENABLE

  -------         MODULE        USB_CLOCK_RECOVERY
  C:0000H         SYMBOL        _ICE_DUMMY_
  C:35B7H         PUBLIC        USBXcore_ClkRec
  D:0096H         PUBLIC        USB0ADR
  D:0097H         PUBLIC        USB0DAT
  -------         PROC          USBXCORE_CLKREC
  C:35B7H         LINE#         45
  C:35B7H         LINE#         47
  C:35C2H         LINE#         48
  -------         ENDPROC       USBXCORE_CLKREC
  -------         ENDMOD        USB_CLOCK_RECOVERY

  -------         MODULE        ?C?FPMUL
  C:0C2EH         PUBLIC        ?C?FPMUL
  -------         ENDMOD        ?C?FPMUL

  -------         MODULE        ?C?FCAST
BL51 BANKED LINKER/LOCATER V6.22                                                      03/12/2019  16:09:56  PAGE 48


  C:0D3EH         PUBLIC        ?C?FCASTC
  C:0D39H         PUBLIC        ?C?FCASTI
  C:0D34H         PUBLIC        ?C?FCASTL
  -------         ENDMOD        ?C?FCAST

  -------         MODULE        ?C?CASTF
  C:0D72H         PUBLIC        ?C?CASTF
  -------         ENDMOD        ?C?CASTF

  -------         MODULE        ?C?COPY
  C:0EC3H         PUBLIC        ?C?COPY
  -------         ENDMOD        ?C?COPY

  -------         MODULE        ?C?CLDPTR
  C:0EE9H         PUBLIC        ?C?CLDPTR
  -------         ENDMOD        ?C?CLDPTR

  -------         MODULE        ?C?CLDOPTR
  C:0F02H         PUBLIC        ?C?CLDOPTR
  -------         ENDMOD        ?C?CLDOPTR

  -------         MODULE        ?C?IMUL
  C:0F2FH         PUBLIC        ?C?IMUL
  -------         ENDMOD        ?C?IMUL

  -------         MODULE        ?C?IILDX
  C:0F41H         PUBLIC        ?C?IILDX
  -------         ENDMOD        ?C?IILDX

  -------         MODULE        ?C?LMUL
  C:0F57H         PUBLIC        ?C?LMUL
  -------         ENDMOD        ?C?LMUL

  -------         MODULE        ?C?ULDIV
  C:0FE2H         PUBLIC        ?C?ULDIV
  -------         ENDMOD        ?C?ULDIV

  -------         MODULE        ?C?LNEG
  C:1074H         PUBLIC        ?C?LNEG
  -------         ENDMOD        ?C?LNEG

  -------         MODULE        ?C?ULCMP
  C:1082H         PUBLIC        ?C?ULCMP
  -------         ENDMOD        ?C?ULCMP

  -------         MODULE        ?C?ULSHR
  C:1093H         PUBLIC        ?C?ULSHR
  -------         ENDMOD        ?C?ULSHR

  -------         MODULE        ?C?LSHL
  C:10A6H         PUBLIC        ?C?LSHL
  -------         ENDMOD        ?C?LSHL

  -------         MODULE        ?C?LLDIIDATA
  C:10C2H         PUBLIC        ?C?LLDIIDATA
  C:10B9H         PUBLIC        ?C?LLDIIDATA1
  C:10BBH         PUBLIC        ?C?LLDIIDATA8
BL51 BANKED LINKER/LOCATER V6.22                                                      03/12/2019  16:09:56  PAGE 49


  -------         ENDMOD        ?C?LLDIIDATA

  -------         MODULE        ?C?LSTXDATA
  C:10D9H         PUBLIC        ?C?LSTXDATA
  -------         ENDMOD        ?C?LSTXDATA

  -------         MODULE        ?C?LSTKXDATA
  C:10E5H         PUBLIC        ?C?LSTKXDATA
  -------         ENDMOD        ?C?LSTKXDATA

  -------         MODULE        ?C_IBP
  D:007DH         PUBLIC        ?C_IBP
  -------         ENDMOD        ?C_IBP

*** WARNING L16: UNCALLED SEGMENT, IGNORED FOR OVERLAY PROCESS
    SEGMENT: ?PR?SD_INIT?MMC_SD

*** WARNING L16: UNCALLED SEGMENT, IGNORED FOR OVERLAY PROCESS
    SEGMENT: ?PR?DISPBAND?LCD

*** WARNING L16: UNCALLED SEGMENT, IGNORED FOR OVERLAY PROCESS
    SEGMENT: ?PR?_DISPPICFROMSD?LCD

*** WARNING L16: UNCALLED SEGMENT, IGNORED FOR OVERLAY PROCESS
    SEGMENT: ?PR?DISPSCALEHOR1?LCD

*** WARNING L16: UNCALLED SEGMENT, IGNORED FOR OVERLAY PROCESS
    SEGMENT: ?PR?DISPSCALEVER?LCD

*** WARNING L16: UNCALLED SEGMENT, IGNORED FOR OVERLAY PROCESS
    SEGMENT: ?PR?DISPSCALEVER_RED?LCD

*** WARNING L16: UNCALLED SEGMENT, IGNORED FOR OVERLAY PROCESS
    SEGMENT: ?PR?DISPSCALEVER_GREEN?LCD

*** WARNING L16: UNCALLED SEGMENT, IGNORED FOR OVERLAY PROCESS
    SEGMENT: ?PR?DISPSCALEVER_BLUE?LCD

*** WARNING L16: UNCALLED SEGMENT, IGNORED FOR OVERLAY PROCESS
    SEGMENT: ?PR?DISPSCALEVER_GRAY?LCD

*** WARNING L16: UNCALLED SEGMENT, IGNORED FOR OVERLAY PROCESS
    SEGMENT: ?PR?DISPGRAYHOR32?LCD

*** WARNING L16: UNCALLED SEGMENT, IGNORED FOR OVERLAY PROCESS
    SEGMENT: ?PR?DISPSCALEHOR2?LCD

*** WARNING L16: UNCALLED SEGMENT, IGNORED FOR OVERLAY PROCESS
    SEGMENT: ?PR?_DRAWGIRD?LCD

*** WARNING L15: MULTIPLE CALL TO SEGMENT
    SEGMENT: ?PR?_WRITECOMM?LCD
    CALLER1: ?PR?USB_API_TEST_ISR?MAIN
    CALLER2: ?C_C51STARTUP

*** WARNING L15: MULTIPLE CALL TO SEGMENT
    SEGMENT: ?PR?_WRITEDATA?LCD
BL51 BANKED LINKER/LOCATER V6.22                                                      03/12/2019  16:09:56  PAGE 50


    CALLER1: ?PR?USB_API_TEST_ISR?MAIN
    CALLER2: ?C_C51STARTUP

Program Size: data=127.0 xdata=1095 code=13783
LINK/LOCATE RUN COMPLETE.  14 WARNING(S),  0 ERROR(S)
