BL51 BANKED LINKER/LOCATER V6.22                                                        10/30/2021  09:23:57  PAGE 1


BL51 BANKED LINKER/LOCATER V6.22, INVOKED BY:
D:\KEIL C51\C51\BIN\BL51.EXE main.obj, mmc_sd.obj, lcd.obj, tp.obj, .\USBX_F34X.LIB TO ST7735S_XL20_ZT_H8 RAMSIZE (256)


MEMORY MODEL: COMPACT WITH FLOATING POINT ARITHMETIC


INPUT MODULES INCLUDED:
  main.obj (MAIN)
  mmc_sd.obj (MMC_SD)
  lcd.obj (LCD)
  tp.obj (TP)
  .\USBX_F34X.LIB (USB_API)
  .\USBX_F34X.LIB (USB_CLOCK_START)
  .\USBX_F34X.LIB (USB_SUSPEND)
  .\USBX_F34X.LIB (GET_INTERRUPT_SOURCE)
  .\USBX_F34X.LIB (BLOCK_READ)
  .\USBX_F34X.LIB (BLOCK_WRITE)
  .\USBX_F34X.LIB (USB_INT_ENABLE)
  .\USBX_F34X.LIB (USB_CLOCK_RECOVERY)
  .\USBX_F34X.LIB (USB_JUMP_ISR)
  D:\KEIL C51\C51\LIB\C51FPC.LIB (?C?FPMUL)
  D:\KEIL C51\C51\LIB\C51FPC.LIB (?C?FCAST)
  D:\KEIL C51\C51\LIB\C51FPC.LIB (?C?CASTF)
  D:\KEIL C51\C51\LIB\C51FPC.LIB (?C?FPGETOPN)
  D:\KEIL C51\C51\LIB\C51C.LIB (?C_STARTUP)
  D:\KEIL C51\C51\LIB\C51C.LIB (?C?COPY)
  D:\KEIL C51\C51\LIB\C51C.LIB (?C?CLDPTR)
  D:\KEIL C51\C51\LIB\C51C.LIB (?C?CLDOPTR)
  D:\KEIL C51\C51\LIB\C51C.LIB (?C?IMUL)
  D:\KEIL C51\C51\LIB\C51C.LIB (?C?IILDX)
  D:\KEIL C51\C51\LIB\C51C.LIB (?C?ILDOPTR)
  D:\KEIL C51\C51\LIB\C51C.LIB (?C?LMUL)
  D:\KEIL C51\C51\LIB\C51C.LIB (?C?ULDIV)
  D:\KEIL C51\C51\LIB\C51C.LIB (?C?LNEG)
  D:\KEIL C51\C51\LIB\C51C.LIB (?C?ULCMP)
  D:\KEIL C51\C51\LIB\C51C.LIB (?C?ULSHR)
  D:\KEIL C51\C51\LIB\C51C.LIB (?C?LSHL)
  D:\KEIL C51\C51\LIB\C51C.LIB (?C?LLDIPDATA)
  D:\KEIL C51\C51\LIB\C51C.LIB (?C?LSTXDATA)
  D:\KEIL C51\C51\LIB\C51C.LIB (?C?LSTPDATA)
  D:\KEIL C51\C51\LIB\C51C.LIB (?C?LSTKXDATA)
  D:\KEIL C51\C51\LIB\C51C.LIB (?C?LSTKPDATA)
  D:\KEIL C51\C51\LIB\C51C.LIB (?C_PBP)
  D:\KEIL C51\C51\LIB\C51C.LIB (?C_INIT)


LINK MAP OF MODULE:  ST7735S_XL20_ZT_H8 (MAIN)


            TYPE    BASE      LENGTH    RELOCATION   SEGMENT NAME
            -----------------------------------------------------

            * * * * * * *   D A T A   M E M O R Y   * * * * * * *
            REG     0000H     0008H     ABSOLUTE     "REG BANK 0"
            DATA    0008H     0001H     UNIT         ?C?LIB_DATA
            IDATA   0009H     0001H     UNIT         ?STACK

BL51 BANKED LINKER/LOCATER V6.22                                                      10/30/2021  09:23:57  PAGE 2


            * * * * * * *  X D A T A   M E M O R Y  * * * * * * *
            XDATA   0000H     0010H     INPAGE       ?PD?MAIN
            XDATA   0010H     0004H     INPAGE       ?PD?_MMC_SD_READSINGLEBLOCK?MMC_SD
            XDATA   0014H     0005H     INPAGE       ?PD?_DISPPIC?LCD
            XDATA   0019H     000DH     INPAGE       ?PD?_DISPPICFROMSD?LCD
            XDATA   0026H     0004H     INPAGE       ?PD?DISPSCALEHOR1?LCD
            XDATA   002AH     0004H     INPAGE       ?PD?DISPSCALEVER?LCD
            XDATA   002EH     0004H     INPAGE       ?PD?DISPSCALEVER_RED?LCD
            XDATA   0032H     0004H     INPAGE       ?PD?DISPSCALEVER_GREEN?LCD
            XDATA   0036H     0004H     INPAGE       ?PD?DISPSCALEVER_BLUE?LCD
            XDATA   003AH     0004H     INPAGE       ?PD?DISPSCALEVER_GRAY?LCD
            XDATA   003EH     0004H     INPAGE       ?PD?DISPGRAYHOR32?LCD
            XDATA   0042H     0002H     INPAGE       ?PD?DISPSCALEHOR2?LCD
            XDATA   0044H     000CH     INPAGE       ?PD?_DRAWLINE?LCD
            XDATA   0050H     0004H     INPAGE       ?PD?_DRAWGIRD?LCD
            XDATA   0054H     0002H     INPAGE       ?PD?LCD
            XDATA   0056H     0026H     INPAGE       _PDATA_GROUP_
            XDATA   007CH     0200H     UNIT         ?XD?MMC_SD
            XDATA   027CH     0058H     UNIT         _XDATA_GROUP_
            XDATA   02D4H     0040H     UNIT         ?XD?MAIN
                    0314H     032CH                  *** GAP ***
            XDATA   0640H     0100H     ABSOLUTE     
            XDATA   0740H     0012H     ABSOLUTE     
            XDATA   0752H     0020H     ABSOLUTE     
            XDATA   0772H     000CH     ABSOLUTE     
            XDATA   077EH     0008H     ABSOLUTE     
            XDATA   0786H     0001H     ABSOLUTE     
            XDATA   0787H     0003H     ABSOLUTE     
            XDATA   078AH     0002H     ABSOLUTE     
            XDATA   078CH     0002H     ABSOLUTE     
            XDATA   078EH     0003H     ABSOLUTE     
            XDATA   0791H     0001H     ABSOLUTE     
            XDATA   0792H     0001H     ABSOLUTE     
            XDATA   0793H     0001H     ABSOLUTE     
            XDATA   0794H     0001H     ABSOLUTE     
            XDATA   0795H     0002H     ABSOLUTE     
            XDATA   0797H     0002H     ABSOLUTE     
            XDATA   0799H     0001H     ABSOLUTE     
            XDATA   079AH     0001H     ABSOLUTE     
            XDATA   079BH     0001H     ABSOLUTE     
            XDATA   079CH     0001H     ABSOLUTE     
            XDATA   079DH     0001H     ABSOLUTE     
            XDATA   079EH     0001H     ABSOLUTE     
            XDATA   079FH     0002H     ABSOLUTE     
            XDATA   07A1H     0001H     ABSOLUTE     
            XDATA   07A2H     0001H     ABSOLUTE     
            XDATA   07A3H     000CH     ABSOLUTE     
                    07AFH     0011H                  *** GAP ***
            XDATA   07C0H     0040H     ABSOLUTE     

            * * * * * * *   C O D E   M E M O R Y   * * * * * * *
            CODE    0000H     0003H     ABSOLUTE     
            CODE    0003H     003AH     UNIT         ?CO?USB_API
            CODE    003DH     0003H     UNIT         ?PR?SUSPEND_DEVICE?MAIN
                    0040H     0003H                  *** GAP ***
            CODE    0043H     0003H     ABSOLUTE     
            CODE    0046H     0044H     UNIT         ?PR?_DISPCOLOR?LCD
BL51 BANKED LINKER/LOCATER V6.22                                                      10/30/2021  09:23:57  PAGE 3


                    008AH     0001H                  *** GAP ***
            CODE    008BH     0003H     ABSOLUTE     
            CODE    008EH     060BH     UNIT         ?PR?CONNTOUSB?MAIN
            CODE    0699H     0600H     UNIT         ?CO?LCD
            CODE    0C99H     0545H     UNIT         ?C?LIB_CODE
            CODE    11DEH     0233H     UNIT         ?PR?USBXCORE_HANDLE_SETUP?USB_API
            CODE    1411H     0232H     UNIT         ?PR?_LCD_READ_IC_ID?LCD
            CODE    1643H     021EH     UNIT         ?PR?DISPSCALEHOR1?LCD
            CODE    1861H     021AH     UNIT         ?PR?TP_DRAWLINE?TP
            CODE    1A7BH     01BAH     UNIT         ?PR?DISPSCALEHOR2?LCD
            CODE    1C35H     0197H     UNIT         ?PR?LCD_INIT?LCD
            CODE    1DCCH     018AH     UNIT         ?PR?DISPBAND?LCD
            CODE    1F56H     0151H     UNIT         ?PR?USBXCORE_USB_ISR?USB_API
            CODE    20A7H     013BH     UNIT         ?PR?USB_API_TEST_ISR?MAIN
            CODE    21E2H     0137H     UNIT         ?PR?_USB_INIT?USB_API
            CODE    2319H     0128H     UNIT         ?PR?DISPSCALEVER?LCD
            CODE    2441H     011BH     UNIT         ?PR?_TP_GETPOSITION?TP
            CODE    255CH     0111H     UNIT         ?PR?_BLOCK_WRITE?BLOCK_WRITE
            CODE    266DH     00E9H     UNIT         ?PR?_DISPPICFROMSD?LCD
            CODE    2756H     00CDH     UNIT         ?PR?USBXCORE_VENDOR_USB_API?USB_API
            CODE    2823H     00CBH     UNIT         ?PR?_DISPONECHAR?LCD
            CODE    28EEH     00B7H     UNIT         ?PR?MMC_SD_RESET?MMC_SD
            CODE    29A5H     00B3H     UNIT         ?PR?_DISPINT?LCD
            CODE    2A58H     00B2H     UNIT         ?PR?USBXCORE_GET_DESCRIPTOR?USB_API
            CODE    2B0AH     00AFH     UNIT         ?PR?_BLOCK_READ?BLOCK_READ
            CODE    2BB9H     00A4H     UNIT         ?PR?DISPFRAME?LCD
            CODE    2C5DH     009EH     UNIT         ?PR?DISPSCALEVER_GREEN?LCD
            CODE    2CFBH     009BH     UNIT         ?PR?_?BLOCKWRITE?LCD
            CODE    2D96H     009BH     UNIT         ?PR?DISPGRAYHOR16?LCD
            CODE    2E31H     0096H     UNIT         ?PR?_DISPSTR?LCD
            CODE    2EC7H     0091H     UNIT         ?PR?DISPSCALEVER_RED?LCD
            CODE    2F58H     0091H     UNIT         ?PR?DISPSCALEVER_GRAY?LCD
            CODE    2FE9H     008FH     UNIT         ?PR?_DRAWGIRD?LCD
            CODE    3078H     008CH     UNIT         ?C_C51STARTUP
            CODE    3104H     0086H     UNIT         ?PR?DISPSCALEVER_BLUE?LCD
            CODE    318AH     0086H     UNIT         ?PR?_DRAWLINE?LCD
            CODE    3210H     007DH     UNIT         ?PR?_MMC_SD_WRITESINGLEBLOCK?MMC_SD
            CODE    328DH     0078H     UNIT         ?PR?DISPGRAYHOR32?LCD
            CODE    3305H     0075H     UNIT         ?PR?_MMC_SD_SENDCOMMAND?MMC_SD
            CODE    337AH     0073H     UNIT         ?PR?TP_READ?TP
            CODE    33EDH     0073H     UNIT         ?PR?USBXCORE_GET_STATUS?USB_API
            CODE    3460H     006CH     UNIT         ?PR?DEVICES_INIT?MAIN
            CODE    34CCH     0064H     UNIT         ?PR?_MMC_SD_READSINGLEBLOCK?MMC_SD
            CODE    3530H     005BH     UNIT         ?PR?_TOORD?LCD
            CODE    358BH     005AH     UNIT         ?PR?USBXCORE_SET_CONFIGURATION?USB_API
            CODE    35E5H     0058H     UNIT         ?PR?USBXCORE_CLEAR_FEATURE?USB_API
            CODE    363DH     0057H     UNIT         ?PR?USBXCORE_SET_FEATURE?USB_API
            CODE    3694H     0055H     UNIT         ?PR?_STOPDELAY?MAIN
            CODE    36E9H     0053H     UNIT         ?PR?_DISPPIC?LCD
            CODE    373CH     0052H     UNIT         ?PR?_PUTPIXEL?LCD
            CODE    378EH     0050H     UNIT         ?CO?MAIN
            CODE    37DEH     0047H     UNIT         ?PR?USBXCORE_GET_CONFIGURATION?USB_API
            CODE    3825H     0043H     UNIT         ?PR?MCU_INIT?MAIN
            CODE    3868H     0038H     UNIT         ?PR?USB_CLOCK_START?USB_CLOCK_START
            CODE    38A0H     0030H     UNIT         ?PR?MAIN?MAIN
            CODE    38D0H     002DH     UNIT         ?C_INITSEG
            CODE    38FDH     002CH     UNIT         ?PR?_WRITEDISPDATA?LCD
BL51 BANKED LINKER/LOCATER V6.22                                                      10/30/2021  09:23:57  PAGE 4


            CODE    3929H     002BH     UNIT         ?PR?USB_SUSPEND?USB_SUSPEND
            CODE    3954H     0027H     UNIT         ?PR?USBXCORE_USB_RESET?USB_API
            CODE    397BH     0027H     UNIT         ?PR?USBXCORE_GET_INTERFACE?USB_API
            CODE    39A2H     0026H     UNIT         ?PR?_TP_WRITE?TP
            CODE    39C8H     0022H     UNIT         ?PR?USBXCORE_JUMP_ISR?USB_JUMP_ISR
            CODE    39EAH     0020H     UNIT         ?PR?USBXCORE_SET_ADDRESS?USB_API
            CODE    3A0AH     001FH     UNIT         ?PR?_DELAY?MAIN
            CODE    3A29H     001DH     UNIT         ?PR?USBXCORE_FORCE_STALL?USB_API
            CODE    3A46H     001CH     UNIT         ?PR?_WRITECOMM?LCD
            CODE    3A62H     001AH     UNIT         ?PR?_WRITEDATA?LCD
            CODE    3A7CH     0019H     UNIT         ?PR?USB_INT_ENABLE?USB_INT_ENABLE
            CODE    3A95H     0016H     UNIT         ?PR?_SPI_WRITEBYTE?MMC_SD
            CODE    3AABH     0016H     UNIT         ?PR?READDATA?LCD
            CODE    3AC1H     0014H     UNIT         ?PR?USBXCORE_SET_SOP?USB_API
            CODE    3AD5H     0013H     UNIT         ?PR?WAITKEY?MAIN
            CODE    3AE8H     0011H     UNIT         ?PR?SD_INIT?MMC_SD
            CODE    3AF9H     000EH     UNIT         ?PR?GET_INTERRUPT_SOURCE?GET_INTERRUPT_SOURCE
            CODE    3B07H     000CH     UNIT         ?PR?USBXCORE_CLKREC?USB_CLOCK_RECOVERY
            CODE    3B13H     000BH     UNIT         ?PR?SPI_READBYTE?MMC_SD
            CODE    3B1EH     0009H     UNIT         ?PR?_WRITEONEDOT?LCD
            CODE    3B27H     0008H     UNIT         ?CO?TP



OVERLAY MAP OF MODULE:   ST7735S_XL20_ZT_H8 (MAIN)


SEGMENT                                            PDATA_GROUP         XDATA_GROUP
  +--> CALLED SEGMENT                            START    LENGTH     START    LENGTH
------------------------------------------------------------------------------------
?PR?USB_API_TEST_ISR?MAIN                        0056H    0001H      -----    -----
  +--> ?PR?GET_INTERRUPT_SOURCE?GET_INTERRUP...
  +--> ?PR?_BLOCK_READ?BLOCK_READ
  +--> ?PR?SUSPEND_DEVICE?MAIN
  +--> ?PR?MCU_INIT?MAIN
  +--> ?PR?_?BLOCKWRITE?LCD

?PR?SUSPEND_DEVICE?MAIN                          -----    -----      -----    -----
  +--> ?PR?USB_SUSPEND?USB_SUSPEND

?PR?USB_SUSPEND?USB_SUSPEND                      -----    -----      -----    -----
  +--> ?PR?USB_CLOCK_START?USB_CLOCK_START

?PR?_?BLOCKWRITE?LCD                             -----    -----      -----    -----
  +--> ?PR?_WRITECOMM?LCD
  +--> ?PR?_WRITEDATA?LCD

?PR?_WRITECOMM?LCD                               007AH    0001H      -----    -----

?PR?_WRITEDATA?LCD                               007AH    0002H      -----    -----

*** NEW ROOT ***************************************************

?PR?USBXCORE_USB_ISR?USB_API                     -----    -----      -----    -----
  +--> ?PR?USBXCORE_USB_RESET?USB_API
  +--> ?PR?USBXCORE_HANDLE_SETUP?USB_API
  +--> ?PR?USBXCORE_JUMP_ISR?USB_JUMP_ISR
BL51 BANKED LINKER/LOCATER V6.22                                                      10/30/2021  09:23:57  PAGE 5



?PR?USBXCORE_HANDLE_SETUP?USB_API                -----    -----      -----    -----
  +--> ?PR?USBXCORE_GET_STATUS?USB_API
  +--> ?PR?USBXCORE_CLEAR_FEATURE?USB_API
  +--> ?PR?USBXCORE_VENDOR_USB_API?USB_API
  +--> ?PR?USBXCORE_SET_FEATURE?USB_API
  +--> ?PR?USBXCORE_SET_ADDRESS?USB_API
  +--> ?PR?USBXCORE_GET_DESCRIPTOR?USB_API
  +--> ?PR?USBXCORE_GET_CONFIGURATION?USB_API
  +--> ?PR?USBXCORE_SET_CONFIGURATION?USB_API
  +--> ?PR?USBXCORE_GET_INTERFACE?USB_API
  +--> ?PR?USBXCORE_SET_SOP?USB_API
  +--> ?PR?USBXCORE_FORCE_STALL?USB_API

?PR?USBXCORE_GET_STATUS?USB_API                  -----    -----      -----    -----
  +--> ?CO?USB_API
  +--> ?PR?USBXCORE_FORCE_STALL?USB_API
  +--> ?PR?USBXCORE_SET_SOP?USB_API

?PR?USBXCORE_CLEAR_FEATURE?USB_API               -----    -----      -----    -----
  +--> ?PR?USBXCORE_FORCE_STALL?USB_API
  +--> ?PR?USBXCORE_SET_SOP?USB_API

?PR?USBXCORE_VENDOR_USB_API?USB_API              -----    -----      -----    -----
  +--> ?PR?USBXCORE_SET_SOP?USB_API

?PR?USBXCORE_SET_FEATURE?USB_API                 -----    -----      -----    -----
  +--> ?PR?USBXCORE_FORCE_STALL?USB_API
  +--> ?PR?USBXCORE_SET_SOP?USB_API

?PR?USBXCORE_SET_ADDRESS?USB_API                 -----    -----      -----    -----
  +--> ?PR?USBXCORE_SET_SOP?USB_API

?PR?USBXCORE_GET_DESCRIPTOR?USB_API              -----    -----      -----    -----
  +--> ?PR?USBXCORE_FORCE_STALL?USB_API
  +--> ?PR?USBXCORE_SET_SOP?USB_API

?PR?USBXCORE_GET_CONFIGURATION?USB_API           -----    -----      -----    -----
  +--> ?CO?USB_API
  +--> ?PR?USBXCORE_SET_SOP?USB_API

?PR?USBXCORE_SET_CONFIGURATION?USB_API           -----    -----      -----    -----
  +--> ?PR?USBXCORE_SET_SOP?USB_API

?PR?USBXCORE_GET_INTERFACE?USB_API               -----    -----      -----    -----
  +--> ?CO?USB_API
  +--> ?PR?USBXCORE_SET_SOP?USB_API

*** NEW ROOT ***************************************************

?C_C51STARTUP                                    -----    -----      -----    -----
  +--> ?PR?MAIN?MAIN
  +--> ?C_INITSEG

?PR?MAIN?MAIN                                    -----    -----      -----    -----
  +--> ?PR?DEVICES_INIT?MAIN
  +--> ?PR?DISPFRAME?LCD
BL51 BANKED LINKER/LOCATER V6.22                                                      10/30/2021  09:23:57  PAGE 6


  +--> ?PR?_STOPDELAY?MAIN
  +--> ?PR?WAITKEY?MAIN
  +--> ?PR?DISPGRAYHOR16?LCD
  +--> ?PR?DISPBAND?LCD
  +--> ?PR?_DISPCOLOR?LCD
  +--> ?PR?TP_DRAWLINE?TP

?PR?DEVICES_INIT?MAIN                            -----    -----      -----    -----
  +--> ?PR?MCU_INIT?MAIN
  +--> ?PR?USB_CLOCK_START?USB_CLOCK_START
  +--> ?CO?MAIN
  +--> ?PR?_USB_INIT?USB_API
  +--> ?PR?USB_INT_ENABLE?USB_INT_ENABLE
  +--> ?PR?LCD_INIT?LCD

?PR?_USB_INIT?USB_API                            -----    -----      027CH    0011H
  +--> ?CO?USB_API
  +--> ?PR?USBXCORE_CLKREC?USB_CLOCK_RECOVERY

?PR?LCD_INIT?LCD                                 -----    -----      -----    -----
  +--> ?PR?READDATA?LCD
  +--> ?PR?_DELAY?MAIN
  +--> ?PR?_WRITECOMM?LCD
  +--> ?PR?_WRITEDATA?LCD

?PR?READDATA?LCD                                 -----    -----      -----    -----
  +--> ?PR?_LCD_READ_IC_ID?LCD

?PR?_LCD_READ_IC_ID?LCD                          0062H    0008H      -----    -----

?PR?DISPFRAME?LCD                                0059H    0002H      -----    -----
  +--> ?PR?_?BLOCKWRITE?LCD
  +--> ?PR?_WRITEDISPDATA?LCD

?PR?_WRITEDISPDATA?LCD                           007AH    0001H      -----    -----

?PR?_STOPDELAY?MAIN                              0059H    0004H      -----    -----
  +--> ?PR?WAITKEY?MAIN
  +--> ?PR?_DELAY?MAIN

?PR?WAITKEY?MAIN                                 -----    -----      -----    -----
  +--> ?PR?CONNTOUSB?MAIN
  +--> ?PR?_DELAY?MAIN

?PR?CONNTOUSB?MAIN                               005DH    0005H      027CH    0058H
  +--> ?CO?MAIN
  +--> ?PR?_WRITECOMM?LCD
  +--> ?PR?_WRITEDATA?LCD
  +--> ?PR?_DISPSTR?LCD
  +--> ?PR?_DISPINT?LCD
  +--> ?PR?_WRITEDISPDATA?LCD
  +--> ?PR?_MMC_SD_WRITESINGLEBLOCK?MMC_SD
  +--> ?PR?_BLOCK_WRITE?BLOCK_WRITE
  +--> ?PR?READDATA?LCD
  +--> ?PR?_DELAY?MAIN

?PR?_DISPSTR?LCD                                 0062H    000BH      -----    -----
BL51 BANKED LINKER/LOCATER V6.22                                                      10/30/2021  09:23:57  PAGE 7


  +--> ?PR?_TOORD?LCD
  +--> ?PR?_DISPONECHAR?LCD

?PR?_DISPONECHAR?LCD                             006DH    000DH      -----    -----
  +--> ?PR?_?BLOCKWRITE?LCD
  +--> ?CO?LCD
  +--> ?PR?_WRITEONEDOT?LCD

?PR?_WRITEONEDOT?LCD                             -----    -----      -----    -----
  +--> ?PR?_WRITEDISPDATA?LCD

?PR?_DISPINT?LCD                                 0062H    000AH      -----    -----
  +--> ?PR?_DISPONECHAR?LCD

?PR?_MMC_SD_WRITESINGLEBLOCK?MMC_SD              0062H    0004H      -----    -----
  +--> ?PR?_MMC_SD_SENDCOMMAND?MMC_SD
  +--> ?PR?_SPI_WRITEBYTE?MMC_SD

?PR?_MMC_SD_SENDCOMMAND?MMC_SD                   0066H    0005H      -----    -----
  +--> ?PR?_SPI_WRITEBYTE?MMC_SD

?PR?DISPGRAYHOR16?LCD                            0059H    0004H      -----    -----
  +--> ?PR?_?BLOCKWRITE?LCD
  +--> ?PR?_WRITEDISPDATA?LCD

?PR?DISPBAND?LCD                                 0059H    0005H      -----    -----
  +--> ?PR?_?BLOCKWRITE?LCD
  +--> ?PR?_WRITEDISPDATA?LCD

?PR?_DISPCOLOR?LCD                               0059H    0004H      -----    -----
  +--> ?PR?_?BLOCKWRITE?LCD
  +--> ?PR?_WRITEDISPDATA?LCD

?PR?TP_DRAWLINE?TP                               -----    -----      027CH    0018H
  +--> ?PR?_DISPCOLOR?LCD
  +--> ?CO?TP
  +--> ?PR?_DISPSTR?LCD
  +--> ?PR?_DELAY?MAIN
  +--> ?PR?_TP_GETPOSITION?TP
  +--> ?PR?_PUTPIXEL?LCD

?PR?_TP_GETPOSITION?TP                           -----    -----      0294H    001BH
  +--> ?PR?_TP_WRITE?TP
  +--> ?PR?TP_READ?TP

?PR?_TP_WRITE?TP                                 -----    -----      02AFH    0001H

?PR?TP_READ?TP                                   -----    -----      02AFH    0005H

?PR?_PUTPIXEL?LCD                                0059H    0002H      -----    -----
  +--> ?PR?_?BLOCKWRITE?LCD
  +--> ?PR?_WRITEDISPDATA?LCD



SYMBOL TABLE OF MODULE:  ST7735S_XL20_ZT_H8 (MAIN)

BL51 BANKED LINKER/LOCATER V6.22                                                      10/30/2021  09:23:57  PAGE 8


  VALUE           TYPE          NAME
  ----------------------------------

  -------         MODULE        MAIN
  C:0000H         SYMBOL        _ICE_DUMMY_
  D:0080H         PUBLIC        P0
  X:0000H         PUBLIC        f_down
  D:0090H         PUBLIC        P1
  D:00B0H         PUBLIC        P3
  C:37D9H         PUBLIC        USB_MaxPower
  B:00B0H.6       PUBLIC        KEY_STEP
  D:00A4H         PUBLIC        P0MDOUT
  D:00A5H         PUBLIC        P1MDOUT
  D:00A6H         PUBLIC        P2MDOUT
  D:00A7H         PUBLIC        P3MDOUT
  D:00AEH         PUBLIC        P4MDOUT
  B:0080H.6       PUBLIC        OE
  D:00D9H         PUBLIC        PCA0MD
  C:20A7H         PUBLIC        USB_API_TEST_ISR
  C:003DH         PUBLIC        Suspend_Device
  C:3698H         PUBLIC        _StopDelay
  D:00E1H         PUBLIC        XBR0
  D:00E2H         PUBLIC        XBR1
  B:00B0H.1       PUBLIC        RS
  C:38A0H         PUBLIC        main
  X:0001H         PUBLIC        VerifyCode0
  X:0002H         PUBLIC        VerifyCode1
  C:37A3H         PUBLIC        USB_PID
  X:0003H         PUBLIC        VerifyCode2
  D:00F1H         PUBLIC        P0MDIN
  D:00F2H         PUBLIC        P1MDIN
  C:37A5H         PUBLIC        USB_MfrStr
  D:00F4H         PUBLIC        P3MDIN
  C:37A1H         PUBLIC        USB_VID
  D:00F8H         PUBLIC        SPI0CN
  X:0004H         PUBLIC        pic
  C:3460H         PUBLIC        Devices_Init
  C:008EH         PUBLIC        ConnToUSB
  D:00A9H         PUBLIC        CLKSEL
  D:00B2H         PUBLIC        OSCICN
  C:37DAH         PUBLIC        USB_PwAttributes
  C:3AD5H         PUBLIC        WaitKey
  C:37DDH         SYMBOL        _?ix1000
  B:00B0H.0       PUBLIC        CS0
  X:0005H         PUBLIC        bf
  C:37DBH         PUBLIC        USB_bcdDevice
  D:00B9H         PUBLIC        CLKMUL
  X:0007H         PUBLIC        f_debug
  X:0008H         PUBLIC        sd
  X:02D4H         PUBLIC        Packet
  C:3825H         PUBLIC        MCU_Init
  B:0080H.7       PUBLIC        DIR
  D:00EFH         PUBLIC        RSTSRC
  X:000CH         PUBLIC        f_read
  C:37CFH         PUBLIC        USB_SerialStr
  X:000DH         PUBLIC        f_other
  C:37BFH         PUBLIC        USB_ProductStr
BL51 BANKED LINKER/LOCATER V6.22                                                      10/30/2021  09:23:57  PAGE 9


  X:000EH         PUBLIC        f_para
  D:00A1H         PUBLIC        SPI0CFG
  C:3A0AH         PUBLIC        _Delay
  B:00B0H.7       PUBLIC        KEY_Stop
  X:000FH         PUBLIC        f_init
  -------         PROC          MAIN
  C:38A0H         LINE#         40
  C:38A0H         LINE#         41
  C:38A0H         LINE#         61
  C:38A3H         LINE#         63
  C:38A6H         LINE#         64
  C:38A6H         LINE#         68
  C:38AFH         LINE#         74
  C:38B8H         LINE#         75
  C:38C1H         LINE#         76
  C:38CAH         LINE#         80
  C:38CDH         LINE#         82
  C:38CFH         LINE#         83
  -------         ENDPROC       MAIN
  -------         PROC          _DELAY
  D:0006H         SYMBOL        dly
  -------         DO            
  D:0004H         SYMBOL        i
  D:0002H         SYMBOL        j
  -------         ENDDO         
  C:3A0AH         LINE#         86
  C:3A0AH         LINE#         87
  C:3A0AH         LINE#         90
  C:3A14H         LINE#         91
  C:3A28H         LINE#         92
  -------         ENDPROC       _DELAY
  C:3694H         SYMBOL        L?0133
  -------         PROC          L?0132
  -------         ENDPROC       L?0132
  C:3694H         SYMBOL        L?0133
  -------         PROC          _STOPDELAY
  X:0059H         SYMBOL        sdly
  -------         DO            
  D:0006H         SYMBOL        i
  D:0004H         SYMBOL        j
  X:005BH         SYMBOL        k
  -------         ENDDO         
  C:3698H         LINE#         94
  C:369FH         LINE#         95
  C:369FH         LINE#         97
  C:36A4H         LINE#         98
  C:36A4H         LINE#         99
  C:36A7H         LINE#         100
  C:36A7H         LINE#         101
  C:36B4H         LINE#         102
  C:36C8H         LINE#         103
  C:36C8H         LINE#         105
  C:36C8H         LINE#         106
  C:36D2H         LINE#         107
  C:36D2H         LINE#         108
  C:36E8H         LINE#         109
  -------         ENDPROC       _STOPDELAY
BL51 BANKED LINKER/LOCATER V6.22                                                      10/30/2021  09:23:57  PAGE 10


  -------         PROC          WAITKEY
  C:3AD5H         LINE#         139
  C:3AD5H         LINE#         140
  C:3AD5H         LINE#         142
  C:3AD8H         LINE#         143
  C:3AD8H         LINE#         145
  C:3ADBH         LINE#         147
  C:3ADDH         LINE#         148
  C:3AE4H         LINE#         149
  C:3AE7H         LINE#         151
  -------         ENDPROC       WAITKEY
  -------         PROC          CONNTOUSB
  -------         DO            
  X:005DH         SYMBOL        i
  X:027CH         SYMBOL        reg_data
  X:0294H         SYMBOL        para_data
  D:0007H         SYMBOL        dat
  X:005EH         SYMBOL        reg_index
  X:0060H         SYMBOL        data_num
  X:0061H         SYMBOL        st
  -------         ENDDO         
  C:008EH         LINE#         157
  C:008EH         LINE#         158
  C:008EH         LINE#         165
  C:00A1H         LINE#         167
  C:00A9H         LINE#         168
  C:00A9H         LINE#         169
  C:00B7H         LINE#         170
  C:00B7H         LINE#         171
  C:00C8H         LINE#         172
  C:00C8H         LINE#         173
  C:00EEH         LINE#         174
  C:00F0H         LINE#         175
  C:0104H         LINE#         176
  C:0104H         LINE#         177
  C:012AH         LINE#         179
  C:012AH         LINE#         180
  C:012AH         LINE#         181
  C:012AH         LINE#         183
  C:012AH         LINE#         184
  C:0132H         LINE#         185
  C:013CH         LINE#         186
  C:0146H         LINE#         188
  C:0162H         LINE#         190
  C:016CH         LINE#         191
  C:016CH         LINE#         192
  C:017DH         LINE#         193
  C:017DH         LINE#         194
  C:018EH         LINE#         195
  C:018EH         LINE#         196
  C:01E1H         LINE#         197
  C:01E3H         LINE#         198
  C:01F9H         LINE#         199
  C:01F9H         LINE#         200
  C:024BH         LINE#         201
  C:024BH         LINE#         202
  C:024BH         LINE#         203
BL51 BANKED LINKER/LOCATER V6.22                                                      10/30/2021  09:23:57  PAGE 11


  C:024BH         LINE#         205
  C:024BH         LINE#         206
  C:0253H         LINE#         207
  C:0253H         LINE#         208
  C:025DH         LINE#         209
  C:0267H         LINE#         211
  C:026BH         LINE#         212
  C:026EH         LINE#         216
  C:0276H         LINE#         217
  C:0276H         LINE#         218
  C:0285H         LINE#         219
  C:0285H         LINE#         220
  C:0287H         LINE#         222
  C:0289H         LINE#         223
  C:02A5H         LINE#         224
  C:02A7H         LINE#         226
  C:02D0H         LINE#         227
  C:02F4H         LINE#         228
  C:02FEH         LINE#         229
  C:02FEH         LINE#         230
  C:0306H         LINE#         231
  C:030DH         LINE#         232
  C:0318H         LINE#         233
  C:031EH         LINE#         234
  C:031EH         LINE#         235
  C:0327H         LINE#         237
  C:032BH         LINE#         238
  C:0337H         LINE#         239
  C:033AH         LINE#         242
  C:0342H         LINE#         243
  C:0342H         LINE#         244
  C:034BH         LINE#         245
  C:034BH         LINE#         246
  C:035BH         LINE#         247
  C:035BH         LINE#         248
  C:035DH         LINE#         250
  C:035FH         LINE#         251
  C:037BH         LINE#         252
  C:037DH         LINE#         254
  C:03A6H         LINE#         255
  C:03CAH         LINE#         257
  C:03D4H         LINE#         258
  C:03D4H         LINE#         259
  C:03DCH         LINE#         260
  C:03E3H         LINE#         261
  C:03EEH         LINE#         262
  C:03F4H         LINE#         263
  C:03F4H         LINE#         265
  C:03FDH         LINE#         271
  C:03FDH         LINE#         272
  C:040AH         LINE#         273
  C:040AH         LINE#         274
  C:040CH         LINE#         276
  C:040EH         LINE#         277
  C:042AH         LINE#         278
  C:042CH         LINE#         280
  C:0434H         LINE#         281
BL51 BANKED LINKER/LOCATER V6.22                                                      10/30/2021  09:23:57  PAGE 12


  C:0438H         LINE#         282
  C:0444H         LINE#         283
  C:0444H         LINE#         284
  C:0447H         LINE#         287
  C:044FH         LINE#         288
  C:044FH         LINE#         289
  C:0460H         LINE#         290
  C:0460H         LINE#         291
  C:046DH         LINE#         292
  C:046DH         LINE#         293
  C:048BH         LINE#         294
  C:048DH         LINE#         295
  C:049DH         LINE#         296
  C:049DH         LINE#         297
  C:04BBH         LINE#         298
  C:04BDH         LINE#         299
  C:04CEH         LINE#         300
  C:04CEH         LINE#         301
  C:04D8H         LINE#         302
  C:04E2H         LINE#         303
  C:04E2H         LINE#         304
  C:04E2H         LINE#         305
  C:04E2H         LINE#         307
  C:04E2H         LINE#         308
  C:04EBH         LINE#         309
  C:04EFH         LINE#         310
  C:04FBH         LINE#         311
  C:04FEH         LINE#         314
  C:0506H         LINE#         315
  C:0506H         LINE#         316
  C:0513H         LINE#         317
  C:0524H         LINE#         319
  C:052DH         LINE#         320
  C:053CH         LINE#         322
  C:0544H         LINE#         323
  C:0544H         LINE#         324
  C:054DH         LINE#         325
  C:055CH         LINE#         326
  C:055CH         LINE#         327
  C:055FH         LINE#         328
  C:056EH         LINE#         329
  C:057AH         LINE#         330
  C:0580H         LINE#         331
  C:0580H         LINE#         333
  C:0584H         LINE#         334
  C:0593H         LINE#         336
  C:059AH         LINE#         337
  C:05B6H         LINE#         338
  C:05C0H         LINE#         339
  C:05C0H         LINE#         340
  C:05E6H         LINE#         341
  C:05F9H         LINE#         342
  C:05F9H         LINE#         343
  C:064BH         LINE#         344
  C:0653H         LINE#         345
  C:0653H         LINE#         346
  C:0653H         LINE#         349
BL51 BANKED LINKER/LOCATER V6.22                                                      10/30/2021  09:23:57  PAGE 13


  C:0658H         LINE#         350
  C:0658H         LINE#         351
  C:0665H         LINE#         352
  C:0676H         LINE#         354
  C:067BH         LINE#         355
  C:067FH         LINE#         356
  C:0682H         LINE#         357
  C:0686H         LINE#         359
  C:068AH         LINE#         360
  C:0696H         LINE#         361
  C:0698H         LINE#         362
  -------         ENDPROC       CONNTOUSB
  -------         PROC          MCU_INIT
  -------         DO            
  D:0007H         SYMBOL        n
  -------         ENDDO         
  C:3825H         LINE#         365
  C:3825H         LINE#         366
  C:3825H         LINE#         368
  C:3828H         LINE#         371
  C:382BH         LINE#         372
  C:382EH         LINE#         374
  C:3831H         LINE#         376
  C:3837H         LINE#         378
  C:383AH         LINE#         379
  C:383FH         LINE#         380
  C:3842H         LINE#         382
  C:3845H         LINE#         385
  C:3848H         LINE#         386
  C:384BH         LINE#         388
  C:384EH         LINE#         389
  C:3851H         LINE#         391
  C:3854H         LINE#         392
  C:3857H         LINE#         394
  C:385AH         LINE#         395
  C:385DH         LINE#         396
  C:385FH         LINE#         397
  C:3861H         LINE#         399
  C:3864H         LINE#         400
  C:3867H         LINE#         402
  -------         ENDPROC       MCU_INIT
  -------         PROC          DEVICES_INIT
  C:3460H         LINE#         404
  C:3460H         LINE#         405
  C:3460H         LINE#         407
  C:3463H         LINE#         410
  C:3466H         LINE#         411
  C:34C0H         LINE#         412
  C:34C3H         LINE#         415
  C:34C6H         LINE#         416
  C:34C9H         LINE#         424
  -------         ENDPROC       DEVICES_INIT
  -------         PROC          SUSPEND_DEVICE
  C:003DH         LINE#         428
  C:003DH         LINE#         429
  C:003DH         LINE#         430
  -------         ENDPROC       SUSPEND_DEVICE
BL51 BANKED LINKER/LOCATER V6.22                                                      10/30/2021  09:23:57  PAGE 14


  -------         PROC          USB_API_TEST_ISR
  -------         DO            
  X:0056H         SYMBOL        INTVAL
  -------         ENDDO         
  C:20A7H         LINE#         434
  C:20C4H         LINE#         436
  C:20CBH         LINE#         438
  C:20D1H         LINE#         439
  C:20D1H         LINE#         440
  C:20DCH         LINE#         442
  C:20F8H         LINE#         443
  C:20F8H         LINE#         444
  C:20FAH         LINE#         445
  C:20FCH         LINE#         446
  C:2112H         LINE#         447
  C:2112H         LINE#         448
  C:2114H         LINE#         449
  C:2116H         LINE#         450
  C:212EH         LINE#         451
  C:212EH         LINE#         452
  C:2130H         LINE#         453
  C:2132H         LINE#         454
  C:214CH         LINE#         455
  C:214CH         LINE#         456
  C:214EH         LINE#         457
  C:2150H         LINE#         458
  C:2165H         LINE#         459
  C:2165H         LINE#         460
  C:2167H         LINE#         461
  C:2169H         LINE#         463
  C:2169H         LINE#         464
  C:216EH         LINE#         465
  C:216EH         LINE#         466
  C:216EH         LINE#         468
  C:216EH         LINE#         469
  C:216EH         LINE#         471
  C:216EH         LINE#         473
  C:2174H         LINE#         474
  C:2174H         LINE#         475
  C:2177H         LINE#         476
  C:2177H         LINE#         478
  C:217DH         LINE#         479
  C:217DH         LINE#         480
  C:2180H         LINE#         481
  C:2180H         LINE#         483
  C:2186H         LINE#         484
  C:2186H         LINE#         485
  C:21A1H         LINE#         486
  C:21A1H         LINE#         488
  C:21A7H         LINE#         489
  C:21A7H         LINE#         490
  C:21ACH         LINE#         491
  C:21C7H         LINE#         492
  C:21C7H         LINE#         493
  -------         ENDPROC       USB_API_TEST_ISR
  -------         ENDMOD        MAIN

BL51 BANKED LINKER/LOCATER V6.22                                                      10/30/2021  09:23:57  PAGE 15


  -------         MODULE        MMC_SD
  C:0000H         SYMBOL        _ICE_DUMMY_
  D:00A2H         PUBLIC        SPI0CKR
  D:0080H         PUBLIC        P0
  D:0090H         PUBLIC        P1
  D:00B0H         PUBLIC        P3
  C:3305H         PUBLIC        _MMC_SD_SendCommand
  C:34CCH         PUBLIC        _MMC_SD_ReadSingleBlock
  C:3AE8H         PUBLIC        SD_Init
  C:3210H         PUBLIC        _MMC_SD_WriteSingleBlock
  B:00F8H.7       PUBLIC        SPIF
  B:00F8H.2       PUBLIC        NSSMD0
  C:28EEH         PUBLIC        MMC_SD_Reset
  D:00A9H         PUBLIC        CLKSEL
  C:3B13H         PUBLIC        SPI_ReadByte
  C:3AA1H         PUBLIC        _SPI_WriteByte
  D:00A3H         PUBLIC        SPI0DAT
  X:007CH         PUBLIC        buffer
  C:3A95H         SYMBOL        L?0062
  C:3A9AH         SYMBOL        L?0063
  -------         PROC          L?0061
  -------         ENDPROC       L?0061
  C:3A95H         SYMBOL        L?0062
  C:3A9AH         SYMBOL        L?0063
  -------         PROC          _SPI_WRITEBYTE
  D:0007H         SYMBOL        val
  -------         DO            
  D:0007H         SYMBOL        ret
  -------         ENDDO         
  C:3AA1H         LINE#         7
  C:3AA1H         LINE#         8
  C:3AA1H         LINE#         11
  C:3AA3H         LINE#         12
  C:3AA6H         LINE#         13
  C:3AA8H         LINE#         14
  C:3AAAH         LINE#         15
  C:3AAAH         LINE#         16
  -------         ENDPROC       _SPI_WRITEBYTE
  -------         PROC          SPI_READBYTE
  -------         DO            
  D:0007H         SYMBOL        ret
  -------         ENDDO         
  C:3B13H         LINE#         18
  C:3B13H         LINE#         19
  C:3B13H         LINE#         22
  C:3B16H         LINE#         23
  C:3B19H         LINE#         24
  C:3B1BH         LINE#         25
  C:3B1DH         LINE#         26
  C:3B1DH         LINE#         27
  -------         ENDPROC       SPI_READBYTE
  -------         PROC          _MMC_SD_SENDCOMMAND
  D:0006H         SYMBOL        cmd
  X:0067H         SYMBOL        arg
  -------         DO            
  D:0007H         SYMBOL        r1
  D:0003H         SYMBOL        retry
BL51 BANKED LINKER/LOCATER V6.22                                                      10/30/2021  09:23:57  PAGE 16


  -------         ENDDO         
  C:3305H         LINE#         29
  C:3307H         LINE#         30
  C:3307H         LINE#         32
  C:3309H         LINE#         34
  C:3309H         LINE#         35
  C:3309H         LINE#         36
  C:330CH         LINE#         37
  C:330CH         LINE#         38
  C:330CH         LINE#         39
  C:330FH         LINE#         41
  C:3311H         LINE#         43
  C:3318H         LINE#         44
  C:332DH         LINE#         45
  C:3342H         LINE#         46
  C:3357H         LINE#         47
  C:3361H         LINE#         48
  C:3366H         LINE#         50
  C:336EH         LINE#         51
  C:3377H         LINE#         53
  C:3379H         LINE#         55
  C:3379H         LINE#         56
  -------         ENDPROC       _MMC_SD_SENDCOMMAND
  -------         PROC          MMC_SD_RESET
  -------         DO            
  D:0005H         SYMBOL        i
  D:0002H         SYMBOL        retry
  D:0006H         SYMBOL        r1
  -------         ENDDO         
  C:28EEH         LINE#         58
  C:28EEH         LINE#         59
  C:28EEH         LINE#         62
  C:28F0H         LINE#         64
  C:28F1H         LINE#         65
  C:28F4H         LINE#         66
  C:28F7H         LINE#         68
  C:28F7H         LINE#         69
  C:2903H         LINE#         70
  C:2913H         LINE#         71
  C:2914H         LINE#         72
  C:291AH         LINE#         73
  C:291EH         LINE#         75
  C:2920H         LINE#         77
  C:2920H         LINE#         79
  C:2920H         LINE#         80
  C:2930H         LINE#         81
  C:2931H         LINE#         82
  C:293AH         LINE#         83
  C:293EH         LINE#         85
  C:2940H         LINE#         86
  C:2950H         LINE#         87
  C:2951H         LINE#         88
  C:295AH         LINE#         89
  C:295DH         LINE#         91
  C:2960H         LINE#         92
  C:2960H         LINE#         93
  C:2962H         LINE#         95
BL51 BANKED LINKER/LOCATER V6.22                                                      10/30/2021  09:23:57  PAGE 17


  C:2962H         LINE#         96
  C:2972H         LINE#         97
  C:2973H         LINE#         98
  C:297CH         LINE#         99
  C:297FH         LINE#         100
  C:297FH         LINE#         101
  C:298FH         LINE#         103
  C:299DH         LINE#         104
  C:29A0H         LINE#         105
  C:29A3H         LINE#         106
  C:29A4H         LINE#         107
  -------         ENDPROC       MMC_SD_RESET
  -------         PROC          _MMC_SD_READSINGLEBLOCK
  X:0010H         SYMBOL        sector
  -------         DO            
  D:0007H         SYMBOL        r1
  D:0004H         SYMBOL        i
  D:0002H         SYMBOL        retry
  -------         ENDDO         
  C:34CCH         LINE#         109
  C:34D1H         LINE#         110
  C:34D1H         LINE#         113
  C:34D3H         LINE#         115
  C:34D6H         LINE#         117
  C:34D6H         LINE#         118
  C:34F2H         LINE#         119
  C:34F3H         LINE#         120
  C:34FCH         LINE#         121
  C:34FFH         LINE#         124
  C:3501H         LINE#         126
  C:3507H         LINE#         128
  C:350AH         LINE#         129
  C:350AH         LINE#         130
  C:3519H         LINE#         131
  C:3526H         LINE#         133
  C:3526H         LINE#         134
  C:3529H         LINE#         136
  C:352BH         LINE#         137
  C:352EH         LINE#         138
  C:352FH         LINE#         139
  -------         ENDPROC       _MMC_SD_READSINGLEBLOCK
  -------         PROC          _MMC_SD_WRITESINGLEBLOCK
  X:0062H         SYMBOL        sector
  -------         DO            
  D:0006H         SYMBOL        r1
  D:0004H         SYMBOL        i
  D:0002H         SYMBOL        retry
  -------         ENDDO         
  C:3210H         LINE#         141
  C:3215H         LINE#         142
  C:3215H         LINE#         145
  C:3217H         LINE#         147
  C:321AH         LINE#         149
  C:321AH         LINE#         150
  C:3238H         LINE#         151
  C:3239H         LINE#         152
  C:3242H         LINE#         153
BL51 BANKED LINKER/LOCATER V6.22                                                      10/30/2021  09:23:57  PAGE 18


  C:3245H         LINE#         157
  C:3247H         LINE#         159
  C:324CH         LINE#         161
  C:3251H         LINE#         163
  C:3253H         LINE#         164
  C:3253H         LINE#         165
  C:3262H         LINE#         166
  C:326FH         LINE#         168
  C:326FH         LINE#         169
  C:326FH         LINE#         171
  C:3274H         LINE#         173
  C:327BH         LINE#         174
  C:327BH         LINE#         175
  C:327DH         LINE#         176
  C:327EH         LINE#         177
  C:327EH         LINE#         179
  C:3286H         LINE#         181
  C:3288H         LINE#         182
  C:328BH         LINE#         183
  C:328CH         LINE#         184
  -------         ENDPROC       _MMC_SD_WRITESINGLEBLOCK
  -------         PROC          SD_INIT
  -------         DO            
  D:0001H         SYMBOL        n
  -------         ENDDO         
  C:3AE8H         LINE#         187
  C:3AE8H         LINE#         188
  C:3AE8H         LINE#         189
  C:3AEAH         LINE#         191
  C:3AF0H         LINE#         192
  C:3AF0H         LINE#         193
  C:3AF1H         LINE#         194
  C:3AF8H         LINE#         196
  -------         ENDPROC       SD_INIT
  -------         ENDMOD        MMC_SD

  -------         MODULE        LCD
  C:0000H         SYMBOL        _ICE_DUMMY_
  D:0080H         PUBLIC        P0
  C:2BB9H         PUBLIC        DispFrame
  D:0090H         PUBLIC        P1
  C:2C5DH         PUBLIC        DispScaleVer_Green
  D:00A0H         PUBLIC        P2
  D:00B0H         PUBLIC        P3
  C:1DCCH         PUBLIC        DispBand
  C:3A66H         PUBLIC        _WriteData
  C:0699H         PUBLIC        ascii
  C:1411H         PUBLIC        _LCD_Read_IC_ID
  D:00A6H         PUBLIC        P2MDOUT
  C:0046H         PUBLIC        _DispColor
  C:3104H         PUBLIC        DispScaleVer_Blue
  C:2FE9H         PUBLIC        _DrawGird
  C:318AH         PUBLIC        _DrawLine
  C:3A46H         PUBLIC        _WriteComm
  C:3912H         PUBLIC        _WriteDispData
  C:2F58H         PUBLIC        DispScaleVer_Gray
  B:00B0H.1       PUBLIC        RS
BL51 BANKED LINKER/LOCATER V6.22                                                      10/30/2021  09:23:57  PAGE 19


  B:0090H.7       PUBLIC        SPI_CLK
  C:2EC7H         PUBLIC        DispScaleVer_Red
  D:00F3H         PUBLIC        P2MDIN
  C:2319H         PUBLIC        DispScaleVer
  C:36E9H         PUBLIC        _DispPic
  C:2853H         PUBLIC        _DispOneChar
  C:328DH         PUBLIC        DispGrayHor32
  C:2D96H         PUBLIC        DispGrayHor16
  C:29A5H         PUBLIC        _DispInt
  C:373CH         PUBLIC        _PutPixel
  D:00A9H         PUBLIC        CLKSEL
  B:0090H.6       PUBLIC        RD0
  B:00B0H.0       PUBLIC        CS0
  X:0054H         PUBLIC        LCM_ID
  C:1C35H         PUBLIC        LCD_Init
  C:2E31H         PUBLIC        _DispStr
  B:0090H.7       PUBLIC        WR0
  C:1643H         PUBLIC        DispScaleHor1
  B:0090H.6       PUBLIC        SPI_DI
  C:3B1EH         PUBLIC        _WriteOneDot
  C:1A7BH         PUBLIC        DispScaleHor2
  C:266DH         PUBLIC        _DispPicFromSD
  B:0080H.7       PUBLIC        DIR
  C:3530H         PUBLIC        _ToOrd
  B:0080H.5       PUBLIC        RST
  C:3AABH         PUBLIC        ReadData
  C:2D14H         PUBLIC        _?BlockWrite
  -------         PROC          _LCD_READ_IC_ID
  X:0062H         SYMBOL        ID
  D:0004H         SYMBOL        Bug
  D:0003H         SYMBOL        flog
  -------         DO            
  X:0063H         SYMBOL        id
  X:0065H         SYMBOL        id1
  X:0067H         SYMBOL        temp
  D:0005H         SYMBOL        i
  D:0007H         SYMBOL        dat
  D:0001H         SYMBOL        id2
  X:0069H         SYMBOL        id3
  D:0002H         SYMBOL        id4
  -------         ENDDO         
  C:1411H         LINE#         35
  C:1415H         LINE#         36
  C:1415H         LINE#         40
  C:141DH         LINE#         41
  C:141DH         LINE#         43
  C:141FH         LINE#         44
  C:1421H         LINE#         45
  C:1423H         LINE#         47
  C:1426H         LINE#         48
  C:1428H         LINE#         49
  C:142AH         LINE#         50
  C:142CH         LINE#         53
  C:142FH         LINE#         54
  C:1432H         LINE#         55
  C:1435H         LINE#         56
  C:1437H         LINE#         57
BL51 BANKED LINKER/LOCATER V6.22                                                      10/30/2021  09:23:57  PAGE 20


  C:1439H         LINE#         58
  C:143BH         LINE#         63
  C:1445H         LINE#         65
  C:144BH         LINE#         66
  C:1453H         LINE#         68
  C:1459H         LINE#         69
  C:145FH         LINE#         70
  C:1469H         LINE#         72
  C:146FH         LINE#         73
  C:1471H         LINE#         75
  C:1477H         LINE#         77
  C:147DH         LINE#         78
  C:1487H         LINE#         80
  C:148DH         LINE#         81
  C:1492H         LINE#         83
  C:1498H         LINE#         85
  C:14A2H         LINE#         86
  C:14ACH         LINE#         88
  C:14B2H         LINE#         89
  C:14B4H         LINE#         91
  C:14C4H         LINE#         92
  C:14CEH         LINE#         94
  C:14D1H         LINE#         95
  C:14D5H         LINE#         96
  C:14D5H         LINE#         97
  C:14DEH         LINE#         98
  C:14E4H         LINE#         99
  C:14E4H         LINE#         100
  C:14EEH         LINE#         101
  C:14F0H         LINE#         102
  C:14F4H         LINE#         103
  C:14F4H         LINE#         104
  C:1503H         LINE#         105
  C:1503H         LINE#         108
  C:1503H         LINE#         109
  C:150CH         LINE#         110
  C:150CH         LINE#         112
  C:150FH         LINE#         113
  C:1513H         LINE#         114
  C:1515H         LINE#         115
  C:1517H         LINE#         116
  C:1519H         LINE#         117
  C:1519H         LINE#         118
  C:151BH         LINE#         119
  C:1523H         LINE#         120
  C:1525H         LINE#         122
  C:1527H         LINE#         123
  C:152BH         LINE#         124
  C:1530H         LINE#         125
  C:1533H         LINE#         128
  C:153DH         LINE#         129
  C:153DH         LINE#         130
  C:153FH         LINE#         131
  C:153FH         LINE#         132
  C:1541H         LINE#         133
  C:1543H         LINE#         134
  C:1545H         LINE#         135
BL51 BANKED LINKER/LOCATER V6.22                                                      10/30/2021  09:23:57  PAGE 21


  C:155CH         LINE#         136
  C:155EH         LINE#         137
  C:1560H         LINE#         138
  C:1567H         LINE#         139
  C:1571H         LINE#         140
  C:1571H         LINE#         141
  C:1573H         LINE#         142
  C:1573H         LINE#         143
  C:1575H         LINE#         144
  C:1577H         LINE#         145
  C:1579H         LINE#         146
  C:1590H         LINE#         147
  C:1592H         LINE#         148
  C:1594H         LINE#         149
  C:1599H         LINE#         150
  C:1599H         LINE#         152
  C:159BH         LINE#         153
  C:159BH         LINE#         154
  C:159DH         LINE#         155
  C:159FH         LINE#         156
  C:15A1H         LINE#         157
  C:15B8H         LINE#         158
  C:15BAH         LINE#         159
  C:15BCH         LINE#         160
  C:15C1H         LINE#         162
  C:15C3H         LINE#         163
  C:15C3H         LINE#         164
  C:15C5H         LINE#         165
  C:15C7H         LINE#         166
  C:15C9H         LINE#         167
  C:15D3H         LINE#         168
  C:15D5H         LINE#         169
  C:15D7H         LINE#         170
  C:15DCH         LINE#         172
  C:15DEH         LINE#         173
  C:15DEH         LINE#         174
  C:15E0H         LINE#         175
  C:15E2H         LINE#         176
  C:15E4H         LINE#         177
  C:15F0H         LINE#         178
  C:15F2H         LINE#         179
  C:15F4H         LINE#         180
  C:15F9H         LINE#         181
  C:15FCH         LINE#         182
  C:15FEH         LINE#         183
  C:1600H         LINE#         184
  C:1602H         LINE#         185
  C:1604H         LINE#         186
  C:1606H         LINE#         187
  C:1608H         LINE#         189
  C:160CH         LINE#         190
  C:160CH         LINE#         191
  C:161CH         LINE#         193
  C:1627H         LINE#         194
  C:1627H         LINE#         195
  C:1627H         LINE#         197
  C:162DH         LINE#         198
BL51 BANKED LINKER/LOCATER V6.22                                                      10/30/2021  09:23:57  PAGE 22


  C:162DH         LINE#         199
  C:1639H         LINE#         200
  C:1639H         LINE#         202
  C:1639H         LINE#         203
  C:163BH         LINE#         204
  C:1642H         LINE#         205
  -------         ENDPROC       _LCD_READ_IC_ID
  -------         PROC          _WRITECOMM
  D:0004H         SYMBOL        i
  -------         DO            
  X:007AH         SYMBOL        j
  D:0007H         SYMBOL        DataH
  -------         ENDDO         
  C:3A46H         LINE#         208
  C:3A4AH         LINE#         209
  C:3A4AH         LINE#         211
  C:3A4BH         LINE#         212
  C:3A4DH         LINE#         223
  C:3A4DH         LINE#         224
  C:3A4FH         LINE#         225
  C:3A51H         LINE#         226
  C:3A53H         LINE#         227
  C:3A55H         LINE#         228
  C:3A57H         LINE#         229
  C:3A5BH         LINE#         230
  C:3A5DH         LINE#         231
  C:3A5FH         LINE#         232
  C:3A5FH         LINE#         319
  C:3A61H         LINE#         320
  -------         ENDPROC       _WRITECOMM
  -------         PROC          L?0449
  -------         ENDPROC       L?0449
  -------         PROC          _WRITEDATA
  D:0004H         SYMBOL        i
  -------         DO            
  X:007AH         SYMBOL        j
  X:007BH         SYMBOL        DataH
  -------         ENDDO         
  C:3A66H         LINE#         322
  C:3A68H         LINE#         323
  C:3A68H         LINE#         325
  C:3A6CH         LINE#         326
  C:3A6EH         LINE#         337
  C:3A6EH         LINE#         338
  C:3A70H         LINE#         339
  C:3A72H         LINE#         347
  C:3A75H         LINE#         348
  C:3A77H         LINE#         349
  C:3A79H         LINE#         350
  C:3A79H         LINE#         514
  C:3A7BH         LINE#         515
  -------         ENDPROC       _WRITEDATA
  C:38FDH         SYMBOL        L?0448
  -------         PROC          L?0447
  -------         ENDPROC       L?0447
  C:38FDH         SYMBOL        L?0448
  -------         PROC          _WRITEDISPDATA
BL51 BANKED LINKER/LOCATER V6.22                                                      10/30/2021  09:23:57  PAGE 23


  D:0007H         SYMBOL        DataH
  D:0005H         SYMBOL        DataL
  -------         DO            
  X:007AH         SYMBOL        j
  -------         ENDDO         
  C:3912H         LINE#         517
  C:3912H         LINE#         518
  C:3912H         LINE#         520
  C:3914H         LINE#         534
  C:3914H         LINE#         535
  C:3916H         LINE#         536
  C:3918H         LINE#         537
  C:391AH         LINE#         538
  C:391CH         LINE#         539
  C:391EH         LINE#         540
  C:3922H         LINE#         541
  C:3924H         LINE#         542
  C:3926H         LINE#         543
  C:3926H         LINE#         639
  C:3928H         LINE#         640
  -------         ENDPROC       _WRITEDISPDATA
  -------         PROC          _WRITEONEDOT
  D:0004H         SYMBOL        color
  C:3B1EH         LINE#         642
  C:3B22H         LINE#         643
  C:3B22H         LINE#         656
  -------         ENDPROC       _WRITEONEDOT
  -------         PROC          LCD_INIT
  C:1C35H         LINE#         665
  C:1C35H         LINE#         666
  C:1C35H         LINE#         667
  C:1C38H         LINE#         670
  C:1C3AH         LINE#         671
  C:1C41H         LINE#         673
  C:1C43H         LINE#         674
  C:1C4AH         LINE#         676
  C:1C4CH         LINE#         677
  C:1C53H         LINE#         2394
  C:1C5AH         LINE#         2395
  C:1C5FH         LINE#         2397
  C:1C66H         LINE#         2398
  C:1C6BH         LINE#         2399
  C:1C70H         LINE#         2400
  C:1C73H         LINE#         2402
  C:1C78H         LINE#         2403
  C:1C7DH         LINE#         2404
  C:1C82H         LINE#         2405
  C:1C85H         LINE#         2407
  C:1C8AH         LINE#         2408
  C:1C8FH         LINE#         2409
  C:1C94H         LINE#         2410
  C:1C97H         LINE#         2411
  C:1C9CH         LINE#         2412
  C:1CA1H         LINE#         2413
  C:1CA4H         LINE#         2415
  C:1CA9H         LINE#         2416
  C:1CAEH         LINE#         2418
BL51 BANKED LINKER/LOCATER V6.22                                                      10/30/2021  09:23:57  PAGE 24


  C:1CB3H         LINE#         2419
  C:1CB8H         LINE#         2420
  C:1CBDH         LINE#         2421
  C:1CC2H         LINE#         2423
  C:1CC7H         LINE#         2424
  C:1CCCH         LINE#         2426
  C:1CD1H         LINE#         2427
  C:1CD6H         LINE#         2428
  C:1CDBH         LINE#         2430
  C:1CE0H         LINE#         2431
  C:1CE5H         LINE#         2432
  C:1CEAH         LINE#         2434
  C:1CEFH         LINE#         2435
  C:1CF4H         LINE#         2436
  C:1CF9H         LINE#         2438
  C:1CFEH         LINE#         2439
  C:1D03H         LINE#         2441
  C:1D08H         LINE#         2442
  C:1D0DH         LINE#         2444
  C:1D12H         LINE#         2445
  C:1D17H         LINE#         2446
  C:1D1CH         LINE#         2447
  C:1D21H         LINE#         2448
  C:1D26H         LINE#         2449
  C:1D2BH         LINE#         2450
  C:1D30H         LINE#         2451
  C:1D35H         LINE#         2452
  C:1D3AH         LINE#         2453
  C:1D3EH         LINE#         2454
  C:1D42H         LINE#         2455
  C:1D47H         LINE#         2456
  C:1D4CH         LINE#         2457
  C:1D51H         LINE#         2458
  C:1D56H         LINE#         2459
  C:1D5BH         LINE#         2460
  C:1D60H         LINE#         2462
  C:1D65H         LINE#         2463
  C:1D6AH         LINE#         2464
  C:1D6FH         LINE#         2465
  C:1D74H         LINE#         2466
  C:1D79H         LINE#         2467
  C:1D7EH         LINE#         2468
  C:1D83H         LINE#         2469
  C:1D88H         LINE#         2470
  C:1D8DH         LINE#         2471
  C:1D91H         LINE#         2472
  C:1D96H         LINE#         2473
  C:1D9BH         LINE#         2474
  C:1DA0H         LINE#         2475
  C:1DA5H         LINE#         2476
  C:1DAAH         LINE#         2477
  C:1DAEH         LINE#         2478
  C:1DB3H         LINE#         2480
  C:1DB8H         LINE#         2481
  C:1DBDH         LINE#         2483
  C:1DC2H         LINE#         2484
  C:1DC7H         LINE#         2486
BL51 BANKED LINKER/LOCATER V6.22                                                      10/30/2021  09:23:57  PAGE 25


  -------         ENDPROC       LCD_INIT
  C:2CFCH         SYMBOL        L?0443
  -------         PROC          L?0442
  -------         ENDPROC       L?0442
  C:2CFCH         SYMBOL        L?0443
  -------         PROC          _?BLOCKWRITE
  p:0000H         SYMBOL        Xstart
  p:0002H         SYMBOL        Xend
  p:0004H         SYMBOL        Ystart
  p:0006H         SYMBOL        Yend
  C:2D14H         LINE#         6262
  C:2D35H         LINE#         6394
  C:2D3CH         LINE#         6395
  C:2D43H         LINE#         6396
  C:2D4BH         LINE#         6397
  C:2D56H         LINE#         6398
  C:2D60H         LINE#         6400
  C:2D65H         LINE#         6401
  C:2D6FH         LINE#         6403
  C:2D76H         LINE#         6404
  C:2D80H         LINE#         6405
  C:2D87H         LINE#         6411
  C:2D8CH         LINE#         6414
  C:2D8FH         LINE#         6419
  -------         ENDPROC       _?BLOCKWRITE
  -------         PROC          _DISPCOLOR
  D:0004H         SYMBOL        color
  -------         DO            
  X:0059H         SYMBOL        i
  D:0002H         SYMBOL        m
  X:005BH         SYMBOL        DataH
  X:005CH         SYMBOL        DataL
  -------         ENDDO         
  C:0046H         LINE#         6474
  C:0048H         LINE#         6475
  C:0048H         LINE#         6478
  C:004EH         LINE#         6480
  C:0051H         LINE#         6482
  C:0053H         LINE#         6483
  C:0059H         LINE#         6484
  C:0059H         LINE#         6485
  C:005CH         LINE#         6486
  C:005CH         LINE#         6487
  C:0066H         LINE#         6488
  C:0071H         LINE#         6489
  C:0087H         LINE#         6491
  C:0089H         LINE#         6492
  -------         ENDPROC       _DISPCOLOR
  -------         PROC          DISPFRAME
  -------         DO            
  D:0002H         SYMBOL        i
  X:0059H         SYMBOL        j
  D:0001H         SYMBOL        DataH
  D:0006H         SYMBOL        DataL
  -------         ENDDO         
  C:2BB9H         LINE#         6494
  C:2BB9H         LINE#         6495
BL51 BANKED LINKER/LOCATER V6.22                                                      10/30/2021  09:23:57  PAGE 26


  C:2BB9H         LINE#         6498
  C:2BBCH         LINE#         6500
  C:2BBEH         LINE#         6503
  C:2BC2H         LINE#         6504
  C:2BC8H         LINE#         6506
  C:2BC8H         LINE#         6507
  C:2BC8H         LINE#         6508
  C:2BCCH         LINE#         6509
  C:2BD3H         LINE#         6510
  C:2BDEH         LINE#         6512
  C:2BE2H         LINE#         6513
  C:2BE8H         LINE#         6515
  C:2BEDH         LINE#         6516
  C:2BEDH         LINE#         6517
  C:2BF1H         LINE#         6518
  C:2BF7H         LINE#         6520
  C:2BF9H         LINE#         6521
  C:2BF9H         LINE#         6522
  C:2BFCH         LINE#         6523
  C:2C01H         LINE#         6524
  C:2C0CH         LINE#         6526
  C:2C10H         LINE#         6527
  C:2C16H         LINE#         6529
  C:2C2CH         LINE#         6531
  C:2C30H         LINE#         6532
  C:2C36H         LINE#         6534
  C:2C38H         LINE#         6535
  C:2C38H         LINE#         6536
  C:2C3CH         LINE#         6537
  C:2C43H         LINE#         6538
  C:2C4EH         LINE#         6540
  C:2C52H         LINE#         6541
  C:2C58H         LINE#         6543
  C:2C5AH         LINE#         6544
  C:2C5CH         LINE#         6545
  -------         ENDPROC       DISPFRAME
  -------         PROC          DISPBAND
  -------         DO            
  D:0002H         SYMBOL        i
  X:0059H         SYMBOL        j
  X:005AH         SYMBOL        k
  X:005BH         SYMBOL        m
  X:005CH         SYMBOL        n
  X:005DH         SYMBOL        x
  -------         ENDDO         
  C:1DCCH         LINE#         6547
  C:1DCCH         LINE#         6548
  C:1DCCH         LINE#         6551
  C:1DD6H         LINE#         6552
  C:1DDFH         LINE#         6553
  C:1DE1H         LINE#         6555
  C:1DE4H         LINE#         6556
  C:1DF0H         LINE#         6557
  C:1DF0H         LINE#         6558
  C:1E0BH         LINE#         6559
  C:1E26H         LINE#         6560
  C:1E52H         LINE#         6561
BL51 BANKED LINKER/LOCATER V6.22                                                      10/30/2021  09:23:57  PAGE 27


  C:1E59H         LINE#         6562
  C:1E68H         LINE#         6563
  C:1E68H         LINE#         6564
  C:1E83H         LINE#         6565
  C:1E9EH         LINE#         6566
  C:1ECAH         LINE#         6567
  C:1ED1H         LINE#         6568
  C:1EE7H         LINE#         6569
  C:1EE7H         LINE#         6570
  C:1F02H         LINE#         6571
  C:1F1DH         LINE#         6572
  C:1F49H         LINE#         6573
  C:1F50H         LINE#         6575
  C:1F52H         LINE#         6576
  C:1F55H         LINE#         6578
  -------         ENDPROC       DISPBAND
  -------         PROC          _DISPPIC
  D:0006H         SYMBOL        picture
  -------         DO            
  X:0014H         SYMBOL        p
  X:0017H         SYMBOL        n
  -------         ENDDO         
  C:36E9H         LINE#         6581
  C:36E9H         LINE#         6582
  C:36E9H         LINE#         6585
  C:36F8H         LINE#         6586
  C:36F8H         LINE#         6587
  C:36F8H         LINE#         6589
  C:36FBH         LINE#         6591
  C:370EH         LINE#         6592
  C:370EH         LINE#         6593
  C:372EH         LINE#         6594
  C:373BH         LINE#         6596
  -------         ENDPROC       _DISPPIC
  -------         PROC          _DISPPICFROMSD
  X:0019H         SYMBOL        PicNum
  -------         DO            
  X:001AH         SYMBOL        Address_S
  X:001EH         SYMBOL        Address_E
  D:0002H         SYMBOL        i
  X:0022H         SYMBOL        k
  -------         ENDDO         
  C:266DH         LINE#         6600
  C:2670H         LINE#         6601
  C:2670H         LINE#         6607
  C:2673H         LINE#         6610
  C:2675H         LINE#         6612
  C:2677H         LINE#         6614
  C:2680H         LINE#         6615
  C:26ABH         LINE#         6616
  C:26D4H         LINE#         6617
  C:26F7H         LINE#         6618
  C:26F7H         LINE#         6619
  C:2707H         LINE#         6621
  C:2710H         LINE#         6622
  C:2710H         LINE#         6624
  C:272BH         LINE#         6625
BL51 BANKED LINKER/LOCATER V6.22                                                      10/30/2021  09:23:57  PAGE 28


  C:2734H         LINE#         6626
  C:2753H         LINE#         6628
  C:2755H         LINE#         6666
  -------         ENDPROC       _DISPPICFROMSD
  -------         PROC          DISPSCALEHOR1
  -------         DO            
  X:0026H         SYMBOL        i
  X:0028H         SYMBOL        j
  D:0002H         SYMBOL        k
  -------         ENDDO         
  C:1643H         LINE#         6671
  C:1643H         LINE#         6672
  C:1643H         LINE#         6675
  C:1646H         LINE#         6678
  C:1646H         LINE#         6679
  C:1646H         LINE#         6680
  C:1666H         LINE#         6681
  C:166CH         LINE#         6682
  C:166CH         LINE#         6683
  C:1672H         LINE#         6684
  C:1672H         LINE#         6685
  C:1687H         LINE#         6686
  C:169DH         LINE#         6687
  C:16B3H         LINE#         6689
  C:16BEH         LINE#         6692
  C:16C1H         LINE#         6693
  C:16C1H         LINE#         6694
  C:16E1H         LINE#         6695
  C:16E7H         LINE#         6696
  C:16E7H         LINE#         6697
  C:16EDH         LINE#         6698
  C:16EDH         LINE#         6699
  C:1718H         LINE#         6700
  C:172EH         LINE#         6701
  C:1744H         LINE#         6702
  C:1752H         LINE#         6705
  C:1755H         LINE#         6706
  C:1755H         LINE#         6707
  C:1775H         LINE#         6708
  C:177BH         LINE#         6709
  C:177BH         LINE#         6710
  C:1781H         LINE#         6711
  C:1781H         LINE#         6712
  C:178BH         LINE#         6713
  C:17A1H         LINE#         6714
  C:17B7H         LINE#         6715
  C:17C2H         LINE#         6718
  C:17C5H         LINE#         6719
  C:17C5H         LINE#         6720
  C:17E5H         LINE#         6721
  C:17EBH         LINE#         6722
  C:17EBH         LINE#         6723
  C:17F1H         LINE#         6724
  C:17F1H         LINE#         6725
  C:1824H         LINE#         6726
  C:183AH         LINE#         6727
  C:1850H         LINE#         6728
BL51 BANKED LINKER/LOCATER V6.22                                                      10/30/2021  09:23:57  PAGE 29


  C:185EH         LINE#         6729
  C:1860H         LINE#         6730
  -------         ENDPROC       DISPSCALEHOR1
  -------         PROC          DISPSCALEVER
  -------         DO            
  X:002AH         SYMBOL        i
  X:002CH         SYMBOL        j
  D:0002H         SYMBOL        k
  -------         ENDDO         
  C:2319H         LINE#         6732
  C:2319H         LINE#         6733
  C:2319H         LINE#         6802
  C:231CH         LINE#         6804
  C:2322H         LINE#         6805
  C:2322H         LINE#         6806
  C:2328H         LINE#         6807
  C:2328H         LINE#         6808
  C:232EH         LINE#         6809
  C:2344H         LINE#         6810
  C:234BH         LINE#         6812
  C:234EH         LINE#         6813
  C:234EH         LINE#         6815
  C:2354H         LINE#         6816
  C:2354H         LINE#         6818
  C:235AH         LINE#         6819
  C:235AH         LINE#         6820
  C:236CH         LINE#         6821
  C:2382H         LINE#         6823
  C:2388H         LINE#         6824
  C:2388H         LINE#         6825
  C:23B0H         LINE#         6826
  C:23C6H         LINE#         6828
  C:23CCH         LINE#         6829
  C:23CCH         LINE#         6830
  C:23D3H         LINE#         6831
  C:23E9H         LINE#         6833
  C:23EFH         LINE#         6834
  C:23EFH         LINE#         6835
  C:2403H         LINE#         6836
  C:2419H         LINE#         6838
  C:2432H         LINE#         6840
  C:2440H         LINE#         6842
  -------         ENDPROC       DISPSCALEVER
  -------         PROC          DISPSCALEVER_RED
  -------         DO            
  X:002EH         SYMBOL        i
  X:0030H         SYMBOL        j
  D:0002H         SYMBOL        k
  -------         ENDDO         
  C:2EC7H         LINE#         6844
  C:2EC7H         LINE#         6845
  C:2EC7H         LINE#         6848
  C:2ECAH         LINE#         6850
  C:2ECCH         LINE#         6852
  C:2ECEH         LINE#         6855
  C:2ED4H         LINE#         6856
  C:2ED4H         LINE#         6857
BL51 BANKED LINKER/LOCATER V6.22                                                      10/30/2021  09:23:57  PAGE 30


  C:2EDAH         LINE#         6858
  C:2EDAH         LINE#         6859
  C:2EE0H         LINE#         6860
  C:2EF6H         LINE#         6861
  C:2EFDH         LINE#         6863
  C:2F00H         LINE#         6864
  C:2F00H         LINE#         6865
  C:2F06H         LINE#         6866
  C:2F06H         LINE#         6868
  C:2F0CH         LINE#         6869
  C:2F0CH         LINE#         6870
  C:2F1EH         LINE#         6871
  C:2F34H         LINE#         6872
  C:2F4AH         LINE#         6874
  C:2F55H         LINE#         6876
  C:2F57H         LINE#         6877
  -------         ENDPROC       DISPSCALEVER_RED
  -------         PROC          DISPSCALEVER_GREEN
  -------         DO            
  X:0032H         SYMBOL        i
  X:0034H         SYMBOL        j
  D:0002H         SYMBOL        k
  -------         ENDDO         
  C:2C5DH         LINE#         6879
  C:2C5DH         LINE#         6880
  C:2C5DH         LINE#         6883
  C:2C60H         LINE#         6885
  C:2C62H         LINE#         6886
  C:2C64H         LINE#         6889
  C:2C64H         LINE#         6890
  C:2C64H         LINE#         6891
  C:2C6AH         LINE#         6892
  C:2C6AH         LINE#         6893
  C:2C70H         LINE#         6895
  C:2C86H         LINE#         6896
  C:2C91H         LINE#         6898
  C:2C94H         LINE#         6899
  C:2C94H         LINE#         6900
  C:2C9AH         LINE#         6901
  C:2C9AH         LINE#         6903
  C:2CA0H         LINE#         6904
  C:2CA0H         LINE#         6906
  C:2CC1H         LINE#         6907
  C:2CD7H         LINE#         6908
  C:2CEDH         LINE#         6910
  C:2CF8H         LINE#         6912
  C:2CFAH         LINE#         6913
  -------         ENDPROC       DISPSCALEVER_GREEN
  -------         PROC          DISPSCALEVER_BLUE
  -------         DO            
  X:0036H         SYMBOL        i
  X:0038H         SYMBOL        j
  D:0002H         SYMBOL        k
  -------         ENDDO         
  C:3104H         LINE#         6915
  C:3104H         LINE#         6916
  C:3104H         LINE#         6919
BL51 BANKED LINKER/LOCATER V6.22                                                      10/30/2021  09:23:57  PAGE 31


  C:3107H         LINE#         6921
  C:3109H         LINE#         6922
  C:310BH         LINE#         6925
  C:3111H         LINE#         6926
  C:3111H         LINE#         6927
  C:3117H         LINE#         6928
  C:3117H         LINE#         6929
  C:311DH         LINE#         6930
  C:3133H         LINE#         6931
  C:313AH         LINE#         6933
  C:313DH         LINE#         6934
  C:313DH         LINE#         6935
  C:3143H         LINE#         6936
  C:3143H         LINE#         6938
  C:3149H         LINE#         6939
  C:3149H         LINE#         6940
  C:3150H         LINE#         6941
  C:3166H         LINE#         6942
  C:317CH         LINE#         6944
  C:3187H         LINE#         6946
  C:3189H         LINE#         6947
  -------         ENDPROC       DISPSCALEVER_BLUE
  -------         PROC          DISPSCALEVER_GRAY
  -------         DO            
  X:003AH         SYMBOL        i
  X:003CH         SYMBOL        j
  D:0002H         SYMBOL        k
  -------         ENDDO         
  C:2F58H         LINE#         6949
  C:2F58H         LINE#         6950
  C:2F58H         LINE#         6953
  C:2F5BH         LINE#         6955
  C:2F5DH         LINE#         6960
  C:2F63H         LINE#         6961
  C:2F63H         LINE#         6962
  C:2F69H         LINE#         6963
  C:2F69H         LINE#         6964
  C:2F6FH         LINE#         6966
  C:2F85H         LINE#         6967
  C:2F8CH         LINE#         6969
  C:2F8FH         LINE#         6970
  C:2F8FH         LINE#         6971
  C:2F95H         LINE#         6972
  C:2F95H         LINE#         6974
  C:2F9BH         LINE#         6975
  C:2F9BH         LINE#         6976
  C:2FAFH         LINE#         6977
  C:2FC5H         LINE#         6978
  C:2FDBH         LINE#         6980
  C:2FE6H         LINE#         6982
  C:2FE8H         LINE#         6983
  -------         ENDPROC       DISPSCALEVER_GRAY
  -------         PROC          DISPGRAYHOR16
  -------         DO            
  X:0059H         SYMBOL        i
  D:0002H         SYMBOL        j
  X:005BH         SYMBOL        k
BL51 BANKED LINKER/LOCATER V6.22                                                      10/30/2021  09:23:57  PAGE 32


  -------         ENDDO         
  C:2D96H         LINE#         6985
  C:2D96H         LINE#         6986
  C:2D96H         LINE#         6989
  C:2D99H         LINE#         6991
  C:2D9BH         LINE#         6992
  C:2D9DH         LINE#         6994
  C:2DA3H         LINE#         6995
  C:2DA3H         LINE#         6996
  C:2DACH         LINE#         6997
  C:2DACH         LINE#         6998
  C:2DB2H         LINE#         6999
  C:2DB9H         LINE#         7001
  C:2DBCH         LINE#         7002
  C:2DBCH         LINE#         7003
  C:2DC2H         LINE#         7004
  C:2DC2H         LINE#         7005
  C:2DF4H         LINE#         7006
  C:2E0AH         LINE#         7007
  C:2E15H         LINE#         7008
  C:2E2EH         LINE#         7010
  C:2E30H         LINE#         7011
  -------         ENDPROC       DISPGRAYHOR16
  -------         PROC          DISPGRAYHOR32
  -------         DO            
  X:003EH         SYMBOL        i
  D:0002H         SYMBOL        j
  X:0040H         SYMBOL        k
  -------         ENDDO         
  C:328DH         LINE#         7013
  C:328DH         LINE#         7014
  C:328DH         LINE#         7017
  C:3290H         LINE#         7019
  C:3292H         LINE#         7021
  C:3298H         LINE#         7022
  C:3298H         LINE#         7023
  C:32A1H         LINE#         7024
  C:32A1H         LINE#         7025
  C:32A7H         LINE#         7026
  C:32AEH         LINE#         7028
  C:32B1H         LINE#         7029
  C:32B1H         LINE#         7030
  C:32B7H         LINE#         7031
  C:32B7H         LINE#         7032
  C:32CBH         LINE#         7033
  C:32E1H         LINE#         7034
  C:32ECH         LINE#         7035
  C:3302H         LINE#         7037
  C:3304H         LINE#         7038
  -------         ENDPROC       DISPGRAYHOR32
  -------         PROC          DISPSCALEHOR2
  -------         DO            
  X:0042H         SYMBOL        j
  D:0002H         SYMBOL        k
  -------         ENDDO         
  C:1A7BH         LINE#         7040
  C:1A7BH         LINE#         7041
BL51 BANKED LINKER/LOCATER V6.22                                                      10/30/2021  09:23:57  PAGE 33


  C:1A7BH         LINE#         7044
  C:1A7EH         LINE#         7046
  C:1A7EH         LINE#         7047
  C:1A7EH         LINE#         7048
  C:1A84H         LINE#         7049
  C:1AA1H         LINE#         7050
  C:1AACH         LINE#         7051
  C:1AAFH         LINE#         7052
  C:1AAFH         LINE#         7053
  C:1AB5H         LINE#         7054
  C:1AD2H         LINE#         7055
  C:1ADDH         LINE#         7056
  C:1AE0H         LINE#         7057
  C:1AE0H         LINE#         7058
  C:1AE6H         LINE#         7059
  C:1B03H         LINE#         7060
  C:1B0EH         LINE#         7061
  C:1B11H         LINE#         7062
  C:1B11H         LINE#         7063
  C:1B17H         LINE#         7064
  C:1B34H         LINE#         7065
  C:1B3FH         LINE#         7066
  C:1B42H         LINE#         7067
  C:1B42H         LINE#         7068
  C:1B48H         LINE#         7069
  C:1B65H         LINE#         7070
  C:1B70H         LINE#         7071
  C:1B73H         LINE#         7072
  C:1B73H         LINE#         7073
  C:1B79H         LINE#         7074
  C:1B96H         LINE#         7075
  C:1BA1H         LINE#         7076
  C:1BA4H         LINE#         7077
  C:1BA4H         LINE#         7078
  C:1BAAH         LINE#         7079
  C:1BC7H         LINE#         7080
  C:1BD2H         LINE#         7081
  C:1BD5H         LINE#         7082
  C:1BD5H         LINE#         7083
  C:1BDBH         LINE#         7084
  C:1BF7H         LINE#         7085
  C:1C02H         LINE#         7086
  C:1C0BH         LINE#         7087
  C:1C0BH         LINE#         7088
  C:1C11H         LINE#         7089
  C:1C2DH         LINE#         7090
  C:1C34H         LINE#         7092
  -------         ENDPROC       DISPSCALEHOR2
  -------         PROC          _TOORD
  D:0007H         SYMBOL        ch
  C:3530H         LINE#         7197
  C:3530H         LINE#         7198
  C:3530H         LINE#         7199
  C:3536H         LINE#         7200
  C:3536H         LINE#         7201
  C:3538H         LINE#         7202
  C:353AH         LINE#         7203
BL51 BANKED LINKER/LOCATER V6.22                                                      10/30/2021  09:23:57  PAGE 34


  C:3546H         LINE#         7204
  C:3546H         LINE#         7205
  C:354AH         LINE#         7206
  C:354CH         LINE#         7207
  C:3558H         LINE#         7208
  C:3558H         LINE#         7209
  C:355CH         LINE#         7210
  C:355EH         LINE#         7211
  C:356AH         LINE#         7212
  C:356AH         LINE#         7213
  C:356EH         LINE#         7214
  C:3570H         LINE#         7215
  C:357CH         LINE#         7216
  C:357CH         LINE#         7217
  C:3580H         LINE#         7218
  C:3582H         LINE#         7219
  C:3588H         LINE#         7220
  C:3588H         LINE#         7221
  C:358AH         LINE#         7222
  C:358AH         LINE#         7224
  C:358AH         LINE#         7225
  -------         ENDPROC       _TOORD
  C:282BH         SYMBOL        L?0445
  C:2843H         SYMBOL        L?0446
  -------         PROC          L?0444
  -------         ENDPROC       L?0444
  C:282BH         SYMBOL        L?0445
  C:2843H         SYMBOL        L?0446
  -------         PROC          _DISPONECHAR
  X:006DH         SYMBOL        ord
  D:0006H         SYMBOL        Xstart
  D:0002H         SYMBOL        Ystart
  X:0072H         SYMBOL        TextColor
  X:0074H         SYMBOL        BackColor
  -------         DO            
  X:0076H         SYMBOL        i
  D:0002H         SYMBOL        j
  X:0077H         SYMBOL        p
  D:0003H         SYMBOL        dat
  D:0006H         SYMBOL        index
  -------         ENDDO         
  C:2853H         LINE#         7227
  C:285BH         LINE#         7228
  C:285BH         LINE#         7234
  C:2875H         LINE#         7236
  C:287BH         LINE#         7238
  C:2883H         LINE#         7239
  C:2885H         LINE#         7241
  C:2893H         LINE#         7243
  C:28A0H         LINE#         7244
  C:28A7H         LINE#         7246
  C:28ABH         LINE#         7247
  C:28ABH         LINE#         7248
  C:28C0H         LINE#         7249
  C:28C2H         LINE#         7250
  C:28C2H         LINE#         7251
  C:28CFH         LINE#         7252
BL51 BANKED LINKER/LOCATER V6.22                                                      10/30/2021  09:23:57  PAGE 35


  C:28CFH         LINE#         7253
  C:28D1H         LINE#         7254
[...]
  C:1337H         LINE#         321
  C:1346H         LINE#         322
  C:1346H         LINE#         323
  C:135BH         LINE#         324
  C:1360H         LINE#         325
  C:1368H         LINE#         326
  C:1372H         LINE#         327
  C:1380H         LINE#         328
  C:138EH         LINE#         329
  C:1390H         LINE#         331
  C:1390H         LINE#         332
  C:1395H         LINE#         333
BL51 BANKED LINKER/LOCATER V6.22                                                      10/30/2021  09:23:57  PAGE 43


  C:1398H         LINE#         334
  C:13B0H         LINE#         335
  C:13B0H         LINE#         336
  C:13C9H         LINE#         337
  C:13CEH         LINE#         338
  C:13D6H         LINE#         339
  C:13DDH         LINE#         340
  C:13E2H         LINE#         341
  C:13E2H         LINE#         342
  C:13F6H         LINE#         343
  C:13F6H         LINE#         344
  C:13FDH         LINE#         345
  C:1402H         LINE#         346
  C:1402H         LINE#         347
  C:1410H         LINE#         348
  C:1410H         LINE#         349
  -------         ENDPROC       USBXCORE_HANDLE_SETUP
  -------         PROC          USBXCORE_FORCE_STALL
  C:3A29H         LINE#         356
  C:3A29H         LINE#         358
  C:3A34H         LINE#         359
  C:3A3FH         LINE#         360
  C:3A45H         LINE#         361
  -------         ENDPROC       USBXCORE_FORCE_STALL
  -------         PROC          USBXCORE_GET_STATUS
  C:33EDH         LINE#         367
  C:33EDH         LINE#         369
  C:33FCH         LINE#         370
  C:33FCH         LINE#         371
  C:33FCH         LINE#         372
  C:33FCH         LINE#         373
  C:33FCH         LINE#         374
  C:33FEH         LINE#         375
  C:33FEH         LINE#         379
  C:33FEH         LINE#         381
  C:340CH         LINE#         385
  C:340CH         LINE#         386
  C:340CH         LINE#         387
  C:340CH         LINE#         388
  C:340EH         LINE#         390
  C:340EH         LINE#         392
  C:341CH         LINE#         396
  C:341CH         LINE#         397
  C:3429H         LINE#         398
  C:3429H         LINE#         399
  C:342BH         LINE#         401
  C:342BH         LINE#         402
  C:3439H         LINE#         403
  C:3442H         LINE#         404
  C:3442H         LINE#         405
  C:3442H         LINE#         406
  C:3444H         LINE#         407
  C:3444H         LINE#         408
  C:3447H         LINE#         409
  C:3447H         LINE#         410
  C:3447H         LINE#         411
  C:344FH         LINE#         412
BL51 BANKED LINKER/LOCATER V6.22                                                      10/30/2021  09:23:57  PAGE 44


  C:344FH         LINE#         413
  C:3452H         LINE#         414
  C:3458H         LINE#         415
  C:345FH         LINE#         416
  C:345FH         LINE#         417
  -------         ENDPROC       USBXCORE_GET_STATUS
  -------         PROC          USBXCORE_CLEAR_FEATURE
  C:35E5H         LINE#         423
  C:35E5H         LINE#         425
  C:35EBH         LINE#         426
  C:35EBH         LINE#         428
  C:35F2H         LINE#         429
  C:35F2H         LINE#         430
  C:35FDH         LINE#         436
  C:3608H         LINE#         437
  C:360DH         LINE#         438
  C:360FH         LINE#         440
  C:360FH         LINE#         442
  C:361AH         LINE#         446
  C:3625H         LINE#         447
  C:362AH         LINE#         448
  C:362AH         LINE#         449
  C:362CH         LINE#         451
  C:362CH         LINE#         452
  C:362FH         LINE#         453
  C:362FH         LINE#         454
  C:363AH         LINE#         455
  -------         ENDPROC       USBXCORE_CLEAR_FEATURE
  -------         PROC          USBXCORE_VENDOR_USB_API
  C:2756H         LINE#         462
  C:2756H         LINE#         464
  C:2760H         LINE#         465
  C:2760H         LINE#         466
  C:2767H         LINE#         467
  C:2767H         LINE#         468
  C:276AH         LINE#         469
  C:276DH         LINE#         470
  C:276FH         LINE#         472
  C:276FH         LINE#         473
  C:2776H         LINE#         474
  C:2776H         LINE#         477
  C:2781H         LINE#         482
  C:278CH         LINE#         483
  C:2797H         LINE#         485
  C:2797H         LINE#         486
  C:27AAH         LINE#         487
  C:27AAH         LINE#         488
  C:27AEH         LINE#         489
  C:27B9H         LINE#         491
  C:27B9H         LINE#         492
  C:27CCH         LINE#         493
  C:27CCH         LINE#         494
  C:27D0H         LINE#         495
  C:27DBH         LINE#         497
  C:27E1H         LINE#         498
  C:27E9H         LINE#         499
  C:27E9H         LINE#         500
BL51 BANKED LINKER/LOCATER V6.22                                                      10/30/2021  09:23:57  PAGE 45


  C:27ECH         LINE#         501
  C:27ECH         LINE#         502
  C:27ECH         LINE#         503
  C:27F7H         LINE#         504
  C:27F7H         LINE#         505
  C:27FDH         LINE#         506
  C:2804H         LINE#         507
  C:2804H         LINE#         508
  C:2808H         LINE#         509
  C:2808H         LINE#         510
  C:280EH         LINE#         511
  C:2815H         LINE#         512
  C:2815H         LINE#         513
  C:2820H         LINE#         514
  -------         ENDPROC       USBXCORE_VENDOR_USB_API
  -------         PROC          USBXCORE_SET_FEATURE
  C:363DH         LINE#         521
  C:363DH         LINE#         523
  C:3643H         LINE#         524
  C:3643H         LINE#         526
  C:364AH         LINE#         527
  C:364AH         LINE#         528
  C:3655H         LINE#         534
  C:3660H         LINE#         535
  C:3663H         LINE#         536
  C:3665H         LINE#         538
  C:3665H         LINE#         540
  C:3670H         LINE#         544
  C:367BH         LINE#         545
  C:3681H         LINE#         546
  C:3681H         LINE#         548
  C:3683H         LINE#         550
  C:3683H         LINE#         551
  C:3686H         LINE#         552
  C:3686H         LINE#         553
  C:3691H         LINE#         554
  -------         ENDPROC       USBXCORE_SET_FEATURE
  -------         PROC          USBXCORE_SET_ADDRESS
  C:39EAH         LINE#         561
  C:39EAH         LINE#         563
  C:39F9H         LINE#         564
  C:39FFH         LINE#         565
  C:39FFH         LINE#         566
  C:3A02H         LINE#         567
  C:3A04H         LINE#         569
  C:3A04H         LINE#         570
  C:3A07H         LINE#         571
  C:3A07H         LINE#         572
  -------         ENDPROC       USBXCORE_SET_ADDRESS
  -------         PROC          USBXCORE_GET_DESCRIPTOR
  C:2A58H         LINE#         579
  C:2A58H         LINE#         580
  C:2A67H         LINE#         581
  C:2A67H         LINE#         582
  C:2A67H         LINE#         583
  C:2A75H         LINE#         584
  C:2A79H         LINE#         585
BL51 BANKED LINKER/LOCATER V6.22                                                      10/30/2021  09:23:57  PAGE 46


  C:2A7BH         LINE#         586
  C:2A7BH         LINE#         587
  C:2A89H         LINE#         588
  C:2A9CH         LINE#         589
  C:2A9EH         LINE#         590
  C:2A9EH         LINE#         591
  C:2AC2H         LINE#         592
  C:2ACEH         LINE#         593
  C:2AD0H         LINE#         594
  C:2AD0H         LINE#         595
  C:2AD3H         LINE#         596
  C:2AD3H         LINE#         597
  C:2AD3H         LINE#         598
  C:2AE9H         LINE#         599
  C:2AE9H         LINE#         600
  C:2AF1H         LINE#         601
  C:2AF1H         LINE#         602
  C:2AF9H         LINE#         603
  C:2AF9H         LINE#         604
  C:2AFCH         LINE#         605
  C:2B02H         LINE#         606
  C:2B09H         LINE#         607
  C:2B09H         LINE#         608
  -------         ENDPROC       USBXCORE_GET_DESCRIPTOR
  -------         PROC          USBXCORE_GET_CONFIGURATION
  C:37DEH         LINE#         614
  C:37DEH         LINE#         616
  C:37E6H         LINE#         617
  C:37E6H         LINE#         618
  C:37F2H         LINE#         619
  C:37FAH         LINE#         620
  C:37FAH         LINE#         621
  C:37FEH         LINE#         622
  C:37FEH         LINE#         623
  C:380CH         LINE#         624
  C:3814H         LINE#         625
  C:3814H         LINE#         626
  C:3817H         LINE#         627
  C:381DH         LINE#         628
  C:3824H         LINE#         629
  -------         ENDPROC       USBXCORE_GET_CONFIGURATION
  -------         PROC          USBXCORE_SET_CONFIGURATION
  C:358BH         LINE#         635
  C:358BH         LINE#         637
  C:3594H         LINE#         638
  C:3594H         LINE#         639
  C:359BH         LINE#         640
  C:35A1H         LINE#         641
  C:35A6H         LINE#         642
  C:35A8H         LINE#         644
  C:35B3H         LINE#         645
  C:35BEH         LINE#         646
  C:35C9H         LINE#         653
  C:35D4H         LINE#         654
  C:35D6H         LINE#         656
  C:35D6H         LINE#         657
  C:35DCH         LINE#         658
BL51 BANKED LINKER/LOCATER V6.22                                                      10/30/2021  09:23:57  PAGE 47


  C:35E0H         LINE#         659
  C:35E2H         LINE#         660
  C:35E2H         LINE#         661
  -------         ENDPROC       USBXCORE_SET_CONFIGURATION
  -------         PROC          USBXCORE_GET_INTERFACE
  C:397BH         LINE#         668
  C:397BH         LINE#         670
  C:3989H         LINE#         671
  C:3991H         LINE#         672
  C:3994H         LINE#         673
  C:399AH         LINE#         674
  C:39A1H         LINE#         675
  -------         ENDPROC       USBXCORE_GET_INTERFACE
  -------         PROC          USBXCORE_SET_SOP
  C:3AC1H         LINE#         682
  C:3AC1H         LINE#         684
  C:3AC9H         LINE#         685
  C:3AC9H         LINE#         686
  C:3AD4H         LINE#         687
  C:3AD4H         LINE#         688
  -------         ENDPROC       USBXCORE_SET_SOP
  -------         PROC          USBXCORE_USB_ISR
  C:1F56H         LINE#         699
  C:1F73H         LINE#         702
  C:1F79H         LINE#         703
  C:1F8CH         LINE#         706
  C:1F9FH         LINE#         709
  C:1FA3H         LINE#         710
  C:1FA3H         LINE#         711
  C:1FAEH         LINE#         712
  C:1FAEH         LINE#         714
  C:1FB5H         LINE#         715
  C:1FB5H         LINE#         716
  C:1FB8H         LINE#         717
  C:1FB8H         LINE#         719
  C:1FBFH         LINE#         720
  C:1FBFH         LINE#         721
  C:1FCCH         LINE#         722
  C:1FCCH         LINE#         723
  C:1FD3H         LINE#         724
  C:1FD3H         LINE#         725
  C:1FD3H         LINE#         727
  C:1FD3H         LINE#         728
  C:1FD3H         LINE#         730
  C:1FD3H         LINE#         732
  C:1FE6H         LINE#         734
  C:1FEAH         LINE#         735
  C:1FEAH         LINE#         736
  C:1FEDH         LINE#         737
  C:1FEDH         LINE#         740
  C:1FF4H         LINE#         741
  C:1FF4H         LINE#         742
  C:1FFFH         LINE#         748
  C:2012H         LINE#         749
  C:2017H         LINE#         750
  C:2017H         LINE#         751
  C:201EH         LINE#         752
BL51 BANKED LINKER/LOCATER V6.22                                                      10/30/2021  09:23:57  PAGE 48


  C:201EH         LINE#         754
  C:201EH         LINE#         756
  C:2031H         LINE#         759
  C:2035H         LINE#         760
  C:2035H         LINE#         761
  C:2040H         LINE#         767
  C:2053H         LINE#         768
  C:2057H         LINE#         769
  C:2057H         LINE#         770
  C:205EH         LINE#         771
  C:205EH         LINE#         772
  C:205EH         LINE#         775
  C:206CH         LINE#         776
  C:2071H         LINE#         777
  C:2077H         LINE#         778
  C:207CH         LINE#         781
  C:2089H         LINE#         782
  C:2089H         LINE#         783
  C:208CH         LINE#         784
  C:208CH         LINE#         785
  -------         ENDPROC       USBXCORE_USB_ISR
  -------         ENDMOD        USB_API

  -------         MODULE        USB_SUSPEND
  C:0000H         SYMBOL        _ICE_DUMMY_
  D:00D7H         PUBLIC        USB0XCN
  D:00C9H         PUBLIC        REG0CN
  C:3929H         PUBLIC        USB_Suspend
  D:00A9H         PUBLIC        CLKSEL
  D:00B2H         PUBLIC        OSCICN
  D:00B9H         PUBLIC        CLKMUL
  -------         PROC          USB_SUSPEND
  C:3929H         LINE#         70
  C:3929H         LINE#         72
  C:392CH         LINE#         74
  C:392FH         LINE#         76
  C:3937H         LINE#         79
  C:393AH         LINE#         80
  C:393DH         LINE#         81
  C:3940H         LINE#         82
  C:3943H         LINE#         84
  C:3944H         LINE#         86
  C:3947H         LINE#         88
  C:394DH         LINE#         92
  C:3950H         LINE#         94
  C:3953H         LINE#         95
  -------         ENDPROC       USB_SUSPEND
  -------         ENDMOD        USB_SUSPEND

  -------         MODULE        USB_INT_ENABLE
  C:0000H         SYMBOL        _ICE_DUMMY_
  C:3A7CH         PUBLIC        USB_Int_Enable
  D:0096H         PUBLIC        USB0ADR
  D:0097H         PUBLIC        USB0DAT
  -------         PROC          USB_INT_ENABLE
  C:3A7CH         LINE#         68
  C:3A7CH         LINE#         71
BL51 BANKED LINKER/LOCATER V6.22                                                      10/30/2021  09:23:57  PAGE 49


  C:3A83H         LINE#         73
  C:3A89H         LINE#         74
  C:3A89H         LINE#         75
  C:3A94H         LINE#         77
  C:3A94H         LINE#         78
  -------         ENDPROC       USB_INT_ENABLE
  -------         ENDMOD        USB_INT_ENABLE

  -------         MODULE        USB_CLOCK_RECOVERY
  C:0000H         SYMBOL        _ICE_DUMMY_
  C:3B07H         PUBLIC        USBXcore_ClkRec
  D:0096H         PUBLIC        USB0ADR
  D:0097H         PUBLIC        USB0DAT
  -------         PROC          USBXCORE_CLKREC
  C:3B07H         LINE#         45
  C:3B07H         LINE#         47
  C:3B12H         LINE#         48
  -------         ENDPROC       USBXCORE_CLKREC
  -------         ENDMOD        USB_CLOCK_RECOVERY

  -------         MODULE        ?C?FPMUL
  C:0C99H         PUBLIC        ?C?FPMUL
  -------         ENDMOD        ?C?FPMUL

  -------         MODULE        ?C?FCAST
  C:0DA9H         PUBLIC        ?C?FCASTC
  C:0DA4H         PUBLIC        ?C?FCASTI
  C:0D9FH         PUBLIC        ?C?FCASTL
  -------         ENDMOD        ?C?FCAST

  -------         MODULE        ?C?CASTF
  C:0DDDH         PUBLIC        ?C?CASTF
  -------         ENDMOD        ?C?CASTF

  -------         MODULE        ?C?COPY
  C:0F2EH         PUBLIC        ?C?COPY
  -------         ENDMOD        ?C?COPY

  -------         MODULE        ?C?CLDPTR
  C:0F54H         PUBLIC        ?C?CLDPTR
  -------         ENDMOD        ?C?CLDPTR

  -------         MODULE        ?C?CLDOPTR
  C:0F6DH         PUBLIC        ?C?CLDOPTR
  -------         ENDMOD        ?C?CLDOPTR

  -------         MODULE        ?C?IMUL
  C:0F9AH         PUBLIC        ?C?IMUL
  -------         ENDMOD        ?C?IMUL

  -------         MODULE        ?C?IILDX
  C:0FACH         PUBLIC        ?C?IILDX
  -------         ENDMOD        ?C?IILDX

  -------         MODULE        ?C?ILDOPTR
  C:0FC2H         PUBLIC        ?C?ILDOPTR
  -------         ENDMOD        ?C?ILDOPTR
BL51 BANKED LINKER/LOCATER V6.22                                                      10/30/2021  09:23:57  PAGE 50



  -------         MODULE        ?C?LMUL
  C:0FFAH         PUBLIC        ?C?LMUL
  -------         ENDMOD        ?C?LMUL

  -------         MODULE        ?C?ULDIV
  C:1085H         PUBLIC        ?C?ULDIV
  -------         ENDMOD        ?C?ULDIV

  -------         MODULE        ?C?LNEG
  C:1117H         PUBLIC        ?C?LNEG
  -------         ENDMOD        ?C?LNEG

  -------         MODULE        ?C?ULCMP
  C:1125H         PUBLIC        ?C?ULCMP
  -------         ENDMOD        ?C?ULCMP

  -------         MODULE        ?C?ULSHR
  C:1136H         PUBLIC        ?C?ULSHR
  -------         ENDMOD        ?C?ULSHR

  -------         MODULE        ?C?LSHL
  C:1149H         PUBLIC        ?C?LSHL
  -------         ENDMOD        ?C?LSHL

  -------         MODULE        ?C?LLDIPDATA
  C:1165H         PUBLIC        ?C?LLDIPDATA
  C:115CH         PUBLIC        ?C?LLDIPDATA1
  C:115EH         PUBLIC        ?C?LLDIPDATA8
  -------         ENDMOD        ?C?LLDIPDATA

  -------         MODULE        ?C?LSTXDATA
  C:117CH         PUBLIC        ?C?LSTXDATA
  -------         ENDMOD        ?C?LSTXDATA

  -------         MODULE        ?C?LSTPDATA
  C:1188H         PUBLIC        ?C?LSTPDATA
  -------         ENDMOD        ?C?LSTPDATA

  -------         MODULE        ?C?LSTKXDATA
  C:1194H         PUBLIC        ?C?LSTKXDATA
  -------         ENDMOD        ?C?LSTKXDATA

  -------         MODULE        ?C?LSTKPDATA
  C:11C5H         PUBLIC        ?C?LSTKPDATA
  -------         ENDMOD        ?C?LSTKPDATA

  -------         MODULE        ?C_PBP
  D:0008H         PUBLIC        ?C_PBP
  -------         ENDMOD        ?C_PBP

*** WARNING L14: INCOMPATIBLE MEMORY MODEL
    MODULE:  .\USBX_F34X.LIB (USB_API)
    MODEL:   SMALL

*** WARNING L14: INCOMPATIBLE MEMORY MODEL
    MODULE:  .\USBX_F34X.LIB (USB_SUSPEND)
BL51 BANKED LINKER/LOCATER V6.22                                                      10/30/2021  09:23:57  PAGE 51


    MODEL:   SMALL

*** WARNING L14: INCOMPATIBLE MEMORY MODEL
    MODULE:  .\USBX_F34X.LIB (USB_INT_ENABLE)
    MODEL:   SMALL

*** WARNING L14: INCOMPATIBLE MEMORY MODEL
    MODULE:  .\USBX_F34X.LIB (USB_CLOCK_RECOVERY)
    MODEL:   SMALL

*** WARNING L16: UNCALLED SEGMENT, IGNORED FOR OVERLAY PROCESS
    SEGMENT: ?PR?SD_INIT?MMC_SD

*** WARNING L16: UNCALLED SEGMENT, IGNORED FOR OVERLAY PROCESS
    SEGMENT: ?PR?_DISPPIC?LCD

*** WARNING L16: UNCALLED SEGMENT, IGNORED FOR OVERLAY PROCESS
    SEGMENT: ?PR?_DISPPICFROMSD?LCD

*** WARNING L16: UNCALLED SEGMENT, IGNORED FOR OVERLAY PROCESS
    SEGMENT: ?PR?DISPSCALEHOR1?LCD

*** WARNING L16: UNCALLED SEGMENT, IGNORED FOR OVERLAY PROCESS
    SEGMENT: ?PR?DISPSCALEVER?LCD

*** WARNING L16: UNCALLED SEGMENT, IGNORED FOR OVERLAY PROCESS
    SEGMENT: ?PR?DISPSCALEVER_RED?LCD

*** WARNING L16: UNCALLED SEGMENT, IGNORED FOR OVERLAY PROCESS
    SEGMENT: ?PR?DISPSCALEVER_GREEN?LCD

*** WARNING L16: UNCALLED SEGMENT, IGNORED FOR OVERLAY PROCESS
    SEGMENT: ?PR?DISPSCALEVER_BLUE?LCD

*** WARNING L16: UNCALLED SEGMENT, IGNORED FOR OVERLAY PROCESS
    SEGMENT: ?PR?DISPSCALEVER_GRAY?LCD

*** WARNING L16: UNCALLED SEGMENT, IGNORED FOR OVERLAY PROCESS
    SEGMENT: ?PR?DISPGRAYHOR32?LCD

*** WARNING L16: UNCALLED SEGMENT, IGNORED FOR OVERLAY PROCESS
    SEGMENT: ?PR?DISPSCALEHOR2?LCD

*** WARNING L16: UNCALLED SEGMENT, IGNORED FOR OVERLAY PROCESS
    SEGMENT: ?PR?_DRAWGIRD?LCD

*** WARNING L15: MULTIPLE CALL TO SEGMENT
    SEGMENT: ?PR?_WRITECOMM?LCD
    CALLER1: ?PR?USB_API_TEST_ISR?MAIN
    CALLER2: ?C_C51STARTUP

*** WARNING L15: MULTIPLE CALL TO SEGMENT
    SEGMENT: ?PR?_WRITEDATA?LCD
    CALLER1: ?PR?USB_API_TEST_ISR?MAIN
    CALLER2: ?C_C51STARTUP

Program Size: data=10.0 xdata=1219 code=15147
BL51 BANKED LINKER/LOCATER V6.22                                                      10/30/2021  09:23:57  PAGE 52


LINK/LOCATE RUN COMPLETE.  18 WARNING(S),  0 ERROR(S)
