BL51 BANKED LINKER/LOCATER V6.22                                                        08/13/2020  10:24:52  PAGE 1


BL51 BANKED LINKER/LOCATER V6.22, INVOKED BY:
C:\KEIL\C51\BIN\BL51.EXE main.obj, mmc_sd.obj, lcd.obj, tp.obj, .\USBX_F34X.LIB TO ST7735S_LY20_L8 RAMSIZE (256)


MEMORY MODEL: COMPACT WITH FLOATING POINT ARITHMETIC


INPUT MODULES INCLUDED:
  main.obj (MAIN)
  mmc_sd.obj (MMC_SD)
  lcd.obj (LCD)
  tp.obj (TP)
  .\USBX_F34X.LIB (USB_API)
  .\USBX_F34X.LIB (USB_CLOCK_START)
  .\USBX_F34X.LIB (USB_SUSPEND)
  .\USBX_F34X.LIB (GET_INTERRUPT_SOURCE)
  .\USBX_F34X.LIB (BLOCK_READ)
  .\USBX_F34X.LIB (BLOCK_WRITE)
  .\USBX_F34X.LIB (USB_INT_ENABLE)
  .\USBX_F34X.LIB (USB_CLOCK_RECOVERY)
  .\USBX_F34X.LIB (USB_JUMP_ISR)
  C:\KEIL\C51\LIB\C51FPC.LIB (?C?FPMUL)
  C:\KEIL\C51\LIB\C51FPC.LIB (?C?FCAST)
  C:\KEIL\C51\LIB\C51FPC.LIB (?C?CASTF)
  C:\KEIL\C51\LIB\C51FPC.LIB (?C?FPGETOPN)
  C:\KEIL\C51\LIB\C51C.LIB (?C_STARTUP)
  C:\KEIL\C51\LIB\C51C.LIB (?C?COPY)
  C:\KEIL\C51\LIB\C51C.LIB (?C?CLDPTR)
  C:\KEIL\C51\LIB\C51C.LIB (?C?CLDOPTR)
  C:\KEIL\C51\LIB\C51C.LIB (?C?IMUL)
  C:\KEIL\C51\LIB\C51C.LIB (?C?IILDX)
  C:\KEIL\C51\LIB\C51C.LIB (?C?LMUL)
  C:\KEIL\C51\LIB\C51C.LIB (?C?ULDIV)
  C:\KEIL\C51\LIB\C51C.LIB (?C?LNEG)
  C:\KEIL\C51\LIB\C51C.LIB (?C?ULCMP)
  C:\KEIL\C51\LIB\C51C.LIB (?C?ULSHR)
  C:\KEIL\C51\LIB\C51C.LIB (?C?LSHL)
  C:\KEIL\C51\LIB\C51C.LIB (?C?LLDIPDATA)
  C:\KEIL\C51\LIB\C51C.LIB (?C?LSTXDATA)
  C:\KEIL\C51\LIB\C51C.LIB (?C?LSTPDATA)
  C:\KEIL\C51\LIB\C51C.LIB (?C?LSTKXDATA)
  C:\KEIL\C51\LIB\C51C.LIB (?C?LSTKPDATA)
  C:\KEIL\C51\LIB\C51C.LIB (?C_PBP)
  C:\KEIL\C51\LIB\C51C.LIB (?C_INIT)


LINK MAP OF MODULE:  ST7735S_LY20_L8 (MAIN)


            TYPE    BASE      LENGTH    RELOCATION   SEGMENT NAME
            -----------------------------------------------------

            * * * * * * *   D A T A   M E M O R Y   * * * * * * *
            REG     0000H     0008H     ABSOLUTE     "REG BANK 0"
            DATA    0008H     0001H     UNIT         ?C?LIB_DATA
            IDATA   0009H     0001H     UNIT         ?STACK

            * * * * * * *  X D A T A   M E M O R Y  * * * * * * *
BL51 BANKED LINKER/LOCATER V6.22                                                      08/13/2020  10:24:52  PAGE 2


            XDATA   0000H     0010H     INPAGE       ?PD?MAIN
            XDATA   0010H     0004H     INPAGE       ?PD?_MMC_SD_READSINGLEBLOCK?MMC_SD
            XDATA   0014H     0008H     INPAGE       ?PD?_LCD_READ_IC_ID?LCD
            XDATA   001CH     000DH     INPAGE       ?PD?_DISPPICFROMSD?LCD
            XDATA   0029H     0004H     INPAGE       ?PD?DISPSCALEHOR1?LCD
            XDATA   002DH     0004H     INPAGE       ?PD?DISPSCALEVER?LCD
            XDATA   0031H     0004H     INPAGE       ?PD?DISPSCALEVER_RED?LCD
            XDATA   0035H     0004H     INPAGE       ?PD?DISPSCALEVER_GREEN?LCD
            XDATA   0039H     0004H     INPAGE       ?PD?DISPSCALEVER_BLUE?LCD
            XDATA   003DH     0004H     INPAGE       ?PD?DISPSCALEVER_GRAY?LCD
            XDATA   0041H     0004H     INPAGE       ?PD?DISPGRAYHOR32?LCD
            XDATA   0045H     0002H     INPAGE       ?PD?DISPSCALEHOR2?LCD
            XDATA   0047H     000CH     INPAGE       ?PD?_DRAWLINE?LCD
            XDATA   0053H     0004H     INPAGE       ?PD?_DRAWGIRD?LCD
            XDATA   0057H     0002H     INPAGE       ?PD?LCD
            XDATA   0059H     0026H     INPAGE       _PDATA_GROUP_
            XDATA   007FH     0200H     UNIT         ?XD?MMC_SD
            XDATA   027FH     0058H     UNIT         _XDATA_GROUP_
            XDATA   02D7H     0040H     UNIT         ?XD?MAIN
                    0317H     0329H                  *** GAP ***
            XDATA   0640H     0100H     ABSOLUTE     
            XDATA   0740H     0012H     ABSOLUTE     
            XDATA   0752H     0020H     ABSOLUTE     
            XDATA   0772H     000CH     ABSOLUTE     
            XDATA   077EH     0008H     ABSOLUTE     
            XDATA   0786H     0001H     ABSOLUTE     
            XDATA   0787H     0003H     ABSOLUTE     
            XDATA   078AH     0002H     ABSOLUTE     
            XDATA   078CH     0002H     ABSOLUTE     
            XDATA   078EH     0003H     ABSOLUTE     
            XDATA   0791H     0001H     ABSOLUTE     
            XDATA   0792H     0001H     ABSOLUTE     
            XDATA   0793H     0001H     ABSOLUTE     
            XDATA   0794H     0001H     ABSOLUTE     
            XDATA   0795H     0002H     ABSOLUTE     
            XDATA   0797H     0002H     ABSOLUTE     
            XDATA   0799H     0001H     ABSOLUTE     
            XDATA   079AH     0001H     ABSOLUTE     
            XDATA   079BH     0001H     ABSOLUTE     
            XDATA   079CH     0001H     ABSOLUTE     
            XDATA   079DH     0001H     ABSOLUTE     
            XDATA   079EH     0001H     ABSOLUTE     
            XDATA   079FH     0002H     ABSOLUTE     
            XDATA   07A1H     0001H     ABSOLUTE     
            XDATA   07A2H     0001H     ABSOLUTE     
            XDATA   07A3H     000CH     ABSOLUTE     
                    07AFH     0011H                  *** GAP ***
            XDATA   07C0H     0040H     ABSOLUTE     

            * * * * * * *   C O D E   M E M O R Y   * * * * * * *
            CODE    0000H     0003H     ABSOLUTE     
            CODE    0003H     003AH     UNIT         ?CO?USB_API
            CODE    003DH     0003H     UNIT         ?PR?SUSPEND_DEVICE?MAIN
                    0040H     0003H                  *** GAP ***
            CODE    0043H     0003H     ABSOLUTE     
            CODE    0046H     0044H     UNIT         ?PR?_DISPCOLOR?LCD
                    008AH     0001H                  *** GAP ***
BL51 BANKED LINKER/LOCATER V6.22                                                      08/13/2020  10:24:52  PAGE 3


            CODE    008BH     0003H     ABSOLUTE     
            CODE    008EH     060BH     UNIT         ?PR?CONNTOUSB?MAIN
            CODE    0699H     0600H     UNIT         ?CO?LCD
            CODE    0C99H     050DH     UNIT         ?C?LIB_CODE
            CODE    11A6H     0233H     UNIT         ?PR?USBXCORE_HANDLE_SETUP?USB_API
            CODE    13D9H     0232H     UNIT         ?PR?_LCD_READ_IC_ID?LCD
            CODE    160BH     021EH     UNIT         ?PR?DISPSCALEHOR1?LCD
            CODE    1829H     01BAH     UNIT         ?PR?DISPSCALEHOR2?LCD
            CODE    19E3H     01A0H     UNIT         ?PR?LCD_INIT?LCD
            CODE    1B83H     019EH     UNIT         ?PR?TP_DRAWLINE?TP
            CODE    1D21H     018AH     UNIT         ?PR?DISPBAND?LCD
            CODE    1EABH     0151H     UNIT         ?PR?USBXCORE_USB_ISR?USB_API
            CODE    1FFCH     013BH     UNIT         ?PR?USB_API_TEST_ISR?MAIN
            CODE    2137H     0137H     UNIT         ?PR?_USB_INIT?USB_API
            CODE    226EH     0128H     UNIT         ?PR?DISPSCALEVER?LCD
            CODE    2396H     011BH     UNIT         ?PR?_TP_GETPOSITION?TP
            CODE    24B1H     0111H     UNIT         ?PR?_BLOCK_WRITE?BLOCK_WRITE
            CODE    25C2H     00E9H     UNIT         ?PR?_DISPPICFROMSD?LCD
            CODE    26ABH     00CDH     UNIT         ?PR?USBXCORE_VENDOR_USB_API?USB_API
            CODE    2778H     00CBH     UNIT         ?PR?_DISPONECHAR?LCD
            CODE    2843H     00B7H     UNIT         ?PR?MMC_SD_RESET?MMC_SD
            CODE    28FAH     00B3H     UNIT         ?PR?_DISPINT?LCD
            CODE    29ADH     00B2H     UNIT         ?PR?USBXCORE_GET_DESCRIPTOR?USB_API
            CODE    2A5FH     00AFH     UNIT         ?PR?_BLOCK_READ?BLOCK_READ
            CODE    2B0EH     00A4H     UNIT         ?PR?DISPFRAME?LCD
            CODE    2BB2H     009EH     UNIT         ?PR?DISPSCALEVER_GREEN?LCD
            CODE    2C50H     009BH     UNIT         ?PR?DISPGRAYHOR16?LCD
            CODE    2CEBH     0098H     UNIT         ?PR?_?BLOCKWRITE?LCD
            CODE    2D83H     0096H     UNIT         ?PR?_DISPSTR?LCD
            CODE    2E19H     0091H     UNIT         ?PR?DISPSCALEVER_RED?LCD
            CODE    2EAAH     0091H     UNIT         ?PR?DISPSCALEVER_GRAY?LCD
            CODE    2F3BH     008FH     UNIT         ?PR?_DRAWGIRD?LCD
            CODE    2FCAH     008CH     UNIT         ?C_C51STARTUP
            CODE    3056H     0086H     UNIT         ?PR?DISPSCALEVER_BLUE?LCD
            CODE    30DCH     0086H     UNIT         ?PR?_DRAWLINE?LCD
            CODE    3162H     007DH     UNIT         ?PR?_MMC_SD_WRITESINGLEBLOCK?MMC_SD
            CODE    31DFH     0078H     UNIT         ?PR?DISPGRAYHOR32?LCD
            CODE    3257H     0075H     UNIT         ?PR?_MMC_SD_SENDCOMMAND?MMC_SD
            CODE    32CCH     0073H     UNIT         ?PR?TP_READ?TP
            CODE    333FH     0073H     UNIT         ?PR?USBXCORE_GET_STATUS?USB_API
            CODE    33B2H     006CH     UNIT         ?PR?DEVICES_INIT?MAIN
            CODE    341EH     0064H     UNIT         ?PR?_MMC_SD_READSINGLEBLOCK?MMC_SD
            CODE    3482H     005BH     UNIT         ?PR?_TOORD?LCD
            CODE    34DDH     005AH     UNIT         ?PR?USBXCORE_SET_CONFIGURATION?USB_API
            CODE    3537H     0058H     UNIT         ?PR?USBXCORE_CLEAR_FEATURE?USB_API
            CODE    358FH     0057H     UNIT         ?PR?USBXCORE_SET_FEATURE?USB_API
            CODE    35E6H     0055H     UNIT         ?PR?_STOPDELAY?MAIN
            CODE    363BH     0052H     UNIT         ?PR?_PUTPIXEL?LCD
            CODE    368DH     0050H     UNIT         ?CO?MAIN
            CODE    36DDH     0049H     UNIT         ?PR?MAIN?MAIN
            CODE    3726H     0047H     UNIT         ?PR?USBXCORE_GET_CONFIGURATION?USB_API
            CODE    376DH     0043H     UNIT         ?PR?MCU_INIT?MAIN
            CODE    37B0H     0038H     UNIT         ?PR?USB_CLOCK_START?USB_CLOCK_START
            CODE    37E8H     002DH     UNIT         ?C_INITSEG
            CODE    3815H     002CH     UNIT         ?PR?_WRITEDISPDATA?LCD
            CODE    3841H     002BH     UNIT         ?PR?USB_SUSPEND?USB_SUSPEND
            CODE    386CH     0027H     UNIT         ?PR?USBXCORE_USB_RESET?USB_API
BL51 BANKED LINKER/LOCATER V6.22                                                      08/13/2020  10:24:52  PAGE 4


            CODE    3893H     0027H     UNIT         ?PR?USBXCORE_GET_INTERFACE?USB_API
            CODE    38BAH     0026H     UNIT         ?PR?_TP_WRITE?TP
            CODE    38E0H     0022H     UNIT         ?PR?USBXCORE_JUMP_ISR?USB_JUMP_ISR
            CODE    3902H     0020H     UNIT         ?PR?READDATA?LCD
            CODE    3922H     0020H     UNIT         ?PR?USBXCORE_SET_ADDRESS?USB_API
            CODE    3942H     001FH     UNIT         ?PR?_DELAY?MAIN
            CODE    3961H     001DH     UNIT         ?PR?USBXCORE_FORCE_STALL?USB_API
            CODE    397EH     0019H     UNIT         ?PR?_WRITEDATA?LCD
            CODE    3997H     0019H     UNIT         ?PR?USB_INT_ENABLE?USB_INT_ENABLE
            CODE    39B0H     0016H     UNIT         ?PR?_SPI_WRITEBYTE?MMC_SD
            CODE    39C6H     0015H     UNIT         ?PR?_WRITECOMM?LCD
            CODE    39DBH     0014H     UNIT         ?PR?USBXCORE_SET_SOP?USB_API
            CODE    39EFH     0013H     UNIT         ?PR?WAITKEY?MAIN
            CODE    3A02H     0011H     UNIT         ?PR?SD_INIT?MMC_SD
            CODE    3A13H     000EH     UNIT         ?PR?GET_INTERRUPT_SOURCE?GET_INTERRUPT_SOURCE
            CODE    3A21H     000CH     UNIT         ?PR?USBXCORE_CLKREC?USB_CLOCK_RECOVERY
            CODE    3A2DH     000BH     UNIT         ?PR?SPI_READBYTE?MMC_SD
            CODE    3A38H     0009H     UNIT         ?PR?_WRITEONEDOT?LCD



OVERLAY MAP OF MODULE:   ST7735S_LY20_L8 (MAIN)


SEGMENT                                            PDATA_GROUP         XDATA_GROUP
  +--> CALLED SEGMENT                            START    LENGTH     START    LENGTH
------------------------------------------------------------------------------------
?PR?USB_API_TEST_ISR?MAIN                        0059H    0001H      -----    -----
  +--> ?PR?GET_INTERRUPT_SOURCE?GET_INTERRUP...
  +--> ?PR?_BLOCK_READ?BLOCK_READ
  +--> ?PR?SUSPEND_DEVICE?MAIN
  +--> ?PR?MCU_INIT?MAIN
  +--> ?PR?_?BLOCKWRITE?LCD

?PR?SUSPEND_DEVICE?MAIN                          -----    -----      -----    -----
  +--> ?PR?USB_SUSPEND?USB_SUSPEND

?PR?USB_SUSPEND?USB_SUSPEND                      -----    -----      -----    -----
  +--> ?PR?USB_CLOCK_START?USB_CLOCK_START

?PR?_?BLOCKWRITE?LCD                             -----    -----      -----    -----
  +--> ?PR?_WRITECOMM?LCD
  +--> ?PR?_WRITEDATA?LCD

?PR?_WRITECOMM?LCD                               007DH    0002H      -----    -----

?PR?_WRITEDATA?LCD                               007DH    0002H      -----    -----

*** NEW ROOT ***************************************************

?PR?USBXCORE_USB_ISR?USB_API                     -----    -----      -----    -----
  +--> ?PR?USBXCORE_USB_RESET?USB_API
  +--> ?PR?USBXCORE_HANDLE_SETUP?USB_API
  +--> ?PR?USBXCORE_JUMP_ISR?USB_JUMP_ISR

?PR?USBXCORE_HANDLE_SETUP?USB_API                -----    -----      -----    -----
  +--> ?PR?USBXCORE_GET_STATUS?USB_API
BL51 BANKED LINKER/LOCATER V6.22                                                      08/13/2020  10:24:52  PAGE 5


  +--> ?PR?USBXCORE_CLEAR_FEATURE?USB_API
  +--> ?PR?USBXCORE_VENDOR_USB_API?USB_API
  +--> ?PR?USBXCORE_SET_FEATURE?USB_API
  +--> ?PR?USBXCORE_SET_ADDRESS?USB_API
  +--> ?PR?USBXCORE_GET_DESCRIPTOR?USB_API
  +--> ?PR?USBXCORE_GET_CONFIGURATION?USB_API
  +--> ?PR?USBXCORE_SET_CONFIGURATION?USB_API
  +--> ?PR?USBXCORE_GET_INTERFACE?USB_API
  +--> ?PR?USBXCORE_SET_SOP?USB_API
  +--> ?PR?USBXCORE_FORCE_STALL?USB_API

?PR?USBXCORE_GET_STATUS?USB_API                  -----    -----      -----    -----
  +--> ?CO?USB_API
  +--> ?PR?USBXCORE_FORCE_STALL?USB_API
  +--> ?PR?USBXCORE_SET_SOP?USB_API

?PR?USBXCORE_CLEAR_FEATURE?USB_API               -----    -----      -----    -----
  +--> ?PR?USBXCORE_FORCE_STALL?USB_API
  +--> ?PR?USBXCORE_SET_SOP?USB_API

?PR?USBXCORE_VENDOR_USB_API?USB_API              -----    -----      -----    -----
  +--> ?PR?USBXCORE_SET_SOP?USB_API

?PR?USBXCORE_SET_FEATURE?USB_API                 -----    -----      -----    -----
  +--> ?PR?USBXCORE_FORCE_STALL?USB_API
  +--> ?PR?USBXCORE_SET_SOP?USB_API

?PR?USBXCORE_SET_ADDRESS?USB_API                 -----    -----      -----    -----
  +--> ?PR?USBXCORE_SET_SOP?USB_API

?PR?USBXCORE_GET_DESCRIPTOR?USB_API              -----    -----      -----    -----
  +--> ?PR?USBXCORE_FORCE_STALL?USB_API
  +--> ?PR?USBXCORE_SET_SOP?USB_API

?PR?USBXCORE_GET_CONFIGURATION?USB_API           -----    -----      -----    -----
  +--> ?CO?USB_API
  +--> ?PR?USBXCORE_SET_SOP?USB_API

?PR?USBXCORE_SET_CONFIGURATION?USB_API           -----    -----      -----    -----
  +--> ?PR?USBXCORE_SET_SOP?USB_API

?PR?USBXCORE_GET_INTERFACE?USB_API               -----    -----      -----    -----
  +--> ?CO?USB_API
  +--> ?PR?USBXCORE_SET_SOP?USB_API

*** NEW ROOT ***************************************************

?C_C51STARTUP                                    -----    -----      -----    -----
  +--> ?PR?MAIN?MAIN
  +--> ?C_INITSEG

?PR?MAIN?MAIN                                    -----    -----      -----    -----
  +--> ?PR?DEVICES_INIT?MAIN
  +--> ?PR?DISPFRAME?LCD
  +--> ?PR?_STOPDELAY?MAIN
  +--> ?PR?_DISPCOLOR?LCD
  +--> ?PR?DISPBAND?LCD
BL51 BANKED LINKER/LOCATER V6.22                                                      08/13/2020  10:24:52  PAGE 6


  +--> ?PR?DISPGRAYHOR16?LCD
  +--> ?PR?TP_DRAWLINE?TP

?PR?DEVICES_INIT?MAIN                            -----    -----      -----    -----
  +--> ?PR?MCU_INIT?MAIN
  +--> ?PR?USB_CLOCK_START?USB_CLOCK_START
  +--> ?CO?MAIN
  +--> ?PR?_USB_INIT?USB_API
  +--> ?PR?USB_INT_ENABLE?USB_INT_ENABLE
  +--> ?PR?LCD_INIT?LCD

?PR?_USB_INIT?USB_API                            -----    -----      027FH    0011H
  +--> ?CO?USB_API
  +--> ?PR?USBXCORE_CLKREC?USB_CLOCK_RECOVERY

?PR?LCD_INIT?LCD                                 -----    -----      -----    -----
  +--> ?PR?READDATA?LCD
  +--> ?PR?_DELAY?MAIN
  +--> ?PR?_WRITECOMM?LCD
  +--> ?PR?_WRITEDATA?LCD

?PR?READDATA?LCD                                 -----    -----      -----    -----
  +--> ?PR?_WRITECOMM?LCD
  +--> ?PR?_WRITEDATA?LCD

?PR?DISPFRAME?LCD                                005CH    0002H      -----    -----
  +--> ?PR?_?BLOCKWRITE?LCD
  +--> ?PR?_WRITEDISPDATA?LCD

?PR?_WRITEDISPDATA?LCD                           007DH    0001H      -----    -----

?PR?_STOPDELAY?MAIN                              005CH    0004H      -----    -----
  +--> ?PR?WAITKEY?MAIN
  +--> ?PR?_DELAY?MAIN

?PR?WAITKEY?MAIN                                 -----    -----      -----    -----
  +--> ?PR?CONNTOUSB?MAIN
  +--> ?PR?_DELAY?MAIN

?PR?CONNTOUSB?MAIN                               0060H    0005H      027FH    0058H
  +--> ?CO?MAIN
  +--> ?PR?_WRITECOMM?LCD
  +--> ?PR?_WRITEDATA?LCD
  +--> ?PR?_DISPSTR?LCD
  +--> ?PR?_DISPINT?LCD
  +--> ?PR?_WRITEDISPDATA?LCD
  +--> ?PR?_MMC_SD_WRITESINGLEBLOCK?MMC_SD
  +--> ?PR?_BLOCK_WRITE?BLOCK_WRITE
  +--> ?PR?READDATA?LCD
  +--> ?PR?_DELAY?MAIN

?PR?_DISPSTR?LCD                                 0065H    000BH      -----    -----
  +--> ?PR?_TOORD?LCD
  +--> ?PR?_DISPONECHAR?LCD

?PR?_DISPONECHAR?LCD                             0070H    000DH      -----    -----
  +--> ?PR?_?BLOCKWRITE?LCD
BL51 BANKED LINKER/LOCATER V6.22                                                      08/13/2020  10:24:52  PAGE 7


  +--> ?CO?LCD
  +--> ?PR?_WRITEONEDOT?LCD

?PR?_WRITEONEDOT?LCD                             -----    -----      -----    -----
  +--> ?PR?_WRITEDISPDATA?LCD

?PR?_DISPINT?LCD                                 0065H    000AH      -----    -----
  +--> ?PR?_DISPONECHAR?LCD

?PR?_MMC_SD_WRITESINGLEBLOCK?MMC_SD              0065H    0004H      -----    -----
  +--> ?PR?_MMC_SD_SENDCOMMAND?MMC_SD
  +--> ?PR?_SPI_WRITEBYTE?MMC_SD

?PR?_MMC_SD_SENDCOMMAND?MMC_SD                   0069H    0005H      -----    -----
  +--> ?PR?_SPI_WRITEBYTE?MMC_SD

?PR?_DISPCOLOR?LCD                               005CH    0004H      -----    -----
  +--> ?PR?_?BLOCKWRITE?LCD
  +--> ?PR?_WRITEDISPDATA?LCD

?PR?DISPBAND?LCD                                 005CH    0005H      -----    -----
  +--> ?PR?_?BLOCKWRITE?LCD
  +--> ?PR?_WRITEDISPDATA?LCD

?PR?DISPGRAYHOR16?LCD                            005CH    0004H      -----    -----
  +--> ?PR?_?BLOCKWRITE?LCD
  +--> ?PR?_WRITEDISPDATA?LCD

?PR?TP_DRAWLINE?TP                               -----    -----      027FH    0018H
  +--> ?PR?_DISPCOLOR?LCD
  +--> ?PR?_DELAY?MAIN
  +--> ?PR?_TP_GETPOSITION?TP
  +--> ?PR?_PUTPIXEL?LCD

?PR?_TP_GETPOSITION?TP                           -----    -----      0297H    001BH
  +--> ?PR?_TP_WRITE?TP
  +--> ?PR?TP_READ?TP

?PR?_TP_WRITE?TP                                 -----    -----      02B2H    0001H

?PR?TP_READ?TP                                   -----    -----      02B2H    0005H

?PR?_PUTPIXEL?LCD                                005CH    0002H      -----    -----
  +--> ?PR?_?BLOCKWRITE?LCD
  +--> ?PR?_WRITEDISPDATA?LCD



SYMBOL TABLE OF MODULE:  ST7735S_LY20_L8 (MAIN)

  VALUE           TYPE          NAME
  ----------------------------------

  -------         MODULE        MAIN
  C:0000H         SYMBOL        _ICE_DUMMY_
  D:0080H         PUBLIC        P0
  X:0000H         PUBLIC        f_down
BL51 BANKED LINKER/LOCATER V6.22                                                      08/13/2020  10:24:52  PAGE 8


  D:0090H         PUBLIC        P1
  D:00A0H         PUBLIC        P2
  D:00B0H         PUBLIC        P3
  C:36D8H         PUBLIC        USB_MaxPower
  B:00B0H.6       PUBLIC        KEY_STEP
  D:00A4H         PUBLIC        P0MDOUT
  D:00A5H         PUBLIC        P1MDOUT
  D:00A6H         PUBLIC        P2MDOUT
  D:00A7H         PUBLIC        P3MDOUT
  D:00AEH         PUBLIC        P4MDOUT
  B:0080H.6       PUBLIC        OE
  D:00D9H         PUBLIC        PCA0MD
  C:1FFCH         PUBLIC        USB_API_TEST_ISR
  C:003DH         PUBLIC        Suspend_Device
  C:35EAH         PUBLIC        _StopDelay
  D:00E1H         PUBLIC        XBR0
  D:00E2H         PUBLIC        XBR1
  B:00B0H.1       PUBLIC        RS
  C:36DDH         PUBLIC        main
  X:0001H         PUBLIC        VerifyCode0
  X:0002H         PUBLIC        VerifyCode1
  C:36A2H         PUBLIC        USB_PID
  X:0003H         PUBLIC        VerifyCode2
  D:00F1H         PUBLIC        P0MDIN
  D:00F2H         PUBLIC        P1MDIN
  C:36A4H         PUBLIC        USB_MfrStr
  D:00F4H         PUBLIC        P3MDIN
  C:36A0H         PUBLIC        USB_VID
  D:00F8H         PUBLIC        SPI0CN
  X:0004H         PUBLIC        pic
  C:33B2H         PUBLIC        Devices_Init
  C:008EH         PUBLIC        ConnToUSB
  D:00A9H         PUBLIC        CLKSEL
  D:00B2H         PUBLIC        OSCICN
  C:36D9H         PUBLIC        USB_PwAttributes
  C:39EFH         PUBLIC        WaitKey
  C:36DCH         SYMBOL        _?ix1000
  B:00B0H.0       PUBLIC        CS0
  X:0005H         PUBLIC        bf
  C:36DAH         PUBLIC        USB_bcdDevice
  D:00B9H         PUBLIC        CLKMUL
  X:0007H         PUBLIC        f_debug
  X:0008H         PUBLIC        sd
  X:02D7H         PUBLIC        Packet
  C:376DH         PUBLIC        MCU_Init
  B:0080H.7       PUBLIC        DIR
  D:00EFH         PUBLIC        RSTSRC
  X:000CH         PUBLIC        f_read
  C:36CEH         PUBLIC        USB_SerialStr
  X:000DH         PUBLIC        f_other
  C:36BEH         PUBLIC        USB_ProductStr
  X:000EH         PUBLIC        f_para
  D:00A1H         PUBLIC        SPI0CFG
  C:3942H         PUBLIC        _Delay
  B:00B0H.7       PUBLIC        KEY_Stop
  X:000FH         PUBLIC        f_init
  -------         PROC          MAIN
BL51 BANKED LINKER/LOCATER V6.22                                                      08/13/2020  10:24:52  PAGE 9


  C:36DDH         LINE#         40
  C:36DDH         LINE#         41
  C:36DDH         LINE#         46
  C:36E0H         LINE#         48
  C:36E3H         LINE#         49
  C:36E3H         LINE#         67
  C:36EDH         LINE#         69
  C:36F7H         LINE#         70
  C:3701H         LINE#         71
  C:370BH         LINE#         72
  C:3711H         LINE#         73
  C:3717H         LINE#         74
  C:3720H         LINE#         80
  C:3723H         LINE#         82
  C:3725H         LINE#         83
  -------         ENDPROC       MAIN
  -------         PROC          _DELAY
  D:0006H         SYMBOL        dly
  -------         DO            
  D:0004H         SYMBOL        i
  D:0002H         SYMBOL        j
  -------         ENDDO         
  C:3942H         LINE#         86
  C:3942H         LINE#         87
  C:3942H         LINE#         90
  C:394CH         LINE#         91
  C:3960H         LINE#         92
  -------         ENDPROC       _DELAY
  C:35E6H         SYMBOL        L?0133
  -------         PROC          L?0132
  -------         ENDPROC       L?0132
  C:35E6H         SYMBOL        L?0133
  -------         PROC          _STOPDELAY
  X:005CH         SYMBOL        sdly
  -------         DO            
  D:0006H         SYMBOL        i
  D:0004H         SYMBOL        j
  X:005EH         SYMBOL        k
  -------         ENDDO         
  C:35EAH         LINE#         94
  C:35F1H         LINE#         95
  C:35F1H         LINE#         97
  C:35F6H         LINE#         98
  C:35F6H         LINE#         99
  C:35F9H         LINE#         100
  C:35F9H         LINE#         101
  C:3606H         LINE#         102
  C:361AH         LINE#         103
  C:361AH         LINE#         105
  C:361AH         LINE#         106
  C:3624H         LINE#         107
  C:3624H         LINE#         108
  C:363AH         LINE#         109
  -------         ENDPROC       _STOPDELAY
  -------         PROC          WAITKEY
  C:39EFH         LINE#         138
  C:39EFH         LINE#         139
BL51 BANKED LINKER/LOCATER V6.22                                                      08/13/2020  10:24:52  PAGE 10


  C:39EFH         LINE#         141
  C:39F2H         LINE#         142
  C:39F2H         LINE#         144
  C:39F5H         LINE#         146
  C:39F7H         LINE#         147
  C:39FEH         LINE#         148
  C:3A01H         LINE#         150
  -------         ENDPROC       WAITKEY
  -------         PROC          CONNTOUSB
  -------         DO            
  X:0060H         SYMBOL        i
  X:027FH         SYMBOL        reg_data
  X:0297H         SYMBOL        para_data
  D:0007H         SYMBOL        dat
  X:0061H         SYMBOL        reg_index
  X:0063H         SYMBOL        data_num
  X:0064H         SYMBOL        st
  -------         ENDDO         
  C:008EH         LINE#         155
  C:008EH         LINE#         156
  C:008EH         LINE#         163
  C:00A1H         LINE#         165
  C:00A9H         LINE#         166
  C:00A9H         LINE#         167
  C:00B7H         LINE#         168
  C:00B7H         LINE#         169
  C:00C8H         LINE#         170
  C:00C8H         LINE#         171
  C:00EEH         LINE#         172
  C:00F0H         LINE#         173
  C:0104H         LINE#         174
  C:0104H         LINE#         175
  C:012AH         LINE#         177
  C:012AH         LINE#         178
  C:012AH         LINE#         179
  C:012AH         LINE#         181
  C:012AH         LINE#         182
  C:0132H         LINE#         183
  C:013CH         LINE#         184
  C:0146H         LINE#         186
  C:0162H         LINE#         188
  C:016CH         LINE#         189
  C:016CH         LINE#         190
  C:017DH         LINE#         191
  C:017DH         LINE#         192
  C:018EH         LINE#         193
  C:018EH         LINE#         194
  C:01E1H         LINE#         195
  C:01E3H         LINE#         196
  C:01F9H         LINE#         197
  C:01F9H         LINE#         198
  C:024BH         LINE#         199
  C:024BH         LINE#         200
  C:024BH         LINE#         201
  C:024BH         LINE#         203
  C:024BH         LINE#         204
  C:0253H         LINE#         205
BL51 BANKED LINKER/LOCATER V6.22                                                      08/13/2020  10:24:52  PAGE 11


  C:0253H         LINE#         206
  C:025DH         LINE#         207
  C:0267H         LINE#         209
  C:026BH         LINE#         210
  C:026EH         LINE#         214
  C:0276H         LINE#         215
  C:0276H         LINE#         216
  C:0285H         LINE#         217
  C:0285H         LINE#         218
  C:0287H         LINE#         220
  C:0289H         LINE#         221
  C:02A5H         LINE#         222
  C:02A7H         LINE#         224
  C:02D0H         LINE#         225
  C:02F4H         LINE#         226
  C:02FEH         LINE#         227
  C:02FEH         LINE#         228
  C:0306H         LINE#         229
  C:030DH         LINE#         230
  C:0318H         LINE#         231
  C:031EH         LINE#         232
  C:031EH         LINE#         233
  C:0327H         LINE#         235
  C:032BH         LINE#         236
  C:0337H         LINE#         237
  C:033AH         LINE#         240
  C:0342H         LINE#         241
  C:0342H         LINE#         242
  C:034BH         LINE#         243
  C:034BH         LINE#         244
  C:035BH         LINE#         245
  C:035BH         LINE#         246
  C:035DH         LINE#         248
  C:035FH         LINE#         249
  C:037BH         LINE#         250
  C:037DH         LINE#         252
  C:03A6H         LINE#         253
  C:03CAH         LINE#         255
  C:03D4H         LINE#         256
  C:03D4H         LINE#         257
  C:03DCH         LINE#         258
  C:03E3H         LINE#         259
  C:03EEH         LINE#         260
  C:03F4H         LINE#         261
  C:03F4H         LINE#         263
  C:03FDH         LINE#         269
  C:03FDH         LINE#         270
  C:040AH         LINE#         271
  C:040AH         LINE#         272
  C:040CH         LINE#         274
  C:040EH         LINE#         275
  C:042AH         LINE#         276
  C:042CH         LINE#         278
  C:0434H         LINE#         279
  C:0438H         LINE#         280
  C:0444H         LINE#         281
  C:0444H         LINE#         282
BL51 BANKED LINKER/LOCATER V6.22                                                      08/13/2020  10:24:52  PAGE 12


  C:0447H         LINE#         285
  C:044FH         LINE#         286
  C:044FH         LINE#         287
  C:0460H         LINE#         288
  C:0460H         LINE#         289
  C:046DH         LINE#         290
  C:046DH         LINE#         291
  C:048BH         LINE#         292
  C:048DH         LINE#         293
  C:049DH         LINE#         294
  C:049DH         LINE#         295
  C:04BBH         LINE#         296
  C:04BDH         LINE#         297
  C:04CEH         LINE#         298
  C:04CEH         LINE#         299
  C:04D8H         LINE#         300
  C:04E2H         LINE#         301
  C:04E2H         LINE#         302
  C:04E2H         LINE#         303
  C:04E2H         LINE#         305
  C:04E2H         LINE#         306
  C:04EBH         LINE#         307
  C:04EFH         LINE#         308
  C:04FBH         LINE#         309
  C:04FEH         LINE#         312
  C:0506H         LINE#         313
  C:0506H         LINE#         314
  C:0513H         LINE#         315
  C:0524H         LINE#         317
  C:052DH         LINE#         318
  C:053CH         LINE#         320
  C:0544H         LINE#         321
  C:0544H         LINE#         322
  C:054DH         LINE#         323
  C:055CH         LINE#         324
  C:055CH         LINE#         325
  C:055FH         LINE#         326
  C:056EH         LINE#         327
  C:057AH         LINE#         328
  C:0580H         LINE#         329
  C:0580H         LINE#         331
  C:0584H         LINE#         332
  C:0593H         LINE#         334
  C:059AH         LINE#         335
  C:05B6H         LINE#         336
  C:05C0H         LINE#         337
  C:05C0H         LINE#         338
  C:05E6H         LINE#         339
  C:05F9H         LINE#         340
  C:05F9H         LINE#         341
  C:064BH         LINE#         342
  C:0653H         LINE#         343
  C:0653H         LINE#         344
  C:0653H         LINE#         347
  C:0658H         LINE#         348
  C:0658H         LINE#         349
  C:0665H         LINE#         350
BL51 BANKED LINKER/LOCATER V6.22                                                      08/13/2020  10:24:52  PAGE 13


  C:0676H         LINE#         352
  C:067BH         LINE#         353
  C:067FH         LINE#         354
  C:0682H         LINE#         355
  C:0686H         LINE#         357
  C:068AH         LINE#         358
  C:0696H         LINE#         359
  C:0698H         LINE#         360
  -------         ENDPROC       CONNTOUSB
  -------         PROC          MCU_INIT
  -------         DO            
  D:0007H         SYMBOL        n
  -------         ENDDO         
  C:376DH         LINE#         363
  C:376DH         LINE#         364
  C:376DH         LINE#         366
  C:3770H         LINE#         369
  C:3773H         LINE#         370
  C:3776H         LINE#         372
  C:3779H         LINE#         374
  C:377FH         LINE#         376
  C:3782H         LINE#         377
  C:3787H         LINE#         378
  C:378AH         LINE#         380
  C:378DH         LINE#         383
  C:3790H         LINE#         384
  C:3793H         LINE#         386
  C:3796H         LINE#         387
  C:3799H         LINE#         389
  C:379CH         LINE#         390
  C:379FH         LINE#         392
  C:37A2H         LINE#         393
  C:37A5H         LINE#         394
  C:37A7H         LINE#         395
  C:37A9H         LINE#         397
  C:37ACH         LINE#         398
  C:37AFH         LINE#         400
  -------         ENDPROC       MCU_INIT
  -------         PROC          DEVICES_INIT
  C:33B2H         LINE#         402
  C:33B2H         LINE#         403
  C:33B2H         LINE#         405
  C:33B5H         LINE#         408
  C:33B8H         LINE#         409
  C:3412H         LINE#         410
  C:3415H         LINE#         413
  C:3418H         LINE#         414
  C:341BH         LINE#         422
  -------         ENDPROC       DEVICES_INIT
  -------         PROC          SUSPEND_DEVICE
  C:003DH         LINE#         426
  C:003DH         LINE#         427
  C:003DH         LINE#         428
  -------         ENDPROC       SUSPEND_DEVICE
  -------         PROC          USB_API_TEST_ISR
  -------         DO            
  X:0059H         SYMBOL        INTVAL
BL51 BANKED LINKER/LOCATER V6.22                                                      08/13/2020  10:24:52  PAGE 14


  -------         ENDDO         
  C:1FFCH         LINE#         432
  C:2019H         LINE#         434
  C:2020H         LINE#         436
  C:2026H         LINE#         437
  C:2026H         LINE#         438
  C:2031H         LINE#         440
  C:204DH         LINE#         441
  C:204DH         LINE#         442
  C:204FH         LINE#         443
  C:2051H         LINE#         444
  C:2067H         LINE#         445
  C:2067H         LINE#         446
  C:2069H         LINE#         447
  C:206BH         LINE#         448
  C:2083H         LINE#         449
  C:2083H         LINE#         450
  C:2085H         LINE#         451
  C:2087H         LINE#         452
  C:20A1H         LINE#         453
  C:20A1H         LINE#         454
  C:20A3H         LINE#         455
  C:20A5H         LINE#         456
  C:20BAH         LINE#         457
  C:20BAH         LINE#         458
  C:20BCH         LINE#         459
  C:20BEH         LINE#         461
  C:20BEH         LINE#         462
  C:20C3H         LINE#         463
  C:20C3H         LINE#         464
  C:20C3H         LINE#         466
  C:20C3H         LINE#         467
  C:20C3H         LINE#         469
  C:20C3H         LINE#         471
  C:20C9H         LINE#         472
  C:20C9H         LINE#         473
  C:20CCH         LINE#         474
  C:20CCH         LINE#         476
  C:20D2H         LINE#         477
  C:20D2H         LINE#         478
  C:20D5H         LINE#         479
  C:20D5H         LINE#         481
  C:20DBH         LINE#         482
  C:20DBH         LINE#         483
  C:20F6H         LINE#         484
  C:20F6H         LINE#         486
  C:20FCH         LINE#         487
  C:20FCH         LINE#         488
  C:2101H         LINE#         489
  C:211CH         LINE#         490
  C:211CH         LINE#         491
  -------         ENDPROC       USB_API_TEST_ISR
  -------         ENDMOD        MAIN

  -------         MODULE        MMC_SD
  C:0000H         SYMBOL        _ICE_DUMMY_
  D:00A2H         PUBLIC        SPI0CKR
BL51 BANKED LINKER/LOCATER V6.22                                                      08/13/2020  10:24:52  PAGE 15


  D:0080H         PUBLIC        P0
  D:0090H         PUBLIC        P1
  D:00A0H         PUBLIC        P2
  D:00B0H         PUBLIC        P3
  C:3257H         PUBLIC        _MMC_SD_SendCommand
  C:341EH         PUBLIC        _MMC_SD_ReadSingleBlock
  C:3A02H         PUBLIC        SD_Init
  C:3162H         PUBLIC        _MMC_SD_WriteSingleBlock
  B:00F8H.7       PUBLIC        SPIF
  B:00F8H.2       PUBLIC        NSSMD0
  C:2843H         PUBLIC        MMC_SD_Reset
  D:00A9H         PUBLIC        CLKSEL
  C:3A2DH         PUBLIC        SPI_ReadByte
  C:39BCH         PUBLIC        _SPI_WriteByte
  D:00A3H         PUBLIC        SPI0DAT
  X:007FH         PUBLIC        buffer
  C:39B0H         SYMBOL        L?0062
  C:39B5H         SYMBOL        L?0063
  -------         PROC          L?0061
  -------         ENDPROC       L?0061
  C:39B0H         SYMBOL        L?0062
  C:39B5H         SYMBOL        L?0063
  -------         PROC          _SPI_WRITEBYTE
  D:0007H         SYMBOL        val
  -------         DO            
  D:0007H         SYMBOL        ret
  -------         ENDDO         
  C:39BCH         LINE#         7
  C:39BCH         LINE#         8
  C:39BCH         LINE#         11
  C:39BEH         LINE#         12
  C:39C1H         LINE#         13
  C:39C3H         LINE#         14
  C:39C5H         LINE#         15
  C:39C5H         LINE#         16
  -------         ENDPROC       _SPI_WRITEBYTE
  -------         PROC          SPI_READBYTE
  -------         DO            
  D:0007H         SYMBOL        ret
  -------         ENDDO         
  C:3A2DH         LINE#         18
  C:3A2DH         LINE#         19
  C:3A2DH         LINE#         22
  C:3A30H         LINE#         23
  C:3A33H         LINE#         24
  C:3A35H         LINE#         25
  C:3A37H         LINE#         26
  C:3A37H         LINE#         27
  -------         ENDPROC       SPI_READBYTE
  -------         PROC          _MMC_SD_SENDCOMMAND
  D:0006H         SYMBOL        cmd
  X:006AH         SYMBOL        arg
  -------         DO            
  D:0007H         SYMBOL        r1
  D:0003H         SYMBOL        retry
  -------         ENDDO         
  C:3257H         LINE#         29
BL51 BANKED LINKER/LOCATER V6.22                                                      08/13/2020  10:24:52  PAGE 16


  C:3259H         LINE#         30
  C:3259H         LINE#         32
  C:325BH         LINE#         34
  C:325BH         LINE#         35
  C:325BH         LINE#         36
  C:325EH         LINE#         37
  C:325EH         LINE#         38
  C:325EH         LINE#         39
  C:3261H         LINE#         41
  C:3263H         LINE#         43
  C:326AH         LINE#         44
  C:327FH         LINE#         45
  C:3294H         LINE#         46
  C:32A9H         LINE#         47
  C:32B3H         LINE#         48
  C:32B8H         LINE#         50
  C:32C0H         LINE#         51
  C:32C9H         LINE#         53
  C:32CBH         LINE#         55
  C:32CBH         LINE#         56
  -------         ENDPROC       _MMC_SD_SENDCOMMAND
  -------         PROC          MMC_SD_RESET
  -------         DO            
  D:0005H         SYMBOL        i
  D:0002H         SYMBOL        retry
  D:0006H         SYMBOL        r1
  -------         ENDDO         
  C:2843H         LINE#         58
  C:2843H         LINE#         59
  C:2843H         LINE#         62
  C:2845H         LINE#         64
  C:2846H         LINE#         65
  C:2849H         LINE#         66
  C:284CH         LINE#         68
  C:284CH         LINE#         69
  C:2858H         LINE#         70
  C:2868H         LINE#         71
  C:2869H         LINE#         72
  C:286FH         LINE#         73
  C:2873H         LINE#         75
  C:2875H         LINE#         77
  C:2875H         LINE#         79
  C:2875H         LINE#         80
  C:2885H         LINE#         81
  C:2886H         LINE#         82
  C:288FH         LINE#         83
  C:2893H         LINE#         85
  C:2895H         LINE#         86
  C:28A5H         LINE#         87
  C:28A6H         LINE#         88
  C:28AFH         LINE#         89
  C:28B2H         LINE#         91
  C:28B5H         LINE#         92
  C:28B5H         LINE#         93
  C:28B7H         LINE#         95
  C:28B7H         LINE#         96
  C:28C7H         LINE#         97
BL51 BANKED LINKER/LOCATER V6.22                                                      08/13/2020  10:24:52  PAGE 17


  C:28C8H         LINE#         98
  C:28D1H         LINE#         99
  C:28D4H         LINE#         100
  C:28D4H         LINE#         101
  C:28E4H         LINE#         103
  C:28F2H         LINE#         104
  C:28F5H         LINE#         105
  C:28F8H         LINE#         106
  C:28F9H         LINE#         107
  -------         ENDPROC       MMC_SD_RESET
  -------         PROC          _MMC_SD_READSINGLEBLOCK
  X:0010H         SYMBOL        sector
  -------         DO            
  D:0007H         SYMBOL        r1
  D:0004H         SYMBOL        i
  D:0002H         SYMBOL        retry
  -------         ENDDO         
  C:341EH         LINE#         109
  C:3423H         LINE#         110
  C:3423H         LINE#         113
  C:3425H         LINE#         115
  C:3428H         LINE#         117
  C:3428H         LINE#         118
  C:3444H         LINE#         119
  C:3445H         LINE#         120
  C:344EH         LINE#         121
  C:3451H         LINE#         124
  C:3453H         LINE#         126
  C:3459H         LINE#         128
  C:345CH         LINE#         129
  C:345CH         LINE#         130
  C:346BH         LINE#         131
  C:3478H         LINE#         133
  C:3478H         LINE#         134
  C:347BH         LINE#         136
  C:347DH         LINE#         137
  C:3480H         LINE#         138
  C:3481H         LINE#         139
  -------         ENDPROC       _MMC_SD_READSINGLEBLOCK
  -------         PROC          _MMC_SD_WRITESINGLEBLOCK
  X:0065H         SYMBOL        sector
  -------         DO            
  D:0006H         SYMBOL        r1
  D:0004H         SYMBOL        i
  D:0002H         SYMBOL        retry
  -------         ENDDO         
  C:3162H         LINE#         141
  C:3167H         LINE#         142
  C:3167H         LINE#         145
  C:3169H         LINE#         147
  C:316CH         LINE#         149
  C:316CH         LINE#         150
  C:318AH         LINE#         151
  C:318BH         LINE#         152
  C:3194H         LINE#         153
  C:3197H         LINE#         157
  C:3199H         LINE#         159
BL51 BANKED LINKER/LOCATER V6.22                                                      08/13/2020  10:24:52  PAGE 18


  C:319EH         LINE#         161
  C:31A3H         LINE#         163
  C:31A5H         LINE#         164
  C:31A5H         LINE#         165
  C:31B4H         LINE#         166
  C:31C1H         LINE#         168
  C:31C1H         LINE#         169
  C:31C1H         LINE#         171
  C:31C6H         LINE#         173
  C:31CDH         LINE#         174
  C:31CDH         LINE#         175
  C:31CFH         LINE#         176
  C:31D0H         LINE#         177
  C:31D0H         LINE#         179
  C:31D8H         LINE#         181
  C:31DAH         LINE#         182
  C:31DDH         LINE#         183
  C:31DEH         LINE#         184
  -------         ENDPROC       _MMC_SD_WRITESINGLEBLOCK
  -------         PROC          SD_INIT
  -------         DO            
  D:0001H         SYMBOL        n
  -------         ENDDO         
  C:3A02H         LINE#         187
  C:3A02H         LINE#         188
  C:3A02H         LINE#         189
  C:3A04H         LINE#         191
  C:3A0AH         LINE#         192
  C:3A0AH         LINE#         193
  C:3A0BH         LINE#         194
  C:3A12H         LINE#         196
  -------         ENDPROC       SD_INIT
  -------         ENDMOD        MMC_SD

  -------         MODULE        LCD
  C:0000H         SYMBOL        _ICE_DUMMY_
  D:0080H         PUBLIC        P0
  C:2B0EH         PUBLIC        DispFrame
  D:0090H         PUBLIC        P1
  C:2BB2H         PUBLIC        DispScaleVer_Green
  D:00A0H         PUBLIC        P2
  D:00B0H         PUBLIC        P3
  D:00C7H         PUBLIC        P4
  C:1D21H         PUBLIC        DispBand
  C:3982H         PUBLIC        _WriteData
  C:0699H         PUBLIC        ascii
  C:13D9H         PUBLIC        _LCD_Read_IC_ID
  D:00A6H         PUBLIC        P2MDOUT
  C:0046H         PUBLIC        _DispColor
  C:3056H         PUBLIC        DispScaleVer_Blue
  C:2F3BH         PUBLIC        _DrawGird
  C:30DCH         PUBLIC        _DrawLine
  C:39C6H         PUBLIC        _WriteComm
  C:382AH         PUBLIC        _WriteDispData
  C:2EAAH         PUBLIC        DispScaleVer_Gray
  B:00B0H.1       PUBLIC        RS
  B:00A0H.1       PUBLIC        SPI_CLK
BL51 BANKED LINKER/LOCATER V6.22                                                      08/13/2020  10:24:52  PAGE 19


  C:2E19H         PUBLIC        DispScaleVer_Red
  D:00F3H         PUBLIC        P2MDIN
  C:226EH         PUBLIC        DispScaleVer
  C:27A8H         PUBLIC        _DispOneChar
  C:31DFH         PUBLIC        DispGrayHor32
  C:2C50H         PUBLIC        DispGrayHor16
  C:28FAH         PUBLIC        _DispInt
  C:363BH         PUBLIC        _PutPixel
  D:00A9H         PUBLIC        CLKSEL
  B:0090H.6       PUBLIC        RD0
  B:00B0H.0       PUBLIC        CS0
  X:0057H         PUBLIC        LCM_ID
  C:19E3H         PUBLIC        LCD_Init
  C:2D83H         PUBLIC        _DispStr
  B:0090H.7       PUBLIC        WR0
  C:160BH         PUBLIC        DispScaleHor1
  B:00A0H.0       PUBLIC        SPI_DI
  C:3A38H         PUBLIC        _WriteOneDot
  C:1829H         PUBLIC        DispScaleHor2
  C:25C2H         PUBLIC        _DispPicFromSD
  B:0080H.7       PUBLIC        DIR
  C:3482H         PUBLIC        _ToOrd
  B:0080H.5       PUBLIC        RST
  C:3902H         PUBLIC        ReadData
  C:2D04H         PUBLIC        _?BlockWrite
  -------         PROC          _LCD_READ_IC_ID
  X:0014H         SYMBOL        ID
  D:0004H         SYMBOL        Bug
  D:0003H         SYMBOL        flog
  -------         DO            
  X:0015H         SYMBOL        id
  X:0017H         SYMBOL        id1
  X:0019H         SYMBOL        temp
  D:0005H         SYMBOL        i
  D:0007H         SYMBOL        dat
  D:0001H         SYMBOL        id2
  X:001BH         SYMBOL        id3
  D:0002H         SYMBOL        id4
  -------         ENDDO         
  C:13D9H         LINE#         35
  C:13DDH         LINE#         36
  C:13DDH         LINE#         40
  C:13E5H         LINE#         41
  C:13E5H         LINE#         43
  C:13E7H         LINE#         44
  C:13E9H         LINE#         45
  C:13EBH         LINE#         47
  C:13EEH         LINE#         48
  C:13F0H         LINE#         49
  C:13F2H         LINE#         50
  C:13F4H         LINE#         53
  C:13F7H         LINE#         54
  C:13FAH         LINE#         55
  C:13FDH         LINE#         56
  C:13FFH         LINE#         57
  C:1401H         LINE#         58
  C:1403H         LINE#         63
BL51 BANKED LINKER/LOCATER V6.22                                                      08/13/2020  10:24:52  PAGE 20


  C:140DH         LINE#         65
  C:1413H         LINE#         66
  C:141BH         LINE#         68
  C:1421H         LINE#         69
  C:1427H         LINE#         70
  C:1431H         LINE#         72
  C:1437H         LINE#         73
  C:1439H         LINE#         75
  C:143FH         LINE#         77
  C:1445H         LINE#         78
  C:144FH         LINE#         80
  C:1455H         LINE#         81
  C:145AH         LINE#         83
  C:1460H         LINE#         85
  C:146AH         LINE#         86
  C:1474H         LINE#         88
  C:147AH         LINE#         89
  C:147CH         LINE#         91
  C:148CH         LINE#         92
  C:1496H         LINE#         94
  C:1499H         LINE#         95
  C:149DH         LINE#         96
  C:149DH         LINE#         97
  C:14A6H         LINE#         98
  C:14ACH         LINE#         99
  C:14ACH         LINE#         100
  C:14B6H         LINE#         101
  C:14B8H         LINE#         102
  C:14BCH         LINE#         103
  C:14BCH         LINE#         104
  C:14CBH         LINE#         105
  C:14CBH         LINE#         108
  C:14CBH         LINE#         109
  C:14D4H         LINE#         110
  C:14D4H         LINE#         112
  C:14D7H         LINE#         113
  C:14DBH         LINE#         114
  C:14DDH         LINE#         115
  C:14DFH         LINE#         116
  C:14E1H         LINE#         117
  C:14E1H         LINE#         118
  C:14E3H         LINE#         119
  C:14EBH         LINE#         120
  C:14EDH         LINE#         122
  C:14EFH         LINE#         123
  C:14F3H         LINE#         124
  C:14F8H         LINE#         125
  C:14FBH         LINE#         128
  C:1505H         LINE#         129
  C:1505H         LINE#         130
  C:1507H         LINE#         131
  C:1507H         LINE#         132
  C:1509H         LINE#         133
  C:150BH         LINE#         134
  C:150DH         LINE#         135
  C:1524H         LINE#         136
  C:1526H         LINE#         137
BL51 BANKED LINKER/LOCATER V6.22                                                      08/13/2020  10:24:52  PAGE 21


  C:1528H         LINE#         138
  C:152FH         LINE#         139
  C:1539H         LINE#         140
  C:1539H         LINE#         141
  C:153BH         LINE#         142
  C:153BH         LINE#         143
  C:153DH         LINE#         144
  C:153FH         LINE#         145
  C:1541H         LINE#         146
  C:1558H         LINE#         147
  C:155AH         LINE#         148
  C:155CH         LINE#         149
  C:1561H         LINE#         150
  C:1561H         LINE#         152
  C:1563H         LINE#         153
  C:1563H         LINE#         154
  C:1565H         LINE#         155
  C:1567H         LINE#         156
  C:1569H         LINE#         157
  C:1580H         LINE#         158
  C:1582H         LINE#         159
  C:1584H         LINE#         160
  C:1589H         LINE#         162
  C:158BH         LINE#         163
  C:158BH         LINE#         164
  C:158DH         LINE#         165
  C:158FH         LINE#         166
  C:1591H         LINE#         167
  C:159BH         LINE#         168
  C:159DH         LINE#         169
  C:159FH         LINE#         170
  C:15A4H         LINE#         172
  C:15A6H         LINE#         173
  C:15A6H         LINE#         174
  C:15A8H         LINE#         175
  C:15AAH         LINE#         176
  C:15ACH         LINE#         177
  C:15B8H         LINE#         178
  C:15BAH         LINE#         179
  C:15BCH         LINE#         180
  C:15C1H         LINE#         181
  C:15C4H         LINE#         182
  C:15C6H         LINE#         183
  C:15C8H         LINE#         184
  C:15CAH         LINE#         185
  C:15CCH         LINE#         186
  C:15CEH         LINE#         187
  C:15D0H         LINE#         189
  C:15D4H         LINE#         190
  C:15D4H         LINE#         191
  C:15E4H         LINE#         193
  C:15EFH         LINE#         194
  C:15EFH         LINE#         195
  C:15EFH         LINE#         197
  C:15F5H         LINE#         198
  C:15F5H         LINE#         199
  C:1601H         LINE#         200
BL51 BANKED LINKER/LOCATER V6.22                                                      08/13/2020  10:24:52  PAGE 22


  C:1601H         LINE#         202
  C:1601H         LINE#         203
  C:1603H         LINE#         204
  C:160AH         LINE#         205
  -------         ENDPROC       _LCD_READ_IC_ID
  -------         PROC          _WRITECOMM
  D:0004H         SYMBOL        i
  -------         DO            
  X:007DH         SYMBOL        j
  X:007EH         SYMBOL        DataH
  -------         ENDDO         
  C:39C6H         LINE#         208
  C:39C8H         LINE#         209
  C:39C8H         LINE#         211
  C:39CCH         LINE#         212
  C:39CEH         LINE#         215
  C:39CEH         LINE#         216
  C:39D0H         LINE#         217
  C:39D2H         LINE#         218
  C:39D4H         LINE#         219
  C:39D6H         LINE#         220
  C:39D8H         LINE#         221
  C:39D8H         LINE#         319
  C:39DAH         LINE#         320
  -------         ENDPROC       _WRITECOMM
  -------         PROC          L?0443
  -------         ENDPROC       L?0443
  -------         PROC          _WRITEDATA
  D:0004H         SYMBOL        i
  -------         DO            
  X:007DH         SYMBOL        j
  X:007EH         SYMBOL        DataH
  -------         ENDDO         
  C:3982H         LINE#         322
  C:3984H         LINE#         323
  C:3984H         LINE#         325
  C:3988H         LINE#         326
  C:398AH         LINE#         329
  C:398AH         LINE#         330
  C:398CH         LINE#         331
  C:398EH         LINE#         332
  C:3990H         LINE#         333
  C:3992H         LINE#         334
  C:3994H         LINE#         335
  C:3994H         LINE#         513
  C:3996H         LINE#         514
  -------         ENDPROC       _WRITEDATA
  C:3815H         SYMBOL        L?0442
  -------         PROC          L?0441
  -------         ENDPROC       L?0441
  C:3815H         SYMBOL        L?0442
  -------         PROC          _WRITEDISPDATA
  D:0007H         SYMBOL        DataH
  D:0005H         SYMBOL        DataL
  -------         DO            
  X:007DH         SYMBOL        j
  -------         ENDDO         
BL51 BANKED LINKER/LOCATER V6.22                                                      08/13/2020  10:24:52  PAGE 23


  C:382AH         LINE#         516
  C:382AH         LINE#         517
  C:382AH         LINE#         519
  C:382CH         LINE#         522
  C:382CH         LINE#         523
  C:382EH         LINE#         524
  C:3830H         LINE#         525
  C:3832H         LINE#         526
  C:3834H         LINE#         527
  C:3836H         LINE#         528
  C:383AH         LINE#         529
  C:383CH         LINE#         530
  C:383EH         LINE#         531
  C:383EH         LINE#         638
  C:3840H         LINE#         639
  -------         ENDPROC       _WRITEDISPDATA
  -------         PROC          _WRITEONEDOT
  D:0004H         SYMBOL        color
  C:3A38H         LINE#         641
  C:3A3CH         LINE#         642
  C:3A3CH         LINE#         655
  -------         ENDPROC       _WRITEONEDOT
  -------         PROC          LCD_INIT
  C:19E3H         LINE#         664
  C:19E3H         LINE#         665
  C:19E3H         LINE#         666
  C:19E6H         LINE#         669
  C:19E8H         LINE#         670
  C:19EFH         LINE#         672
  C:19F1H         LINE#         673
  C:19F8H         LINE#         675
  C:19FAH         LINE#         676
  C:1A01H         LINE#         1910
  C:1A08H         LINE#         1911
  C:1A0DH         LINE#         1913
  C:1A14H         LINE#         1914
  C:1A19H         LINE#         1915
  C:1A1EH         LINE#         1916
  C:1A21H         LINE#         1918
  C:1A26H         LINE#         1919
  C:1A2BH         LINE#         1920
  C:1A30H         LINE#         1921
  C:1A33H         LINE#         1923
  C:1A38H         LINE#         1924
  C:1A3DH         LINE#         1925
  C:1A42H         LINE#         1926
  C:1A45H         LINE#         1927
  C:1A4AH         LINE#         1928
  C:1A4FH         LINE#         1929
  C:1A52H         LINE#         1931
  C:1A57H         LINE#         1932
  C:1A5CH         LINE#         1934
  C:1A61H         LINE#         1935
  C:1A66H         LINE#         1936
  C:1A6BH         LINE#         1937
  C:1A70H         LINE#         1939
  C:1A75H         LINE#         1940
BL51 BANKED LINKER/LOCATER V6.22                                                      08/13/2020  10:24:52  PAGE 24


  C:1A79H         LINE#         1942
  C:1A7EH         LINE#         1943
  C:1A83H         LINE#         1944
  C:1A88H         LINE#         1946
  C:1A8DH         LINE#         1947
  C:1A92H         LINE#         1948
  C:1A97H         LINE#         1950
  C:1A9CH         LINE#         1951
  C:1AA1H         LINE#         1952
  C:1AA6H         LINE#         1957
  C:1AABH         LINE#         1958
  C:1AB0H         LINE#         1960
  C:1AB5H         LINE#         1961
  C:1ABAH         LINE#         1963
  C:1ABFH         LINE#         1964
  C:1AC4H         LINE#         1965
  C:1AC9H         LINE#         1966
  C:1ACEH         LINE#         1967
  C:1AD3H         LINE#         1968
  C:1AD8H         LINE#         1969
  C:1ADDH         LINE#         1970
  C:1AE2H         LINE#         1971
  C:1AE7H         LINE#         1972
  C:1AEBH         LINE#         1973
  C:1AEFH         LINE#         1974
  C:1AF4H         LINE#         1975
  C:1AF9H         LINE#         1976
  C:1AFEH         LINE#         1977
  C:1B03H         LINE#         1978
  C:1B08H         LINE#         1979
  C:1B0DH         LINE#         1981
  C:1B12H         LINE#         1982
  C:1B17H         LINE#         1983
  C:1B1CH         LINE#         1984
  C:1B21H         LINE#         1985
  C:1B26H         LINE#         1986
  C:1B2BH         LINE#         1987
  C:1B30H         LINE#         1988
  C:1B35H         LINE#         1989
  C:1B3AH         LINE#         1990
  C:1B3EH         LINE#         1991
  C:1B43H         LINE#         1992
  C:1B48H         LINE#         1993
  C:1B4DH         LINE#         1994
  C:1B52H         LINE#         1995
  C:1B57H         LINE#         1996
  C:1B5BH         LINE#         1997
  C:1B60H         LINE#         1999
  C:1B65H         LINE#         2000
  C:1B6AH         LINE#         2002
  C:1B6FH         LINE#         2003
  C:1B74H         LINE#         2005
  C:1B79H         LINE#         2006
  C:1B7EH         LINE#         2008
  -------         ENDPROC       LCD_INIT
  C:2CECH         SYMBOL        L?0437
  -------         PROC          L?0436
BL51 BANKED LINKER/LOCATER V6.22                                                      08/13/2020  10:24:52  PAGE 25


  -------         ENDPROC       L?0436
  C:2CECH         SYMBOL        L?0437
  -------         PROC          _?BLOCKWRITE
  p:0000H         SYMBOL        Xstart
  p:0002H         SYMBOL        Xend
  p:0004H         SYMBOL        Ystart
  p:0006H         SYMBOL        Yend
  C:2D04H         LINE#         4637
  C:2D25H         LINE#         4740
  C:2D2CH         LINE#         4741
  C:2D33H         LINE#         4742
  C:2D3BH         LINE#         4743
  C:2D46H         LINE#         4744
  C:2D50H         LINE#         4746
  C:2D55H         LINE#         4747
  C:2D5FH         LINE#         4749
  C:2D66H         LINE#         4750
  C:2D70H         LINE#         4751
  C:2D77H         LINE#         4757
  C:2D7CH         LINE#         4764
  -------         ENDPROC       _?BLOCKWRITE
  -------         PROC          _DISPCOLOR
  D:0004H         SYMBOL        color
  -------         DO            
  X:005CH         SYMBOL        i
  D:0002H         SYMBOL        m
  X:005EH         SYMBOL        DataH
  X:005FH         SYMBOL        DataL
  -------         ENDDO         
  C:0046H         LINE#         4766
  C:0048H         LINE#         4767
  C:0048H         LINE#         4770
  C:004EH         LINE#         4772
  C:0051H         LINE#         4774
  C:0053H         LINE#         4775
  C:0059H         LINE#         4776
  C:0059H         LINE#         4777
  C:005CH         LINE#         4778
  C:005CH         LINE#         4779
  C:0066H         LINE#         4780
  C:0071H         LINE#         4781
  C:0087H         LINE#         4783
  C:0089H         LINE#         4784
  -------         ENDPROC       _DISPCOLOR
  -------         PROC          DISPFRAME
  -------         DO            
  D:0002H         SYMBOL        i
  X:005CH         SYMBOL        j
  D:0001H         SYMBOL        DataH
  D:0006H         SYMBOL        DataL
  -------         ENDDO         
  C:2B0EH         LINE#         4786
  C:2B0EH         LINE#         4787
  C:2B0EH         LINE#         4790
  C:2B11H         LINE#         4792
  C:2B13H         LINE#         4795
  C:2B1DH         LINE#         4798
BL51 BANKED LINKER/LOCATER V6.22                                                      08/13/2020  10:24:52  PAGE 26


  C:2B1DH         LINE#         4799
  C:2B1DH         LINE#         4801
  C:2B28H         LINE#         4803
  C:2B33H         LINE#         4805
  C:2B3DH         LINE#         4807
  C:2B42H         LINE#         4808
  C:2B42H         LINE#         4810
  C:2B4CH         LINE#         4812
  C:2B4EH         LINE#         4813
  C:2B4EH         LINE#         4815
  C:2B56H         LINE#         4817
  C:2B61H         LINE#         4820
  C:2B6BH         LINE#         4822
  C:2B81H         LINE#         4824
  C:2B8BH         LINE#         4826
  C:2B8DH         LINE#         4827
  C:2B8DH         LINE#         4829
  C:2B98H         LINE#         4831
  C:2BA3H         LINE#         4833
  C:2BADH         LINE#         4836
  C:2BAFH         LINE#         4837
  C:2BB1H         LINE#         4838
  -------         ENDPROC       DISPFRAME
  -------         PROC          DISPBAND
  -------         DO            
  D:0002H         SYMBOL        i
  X:005CH         SYMBOL        j
  X:005DH         SYMBOL        k
  X:005EH         SYMBOL        m
  X:005FH         SYMBOL        n
  X:0060H         SYMBOL        x
  -------         ENDDO         
  C:1D21H         LINE#         4840
  C:1D21H         LINE#         4841
  C:1D21H         LINE#         4844
  C:1D2BH         LINE#         4845
  C:1D34H         LINE#         4846
  C:1D36H         LINE#         4849
  C:1D39H         LINE#         4850
  C:1D45H         LINE#         4851
  C:1D45H         LINE#         4852
  C:1D60H         LINE#         4853
  C:1D7BH         LINE#         4854
  C:1DA7H         LINE#         4855
  C:1DAEH         LINE#         4856
  C:1DBDH         LINE#         4857
  C:1DBDH         LINE#         4858
  C:1DD8H         LINE#         4859
  C:1DF3H         LINE#         4860
  C:1E1FH         LINE#         4861
  C:1E26H         LINE#         4862
  C:1E3CH         LINE#         4863
  C:1E3CH         LINE#         4864
  C:1E57H         LINE#         4865
  C:1E72H         LINE#         4866
  C:1E9EH         LINE#         4867
  C:1EA5H         LINE#         4868
BL51 BANKED LINKER/LOCATER V6.22                                                      08/13/2020  10:24:52  PAGE 27


  C:1EA7H         LINE#         4869
  C:1EAAH         LINE#         4870
  -------         ENDPROC       DISPBAND
  -------         PROC          _DISPPICFROMSD
  X:001CH         SYMBOL        PicNum
  -------         DO            
  X:001DH         SYMBOL        Address_S
  X:0021H         SYMBOL        Address_E
  D:0002H         SYMBOL        i
  X:0025H         SYMBOL        k
  -------         ENDDO         
  C:25C2H         LINE#         4892
  C:25C5H         LINE#         4893
  C:25C5H         LINE#         4899
  C:25C8H         LINE#         4902
  C:25CAH         LINE#         4904
  C:25CCH         LINE#         4906
  C:25D5H         LINE#         4907
  C:2600H         LINE#         4908
  C:2629H         LINE#         4909
  C:264CH         LINE#         4910
  C:264CH         LINE#         4911
  C:265CH         LINE#         4913
  C:2665H         LINE#         4914
  C:2665H         LINE#         4916
  C:2680H         LINE#         4917
  C:2689H         LINE#         4918
  C:26A8H         LINE#         4920
  C:26AAH         LINE#         4958
  -------         ENDPROC       _DISPPICFROMSD
  -------         PROC          DISPSCALEHOR1
  -------         DO            
  X:0029H         SYMBOL        i
  X:002BH         SYMBOL        j
  D:0002H         SYMBOL        k
  -------         ENDDO         
  C:160BH         LINE#         4963
  C:160BH         LINE#         4964
  C:160BH         LINE#         4967
  C:160EH         LINE#         4970
  C:160EH         LINE#         4971
  C:160EH         LINE#         4972
  C:162EH         LINE#         4973
  C:1634H         LINE#         4974
  C:1634H         LINE#         4975
  C:163AH         LINE#         4976
  C:163AH         LINE#         4977
  C:164FH         LINE#         4978
  C:1665H         LINE#         4979
  C:167BH         LINE#         4981
  C:1686H         LINE#         4984
  C:1689H         LINE#         4985
  C:1689H         LINE#         4986
  C:16A9H         LINE#         4987
  C:16AFH         LINE#         4988
  C:16AFH         LINE#         4989
  C:16B5H         LINE#         4990
BL51 BANKED LINKER/LOCATER V6.22                                                      08/13/2020  10:24:52  PAGE 28


  C:16B5H         LINE#         4991
  C:16E0H         LINE#         4992
  C:16F6H         LINE#         4993
  C:170CH         LINE#         4994
  C:171AH         LINE#         4997
  C:171DH         LINE#         4998
  C:171DH         LINE#         4999
  C:173DH         LINE#         5000
  C:1743H         LINE#         5001
  C:1743H         LINE#         5002
  C:1749H         LINE#         5003
  C:1749H         LINE#         5004
  C:1753H         LINE#         5005
  C:1769H         LINE#         5006
  C:177FH         LINE#         5007
  C:178AH         LINE#         5010
  C:178DH         LINE#         5011
  C:178DH         LINE#         5012
  C:17ADH         LINE#         5013
  C:17B3H         LINE#         5014
  C:17B3H         LINE#         5015
  C:17B9H         LINE#         5016
  C:17B9H         LINE#         5017
  C:17ECH         LINE#         5018
  C:1802H         LINE#         5019
  C:1818H         LINE#         5020
  C:1826H         LINE#         5021
  C:1828H         LINE#         5022
  -------         ENDPROC       DISPSCALEHOR1
  -------         PROC          DISPSCALEVER
  -------         DO            
  X:002DH         SYMBOL        i
  X:002FH         SYMBOL        j
  D:0002H         SYMBOL        k
  -------         ENDDO         
  C:226EH         LINE#         5024
  C:226EH         LINE#         5025
  C:226EH         LINE#         5094
  C:2271H         LINE#         5096
  C:2277H         LINE#         5097
  C:2277H         LINE#         5098
  C:227DH         LINE#         5099
  C:227DH         LINE#         5100
  C:2283H         LINE#         5101
  C:2299H         LINE#         5102
  C:22A0H         LINE#         5104
  C:22A3H         LINE#         5105
  C:22A3H         LINE#         5107
  C:22A9H         LINE#         5108
  C:22A9H         LINE#         5110
  C:22AFH         LINE#         5111
  C:22AFH         LINE#         5112
  C:22C1H         LINE#         5113
  C:22D7H         LINE#         5115
  C:22DDH         LINE#         5116
  C:22DDH         LINE#         5117
  C:2305H         LINE#         5118
BL51 BANKED LINKER/LOCATER V6.22                                                      08/13/2020  10:24:52  PAGE 29


  C:231BH         LINE#         5120
  C:2321H         LINE#         5121
  C:2321H         LINE#         5122
  C:2328H         LINE#         5123
  C:233EH         LINE#         5125
  C:2344H         LINE#         5126
  C:2344H         LINE#         5127
  C:2358H         LINE#         5128
  C:236EH         LINE#         5130
  C:2387H         LINE#         5132
  C:2395H         LINE#         5134
  -------         ENDPROC       DISPSCALEVER
  -------         PROC          DISPSCALEVER_RED
  -------         DO            
  X:0031H         SYMBOL        i
  X:0033H         SYMBOL        j
  D:0002H         SYMBOL        k
  -------         ENDDO         
  C:2E19H         LINE#         5136
  C:2E19H         LINE#         5137
  C:2E19H         LINE#         5140
  C:2E1CH         LINE#         5142
  C:2E1EH         LINE#         5144
  C:2E20H         LINE#         5147
  C:2E26H         LINE#         5148
  C:2E26H         LINE#         5149
  C:2E2CH         LINE#         5150
  C:2E2CH         LINE#         5151
  C:2E32H         LINE#         5152
  C:2E48H         LINE#         5153
  C:2E4FH         LINE#         5155
  C:2E52H         LINE#         5156
  C:2E52H         LINE#         5157
  C:2E58H         LINE#         5158
  C:2E58H         LINE#         5160
  C:2E5EH         LINE#         5161
  C:2E5EH         LINE#         5162
  C:2E70H         LINE#         5163
  C:2E86H         LINE#         5164
  C:2E9CH         LINE#         5166
  C:2EA7H         LINE#         5168
  C:2EA9H         LINE#         5169
  -------         ENDPROC       DISPSCALEVER_RED
  -------         PROC          DISPSCALEVER_GREEN
  -------         DO            
  X:0035H         SYMBOL        i
  X:0037H         SYMBOL        j
  D:0002H         SYMBOL        k
  -------         ENDDO         
  C:2BB2H         LINE#         5171
  C:2BB2H         LINE#         5172
  C:2BB2H         LINE#         5175
  C:2BB5H         LINE#         5177
  C:2BB7H         LINE#         5178
  C:2BB9H         LINE#         5181
  C:2BB9H         LINE#         5182
  C:2BB9H         LINE#         5183
BL51 BANKED LINKER/LOCATER V6.22                                                      08/13/2020  10:24:52  PAGE 30


  C:2BBFH         LINE#         5184
  C:2BBFH         LINE#         5185
  C:2BC5H         LINE#         5187
  C:2BDBH         LINE#         5188
  C:2BE6H         LINE#         5190
  C:2BE9H         LINE#         5191
  C:2BE9H         LINE#         5192
  C:2BEFH         LINE#         5193
  C:2BEFH         LINE#         5195
  C:2BF5H         LINE#         5196
  C:2BF5H         LINE#         5198
  C:2C16H         LINE#         5199
  C:2C2CH         LINE#         5200
  C:2C42H         LINE#         5202
  C:2C4DH         LINE#         5204
  C:2C4FH         LINE#         5205
  -------         ENDPROC       DISPSCALEVER_GREEN
  -------         PROC          DISPSCALEVER_BLUE
  -------         DO            
  X:0039H         SYMBOL        i
  X:003BH         SYMBOL        j
  D:0002H         SYMBOL        k
  -------         ENDDO         
  C:3056H         LINE#         5207
  C:3056H         LINE#         5208
  C:3056H         LINE#         5211
  C:3059H         LINE#         5213
  C:305BH         LINE#         5214
  C:305DH         LINE#         5217
  C:3063H         LINE#         5218
  C:3063H         LINE#         5219
  C:3069H         LINE#         5220
  C:3069H         LINE#         5221
  C:306FH         LINE#         5222
  C:3085H         LINE#         5223
  C:308CH         LINE#         5225
  C:308FH         LINE#         5226
  C:308FH         LINE#         5227
  C:3095H         LINE#         5228
  C:3095H         LINE#         5230
  C:309BH         LINE#         5231
  C:309BH         LINE#         5232
  C:30A2H         LINE#         5233
  C:30B8H         LINE#         5234
  C:30CEH         LINE#         5236
  C:30D9H         LINE#         5238
  C:30DBH         LINE#         5239
  -------         ENDPROC       DISPSCALEVER_BLUE
  -------         PROC          DISPSCALEVER_GRAY
  -------         DO            
  X:003DH         SYMBOL        i
  X:003FH         SYMBOL        j
  D:0002H         SYMBOL        k
  -------         ENDDO         
  C:2EAAH         LINE#         5241
  C:2EAAH         LINE#         5242
  C:2EAAH         LINE#         5245
BL51 BANKED LINKER/LOCATER V6.22                                                      08/13/2020  10:24:52  PAGE 31


  C:2EADH         LINE#         5247
  C:2EAFH         LINE#         5252
  C:2EB5H         LINE#         5253
  C:2EB5H         LINE#         5254
  C:2EBBH         LINE#         5255
  C:2EBBH         LINE#         5256
  C:2EC1H         LINE#         5258
  C:2ED7H         LINE#         5259
  C:2EDEH         LINE#         5261
  C:2EE1H         LINE#         5262
  C:2EE1H         LINE#         5263
  C:2EE7H         LINE#         5264
  C:2EE7H         LINE#         5266
  C:2EEDH         LINE#         5267
  C:2EEDH         LINE#         5268
  C:2F01H         LINE#         5269
  C:2F17H         LINE#         5270
  C:2F2DH         LINE#         5272
  C:2F38H         LINE#         5274
  C:2F3AH         LINE#         5275
  -------         ENDPROC       DISPSCALEVER_GRAY
  -------         PROC          DISPGRAYHOR16
  -------         DO            
  X:005CH         SYMBOL        i
  D:0002H         SYMBOL        j
  X:005EH         SYMBOL        k
  -------         ENDDO         
  C:2C50H         LINE#         5277
  C:2C50H         LINE#         5278
  C:2C50H         LINE#         5281
  C:2C53H         LINE#         5283
  C:2C55H         LINE#         5284
  C:2C57H         LINE#         5286
  C:2C5DH         LINE#         5287
  C:2C5DH         LINE#         5288
  C:2C66H         LINE#         5289
  C:2C66H         LINE#         5290
  C:2C6CH         LINE#         5291
  C:2C73H         LINE#         5293
  C:2C76H         LINE#         5294
  C:2C76H         LINE#         5295
  C:2C7CH         LINE#         5296
  C:2C7CH         LINE#         5297
  C:2CAEH         LINE#         5298
  C:2CC4H         LINE#         5299
  C:2CCFH         LINE#         5300
  C:2CE8H         LINE#         5302
  C:2CEAH         LINE#         5303
  -------         ENDPROC       DISPGRAYHOR16
  -------         PROC          DISPGRAYHOR32
  -------         DO            
  X:0041H         SYMBOL        i
  D:0002H         SYMBOL        j
  X:0043H         SYMBOL        k
  -------         ENDDO         
  C:31DFH         LINE#         5305
  C:31DFH         LINE#         5306
BL51 BANKED LINKER/LOCATER V6.22                                                      08/13/2020  10:24:52  PAGE 32


  C:31DFH         LINE#         5309
  C:31E2H         LINE#         5311
  C:31E4H         LINE#         5313
  C:31EAH         LINE#         5314
  C:31EAH         LINE#         5315
  C:31F3H         LINE#         5316
  C:31F3H         LINE#         5317
  C:31F9H         LINE#         5318
  C:3200H         LINE#         5320
  C:3203H         LINE#         5321
  C:3203H         LINE#         5322
  C:3209H         LINE#         5323
  C:3209H         LINE#         5324
  C:321DH         LINE#         5325
  C:3233H         LINE#         5326
  C:323EH         LINE#         5327
  C:3254H         LINE#         5329
  C:3256H         LINE#         5330
  -------         ENDPROC       DISPGRAYHOR32
  -------         PROC          DISPSCALEHOR2
  -------         DO            
  X:0045H         SYMBOL        j
  D:0002H         SYMBOL        k
  -------         ENDDO         
  C:1829H         LINE#         5332
  C:1829H         LINE#         5333
  C:1829H         LINE#         5336
  C:182CH         LINE#         5338
  C:182CH         LINE#         5339
  C:182CH         LINE#         5340
  C:1832H         LINE#         5341
  C:184FH         LINE#         5342
  C:185AH         LINE#         5343
  C:185DH         LINE#         5344
  C:185DH         LINE#         5345
  C:1863H         LINE#         5346
  C:1880H         LINE#         5347
  C:188BH         LINE#         5348
  C:188EH         LINE#         5349
  C:188EH         LINE#         5350
  C:1894H         LINE#         5351
  C:18B1H         LINE#         5352
  C:18BCH         LINE#         5353
  C:18BFH         LINE#         5354
  C:18BFH         LINE#         5355
  C:18C5H         LINE#         5356
  C:18E2H         LINE#         5357
  C:18EDH         LINE#         5358
  C:18F0H         LINE#         5359
  C:18F0H         LINE#         5360
  C:18F6H         LINE#         5361
  C:1913H         LINE#         5362
  C:191EH         LINE#         5363
  C:1921H         LINE#         5364
  C:1921H         LINE#         5365
  C:1927H         LINE#         5366
  C:1944H         LINE#         5367
BL51 BANKED LINKER/LOCATER V6.22                                                      08/13/2020  10:24:52  PAGE 33


  C:194FH         LINE#         5368
  C:1952H         LINE#         5369
  C:1952H         LINE#         5370
  C:1958H         LINE#         5371
  C:1975H         LINE#         5372
  C:1980H         LINE#         5373
  C:1983H         LINE#         5374
  C:1983H         LINE#         5375
  C:1989H         LINE#         5376
  C:19A5H         LINE#         5377
  C:19B0H         LINE#         5378
  C:19B9H         LINE#         5379
  C:19B9H         LINE#         5380
  C:19BFH         LINE#         5381
  C:19DBH         LINE#         5382
  C:19E2H         LINE#         5384
  -------         ENDPROC       DISPSCALEHOR2
  -------         PROC          _TOORD
  D:0007H         SYMBOL        ch
  C:3482H         LINE#         5489
  C:3482H         LINE#         5490
  C:3482H         LINE#         5491
  C:3488H         LINE#         5492
  C:3488H         LINE#         5493
  C:348AH         LINE#         5494
  C:348CH         LINE#         5495
  C:3498H         LINE#         5496
  C:3498H         LINE#         5497
  C:349CH         LINE#         5498
  C:349EH         LINE#         5499
  C:34AAH         LINE#         5500
  C:34AAH         LINE#         5501
  C:34AEH         LINE#         5502
  C:34B0H         LINE#         5503
  C:34BCH         LINE#         5504
  C:34BCH         LINE#         5505
  C:34C0H         LINE#         5506
  C:34C2H         LINE#         5507
  C:34CEH         LINE#         5508
  C:34CEH         LINE#         5509
  C:34D2H         LINE#         5510
  C:34D4H         LINE#         5511
  C:34DAH         LINE#         5512
  C:34DAH         LINE#         5513
  C:34DCH         LINE#         5514
  C:34DCH         LINE#         5516
  C:34DCH         LINE#         5517
  -------         ENDPROC       _TOORD
  C:2780H         SYMBOL        L?0439
  C:2798H         SYMBOL        L?0440
  -------         PROC          L?0438
  -------         ENDPROC       L?0438
  C:2780H         SYMBOL        L?0439
  C:2798H         SYMBOL        L?0440
  -------         PROC          _DISPONECHAR
  X:0070H         SYMBOL        ord
  D:0006H         SYMBOL        Xstart
BL51 BANKED LINKER/LOCATER V6.22                                                      08/13/2020  10:24:52  PAGE 34


  D:0002H         SYMBOL        Ystart
  X:0075H         SYMBOL        TextColor
  X:0077H         SYMBOL        BackColor
  -------         DO            
  X:0079H         SYMBOL        i
  D:0002H         SYMBOL        j
  X:007AH         SYMBOL        p
  D:0003H         SYMBOL        dat
  D:0006H         SYMBOL        index
  -------         ENDDO         
  C:27A8H         LINE#         5519
  C:27B0H         LINE#         5520
  C:27B0H         LINE#         5526
  C:27CAH         LINE#         5528
  C:27D0H         LINE#         5530
  C:27D8H         LINE#         5531
  C:27DAH         LINE#         5533
  C:27E8H         LINE#         5535
  C:27F5H         LINE#         5536
  C:27FCH         LINE#         5538
  C:2800H         LINE#         5539
  C:2800H         LINE#         5540
  C:2815H         LINE#         5541
  C:2817H         LINE#         5542
  C:2817H         LINE#         5543
  C:2824H         LINE#         5544
  C:2824H         LINE#         5545
  C:2826H         LINE#         5546
  C:2828H         LINE#         5548
  C:2828H         LINE#         5549
  C:2832H         LINE#         5550
  C:2832H         LINE#         5551
  C:2837H         LINE#         5552
  C:2842H         LINE#         5553
  -------         ENDPROC       _DISPONECHAR
  -------         PROC          _DISPSTR
  X:0065H         SYMBOL        str
  X:0068H         SYMBOL        Xstart
  X:006AH         SYMBOL        Ystart
  X:006CH         SYMBOL        TextColor
  X:006EH         SYMBOL        BackColor
  C:2D83H         LINE#         5555
  C:2D93H         LINE#         5556
  C:2D93H         LINE#         5558
  C:2DA8H         LINE#         5559
  C:2DA8H         LINE#         5560
  C:2DE3H         LINE#         5562
  C:2DEFH         LINE#         5563
  C:2DEFH         LINE#         5564
  C:2DF3H         LINE#         5565
  C:2DF8H         LINE#         5566
  C:2DFAH         LINE#         5568
  C:2DFAH         LINE#         5569
  C:2E05H         LINE#         5570
  C:2E05H         LINE#         5572
  C:2E11H         LINE#         5573
  C:2E11H         LINE#         5574
BL51 BANKED LINKER/LOCATER V6.22                                                      08/13/2020  10:24:52  PAGE 35


  C:2E15H         LINE#         5575
  C:2E15H         LINE#         5576
  C:2E18H         LINE#         5578
  -------         ENDPROC       _DISPSTR
  -------         PROC          _DISPINT
[...]
  C:12E2H         LINE#         315
  C:12E2H         LINE#         316
  C:12E8H         LINE#         317
  C:12F7H         LINE#         318
  C:12F7H         LINE#         319
  C:12FCH         LINE#         320
  C:12FFH         LINE#         321
  C:130EH         LINE#         322
  C:130EH         LINE#         323
  C:1323H         LINE#         324
  C:1328H         LINE#         325
  C:1330H         LINE#         326
  C:133AH         LINE#         327
  C:1348H         LINE#         328
  C:1356H         LINE#         329
  C:1358H         LINE#         331
  C:1358H         LINE#         332
  C:135DH         LINE#         333
  C:1360H         LINE#         334
  C:1378H         LINE#         335
  C:1378H         LINE#         336
  C:1391H         LINE#         337
  C:1396H         LINE#         338
  C:139EH         LINE#         339
  C:13A5H         LINE#         340
  C:13AAH         LINE#         341
  C:13AAH         LINE#         342
  C:13BEH         LINE#         343
  C:13BEH         LINE#         344
  C:13C5H         LINE#         345
  C:13CAH         LINE#         346
  C:13CAH         LINE#         347
  C:13D8H         LINE#         348
  C:13D8H         LINE#         349
  -------         ENDPROC       USBXCORE_HANDLE_SETUP
  -------         PROC          USBXCORE_FORCE_STALL
  C:3961H         LINE#         356
  C:3961H         LINE#         358
  C:396CH         LINE#         359
  C:3977H         LINE#         360
  C:397DH         LINE#         361
  -------         ENDPROC       USBXCORE_FORCE_STALL
  -------         PROC          USBXCORE_GET_STATUS
  C:333FH         LINE#         367
  C:333FH         LINE#         369
  C:334EH         LINE#         370
  C:334EH         LINE#         371
BL51 BANKED LINKER/LOCATER V6.22                                                      08/13/2020  10:24:52  PAGE 43


  C:334EH         LINE#         372
  C:334EH         LINE#         373
  C:334EH         LINE#         374
  C:3350H         LINE#         375
  C:3350H         LINE#         379
  C:3350H         LINE#         381
  C:335EH         LINE#         385
  C:335EH         LINE#         386
  C:335EH         LINE#         387
  C:335EH         LINE#         388
  C:3360H         LINE#         390
  C:3360H         LINE#         392
  C:336EH         LINE#         396
  C:336EH         LINE#         397
  C:337BH         LINE#         398
  C:337BH         LINE#         399
  C:337DH         LINE#         401
  C:337DH         LINE#         402
  C:338BH         LINE#         403
  C:3394H         LINE#         404
  C:3394H         LINE#         405
  C:3394H         LINE#         406
  C:3396H         LINE#         407
  C:3396H         LINE#         408
  C:3399H         LINE#         409
  C:3399H         LINE#         410
  C:3399H         LINE#         411
  C:33A1H         LINE#         412
  C:33A1H         LINE#         413
  C:33A4H         LINE#         414
  C:33AAH         LINE#         415
  C:33B1H         LINE#         416
  C:33B1H         LINE#         417
  -------         ENDPROC       USBXCORE_GET_STATUS
  -------         PROC          USBXCORE_CLEAR_FEATURE
  C:3537H         LINE#         423
  C:3537H         LINE#         425
  C:353DH         LINE#         426
  C:353DH         LINE#         428
  C:3544H         LINE#         429
  C:3544H         LINE#         430
  C:354FH         LINE#         436
  C:355AH         LINE#         437
  C:355FH         LINE#         438
  C:3561H         LINE#         440
  C:3561H         LINE#         442
  C:356CH         LINE#         446
  C:3577H         LINE#         447
  C:357CH         LINE#         448
  C:357CH         LINE#         449
  C:357EH         LINE#         451
  C:357EH         LINE#         452
  C:3581H         LINE#         453
  C:3581H         LINE#         454
  C:358CH         LINE#         455
  -------         ENDPROC       USBXCORE_CLEAR_FEATURE
  -------         PROC          USBXCORE_VENDOR_USB_API
BL51 BANKED LINKER/LOCATER V6.22                                                      08/13/2020  10:24:52  PAGE 44


  C:26ABH         LINE#         462
  C:26ABH         LINE#         464
  C:26B5H         LINE#         465
  C:26B5H         LINE#         466
  C:26BCH         LINE#         467
  C:26BCH         LINE#         468
  C:26BFH         LINE#         469
  C:26C2H         LINE#         470
  C:26C4H         LINE#         472
  C:26C4H         LINE#         473
  C:26CBH         LINE#         474
  C:26CBH         LINE#         477
  C:26D6H         LINE#         482
  C:26E1H         LINE#         483
  C:26ECH         LINE#         485
  C:26ECH         LINE#         486
  C:26FFH         LINE#         487
  C:26FFH         LINE#         488
  C:2703H         LINE#         489
  C:270EH         LINE#         491
  C:270EH         LINE#         492
  C:2721H         LINE#         493
  C:2721H         LINE#         494
  C:2725H         LINE#         495
  C:2730H         LINE#         497
  C:2736H         LINE#         498
  C:273EH         LINE#         499
  C:273EH         LINE#         500
  C:2741H         LINE#         501
  C:2741H         LINE#         502
  C:2741H         LINE#         503
  C:274CH         LINE#         504
  C:274CH         LINE#         505
  C:2752H         LINE#         506
  C:2759H         LINE#         507
  C:2759H         LINE#         508
  C:275DH         LINE#         509
  C:275DH         LINE#         510
  C:2763H         LINE#         511
  C:276AH         LINE#         512
  C:276AH         LINE#         513
  C:2775H         LINE#         514
  -------         ENDPROC       USBXCORE_VENDOR_USB_API
  -------         PROC          USBXCORE_SET_FEATURE
  C:358FH         LINE#         521
  C:358FH         LINE#         523
  C:3595H         LINE#         524
  C:3595H         LINE#         526
  C:359CH         LINE#         527
  C:359CH         LINE#         528
  C:35A7H         LINE#         534
  C:35B2H         LINE#         535
  C:35B5H         LINE#         536
  C:35B7H         LINE#         538
  C:35B7H         LINE#         540
  C:35C2H         LINE#         544
  C:35CDH         LINE#         545
BL51 BANKED LINKER/LOCATER V6.22                                                      08/13/2020  10:24:52  PAGE 45


  C:35D3H         LINE#         546
  C:35D3H         LINE#         548
  C:35D5H         LINE#         550
  C:35D5H         LINE#         551
  C:35D8H         LINE#         552
  C:35D8H         LINE#         553
  C:35E3H         LINE#         554
  -------         ENDPROC       USBXCORE_SET_FEATURE
  -------         PROC          USBXCORE_SET_ADDRESS
  C:3922H         LINE#         561
  C:3922H         LINE#         563
  C:3931H         LINE#         564
  C:3937H         LINE#         565
  C:3937H         LINE#         566
  C:393AH         LINE#         567
  C:393CH         LINE#         569
  C:393CH         LINE#         570
  C:393FH         LINE#         571
  C:393FH         LINE#         572
  -------         ENDPROC       USBXCORE_SET_ADDRESS
  -------         PROC          USBXCORE_GET_DESCRIPTOR
  C:29ADH         LINE#         579
  C:29ADH         LINE#         580
  C:29BCH         LINE#         581
  C:29BCH         LINE#         582
  C:29BCH         LINE#         583
  C:29CAH         LINE#         584
  C:29CEH         LINE#         585
  C:29D0H         LINE#         586
  C:29D0H         LINE#         587
  C:29DEH         LINE#         588
  C:29F1H         LINE#         589
  C:29F3H         LINE#         590
  C:29F3H         LINE#         591
  C:2A17H         LINE#         592
  C:2A23H         LINE#         593
  C:2A25H         LINE#         594
  C:2A25H         LINE#         595
  C:2A28H         LINE#         596
  C:2A28H         LINE#         597
  C:2A28H         LINE#         598
  C:2A3EH         LINE#         599
  C:2A3EH         LINE#         600
  C:2A46H         LINE#         601
  C:2A46H         LINE#         602
  C:2A4EH         LINE#         603
  C:2A4EH         LINE#         604
  C:2A51H         LINE#         605
  C:2A57H         LINE#         606
  C:2A5EH         LINE#         607
  C:2A5EH         LINE#         608
  -------         ENDPROC       USBXCORE_GET_DESCRIPTOR
  -------         PROC          USBXCORE_GET_CONFIGURATION
  C:3726H         LINE#         614
  C:3726H         LINE#         616
  C:372EH         LINE#         617
  C:372EH         LINE#         618
BL51 BANKED LINKER/LOCATER V6.22                                                      08/13/2020  10:24:52  PAGE 46


  C:373AH         LINE#         619
  C:3742H         LINE#         620
  C:3742H         LINE#         621
  C:3746H         LINE#         622
  C:3746H         LINE#         623
  C:3754H         LINE#         624
  C:375CH         LINE#         625
  C:375CH         LINE#         626
  C:375FH         LINE#         627
  C:3765H         LINE#         628
  C:376CH         LINE#         629
  -------         ENDPROC       USBXCORE_GET_CONFIGURATION
  -------         PROC          USBXCORE_SET_CONFIGURATION
  C:34DDH         LINE#         635
  C:34DDH         LINE#         637
  C:34E6H         LINE#         638
  C:34E6H         LINE#         639
  C:34EDH         LINE#         640
  C:34F3H         LINE#         641
  C:34F8H         LINE#         642
  C:34FAH         LINE#         644
  C:3505H         LINE#         645
  C:3510H         LINE#         646
  C:351BH         LINE#         653
  C:3526H         LINE#         654
  C:3528H         LINE#         656
  C:3528H         LINE#         657
  C:352EH         LINE#         658
  C:3532H         LINE#         659
  C:3534H         LINE#         660
  C:3534H         LINE#         661
  -------         ENDPROC       USBXCORE_SET_CONFIGURATION
  -------         PROC          USBXCORE_GET_INTERFACE
  C:3893H         LINE#         668
  C:3893H         LINE#         670
  C:38A1H         LINE#         671
  C:38A9H         LINE#         672
  C:38ACH         LINE#         673
  C:38B2H         LINE#         674
  C:38B9H         LINE#         675
  -------         ENDPROC       USBXCORE_GET_INTERFACE
  -------         PROC          USBXCORE_SET_SOP
  C:39DBH         LINE#         682
  C:39DBH         LINE#         684
  C:39E3H         LINE#         685
  C:39E3H         LINE#         686
  C:39EEH         LINE#         687
  C:39EEH         LINE#         688
  -------         ENDPROC       USBXCORE_SET_SOP
  -------         PROC          USBXCORE_USB_ISR
  C:1EABH         LINE#         699
  C:1EC8H         LINE#         702
  C:1ECEH         LINE#         703
  C:1EE1H         LINE#         706
  C:1EF4H         LINE#         709
  C:1EF8H         LINE#         710
  C:1EF8H         LINE#         711
BL51 BANKED LINKER/LOCATER V6.22                                                      08/13/2020  10:24:52  PAGE 47


  C:1F03H         LINE#         712
  C:1F03H         LINE#         714
  C:1F0AH         LINE#         715
  C:1F0AH         LINE#         716
  C:1F0DH         LINE#         717
  C:1F0DH         LINE#         719
  C:1F14H         LINE#         720
  C:1F14H         LINE#         721
  C:1F21H         LINE#         722
  C:1F21H         LINE#         723
  C:1F28H         LINE#         724
  C:1F28H         LINE#         725
  C:1F28H         LINE#         727
  C:1F28H         LINE#         728
  C:1F28H         LINE#         730
  C:1F28H         LINE#         732
  C:1F3BH         LINE#         734
  C:1F3FH         LINE#         735
  C:1F3FH         LINE#         736
  C:1F42H         LINE#         737
  C:1F42H         LINE#         740
  C:1F49H         LINE#         741
  C:1F49H         LINE#         742
  C:1F54H         LINE#         748
  C:1F67H         LINE#         749
  C:1F6CH         LINE#         750
  C:1F6CH         LINE#         751
  C:1F73H         LINE#         752
  C:1F73H         LINE#         754
  C:1F73H         LINE#         756
  C:1F86H         LINE#         759
  C:1F8AH         LINE#         760
  C:1F8AH         LINE#         761
  C:1F95H         LINE#         767
  C:1FA8H         LINE#         768
  C:1FACH         LINE#         769
  C:1FACH         LINE#         770
  C:1FB3H         LINE#         771
  C:1FB3H         LINE#         772
  C:1FB3H         LINE#         775
  C:1FC1H         LINE#         776
  C:1FC6H         LINE#         777
  C:1FCCH         LINE#         778
  C:1FD1H         LINE#         781
  C:1FDEH         LINE#         782
  C:1FDEH         LINE#         783
  C:1FE1H         LINE#         784
  C:1FE1H         LINE#         785
  -------         ENDPROC       USBXCORE_USB_ISR
  -------         ENDMOD        USB_API

  -------         MODULE        USB_SUSPEND
  C:0000H         SYMBOL        _ICE_DUMMY_
  D:00D7H         PUBLIC        USB0XCN
  D:00C9H         PUBLIC        REG0CN
  C:3841H         PUBLIC        USB_Suspend
  D:00A9H         PUBLIC        CLKSEL
BL51 BANKED LINKER/LOCATER V6.22                                                      08/13/2020  10:24:52  PAGE 48


  D:00B2H         PUBLIC        OSCICN
  D:00B9H         PUBLIC        CLKMUL
  -------         PROC          USB_SUSPEND
  C:3841H         LINE#         70
  C:3841H         LINE#         72
  C:3844H         LINE#         74
  C:3847H         LINE#         76
  C:384FH         LINE#         79
  C:3852H         LINE#         80
  C:3855H         LINE#         81
  C:3858H         LINE#         82
  C:385BH         LINE#         84
  C:385CH         LINE#         86
  C:385FH         LINE#         88
  C:3865H         LINE#         92
  C:3868H         LINE#         94
  C:386BH         LINE#         95
  -------         ENDPROC       USB_SUSPEND
  -------         ENDMOD        USB_SUSPEND

  -------         MODULE        USB_INT_ENABLE
  C:0000H         SYMBOL        _ICE_DUMMY_
  C:3997H         PUBLIC        USB_Int_Enable
  D:0096H         PUBLIC        USB0ADR
  D:0097H         PUBLIC        USB0DAT
  -------         PROC          USB_INT_ENABLE
  C:3997H         LINE#         68
  C:3997H         LINE#         71
  C:399EH         LINE#         73
  C:39A4H         LINE#         74
  C:39A4H         LINE#         75
  C:39AFH         LINE#         77
  C:39AFH         LINE#         78
  -------         ENDPROC       USB_INT_ENABLE
  -------         ENDMOD        USB_INT_ENABLE

  -------         MODULE        USB_CLOCK_RECOVERY
  C:0000H         SYMBOL        _ICE_DUMMY_
  C:3A21H         PUBLIC        USBXcore_ClkRec
  D:0096H         PUBLIC        USB0ADR
  D:0097H         PUBLIC        USB0DAT
  -------         PROC          USBXCORE_CLKREC
  C:3A21H         LINE#         45
  C:3A21H         LINE#         47
  C:3A2CH         LINE#         48
  -------         ENDPROC       USBXCORE_CLKREC
  -------         ENDMOD        USB_CLOCK_RECOVERY

  -------         MODULE        ?C?FPMUL
  C:0C99H         PUBLIC        ?C?FPMUL
  -------         ENDMOD        ?C?FPMUL

  -------         MODULE        ?C?FCAST
  C:0DA9H         PUBLIC        ?C?FCASTC
  C:0DA4H         PUBLIC        ?C?FCASTI
  C:0D9FH         PUBLIC        ?C?FCASTL
  -------         ENDMOD        ?C?FCAST
BL51 BANKED LINKER/LOCATER V6.22                                                      08/13/2020  10:24:52  PAGE 49



  -------         MODULE        ?C?CASTF
  C:0DDDH         PUBLIC        ?C?CASTF
  -------         ENDMOD        ?C?CASTF

  -------         MODULE        ?C?COPY
  C:0F2EH         PUBLIC        ?C?COPY
  -------         ENDMOD        ?C?COPY

  -------         MODULE        ?C?CLDPTR
  C:0F54H         PUBLIC        ?C?CLDPTR
  -------         ENDMOD        ?C?CLDPTR

  -------         MODULE        ?C?CLDOPTR
  C:0F6DH         PUBLIC        ?C?CLDOPTR
  -------         ENDMOD        ?C?CLDOPTR

  -------         MODULE        ?C?IMUL
  C:0F9AH         PUBLIC        ?C?IMUL
  -------         ENDMOD        ?C?IMUL

  -------         MODULE        ?C?IILDX
  C:0FACH         PUBLIC        ?C?IILDX
  -------         ENDMOD        ?C?IILDX

  -------         MODULE        ?C?LMUL
  C:0FC2H         PUBLIC        ?C?LMUL
  -------         ENDMOD        ?C?LMUL

  -------         MODULE        ?C?ULDIV
  C:104DH         PUBLIC        ?C?ULDIV
  -------         ENDMOD        ?C?ULDIV

  -------         MODULE        ?C?LNEG
  C:10DFH         PUBLIC        ?C?LNEG
  -------         ENDMOD        ?C?LNEG

  -------         MODULE        ?C?ULCMP
  C:10EDH         PUBLIC        ?C?ULCMP
  -------         ENDMOD        ?C?ULCMP

  -------         MODULE        ?C?ULSHR
  C:10FEH         PUBLIC        ?C?ULSHR
  -------         ENDMOD        ?C?ULSHR

  -------         MODULE        ?C?LSHL
  C:1111H         PUBLIC        ?C?LSHL
  -------         ENDMOD        ?C?LSHL

  -------         MODULE        ?C?LLDIPDATA
  C:112DH         PUBLIC        ?C?LLDIPDATA
  C:1124H         PUBLIC        ?C?LLDIPDATA1
  C:1126H         PUBLIC        ?C?LLDIPDATA8
  -------         ENDMOD        ?C?LLDIPDATA

  -------         MODULE        ?C?LSTXDATA
  C:1144H         PUBLIC        ?C?LSTXDATA
BL51 BANKED LINKER/LOCATER V6.22                                                      08/13/2020  10:24:52  PAGE 50


  -------         ENDMOD        ?C?LSTXDATA

  -------         MODULE        ?C?LSTPDATA
  C:1150H         PUBLIC        ?C?LSTPDATA
  -------         ENDMOD        ?C?LSTPDATA

  -------         MODULE        ?C?LSTKXDATA
  C:115CH         PUBLIC        ?C?LSTKXDATA
  -------         ENDMOD        ?C?LSTKXDATA

  -------         MODULE        ?C?LSTKPDATA
  C:118DH         PUBLIC        ?C?LSTKPDATA
  -------         ENDMOD        ?C?LSTKPDATA

  -------         MODULE        ?C_PBP
  D:0008H         PUBLIC        ?C_PBP
  -------         ENDMOD        ?C_PBP

*** WARNING L14: INCOMPATIBLE MEMORY MODEL
    MODULE:  .\USBX_F34X.LIB (USB_API)
    MODEL:   SMALL

*** WARNING L14: INCOMPATIBLE MEMORY MODEL
    MODULE:  .\USBX_F34X.LIB (USB_SUSPEND)
    MODEL:   SMALL

*** WARNING L14: INCOMPATIBLE MEMORY MODEL
    MODULE:  .\USBX_F34X.LIB (USB_INT_ENABLE)
    MODEL:   SMALL

*** WARNING L14: INCOMPATIBLE MEMORY MODEL
    MODULE:  .\USBX_F34X.LIB (USB_CLOCK_RECOVERY)
    MODEL:   SMALL

*** WARNING L16: UNCALLED SEGMENT, IGNORED FOR OVERLAY PROCESS
    SEGMENT: ?PR?SD_INIT?MMC_SD

*** WARNING L16: UNCALLED SEGMENT, IGNORED FOR OVERLAY PROCESS
    SEGMENT: ?PR?_LCD_READ_IC_ID?LCD

*** WARNING L16: UNCALLED SEGMENT, IGNORED FOR OVERLAY PROCESS
    SEGMENT: ?PR?_DISPPICFROMSD?LCD

*** WARNING L16: UNCALLED SEGMENT, IGNORED FOR OVERLAY PROCESS
    SEGMENT: ?PR?DISPSCALEHOR1?LCD

*** WARNING L16: UNCALLED SEGMENT, IGNORED FOR OVERLAY PROCESS
    SEGMENT: ?PR?DISPSCALEVER?LCD

*** WARNING L16: UNCALLED SEGMENT, IGNORED FOR OVERLAY PROCESS
    SEGMENT: ?PR?DISPSCALEVER_RED?LCD

*** WARNING L16: UNCALLED SEGMENT, IGNORED FOR OVERLAY PROCESS
    SEGMENT: ?PR?DISPSCALEVER_GREEN?LCD

*** WARNING L16: UNCALLED SEGMENT, IGNORED FOR OVERLAY PROCESS
    SEGMENT: ?PR?DISPSCALEVER_BLUE?LCD
BL51 BANKED LINKER/LOCATER V6.22                                                      08/13/2020  10:24:52  PAGE 51



*** WARNING L16: UNCALLED SEGMENT, IGNORED FOR OVERLAY PROCESS
    SEGMENT: ?PR?DISPSCALEVER_GRAY?LCD

*** WARNING L16: UNCALLED SEGMENT, IGNORED FOR OVERLAY PROCESS
    SEGMENT: ?PR?DISPGRAYHOR32?LCD

*** WARNING L16: UNCALLED SEGMENT, IGNORED FOR OVERLAY PROCESS
    SEGMENT: ?PR?DISPSCALEHOR2?LCD

*** WARNING L16: UNCALLED SEGMENT, IGNORED FOR OVERLAY PROCESS
    SEGMENT: ?PR?_DRAWGIRD?LCD

*** WARNING L15: MULTIPLE CALL TO SEGMENT
    SEGMENT: ?PR?_WRITECOMM?LCD
    CALLER1: ?PR?USB_API_TEST_ISR?MAIN
    CALLER2: ?C_C51STARTUP

*** WARNING L15: MULTIPLE CALL TO SEGMENT
    SEGMENT: ?PR?_WRITEDATA?LCD
    CALLER1: ?PR?USB_API_TEST_ISR?MAIN
    CALLER2: ?C_C51STARTUP

Program Size: data=10.0 xdata=1222 code=14909
LINK/LOCATE RUN COMPLETE.  18 WARNING(S),  0 ERROR(S)
