BL51 BANKED LINKER/LOCATER V6.22                                                        09/15/2021  14:08:59  PAGE 1


BL51 BANKED LINKER/LOCATER V6.22, INVOKED BY:
D:\KEIL C51\C51\BIN\BL51.EXE main.obj, mmc_sd.obj, lcd.obj, tp.obj, .\USBX_F34X.LIB TO ST7789V_HSD17_IPS_3W2L RAMSIZE (2
>> 56)


MEMORY MODEL: COMPACT WITH FLOATING POINT ARITHMETIC


INPUT MODULES INCLUDED:
  main.obj (MAIN)
  mmc_sd.obj (MMC_SD)
  lcd.obj (LCD)
  tp.obj (TP)
  .\USBX_F34X.LIB (USB_API)
  .\USBX_F34X.LIB (USB_CLOCK_START)
  .\USBX_F34X.LIB (USB_SUSPEND)
  .\USBX_F34X.LIB (GET_INTERRUPT_SOURCE)
  .\USBX_F34X.LIB (BLOCK_READ)
  .\USBX_F34X.LIB (BLOCK_WRITE)
  .\USBX_F34X.LIB (USB_INT_ENABLE)
  .\USBX_F34X.LIB (USB_CLOCK_RECOVERY)
  .\USBX_F34X.LIB (USB_JUMP_ISR)
  D:\KEIL C51\C51\LIB\C51FPC.LIB (?C?FPMUL)
  D:\KEIL C51\C51\LIB\C51FPC.LIB (?C?FCAST)
  D:\KEIL C51\C51\LIB\C51FPC.LIB (?C?CASTF)
  D:\KEIL C51\C51\LIB\C51FPC.LIB (?C?FPGETOPN)
  D:\KEIL C51\C51\LIB\C51C.LIB (?C_STARTUP)
  D:\KEIL C51\C51\LIB\C51C.LIB (?C?COPY)
  D:\KEIL C51\C51\LIB\C51C.LIB (?C?CLDPTR)
  D:\KEIL C51\C51\LIB\C51C.LIB (?C?CLDOPTR)
  D:\KEIL C51\C51\LIB\C51C.LIB (?C?IMUL)
  D:\KEIL C51\C51\LIB\C51C.LIB (?C?IILDX)
  D:\KEIL C51\C51\LIB\C51C.LIB (?C?ILDOPTR)
  D:\KEIL C51\C51\LIB\C51C.LIB (?C?LMUL)
  D:\KEIL C51\C51\LIB\C51C.LIB (?C?ULDIV)
  D:\KEIL C51\C51\LIB\C51C.LIB (?C?LNEG)
  D:\KEIL C51\C51\LIB\C51C.LIB (?C?ULCMP)
  D:\KEIL C51\C51\LIB\C51C.LIB (?C?ULSHR)
  D:\KEIL C51\C51\LIB\C51C.LIB (?C?LSHL)
  D:\KEIL C51\C51\LIB\C51C.LIB (?C?LLDIPDATA)
  D:\KEIL C51\C51\LIB\C51C.LIB (?C?LSTXDATA)
  D:\KEIL C51\C51\LIB\C51C.LIB (?C?LSTPDATA)
  D:\KEIL C51\C51\LIB\C51C.LIB (?C?LSTKXDATA)
  D:\KEIL C51\C51\LIB\C51C.LIB (?C?LSTKPDATA)
  D:\KEIL C51\C51\LIB\C51C.LIB (?C_PBP)
  D:\KEIL C51\C51\LIB\C51C.LIB (?C_INIT)


LINK MAP OF MODULE:  ST7789V_HSD17_IPS_3W2L (MAIN)


            TYPE    BASE      LENGTH    RELOCATION   SEGMENT NAME
            -----------------------------------------------------

            * * * * * * *   D A T A   M E M O R Y   * * * * * * *
            REG     0000H     0008H     ABSOLUTE     "REG BANK 0"
            DATA    0008H     0001H     UNIT         ?C?LIB_DATA
            IDATA   0009H     0001H     UNIT         ?STACK
BL51 BANKED LINKER/LOCATER V6.22                                                      09/15/2021  14:08:59  PAGE 2



            * * * * * * *  X D A T A   M E M O R Y  * * * * * * *
            XDATA   0000H     0010H     INPAGE       ?PD?MAIN
            XDATA   0010H     0004H     INPAGE       ?PD?_MMC_SD_READSINGLEBLOCK?MMC_SD
            XDATA   0014H     0005H     INPAGE       ?PD?DISPBAND?LCD
            XDATA   0019H     0005H     INPAGE       ?PD?_DISPPIC?LCD
            XDATA   001EH     000DH     INPAGE       ?PD?_DISPPICFROMSD?LCD
            XDATA   002BH     0004H     INPAGE       ?PD?DISPSCALEHOR1?LCD
            XDATA   002FH     0004H     INPAGE       ?PD?DISPSCALEVER?LCD
            XDATA   0033H     0004H     INPAGE       ?PD?DISPSCALEVER_RED?LCD
            XDATA   0037H     0004H     INPAGE       ?PD?DISPSCALEVER_GREEN?LCD
            XDATA   003BH     0004H     INPAGE       ?PD?DISPSCALEVER_BLUE?LCD
            XDATA   003FH     0004H     INPAGE       ?PD?DISPSCALEVER_GRAY?LCD
            XDATA   0043H     0004H     INPAGE       ?PD?DISPGRAYHOR32?LCD
            XDATA   0047H     0002H     INPAGE       ?PD?DISPSCALEHOR2?LCD
            XDATA   0049H     000CH     INPAGE       ?PD?_DRAWLINE?LCD
            XDATA   0055H     0004H     INPAGE       ?PD?_DRAWGIRD?LCD
            XDATA   0059H     0002H     INPAGE       ?PD?LCD
            XDATA   005BH     0026H     INPAGE       _PDATA_GROUP_
            XDATA   0081H     0200H     UNIT         ?XD?MMC_SD
            XDATA   0281H     0058H     UNIT         _XDATA_GROUP_
            XDATA   02D9H     0040H     UNIT         ?XD?MAIN
                    0319H     0327H                  *** GAP ***
            XDATA   0640H     0100H     ABSOLUTE     
            XDATA   0740H     0012H     ABSOLUTE     
            XDATA   0752H     0020H     ABSOLUTE     
            XDATA   0772H     000CH     ABSOLUTE     
            XDATA   077EH     0008H     ABSOLUTE     
            XDATA   0786H     0001H     ABSOLUTE     
            XDATA   0787H     0003H     ABSOLUTE     
            XDATA   078AH     0002H     ABSOLUTE     
            XDATA   078CH     0002H     ABSOLUTE     
            XDATA   078EH     0003H     ABSOLUTE     
            XDATA   0791H     0001H     ABSOLUTE     
            XDATA   0792H     0001H     ABSOLUTE     
            XDATA   0793H     0001H     ABSOLUTE     
            XDATA   0794H     0001H     ABSOLUTE     
            XDATA   0795H     0002H     ABSOLUTE     
            XDATA   0797H     0002H     ABSOLUTE     
            XDATA   0799H     0001H     ABSOLUTE     
            XDATA   079AH     0001H     ABSOLUTE     
            XDATA   079BH     0001H     ABSOLUTE     
            XDATA   079CH     0001H     ABSOLUTE     
            XDATA   079DH     0001H     ABSOLUTE     
            XDATA   079EH     0001H     ABSOLUTE     
            XDATA   079FH     0002H     ABSOLUTE     
            XDATA   07A1H     0001H     ABSOLUTE     
            XDATA   07A2H     0001H     ABSOLUTE     
            XDATA   07A3H     000CH     ABSOLUTE     
                    07AFH     0011H                  *** GAP ***
            XDATA   07C0H     0040H     ABSOLUTE     

            * * * * * * *   C O D E   M E M O R Y   * * * * * * *
            CODE    0000H     0003H     ABSOLUTE     
            CODE    0003H     003AH     UNIT         ?CO?USB_API
            CODE    003DH     0003H     UNIT         ?PR?SUSPEND_DEVICE?MAIN
                    0040H     0003H                  *** GAP ***
BL51 BANKED LINKER/LOCATER V6.22                                                      09/15/2021  14:08:59  PAGE 3


            CODE    0043H     0003H     ABSOLUTE     
            CODE    0046H     0044H     UNIT         ?PR?_DISPCOLOR?LCD
                    008AH     0001H                  *** GAP ***
            CODE    008BH     0003H     ABSOLUTE     
            CODE    008EH     060DH     UNIT         ?PR?CONNTOUSB?MAIN
            CODE    069BH     0600H     UNIT         ?CO?LCD
            CODE    0C9BH     0545H     UNIT         ?C?LIB_CODE
            CODE    11E0H     0233H     UNIT         ?PR?USBXCORE_HANDLE_SETUP?USB_API
            CODE    1413H     0232H     UNIT         ?PR?_LCD_READ_IC_ID?LCD
            CODE    1645H     021EH     UNIT         ?PR?DISPSCALEHOR1?LCD
            CODE    1863H     01DAH     UNIT         ?PR?TP_DRAWLINE?TP
            CODE    1A3DH     01BAH     UNIT         ?PR?DISPSCALEHOR2?LCD
            CODE    1BF7H     018EH     UNIT         ?PR?DISPBAND?LCD
            CODE    1D85H     017BH     UNIT         ?PR?LCD_INIT?LCD
            CODE    1F00H     0151H     UNIT         ?PR?USBXCORE_USB_ISR?USB_API
            CODE    2051H     013DH     UNIT         ?PR?USB_API_TEST_ISR?MAIN
            CODE    218EH     0137H     UNIT         ?PR?_USB_INIT?USB_API
            CODE    22C5H     0128H     UNIT         ?PR?DISPSCALEVER?LCD
            CODE    23EDH     011BH     UNIT         ?PR?_TP_GETPOSITION?TP
            CODE    2508H     0111H     UNIT         ?PR?_BLOCK_WRITE?BLOCK_WRITE
            CODE    2619H     00E9H     UNIT         ?PR?_DISPPICFROMSD?LCD
            CODE    2702H     00CDH     UNIT         ?PR?USBXCORE_VENDOR_USB_API?USB_API
            CODE    27CFH     00CBH     UNIT         ?PR?_DISPONECHAR?LCD
            CODE    289AH     00B7H     UNIT         ?PR?MMC_SD_RESET?MMC_SD
            CODE    2951H     00B4H     UNIT         ?PR?_DISPINT?LCD
            CODE    2A05H     00B2H     UNIT         ?PR?USBXCORE_GET_DESCRIPTOR?USB_API
            CODE    2AB7H     00AFH     UNIT         ?PR?_BLOCK_READ?BLOCK_READ
            CODE    2B66H     00A4H     UNIT         ?PR?DISPFRAME?LCD
            CODE    2C0AH     009EH     UNIT         ?PR?DISPSCALEVER_GREEN?LCD
            CODE    2CA8H     009CH     UNIT         ?PR?_?BLOCKWRITE?LCD
            CODE    2D44H     009BH     UNIT         ?PR?DISPGRAYHOR16?LCD
            CODE    2DDFH     0096H     UNIT         ?PR?_DISPSTR?LCD
            CODE    2E75H     0091H     UNIT         ?PR?DISPSCALEVER_RED?LCD
            CODE    2F06H     0091H     UNIT         ?PR?DISPSCALEVER_GRAY?LCD
            CODE    2F97H     0090H     UNIT         ?PR?_DRAWGIRD?LCD
            CODE    3027H     008CH     UNIT         ?C_C51STARTUP
            CODE    30B3H     0086H     UNIT         ?PR?DISPSCALEVER_BLUE?LCD
            CODE    3139H     0086H     UNIT         ?PR?_DRAWLINE?LCD
            CODE    31BFH     007DH     UNIT         ?PR?_MMC_SD_WRITESINGLEBLOCK?MMC_SD
            CODE    323CH     0078H     UNIT         ?PR?DISPGRAYHOR32?LCD
            CODE    32B4H     0075H     UNIT         ?PR?_MMC_SD_SENDCOMMAND?MMC_SD
            CODE    3329H     0073H     UNIT         ?PR?TP_READ?TP
            CODE    339CH     0073H     UNIT         ?PR?USBXCORE_GET_STATUS?USB_API
            CODE    340FH     006CH     UNIT         ?PR?DEVICES_INIT?MAIN
            CODE    347BH     0064H     UNIT         ?PR?_MMC_SD_READSINGLEBLOCK?MMC_SD
            CODE    34DFH     0063H     UNIT         ?PR?_DISPPIC?LCD
            CODE    3542H     005BH     UNIT         ?PR?_TOORD?LCD
            CODE    359DH     005AH     UNIT         ?PR?USBXCORE_SET_CONFIGURATION?USB_API
            CODE    35F7H     0058H     UNIT         ?PR?USBXCORE_CLEAR_FEATURE?USB_API
            CODE    364FH     0057H     UNIT         ?PR?USBXCORE_SET_FEATURE?USB_API
            CODE    36A6H     0055H     UNIT         ?PR?_STOPDELAY?MAIN
            CODE    36FBH     0052H     UNIT         ?PR?_PUTPIXEL?LCD
            CODE    374DH     0050H     UNIT         ?CO?MAIN
            CODE    379DH     0049H     UNIT         ?PR?MAIN?MAIN
            CODE    37E6H     0047H     UNIT         ?PR?USBXCORE_GET_CONFIGURATION?USB_API
            CODE    382DH     0043H     UNIT         ?PR?MCU_INIT?MAIN
            CODE    3870H     0038H     UNIT         ?PR?USB_CLOCK_START?USB_CLOCK_START
BL51 BANKED LINKER/LOCATER V6.22                                                      09/15/2021  14:08:59  PAGE 4


            CODE    38A8H     002DH     UNIT         ?C_INITSEG
            CODE    38D5H     002BH     UNIT         ?PR?USB_SUSPEND?USB_SUSPEND
            CODE    3900H     0028H     UNIT         ?PR?_WRITEDISPDATA?LCD
            CODE    3928H     0027H     UNIT         ?PR?USBXCORE_USB_RESET?USB_API
            CODE    394FH     0027H     UNIT         ?PR?USBXCORE_GET_INTERFACE?USB_API
            CODE    3976H     0026H     UNIT         ?PR?_TP_WRITE?TP
            CODE    399CH     0022H     UNIT         ?PR?USBXCORE_JUMP_ISR?USB_JUMP_ISR
            CODE    39BEH     0020H     UNIT         ?PR?USBXCORE_SET_ADDRESS?USB_API
            CODE    39DEH     001FH     UNIT         ?PR?_DELAY?MAIN
            CODE    39FDH     001FH     UNIT         ?PR?_WRITEDATA?LCD
            CODE    3A1CH     001DH     UNIT         ?PR?USBXCORE_FORCE_STALL?USB_API
            CODE    3A39H     001BH     UNIT         ?PR?_WRITECOMM?LCD
            CODE    3A54H     0019H     UNIT         ?PR?USB_INT_ENABLE?USB_INT_ENABLE
            CODE    3A6DH     0016H     UNIT         ?PR?_SPI_WRITEBYTE?MMC_SD
            CODE    3A83H     0016H     UNIT         ?PR?READDATA?LCD
            CODE    3A99H     0014H     UNIT         ?PR?USBXCORE_SET_SOP?USB_API
            CODE    3AADH     0013H     UNIT         ?PR?WAITKEY?MAIN
            CODE    3AC0H     0011H     UNIT         ?PR?SD_INIT?MMC_SD
            CODE    3AD1H     000EH     UNIT         ?PR?GET_INTERRUPT_SOURCE?GET_INTERRUPT_SOURCE
            CODE    3ADFH     000CH     UNIT         ?PR?USBXCORE_CLKREC?USB_CLOCK_RECOVERY
            CODE    3AEBH     000BH     UNIT         ?PR?SPI_READBYTE?MMC_SD
            CODE    3AF6H     0009H     UNIT         ?PR?_WRITEONEDOT?LCD
            CODE    3AFFH     0008H     UNIT         ?CO?TP



OVERLAY MAP OF MODULE:   ST7789V_HSD17_IPS_3W2L (MAIN)


SEGMENT                                            PDATA_GROUP         XDATA_GROUP
  +--> CALLED SEGMENT                            START    LENGTH     START    LENGTH
------------------------------------------------------------------------------------
?PR?USB_API_TEST_ISR?MAIN                        005BH    0001H      -----    -----
  +--> ?PR?GET_INTERRUPT_SOURCE?GET_INTERRUP...
  +--> ?PR?_BLOCK_READ?BLOCK_READ
  +--> ?PR?SUSPEND_DEVICE?MAIN
  +--> ?PR?MCU_INIT?MAIN
  +--> ?PR?_?BLOCKWRITE?LCD

?PR?SUSPEND_DEVICE?MAIN                          -----    -----      -----    -----
  +--> ?PR?USB_SUSPEND?USB_SUSPEND

?PR?USB_SUSPEND?USB_SUSPEND                      -----    -----      -----    -----
  +--> ?PR?USB_CLOCK_START?USB_CLOCK_START

?PR?_?BLOCKWRITE?LCD                             -----    -----      -----    -----
  +--> ?PR?_WRITECOMM?LCD
  +--> ?PR?_WRITEDATA?LCD

?PR?_WRITECOMM?LCD                               007FH    0002H      -----    -----

?PR?_WRITEDATA?LCD                               007FH    0002H      -----    -----

*** NEW ROOT ***************************************************

?PR?USBXCORE_USB_ISR?USB_API                     -----    -----      -----    -----
  +--> ?PR?USBXCORE_USB_RESET?USB_API
BL51 BANKED LINKER/LOCATER V6.22                                                      09/15/2021  14:08:59  PAGE 5


  +--> ?PR?USBXCORE_HANDLE_SETUP?USB_API
  +--> ?PR?USBXCORE_JUMP_ISR?USB_JUMP_ISR

?PR?USBXCORE_HANDLE_SETUP?USB_API                -----    -----      -----    -----
  +--> ?PR?USBXCORE_GET_STATUS?USB_API
  +--> ?PR?USBXCORE_CLEAR_FEATURE?USB_API
  +--> ?PR?USBXCORE_VENDOR_USB_API?USB_API
  +--> ?PR?USBXCORE_SET_FEATURE?USB_API
  +--> ?PR?USBXCORE_SET_ADDRESS?USB_API
  +--> ?PR?USBXCORE_GET_DESCRIPTOR?USB_API
  +--> ?PR?USBXCORE_GET_CONFIGURATION?USB_API
  +--> ?PR?USBXCORE_SET_CONFIGURATION?USB_API
  +--> ?PR?USBXCORE_GET_INTERFACE?USB_API
  +--> ?PR?USBXCORE_SET_SOP?USB_API
  +--> ?PR?USBXCORE_FORCE_STALL?USB_API

?PR?USBXCORE_GET_STATUS?USB_API                  -----    -----      -----    -----
  +--> ?CO?USB_API
  +--> ?PR?USBXCORE_FORCE_STALL?USB_API
  +--> ?PR?USBXCORE_SET_SOP?USB_API

?PR?USBXCORE_CLEAR_FEATURE?USB_API               -----    -----      -----    -----
  +--> ?PR?USBXCORE_FORCE_STALL?USB_API
  +--> ?PR?USBXCORE_SET_SOP?USB_API

?PR?USBXCORE_VENDOR_USB_API?USB_API              -----    -----      -----    -----
  +--> ?PR?USBXCORE_SET_SOP?USB_API

?PR?USBXCORE_SET_FEATURE?USB_API                 -----    -----      -----    -----
  +--> ?PR?USBXCORE_FORCE_STALL?USB_API
  +--> ?PR?USBXCORE_SET_SOP?USB_API

?PR?USBXCORE_SET_ADDRESS?USB_API                 -----    -----      -----    -----
  +--> ?PR?USBXCORE_SET_SOP?USB_API

?PR?USBXCORE_GET_DESCRIPTOR?USB_API              -----    -----      -----    -----
  +--> ?PR?USBXCORE_FORCE_STALL?USB_API
  +--> ?PR?USBXCORE_SET_SOP?USB_API

?PR?USBXCORE_GET_CONFIGURATION?USB_API           -----    -----      -----    -----
  +--> ?CO?USB_API
  +--> ?PR?USBXCORE_SET_SOP?USB_API

?PR?USBXCORE_SET_CONFIGURATION?USB_API           -----    -----      -----    -----
  +--> ?PR?USBXCORE_SET_SOP?USB_API

?PR?USBXCORE_GET_INTERFACE?USB_API               -----    -----      -----    -----
  +--> ?CO?USB_API
  +--> ?PR?USBXCORE_SET_SOP?USB_API

*** NEW ROOT ***************************************************

?C_C51STARTUP                                    -----    -----      -----    -----
  +--> ?PR?MAIN?MAIN
  +--> ?C_INITSEG

?PR?MAIN?MAIN                                    -----    -----      -----    -----
BL51 BANKED LINKER/LOCATER V6.22                                                      09/15/2021  14:08:59  PAGE 6


  +--> ?PR?DEVICES_INIT?MAIN
  +--> ?PR?DISPFRAME?LCD
  +--> ?PR?_STOPDELAY?MAIN
  +--> ?PR?_DISPCOLOR?LCD
  +--> ?PR?DISPGRAYHOR16?LCD
  +--> ?PR?TP_DRAWLINE?TP

?PR?DEVICES_INIT?MAIN                            -----    -----      -----    -----
  +--> ?PR?MCU_INIT?MAIN
  +--> ?PR?USB_CLOCK_START?USB_CLOCK_START
  +--> ?CO?MAIN
  +--> ?PR?_USB_INIT?USB_API
  +--> ?PR?USB_INT_ENABLE?USB_INT_ENABLE
  +--> ?PR?LCD_INIT?LCD

?PR?_USB_INIT?USB_API                            -----    -----      0281H    0011H
  +--> ?CO?USB_API
  +--> ?PR?USBXCORE_CLKREC?USB_CLOCK_RECOVERY

?PR?LCD_INIT?LCD                                 -----    -----      -----    -----
  +--> ?PR?READDATA?LCD
  +--> ?PR?_DELAY?MAIN
  +--> ?PR?_WRITECOMM?LCD
  +--> ?PR?_WRITEDATA?LCD

?PR?READDATA?LCD                                 -----    -----      -----    -----
  +--> ?PR?_LCD_READ_IC_ID?LCD

?PR?_LCD_READ_IC_ID?LCD                          0067H    0008H      -----    -----

?PR?DISPFRAME?LCD                                005EH    0002H      -----    -----
  +--> ?PR?_?BLOCKWRITE?LCD
  +--> ?PR?_WRITEDISPDATA?LCD

?PR?_WRITEDISPDATA?LCD                           007FH    0001H      -----    -----

?PR?_STOPDELAY?MAIN                              005EH    0004H      -----    -----
  +--> ?PR?WAITKEY?MAIN
  +--> ?PR?_DELAY?MAIN

?PR?WAITKEY?MAIN                                 -----    -----      -----    -----
  +--> ?PR?CONNTOUSB?MAIN
  +--> ?PR?_DELAY?MAIN

?PR?CONNTOUSB?MAIN                               0062H    0005H      0281H    0058H
  +--> ?CO?MAIN
  +--> ?PR?_WRITECOMM?LCD
  +--> ?PR?_WRITEDATA?LCD
  +--> ?PR?_DISPSTR?LCD
  +--> ?PR?_DISPINT?LCD
  +--> ?PR?_WRITEDISPDATA?LCD
  +--> ?PR?_MMC_SD_WRITESINGLEBLOCK?MMC_SD
  +--> ?PR?_BLOCK_WRITE?BLOCK_WRITE
  +--> ?PR?READDATA?LCD
  +--> ?PR?_DELAY?MAIN

?PR?_DISPSTR?LCD                                 0067H    000BH      -----    -----
BL51 BANKED LINKER/LOCATER V6.22                                                      09/15/2021  14:08:59  PAGE 7


  +--> ?PR?_TOORD?LCD
  +--> ?PR?_DISPONECHAR?LCD

?PR?_DISPONECHAR?LCD                             0072H    000DH      -----    -----
  +--> ?PR?_?BLOCKWRITE?LCD
  +--> ?CO?LCD
  +--> ?PR?_WRITEONEDOT?LCD

?PR?_WRITEONEDOT?LCD                             -----    -----      -----    -----
  +--> ?PR?_WRITEDISPDATA?LCD

?PR?_DISPINT?LCD                                 0067H    000AH      -----    -----
  +--> ?PR?_DISPONECHAR?LCD

?PR?_MMC_SD_WRITESINGLEBLOCK?MMC_SD              0067H    0004H      -----    -----
  +--> ?PR?_MMC_SD_SENDCOMMAND?MMC_SD
  +--> ?PR?_SPI_WRITEBYTE?MMC_SD

?PR?_MMC_SD_SENDCOMMAND?MMC_SD                   006BH    0005H      -----    -----
  +--> ?PR?_SPI_WRITEBYTE?MMC_SD

?PR?_DISPCOLOR?LCD                               005EH    0004H      -----    -----
  +--> ?PR?_?BLOCKWRITE?LCD
  +--> ?PR?_WRITEDISPDATA?LCD

?PR?DISPGRAYHOR16?LCD                            005EH    0004H      -----    -----
  +--> ?PR?_?BLOCKWRITE?LCD
  +--> ?PR?_WRITEDISPDATA?LCD

?PR?TP_DRAWLINE?TP                               -----    -----      0281H    0018H
  +--> ?PR?_DISPCOLOR?LCD
  +--> ?CO?TP
  +--> ?PR?_DISPSTR?LCD
  +--> ?PR?_DELAY?MAIN
  +--> ?PR?_TP_GETPOSITION?TP
  +--> ?PR?_PUTPIXEL?LCD

?PR?_TP_GETPOSITION?TP                           -----    -----      0299H    001BH
  +--> ?PR?_TP_WRITE?TP
  +--> ?PR?TP_READ?TP

?PR?_TP_WRITE?TP                                 -----    -----      02B4H    0001H

?PR?TP_READ?TP                                   -----    -----      02B4H    0005H

?PR?_PUTPIXEL?LCD                                005EH    0002H      -----    -----
  +--> ?PR?_?BLOCKWRITE?LCD
  +--> ?PR?_WRITEDISPDATA?LCD



SYMBOL TABLE OF MODULE:  ST7789V_HSD17_IPS_3W2L (MAIN)

  VALUE           TYPE          NAME
  ----------------------------------

  -------         MODULE        MAIN
BL51 BANKED LINKER/LOCATER V6.22                                                      09/15/2021  14:08:59  PAGE 8


  C:0000H         SYMBOL        _ICE_DUMMY_
  D:0080H         PUBLIC        P0
  X:0000H         PUBLIC        f_down
  D:0090H         PUBLIC        P1
  D:00A0H         PUBLIC        P2
  D:00B0H         PUBLIC        P3
  C:3798H         PUBLIC        USB_MaxPower
  B:00B0H.6       PUBLIC        KEY_STEP
  D:00A4H         PUBLIC        P0MDOUT
  D:00A5H         PUBLIC        P1MDOUT
  D:00A6H         PUBLIC        P2MDOUT
  D:00A7H         PUBLIC        P3MDOUT
  D:00AEH         PUBLIC        P4MDOUT
  B:0080H.6       PUBLIC        OE
  D:00D9H         PUBLIC        PCA0MD
  C:2051H         PUBLIC        USB_API_TEST_ISR
  C:003DH         PUBLIC        Suspend_Device
  C:36AAH         PUBLIC        _StopDelay
  D:00E1H         PUBLIC        XBR0
  D:00E2H         PUBLIC        XBR1
  B:00B0H.1       PUBLIC        RS
  C:379DH         PUBLIC        main
  X:0001H         PUBLIC        VerifyCode0
  X:0002H         PUBLIC        VerifyCode1
  C:3762H         PUBLIC        USB_PID
  X:0003H         PUBLIC        VerifyCode2
  D:00F1H         PUBLIC        P0MDIN
  D:00F2H         PUBLIC        P1MDIN
  C:3764H         PUBLIC        USB_MfrStr
  D:00F4H         PUBLIC        P3MDIN
  C:3760H         PUBLIC        USB_VID
  D:00F8H         PUBLIC        SPI0CN
  X:0004H         PUBLIC        pic
  C:340FH         PUBLIC        Devices_Init
  C:008EH         PUBLIC        ConnToUSB
  D:00A9H         PUBLIC        CLKSEL
  D:00B2H         PUBLIC        OSCICN
  C:3799H         PUBLIC        USB_PwAttributes
  C:3AADH         PUBLIC        WaitKey
  C:379CH         SYMBOL        _?ix1000
  B:00B0H.0       PUBLIC        CS0
  X:0005H         PUBLIC        bf
  C:379AH         PUBLIC        USB_bcdDevice
  D:00B9H         PUBLIC        CLKMUL
  X:0007H         PUBLIC        f_debug
  X:0008H         PUBLIC        sd
  X:02D9H         PUBLIC        Packet
  C:382DH         PUBLIC        MCU_Init
  B:0080H.7       PUBLIC        DIR
  D:00EFH         PUBLIC        RSTSRC
  X:000CH         PUBLIC        f_read
  C:378EH         PUBLIC        USB_SerialStr
  X:000DH         PUBLIC        f_other
  C:377EH         PUBLIC        USB_ProductStr
  X:000EH         PUBLIC        f_para
  D:00A1H         PUBLIC        SPI0CFG
  C:39DEH         PUBLIC        _Delay
BL51 BANKED LINKER/LOCATER V6.22                                                      09/15/2021  14:08:59  PAGE 9


  B:00B0H.7       PUBLIC        KEY_Stop
  X:000FH         PUBLIC        f_init
  -------         PROC          MAIN
  C:379DH         LINE#         40
  C:379DH         LINE#         41
  C:379DH         LINE#         61
  C:37A0H         LINE#         63
  C:37A3H         LINE#         64
  C:37A3H         LINE#         68
  C:37A9H         LINE#         69
  C:37B3H         LINE#         71
  C:37BDH         LINE#         72
  C:37C7H         LINE#         73
  C:37D1H         LINE#         75
  C:37D7H         LINE#         76
  C:37E0H         LINE#         80
  C:37E3H         LINE#         82
  C:37E5H         LINE#         83
  -------         ENDPROC       MAIN
  -------         PROC          _DELAY
  D:0006H         SYMBOL        dly
  -------         DO            
  D:0004H         SYMBOL        i
  D:0002H         SYMBOL        j
  -------         ENDDO         
  C:39DEH         LINE#         86
  C:39DEH         LINE#         87
  C:39DEH         LINE#         90
  C:39E8H         LINE#         91
  C:39FCH         LINE#         92
  -------         ENDPROC       _DELAY
  C:36A6H         SYMBOL        L?0133
  -------         PROC          L?0132
  -------         ENDPROC       L?0132
  C:36A6H         SYMBOL        L?0133
  -------         PROC          _STOPDELAY
  X:005EH         SYMBOL        sdly
  -------         DO            
  D:0006H         SYMBOL        i
  D:0004H         SYMBOL        j
  X:0060H         SYMBOL        k
  -------         ENDDO         
  C:36AAH         LINE#         94
  C:36B1H         LINE#         95
  C:36B1H         LINE#         97
  C:36B6H         LINE#         98
  C:36B6H         LINE#         99
  C:36B9H         LINE#         100
  C:36B9H         LINE#         101
  C:36C6H         LINE#         102
  C:36DAH         LINE#         103
  C:36DAH         LINE#         105
  C:36DAH         LINE#         106
  C:36E4H         LINE#         107
  C:36E4H         LINE#         108
  C:36FAH         LINE#         109
  -------         ENDPROC       _STOPDELAY
BL51 BANKED LINKER/LOCATER V6.22                                                      09/15/2021  14:08:59  PAGE 10


  -------         PROC          WAITKEY
  C:3AADH         LINE#         138
  C:3AADH         LINE#         139
  C:3AADH         LINE#         141
  C:3AB0H         LINE#         142
  C:3AB0H         LINE#         144
  C:3AB3H         LINE#         146
  C:3AB5H         LINE#         147
  C:3ABCH         LINE#         148
  C:3ABFH         LINE#         150
  -------         ENDPROC       WAITKEY
  -------         PROC          CONNTOUSB
  -------         DO            
  X:0062H         SYMBOL        i
  X:0281H         SYMBOL        reg_data
  X:0299H         SYMBOL        para_data
  D:0007H         SYMBOL        dat
  X:0063H         SYMBOL        reg_index
  X:0065H         SYMBOL        data_num
  X:0066H         SYMBOL        st
  -------         ENDDO         
  C:008EH         LINE#         156
  C:008EH         LINE#         157
  C:008EH         LINE#         164
  C:00A1H         LINE#         166
  C:00A9H         LINE#         167
  C:00A9H         LINE#         168
  C:00B7H         LINE#         169
  C:00B7H         LINE#         170
  C:00C8H         LINE#         171
  C:00C8H         LINE#         172
  C:00EEH         LINE#         173
  C:00F0H         LINE#         174
  C:0104H         LINE#         175
  C:0104H         LINE#         176
  C:012AH         LINE#         178
  C:012AH         LINE#         179
  C:012AH         LINE#         180
  C:012AH         LINE#         182
  C:012AH         LINE#         183
  C:0132H         LINE#         184
  C:013CH         LINE#         185
  C:0146H         LINE#         187
  C:0162H         LINE#         189
  C:016CH         LINE#         190
  C:016CH         LINE#         191
  C:017DH         LINE#         192
  C:017DH         LINE#         193
  C:018EH         LINE#         194
  C:018EH         LINE#         195
  C:01E1H         LINE#         196
  C:01E3H         LINE#         197
  C:01F9H         LINE#         198
  C:01F9H         LINE#         199
  C:024BH         LINE#         200
  C:024BH         LINE#         201
  C:024BH         LINE#         202
BL51 BANKED LINKER/LOCATER V6.22                                                      09/15/2021  14:08:59  PAGE 11


  C:024BH         LINE#         204
  C:024BH         LINE#         205
  C:0253H         LINE#         206
  C:0253H         LINE#         207
  C:025DH         LINE#         208
  C:0267H         LINE#         210
  C:026BH         LINE#         211
  C:026EH         LINE#         215
  C:0276H         LINE#         216
  C:0276H         LINE#         217
  C:0285H         LINE#         218
  C:0285H         LINE#         219
  C:0287H         LINE#         221
  C:0289H         LINE#         222
  C:02A5H         LINE#         223
  C:02A7H         LINE#         225
  C:02D0H         LINE#         226
  C:02F4H         LINE#         227
  C:02FEH         LINE#         228
  C:02FEH         LINE#         229
  C:0306H         LINE#         230
  C:030DH         LINE#         231
  C:0318H         LINE#         232
  C:031EH         LINE#         233
  C:031EH         LINE#         234
  C:0327H         LINE#         236
  C:032BH         LINE#         237
  C:0337H         LINE#         238
  C:033AH         LINE#         241
  C:0342H         LINE#         242
  C:0342H         LINE#         243
  C:034BH         LINE#         244
  C:034BH         LINE#         245
  C:035BH         LINE#         246
  C:035BH         LINE#         247
  C:035DH         LINE#         249
  C:035FH         LINE#         250
  C:037BH         LINE#         251
  C:037DH         LINE#         253
  C:03A6H         LINE#         254
  C:03CAH         LINE#         256
  C:03D4H         LINE#         257
  C:03D4H         LINE#         258
  C:03DCH         LINE#         259
  C:03E3H         LINE#         260
  C:03EEH         LINE#         261
  C:03F4H         LINE#         262
  C:03F4H         LINE#         264
  C:03FDH         LINE#         270
  C:03FDH         LINE#         271
  C:040AH         LINE#         272
  C:040AH         LINE#         273
  C:040CH         LINE#         275
  C:040EH         LINE#         276
  C:042AH         LINE#         277
  C:042CH         LINE#         279
  C:0434H         LINE#         280
BL51 BANKED LINKER/LOCATER V6.22                                                      09/15/2021  14:08:59  PAGE 12


  C:0438H         LINE#         281
  C:0444H         LINE#         282
  C:0444H         LINE#         283
  C:0447H         LINE#         286
  C:044FH         LINE#         287
  C:044FH         LINE#         288
  C:0460H         LINE#         289
  C:0460H         LINE#         290
  C:046DH         LINE#         291
  C:046DH         LINE#         292
  C:048BH         LINE#         293
  C:048DH         LINE#         294
  C:049DH         LINE#         295
  C:049DH         LINE#         296
  C:04BBH         LINE#         297
  C:04BDH         LINE#         298
  C:04CEH         LINE#         299
  C:04CEH         LINE#         300
  C:04D8H         LINE#         301
  C:04E2H         LINE#         302
  C:04E2H         LINE#         303
  C:04E2H         LINE#         304
  C:04E2H         LINE#         306
  C:04E2H         LINE#         307
  C:04EBH         LINE#         308
  C:04EFH         LINE#         309
  C:04FBH         LINE#         310
  C:04FEH         LINE#         313
  C:0506H         LINE#         314
  C:0506H         LINE#         315
  C:0513H         LINE#         316
  C:0524H         LINE#         318
  C:052DH         LINE#         319
  C:053CH         LINE#         321
  C:0544H         LINE#         322
  C:0544H         LINE#         323
  C:054DH         LINE#         324
  C:055CH         LINE#         325
  C:055CH         LINE#         326
  C:055FH         LINE#         327
  C:056EH         LINE#         328
  C:057AH         LINE#         329
  C:0580H         LINE#         330
  C:0580H         LINE#         332
  C:0584H         LINE#         333
  C:0593H         LINE#         335
  C:059AH         LINE#         336
  C:05B6H         LINE#         337
  C:05C0H         LINE#         338
  C:05C0H         LINE#         339
  C:05E6H         LINE#         340
  C:05F9H         LINE#         341
  C:05F9H         LINE#         342
  C:064BH         LINE#         343
  C:0653H         LINE#         344
  C:0653H         LINE#         345
  C:0653H         LINE#         348
BL51 BANKED LINKER/LOCATER V6.22                                                      09/15/2021  14:08:59  PAGE 13


  C:0658H         LINE#         349
  C:0658H         LINE#         350
  C:0665H         LINE#         351
  C:0676H         LINE#         353
  C:067CH         LINE#         354
  C:0680H         LINE#         355
  C:0684H         LINE#         356
  C:0688H         LINE#         358
  C:068CH         LINE#         359
  C:0698H         LINE#         360
  C:069AH         LINE#         361
  -------         ENDPROC       CONNTOUSB
  -------         PROC          MCU_INIT
  -------         DO            
  D:0007H         SYMBOL        n
  -------         ENDDO         
  C:382DH         LINE#         364
  C:382DH         LINE#         365
  C:382DH         LINE#         367
  C:3830H         LINE#         370
  C:3833H         LINE#         371
  C:3836H         LINE#         373
  C:3839H         LINE#         375
  C:383FH         LINE#         377
  C:3842H         LINE#         378
  C:3847H         LINE#         379
  C:384AH         LINE#         381
  C:384DH         LINE#         384
  C:3850H         LINE#         385
  C:3853H         LINE#         387
  C:3856H         LINE#         388
  C:3859H         LINE#         390
  C:385CH         LINE#         391
  C:385FH         LINE#         393
  C:3862H         LINE#         394
  C:3865H         LINE#         395
  C:3867H         LINE#         396
  C:3869H         LINE#         398
  C:386CH         LINE#         399
  C:386FH         LINE#         401
  -------         ENDPROC       MCU_INIT
  -------         PROC          DEVICES_INIT
  C:340FH         LINE#         403
  C:340FH         LINE#         404
  C:340FH         LINE#         406
  C:3412H         LINE#         409
  C:3415H         LINE#         410
  C:346FH         LINE#         411
  C:3472H         LINE#         414
  C:3475H         LINE#         415
  C:3478H         LINE#         423
  -------         ENDPROC       DEVICES_INIT
  -------         PROC          SUSPEND_DEVICE
  C:003DH         LINE#         427
  C:003DH         LINE#         428
  C:003DH         LINE#         429
  -------         ENDPROC       SUSPEND_DEVICE
BL51 BANKED LINKER/LOCATER V6.22                                                      09/15/2021  14:08:59  PAGE 14


  -------         PROC          USB_API_TEST_ISR
  -------         DO            
  X:005BH         SYMBOL        INTVAL
  -------         ENDDO         
  C:2051H         LINE#         433
  C:206EH         LINE#         435
  C:2075H         LINE#         437
  C:207BH         LINE#         438
  C:207BH         LINE#         439
  C:2086H         LINE#         441
  C:20A2H         LINE#         442
  C:20A2H         LINE#         443
  C:20A4H         LINE#         444
  C:20A6H         LINE#         445
  C:20BCH         LINE#         446
  C:20BCH         LINE#         447
  C:20BEH         LINE#         448
  C:20C0H         LINE#         449
  C:20D8H         LINE#         450
  C:20D8H         LINE#         451
  C:20DAH         LINE#         452
  C:20DCH         LINE#         453
  C:20F6H         LINE#         454
  C:20F6H         LINE#         455
  C:20F8H         LINE#         456
  C:20FAH         LINE#         457
  C:210FH         LINE#         458
  C:210FH         LINE#         459
  C:2111H         LINE#         460
  C:2113H         LINE#         462
  C:2113H         LINE#         463
  C:2118H         LINE#         464
  C:2118H         LINE#         465
  C:2118H         LINE#         467
  C:2118H         LINE#         468
  C:2118H         LINE#         470
  C:2118H         LINE#         472
  C:211EH         LINE#         473
  C:211EH         LINE#         474
  C:2121H         LINE#         475
  C:2121H         LINE#         477
  C:2127H         LINE#         478
  C:2127H         LINE#         479
  C:212AH         LINE#         480
  C:212AH         LINE#         482
  C:2130H         LINE#         483
  C:2130H         LINE#         484
  C:214CH         LINE#         485
  C:214CH         LINE#         487
  C:2152H         LINE#         488
  C:2152H         LINE#         489
  C:2157H         LINE#         490
  C:2173H         LINE#         491
  C:2173H         LINE#         492
  -------         ENDPROC       USB_API_TEST_ISR
  -------         ENDMOD        MAIN

BL51 BANKED LINKER/LOCATER V6.22                                                      09/15/2021  14:08:59  PAGE 15


  -------         MODULE        MMC_SD
  C:0000H         SYMBOL        _ICE_DUMMY_
  D:00A2H         PUBLIC        SPI0CKR
  D:0080H         PUBLIC        P0
  D:0090H         PUBLIC        P1
  D:00A0H         PUBLIC        P2
  D:00B0H         PUBLIC        P3
  C:32B4H         PUBLIC        _MMC_SD_SendCommand
  C:347BH         PUBLIC        _MMC_SD_ReadSingleBlock
  C:3AC0H         PUBLIC        SD_Init
  C:31BFH         PUBLIC        _MMC_SD_WriteSingleBlock
  B:00F8H.7       PUBLIC        SPIF
  B:00F8H.2       PUBLIC        NSSMD0
  C:289AH         PUBLIC        MMC_SD_Reset
  D:00A9H         PUBLIC        CLKSEL
  C:3AEBH         PUBLIC        SPI_ReadByte
  C:3A79H         PUBLIC        _SPI_WriteByte
  D:00A3H         PUBLIC        SPI0DAT
  X:0081H         PUBLIC        buffer
  C:3A6DH         SYMBOL        L?0062
  C:3A72H         SYMBOL        L?0063
  -------         PROC          L?0061
  -------         ENDPROC       L?0061
  C:3A6DH         SYMBOL        L?0062
  C:3A72H         SYMBOL        L?0063
  -------         PROC          _SPI_WRITEBYTE
  D:0007H         SYMBOL        val
  -------         DO            
  D:0007H         SYMBOL        ret
  -------         ENDDO         
  C:3A79H         LINE#         7
  C:3A79H         LINE#         8
  C:3A79H         LINE#         11
  C:3A7BH         LINE#         12
  C:3A7EH         LINE#         13
  C:3A80H         LINE#         14
  C:3A82H         LINE#         15
  C:3A82H         LINE#         16
  -------         ENDPROC       _SPI_WRITEBYTE
  -------         PROC          SPI_READBYTE
  -------         DO            
  D:0007H         SYMBOL        ret
  -------         ENDDO         
  C:3AEBH         LINE#         18
  C:3AEBH         LINE#         19
  C:3AEBH         LINE#         22
  C:3AEEH         LINE#         23
  C:3AF1H         LINE#         24
  C:3AF3H         LINE#         25
  C:3AF5H         LINE#         26
  C:3AF5H         LINE#         27
  -------         ENDPROC       SPI_READBYTE
  -------         PROC          _MMC_SD_SENDCOMMAND
  D:0006H         SYMBOL        cmd
  X:006CH         SYMBOL        arg
  -------         DO            
  D:0007H         SYMBOL        r1
BL51 BANKED LINKER/LOCATER V6.22                                                      09/15/2021  14:08:59  PAGE 16


  D:0003H         SYMBOL        retry
  -------         ENDDO         
  C:32B4H         LINE#         29
  C:32B6H         LINE#         30
  C:32B6H         LINE#         32
  C:32B8H         LINE#         34
  C:32B8H         LINE#         35
  C:32B8H         LINE#         36
  C:32BBH         LINE#         37
  C:32BBH         LINE#         38
  C:32BBH         LINE#         39
  C:32BEH         LINE#         41
  C:32C0H         LINE#         43
  C:32C7H         LINE#         44
  C:32DCH         LINE#         45
  C:32F1H         LINE#         46
  C:3306H         LINE#         47
  C:3310H         LINE#         48
  C:3315H         LINE#         50
  C:331DH         LINE#         51
  C:3326H         LINE#         53
  C:3328H         LINE#         55
  C:3328H         LINE#         56
  -------         ENDPROC       _MMC_SD_SENDCOMMAND
  -------         PROC          MMC_SD_RESET
  -------         DO            
  D:0005H         SYMBOL        i
  D:0002H         SYMBOL        retry
  D:0006H         SYMBOL        r1
  -------         ENDDO         
  C:289AH         LINE#         58
  C:289AH         LINE#         59
  C:289AH         LINE#         62
  C:289CH         LINE#         64
  C:289DH         LINE#         65
  C:28A0H         LINE#         66
  C:28A3H         LINE#         68
  C:28A3H         LINE#         69
  C:28AFH         LINE#         70
  C:28BFH         LINE#         71
  C:28C0H         LINE#         72
  C:28C6H         LINE#         73
  C:28CAH         LINE#         75
  C:28CCH         LINE#         77
  C:28CCH         LINE#         79
  C:28CCH         LINE#         80
  C:28DCH         LINE#         81
  C:28DDH         LINE#         82
  C:28E6H         LINE#         83
  C:28EAH         LINE#         85
  C:28ECH         LINE#         86
  C:28FCH         LINE#         87
  C:28FDH         LINE#         88
  C:2906H         LINE#         89
  C:2909H         LINE#         91
  C:290CH         LINE#         92
  C:290CH         LINE#         93
BL51 BANKED LINKER/LOCATER V6.22                                                      09/15/2021  14:08:59  PAGE 17


  C:290EH         LINE#         95
  C:290EH         LINE#         96
  C:291EH         LINE#         97
  C:291FH         LINE#         98
  C:2928H         LINE#         99
  C:292BH         LINE#         100
  C:292BH         LINE#         101
  C:293BH         LINE#         103
  C:2949H         LINE#         104
  C:294CH         LINE#         105
  C:294FH         LINE#         106
  C:2950H         LINE#         107
  -------         ENDPROC       MMC_SD_RESET
  -------         PROC          _MMC_SD_READSINGLEBLOCK
  X:0010H         SYMBOL        sector
  -------         DO            
  D:0007H         SYMBOL        r1
  D:0004H         SYMBOL        i
  D:0002H         SYMBOL        retry
  -------         ENDDO         
  C:347BH         LINE#         109
  C:3480H         LINE#         110
  C:3480H         LINE#         113
  C:3482H         LINE#         115
  C:3485H         LINE#         117
  C:3485H         LINE#         118
  C:34A1H         LINE#         119
  C:34A2H         LINE#         120
  C:34ABH         LINE#         121
  C:34AEH         LINE#         124
  C:34B0H         LINE#         126
  C:34B6H         LINE#         128
  C:34B9H         LINE#         129
  C:34B9H         LINE#         130
  C:34C8H         LINE#         131
  C:34D5H         LINE#         133
  C:34D5H         LINE#         134
  C:34D8H         LINE#         136
  C:34DAH         LINE#         137
  C:34DDH         LINE#         138
  C:34DEH         LINE#         139
  -------         ENDPROC       _MMC_SD_READSINGLEBLOCK
  -------         PROC          _MMC_SD_WRITESINGLEBLOCK
  X:0067H         SYMBOL        sector
  -------         DO            
  D:0006H         SYMBOL        r1
  D:0004H         SYMBOL        i
  D:0002H         SYMBOL        retry
  -------         ENDDO         
  C:31BFH         LINE#         141
  C:31C4H         LINE#         142
  C:31C4H         LINE#         145
  C:31C6H         LINE#         147
  C:31C9H         LINE#         149
  C:31C9H         LINE#         150
  C:31E7H         LINE#         151
  C:31E8H         LINE#         152
BL51 BANKED LINKER/LOCATER V6.22                                                      09/15/2021  14:08:59  PAGE 18


  C:31F1H         LINE#         153
  C:31F4H         LINE#         157
  C:31F6H         LINE#         159
  C:31FBH         LINE#         161
  C:3200H         LINE#         163
  C:3202H         LINE#         164
  C:3202H         LINE#         165
  C:3211H         LINE#         166
  C:321EH         LINE#         168
  C:321EH         LINE#         169
  C:321EH         LINE#         171
  C:3223H         LINE#         173
  C:322AH         LINE#         174
  C:322AH         LINE#         175
  C:322CH         LINE#         176
  C:322DH         LINE#         177
  C:322DH         LINE#         179
  C:3235H         LINE#         181
  C:3237H         LINE#         182
  C:323AH         LINE#         183
  C:323BH         LINE#         184
  -------         ENDPROC       _MMC_SD_WRITESINGLEBLOCK
  -------         PROC          SD_INIT
  -------         DO            
  D:0001H         SYMBOL        n
  -------         ENDDO         
  C:3AC0H         LINE#         187
  C:3AC0H         LINE#         188
  C:3AC0H         LINE#         189
  C:3AC2H         LINE#         191
  C:3AC8H         LINE#         192
  C:3AC8H         LINE#         193
  C:3AC9H         LINE#         194
  C:3AD0H         LINE#         196
  -------         ENDPROC       SD_INIT
  -------         ENDMOD        MMC_SD

  -------         MODULE        LCD
  C:0000H         SYMBOL        _ICE_DUMMY_
  D:0080H         PUBLIC        P0
  C:2B66H         PUBLIC        DispFrame
  D:0090H         PUBLIC        P1
  C:2C0AH         PUBLIC        DispScaleVer_Green
  D:00A0H         PUBLIC        P2
  D:00B0H         PUBLIC        P3
  D:00C7H         PUBLIC        P4
  C:1BF7H         PUBLIC        DispBand
  C:3A01H         PUBLIC        _WriteData
  C:069BH         PUBLIC        ascii
  C:1413H         PUBLIC        _LCD_Read_IC_ID
  D:00A6H         PUBLIC        P2MDOUT
  C:0046H         PUBLIC        _DispColor
  C:30B3H         PUBLIC        DispScaleVer_Blue
  C:2F97H         PUBLIC        _DrawGird
  C:3139H         PUBLIC        _DrawLine
  C:3A39H         PUBLIC        _WriteComm
  C:3915H         PUBLIC        _WriteDispData
BL51 BANKED LINKER/LOCATER V6.22                                                      09/15/2021  14:08:59  PAGE 19


  C:2F06H         PUBLIC        DispScaleVer_Gray
  B:00B0H.1       PUBLIC        RS
  B:00A0H.1       PUBLIC        SPI_CLK
  C:2E75H         PUBLIC        DispScaleVer_Red
  D:00F3H         PUBLIC        P2MDIN
  C:22C5H         PUBLIC        DispScaleVer
  C:34DFH         PUBLIC        _DispPic
  C:27FFH         PUBLIC        _DispOneChar
  C:323CH         PUBLIC        DispGrayHor32
  C:2D44H         PUBLIC        DispGrayHor16
  C:2951H         PUBLIC        _DispInt
  C:36FBH         PUBLIC        _PutPixel
  D:00A9H         PUBLIC        CLKSEL
  B:0090H.6       PUBLIC        RD0
  B:00B0H.0       PUBLIC        CS0
  X:0059H         PUBLIC        LCM_ID
  C:1D85H         PUBLIC        LCD_Init
  C:2DDFH         PUBLIC        _DispStr
  B:0090H.7       PUBLIC        WR0
  C:1645H         PUBLIC        DispScaleHor1
  B:00A0H.0       PUBLIC        SPI_DI
  C:3AF6H         PUBLIC        _WriteOneDot
  C:1A3DH         PUBLIC        DispScaleHor2
  C:2619H         PUBLIC        _DispPicFromSD
  B:0080H.7       PUBLIC        DIR
  C:3542H         PUBLIC        _ToOrd
  B:0080H.5       PUBLIC        RST
  C:3A83H         PUBLIC        ReadData
  C:2CC2H         PUBLIC        _?BlockWrite
  -------         PROC          _LCD_READ_IC_ID
  X:0067H         SYMBOL        ID
  D:0004H         SYMBOL        Bug
  D:0003H         SYMBOL        flog
  -------         DO            
  X:0068H         SYMBOL        id
  X:006AH         SYMBOL        id1
  X:006CH         SYMBOL        temp
  D:0005H         SYMBOL        i
  D:0007H         SYMBOL        dat
  D:0001H         SYMBOL        id2
  X:006EH         SYMBOL        id3
  D:0002H         SYMBOL        id4
  -------         ENDDO         
  C:1413H         LINE#         35
  C:1417H         LINE#         36
  C:1417H         LINE#         40
  C:141FH         LINE#         41
  C:141FH         LINE#         43
  C:1421H         LINE#         44
  C:1423H         LINE#         45
  C:1425H         LINE#         47
  C:1428H         LINE#         48
  C:142AH         LINE#         49
  C:142CH         LINE#         50
  C:142EH         LINE#         53
  C:1431H         LINE#         54
  C:1434H         LINE#         55
BL51 BANKED LINKER/LOCATER V6.22                                                      09/15/2021  14:08:59  PAGE 20


  C:1437H         LINE#         56
  C:1439H         LINE#         57
  C:143BH         LINE#         58
  C:143DH         LINE#         63
  C:1447H         LINE#         65
  C:144DH         LINE#         66
  C:1455H         LINE#         68
  C:145BH         LINE#         69
  C:1461H         LINE#         70
  C:146BH         LINE#         72
  C:1471H         LINE#         73
  C:1473H         LINE#         75
  C:1479H         LINE#         77
  C:147FH         LINE#         78
  C:1489H         LINE#         80
  C:148FH         LINE#         81
  C:1494H         LINE#         83
  C:149AH         LINE#         85
  C:14A4H         LINE#         86
  C:14AEH         LINE#         88
  C:14B4H         LINE#         89
  C:14B6H         LINE#         91
  C:14C6H         LINE#         92
  C:14D0H         LINE#         94
  C:14D3H         LINE#         95
  C:14D7H         LINE#         96
  C:14D7H         LINE#         97
  C:14E0H         LINE#         98
  C:14E6H         LINE#         99
  C:14E6H         LINE#         100
  C:14F0H         LINE#         101
  C:14F2H         LINE#         102
  C:14F6H         LINE#         103
  C:14F6H         LINE#         104
  C:1505H         LINE#         105
  C:1505H         LINE#         108
  C:1505H         LINE#         109
  C:150EH         LINE#         110
  C:150EH         LINE#         112
  C:1511H         LINE#         113
  C:1515H         LINE#         114
  C:1517H         LINE#         115
  C:1519H         LINE#         116
  C:151BH         LINE#         117
  C:151BH         LINE#         118
  C:151DH         LINE#         119
  C:1525H         LINE#         120
  C:1527H         LINE#         122
  C:1529H         LINE#         123
  C:152DH         LINE#         124
  C:1532H         LINE#         125
  C:1535H         LINE#         128
  C:153FH         LINE#         129
  C:153FH         LINE#         130
  C:1541H         LINE#         131
  C:1541H         LINE#         132
  C:1543H         LINE#         133
BL51 BANKED LINKER/LOCATER V6.22                                                      09/15/2021  14:08:59  PAGE 21


  C:1545H         LINE#         134
  C:1547H         LINE#         135
  C:155EH         LINE#         136
  C:1560H         LINE#         137
  C:1562H         LINE#         138
  C:1569H         LINE#         139
  C:1573H         LINE#         140
  C:1573H         LINE#         141
  C:1575H         LINE#         142
  C:1575H         LINE#         143
  C:1577H         LINE#         144
  C:1579H         LINE#         145
  C:157BH         LINE#         146
  C:1592H         LINE#         147
  C:1594H         LINE#         148
  C:1596H         LINE#         149
  C:159BH         LINE#         150
  C:159BH         LINE#         152
  C:159DH         LINE#         153
  C:159DH         LINE#         154
  C:159FH         LINE#         155
  C:15A1H         LINE#         156
  C:15A3H         LINE#         157
  C:15BAH         LINE#         158
  C:15BCH         LINE#         159
  C:15BEH         LINE#         160
  C:15C3H         LINE#         162
  C:15C5H         LINE#         163
  C:15C5H         LINE#         164
  C:15C7H         LINE#         165
  C:15C9H         LINE#         166
  C:15CBH         LINE#         167
  C:15D5H         LINE#         168
  C:15D7H         LINE#         169
  C:15D9H         LINE#         170
  C:15DEH         LINE#         172
  C:15E0H         LINE#         173
  C:15E0H         LINE#         174
  C:15E2H         LINE#         175
  C:15E4H         LINE#         176
  C:15E6H         LINE#         177
  C:15F2H         LINE#         178
  C:15F4H         LINE#         179
  C:15F6H         LINE#         180
  C:15FBH         LINE#         181
  C:15FEH         LINE#         182
  C:1600H         LINE#         183
  C:1602H         LINE#         184
  C:1604H         LINE#         185
  C:1606H         LINE#         186
  C:1608H         LINE#         187
  C:160AH         LINE#         189
  C:160EH         LINE#         190
  C:160EH         LINE#         191
  C:161EH         LINE#         193
  C:1629H         LINE#         194
  C:1629H         LINE#         195
BL51 BANKED LINKER/LOCATER V6.22                                                      09/15/2021  14:08:59  PAGE 22


  C:1629H         LINE#         197
  C:162FH         LINE#         198
  C:162FH         LINE#         199
  C:163BH         LINE#         200
  C:163BH         LINE#         202
  C:163BH         LINE#         203
  C:163DH         LINE#         204
  C:1644H         LINE#         205
  -------         ENDPROC       _LCD_READ_IC_ID
  -------         PROC          _WRITECOMM
  D:0004H         SYMBOL        i
  -------         DO            
  X:007FH         SYMBOL        j
  X:0080H         SYMBOL        DataH
  -------         ENDDO         
  C:3A39H         LINE#         208
  C:3A3DH         LINE#         209
  C:3A3DH         LINE#         211
  C:3A41H         LINE#         212
  C:3A43H         LINE#         234
  C:3A43H         LINE#         235
  C:3A45H         LINE#         236
  C:3A47H         LINE#         237
  C:3A49H         LINE#         238
  C:3A4DH         LINE#         239
  C:3A4FH         LINE#         240
  C:3A51H         LINE#         241
  C:3A51H         LINE#         319
  C:3A53H         LINE#         320
  -------         ENDPROC       _WRITECOMM
  -------         PROC          L?0451
  -------         ENDPROC       L?0451
  -------         PROC          _WRITEDATA
  D:0004H         SYMBOL        i
  -------         DO            
  X:007FH         SYMBOL        j
  X:0080H         SYMBOL        DataH
  -------         ENDDO         
  C:3A01H         LINE#         322
  C:3A05H         LINE#         323
  C:3A05H         LINE#         325
  C:3A09H         LINE#         326
  C:3A0BH         LINE#         352
  C:3A0BH         LINE#         353
  C:3A0DH         LINE#         354
  C:3A0FH         LINE#         355
  C:3A11H         LINE#         356
  C:3A15H         LINE#         357
  C:3A17H         LINE#         358
  C:3A19H         LINE#         359
  C:3A19H         LINE#         513
  C:3A1BH         LINE#         514
  -------         ENDPROC       _WRITEDATA
  C:3900H         SYMBOL        L?0450
  -------         PROC          L?0449
  -------         ENDPROC       L?0449
  C:3900H         SYMBOL        L?0450
BL51 BANKED LINKER/LOCATER V6.22                                                      09/15/2021  14:08:59  PAGE 23


  -------         PROC          _WRITEDISPDATA
  D:0007H         SYMBOL        DataH
  D:0005H         SYMBOL        DataL
  -------         DO            
  X:007FH         SYMBOL        j
  -------         ENDDO         
  C:3915H         LINE#         516
  C:3915H         LINE#         517
  C:3915H         LINE#         519
  C:3917H         LINE#         544
  C:3917H         LINE#         545
  C:3919H         LINE#         546
  C:391BH         LINE#         547
  C:391DH         LINE#         548
  C:3921H         LINE#         549
  C:3923H         LINE#         550
  C:3925H         LINE#         551
  C:3925H         LINE#         638
  C:3927H         LINE#         639
  -------         ENDPROC       _WRITEDISPDATA
  -------         PROC          _WRITEONEDOT
  D:0004H         SYMBOL        color
  C:3AF6H         LINE#         641
  C:3AFAH         LINE#         642
  C:3AFAH         LINE#         655
  -------         ENDPROC       _WRITEONEDOT
  -------         PROC          LCD_INIT
  C:1D85H         LINE#         664
  C:1D85H         LINE#         665
  C:1D85H         LINE#         666
  C:1D88H         LINE#         669
  C:1D8AH         LINE#         670
  C:1D91H         LINE#         672
  C:1D93H         LINE#         673
  C:1D9AH         LINE#         675
  C:1D9CH         LINE#         676
  C:1DA3H         LINE#         4258
  C:1DAAH         LINE#         4259
  C:1DAFH         LINE#         4260
  C:1DB4H         LINE#         4261
  C:1DB9H         LINE#         4262
  C:1DBEH         LINE#         4264
  C:1DC3H         LINE#         4265
  C:1DC8H         LINE#         4266
  C:1DCDH         LINE#         4268
  C:1DD2H         LINE#         4269
  C:1DD7H         LINE#         4271
  C:1DDCH         LINE#         4272
  C:1DE1H         LINE#         4273
  C:1DE6H         LINE#         4274
  C:1DEBH         LINE#         4276
  C:1DF0H         LINE#         4277
  C:1DF5H         LINE#         4278
  C:1DFAH         LINE#         4280
  C:1DFFH         LINE#         4281
  C:1E04H         LINE#         4283
  C:1E09H         LINE#         4284
BL51 BANKED LINKER/LOCATER V6.22                                                      09/15/2021  14:08:59  PAGE 24


  C:1E0EH         LINE#         4285
  C:1E13H         LINE#         4287
  C:1E18H         LINE#         4288
  C:1E1DH         LINE#         4290
  C:1E22H         LINE#         4291
  C:1E27H         LINE#         4292
  C:1E2CH         LINE#         4294
  C:1E31H         LINE#         4295
  C:1E36H         LINE#         4297
  C:1E3BH         LINE#         4298
  C:1E40H         LINE#         4300
  C:1E45H         LINE#         4301
  C:1E4AH         LINE#         4303
  C:1E4FH         LINE#         4304
  C:1E54H         LINE#         4305
  C:1E59H         LINE#         4306
  C:1E5EH         LINE#         4307
  C:1E63H         LINE#         4308
  C:1E68H         LINE#         4309
  C:1E6DH         LINE#         4310
  C:1E72H         LINE#         4311
  C:1E77H         LINE#         4312
  C:1E7CH         LINE#         4313
  C:1E81H         LINE#         4314
  C:1E86H         LINE#         4315
  C:1E8BH         LINE#         4316
  C:1E90H         LINE#         4317
  C:1E95H         LINE#         4318
  C:1E9AH         LINE#         4320
  C:1E9FH         LINE#         4321
  C:1EA4H         LINE#         4322
  C:1EA9H         LINE#         4323
  C:1EAEH         LINE#         4324
  C:1EB3H         LINE#         4325
  C:1EB8H         LINE#         4326
  C:1EBDH         LINE#         4327
  C:1EC2H         LINE#         4328
  C:1EC7H         LINE#         4329
  C:1ECCH         LINE#         4330
  C:1ED1H         LINE#         4331
  C:1ED6H         LINE#         4332
  C:1EDBH         LINE#         4333
  C:1EE0H         LINE#         4334
  C:1EE5H         LINE#         4335
  C:1EEAH         LINE#         4339
  C:1EEFH         LINE#         4340
  C:1EF4H         LINE#         4341
  C:1EFBH         LINE#         4342
  -------         ENDPROC       LCD_INIT
  C:2CA9H         SYMBOL        L?0443
  C:2CAFH         SYMBOL        L?0444
  C:2CBAH         SYMBOL        L?0445
  -------         PROC          L?0442
  -------         ENDPROC       L?0442
  C:2CA9H         SYMBOL        L?0443
  C:2CAFH         SYMBOL        L?0444
  C:2CBAH         SYMBOL        L?0445
BL51 BANKED LINKER/LOCATER V6.22                                                      09/15/2021  14:08:59  PAGE 25


  -------         PROC          _?BLOCKWRITE
  p:0000H         SYMBOL        Xstart
  p:0002H         SYMBOL        Xend
  p:0004H         SYMBOL        Ystart
  p:0006H         SYMBOL        Yend
  C:2CC2H         LINE#         5682
  C:2CE3H         LINE#         5783
  C:2CEAH         LINE#         5784
  C:2CF1H         LINE#         5785
  C:2CF9H         LINE#         5786
  C:2D04H         LINE#         5787
  C:2D0EH         LINE#         5789
  C:2D13H         LINE#         5790
  C:2D1DH         LINE#         5792
  C:2D24H         LINE#         5793
  C:2D2EH         LINE#         5794
  C:2D35H         LINE#         5800
  C:2D3AH         LINE#         5803
  C:2D3DH         LINE#         5808
  -------         ENDPROC       _?BLOCKWRITE
  -------         PROC          _DISPCOLOR
  D:0004H         SYMBOL        color
  -------         DO            
  X:005EH         SYMBOL        i
  D:0002H         SYMBOL        m
  X:0060H         SYMBOL        DataH
  X:0061H         SYMBOL        DataL
  -------         ENDDO         
  C:0046H         LINE#         5863
  C:0048H         LINE#         5864
  C:0048H         LINE#         5867
  C:004EH         LINE#         5869
  C:0051H         LINE#         5871
  C:0053H         LINE#         5872
  C:0059H         LINE#         5873
  C:0059H         LINE#         5874
  C:005CH         LINE#         5875
  C:005CH         LINE#         5876
  C:0066H         LINE#         5877
  C:0071H         LINE#         5878
  C:0087H         LINE#         5880
  C:0089H         LINE#         5881
  -------         ENDPROC       _DISPCOLOR
  -------         PROC          DISPFRAME
  -------         DO            
  D:0002H         SYMBOL        i
  X:005EH         SYMBOL        j
  D:0001H         SYMBOL        DataH
  D:0006H         SYMBOL        DataL
  -------         ENDDO         
  C:2B66H         LINE#         5883
  C:2B66H         LINE#         5884
  C:2B66H         LINE#         5887
  C:2B69H         LINE#         5889
  C:2B6BH         LINE#         5892
  C:2B6FH         LINE#         5893
  C:2B75H         LINE#         5895
BL51 BANKED LINKER/LOCATER V6.22                                                      09/15/2021  14:08:59  PAGE 26


  C:2B75H         LINE#         5896
  C:2B75H         LINE#         5897
  C:2B79H         LINE#         5898
  C:2B80H         LINE#         5899
  C:2B8BH         LINE#         5901
  C:2B8FH         LINE#         5902
  C:2B95H         LINE#         5904
  C:2B9AH         LINE#         5905
  C:2B9AH         LINE#         5906
  C:2B9EH         LINE#         5907
  C:2BA4H         LINE#         5909
  C:2BA6H         LINE#         5910
  C:2BA6H         LINE#         5911
  C:2BA9H         LINE#         5912
  C:2BAEH         LINE#         5913
  C:2BB9H         LINE#         5915
  C:2BBDH         LINE#         5916
  C:2BC3H         LINE#         5918
  C:2BD9H         LINE#         5920
  C:2BDDH         LINE#         5921
  C:2BE3H         LINE#         5923
  C:2BE5H         LINE#         5924
  C:2BE5H         LINE#         5925
  C:2BE9H         LINE#         5926
  C:2BF0H         LINE#         5927
  C:2BFBH         LINE#         5929
  C:2BFFH         LINE#         5930
  C:2C05H         LINE#         5932
  C:2C07H         LINE#         5933
  C:2C09H         LINE#         5934
  -------         ENDPROC       DISPFRAME
  -------         PROC          DISPBAND
  -------         DO            
  D:0002H         SYMBOL        i
  X:0014H         SYMBOL        j
  X:0015H         SYMBOL        k
  X:0016H         SYMBOL        m
  X:0017H         SYMBOL        n
  X:0018H         SYMBOL        x
  -------         ENDDO         
  C:1BF7H         LINE#         5936
  C:1BF7H         LINE#         5937
  C:1BF7H         LINE#         5940
  C:1C01H         LINE#         5941
  C:1C09H         LINE#         5942
  C:1C0BH         LINE#         5945
  C:1C13H         LINE#         5946
  C:1C1FH         LINE#         5947
  C:1C1FH         LINE#         5948
  C:1C3AH         LINE#         5949
  C:1C55H         LINE#         5950
  C:1C81H         LINE#         5951
  C:1C88H         LINE#         5952
  C:1C97H         LINE#         5953
  C:1C97H         LINE#         5954
  C:1CB2H         LINE#         5955
  C:1CCDH         LINE#         5956
BL51 BANKED LINKER/LOCATER V6.22                                                      09/15/2021  14:08:59  PAGE 27


  C:1CF9H         LINE#         5957
  C:1D00H         LINE#         5958
  C:1D16H         LINE#         5959
  C:1D16H         LINE#         5960
  C:1D31H         LINE#         5961
  C:1D4CH         LINE#         5962
  C:1D78H         LINE#         5963
  C:1D7FH         LINE#         5964
  C:1D81H         LINE#         5965
  C:1D84H         LINE#         5966
  -------         ENDPROC       DISPBAND
  -------         PROC          _DISPPIC
  D:0006H         SYMBOL        picture
  -------         DO            
  X:0019H         SYMBOL        p
  X:001CH         SYMBOL        n
  -------         ENDDO         
  C:34DFH         LINE#         5969
  C:34DFH         LINE#         5970
  C:34DFH         LINE#         5973
  C:34EEH         LINE#         5974
  C:34EEH         LINE#         5975
  C:34EEH         LINE#         5977
  C:3501H         LINE#         5979
  C:3514H         LINE#         5980
  C:3514H         LINE#         5981
  C:3534H         LINE#         5982
  C:3541H         LINE#         5984
  -------         ENDPROC       _DISPPIC
  -------         PROC          _DISPPICFROMSD
  X:001EH         SYMBOL        PicNum
  -------         DO            
  X:001FH         SYMBOL        Address_S
  X:0023H         SYMBOL        Address_E
  D:0002H         SYMBOL        i
  X:0027H         SYMBOL        k
  -------         ENDDO         
  C:2619H         LINE#         5988
  C:261CH         LINE#         5989
  C:261CH         LINE#         5995
  C:261FH         LINE#         5998
  C:2621H         LINE#         6000
  C:2623H         LINE#         6002
  C:262CH         LINE#         6003
  C:2657H         LINE#         6004
  C:2680H         LINE#         6005
  C:26A3H         LINE#         6006
  C:26A3H         LINE#         6007
  C:26B3H         LINE#         6009
  C:26BCH         LINE#         6010
  C:26BCH         LINE#         6012
  C:26D7H         LINE#         6013
  C:26E0H         LINE#         6014
  C:26FFH         LINE#         6016
  C:2701H         LINE#         6054
  -------         ENDPROC       _DISPPICFROMSD
  -------         PROC          DISPSCALEHOR1
BL51 BANKED LINKER/LOCATER V6.22                                                      09/15/2021  14:08:59  PAGE 28


  -------         DO            
  X:002BH         SYMBOL        i
  X:002DH         SYMBOL        j
  D:0002H         SYMBOL        k
  -------         ENDDO         
  C:1645H         LINE#         6059
  C:1645H         LINE#         6060
  C:1645H         LINE#         6063
  C:1648H         LINE#         6066
  C:1648H         LINE#         6067
  C:1648H         LINE#         6068
  C:1668H         LINE#         6069
  C:166EH         LINE#         6070
  C:166EH         LINE#         6071
  C:1674H         LINE#         6072
  C:1674H         LINE#         6073
  C:1689H         LINE#         6074
  C:169FH         LINE#         6075
  C:16B5H         LINE#         6077
  C:16C0H         LINE#         6080
  C:16C3H         LINE#         6081
  C:16C3H         LINE#         6082
  C:16E3H         LINE#         6083
  C:16E9H         LINE#         6084
  C:16E9H         LINE#         6085
  C:16EFH         LINE#         6086
  C:16EFH         LINE#         6087
  C:171AH         LINE#         6088
  C:1730H         LINE#         6089
  C:1746H         LINE#         6090
  C:1754H         LINE#         6093
  C:1757H         LINE#         6094
  C:1757H         LINE#         6095
  C:1777H         LINE#         6096
  C:177DH         LINE#         6097
  C:177DH         LINE#         6098
  C:1783H         LINE#         6099
  C:1783H         LINE#         6100
  C:178DH         LINE#         6101
  C:17A3H         LINE#         6102
  C:17B9H         LINE#         6103
  C:17C4H         LINE#         6106
  C:17C7H         LINE#         6107
  C:17C7H         LINE#         6108
  C:17E7H         LINE#         6109
  C:17EDH         LINE#         6110
  C:17EDH         LINE#         6111
  C:17F3H         LINE#         6112
  C:17F3H         LINE#         6113
  C:1826H         LINE#         6114
  C:183CH         LINE#         6115
  C:1852H         LINE#         6116
  C:1860H         LINE#         6117
  C:1862H         LINE#         6118
  -------         ENDPROC       DISPSCALEHOR1
  -------         PROC          DISPSCALEVER
  -------         DO            
BL51 BANKED LINKER/LOCATER V6.22                                                      09/15/2021  14:08:59  PAGE 29


  X:002FH         SYMBOL        i
  X:0031H         SYMBOL        j
  D:0002H         SYMBOL        k
  -------         ENDDO         
  C:22C5H         LINE#         6120
  C:22C5H         LINE#         6121
  C:22C5H         LINE#         6190
  C:22C8H         LINE#         6192
  C:22CEH         LINE#         6193
  C:22CEH         LINE#         6194
  C:22D4H         LINE#         6195
  C:22D4H         LINE#         6196
  C:22DAH         LINE#         6197
  C:22F0H         LINE#         6198
  C:22F7H         LINE#         6200
  C:22FAH         LINE#         6201
  C:22FAH         LINE#         6203
  C:2300H         LINE#         6204
  C:2300H         LINE#         6206
  C:2306H         LINE#         6207
  C:2306H         LINE#         6208
  C:2318H         LINE#         6209
  C:232EH         LINE#         6211
  C:2334H         LINE#         6212
  C:2334H         LINE#         6213
  C:235CH         LINE#         6214
  C:2372H         LINE#         6216
  C:2378H         LINE#         6217
  C:2378H         LINE#         6218
  C:237FH         LINE#         6219
  C:2395H         LINE#         6221
  C:239BH         LINE#         6222
  C:239BH         LINE#         6223
  C:23AFH         LINE#         6224
  C:23C5H         LINE#         6226
  C:23DEH         LINE#         6228
  C:23ECH         LINE#         6230
  -------         ENDPROC       DISPSCALEVER
  -------         PROC          DISPSCALEVER_RED
  -------         DO            
  X:0033H         SYMBOL        i
  X:0035H         SYMBOL        j
  D:0002H         SYMBOL        k
  -------         ENDDO         
  C:2E75H         LINE#         6232
  C:2E75H         LINE#         6233
  C:2E75H         LINE#         6236
  C:2E78H         LINE#         6238
  C:2E7AH         LINE#         6240
  C:2E7CH         LINE#         6243
  C:2E82H         LINE#         6244
  C:2E82H         LINE#         6245
  C:2E88H         LINE#         6246
  C:2E88H         LINE#         6247
  C:2E8EH         LINE#         6248
  C:2EA4H         LINE#         6249
  C:2EABH         LINE#         6251
BL51 BANKED LINKER/LOCATER V6.22                                                      09/15/2021  14:08:59  PAGE 30


  C:2EAEH         LINE#         6252
  C:2EAEH         LINE#         6253
  C:2EB4H         LINE#         6254
  C:2EB4H         LINE#         6256
  C:2EBAH         LINE#         6257
  C:2EBAH         LINE#         6258
  C:2ECCH         LINE#         6259
  C:2EE2H         LINE#         6260
  C:2EF8H         LINE#         6262
  C:2F03H         LINE#         6264
  C:2F05H         LINE#         6265
  -------         ENDPROC       DISPSCALEVER_RED
  -------         PROC          DISPSCALEVER_GREEN
  -------         DO            
  X:0037H         SYMBOL        i
  X:0039H         SYMBOL        j
  D:0002H         SYMBOL        k
  -------         ENDDO         
  C:2C0AH         LINE#         6267
  C:2C0AH         LINE#         6268
  C:2C0AH         LINE#         6271
  C:2C0DH         LINE#         6273
  C:2C0FH         LINE#         6274
  C:2C11H         LINE#         6277
  C:2C11H         LINE#         6278
  C:2C11H         LINE#         6279
  C:2C17H         LINE#         6280
  C:2C17H         LINE#         6281
  C:2C1DH         LINE#         6283
  C:2C33H         LINE#         6284
  C:2C3EH         LINE#         6286
  C:2C41H         LINE#         6287
  C:2C41H         LINE#         6288
  C:2C47H         LINE#         6289
  C:2C47H         LINE#         6291
  C:2C4DH         LINE#         6292
  C:2C4DH         LINE#         6294
  C:2C6EH         LINE#         6295
  C:2C84H         LINE#         6296
  C:2C9AH         LINE#         6298
  C:2CA5H         LINE#         6300
  C:2CA7H         LINE#         6301
  -------         ENDPROC       DISPSCALEVER_GREEN
  -------         PROC          DISPSCALEVER_BLUE
  -------         DO            
  X:003BH         SYMBOL        i
  X:003DH         SYMBOL        j
  D:0002H         SYMBOL        k
  -------         ENDDO         
  C:30B3H         LINE#         6303
  C:30B3H         LINE#         6304
  C:30B3H         LINE#         6307
  C:30B6H         LINE#         6309
  C:30B8H         LINE#         6310
  C:30BAH         LINE#         6313
  C:30C0H         LINE#         6314
  C:30C0H         LINE#         6315
BL51 BANKED LINKER/LOCATER V6.22                                                      09/15/2021  14:08:59  PAGE 31


  C:30C6H         LINE#         6316
  C:30C6H         LINE#         6317
  C:30CCH         LINE#         6318
  C:30E2H         LINE#         6319
  C:30E9H         LINE#         6321
  C:30ECH         LINE#         6322
  C:30ECH         LINE#         6323
  C:30F2H         LINE#         6324
  C:30F2H         LINE#         6326
  C:30F8H         LINE#         6327
  C:30F8H         LINE#         6328
  C:30FFH         LINE#         6329
  C:3115H         LINE#         6330
  C:312BH         LINE#         6332
  C:3136H         LINE#         6334
  C:3138H         LINE#         6335
  -------         ENDPROC       DISPSCALEVER_BLUE
  -------         PROC          DISPSCALEVER_GRAY
  -------         DO            
  X:003FH         SYMBOL        i
  X:0041H         SYMBOL        j
  D:0002H         SYMBOL        k
  -------         ENDDO         
  C:2F06H         LINE#         6337
  C:2F06H         LINE#         6338
  C:2F06H         LINE#         6341
  C:2F09H         LINE#         6343
  C:2F0BH         LINE#         6348
  C:2F11H         LINE#         6349
  C:2F11H         LINE#         6350
  C:2F17H         LINE#         6351
  C:2F17H         LINE#         6352
  C:2F1DH         LINE#         6354
  C:2F33H         LINE#         6355
  C:2F3AH         LINE#         6357
  C:2F3DH         LINE#         6358
  C:2F3DH         LINE#         6359
  C:2F43H         LINE#         6360
  C:2F43H         LINE#         6362
  C:2F49H         LINE#         6363
  C:2F49H         LINE#         6364
  C:2F5DH         LINE#         6365
  C:2F73H         LINE#         6366
  C:2F89H         LINE#         6368
  C:2F94H         LINE#         6370
  C:2F96H         LINE#         6371
  -------         ENDPROC       DISPSCALEVER_GRAY
  -------         PROC          DISPGRAYHOR16
  -------         DO            
  X:005EH         SYMBOL        i
  D:0002H         SYMBOL        j
  X:0060H         SYMBOL        k
  -------         ENDDO         
  C:2D44H         LINE#         6373
  C:2D44H         LINE#         6374
  C:2D44H         LINE#         6377
  C:2D47H         LINE#         6379
BL51 BANKED LINKER/LOCATER V6.22                                                      09/15/2021  14:08:59  PAGE 32


  C:2D49H         LINE#         6380
  C:2D4BH         LINE#         6382
  C:2D51H         LINE#         6383
  C:2D51H         LINE#         6384
  C:2D5AH         LINE#         6385
  C:2D5AH         LINE#         6386
  C:2D60H         LINE#         6387
  C:2D67H         LINE#         6389
  C:2D6AH         LINE#         6390
  C:2D6AH         LINE#         6391
  C:2D70H         LINE#         6392
  C:2D70H         LINE#         6393
  C:2DA2H         LINE#         6394
  C:2DB8H         LINE#         6395
  C:2DC3H         LINE#         6396
  C:2DDCH         LINE#         6398
  C:2DDEH         LINE#         6399
  -------         ENDPROC       DISPGRAYHOR16
  -------         PROC          DISPGRAYHOR32
  -------         DO            
  X:0043H         SYMBOL        i
  D:0002H         SYMBOL        j
  X:0045H         SYMBOL        k
  -------         ENDDO         
  C:323CH         LINE#         6401
  C:323CH         LINE#         6402
  C:323CH         LINE#         6405
  C:323FH         LINE#         6407
  C:3241H         LINE#         6409
  C:3247H         LINE#         6410
  C:3247H         LINE#         6411
  C:3250H         LINE#         6412
  C:3250H         LINE#         6413
  C:3256H         LINE#         6414
  C:325DH         LINE#         6416
  C:3260H         LINE#         6417
  C:3260H         LINE#         6418
  C:3266H         LINE#         6419
  C:3266H         LINE#         6420
  C:327AH         LINE#         6421
  C:3290H         LINE#         6422
  C:329BH         LINE#         6423
  C:32B1H         LINE#         6425
  C:32B3H         LINE#         6426
  -------         ENDPROC       DISPGRAYHOR32
  -------         PROC          DISPSCALEHOR2
  -------         DO            
  X:0047H         SYMBOL        j
  D:0002H         SYMBOL        k
  -------         ENDDO         
  C:1A3DH         LINE#         6428
  C:1A3DH         LINE#         6429
  C:1A3DH         LINE#         6432
  C:1A40H         LINE#         6434
  C:1A40H         LINE#         6435
  C:1A40H         LINE#         6436
  C:1A46H         LINE#         6437
BL51 BANKED LINKER/LOCATER V6.22                                                      09/15/2021  14:08:59  PAGE 33


  C:1A63H         LINE#         6438
  C:1A6EH         LINE#         6439
  C:1A71H         LINE#         6440
  C:1A71H         LINE#         6441
  C:1A77H         LINE#         6442
  C:1A94H         LINE#         6443
  C:1A9FH         LINE#         6444
  C:1AA2H         LINE#         6445
  C:1AA2H         LINE#         6446
  C:1AA8H         LINE#         6447
  C:1AC5H         LINE#         6448
  C:1AD0H         LINE#         6449
  C:1AD3H         LINE#         6450
  C:1AD3H         LINE#         6451
  C:1AD9H         LINE#         6452
  C:1AF6H         LINE#         6453
  C:1B01H         LINE#         6454
  C:1B04H         LINE#         6455
  C:1B04H         LINE#         6456
  C:1B0AH         LINE#         6457
  C:1B27H         LINE#         6458
  C:1B32H         LINE#         6459
  C:1B35H         LINE#         6460
  C:1B35H         LINE#         6461
  C:1B3BH         LINE#         6462
  C:1B58H         LINE#         6463
  C:1B63H         LINE#         6464
  C:1B66H         LINE#         6465
  C:1B66H         LINE#         6466
  C:1B6CH         LINE#         6467
  C:1B89H         LINE#         6468
  C:1B94H         LINE#         6469
  C:1B97H         LINE#         6470
  C:1B97H         LINE#         6471
  C:1B9DH         LINE#         6472
  C:1BB9H         LINE#         6473
  C:1BC4H         LINE#         6474
  C:1BCDH         LINE#         6475
  C:1BCDH         LINE#         6476
  C:1BD3H         LINE#         6477
  C:1BEFH         LINE#         6478
  C:1BF6H         LINE#         6480
  -------         ENDPROC       DISPSCALEHOR2
  -------         PROC          _TOORD
  D:0007H         SYMBOL        ch
  C:3542H         LINE#         6585
  C:3542H         LINE#         6586
  C:3542H         LINE#         6587
  C:3548H         LINE#         6588
  C:3548H         LINE#         6589
  C:354AH         LINE#         6590
  C:354CH         LINE#         6591
  C:3558H         LINE#         6592
  C:3558H         LINE#         6593
  C:355CH         LINE#         6594
  C:355EH         LINE#         6595
  C:356AH         LINE#         6596
BL51 BANKED LINKER/LOCATER V6.22                                                      09/15/2021  14:08:59  PAGE 34


  C:356AH         LINE#         6597
  C:356EH         LINE#         6598
  C:3570H         LINE#         6599
  C:357CH         LINE#         6600
  C:357CH         LINE#         6601
  C:3580H         LINE#         6602
  C:3582H         LINE#         6603
  C:358EH         LINE#         6604
  C:358EH         LINE#         6605
  C:3592H         LINE#         6606
  C:3594H         LINE#         6607
  C:359AH         LINE#         6608
  C:359AH         LINE#         6609
  C:359CH         LINE#         6610
  C:359CH         LINE#         6612
  C:359CH         LINE#         6613
  -------         ENDPROC       _TOORD
  C:27D7H         SYMBOL        L?0447
  C:27EFH         SYMBOL        L?0448
  -------         PROC          L?0446
  -------         ENDPROC       L?0446
  C:27D7H         SYMBOL        L?0447
  C:27EFH         SYMBOL        L?0448
  -------         PROC          _DISPONECHAR
  X:0072H         SYMBOL        ord
  D:0006H         SYMBOL        Xstart
  D:0002H         SYMBOL        Ystart
  X:0077H         SYMBOL        TextColor
  X:0079H         SYMBOL        BackColor
  -------         DO            
  X:007BH         SYMBOL        i
  D:0002H         SYMBOL        j
  X:007CH         SYMBOL        p
  D:0003H         SYMBOL        dat
  D:0006H         SYMBOL        index
  -------         ENDDO         
  C:27FFH         LINE#         6615
  C:2807H         LINE#         6616
  C:2807H         LINE#         6622
  C:2821H         LINE#         6624
  C:2827H         LINE#         6626
  C:282FH         LINE#         6627
  C:2831H         LINE#         6629
  C:283FH         LINE#         6631
  C:284CH         LINE#         6632
  C:2853H         LINE#         6634
  C:2857H         LINE#         6635
  C:2857H         LINE#         6636
  C:286CH         LINE#         6637
  C:286EH         LINE#         6638
  C:286EH         LINE#         6639
  C:287BH         LINE#         6640
  C:287BH         LINE#         6641
  C:287DH         LINE#         6642
  C:287FH         LINE#         6644
  C:287FH         LINE#         6645
  C:2889H         LINE#         6646
BL51 BANKED LINKER/LOCATER V6.22                                                      09/15/2021  14:08:59  PAGE 35


[...]
  C:1339H         LINE#         321
  C:1348H         LINE#         322
  C:1348H         LINE#         323
  C:135DH         LINE#         324
  C:1362H         LINE#         325
  C:136AH         LINE#         326
  C:1374H         LINE#         327
  C:1382H         LINE#         328
  C:1390H         LINE#         329
  C:1392H         LINE#         331
  C:1392H         LINE#         332
  C:1397H         LINE#         333
  C:139AH         LINE#         334
  C:13B2H         LINE#         335
  C:13B2H         LINE#         336
  C:13CBH         LINE#         337
  C:13D0H         LINE#         338
  C:13D8H         LINE#         339
BL51 BANKED LINKER/LOCATER V6.22                                                      09/15/2021  14:08:59  PAGE 43


  C:13DFH         LINE#         340
  C:13E4H         LINE#         341
  C:13E4H         LINE#         342
  C:13F8H         LINE#         343
  C:13F8H         LINE#         344
  C:13FFH         LINE#         345
  C:1404H         LINE#         346
  C:1404H         LINE#         347
  C:1412H         LINE#         348
  C:1412H         LINE#         349
  -------         ENDPROC       USBXCORE_HANDLE_SETUP
  -------         PROC          USBXCORE_FORCE_STALL
  C:3A1CH         LINE#         356
  C:3A1CH         LINE#         358
  C:3A27H         LINE#         359
  C:3A32H         LINE#         360
  C:3A38H         LINE#         361
  -------         ENDPROC       USBXCORE_FORCE_STALL
  -------         PROC          USBXCORE_GET_STATUS
  C:339CH         LINE#         367
  C:339CH         LINE#         369
  C:33ABH         LINE#         370
  C:33ABH         LINE#         371
  C:33ABH         LINE#         372
  C:33ABH         LINE#         373
  C:33ABH         LINE#         374
  C:33ADH         LINE#         375
  C:33ADH         LINE#         379
  C:33ADH         LINE#         381
  C:33BBH         LINE#         385
  C:33BBH         LINE#         386
  C:33BBH         LINE#         387
  C:33BBH         LINE#         388
  C:33BDH         LINE#         390
  C:33BDH         LINE#         392
  C:33CBH         LINE#         396
  C:33CBH         LINE#         397
  C:33D8H         LINE#         398
  C:33D8H         LINE#         399
  C:33DAH         LINE#         401
  C:33DAH         LINE#         402
  C:33E8H         LINE#         403
  C:33F1H         LINE#         404
  C:33F1H         LINE#         405
  C:33F1H         LINE#         406
  C:33F3H         LINE#         407
  C:33F3H         LINE#         408
  C:33F6H         LINE#         409
  C:33F6H         LINE#         410
  C:33F6H         LINE#         411
  C:33FEH         LINE#         412
  C:33FEH         LINE#         413
  C:3401H         LINE#         414
  C:3407H         LINE#         415
  C:340EH         LINE#         416
  C:340EH         LINE#         417
  -------         ENDPROC       USBXCORE_GET_STATUS
BL51 BANKED LINKER/LOCATER V6.22                                                      09/15/2021  14:08:59  PAGE 44


  -------         PROC          USBXCORE_CLEAR_FEATURE
  C:35F7H         LINE#         423
  C:35F7H         LINE#         425
  C:35FDH         LINE#         426
  C:35FDH         LINE#         428
  C:3604H         LINE#         429
  C:3604H         LINE#         430
  C:360FH         LINE#         436
  C:361AH         LINE#         437
  C:361FH         LINE#         438
  C:3621H         LINE#         440
  C:3621H         LINE#         442
  C:362CH         LINE#         446
  C:3637H         LINE#         447
  C:363CH         LINE#         448
  C:363CH         LINE#         449
  C:363EH         LINE#         451
  C:363EH         LINE#         452
  C:3641H         LINE#         453
  C:3641H         LINE#         454
  C:364CH         LINE#         455
  -------         ENDPROC       USBXCORE_CLEAR_FEATURE
  -------         PROC          USBXCORE_VENDOR_USB_API
  C:2702H         LINE#         462
  C:2702H         LINE#         464
  C:270CH         LINE#         465
  C:270CH         LINE#         466
  C:2713H         LINE#         467
  C:2713H         LINE#         468
  C:2716H         LINE#         469
  C:2719H         LINE#         470
  C:271BH         LINE#         472
  C:271BH         LINE#         473
  C:2722H         LINE#         474
  C:2722H         LINE#         477
  C:272DH         LINE#         482
  C:2738H         LINE#         483
  C:2743H         LINE#         485
  C:2743H         LINE#         486
  C:2756H         LINE#         487
  C:2756H         LINE#         488
  C:275AH         LINE#         489
  C:2765H         LINE#         491
  C:2765H         LINE#         492
  C:2778H         LINE#         493
  C:2778H         LINE#         494
  C:277CH         LINE#         495
  C:2787H         LINE#         497
  C:278DH         LINE#         498
  C:2795H         LINE#         499
  C:2795H         LINE#         500
  C:2798H         LINE#         501
  C:2798H         LINE#         502
  C:2798H         LINE#         503
  C:27A3H         LINE#         504
  C:27A3H         LINE#         505
  C:27A9H         LINE#         506
BL51 BANKED LINKER/LOCATER V6.22                                                      09/15/2021  14:08:59  PAGE 45


  C:27B0H         LINE#         507
  C:27B0H         LINE#         508
  C:27B4H         LINE#         509
  C:27B4H         LINE#         510
  C:27BAH         LINE#         511
  C:27C1H         LINE#         512
  C:27C1H         LINE#         513
  C:27CCH         LINE#         514
  -------         ENDPROC       USBXCORE_VENDOR_USB_API
  -------         PROC          USBXCORE_SET_FEATURE
  C:364FH         LINE#         521
  C:364FH         LINE#         523
  C:3655H         LINE#         524
  C:3655H         LINE#         526
  C:365CH         LINE#         527
  C:365CH         LINE#         528
  C:3667H         LINE#         534
  C:3672H         LINE#         535
  C:3675H         LINE#         536
  C:3677H         LINE#         538
  C:3677H         LINE#         540
  C:3682H         LINE#         544
  C:368DH         LINE#         545
  C:3693H         LINE#         546
  C:3693H         LINE#         548
  C:3695H         LINE#         550
  C:3695H         LINE#         551
  C:3698H         LINE#         552
  C:3698H         LINE#         553
  C:36A3H         LINE#         554
  -------         ENDPROC       USBXCORE_SET_FEATURE
  -------         PROC          USBXCORE_SET_ADDRESS
  C:39BEH         LINE#         561
  C:39BEH         LINE#         563
  C:39CDH         LINE#         564
  C:39D3H         LINE#         565
  C:39D3H         LINE#         566
  C:39D6H         LINE#         567
  C:39D8H         LINE#         569
  C:39D8H         LINE#         570
  C:39DBH         LINE#         571
  C:39DBH         LINE#         572
  -------         ENDPROC       USBXCORE_SET_ADDRESS
  -------         PROC          USBXCORE_GET_DESCRIPTOR
  C:2A05H         LINE#         579
  C:2A05H         LINE#         580
  C:2A14H         LINE#         581
  C:2A14H         LINE#         582
  C:2A14H         LINE#         583
  C:2A22H         LINE#         584
  C:2A26H         LINE#         585
  C:2A28H         LINE#         586
  C:2A28H         LINE#         587
  C:2A36H         LINE#         588
  C:2A49H         LINE#         589
  C:2A4BH         LINE#         590
  C:2A4BH         LINE#         591
BL51 BANKED LINKER/LOCATER V6.22                                                      09/15/2021  14:08:59  PAGE 46


  C:2A6FH         LINE#         592
  C:2A7BH         LINE#         593
  C:2A7DH         LINE#         594
  C:2A7DH         LINE#         595
  C:2A80H         LINE#         596
  C:2A80H         LINE#         597
  C:2A80H         LINE#         598
  C:2A96H         LINE#         599
  C:2A96H         LINE#         600
  C:2A9EH         LINE#         601
  C:2A9EH         LINE#         602
  C:2AA6H         LINE#         603
  C:2AA6H         LINE#         604
  C:2AA9H         LINE#         605
  C:2AAFH         LINE#         606
  C:2AB6H         LINE#         607
  C:2AB6H         LINE#         608
  -------         ENDPROC       USBXCORE_GET_DESCRIPTOR
  -------         PROC          USBXCORE_GET_CONFIGURATION
  C:37E6H         LINE#         614
  C:37E6H         LINE#         616
  C:37EEH         LINE#         617
  C:37EEH         LINE#         618
  C:37FAH         LINE#         619
  C:3802H         LINE#         620
  C:3802H         LINE#         621
  C:3806H         LINE#         622
  C:3806H         LINE#         623
  C:3814H         LINE#         624
  C:381CH         LINE#         625
  C:381CH         LINE#         626
  C:381FH         LINE#         627
  C:3825H         LINE#         628
  C:382CH         LINE#         629
  -------         ENDPROC       USBXCORE_GET_CONFIGURATION
  -------         PROC          USBXCORE_SET_CONFIGURATION
  C:359DH         LINE#         635
  C:359DH         LINE#         637
  C:35A6H         LINE#         638
  C:35A6H         LINE#         639
  C:35ADH         LINE#         640
  C:35B3H         LINE#         641
  C:35B8H         LINE#         642
  C:35BAH         LINE#         644
  C:35C5H         LINE#         645
  C:35D0H         LINE#         646
  C:35DBH         LINE#         653
  C:35E6H         LINE#         654
  C:35E8H         LINE#         656
  C:35E8H         LINE#         657
  C:35EEH         LINE#         658
  C:35F2H         LINE#         659
  C:35F4H         LINE#         660
  C:35F4H         LINE#         661
  -------         ENDPROC       USBXCORE_SET_CONFIGURATION
  -------         PROC          USBXCORE_GET_INTERFACE
  C:394FH         LINE#         668
BL51 BANKED LINKER/LOCATER V6.22                                                      09/15/2021  14:08:59  PAGE 47


  C:394FH         LINE#         670
  C:395DH         LINE#         671
  C:3965H         LINE#         672
  C:3968H         LINE#         673
  C:396EH         LINE#         674
  C:3975H         LINE#         675
  -------         ENDPROC       USBXCORE_GET_INTERFACE
  -------         PROC          USBXCORE_SET_SOP
  C:3A99H         LINE#         682
  C:3A99H         LINE#         684
  C:3AA1H         LINE#         685
  C:3AA1H         LINE#         686
  C:3AACH         LINE#         687
  C:3AACH         LINE#         688
  -------         ENDPROC       USBXCORE_SET_SOP
  -------         PROC          USBXCORE_USB_ISR
  C:1F00H         LINE#         699
  C:1F1DH         LINE#         702
  C:1F23H         LINE#         703
  C:1F36H         LINE#         706
  C:1F49H         LINE#         709
  C:1F4DH         LINE#         710
  C:1F4DH         LINE#         711
  C:1F58H         LINE#         712
  C:1F58H         LINE#         714
  C:1F5FH         LINE#         715
  C:1F5FH         LINE#         716
  C:1F62H         LINE#         717
  C:1F62H         LINE#         719
  C:1F69H         LINE#         720
  C:1F69H         LINE#         721
  C:1F76H         LINE#         722
  C:1F76H         LINE#         723
  C:1F7DH         LINE#         724
  C:1F7DH         LINE#         725
  C:1F7DH         LINE#         727
  C:1F7DH         LINE#         728
  C:1F7DH         LINE#         730
  C:1F7DH         LINE#         732
  C:1F90H         LINE#         734
  C:1F94H         LINE#         735
  C:1F94H         LINE#         736
  C:1F97H         LINE#         737
  C:1F97H         LINE#         740
  C:1F9EH         LINE#         741
  C:1F9EH         LINE#         742
  C:1FA9H         LINE#         748
  C:1FBCH         LINE#         749
  C:1FC1H         LINE#         750
  C:1FC1H         LINE#         751
  C:1FC8H         LINE#         752
  C:1FC8H         LINE#         754
  C:1FC8H         LINE#         756
  C:1FDBH         LINE#         759
  C:1FDFH         LINE#         760
  C:1FDFH         LINE#         761
  C:1FEAH         LINE#         767
BL51 BANKED LINKER/LOCATER V6.22                                                      09/15/2021  14:08:59  PAGE 48


  C:1FFDH         LINE#         768
  C:2001H         LINE#         769
  C:2001H         LINE#         770
  C:2008H         LINE#         771
  C:2008H         LINE#         772
  C:2008H         LINE#         775
  C:2016H         LINE#         776
  C:201BH         LINE#         777
  C:2021H         LINE#         778
  C:2026H         LINE#         781
  C:2033H         LINE#         782
  C:2033H         LINE#         783
  C:2036H         LINE#         784
  C:2036H         LINE#         785
  -------         ENDPROC       USBXCORE_USB_ISR
  -------         ENDMOD        USB_API

  -------         MODULE        USB_SUSPEND
  C:0000H         SYMBOL        _ICE_DUMMY_
  D:00D7H         PUBLIC        USB0XCN
  D:00C9H         PUBLIC        REG0CN
  C:38D5H         PUBLIC        USB_Suspend
  D:00A9H         PUBLIC        CLKSEL
  D:00B2H         PUBLIC        OSCICN
  D:00B9H         PUBLIC        CLKMUL
  -------         PROC          USB_SUSPEND
  C:38D5H         LINE#         70
  C:38D5H         LINE#         72
  C:38D8H         LINE#         74
  C:38DBH         LINE#         76
  C:38E3H         LINE#         79
  C:38E6H         LINE#         80
  C:38E9H         LINE#         81
  C:38ECH         LINE#         82
  C:38EFH         LINE#         84
  C:38F0H         LINE#         86
  C:38F3H         LINE#         88
  C:38F9H         LINE#         92
  C:38FCH         LINE#         94
  C:38FFH         LINE#         95
  -------         ENDPROC       USB_SUSPEND
  -------         ENDMOD        USB_SUSPEND

  -------         MODULE        USB_INT_ENABLE
  C:0000H         SYMBOL        _ICE_DUMMY_
  C:3A54H         PUBLIC        USB_Int_Enable
  D:0096H         PUBLIC        USB0ADR
  D:0097H         PUBLIC        USB0DAT
  -------         PROC          USB_INT_ENABLE
  C:3A54H         LINE#         68
  C:3A54H         LINE#         71
  C:3A5BH         LINE#         73
  C:3A61H         LINE#         74
  C:3A61H         LINE#         75
  C:3A6CH         LINE#         77
  C:3A6CH         LINE#         78
  -------         ENDPROC       USB_INT_ENABLE
BL51 BANKED LINKER/LOCATER V6.22                                                      09/15/2021  14:08:59  PAGE 49


  -------         ENDMOD        USB_INT_ENABLE

  -------         MODULE        USB_CLOCK_RECOVERY
  C:0000H         SYMBOL        _ICE_DUMMY_
  C:3ADFH         PUBLIC        USBXcore_ClkRec
  D:0096H         PUBLIC        USB0ADR
  D:0097H         PUBLIC        USB0DAT
  -------         PROC          USBXCORE_CLKREC
  C:3ADFH         LINE#         45
  C:3ADFH         LINE#         47
  C:3AEAH         LINE#         48
  -------         ENDPROC       USBXCORE_CLKREC
  -------         ENDMOD        USB_CLOCK_RECOVERY

  -------         MODULE        ?C?FPMUL
  C:0C9BH         PUBLIC        ?C?FPMUL
  -------         ENDMOD        ?C?FPMUL

  -------         MODULE        ?C?FCAST
  C:0DABH         PUBLIC        ?C?FCASTC
  C:0DA6H         PUBLIC        ?C?FCASTI
  C:0DA1H         PUBLIC        ?C?FCASTL
  -------         ENDMOD        ?C?FCAST

  -------         MODULE        ?C?CASTF
  C:0DDFH         PUBLIC        ?C?CASTF
  -------         ENDMOD        ?C?CASTF

  -------         MODULE        ?C?COPY
  C:0F30H         PUBLIC        ?C?COPY
  -------         ENDMOD        ?C?COPY

  -------         MODULE        ?C?CLDPTR
  C:0F56H         PUBLIC        ?C?CLDPTR
  -------         ENDMOD        ?C?CLDPTR

  -------         MODULE        ?C?CLDOPTR
  C:0F6FH         PUBLIC        ?C?CLDOPTR
  -------         ENDMOD        ?C?CLDOPTR

  -------         MODULE        ?C?IMUL
  C:0F9CH         PUBLIC        ?C?IMUL
  -------         ENDMOD        ?C?IMUL

  -------         MODULE        ?C?IILDX
  C:0FAEH         PUBLIC        ?C?IILDX
  -------         ENDMOD        ?C?IILDX

  -------         MODULE        ?C?ILDOPTR
  C:0FC4H         PUBLIC        ?C?ILDOPTR
  -------         ENDMOD        ?C?ILDOPTR

  -------         MODULE        ?C?LMUL
  C:0FFCH         PUBLIC        ?C?LMUL
  -------         ENDMOD        ?C?LMUL

  -------         MODULE        ?C?ULDIV
BL51 BANKED LINKER/LOCATER V6.22                                                      09/15/2021  14:08:59  PAGE 50


  C:1087H         PUBLIC        ?C?ULDIV
  -------         ENDMOD        ?C?ULDIV

  -------         MODULE        ?C?LNEG
  C:1119H         PUBLIC        ?C?LNEG
  -------         ENDMOD        ?C?LNEG

  -------         MODULE        ?C?ULCMP
  C:1127H         PUBLIC        ?C?ULCMP
  -------         ENDMOD        ?C?ULCMP

  -------         MODULE        ?C?ULSHR
  C:1138H         PUBLIC        ?C?ULSHR
  -------         ENDMOD        ?C?ULSHR

  -------         MODULE        ?C?LSHL
  C:114BH         PUBLIC        ?C?LSHL
  -------         ENDMOD        ?C?LSHL

  -------         MODULE        ?C?LLDIPDATA
  C:1167H         PUBLIC        ?C?LLDIPDATA
  C:115EH         PUBLIC        ?C?LLDIPDATA1
  C:1160H         PUBLIC        ?C?LLDIPDATA8
  -------         ENDMOD        ?C?LLDIPDATA

  -------         MODULE        ?C?LSTXDATA
  C:117EH         PUBLIC        ?C?LSTXDATA
  -------         ENDMOD        ?C?LSTXDATA

  -------         MODULE        ?C?LSTPDATA
  C:118AH         PUBLIC        ?C?LSTPDATA
  -------         ENDMOD        ?C?LSTPDATA

  -------         MODULE        ?C?LSTKXDATA
  C:1196H         PUBLIC        ?C?LSTKXDATA
  -------         ENDMOD        ?C?LSTKXDATA

  -------         MODULE        ?C?LSTKPDATA
  C:11C7H         PUBLIC        ?C?LSTKPDATA
  -------         ENDMOD        ?C?LSTKPDATA

  -------         MODULE        ?C_PBP
  D:0008H         PUBLIC        ?C_PBP
  -------         ENDMOD        ?C_PBP

*** WARNING L14: INCOMPATIBLE MEMORY MODEL
    MODULE:  .\USBX_F34X.LIB (USB_API)
    MODEL:   SMALL

*** WARNING L14: INCOMPATIBLE MEMORY MODEL
    MODULE:  .\USBX_F34X.LIB (USB_SUSPEND)
    MODEL:   SMALL

*** WARNING L14: INCOMPATIBLE MEMORY MODEL
    MODULE:  .\USBX_F34X.LIB (USB_INT_ENABLE)
    MODEL:   SMALL

BL51 BANKED LINKER/LOCATER V6.22                                                      09/15/2021  14:08:59  PAGE 51


*** WARNING L14: INCOMPATIBLE MEMORY MODEL
    MODULE:  .\USBX_F34X.LIB (USB_CLOCK_RECOVERY)
    MODEL:   SMALL

*** WARNING L16: UNCALLED SEGMENT, IGNORED FOR OVERLAY PROCESS
    SEGMENT: ?PR?SD_INIT?MMC_SD

*** WARNING L16: UNCALLED SEGMENT, IGNORED FOR OVERLAY PROCESS
    SEGMENT: ?PR?DISPBAND?LCD

*** WARNING L16: UNCALLED SEGMENT, IGNORED FOR OVERLAY PROCESS
    SEGMENT: ?PR?_DISPPIC?LCD

*** WARNING L16: UNCALLED SEGMENT, IGNORED FOR OVERLAY PROCESS
    SEGMENT: ?PR?_DISPPICFROMSD?LCD

*** WARNING L16: UNCALLED SEGMENT, IGNORED FOR OVERLAY PROCESS
    SEGMENT: ?PR?DISPSCALEHOR1?LCD

*** WARNING L16: UNCALLED SEGMENT, IGNORED FOR OVERLAY PROCESS
    SEGMENT: ?PR?DISPSCALEVER?LCD

*** WARNING L16: UNCALLED SEGMENT, IGNORED FOR OVERLAY PROCESS
    SEGMENT: ?PR?DISPSCALEVER_RED?LCD

*** WARNING L16: UNCALLED SEGMENT, IGNORED FOR OVERLAY PROCESS
    SEGMENT: ?PR?DISPSCALEVER_GREEN?LCD

*** WARNING L16: UNCALLED SEGMENT, IGNORED FOR OVERLAY PROCESS
    SEGMENT: ?PR?DISPSCALEVER_BLUE?LCD

*** WARNING L16: UNCALLED SEGMENT, IGNORED FOR OVERLAY PROCESS
    SEGMENT: ?PR?DISPSCALEVER_GRAY?LCD

*** WARNING L16: UNCALLED SEGMENT, IGNORED FOR OVERLAY PROCESS
    SEGMENT: ?PR?DISPGRAYHOR32?LCD

*** WARNING L16: UNCALLED SEGMENT, IGNORED FOR OVERLAY PROCESS
    SEGMENT: ?PR?DISPSCALEHOR2?LCD

*** WARNING L16: UNCALLED SEGMENT, IGNORED FOR OVERLAY PROCESS
    SEGMENT: ?PR?_DRAWGIRD?LCD

*** WARNING L15: MULTIPLE CALL TO SEGMENT
    SEGMENT: ?PR?_WRITECOMM?LCD
    CALLER1: ?PR?USB_API_TEST_ISR?MAIN
    CALLER2: ?C_C51STARTUP

*** WARNING L15: MULTIPLE CALL TO SEGMENT
    SEGMENT: ?PR?_WRITEDATA?LCD
    CALLER1: ?PR?USB_API_TEST_ISR?MAIN
    CALLER2: ?C_C51STARTUP

Program Size: data=10.0 xdata=1224 code=15107
LINK/LOCATE RUN COMPLETE.  19 WARNING(S),  0 ERROR(S)
