BL51 BANKED LINKER/LOCATER V6.22                                                        12/22/2021  08:00:39  PAGE 1


BL51 BANKED LINKER/LOCATER V6.22, INVOKED BY:
D:\KEIL C51\C51\BIN\BL51.EXE main.obj, mmc_sd.obj, lcd.obj, tp.obj, .\USBX_F34X.LIB TO ST7789V_HSD28_IPS_ZT_16BIT RAMSIZ
>> E (256)


MEMORY MODEL: COMPACT WITH FLOATING POINT ARITHMETIC


INPUT MODULES INCLUDED:
  main.obj (MAIN)
  mmc_sd.obj (MMC_SD)
  lcd.obj (LCD)
  tp.obj (TP)
  .\USBX_F34X.LIB (USB_API)
  .\USBX_F34X.LIB (USB_CLOCK_START)
  .\USBX_F34X.LIB (USB_SUSPEND)
  .\USBX_F34X.LIB (GET_INTERRUPT_SOURCE)
  .\USBX_F34X.LIB (BLOCK_READ)
  .\USBX_F34X.LIB (BLOCK_WRITE)
  .\USBX_F34X.LIB (USB_INT_ENABLE)
  .\USBX_F34X.LIB (USB_CLOCK_RECOVERY)
  .\USBX_F34X.LIB (USB_JUMP_ISR)
  D:\KEIL C51\C51\LIB\C51FPC.LIB (?C?FPMUL)
  D:\KEIL C51\C51\LIB\C51FPC.LIB (?C?FCAST)
  D:\KEIL C51\C51\LIB\C51FPC.LIB (?C?CASTF)
  D:\KEIL C51\C51\LIB\C51FPC.LIB (?C?FPGETOPN)
  D:\KEIL C51\C51\LIB\C51C.LIB (?C_STARTUP)
  D:\KEIL C51\C51\LIB\C51C.LIB (?C?COPY)
  D:\KEIL C51\C51\LIB\C51C.LIB (?C?CLDPTR)
  D:\KEIL C51\C51\LIB\C51C.LIB (?C?CLDOPTR)
  D:\KEIL C51\C51\LIB\C51C.LIB (?C?IMUL)
  D:\KEIL C51\C51\LIB\C51C.LIB (?C?IILDX)
  D:\KEIL C51\C51\LIB\C51C.LIB (?C?ILDOPTR)
  D:\KEIL C51\C51\LIB\C51C.LIB (?C?LMUL)
  D:\KEIL C51\C51\LIB\C51C.LIB (?C?ULDIV)
  D:\KEIL C51\C51\LIB\C51C.LIB (?C?LNEG)
  D:\KEIL C51\C51\LIB\C51C.LIB (?C?ULCMP)
  D:\KEIL C51\C51\LIB\C51C.LIB (?C?ULSHR)
  D:\KEIL C51\C51\LIB\C51C.LIB (?C?LSHL)
  D:\KEIL C51\C51\LIB\C51C.LIB (?C?LLDIPDATA)
  D:\KEIL C51\C51\LIB\C51C.LIB (?C?LSTXDATA)
  D:\KEIL C51\C51\LIB\C51C.LIB (?C?LSTPDATA)
  D:\KEIL C51\C51\LIB\C51C.LIB (?C?LSTKXDATA)
  D:\KEIL C51\C51\LIB\C51C.LIB (?C?LSTKPDATA)
  D:\KEIL C51\C51\LIB\C51C.LIB (?C_PBP)
  D:\KEIL C51\C51\LIB\C51C.LIB (?C_INIT)


LINK MAP OF MODULE:  ST7789V_HSD28_IPS_ZT_16BIT (MAIN)


            TYPE    BASE      LENGTH    RELOCATION   SEGMENT NAME
            -----------------------------------------------------

            * * * * * * *   D A T A   M E M O R Y   * * * * * * *
            REG     0000H     0008H     ABSOLUTE     "REG BANK 0"
            DATA    0008H     0001H     UNIT         ?C?LIB_DATA
            IDATA   0009H     0001H     UNIT         ?STACK
BL51 BANKED LINKER/LOCATER V6.22                                                      12/22/2021  08:00:39  PAGE 2



            * * * * * * *  X D A T A   M E M O R Y  * * * * * * *
            XDATA   0000H     0010H     INPAGE       ?PD?MAIN
            XDATA   0010H     0004H     INPAGE       ?PD?_MMC_SD_READSINGLEBLOCK?MMC_SD
            XDATA   0014H     0005H     INPAGE       ?PD?_DISPPIC?LCD
            XDATA   0019H     000DH     INPAGE       ?PD?_DISPPICFROMSD?LCD
            XDATA   0026H     0004H     INPAGE       ?PD?DISPSCALEHOR1?LCD
            XDATA   002AH     0004H     INPAGE       ?PD?DISPSCALEVER?LCD
            XDATA   002EH     0004H     INPAGE       ?PD?DISPSCALEVER_RED?LCD
            XDATA   0032H     0004H     INPAGE       ?PD?DISPSCALEVER_GREEN?LCD
            XDATA   0036H     0004H     INPAGE       ?PD?DISPSCALEVER_BLUE?LCD
            XDATA   003AH     0004H     INPAGE       ?PD?DISPSCALEVER_GRAY?LCD
            XDATA   003EH     0004H     INPAGE       ?PD?DISPGRAYHOR32?LCD
            XDATA   0042H     0002H     INPAGE       ?PD?DISPSCALEHOR2?LCD
            XDATA   0044H     000CH     INPAGE       ?PD?_DRAWLINE?LCD
            XDATA   0050H     0004H     INPAGE       ?PD?_DRAWGIRD?LCD
            XDATA   0054H     0002H     INPAGE       ?PD?LCD
            XDATA   0056H     0026H     INPAGE       _PDATA_GROUP_
            XDATA   007CH     0200H     UNIT         ?XD?MMC_SD
            XDATA   027CH     0058H     UNIT         _XDATA_GROUP_
            XDATA   02D4H     0040H     UNIT         ?XD?MAIN
                    0314H     032CH                  *** GAP ***
            XDATA   0640H     0100H     ABSOLUTE     
            XDATA   0740H     0012H     ABSOLUTE     
            XDATA   0752H     0020H     ABSOLUTE     
            XDATA   0772H     000CH     ABSOLUTE     
            XDATA   077EH     0008H     ABSOLUTE     
            XDATA   0786H     0001H     ABSOLUTE     
            XDATA   0787H     0003H     ABSOLUTE     
            XDATA   078AH     0002H     ABSOLUTE     
            XDATA   078CH     0002H     ABSOLUTE     
            XDATA   078EH     0003H     ABSOLUTE     
            XDATA   0791H     0001H     ABSOLUTE     
            XDATA   0792H     0001H     ABSOLUTE     
            XDATA   0793H     0001H     ABSOLUTE     
            XDATA   0794H     0001H     ABSOLUTE     
            XDATA   0795H     0002H     ABSOLUTE     
            XDATA   0797H     0002H     ABSOLUTE     
            XDATA   0799H     0001H     ABSOLUTE     
            XDATA   079AH     0001H     ABSOLUTE     
            XDATA   079BH     0001H     ABSOLUTE     
            XDATA   079CH     0001H     ABSOLUTE     
            XDATA   079DH     0001H     ABSOLUTE     
            XDATA   079EH     0001H     ABSOLUTE     
            XDATA   079FH     0002H     ABSOLUTE     
            XDATA   07A1H     0001H     ABSOLUTE     
            XDATA   07A2H     0001H     ABSOLUTE     
            XDATA   07A3H     000CH     ABSOLUTE     
                    07AFH     0011H                  *** GAP ***
            XDATA   07C0H     0040H     ABSOLUTE     

            * * * * * * *   C O D E   M E M O R Y   * * * * * * *
            CODE    0000H     0003H     ABSOLUTE     
            CODE    0003H     003DH     UNIT         ?PR?MAIN?MAIN
            CODE    0040H     0003H     UNIT         ?PR?SUSPEND_DEVICE?MAIN
            CODE    0043H     0003H     ABSOLUTE     
            CODE    0046H     0044H     UNIT         ?PR?_DISPCOLOR?LCD
BL51 BANKED LINKER/LOCATER V6.22                                                      12/22/2021  08:00:39  PAGE 3


                    008AH     0001H                  *** GAP ***
            CODE    008BH     0003H     ABSOLUTE     
            CODE    008EH     060CH     UNIT         ?PR?CONNTOUSB?MAIN
            CODE    069AH     0600H     UNIT         ?CO?LCD
            CODE    0C9AH     0545H     UNIT         ?C?LIB_CODE
            CODE    11DFH     0233H     UNIT         ?PR?USBXCORE_HANDLE_SETUP?USB_API
            CODE    1412H     0232H     UNIT         ?PR?_LCD_READ_IC_ID?LCD
            CODE    1644H     0226H     UNIT         ?PR?DISPSCALEHOR1?LCD
            CODE    186AH     021DH     UNIT         ?PR?TP_DRAWLINE?TP
            CODE    1A87H     01BAH     UNIT         ?PR?DISPSCALEHOR2?LCD
            CODE    1C41H     018EH     UNIT         ?PR?DISPBAND?LCD
            CODE    1DCFH     0151H     UNIT         ?PR?USBXCORE_USB_ISR?USB_API
            CODE    1F20H     013DH     UNIT         ?PR?USB_API_TEST_ISR?MAIN
            CODE    205DH     0137H     UNIT         ?PR?_USB_INIT?USB_API
            CODE    2194H     0128H     UNIT         ?PR?DISPSCALEVER?LCD
            CODE    22BCH     011BH     UNIT         ?PR?_TP_GETPOSITION?TP
            CODE    23D7H     0111H     UNIT         ?PR?_BLOCK_WRITE?BLOCK_WRITE
            CODE    24E8H     00E9H     UNIT         ?PR?_DISPPICFROMSD?LCD
            CODE    25D1H     00CDH     UNIT         ?PR?USBXCORE_VENDOR_USB_API?USB_API
            CODE    269EH     00CBH     UNIT         ?PR?_DISPONECHAR?LCD
            CODE    2769H     00B7H     UNIT         ?PR?MMC_SD_RESET?MMC_SD
            CODE    2820H     00B3H     UNIT         ?PR?_DISPINT?LCD
            CODE    28D3H     00B2H     UNIT         ?PR?USBXCORE_GET_DESCRIPTOR?USB_API
            CODE    2985H     00AFH     UNIT         ?PR?_BLOCK_READ?BLOCK_READ
            CODE    2A34H     00A4H     UNIT         ?PR?DISPFRAME?LCD
            CODE    2AD8H     00A0H     UNIT         ?PR?DISPSCALEVER_GREEN?LCD
            CODE    2B78H     009CH     UNIT         ?PR?_?BLOCKWRITE?LCD
            CODE    2C14H     009BH     UNIT         ?PR?DISPGRAYHOR16?LCD
            CODE    2CAFH     0096H     UNIT         ?PR?_DISPSTR?LCD
            CODE    2D45H     0091H     UNIT         ?PR?DISPSCALEVER_RED?LCD
            CODE    2DD6H     0091H     UNIT         ?PR?DISPSCALEVER_GRAY?LCD
            CODE    2E67H     0090H     UNIT         ?PR?_DRAWGIRD?LCD
            CODE    2EF7H     008CH     UNIT         ?C_C51STARTUP
            CODE    2F83H     0086H     UNIT         ?PR?DISPSCALEVER_BLUE?LCD
            CODE    3009H     0086H     UNIT         ?PR?_DRAWLINE?LCD
            CODE    308FH     007DH     UNIT         ?PR?_MMC_SD_WRITESINGLEBLOCK?MMC_SD
            CODE    310CH     0076H     UNIT         ?PR?DISPGRAYHOR32?LCD
            CODE    3182H     0075H     UNIT         ?PR?_MMC_SD_SENDCOMMAND?MMC_SD
            CODE    31F7H     0073H     UNIT         ?PR?TP_READ?TP
            CODE    326AH     0073H     UNIT         ?PR?USBXCORE_GET_STATUS?USB_API
            CODE    32DDH     006CH     UNIT         ?PR?DEVICES_INIT?MAIN
            CODE    3349H     0064H     UNIT         ?PR?_MMC_SD_READSINGLEBLOCK?MMC_SD
            CODE    33ADH     0061H     UNIT         ?PR?_DISPPIC?LCD
            CODE    340EH     005BH     UNIT         ?PR?_TOORD?LCD
            CODE    3469H     005AH     UNIT         ?PR?USBXCORE_SET_CONFIGURATION?USB_API
            CODE    34C3H     0058H     UNIT         ?PR?USBXCORE_CLEAR_FEATURE?USB_API
            CODE    351BH     0057H     UNIT         ?PR?USBXCORE_SET_FEATURE?USB_API
            CODE    3572H     0055H     UNIT         ?PR?_STOPDELAY?MAIN
            CODE    35C7H     0052H     UNIT         ?PR?_PUTPIXEL?LCD
            CODE    3619H     0050H     UNIT         ?CO?MAIN
            CODE    3669H     0047H     UNIT         ?PR?USBXCORE_GET_CONFIGURATION?USB_API
            CODE    36B0H     0043H     UNIT         ?PR?MCU_INIT?MAIN
            CODE    36F3H     003AH     UNIT         ?CO?USB_API
            CODE    372DH     0038H     UNIT         ?PR?USB_CLOCK_START?USB_CLOCK_START
            CODE    3765H     002DH     UNIT         ?C_INITSEG
            CODE    3792H     002BH     UNIT         ?PR?USB_SUSPEND?USB_SUSPEND
            CODE    37BDH     0028H     UNIT         ?PR?_WRITEDISPDATA?LCD
BL51 BANKED LINKER/LOCATER V6.22                                                      12/22/2021  08:00:39  PAGE 4


            CODE    37E5H     0027H     UNIT         ?PR?USBXCORE_USB_RESET?USB_API
            CODE    380CH     0027H     UNIT         ?PR?USBXCORE_GET_INTERFACE?USB_API
            CODE    3833H     0026H     UNIT         ?PR?_TP_WRITE?TP
            CODE    3859H     0022H     UNIT         ?PR?USBXCORE_JUMP_ISR?USB_JUMP_ISR
            CODE    387BH     0020H     UNIT         ?PR?USBXCORE_SET_ADDRESS?USB_API
            CODE    389BH     001FH     UNIT         ?PR?_DELAY?MAIN
            CODE    38BAH     001FH     UNIT         ?PR?_WRITEDATA?LCD
            CODE    38D9H     001EH     UNIT         ?PR?LCD_INIT?LCD
            CODE    38F7H     001DH     UNIT         ?PR?USBXCORE_FORCE_STALL?USB_API
            CODE    3914H     001BH     UNIT         ?PR?_WRITECOMM?LCD
            CODE    392FH     0019H     UNIT         ?PR?USB_INT_ENABLE?USB_INT_ENABLE
            CODE    3948H     0016H     UNIT         ?PR?_SPI_WRITEBYTE?MMC_SD
            CODE    395EH     0016H     UNIT         ?PR?READDATA?LCD
            CODE    3974H     0014H     UNIT         ?PR?USBXCORE_SET_SOP?USB_API
            CODE    3988H     0013H     UNIT         ?PR?WAITKEY?MAIN
            CODE    399BH     0011H     UNIT         ?PR?SD_INIT?MMC_SD
            CODE    39ACH     000EH     UNIT         ?PR?GET_INTERRUPT_SOURCE?GET_INTERRUPT_SOURCE
            CODE    39BAH     000CH     UNIT         ?PR?USBXCORE_CLKREC?USB_CLOCK_RECOVERY
            CODE    39C6H     000BH     UNIT         ?PR?SPI_READBYTE?MMC_SD
            CODE    39D1H     0009H     UNIT         ?PR?_WRITEONEDOT?LCD
            CODE    39DAH     0008H     UNIT         ?CO?TP



OVERLAY MAP OF MODULE:   ST7789V_HSD28_IPS_ZT_16BIT (MAIN)


SEGMENT                                            PDATA_GROUP         XDATA_GROUP
  +--> CALLED SEGMENT                            START    LENGTH     START    LENGTH
------------------------------------------------------------------------------------
?PR?USB_API_TEST_ISR?MAIN                        0056H    0001H      -----    -----
  +--> ?PR?GET_INTERRUPT_SOURCE?GET_INTERRUP...
  +--> ?PR?_BLOCK_READ?BLOCK_READ
  +--> ?PR?SUSPEND_DEVICE?MAIN
  +--> ?PR?MCU_INIT?MAIN
  +--> ?PR?_?BLOCKWRITE?LCD

?PR?SUSPEND_DEVICE?MAIN                          -----    -----      -----    -----
  +--> ?PR?USB_SUSPEND?USB_SUSPEND

?PR?USB_SUSPEND?USB_SUSPEND                      -----    -----      -----    -----
  +--> ?PR?USB_CLOCK_START?USB_CLOCK_START

?PR?_?BLOCKWRITE?LCD                             -----    -----      -----    -----
  +--> ?PR?_WRITECOMM?LCD
  +--> ?PR?_WRITEDATA?LCD

?PR?_WRITECOMM?LCD                               007AH    0002H      -----    -----

?PR?_WRITEDATA?LCD                               007AH    0002H      -----    -----

*** NEW ROOT ***************************************************

?PR?USBXCORE_USB_ISR?USB_API                     -----    -----      -----    -----
  +--> ?PR?USBXCORE_USB_RESET?USB_API
  +--> ?PR?USBXCORE_HANDLE_SETUP?USB_API
  +--> ?PR?USBXCORE_JUMP_ISR?USB_JUMP_ISR
BL51 BANKED LINKER/LOCATER V6.22                                                      12/22/2021  08:00:39  PAGE 5



?PR?USBXCORE_HANDLE_SETUP?USB_API                -----    -----      -----    -----
  +--> ?PR?USBXCORE_GET_STATUS?USB_API
  +--> ?PR?USBXCORE_CLEAR_FEATURE?USB_API
  +--> ?PR?USBXCORE_VENDOR_USB_API?USB_API
  +--> ?PR?USBXCORE_SET_FEATURE?USB_API
  +--> ?PR?USBXCORE_SET_ADDRESS?USB_API
  +--> ?PR?USBXCORE_GET_DESCRIPTOR?USB_API
  +--> ?PR?USBXCORE_GET_CONFIGURATION?USB_API
  +--> ?PR?USBXCORE_SET_CONFIGURATION?USB_API
  +--> ?PR?USBXCORE_GET_INTERFACE?USB_API
  +--> ?PR?USBXCORE_SET_SOP?USB_API
  +--> ?PR?USBXCORE_FORCE_STALL?USB_API

?PR?USBXCORE_GET_STATUS?USB_API                  -----    -----      -----    -----
  +--> ?CO?USB_API
  +--> ?PR?USBXCORE_FORCE_STALL?USB_API
  +--> ?PR?USBXCORE_SET_SOP?USB_API

?PR?USBXCORE_CLEAR_FEATURE?USB_API               -----    -----      -----    -----
  +--> ?PR?USBXCORE_FORCE_STALL?USB_API
  +--> ?PR?USBXCORE_SET_SOP?USB_API

?PR?USBXCORE_VENDOR_USB_API?USB_API              -----    -----      -----    -----
  +--> ?PR?USBXCORE_SET_SOP?USB_API

?PR?USBXCORE_SET_FEATURE?USB_API                 -----    -----      -----    -----
  +--> ?PR?USBXCORE_FORCE_STALL?USB_API
  +--> ?PR?USBXCORE_SET_SOP?USB_API

?PR?USBXCORE_SET_ADDRESS?USB_API                 -----    -----      -----    -----
  +--> ?PR?USBXCORE_SET_SOP?USB_API

?PR?USBXCORE_GET_DESCRIPTOR?USB_API              -----    -----      -----    -----
  +--> ?PR?USBXCORE_FORCE_STALL?USB_API
  +--> ?PR?USBXCORE_SET_SOP?USB_API

?PR?USBXCORE_GET_CONFIGURATION?USB_API           -----    -----      -----    -----
  +--> ?CO?USB_API
  +--> ?PR?USBXCORE_SET_SOP?USB_API

?PR?USBXCORE_SET_CONFIGURATION?USB_API           -----    -----      -----    -----
  +--> ?PR?USBXCORE_SET_SOP?USB_API

?PR?USBXCORE_GET_INTERFACE?USB_API               -----    -----      -----    -----
  +--> ?CO?USB_API
  +--> ?PR?USBXCORE_SET_SOP?USB_API

*** NEW ROOT ***************************************************

?C_C51STARTUP                                    -----    -----      -----    -----
  +--> ?PR?MAIN?MAIN
  +--> ?C_INITSEG

?PR?MAIN?MAIN                                    -----    -----      -----    -----
  +--> ?PR?DEVICES_INIT?MAIN
  +--> ?PR?DISPFRAME?LCD
BL51 BANKED LINKER/LOCATER V6.22                                                      12/22/2021  08:00:39  PAGE 6


  +--> ?PR?_STOPDELAY?MAIN
  +--> ?PR?WAITKEY?MAIN
  +--> ?PR?_DISPCOLOR?LCD
  +--> ?PR?DISPGRAYHOR16?LCD
  +--> ?PR?DISPBAND?LCD
  +--> ?PR?TP_DRAWLINE?TP

?PR?DEVICES_INIT?MAIN                            -----    -----      -----    -----
  +--> ?PR?MCU_INIT?MAIN
  +--> ?PR?USB_CLOCK_START?USB_CLOCK_START
  +--> ?CO?MAIN
  +--> ?PR?_USB_INIT?USB_API
  +--> ?PR?USB_INT_ENABLE?USB_INT_ENABLE
  +--> ?PR?LCD_INIT?LCD

?PR?_USB_INIT?USB_API                            -----    -----      027CH    0011H
  +--> ?CO?USB_API
  +--> ?PR?USBXCORE_CLKREC?USB_CLOCK_RECOVERY

?PR?LCD_INIT?LCD                                 -----    -----      -----    -----
  +--> ?PR?READDATA?LCD
  +--> ?PR?_DELAY?MAIN

?PR?READDATA?LCD                                 -----    -----      -----    -----
  +--> ?PR?_LCD_READ_IC_ID?LCD

?PR?_LCD_READ_IC_ID?LCD                          0062H    0008H      -----    -----

?PR?DISPFRAME?LCD                                0059H    0002H      -----    -----
  +--> ?PR?_?BLOCKWRITE?LCD
  +--> ?PR?_WRITEDISPDATA?LCD

?PR?_WRITEDISPDATA?LCD                           007AH    0001H      -----    -----

?PR?_STOPDELAY?MAIN                              0059H    0004H      -----    -----
  +--> ?PR?WAITKEY?MAIN
  +--> ?PR?_DELAY?MAIN

?PR?WAITKEY?MAIN                                 -----    -----      -----    -----
  +--> ?PR?CONNTOUSB?MAIN
  +--> ?PR?_DELAY?MAIN

?PR?CONNTOUSB?MAIN                               005DH    0005H      027CH    0058H
  +--> ?CO?MAIN
  +--> ?PR?_WRITECOMM?LCD
  +--> ?PR?_WRITEDATA?LCD
  +--> ?PR?_DISPSTR?LCD
  +--> ?PR?_DISPINT?LCD
  +--> ?PR?_WRITEDISPDATA?LCD
  +--> ?PR?_MMC_SD_WRITESINGLEBLOCK?MMC_SD
  +--> ?PR?_BLOCK_WRITE?BLOCK_WRITE
  +--> ?PR?READDATA?LCD
  +--> ?PR?_DELAY?MAIN

?PR?_DISPSTR?LCD                                 0062H    000BH      -----    -----
  +--> ?PR?_TOORD?LCD
  +--> ?PR?_DISPONECHAR?LCD
BL51 BANKED LINKER/LOCATER V6.22                                                      12/22/2021  08:00:39  PAGE 7



?PR?_DISPONECHAR?LCD                             006DH    000DH      -----    -----
  +--> ?PR?_?BLOCKWRITE?LCD
  +--> ?CO?LCD
  +--> ?PR?_WRITEONEDOT?LCD

?PR?_WRITEONEDOT?LCD                             -----    -----      -----    -----
  +--> ?PR?_WRITEDISPDATA?LCD

?PR?_DISPINT?LCD                                 0062H    000AH      -----    -----
  +--> ?PR?_DISPONECHAR?LCD

?PR?_MMC_SD_WRITESINGLEBLOCK?MMC_SD              0062H    0004H      -----    -----
  +--> ?PR?_MMC_SD_SENDCOMMAND?MMC_SD
  +--> ?PR?_SPI_WRITEBYTE?MMC_SD

?PR?_MMC_SD_SENDCOMMAND?MMC_SD                   0066H    0005H      -----    -----
  +--> ?PR?_SPI_WRITEBYTE?MMC_SD

?PR?_DISPCOLOR?LCD                               0059H    0004H      -----    -----
  +--> ?PR?_?BLOCKWRITE?LCD
  +--> ?PR?_WRITEDISPDATA?LCD

?PR?DISPGRAYHOR16?LCD                            0059H    0004H      -----    -----
  +--> ?PR?_?BLOCKWRITE?LCD
  +--> ?PR?_WRITEDISPDATA?LCD

?PR?DISPBAND?LCD                                 0059H    0005H      -----    -----
  +--> ?PR?_?BLOCKWRITE?LCD
  +--> ?PR?_WRITEDISPDATA?LCD

?PR?TP_DRAWLINE?TP                               -----    -----      027CH    0018H
  +--> ?PR?_DISPCOLOR?LCD
  +--> ?CO?TP
  +--> ?PR?_DISPSTR?LCD
  +--> ?PR?_DELAY?MAIN
  +--> ?PR?_TP_GETPOSITION?TP
  +--> ?PR?_PUTPIXEL?LCD

?PR?_TP_GETPOSITION?TP                           -----    -----      0294H    001BH
  +--> ?PR?_TP_WRITE?TP
  +--> ?PR?TP_READ?TP

?PR?_TP_WRITE?TP                                 -----    -----      02AFH    0001H

?PR?TP_READ?TP                                   -----    -----      02AFH    0005H

?PR?_PUTPIXEL?LCD                                0059H    0002H      -----    -----
  +--> ?PR?_?BLOCKWRITE?LCD
  +--> ?PR?_WRITEDISPDATA?LCD



SYMBOL TABLE OF MODULE:  ST7789V_HSD28_IPS_ZT_16BIT (MAIN)

  VALUE           TYPE          NAME
  ----------------------------------
BL51 BANKED LINKER/LOCATER V6.22                                                      12/22/2021  08:00:39  PAGE 8



  -------         MODULE        MAIN
  C:0000H         SYMBOL        _ICE_DUMMY_
  D:0080H         PUBLIC        P0
  X:0000H         PUBLIC        f_down
  D:0090H         PUBLIC        P1
  D:00B0H         PUBLIC        P3
  C:3664H         PUBLIC        USB_MaxPower
  B:00B0H.6       PUBLIC        KEY_STEP
  D:00A4H         PUBLIC        P0MDOUT
  D:00A5H         PUBLIC        P1MDOUT
  D:00A6H         PUBLIC        P2MDOUT
  D:00A7H         PUBLIC        P3MDOUT
  D:00AEH         PUBLIC        P4MDOUT
  B:0080H.6       PUBLIC        OE
  D:00D9H         PUBLIC        PCA0MD
  C:1F20H         PUBLIC        USB_API_TEST_ISR
  C:0040H         PUBLIC        Suspend_Device
  C:3576H         PUBLIC        _StopDelay
  D:00E1H         PUBLIC        XBR0
  D:00E2H         PUBLIC        XBR1
  B:00B0H.1       PUBLIC        RS
  C:0003H         PUBLIC        main
  X:0001H         PUBLIC        VerifyCode0
  X:0002H         PUBLIC        VerifyCode1
  C:362EH         PUBLIC        USB_PID
  X:0003H         PUBLIC        VerifyCode2
  D:00F1H         PUBLIC        P0MDIN
  D:00F2H         PUBLIC        P1MDIN
  C:3630H         PUBLIC        USB_MfrStr
  D:00F4H         PUBLIC        P3MDIN
  C:362CH         PUBLIC        USB_VID
  D:00F8H         PUBLIC        SPI0CN
  X:0004H         PUBLIC        pic
  C:32DDH         PUBLIC        Devices_Init
  C:008EH         PUBLIC        ConnToUSB
  D:00A9H         PUBLIC        CLKSEL
  D:00B2H         PUBLIC        OSCICN
  C:3665H         PUBLIC        USB_PwAttributes
  C:3988H         PUBLIC        WaitKey
  C:3668H         SYMBOL        _?ix1000
  B:00B0H.0       PUBLIC        CS0
  X:0005H         PUBLIC        bf
  C:3666H         PUBLIC        USB_bcdDevice
  D:00B9H         PUBLIC        CLKMUL
  X:0007H         PUBLIC        f_debug
  X:0008H         PUBLIC        sd
  X:02D4H         PUBLIC        Packet
  C:36B0H         PUBLIC        MCU_Init
  B:0080H.7       PUBLIC        DIR
  D:00EFH         PUBLIC        RSTSRC
  X:000CH         PUBLIC        f_read
  C:365AH         PUBLIC        USB_SerialStr
  X:000DH         PUBLIC        f_other
  C:364AH         PUBLIC        USB_ProductStr
  X:000EH         PUBLIC        f_para
  D:00A1H         PUBLIC        SPI0CFG
BL51 BANKED LINKER/LOCATER V6.22                                                      12/22/2021  08:00:39  PAGE 9


  C:389BH         PUBLIC        _Delay
  B:00B0H.7       PUBLIC        KEY_Stop
  X:000FH         PUBLIC        f_init
  -------         PROC          MAIN
  C:0003H         LINE#         40
  C:0003H         LINE#         41
  C:0003H         LINE#         61
  C:0006H         LINE#         63
  C:0009H         LINE#         64
  C:0009H         LINE#         67
  C:0012H         LINE#         68
  C:001FH         LINE#         73
  C:0028H         LINE#         74
  C:0031H         LINE#         75
  C:003AH         LINE#         79
  C:003DH         LINE#         81
  C:003FH         LINE#         82
  -------         ENDPROC       MAIN
  -------         PROC          _DELAY
  D:0006H         SYMBOL        dly
  -------         DO            
  D:0004H         SYMBOL        i
  D:0002H         SYMBOL        j
  -------         ENDDO         
  C:389BH         LINE#         85
  C:389BH         LINE#         86
  C:389BH         LINE#         89
  C:38A5H         LINE#         90
  C:38B9H         LINE#         91
  -------         ENDPROC       _DELAY
  C:3572H         SYMBOL        L?0133
  -------         PROC          L?0132
  -------         ENDPROC       L?0132
  C:3572H         SYMBOL        L?0133
  -------         PROC          _STOPDELAY
  X:0059H         SYMBOL        sdly
  -------         DO            
  D:0006H         SYMBOL        i
  D:0004H         SYMBOL        j
  X:005BH         SYMBOL        k
  -------         ENDDO         
  C:3576H         LINE#         93
  C:357DH         LINE#         94
  C:357DH         LINE#         96
  C:3582H         LINE#         97
  C:3582H         LINE#         98
  C:3585H         LINE#         99
  C:3585H         LINE#         100
  C:3592H         LINE#         101
  C:35A6H         LINE#         1999
  C:35A6H         LINE#         2001
  C:35A6H         LINE#         2002
  C:35B0H         LINE#         2003
  C:35B0H         LINE#         2004
  C:35C6H         LINE#         2005
  -------         ENDPROC       _STOPDELAY
  -------         PROC          WAITKEY
BL51 BANKED LINKER/LOCATER V6.22                                                      12/22/2021  08:00:39  PAGE 10


  C:3988H         LINE#         2035
  C:3988H         LINE#         2036
  C:3988H         LINE#         2038
  C:398BH         LINE#         2039
  C:398BH         LINE#         2041
  C:398EH         LINE#         2043
  C:3990H         LINE#         2044
  C:3997H         LINE#         2045
  C:399AH         LINE#         2047
  -------         ENDPROC       WAITKEY
  -------         PROC          CONNTOUSB
  -------         DO            
  X:005DH         SYMBOL        i
  X:027CH         SYMBOL        reg_data
  X:0294H         SYMBOL        para_data
  D:0007H         SYMBOL        dat
  X:005EH         SYMBOL        reg_index
  X:0060H         SYMBOL        data_num
  X:0061H         SYMBOL        st
  -------         ENDDO         
  C:008EH         LINE#         2053
  C:008EH         LINE#         2054
  C:008EH         LINE#         2061
  C:00A1H         LINE#         2063
  C:00A9H         LINE#         2064
  C:00A9H         LINE#         2065
  C:00B7H         LINE#         2066
  C:00B7H         LINE#         2067
  C:00C8H         LINE#         2068
  C:00C8H         LINE#         2069
  C:00EEH         LINE#         2070
  C:00F0H         LINE#         2071
  C:0104H         LINE#         2072
  C:0104H         LINE#         2073
  C:012AH         LINE#         2075
  C:012AH         LINE#         2076
  C:012AH         LINE#         2077
  C:012AH         LINE#         2079
  C:012AH         LINE#         2080
  C:0132H         LINE#         2081
  C:013CH         LINE#         2082
  C:0146H         LINE#         2084
  C:0162H         LINE#         2086
  C:016CH         LINE#         2087
  C:016CH         LINE#         2088
  C:017DH         LINE#         2089
  C:017DH         LINE#         2090
  C:018EH         LINE#         2091
  C:018EH         LINE#         2092
  C:01E1H         LINE#         2093
  C:01E3H         LINE#         2094
  C:01F9H         LINE#         2095
  C:01F9H         LINE#         2096
  C:024BH         LINE#         2097
  C:024BH         LINE#         2098
  C:024BH         LINE#         2099
  C:024BH         LINE#         2101
BL51 BANKED LINKER/LOCATER V6.22                                                      12/22/2021  08:00:39  PAGE 11


  C:024BH         LINE#         2102
  C:0253H         LINE#         2103
  C:0253H         LINE#         2104
  C:025DH         LINE#         2105
  C:0267H         LINE#         2107
  C:026BH         LINE#         2108
  C:026EH         LINE#         2112
  C:0276H         LINE#         2113
  C:0276H         LINE#         2114
  C:0285H         LINE#         2115
  C:0285H         LINE#         2116
  C:0287H         LINE#         2118
  C:0289H         LINE#         2119
  C:02A5H         LINE#         2120
  C:02A7H         LINE#         2122
  C:02D0H         LINE#         2123
  C:02F4H         LINE#         2124
  C:02FEH         LINE#         2125
  C:02FEH         LINE#         2126
  C:0306H         LINE#         2127
  C:030DH         LINE#         2128
  C:0318H         LINE#         2129
  C:031EH         LINE#         2130
  C:031EH         LINE#         2131
  C:0327H         LINE#         2133
  C:032BH         LINE#         2134
  C:0337H         LINE#         2135
  C:033AH         LINE#         2138
  C:0342H         LINE#         2139
  C:0342H         LINE#         2140
  C:034BH         LINE#         2141
  C:034BH         LINE#         2142
  C:035BH         LINE#         2143
  C:035BH         LINE#         2144
  C:035DH         LINE#         2146
  C:035FH         LINE#         2147
  C:037BH         LINE#         2148
  C:037DH         LINE#         2150
  C:03A6H         LINE#         2151
  C:03CAH         LINE#         2153
  C:03D4H         LINE#         2154
  C:03D4H         LINE#         2155
  C:03DCH         LINE#         2156
  C:03E3H         LINE#         2157
  C:03EEH         LINE#         2158
  C:03F4H         LINE#         2159
  C:03F4H         LINE#         2161
  C:03FDH         LINE#         2167
  C:03FDH         LINE#         2168
  C:040AH         LINE#         2169
  C:040AH         LINE#         2170
  C:040CH         LINE#         2172
  C:040EH         LINE#         2173
  C:042AH         LINE#         2174
  C:042CH         LINE#         2176
  C:0434H         LINE#         2177
  C:0438H         LINE#         2178
BL51 BANKED LINKER/LOCATER V6.22                                                      12/22/2021  08:00:39  PAGE 12


  C:0444H         LINE#         2179
  C:0444H         LINE#         2180
  C:0447H         LINE#         2183
  C:044FH         LINE#         2184
  C:044FH         LINE#         2185
  C:0460H         LINE#         2186
  C:0460H         LINE#         2187
  C:046DH         LINE#         2188
  C:046DH         LINE#         2189
  C:048BH         LINE#         2190
  C:048DH         LINE#         2191
  C:049DH         LINE#         2192
  C:049DH         LINE#         2193
  C:04BBH         LINE#         2194
  C:04BDH         LINE#         2195
  C:04CEH         LINE#         2196
  C:04CEH         LINE#         2197
  C:04D8H         LINE#         2198
  C:04E2H         LINE#         2199
  C:04E2H         LINE#         2200
  C:04E2H         LINE#         2201
  C:04E2H         LINE#         2203
  C:04E2H         LINE#         2204
  C:04EBH         LINE#         2205
  C:04EFH         LINE#         2206
  C:04FBH         LINE#         2207
  C:04FEH         LINE#         2210
  C:0506H         LINE#         2211
  C:0506H         LINE#         2212
  C:0513H         LINE#         2213
  C:0524H         LINE#         2215
  C:052DH         LINE#         2216
  C:053CH         LINE#         2218
  C:0544H         LINE#         2219
  C:0544H         LINE#         2220
  C:054DH         LINE#         2221
  C:055CH         LINE#         2222
  C:055CH         LINE#         2223
  C:055FH         LINE#         2224
  C:056EH         LINE#         2225
  C:057AH         LINE#         2226
  C:0580H         LINE#         2227
  C:0580H         LINE#         2229
  C:0584H         LINE#         2230
  C:0593H         LINE#         2232
  C:059AH         LINE#         2233
  C:05B6H         LINE#         2234
  C:05C0H         LINE#         2235
  C:05C0H         LINE#         2236
  C:05E6H         LINE#         2237
  C:05F9H         LINE#         2238
  C:05F9H         LINE#         2239
  C:064BH         LINE#         2240
  C:0653H         LINE#         2241
  C:0653H         LINE#         2242
  C:0653H         LINE#         2245
  C:0658H         LINE#         2246
BL51 BANKED LINKER/LOCATER V6.22                                                      12/22/2021  08:00:39  PAGE 13


  C:0658H         LINE#         2247
  C:0665H         LINE#         2248
  C:0676H         LINE#         2250
  C:067CH         LINE#         2251
  C:0680H         LINE#         2252
  C:0683H         LINE#         2253
  C:0687H         LINE#         2255
  C:068BH         LINE#         2256
  C:0697H         LINE#         2257
  C:0699H         LINE#         2258
  -------         ENDPROC       CONNTOUSB
  -------         PROC          MCU_INIT
  -------         DO            
  D:0007H         SYMBOL        n
  -------         ENDDO         
  C:36B0H         LINE#         2261
  C:36B0H         LINE#         2262
  C:36B0H         LINE#         2264
  C:36B3H         LINE#         2267
  C:36B6H         LINE#         2268
  C:36B9H         LINE#         2270
  C:36BCH         LINE#         2272
  C:36C2H         LINE#         2274
  C:36C5H         LINE#         2275
  C:36CAH         LINE#         2276
  C:36CDH         LINE#         2278
  C:36D0H         LINE#         2281
  C:36D3H         LINE#         2282
  C:36D6H         LINE#         2284
  C:36D9H         LINE#         2285
  C:36DCH         LINE#         2287
  C:36DFH         LINE#         2288
  C:36E2H         LINE#         2290
  C:36E5H         LINE#         2291
  C:36E8H         LINE#         2292
  C:36EAH         LINE#         2293
  C:36ECH         LINE#         2295
  C:36EFH         LINE#         2296
  C:36F2H         LINE#         2298
  -------         ENDPROC       MCU_INIT
  -------         PROC          DEVICES_INIT
  C:32DDH         LINE#         2300
  C:32DDH         LINE#         2301
  C:32DDH         LINE#         2303
  C:32E0H         LINE#         2306
  C:32E3H         LINE#         2307
  C:333DH         LINE#         2308
  C:3340H         LINE#         2311
  C:3343H         LINE#         2312
  C:3346H         LINE#         2320
  -------         ENDPROC       DEVICES_INIT
  -------         PROC          SUSPEND_DEVICE
  C:0040H         LINE#         2324
  C:0040H         LINE#         2325
  C:0040H         LINE#         2326
  -------         ENDPROC       SUSPEND_DEVICE
  -------         PROC          USB_API_TEST_ISR
BL51 BANKED LINKER/LOCATER V6.22                                                      12/22/2021  08:00:39  PAGE 14


  -------         DO            
  X:0056H         SYMBOL        INTVAL
  -------         ENDDO         
  C:1F20H         LINE#         2330
  C:1F3DH         LINE#         2332
  C:1F44H         LINE#         2334
  C:1F4AH         LINE#         2335
  C:1F4AH         LINE#         2336
  C:1F55H         LINE#         2338
  C:1F71H         LINE#         2339
  C:1F71H         LINE#         2340
  C:1F73H         LINE#         2341
  C:1F75H         LINE#         2342
  C:1F8BH         LINE#         2343
  C:1F8BH         LINE#         2344
  C:1F8DH         LINE#         2345
  C:1F8FH         LINE#         2346
  C:1FA7H         LINE#         2347
  C:1FA7H         LINE#         2348
  C:1FA9H         LINE#         2349
  C:1FABH         LINE#         2350
  C:1FC5H         LINE#         2351
  C:1FC5H         LINE#         2352
  C:1FC7H         LINE#         2353
  C:1FC9H         LINE#         2354
  C:1FDEH         LINE#         2355
  C:1FDEH         LINE#         2356
  C:1FE0H         LINE#         2357
  C:1FE2H         LINE#         2359
  C:1FE2H         LINE#         2360
  C:1FE7H         LINE#         2361
  C:1FE7H         LINE#         2362
  C:1FE7H         LINE#         2364
  C:1FE7H         LINE#         2365
  C:1FE7H         LINE#         2367
  C:1FE7H         LINE#         2369
  C:1FEDH         LINE#         2370
  C:1FEDH         LINE#         2371
  C:1FF0H         LINE#         2372
  C:1FF0H         LINE#         2374
  C:1FF6H         LINE#         2375
  C:1FF6H         LINE#         2376
  C:1FF9H         LINE#         2377
  C:1FF9H         LINE#         2379
  C:1FFFH         LINE#         2380
  C:1FFFH         LINE#         2381
  C:201BH         LINE#         2382
  C:201BH         LINE#         2384
  C:2021H         LINE#         2385
  C:2021H         LINE#         2386
  C:2026H         LINE#         2387
  C:2042H         LINE#         2388
  C:2042H         LINE#         2389
  -------         ENDPROC       USB_API_TEST_ISR
  -------         ENDMOD        MAIN

  -------         MODULE        MMC_SD
BL51 BANKED LINKER/LOCATER V6.22                                                      12/22/2021  08:00:39  PAGE 15


  C:0000H         SYMBOL        _ICE_DUMMY_
  D:00A2H         PUBLIC        SPI0CKR
  D:0080H         PUBLIC        P0
  D:0090H         PUBLIC        P1
  D:00B0H         PUBLIC        P3
  C:3182H         PUBLIC        _MMC_SD_SendCommand
  C:3349H         PUBLIC        _MMC_SD_ReadSingleBlock
  C:399BH         PUBLIC        SD_Init
  C:308FH         PUBLIC        _MMC_SD_WriteSingleBlock
  B:00F8H.7       PUBLIC        SPIF
  B:00F8H.2       PUBLIC        NSSMD0
  C:2769H         PUBLIC        MMC_SD_Reset
  D:00A9H         PUBLIC        CLKSEL
  C:39C6H         PUBLIC        SPI_ReadByte
  C:3954H         PUBLIC        _SPI_WriteByte
  D:00A3H         PUBLIC        SPI0DAT
  X:007CH         PUBLIC        buffer
  C:3948H         SYMBOL        L?0062
  C:394DH         SYMBOL        L?0063
  -------         PROC          L?0061
  -------         ENDPROC       L?0061
  C:3948H         SYMBOL        L?0062
  C:394DH         SYMBOL        L?0063
  -------         PROC          _SPI_WRITEBYTE
  D:0007H         SYMBOL        val
  -------         DO            
  D:0007H         SYMBOL        ret
  -------         ENDDO         
  C:3954H         LINE#         7
  C:3954H         LINE#         8
  C:3954H         LINE#         11
  C:3956H         LINE#         12
  C:3959H         LINE#         13
  C:395BH         LINE#         14
  C:395DH         LINE#         15
  C:395DH         LINE#         16
  -------         ENDPROC       _SPI_WRITEBYTE
  -------         PROC          SPI_READBYTE
  -------         DO            
  D:0007H         SYMBOL        ret
  -------         ENDDO         
  C:39C6H         LINE#         18
  C:39C6H         LINE#         19
  C:39C6H         LINE#         22
  C:39C9H         LINE#         23
  C:39CCH         LINE#         24
  C:39CEH         LINE#         25
  C:39D0H         LINE#         26
  C:39D0H         LINE#         27
  -------         ENDPROC       SPI_READBYTE
  -------         PROC          _MMC_SD_SENDCOMMAND
  D:0006H         SYMBOL        cmd
  X:0067H         SYMBOL        arg
  -------         DO            
  D:0007H         SYMBOL        r1
  D:0003H         SYMBOL        retry
  -------         ENDDO         
BL51 BANKED LINKER/LOCATER V6.22                                                      12/22/2021  08:00:39  PAGE 16


  C:3182H         LINE#         29
  C:3184H         LINE#         30
  C:3184H         LINE#         32
  C:3186H         LINE#         34
  C:3186H         LINE#         35
  C:3186H         LINE#         36
  C:3189H         LINE#         37
  C:3189H         LINE#         38
  C:3189H         LINE#         39
  C:318CH         LINE#         41
  C:318EH         LINE#         43
  C:3195H         LINE#         44
  C:31AAH         LINE#         45
  C:31BFH         LINE#         46
  C:31D4H         LINE#         47
  C:31DEH         LINE#         48
  C:31E3H         LINE#         50
  C:31EBH         LINE#         51
  C:31F4H         LINE#         53
  C:31F6H         LINE#         55
  C:31F6H         LINE#         56
  -------         ENDPROC       _MMC_SD_SENDCOMMAND
  -------         PROC          MMC_SD_RESET
  -------         DO            
  D:0005H         SYMBOL        i
  D:0002H         SYMBOL        retry
  D:0006H         SYMBOL        r1
  -------         ENDDO         
  C:2769H         LINE#         58
  C:2769H         LINE#         59
  C:2769H         LINE#         62
  C:276BH         LINE#         64
  C:276CH         LINE#         65
  C:276FH         LINE#         66
  C:2772H         LINE#         68
  C:2772H         LINE#         69
  C:277EH         LINE#         70
  C:278EH         LINE#         71
  C:278FH         LINE#         72
  C:2795H         LINE#         73
  C:2799H         LINE#         75
  C:279BH         LINE#         77
  C:279BH         LINE#         79
  C:279BH         LINE#         80
  C:27ABH         LINE#         81
  C:27ACH         LINE#         82
  C:27B5H         LINE#         83
  C:27B9H         LINE#         85
  C:27BBH         LINE#         86
  C:27CBH         LINE#         87
  C:27CCH         LINE#         88
  C:27D5H         LINE#         89
  C:27D8H         LINE#         91
  C:27DBH         LINE#         92
  C:27DBH         LINE#         93
  C:27DDH         LINE#         95
  C:27DDH         LINE#         96
BL51 BANKED LINKER/LOCATER V6.22                                                      12/22/2021  08:00:39  PAGE 17


  C:27EDH         LINE#         97
  C:27EEH         LINE#         98
  C:27F7H         LINE#         99
  C:27FAH         LINE#         100
  C:27FAH         LINE#         101
  C:280AH         LINE#         103
  C:2818H         LINE#         104
  C:281BH         LINE#         105
  C:281EH         LINE#         106
  C:281FH         LINE#         107
  -------         ENDPROC       MMC_SD_RESET
  -------         PROC          _MMC_SD_READSINGLEBLOCK
  X:0010H         SYMBOL        sector
  -------         DO            
  D:0007H         SYMBOL        r1
  D:0004H         SYMBOL        i
  D:0002H         SYMBOL        retry
  -------         ENDDO         
  C:3349H         LINE#         109
  C:334EH         LINE#         110
  C:334EH         LINE#         113
  C:3350H         LINE#         115
  C:3353H         LINE#         117
  C:3353H         LINE#         118
  C:336FH         LINE#         119
  C:3370H         LINE#         120
  C:3379H         LINE#         121
  C:337CH         LINE#         124
  C:337EH         LINE#         126
  C:3384H         LINE#         128
  C:3387H         LINE#         129
  C:3387H         LINE#         130
  C:3396H         LINE#         131
  C:33A3H         LINE#         133
  C:33A3H         LINE#         134
  C:33A6H         LINE#         136
  C:33A8H         LINE#         137
  C:33ABH         LINE#         138
  C:33ACH         LINE#         139
  -------         ENDPROC       _MMC_SD_READSINGLEBLOCK
  -------         PROC          _MMC_SD_WRITESINGLEBLOCK
  X:0062H         SYMBOL        sector
  -------         DO            
  D:0006H         SYMBOL        r1
  D:0004H         SYMBOL        i
  D:0002H         SYMBOL        retry
  -------         ENDDO         
  C:308FH         LINE#         141
  C:3094H         LINE#         142
  C:3094H         LINE#         145
  C:3096H         LINE#         147
  C:3099H         LINE#         149
  C:3099H         LINE#         150
  C:30B7H         LINE#         151
  C:30B8H         LINE#         152
  C:30C1H         LINE#         153
  C:30C4H         LINE#         157
BL51 BANKED LINKER/LOCATER V6.22                                                      12/22/2021  08:00:39  PAGE 18


  C:30C6H         LINE#         159
  C:30CBH         LINE#         161
  C:30D0H         LINE#         163
  C:30D2H         LINE#         164
  C:30D2H         LINE#         165
  C:30E1H         LINE#         166
  C:30EEH         LINE#         168
  C:30EEH         LINE#         169
  C:30EEH         LINE#         171
  C:30F3H         LINE#         173
  C:30FAH         LINE#         174
  C:30FAH         LINE#         175
  C:30FCH         LINE#         176
  C:30FDH         LINE#         177
  C:30FDH         LINE#         179
  C:3105H         LINE#         181
  C:3107H         LINE#         182
  C:310AH         LINE#         183
  C:310BH         LINE#         184
  -------         ENDPROC       _MMC_SD_WRITESINGLEBLOCK
  -------         PROC          SD_INIT
  -------         DO            
  D:0001H         SYMBOL        n
  -------         ENDDO         
  C:399BH         LINE#         187
  C:399BH         LINE#         188
  C:399BH         LINE#         189
  C:399DH         LINE#         191
  C:39A3H         LINE#         192
  C:39A3H         LINE#         193
  C:39A4H         LINE#         194
  C:39ABH         LINE#         196
  -------         ENDPROC       SD_INIT
  -------         ENDMOD        MMC_SD

  -------         MODULE        LCD
  C:0000H         SYMBOL        _ICE_DUMMY_
  D:0080H         PUBLIC        P0
  C:2A34H         PUBLIC        DispFrame
  D:0090H         PUBLIC        P1
  C:2AD8H         PUBLIC        DispScaleVer_Green
  D:00A0H         PUBLIC        P2
  D:00B0H         PUBLIC        P3
  D:00C7H         PUBLIC        P4
  C:1C41H         PUBLIC        DispBand
  C:38BEH         PUBLIC        _WriteData
  C:069AH         PUBLIC        ascii
  C:1412H         PUBLIC        _LCD_Read_IC_ID
  D:00A6H         PUBLIC        P2MDOUT
  C:0046H         PUBLIC        _DispColor
  C:2F83H         PUBLIC        DispScaleVer_Blue
  C:2E67H         PUBLIC        _DrawGird
  C:3009H         PUBLIC        _DrawLine
  C:3914H         PUBLIC        _WriteComm
  C:37D2H         PUBLIC        _WriteDispData
  C:2DD6H         PUBLIC        DispScaleVer_Gray
  B:00B0H.1       PUBLIC        RS
BL51 BANKED LINKER/LOCATER V6.22                                                      12/22/2021  08:00:39  PAGE 19


  B:0090H.7       PUBLIC        SPI_CLK
  C:2D45H         PUBLIC        DispScaleVer_Red
  D:00F3H         PUBLIC        P2MDIN
  C:2194H         PUBLIC        DispScaleVer
  C:33ADH         PUBLIC        _DispPic
  C:26CEH         PUBLIC        _DispOneChar
  C:310CH         PUBLIC        DispGrayHor32
  C:2C14H         PUBLIC        DispGrayHor16
  C:2820H         PUBLIC        _DispInt
  C:35C7H         PUBLIC        _PutPixel
  D:00A9H         PUBLIC        CLKSEL
  B:0090H.6       PUBLIC        RD0
  B:00B0H.0       PUBLIC        CS0
  X:0054H         PUBLIC        LCM_ID
  C:38D9H         PUBLIC        LCD_Init
  C:2CAFH         PUBLIC        _DispStr
  B:0090H.7       PUBLIC        WR0
  C:1644H         PUBLIC        DispScaleHor1
  B:0090H.6       PUBLIC        SPI_DI
  C:39D1H         PUBLIC        _WriteOneDot
  C:1A87H         PUBLIC        DispScaleHor2
  C:24E8H         PUBLIC        _DispPicFromSD
  B:0080H.7       PUBLIC        DIR
  C:340EH         PUBLIC        _ToOrd
  B:0080H.5       PUBLIC        RST
  C:395EH         PUBLIC        ReadData
  C:2B92H         PUBLIC        _?BlockWrite
  -------         PROC          _LCD_READ_IC_ID
  X:0062H         SYMBOL        ID
  D:0004H         SYMBOL        Bug
  D:0003H         SYMBOL        flog
  -------         DO            
  X:0063H         SYMBOL        id
  X:0065H         SYMBOL        id1
  X:0067H         SYMBOL        temp
  D:0005H         SYMBOL        i
  D:0007H         SYMBOL        dat
  D:0001H         SYMBOL        id2
  X:0069H         SYMBOL        id3
  D:0002H         SYMBOL        id4
  -------         ENDDO         
  C:1412H         LINE#         35
  C:1416H         LINE#         36
  C:1416H         LINE#         40
  C:141EH         LINE#         41
  C:141EH         LINE#         43
  C:1420H         LINE#         44
  C:1422H         LINE#         45
  C:1424H         LINE#         47
  C:1427H         LINE#         48
  C:1429H         LINE#         49
  C:142BH         LINE#         50
  C:142DH         LINE#         53
  C:1430H         LINE#         54
  C:1433H         LINE#         55
  C:1436H         LINE#         56
  C:1438H         LINE#         57
BL51 BANKED LINKER/LOCATER V6.22                                                      12/22/2021  08:00:39  PAGE 20


  C:143AH         LINE#         58
  C:143CH         LINE#         63
  C:1446H         LINE#         65
  C:144CH         LINE#         66
  C:1454H         LINE#         68
  C:145AH         LINE#         69
  C:1460H         LINE#         70
  C:146AH         LINE#         72
  C:1470H         LINE#         73
  C:1472H         LINE#         75
  C:1478H         LINE#         77
  C:147EH         LINE#         78
  C:1488H         LINE#         80
  C:148EH         LINE#         81
  C:1493H         LINE#         83
  C:1499H         LINE#         85
  C:14A3H         LINE#         86
  C:14ADH         LINE#         88
  C:14B3H         LINE#         89
  C:14B5H         LINE#         91
  C:14C5H         LINE#         92
  C:14CFH         LINE#         94
  C:14D2H         LINE#         95
  C:14D6H         LINE#         96
  C:14D6H         LINE#         97
  C:14DFH         LINE#         98
  C:14E5H         LINE#         99
  C:14E5H         LINE#         100
  C:14EFH         LINE#         101
  C:14F1H         LINE#         102
  C:14F5H         LINE#         103
  C:14F5H         LINE#         104
  C:1504H         LINE#         105
  C:1504H         LINE#         108
  C:1504H         LINE#         109
  C:150DH         LINE#         110
  C:150DH         LINE#         112
  C:1510H         LINE#         113
  C:1514H         LINE#         114
  C:1516H         LINE#         115
  C:1518H         LINE#         116
  C:151AH         LINE#         117
  C:151AH         LINE#         118
  C:151CH         LINE#         119
  C:1524H         LINE#         120
  C:1526H         LINE#         122
  C:1528H         LINE#         123
  C:152CH         LINE#         124
  C:1531H         LINE#         125
  C:1534H         LINE#         128
  C:153EH         LINE#         129
  C:153EH         LINE#         130
  C:1540H         LINE#         131
  C:1540H         LINE#         132
  C:1542H         LINE#         133
  C:1544H         LINE#         134
  C:1546H         LINE#         135
BL51 BANKED LINKER/LOCATER V6.22                                                      12/22/2021  08:00:39  PAGE 21


  C:155DH         LINE#         136
  C:155FH         LINE#         137
  C:1561H         LINE#         138
  C:1568H         LINE#         139
  C:1572H         LINE#         140
  C:1572H         LINE#         141
  C:1574H         LINE#         142
  C:1574H         LINE#         143
  C:1576H         LINE#         144
  C:1578H         LINE#         145
  C:157AH         LINE#         146
  C:1591H         LINE#         147
  C:1593H         LINE#         148
  C:1595H         LINE#         149
  C:159AH         LINE#         150
  C:159AH         LINE#         152
  C:159CH         LINE#         153
  C:159CH         LINE#         154
  C:159EH         LINE#         155
  C:15A0H         LINE#         156
  C:15A2H         LINE#         157
  C:15B9H         LINE#         158
  C:15BBH         LINE#         159
  C:15BDH         LINE#         160
  C:15C2H         LINE#         162
  C:15C4H         LINE#         163
  C:15C4H         LINE#         164
  C:15C6H         LINE#         165
  C:15C8H         LINE#         166
  C:15CAH         LINE#         167
  C:15D4H         LINE#         168
  C:15D6H         LINE#         169
  C:15D8H         LINE#         170
  C:15DDH         LINE#         172
  C:15DFH         LINE#         173
  C:15DFH         LINE#         174
  C:15E1H         LINE#         175
  C:15E3H         LINE#         176
  C:15E5H         LINE#         177
  C:15F1H         LINE#         178
  C:15F3H         LINE#         179
  C:15F5H         LINE#         180
  C:15FAH         LINE#         181
  C:15FDH         LINE#         182
  C:15FFH         LINE#         183
  C:1601H         LINE#         184
  C:1603H         LINE#         185
  C:1605H         LINE#         186
  C:1607H         LINE#         187
  C:1609H         LINE#         189
  C:160DH         LINE#         190
  C:160DH         LINE#         191
  C:161DH         LINE#         193
  C:1628H         LINE#         194
  C:1628H         LINE#         195
  C:1628H         LINE#         197
  C:162EH         LINE#         198
BL51 BANKED LINKER/LOCATER V6.22                                                      12/22/2021  08:00:39  PAGE 22


  C:162EH         LINE#         199
  C:163AH         LINE#         200
  C:163AH         LINE#         202
  C:163AH         LINE#         203
  C:163CH         LINE#         204
  C:1643H         LINE#         205
  -------         ENDPROC       _LCD_READ_IC_ID
  -------         PROC          _WRITECOMM
  D:0004H         SYMBOL        i
  -------         DO            
  X:007AH         SYMBOL        j
  X:007BH         SYMBOL        DataH
  -------         ENDDO         
  C:3914H         LINE#         208
  C:3918H         LINE#         209
  C:3918H         LINE#         211
  C:391CH         LINE#         212
  C:391EH         LINE#         234
  C:391EH         LINE#         235
  C:3920H         LINE#         236
  C:3922H         LINE#         237
  C:3924H         LINE#         238
  C:3928H         LINE#         239
  C:392AH         LINE#         240
  C:392CH         LINE#         241
  C:392CH         LINE#         319
  C:392EH         LINE#         320
  -------         ENDPROC       _WRITECOMM
  -------         PROC          L?0451
  -------         ENDPROC       L?0451
  -------         PROC          _WRITEDATA
  D:0004H         SYMBOL        i
  -------         DO            
  X:007AH         SYMBOL        j
  X:007BH         SYMBOL        DataH
  -------         ENDDO         
  C:38BEH         LINE#         322
  C:38C2H         LINE#         323
  C:38C2H         LINE#         325
  C:38C6H         LINE#         326
  C:38C8H         LINE#         352
  C:38C8H         LINE#         353
  C:38CAH         LINE#         354
  C:38CCH         LINE#         355
  C:38CEH         LINE#         356
  C:38D2H         LINE#         357
  C:38D4H         LINE#         358
  C:38D6H         LINE#         359
  C:38D6H         LINE#         514
  C:38D8H         LINE#         515
  -------         ENDPROC       _WRITEDATA
  C:37BDH         SYMBOL        L?0450
  -------         PROC          L?0449
  -------         ENDPROC       L?0449
  C:37BDH         SYMBOL        L?0450
  -------         PROC          _WRITEDISPDATA
  D:0007H         SYMBOL        DataH
BL51 BANKED LINKER/LOCATER V6.22                                                      12/22/2021  08:00:39  PAGE 23


  D:0005H         SYMBOL        DataL
  -------         DO            
  X:007AH         SYMBOL        j
  -------         ENDDO         
  C:37D2H         LINE#         517
  C:37D2H         LINE#         518
  C:37D2H         LINE#         520
  C:37D4H         LINE#         545
  C:37D4H         LINE#         546
  C:37D6H         LINE#         547
  C:37D8H         LINE#         548
  C:37DAH         LINE#         549
  C:37DEH         LINE#         550
  C:37E0H         LINE#         551
  C:37E2H         LINE#         552
  C:37E2H         LINE#         639
  C:37E4H         LINE#         640
  -------         ENDPROC       _WRITEDISPDATA
  -------         PROC          _WRITEONEDOT
  D:0004H         SYMBOL        color
  C:39D1H         LINE#         642
  C:39D5H         LINE#         643
  C:39D5H         LINE#         656
  -------         ENDPROC       _WRITEONEDOT
  -------         PROC          LCD_INIT
  C:38D9H         LINE#         665
  C:38D9H         LINE#         666
  C:38D9H         LINE#         667
  C:38DCH         LINE#         670
  C:38DEH         LINE#         671
  C:38E5H         LINE#         673
  C:38E7H         LINE#         674
  C:38EEH         LINE#         676
  C:38F0H         LINE#         677
  -------         ENDPROC       LCD_INIT
  C:2B79H         SYMBOL        L?0443
  C:2B7FH         SYMBOL        L?0444
  C:2B88H         SYMBOL        L?0445
  -------         PROC          L?0442
  -------         ENDPROC       L?0442
  C:2B79H         SYMBOL        L?0443
  C:2B7FH         SYMBOL        L?0444
  C:2B88H         SYMBOL        L?0445
  -------         PROC          _?BLOCKWRITE
  p:0000H         SYMBOL        Xstart
  p:0002H         SYMBOL        Xend
  p:0004H         SYMBOL        Ystart
  p:0006H         SYMBOL        Yend
  C:2B92H         LINE#         6803
  C:2BB3H         LINE#         6950
  C:2BBAH         LINE#         6951
  C:2BC1H         LINE#         6952
  C:2BC9H         LINE#         6953
  C:2BD4H         LINE#         6954
  C:2BDEH         LINE#         6956
  C:2BE3H         LINE#         6957
  C:2BEDH         LINE#         6959
BL51 BANKED LINKER/LOCATER V6.22                                                      12/22/2021  08:00:39  PAGE 24


  C:2BF4H         LINE#         6960
  C:2BFEH         LINE#         6961
  C:2C05H         LINE#         6967
  C:2C0AH         LINE#         6970
  C:2C0DH         LINE#         6975
  -------         ENDPROC       _?BLOCKWRITE
  -------         PROC          _DISPCOLOR
  D:0004H         SYMBOL        color
  -------         DO            
  X:0059H         SYMBOL        i
  D:0002H         SYMBOL        m
  X:005BH         SYMBOL        DataH
  X:005CH         SYMBOL        DataL
  -------         ENDDO         
  C:0046H         LINE#         7030
  C:0048H         LINE#         7031
  C:0048H         LINE#         7034
  C:004EH         LINE#         7036
  C:0051H         LINE#         7038
  C:0053H         LINE#         7039
  C:0059H         LINE#         7040
  C:0059H         LINE#         7041
  C:005CH         LINE#         7042
  C:005CH         LINE#         7043
  C:0066H         LINE#         7044
  C:0071H         LINE#         7045
  C:0087H         LINE#         7047
  C:0089H         LINE#         7048
  -------         ENDPROC       _DISPCOLOR
  -------         PROC          DISPFRAME
  -------         DO            
  D:0002H         SYMBOL        i
  X:0059H         SYMBOL        j
  D:0001H         SYMBOL        DataH
  D:0006H         SYMBOL        DataL
  -------         ENDDO         
  C:2A34H         LINE#         7050
  C:2A34H         LINE#         7051
  C:2A34H         LINE#         7054
  C:2A37H         LINE#         7056
  C:2A39H         LINE#         7059
  C:2A3DH         LINE#         7060
  C:2A43H         LINE#         7062
  C:2A43H         LINE#         7063
  C:2A43H         LINE#         7064
  C:2A47H         LINE#         7065
  C:2A4EH         LINE#         7066
  C:2A59H         LINE#         7068
  C:2A5DH         LINE#         7069
  C:2A63H         LINE#         7071
  C:2A68H         LINE#         7072
  C:2A68H         LINE#         7073
  C:2A6CH         LINE#         7074
  C:2A72H         LINE#         7076
  C:2A74H         LINE#         7077
  C:2A74H         LINE#         7078
  C:2A77H         LINE#         7079
BL51 BANKED LINKER/LOCATER V6.22                                                      12/22/2021  08:00:39  PAGE 25


  C:2A7CH         LINE#         7080
  C:2A87H         LINE#         7082
  C:2A8BH         LINE#         7083
  C:2A91H         LINE#         7085
  C:2AA7H         LINE#         7087
  C:2AABH         LINE#         7088
  C:2AB1H         LINE#         7090
  C:2AB3H         LINE#         7091
  C:2AB3H         LINE#         7092
  C:2AB7H         LINE#         7093
  C:2ABEH         LINE#         7094
  C:2AC9H         LINE#         7096
  C:2ACDH         LINE#         7097
  C:2AD3H         LINE#         7099
  C:2AD5H         LINE#         7100
  C:2AD7H         LINE#         7101
  -------         ENDPROC       DISPFRAME
  -------         PROC          DISPBAND
  -------         DO            
  D:0002H         SYMBOL        i
  X:0059H         SYMBOL        j
  X:005AH         SYMBOL        k
  X:005BH         SYMBOL        m
  X:005CH         SYMBOL        n
  X:005DH         SYMBOL        x
  -------         ENDDO         
  C:1C41H         LINE#         7103
  C:1C41H         LINE#         7104
  C:1C41H         LINE#         7107
  C:1C4AH         LINE#         7108
  C:1C53H         LINE#         7109
  C:1C55H         LINE#         7111
  C:1C5DH         LINE#         7112
  C:1C69H         LINE#         7113
  C:1C69H         LINE#         7114
  C:1C84H         LINE#         7115
  C:1C9FH         LINE#         7116
  C:1CCBH         LINE#         7117
  C:1CD2H         LINE#         7118
  C:1CE1H         LINE#         7119
  C:1CE1H         LINE#         7120
  C:1CFCH         LINE#         7121
  C:1D17H         LINE#         7122
  C:1D43H         LINE#         7123
  C:1D4AH         LINE#         7124
  C:1D60H         LINE#         7125
  C:1D60H         LINE#         7126
  C:1D7BH         LINE#         7127
  C:1D96H         LINE#         7128
  C:1DC2H         LINE#         7129
  C:1DC9H         LINE#         7131
  C:1DCBH         LINE#         7132
  C:1DCEH         LINE#         7134
  -------         ENDPROC       DISPBAND
  -------         PROC          _DISPPIC
  D:0006H         SYMBOL        picture
  -------         DO            
BL51 BANKED LINKER/LOCATER V6.22                                                      12/22/2021  08:00:39  PAGE 26


  X:0014H         SYMBOL        p
  X:0017H         SYMBOL        n
  -------         ENDDO         
  C:33ADH         LINE#         7137
  C:33ADH         LINE#         7138
  C:33ADH         LINE#         7141
  C:33BCH         LINE#         7142
  C:33BCH         LINE#         7143
  C:33BCH         LINE#         7145
  C:33CDH         LINE#         7147
  C:33E0H         LINE#         7148
  C:33E0H         LINE#         7149
  C:3400H         LINE#         7150
  C:340DH         LINE#         7152
  -------         ENDPROC       _DISPPIC
  -------         PROC          _DISPPICFROMSD
  X:0019H         SYMBOL        PicNum
  -------         DO            
  X:001AH         SYMBOL        Address_S
  X:001EH         SYMBOL        Address_E
  D:0002H         SYMBOL        i
  X:0022H         SYMBOL        k
  -------         ENDDO         
  C:24E8H         LINE#         7156
  C:24EBH         LINE#         7157
  C:24EBH         LINE#         7163
  C:24EEH         LINE#         7166
  C:24F0H         LINE#         7168
  C:24F2H         LINE#         7170
  C:24FBH         LINE#         7171
  C:2526H         LINE#         7172
  C:254FH         LINE#         7173
  C:2572H         LINE#         7174
  C:2572H         LINE#         7175
  C:2582H         LINE#         7177
  C:258BH         LINE#         7178
  C:258BH         LINE#         7180
  C:25A6H         LINE#         7181
  C:25AFH         LINE#         7182
  C:25CEH         LINE#         7184
  C:25D0H         LINE#         7222
  -------         ENDPROC       _DISPPICFROMSD
  -------         PROC          DISPSCALEHOR1
  -------         DO            
  X:0026H         SYMBOL        i
  X:0028H         SYMBOL        j
  D:0002H         SYMBOL        k
  -------         ENDDO         
  C:1644H         LINE#         7227
  C:1644H         LINE#         7228
  C:1644H         LINE#         7231
  C:1647H         LINE#         7234
  C:1647H         LINE#         7235
  C:1647H         LINE#         7236
  C:1669H         LINE#         7237
  C:166FH         LINE#         7238
  C:166FH         LINE#         7239
BL51 BANKED LINKER/LOCATER V6.22                                                      12/22/2021  08:00:39  PAGE 27


  C:1675H         LINE#         7240
  C:1675H         LINE#         7241
  C:168AH         LINE#         7242
  C:16A0H         LINE#         7243
  C:16B6H         LINE#         7245
  C:16C1H         LINE#         7248
  C:16C4H         LINE#         7249
  C:16C4H         LINE#         7250
  C:16E6H         LINE#         7251
  C:16ECH         LINE#         7252
  C:16ECH         LINE#         7253
  C:16F2H         LINE#         7254
  C:16F2H         LINE#         7255
  C:171DH         LINE#         7256
  C:1733H         LINE#         7257
  C:1749H         LINE#         7258
  C:1757H         LINE#         7261
  C:175AH         LINE#         7262
  C:175AH         LINE#         7263
  C:177CH         LINE#         7264
  C:1782H         LINE#         7265
  C:1782H         LINE#         7266
  C:1788H         LINE#         7267
  C:1788H         LINE#         7268
  C:1792H         LINE#         7269
  C:17A8H         LINE#         7270
  C:17BEH         LINE#         7271
  C:17C9H         LINE#         7274
  C:17CCH         LINE#         7275
  C:17CCH         LINE#         7276
  C:17EEH         LINE#         7277
  C:17F4H         LINE#         7278
  C:17F4H         LINE#         7279
  C:17FAH         LINE#         7280
  C:17FAH         LINE#         7281
  C:182DH         LINE#         7282
  C:1843H         LINE#         7283
  C:1859H         LINE#         7284
  C:1867H         LINE#         7285
  C:1869H         LINE#         7286
  -------         ENDPROC       DISPSCALEHOR1
  -------         PROC          DISPSCALEVER
  -------         DO            
  X:002AH         SYMBOL        i
  X:002CH         SYMBOL        j
  D:0002H         SYMBOL        k
  -------         ENDDO         
  C:2194H         LINE#         7288
  C:2194H         LINE#         7289
  C:2194H         LINE#         7358
  C:2197H         LINE#         7360
  C:219DH         LINE#         7361
  C:219DH         LINE#         7362
  C:21A3H         LINE#         7363
  C:21A3H         LINE#         7364
  C:21A9H         LINE#         7365
  C:21BFH         LINE#         7366
BL51 BANKED LINKER/LOCATER V6.22                                                      12/22/2021  08:00:39  PAGE 28


  C:21C6H         LINE#         7368
  C:21C9H         LINE#         7369
  C:21C9H         LINE#         7371
  C:21CFH         LINE#         7372
  C:21CFH         LINE#         7374
  C:21D5H         LINE#         7375
  C:21D5H         LINE#         7376
  C:21E7H         LINE#         7377
  C:21FDH         LINE#         7379
  C:2203H         LINE#         7380
  C:2203H         LINE#         7381
  C:222BH         LINE#         7382
  C:2241H         LINE#         7384
  C:2247H         LINE#         7385
  C:2247H         LINE#         7386
  C:224EH         LINE#         7387
  C:2264H         LINE#         7389
  C:226AH         LINE#         7390
  C:226AH         LINE#         7391
  C:227EH         LINE#         7392
  C:2294H         LINE#         7394
  C:22ADH         LINE#         7396
  C:22BBH         LINE#         7398
  -------         ENDPROC       DISPSCALEVER
  -------         PROC          DISPSCALEVER_RED
  -------         DO            
  X:002EH         SYMBOL        i
  X:0030H         SYMBOL        j
  D:0002H         SYMBOL        k
  -------         ENDDO         
  C:2D45H         LINE#         7400
  C:2D45H         LINE#         7401
  C:2D45H         LINE#         7404
  C:2D48H         LINE#         7406
  C:2D4AH         LINE#         7408
  C:2D4CH         LINE#         7411
  C:2D52H         LINE#         7412
  C:2D52H         LINE#         7413
  C:2D58H         LINE#         7414
  C:2D58H         LINE#         7415
  C:2D5EH         LINE#         7416
  C:2D74H         LINE#         7417
  C:2D7BH         LINE#         7419
  C:2D7EH         LINE#         7420
  C:2D7EH         LINE#         7421
  C:2D84H         LINE#         7422
  C:2D84H         LINE#         7424
  C:2D8AH         LINE#         7425
  C:2D8AH         LINE#         7426
  C:2D9CH         LINE#         7427
  C:2DB2H         LINE#         7428
  C:2DC8H         LINE#         7430
  C:2DD3H         LINE#         7432
  C:2DD5H         LINE#         7433
  -------         ENDPROC       DISPSCALEVER_RED
  -------         PROC          DISPSCALEVER_GREEN
  -------         DO            
BL51 BANKED LINKER/LOCATER V6.22                                                      12/22/2021  08:00:39  PAGE 29


  X:0032H         SYMBOL        i
  X:0034H         SYMBOL        j
  D:0002H         SYMBOL        k
  -------         ENDDO         
  C:2AD8H         LINE#         7435
  C:2AD8H         LINE#         7436
  C:2AD8H         LINE#         7439
  C:2ADBH         LINE#         7441
  C:2ADDH         LINE#         7442
  C:2ADFH         LINE#         7445
  C:2AE5H         LINE#         7446
  C:2AE5H         LINE#         7447
  C:2AEBH         LINE#         7448
  C:2AEBH         LINE#         7449
  C:2AF1H         LINE#         7451
  C:2B07H         LINE#         7452
  C:2B0EH         LINE#         7454
  C:2B11H         LINE#         7455
  C:2B11H         LINE#         7456
  C:2B17H         LINE#         7457
  C:2B17H         LINE#         7459
  C:2B1DH         LINE#         7460
  C:2B1DH         LINE#         7462
  C:2B3EH         LINE#         7463
  C:2B54H         LINE#         7464
  C:2B6AH         LINE#         7466
  C:2B75H         LINE#         7468
  C:2B77H         LINE#         7469
  -------         ENDPROC       DISPSCALEVER_GREEN
  -------         PROC          DISPSCALEVER_BLUE
  -------         DO            
  X:0036H         SYMBOL        i
  X:0038H         SYMBOL        j
  D:0002H         SYMBOL        k
  -------         ENDDO         
  C:2F83H         LINE#         7471
  C:2F83H         LINE#         7472
  C:2F83H         LINE#         7475
  C:2F86H         LINE#         7477
  C:2F88H         LINE#         7478
  C:2F8AH         LINE#         7481
  C:2F90H         LINE#         7482
  C:2F90H         LINE#         7483
  C:2F96H         LINE#         7484
  C:2F96H         LINE#         7485
  C:2F9CH         LINE#         7486
  C:2FB2H         LINE#         7487
  C:2FB9H         LINE#         7489
  C:2FBCH         LINE#         7490
  C:2FBCH         LINE#         7491
  C:2FC2H         LINE#         7492
  C:2FC2H         LINE#         7494
  C:2FC8H         LINE#         7495
  C:2FC8H         LINE#         7496
  C:2FCFH         LINE#         7497
  C:2FE5H         LINE#         7498
  C:2FFBH         LINE#         7500
BL51 BANKED LINKER/LOCATER V6.22                                                      12/22/2021  08:00:39  PAGE 30


  C:3006H         LINE#         7502
  C:3008H         LINE#         7503
  -------         ENDPROC       DISPSCALEVER_BLUE
  -------         PROC          DISPSCALEVER_GRAY
  -------         DO            
  X:003AH         SYMBOL        i
  X:003CH         SYMBOL        j
  D:0002H         SYMBOL        k
  -------         ENDDO         
  C:2DD6H         LINE#         7505
  C:2DD6H         LINE#         7506
  C:2DD6H         LINE#         7509
  C:2DD9H         LINE#         7511
  C:2DDBH         LINE#         7516
  C:2DE1H         LINE#         7517
  C:2DE1H         LINE#         7518
  C:2DE7H         LINE#         7519
  C:2DE7H         LINE#         7520
  C:2DEDH         LINE#         7522
  C:2E03H         LINE#         7523
  C:2E0AH         LINE#         7525
  C:2E0DH         LINE#         7526
  C:2E0DH         LINE#         7527
  C:2E13H         LINE#         7528
  C:2E13H         LINE#         7530
  C:2E19H         LINE#         7531
  C:2E19H         LINE#         7532
  C:2E2DH         LINE#         7533
  C:2E43H         LINE#         7534
  C:2E59H         LINE#         7536
  C:2E64H         LINE#         7538
  C:2E66H         LINE#         7539
  -------         ENDPROC       DISPSCALEVER_GRAY
  -------         PROC          DISPGRAYHOR16
  -------         DO            
  X:0059H         SYMBOL        i
  D:0002H         SYMBOL        j
  X:005BH         SYMBOL        k
  -------         ENDDO         
  C:2C14H         LINE#         7541
  C:2C14H         LINE#         7542
  C:2C14H         LINE#         7545
  C:2C17H         LINE#         7547
  C:2C19H         LINE#         7548
  C:2C1BH         LINE#         7550
  C:2C21H         LINE#         7551
  C:2C21H         LINE#         7552
  C:2C2AH         LINE#         7553
  C:2C2AH         LINE#         7554
  C:2C30H         LINE#         7555
  C:2C37H         LINE#         7557
  C:2C3AH         LINE#         7558
  C:2C3AH         LINE#         7559
  C:2C40H         LINE#         7560
  C:2C40H         LINE#         7561
  C:2C72H         LINE#         7562
  C:2C88H         LINE#         7563
BL51 BANKED LINKER/LOCATER V6.22                                                      12/22/2021  08:00:39  PAGE 31


  C:2C93H         LINE#         7564
  C:2CACH         LINE#         7566
  C:2CAEH         LINE#         7567
  -------         ENDPROC       DISPGRAYHOR16
  -------         PROC          DISPGRAYHOR32
  -------         DO            
  X:003EH         SYMBOL        i
  D:0002H         SYMBOL        j
  X:0040H         SYMBOL        k
  -------         ENDDO         
  C:310CH         LINE#         7569
  C:310CH         LINE#         7570
  C:310CH         LINE#         7573
  C:310FH         LINE#         7575
  C:3111H         LINE#         7577
  C:3117H         LINE#         7578
  C:3117H         LINE#         7579
  C:311AH         LINE#         7580
  C:311AH         LINE#         7581
  C:3120H         LINE#         7582
  C:312BH         LINE#         7584
  C:312EH         LINE#         7585
  C:312EH         LINE#         7586
  C:3134H         LINE#         7587
  C:3134H         LINE#         7588
  C:3148H         LINE#         7589
  C:315EH         LINE#         7590
  C:3169H         LINE#         7591
  C:317FH         LINE#         7593
  C:3181H         LINE#         7594
  -------         ENDPROC       DISPGRAYHOR32
  -------         PROC          DISPSCALEHOR2
  -------         DO            
  X:0042H         SYMBOL        j
  D:0002H         SYMBOL        k
  -------         ENDDO         
  C:1A87H         LINE#         7596
  C:1A87H         LINE#         7597
  C:1A87H         LINE#         7600
  C:1A8AH         LINE#         7602
  C:1A8AH         LINE#         7603
  C:1A8AH         LINE#         7604
  C:1A90H         LINE#         7605
  C:1AADH         LINE#         7606
  C:1AB8H         LINE#         7607
  C:1ABBH         LINE#         7608
  C:1ABBH         LINE#         7609
  C:1AC1H         LINE#         7610
  C:1ADEH         LINE#         7611
  C:1AE9H         LINE#         7612
  C:1AECH         LINE#         7613
  C:1AECH         LINE#         7614
  C:1AF2H         LINE#         7615
  C:1B0FH         LINE#         7616
  C:1B1AH         LINE#         7617
  C:1B1DH         LINE#         7618
  C:1B1DH         LINE#         7619
BL51 BANKED LINKER/LOCATER V6.22                                                      12/22/2021  08:00:39  PAGE 32


  C:1B23H         LINE#         7620
  C:1B40H         LINE#         7621
  C:1B4BH         LINE#         7622
  C:1B4EH         LINE#         7623
  C:1B4EH         LINE#         7624
  C:1B54H         LINE#         7625
  C:1B71H         LINE#         7626
  C:1B7CH         LINE#         7627
  C:1B7FH         LINE#         7628
  C:1B7FH         LINE#         7629
  C:1B85H         LINE#         7630
  C:1BA2H         LINE#         7631
  C:1BADH         LINE#         7632
  C:1BB0H         LINE#         7633
  C:1BB0H         LINE#         7634
  C:1BB6H         LINE#         7635
  C:1BD3H         LINE#         7636
  C:1BDEH         LINE#         7637
  C:1BE1H         LINE#         7638
  C:1BE1H         LINE#         7639
  C:1BE7H         LINE#         7640
  C:1C03H         LINE#         7641
  C:1C0EH         LINE#         7642
  C:1C17H         LINE#         7643
  C:1C17H         LINE#         7644
  C:1C1DH         LINE#         7645
  C:1C39H         LINE#         7646
  C:1C40H         LINE#         7648
  -------         ENDPROC       DISPSCALEHOR2
  -------         PROC          _TOORD
  D:0007H         SYMBOL        ch
  C:340EH         LINE#         7753
  C:340EH         LINE#         7754
  C:340EH         LINE#         7755
  C:3414H         LINE#         7756
  C:3414H         LINE#         7757
  C:3416H         LINE#         7758
  C:3418H         LINE#         7759
  C:3424H         LINE#         7760
  C:3424H         LINE#         7761
  C:3428H         LINE#         7762
  C:342AH         LINE#         7763
  C:3436H         LINE#         7764
  C:3436H         LINE#         7765
  C:343AH         LINE#         7766
  C:343CH         LINE#         7767
  C:3448H         LINE#         7768
  C:3448H         LINE#         7769
  C:344CH         LINE#         7770
  C:344EH         LINE#         7771
  C:345AH         LINE#         7772
  C:345AH         LINE#         7773
  C:345EH         LINE#         7774
  C:3460H         LINE#         7775
  C:3466H         LINE#         7776
  C:3466H         LINE#         7777
  C:3468H         LINE#         7778
BL51 BANKED LINKER/LOCATER V6.22                                                      12/22/2021  08:00:39  PAGE 33


  C:3468H         LINE#         7780
  C:3468H         LINE#         7781
  -------         ENDPROC       _TOORD
  C:26A6H         SYMBOL        L?0447
  C:26BEH         SYMBOL        L?0448
  -------         PROC          L?0446
  -------         ENDPROC       L?0446
  C:26A6H         SYMBOL        L?0447
  C:26BEH         SYMBOL        L?0448
  -------         PROC          _DISPONECHAR
  X:006DH         SYMBOL        ord
  D:0006H         SYMBOL        Xstart
  D:0002H         SYMBOL        Ystart
  X:0072H         SYMBOL        TextColor
  X:0074H         SYMBOL        BackColor
  -------         DO            
  X:0076H         SYMBOL        i
  D:0002H         SYMBOL        j
  X:0077H         SYMBOL        p
  D:0003H         SYMBOL        dat
  D:0006H         SYMBOL        index
  -------         ENDDO         
  C:26CEH         LINE#         7783
  C:26D6H         LINE#         7784
  C:26D6H         LINE#         7790
  C:26F0H         LINE#         7792
  C:26F6H         LINE#         7794
  C:26FEH         LINE#         7795
  C:2700H         LINE#         7797
  C:270EH         LINE#         7799
  C:271BH         LINE#         7800
  C:2722H         LINE#         7802
  C:2726H         LINE#         7803
  C:2726H         LINE#         7804
  C:273BH         LINE#         7805
  C:273DH         LINE#         7806
  C:273DH         LINE#         7807
  C:274AH         LINE#         7808
  C:274AH         LINE#         7809
  C:274CH         LINE#         7810
  C:274EH         LINE#         7812
  C:274EH         LINE#         7813
  C:2758H         LINE#         7814
  C:2758H         LINE#         7815
  C:275DH         LINE#         7816
  C:2768H         LINE#         7817
  -------         ENDPROC       _DISPONECHAR
  -------         PROC          _DISPSTR
  X:0062H         SYMBOL        str
  X:0065H         SYMBOL        Xstart
  X:0067H         SYMBOL        Ystart
  X:0069H         SYMBOL        TextColor
  X:006BH         SYMBOL        BackColor
  C:2CAFH         LINE#         7819
  C:2CBFH         LINE#         7820
  C:2CBFH         LINE#         7822
  C:2CD4H         LINE#         7823
BL51 BANKED LINKER/LOCATER V6.22                                                      12/22/2021  08:00:39  PAGE 34


  C:2CD4H         LINE#         7824
  C:2D0FH         LINE#         7826
  C:2D1BH         LINE#         7827
  C:2D1BH         LINE#         7828
  C:2D1FH         LINE#         7829
  C:2D24H         LINE#         7830
  C:2D26H         LINE#         7832
  C:2D26H         LINE#         7833
  C:2D31H         LINE#         7834
  C:2D31H         LINE#         7836
  C:2D3DH         LINE#         7837
  C:2D3DH         LINE#         7838
  C:2D41H         LINE#         7839
  C:2D41H         LINE#         7840
  C:2D44H         LINE#         7842
  -------         ENDPROC       _DISPSTR
  -------         PROC          _DISPINT
  X:0062H         SYMBOL        i
  X:0064H         SYMBOL        Xstart
  X:0066H         SYMBOL        Ystart
  X:0068H         SYMBOL        TextColor
  X:006AH         SYMBOL        BackColor
  C:2820H         LINE#         7844
  C:2835H         LINE#         7845
  C:2835H         LINE#         7846
  C:283DH         LINE#         7847
  C:283DH         LINE#         7848
  C:2844H         LINE#         7849
  C:2844H         LINE#         7850
  C:2853H         LINE#         7851
  C:2853H         LINE#         7852
  C:285CH         LINE#         7853
  C:285CH         LINE#         7855
  C:286EH         LINE#         7856
  C:287CH         LINE#         7857
  C:2895H         LINE#         7858
  -------         ENDPROC       _DISPINT
  -------         PROC          READDATA
  C:395EH         LINE#         7866
  C:395EH         LINE#         7867
  C:395EH         LINE#         7887
  C:3970H         LINE#         7894
  C:3973H         LINE#         7895
  -------         ENDPROC       READDATA
  -------         PROC          _PUTPIXEL
  D:0006H         SYMBOL        x
  D:0004H         SYMBOL        y
  X:0059H         SYMBOL        color
  C:35C7H         LINE#         8071
  C:35CEH         LINE#         8072
  C:35CEH         LINE#         8073
  C:35ECH         LINE#         8074
  C:35F8H         LINE#         8075
[...]
  C:1330H         LINE#         318
  C:1330H         LINE#         319
  C:1335H         LINE#         320
  C:1338H         LINE#         321
  C:1347H         LINE#         322
  C:1347H         LINE#         323
  C:135CH         LINE#         324
  C:1361H         LINE#         325
  C:1369H         LINE#         326
  C:1373H         LINE#         327
  C:1381H         LINE#         328
  C:138FH         LINE#         329
  C:1391H         LINE#         331
  C:1391H         LINE#         332
  C:1396H         LINE#         333
  C:1399H         LINE#         334
  C:13B1H         LINE#         335
  C:13B1H         LINE#         336
  C:13CAH         LINE#         337
  C:13CFH         LINE#         338
  C:13D7H         LINE#         339
  C:13DEH         LINE#         340
  C:13E3H         LINE#         341
  C:13E3H         LINE#         342
  C:13F7H         LINE#         343
  C:13F7H         LINE#         344
  C:13FEH         LINE#         345
  C:1403H         LINE#         346
  C:1403H         LINE#         347
  C:1411H         LINE#         348
  C:1411H         LINE#         349
  -------         ENDPROC       USBXCORE_HANDLE_SETUP
  -------         PROC          USBXCORE_FORCE_STALL
  C:38F7H         LINE#         356
BL51 BANKED LINKER/LOCATER V6.22                                                      12/22/2021  08:00:39  PAGE 42


  C:38F7H         LINE#         358
  C:3902H         LINE#         359
  C:390DH         LINE#         360
  C:3913H         LINE#         361
  -------         ENDPROC       USBXCORE_FORCE_STALL
  -------         PROC          USBXCORE_GET_STATUS
  C:326AH         LINE#         367
  C:326AH         LINE#         369
  C:3279H         LINE#         370
  C:3279H         LINE#         371
  C:3279H         LINE#         372
  C:3279H         LINE#         373
  C:3279H         LINE#         374
  C:327BH         LINE#         375
  C:327BH         LINE#         379
  C:327BH         LINE#         381
  C:3289H         LINE#         385
  C:3289H         LINE#         386
  C:3289H         LINE#         387
  C:3289H         LINE#         388
  C:328BH         LINE#         390
  C:328BH         LINE#         392
  C:3299H         LINE#         396
  C:3299H         LINE#         397
  C:32A6H         LINE#         398
  C:32A6H         LINE#         399
  C:32A8H         LINE#         401
  C:32A8H         LINE#         402
  C:32B6H         LINE#         403
  C:32BFH         LINE#         404
  C:32BFH         LINE#         405
  C:32BFH         LINE#         406
  C:32C1H         LINE#         407
  C:32C1H         LINE#         408
  C:32C4H         LINE#         409
  C:32C4H         LINE#         410
  C:32C4H         LINE#         411
  C:32CCH         LINE#         412
  C:32CCH         LINE#         413
  C:32CFH         LINE#         414
  C:32D5H         LINE#         415
  C:32DCH         LINE#         416
  C:32DCH         LINE#         417
  -------         ENDPROC       USBXCORE_GET_STATUS
  -------         PROC          USBXCORE_CLEAR_FEATURE
  C:34C3H         LINE#         423
  C:34C3H         LINE#         425
  C:34C9H         LINE#         426
  C:34C9H         LINE#         428
  C:34D0H         LINE#         429
  C:34D0H         LINE#         430
  C:34DBH         LINE#         436
  C:34E6H         LINE#         437
  C:34EBH         LINE#         438
  C:34EDH         LINE#         440
  C:34EDH         LINE#         442
  C:34F8H         LINE#         446
BL51 BANKED LINKER/LOCATER V6.22                                                      12/22/2021  08:00:39  PAGE 43


  C:3503H         LINE#         447
  C:3508H         LINE#         448
  C:3508H         LINE#         449
  C:350AH         LINE#         451
  C:350AH         LINE#         452
  C:350DH         LINE#         453
  C:350DH         LINE#         454
  C:3518H         LINE#         455
  -------         ENDPROC       USBXCORE_CLEAR_FEATURE
  -------         PROC          USBXCORE_VENDOR_USB_API
  C:25D1H         LINE#         462
  C:25D1H         LINE#         464
  C:25DBH         LINE#         465
  C:25DBH         LINE#         466
  C:25E2H         LINE#         467
  C:25E2H         LINE#         468
  C:25E5H         LINE#         469
  C:25E8H         LINE#         470
  C:25EAH         LINE#         472
  C:25EAH         LINE#         473
  C:25F1H         LINE#         474
  C:25F1H         LINE#         477
  C:25FCH         LINE#         482
  C:2607H         LINE#         483
  C:2612H         LINE#         485
  C:2612H         LINE#         486
  C:2625H         LINE#         487
  C:2625H         LINE#         488
  C:2629H         LINE#         489
  C:2634H         LINE#         491
  C:2634H         LINE#         492
  C:2647H         LINE#         493
  C:2647H         LINE#         494
  C:264BH         LINE#         495
  C:2656H         LINE#         497
  C:265CH         LINE#         498
  C:2664H         LINE#         499
  C:2664H         LINE#         500
  C:2667H         LINE#         501
  C:2667H         LINE#         502
  C:2667H         LINE#         503
  C:2672H         LINE#         504
  C:2672H         LINE#         505
  C:2678H         LINE#         506
  C:267FH         LINE#         507
  C:267FH         LINE#         508
  C:2683H         LINE#         509
  C:2683H         LINE#         510
  C:2689H         LINE#         511
  C:2690H         LINE#         512
  C:2690H         LINE#         513
  C:269BH         LINE#         514
  -------         ENDPROC       USBXCORE_VENDOR_USB_API
  -------         PROC          USBXCORE_SET_FEATURE
  C:351BH         LINE#         521
  C:351BH         LINE#         523
  C:3521H         LINE#         524
BL51 BANKED LINKER/LOCATER V6.22                                                      12/22/2021  08:00:39  PAGE 44


  C:3521H         LINE#         526
  C:3528H         LINE#         527
  C:3528H         LINE#         528
  C:3533H         LINE#         534
  C:353EH         LINE#         535
  C:3541H         LINE#         536
  C:3543H         LINE#         538
  C:3543H         LINE#         540
  C:354EH         LINE#         544
  C:3559H         LINE#         545
  C:355FH         LINE#         546
  C:355FH         LINE#         548
  C:3561H         LINE#         550
  C:3561H         LINE#         551
  C:3564H         LINE#         552
  C:3564H         LINE#         553
  C:356FH         LINE#         554
  -------         ENDPROC       USBXCORE_SET_FEATURE
  -------         PROC          USBXCORE_SET_ADDRESS
  C:387BH         LINE#         561
  C:387BH         LINE#         563
  C:388AH         LINE#         564
  C:3890H         LINE#         565
  C:3890H         LINE#         566
  C:3893H         LINE#         567
  C:3895H         LINE#         569
  C:3895H         LINE#         570
  C:3898H         LINE#         571
  C:3898H         LINE#         572
  -------         ENDPROC       USBXCORE_SET_ADDRESS
  -------         PROC          USBXCORE_GET_DESCRIPTOR
  C:28D3H         LINE#         579
  C:28D3H         LINE#         580
  C:28E2H         LINE#         581
  C:28E2H         LINE#         582
  C:28E2H         LINE#         583
  C:28F0H         LINE#         584
  C:28F4H         LINE#         585
  C:28F6H         LINE#         586
  C:28F6H         LINE#         587
  C:2904H         LINE#         588
  C:2917H         LINE#         589
  C:2919H         LINE#         590
  C:2919H         LINE#         591
  C:293DH         LINE#         592
  C:2949H         LINE#         593
  C:294BH         LINE#         594
  C:294BH         LINE#         595
  C:294EH         LINE#         596
  C:294EH         LINE#         597
  C:294EH         LINE#         598
  C:2964H         LINE#         599
  C:2964H         LINE#         600
  C:296CH         LINE#         601
  C:296CH         LINE#         602
  C:2974H         LINE#         603
  C:2974H         LINE#         604
BL51 BANKED LINKER/LOCATER V6.22                                                      12/22/2021  08:00:39  PAGE 45


  C:2977H         LINE#         605
  C:297DH         LINE#         606
  C:2984H         LINE#         607
  C:2984H         LINE#         608
  -------         ENDPROC       USBXCORE_GET_DESCRIPTOR
  -------         PROC          USBXCORE_GET_CONFIGURATION
  C:3669H         LINE#         614
  C:3669H         LINE#         616
  C:3671H         LINE#         617
  C:3671H         LINE#         618
  C:367DH         LINE#         619
  C:3685H         LINE#         620
  C:3685H         LINE#         621
  C:3689H         LINE#         622
  C:3689H         LINE#         623
  C:3697H         LINE#         624
  C:369FH         LINE#         625
  C:369FH         LINE#         626
  C:36A2H         LINE#         627
  C:36A8H         LINE#         628
  C:36AFH         LINE#         629
  -------         ENDPROC       USBXCORE_GET_CONFIGURATION
  -------         PROC          USBXCORE_SET_CONFIGURATION
  C:3469H         LINE#         635
  C:3469H         LINE#         637
  C:3472H         LINE#         638
  C:3472H         LINE#         639
  C:3479H         LINE#         640
  C:347FH         LINE#         641
  C:3484H         LINE#         642
  C:3486H         LINE#         644
  C:3491H         LINE#         645
  C:349CH         LINE#         646
  C:34A7H         LINE#         653
  C:34B2H         LINE#         654
  C:34B4H         LINE#         656
  C:34B4H         LINE#         657
  C:34BAH         LINE#         658
  C:34BEH         LINE#         659
  C:34C0H         LINE#         660
  C:34C0H         LINE#         661
  -------         ENDPROC       USBXCORE_SET_CONFIGURATION
  -------         PROC          USBXCORE_GET_INTERFACE
  C:380CH         LINE#         668
  C:380CH         LINE#         670
  C:381AH         LINE#         671
  C:3822H         LINE#         672
  C:3825H         LINE#         673
  C:382BH         LINE#         674
  C:3832H         LINE#         675
  -------         ENDPROC       USBXCORE_GET_INTERFACE
  -------         PROC          USBXCORE_SET_SOP
  C:3974H         LINE#         682
  C:3974H         LINE#         684
  C:397CH         LINE#         685
  C:397CH         LINE#         686
  C:3987H         LINE#         687
BL51 BANKED LINKER/LOCATER V6.22                                                      12/22/2021  08:00:39  PAGE 46


  C:3987H         LINE#         688
  -------         ENDPROC       USBXCORE_SET_SOP
  -------         PROC          USBXCORE_USB_ISR
  C:1DCFH         LINE#         699
  C:1DECH         LINE#         702
  C:1DF2H         LINE#         703
  C:1E05H         LINE#         706
  C:1E18H         LINE#         709
  C:1E1CH         LINE#         710
  C:1E1CH         LINE#         711
  C:1E27H         LINE#         712
  C:1E27H         LINE#         714
  C:1E2EH         LINE#         715
  C:1E2EH         LINE#         716
  C:1E31H         LINE#         717
  C:1E31H         LINE#         719
  C:1E38H         LINE#         720
  C:1E38H         LINE#         721
  C:1E45H         LINE#         722
  C:1E45H         LINE#         723
  C:1E4CH         LINE#         724
  C:1E4CH         LINE#         725
  C:1E4CH         LINE#         727
  C:1E4CH         LINE#         728
  C:1E4CH         LINE#         730
  C:1E4CH         LINE#         732
  C:1E5FH         LINE#         734
  C:1E63H         LINE#         735
  C:1E63H         LINE#         736
  C:1E66H         LINE#         737
  C:1E66H         LINE#         740
  C:1E6DH         LINE#         741
  C:1E6DH         LINE#         742
  C:1E78H         LINE#         748
  C:1E8BH         LINE#         749
  C:1E90H         LINE#         750
  C:1E90H         LINE#         751
  C:1E97H         LINE#         752
  C:1E97H         LINE#         754
  C:1E97H         LINE#         756
  C:1EAAH         LINE#         759
  C:1EAEH         LINE#         760
  C:1EAEH         LINE#         761
  C:1EB9H         LINE#         767
  C:1ECCH         LINE#         768
  C:1ED0H         LINE#         769
  C:1ED0H         LINE#         770
  C:1ED7H         LINE#         771
  C:1ED7H         LINE#         772
  C:1ED7H         LINE#         775
  C:1EE5H         LINE#         776
  C:1EEAH         LINE#         777
  C:1EF0H         LINE#         778
  C:1EF5H         LINE#         781
  C:1F02H         LINE#         782
  C:1F02H         LINE#         783
  C:1F05H         LINE#         784
BL51 BANKED LINKER/LOCATER V6.22                                                      12/22/2021  08:00:39  PAGE 47


  C:1F05H         LINE#         785
  -------         ENDPROC       USBXCORE_USB_ISR
  -------         ENDMOD        USB_API

  -------         MODULE        USB_SUSPEND
  C:0000H         SYMBOL        _ICE_DUMMY_
  D:00D7H         PUBLIC        USB0XCN
  D:00C9H         PUBLIC        REG0CN
  C:3792H         PUBLIC        USB_Suspend
  D:00A9H         PUBLIC        CLKSEL
  D:00B2H         PUBLIC        OSCICN
  D:00B9H         PUBLIC        CLKMUL
  -------         PROC          USB_SUSPEND
  C:3792H         LINE#         70
  C:3792H         LINE#         72
  C:3795H         LINE#         74
  C:3798H         LINE#         76
  C:37A0H         LINE#         79
  C:37A3H         LINE#         80
  C:37A6H         LINE#         81
  C:37A9H         LINE#         82
  C:37ACH         LINE#         84
  C:37ADH         LINE#         86
  C:37B0H         LINE#         88
  C:37B6H         LINE#         92
  C:37B9H         LINE#         94
  C:37BCH         LINE#         95
  -------         ENDPROC       USB_SUSPEND
  -------         ENDMOD        USB_SUSPEND

  -------         MODULE        USB_INT_ENABLE
  C:0000H         SYMBOL        _ICE_DUMMY_
  C:392FH         PUBLIC        USB_Int_Enable
  D:0096H         PUBLIC        USB0ADR
  D:0097H         PUBLIC        USB0DAT
  -------         PROC          USB_INT_ENABLE
  C:392FH         LINE#         68
  C:392FH         LINE#         71
  C:3936H         LINE#         73
  C:393CH         LINE#         74
  C:393CH         LINE#         75
  C:3947H         LINE#         77
  C:3947H         LINE#         78
  -------         ENDPROC       USB_INT_ENABLE
  -------         ENDMOD        USB_INT_ENABLE

  -------         MODULE        USB_CLOCK_RECOVERY
  C:0000H         SYMBOL        _ICE_DUMMY_
  C:39BAH         PUBLIC        USBXcore_ClkRec
  D:0096H         PUBLIC        USB0ADR
  D:0097H         PUBLIC        USB0DAT
  -------         PROC          USBXCORE_CLKREC
  C:39BAH         LINE#         45
  C:39BAH         LINE#         47
  C:39C5H         LINE#         48
  -------         ENDPROC       USBXCORE_CLKREC
  -------         ENDMOD        USB_CLOCK_RECOVERY
BL51 BANKED LINKER/LOCATER V6.22                                                      12/22/2021  08:00:39  PAGE 48



  -------         MODULE        ?C?FPMUL
  C:0C9AH         PUBLIC        ?C?FPMUL
  -------         ENDMOD        ?C?FPMUL

  -------         MODULE        ?C?FCAST
  C:0DAAH         PUBLIC        ?C?FCASTC
  C:0DA5H         PUBLIC        ?C?FCASTI
  C:0DA0H         PUBLIC        ?C?FCASTL
  -------         ENDMOD        ?C?FCAST

  -------         MODULE        ?C?CASTF
  C:0DDEH         PUBLIC        ?C?CASTF
  -------         ENDMOD        ?C?CASTF

  -------         MODULE        ?C?COPY
  C:0F2FH         PUBLIC        ?C?COPY
  -------         ENDMOD        ?C?COPY

  -------         MODULE        ?C?CLDPTR
  C:0F55H         PUBLIC        ?C?CLDPTR
  -------         ENDMOD        ?C?CLDPTR

  -------         MODULE        ?C?CLDOPTR
  C:0F6EH         PUBLIC        ?C?CLDOPTR
  -------         ENDMOD        ?C?CLDOPTR

  -------         MODULE        ?C?IMUL
  C:0F9BH         PUBLIC        ?C?IMUL
  -------         ENDMOD        ?C?IMUL

  -------         MODULE        ?C?IILDX
  C:0FADH         PUBLIC        ?C?IILDX
  -------         ENDMOD        ?C?IILDX

  -------         MODULE        ?C?ILDOPTR
  C:0FC3H         PUBLIC        ?C?ILDOPTR
  -------         ENDMOD        ?C?ILDOPTR

  -------         MODULE        ?C?LMUL
  C:0FFBH         PUBLIC        ?C?LMUL
  -------         ENDMOD        ?C?LMUL

  -------         MODULE        ?C?ULDIV
  C:1086H         PUBLIC        ?C?ULDIV
  -------         ENDMOD        ?C?ULDIV

  -------         MODULE        ?C?LNEG
  C:1118H         PUBLIC        ?C?LNEG
  -------         ENDMOD        ?C?LNEG

  -------         MODULE        ?C?ULCMP
  C:1126H         PUBLIC        ?C?ULCMP
  -------         ENDMOD        ?C?ULCMP

  -------         MODULE        ?C?ULSHR
  C:1137H         PUBLIC        ?C?ULSHR
BL51 BANKED LINKER/LOCATER V6.22                                                      12/22/2021  08:00:39  PAGE 49


  -------         ENDMOD        ?C?ULSHR

  -------         MODULE        ?C?LSHL
  C:114AH         PUBLIC        ?C?LSHL
  -------         ENDMOD        ?C?LSHL

  -------         MODULE        ?C?LLDIPDATA
  C:1166H         PUBLIC        ?C?LLDIPDATA
  C:115DH         PUBLIC        ?C?LLDIPDATA1
  C:115FH         PUBLIC        ?C?LLDIPDATA8
  -------         ENDMOD        ?C?LLDIPDATA

  -------         MODULE        ?C?LSTXDATA
  C:117DH         PUBLIC        ?C?LSTXDATA
  -------         ENDMOD        ?C?LSTXDATA

  -------         MODULE        ?C?LSTPDATA
  C:1189H         PUBLIC        ?C?LSTPDATA
  -------         ENDMOD        ?C?LSTPDATA

  -------         MODULE        ?C?LSTKXDATA
  C:1195H         PUBLIC        ?C?LSTKXDATA
  -------         ENDMOD        ?C?LSTKXDATA

  -------         MODULE        ?C?LSTKPDATA
  C:11C6H         PUBLIC        ?C?LSTKPDATA
  -------         ENDMOD        ?C?LSTKPDATA

  -------         MODULE        ?C_PBP
  D:0008H         PUBLIC        ?C_PBP
  -------         ENDMOD        ?C_PBP

*** WARNING L14: INCOMPATIBLE MEMORY MODEL
    MODULE:  .\USBX_F34X.LIB (USB_API)
    MODEL:   SMALL

*** WARNING L14: INCOMPATIBLE MEMORY MODEL
    MODULE:  .\USBX_F34X.LIB (USB_SUSPEND)
    MODEL:   SMALL

*** WARNING L14: INCOMPATIBLE MEMORY MODEL
    MODULE:  .\USBX_F34X.LIB (USB_INT_ENABLE)
    MODEL:   SMALL

*** WARNING L14: INCOMPATIBLE MEMORY MODEL
    MODULE:  .\USBX_F34X.LIB (USB_CLOCK_RECOVERY)
    MODEL:   SMALL

*** WARNING L16: UNCALLED SEGMENT, IGNORED FOR OVERLAY PROCESS
    SEGMENT: ?PR?SD_INIT?MMC_SD

*** WARNING L16: UNCALLED SEGMENT, IGNORED FOR OVERLAY PROCESS
    SEGMENT: ?PR?_DISPPIC?LCD

*** WARNING L16: UNCALLED SEGMENT, IGNORED FOR OVERLAY PROCESS
    SEGMENT: ?PR?_DISPPICFROMSD?LCD

BL51 BANKED LINKER/LOCATER V6.22                                                      12/22/2021  08:00:39  PAGE 50


*** WARNING L16: UNCALLED SEGMENT, IGNORED FOR OVERLAY PROCESS
    SEGMENT: ?PR?DISPSCALEHOR1?LCD

*** WARNING L16: UNCALLED SEGMENT, IGNORED FOR OVERLAY PROCESS
    SEGMENT: ?PR?DISPSCALEVER?LCD

*** WARNING L16: UNCALLED SEGMENT, IGNORED FOR OVERLAY PROCESS
    SEGMENT: ?PR?DISPSCALEVER_RED?LCD

*** WARNING L16: UNCALLED SEGMENT, IGNORED FOR OVERLAY PROCESS
    SEGMENT: ?PR?DISPSCALEVER_GREEN?LCD

*** WARNING L16: UNCALLED SEGMENT, IGNORED FOR OVERLAY PROCESS
    SEGMENT: ?PR?DISPSCALEVER_BLUE?LCD

*** WARNING L16: UNCALLED SEGMENT, IGNORED FOR OVERLAY PROCESS
    SEGMENT: ?PR?DISPSCALEVER_GRAY?LCD

*** WARNING L16: UNCALLED SEGMENT, IGNORED FOR OVERLAY PROCESS
    SEGMENT: ?PR?DISPGRAYHOR32?LCD

*** WARNING L16: UNCALLED SEGMENT, IGNORED FOR OVERLAY PROCESS
    SEGMENT: ?PR?DISPSCALEHOR2?LCD

*** WARNING L16: UNCALLED SEGMENT, IGNORED FOR OVERLAY PROCESS
    SEGMENT: ?PR?_DRAWGIRD?LCD

*** WARNING L15: MULTIPLE CALL TO SEGMENT
    SEGMENT: ?PR?_WRITECOMM?LCD
    CALLER1: ?PR?USB_API_TEST_ISR?MAIN
    CALLER2: ?C_C51STARTUP

*** WARNING L15: MULTIPLE CALL TO SEGMENT
    SEGMENT: ?PR?_WRITEDATA?LCD
    CALLER1: ?PR?USB_API_TEST_ISR?MAIN
    CALLER2: ?C_C51STARTUP

Program Size: data=10.0 xdata=1219 code=14817
LINK/LOCATE RUN COMPLETE.  18 WARNING(S),  0 ERROR(S)
