BL51 BANKED LINKER/LOCATER V6.22                                                        10/08/2021  16:00:11  PAGE 1


BL51 BANKED LINKER/LOCATER V6.22, INVOKED BY:
D:\KEIL C51\C51\BIN\BL51.EXE main.obj, mmc_sd.obj, lcd.obj, tp.obj, .\USBX_F34X.LIB TO ST7789V_CTC24_P0_4W1L RAMSIZE (25
>> 6)


MEMORY MODEL: COMPACT WITH FLOATING POINT ARITHMETIC


INPUT MODULES INCLUDED:
  main.obj (MAIN)
  mmc_sd.obj (MMC_SD)
  lcd.obj (LCD)
  tp.obj (TP)
  .\USBX_F34X.LIB (USB_API)
  .\USBX_F34X.LIB (USB_CLOCK_START)
  .\USBX_F34X.LIB (USB_SUSPEND)
  .\USBX_F34X.LIB (GET_INTERRUPT_SOURCE)
  .\USBX_F34X.LIB (BLOCK_READ)
  .\USBX_F34X.LIB (BLOCK_WRITE)
  .\USBX_F34X.LIB (USB_INT_ENABLE)
  .\USBX_F34X.LIB (USB_CLOCK_RECOVERY)
  .\USBX_F34X.LIB (USB_JUMP_ISR)
  D:\KEIL C51\C51\LIB\C51FPC.LIB (?C?FPMUL)
  D:\KEIL C51\C51\LIB\C51FPC.LIB (?C?FCAST)
  D:\KEIL C51\C51\LIB\C51FPC.LIB (?C?CASTF)
  D:\KEIL C51\C51\LIB\C51FPC.LIB (?C?FPGETOPN)
  D:\KEIL C51\C51\LIB\C51C.LIB (?C_STARTUP)
  D:\KEIL C51\C51\LIB\C51C.LIB (?C?COPY)
  D:\KEIL C51\C51\LIB\C51C.LIB (?C?CLDPTR)
  D:\KEIL C51\C51\LIB\C51C.LIB (?C?CLDOPTR)
  D:\KEIL C51\C51\LIB\C51C.LIB (?C?IMUL)
  D:\KEIL C51\C51\LIB\C51C.LIB (?C?IILDX)
  D:\KEIL C51\C51\LIB\C51C.LIB (?C?ILDOPTR)
  D:\KEIL C51\C51\LIB\C51C.LIB (?C?LMUL)
  D:\KEIL C51\C51\LIB\C51C.LIB (?C?ULDIV)
  D:\KEIL C51\C51\LIB\C51C.LIB (?C?LNEG)
  D:\KEIL C51\C51\LIB\C51C.LIB (?C?ULCMP)
  D:\KEIL C51\C51\LIB\C51C.LIB (?C?ULSHR)
  D:\KEIL C51\C51\LIB\C51C.LIB (?C?LSHL)
  D:\KEIL C51\C51\LIB\C51C.LIB (?C?LLDIPDATA)
  D:\KEIL C51\C51\LIB\C51C.LIB (?C?LSTXDATA)
  D:\KEIL C51\C51\LIB\C51C.LIB (?C?LSTPDATA)
  D:\KEIL C51\C51\LIB\C51C.LIB (?C?LSTKXDATA)
  D:\KEIL C51\C51\LIB\C51C.LIB (?C?LSTKPDATA)
  D:\KEIL C51\C51\LIB\C51C.LIB (?C_PBP)
  D:\KEIL C51\C51\LIB\C51C.LIB (?C_INIT)


LINK MAP OF MODULE:  ST7789V_CTC24_P0_4W1L (MAIN)


            TYPE    BASE      LENGTH    RELOCATION   SEGMENT NAME
            -----------------------------------------------------

            * * * * * * *   D A T A   M E M O R Y   * * * * * * *
            REG     0000H     0008H     ABSOLUTE     "REG BANK 0"
            DATA    0008H     0001H     UNIT         ?C?LIB_DATA
            IDATA   0009H     0001H     UNIT         ?STACK
BL51 BANKED LINKER/LOCATER V6.22                                                      10/08/2021  16:00:11  PAGE 2



            * * * * * * *  X D A T A   M E M O R Y  * * * * * * *
            XDATA   0000H     0010H     INPAGE       ?PD?MAIN
            XDATA   0010H     0004H     INPAGE       ?PD?_MMC_SD_READSINGLEBLOCK?MMC_SD
            XDATA   0014H     0005H     INPAGE       ?PD?DISPBAND?LCD
            XDATA   0019H     0005H     INPAGE       ?PD?_DISPPIC?LCD
            XDATA   001EH     000DH     INPAGE       ?PD?_DISPPICFROMSD?LCD
            XDATA   002BH     0004H     INPAGE       ?PD?DISPSCALEHOR1?LCD
            XDATA   002FH     0004H     INPAGE       ?PD?DISPSCALEVER?LCD
            XDATA   0033H     0004H     INPAGE       ?PD?DISPSCALEVER_RED?LCD
            XDATA   0037H     0004H     INPAGE       ?PD?DISPSCALEVER_GREEN?LCD
            XDATA   003BH     0004H     INPAGE       ?PD?DISPSCALEVER_BLUE?LCD
            XDATA   003FH     0004H     INPAGE       ?PD?DISPSCALEVER_GRAY?LCD
            XDATA   0043H     0004H     INPAGE       ?PD?DISPGRAYHOR32?LCD
            XDATA   0047H     0002H     INPAGE       ?PD?DISPSCALEHOR2?LCD
            XDATA   0049H     000CH     INPAGE       ?PD?_DRAWLINE?LCD
            XDATA   0055H     0004H     INPAGE       ?PD?_DRAWGIRD?LCD
            XDATA   0059H     0002H     INPAGE       ?PD?LCD
            XDATA   005BH     0024H     INPAGE       _PDATA_GROUP_
            XDATA   007FH     0200H     UNIT         ?XD?MMC_SD
            XDATA   027FH     0058H     UNIT         _XDATA_GROUP_
            XDATA   02D7H     0040H     UNIT         ?XD?MAIN
                    0317H     0329H                  *** GAP ***
            XDATA   0640H     0100H     ABSOLUTE     
            XDATA   0740H     0012H     ABSOLUTE     
            XDATA   0752H     0020H     ABSOLUTE     
            XDATA   0772H     000CH     ABSOLUTE     
            XDATA   077EH     0008H     ABSOLUTE     
            XDATA   0786H     0001H     ABSOLUTE     
            XDATA   0787H     0003H     ABSOLUTE     
            XDATA   078AH     0002H     ABSOLUTE     
            XDATA   078CH     0002H     ABSOLUTE     
            XDATA   078EH     0003H     ABSOLUTE     
            XDATA   0791H     0001H     ABSOLUTE     
            XDATA   0792H     0001H     ABSOLUTE     
            XDATA   0793H     0001H     ABSOLUTE     
            XDATA   0794H     0001H     ABSOLUTE     
            XDATA   0795H     0002H     ABSOLUTE     
            XDATA   0797H     0002H     ABSOLUTE     
            XDATA   0799H     0001H     ABSOLUTE     
            XDATA   079AH     0001H     ABSOLUTE     
            XDATA   079BH     0001H     ABSOLUTE     
            XDATA   079CH     0001H     ABSOLUTE     
            XDATA   079DH     0001H     ABSOLUTE     
            XDATA   079EH     0001H     ABSOLUTE     
            XDATA   079FH     0002H     ABSOLUTE     
            XDATA   07A1H     0001H     ABSOLUTE     
            XDATA   07A2H     0001H     ABSOLUTE     
            XDATA   07A3H     000CH     ABSOLUTE     
                    07AFH     0011H                  *** GAP ***
            XDATA   07C0H     0040H     ABSOLUTE     

            * * * * * * *   C O D E   M E M O R Y   * * * * * * *
            CODE    0000H     0003H     ABSOLUTE     
            CODE    0003H     0040H     UNIT         ?PR?_WRITEDISPDATA?LCD
            CODE    0043H     0003H     ABSOLUTE     
            CODE    0046H     0044H     UNIT         ?PR?_DISPCOLOR?LCD
BL51 BANKED LINKER/LOCATER V6.22                                                      10/08/2021  16:00:11  PAGE 3


                    008AH     0001H                  *** GAP ***
            CODE    008BH     0003H     ABSOLUTE     
            CODE    008EH     060CH     UNIT         ?PR?CONNTOUSB?MAIN
            CODE    069AH     0600H     UNIT         ?CO?LCD
            CODE    0C9AH     0545H     UNIT         ?C?LIB_CODE
            CODE    11DFH     0233H     UNIT         ?PR?USBXCORE_HANDLE_SETUP?USB_API
            CODE    1412H     0232H     UNIT         ?PR?_LCD_READ_IC_ID?LCD
            CODE    1644H     0228H     UNIT         ?PR?DISPSCALEHOR1?LCD
            CODE    186CH     01D8H     UNIT         ?PR?TP_DRAWLINE?TP
            CODE    1A44H     01BCH     UNIT         ?PR?DISPSCALEHOR2?LCD
            CODE    1C00H     0190H     UNIT         ?PR?DISPBAND?LCD
            CODE    1D90H     0151H     UNIT         ?PR?USBXCORE_USB_ISR?USB_API
            CODE    1EE1H     0149H     UNIT         ?PR?LCD_INIT?LCD
            CODE    202AH     013DH     UNIT         ?PR?USB_API_TEST_ISR?MAIN
            CODE    2167H     0137H     UNIT         ?PR?_USB_INIT?USB_API
            CODE    229EH     012AH     UNIT         ?PR?DISPSCALEVER?LCD
            CODE    23C8H     011BH     UNIT         ?PR?_TP_GETPOSITION?TP
            CODE    24E3H     0111H     UNIT         ?PR?_BLOCK_WRITE?BLOCK_WRITE
            CODE    25F4H     00E9H     UNIT         ?PR?_DISPPICFROMSD?LCD
            CODE    26DDH     00CDH     UNIT         ?PR?USBXCORE_VENDOR_USB_API?USB_API
            CODE    27AAH     00CBH     UNIT         ?PR?_DISPONECHAR?LCD
            CODE    2875H     00B7H     UNIT         ?PR?MMC_SD_RESET?MMC_SD
            CODE    292CH     00B3H     UNIT         ?PR?_DISPINT?LCD
            CODE    29DFH     00B2H     UNIT         ?PR?USBXCORE_GET_DESCRIPTOR?USB_API
            CODE    2A91H     00AFH     UNIT         ?PR?_BLOCK_READ?BLOCK_READ
            CODE    2B40H     00AAH     UNIT         ?PR?DISPFRAME?LCD
            CODE    2BEAH     00A2H     UNIT         ?PR?DISPSCALEVER_GREEN?LCD
            CODE    2C8CH     009CH     UNIT         ?PR?_?BLOCKWRITE?LCD
            CODE    2D28H     009BH     UNIT         ?PR?DISPGRAYHOR16?LCD
            CODE    2DC3H     0096H     UNIT         ?PR?_DISPSTR?LCD
            CODE    2E59H     0093H     UNIT         ?PR?DISPSCALEVER_RED?LCD
            CODE    2EECH     0093H     UNIT         ?PR?DISPSCALEVER_GRAY?LCD
            CODE    2F7FH     0090H     UNIT         ?PR?_DRAWGIRD?LCD
            CODE    300FH     008CH     UNIT         ?C_C51STARTUP
            CODE    309BH     0088H     UNIT         ?PR?DISPSCALEVER_BLUE?LCD
            CODE    3123H     0086H     UNIT         ?PR?_DRAWLINE?LCD
            CODE    31A9H     007DH     UNIT         ?PR?_MMC_SD_WRITESINGLEBLOCK?MMC_SD
            CODE    3226H     0076H     UNIT         ?PR?DISPGRAYHOR32?LCD
            CODE    329CH     0075H     UNIT         ?PR?_MMC_SD_SENDCOMMAND?MMC_SD
            CODE    3311H     0073H     UNIT         ?PR?TP_READ?TP
            CODE    3384H     0073H     UNIT         ?PR?USBXCORE_GET_STATUS?USB_API
            CODE    33F7H     006CH     UNIT         ?PR?DEVICES_INIT?MAIN
            CODE    3463H     0064H     UNIT         ?PR?_MMC_SD_READSINGLEBLOCK?MMC_SD
            CODE    34C7H     0061H     UNIT         ?PR?_DISPPIC?LCD
            CODE    3528H     005BH     UNIT         ?PR?_TOORD?LCD
            CODE    3583H     005AH     UNIT         ?PR?USBXCORE_SET_CONFIGURATION?USB_API
            CODE    35DDH     0058H     UNIT         ?PR?USBXCORE_CLEAR_FEATURE?USB_API
            CODE    3635H     0057H     UNIT         ?PR?USBXCORE_SET_FEATURE?USB_API
            CODE    368CH     0055H     UNIT         ?PR?_STOPDELAY?MAIN
            CODE    36E1H     0052H     UNIT         ?PR?_PUTPIXEL?LCD
            CODE    3733H     0050H     UNIT         ?CO?MAIN
            CODE    3783H     0049H     UNIT         ?PR?MAIN?MAIN
            CODE    37CCH     0047H     UNIT         ?PR?USBXCORE_GET_CONFIGURATION?USB_API
            CODE    3813H     0043H     UNIT         ?PR?MCU_INIT?MAIN
            CODE    3856H     003AH     UNIT         ?CO?USB_API
            CODE    3890H     0038H     UNIT         ?PR?USB_CLOCK_START?USB_CLOCK_START
            CODE    38C8H     002FH     UNIT         ?PR?_WRITEDATA?LCD
BL51 BANKED LINKER/LOCATER V6.22                                                      10/08/2021  16:00:11  PAGE 4


            CODE    38F7H     002DH     UNIT         ?C_INITSEG
            CODE    3924H     002BH     UNIT         ?PR?_WRITECOMM?LCD
            CODE    394FH     002BH     UNIT         ?PR?USB_SUSPEND?USB_SUSPEND
            CODE    397AH     0027H     UNIT         ?PR?USBXCORE_USB_RESET?USB_API
            CODE    39A1H     0027H     UNIT         ?PR?USBXCORE_GET_INTERFACE?USB_API
            CODE    39C8H     0026H     UNIT         ?PR?_TP_WRITE?TP
            CODE    39EEH     0022H     UNIT         ?PR?USBXCORE_JUMP_ISR?USB_JUMP_ISR
            CODE    3A10H     0020H     UNIT         ?PR?USBXCORE_SET_ADDRESS?USB_API
            CODE    3A30H     001FH     UNIT         ?PR?_DELAY?MAIN
            CODE    3A4FH     001DH     UNIT         ?PR?USBXCORE_FORCE_STALL?USB_API
            CODE    3A6CH     0019H     UNIT         ?PR?USB_INT_ENABLE?USB_INT_ENABLE
            CODE    3A85H     0016H     UNIT         ?PR?_SPI_WRITEBYTE?MMC_SD
            CODE    3A9BH     0016H     UNIT         ?PR?READDATA?LCD
            CODE    3AB1H     0014H     UNIT         ?PR?USBXCORE_SET_SOP?USB_API
            CODE    3AC5H     0013H     UNIT         ?PR?WAITKEY?MAIN
            CODE    3AD8H     0011H     UNIT         ?PR?SD_INIT?MMC_SD
            CODE    3AE9H     000EH     UNIT         ?PR?GET_INTERRUPT_SOURCE?GET_INTERRUPT_SOURCE
            CODE    3AF7H     000CH     UNIT         ?PR?USBXCORE_CLKREC?USB_CLOCK_RECOVERY
            CODE    3B03H     000BH     UNIT         ?PR?SPI_READBYTE?MMC_SD
            CODE    3B0EH     0009H     UNIT         ?PR?_WRITEONEDOT?LCD
            CODE    3B17H     0008H     UNIT         ?CO?TP
            CODE    3B1FH     0003H     UNIT         ?PR?SUSPEND_DEVICE?MAIN



OVERLAY MAP OF MODULE:   ST7789V_CTC24_P0_4W1L (MAIN)


SEGMENT                                            PDATA_GROUP         XDATA_GROUP
  +--> CALLED SEGMENT                            START    LENGTH     START    LENGTH
------------------------------------------------------------------------------------
?PR?USB_API_TEST_ISR?MAIN                        005BH    0001H      -----    -----
  +--> ?PR?GET_INTERRUPT_SOURCE?GET_INTERRUP...
  +--> ?PR?_BLOCK_READ?BLOCK_READ
  +--> ?PR?SUSPEND_DEVICE?MAIN
  +--> ?PR?MCU_INIT?MAIN
  +--> ?PR?_?BLOCKWRITE?LCD

?PR?SUSPEND_DEVICE?MAIN                          -----    -----      -----    -----
  +--> ?PR?USB_SUSPEND?USB_SUSPEND

?PR?USB_SUSPEND?USB_SUSPEND                      -----    -----      -----    -----
  +--> ?PR?USB_CLOCK_START?USB_CLOCK_START

?PR?_?BLOCKWRITE?LCD                             -----    -----      -----    -----
  +--> ?PR?_WRITECOMM?LCD
  +--> ?PR?_WRITEDATA?LCD

?PR?_WRITECOMM?LCD                               007EH    0001H      -----    -----

?PR?_WRITEDATA?LCD                               007EH    0001H      -----    -----

*** NEW ROOT ***************************************************

?PR?USBXCORE_USB_ISR?USB_API                     -----    -----      -----    -----
  +--> ?PR?USBXCORE_USB_RESET?USB_API
  +--> ?PR?USBXCORE_HANDLE_SETUP?USB_API
BL51 BANKED LINKER/LOCATER V6.22                                                      10/08/2021  16:00:11  PAGE 5


  +--> ?PR?USBXCORE_JUMP_ISR?USB_JUMP_ISR

?PR?USBXCORE_HANDLE_SETUP?USB_API                -----    -----      -----    -----
  +--> ?PR?USBXCORE_GET_STATUS?USB_API
  +--> ?PR?USBXCORE_CLEAR_FEATURE?USB_API
  +--> ?PR?USBXCORE_VENDOR_USB_API?USB_API
  +--> ?PR?USBXCORE_SET_FEATURE?USB_API
  +--> ?PR?USBXCORE_SET_ADDRESS?USB_API
  +--> ?PR?USBXCORE_GET_DESCRIPTOR?USB_API
  +--> ?PR?USBXCORE_GET_CONFIGURATION?USB_API
  +--> ?PR?USBXCORE_SET_CONFIGURATION?USB_API
  +--> ?PR?USBXCORE_GET_INTERFACE?USB_API
  +--> ?PR?USBXCORE_SET_SOP?USB_API
  +--> ?PR?USBXCORE_FORCE_STALL?USB_API

?PR?USBXCORE_GET_STATUS?USB_API                  -----    -----      -----    -----
  +--> ?CO?USB_API
  +--> ?PR?USBXCORE_FORCE_STALL?USB_API
  +--> ?PR?USBXCORE_SET_SOP?USB_API

?PR?USBXCORE_CLEAR_FEATURE?USB_API               -----    -----      -----    -----
  +--> ?PR?USBXCORE_FORCE_STALL?USB_API
  +--> ?PR?USBXCORE_SET_SOP?USB_API

?PR?USBXCORE_VENDOR_USB_API?USB_API              -----    -----      -----    -----
  +--> ?PR?USBXCORE_SET_SOP?USB_API

?PR?USBXCORE_SET_FEATURE?USB_API                 -----    -----      -----    -----
  +--> ?PR?USBXCORE_FORCE_STALL?USB_API
  +--> ?PR?USBXCORE_SET_SOP?USB_API

?PR?USBXCORE_SET_ADDRESS?USB_API                 -----    -----      -----    -----
  +--> ?PR?USBXCORE_SET_SOP?USB_API

?PR?USBXCORE_GET_DESCRIPTOR?USB_API              -----    -----      -----    -----
  +--> ?PR?USBXCORE_FORCE_STALL?USB_API
  +--> ?PR?USBXCORE_SET_SOP?USB_API

?PR?USBXCORE_GET_CONFIGURATION?USB_API           -----    -----      -----    -----
  +--> ?CO?USB_API
  +--> ?PR?USBXCORE_SET_SOP?USB_API

?PR?USBXCORE_SET_CONFIGURATION?USB_API           -----    -----      -----    -----
  +--> ?PR?USBXCORE_SET_SOP?USB_API

?PR?USBXCORE_GET_INTERFACE?USB_API               -----    -----      -----    -----
  +--> ?CO?USB_API
  +--> ?PR?USBXCORE_SET_SOP?USB_API

*** NEW ROOT ***************************************************

?C_C51STARTUP                                    -----    -----      -----    -----
  +--> ?PR?MAIN?MAIN
  +--> ?C_INITSEG

?PR?MAIN?MAIN                                    -----    -----      -----    -----
  +--> ?PR?DEVICES_INIT?MAIN
BL51 BANKED LINKER/LOCATER V6.22                                                      10/08/2021  16:00:11  PAGE 6


  +--> ?PR?DISPFRAME?LCD
  +--> ?PR?_STOPDELAY?MAIN
  +--> ?PR?_DISPCOLOR?LCD
  +--> ?PR?DISPGRAYHOR16?LCD
  +--> ?PR?TP_DRAWLINE?TP

?PR?DEVICES_INIT?MAIN                            -----    -----      -----    -----
  +--> ?PR?MCU_INIT?MAIN
  +--> ?PR?USB_CLOCK_START?USB_CLOCK_START
  +--> ?CO?MAIN
  +--> ?PR?_USB_INIT?USB_API
  +--> ?PR?USB_INT_ENABLE?USB_INT_ENABLE
  +--> ?PR?LCD_INIT?LCD

?PR?_USB_INIT?USB_API                            -----    -----      027FH    0011H
  +--> ?CO?USB_API
  +--> ?PR?USBXCORE_CLKREC?USB_CLOCK_RECOVERY

?PR?LCD_INIT?LCD                                 -----    -----      -----    -----
  +--> ?PR?READDATA?LCD
  +--> ?PR?_DELAY?MAIN
  +--> ?PR?_WRITECOMM?LCD
  +--> ?PR?_WRITEDATA?LCD

?PR?READDATA?LCD                                 -----    -----      -----    -----
  +--> ?PR?_LCD_READ_IC_ID?LCD

?PR?_LCD_READ_IC_ID?LCD                          0066H    0008H      -----    -----

?PR?DISPFRAME?LCD                                005DH    0002H      -----    -----
  +--> ?PR?_?BLOCKWRITE?LCD
  +--> ?PR?_WRITEDISPDATA?LCD

?PR?_STOPDELAY?MAIN                              005DH    0004H      -----    -----
  +--> ?PR?WAITKEY?MAIN
  +--> ?PR?_DELAY?MAIN

?PR?WAITKEY?MAIN                                 -----    -----      -----    -----
  +--> ?PR?CONNTOUSB?MAIN
  +--> ?PR?_DELAY?MAIN

?PR?CONNTOUSB?MAIN                               0061H    0005H      027FH    0058H
  +--> ?CO?MAIN
  +--> ?PR?_WRITECOMM?LCD
  +--> ?PR?_WRITEDATA?LCD
  +--> ?PR?_DISPSTR?LCD
  +--> ?PR?_DISPINT?LCD
  +--> ?PR?_WRITEDISPDATA?LCD
  +--> ?PR?_MMC_SD_WRITESINGLEBLOCK?MMC_SD
  +--> ?PR?_BLOCK_WRITE?BLOCK_WRITE
  +--> ?PR?READDATA?LCD
  +--> ?PR?_DELAY?MAIN

?PR?_DISPSTR?LCD                                 0066H    000BH      -----    -----
  +--> ?PR?_TOORD?LCD
  +--> ?PR?_DISPONECHAR?LCD

BL51 BANKED LINKER/LOCATER V6.22                                                      10/08/2021  16:00:11  PAGE 7


?PR?_DISPONECHAR?LCD                             0071H    000DH      -----    -----
  +--> ?PR?_?BLOCKWRITE?LCD
  +--> ?CO?LCD
  +--> ?PR?_WRITEONEDOT?LCD

?PR?_WRITEONEDOT?LCD                             -----    -----      -----    -----
  +--> ?PR?_WRITEDISPDATA?LCD

?PR?_DISPINT?LCD                                 0066H    000AH      -----    -----
  +--> ?PR?_DISPONECHAR?LCD

?PR?_MMC_SD_WRITESINGLEBLOCK?MMC_SD              0066H    0004H      -----    -----
  +--> ?PR?_MMC_SD_SENDCOMMAND?MMC_SD
  +--> ?PR?_SPI_WRITEBYTE?MMC_SD

?PR?_MMC_SD_SENDCOMMAND?MMC_SD                   006AH    0005H      -----    -----
  +--> ?PR?_SPI_WRITEBYTE?MMC_SD

?PR?_DISPCOLOR?LCD                               005DH    0004H      -----    -----
  +--> ?PR?_?BLOCKWRITE?LCD
  +--> ?PR?_WRITEDISPDATA?LCD

?PR?DISPGRAYHOR16?LCD                            005DH    0004H      -----    -----
  +--> ?PR?_?BLOCKWRITE?LCD
  +--> ?PR?_WRITEDISPDATA?LCD

?PR?TP_DRAWLINE?TP                               -----    -----      027FH    0018H
  +--> ?PR?_DISPCOLOR?LCD
  +--> ?CO?TP
  +--> ?PR?_DISPSTR?LCD
  +--> ?PR?_DELAY?MAIN
  +--> ?PR?_TP_GETPOSITION?TP
  +--> ?PR?_PUTPIXEL?LCD

?PR?_TP_GETPOSITION?TP                           -----    -----      0297H    001BH
  +--> ?PR?_TP_WRITE?TP
  +--> ?PR?TP_READ?TP

?PR?_TP_WRITE?TP                                 -----    -----      02B2H    0001H

?PR?TP_READ?TP                                   -----    -----      02B2H    0005H

?PR?_PUTPIXEL?LCD                                005DH    0002H      -----    -----
  +--> ?PR?_?BLOCKWRITE?LCD
  +--> ?PR?_WRITEDISPDATA?LCD



SYMBOL TABLE OF MODULE:  ST7789V_CTC24_P0_4W1L (MAIN)

  VALUE           TYPE          NAME
  ----------------------------------

  -------         MODULE        MAIN
  C:0000H         SYMBOL        _ICE_DUMMY_
  D:0080H         PUBLIC        P0
  X:0000H         PUBLIC        f_down
BL51 BANKED LINKER/LOCATER V6.22                                                      10/08/2021  16:00:11  PAGE 8


  D:0090H         PUBLIC        P1
  D:00A0H         PUBLIC        P2
  D:00B0H         PUBLIC        P3
  C:377EH         PUBLIC        USB_MaxPower
  B:00B0H.6       PUBLIC        KEY_STEP
  D:00A4H         PUBLIC        P0MDOUT
  D:00A5H         PUBLIC        P1MDOUT
  D:00A6H         PUBLIC        P2MDOUT
  D:00A7H         PUBLIC        P3MDOUT
  D:00AEH         PUBLIC        P4MDOUT
  B:0080H.6       PUBLIC        OE
  D:00D9H         PUBLIC        PCA0MD
  C:202AH         PUBLIC        USB_API_TEST_ISR
  C:3B1FH         PUBLIC        Suspend_Device
  C:3690H         PUBLIC        _StopDelay
  D:00E1H         PUBLIC        XBR0
  D:00E2H         PUBLIC        XBR1
  B:00B0H.1       PUBLIC        RS
  C:3783H         PUBLIC        main
  X:0001H         PUBLIC        VerifyCode0
  X:0002H         PUBLIC        VerifyCode1
  C:3748H         PUBLIC        USB_PID
  X:0003H         PUBLIC        VerifyCode2
  D:00F1H         PUBLIC        P0MDIN
  D:00F2H         PUBLIC        P1MDIN
  C:374AH         PUBLIC        USB_MfrStr
  D:00F4H         PUBLIC        P3MDIN
  C:3746H         PUBLIC        USB_VID
  D:00F8H         PUBLIC        SPI0CN
  X:0004H         PUBLIC        pic
  C:33F7H         PUBLIC        Devices_Init
  C:008EH         PUBLIC        ConnToUSB
  D:00A9H         PUBLIC        CLKSEL
  D:00B2H         PUBLIC        OSCICN
  C:377FH         PUBLIC        USB_PwAttributes
  C:3AC5H         PUBLIC        WaitKey
  C:3782H         SYMBOL        _?ix1000
  B:00A0H.0       PUBLIC        CS0
  X:0005H         PUBLIC        bf
  C:3780H         PUBLIC        USB_bcdDevice
  D:00B9H         PUBLIC        CLKMUL
  X:0007H         PUBLIC        f_debug
  X:0008H         PUBLIC        sd
  X:02D7H         PUBLIC        Packet
  C:3813H         PUBLIC        MCU_Init
  B:0080H.7       PUBLIC        DIR
  D:00EFH         PUBLIC        RSTSRC
  X:000CH         PUBLIC        f_read
  C:3774H         PUBLIC        USB_SerialStr
  X:000DH         PUBLIC        f_other
  C:3764H         PUBLIC        USB_ProductStr
  X:000EH         PUBLIC        f_para
  D:00A1H         PUBLIC        SPI0CFG
  C:3A30H         PUBLIC        _Delay
  B:00B0H.7       PUBLIC        KEY_Stop
  X:000FH         PUBLIC        f_init
  -------         PROC          MAIN
BL51 BANKED LINKER/LOCATER V6.22                                                      10/08/2021  16:00:11  PAGE 9


  C:3783H         LINE#         40
  C:3783H         LINE#         41
  C:3783H         LINE#         61
  C:3786H         LINE#         63
  C:3789H         LINE#         64
  C:3789H         LINE#         68
  C:378FH         LINE#         69
  C:3799H         LINE#         71
  C:37A3H         LINE#         72
  C:37ADH         LINE#         73
  C:37B7H         LINE#         75
  C:37BDH         LINE#         76
  C:37C6H         LINE#         80
  C:37C9H         LINE#         82
  C:37CBH         LINE#         83
  -------         ENDPROC       MAIN
  -------         PROC          _DELAY
  D:0006H         SYMBOL        dly
  -------         DO            
  D:0004H         SYMBOL        i
  D:0002H         SYMBOL        j
  -------         ENDDO         
  C:3A30H         LINE#         86
  C:3A30H         LINE#         87
  C:3A30H         LINE#         90
  C:3A3AH         LINE#         91
  C:3A4EH         LINE#         92
  -------         ENDPROC       _DELAY
  C:368CH         SYMBOL        L?0133
  -------         PROC          L?0132
  -------         ENDPROC       L?0132
  C:368CH         SYMBOL        L?0133
  -------         PROC          _STOPDELAY
  X:005DH         SYMBOL        sdly
  -------         DO            
  D:0006H         SYMBOL        i
  D:0004H         SYMBOL        j
  X:005FH         SYMBOL        k
  -------         ENDDO         
  C:3690H         LINE#         94
  C:3697H         LINE#         95
  C:3697H         LINE#         97
  C:369CH         LINE#         98
  C:369CH         LINE#         99
  C:369FH         LINE#         100
  C:369FH         LINE#         101
  C:36ACH         LINE#         102
  C:36C0H         LINE#         103
  C:36C0H         LINE#         105
  C:36C0H         LINE#         106
  C:36CAH         LINE#         107
  C:36CAH         LINE#         108
  C:36E0H         LINE#         109
  -------         ENDPROC       _STOPDELAY
  -------         PROC          WAITKEY
  C:3AC5H         LINE#         139
  C:3AC5H         LINE#         140
BL51 BANKED LINKER/LOCATER V6.22                                                      10/08/2021  16:00:11  PAGE 10


  C:3AC5H         LINE#         142
  C:3AC8H         LINE#         143
  C:3AC8H         LINE#         145
  C:3ACBH         LINE#         147
  C:3ACDH         LINE#         148
  C:3AD4H         LINE#         149
  C:3AD7H         LINE#         151
  -------         ENDPROC       WAITKEY
  -------         PROC          CONNTOUSB
  -------         DO            
  X:0061H         SYMBOL        i
  X:027FH         SYMBOL        reg_data
  X:0297H         SYMBOL        para_data
  D:0007H         SYMBOL        dat
  X:0062H         SYMBOL        reg_index
  X:0064H         SYMBOL        data_num
  X:0065H         SYMBOL        st
  -------         ENDDO         
  C:008EH         LINE#         157
  C:008EH         LINE#         158
  C:008EH         LINE#         165
  C:00A1H         LINE#         167
  C:00A9H         LINE#         168
  C:00A9H         LINE#         169
  C:00B7H         LINE#         170
  C:00B7H         LINE#         171
  C:00C8H         LINE#         172
  C:00C8H         LINE#         173
  C:00EEH         LINE#         174
  C:00F0H         LINE#         175
  C:0104H         LINE#         176
  C:0104H         LINE#         177
  C:012AH         LINE#         179
  C:012AH         LINE#         180
  C:012AH         LINE#         181
  C:012AH         LINE#         183
  C:012AH         LINE#         184
  C:0132H         LINE#         185
  C:013CH         LINE#         186
  C:0146H         LINE#         188
  C:0162H         LINE#         190
  C:016CH         LINE#         191
  C:016CH         LINE#         192
  C:017DH         LINE#         193
  C:017DH         LINE#         194
  C:018EH         LINE#         195
  C:018EH         LINE#         196
  C:01E1H         LINE#         197
  C:01E3H         LINE#         198
  C:01F9H         LINE#         199
  C:01F9H         LINE#         200
  C:024BH         LINE#         201
  C:024BH         LINE#         202
  C:024BH         LINE#         203
  C:024BH         LINE#         205
  C:024BH         LINE#         206
  C:0253H         LINE#         207
BL51 BANKED LINKER/LOCATER V6.22                                                      10/08/2021  16:00:11  PAGE 11


  C:0253H         LINE#         208
  C:025DH         LINE#         209
  C:0267H         LINE#         211
  C:026BH         LINE#         212
  C:026EH         LINE#         216
  C:0276H         LINE#         217
  C:0276H         LINE#         218
  C:0285H         LINE#         219
  C:0285H         LINE#         220
  C:0287H         LINE#         222
  C:0289H         LINE#         223
  C:02A5H         LINE#         224
  C:02A7H         LINE#         226
  C:02D0H         LINE#         227
  C:02F4H         LINE#         228
  C:02FEH         LINE#         229
  C:02FEH         LINE#         230
  C:0306H         LINE#         231
  C:030DH         LINE#         232
  C:0318H         LINE#         233
  C:031EH         LINE#         234
  C:031EH         LINE#         235
  C:0327H         LINE#         237
  C:032BH         LINE#         238
  C:0337H         LINE#         239
  C:033AH         LINE#         242
  C:0342H         LINE#         243
  C:0342H         LINE#         244
  C:034BH         LINE#         245
  C:034BH         LINE#         246
  C:035BH         LINE#         247
  C:035BH         LINE#         248
  C:035DH         LINE#         250
  C:035FH         LINE#         251
  C:037BH         LINE#         252
  C:037DH         LINE#         254
  C:03A6H         LINE#         255
  C:03CAH         LINE#         257
  C:03D4H         LINE#         258
  C:03D4H         LINE#         259
  C:03DCH         LINE#         260
  C:03E3H         LINE#         261
  C:03EEH         LINE#         262
  C:03F4H         LINE#         263
  C:03F4H         LINE#         265
  C:03FDH         LINE#         271
  C:03FDH         LINE#         272
  C:040AH         LINE#         273
  C:040AH         LINE#         274
  C:040CH         LINE#         276
  C:040EH         LINE#         277
  C:042AH         LINE#         278
  C:042CH         LINE#         280
  C:0434H         LINE#         281
  C:0438H         LINE#         282
  C:0444H         LINE#         283
  C:0444H         LINE#         284
BL51 BANKED LINKER/LOCATER V6.22                                                      10/08/2021  16:00:11  PAGE 12


  C:0447H         LINE#         287
  C:044FH         LINE#         288
  C:044FH         LINE#         289
  C:0460H         LINE#         290
  C:0460H         LINE#         291
  C:046DH         LINE#         292
  C:046DH         LINE#         293
  C:048BH         LINE#         294
  C:048DH         LINE#         295
  C:049DH         LINE#         296
  C:049DH         LINE#         297
  C:04BBH         LINE#         298
  C:04BDH         LINE#         299
  C:04CEH         LINE#         300
  C:04CEH         LINE#         301
  C:04D8H         LINE#         302
  C:04E2H         LINE#         303
  C:04E2H         LINE#         304
  C:04E2H         LINE#         305
  C:04E2H         LINE#         307
  C:04E2H         LINE#         308
  C:04EBH         LINE#         309
  C:04EFH         LINE#         310
  C:04FBH         LINE#         311
  C:04FEH         LINE#         314
  C:0506H         LINE#         315
  C:0506H         LINE#         316
  C:0513H         LINE#         317
  C:0524H         LINE#         319
  C:052DH         LINE#         320
  C:053CH         LINE#         322
  C:0544H         LINE#         323
  C:0544H         LINE#         324
  C:054DH         LINE#         325
  C:055CH         LINE#         326
  C:055CH         LINE#         327
  C:055FH         LINE#         328
  C:056EH         LINE#         329
  C:057AH         LINE#         330
  C:0580H         LINE#         331
  C:0580H         LINE#         333
  C:0584H         LINE#         334
  C:0593H         LINE#         336
  C:059AH         LINE#         337
  C:05B6H         LINE#         338
  C:05C0H         LINE#         339
  C:05C0H         LINE#         340
  C:05E6H         LINE#         341
  C:05F9H         LINE#         342
  C:05F9H         LINE#         343
  C:064BH         LINE#         344
  C:0653H         LINE#         345
  C:0653H         LINE#         346
  C:0653H         LINE#         349
  C:0658H         LINE#         350
  C:0658H         LINE#         351
  C:0665H         LINE#         352
BL51 BANKED LINKER/LOCATER V6.22                                                      10/08/2021  16:00:11  PAGE 13


  C:0676H         LINE#         354
  C:067CH         LINE#         355
  C:0680H         LINE#         356
  C:0683H         LINE#         357
  C:0687H         LINE#         359
  C:068BH         LINE#         360
  C:0697H         LINE#         361
  C:0699H         LINE#         362
  -------         ENDPROC       CONNTOUSB
  -------         PROC          MCU_INIT
  -------         DO            
  D:0007H         SYMBOL        n
  -------         ENDDO         
  C:3813H         LINE#         365
  C:3813H         LINE#         366
  C:3813H         LINE#         368
  C:3816H         LINE#         371
  C:3819H         LINE#         372
  C:381CH         LINE#         374
  C:381FH         LINE#         376
  C:3825H         LINE#         378
  C:3828H         LINE#         379
  C:382DH         LINE#         380
  C:3830H         LINE#         382
  C:3833H         LINE#         385
  C:3836H         LINE#         386
  C:3839H         LINE#         388
  C:383CH         LINE#         389
  C:383FH         LINE#         391
  C:3842H         LINE#         392
  C:3845H         LINE#         394
  C:3848H         LINE#         395
  C:384BH         LINE#         396
  C:384DH         LINE#         397
  C:384FH         LINE#         399
  C:3852H         LINE#         400
  C:3855H         LINE#         402
  -------         ENDPROC       MCU_INIT
  -------         PROC          DEVICES_INIT
  C:33F7H         LINE#         404
  C:33F7H         LINE#         405
  C:33F7H         LINE#         407
  C:33FAH         LINE#         410
  C:33FDH         LINE#         411
  C:3457H         LINE#         412
  C:345AH         LINE#         415
  C:345DH         LINE#         416
  C:3460H         LINE#         424
  -------         ENDPROC       DEVICES_INIT
  -------         PROC          SUSPEND_DEVICE
  C:3B1FH         LINE#         428
  C:3B1FH         LINE#         429
  C:3B1FH         LINE#         430
  -------         ENDPROC       SUSPEND_DEVICE
  -------         PROC          USB_API_TEST_ISR
  -------         DO            
  X:005BH         SYMBOL        INTVAL
BL51 BANKED LINKER/LOCATER V6.22                                                      10/08/2021  16:00:11  PAGE 14


  -------         ENDDO         
  C:202AH         LINE#         434
  C:2047H         LINE#         436
  C:204EH         LINE#         438
  C:2054H         LINE#         439
  C:2054H         LINE#         440
  C:205FH         LINE#         442
  C:207BH         LINE#         443
  C:207BH         LINE#         444
  C:207DH         LINE#         445
  C:207FH         LINE#         446
  C:2095H         LINE#         447
  C:2095H         LINE#         448
  C:2097H         LINE#         449
  C:2099H         LINE#         450
  C:20B1H         LINE#         451
  C:20B1H         LINE#         452
  C:20B3H         LINE#         453
  C:20B5H         LINE#         454
  C:20CFH         LINE#         455
  C:20CFH         LINE#         456
  C:20D1H         LINE#         457
  C:20D3H         LINE#         458
  C:20E8H         LINE#         459
  C:20E8H         LINE#         460
  C:20EAH         LINE#         461
  C:20ECH         LINE#         463
  C:20ECH         LINE#         464
  C:20F1H         LINE#         465
  C:20F1H         LINE#         466
  C:20F1H         LINE#         468
  C:20F1H         LINE#         469
  C:20F1H         LINE#         471
  C:20F1H         LINE#         473
  C:20F7H         LINE#         474
  C:20F7H         LINE#         475
  C:20FAH         LINE#         476
  C:20FAH         LINE#         478
  C:2100H         LINE#         479
  C:2100H         LINE#         480
  C:2103H         LINE#         481
  C:2103H         LINE#         483
  C:2109H         LINE#         484
  C:2109H         LINE#         485
  C:2125H         LINE#         486
  C:2125H         LINE#         488
  C:212BH         LINE#         489
  C:212BH         LINE#         490
  C:2130H         LINE#         491
  C:214CH         LINE#         492
  C:214CH         LINE#         493
  -------         ENDPROC       USB_API_TEST_ISR
  -------         ENDMOD        MAIN

  -------         MODULE        MMC_SD
  C:0000H         SYMBOL        _ICE_DUMMY_
  D:00A2H         PUBLIC        SPI0CKR
BL51 BANKED LINKER/LOCATER V6.22                                                      10/08/2021  16:00:11  PAGE 15


  D:0080H         PUBLIC        P0
  D:0090H         PUBLIC        P1
  D:00A0H         PUBLIC        P2
  D:00B0H         PUBLIC        P3
  C:329CH         PUBLIC        _MMC_SD_SendCommand
  C:3463H         PUBLIC        _MMC_SD_ReadSingleBlock
  C:3AD8H         PUBLIC        SD_Init
  C:31A9H         PUBLIC        _MMC_SD_WriteSingleBlock
  B:00F8H.7       PUBLIC        SPIF
  B:00F8H.2       PUBLIC        NSSMD0
  C:2875H         PUBLIC        MMC_SD_Reset
  D:00A9H         PUBLIC        CLKSEL
  C:3B03H         PUBLIC        SPI_ReadByte
  C:3A91H         PUBLIC        _SPI_WriteByte
  D:00A3H         PUBLIC        SPI0DAT
  X:007FH         PUBLIC        buffer
  C:3A85H         SYMBOL        L?0062
  C:3A8AH         SYMBOL        L?0063
  -------         PROC          L?0061
  -------         ENDPROC       L?0061
  C:3A85H         SYMBOL        L?0062
  C:3A8AH         SYMBOL        L?0063
  -------         PROC          _SPI_WRITEBYTE
  D:0007H         SYMBOL        val
  -------         DO            
  D:0007H         SYMBOL        ret
  -------         ENDDO         
  C:3A91H         LINE#         7
  C:3A91H         LINE#         8
  C:3A91H         LINE#         11
  C:3A93H         LINE#         12
  C:3A96H         LINE#         13
  C:3A98H         LINE#         14
  C:3A9AH         LINE#         15
  C:3A9AH         LINE#         16
  -------         ENDPROC       _SPI_WRITEBYTE
  -------         PROC          SPI_READBYTE
  -------         DO            
  D:0007H         SYMBOL        ret
  -------         ENDDO         
  C:3B03H         LINE#         18
  C:3B03H         LINE#         19
  C:3B03H         LINE#         22
  C:3B06H         LINE#         23
  C:3B09H         LINE#         24
  C:3B0BH         LINE#         25
  C:3B0DH         LINE#         26
  C:3B0DH         LINE#         27
  -------         ENDPROC       SPI_READBYTE
  -------         PROC          _MMC_SD_SENDCOMMAND
  D:0006H         SYMBOL        cmd
  X:006BH         SYMBOL        arg
  -------         DO            
  D:0007H         SYMBOL        r1
  D:0003H         SYMBOL        retry
  -------         ENDDO         
  C:329CH         LINE#         29
BL51 BANKED LINKER/LOCATER V6.22                                                      10/08/2021  16:00:11  PAGE 16


  C:329EH         LINE#         30
  C:329EH         LINE#         32
  C:32A0H         LINE#         34
  C:32A0H         LINE#         35
  C:32A0H         LINE#         36
  C:32A3H         LINE#         37
  C:32A3H         LINE#         38
  C:32A3H         LINE#         39
  C:32A6H         LINE#         41
  C:32A8H         LINE#         43
  C:32AFH         LINE#         44
  C:32C4H         LINE#         45
  C:32D9H         LINE#         46
  C:32EEH         LINE#         47
  C:32F8H         LINE#         48
  C:32FDH         LINE#         50
  C:3305H         LINE#         51
  C:330EH         LINE#         53
  C:3310H         LINE#         55
  C:3310H         LINE#         56
  -------         ENDPROC       _MMC_SD_SENDCOMMAND
  -------         PROC          MMC_SD_RESET
  -------         DO            
  D:0005H         SYMBOL        i
  D:0002H         SYMBOL        retry
  D:0006H         SYMBOL        r1
  -------         ENDDO         
  C:2875H         LINE#         58
  C:2875H         LINE#         59
  C:2875H         LINE#         62
  C:2877H         LINE#         64
  C:2878H         LINE#         65
  C:287BH         LINE#         66
  C:287EH         LINE#         68
  C:287EH         LINE#         69
  C:288AH         LINE#         70
  C:289AH         LINE#         71
  C:289BH         LINE#         72
  C:28A1H         LINE#         73
  C:28A5H         LINE#         75
  C:28A7H         LINE#         77
  C:28A7H         LINE#         79
  C:28A7H         LINE#         80
  C:28B7H         LINE#         81
  C:28B8H         LINE#         82
  C:28C1H         LINE#         83
  C:28C5H         LINE#         85
  C:28C7H         LINE#         86
  C:28D7H         LINE#         87
  C:28D8H         LINE#         88
  C:28E1H         LINE#         89
  C:28E4H         LINE#         91
  C:28E7H         LINE#         92
  C:28E7H         LINE#         93
  C:28E9H         LINE#         95
  C:28E9H         LINE#         96
  C:28F9H         LINE#         97
BL51 BANKED LINKER/LOCATER V6.22                                                      10/08/2021  16:00:11  PAGE 17


  C:28FAH         LINE#         98
  C:2903H         LINE#         99
  C:2906H         LINE#         100
  C:2906H         LINE#         101
  C:2916H         LINE#         103
  C:2924H         LINE#         104
  C:2927H         LINE#         105
  C:292AH         LINE#         106
  C:292BH         LINE#         107
  -------         ENDPROC       MMC_SD_RESET
  -------         PROC          _MMC_SD_READSINGLEBLOCK
  X:0010H         SYMBOL        sector
  -------         DO            
  D:0007H         SYMBOL        r1
  D:0004H         SYMBOL        i
  D:0002H         SYMBOL        retry
  -------         ENDDO         
  C:3463H         LINE#         109
  C:3468H         LINE#         110
  C:3468H         LINE#         113
  C:346AH         LINE#         115
  C:346DH         LINE#         117
  C:346DH         LINE#         118
  C:3489H         LINE#         119
  C:348AH         LINE#         120
  C:3493H         LINE#         121
  C:3496H         LINE#         124
  C:3498H         LINE#         126
  C:349EH         LINE#         128
  C:34A1H         LINE#         129
  C:34A1H         LINE#         130
  C:34B0H         LINE#         131
  C:34BDH         LINE#         133
  C:34BDH         LINE#         134
  C:34C0H         LINE#         136
  C:34C2H         LINE#         137
  C:34C5H         LINE#         138
  C:34C6H         LINE#         139
  -------         ENDPROC       _MMC_SD_READSINGLEBLOCK
  -------         PROC          _MMC_SD_WRITESINGLEBLOCK
  X:0066H         SYMBOL        sector
  -------         DO            
  D:0006H         SYMBOL        r1
  D:0004H         SYMBOL        i
  D:0002H         SYMBOL        retry
  -------         ENDDO         
  C:31A9H         LINE#         141
  C:31AEH         LINE#         142
  C:31AEH         LINE#         145
  C:31B0H         LINE#         147
  C:31B3H         LINE#         149
  C:31B3H         LINE#         150
  C:31D1H         LINE#         151
  C:31D2H         LINE#         152
  C:31DBH         LINE#         153
  C:31DEH         LINE#         157
  C:31E0H         LINE#         159
BL51 BANKED LINKER/LOCATER V6.22                                                      10/08/2021  16:00:11  PAGE 18


  C:31E5H         LINE#         161
  C:31EAH         LINE#         163
  C:31ECH         LINE#         164
  C:31ECH         LINE#         165
  C:31FBH         LINE#         166
  C:3208H         LINE#         168
  C:3208H         LINE#         169
  C:3208H         LINE#         171
  C:320DH         LINE#         173
  C:3214H         LINE#         174
  C:3214H         LINE#         175
  C:3216H         LINE#         176
  C:3217H         LINE#         177
  C:3217H         LINE#         179
  C:321FH         LINE#         181
  C:3221H         LINE#         182
  C:3224H         LINE#         183
  C:3225H         LINE#         184
  -------         ENDPROC       _MMC_SD_WRITESINGLEBLOCK
  -------         PROC          SD_INIT
  -------         DO            
  D:0001H         SYMBOL        n
  -------         ENDDO         
  C:3AD8H         LINE#         187
  C:3AD8H         LINE#         188
  C:3AD8H         LINE#         189
  C:3ADAH         LINE#         191
  C:3AE0H         LINE#         192
  C:3AE0H         LINE#         193
  C:3AE1H         LINE#         194
  C:3AE8H         LINE#         196
  -------         ENDPROC       SD_INIT
  -------         ENDMOD        MMC_SD

  -------         MODULE        LCD
  C:0000H         SYMBOL        _ICE_DUMMY_
  D:0080H         PUBLIC        P0
  C:2B40H         PUBLIC        DispFrame
  D:0090H         PUBLIC        P1
  C:2BEAH         PUBLIC        DispScaleVer_Green
  D:00A0H         PUBLIC        P2
  D:00B0H         PUBLIC        P3
  C:1C00H         PUBLIC        DispBand
  C:38CCH         PUBLIC        _WriteData
  C:069AH         PUBLIC        ascii
  C:1412H         PUBLIC        _LCD_Read_IC_ID
  D:00A6H         PUBLIC        P2MDOUT
  C:0046H         PUBLIC        _DispColor
  C:309BH         PUBLIC        DispScaleVer_Blue
  C:2F7FH         PUBLIC        _DrawGird
  C:3123H         PUBLIC        _DrawLine
  B:00D0H.7       PUBLIC        CY
  C:3924H         PUBLIC        _WriteComm
  C:0018H         PUBLIC        _WriteDispData
  C:2EECH         PUBLIC        DispScaleVer_Gray
  B:00B0H.1       PUBLIC        RS
  B:0090H.7       PUBLIC        SPI_CLK
BL51 BANKED LINKER/LOCATER V6.22                                                      10/08/2021  16:00:11  PAGE 19


  C:2E59H         PUBLIC        DispScaleVer_Red
  D:00F3H         PUBLIC        P2MDIN
  C:229EH         PUBLIC        DispScaleVer
  C:34C7H         PUBLIC        _DispPic
  C:27DAH         PUBLIC        _DispOneChar
  C:3226H         PUBLIC        DispGrayHor32
  C:2D28H         PUBLIC        DispGrayHor16
  C:292CH         PUBLIC        _DispInt
  C:36E1H         PUBLIC        _PutPixel
  D:00A9H         PUBLIC        CLKSEL
  B:0090H.6       PUBLIC        RD0
  B:00A0H.0       PUBLIC        CS0
  X:0059H         PUBLIC        LCM_ID
  C:1EE1H         PUBLIC        LCD_Init
  C:2DC3H         PUBLIC        _DispStr
  B:0090H.7       PUBLIC        WR0
  C:1644H         PUBLIC        DispScaleHor1
  B:0090H.6       PUBLIC        SPI_DI
  C:3B0EH         PUBLIC        _WriteOneDot
  C:1A44H         PUBLIC        DispScaleHor2
  C:25F4H         PUBLIC        _DispPicFromSD
  B:0080H.7       PUBLIC        DIR
  C:3528H         PUBLIC        _ToOrd
  B:0080H.5       PUBLIC        RST
  C:3A9BH         PUBLIC        ReadData
  C:2CA6H         PUBLIC        _?BlockWrite
  -------         PROC          _LCD_READ_IC_ID
  X:0066H         SYMBOL        ID
  D:0004H         SYMBOL        Bug
  D:0003H         SYMBOL        flog
  -------         DO            
  X:0067H         SYMBOL        id
  X:0069H         SYMBOL        id1
  X:006BH         SYMBOL        temp
  D:0005H         SYMBOL        i
  D:0007H         SYMBOL        dat
  D:0001H         SYMBOL        id2
  X:006DH         SYMBOL        id3
  D:0002H         SYMBOL        id4
  -------         ENDDO         
  C:1412H         LINE#         35
  C:1416H         LINE#         36
  C:1416H         LINE#         40
  C:141EH         LINE#         41
  C:141EH         LINE#         43
  C:1420H         LINE#         44
  C:1422H         LINE#         45
  C:1424H         LINE#         47
  C:1427H         LINE#         48
  C:1429H         LINE#         49
  C:142BH         LINE#         50
  C:142DH         LINE#         53
  C:1430H         LINE#         54
  C:1433H         LINE#         55
  C:1436H         LINE#         56
  C:1438H         LINE#         57
  C:143AH         LINE#         58
BL51 BANKED LINKER/LOCATER V6.22                                                      10/08/2021  16:00:11  PAGE 20


  C:143CH         LINE#         63
  C:1446H         LINE#         65
  C:144CH         LINE#         66
  C:1454H         LINE#         68
  C:145AH         LINE#         69
  C:1460H         LINE#         70
  C:146AH         LINE#         72
  C:1470H         LINE#         73
  C:1472H         LINE#         75
  C:1478H         LINE#         77
  C:147EH         LINE#         78
  C:1488H         LINE#         80
  C:148EH         LINE#         81
  C:1493H         LINE#         83
  C:1499H         LINE#         85
  C:14A3H         LINE#         86
  C:14ADH         LINE#         88
  C:14B3H         LINE#         89
  C:14B5H         LINE#         91
  C:14C5H         LINE#         92
  C:14CFH         LINE#         94
  C:14D2H         LINE#         95
  C:14D6H         LINE#         96
  C:14D6H         LINE#         97
  C:14DFH         LINE#         98
  C:14E5H         LINE#         99
  C:14E5H         LINE#         100
  C:14EFH         LINE#         101
  C:14F1H         LINE#         102
  C:14F5H         LINE#         103
  C:14F5H         LINE#         104
  C:1504H         LINE#         105
  C:1504H         LINE#         108
  C:1504H         LINE#         109
  C:150DH         LINE#         110
  C:150DH         LINE#         112
  C:1510H         LINE#         113
  C:1514H         LINE#         114
  C:1516H         LINE#         115
  C:1518H         LINE#         116
  C:151AH         LINE#         117
  C:151AH         LINE#         118
  C:151CH         LINE#         119
  C:1524H         LINE#         120
  C:1526H         LINE#         122
  C:1528H         LINE#         123
  C:152CH         LINE#         124
  C:1531H         LINE#         125
  C:1534H         LINE#         128
  C:153EH         LINE#         129
  C:153EH         LINE#         130
  C:1540H         LINE#         131
  C:1540H         LINE#         132
  C:1542H         LINE#         133
  C:1544H         LINE#         134
  C:1546H         LINE#         135
  C:155DH         LINE#         136
BL51 BANKED LINKER/LOCATER V6.22                                                      10/08/2021  16:00:11  PAGE 21


  C:155FH         LINE#         137
  C:1561H         LINE#         138
  C:1568H         LINE#         139
  C:1572H         LINE#         140
  C:1572H         LINE#         141
  C:1574H         LINE#         142
  C:1574H         LINE#         143
  C:1576H         LINE#         144
  C:1578H         LINE#         145
  C:157AH         LINE#         146
  C:1591H         LINE#         147
  C:1593H         LINE#         148
  C:1595H         LINE#         149
  C:159AH         LINE#         150
  C:159AH         LINE#         152
  C:159CH         LINE#         153
  C:159CH         LINE#         154
  C:159EH         LINE#         155
  C:15A0H         LINE#         156
  C:15A2H         LINE#         157
  C:15B9H         LINE#         158
  C:15BBH         LINE#         159
  C:15BDH         LINE#         160
  C:15C2H         LINE#         162
  C:15C4H         LINE#         163
  C:15C4H         LINE#         164
  C:15C6H         LINE#         165
  C:15C8H         LINE#         166
  C:15CAH         LINE#         167
  C:15D4H         LINE#         168
  C:15D6H         LINE#         169
  C:15D8H         LINE#         170
  C:15DDH         LINE#         172
  C:15DFH         LINE#         173
  C:15DFH         LINE#         174
  C:15E1H         LINE#         175
  C:15E3H         LINE#         176
  C:15E5H         LINE#         177
  C:15F1H         LINE#         178
  C:15F3H         LINE#         179
  C:15F5H         LINE#         180
  C:15FAH         LINE#         181
  C:15FDH         LINE#         182
  C:15FFH         LINE#         183
  C:1601H         LINE#         184
  C:1603H         LINE#         185
  C:1605H         LINE#         186
  C:1607H         LINE#         187
  C:1609H         LINE#         189
  C:160DH         LINE#         190
  C:160DH         LINE#         191
  C:161DH         LINE#         193
  C:1628H         LINE#         194
  C:1628H         LINE#         195
  C:1628H         LINE#         197
  C:162EH         LINE#         198
  C:162EH         LINE#         199
BL51 BANKED LINKER/LOCATER V6.22                                                      10/08/2021  16:00:11  PAGE 22


  C:163AH         LINE#         200
  C:163AH         LINE#         202
  C:163AH         LINE#         203
  C:163CH         LINE#         204
  C:1643H         LINE#         205
  -------         ENDPROC       _LCD_READ_IC_ID
  -------         PROC          _WRITECOMM
  D:0004H         SYMBOL        i
  -------         DO            
  D:0003H         SYMBOL        j
  X:007EH         SYMBOL        DataH
  -------         ENDDO         
  C:3924H         LINE#         208
  C:3928H         LINE#         209
  C:3928H         LINE#         211
  C:392CH         LINE#         212
  C:392EH         LINE#         276
  C:392EH         LINE#         303
  C:3930H         LINE#         304
  C:3932H         LINE#         305
  C:3932H         LINE#         306
  C:3936H         LINE#         307
  C:393AH         LINE#         309
  C:393CH         LINE#         310
  C:3943H         LINE#         311
  C:3945H         LINE#         312
  C:3947H         LINE#         314
  C:394CH         LINE#         316
  C:394CH         LINE#         319
  C:394EH         LINE#         320
  -------         ENDPROC       _WRITECOMM
  -------         PROC          L?0467
  -------         ENDPROC       L?0467
  -------         PROC          _WRITEDATA
  D:0004H         SYMBOL        i
  -------         DO            
  D:0003H         SYMBOL        j
  X:007EH         SYMBOL        DataH
  -------         ENDDO         
  C:38CCH         LINE#         322
  C:38D0H         LINE#         323
  C:38D0H         LINE#         325
  C:38D4H         LINE#         326
  C:38D6H         LINE#         467
  C:38D6H         LINE#         498
  C:38D8H         LINE#         499
  C:38DAH         LINE#         500
  C:38DAH         LINE#         501
  C:38DEH         LINE#         502
  C:38E2H         LINE#         504
  C:38E4H         LINE#         505
  C:38EBH         LINE#         506
  C:38EDH         LINE#         507
  C:38EFH         LINE#         509
  C:38F4H         LINE#         511
  C:38F4H         LINE#         514
  C:38F6H         LINE#         515
BL51 BANKED LINKER/LOCATER V6.22                                                      10/08/2021  16:00:11  PAGE 23


  -------         ENDPROC       _WRITEDATA
  C:0003H         SYMBOL        L?0466
  -------         PROC          L?0465
  -------         ENDPROC       L?0465
  C:0003H         SYMBOL        L?0466
  -------         PROC          _WRITEDISPDATA
  D:0007H         SYMBOL        DataH
  D:0005H         SYMBOL        DataL
  -------         DO            
  D:0006H         SYMBOL        j
  -------         ENDDO         
  C:0018H         LINE#         517
  C:0018H         LINE#         518
  C:0018H         LINE#         520
  C:001AH         LINE#         594
  C:001AH         LINE#         595
  C:001CH         LINE#         596
  C:001EH         LINE#         597
  C:001EH         LINE#         598
  C:0022H         LINE#         599
  C:0024H         LINE#         600
  C:0026H         LINE#         601
  C:0028H         LINE#         602
  C:002DH         LINE#         604
  C:002FH         LINE#         605
  C:0031H         LINE#         606
  C:0031H         LINE#         607
  C:0035H         LINE#         608
  C:0037H         LINE#         609
  C:0039H         LINE#         610
  C:003BH         LINE#         611
  C:0040H         LINE#         636
  C:0040H         LINE#         639
  C:0042H         LINE#         640
  -------         ENDPROC       _WRITEDISPDATA
  -------         PROC          _WRITEONEDOT
  D:0004H         SYMBOL        color
  C:3B0EH         LINE#         642
  C:3B12H         LINE#         643
  C:3B12H         LINE#         656
  -------         ENDPROC       _WRITEONEDOT
  -------         PROC          LCD_INIT
  C:1EE1H         LINE#         665
  C:1EE1H         LINE#         666
  C:1EE1H         LINE#         667
  C:1EE4H         LINE#         670
  C:1EE6H         LINE#         671
  C:1EEDH         LINE#         673
  C:1EEFH         LINE#         674
  C:1EF6H         LINE#         676
  C:1EF8H         LINE#         677
  C:1EFFH         LINE#         4541
  C:1F06H         LINE#         4542
  C:1F0BH         LINE#         4545
  C:1F12H         LINE#         4546
  C:1F17H         LINE#         4547
  C:1F1CH         LINE#         4548
BL51 BANKED LINKER/LOCATER V6.22                                                      10/08/2021  16:00:11  PAGE 24


  C:1F21H         LINE#         4550
  C:1F26H         LINE#         4551
  C:1F2BH         LINE#         4552
  C:1F2EH         LINE#         4553
  C:1F33H         LINE#         4554
  C:1F38H         LINE#         4555
  C:1F3BH         LINE#         4556
  C:1F40H         LINE#         4557
  C:1F45H         LINE#         4559
  C:1F4AH         LINE#         4560
  C:1F4FH         LINE#         4562
  C:1F54H         LINE#         4563
  C:1F59H         LINE#         4564
  C:1F5EH         LINE#         4565
  C:1F63H         LINE#         4566
  C:1F68H         LINE#         4567
  C:1F6DH         LINE#         4568
  C:1F72H         LINE#         4569
  C:1F77H         LINE#         4570
  C:1F7CH         LINE#         4571
  C:1F81H         LINE#         4572
  C:1F86H         LINE#         4573
  C:1F8BH         LINE#         4574
  C:1F90H         LINE#         4576
  C:1F95H         LINE#         4577
  C:1F9AH         LINE#         4578
  C:1F9FH         LINE#         4579
  C:1FA4H         LINE#         4580
  C:1FA9H         LINE#         4581
  C:1FAEH         LINE#         4582
  C:1FB3H         LINE#         4583
  C:1FB8H         LINE#         4584
  C:1FBDH         LINE#         4585
  C:1FC2H         LINE#         4586
  C:1FC7H         LINE#         4587
  C:1FCCH         LINE#         4588
  C:1FD1H         LINE#         4589
  C:1FD6H         LINE#         4590
  C:1FDBH         LINE#         4591
  C:1FE0H         LINE#         4592
  C:1FE5H         LINE#         4593
  C:1FEAH         LINE#         4594
  C:1FEFH         LINE#         4595
  C:1FF4H         LINE#         4596
  C:1FF8H         LINE#         4597
  C:1FFDH         LINE#         4598
  C:2002H         LINE#         4599
  C:2007H         LINE#         4600
  C:200CH         LINE#         4601
  C:2011H         LINE#         4602
  C:2016H         LINE#         4603
  C:201BH         LINE#         4604
  C:2020H         LINE#         4605
  C:2025H         LINE#         4706
  -------         ENDPROC       LCD_INIT
  C:2C8DH         SYMBOL        L?0459
  C:2C93H         SYMBOL        L?0460
BL51 BANKED LINKER/LOCATER V6.22                                                      10/08/2021  16:00:11  PAGE 25


  C:2C9CH         SYMBOL        L?0461
  -------         PROC          L?0458
  -------         ENDPROC       L?0458
  C:2C8DH         SYMBOL        L?0459
  C:2C93H         SYMBOL        L?0460
  C:2C9CH         SYMBOL        L?0461
  -------         PROC          _?BLOCKWRITE
  p:0000H         SYMBOL        Xstart
  p:0002H         SYMBOL        Xend
  p:0004H         SYMBOL        Ystart
  p:0006H         SYMBOL        Yend
  C:2CA6H         LINE#         6259
  C:2CC7H         LINE#         6376
  C:2CCEH         LINE#         6377
  C:2CD5H         LINE#         6378
  C:2CDDH         LINE#         6379
  C:2CE8H         LINE#         6380
  C:2CF2H         LINE#         6382
  C:2CF7H         LINE#         6383
  C:2D01H         LINE#         6385
  C:2D08H         LINE#         6386
  C:2D12H         LINE#         6387
  C:2D19H         LINE#         6393
  C:2D1EH         LINE#         6396
  C:2D21H         LINE#         6401
  -------         ENDPROC       _?BLOCKWRITE
  -------         PROC          _DISPCOLOR
  D:0004H         SYMBOL        color
  -------         DO            
  X:005DH         SYMBOL        i
  D:0002H         SYMBOL        m
  X:005FH         SYMBOL        DataH
  X:0060H         SYMBOL        DataL
  -------         ENDDO         
  C:0046H         LINE#         6456
  C:0048H         LINE#         6457
  C:0048H         LINE#         6460
  C:004EH         LINE#         6462
  C:0051H         LINE#         6464
  C:0053H         LINE#         6465
  C:0059H         LINE#         6466
  C:0059H         LINE#         6467
  C:005CH         LINE#         6468
  C:005CH         LINE#         6469
  C:0066H         LINE#         6470
  C:0071H         LINE#         6471
  C:0087H         LINE#         6473
  C:0089H         LINE#         6474
  -------         ENDPROC       _DISPCOLOR
  -------         PROC          DISPFRAME
  -------         DO            
  D:0002H         SYMBOL        i
  X:005DH         SYMBOL        j
  D:0001H         SYMBOL        DataH
  D:0004H         SYMBOL        DataL
  -------         ENDDO         
  C:2B40H         LINE#         6476
BL51 BANKED LINKER/LOCATER V6.22                                                      10/08/2021  16:00:11  PAGE 26


  C:2B40H         LINE#         6477
  C:2B40H         LINE#         6480
  C:2B43H         LINE#         6482
  C:2B45H         LINE#         6485
  C:2B49H         LINE#         6486
  C:2B4FH         LINE#         6488
  C:2B51H         LINE#         6489
  C:2B51H         LINE#         6490
  C:2B55H         LINE#         6491
  C:2B5CH         LINE#         6492
  C:2B67H         LINE#         6494
  C:2B6BH         LINE#         6495
  C:2B71H         LINE#         6497
  C:2B77H         LINE#         6498
  C:2B77H         LINE#         6499
  C:2B7BH         LINE#         6500
  C:2B81H         LINE#         6502
  C:2B84H         LINE#         6503
  C:2B84H         LINE#         6504
  C:2B87H         LINE#         6505
  C:2B8CH         LINE#         6506
  C:2B97H         LINE#         6508
  C:2B9BH         LINE#         6509
  C:2BA1H         LINE#         6511
  C:2BB7H         LINE#         6513
  C:2BBBH         LINE#         6514
  C:2BC1H         LINE#         6516
  C:2BC4H         LINE#         6517
  C:2BC4H         LINE#         6518
  C:2BC8H         LINE#         6519
  C:2BCFH         LINE#         6520
  C:2BDAH         LINE#         6522
  C:2BDEH         LINE#         6523
  C:2BE4H         LINE#         6525
  C:2BE7H         LINE#         6526
  C:2BE9H         LINE#         6527
  -------         ENDPROC       DISPFRAME
  -------         PROC          DISPBAND
  -------         DO            
  D:0002H         SYMBOL        i
  X:0014H         SYMBOL        j
  X:0015H         SYMBOL        k
  X:0016H         SYMBOL        m
  X:0017H         SYMBOL        n
  X:0018H         SYMBOL        x
  -------         ENDDO         
  C:1C00H         LINE#         6529
  C:1C00H         LINE#         6530
  C:1C00H         LINE#         6533
  C:1C09H         LINE#         6534
  C:1C12H         LINE#         6535
  C:1C14H         LINE#         6538
  C:1C1CH         LINE#         6539
  C:1C2AH         LINE#         6540
  C:1C2AH         LINE#         6541
  C:1C45H         LINE#         6542
  C:1C60H         LINE#         6543
BL51 BANKED LINKER/LOCATER V6.22                                                      10/08/2021  16:00:11  PAGE 27


  C:1C8CH         LINE#         6544
  C:1C93H         LINE#         6545
  C:1CA2H         LINE#         6546
  C:1CA2H         LINE#         6547
  C:1CBDH         LINE#         6548
  C:1CD8H         LINE#         6549
  C:1D04H         LINE#         6550
  C:1D0BH         LINE#         6551
  C:1D21H         LINE#         6552
  C:1D21H         LINE#         6553
  C:1D3CH         LINE#         6554
  C:1D57H         LINE#         6555
  C:1D83H         LINE#         6556
  C:1D8AH         LINE#         6557
  C:1D8CH         LINE#         6558
  C:1D8FH         LINE#         6559
  -------         ENDPROC       DISPBAND
  -------         PROC          _DISPPIC
  D:0006H         SYMBOL        picture
  -------         DO            
  X:0019H         SYMBOL        p
  X:001CH         SYMBOL        n
  -------         ENDDO         
  C:34C7H         LINE#         6562
  C:34C7H         LINE#         6563
  C:34C7H         LINE#         6566
  C:34D6H         LINE#         6567
  C:34D6H         LINE#         6568
  C:34D6H         LINE#         6570
  C:34E7H         LINE#         6572
  C:34FAH         LINE#         6573
  C:34FAH         LINE#         6574
  C:351AH         LINE#         6575
  C:3527H         LINE#         6577
  -------         ENDPROC       _DISPPIC
  -------         PROC          _DISPPICFROMSD
  X:001EH         SYMBOL        PicNum
  -------         DO            
  X:001FH         SYMBOL        Address_S
  X:0023H         SYMBOL        Address_E
  D:0002H         SYMBOL        i
  X:0027H         SYMBOL        k
  -------         ENDDO         
  C:25F4H         LINE#         6581
  C:25F7H         LINE#         6582
  C:25F7H         LINE#         6588
  C:25FAH         LINE#         6591
  C:25FCH         LINE#         6593
  C:25FEH         LINE#         6595
  C:2607H         LINE#         6596
  C:2632H         LINE#         6597
  C:265BH         LINE#         6598
  C:267EH         LINE#         6599
  C:267EH         LINE#         6600
  C:268EH         LINE#         6602
  C:2697H         LINE#         6603
  C:2697H         LINE#         6605
BL51 BANKED LINKER/LOCATER V6.22                                                      10/08/2021  16:00:11  PAGE 28


  C:26B2H         LINE#         6606
  C:26BBH         LINE#         6607
  C:26DAH         LINE#         6609
  C:26DCH         LINE#         6647
  -------         ENDPROC       _DISPPICFROMSD
  -------         PROC          DISPSCALEHOR1
  -------         DO            
  X:002BH         SYMBOL        i
  X:002DH         SYMBOL        j
  D:0002H         SYMBOL        k
  -------         ENDDO         
  C:1644H         LINE#         6652
  C:1644H         LINE#         6653
  C:1644H         LINE#         6656
  C:1647H         LINE#         6659
  C:1649H         LINE#         6660
  C:1649H         LINE#         6661
  C:166BH         LINE#         6662
  C:1671H         LINE#         6663
  C:1671H         LINE#         6664
  C:1677H         LINE#         6665
  C:1677H         LINE#         6666
  C:168CH         LINE#         6667
  C:16A2H         LINE#         6668
  C:16B8H         LINE#         6670
  C:16C3H         LINE#         6673
  C:16C6H         LINE#         6674
  C:16C6H         LINE#         6675
  C:16E8H         LINE#         6676
  C:16EEH         LINE#         6677
  C:16EEH         LINE#         6678
  C:16F4H         LINE#         6679
  C:16F4H         LINE#         6680
  C:171FH         LINE#         6681
  C:1735H         LINE#         6682
  C:174BH         LINE#         6683
  C:1759H         LINE#         6686
  C:175CH         LINE#         6687
  C:175CH         LINE#         6688
  C:177EH         LINE#         6689
  C:1784H         LINE#         6690
  C:1784H         LINE#         6691
  C:178AH         LINE#         6692
  C:178AH         LINE#         6693
  C:1794H         LINE#         6694
  C:17AAH         LINE#         6695
  C:17C0H         LINE#         6696
  C:17CBH         LINE#         6699
  C:17CEH         LINE#         6700
  C:17CEH         LINE#         6701
  C:17F0H         LINE#         6702
  C:17F6H         LINE#         6703
  C:17F6H         LINE#         6704
  C:17FCH         LINE#         6705
  C:17FCH         LINE#         6706
  C:182FH         LINE#         6707
  C:1845H         LINE#         6708
BL51 BANKED LINKER/LOCATER V6.22                                                      10/08/2021  16:00:11  PAGE 29


  C:185BH         LINE#         6709
  C:1869H         LINE#         6710
  C:186BH         LINE#         6711
  -------         ENDPROC       DISPSCALEHOR1
  -------         PROC          DISPSCALEVER
  -------         DO            
  X:002FH         SYMBOL        i
  X:0031H         SYMBOL        j
  D:0002H         SYMBOL        k
  -------         ENDDO         
  C:229EH         LINE#         6713
  C:229EH         LINE#         6714
  C:229EH         LINE#         6783
  C:22A1H         LINE#         6785
  C:22A9H         LINE#         6786
  C:22A9H         LINE#         6787
  C:22AFH         LINE#         6788
  C:22AFH         LINE#         6789
  C:22B5H         LINE#         6790
  C:22CBH         LINE#         6791
  C:22D2H         LINE#         6793
  C:22D5H         LINE#         6794
  C:22D5H         LINE#         6796
  C:22DBH         LINE#         6797
  C:22DBH         LINE#         6799
  C:22E1H         LINE#         6800
  C:22E1H         LINE#         6801
  C:22F3H         LINE#         6802
  C:2309H         LINE#         6804
  C:230FH         LINE#         6805
  C:230FH         LINE#         6806
  C:2337H         LINE#         6807
  C:234DH         LINE#         6809
  C:2353H         LINE#         6810
  C:2353H         LINE#         6811
  C:235AH         LINE#         6812
  C:2370H         LINE#         6814
  C:2376H         LINE#         6815
  C:2376H         LINE#         6816
  C:238AH         LINE#         6817
  C:23A0H         LINE#         6819
  C:23B9H         LINE#         6821
  C:23C7H         LINE#         6823
  -------         ENDPROC       DISPSCALEVER
  -------         PROC          DISPSCALEVER_RED
  -------         DO            
  X:0033H         SYMBOL        i
  X:0035H         SYMBOL        j
  D:0002H         SYMBOL        k
  -------         ENDDO         
  C:2E59H         LINE#         6825
  C:2E59H         LINE#         6826
  C:2E59H         LINE#         6829
  C:2E5CH         LINE#         6831
  C:2E5EH         LINE#         6833
  C:2E60H         LINE#         6836
  C:2E68H         LINE#         6837
BL51 BANKED LINKER/LOCATER V6.22                                                      10/08/2021  16:00:11  PAGE 30


  C:2E68H         LINE#         6838
  C:2E6EH         LINE#         6839
  C:2E6EH         LINE#         6840
  C:2E74H         LINE#         6841
  C:2E8AH         LINE#         6842
  C:2E91H         LINE#         6844
  C:2E94H         LINE#         6845
  C:2E94H         LINE#         6846
  C:2E9AH         LINE#         6847
  C:2E9AH         LINE#         6849
  C:2EA0H         LINE#         6850
  C:2EA0H         LINE#         6851
  C:2EB2H         LINE#         6852
  C:2EC8H         LINE#         6853
  C:2EDEH         LINE#         6855
  C:2EE9H         LINE#         6857
  C:2EEBH         LINE#         6858
  -------         ENDPROC       DISPSCALEVER_RED
  -------         PROC          DISPSCALEVER_GREEN
  -------         DO            
  X:0037H         SYMBOL        i
  X:0039H         SYMBOL        j
  D:0002H         SYMBOL        k
  -------         ENDDO         
  C:2BEAH         LINE#         6860
  C:2BEAH         LINE#         6861
  C:2BEAH         LINE#         6864
  C:2BEDH         LINE#         6866
  C:2BEFH         LINE#         6867
  C:2BF1H         LINE#         6870
  C:2BF9H         LINE#         6871
  C:2BF9H         LINE#         6872
  C:2BFFH         LINE#         6873
  C:2BFFH         LINE#         6874
  C:2C05H         LINE#         6876
  C:2C1BH         LINE#         6877
  C:2C22H         LINE#         6879
  C:2C25H         LINE#         6880
  C:2C25H         LINE#         6881
  C:2C2BH         LINE#         6882
  C:2C2BH         LINE#         6884
  C:2C31H         LINE#         6885
  C:2C31H         LINE#         6887
  C:2C52H         LINE#         6888
  C:2C68H         LINE#         6889
  C:2C7EH         LINE#         6891
  C:2C89H         LINE#         6893
  C:2C8BH         LINE#         6894
  -------         ENDPROC       DISPSCALEVER_GREEN
  -------         PROC          DISPSCALEVER_BLUE
  -------         DO            
  X:003BH         SYMBOL        i
  X:003DH         SYMBOL        j
  D:0002H         SYMBOL        k
  -------         ENDDO         
  C:309BH         LINE#         6896
  C:309BH         LINE#         6897
BL51 BANKED LINKER/LOCATER V6.22                                                      10/08/2021  16:00:11  PAGE 31


  C:309BH         LINE#         6900
  C:309EH         LINE#         6902
  C:30A0H         LINE#         6903
  C:30A2H         LINE#         6906
  C:30AAH         LINE#         6907
  C:30AAH         LINE#         6908
  C:30B0H         LINE#         6909
  C:30B0H         LINE#         6910
  C:30B6H         LINE#         6911
  C:30CCH         LINE#         6912
  C:30D3H         LINE#         6914
  C:30D6H         LINE#         6915
  C:30D6H         LINE#         6916
  C:30DCH         LINE#         6917
  C:30DCH         LINE#         6919
  C:30E2H         LINE#         6920
  C:30E2H         LINE#         6921
  C:30E9H         LINE#         6922
  C:30FFH         LINE#         6923
  C:3115H         LINE#         6925
  C:3120H         LINE#         6927
  C:3122H         LINE#         6928
  -------         ENDPROC       DISPSCALEVER_BLUE
  -------         PROC          DISPSCALEVER_GRAY
  -------         DO            
  X:003FH         SYMBOL        i
  X:0041H         SYMBOL        j
  D:0002H         SYMBOL        k
  -------         ENDDO         
  C:2EECH         LINE#         6930
  C:2EECH         LINE#         6931
  C:2EECH         LINE#         6934
  C:2EEFH         LINE#         6936
  C:2EF1H         LINE#         6941
  C:2EF9H         LINE#         6942
  C:2EF9H         LINE#         6943
  C:2EFFH         LINE#         6944
  C:2EFFH         LINE#         6945
  C:2F05H         LINE#         6947
  C:2F1BH         LINE#         6948
  C:2F22H         LINE#         6950
  C:2F25H         LINE#         6951
  C:2F25H         LINE#         6952
  C:2F2BH         LINE#         6953
  C:2F2BH         LINE#         6955
  C:2F31H         LINE#         6956
  C:2F31H         LINE#         6957
  C:2F45H         LINE#         6958
  C:2F5BH         LINE#         6959
  C:2F71H         LINE#         6961
  C:2F7CH         LINE#         6963
  C:2F7EH         LINE#         6964
  -------         ENDPROC       DISPSCALEVER_GRAY
  -------         PROC          DISPGRAYHOR16
  -------         DO            
  X:005DH         SYMBOL        i
  D:0002H         SYMBOL        j
BL51 BANKED LINKER/LOCATER V6.22                                                      10/08/2021  16:00:11  PAGE 32


  X:005FH         SYMBOL        k
  -------         ENDDO         
  C:2D28H         LINE#         6966
  C:2D28H         LINE#         6967
  C:2D28H         LINE#         6970
  C:2D2BH         LINE#         6972
  C:2D2DH         LINE#         6973
  C:2D2FH         LINE#         6975
  C:2D35H         LINE#         6976
  C:2D35H         LINE#         6977
  C:2D3EH         LINE#         6978
  C:2D3EH         LINE#         6979
  C:2D44H         LINE#         6980
  C:2D4BH         LINE#         6982
  C:2D4EH         LINE#         6983
  C:2D4EH         LINE#         6984
  C:2D54H         LINE#         6985
  C:2D54H         LINE#         6986
  C:2D86H         LINE#         6987
  C:2D9CH         LINE#         6988
  C:2DA7H         LINE#         6989
  C:2DC0H         LINE#         6991
  C:2DC2H         LINE#         6992
  -------         ENDPROC       DISPGRAYHOR16
  -------         PROC          DISPGRAYHOR32
  -------         DO            
  X:0043H         SYMBOL        i
  D:0002H         SYMBOL        j
  X:0045H         SYMBOL        k
  -------         ENDDO         
  C:3226H         LINE#         6994
  C:3226H         LINE#         6995
  C:3226H         LINE#         6998
  C:3229H         LINE#         7000
  C:322BH         LINE#         7002
  C:3231H         LINE#         7003
  C:3231H         LINE#         7004
  C:3234H         LINE#         7005
  C:3234H         LINE#         7006
  C:323AH         LINE#         7007
  C:3245H         LINE#         7009
  C:3248H         LINE#         7010
  C:3248H         LINE#         7011
  C:324EH         LINE#         7012
  C:324EH         LINE#         7013
  C:3262H         LINE#         7014
  C:3278H         LINE#         7015
  C:3283H         LINE#         7016
  C:3299H         LINE#         7018
  C:329BH         LINE#         7019
  -------         ENDPROC       DISPGRAYHOR32
  -------         PROC          DISPSCALEHOR2
  -------         DO            
  X:0047H         SYMBOL        j
  D:0002H         SYMBOL        k
  -------         ENDDO         
  C:1A44H         LINE#         7021
BL51 BANKED LINKER/LOCATER V6.22                                                      10/08/2021  16:00:11  PAGE 33


  C:1A44H         LINE#         7022
  C:1A44H         LINE#         7025
  C:1A47H         LINE#         7027
  C:1A49H         LINE#         7028
  C:1A49H         LINE#         7029
  C:1A4FH         LINE#         7030
  C:1A6CH         LINE#         7031
  C:1A77H         LINE#         7032
  C:1A7AH         LINE#         7033
  C:1A7AH         LINE#         7034
  C:1A80H         LINE#         7035
  C:1A9DH         LINE#         7036
  C:1AA8H         LINE#         7037
  C:1AABH         LINE#         7038
  C:1AABH         LINE#         7039
  C:1AB1H         LINE#         7040
  C:1ACEH         LINE#         7041
  C:1AD9H         LINE#         7042
  C:1ADCH         LINE#         7043
  C:1ADCH         LINE#         7044
  C:1AE2H         LINE#         7045
  C:1AFFH         LINE#         7046
  C:1B0AH         LINE#         7047
  C:1B0DH         LINE#         7048
  C:1B0DH         LINE#         7049
  C:1B13H         LINE#         7050
  C:1B30H         LINE#         7051
  C:1B3BH         LINE#         7052
  C:1B3EH         LINE#         7053
  C:1B3EH         LINE#         7054
  C:1B44H         LINE#         7055
  C:1B61H         LINE#         7056
  C:1B6CH         LINE#         7057
  C:1B6FH         LINE#         7058
  C:1B6FH         LINE#         7059
  C:1B75H         LINE#         7060
  C:1B92H         LINE#         7061
  C:1B9DH         LINE#         7062
  C:1BA0H         LINE#         7063
  C:1BA0H         LINE#         7064
  C:1BA6H         LINE#         7065
  C:1BC2H         LINE#         7066
  C:1BCDH         LINE#         7067
  C:1BD6H         LINE#         7068
  C:1BD6H         LINE#         7069
  C:1BDCH         LINE#         7070
  C:1BF8H         LINE#         7071
  C:1BFFH         LINE#         7073
  -------         ENDPROC       DISPSCALEHOR2
  -------         PROC          _TOORD
  D:0007H         SYMBOL        ch
  C:3528H         LINE#         7178
  C:3528H         LINE#         7179
  C:3528H         LINE#         7180
  C:352EH         LINE#         7181
  C:352EH         LINE#         7182
  C:3530H         LINE#         7183
BL51 BANKED LINKER/LOCATER V6.22                                                      10/08/2021  16:00:11  PAGE 34


  C:3532H         LINE#         7184
  C:353EH         LINE#         7185
  C:353EH         LINE#         7186
  C:3542H         LINE#         7187
  C:3544H         LINE#         7188
  C:3550H         LINE#         7189
  C:3550H         LINE#         7190
  C:3554H         LINE#         7191
  C:3556H         LINE#         7192
  C:3562H         LINE#         7193
  C:3562H         LINE#         7194
  C:3566H         LINE#         7195
  C:3568H         LINE#         7196
  C:3574H         LINE#         7197
  C:3574H         LINE#         7198
  C:3578H         LINE#         7199
  C:357AH         LINE#         7200
  C:3580H         LINE#         7201
  C:3580H         LINE#         7202
  C:3582H         LINE#         7203
  C:3582H         LINE#         7205
  C:3582H         LINE#         7206
  -------         ENDPROC       _TOORD
  C:27B2H         SYMBOL        L?0463
  C:27CAH         SYMBOL        L?0464
  -------         PROC          L?0462
  -------         ENDPROC       L?0462
  C:27B2H         SYMBOL        L?0463
  C:27CAH         SYMBOL        L?0464
  -------         PROC          _DISPONECHAR
  X:0071H         SYMBOL        ord
  D:0006H         SYMBOL        Xstart
  D:0002H         SYMBOL        Ystart
  X:0076H         SYMBOL        TextColor
  X:0078H         SYMBOL        BackColor
  -------         DO            
  X:007AH         SYMBOL        i
  D:0002H         SYMBOL        j
  X:007BH         SYMBOL        p
  D:0003H         SYMBOL        dat
  D:0006H         SYMBOL        index
  -------         ENDDO         
  C:27DAH         LINE#         7208
  C:27E2H         LINE#         7209
  C:27E2H         LINE#         7215
  C:27FCH         LINE#         7217
  C:2802H         LINE#         7219
  C:280AH         LINE#         7220
  C:280CH         LINE#         7222
  C:281AH         LINE#         7224
  C:2827H         LINE#         7225
  C:282EH         LINE#         7227
  C:2832H         LINE#         7228
  C:2832H         LINE#         7229
  C:2847H         LINE#         7230
  C:2849H         LINE#         7231
  C:2849H         LINE#         7232
BL51 BANKED LINKER/LOCATER V6.22                                                      10/08/2021  16:00:11  PAGE 35


  C:2856H         LINE#         7233
  C:2856H         LINE#         7234
[...]
  C:135CH         LINE#         324
  C:1361H         LINE#         325
  C:1369H         LINE#         326
  C:1373H         LINE#         327
  C:1381H         LINE#         328
  C:138FH         LINE#         329
  C:1391H         LINE#         331
  C:1391H         LINE#         332
  C:1396H         LINE#         333
BL51 BANKED LINKER/LOCATER V6.22                                                      10/08/2021  16:00:11  PAGE 43


  C:1399H         LINE#         334
  C:13B1H         LINE#         335
  C:13B1H         LINE#         336
  C:13CAH         LINE#         337
  C:13CFH         LINE#         338
  C:13D7H         LINE#         339
  C:13DEH         LINE#         340
  C:13E3H         LINE#         341
  C:13E3H         LINE#         342
  C:13F7H         LINE#         343
  C:13F7H         LINE#         344
  C:13FEH         LINE#         345
  C:1403H         LINE#         346
  C:1403H         LINE#         347
  C:1411H         LINE#         348
  C:1411H         LINE#         349
  -------         ENDPROC       USBXCORE_HANDLE_SETUP
  -------         PROC          USBXCORE_FORCE_STALL
  C:3A4FH         LINE#         356
  C:3A4FH         LINE#         358
  C:3A5AH         LINE#         359
  C:3A65H         LINE#         360
  C:3A6BH         LINE#         361
  -------         ENDPROC       USBXCORE_FORCE_STALL
  -------         PROC          USBXCORE_GET_STATUS
  C:3384H         LINE#         367
  C:3384H         LINE#         369
  C:3393H         LINE#         370
  C:3393H         LINE#         371
  C:3393H         LINE#         372
  C:3393H         LINE#         373
  C:3393H         LINE#         374
  C:3395H         LINE#         375
  C:3395H         LINE#         379
  C:3395H         LINE#         381
  C:33A3H         LINE#         385
  C:33A3H         LINE#         386
  C:33A3H         LINE#         387
  C:33A3H         LINE#         388
  C:33A5H         LINE#         390
  C:33A5H         LINE#         392
  C:33B3H         LINE#         396
  C:33B3H         LINE#         397
  C:33C0H         LINE#         398
  C:33C0H         LINE#         399
  C:33C2H         LINE#         401
  C:33C2H         LINE#         402
  C:33D0H         LINE#         403
  C:33D9H         LINE#         404
  C:33D9H         LINE#         405
  C:33D9H         LINE#         406
  C:33DBH         LINE#         407
  C:33DBH         LINE#         408
  C:33DEH         LINE#         409
  C:33DEH         LINE#         410
  C:33DEH         LINE#         411
  C:33E6H         LINE#         412
BL51 BANKED LINKER/LOCATER V6.22                                                      10/08/2021  16:00:11  PAGE 44


  C:33E6H         LINE#         413
  C:33E9H         LINE#         414
  C:33EFH         LINE#         415
  C:33F6H         LINE#         416
  C:33F6H         LINE#         417
  -------         ENDPROC       USBXCORE_GET_STATUS
  -------         PROC          USBXCORE_CLEAR_FEATURE
  C:35DDH         LINE#         423
  C:35DDH         LINE#         425
  C:35E3H         LINE#         426
  C:35E3H         LINE#         428
  C:35EAH         LINE#         429
  C:35EAH         LINE#         430
  C:35F5H         LINE#         436
  C:3600H         LINE#         437
  C:3605H         LINE#         438
  C:3607H         LINE#         440
  C:3607H         LINE#         442
  C:3612H         LINE#         446
  C:361DH         LINE#         447
  C:3622H         LINE#         448
  C:3622H         LINE#         449
  C:3624H         LINE#         451
  C:3624H         LINE#         452
  C:3627H         LINE#         453
  C:3627H         LINE#         454
  C:3632H         LINE#         455
  -------         ENDPROC       USBXCORE_CLEAR_FEATURE
  -------         PROC          USBXCORE_VENDOR_USB_API
  C:26DDH         LINE#         462
  C:26DDH         LINE#         464
  C:26E7H         LINE#         465
  C:26E7H         LINE#         466
  C:26EEH         LINE#         467
  C:26EEH         LINE#         468
  C:26F1H         LINE#         469
  C:26F4H         LINE#         470
  C:26F6H         LINE#         472
  C:26F6H         LINE#         473
  C:26FDH         LINE#         474
  C:26FDH         LINE#         477
  C:2708H         LINE#         482
  C:2713H         LINE#         483
  C:271EH         LINE#         485
  C:271EH         LINE#         486
  C:2731H         LINE#         487
  C:2731H         LINE#         488
  C:2735H         LINE#         489
  C:2740H         LINE#         491
  C:2740H         LINE#         492
  C:2753H         LINE#         493
  C:2753H         LINE#         494
  C:2757H         LINE#         495
  C:2762H         LINE#         497
  C:2768H         LINE#         498
  C:2770H         LINE#         499
  C:2770H         LINE#         500
BL51 BANKED LINKER/LOCATER V6.22                                                      10/08/2021  16:00:11  PAGE 45


  C:2773H         LINE#         501
  C:2773H         LINE#         502
  C:2773H         LINE#         503
  C:277EH         LINE#         504
  C:277EH         LINE#         505
  C:2784H         LINE#         506
  C:278BH         LINE#         507
  C:278BH         LINE#         508
  C:278FH         LINE#         509
  C:278FH         LINE#         510
  C:2795H         LINE#         511
  C:279CH         LINE#         512
  C:279CH         LINE#         513
  C:27A7H         LINE#         514
  -------         ENDPROC       USBXCORE_VENDOR_USB_API
  -------         PROC          USBXCORE_SET_FEATURE
  C:3635H         LINE#         521
  C:3635H         LINE#         523
  C:363BH         LINE#         524
  C:363BH         LINE#         526
  C:3642H         LINE#         527
  C:3642H         LINE#         528
  C:364DH         LINE#         534
  C:3658H         LINE#         535
  C:365BH         LINE#         536
  C:365DH         LINE#         538
  C:365DH         LINE#         540
  C:3668H         LINE#         544
  C:3673H         LINE#         545
  C:3679H         LINE#         546
  C:3679H         LINE#         548
  C:367BH         LINE#         550
  C:367BH         LINE#         551
  C:367EH         LINE#         552
  C:367EH         LINE#         553
  C:3689H         LINE#         554
  -------         ENDPROC       USBXCORE_SET_FEATURE
  -------         PROC          USBXCORE_SET_ADDRESS
  C:3A10H         LINE#         561
  C:3A10H         LINE#         563
  C:3A1FH         LINE#         564
  C:3A25H         LINE#         565
  C:3A25H         LINE#         566
  C:3A28H         LINE#         567
  C:3A2AH         LINE#         569
  C:3A2AH         LINE#         570
  C:3A2DH         LINE#         571
  C:3A2DH         LINE#         572
  -------         ENDPROC       USBXCORE_SET_ADDRESS
  -------         PROC          USBXCORE_GET_DESCRIPTOR
  C:29DFH         LINE#         579
  C:29DFH         LINE#         580
  C:29EEH         LINE#         581
  C:29EEH         LINE#         582
  C:29EEH         LINE#         583
  C:29FCH         LINE#         584
  C:2A00H         LINE#         585
BL51 BANKED LINKER/LOCATER V6.22                                                      10/08/2021  16:00:11  PAGE 46


  C:2A02H         LINE#         586
  C:2A02H         LINE#         587
  C:2A10H         LINE#         588
  C:2A23H         LINE#         589
  C:2A25H         LINE#         590
  C:2A25H         LINE#         591
  C:2A49H         LINE#         592
  C:2A55H         LINE#         593
  C:2A57H         LINE#         594
  C:2A57H         LINE#         595
  C:2A5AH         LINE#         596
  C:2A5AH         LINE#         597
  C:2A5AH         LINE#         598
  C:2A70H         LINE#         599
  C:2A70H         LINE#         600
  C:2A78H         LINE#         601
  C:2A78H         LINE#         602
  C:2A80H         LINE#         603
  C:2A80H         LINE#         604
  C:2A83H         LINE#         605
  C:2A89H         LINE#         606
  C:2A90H         LINE#         607
  C:2A90H         LINE#         608
  -------         ENDPROC       USBXCORE_GET_DESCRIPTOR
  -------         PROC          USBXCORE_GET_CONFIGURATION
  C:37CCH         LINE#         614
  C:37CCH         LINE#         616
  C:37D4H         LINE#         617
  C:37D4H         LINE#         618
  C:37E0H         LINE#         619
  C:37E8H         LINE#         620
  C:37E8H         LINE#         621
  C:37ECH         LINE#         622
  C:37ECH         LINE#         623
  C:37FAH         LINE#         624
  C:3802H         LINE#         625
  C:3802H         LINE#         626
  C:3805H         LINE#         627
  C:380BH         LINE#         628
  C:3812H         LINE#         629
  -------         ENDPROC       USBXCORE_GET_CONFIGURATION
  -------         PROC          USBXCORE_SET_CONFIGURATION
  C:3583H         LINE#         635
  C:3583H         LINE#         637
  C:358CH         LINE#         638
  C:358CH         LINE#         639
  C:3593H         LINE#         640
  C:3599H         LINE#         641
  C:359EH         LINE#         642
  C:35A0H         LINE#         644
  C:35ABH         LINE#         645
  C:35B6H         LINE#         646
  C:35C1H         LINE#         653
  C:35CCH         LINE#         654
  C:35CEH         LINE#         656
  C:35CEH         LINE#         657
  C:35D4H         LINE#         658
BL51 BANKED LINKER/LOCATER V6.22                                                      10/08/2021  16:00:11  PAGE 47


  C:35D8H         LINE#         659
  C:35DAH         LINE#         660
  C:35DAH         LINE#         661
  -------         ENDPROC       USBXCORE_SET_CONFIGURATION
  -------         PROC          USBXCORE_GET_INTERFACE
  C:39A1H         LINE#         668
  C:39A1H         LINE#         670
  C:39AFH         LINE#         671
  C:39B7H         LINE#         672
  C:39BAH         LINE#         673
  C:39C0H         LINE#         674
  C:39C7H         LINE#         675
  -------         ENDPROC       USBXCORE_GET_INTERFACE
  -------         PROC          USBXCORE_SET_SOP
  C:3AB1H         LINE#         682
  C:3AB1H         LINE#         684
  C:3AB9H         LINE#         685
  C:3AB9H         LINE#         686
  C:3AC4H         LINE#         687
  C:3AC4H         LINE#         688
  -------         ENDPROC       USBXCORE_SET_SOP
  -------         PROC          USBXCORE_USB_ISR
  C:1D90H         LINE#         699
  C:1DADH         LINE#         702
  C:1DB3H         LINE#         703
  C:1DC6H         LINE#         706
  C:1DD9H         LINE#         709
  C:1DDDH         LINE#         710
  C:1DDDH         LINE#         711
  C:1DE8H         LINE#         712
  C:1DE8H         LINE#         714
  C:1DEFH         LINE#         715
  C:1DEFH         LINE#         716
  C:1DF2H         LINE#         717
  C:1DF2H         LINE#         719
  C:1DF9H         LINE#         720
  C:1DF9H         LINE#         721
  C:1E06H         LINE#         722
  C:1E06H         LINE#         723
  C:1E0DH         LINE#         724
  C:1E0DH         LINE#         725
  C:1E0DH         LINE#         727
  C:1E0DH         LINE#         728
  C:1E0DH         LINE#         730
  C:1E0DH         LINE#         732
  C:1E20H         LINE#         734
  C:1E24H         LINE#         735
  C:1E24H         LINE#         736
  C:1E27H         LINE#         737
  C:1E27H         LINE#         740
  C:1E2EH         LINE#         741
  C:1E2EH         LINE#         742
  C:1E39H         LINE#         748
  C:1E4CH         LINE#         749
  C:1E51H         LINE#         750
  C:1E51H         LINE#         751
  C:1E58H         LINE#         752
BL51 BANKED LINKER/LOCATER V6.22                                                      10/08/2021  16:00:11  PAGE 48


  C:1E58H         LINE#         754
  C:1E58H         LINE#         756
  C:1E6BH         LINE#         759
  C:1E6FH         LINE#         760
  C:1E6FH         LINE#         761
  C:1E7AH         LINE#         767
  C:1E8DH         LINE#         768
  C:1E91H         LINE#         769
  C:1E91H         LINE#         770
  C:1E98H         LINE#         771
  C:1E98H         LINE#         772
  C:1E98H         LINE#         775
  C:1EA6H         LINE#         776
  C:1EABH         LINE#         777
  C:1EB1H         LINE#         778
  C:1EB6H         LINE#         781
  C:1EC3H         LINE#         782
  C:1EC3H         LINE#         783
  C:1EC6H         LINE#         784
  C:1EC6H         LINE#         785
  -------         ENDPROC       USBXCORE_USB_ISR
  -------         ENDMOD        USB_API

  -------         MODULE        USB_SUSPEND
  C:0000H         SYMBOL        _ICE_DUMMY_
  D:00D7H         PUBLIC        USB0XCN
  D:00C9H         PUBLIC        REG0CN
  C:394FH         PUBLIC        USB_Suspend
  D:00A9H         PUBLIC        CLKSEL
  D:00B2H         PUBLIC        OSCICN
  D:00B9H         PUBLIC        CLKMUL
  -------         PROC          USB_SUSPEND
  C:394FH         LINE#         70
  C:394FH         LINE#         72
  C:3952H         LINE#         74
  C:3955H         LINE#         76
  C:395DH         LINE#         79
  C:3960H         LINE#         80
  C:3963H         LINE#         81
  C:3966H         LINE#         82
  C:3969H         LINE#         84
  C:396AH         LINE#         86
  C:396DH         LINE#         88
  C:3973H         LINE#         92
  C:3976H         LINE#         94
  C:3979H         LINE#         95
  -------         ENDPROC       USB_SUSPEND
  -------         ENDMOD        USB_SUSPEND

  -------         MODULE        USB_INT_ENABLE
  C:0000H         SYMBOL        _ICE_DUMMY_
  C:3A6CH         PUBLIC        USB_Int_Enable
  D:0096H         PUBLIC        USB0ADR
  D:0097H         PUBLIC        USB0DAT
  -------         PROC          USB_INT_ENABLE
  C:3A6CH         LINE#         68
  C:3A6CH         LINE#         71
BL51 BANKED LINKER/LOCATER V6.22                                                      10/08/2021  16:00:11  PAGE 49


  C:3A73H         LINE#         73
  C:3A79H         LINE#         74
  C:3A79H         LINE#         75
  C:3A84H         LINE#         77
  C:3A84H         LINE#         78
  -------         ENDPROC       USB_INT_ENABLE
  -------         ENDMOD        USB_INT_ENABLE

  -------         MODULE        USB_CLOCK_RECOVERY
  C:0000H         SYMBOL        _ICE_DUMMY_
  C:3AF7H         PUBLIC        USBXcore_ClkRec
  D:0096H         PUBLIC        USB0ADR
  D:0097H         PUBLIC        USB0DAT
  -------         PROC          USBXCORE_CLKREC
  C:3AF7H         LINE#         45
  C:3AF7H         LINE#         47
  C:3B02H         LINE#         48
  -------         ENDPROC       USBXCORE_CLKREC
  -------         ENDMOD        USB_CLOCK_RECOVERY

  -------         MODULE        ?C?FPMUL
  C:0C9AH         PUBLIC        ?C?FPMUL
  -------         ENDMOD        ?C?FPMUL

  -------         MODULE        ?C?FCAST
  C:0DAAH         PUBLIC        ?C?FCASTC
  C:0DA5H         PUBLIC        ?C?FCASTI
  C:0DA0H         PUBLIC        ?C?FCASTL
  -------         ENDMOD        ?C?FCAST

  -------         MODULE        ?C?CASTF
  C:0DDEH         PUBLIC        ?C?CASTF
  -------         ENDMOD        ?C?CASTF

  -------         MODULE        ?C?COPY
  C:0F2FH         PUBLIC        ?C?COPY
  -------         ENDMOD        ?C?COPY

  -------         MODULE        ?C?CLDPTR
  C:0F55H         PUBLIC        ?C?CLDPTR
  -------         ENDMOD        ?C?CLDPTR

  -------         MODULE        ?C?CLDOPTR
  C:0F6EH         PUBLIC        ?C?CLDOPTR
  -------         ENDMOD        ?C?CLDOPTR

  -------         MODULE        ?C?IMUL
  C:0F9BH         PUBLIC        ?C?IMUL
  -------         ENDMOD        ?C?IMUL

  -------         MODULE        ?C?IILDX
  C:0FADH         PUBLIC        ?C?IILDX
  -------         ENDMOD        ?C?IILDX

  -------         MODULE        ?C?ILDOPTR
  C:0FC3H         PUBLIC        ?C?ILDOPTR
  -------         ENDMOD        ?C?ILDOPTR
BL51 BANKED LINKER/LOCATER V6.22                                                      10/08/2021  16:00:11  PAGE 50



  -------         MODULE        ?C?LMUL
  C:0FFBH         PUBLIC        ?C?LMUL
  -------         ENDMOD        ?C?LMUL

  -------         MODULE        ?C?ULDIV
  C:1086H         PUBLIC        ?C?ULDIV
  -------         ENDMOD        ?C?ULDIV

  -------         MODULE        ?C?LNEG
  C:1118H         PUBLIC        ?C?LNEG
  -------         ENDMOD        ?C?LNEG

  -------         MODULE        ?C?ULCMP
  C:1126H         PUBLIC        ?C?ULCMP
  -------         ENDMOD        ?C?ULCMP

  -------         MODULE        ?C?ULSHR
  C:1137H         PUBLIC        ?C?ULSHR
  -------         ENDMOD        ?C?ULSHR

  -------         MODULE        ?C?LSHL
  C:114AH         PUBLIC        ?C?LSHL
  -------         ENDMOD        ?C?LSHL

  -------         MODULE        ?C?LLDIPDATA
  C:1166H         PUBLIC        ?C?LLDIPDATA
  C:115DH         PUBLIC        ?C?LLDIPDATA1
  C:115FH         PUBLIC        ?C?LLDIPDATA8
  -------         ENDMOD        ?C?LLDIPDATA

  -------         MODULE        ?C?LSTXDATA
  C:117DH         PUBLIC        ?C?LSTXDATA
  -------         ENDMOD        ?C?LSTXDATA

  -------         MODULE        ?C?LSTPDATA
  C:1189H         PUBLIC        ?C?LSTPDATA
  -------         ENDMOD        ?C?LSTPDATA

  -------         MODULE        ?C?LSTKXDATA
  C:1195H         PUBLIC        ?C?LSTKXDATA
  -------         ENDMOD        ?C?LSTKXDATA

  -------         MODULE        ?C?LSTKPDATA
  C:11C6H         PUBLIC        ?C?LSTKPDATA
  -------         ENDMOD        ?C?LSTKPDATA

  -------         MODULE        ?C_PBP
  D:0008H         PUBLIC        ?C_PBP
  -------         ENDMOD        ?C_PBP

*** WARNING L14: INCOMPATIBLE MEMORY MODEL
    MODULE:  .\USBX_F34X.LIB (USB_API)
    MODEL:   SMALL

*** WARNING L14: INCOMPATIBLE MEMORY MODEL
    MODULE:  .\USBX_F34X.LIB (USB_SUSPEND)
BL51 BANKED LINKER/LOCATER V6.22                                                      10/08/2021  16:00:11  PAGE 51


    MODEL:   SMALL

*** WARNING L14: INCOMPATIBLE MEMORY MODEL
    MODULE:  .\USBX_F34X.LIB (USB_INT_ENABLE)
    MODEL:   SMALL

*** WARNING L14: INCOMPATIBLE MEMORY MODEL
    MODULE:  .\USBX_F34X.LIB (USB_CLOCK_RECOVERY)
    MODEL:   SMALL

*** WARNING L16: UNCALLED SEGMENT, IGNORED FOR OVERLAY PROCESS
    SEGMENT: ?PR?SD_INIT?MMC_SD

*** WARNING L16: UNCALLED SEGMENT, IGNORED FOR OVERLAY PROCESS
    SEGMENT: ?PR?DISPBAND?LCD

*** WARNING L16: UNCALLED SEGMENT, IGNORED FOR OVERLAY PROCESS
    SEGMENT: ?PR?_DISPPIC?LCD

*** WARNING L16: UNCALLED SEGMENT, IGNORED FOR OVERLAY PROCESS
    SEGMENT: ?PR?_DISPPICFROMSD?LCD

*** WARNING L16: UNCALLED SEGMENT, IGNORED FOR OVERLAY PROCESS
    SEGMENT: ?PR?DISPSCALEHOR1?LCD

*** WARNING L16: UNCALLED SEGMENT, IGNORED FOR OVERLAY PROCESS
    SEGMENT: ?PR?DISPSCALEVER?LCD

*** WARNING L16: UNCALLED SEGMENT, IGNORED FOR OVERLAY PROCESS
    SEGMENT: ?PR?DISPSCALEVER_RED?LCD

*** WARNING L16: UNCALLED SEGMENT, IGNORED FOR OVERLAY PROCESS
    SEGMENT: ?PR?DISPSCALEVER_GREEN?LCD

*** WARNING L16: UNCALLED SEGMENT, IGNORED FOR OVERLAY PROCESS
    SEGMENT: ?PR?DISPSCALEVER_BLUE?LCD

*** WARNING L16: UNCALLED SEGMENT, IGNORED FOR OVERLAY PROCESS
    SEGMENT: ?PR?DISPSCALEVER_GRAY?LCD

*** WARNING L16: UNCALLED SEGMENT, IGNORED FOR OVERLAY PROCESS
    SEGMENT: ?PR?DISPGRAYHOR32?LCD

*** WARNING L16: UNCALLED SEGMENT, IGNORED FOR OVERLAY PROCESS
    SEGMENT: ?PR?DISPSCALEHOR2?LCD

*** WARNING L16: UNCALLED SEGMENT, IGNORED FOR OVERLAY PROCESS
    SEGMENT: ?PR?_DRAWGIRD?LCD

*** WARNING L15: MULTIPLE CALL TO SEGMENT
    SEGMENT: ?PR?_WRITECOMM?LCD
    CALLER1: ?PR?USB_API_TEST_ISR?MAIN
    CALLER2: ?C_C51STARTUP

*** WARNING L15: MULTIPLE CALL TO SEGMENT
    SEGMENT: ?PR?_WRITEDATA?LCD
    CALLER1: ?PR?USB_API_TEST_ISR?MAIN
BL51 BANKED LINKER/LOCATER V6.22                                                      10/08/2021  16:00:11  PAGE 52


    CALLER2: ?C_C51STARTUP

Program Size: data=10.0 xdata=1222 code=15137
LINK/LOCATE RUN COMPLETE.  19 WARNING(S),  0 ERROR(S)
