BL51 BANKED LINKER/LOCATER V6.22                                                        03/05/2022  08:43:41  PAGE 1


BL51 BANKED LINKER/LOCATER V6.22, INVOKED BY:
D:\KEIL C51\C51\BIN\BL51.EXE main.obj, mmc_sd.obj, lcd.obj, tp.obj, .\USBX_F34X.LIB TO ST7796U_CTC35_ZT_L8 RAMSIZE (256)
>> 


MEMORY MODEL: COMPACT


INPUT MODULES INCLUDED:
  main.obj (MAIN)
  mmc_sd.obj (MMC_SD)
  lcd.obj (LCD)
  tp.obj (TP)
  .\USBX_F34X.LIB (USB_API)
  .\USBX_F34X.LIB (USB_CLOCK_START)
  .\USBX_F34X.LIB (USB_SUSPEND)
  .\USBX_F34X.LIB (GET_INTERRUPT_SOURCE)
  .\USBX_F34X.LIB (BLOCK_READ)
  .\USBX_F34X.LIB (BLOCK_WRITE)
  .\USBX_F34X.LIB (USB_INT_ENABLE)
  .\USBX_F34X.LIB (USB_CLOCK_RECOVERY)
  .\USBX_F34X.LIB (USB_JUMP_ISR)
  D:\KEIL C51\C51\LIB\C51C.LIB (?C_STARTUP)
  D:\KEIL C51\C51\LIB\C51C.LIB (?C?COPY)
  D:\KEIL C51\C51\LIB\C51C.LIB (?C?CLDPTR)
  D:\KEIL C51\C51\LIB\C51C.LIB (?C?CLDOPTR)
  D:\KEIL C51\C51\LIB\C51C.LIB (?C?IMUL)
  D:\KEIL C51\C51\LIB\C51C.LIB (?C?IILDX)
  D:\KEIL C51\C51\LIB\C51C.LIB (?C?ILDOPTR)
  D:\KEIL C51\C51\LIB\C51C.LIB (?C?LMUL)
  D:\KEIL C51\C51\LIB\C51C.LIB (?C?ULDIV)
  D:\KEIL C51\C51\LIB\C51C.LIB (?C?ULCMP)
  D:\KEIL C51\C51\LIB\C51C.LIB (?C?ULSHR)
  D:\KEIL C51\C51\LIB\C51C.LIB (?C?LSHL)
  D:\KEIL C51\C51\LIB\C51C.LIB (?C?LLDIPDATA)
  D:\KEIL C51\C51\LIB\C51C.LIB (?C?LSTXDATA)
  D:\KEIL C51\C51\LIB\C51C.LIB (?C?LSTPDATA)
  D:\KEIL C51\C51\LIB\C51C.LIB (?C?LSTKXDATA)
  D:\KEIL C51\C51\LIB\C51C.LIB (?C?LSTKPDATA)
  D:\KEIL C51\C51\LIB\C51C.LIB (?C_PBP)
  D:\KEIL C51\C51\LIB\C51C.LIB (?C_INIT)


LINK MAP OF MODULE:  ST7796U_CTC35_ZT_L8 (MAIN)


            TYPE    BASE      LENGTH    RELOCATION   SEGMENT NAME
            -----------------------------------------------------

            * * * * * * *   D A T A   M E M O R Y   * * * * * * *
            REG     0000H     0008H     ABSOLUTE     "REG BANK 0"
            DATA    0008H     0001H     UNIT         ?C?LIB_DATA
            IDATA   0009H     0001H     UNIT         ?STACK

            * * * * * * *  X D A T A   M E M O R Y  * * * * * * *
            XDATA   0000H     0010H     INPAGE       ?PD?MAIN
            XDATA   0010H     0004H     INPAGE       ?PD?_MMC_SD_READSINGLEBLOCK?MMC_SD
            XDATA   0014H     0005H     INPAGE       ?PD?_DISPPIC?LCD
BL51 BANKED LINKER/LOCATER V6.22                                                      03/05/2022  08:43:41  PAGE 2


            XDATA   0019H     000DH     INPAGE       ?PD?_DISPPICFROMSD?LCD
            XDATA   0026H     0004H     INPAGE       ?PD?DISPSCALEHOR1?LCD
            XDATA   002AH     0004H     INPAGE       ?PD?DISPSCALEVER?LCD
            XDATA   002EH     0004H     INPAGE       ?PD?DISPSCALEVER_RED?LCD
            XDATA   0032H     0004H     INPAGE       ?PD?DISPSCALEVER_GREEN?LCD
            XDATA   0036H     0004H     INPAGE       ?PD?DISPSCALEVER_BLUE?LCD
            XDATA   003AH     0004H     INPAGE       ?PD?DISPSCALEVER_GRAY?LCD
            XDATA   003EH     0004H     INPAGE       ?PD?DISPGRAYHOR32?LCD
            XDATA   0042H     0002H     INPAGE       ?PD?DISPSCALEHOR2?LCD
            XDATA   0044H     000CH     INPAGE       ?PD?_DRAWLINE?LCD
            XDATA   0050H     0004H     INPAGE       ?PD?_DRAWGIRD?LCD
            XDATA   0054H     0002H     INPAGE       ?PD?LCD
            XDATA   0056H     0026H     INPAGE       _PDATA_GROUP_
            XDATA   007CH     0200H     UNIT         ?XD?MMC_SD
            XDATA   027CH     0058H     UNIT         _XDATA_GROUP_
            XDATA   02D4H     0040H     UNIT         ?XD?MAIN
                    0314H     032CH                  *** GAP ***
            XDATA   0640H     0100H     ABSOLUTE     
            XDATA   0740H     0012H     ABSOLUTE     
            XDATA   0752H     0020H     ABSOLUTE     
            XDATA   0772H     000CH     ABSOLUTE     
            XDATA   077EH     0008H     ABSOLUTE     
            XDATA   0786H     0001H     ABSOLUTE     
            XDATA   0787H     0003H     ABSOLUTE     
            XDATA   078AH     0002H     ABSOLUTE     
            XDATA   078CH     0002H     ABSOLUTE     
            XDATA   078EH     0003H     ABSOLUTE     
            XDATA   0791H     0001H     ABSOLUTE     
            XDATA   0792H     0001H     ABSOLUTE     
            XDATA   0793H     0001H     ABSOLUTE     
            XDATA   0794H     0001H     ABSOLUTE     
            XDATA   0795H     0002H     ABSOLUTE     
            XDATA   0797H     0002H     ABSOLUTE     
            XDATA   0799H     0001H     ABSOLUTE     
            XDATA   079AH     0001H     ABSOLUTE     
            XDATA   079BH     0001H     ABSOLUTE     
            XDATA   079CH     0001H     ABSOLUTE     
            XDATA   079DH     0001H     ABSOLUTE     
            XDATA   079EH     0001H     ABSOLUTE     
            XDATA   079FH     0002H     ABSOLUTE     
            XDATA   07A1H     0001H     ABSOLUTE     
            XDATA   07A2H     0001H     ABSOLUTE     
            XDATA   07A3H     000CH     ABSOLUTE     
                    07AFH     0011H                  *** GAP ***
            XDATA   07C0H     0040H     ABSOLUTE     

            * * * * * * *   C O D E   M E M O R Y   * * * * * * *
            CODE    0000H     0003H     ABSOLUTE     
            CODE    0003H     003AH     UNIT         ?CO?USB_API
            CODE    003DH     0003H     UNIT         ?PR?SUSPEND_DEVICE?MAIN
                    0040H     0003H                  *** GAP ***
            CODE    0043H     0003H     ABSOLUTE     
            CODE    0046H     0044H     UNIT         ?PR?_DISPCOLOR?LCD
                    008AH     0001H                  *** GAP ***
            CODE    008BH     0003H     ABSOLUTE     
            CODE    008EH     060DH     UNIT         ?PR?CONNTOUSB?MAIN
            CODE    069BH     0600H     UNIT         ?CO?LCD
BL51 BANKED LINKER/LOCATER V6.22                                                      03/05/2022  08:43:41  PAGE 3


            CODE    0C9BH     0372H     UNIT         ?C?LIB_CODE
            CODE    100DH     0233H     UNIT         ?PR?USBXCORE_HANDLE_SETUP?USB_API
            CODE    1240H     0232H     UNIT         ?PR?_LCD_READ_IC_ID?LCD
            CODE    1472H     021EH     UNIT         ?PR?DISPSCALEHOR1?LCD
            CODE    1690H     01C3H     UNIT         ?PR?TP_DRAWLINE?TP
            CODE    1853H     01BAH     UNIT         ?PR?DISPSCALEHOR2?LCD
            CODE    1A0DH     018EH     UNIT         ?PR?DISPBAND?LCD
            CODE    1B9BH     0151H     UNIT         ?PR?USBXCORE_USB_ISR?USB_API
            CODE    1CECH     014EH     UNIT         ?PR?LCD_INIT?LCD
            CODE    1E3AH     013DH     UNIT         ?PR?USB_API_TEST_ISR?MAIN
            CODE    1F77H     0137H     UNIT         ?PR?_USB_INIT?USB_API
            CODE    20AEH     0128H     UNIT         ?PR?DISPSCALEVER?LCD
            CODE    21D6H     011BH     UNIT         ?PR?_TP_GETPOSITION?TP
            CODE    22F1H     0111H     UNIT         ?PR?_BLOCK_WRITE?BLOCK_WRITE
            CODE    2402H     00E9H     UNIT         ?PR?_DISPPICFROMSD?LCD
            CODE    24EBH     00CDH     UNIT         ?PR?USBXCORE_VENDOR_USB_API?USB_API
            CODE    25B8H     00CBH     UNIT         ?PR?_DISPONECHAR?LCD
            CODE    2683H     00B7H     UNIT         ?PR?MMC_SD_RESET?MMC_SD
            CODE    273AH     00B4H     UNIT         ?PR?_DISPINT?LCD
            CODE    27EEH     00B2H     UNIT         ?PR?USBXCORE_GET_DESCRIPTOR?USB_API
            CODE    28A0H     00AFH     UNIT         ?PR?_BLOCK_READ?BLOCK_READ
            CODE    294FH     00A4H     UNIT         ?PR?DISPFRAME?LCD
            CODE    29F3H     009FH     UNIT         ?PR?_?BLOCKWRITE?LCD
            CODE    2A92H     009EH     UNIT         ?PR?DISPSCALEVER_GREEN?LCD
            CODE    2B30H     009BH     UNIT         ?PR?DISPGRAYHOR16?LCD
            CODE    2BCBH     0096H     UNIT         ?PR?_DISPSTR?LCD
            CODE    2C61H     0091H     UNIT         ?PR?DISPSCALEVER_RED?LCD
            CODE    2CF2H     0091H     UNIT         ?PR?DISPSCALEVER_GRAY?LCD
            CODE    2D83H     0090H     UNIT         ?PR?_DRAWGIRD?LCD
            CODE    2E13H     008CH     UNIT         ?C_C51STARTUP
            CODE    2E9FH     0086H     UNIT         ?PR?DISPSCALEVER_BLUE?LCD
            CODE    2F25H     0086H     UNIT         ?PR?_DRAWLINE?LCD
            CODE    2FABH     007DH     UNIT         ?PR?_MMC_SD_WRITESINGLEBLOCK?MMC_SD
            CODE    3028H     0078H     UNIT         ?PR?DISPGRAYHOR32?LCD
            CODE    30A0H     0075H     UNIT         ?PR?_MMC_SD_SENDCOMMAND?MMC_SD
            CODE    3115H     0073H     UNIT         ?PR?TP_READ?TP
            CODE    3188H     0073H     UNIT         ?PR?USBXCORE_GET_STATUS?USB_API
            CODE    31FBH     006CH     UNIT         ?PR?DEVICES_INIT?MAIN
            CODE    3267H     0064H     UNIT         ?PR?_MMC_SD_READSINGLEBLOCK?MMC_SD
            CODE    32CBH     0063H     UNIT         ?PR?_DISPPIC?LCD
            CODE    332EH     005BH     UNIT         ?PR?_TOORD?LCD
            CODE    3389H     005AH     UNIT         ?PR?USBXCORE_SET_CONFIGURATION?USB_API
            CODE    33E3H     0058H     UNIT         ?PR?USBXCORE_CLEAR_FEATURE?USB_API
            CODE    343BH     0057H     UNIT         ?PR?USBXCORE_SET_FEATURE?USB_API
            CODE    3492H     0055H     UNIT         ?PR?_STOPDELAY?MAIN
            CODE    34E7H     0052H     UNIT         ?PR?_PUTPIXEL?LCD
            CODE    3539H     0050H     UNIT         ?CO?MAIN
            CODE    3589H     0047H     UNIT         ?PR?USBXCORE_GET_CONFIGURATION?USB_API
            CODE    35D0H     0043H     UNIT         ?PR?MCU_INIT?MAIN
            CODE    3613H     0038H     UNIT         ?PR?USB_CLOCK_START?USB_CLOCK_START
            CODE    364BH     002DH     UNIT         ?C_INITSEG
            CODE    3678H     002CH     UNIT         ?PR?_WRITEDISPDATA?LCD
            CODE    36A4H     002BH     UNIT         ?PR?USB_SUSPEND?USB_SUSPEND
            CODE    36CFH     0027H     UNIT         ?PR?MAIN?MAIN
            CODE    36F6H     0027H     UNIT         ?PR?USBXCORE_USB_RESET?USB_API
            CODE    371DH     0027H     UNIT         ?PR?USBXCORE_GET_INTERFACE?USB_API
            CODE    3744H     0026H     UNIT         ?PR?_TP_WRITE?TP
BL51 BANKED LINKER/LOCATER V6.22                                                      03/05/2022  08:43:41  PAGE 4


            CODE    376AH     0022H     UNIT         ?PR?USBXCORE_JUMP_ISR?USB_JUMP_ISR
            CODE    378CH     0020H     UNIT         ?PR?USBXCORE_SET_ADDRESS?USB_API
            CODE    37ACH     001FH     UNIT         ?PR?_DELAY?MAIN
            CODE    37CBH     001DH     UNIT         ?PR?USBXCORE_FORCE_STALL?USB_API
            CODE    37E8H     0019H     UNIT         ?PR?_WRITEDATA?LCD
            CODE    3801H     0019H     UNIT         ?PR?USB_INT_ENABLE?USB_INT_ENABLE
            CODE    381AH     0016H     UNIT         ?PR?_SPI_WRITEBYTE?MMC_SD
            CODE    3830H     0016H     UNIT         ?PR?READDATA?LCD
            CODE    3846H     0015H     UNIT         ?PR?_WRITECOMM?LCD
            CODE    385BH     0014H     UNIT         ?PR?USBXCORE_SET_SOP?USB_API
            CODE    386FH     0013H     UNIT         ?PR?WAITKEY?MAIN
            CODE    3882H     0011H     UNIT         ?PR?SD_INIT?MMC_SD
            CODE    3893H     000EH     UNIT         ?PR?GET_INTERRUPT_SOURCE?GET_INTERRUPT_SOURCE
            CODE    38A1H     000CH     UNIT         ?PR?USBXCORE_CLKREC?USB_CLOCK_RECOVERY
            CODE    38ADH     000BH     UNIT         ?PR?SPI_READBYTE?MMC_SD
            CODE    38B8H     0009H     UNIT         ?PR?_WRITEONEDOT?LCD
            CODE    38C1H     0008H     UNIT         ?CO?TP



OVERLAY MAP OF MODULE:   ST7796U_CTC35_ZT_L8 (MAIN)


SEGMENT                                            PDATA_GROUP         XDATA_GROUP
  +--> CALLED SEGMENT                            START    LENGTH     START    LENGTH
------------------------------------------------------------------------------------
?PR?USB_API_TEST_ISR?MAIN                        0056H    0001H      -----    -----
  +--> ?PR?GET_INTERRUPT_SOURCE?GET_INTERRUP...
  +--> ?PR?_BLOCK_READ?BLOCK_READ
  +--> ?PR?SUSPEND_DEVICE?MAIN
  +--> ?PR?MCU_INIT?MAIN
  +--> ?PR?_?BLOCKWRITE?LCD

?PR?SUSPEND_DEVICE?MAIN                          -----    -----      -----    -----
  +--> ?PR?USB_SUSPEND?USB_SUSPEND

?PR?USB_SUSPEND?USB_SUSPEND                      -----    -----      -----    -----
  +--> ?PR?USB_CLOCK_START?USB_CLOCK_START

?PR?_?BLOCKWRITE?LCD                             -----    -----      -----    -----
  +--> ?PR?_WRITECOMM?LCD
  +--> ?PR?_WRITEDATA?LCD

?PR?_WRITECOMM?LCD                               007AH    0002H      -----    -----

?PR?_WRITEDATA?LCD                               007AH    0002H      -----    -----

*** NEW ROOT ***************************************************

?PR?USBXCORE_USB_ISR?USB_API                     -----    -----      -----    -----
  +--> ?PR?USBXCORE_USB_RESET?USB_API
  +--> ?PR?USBXCORE_HANDLE_SETUP?USB_API
  +--> ?PR?USBXCORE_JUMP_ISR?USB_JUMP_ISR

?PR?USBXCORE_HANDLE_SETUP?USB_API                -----    -----      -----    -----
  +--> ?PR?USBXCORE_GET_STATUS?USB_API
  +--> ?PR?USBXCORE_CLEAR_FEATURE?USB_API
BL51 BANKED LINKER/LOCATER V6.22                                                      03/05/2022  08:43:41  PAGE 5


  +--> ?PR?USBXCORE_VENDOR_USB_API?USB_API
  +--> ?PR?USBXCORE_SET_FEATURE?USB_API
  +--> ?PR?USBXCORE_SET_ADDRESS?USB_API
  +--> ?PR?USBXCORE_GET_DESCRIPTOR?USB_API
  +--> ?PR?USBXCORE_GET_CONFIGURATION?USB_API
  +--> ?PR?USBXCORE_SET_CONFIGURATION?USB_API
  +--> ?PR?USBXCORE_GET_INTERFACE?USB_API
  +--> ?PR?USBXCORE_SET_SOP?USB_API
  +--> ?PR?USBXCORE_FORCE_STALL?USB_API

?PR?USBXCORE_GET_STATUS?USB_API                  -----    -----      -----    -----
  +--> ?CO?USB_API
  +--> ?PR?USBXCORE_FORCE_STALL?USB_API
  +--> ?PR?USBXCORE_SET_SOP?USB_API

?PR?USBXCORE_CLEAR_FEATURE?USB_API               -----    -----      -----    -----
  +--> ?PR?USBXCORE_FORCE_STALL?USB_API
  +--> ?PR?USBXCORE_SET_SOP?USB_API

?PR?USBXCORE_VENDOR_USB_API?USB_API              -----    -----      -----    -----
  +--> ?PR?USBXCORE_SET_SOP?USB_API

?PR?USBXCORE_SET_FEATURE?USB_API                 -----    -----      -----    -----
  +--> ?PR?USBXCORE_FORCE_STALL?USB_API
  +--> ?PR?USBXCORE_SET_SOP?USB_API

?PR?USBXCORE_SET_ADDRESS?USB_API                 -----    -----      -----    -----
  +--> ?PR?USBXCORE_SET_SOP?USB_API

?PR?USBXCORE_GET_DESCRIPTOR?USB_API              -----    -----      -----    -----
  +--> ?PR?USBXCORE_FORCE_STALL?USB_API
  +--> ?PR?USBXCORE_SET_SOP?USB_API

?PR?USBXCORE_GET_CONFIGURATION?USB_API           -----    -----      -----    -----
  +--> ?CO?USB_API
  +--> ?PR?USBXCORE_SET_SOP?USB_API

?PR?USBXCORE_SET_CONFIGURATION?USB_API           -----    -----      -----    -----
  +--> ?PR?USBXCORE_SET_SOP?USB_API

?PR?USBXCORE_GET_INTERFACE?USB_API               -----    -----      -----    -----
  +--> ?CO?USB_API
  +--> ?PR?USBXCORE_SET_SOP?USB_API

*** NEW ROOT ***************************************************

?C_C51STARTUP                                    -----    -----      -----    -----
  +--> ?PR?MAIN?MAIN
  +--> ?C_INITSEG

?PR?MAIN?MAIN                                    -----    -----      -----    -----
  +--> ?PR?DEVICES_INIT?MAIN
  +--> ?PR?DISPFRAME?LCD
  +--> ?PR?_STOPDELAY?MAIN
  +--> ?PR?WAITKEY?MAIN
  +--> ?PR?DISPGRAYHOR16?LCD
  +--> ?PR?DISPBAND?LCD
BL51 BANKED LINKER/LOCATER V6.22                                                      03/05/2022  08:43:41  PAGE 6


  +--> ?PR?TP_DRAWLINE?TP

?PR?DEVICES_INIT?MAIN                            -----    -----      -----    -----
  +--> ?PR?MCU_INIT?MAIN
  +--> ?PR?USB_CLOCK_START?USB_CLOCK_START
  +--> ?CO?MAIN
  +--> ?PR?_USB_INIT?USB_API
  +--> ?PR?USB_INT_ENABLE?USB_INT_ENABLE
  +--> ?PR?LCD_INIT?LCD

?PR?_USB_INIT?USB_API                            -----    -----      027CH    0011H
  +--> ?CO?USB_API
  +--> ?PR?USBXCORE_CLKREC?USB_CLOCK_RECOVERY

?PR?LCD_INIT?LCD                                 -----    -----      -----    -----
  +--> ?PR?READDATA?LCD
  +--> ?PR?_DELAY?MAIN
  +--> ?PR?_WRITECOMM?LCD
  +--> ?PR?_WRITEDATA?LCD

?PR?READDATA?LCD                                 -----    -----      -----    -----
  +--> ?PR?_LCD_READ_IC_ID?LCD

?PR?_LCD_READ_IC_ID?LCD                          0062H    0008H      -----    -----

?PR?DISPFRAME?LCD                                0059H    0002H      -----    -----
  +--> ?PR?_?BLOCKWRITE?LCD
  +--> ?PR?_WRITEDISPDATA?LCD

?PR?_WRITEDISPDATA?LCD                           007AH    0001H      -----    -----

?PR?_STOPDELAY?MAIN                              0059H    0004H      -----    -----
  +--> ?PR?WAITKEY?MAIN
  +--> ?PR?_DELAY?MAIN

?PR?WAITKEY?MAIN                                 -----    -----      -----    -----
  +--> ?PR?CONNTOUSB?MAIN
  +--> ?PR?_DELAY?MAIN

?PR?CONNTOUSB?MAIN                               005DH    0005H      027CH    0058H
  +--> ?CO?MAIN
  +--> ?PR?_WRITECOMM?LCD
  +--> ?PR?_WRITEDATA?LCD
  +--> ?PR?_DISPSTR?LCD
  +--> ?PR?_DISPINT?LCD
  +--> ?PR?_WRITEDISPDATA?LCD
  +--> ?PR?_MMC_SD_WRITESINGLEBLOCK?MMC_SD
  +--> ?PR?_BLOCK_WRITE?BLOCK_WRITE
  +--> ?PR?READDATA?LCD
  +--> ?PR?_DELAY?MAIN

?PR?_DISPSTR?LCD                                 0062H    000BH      -----    -----
  +--> ?PR?_TOORD?LCD
  +--> ?PR?_DISPONECHAR?LCD

?PR?_DISPONECHAR?LCD                             006DH    000DH      -----    -----
  +--> ?PR?_?BLOCKWRITE?LCD
BL51 BANKED LINKER/LOCATER V6.22                                                      03/05/2022  08:43:41  PAGE 7


  +--> ?CO?LCD
  +--> ?PR?_WRITEONEDOT?LCD

?PR?_WRITEONEDOT?LCD                             -----    -----      -----    -----
  +--> ?PR?_WRITEDISPDATA?LCD

?PR?_DISPINT?LCD                                 0062H    000AH      -----    -----
  +--> ?PR?_DISPONECHAR?LCD

?PR?_MMC_SD_WRITESINGLEBLOCK?MMC_SD              0062H    0004H      -----    -----
  +--> ?PR?_MMC_SD_SENDCOMMAND?MMC_SD
  +--> ?PR?_SPI_WRITEBYTE?MMC_SD

?PR?_MMC_SD_SENDCOMMAND?MMC_SD                   0066H    0005H      -----    -----
  +--> ?PR?_SPI_WRITEBYTE?MMC_SD

?PR?DISPGRAYHOR16?LCD                            0059H    0004H      -----    -----
  +--> ?PR?_?BLOCKWRITE?LCD
  +--> ?PR?_WRITEDISPDATA?LCD

?PR?DISPBAND?LCD                                 0059H    0005H      -----    -----
  +--> ?PR?_?BLOCKWRITE?LCD
  +--> ?PR?_WRITEDISPDATA?LCD

?PR?TP_DRAWLINE?TP                               -----    -----      027CH    0018H
  +--> ?PR?_DISPCOLOR?LCD
  +--> ?CO?TP
  +--> ?PR?_DISPSTR?LCD
  +--> ?PR?_DELAY?MAIN
  +--> ?PR?_TP_GETPOSITION?TP
  +--> ?PR?_PUTPIXEL?LCD

?PR?_DISPCOLOR?LCD                               0059H    0004H      -----    -----
  +--> ?PR?_?BLOCKWRITE?LCD
  +--> ?PR?_WRITEDISPDATA?LCD

?PR?_TP_GETPOSITION?TP                           -----    -----      0294H    001BH
  +--> ?PR?_TP_WRITE?TP
  +--> ?PR?TP_READ?TP

?PR?_TP_WRITE?TP                                 -----    -----      02AFH    0001H

?PR?TP_READ?TP                                   -----    -----      02AFH    0005H

?PR?_PUTPIXEL?LCD                                0059H    0002H      -----    -----
  +--> ?PR?_?BLOCKWRITE?LCD
  +--> ?PR?_WRITEDISPDATA?LCD



SYMBOL TABLE OF MODULE:  ST7796U_CTC35_ZT_L8 (MAIN)

  VALUE           TYPE          NAME
  ----------------------------------

  -------         MODULE        MAIN
  C:0000H         SYMBOL        _ICE_DUMMY_
BL51 BANKED LINKER/LOCATER V6.22                                                      03/05/2022  08:43:41  PAGE 8


  D:0080H         PUBLIC        P0
  X:0000H         PUBLIC        f_down
  D:0090H         PUBLIC        P1
  D:00B0H         PUBLIC        P3
  C:3584H         PUBLIC        USB_MaxPower
  B:00B0H.6       PUBLIC        KEY_STEP
  D:00A4H         PUBLIC        P0MDOUT
  D:00A5H         PUBLIC        P1MDOUT
  D:00A6H         PUBLIC        P2MDOUT
  D:00A7H         PUBLIC        P3MDOUT
  D:00AEH         PUBLIC        P4MDOUT
  B:0080H.6       PUBLIC        OE
  D:00D9H         PUBLIC        PCA0MD
  C:1E3AH         PUBLIC        USB_API_TEST_ISR
  C:003DH         PUBLIC        Suspend_Device
  C:3496H         PUBLIC        _StopDelay
  D:00E1H         PUBLIC        XBR0
  D:00E2H         PUBLIC        XBR1
  B:00B0H.1       PUBLIC        RS
  C:36CFH         PUBLIC        main
  X:0001H         PUBLIC        VerifyCode0
  X:0002H         PUBLIC        VerifyCode1
  C:354EH         PUBLIC        USB_PID
  X:0003H         PUBLIC        VerifyCode2
  D:00F1H         PUBLIC        P0MDIN
  D:00F2H         PUBLIC        P1MDIN
  C:3550H         PUBLIC        USB_MfrStr
  D:00F4H         PUBLIC        P3MDIN
  C:354CH         PUBLIC        USB_VID
  D:00F8H         PUBLIC        SPI0CN
  X:0004H         PUBLIC        pic
  C:31FBH         PUBLIC        Devices_Init
  C:008EH         PUBLIC        ConnToUSB
  D:00A9H         PUBLIC        CLKSEL
  D:00B2H         PUBLIC        OSCICN
  C:3585H         PUBLIC        USB_PwAttributes
  C:386FH         PUBLIC        WaitKey
  C:3588H         SYMBOL        _?ix1000
  B:00B0H.0       PUBLIC        CS0
  X:0005H         PUBLIC        bf
  C:3586H         PUBLIC        USB_bcdDevice
  D:00B9H         PUBLIC        CLKMUL
  X:0007H         PUBLIC        f_debug
  X:0008H         PUBLIC        sd
  X:02D4H         PUBLIC        Packet
  C:35D0H         PUBLIC        MCU_Init
  B:0080H.7       PUBLIC        DIR
  D:00EFH         PUBLIC        RSTSRC
  X:000CH         PUBLIC        f_read
  C:357AH         PUBLIC        USB_SerialStr
  X:000DH         PUBLIC        f_other
  C:356AH         PUBLIC        USB_ProductStr
  X:000EH         PUBLIC        f_para
  D:00A1H         PUBLIC        SPI0CFG
  C:37ACH         PUBLIC        _Delay
  B:00B0H.7       PUBLIC        KEY_Stop
  X:000FH         PUBLIC        f_init
BL51 BANKED LINKER/LOCATER V6.22                                                      03/05/2022  08:43:41  PAGE 9


  -------         PROC          MAIN
  C:36CFH         LINE#         40
  C:36CFH         LINE#         41
  C:36CFH         LINE#         46
  C:36D2H         LINE#         53
  C:36D5H         LINE#         54
  C:36D5H         LINE#         72
  C:36DEH         LINE#         78
  C:36E7H         LINE#         79
  C:36F0H         LINE#         85
  C:36F3H         LINE#         87
  C:36F5H         LINE#         89
  -------         ENDPROC       MAIN
  -------         PROC          _DELAY
  D:0006H         SYMBOL        dly
  -------         DO            
  D:0004H         SYMBOL        i
  D:0002H         SYMBOL        j
  -------         ENDDO         
  C:37ACH         LINE#         91
  C:37ACH         LINE#         92
  C:37ACH         LINE#         95
  C:37B6H         LINE#         96
  C:37CAH         LINE#         97
  -------         ENDPROC       _DELAY
  C:3492H         SYMBOL        L?0133
  -------         PROC          L?0132
  -------         ENDPROC       L?0132
  C:3492H         SYMBOL        L?0133
  -------         PROC          _STOPDELAY
  X:0059H         SYMBOL        sdly
  -------         DO            
  D:0006H         SYMBOL        i
  D:0004H         SYMBOL        j
  X:005BH         SYMBOL        k
  -------         ENDDO         
  C:3496H         LINE#         99
  C:349DH         LINE#         100
  C:349DH         LINE#         102
  C:34A2H         LINE#         103
  C:34A2H         LINE#         104
  C:34A5H         LINE#         105
  C:34A5H         LINE#         106
  C:34B2H         LINE#         107
  C:34C6H         LINE#         108
  C:34C6H         LINE#         110
  C:34C6H         LINE#         111
  C:34D0H         LINE#         112
  C:34D0H         LINE#         113
  C:34E6H         LINE#         114
  -------         ENDPROC       _STOPDELAY
  -------         PROC          WAITKEY
  C:386FH         LINE#         144
  C:386FH         LINE#         145
  C:386FH         LINE#         147
  C:3872H         LINE#         148
  C:3872H         LINE#         150
BL51 BANKED LINKER/LOCATER V6.22                                                      03/05/2022  08:43:41  PAGE 10


  C:3875H         LINE#         152
  C:3877H         LINE#         153
  C:387EH         LINE#         154
  C:3881H         LINE#         156
  -------         ENDPROC       WAITKEY
  -------         PROC          CONNTOUSB
  -------         DO            
  X:005DH         SYMBOL        i
  X:027CH         SYMBOL        reg_data
  X:0294H         SYMBOL        para_data
  D:0007H         SYMBOL        dat
  X:005EH         SYMBOL        reg_index
  X:0060H         SYMBOL        data_num
  X:0061H         SYMBOL        st
  -------         ENDDO         
  C:008EH         LINE#         162
  C:008EH         LINE#         163
  C:008EH         LINE#         170
  C:00A1H         LINE#         172
  C:00A9H         LINE#         173
  C:00A9H         LINE#         174
  C:00B7H         LINE#         175
  C:00B7H         LINE#         176
  C:00C8H         LINE#         177
  C:00C8H         LINE#         178
  C:00EEH         LINE#         179
  C:00F0H         LINE#         180
  C:0104H         LINE#         181
  C:0104H         LINE#         182
  C:012AH         LINE#         184
  C:012AH         LINE#         185
  C:012AH         LINE#         186
  C:012AH         LINE#         188
  C:012AH         LINE#         189
  C:0132H         LINE#         190
  C:013CH         LINE#         191
  C:0146H         LINE#         193
  C:0162H         LINE#         195
  C:016CH         LINE#         196
  C:016CH         LINE#         197
  C:017DH         LINE#         198
  C:017DH         LINE#         199
  C:018EH         LINE#         200
  C:018EH         LINE#         201
  C:01E1H         LINE#         202
  C:01E3H         LINE#         203
  C:01F9H         LINE#         204
  C:01F9H         LINE#         205
  C:024BH         LINE#         206
  C:024BH         LINE#         207
  C:024BH         LINE#         208
  C:024BH         LINE#         210
  C:024BH         LINE#         211
  C:0253H         LINE#         212
  C:0253H         LINE#         213
  C:025DH         LINE#         214
  C:0267H         LINE#         216
BL51 BANKED LINKER/LOCATER V6.22                                                      03/05/2022  08:43:41  PAGE 11


  C:026BH         LINE#         217
  C:026EH         LINE#         221
  C:0276H         LINE#         222
  C:0276H         LINE#         223
  C:0285H         LINE#         224
  C:0285H         LINE#         225
  C:0287H         LINE#         227
  C:0289H         LINE#         228
  C:02A5H         LINE#         229
  C:02A7H         LINE#         231
  C:02D0H         LINE#         232
  C:02F4H         LINE#         233
  C:02FEH         LINE#         234
  C:02FEH         LINE#         235
  C:0306H         LINE#         236
  C:030DH         LINE#         237
  C:0318H         LINE#         238
  C:031EH         LINE#         239
  C:031EH         LINE#         240
  C:0327H         LINE#         242
  C:032BH         LINE#         243
  C:0337H         LINE#         244
  C:033AH         LINE#         247
  C:0342H         LINE#         248
  C:0342H         LINE#         249
  C:034BH         LINE#         250
  C:034BH         LINE#         251
  C:035BH         LINE#         252
  C:035BH         LINE#         253
  C:035DH         LINE#         255
  C:035FH         LINE#         256
  C:037BH         LINE#         257
  C:037DH         LINE#         259
  C:03A6H         LINE#         260
  C:03CAH         LINE#         262
  C:03D4H         LINE#         263
  C:03D4H         LINE#         264
  C:03DCH         LINE#         265
  C:03E3H         LINE#         266
  C:03EEH         LINE#         267
  C:03F4H         LINE#         268
  C:03F4H         LINE#         270
  C:03FDH         LINE#         276
  C:03FDH         LINE#         277
  C:040AH         LINE#         278
  C:040AH         LINE#         279
  C:040CH         LINE#         281
  C:040EH         LINE#         282
  C:042AH         LINE#         283
  C:042CH         LINE#         285
  C:0434H         LINE#         286
  C:0438H         LINE#         287
  C:0444H         LINE#         288
  C:0444H         LINE#         289
  C:0447H         LINE#         292
  C:044FH         LINE#         293
  C:044FH         LINE#         294
BL51 BANKED LINKER/LOCATER V6.22                                                      03/05/2022  08:43:41  PAGE 12


  C:0460H         LINE#         295
  C:0460H         LINE#         296
  C:046DH         LINE#         297
  C:046DH         LINE#         298
  C:048BH         LINE#         299
  C:048DH         LINE#         300
  C:049DH         LINE#         301
  C:049DH         LINE#         302
  C:04BBH         LINE#         303
  C:04BDH         LINE#         304
  C:04CEH         LINE#         305
  C:04CEH         LINE#         306
  C:04D8H         LINE#         307
  C:04E2H         LINE#         308
  C:04E2H         LINE#         309
  C:04E2H         LINE#         310
  C:04E2H         LINE#         312
  C:04E2H         LINE#         313
  C:04EBH         LINE#         314
  C:04EFH         LINE#         315
  C:04FBH         LINE#         316
  C:04FEH         LINE#         319
  C:0506H         LINE#         320
  C:0506H         LINE#         321
  C:0513H         LINE#         322
  C:0524H         LINE#         324
  C:052DH         LINE#         325
  C:053CH         LINE#         327
  C:0544H         LINE#         328
  C:0544H         LINE#         329
  C:054DH         LINE#         330
  C:055CH         LINE#         331
  C:055CH         LINE#         332
  C:055FH         LINE#         333
  C:056EH         LINE#         334
  C:057AH         LINE#         335
  C:0580H         LINE#         336
  C:0580H         LINE#         338
  C:0584H         LINE#         339
  C:0593H         LINE#         341
  C:059AH         LINE#         342
  C:05B6H         LINE#         343
  C:05C0H         LINE#         344
  C:05C0H         LINE#         345
  C:05E6H         LINE#         346
  C:05F9H         LINE#         347
  C:05F9H         LINE#         348
  C:064BH         LINE#         349
  C:0653H         LINE#         350
  C:0653H         LINE#         351
  C:0653H         LINE#         354
  C:0658H         LINE#         355
  C:0658H         LINE#         356
  C:0665H         LINE#         357
  C:0676H         LINE#         359
  C:067CH         LINE#         360
  C:0680H         LINE#         361
BL51 BANKED LINKER/LOCATER V6.22                                                      03/05/2022  08:43:41  PAGE 13


  C:0684H         LINE#         362
  C:0688H         LINE#         364
  C:068CH         LINE#         365
  C:0698H         LINE#         366
  C:069AH         LINE#         367
  -------         ENDPROC       CONNTOUSB
  -------         PROC          MCU_INIT
  -------         DO            
  D:0007H         SYMBOL        n
  -------         ENDDO         
  C:35D0H         LINE#         370
  C:35D0H         LINE#         371
  C:35D0H         LINE#         373
  C:35D3H         LINE#         376
  C:35D6H         LINE#         377
  C:35D9H         LINE#         379
  C:35DCH         LINE#         381
  C:35E2H         LINE#         383
  C:35E5H         LINE#         384
  C:35EAH         LINE#         385
  C:35EDH         LINE#         387
  C:35F0H         LINE#         390
  C:35F3H         LINE#         391
  C:35F6H         LINE#         393
  C:35F9H         LINE#         394
  C:35FCH         LINE#         396
  C:35FFH         LINE#         397
  C:3602H         LINE#         399
  C:3605H         LINE#         400
  C:3608H         LINE#         401
  C:360AH         LINE#         402
  C:360CH         LINE#         404
  C:360FH         LINE#         405
  C:3612H         LINE#         407
  -------         ENDPROC       MCU_INIT
  -------         PROC          DEVICES_INIT
  C:31FBH         LINE#         409
  C:31FBH         LINE#         410
  C:31FBH         LINE#         412
  C:31FEH         LINE#         415
  C:3201H         LINE#         416
  C:325BH         LINE#         417
  C:325EH         LINE#         420
  C:3261H         LINE#         421
  C:3264H         LINE#         429
  -------         ENDPROC       DEVICES_INIT
  -------         PROC          SUSPEND_DEVICE
  C:003DH         LINE#         433
  C:003DH         LINE#         434
  C:003DH         LINE#         435
  -------         ENDPROC       SUSPEND_DEVICE
  -------         PROC          USB_API_TEST_ISR
  -------         DO            
  X:0056H         SYMBOL        INTVAL
  -------         ENDDO         
  C:1E3AH         LINE#         439
  C:1E57H         LINE#         441
BL51 BANKED LINKER/LOCATER V6.22                                                      03/05/2022  08:43:41  PAGE 14


  C:1E5EH         LINE#         443
  C:1E64H         LINE#         444
  C:1E64H         LINE#         445
  C:1E6FH         LINE#         447
  C:1E8BH         LINE#         448
  C:1E8BH         LINE#         449
  C:1E8DH         LINE#         450
  C:1E8FH         LINE#         451
  C:1EA5H         LINE#         452
  C:1EA5H         LINE#         453
  C:1EA7H         LINE#         454
  C:1EA9H         LINE#         455
  C:1EC1H         LINE#         456
  C:1EC1H         LINE#         457
  C:1EC3H         LINE#         458
  C:1EC5H         LINE#         459
  C:1EDFH         LINE#         460
  C:1EDFH         LINE#         461
  C:1EE1H         LINE#         462
  C:1EE3H         LINE#         463
  C:1EF8H         LINE#         464
  C:1EF8H         LINE#         465
  C:1EFAH         LINE#         466
  C:1EFCH         LINE#         468
  C:1EFCH         LINE#         469
  C:1F01H         LINE#         470
  C:1F01H         LINE#         471
  C:1F01H         LINE#         473
  C:1F01H         LINE#         474
  C:1F01H         LINE#         476
  C:1F01H         LINE#         478
  C:1F07H         LINE#         479
  C:1F07H         LINE#         480
  C:1F0AH         LINE#         481
  C:1F0AH         LINE#         483
  C:1F10H         LINE#         484
  C:1F10H         LINE#         485
  C:1F13H         LINE#         486
  C:1F13H         LINE#         488
  C:1F19H         LINE#         489
  C:1F19H         LINE#         490
  C:1F35H         LINE#         491
  C:1F35H         LINE#         493
  C:1F3BH         LINE#         494
  C:1F3BH         LINE#         495
  C:1F40H         LINE#         496
  C:1F5CH         LINE#         497
  C:1F5CH         LINE#         498
  -------         ENDPROC       USB_API_TEST_ISR
  -------         ENDMOD        MAIN

  -------         MODULE        MMC_SD
  C:0000H         SYMBOL        _ICE_DUMMY_
  D:00A2H         PUBLIC        SPI0CKR
  D:0080H         PUBLIC        P0
  D:0090H         PUBLIC        P1
  D:00B0H         PUBLIC        P3
BL51 BANKED LINKER/LOCATER V6.22                                                      03/05/2022  08:43:41  PAGE 15


  C:30A0H         PUBLIC        _MMC_SD_SendCommand
  C:3267H         PUBLIC        _MMC_SD_ReadSingleBlock
  C:3882H         PUBLIC        SD_Init
  C:2FABH         PUBLIC        _MMC_SD_WriteSingleBlock
  B:00F8H.7       PUBLIC        SPIF
  B:00F8H.2       PUBLIC        NSSMD0
  C:2683H         PUBLIC        MMC_SD_Reset
  D:00A9H         PUBLIC        CLKSEL
  C:38ADH         PUBLIC        SPI_ReadByte
  C:3826H         PUBLIC        _SPI_WriteByte
  D:00A3H         PUBLIC        SPI0DAT
  X:007CH         PUBLIC        buffer
  C:381AH         SYMBOL        L?0062
  C:381FH         SYMBOL        L?0063
  -------         PROC          L?0061
  -------         ENDPROC       L?0061
  C:381AH         SYMBOL        L?0062
  C:381FH         SYMBOL        L?0063
  -------         PROC          _SPI_WRITEBYTE
  D:0007H         SYMBOL        val
  -------         DO            
  D:0007H         SYMBOL        ret
  -------         ENDDO         
  C:3826H         LINE#         7
  C:3826H         LINE#         8
  C:3826H         LINE#         11
  C:3828H         LINE#         12
  C:382BH         LINE#         13
  C:382DH         LINE#         14
  C:382FH         LINE#         15
  C:382FH         LINE#         16
  -------         ENDPROC       _SPI_WRITEBYTE
  -------         PROC          SPI_READBYTE
  -------         DO            
  D:0007H         SYMBOL        ret
  -------         ENDDO         
  C:38ADH         LINE#         18
  C:38ADH         LINE#         19
  C:38ADH         LINE#         22
  C:38B0H         LINE#         23
  C:38B3H         LINE#         24
  C:38B5H         LINE#         25
  C:38B7H         LINE#         26
  C:38B7H         LINE#         27
  -------         ENDPROC       SPI_READBYTE
  -------         PROC          _MMC_SD_SENDCOMMAND
  D:0006H         SYMBOL        cmd
  X:0067H         SYMBOL        arg
  -------         DO            
  D:0007H         SYMBOL        r1
  D:0003H         SYMBOL        retry
  -------         ENDDO         
  C:30A0H         LINE#         29
  C:30A2H         LINE#         30
  C:30A2H         LINE#         32
  C:30A4H         LINE#         34
  C:30A4H         LINE#         35
BL51 BANKED LINKER/LOCATER V6.22                                                      03/05/2022  08:43:41  PAGE 16


  C:30A4H         LINE#         36
  C:30A7H         LINE#         37
  C:30A7H         LINE#         38
  C:30A7H         LINE#         39
  C:30AAH         LINE#         41
  C:30ACH         LINE#         43
  C:30B3H         LINE#         44
  C:30C8H         LINE#         45
  C:30DDH         LINE#         46
  C:30F2H         LINE#         47
  C:30FCH         LINE#         48
  C:3101H         LINE#         50
  C:3109H         LINE#         51
  C:3112H         LINE#         53
  C:3114H         LINE#         55
  C:3114H         LINE#         56
  -------         ENDPROC       _MMC_SD_SENDCOMMAND
  -------         PROC          MMC_SD_RESET
  -------         DO            
  D:0005H         SYMBOL        i
  D:0002H         SYMBOL        retry
  D:0006H         SYMBOL        r1
  -------         ENDDO         
  C:2683H         LINE#         58
  C:2683H         LINE#         59
  C:2683H         LINE#         62
  C:2685H         LINE#         64
  C:2686H         LINE#         65
  C:2689H         LINE#         66
  C:268CH         LINE#         68
  C:268CH         LINE#         69
  C:2698H         LINE#         70
  C:26A8H         LINE#         71
  C:26A9H         LINE#         72
  C:26AFH         LINE#         73
  C:26B3H         LINE#         75
  C:26B5H         LINE#         77
  C:26B5H         LINE#         79
  C:26B5H         LINE#         80
  C:26C5H         LINE#         81
  C:26C6H         LINE#         82
  C:26CFH         LINE#         83
  C:26D3H         LINE#         85
  C:26D5H         LINE#         86
  C:26E5H         LINE#         87
  C:26E6H         LINE#         88
  C:26EFH         LINE#         89
  C:26F2H         LINE#         91
  C:26F5H         LINE#         92
  C:26F5H         LINE#         93
  C:26F7H         LINE#         95
  C:26F7H         LINE#         96
  C:2707H         LINE#         97
  C:2708H         LINE#         98
  C:2711H         LINE#         99
  C:2714H         LINE#         100
  C:2714H         LINE#         101
BL51 BANKED LINKER/LOCATER V6.22                                                      03/05/2022  08:43:41  PAGE 17


  C:2724H         LINE#         103
  C:2732H         LINE#         104
  C:2735H         LINE#         105
  C:2738H         LINE#         106
  C:2739H         LINE#         107
  -------         ENDPROC       MMC_SD_RESET
  -------         PROC          _MMC_SD_READSINGLEBLOCK
  X:0010H         SYMBOL        sector
  -------         DO            
  D:0007H         SYMBOL        r1
  D:0004H         SYMBOL        i
  D:0002H         SYMBOL        retry
  -------         ENDDO         
  C:3267H         LINE#         109
  C:326CH         LINE#         110
  C:326CH         LINE#         113
  C:326EH         LINE#         115
  C:3271H         LINE#         117
  C:3271H         LINE#         118
  C:328DH         LINE#         119
  C:328EH         LINE#         120
  C:3297H         LINE#         121
  C:329AH         LINE#         124
  C:329CH         LINE#         126
  C:32A2H         LINE#         128
  C:32A5H         LINE#         129
  C:32A5H         LINE#         130
  C:32B4H         LINE#         131
  C:32C1H         LINE#         133
  C:32C1H         LINE#         134
  C:32C4H         LINE#         136
  C:32C6H         LINE#         137
  C:32C9H         LINE#         138
  C:32CAH         LINE#         139
  -------         ENDPROC       _MMC_SD_READSINGLEBLOCK
  -------         PROC          _MMC_SD_WRITESINGLEBLOCK
  X:0062H         SYMBOL        sector
  -------         DO            
  D:0006H         SYMBOL        r1
  D:0004H         SYMBOL        i
  D:0002H         SYMBOL        retry
  -------         ENDDO         
  C:2FABH         LINE#         141
  C:2FB0H         LINE#         142
  C:2FB0H         LINE#         145
  C:2FB2H         LINE#         147
  C:2FB5H         LINE#         149
  C:2FB5H         LINE#         150
  C:2FD3H         LINE#         151
  C:2FD4H         LINE#         152
  C:2FDDH         LINE#         153
  C:2FE0H         LINE#         157
  C:2FE2H         LINE#         159
  C:2FE7H         LINE#         161
  C:2FECH         LINE#         163
  C:2FEEH         LINE#         164
  C:2FEEH         LINE#         165
BL51 BANKED LINKER/LOCATER V6.22                                                      03/05/2022  08:43:41  PAGE 18


  C:2FFDH         LINE#         166
  C:300AH         LINE#         168
  C:300AH         LINE#         169
  C:300AH         LINE#         171
  C:300FH         LINE#         173
  C:3016H         LINE#         174
  C:3016H         LINE#         175
  C:3018H         LINE#         176
  C:3019H         LINE#         177
  C:3019H         LINE#         179
  C:3021H         LINE#         181
  C:3023H         LINE#         182
  C:3026H         LINE#         183
  C:3027H         LINE#         184
  -------         ENDPROC       _MMC_SD_WRITESINGLEBLOCK
  -------         PROC          SD_INIT
  -------         DO            
  D:0001H         SYMBOL        n
  -------         ENDDO         
  C:3882H         LINE#         187
  C:3882H         LINE#         188
  C:3882H         LINE#         189
  C:3884H         LINE#         191
  C:388AH         LINE#         192
  C:388AH         LINE#         193
  C:388BH         LINE#         194
  C:3892H         LINE#         196
  -------         ENDPROC       SD_INIT
  -------         ENDMOD        MMC_SD

  -------         MODULE        LCD
  C:0000H         SYMBOL        _ICE_DUMMY_
  D:0080H         PUBLIC        P0
  C:294FH         PUBLIC        DispFrame
  D:0090H         PUBLIC        P1
  C:2A92H         PUBLIC        DispScaleVer_Green
  D:00A0H         PUBLIC        P2
  D:00B0H         PUBLIC        P3
  D:00C7H         PUBLIC        P4
  C:1A0DH         PUBLIC        DispBand
  C:37ECH         PUBLIC        _WriteData
  C:069BH         PUBLIC        ascii
  C:1240H         PUBLIC        _LCD_Read_IC_ID
  D:00A6H         PUBLIC        P2MDOUT
  C:0046H         PUBLIC        _DispColor
  C:2E9FH         PUBLIC        DispScaleVer_Blue
  C:2D83H         PUBLIC        _DrawGird
  C:2F25H         PUBLIC        _DrawLine
  C:3846H         PUBLIC        _WriteComm
  C:368DH         PUBLIC        _WriteDispData
  C:2CF2H         PUBLIC        DispScaleVer_Gray
  B:00B0H.1       PUBLIC        RS
  B:0090H.7       PUBLIC        SPI_CLK
  C:2C61H         PUBLIC        DispScaleVer_Red
  D:00F3H         PUBLIC        P2MDIN
  C:20AEH         PUBLIC        DispScaleVer
  C:32CBH         PUBLIC        _DispPic
BL51 BANKED LINKER/LOCATER V6.22                                                      03/05/2022  08:43:41  PAGE 19


  C:25E8H         PUBLIC        _DispOneChar
  C:3028H         PUBLIC        DispGrayHor32
  C:2B30H         PUBLIC        DispGrayHor16
  C:273AH         PUBLIC        _DispInt
  C:34E7H         PUBLIC        _PutPixel
  D:00A9H         PUBLIC        CLKSEL
  B:0090H.6       PUBLIC        RD0
  B:00B0H.0       PUBLIC        CS0
  X:0054H         PUBLIC        LCM_ID
  C:1CECH         PUBLIC        LCD_Init
  C:2BCBH         PUBLIC        _DispStr
  B:0090H.7       PUBLIC        WR0
  C:1472H         PUBLIC        DispScaleHor1
  B:0090H.6       PUBLIC        SPI_DI
  C:38B8H         PUBLIC        _WriteOneDot
  C:1853H         PUBLIC        DispScaleHor2
  C:2402H         PUBLIC        _DispPicFromSD
  B:0080H.7       PUBLIC        DIR
  C:332EH         PUBLIC        _ToOrd
  B:0080H.5       PUBLIC        RST
  C:3830H         PUBLIC        ReadData
  C:2A0DH         PUBLIC        _?BlockWrite
  -------         PROC          _LCD_READ_IC_ID
  X:0062H         SYMBOL        ID
  D:0004H         SYMBOL        Bug
  D:0003H         SYMBOL        flog
  -------         DO            
  X:0063H         SYMBOL        id
  X:0065H         SYMBOL        id1
  X:0067H         SYMBOL        temp
  D:0005H         SYMBOL        i
  D:0007H         SYMBOL        dat
  D:0001H         SYMBOL        id2
  X:0069H         SYMBOL        id3
  D:0002H         SYMBOL        id4
  -------         ENDDO         
  C:1240H         LINE#         35
  C:1244H         LINE#         36
  C:1244H         LINE#         40
  C:124CH         LINE#         41
  C:124CH         LINE#         43
  C:124EH         LINE#         44
  C:1250H         LINE#         45
  C:1252H         LINE#         47
  C:1255H         LINE#         48
  C:1257H         LINE#         49
  C:1259H         LINE#         50
  C:125BH         LINE#         53
  C:125EH         LINE#         54
  C:1261H         LINE#         55
  C:1264H         LINE#         56
  C:1266H         LINE#         57
  C:1268H         LINE#         58
  C:126AH         LINE#         63
  C:1274H         LINE#         65
  C:127AH         LINE#         66
  C:1282H         LINE#         68
BL51 BANKED LINKER/LOCATER V6.22                                                      03/05/2022  08:43:41  PAGE 20


  C:1288H         LINE#         69
  C:128EH         LINE#         70
  C:1298H         LINE#         72
  C:129EH         LINE#         73
  C:12A0H         LINE#         75
  C:12A6H         LINE#         77
  C:12ACH         LINE#         78
  C:12B6H         LINE#         80
  C:12BCH         LINE#         81
  C:12C1H         LINE#         83
  C:12C7H         LINE#         85
  C:12D1H         LINE#         86
  C:12DBH         LINE#         88
  C:12E1H         LINE#         89
  C:12E3H         LINE#         91
  C:12F3H         LINE#         92
  C:12FDH         LINE#         94
  C:1300H         LINE#         95
  C:1304H         LINE#         96
  C:1304H         LINE#         97
  C:130DH         LINE#         98
  C:1313H         LINE#         99
  C:1313H         LINE#         100
  C:131DH         LINE#         101
  C:131FH         LINE#         102
  C:1323H         LINE#         103
  C:1323H         LINE#         104
  C:1332H         LINE#         105
  C:1332H         LINE#         108
  C:1332H         LINE#         109
  C:133BH         LINE#         110
  C:133BH         LINE#         112
  C:133EH         LINE#         113
  C:1342H         LINE#         114
  C:1344H         LINE#         115
  C:1346H         LINE#         116
  C:1348H         LINE#         117
  C:1348H         LINE#         118
  C:134AH         LINE#         119
  C:1352H         LINE#         120
  C:1354H         LINE#         122
  C:1356H         LINE#         123
  C:135AH         LINE#         124
  C:135FH         LINE#         125
  C:1362H         LINE#         128
  C:136CH         LINE#         129
  C:136CH         LINE#         130
  C:136EH         LINE#         131
  C:136EH         LINE#         132
  C:1370H         LINE#         133
  C:1372H         LINE#         134
  C:1374H         LINE#         135
  C:138BH         LINE#         136
  C:138DH         LINE#         137
  C:138FH         LINE#         138
  C:1396H         LINE#         139
  C:13A0H         LINE#         140
BL51 BANKED LINKER/LOCATER V6.22                                                      03/05/2022  08:43:41  PAGE 21


  C:13A0H         LINE#         141
  C:13A2H         LINE#         142
  C:13A2H         LINE#         143
  C:13A4H         LINE#         144
  C:13A6H         LINE#         145
  C:13A8H         LINE#         146
  C:13BFH         LINE#         147
  C:13C1H         LINE#         148
  C:13C3H         LINE#         149
  C:13C8H         LINE#         150
  C:13C8H         LINE#         152
  C:13CAH         LINE#         153
  C:13CAH         LINE#         154
  C:13CCH         LINE#         155
  C:13CEH         LINE#         156
  C:13D0H         LINE#         157
  C:13E7H         LINE#         158
  C:13E9H         LINE#         159
  C:13EBH         LINE#         160
  C:13F0H         LINE#         162
  C:13F2H         LINE#         163
  C:13F2H         LINE#         164
  C:13F4H         LINE#         165
  C:13F6H         LINE#         166
  C:13F8H         LINE#         167
  C:1402H         LINE#         168
  C:1404H         LINE#         169
  C:1406H         LINE#         170
  C:140BH         LINE#         172
  C:140DH         LINE#         173
  C:140DH         LINE#         174
  C:140FH         LINE#         175
  C:1411H         LINE#         176
  C:1413H         LINE#         177
  C:141FH         LINE#         178
  C:1421H         LINE#         179
  C:1423H         LINE#         180
  C:1428H         LINE#         181
  C:142BH         LINE#         182
  C:142DH         LINE#         183
  C:142FH         LINE#         184
  C:1431H         LINE#         185
  C:1433H         LINE#         186
  C:1435H         LINE#         187
  C:1437H         LINE#         189
  C:143BH         LINE#         190
  C:143BH         LINE#         191
  C:144BH         LINE#         193
  C:1456H         LINE#         194
  C:1456H         LINE#         195
  C:1456H         LINE#         197
  C:145CH         LINE#         198
  C:145CH         LINE#         199
  C:1468H         LINE#         200
  C:1468H         LINE#         202
  C:1468H         LINE#         203
  C:146AH         LINE#         204
BL51 BANKED LINKER/LOCATER V6.22                                                      03/05/2022  08:43:41  PAGE 22


  C:1471H         LINE#         205
  -------         ENDPROC       _LCD_READ_IC_ID
  -------         PROC          _WRITECOMM
  D:0004H         SYMBOL        i
  -------         DO            
  X:007AH         SYMBOL        j
  X:007BH         SYMBOL        DataH
  -------         ENDDO         
  C:3846H         LINE#         208
  C:3848H         LINE#         209
  C:3848H         LINE#         211
  C:384CH         LINE#         212
  C:384EH         LINE#         215
  C:384EH         LINE#         216
  C:3850H         LINE#         217
  C:3852H         LINE#         218
  C:3854H         LINE#         219
  C:3856H         LINE#         220
  C:3858H         LINE#         221
  C:3858H         LINE#         319
  C:385AH         LINE#         320
  -------         ENDPROC       _WRITECOMM
  -------         PROC          L?0451
  -------         ENDPROC       L?0451
  -------         PROC          _WRITEDATA
  D:0004H         SYMBOL        i
  -------         DO            
  X:007AH         SYMBOL        j
  X:007BH         SYMBOL        DataH
  -------         ENDDO         
  C:37ECH         LINE#         322
  C:37EEH         LINE#         323
  C:37EEH         LINE#         325
  C:37F2H         LINE#         326
  C:37F4H         LINE#         329
  C:37F4H         LINE#         330
  C:37F6H         LINE#         331
  C:37F8H         LINE#         332
  C:37FAH         LINE#         333
  C:37FCH         LINE#         334
  C:37FEH         LINE#         335
  C:37FEH         LINE#         514
  C:3800H         LINE#         515
  -------         ENDPROC       _WRITEDATA
  C:3678H         SYMBOL        L?0450
  -------         PROC          L?0449
  -------         ENDPROC       L?0449
  C:3678H         SYMBOL        L?0450
  -------         PROC          _WRITEDISPDATA
  D:0007H         SYMBOL        DataH
  D:0005H         SYMBOL        DataL
  -------         DO            
  X:007AH         SYMBOL        j
  -------         ENDDO         
  C:368DH         LINE#         517
  C:368DH         LINE#         518
  C:368DH         LINE#         520
BL51 BANKED LINKER/LOCATER V6.22                                                      03/05/2022  08:43:41  PAGE 23


  C:368FH         LINE#         523
  C:368FH         LINE#         524
  C:3691H         LINE#         525
  C:3693H         LINE#         526
  C:3695H         LINE#         527
  C:3697H         LINE#         528
  C:3699H         LINE#         529
  C:369DH         LINE#         530
  C:369FH         LINE#         531
  C:36A1H         LINE#         532
  C:36A1H         LINE#         639
  C:36A3H         LINE#         640
  -------         ENDPROC       _WRITEDISPDATA
  -------         PROC          _WRITEONEDOT
  D:0004H         SYMBOL        color
  C:38B8H         LINE#         642
  C:38BCH         LINE#         643
  C:38BCH         LINE#         656
  -------         ENDPROC       _WRITEONEDOT
  -------         PROC          LCD_INIT
  C:1CECH         LINE#         665
  C:1CECH         LINE#         666
  C:1CECH         LINE#         667
  C:1CEFH         LINE#         670
  C:1CF1H         LINE#         671
  C:1CF8H         LINE#         673
  C:1CFAH         LINE#         674
  C:1D01H         LINE#         676
  C:1D03H         LINE#         677
  C:1D0AH         LINE#         6610
  C:1D11H         LINE#         6611
  C:1D18H         LINE#         6612
  C:1D1DH         LINE#         6614
  C:1D24H         LINE#         6615
  C:1D29H         LINE#         6617
  C:1D2EH         LINE#         6618
  C:1D33H         LINE#         6620
  C:1D38H         LINE#         6621
  C:1D3DH         LINE#         6623
  C:1D42H         LINE#         6624
  C:1D47H         LINE#         6626
  C:1D4CH         LINE#         6627
  C:1D51H         LINE#         6628
  C:1D56H         LINE#         6629
  C:1D5BH         LINE#         6630
  C:1D60H         LINE#         6631
  C:1D65H         LINE#         6632
  C:1D6AH         LINE#         6633
  C:1D6FH         LINE#         6634
  C:1D74H         LINE#         6636
  C:1D79H         LINE#         6637
  C:1D7EH         LINE#         6639
  C:1D83H         LINE#         6640
  C:1D88H         LINE#         6642
  C:1D8DH         LINE#         6643
  C:1D92H         LINE#         6644
  C:1D97H         LINE#         6645
BL51 BANKED LINKER/LOCATER V6.22                                                      03/05/2022  08:43:41  PAGE 24


  C:1D9CH         LINE#         6646
  C:1DA1H         LINE#         6647
  C:1DA6H         LINE#         6648
  C:1DABH         LINE#         6649
  C:1DB0H         LINE#         6650
  C:1DB5H         LINE#         6651
  C:1DBAH         LINE#         6652
  C:1DBFH         LINE#         6653
  C:1DC4H         LINE#         6654
  C:1DC9H         LINE#         6655
  C:1DCEH         LINE#         6656
  C:1DD3H         LINE#         6658
  C:1DD8H         LINE#         6659
  C:1DDDH         LINE#         6660
  C:1DE2H         LINE#         6661
  C:1DE7H         LINE#         6662
  C:1DECH         LINE#         6663
  C:1DF0H         LINE#         6664
  C:1DF5H         LINE#         6665
  C:1DFAH         LINE#         6666
  C:1DFFH         LINE#         6667
  C:1E02H         LINE#         6668
  C:1E07H         LINE#         6669
  C:1E0CH         LINE#         6670
  C:1E10H         LINE#         6671
  C:1E15H         LINE#         6672
  C:1E1AH         LINE#         6674
  C:1E1FH         LINE#         6675
  C:1E24H         LINE#         6677
  C:1E29H         LINE#         6678
  C:1E2EH         LINE#         6680
  C:1E33H         LINE#         6681
  -------         ENDPROC       LCD_INIT
  C:29F4H         SYMBOL        L?0443
  C:29FAH         SYMBOL        L?0444
  C:2A05H         SYMBOL        L?0445
  -------         PROC          L?0442
  -------         ENDPROC       L?0442
  C:29F4H         SYMBOL        L?0443
  C:29FAH         SYMBOL        L?0444
  C:2A05H         SYMBOL        L?0445
  -------         PROC          _?BLOCKWRITE
  p:0000H         SYMBOL        Xstart
  p:0002H         SYMBOL        Xend
  p:0004H         SYMBOL        Ystart
  p:0006H         SYMBOL        Yend
  C:2A0DH         LINE#         7572
  C:2A2EH         LINE#         7719
  C:2A35H         LINE#         7720
  C:2A3CH         LINE#         7721
  C:2A44H         LINE#         7722
  C:2A4FH         LINE#         7723
  C:2A59H         LINE#         7725
  C:2A5EH         LINE#         7726
  C:2A68H         LINE#         7728
  C:2A6FH         LINE#         7729
  C:2A79H         LINE#         7730
BL51 BANKED LINKER/LOCATER V6.22                                                      03/05/2022  08:43:41  PAGE 25


  C:2A80H         LINE#         7736
  C:2A85H         LINE#         7739
  C:2A88H         LINE#         7742
  C:2A8BH         LINE#         7744
  -------         ENDPROC       _?BLOCKWRITE
  -------         PROC          _DISPCOLOR
  D:0004H         SYMBOL        color
  -------         DO            
  X:0059H         SYMBOL        i
  D:0002H         SYMBOL        m
  X:005BH         SYMBOL        DataH
  X:005CH         SYMBOL        DataL
  -------         ENDDO         
  C:0046H         LINE#         7821
  C:0048H         LINE#         7822
  C:0048H         LINE#         7825
  C:004EH         LINE#         7827
  C:0051H         LINE#         7829
  C:0053H         LINE#         7830
  C:0059H         LINE#         7831
  C:0059H         LINE#         7832
  C:005CH         LINE#         7833
  C:005CH         LINE#         7834
  C:0066H         LINE#         7835
  C:0071H         LINE#         7836
  C:0087H         LINE#         7838
  C:0089H         LINE#         7839
  -------         ENDPROC       _DISPCOLOR
  -------         PROC          DISPFRAME
  -------         DO            
  D:0002H         SYMBOL        i
  X:0059H         SYMBOL        j
  D:0001H         SYMBOL        DataH
  D:0006H         SYMBOL        DataL
  -------         ENDDO         
  C:294FH         LINE#         7841
  C:294FH         LINE#         7842
  C:294FH         LINE#         7845
  C:2952H         LINE#         7847
  C:2954H         LINE#         7850
  C:2958H         LINE#         7851
  C:295EH         LINE#         7853
  C:295EH         LINE#         7854
  C:295EH         LINE#         7855
  C:2962H         LINE#         7856
  C:2969H         LINE#         7857
  C:2974H         LINE#         7859
  C:2978H         LINE#         7860
  C:297EH         LINE#         7862
  C:2983H         LINE#         7863
  C:2983H         LINE#         7864
  C:2987H         LINE#         7865
  C:298DH         LINE#         7867
  C:298FH         LINE#         7868
  C:298FH         LINE#         7869
  C:2992H         LINE#         7870
  C:2997H         LINE#         7871
BL51 BANKED LINKER/LOCATER V6.22                                                      03/05/2022  08:43:41  PAGE 26


  C:29A2H         LINE#         7873
  C:29A6H         LINE#         7874
  C:29ACH         LINE#         7876
  C:29C2H         LINE#         7878
  C:29C6H         LINE#         7879
  C:29CCH         LINE#         7881
  C:29CEH         LINE#         7882
  C:29CEH         LINE#         7883
  C:29D2H         LINE#         7884
  C:29D9H         LINE#         7885
  C:29E4H         LINE#         7887
  C:29E8H         LINE#         7888
  C:29EEH         LINE#         7890
  C:29F0H         LINE#         7891
  C:29F2H         LINE#         7892
  -------         ENDPROC       DISPFRAME
  -------         PROC          DISPBAND
  -------         DO            
  D:0002H         SYMBOL        i
  X:0059H         SYMBOL        j
  X:005AH         SYMBOL        k
  X:005BH         SYMBOL        m
  X:005CH         SYMBOL        n
  X:005DH         SYMBOL        x
  -------         ENDDO         
  C:1A0DH         LINE#         7894
  C:1A0DH         LINE#         7895
  C:1A0DH         LINE#         7898
  C:1A17H         LINE#         7899
  C:1A1FH         LINE#         7900
  C:1A21H         LINE#         7902
  C:1A29H         LINE#         7903
  C:1A35H         LINE#         7904
  C:1A35H         LINE#         7905
  C:1A50H         LINE#         7906
  C:1A6BH         LINE#         7907
  C:1A97H         LINE#         7908
  C:1A9EH         LINE#         7909
  C:1AADH         LINE#         7910
  C:1AADH         LINE#         7911
  C:1AC8H         LINE#         7912
  C:1AE3H         LINE#         7913
  C:1B0FH         LINE#         7914
  C:1B16H         LINE#         7915
  C:1B2CH         LINE#         7916
  C:1B2CH         LINE#         7917
  C:1B47H         LINE#         7918
  C:1B62H         LINE#         7919
  C:1B8EH         LINE#         7920
  C:1B95H         LINE#         7922
  C:1B97H         LINE#         7923
  C:1B9AH         LINE#         7925
  -------         ENDPROC       DISPBAND
  -------         PROC          _DISPPIC
  D:0006H         SYMBOL        picture
  -------         DO            
  X:0014H         SYMBOL        p
BL51 BANKED LINKER/LOCATER V6.22                                                      03/05/2022  08:43:41  PAGE 27


  X:0017H         SYMBOL        n
  -------         ENDDO         
  C:32CBH         LINE#         7928
  C:32CBH         LINE#         7929
  C:32CBH         LINE#         7932
  C:32DAH         LINE#         7933
  C:32DAH         LINE#         7934
  C:32DAH         LINE#         7936
  C:32EDH         LINE#         7938
  C:3300H         LINE#         7939
  C:3300H         LINE#         7940
  C:3320H         LINE#         7941
  C:332DH         LINE#         7943
  -------         ENDPROC       _DISPPIC
  -------         PROC          _DISPPICFROMSD
  X:0019H         SYMBOL        PicNum
  -------         DO            
  X:001AH         SYMBOL        Address_S
  X:001EH         SYMBOL        Address_E
  D:0002H         SYMBOL        i
  X:0022H         SYMBOL        k
  -------         ENDDO         
  C:2402H         LINE#         7947
  C:2405H         LINE#         7948
  C:2405H         LINE#         7954
  C:2408H         LINE#         7957
  C:240AH         LINE#         7959
  C:240CH         LINE#         7961
  C:2415H         LINE#         7962
  C:2440H         LINE#         7963
  C:2469H         LINE#         7964
  C:248CH         LINE#         7965
  C:248CH         LINE#         7966
  C:249CH         LINE#         7968
  C:24A5H         LINE#         7969
  C:24A5H         LINE#         7971
  C:24C0H         LINE#         7972
  C:24C9H         LINE#         7973
  C:24E8H         LINE#         7975
  C:24EAH         LINE#         8013
  -------         ENDPROC       _DISPPICFROMSD
  -------         PROC          DISPSCALEHOR1
  -------         DO            
  X:0026H         SYMBOL        i
  X:0028H         SYMBOL        j
  D:0002H         SYMBOL        k
  -------         ENDDO         
  C:1472H         LINE#         8018
  C:1472H         LINE#         8019
  C:1472H         LINE#         8022
  C:1475H         LINE#         8025
  C:1475H         LINE#         8026
  C:1475H         LINE#         8027
  C:1495H         LINE#         8028
  C:149BH         LINE#         8029
  C:149BH         LINE#         8030
  C:14A1H         LINE#         8031
BL51 BANKED LINKER/LOCATER V6.22                                                      03/05/2022  08:43:41  PAGE 28


  C:14A1H         LINE#         8032
  C:14B6H         LINE#         8033
  C:14CCH         LINE#         8034
  C:14E2H         LINE#         8036
  C:14EDH         LINE#         8039
  C:14F0H         LINE#         8040
  C:14F0H         LINE#         8041
  C:1510H         LINE#         8042
  C:1516H         LINE#         8043
  C:1516H         LINE#         8044
  C:151CH         LINE#         8045
  C:151CH         LINE#         8046
  C:1547H         LINE#         8047
  C:155DH         LINE#         8048
  C:1573H         LINE#         8049
  C:1581H         LINE#         8052
  C:1584H         LINE#         8053
  C:1584H         LINE#         8054
  C:15A4H         LINE#         8055
  C:15AAH         LINE#         8056
  C:15AAH         LINE#         8057
  C:15B0H         LINE#         8058
  C:15B0H         LINE#         8059
  C:15BAH         LINE#         8060
  C:15D0H         LINE#         8061
  C:15E6H         LINE#         8062
  C:15F1H         LINE#         8065
  C:15F4H         LINE#         8066
  C:15F4H         LINE#         8067
  C:1614H         LINE#         8068
  C:161AH         LINE#         8069
  C:161AH         LINE#         8070
  C:1620H         LINE#         8071
  C:1620H         LINE#         8072
  C:1653H         LINE#         8073
  C:1669H         LINE#         8074
  C:167FH         LINE#         8075
  C:168DH         LINE#         8076
  C:168FH         LINE#         8077
  -------         ENDPROC       DISPSCALEHOR1
  -------         PROC          DISPSCALEVER
  -------         DO            
  X:002AH         SYMBOL        i
  X:002CH         SYMBOL        j
  D:0002H         SYMBOL        k
  -------         ENDDO         
  C:20AEH         LINE#         8079
  C:20AEH         LINE#         8080
  C:20AEH         LINE#         8149
  C:20B1H         LINE#         8151
  C:20B7H         LINE#         8152
  C:20B7H         LINE#         8153
  C:20BDH         LINE#         8154
  C:20BDH         LINE#         8155
  C:20C3H         LINE#         8156
  C:20D9H         LINE#         8157
  C:20E0H         LINE#         8159
BL51 BANKED LINKER/LOCATER V6.22                                                      03/05/2022  08:43:41  PAGE 29


  C:20E3H         LINE#         8160
  C:20E3H         LINE#         8162
  C:20E9H         LINE#         8163
  C:20E9H         LINE#         8165
  C:20EFH         LINE#         8166
  C:20EFH         LINE#         8167
  C:2101H         LINE#         8168
  C:2117H         LINE#         8170
  C:211DH         LINE#         8171
  C:211DH         LINE#         8172
  C:2145H         LINE#         8173
  C:215BH         LINE#         8175
  C:2161H         LINE#         8176
  C:2161H         LINE#         8177
  C:2168H         LINE#         8178
  C:217EH         LINE#         8180
  C:2184H         LINE#         8181
  C:2184H         LINE#         8182
  C:2198H         LINE#         8183
  C:21AEH         LINE#         8185
  C:21C7H         LINE#         8187
  C:21D5H         LINE#         8189
  -------         ENDPROC       DISPSCALEVER
  -------         PROC          DISPSCALEVER_RED
  -------         DO            
  X:002EH         SYMBOL        i
  X:0030H         SYMBOL        j
  D:0002H         SYMBOL        k
  -------         ENDDO         
  C:2C61H         LINE#         8191
  C:2C61H         LINE#         8192
  C:2C61H         LINE#         8195
  C:2C64H         LINE#         8197
  C:2C66H         LINE#         8199
  C:2C68H         LINE#         8202
  C:2C6EH         LINE#         8203
  C:2C6EH         LINE#         8204
  C:2C74H         LINE#         8205
  C:2C74H         LINE#         8206
  C:2C7AH         LINE#         8207
  C:2C90H         LINE#         8208
  C:2C97H         LINE#         8210
  C:2C9AH         LINE#         8211
  C:2C9AH         LINE#         8212
  C:2CA0H         LINE#         8213
  C:2CA0H         LINE#         8215
  C:2CA6H         LINE#         8216
  C:2CA6H         LINE#         8217
  C:2CB8H         LINE#         8218
  C:2CCEH         LINE#         8219
  C:2CE4H         LINE#         8221
  C:2CEFH         LINE#         8223
  C:2CF1H         LINE#         8224
  -------         ENDPROC       DISPSCALEVER_RED
  -------         PROC          DISPSCALEVER_GREEN
  -------         DO            
  X:0032H         SYMBOL        i
BL51 BANKED LINKER/LOCATER V6.22                                                      03/05/2022  08:43:41  PAGE 30


  X:0034H         SYMBOL        j
  D:0002H         SYMBOL        k
  -------         ENDDO         
  C:2A92H         LINE#         8226
  C:2A92H         LINE#         8227
  C:2A92H         LINE#         8230
  C:2A95H         LINE#         8232
  C:2A97H         LINE#         8233
  C:2A99H         LINE#         8236
  C:2A99H         LINE#         8237
  C:2A99H         LINE#         8238
  C:2A9FH         LINE#         8239
  C:2A9FH         LINE#         8240
  C:2AA5H         LINE#         8242
  C:2ABBH         LINE#         8243
  C:2AC6H         LINE#         8245
  C:2AC9H         LINE#         8246
  C:2AC9H         LINE#         8247
  C:2ACFH         LINE#         8248
  C:2ACFH         LINE#         8250
  C:2AD5H         LINE#         8251
  C:2AD5H         LINE#         8253
  C:2AF6H         LINE#         8254
  C:2B0CH         LINE#         8255
  C:2B22H         LINE#         8257
  C:2B2DH         LINE#         8259
  C:2B2FH         LINE#         8260
  -------         ENDPROC       DISPSCALEVER_GREEN
  -------         PROC          DISPSCALEVER_BLUE
  -------         DO            
  X:0036H         SYMBOL        i
  X:0038H         SYMBOL        j
  D:0002H         SYMBOL        k
  -------         ENDDO         
  C:2E9FH         LINE#         8262
  C:2E9FH         LINE#         8263
  C:2E9FH         LINE#         8266
  C:2EA2H         LINE#         8268
  C:2EA4H         LINE#         8269
  C:2EA6H         LINE#         8272
  C:2EACH         LINE#         8273
  C:2EACH         LINE#         8274
  C:2EB2H         LINE#         8275
  C:2EB2H         LINE#         8276
  C:2EB8H         LINE#         8277
  C:2ECEH         LINE#         8278
  C:2ED5H         LINE#         8280
  C:2ED8H         LINE#         8281
  C:2ED8H         LINE#         8282
  C:2EDEH         LINE#         8283
  C:2EDEH         LINE#         8285
  C:2EE4H         LINE#         8286
  C:2EE4H         LINE#         8287
  C:2EEBH         LINE#         8288
  C:2F01H         LINE#         8289
  C:2F17H         LINE#         8291
  C:2F22H         LINE#         8293
BL51 BANKED LINKER/LOCATER V6.22                                                      03/05/2022  08:43:41  PAGE 31


  C:2F24H         LINE#         8294
  -------         ENDPROC       DISPSCALEVER_BLUE
  -------         PROC          DISPSCALEVER_GRAY
  -------         DO            
  X:003AH         SYMBOL        i
  X:003CH         SYMBOL        j
  D:0002H         SYMBOL        k
  -------         ENDDO         
  C:2CF2H         LINE#         8296
  C:2CF2H         LINE#         8297
  C:2CF2H         LINE#         8300
  C:2CF5H         LINE#         8302
  C:2CF7H         LINE#         8307
  C:2CFDH         LINE#         8308
  C:2CFDH         LINE#         8309
  C:2D03H         LINE#         8310
  C:2D03H         LINE#         8311
  C:2D09H         LINE#         8313
  C:2D1FH         LINE#         8314
  C:2D26H         LINE#         8316
  C:2D29H         LINE#         8317
  C:2D29H         LINE#         8318
  C:2D2FH         LINE#         8319
  C:2D2FH         LINE#         8321
  C:2D35H         LINE#         8322
  C:2D35H         LINE#         8323
  C:2D49H         LINE#         8324
  C:2D5FH         LINE#         8325
  C:2D75H         LINE#         8327
  C:2D80H         LINE#         8329
  C:2D82H         LINE#         8330
  -------         ENDPROC       DISPSCALEVER_GRAY
  -------         PROC          DISPGRAYHOR16
  -------         DO            
  X:0059H         SYMBOL        i
  D:0002H         SYMBOL        j
  X:005BH         SYMBOL        k
  -------         ENDDO         
  C:2B30H         LINE#         8332
  C:2B30H         LINE#         8333
  C:2B30H         LINE#         8336
  C:2B33H         LINE#         8338
  C:2B35H         LINE#         8339
  C:2B37H         LINE#         8341
  C:2B3DH         LINE#         8342
  C:2B3DH         LINE#         8343
  C:2B46H         LINE#         8344
  C:2B46H         LINE#         8345
  C:2B4CH         LINE#         8346
  C:2B53H         LINE#         8348
  C:2B56H         LINE#         8349
  C:2B56H         LINE#         8350
  C:2B5CH         LINE#         8351
  C:2B5CH         LINE#         8352
  C:2B8EH         LINE#         8353
  C:2BA4H         LINE#         8354
  C:2BAFH         LINE#         8355
BL51 BANKED LINKER/LOCATER V6.22                                                      03/05/2022  08:43:41  PAGE 32


  C:2BC8H         LINE#         8357
  C:2BCAH         LINE#         8358
  -------         ENDPROC       DISPGRAYHOR16
  -------         PROC          DISPGRAYHOR32
  -------         DO            
  X:003EH         SYMBOL        i
  D:0002H         SYMBOL        j
  X:0040H         SYMBOL        k
  -------         ENDDO         
  C:3028H         LINE#         8360
  C:3028H         LINE#         8361
  C:3028H         LINE#         8364
  C:302BH         LINE#         8366
  C:302DH         LINE#         8368
  C:3033H         LINE#         8369
  C:3033H         LINE#         8370
  C:303CH         LINE#         8371
  C:303CH         LINE#         8372
  C:3042H         LINE#         8373
  C:3049H         LINE#         8375
  C:304CH         LINE#         8376
  C:304CH         LINE#         8377
  C:3052H         LINE#         8378
  C:3052H         LINE#         8379
  C:3066H         LINE#         8380
  C:307CH         LINE#         8381
  C:3087H         LINE#         8382
  C:309DH         LINE#         8384
  C:309FH         LINE#         8385
  -------         ENDPROC       DISPGRAYHOR32
  -------         PROC          DISPSCALEHOR2
  -------         DO            
  X:0042H         SYMBOL        j
  D:0002H         SYMBOL        k
  -------         ENDDO         
  C:1853H         LINE#         8387
  C:1853H         LINE#         8388
  C:1853H         LINE#         8391
  C:1856H         LINE#         8393
  C:1856H         LINE#         8394
  C:1856H         LINE#         8395
  C:185CH         LINE#         8396
  C:1879H         LINE#         8397
  C:1884H         LINE#         8398
  C:1887H         LINE#         8399
  C:1887H         LINE#         8400
  C:188DH         LINE#         8401
  C:18AAH         LINE#         8402
  C:18B5H         LINE#         8403
  C:18B8H         LINE#         8404
  C:18B8H         LINE#         8405
  C:18BEH         LINE#         8406
  C:18DBH         LINE#         8407
  C:18E6H         LINE#         8408
  C:18E9H         LINE#         8409
  C:18E9H         LINE#         8410
  C:18EFH         LINE#         8411
BL51 BANKED LINKER/LOCATER V6.22                                                      03/05/2022  08:43:41  PAGE 33


  C:190CH         LINE#         8412
  C:1917H         LINE#         8413
  C:191AH         LINE#         8414
  C:191AH         LINE#         8415
  C:1920H         LINE#         8416
  C:193DH         LINE#         8417
  C:1948H         LINE#         8418
  C:194BH         LINE#         8419
  C:194BH         LINE#         8420
  C:1951H         LINE#         8421
  C:196EH         LINE#         8422
  C:1979H         LINE#         8423
  C:197CH         LINE#         8424
  C:197CH         LINE#         8425
  C:1982H         LINE#         8426
  C:199FH         LINE#         8427
  C:19AAH         LINE#         8428
  C:19ADH         LINE#         8429
  C:19ADH         LINE#         8430
  C:19B3H         LINE#         8431
  C:19CFH         LINE#         8432
  C:19DAH         LINE#         8433
  C:19E3H         LINE#         8434
  C:19E3H         LINE#         8435
  C:19E9H         LINE#         8436
  C:1A05H         LINE#         8437
  C:1A0CH         LINE#         8439
  -------         ENDPROC       DISPSCALEHOR2
  -------         PROC          _TOORD
  D:0007H         SYMBOL        ch
  C:332EH         LINE#         8544
  C:332EH         LINE#         8545
  C:332EH         LINE#         8546
  C:3334H         LINE#         8547
  C:3334H         LINE#         8548
  C:3336H         LINE#         8549
  C:3338H         LINE#         8550
  C:3344H         LINE#         8551
  C:3344H         LINE#         8552
  C:3348H         LINE#         8553
  C:334AH         LINE#         8554
  C:3356H         LINE#         8555
  C:3356H         LINE#         8556
  C:335AH         LINE#         8557
  C:335CH         LINE#         8558
  C:3368H         LINE#         8559
  C:3368H         LINE#         8560
  C:336CH         LINE#         8561
  C:336EH         LINE#         8562
  C:337AH         LINE#         8563
  C:337AH         LINE#         8564
  C:337EH         LINE#         8565
  C:3380H         LINE#         8566
  C:3386H         LINE#         8567
  C:3386H         LINE#         8568
  C:3388H         LINE#         8569
  C:3388H         LINE#         8571
BL51 BANKED LINKER/LOCATER V6.22                                                      03/05/2022  08:43:41  PAGE 34


  C:3388H         LINE#         8572
  -------         ENDPROC       _TOORD
  C:25C0H         SYMBOL        L?0447
  C:25D8H         SYMBOL        L?0448
  -------         PROC          L?0446
  -------         ENDPROC       L?0446
  C:25C0H         SYMBOL        L?0447
  C:25D8H         SYMBOL        L?0448
  -------         PROC          _DISPONECHAR
  X:006DH         SYMBOL        ord
  D:0006H         SYMBOL        Xstart
  D:0002H         SYMBOL        Ystart
  X:0072H         SYMBOL        TextColor
  X:0074H         SYMBOL        BackColor
  -------         DO            
  X:0076H         SYMBOL        i
  D:0002H         SYMBOL        j
  X:0077H         SYMBOL        p
  D:0003H         SYMBOL        dat
  D:0006H         SYMBOL        index
  -------         ENDDO         
  C:25E8H         LINE#         8574
  C:25F0H         LINE#         8575
  C:25F0H         LINE#         8581
  C:260AH         LINE#         8583
  C:2610H         LINE#         8585
  C:2618H         LINE#         8586
  C:261AH         LINE#         8588
  C:2628H         LINE#         8590
  C:2635H         LINE#         8591
  C:263CH         LINE#         8593
  C:2640H         LINE#         8594
  C:2640H         LINE#         8595
  C:2655H         LINE#         8596
  C:2657H         LINE#         8597
  C:2657H         LINE#         8598
  C:2664H         LINE#         8599
  C:2664H         LINE#         8600
  C:2666H         LINE#         8601
  C:2668H         LINE#         8603
  C:2668H         LINE#         8604
  C:2672H         LINE#         8605
  C:2672H         LINE#         8606
  C:2677H         LINE#         8607
  C:2682H         LINE#         8608
  -------         ENDPROC       _DISPONECHAR
  -------         PROC          _DISPSTR
  X:0062H         SYMBOL        str
  X:0065H         SYMBOL        Xstart
  X:0067H         SYMBOL        Ystart
  X:0069H         SYMBOL        TextColor
  X:006BH         SYMBOL        BackColor
  C:2BCBH         LINE#         8610
  C:2BDBH         LINE#         8611
  C:2BDBH         LINE#         8613
  C:2BF0H         LINE#         8614
  C:2BF0H         LINE#         8615
BL51 BANKED LINKER/LOCATER V6.22                                                      03/05/2022  08:43:41  PAGE 35


  C:2C2BH         LINE#         8617
  C:2C37H         LINE#         8618
  C:2C37H         LINE#         8619
[...]
  C:1131H         LINE#         302
  C:1131H         LINE#         303
  C:1134H         LINE#         304
  C:1136H         LINE#         305
  C:1136H         LINE#         306
  C:1139H         LINE#         307
  C:113BH         LINE#         308
  C:113BH         LINE#         309
  C:113EH         LINE#         310
  C:113EH         LINE#         311
  C:113EH         LINE#         312
  C:113EH         LINE#         313
  C:113EH         LINE#         314
  C:1149H         LINE#         315
  C:1149H         LINE#         316
  C:114FH         LINE#         317
  C:115EH         LINE#         318
  C:115EH         LINE#         319
  C:1163H         LINE#         320
  C:1166H         LINE#         321
  C:1175H         LINE#         322
  C:1175H         LINE#         323
  C:118AH         LINE#         324
  C:118FH         LINE#         325
  C:1197H         LINE#         326
  C:11A1H         LINE#         327
  C:11AFH         LINE#         328
  C:11BDH         LINE#         329
  C:11BFH         LINE#         331
  C:11BFH         LINE#         332
  C:11C4H         LINE#         333
  C:11C7H         LINE#         334
  C:11DFH         LINE#         335
  C:11DFH         LINE#         336
  C:11F8H         LINE#         337
  C:11FDH         LINE#         338
  C:1205H         LINE#         339
  C:120CH         LINE#         340
  C:1211H         LINE#         341
  C:1211H         LINE#         342
  C:1225H         LINE#         343
  C:1225H         LINE#         344
  C:122CH         LINE#         345
  C:1231H         LINE#         346
  C:1231H         LINE#         347
  C:123FH         LINE#         348
  C:123FH         LINE#         349
  -------         ENDPROC       USBXCORE_HANDLE_SETUP
  -------         PROC          USBXCORE_FORCE_STALL
  C:37CBH         LINE#         356
  C:37CBH         LINE#         358
  C:37D6H         LINE#         359
  C:37E1H         LINE#         360
  C:37E7H         LINE#         361
BL51 BANKED LINKER/LOCATER V6.22                                                      03/05/2022  08:43:41  PAGE 43


  -------         ENDPROC       USBXCORE_FORCE_STALL
  -------         PROC          USBXCORE_GET_STATUS
  C:3188H         LINE#         367
  C:3188H         LINE#         369
  C:3197H         LINE#         370
  C:3197H         LINE#         371
  C:3197H         LINE#         372
  C:3197H         LINE#         373
  C:3197H         LINE#         374
  C:3199H         LINE#         375
  C:3199H         LINE#         379
  C:3199H         LINE#         381
  C:31A7H         LINE#         385
  C:31A7H         LINE#         386
  C:31A7H         LINE#         387
  C:31A7H         LINE#         388
  C:31A9H         LINE#         390
  C:31A9H         LINE#         392
  C:31B7H         LINE#         396
  C:31B7H         LINE#         397
  C:31C4H         LINE#         398
  C:31C4H         LINE#         399
  C:31C6H         LINE#         401
  C:31C6H         LINE#         402
  C:31D4H         LINE#         403
  C:31DDH         LINE#         404
  C:31DDH         LINE#         405
  C:31DDH         LINE#         406
  C:31DFH         LINE#         407
  C:31DFH         LINE#         408
  C:31E2H         LINE#         409
  C:31E2H         LINE#         410
  C:31E2H         LINE#         411
  C:31EAH         LINE#         412
  C:31EAH         LINE#         413
  C:31EDH         LINE#         414
  C:31F3H         LINE#         415
  C:31FAH         LINE#         416
  C:31FAH         LINE#         417
  -------         ENDPROC       USBXCORE_GET_STATUS
  -------         PROC          USBXCORE_CLEAR_FEATURE
  C:33E3H         LINE#         423
  C:33E3H         LINE#         425
  C:33E9H         LINE#         426
  C:33E9H         LINE#         428
  C:33F0H         LINE#         429
  C:33F0H         LINE#         430
  C:33FBH         LINE#         436
  C:3406H         LINE#         437
  C:340BH         LINE#         438
  C:340DH         LINE#         440
  C:340DH         LINE#         442
  C:3418H         LINE#         446
  C:3423H         LINE#         447
  C:3428H         LINE#         448
  C:3428H         LINE#         449
  C:342AH         LINE#         451
BL51 BANKED LINKER/LOCATER V6.22                                                      03/05/2022  08:43:41  PAGE 44


  C:342AH         LINE#         452
  C:342DH         LINE#         453
  C:342DH         LINE#         454
  C:3438H         LINE#         455
  -------         ENDPROC       USBXCORE_CLEAR_FEATURE
  -------         PROC          USBXCORE_VENDOR_USB_API
  C:24EBH         LINE#         462
  C:24EBH         LINE#         464
  C:24F5H         LINE#         465
  C:24F5H         LINE#         466
  C:24FCH         LINE#         467
  C:24FCH         LINE#         468
  C:24FFH         LINE#         469
  C:2502H         LINE#         470
  C:2504H         LINE#         472
  C:2504H         LINE#         473
  C:250BH         LINE#         474
  C:250BH         LINE#         477
  C:2516H         LINE#         482
  C:2521H         LINE#         483
  C:252CH         LINE#         485
  C:252CH         LINE#         486
  C:253FH         LINE#         487
  C:253FH         LINE#         488
  C:2543H         LINE#         489
  C:254EH         LINE#         491
  C:254EH         LINE#         492
  C:2561H         LINE#         493
  C:2561H         LINE#         494
  C:2565H         LINE#         495
  C:2570H         LINE#         497
  C:2576H         LINE#         498
  C:257EH         LINE#         499
  C:257EH         LINE#         500
  C:2581H         LINE#         501
  C:2581H         LINE#         502
  C:2581H         LINE#         503
  C:258CH         LINE#         504
  C:258CH         LINE#         505
  C:2592H         LINE#         506
  C:2599H         LINE#         507
  C:2599H         LINE#         508
  C:259DH         LINE#         509
  C:259DH         LINE#         510
  C:25A3H         LINE#         511
  C:25AAH         LINE#         512
  C:25AAH         LINE#         513
  C:25B5H         LINE#         514
  -------         ENDPROC       USBXCORE_VENDOR_USB_API
  -------         PROC          USBXCORE_SET_FEATURE
  C:343BH         LINE#         521
  C:343BH         LINE#         523
  C:3441H         LINE#         524
  C:3441H         LINE#         526
  C:3448H         LINE#         527
  C:3448H         LINE#         528
  C:3453H         LINE#         534
BL51 BANKED LINKER/LOCATER V6.22                                                      03/05/2022  08:43:41  PAGE 45


  C:345EH         LINE#         535
  C:3461H         LINE#         536
  C:3463H         LINE#         538
  C:3463H         LINE#         540
  C:346EH         LINE#         544
  C:3479H         LINE#         545
  C:347FH         LINE#         546
  C:347FH         LINE#         548
  C:3481H         LINE#         550
  C:3481H         LINE#         551
  C:3484H         LINE#         552
  C:3484H         LINE#         553
  C:348FH         LINE#         554
  -------         ENDPROC       USBXCORE_SET_FEATURE
  -------         PROC          USBXCORE_SET_ADDRESS
  C:378CH         LINE#         561
  C:378CH         LINE#         563
  C:379BH         LINE#         564
  C:37A1H         LINE#         565
  C:37A1H         LINE#         566
  C:37A4H         LINE#         567
  C:37A6H         LINE#         569
  C:37A6H         LINE#         570
  C:37A9H         LINE#         571
  C:37A9H         LINE#         572
  -------         ENDPROC       USBXCORE_SET_ADDRESS
  -------         PROC          USBXCORE_GET_DESCRIPTOR
  C:27EEH         LINE#         579
  C:27EEH         LINE#         580
  C:27FDH         LINE#         581
  C:27FDH         LINE#         582
  C:27FDH         LINE#         583
  C:280BH         LINE#         584
  C:280FH         LINE#         585
  C:2811H         LINE#         586
  C:2811H         LINE#         587
  C:281FH         LINE#         588
  C:2832H         LINE#         589
  C:2834H         LINE#         590
  C:2834H         LINE#         591
  C:2858H         LINE#         592
  C:2864H         LINE#         593
  C:2866H         LINE#         594
  C:2866H         LINE#         595
  C:2869H         LINE#         596
  C:2869H         LINE#         597
  C:2869H         LINE#         598
  C:287FH         LINE#         599
  C:287FH         LINE#         600
  C:2887H         LINE#         601
  C:2887H         LINE#         602
  C:288FH         LINE#         603
  C:288FH         LINE#         604
  C:2892H         LINE#         605
  C:2898H         LINE#         606
  C:289FH         LINE#         607
  C:289FH         LINE#         608
BL51 BANKED LINKER/LOCATER V6.22                                                      03/05/2022  08:43:41  PAGE 46


  -------         ENDPROC       USBXCORE_GET_DESCRIPTOR
  -------         PROC          USBXCORE_GET_CONFIGURATION
  C:3589H         LINE#         614
  C:3589H         LINE#         616
  C:3591H         LINE#         617
  C:3591H         LINE#         618
  C:359DH         LINE#         619
  C:35A5H         LINE#         620
  C:35A5H         LINE#         621
  C:35A9H         LINE#         622
  C:35A9H         LINE#         623
  C:35B7H         LINE#         624
  C:35BFH         LINE#         625
  C:35BFH         LINE#         626
  C:35C2H         LINE#         627
  C:35C8H         LINE#         628
  C:35CFH         LINE#         629
  -------         ENDPROC       USBXCORE_GET_CONFIGURATION
  -------         PROC          USBXCORE_SET_CONFIGURATION
  C:3389H         LINE#         635
  C:3389H         LINE#         637
  C:3392H         LINE#         638
  C:3392H         LINE#         639
  C:3399H         LINE#         640
  C:339FH         LINE#         641
  C:33A4H         LINE#         642
  C:33A6H         LINE#         644
  C:33B1H         LINE#         645
  C:33BCH         LINE#         646
  C:33C7H         LINE#         653
  C:33D2H         LINE#         654
  C:33D4H         LINE#         656
  C:33D4H         LINE#         657
  C:33DAH         LINE#         658
  C:33DEH         LINE#         659
  C:33E0H         LINE#         660
  C:33E0H         LINE#         661
  -------         ENDPROC       USBXCORE_SET_CONFIGURATION
  -------         PROC          USBXCORE_GET_INTERFACE
  C:371DH         LINE#         668
  C:371DH         LINE#         670
  C:372BH         LINE#         671
  C:3733H         LINE#         672
  C:3736H         LINE#         673
  C:373CH         LINE#         674
  C:3743H         LINE#         675
  -------         ENDPROC       USBXCORE_GET_INTERFACE
  -------         PROC          USBXCORE_SET_SOP
  C:385BH         LINE#         682
  C:385BH         LINE#         684
  C:3863H         LINE#         685
  C:3863H         LINE#         686
  C:386EH         LINE#         687
  C:386EH         LINE#         688
  -------         ENDPROC       USBXCORE_SET_SOP
  -------         PROC          USBXCORE_USB_ISR
  C:1B9BH         LINE#         699
BL51 BANKED LINKER/LOCATER V6.22                                                      03/05/2022  08:43:41  PAGE 47


  C:1BB8H         LINE#         702
  C:1BBEH         LINE#         703
  C:1BD1H         LINE#         706
  C:1BE4H         LINE#         709
  C:1BE8H         LINE#         710
  C:1BE8H         LINE#         711
  C:1BF3H         LINE#         712
  C:1BF3H         LINE#         714
  C:1BFAH         LINE#         715
  C:1BFAH         LINE#         716
  C:1BFDH         LINE#         717
  C:1BFDH         LINE#         719
  C:1C04H         LINE#         720
  C:1C04H         LINE#         721
  C:1C11H         LINE#         722
  C:1C11H         LINE#         723
  C:1C18H         LINE#         724
  C:1C18H         LINE#         725
  C:1C18H         LINE#         727
  C:1C18H         LINE#         728
  C:1C18H         LINE#         730
  C:1C18H         LINE#         732
  C:1C2BH         LINE#         734
  C:1C2FH         LINE#         735
  C:1C2FH         LINE#         736
  C:1C32H         LINE#         737
  C:1C32H         LINE#         740
  C:1C39H         LINE#         741
  C:1C39H         LINE#         742
  C:1C44H         LINE#         748
  C:1C57H         LINE#         749
  C:1C5CH         LINE#         750
  C:1C5CH         LINE#         751
  C:1C63H         LINE#         752
  C:1C63H         LINE#         754
  C:1C63H         LINE#         756
  C:1C76H         LINE#         759
  C:1C7AH         LINE#         760
  C:1C7AH         LINE#         761
  C:1C85H         LINE#         767
  C:1C98H         LINE#         768
  C:1C9CH         LINE#         769
  C:1C9CH         LINE#         770
  C:1CA3H         LINE#         771
  C:1CA3H         LINE#         772
  C:1CA3H         LINE#         775
  C:1CB1H         LINE#         776
  C:1CB6H         LINE#         777
  C:1CBCH         LINE#         778
  C:1CC1H         LINE#         781
  C:1CCEH         LINE#         782
  C:1CCEH         LINE#         783
  C:1CD1H         LINE#         784
  C:1CD1H         LINE#         785
  -------         ENDPROC       USBXCORE_USB_ISR
  -------         ENDMOD        USB_API

BL51 BANKED LINKER/LOCATER V6.22                                                      03/05/2022  08:43:41  PAGE 48


  -------         MODULE        USB_SUSPEND
  C:0000H         SYMBOL        _ICE_DUMMY_
  D:00D7H         PUBLIC        USB0XCN
  D:00C9H         PUBLIC        REG0CN
  C:36A4H         PUBLIC        USB_Suspend
  D:00A9H         PUBLIC        CLKSEL
  D:00B2H         PUBLIC        OSCICN
  D:00B9H         PUBLIC        CLKMUL
  -------         PROC          USB_SUSPEND
  C:36A4H         LINE#         70
  C:36A4H         LINE#         72
  C:36A7H         LINE#         74
  C:36AAH         LINE#         76
  C:36B2H         LINE#         79
  C:36B5H         LINE#         80
  C:36B8H         LINE#         81
  C:36BBH         LINE#         82
  C:36BEH         LINE#         84
  C:36BFH         LINE#         86
  C:36C2H         LINE#         88
  C:36C8H         LINE#         92
  C:36CBH         LINE#         94
  C:36CEH         LINE#         95
  -------         ENDPROC       USB_SUSPEND
  -------         ENDMOD        USB_SUSPEND

  -------         MODULE        USB_INT_ENABLE
  C:0000H         SYMBOL        _ICE_DUMMY_
  C:3801H         PUBLIC        USB_Int_Enable
  D:0096H         PUBLIC        USB0ADR
  D:0097H         PUBLIC        USB0DAT
  -------         PROC          USB_INT_ENABLE
  C:3801H         LINE#         68
  C:3801H         LINE#         71
  C:3808H         LINE#         73
  C:380EH         LINE#         74
  C:380EH         LINE#         75
  C:3819H         LINE#         77
  C:3819H         LINE#         78
  -------         ENDPROC       USB_INT_ENABLE
  -------         ENDMOD        USB_INT_ENABLE

  -------         MODULE        USB_CLOCK_RECOVERY
  C:0000H         SYMBOL        _ICE_DUMMY_
  C:38A1H         PUBLIC        USBXcore_ClkRec
  D:0096H         PUBLIC        USB0ADR
  D:0097H         PUBLIC        USB0DAT
  -------         PROC          USBXCORE_CLKREC
  C:38A1H         LINE#         45
  C:38A1H         LINE#         47
  C:38ACH         LINE#         48
  -------         ENDPROC       USBXCORE_CLKREC
  -------         ENDMOD        USB_CLOCK_RECOVERY

  -------         MODULE        ?C?COPY
  C:0D6BH         PUBLIC        ?C?COPY
  -------         ENDMOD        ?C?COPY
BL51 BANKED LINKER/LOCATER V6.22                                                      03/05/2022  08:43:41  PAGE 49



  -------         MODULE        ?C?CLDPTR
  C:0D91H         PUBLIC        ?C?CLDPTR
  -------         ENDMOD        ?C?CLDPTR

  -------         MODULE        ?C?CLDOPTR
  C:0DAAH         PUBLIC        ?C?CLDOPTR
  -------         ENDMOD        ?C?CLDOPTR

  -------         MODULE        ?C?IMUL
  C:0DD7H         PUBLIC        ?C?IMUL
  -------         ENDMOD        ?C?IMUL

  -------         MODULE        ?C?IILDX
  C:0DE9H         PUBLIC        ?C?IILDX
  -------         ENDMOD        ?C?IILDX

  -------         MODULE        ?C?ILDOPTR
  C:0DFFH         PUBLIC        ?C?ILDOPTR
  -------         ENDMOD        ?C?ILDOPTR

  -------         MODULE        ?C?LMUL
  C:0E37H         PUBLIC        ?C?LMUL
  -------         ENDMOD        ?C?LMUL

  -------         MODULE        ?C?ULDIV
  C:0EC2H         PUBLIC        ?C?ULDIV
  -------         ENDMOD        ?C?ULDIV

  -------         MODULE        ?C?ULCMP
  C:0F54H         PUBLIC        ?C?ULCMP
  -------         ENDMOD        ?C?ULCMP

  -------         MODULE        ?C?ULSHR
  C:0F65H         PUBLIC        ?C?ULSHR
  -------         ENDMOD        ?C?ULSHR

  -------         MODULE        ?C?LSHL
  C:0F78H         PUBLIC        ?C?LSHL
  -------         ENDMOD        ?C?LSHL

  -------         MODULE        ?C?LLDIPDATA
  C:0F94H         PUBLIC        ?C?LLDIPDATA
  C:0F8BH         PUBLIC        ?C?LLDIPDATA1
  C:0F8DH         PUBLIC        ?C?LLDIPDATA8
  -------         ENDMOD        ?C?LLDIPDATA

  -------         MODULE        ?C?LSTXDATA
  C:0FABH         PUBLIC        ?C?LSTXDATA
  -------         ENDMOD        ?C?LSTXDATA

  -------         MODULE        ?C?LSTPDATA
  C:0FB7H         PUBLIC        ?C?LSTPDATA
  -------         ENDMOD        ?C?LSTPDATA

  -------         MODULE        ?C?LSTKXDATA
  C:0FC3H         PUBLIC        ?C?LSTKXDATA
BL51 BANKED LINKER/LOCATER V6.22                                                      03/05/2022  08:43:41  PAGE 50


  -------         ENDMOD        ?C?LSTKXDATA

  -------         MODULE        ?C?LSTKPDATA
  C:0FF4H         PUBLIC        ?C?LSTKPDATA
  -------         ENDMOD        ?C?LSTKPDATA

  -------         MODULE        ?C_PBP
  D:0008H         PUBLIC        ?C_PBP
  -------         ENDMOD        ?C_PBP

*** WARNING L14: INCOMPATIBLE MEMORY MODEL
    MODULE:  .\USBX_F34X.LIB (USB_API)
    MODEL:   SMALL

*** WARNING L14: INCOMPATIBLE MEMORY MODEL
    MODULE:  .\USBX_F34X.LIB (USB_SUSPEND)
    MODEL:   SMALL

*** WARNING L14: INCOMPATIBLE MEMORY MODEL
    MODULE:  .\USBX_F34X.LIB (USB_INT_ENABLE)
    MODEL:   SMALL

*** WARNING L14: INCOMPATIBLE MEMORY MODEL
    MODULE:  .\USBX_F34X.LIB (USB_CLOCK_RECOVERY)
    MODEL:   SMALL

*** WARNING L16: UNCALLED SEGMENT, IGNORED FOR OVERLAY PROCESS
    SEGMENT: ?PR?SD_INIT?MMC_SD

*** WARNING L16: UNCALLED SEGMENT, IGNORED FOR OVERLAY PROCESS
    SEGMENT: ?PR?_DISPPIC?LCD

*** WARNING L16: UNCALLED SEGMENT, IGNORED FOR OVERLAY PROCESS
    SEGMENT: ?PR?_DISPPICFROMSD?LCD

*** WARNING L16: UNCALLED SEGMENT, IGNORED FOR OVERLAY PROCESS
    SEGMENT: ?PR?DISPSCALEHOR1?LCD

*** WARNING L16: UNCALLED SEGMENT, IGNORED FOR OVERLAY PROCESS
    SEGMENT: ?PR?DISPSCALEVER?LCD

*** WARNING L16: UNCALLED SEGMENT, IGNORED FOR OVERLAY PROCESS
    SEGMENT: ?PR?DISPSCALEVER_RED?LCD

*** WARNING L16: UNCALLED SEGMENT, IGNORED FOR OVERLAY PROCESS
    SEGMENT: ?PR?DISPSCALEVER_GREEN?LCD

*** WARNING L16: UNCALLED SEGMENT, IGNORED FOR OVERLAY PROCESS
    SEGMENT: ?PR?DISPSCALEVER_BLUE?LCD

*** WARNING L16: UNCALLED SEGMENT, IGNORED FOR OVERLAY PROCESS
    SEGMENT: ?PR?DISPSCALEVER_GRAY?LCD

*** WARNING L16: UNCALLED SEGMENT, IGNORED FOR OVERLAY PROCESS
    SEGMENT: ?PR?DISPGRAYHOR32?LCD

*** WARNING L16: UNCALLED SEGMENT, IGNORED FOR OVERLAY PROCESS
BL51 BANKED LINKER/LOCATER V6.22                                                      03/05/2022  08:43:41  PAGE 51


    SEGMENT: ?PR?DISPSCALEHOR2?LCD

*** WARNING L16: UNCALLED SEGMENT, IGNORED FOR OVERLAY PROCESS
    SEGMENT: ?PR?_DRAWGIRD?LCD

*** WARNING L15: MULTIPLE CALL TO SEGMENT
    SEGMENT: ?PR?_WRITECOMM?LCD
    CALLER1: ?PR?USB_API_TEST_ISR?MAIN
    CALLER2: ?C_C51STARTUP

*** WARNING L15: MULTIPLE CALL TO SEGMENT
    SEGMENT: ?PR?_WRITEDATA?LCD
    CALLER1: ?PR?USB_API_TEST_ISR?MAIN
    CALLER2: ?C_C51STARTUP

Program Size: data=10.0 xdata=1219 code=14533
LINK/LOCATE RUN COMPLETE.  18 WARNING(S),  0 ERROR(S)
