BL51 BANKED LINKER/LOCATER V6.22                                                        04/08/2022  13:54:28  PAGE 1


BL51 BANKED LINKER/LOCATER V6.22, INVOKED BY:
D:\KEIL C51\C51\BIN\BL51.EXE main.obj, mmc_sd.obj, lcd.obj, tp.obj, .\USBX_F34X.LIB TO ST7789V_HSD169_ZT_4W1L RAMSIZE (2
>> 56)


MEMORY MODEL: COMPACT WITH FLOATING POINT ARITHMETIC


INPUT MODULES INCLUDED:
  main.obj (MAIN)
  mmc_sd.obj (MMC_SD)
  lcd.obj (LCD)
  tp.obj (TP)
  .\USBX_F34X.LIB (USB_API)
  .\USBX_F34X.LIB (USB_CLOCK_START)
  .\USBX_F34X.LIB (USB_SUSPEND)
  .\USBX_F34X.LIB (GET_INTERRUPT_SOURCE)
  .\USBX_F34X.LIB (BLOCK_READ)
  .\USBX_F34X.LIB (BLOCK_WRITE)
  .\USBX_F34X.LIB (USB_INT_ENABLE)
  .\USBX_F34X.LIB (USB_CLOCK_RECOVERY)
  .\USBX_F34X.LIB (USB_JUMP_ISR)
  D:\KEIL C51\C51\LIB\C51FPC.LIB (?C?FPMUL)
  D:\KEIL C51\C51\LIB\C51FPC.LIB (?C?FCAST)
  D:\KEIL C51\C51\LIB\C51FPC.LIB (?C?CASTF)
  D:\KEIL C51\C51\LIB\C51FPC.LIB (?C?FPGETOPN)
  D:\KEIL C51\C51\LIB\C51C.LIB (?C_STARTUP)
  D:\KEIL C51\C51\LIB\C51C.LIB (?C?COPY)
  D:\KEIL C51\C51\LIB\C51C.LIB (?C?CLDPTR)
  D:\KEIL C51\C51\LIB\C51C.LIB (?C?CLDOPTR)
  D:\KEIL C51\C51\LIB\C51C.LIB (?C?IMUL)
  D:\KEIL C51\C51\LIB\C51C.LIB (?C?IILDX)
  D:\KEIL C51\C51\LIB\C51C.LIB (?C?ILDOPTR)
  D:\KEIL C51\C51\LIB\C51C.LIB (?C?LMUL)
  D:\KEIL C51\C51\LIB\C51C.LIB (?C?ULDIV)
  D:\KEIL C51\C51\LIB\C51C.LIB (?C?LNEG)
  D:\KEIL C51\C51\LIB\C51C.LIB (?C?ULCMP)
  D:\KEIL C51\C51\LIB\C51C.LIB (?C?ULSHR)
  D:\KEIL C51\C51\LIB\C51C.LIB (?C?LSHL)
  D:\KEIL C51\C51\LIB\C51C.LIB (?C?LLDIPDATA)
  D:\KEIL C51\C51\LIB\C51C.LIB (?C?LSTXDATA)
  D:\KEIL C51\C51\LIB\C51C.LIB (?C?LSTPDATA)
  D:\KEIL C51\C51\LIB\C51C.LIB (?C?LSTKXDATA)
  D:\KEIL C51\C51\LIB\C51C.LIB (?C?LSTKPDATA)
  D:\KEIL C51\C51\LIB\C51C.LIB (?C_PBP)
  D:\KEIL C51\C51\LIB\C51C.LIB (?C_INIT)


LINK MAP OF MODULE:  ST7789V_HSD169_ZT_4W1L (MAIN)


            TYPE    BASE      LENGTH    RELOCATION   SEGMENT NAME
            -----------------------------------------------------

            * * * * * * *   D A T A   M E M O R Y   * * * * * * *
            REG     0000H     0008H     ABSOLUTE     "REG BANK 0"
            DATA    0008H     0001H     UNIT         ?C?LIB_DATA
            IDATA   0009H     0001H     UNIT         ?STACK
BL51 BANKED LINKER/LOCATER V6.22                                                      04/08/2022  13:54:28  PAGE 2



            * * * * * * *  X D A T A   M E M O R Y  * * * * * * *
            XDATA   0000H     0010H     INPAGE       ?PD?MAIN
            XDATA   0010H     0004H     INPAGE       ?PD?_MMC_SD_READSINGLEBLOCK?MMC_SD
            XDATA   0014H     0005H     INPAGE       ?PD?_DISPPIC?LCD
            XDATA   0019H     000DH     INPAGE       ?PD?_DISPPICFROMSD?LCD
            XDATA   0026H     0004H     INPAGE       ?PD?DISPSCALEHOR1?LCD
            XDATA   002AH     0004H     INPAGE       ?PD?DISPSCALEVER?LCD
            XDATA   002EH     0004H     INPAGE       ?PD?DISPSCALEVER_RED?LCD
            XDATA   0032H     0004H     INPAGE       ?PD?DISPSCALEVER_GREEN?LCD
            XDATA   0036H     0004H     INPAGE       ?PD?DISPSCALEVER_BLUE?LCD
            XDATA   003AH     0004H     INPAGE       ?PD?DISPSCALEVER_GRAY?LCD
            XDATA   003EH     0004H     INPAGE       ?PD?DISPGRAYHOR32?LCD
            XDATA   0042H     0002H     INPAGE       ?PD?DISPSCALEHOR2?LCD
            XDATA   0044H     000CH     INPAGE       ?PD?_DRAWLINE?LCD
            XDATA   0050H     0004H     INPAGE       ?PD?_DRAWGIRD?LCD
            XDATA   0054H     0002H     INPAGE       ?PD?LCD
            XDATA   0056H     0024H     INPAGE       _PDATA_GROUP_
            XDATA   007AH     0200H     UNIT         ?XD?MMC_SD
            XDATA   027AH     0058H     UNIT         _XDATA_GROUP_
            XDATA   02D2H     0040H     UNIT         ?XD?MAIN
                    0312H     032EH                  *** GAP ***
            XDATA   0640H     0100H     ABSOLUTE     
            XDATA   0740H     0012H     ABSOLUTE     
            XDATA   0752H     0020H     ABSOLUTE     
            XDATA   0772H     000CH     ABSOLUTE     
            XDATA   077EH     0008H     ABSOLUTE     
            XDATA   0786H     0001H     ABSOLUTE     
            XDATA   0787H     0003H     ABSOLUTE     
            XDATA   078AH     0002H     ABSOLUTE     
            XDATA   078CH     0002H     ABSOLUTE     
            XDATA   078EH     0003H     ABSOLUTE     
            XDATA   0791H     0001H     ABSOLUTE     
            XDATA   0792H     0001H     ABSOLUTE     
            XDATA   0793H     0001H     ABSOLUTE     
            XDATA   0794H     0001H     ABSOLUTE     
            XDATA   0795H     0002H     ABSOLUTE     
            XDATA   0797H     0002H     ABSOLUTE     
            XDATA   0799H     0001H     ABSOLUTE     
            XDATA   079AH     0001H     ABSOLUTE     
            XDATA   079BH     0001H     ABSOLUTE     
            XDATA   079CH     0001H     ABSOLUTE     
            XDATA   079DH     0001H     ABSOLUTE     
            XDATA   079EH     0001H     ABSOLUTE     
            XDATA   079FH     0002H     ABSOLUTE     
            XDATA   07A1H     0001H     ABSOLUTE     
            XDATA   07A2H     0001H     ABSOLUTE     
            XDATA   07A3H     000CH     ABSOLUTE     
                    07AFH     0011H                  *** GAP ***
            XDATA   07C0H     0040H     ABSOLUTE     

            * * * * * * *   C O D E   M E M O R Y   * * * * * * *
            CODE    0000H     0003H     ABSOLUTE     
            CODE    0003H     0040H     UNIT         ?PR?_WRITEDISPDATA?LCD
            CODE    0043H     0003H     ABSOLUTE     
            CODE    0046H     0044H     UNIT         ?PR?_DISPCOLOR?LCD
                    008AH     0001H                  *** GAP ***
BL51 BANKED LINKER/LOCATER V6.22                                                      04/08/2022  13:54:28  PAGE 3


            CODE    008BH     0003H     ABSOLUTE     
            CODE    008EH     060CH     UNIT         ?PR?CONNTOUSB?MAIN
            CODE    069AH     0600H     UNIT         ?CO?LCD
            CODE    0C9AH     0545H     UNIT         ?C?LIB_CODE
            CODE    11DFH     0233H     UNIT         ?PR?USBXCORE_HANDLE_SETUP?USB_API
            CODE    1412H     0232H     UNIT         ?PR?_LCD_READ_IC_ID?LCD
            CODE    1644H     0228H     UNIT         ?PR?DISPSCALEHOR1?LCD
            CODE    186CH     01D8H     UNIT         ?PR?TP_DRAWLINE?TP
            CODE    1A44H     01BCH     UNIT         ?PR?DISPSCALEHOR2?LCD
            CODE    1C00H     0191H     UNIT         ?PR?DISPBAND?LCD
            CODE    1D91H     016DH     UNIT         ?PR?LCD_INIT?LCD
            CODE    1EFEH     0151H     UNIT         ?PR?USBXCORE_USB_ISR?USB_API
            CODE    204FH     013DH     UNIT         ?PR?USB_API_TEST_ISR?MAIN
            CODE    218CH     0137H     UNIT         ?PR?_USB_INIT?USB_API
            CODE    22C3H     0128H     UNIT         ?PR?DISPSCALEVER?LCD
            CODE    23EBH     011BH     UNIT         ?PR?_TP_GETPOSITION?TP
            CODE    2506H     0111H     UNIT         ?PR?_BLOCK_WRITE?BLOCK_WRITE
            CODE    2617H     00E9H     UNIT         ?PR?_DISPPICFROMSD?LCD
            CODE    2700H     00CDH     UNIT         ?PR?USBXCORE_VENDOR_USB_API?USB_API
            CODE    27CDH     00CBH     UNIT         ?PR?_DISPONECHAR?LCD
            CODE    2898H     00B7H     UNIT         ?PR?MMC_SD_RESET?MMC_SD
            CODE    294FH     00B3H     UNIT         ?PR?_DISPINT?LCD
            CODE    2A02H     00B2H     UNIT         ?PR?USBXCORE_GET_DESCRIPTOR?USB_API
            CODE    2AB4H     00AFH     UNIT         ?PR?_BLOCK_READ?BLOCK_READ
            CODE    2B63H     00AAH     UNIT         ?PR?DISPFRAME?LCD
            CODE    2C0DH     00A0H     UNIT         ?PR?_?BLOCKWRITE?LCD
            CODE    2CADH     00A0H     UNIT         ?PR?DISPSCALEVER_GREEN?LCD
            CODE    2D4DH     009BH     UNIT         ?PR?DISPGRAYHOR16?LCD
            CODE    2DE8H     0096H     UNIT         ?PR?_DISPSTR?LCD
            CODE    2E7EH     0091H     UNIT         ?PR?DISPSCALEVER_RED?LCD
            CODE    2F0FH     0091H     UNIT         ?PR?DISPSCALEVER_GRAY?LCD
            CODE    2FA0H     0090H     UNIT         ?PR?_DRAWGIRD?LCD
            CODE    3030H     008CH     UNIT         ?C_C51STARTUP
            CODE    30BCH     0086H     UNIT         ?PR?DISPSCALEVER_BLUE?LCD
            CODE    3142H     0086H     UNIT         ?PR?_DRAWLINE?LCD
            CODE    31C8H     007DH     UNIT         ?PR?_MMC_SD_WRITESINGLEBLOCK?MMC_SD
            CODE    3245H     0076H     UNIT         ?PR?DISPGRAYHOR32?LCD
            CODE    32BBH     0075H     UNIT         ?PR?_MMC_SD_SENDCOMMAND?MMC_SD
            CODE    3330H     0073H     UNIT         ?PR?TP_READ?TP
            CODE    33A3H     0073H     UNIT         ?PR?USBXCORE_GET_STATUS?USB_API
            CODE    3416H     006CH     UNIT         ?PR?DEVICES_INIT?MAIN
            CODE    3482H     0064H     UNIT         ?PR?_MMC_SD_READSINGLEBLOCK?MMC_SD
            CODE    34E6H     0061H     UNIT         ?PR?_DISPPIC?LCD
            CODE    3547H     005BH     UNIT         ?PR?_TOORD?LCD
            CODE    35A2H     005AH     UNIT         ?PR?USBXCORE_SET_CONFIGURATION?USB_API
            CODE    35FCH     0058H     UNIT         ?PR?USBXCORE_CLEAR_FEATURE?USB_API
            CODE    3654H     0057H     UNIT         ?PR?USBXCORE_SET_FEATURE?USB_API
            CODE    36ABH     0055H     UNIT         ?PR?_STOPDELAY?MAIN
            CODE    3700H     0052H     UNIT         ?PR?_PUTPIXEL?LCD
            CODE    3752H     0050H     UNIT         ?CO?MAIN
            CODE    37A2H     0047H     UNIT         ?PR?USBXCORE_GET_CONFIGURATION?USB_API
            CODE    37E9H     0043H     UNIT         ?PR?MCU_INIT?MAIN
            CODE    382CH     003AH     UNIT         ?CO?USB_API
            CODE    3866H     0038H     UNIT         ?PR?USB_CLOCK_START?USB_CLOCK_START
            CODE    389EH     0034H     UNIT         ?PR?MAIN?MAIN
            CODE    38D2H     0034H     UNIT         ?PR?_WRITEDATA?LCD
            CODE    3906H     002DH     UNIT         ?C_INITSEG
BL51 BANKED LINKER/LOCATER V6.22                                                      04/08/2022  13:54:28  PAGE 4


            CODE    3933H     002BH     UNIT         ?PR?_WRITECOMM?LCD
            CODE    395EH     002BH     UNIT         ?PR?USB_SUSPEND?USB_SUSPEND
            CODE    3989H     0027H     UNIT         ?PR?USBXCORE_USB_RESET?USB_API
            CODE    39B0H     0027H     UNIT         ?PR?USBXCORE_GET_INTERFACE?USB_API
            CODE    39D7H     0026H     UNIT         ?PR?_TP_WRITE?TP
            CODE    39FDH     0022H     UNIT         ?PR?USBXCORE_JUMP_ISR?USB_JUMP_ISR
            CODE    3A1FH     0020H     UNIT         ?PR?USBXCORE_SET_ADDRESS?USB_API
            CODE    3A3FH     001FH     UNIT         ?PR?_DELAY?MAIN
            CODE    3A5EH     001DH     UNIT         ?PR?USBXCORE_FORCE_STALL?USB_API
            CODE    3A7BH     0019H     UNIT         ?PR?USB_INT_ENABLE?USB_INT_ENABLE
            CODE    3A94H     0016H     UNIT         ?PR?_SPI_WRITEBYTE?MMC_SD
            CODE    3AAAH     0016H     UNIT         ?PR?READDATA?LCD
            CODE    3AC0H     0014H     UNIT         ?PR?USBXCORE_SET_SOP?USB_API
            CODE    3AD4H     0013H     UNIT         ?PR?WAITKEY?MAIN
            CODE    3AE7H     0011H     UNIT         ?PR?SD_INIT?MMC_SD
            CODE    3AF8H     000EH     UNIT         ?PR?GET_INTERRUPT_SOURCE?GET_INTERRUPT_SOURCE
            CODE    3B06H     000CH     UNIT         ?PR?USBXCORE_CLKREC?USB_CLOCK_RECOVERY
            CODE    3B12H     000BH     UNIT         ?PR?SPI_READBYTE?MMC_SD
            CODE    3B1DH     0009H     UNIT         ?PR?_WRITEONEDOT?LCD
            CODE    3B26H     0008H     UNIT         ?CO?TP
            CODE    3B2EH     0003H     UNIT         ?PR?SUSPEND_DEVICE?MAIN



OVERLAY MAP OF MODULE:   ST7789V_HSD169_ZT_4W1L (MAIN)


SEGMENT                                            PDATA_GROUP         XDATA_GROUP
  +--> CALLED SEGMENT                            START    LENGTH     START    LENGTH
------------------------------------------------------------------------------------
?PR?USB_API_TEST_ISR?MAIN                        0056H    0001H      -----    -----
  +--> ?PR?GET_INTERRUPT_SOURCE?GET_INTERRUP...
  +--> ?PR?_BLOCK_READ?BLOCK_READ
  +--> ?PR?SUSPEND_DEVICE?MAIN
  +--> ?PR?MCU_INIT?MAIN
  +--> ?PR?_?BLOCKWRITE?LCD

?PR?SUSPEND_DEVICE?MAIN                          -----    -----      -----    -----
  +--> ?PR?USB_SUSPEND?USB_SUSPEND

?PR?USB_SUSPEND?USB_SUSPEND                      -----    -----      -----    -----
  +--> ?PR?USB_CLOCK_START?USB_CLOCK_START

?PR?_?BLOCKWRITE?LCD                             -----    -----      -----    -----
  +--> ?PR?_WRITECOMM?LCD
  +--> ?PR?_WRITEDATA?LCD

?PR?_WRITECOMM?LCD                               0079H    0001H      -----    -----

?PR?_WRITEDATA?LCD                               0079H    0001H      -----    -----

*** NEW ROOT ***************************************************

?PR?USBXCORE_USB_ISR?USB_API                     -----    -----      -----    -----
  +--> ?PR?USBXCORE_USB_RESET?USB_API
  +--> ?PR?USBXCORE_HANDLE_SETUP?USB_API
  +--> ?PR?USBXCORE_JUMP_ISR?USB_JUMP_ISR
BL51 BANKED LINKER/LOCATER V6.22                                                      04/08/2022  13:54:28  PAGE 5



?PR?USBXCORE_HANDLE_SETUP?USB_API                -----    -----      -----    -----
  +--> ?PR?USBXCORE_GET_STATUS?USB_API
  +--> ?PR?USBXCORE_CLEAR_FEATURE?USB_API
  +--> ?PR?USBXCORE_VENDOR_USB_API?USB_API
  +--> ?PR?USBXCORE_SET_FEATURE?USB_API
  +--> ?PR?USBXCORE_SET_ADDRESS?USB_API
  +--> ?PR?USBXCORE_GET_DESCRIPTOR?USB_API
  +--> ?PR?USBXCORE_GET_CONFIGURATION?USB_API
  +--> ?PR?USBXCORE_SET_CONFIGURATION?USB_API
  +--> ?PR?USBXCORE_GET_INTERFACE?USB_API
  +--> ?PR?USBXCORE_SET_SOP?USB_API
  +--> ?PR?USBXCORE_FORCE_STALL?USB_API

?PR?USBXCORE_GET_STATUS?USB_API                  -----    -----      -----    -----
  +--> ?CO?USB_API
  +--> ?PR?USBXCORE_FORCE_STALL?USB_API
  +--> ?PR?USBXCORE_SET_SOP?USB_API

?PR?USBXCORE_CLEAR_FEATURE?USB_API               -----    -----      -----    -----
  +--> ?PR?USBXCORE_FORCE_STALL?USB_API
  +--> ?PR?USBXCORE_SET_SOP?USB_API

?PR?USBXCORE_VENDOR_USB_API?USB_API              -----    -----      -----    -----
  +--> ?PR?USBXCORE_SET_SOP?USB_API

?PR?USBXCORE_SET_FEATURE?USB_API                 -----    -----      -----    -----
  +--> ?PR?USBXCORE_FORCE_STALL?USB_API
  +--> ?PR?USBXCORE_SET_SOP?USB_API

?PR?USBXCORE_SET_ADDRESS?USB_API                 -----    -----      -----    -----
  +--> ?PR?USBXCORE_SET_SOP?USB_API

?PR?USBXCORE_GET_DESCRIPTOR?USB_API              -----    -----      -----    -----
  +--> ?PR?USBXCORE_FORCE_STALL?USB_API
  +--> ?PR?USBXCORE_SET_SOP?USB_API

?PR?USBXCORE_GET_CONFIGURATION?USB_API           -----    -----      -----    -----
  +--> ?CO?USB_API
  +--> ?PR?USBXCORE_SET_SOP?USB_API

?PR?USBXCORE_SET_CONFIGURATION?USB_API           -----    -----      -----    -----
  +--> ?PR?USBXCORE_SET_SOP?USB_API

?PR?USBXCORE_GET_INTERFACE?USB_API               -----    -----      -----    -----
  +--> ?CO?USB_API
  +--> ?PR?USBXCORE_SET_SOP?USB_API

*** NEW ROOT ***************************************************

?C_C51STARTUP                                    -----    -----      -----    -----
  +--> ?PR?MAIN?MAIN
  +--> ?C_INITSEG

?PR?MAIN?MAIN                                    -----    -----      -----    -----
  +--> ?PR?DEVICES_INIT?MAIN
  +--> ?PR?DISPFRAME?LCD
BL51 BANKED LINKER/LOCATER V6.22                                                      04/08/2022  13:54:28  PAGE 6


  +--> ?PR?_STOPDELAY?MAIN
  +--> ?PR?WAITKEY?MAIN
  +--> ?PR?_DISPCOLOR?LCD
  +--> ?PR?DISPGRAYHOR16?LCD
  +--> ?PR?DISPBAND?LCD
  +--> ?PR?TP_DRAWLINE?TP

?PR?DEVICES_INIT?MAIN                            -----    -----      -----    -----
  +--> ?PR?MCU_INIT?MAIN
  +--> ?PR?USB_CLOCK_START?USB_CLOCK_START
  +--> ?CO?MAIN
  +--> ?PR?_USB_INIT?USB_API
  +--> ?PR?USB_INT_ENABLE?USB_INT_ENABLE
  +--> ?PR?LCD_INIT?LCD

?PR?_USB_INIT?USB_API                            -----    -----      027AH    0011H
  +--> ?CO?USB_API
  +--> ?PR?USBXCORE_CLKREC?USB_CLOCK_RECOVERY

?PR?LCD_INIT?LCD                                 -----    -----      -----    -----
  +--> ?PR?READDATA?LCD
  +--> ?PR?_DELAY?MAIN
  +--> ?PR?_WRITECOMM?LCD
  +--> ?PR?_WRITEDATA?LCD

?PR?READDATA?LCD                                 -----    -----      -----    -----
  +--> ?PR?_LCD_READ_IC_ID?LCD

?PR?_LCD_READ_IC_ID?LCD                          0061H    0008H      -----    -----

?PR?DISPFRAME?LCD                                0058H    0002H      -----    -----
  +--> ?PR?_?BLOCKWRITE?LCD
  +--> ?PR?_WRITEDISPDATA?LCD

?PR?_STOPDELAY?MAIN                              0058H    0004H      -----    -----
  +--> ?PR?WAITKEY?MAIN
  +--> ?PR?_DELAY?MAIN

?PR?WAITKEY?MAIN                                 -----    -----      -----    -----
  +--> ?PR?CONNTOUSB?MAIN
  +--> ?PR?_DELAY?MAIN

?PR?CONNTOUSB?MAIN                               005CH    0005H      027AH    0058H
  +--> ?CO?MAIN
  +--> ?PR?_WRITECOMM?LCD
  +--> ?PR?_WRITEDATA?LCD
  +--> ?PR?_DISPSTR?LCD
  +--> ?PR?_DISPINT?LCD
  +--> ?PR?_WRITEDISPDATA?LCD
  +--> ?PR?_MMC_SD_WRITESINGLEBLOCK?MMC_SD
  +--> ?PR?_BLOCK_WRITE?BLOCK_WRITE
  +--> ?PR?READDATA?LCD
  +--> ?PR?_DELAY?MAIN

?PR?_DISPSTR?LCD                                 0061H    000BH      -----    -----
  +--> ?PR?_TOORD?LCD
  +--> ?PR?_DISPONECHAR?LCD
BL51 BANKED LINKER/LOCATER V6.22                                                      04/08/2022  13:54:28  PAGE 7



?PR?_DISPONECHAR?LCD                             006CH    000DH      -----    -----
  +--> ?PR?_?BLOCKWRITE?LCD
  +--> ?CO?LCD
  +--> ?PR?_WRITEONEDOT?LCD

?PR?_WRITEONEDOT?LCD                             -----    -----      -----    -----
  +--> ?PR?_WRITEDISPDATA?LCD

?PR?_DISPINT?LCD                                 0061H    000AH      -----    -----
  +--> ?PR?_DISPONECHAR?LCD

?PR?_MMC_SD_WRITESINGLEBLOCK?MMC_SD              0061H    0004H      -----    -----
  +--> ?PR?_MMC_SD_SENDCOMMAND?MMC_SD
  +--> ?PR?_SPI_WRITEBYTE?MMC_SD

?PR?_MMC_SD_SENDCOMMAND?MMC_SD                   0065H    0005H      -----    -----
  +--> ?PR?_SPI_WRITEBYTE?MMC_SD

?PR?_DISPCOLOR?LCD                               0058H    0004H      -----    -----
  +--> ?PR?_?BLOCKWRITE?LCD
  +--> ?PR?_WRITEDISPDATA?LCD

?PR?DISPGRAYHOR16?LCD                            0058H    0004H      -----    -----
  +--> ?PR?_?BLOCKWRITE?LCD
  +--> ?PR?_WRITEDISPDATA?LCD

?PR?DISPBAND?LCD                                 0058H    0005H      -----    -----
  +--> ?PR?_?BLOCKWRITE?LCD
  +--> ?PR?_WRITEDISPDATA?LCD

?PR?TP_DRAWLINE?TP                               -----    -----      027AH    0018H
  +--> ?PR?_DISPCOLOR?LCD
  +--> ?CO?TP
  +--> ?PR?_DISPSTR?LCD
  +--> ?PR?_DELAY?MAIN
  +--> ?PR?_TP_GETPOSITION?TP
  +--> ?PR?_PUTPIXEL?LCD

?PR?_TP_GETPOSITION?TP                           -----    -----      0292H    001BH
  +--> ?PR?_TP_WRITE?TP
  +--> ?PR?TP_READ?TP

?PR?_TP_WRITE?TP                                 -----    -----      02ADH    0001H

?PR?TP_READ?TP                                   -----    -----      02ADH    0005H

?PR?_PUTPIXEL?LCD                                0058H    0002H      -----    -----
  +--> ?PR?_?BLOCKWRITE?LCD
  +--> ?PR?_WRITEDISPDATA?LCD



SYMBOL TABLE OF MODULE:  ST7789V_HSD169_ZT_4W1L (MAIN)

  VALUE           TYPE          NAME
  ----------------------------------
BL51 BANKED LINKER/LOCATER V6.22                                                      04/08/2022  13:54:28  PAGE 8



  -------         MODULE        MAIN
  C:0000H         SYMBOL        _ICE_DUMMY_
  D:0080H         PUBLIC        P0
  X:0000H         PUBLIC        f_down
  D:0090H         PUBLIC        P1
  D:00A0H         PUBLIC        P2
  D:00B0H         PUBLIC        P3
  C:379DH         PUBLIC        USB_MaxPower
  B:00B0H.6       PUBLIC        KEY_STEP
  D:00A4H         PUBLIC        P0MDOUT
  D:00A5H         PUBLIC        P1MDOUT
  D:00A6H         PUBLIC        P2MDOUT
  D:00A7H         PUBLIC        P3MDOUT
  D:00AEH         PUBLIC        P4MDOUT
  B:0080H.6       PUBLIC        OE
  D:00D9H         PUBLIC        PCA0MD
  C:204FH         PUBLIC        USB_API_TEST_ISR
  C:3B2EH         PUBLIC        Suspend_Device
  C:36AFH         PUBLIC        _StopDelay
  D:00E1H         PUBLIC        XBR0
  D:00E2H         PUBLIC        XBR1
  B:00B0H.1       PUBLIC        RS
  C:389EH         PUBLIC        main
  X:0001H         PUBLIC        VerifyCode0
  X:0002H         PUBLIC        VerifyCode1
  C:3767H         PUBLIC        USB_PID
  X:0003H         PUBLIC        VerifyCode2
  D:00F1H         PUBLIC        P0MDIN
  D:00F2H         PUBLIC        P1MDIN
  C:3769H         PUBLIC        USB_MfrStr
  D:00F4H         PUBLIC        P3MDIN
  C:3765H         PUBLIC        USB_VID
  D:00F8H         PUBLIC        SPI0CN
  X:0004H         PUBLIC        pic
  C:3416H         PUBLIC        Devices_Init
  C:008EH         PUBLIC        ConnToUSB
  D:00A9H         PUBLIC        CLKSEL
  D:00B2H         PUBLIC        OSCICN
  C:379EH         PUBLIC        USB_PwAttributes
  C:3AD4H         PUBLIC        WaitKey
  C:37A1H         SYMBOL        _?ix1000
  B:00A0H.0       PUBLIC        CS0
  X:0005H         PUBLIC        bf
  C:379FH         PUBLIC        USB_bcdDevice
  D:00B9H         PUBLIC        CLKMUL
  X:0007H         PUBLIC        f_debug
  X:0008H         PUBLIC        sd
  X:02D2H         PUBLIC        Packet
  C:37E9H         PUBLIC        MCU_Init
  B:0080H.7       PUBLIC        DIR
  D:00EFH         PUBLIC        RSTSRC
  X:000CH         PUBLIC        f_read
  C:3793H         PUBLIC        USB_SerialStr
  X:000DH         PUBLIC        f_other
  C:3783H         PUBLIC        USB_ProductStr
  X:000EH         PUBLIC        f_para
BL51 BANKED LINKER/LOCATER V6.22                                                      04/08/2022  13:54:28  PAGE 9


  D:00A1H         PUBLIC        SPI0CFG
  C:3A3FH         PUBLIC        _Delay
  B:00B0H.7       PUBLIC        KEY_Stop
  X:000FH         PUBLIC        f_init
  -------         PROC          MAIN
  C:389EH         LINE#         40
  C:389EH         LINE#         41
  C:389EH         LINE#         46
  C:38A1H         LINE#         53
  C:38A4H         LINE#         54
  C:38A4H         LINE#         71
  C:38ADH         LINE#         72
  C:38BAH         LINE#         76
  C:38C3H         LINE#         77
  C:38CCH         LINE#         83
  C:38CFH         LINE#         85
  C:38D1H         LINE#         87
  -------         ENDPROC       MAIN
  -------         PROC          _DELAY
  D:0006H         SYMBOL        dly
  -------         DO            
  D:0004H         SYMBOL        i
  D:0002H         SYMBOL        j
  -------         ENDDO         
  C:3A3FH         LINE#         89
  C:3A3FH         LINE#         90
  C:3A3FH         LINE#         93
  C:3A49H         LINE#         94
  C:3A5DH         LINE#         95
  -------         ENDPROC       _DELAY
  C:36ABH         SYMBOL        L?0133
  -------         PROC          L?0132
  -------         ENDPROC       L?0132
  C:36ABH         SYMBOL        L?0133
  -------         PROC          _STOPDELAY
  X:0058H         SYMBOL        sdly
  -------         DO            
  D:0006H         SYMBOL        i
  D:0004H         SYMBOL        j
  X:005AH         SYMBOL        k
  -------         ENDDO         
  C:36AFH         LINE#         97
  C:36B6H         LINE#         98
  C:36B6H         LINE#         100
  C:36BBH         LINE#         101
  C:36BBH         LINE#         102
  C:36BEH         LINE#         103
  C:36BEH         LINE#         104
  C:36CBH         LINE#         105
  C:36DFH         LINE#         106
  C:36DFH         LINE#         108
  C:36DFH         LINE#         109
  C:36E9H         LINE#         110
  C:36E9H         LINE#         111
  C:36FFH         LINE#         112
  -------         ENDPROC       _STOPDELAY
  -------         PROC          WAITKEY
BL51 BANKED LINKER/LOCATER V6.22                                                      04/08/2022  13:54:28  PAGE 10


  C:3AD4H         LINE#         142
  C:3AD4H         LINE#         143
  C:3AD4H         LINE#         145
  C:3AD7H         LINE#         146
  C:3AD7H         LINE#         148
  C:3ADAH         LINE#         150
  C:3ADCH         LINE#         151
  C:3AE3H         LINE#         152
  C:3AE6H         LINE#         154
  -------         ENDPROC       WAITKEY
  -------         PROC          CONNTOUSB
  -------         DO            
  X:005CH         SYMBOL        i
  X:027AH         SYMBOL        reg_data
  X:0292H         SYMBOL        para_data
  D:0007H         SYMBOL        dat
  X:005DH         SYMBOL        reg_index
  X:005FH         SYMBOL        data_num
  X:0060H         SYMBOL        st
  -------         ENDDO         
  C:008EH         LINE#         160
  C:008EH         LINE#         161
  C:008EH         LINE#         168
  C:00A1H         LINE#         170
  C:00A9H         LINE#         171
  C:00A9H         LINE#         172
  C:00B7H         LINE#         173
  C:00B7H         LINE#         174
  C:00C8H         LINE#         175
  C:00C8H         LINE#         176
  C:00EEH         LINE#         177
  C:00F0H         LINE#         178
  C:0104H         LINE#         179
  C:0104H         LINE#         180
  C:012AH         LINE#         182
  C:012AH         LINE#         183
  C:012AH         LINE#         184
  C:012AH         LINE#         186
  C:012AH         LINE#         187
  C:0132H         LINE#         188
  C:013CH         LINE#         189
  C:0146H         LINE#         191
  C:0162H         LINE#         193
  C:016CH         LINE#         194
  C:016CH         LINE#         195
  C:017DH         LINE#         196
  C:017DH         LINE#         197
  C:018EH         LINE#         198
  C:018EH         LINE#         199
  C:01E1H         LINE#         200
  C:01E3H         LINE#         201
  C:01F9H         LINE#         202
  C:01F9H         LINE#         203
  C:024BH         LINE#         204
  C:024BH         LINE#         205
  C:024BH         LINE#         206
  C:024BH         LINE#         208
BL51 BANKED LINKER/LOCATER V6.22                                                      04/08/2022  13:54:28  PAGE 11


  C:024BH         LINE#         209
  C:0253H         LINE#         210
  C:0253H         LINE#         211
  C:025DH         LINE#         212
  C:0267H         LINE#         214
  C:026BH         LINE#         215
  C:026EH         LINE#         219
  C:0276H         LINE#         220
  C:0276H         LINE#         221
  C:0285H         LINE#         222
  C:0285H         LINE#         223
  C:0287H         LINE#         225
  C:0289H         LINE#         226
  C:02A5H         LINE#         227
  C:02A7H         LINE#         229
  C:02D0H         LINE#         230
  C:02F4H         LINE#         231
  C:02FEH         LINE#         232
  C:02FEH         LINE#         233
  C:0306H         LINE#         234
  C:030DH         LINE#         235
  C:0318H         LINE#         236
  C:031EH         LINE#         237
  C:031EH         LINE#         238
  C:0327H         LINE#         240
  C:032BH         LINE#         241
  C:0337H         LINE#         242
  C:033AH         LINE#         245
  C:0342H         LINE#         246
  C:0342H         LINE#         247
  C:034BH         LINE#         248
  C:034BH         LINE#         249
  C:035BH         LINE#         250
  C:035BH         LINE#         251
  C:035DH         LINE#         253
  C:035FH         LINE#         254
  C:037BH         LINE#         255
  C:037DH         LINE#         257
  C:03A6H         LINE#         258
  C:03CAH         LINE#         260
  C:03D4H         LINE#         261
  C:03D4H         LINE#         262
  C:03DCH         LINE#         263
  C:03E3H         LINE#         264
  C:03EEH         LINE#         265
  C:03F4H         LINE#         266
  C:03F4H         LINE#         268
  C:03FDH         LINE#         274
  C:03FDH         LINE#         275
  C:040AH         LINE#         276
  C:040AH         LINE#         277
  C:040CH         LINE#         279
  C:040EH         LINE#         280
  C:042AH         LINE#         281
  C:042CH         LINE#         283
  C:0434H         LINE#         284
  C:0438H         LINE#         285
BL51 BANKED LINKER/LOCATER V6.22                                                      04/08/2022  13:54:28  PAGE 12


  C:0444H         LINE#         286
  C:0444H         LINE#         287
  C:0447H         LINE#         290
  C:044FH         LINE#         291
  C:044FH         LINE#         292
  C:0460H         LINE#         293
  C:0460H         LINE#         294
  C:046DH         LINE#         295
  C:046DH         LINE#         296
  C:048BH         LINE#         297
  C:048DH         LINE#         298
  C:049DH         LINE#         299
  C:049DH         LINE#         300
  C:04BBH         LINE#         301
  C:04BDH         LINE#         302
  C:04CEH         LINE#         303
  C:04CEH         LINE#         304
  C:04D8H         LINE#         305
  C:04E2H         LINE#         306
  C:04E2H         LINE#         307
  C:04E2H         LINE#         308
  C:04E2H         LINE#         310
  C:04E2H         LINE#         311
  C:04EBH         LINE#         312
  C:04EFH         LINE#         313
  C:04FBH         LINE#         314
  C:04FEH         LINE#         317
  C:0506H         LINE#         318
  C:0506H         LINE#         319
  C:0513H         LINE#         320
  C:0524H         LINE#         322
  C:052DH         LINE#         323
  C:053CH         LINE#         325
  C:0544H         LINE#         326
  C:0544H         LINE#         327
  C:054DH         LINE#         328
  C:055CH         LINE#         329
  C:055CH         LINE#         330
  C:055FH         LINE#         331
  C:056EH         LINE#         332
  C:057AH         LINE#         333
  C:0580H         LINE#         334
  C:0580H         LINE#         336
  C:0584H         LINE#         337
  C:0593H         LINE#         339
  C:059AH         LINE#         340
  C:05B6H         LINE#         341
  C:05C0H         LINE#         342
  C:05C0H         LINE#         343
  C:05E6H         LINE#         344
  C:05F9H         LINE#         345
  C:05F9H         LINE#         346
  C:064BH         LINE#         347
  C:0653H         LINE#         348
  C:0653H         LINE#         349
  C:0653H         LINE#         352
  C:0658H         LINE#         353
BL51 BANKED LINKER/LOCATER V6.22                                                      04/08/2022  13:54:28  PAGE 13


  C:0658H         LINE#         354
  C:0665H         LINE#         355
  C:0676H         LINE#         357
  C:067CH         LINE#         358
  C:0680H         LINE#         359
  C:0683H         LINE#         360
  C:0687H         LINE#         362
  C:068BH         LINE#         363
  C:0697H         LINE#         364
  C:0699H         LINE#         365
  -------         ENDPROC       CONNTOUSB
  -------         PROC          MCU_INIT
  -------         DO            
  D:0007H         SYMBOL        n
  -------         ENDDO         
  C:37E9H         LINE#         368
  C:37E9H         LINE#         369
  C:37E9H         LINE#         371
  C:37ECH         LINE#         374
  C:37EFH         LINE#         375
  C:37F2H         LINE#         377
  C:37F5H         LINE#         379
  C:37FBH         LINE#         381
  C:37FEH         LINE#         382
  C:3803H         LINE#         383
  C:3806H         LINE#         385
  C:3809H         LINE#         388
  C:380CH         LINE#         389
  C:380FH         LINE#         391
  C:3812H         LINE#         392
  C:3815H         LINE#         394
  C:3818H         LINE#         395
  C:381BH         LINE#         397
  C:381EH         LINE#         398
  C:3821H         LINE#         399
  C:3823H         LINE#         400
  C:3825H         LINE#         402
  C:3828H         LINE#         403
  C:382BH         LINE#         405
  -------         ENDPROC       MCU_INIT
  -------         PROC          DEVICES_INIT
  C:3416H         LINE#         407
  C:3416H         LINE#         408
  C:3416H         LINE#         410
  C:3419H         LINE#         413
  C:341CH         LINE#         414
  C:3476H         LINE#         415
  C:3479H         LINE#         418
  C:347CH         LINE#         419
  C:347FH         LINE#         427
  -------         ENDPROC       DEVICES_INIT
  -------         PROC          SUSPEND_DEVICE
  C:3B2EH         LINE#         431
  C:3B2EH         LINE#         432
  C:3B2EH         LINE#         433
  -------         ENDPROC       SUSPEND_DEVICE
  -------         PROC          USB_API_TEST_ISR
BL51 BANKED LINKER/LOCATER V6.22                                                      04/08/2022  13:54:28  PAGE 14


  -------         DO            
  X:0056H         SYMBOL        INTVAL
  -------         ENDDO         
  C:204FH         LINE#         437
  C:206CH         LINE#         439
  C:2073H         LINE#         441
  C:2079H         LINE#         442
  C:2079H         LINE#         443
  C:2084H         LINE#         445
  C:20A0H         LINE#         446
  C:20A0H         LINE#         447
  C:20A2H         LINE#         448
  C:20A4H         LINE#         449
  C:20BAH         LINE#         450
  C:20BAH         LINE#         451
  C:20BCH         LINE#         452
  C:20BEH         LINE#         453
  C:20D6H         LINE#         454
  C:20D6H         LINE#         455
  C:20D8H         LINE#         456
  C:20DAH         LINE#         457
  C:20F4H         LINE#         458
  C:20F4H         LINE#         459
  C:20F6H         LINE#         460
  C:20F8H         LINE#         461
  C:210DH         LINE#         462
  C:210DH         LINE#         463
  C:210FH         LINE#         464
  C:2111H         LINE#         466
  C:2111H         LINE#         467
  C:2116H         LINE#         468
  C:2116H         LINE#         469
  C:2116H         LINE#         471
  C:2116H         LINE#         472
  C:2116H         LINE#         474
  C:2116H         LINE#         476
  C:211CH         LINE#         477
  C:211CH         LINE#         478
  C:211FH         LINE#         479
  C:211FH         LINE#         481
  C:2125H         LINE#         482
  C:2125H         LINE#         483
  C:2128H         LINE#         484
  C:2128H         LINE#         486
  C:212EH         LINE#         487
  C:212EH         LINE#         488
  C:214AH         LINE#         489
  C:214AH         LINE#         491
  C:2150H         LINE#         492
  C:2150H         LINE#         493
  C:2155H         LINE#         494
  C:2171H         LINE#         495
  C:2171H         LINE#         496
  -------         ENDPROC       USB_API_TEST_ISR
  -------         ENDMOD        MAIN

  -------         MODULE        MMC_SD
BL51 BANKED LINKER/LOCATER V6.22                                                      04/08/2022  13:54:28  PAGE 15


  C:0000H         SYMBOL        _ICE_DUMMY_
  D:00A2H         PUBLIC        SPI0CKR
  D:0080H         PUBLIC        P0
  D:0090H         PUBLIC        P1
  D:00A0H         PUBLIC        P2
  D:00B0H         PUBLIC        P3
  C:32BBH         PUBLIC        _MMC_SD_SendCommand
  C:3482H         PUBLIC        _MMC_SD_ReadSingleBlock
  C:3AE7H         PUBLIC        SD_Init
  C:31C8H         PUBLIC        _MMC_SD_WriteSingleBlock
  B:00F8H.7       PUBLIC        SPIF
  B:00F8H.2       PUBLIC        NSSMD0
  C:2898H         PUBLIC        MMC_SD_Reset
  D:00A9H         PUBLIC        CLKSEL
  C:3B12H         PUBLIC        SPI_ReadByte
  C:3AA0H         PUBLIC        _SPI_WriteByte
  D:00A3H         PUBLIC        SPI0DAT
  X:007AH         PUBLIC        buffer
  C:3A94H         SYMBOL        L?0062
  C:3A99H         SYMBOL        L?0063
  -------         PROC          L?0061
  -------         ENDPROC       L?0061
  C:3A94H         SYMBOL        L?0062
  C:3A99H         SYMBOL        L?0063
  -------         PROC          _SPI_WRITEBYTE
  D:0007H         SYMBOL        val
  -------         DO            
  D:0007H         SYMBOL        ret
  -------         ENDDO         
  C:3AA0H         LINE#         7
  C:3AA0H         LINE#         8
  C:3AA0H         LINE#         11
  C:3AA2H         LINE#         12
  C:3AA5H         LINE#         13
  C:3AA7H         LINE#         14
  C:3AA9H         LINE#         15
  C:3AA9H         LINE#         16
  -------         ENDPROC       _SPI_WRITEBYTE
  -------         PROC          SPI_READBYTE
  -------         DO            
  D:0007H         SYMBOL        ret
  -------         ENDDO         
  C:3B12H         LINE#         18
  C:3B12H         LINE#         19
  C:3B12H         LINE#         22
  C:3B15H         LINE#         23
  C:3B18H         LINE#         24
  C:3B1AH         LINE#         25
  C:3B1CH         LINE#         26
  C:3B1CH         LINE#         27
  -------         ENDPROC       SPI_READBYTE
  -------         PROC          _MMC_SD_SENDCOMMAND
  D:0006H         SYMBOL        cmd
  X:0066H         SYMBOL        arg
  -------         DO            
  D:0007H         SYMBOL        r1
  D:0003H         SYMBOL        retry
BL51 BANKED LINKER/LOCATER V6.22                                                      04/08/2022  13:54:28  PAGE 16


  -------         ENDDO         
  C:32BBH         LINE#         29
  C:32BDH         LINE#         30
  C:32BDH         LINE#         32
  C:32BFH         LINE#         34
  C:32BFH         LINE#         35
  C:32BFH         LINE#         36
  C:32C2H         LINE#         37
  C:32C2H         LINE#         38
  C:32C2H         LINE#         39
  C:32C5H         LINE#         41
  C:32C7H         LINE#         43
  C:32CEH         LINE#         44
  C:32E3H         LINE#         45
  C:32F8H         LINE#         46
  C:330DH         LINE#         47
  C:3317H         LINE#         48
  C:331CH         LINE#         50
  C:3324H         LINE#         51
  C:332DH         LINE#         53
  C:332FH         LINE#         55
  C:332FH         LINE#         56
  -------         ENDPROC       _MMC_SD_SENDCOMMAND
  -------         PROC          MMC_SD_RESET
  -------         DO            
  D:0005H         SYMBOL        i
  D:0002H         SYMBOL        retry
  D:0006H         SYMBOL        r1
  -------         ENDDO         
  C:2898H         LINE#         58
  C:2898H         LINE#         59
  C:2898H         LINE#         62
  C:289AH         LINE#         64
  C:289BH         LINE#         65
  C:289EH         LINE#         66
  C:28A1H         LINE#         68
  C:28A1H         LINE#         69
  C:28ADH         LINE#         70
  C:28BDH         LINE#         71
  C:28BEH         LINE#         72
  C:28C4H         LINE#         73
  C:28C8H         LINE#         75
  C:28CAH         LINE#         77
  C:28CAH         LINE#         79
  C:28CAH         LINE#         80
  C:28DAH         LINE#         81
  C:28DBH         LINE#         82
  C:28E4H         LINE#         83
  C:28E8H         LINE#         85
  C:28EAH         LINE#         86
  C:28FAH         LINE#         87
  C:28FBH         LINE#         88
  C:2904H         LINE#         89
  C:2907H         LINE#         91
  C:290AH         LINE#         92
  C:290AH         LINE#         93
  C:290CH         LINE#         95
BL51 BANKED LINKER/LOCATER V6.22                                                      04/08/2022  13:54:28  PAGE 17


  C:290CH         LINE#         96
  C:291CH         LINE#         97
  C:291DH         LINE#         98
  C:2926H         LINE#         99
  C:2929H         LINE#         100
  C:2929H         LINE#         101
  C:2939H         LINE#         103
  C:2947H         LINE#         104
  C:294AH         LINE#         105
  C:294DH         LINE#         106
  C:294EH         LINE#         107
  -------         ENDPROC       MMC_SD_RESET
  -------         PROC          _MMC_SD_READSINGLEBLOCK
  X:0010H         SYMBOL        sector
  -------         DO            
  D:0007H         SYMBOL        r1
  D:0004H         SYMBOL        i
  D:0002H         SYMBOL        retry
  -------         ENDDO         
  C:3482H         LINE#         109
  C:3487H         LINE#         110
  C:3487H         LINE#         113
  C:3489H         LINE#         115
  C:348CH         LINE#         117
  C:348CH         LINE#         118
  C:34A8H         LINE#         119
  C:34A9H         LINE#         120
  C:34B2H         LINE#         121
  C:34B5H         LINE#         124
  C:34B7H         LINE#         126
  C:34BDH         LINE#         128
  C:34C0H         LINE#         129
  C:34C0H         LINE#         130
  C:34CFH         LINE#         131
  C:34DCH         LINE#         133
  C:34DCH         LINE#         134
  C:34DFH         LINE#         136
  C:34E1H         LINE#         137
  C:34E4H         LINE#         138
  C:34E5H         LINE#         139
  -------         ENDPROC       _MMC_SD_READSINGLEBLOCK
  -------         PROC          _MMC_SD_WRITESINGLEBLOCK
  X:0061H         SYMBOL        sector
  -------         DO            
  D:0006H         SYMBOL        r1
  D:0004H         SYMBOL        i
  D:0002H         SYMBOL        retry
  -------         ENDDO         
  C:31C8H         LINE#         141
  C:31CDH         LINE#         142
  C:31CDH         LINE#         145
  C:31CFH         LINE#         147
  C:31D2H         LINE#         149
  C:31D2H         LINE#         150
  C:31F0H         LINE#         151
  C:31F1H         LINE#         152
  C:31FAH         LINE#         153
BL51 BANKED LINKER/LOCATER V6.22                                                      04/08/2022  13:54:28  PAGE 18


  C:31FDH         LINE#         157
  C:31FFH         LINE#         159
  C:3204H         LINE#         161
  C:3209H         LINE#         163
  C:320BH         LINE#         164
  C:320BH         LINE#         165
  C:321AH         LINE#         166
  C:3227H         LINE#         168
  C:3227H         LINE#         169
  C:3227H         LINE#         171
  C:322CH         LINE#         173
  C:3233H         LINE#         174
  C:3233H         LINE#         175
  C:3235H         LINE#         176
  C:3236H         LINE#         177
  C:3236H         LINE#         179
  C:323EH         LINE#         181
  C:3240H         LINE#         182
  C:3243H         LINE#         183
  C:3244H         LINE#         184
  -------         ENDPROC       _MMC_SD_WRITESINGLEBLOCK
  -------         PROC          SD_INIT
  -------         DO            
  D:0001H         SYMBOL        n
  -------         ENDDO         
  C:3AE7H         LINE#         187
  C:3AE7H         LINE#         188
  C:3AE7H         LINE#         189
  C:3AE9H         LINE#         191
  C:3AEFH         LINE#         192
  C:3AEFH         LINE#         193
  C:3AF0H         LINE#         194
  C:3AF7H         LINE#         196
  -------         ENDPROC       SD_INIT
  -------         ENDMOD        MMC_SD

  -------         MODULE        LCD
  C:0000H         SYMBOL        _ICE_DUMMY_
  D:0080H         PUBLIC        P0
  C:2B63H         PUBLIC        DispFrame
  D:0090H         PUBLIC        P1
  C:2CADH         PUBLIC        DispScaleVer_Green
  D:00A0H         PUBLIC        P2
  D:00B0H         PUBLIC        P3
  C:1C00H         PUBLIC        DispBand
  C:38DBH         PUBLIC        _WriteData
  C:069AH         PUBLIC        ascii
  C:1412H         PUBLIC        _LCD_Read_IC_ID
  D:00A6H         PUBLIC        P2MDOUT
  C:0046H         PUBLIC        _DispColor
  C:30BCH         PUBLIC        DispScaleVer_Blue
  C:2FA0H         PUBLIC        _DrawGird
  C:3142H         PUBLIC        _DrawLine
  B:00D0H.7       PUBLIC        CY
  C:3933H         PUBLIC        _WriteComm
  C:0018H         PUBLIC        _WriteDispData
  C:2F0FH         PUBLIC        DispScaleVer_Gray
BL51 BANKED LINKER/LOCATER V6.22                                                      04/08/2022  13:54:28  PAGE 19


  B:00B0H.1       PUBLIC        RS
  B:0090H.7       PUBLIC        SPI_CLK
  C:2E7EH         PUBLIC        DispScaleVer_Red
  D:00F3H         PUBLIC        P2MDIN
  C:22C3H         PUBLIC        DispScaleVer
  C:34E6H         PUBLIC        _DispPic
  C:27FDH         PUBLIC        _DispOneChar
  C:3245H         PUBLIC        DispGrayHor32
  C:2D4DH         PUBLIC        DispGrayHor16
  C:294FH         PUBLIC        _DispInt
  C:3700H         PUBLIC        _PutPixel
  D:00A9H         PUBLIC        CLKSEL
  B:0090H.6       PUBLIC        RD0
  B:00A0H.0       PUBLIC        CS0
  X:0054H         PUBLIC        LCM_ID
  C:1D91H         PUBLIC        LCD_Init
  C:2DE8H         PUBLIC        _DispStr
  B:0090H.7       PUBLIC        WR0
  C:1644H         PUBLIC        DispScaleHor1
  B:0090H.6       PUBLIC        SPI_DI
  C:3B1DH         PUBLIC        _WriteOneDot
  C:1A44H         PUBLIC        DispScaleHor2
  C:2617H         PUBLIC        _DispPicFromSD
  B:0080H.7       PUBLIC        DIR
  C:3547H         PUBLIC        _ToOrd
  B:0080H.5       PUBLIC        RST
  C:3AAAH         PUBLIC        ReadData
  C:2C27H         PUBLIC        _?BlockWrite
  -------         PROC          _LCD_READ_IC_ID
  X:0061H         SYMBOL        ID
  D:0004H         SYMBOL        Bug
  D:0003H         SYMBOL        flog
  -------         DO            
  X:0062H         SYMBOL        id
  X:0064H         SYMBOL        id1
  X:0066H         SYMBOL        temp
  D:0005H         SYMBOL        i
  D:0007H         SYMBOL        dat
  D:0001H         SYMBOL        id2
  X:0068H         SYMBOL        id3
  D:0002H         SYMBOL        id4
  -------         ENDDO         
  C:1412H         LINE#         35
  C:1416H         LINE#         36
  C:1416H         LINE#         40
  C:141EH         LINE#         41
  C:141EH         LINE#         43
  C:1420H         LINE#         44
  C:1422H         LINE#         45
  C:1424H         LINE#         47
  C:1427H         LINE#         48
  C:1429H         LINE#         49
  C:142BH         LINE#         50
  C:142DH         LINE#         53
  C:1430H         LINE#         54
  C:1433H         LINE#         55
  C:1436H         LINE#         56
BL51 BANKED LINKER/LOCATER V6.22                                                      04/08/2022  13:54:28  PAGE 20


  C:1438H         LINE#         57
  C:143AH         LINE#         58
  C:143CH         LINE#         63
  C:1446H         LINE#         65
  C:144CH         LINE#         66
  C:1454H         LINE#         68
  C:145AH         LINE#         69
  C:1460H         LINE#         70
  C:146AH         LINE#         72
  C:1470H         LINE#         73
  C:1472H         LINE#         75
  C:1478H         LINE#         77
  C:147EH         LINE#         78
  C:1488H         LINE#         80
  C:148EH         LINE#         81
  C:1493H         LINE#         83
  C:1499H         LINE#         85
  C:14A3H         LINE#         86
  C:14ADH         LINE#         88
  C:14B3H         LINE#         89
  C:14B5H         LINE#         91
  C:14C5H         LINE#         92
  C:14CFH         LINE#         94
  C:14D2H         LINE#         95
  C:14D6H         LINE#         96
  C:14D6H         LINE#         97
  C:14DFH         LINE#         98
  C:14E5H         LINE#         99
  C:14E5H         LINE#         100
  C:14EFH         LINE#         101
  C:14F1H         LINE#         102
  C:14F5H         LINE#         103
  C:14F5H         LINE#         104
  C:1504H         LINE#         105
  C:1504H         LINE#         108
  C:1504H         LINE#         109
  C:150DH         LINE#         110
  C:150DH         LINE#         112
  C:1510H         LINE#         113
  C:1514H         LINE#         114
  C:1516H         LINE#         115
  C:1518H         LINE#         116
  C:151AH         LINE#         117
  C:151AH         LINE#         118
  C:151CH         LINE#         119
  C:1524H         LINE#         120
  C:1526H         LINE#         122
  C:1528H         LINE#         123
  C:152CH         LINE#         124
  C:1531H         LINE#         125
  C:1534H         LINE#         128
  C:153EH         LINE#         129
  C:153EH         LINE#         130
  C:1540H         LINE#         131
  C:1540H         LINE#         132
  C:1542H         LINE#         133
  C:1544H         LINE#         134
BL51 BANKED LINKER/LOCATER V6.22                                                      04/08/2022  13:54:28  PAGE 21


  C:1546H         LINE#         135
  C:155DH         LINE#         136
  C:155FH         LINE#         137
  C:1561H         LINE#         138
  C:1568H         LINE#         139
  C:1572H         LINE#         140
  C:1572H         LINE#         141
  C:1574H         LINE#         142
  C:1574H         LINE#         143
  C:1576H         LINE#         144
  C:1578H         LINE#         145
  C:157AH         LINE#         146
  C:1591H         LINE#         147
  C:1593H         LINE#         148
  C:1595H         LINE#         149
  C:159AH         LINE#         150
  C:159AH         LINE#         152
  C:159CH         LINE#         153
  C:159CH         LINE#         154
  C:159EH         LINE#         155
  C:15A0H         LINE#         156
  C:15A2H         LINE#         157
  C:15B9H         LINE#         158
  C:15BBH         LINE#         159
  C:15BDH         LINE#         160
  C:15C2H         LINE#         162
  C:15C4H         LINE#         163
  C:15C4H         LINE#         164
  C:15C6H         LINE#         165
  C:15C8H         LINE#         166
  C:15CAH         LINE#         167
  C:15D4H         LINE#         168
  C:15D6H         LINE#         169
  C:15D8H         LINE#         170
  C:15DDH         LINE#         172
  C:15DFH         LINE#         173
  C:15DFH         LINE#         174
  C:15E1H         LINE#         175
  C:15E3H         LINE#         176
  C:15E5H         LINE#         177
  C:15F1H         LINE#         178
  C:15F3H         LINE#         179
  C:15F5H         LINE#         180
  C:15FAH         LINE#         181
  C:15FDH         LINE#         182
  C:15FFH         LINE#         183
  C:1601H         LINE#         184
  C:1603H         LINE#         185
  C:1605H         LINE#         186
  C:1607H         LINE#         187
  C:1609H         LINE#         189
  C:160DH         LINE#         190
  C:160DH         LINE#         191
  C:161DH         LINE#         193
  C:1628H         LINE#         194
  C:1628H         LINE#         195
  C:1628H         LINE#         197
BL51 BANKED LINKER/LOCATER V6.22                                                      04/08/2022  13:54:28  PAGE 22


  C:162EH         LINE#         198
  C:162EH         LINE#         199
  C:163AH         LINE#         200
  C:163AH         LINE#         202
  C:163AH         LINE#         203
  C:163CH         LINE#         204
  C:1643H         LINE#         205
  -------         ENDPROC       _LCD_READ_IC_ID
  -------         PROC          _WRITECOMM
  D:0004H         SYMBOL        i
  -------         DO            
  D:0003H         SYMBOL        j
  X:0079H         SYMBOL        DataH
  -------         ENDDO         
  C:3933H         LINE#         208
  C:3937H         LINE#         209
  C:3937H         LINE#         211
  C:393BH         LINE#         212
  C:393DH         LINE#         276
  C:393DH         LINE#         303
  C:393FH         LINE#         304
  C:3941H         LINE#         305
  C:3941H         LINE#         306
  C:3945H         LINE#         307
  C:3949H         LINE#         309
  C:394BH         LINE#         310
  C:3952H         LINE#         311
  C:3954H         LINE#         312
  C:3956H         LINE#         314
  C:395BH         LINE#         316
  C:395BH         LINE#         319
  C:395DH         LINE#         320
  -------         ENDPROC       _WRITECOMM
  -------         PROC          L?0467
  -------         ENDPROC       L?0467
  -------         PROC          _WRITEDATA
  D:0004H         SYMBOL        i
  -------         DO            
  D:0003H         SYMBOL        j
  X:0079H         SYMBOL        DataH
  -------         ENDDO         
  C:38DBH         LINE#         322
  C:38DFH         LINE#         323
  C:38DFH         LINE#         325
  C:38E3H         LINE#         326
  C:38E5H         LINE#         467
  C:38E5H         LINE#         498
  C:38E7H         LINE#         499
  C:38E9H         LINE#         500
  C:38E9H         LINE#         501
  C:38EDH         LINE#         502
  C:38F1H         LINE#         504
  C:38F3H         LINE#         505
  C:38FAH         LINE#         506
  C:38FCH         LINE#         507
  C:38FEH         LINE#         509
  C:3903H         LINE#         511
BL51 BANKED LINKER/LOCATER V6.22                                                      04/08/2022  13:54:28  PAGE 23


  C:3903H         LINE#         514
  C:3905H         LINE#         515
  -------         ENDPROC       _WRITEDATA
  C:0003H         SYMBOL        L?0466
  -------         PROC          L?0465
  -------         ENDPROC       L?0465
  C:0003H         SYMBOL        L?0466
  -------         PROC          _WRITEDISPDATA
  D:0007H         SYMBOL        DataH
  D:0005H         SYMBOL        DataL
  -------         DO            
  D:0006H         SYMBOL        j
  -------         ENDDO         
  C:0018H         LINE#         517
  C:0018H         LINE#         518
  C:0018H         LINE#         520
  C:001AH         LINE#         594
  C:001AH         LINE#         595
  C:001CH         LINE#         596
  C:001EH         LINE#         597
  C:001EH         LINE#         598
  C:0022H         LINE#         599
  C:0024H         LINE#         600
  C:0026H         LINE#         601
  C:0028H         LINE#         602
  C:002DH         LINE#         604
  C:002FH         LINE#         605
  C:0031H         LINE#         606
  C:0031H         LINE#         607
  C:0035H         LINE#         608
  C:0037H         LINE#         609
  C:0039H         LINE#         610
  C:003BH         LINE#         611
  C:0040H         LINE#         636
  C:0040H         LINE#         639
  C:0042H         LINE#         640
  -------         ENDPROC       _WRITEDISPDATA
  -------         PROC          _WRITEONEDOT
  D:0004H         SYMBOL        color
  C:3B1DH         LINE#         642
  C:3B21H         LINE#         643
  C:3B21H         LINE#         656
  -------         ENDPROC       _WRITEONEDOT
  -------         PROC          LCD_INIT
  C:1D91H         LINE#         665
  C:1D91H         LINE#         666
  C:1D91H         LINE#         667
  C:1D94H         LINE#         670
  C:1D96H         LINE#         671
  C:1D9DH         LINE#         673
  C:1D9FH         LINE#         674
  C:1DA6H         LINE#         676
  C:1DA8H         LINE#         677
  C:1DAFH         LINE#         4988
  C:1DB6H         LINE#         4992
  C:1DBBH         LINE#         4993
  C:1DC0H         LINE#         4995
BL51 BANKED LINKER/LOCATER V6.22                                                      04/08/2022  13:54:28  PAGE 24


  C:1DC7H         LINE#         4996
  C:1DCCH         LINE#         4998
  C:1DD1H         LINE#         4999
  C:1DD6H         LINE#         5001
  C:1DDBH         LINE#         5002
  C:1DE0H         LINE#         5003
  C:1DE3H         LINE#         5004
  C:1DE8H         LINE#         5005
  C:1DEDH         LINE#         5006
  C:1DF0H         LINE#         5008
  C:1DF5H         LINE#         5009
  C:1DFAH         LINE#         5011
  C:1DFFH         LINE#         5012
  C:1E04H         LINE#         5014
  C:1E09H         LINE#         5015
  C:1E0EH         LINE#         5017
  C:1E13H         LINE#         5018
  C:1E18H         LINE#         5020
  C:1E1DH         LINE#         5021
  C:1E22H         LINE#         5023
  C:1E27H         LINE#         5024
  C:1E2CH         LINE#         5026
  C:1E31H         LINE#         5027
  C:1E36H         LINE#         5029
  C:1E3BH         LINE#         5030
  C:1E40H         LINE#         5031
  C:1E45H         LINE#         5033
  C:1E4AH         LINE#         5034
  C:1E4FH         LINE#         5036
  C:1E54H         LINE#         5037
  C:1E59H         LINE#         5038
  C:1E5EH         LINE#         5039
  C:1E63H         LINE#         5040
  C:1E68H         LINE#         5041
  C:1E6DH         LINE#         5042
  C:1E72H         LINE#         5043
  C:1E77H         LINE#         5044
  C:1E7CH         LINE#         5045
  C:1E81H         LINE#         5046
  C:1E86H         LINE#         5047
  C:1E8BH         LINE#         5048
  C:1E8EH         LINE#         5049
  C:1E93H         LINE#         5050
  C:1E98H         LINE#         5052
  C:1E9DH         LINE#         5053
  C:1EA2H         LINE#         5054
  C:1EA7H         LINE#         5055
  C:1EACH         LINE#         5056
  C:1EB1H         LINE#         5057
  C:1EB5H         LINE#         5058
  C:1EBAH         LINE#         5059
  C:1EBFH         LINE#         5060
  C:1EC4H         LINE#         5061
  C:1EC9H         LINE#         5062
  C:1ECCH         LINE#         5063
  C:1ED1H         LINE#         5064
  C:1ED5H         LINE#         5065
BL51 BANKED LINKER/LOCATER V6.22                                                      04/08/2022  13:54:28  PAGE 25


  C:1EDAH         LINE#         5066
  C:1EDFH         LINE#         5068
  C:1EE4H         LINE#         5069
  C:1EE9H         LINE#         5070
  C:1EEEH         LINE#         5071
  C:1EF1H         LINE#         5073
  C:1EF6H         LINE#         5074
  C:1EFBH         LINE#         5082
  -------         ENDPROC       LCD_INIT
  C:2C0EH         SYMBOL        L?0459
  C:2C16H         SYMBOL        L?0460
  C:2C1DH         SYMBOL        L?0461
  -------         PROC          L?0458
  -------         ENDPROC       L?0458
  C:2C0EH         SYMBOL        L?0459
  C:2C16H         SYMBOL        L?0460
  C:2C1DH         SYMBOL        L?0461
  -------         PROC          _?BLOCKWRITE
  p:0000H         SYMBOL        Xstart
  p:0002H         SYMBOL        Xend
  p:0004H         SYMBOL        Ystart
  p:0006H         SYMBOL        Yend
  C:2C27H         LINE#         6841
  C:2C48H         LINE#         6928
  C:2C4FH         LINE#         6929
  C:2C56H         LINE#         6930
  C:2C5EH         LINE#         6931
  C:2C69H         LINE#         6932
  C:2C73H         LINE#         6934
  C:2C78H         LINE#         6935
  C:2C82H         LINE#         6936
  C:2C89H         LINE#         6937
  C:2C95H         LINE#         6938
  C:2C9CH         LINE#         6939
  C:2CA3H         LINE#         7008
  C:2CA6H         LINE#         7011
  -------         ENDPROC       _?BLOCKWRITE
  -------         PROC          _DISPCOLOR
  D:0004H         SYMBOL        color
  -------         DO            
  X:0058H         SYMBOL        i
  D:0002H         SYMBOL        m
  X:005AH         SYMBOL        DataH
  X:005BH         SYMBOL        DataL
  -------         ENDDO         
  C:0046H         LINE#         7125
  C:0048H         LINE#         7126
  C:0048H         LINE#         7129
  C:004EH         LINE#         7131
  C:0051H         LINE#         7133
  C:0053H         LINE#         7134
  C:0059H         LINE#         7135
  C:0059H         LINE#         7136
  C:005CH         LINE#         7137
  C:005CH         LINE#         7138
  C:0066H         LINE#         7139
  C:0071H         LINE#         7140
BL51 BANKED LINKER/LOCATER V6.22                                                      04/08/2022  13:54:28  PAGE 26


  C:0087H         LINE#         7142
  C:0089H         LINE#         7143
  -------         ENDPROC       _DISPCOLOR
  -------         PROC          DISPFRAME
  -------         DO            
  D:0002H         SYMBOL        i
  X:0058H         SYMBOL        j
  D:0001H         SYMBOL        DataH
  D:0004H         SYMBOL        DataL
  -------         ENDDO         
  C:2B63H         LINE#         7145
  C:2B63H         LINE#         7146
  C:2B63H         LINE#         7149
  C:2B66H         LINE#         7151
  C:2B68H         LINE#         7154
  C:2B6CH         LINE#         7155
  C:2B72H         LINE#         7157
  C:2B74H         LINE#         7158
  C:2B74H         LINE#         7159
  C:2B78H         LINE#         7160
  C:2B7FH         LINE#         7161
  C:2B8AH         LINE#         7163
  C:2B8EH         LINE#         7164
  C:2B94H         LINE#         7166
  C:2B9AH         LINE#         7167
  C:2B9AH         LINE#         7168
  C:2B9EH         LINE#         7169
  C:2BA4H         LINE#         7171
  C:2BA7H         LINE#         7172
  C:2BA7H         LINE#         7173
  C:2BAAH         LINE#         7174
  C:2BAFH         LINE#         7175
  C:2BBAH         LINE#         7177
  C:2BBEH         LINE#         7178
  C:2BC4H         LINE#         7180
  C:2BDAH         LINE#         7182
  C:2BDEH         LINE#         7183
  C:2BE4H         LINE#         7185
  C:2BE7H         LINE#         7186
  C:2BE7H         LINE#         7187
  C:2BEBH         LINE#         7188
  C:2BF2H         LINE#         7189
  C:2BFDH         LINE#         7191
  C:2C01H         LINE#         7192
  C:2C07H         LINE#         7194
  C:2C0AH         LINE#         7195
  C:2C0CH         LINE#         7196
  -------         ENDPROC       DISPFRAME
  -------         PROC          DISPBAND
  -------         DO            
  D:0002H         SYMBOL        i
  X:0058H         SYMBOL        j
  X:0059H         SYMBOL        k
  X:005AH         SYMBOL        m
  X:005BH         SYMBOL        n
  X:005CH         SYMBOL        x
  -------         ENDDO         
BL51 BANKED LINKER/LOCATER V6.22                                                      04/08/2022  13:54:28  PAGE 27


  C:1C00H         LINE#         7198
  C:1C00H         LINE#         7199
  C:1C00H         LINE#         7202
  C:1C09H         LINE#         7203
  C:1C12H         LINE#         7204
  C:1C14H         LINE#         7206
  C:1C1DH         LINE#         7207
  C:1C2BH         LINE#         7208
  C:1C2BH         LINE#         7209
  C:1C46H         LINE#         7210
  C:1C61H         LINE#         7211
  C:1C8DH         LINE#         7212
  C:1C94H         LINE#         7213
  C:1CA3H         LINE#         7214
  C:1CA3H         LINE#         7215
  C:1CBEH         LINE#         7216
  C:1CD9H         LINE#         7217
  C:1D05H         LINE#         7218
  C:1D0CH         LINE#         7219
  C:1D22H         LINE#         7220
  C:1D22H         LINE#         7221
  C:1D3DH         LINE#         7222
  C:1D58H         LINE#         7223
  C:1D84H         LINE#         7224
  C:1D8BH         LINE#         7226
  C:1D8DH         LINE#         7227
  C:1D90H         LINE#         7229
  -------         ENDPROC       DISPBAND
  -------         PROC          _DISPPIC
  D:0006H         SYMBOL        picture
  -------         DO            
  X:0014H         SYMBOL        p
  X:0017H         SYMBOL        n
  -------         ENDDO         
  C:34E6H         LINE#         7232
  C:34E6H         LINE#         7233
  C:34E6H         LINE#         7236
  C:34F5H         LINE#         7237
  C:34F5H         LINE#         7238
  C:34F5H         LINE#         7240
  C:3506H         LINE#         7242
  C:3519H         LINE#         7243
  C:3519H         LINE#         7244
  C:3539H         LINE#         7245
  C:3546H         LINE#         7247
  -------         ENDPROC       _DISPPIC
  -------         PROC          _DISPPICFROMSD
  X:0019H         SYMBOL        PicNum
  -------         DO            
  X:001AH         SYMBOL        Address_S
  X:001EH         SYMBOL        Address_E
  D:0002H         SYMBOL        i
  X:0022H         SYMBOL        k
  -------         ENDDO         
  C:2617H         LINE#         7251
  C:261AH         LINE#         7252
  C:261AH         LINE#         7258
BL51 BANKED LINKER/LOCATER V6.22                                                      04/08/2022  13:54:28  PAGE 28


  C:261DH         LINE#         7261
  C:261FH         LINE#         7263
  C:2621H         LINE#         7265
  C:262AH         LINE#         7266
  C:2655H         LINE#         7267
  C:267EH         LINE#         7268
  C:26A1H         LINE#         7269
  C:26A1H         LINE#         7270
  C:26B1H         LINE#         7272
  C:26BAH         LINE#         7273
  C:26BAH         LINE#         7275
  C:26D5H         LINE#         7276
  C:26DEH         LINE#         7277
  C:26FDH         LINE#         7279
  C:26FFH         LINE#         7317
  -------         ENDPROC       _DISPPICFROMSD
  -------         PROC          DISPSCALEHOR1
  -------         DO            
  X:0026H         SYMBOL        i
  X:0028H         SYMBOL        j
  D:0002H         SYMBOL        k
  -------         ENDDO         
  C:1644H         LINE#         7322
  C:1644H         LINE#         7323
  C:1644H         LINE#         7326
  C:1647H         LINE#         7329
  C:1649H         LINE#         7330
  C:1649H         LINE#         7331
  C:166BH         LINE#         7332
  C:1671H         LINE#         7333
  C:1671H         LINE#         7334
  C:1677H         LINE#         7335
  C:1677H         LINE#         7336
  C:168CH         LINE#         7337
  C:16A2H         LINE#         7338
  C:16B8H         LINE#         7340
  C:16C3H         LINE#         7343
  C:16C6H         LINE#         7344
  C:16C6H         LINE#         7345
  C:16E8H         LINE#         7346
  C:16EEH         LINE#         7347
  C:16EEH         LINE#         7348
  C:16F4H         LINE#         7349
  C:16F4H         LINE#         7350
  C:171FH         LINE#         7351
  C:1735H         LINE#         7352
  C:174BH         LINE#         7353
  C:1759H         LINE#         7356
  C:175CH         LINE#         7357
  C:175CH         LINE#         7358
  C:177EH         LINE#         7359
  C:1784H         LINE#         7360
  C:1784H         LINE#         7361
  C:178AH         LINE#         7362
  C:178AH         LINE#         7363
  C:1794H         LINE#         7364
  C:17AAH         LINE#         7365
BL51 BANKED LINKER/LOCATER V6.22                                                      04/08/2022  13:54:28  PAGE 29


  C:17C0H         LINE#         7366
  C:17CBH         LINE#         7369
  C:17CEH         LINE#         7370
  C:17CEH         LINE#         7371
  C:17F0H         LINE#         7372
  C:17F6H         LINE#         7373
  C:17F6H         LINE#         7374
  C:17FCH         LINE#         7375
  C:17FCH         LINE#         7376
  C:182FH         LINE#         7377
  C:1845H         LINE#         7378
  C:185BH         LINE#         7379
  C:1869H         LINE#         7380
  C:186BH         LINE#         7381
  -------         ENDPROC       DISPSCALEHOR1
  -------         PROC          DISPSCALEVER
  -------         DO            
  X:002AH         SYMBOL        i
  X:002CH         SYMBOL        j
  D:0002H         SYMBOL        k
  -------         ENDDO         
  C:22C3H         LINE#         7383
  C:22C3H         LINE#         7384
  C:22C3H         LINE#         7453
  C:22C6H         LINE#         7455
  C:22C8H         LINE#         7456
  C:22C8H         LINE#         7457
  C:22CEH         LINE#         7458
  C:22CEH         LINE#         7459
  C:22D4H         LINE#         7460
  C:22EAH         LINE#         7461
  C:22F5H         LINE#         7463
  C:22F8H         LINE#         7464
  C:22F8H         LINE#         7466
  C:22FEH         LINE#         7467
  C:22FEH         LINE#         7469
  C:2304H         LINE#         7470
  C:2304H         LINE#         7471
  C:2316H         LINE#         7472
  C:232CH         LINE#         7474
  C:2332H         LINE#         7475
  C:2332H         LINE#         7476
  C:235AH         LINE#         7477
  C:2370H         LINE#         7479
  C:2376H         LINE#         7480
  C:2376H         LINE#         7481
  C:237DH         LINE#         7482
  C:2393H         LINE#         7484
  C:2399H         LINE#         7485
  C:2399H         LINE#         7486
  C:23ADH         LINE#         7487
  C:23C3H         LINE#         7489
  C:23DCH         LINE#         7491
  C:23EAH         LINE#         7493
  -------         ENDPROC       DISPSCALEVER
  -------         PROC          DISPSCALEVER_RED
  -------         DO            
BL51 BANKED LINKER/LOCATER V6.22                                                      04/08/2022  13:54:28  PAGE 30


  X:002EH         SYMBOL        i
  X:0030H         SYMBOL        j
  D:0002H         SYMBOL        k
  -------         ENDDO         
  C:2E7EH         LINE#         7495
  C:2E7EH         LINE#         7496
  C:2E7EH         LINE#         7499
  C:2E81H         LINE#         7501
  C:2E83H         LINE#         7503
  C:2E85H         LINE#         7506
  C:2E87H         LINE#         7507
  C:2E87H         LINE#         7508
  C:2E8DH         LINE#         7509
  C:2E8DH         LINE#         7510
  C:2E93H         LINE#         7511
  C:2EA9H         LINE#         7512
  C:2EB4H         LINE#         7514
  C:2EB7H         LINE#         7515
  C:2EB7H         LINE#         7516
  C:2EBDH         LINE#         7517
  C:2EBDH         LINE#         7519
  C:2EC3H         LINE#         7520
  C:2EC3H         LINE#         7521
  C:2ED5H         LINE#         7522
  C:2EEBH         LINE#         7523
  C:2F01H         LINE#         7525
  C:2F0CH         LINE#         7527
  C:2F0EH         LINE#         7528
  -------         ENDPROC       DISPSCALEVER_RED
  -------         PROC          DISPSCALEVER_GREEN
  -------         DO            
  X:0032H         SYMBOL        i
  X:0034H         SYMBOL        j
  D:0002H         SYMBOL        k
  -------         ENDDO         
  C:2CADH         LINE#         7530
  C:2CADH         LINE#         7531
  C:2CADH         LINE#         7534
  C:2CB0H         LINE#         7536
  C:2CB2H         LINE#         7537
  C:2CB4H         LINE#         7540
  C:2CB6H         LINE#         7541
  C:2CB6H         LINE#         7542
  C:2CBCH         LINE#         7543
  C:2CBCH         LINE#         7544
  C:2CC2H         LINE#         7546
  C:2CD8H         LINE#         7547
  C:2CE3H         LINE#         7549
  C:2CE6H         LINE#         7550
  C:2CE6H         LINE#         7551
  C:2CECH         LINE#         7552
  C:2CECH         LINE#         7554
  C:2CF2H         LINE#         7555
  C:2CF2H         LINE#         7557
  C:2D13H         LINE#         7558
  C:2D29H         LINE#         7559
  C:2D3FH         LINE#         7561
BL51 BANKED LINKER/LOCATER V6.22                                                      04/08/2022  13:54:28  PAGE 31


  C:2D4AH         LINE#         7563
  C:2D4CH         LINE#         7564
  -------         ENDPROC       DISPSCALEVER_GREEN
  -------         PROC          DISPSCALEVER_BLUE
  -------         DO            
  X:0036H         SYMBOL        i
  X:0038H         SYMBOL        j
  D:0002H         SYMBOL        k
  -------         ENDDO         
  C:30BCH         LINE#         7566
  C:30BCH         LINE#         7567
  C:30BCH         LINE#         7570
  C:30BFH         LINE#         7572
  C:30C1H         LINE#         7573
  C:30C3H         LINE#         7576
  C:30C5H         LINE#         7577
  C:30C5H         LINE#         7578
  C:30CBH         LINE#         7579
  C:30CBH         LINE#         7580
  C:30D1H         LINE#         7581
  C:30E7H         LINE#         7582
  C:30F2H         LINE#         7584
  C:30F5H         LINE#         7585
  C:30F5H         LINE#         7586
  C:30FBH         LINE#         7587
  C:30FBH         LINE#         7589
  C:3101H         LINE#         7590
  C:3101H         LINE#         7591
  C:3108H         LINE#         7592
  C:311EH         LINE#         7593
  C:3134H         LINE#         7595
  C:313FH         LINE#         7597
  C:3141H         LINE#         7598
  -------         ENDPROC       DISPSCALEVER_BLUE
  -------         PROC          DISPSCALEVER_GRAY
  -------         DO            
  X:003AH         SYMBOL        i
  X:003CH         SYMBOL        j
  D:0002H         SYMBOL        k
  -------         ENDDO         
  C:2F0FH         LINE#         7600
  C:2F0FH         LINE#         7601
  C:2F0FH         LINE#         7604
  C:2F12H         LINE#         7606
  C:2F14H         LINE#         7611
  C:2F16H         LINE#         7612
  C:2F16H         LINE#         7613
  C:2F1CH         LINE#         7614
  C:2F1CH         LINE#         7615
  C:2F22H         LINE#         7617
  C:2F38H         LINE#         7618
  C:2F43H         LINE#         7620
  C:2F46H         LINE#         7621
  C:2F46H         LINE#         7622
  C:2F4CH         LINE#         7623
  C:2F4CH         LINE#         7625
  C:2F52H         LINE#         7626
BL51 BANKED LINKER/LOCATER V6.22                                                      04/08/2022  13:54:28  PAGE 32


  C:2F52H         LINE#         7627
  C:2F66H         LINE#         7628
  C:2F7CH         LINE#         7629
  C:2F92H         LINE#         7631
  C:2F9DH         LINE#         7633
  C:2F9FH         LINE#         7634
  -------         ENDPROC       DISPSCALEVER_GRAY
  -------         PROC          DISPGRAYHOR16
  -------         DO            
  X:0058H         SYMBOL        i
  D:0002H         SYMBOL        j
  X:005AH         SYMBOL        k
  -------         ENDDO         
  C:2D4DH         LINE#         7636
  C:2D4DH         LINE#         7637
  C:2D4DH         LINE#         7640
  C:2D50H         LINE#         7642
  C:2D52H         LINE#         7643
  C:2D54H         LINE#         7645
  C:2D5AH         LINE#         7646
  C:2D5AH         LINE#         7647
  C:2D63H         LINE#         7648
  C:2D63H         LINE#         7649
  C:2D69H         LINE#         7650
  C:2D70H         LINE#         7652
  C:2D73H         LINE#         7653
  C:2D73H         LINE#         7654
  C:2D79H         LINE#         7655
  C:2D79H         LINE#         7656
  C:2DABH         LINE#         7657
  C:2DC1H         LINE#         7658
  C:2DCCH         LINE#         7659
  C:2DE5H         LINE#         7661
  C:2DE7H         LINE#         7662
  -------         ENDPROC       DISPGRAYHOR16
  -------         PROC          DISPGRAYHOR32
  -------         DO            
  X:003EH         SYMBOL        i
  D:0002H         SYMBOL        j
  X:0040H         SYMBOL        k
  -------         ENDDO         
  C:3245H         LINE#         7664
  C:3245H         LINE#         7665
  C:3245H         LINE#         7668
  C:3248H         LINE#         7670
  C:324AH         LINE#         7672
  C:3250H         LINE#         7673
  C:3250H         LINE#         7674
  C:3253H         LINE#         7675
  C:3253H         LINE#         7676
  C:3259H         LINE#         7677
  C:3264H         LINE#         7679
  C:3267H         LINE#         7680
  C:3267H         LINE#         7681
  C:326DH         LINE#         7682
  C:326DH         LINE#         7683
  C:3281H         LINE#         7684
BL51 BANKED LINKER/LOCATER V6.22                                                      04/08/2022  13:54:28  PAGE 33


  C:3297H         LINE#         7685
  C:32A2H         LINE#         7686
  C:32B8H         LINE#         7688
  C:32BAH         LINE#         7689
  -------         ENDPROC       DISPGRAYHOR32
  -------         PROC          DISPSCALEHOR2
  -------         DO            
  X:0042H         SYMBOL        j
  D:0002H         SYMBOL        k
  -------         ENDDO         
  C:1A44H         LINE#         7691
  C:1A44H         LINE#         7692
  C:1A44H         LINE#         7695
  C:1A47H         LINE#         7697
  C:1A49H         LINE#         7698
  C:1A49H         LINE#         7699
  C:1A4FH         LINE#         7700
  C:1A6CH         LINE#         7701
  C:1A77H         LINE#         7702
  C:1A7AH         LINE#         7703
  C:1A7AH         LINE#         7704
  C:1A80H         LINE#         7705
  C:1A9DH         LINE#         7706
  C:1AA8H         LINE#         7707
  C:1AABH         LINE#         7708
  C:1AABH         LINE#         7709
  C:1AB1H         LINE#         7710
  C:1ACEH         LINE#         7711
  C:1AD9H         LINE#         7712
  C:1ADCH         LINE#         7713
  C:1ADCH         LINE#         7714
  C:1AE2H         LINE#         7715
  C:1AFFH         LINE#         7716
  C:1B0AH         LINE#         7717
  C:1B0DH         LINE#         7718
  C:1B0DH         LINE#         7719
  C:1B13H         LINE#         7720
  C:1B30H         LINE#         7721
  C:1B3BH         LINE#         7722
  C:1B3EH         LINE#         7723
  C:1B3EH         LINE#         7724
  C:1B44H         LINE#         7725
  C:1B61H         LINE#         7726
  C:1B6CH         LINE#         7727
  C:1B6FH         LINE#         7728
  C:1B6FH         LINE#         7729
  C:1B75H         LINE#         7730
  C:1B92H         LINE#         7731
  C:1B9DH         LINE#         7732
  C:1BA0H         LINE#         7733
  C:1BA0H         LINE#         7734
  C:1BA6H         LINE#         7735
  C:1BC2H         LINE#         7736
  C:1BCDH         LINE#         7737
  C:1BD6H         LINE#         7738
  C:1BD6H         LINE#         7739
  C:1BDCH         LINE#         7740
BL51 BANKED LINKER/LOCATER V6.22                                                      04/08/2022  13:54:28  PAGE 34


  C:1BF8H         LINE#         7741
  C:1BFFH         LINE#         7743
  -------         ENDPROC       DISPSCALEHOR2
  -------         PROC          _TOORD
  D:0007H         SYMBOL        ch
  C:3547H         LINE#         7848
  C:3547H         LINE#         7849
  C:3547H         LINE#         7850
  C:354DH         LINE#         7851
  C:354DH         LINE#         7852
  C:354FH         LINE#         7853
  C:3551H         LINE#         7854
  C:355DH         LINE#         7855
  C:355DH         LINE#         7856
  C:3561H         LINE#         7857
  C:3563H         LINE#         7858
  C:356FH         LINE#         7859
  C:356FH         LINE#         7860
  C:3573H         LINE#         7861
  C:3575H         LINE#         7862
  C:3581H         LINE#         7863
  C:3581H         LINE#         7864
  C:3585H         LINE#         7865
  C:3587H         LINE#         7866
  C:3593H         LINE#         7867
  C:3593H         LINE#         7868
  C:3597H         LINE#         7869
  C:3599H         LINE#         7870
  C:359FH         LINE#         7871
  C:359FH         LINE#         7872
  C:35A1H         LINE#         7873
  C:35A1H         LINE#         7875
  C:35A1H         LINE#         7876
  -------         ENDPROC       _TOORD
  C:27D5H         SYMBOL        L?0463
  C:27EDH         SYMBOL        L?0464
  -------         PROC          L?0462
  -------         ENDPROC       L?0462
  C:27D5H         SYMBOL        L?0463
  C:27EDH         SYMBOL        L?0464
  -------         PROC          _DISPONECHAR
  X:006CH         SYMBOL        ord
  D:0006H         SYMBOL        Xstart
  D:0002H         SYMBOL        Ystart
  X:0071H         SYMBOL        TextColor
  X:0073H         SYMBOL        BackColor
  -------         DO            
  X:0075H         SYMBOL        i
  D:0002H         SYMBOL        j
  X:0076H         SYMBOL        p
  D:0003H         SYMBOL        dat
  D:0006H         SYMBOL        index
  -------         ENDDO         
  C:27FDH         LINE#         7878
  C:2805H         LINE#         7879
  C:2805H         LINE#         7885
  C:281FH         LINE#         7887
BL51 BANKED LINKER/LOCATER V6.22                                                      04/08/2022  13:54:28  PAGE 35


  C:2825H         LINE#         7889
  C:282DH         LINE#         7890
  C:282FH         LINE#         7892
[...]
  C:1338H         LINE#         321
BL51 BANKED LINKER/LOCATER V6.22                                                      04/08/2022  13:54:28  PAGE 43


  C:1347H         LINE#         322
  C:1347H         LINE#         323
  C:135CH         LINE#         324
  C:1361H         LINE#         325
  C:1369H         LINE#         326
  C:1373H         LINE#         327
  C:1381H         LINE#         328
  C:138FH         LINE#         329
  C:1391H         LINE#         331
  C:1391H         LINE#         332
  C:1396H         LINE#         333
  C:1399H         LINE#         334
  C:13B1H         LINE#         335
  C:13B1H         LINE#         336
  C:13CAH         LINE#         337
  C:13CFH         LINE#         338
  C:13D7H         LINE#         339
  C:13DEH         LINE#         340
  C:13E3H         LINE#         341
  C:13E3H         LINE#         342
  C:13F7H         LINE#         343
  C:13F7H         LINE#         344
  C:13FEH         LINE#         345
  C:1403H         LINE#         346
  C:1403H         LINE#         347
  C:1411H         LINE#         348
  C:1411H         LINE#         349
  -------         ENDPROC       USBXCORE_HANDLE_SETUP
  -------         PROC          USBXCORE_FORCE_STALL
  C:3A5EH         LINE#         356
  C:3A5EH         LINE#         358
  C:3A69H         LINE#         359
  C:3A74H         LINE#         360
  C:3A7AH         LINE#         361
  -------         ENDPROC       USBXCORE_FORCE_STALL
  -------         PROC          USBXCORE_GET_STATUS
  C:33A3H         LINE#         367
  C:33A3H         LINE#         369
  C:33B2H         LINE#         370
  C:33B2H         LINE#         371
  C:33B2H         LINE#         372
  C:33B2H         LINE#         373
  C:33B2H         LINE#         374
  C:33B4H         LINE#         375
  C:33B4H         LINE#         379
  C:33B4H         LINE#         381
  C:33C2H         LINE#         385
  C:33C2H         LINE#         386
  C:33C2H         LINE#         387
  C:33C2H         LINE#         388
  C:33C4H         LINE#         390
  C:33C4H         LINE#         392
  C:33D2H         LINE#         396
  C:33D2H         LINE#         397
  C:33DFH         LINE#         398
  C:33DFH         LINE#         399
  C:33E1H         LINE#         401
BL51 BANKED LINKER/LOCATER V6.22                                                      04/08/2022  13:54:28  PAGE 44


  C:33E1H         LINE#         402
  C:33EFH         LINE#         403
  C:33F8H         LINE#         404
  C:33F8H         LINE#         405
  C:33F8H         LINE#         406
  C:33FAH         LINE#         407
  C:33FAH         LINE#         408
  C:33FDH         LINE#         409
  C:33FDH         LINE#         410
  C:33FDH         LINE#         411
  C:3405H         LINE#         412
  C:3405H         LINE#         413
  C:3408H         LINE#         414
  C:340EH         LINE#         415
  C:3415H         LINE#         416
  C:3415H         LINE#         417
  -------         ENDPROC       USBXCORE_GET_STATUS
  -------         PROC          USBXCORE_CLEAR_FEATURE
  C:35FCH         LINE#         423
  C:35FCH         LINE#         425
  C:3602H         LINE#         426
  C:3602H         LINE#         428
  C:3609H         LINE#         429
  C:3609H         LINE#         430
  C:3614H         LINE#         436
  C:361FH         LINE#         437
  C:3624H         LINE#         438
  C:3626H         LINE#         440
  C:3626H         LINE#         442
  C:3631H         LINE#         446
  C:363CH         LINE#         447
  C:3641H         LINE#         448
  C:3641H         LINE#         449
  C:3643H         LINE#         451
  C:3643H         LINE#         452
  C:3646H         LINE#         453
  C:3646H         LINE#         454
  C:3651H         LINE#         455
  -------         ENDPROC       USBXCORE_CLEAR_FEATURE
  -------         PROC          USBXCORE_VENDOR_USB_API
  C:2700H         LINE#         462
  C:2700H         LINE#         464
  C:270AH         LINE#         465
  C:270AH         LINE#         466
  C:2711H         LINE#         467
  C:2711H         LINE#         468
  C:2714H         LINE#         469
  C:2717H         LINE#         470
  C:2719H         LINE#         472
  C:2719H         LINE#         473
  C:2720H         LINE#         474
  C:2720H         LINE#         477
  C:272BH         LINE#         482
  C:2736H         LINE#         483
  C:2741H         LINE#         485
  C:2741H         LINE#         486
  C:2754H         LINE#         487
BL51 BANKED LINKER/LOCATER V6.22                                                      04/08/2022  13:54:28  PAGE 45


  C:2754H         LINE#         488
  C:2758H         LINE#         489
  C:2763H         LINE#         491
  C:2763H         LINE#         492
  C:2776H         LINE#         493
  C:2776H         LINE#         494
  C:277AH         LINE#         495
  C:2785H         LINE#         497
  C:278BH         LINE#         498
  C:2793H         LINE#         499
  C:2793H         LINE#         500
  C:2796H         LINE#         501
  C:2796H         LINE#         502
  C:2796H         LINE#         503
  C:27A1H         LINE#         504
  C:27A1H         LINE#         505
  C:27A7H         LINE#         506
  C:27AEH         LINE#         507
  C:27AEH         LINE#         508
  C:27B2H         LINE#         509
  C:27B2H         LINE#         510
  C:27B8H         LINE#         511
  C:27BFH         LINE#         512
  C:27BFH         LINE#         513
  C:27CAH         LINE#         514
  -------         ENDPROC       USBXCORE_VENDOR_USB_API
  -------         PROC          USBXCORE_SET_FEATURE
  C:3654H         LINE#         521
  C:3654H         LINE#         523
  C:365AH         LINE#         524
  C:365AH         LINE#         526
  C:3661H         LINE#         527
  C:3661H         LINE#         528
  C:366CH         LINE#         534
  C:3677H         LINE#         535
  C:367AH         LINE#         536
  C:367CH         LINE#         538
  C:367CH         LINE#         540
  C:3687H         LINE#         544
  C:3692H         LINE#         545
  C:3698H         LINE#         546
  C:3698H         LINE#         548
  C:369AH         LINE#         550
  C:369AH         LINE#         551
  C:369DH         LINE#         552
  C:369DH         LINE#         553
  C:36A8H         LINE#         554
  -------         ENDPROC       USBXCORE_SET_FEATURE
  -------         PROC          USBXCORE_SET_ADDRESS
  C:3A1FH         LINE#         561
  C:3A1FH         LINE#         563
  C:3A2EH         LINE#         564
  C:3A34H         LINE#         565
  C:3A34H         LINE#         566
  C:3A37H         LINE#         567
  C:3A39H         LINE#         569
  C:3A39H         LINE#         570
BL51 BANKED LINKER/LOCATER V6.22                                                      04/08/2022  13:54:28  PAGE 46


  C:3A3CH         LINE#         571
  C:3A3CH         LINE#         572
  -------         ENDPROC       USBXCORE_SET_ADDRESS
  -------         PROC          USBXCORE_GET_DESCRIPTOR
  C:2A02H         LINE#         579
  C:2A02H         LINE#         580
  C:2A11H         LINE#         581
  C:2A11H         LINE#         582
  C:2A11H         LINE#         583
  C:2A1FH         LINE#         584
  C:2A23H         LINE#         585
  C:2A25H         LINE#         586
  C:2A25H         LINE#         587
  C:2A33H         LINE#         588
  C:2A46H         LINE#         589
  C:2A48H         LINE#         590
  C:2A48H         LINE#         591
  C:2A6CH         LINE#         592
  C:2A78H         LINE#         593
  C:2A7AH         LINE#         594
  C:2A7AH         LINE#         595
  C:2A7DH         LINE#         596
  C:2A7DH         LINE#         597
  C:2A7DH         LINE#         598
  C:2A93H         LINE#         599
  C:2A93H         LINE#         600
  C:2A9BH         LINE#         601
  C:2A9BH         LINE#         602
  C:2AA3H         LINE#         603
  C:2AA3H         LINE#         604
  C:2AA6H         LINE#         605
  C:2AACH         LINE#         606
  C:2AB3H         LINE#         607
  C:2AB3H         LINE#         608
  -------         ENDPROC       USBXCORE_GET_DESCRIPTOR
  -------         PROC          USBXCORE_GET_CONFIGURATION
  C:37A2H         LINE#         614
  C:37A2H         LINE#         616
  C:37AAH         LINE#         617
  C:37AAH         LINE#         618
  C:37B6H         LINE#         619
  C:37BEH         LINE#         620
  C:37BEH         LINE#         621
  C:37C2H         LINE#         622
  C:37C2H         LINE#         623
  C:37D0H         LINE#         624
  C:37D8H         LINE#         625
  C:37D8H         LINE#         626
  C:37DBH         LINE#         627
  C:37E1H         LINE#         628
  C:37E8H         LINE#         629
  -------         ENDPROC       USBXCORE_GET_CONFIGURATION
  -------         PROC          USBXCORE_SET_CONFIGURATION
  C:35A2H         LINE#         635
  C:35A2H         LINE#         637
  C:35ABH         LINE#         638
  C:35ABH         LINE#         639
BL51 BANKED LINKER/LOCATER V6.22                                                      04/08/2022  13:54:28  PAGE 47


  C:35B2H         LINE#         640
  C:35B8H         LINE#         641
  C:35BDH         LINE#         642
  C:35BFH         LINE#         644
  C:35CAH         LINE#         645
  C:35D5H         LINE#         646
  C:35E0H         LINE#         653
  C:35EBH         LINE#         654
  C:35EDH         LINE#         656
  C:35EDH         LINE#         657
  C:35F3H         LINE#         658
  C:35F7H         LINE#         659
  C:35F9H         LINE#         660
  C:35F9H         LINE#         661
  -------         ENDPROC       USBXCORE_SET_CONFIGURATION
  -------         PROC          USBXCORE_GET_INTERFACE
  C:39B0H         LINE#         668
  C:39B0H         LINE#         670
  C:39BEH         LINE#         671
  C:39C6H         LINE#         672
  C:39C9H         LINE#         673
  C:39CFH         LINE#         674
  C:39D6H         LINE#         675
  -------         ENDPROC       USBXCORE_GET_INTERFACE
  -------         PROC          USBXCORE_SET_SOP
  C:3AC0H         LINE#         682
  C:3AC0H         LINE#         684
  C:3AC8H         LINE#         685
  C:3AC8H         LINE#         686
  C:3AD3H         LINE#         687
  C:3AD3H         LINE#         688
  -------         ENDPROC       USBXCORE_SET_SOP
  -------         PROC          USBXCORE_USB_ISR
  C:1EFEH         LINE#         699
  C:1F1BH         LINE#         702
  C:1F21H         LINE#         703
  C:1F34H         LINE#         706
  C:1F47H         LINE#         709
  C:1F4BH         LINE#         710
  C:1F4BH         LINE#         711
  C:1F56H         LINE#         712
  C:1F56H         LINE#         714
  C:1F5DH         LINE#         715
  C:1F5DH         LINE#         716
  C:1F60H         LINE#         717
  C:1F60H         LINE#         719
  C:1F67H         LINE#         720
  C:1F67H         LINE#         721
  C:1F74H         LINE#         722
  C:1F74H         LINE#         723
  C:1F7BH         LINE#         724
  C:1F7BH         LINE#         725
  C:1F7BH         LINE#         727
  C:1F7BH         LINE#         728
  C:1F7BH         LINE#         730
  C:1F7BH         LINE#         732
  C:1F8EH         LINE#         734
BL51 BANKED LINKER/LOCATER V6.22                                                      04/08/2022  13:54:28  PAGE 48


  C:1F92H         LINE#         735
  C:1F92H         LINE#         736
  C:1F95H         LINE#         737
  C:1F95H         LINE#         740
  C:1F9CH         LINE#         741
  C:1F9CH         LINE#         742
  C:1FA7H         LINE#         748
  C:1FBAH         LINE#         749
  C:1FBFH         LINE#         750
  C:1FBFH         LINE#         751
  C:1FC6H         LINE#         752
  C:1FC6H         LINE#         754
  C:1FC6H         LINE#         756
  C:1FD9H         LINE#         759
  C:1FDDH         LINE#         760
  C:1FDDH         LINE#         761
  C:1FE8H         LINE#         767
  C:1FFBH         LINE#         768
  C:1FFFH         LINE#         769
  C:1FFFH         LINE#         770
  C:2006H         LINE#         771
  C:2006H         LINE#         772
  C:2006H         LINE#         775
  C:2014H         LINE#         776
  C:2019H         LINE#         777
  C:201FH         LINE#         778
  C:2024H         LINE#         781
  C:2031H         LINE#         782
  C:2031H         LINE#         783
  C:2034H         LINE#         784
  C:2034H         LINE#         785
  -------         ENDPROC       USBXCORE_USB_ISR
  -------         ENDMOD        USB_API

  -------         MODULE        USB_SUSPEND
  C:0000H         SYMBOL        _ICE_DUMMY_
  D:00D7H         PUBLIC        USB0XCN
  D:00C9H         PUBLIC        REG0CN
  C:395EH         PUBLIC        USB_Suspend
  D:00A9H         PUBLIC        CLKSEL
  D:00B2H         PUBLIC        OSCICN
  D:00B9H         PUBLIC        CLKMUL
  -------         PROC          USB_SUSPEND
  C:395EH         LINE#         70
  C:395EH         LINE#         72
  C:3961H         LINE#         74
  C:3964H         LINE#         76
  C:396CH         LINE#         79
  C:396FH         LINE#         80
  C:3972H         LINE#         81
  C:3975H         LINE#         82
  C:3978H         LINE#         84
  C:3979H         LINE#         86
  C:397CH         LINE#         88
  C:3982H         LINE#         92
  C:3985H         LINE#         94
  C:3988H         LINE#         95
BL51 BANKED LINKER/LOCATER V6.22                                                      04/08/2022  13:54:28  PAGE 49


  -------         ENDPROC       USB_SUSPEND
  -------         ENDMOD        USB_SUSPEND

  -------         MODULE        USB_INT_ENABLE
  C:0000H         SYMBOL        _ICE_DUMMY_
  C:3A7BH         PUBLIC        USB_Int_Enable
  D:0096H         PUBLIC        USB0ADR
  D:0097H         PUBLIC        USB0DAT
  -------         PROC          USB_INT_ENABLE
  C:3A7BH         LINE#         68
  C:3A7BH         LINE#         71
  C:3A82H         LINE#         73
  C:3A88H         LINE#         74
  C:3A88H         LINE#         75
  C:3A93H         LINE#         77
  C:3A93H         LINE#         78
  -------         ENDPROC       USB_INT_ENABLE
  -------         ENDMOD        USB_INT_ENABLE

  -------         MODULE        USB_CLOCK_RECOVERY
  C:0000H         SYMBOL        _ICE_DUMMY_
  C:3B06H         PUBLIC        USBXcore_ClkRec
  D:0096H         PUBLIC        USB0ADR
  D:0097H         PUBLIC        USB0DAT
  -------         PROC          USBXCORE_CLKREC
  C:3B06H         LINE#         45
  C:3B06H         LINE#         47
  C:3B11H         LINE#         48
  -------         ENDPROC       USBXCORE_CLKREC
  -------         ENDMOD        USB_CLOCK_RECOVERY

  -------         MODULE        ?C?FPMUL
  C:0C9AH         PUBLIC        ?C?FPMUL
  -------         ENDMOD        ?C?FPMUL

  -------         MODULE        ?C?FCAST
  C:0DAAH         PUBLIC        ?C?FCASTC
  C:0DA5H         PUBLIC        ?C?FCASTI
  C:0DA0H         PUBLIC        ?C?FCASTL
  -------         ENDMOD        ?C?FCAST

  -------         MODULE        ?C?CASTF
  C:0DDEH         PUBLIC        ?C?CASTF
  -------         ENDMOD        ?C?CASTF

  -------         MODULE        ?C?COPY
  C:0F2FH         PUBLIC        ?C?COPY
  -------         ENDMOD        ?C?COPY

  -------         MODULE        ?C?CLDPTR
  C:0F55H         PUBLIC        ?C?CLDPTR
  -------         ENDMOD        ?C?CLDPTR

  -------         MODULE        ?C?CLDOPTR
  C:0F6EH         PUBLIC        ?C?CLDOPTR
  -------         ENDMOD        ?C?CLDOPTR

BL51 BANKED LINKER/LOCATER V6.22                                                      04/08/2022  13:54:28  PAGE 50


  -------         MODULE        ?C?IMUL
  C:0F9BH         PUBLIC        ?C?IMUL
  -------         ENDMOD        ?C?IMUL

  -------         MODULE        ?C?IILDX
  C:0FADH         PUBLIC        ?C?IILDX
  -------         ENDMOD        ?C?IILDX

  -------         MODULE        ?C?ILDOPTR
  C:0FC3H         PUBLIC        ?C?ILDOPTR
  -------         ENDMOD        ?C?ILDOPTR

  -------         MODULE        ?C?LMUL
  C:0FFBH         PUBLIC        ?C?LMUL
  -------         ENDMOD        ?C?LMUL

  -------         MODULE        ?C?ULDIV
  C:1086H         PUBLIC        ?C?ULDIV
  -------         ENDMOD        ?C?ULDIV

  -------         MODULE        ?C?LNEG
  C:1118H         PUBLIC        ?C?LNEG
  -------         ENDMOD        ?C?LNEG

  -------         MODULE        ?C?ULCMP
  C:1126H         PUBLIC        ?C?ULCMP
  -------         ENDMOD        ?C?ULCMP

  -------         MODULE        ?C?ULSHR
  C:1137H         PUBLIC        ?C?ULSHR
  -------         ENDMOD        ?C?ULSHR

  -------         MODULE        ?C?LSHL
  C:114AH         PUBLIC        ?C?LSHL
  -------         ENDMOD        ?C?LSHL

  -------         MODULE        ?C?LLDIPDATA
  C:1166H         PUBLIC        ?C?LLDIPDATA
  C:115DH         PUBLIC        ?C?LLDIPDATA1
  C:115FH         PUBLIC        ?C?LLDIPDATA8
  -------         ENDMOD        ?C?LLDIPDATA

  -------         MODULE        ?C?LSTXDATA
  C:117DH         PUBLIC        ?C?LSTXDATA
  -------         ENDMOD        ?C?LSTXDATA

  -------         MODULE        ?C?LSTPDATA
  C:1189H         PUBLIC        ?C?LSTPDATA
  -------         ENDMOD        ?C?LSTPDATA

  -------         MODULE        ?C?LSTKXDATA
  C:1195H         PUBLIC        ?C?LSTKXDATA
  -------         ENDMOD        ?C?LSTKXDATA

  -------         MODULE        ?C?LSTKPDATA
  C:11C6H         PUBLIC        ?C?LSTKPDATA
  -------         ENDMOD        ?C?LSTKPDATA
BL51 BANKED LINKER/LOCATER V6.22                                                      04/08/2022  13:54:28  PAGE 51



  -------         MODULE        ?C_PBP
  D:0008H         PUBLIC        ?C_PBP
  -------         ENDMOD        ?C_PBP

*** WARNING L14: INCOMPATIBLE MEMORY MODEL
    MODULE:  .\USBX_F34X.LIB (USB_API)
    MODEL:   SMALL

*** WARNING L14: INCOMPATIBLE MEMORY MODEL
    MODULE:  .\USBX_F34X.LIB (USB_SUSPEND)
    MODEL:   SMALL

*** WARNING L14: INCOMPATIBLE MEMORY MODEL
    MODULE:  .\USBX_F34X.LIB (USB_INT_ENABLE)
    MODEL:   SMALL

*** WARNING L14: INCOMPATIBLE MEMORY MODEL
    MODULE:  .\USBX_F34X.LIB (USB_CLOCK_RECOVERY)
    MODEL:   SMALL

*** WARNING L16: UNCALLED SEGMENT, IGNORED FOR OVERLAY PROCESS
    SEGMENT: ?PR?SD_INIT?MMC_SD

*** WARNING L16: UNCALLED SEGMENT, IGNORED FOR OVERLAY PROCESS
    SEGMENT: ?PR?_DISPPIC?LCD

*** WARNING L16: UNCALLED SEGMENT, IGNORED FOR OVERLAY PROCESS
    SEGMENT: ?PR?_DISPPICFROMSD?LCD

*** WARNING L16: UNCALLED SEGMENT, IGNORED FOR OVERLAY PROCESS
    SEGMENT: ?PR?DISPSCALEHOR1?LCD

*** WARNING L16: UNCALLED SEGMENT, IGNORED FOR OVERLAY PROCESS
    SEGMENT: ?PR?DISPSCALEVER?LCD

*** WARNING L16: UNCALLED SEGMENT, IGNORED FOR OVERLAY PROCESS
    SEGMENT: ?PR?DISPSCALEVER_RED?LCD

*** WARNING L16: UNCALLED SEGMENT, IGNORED FOR OVERLAY PROCESS
    SEGMENT: ?PR?DISPSCALEVER_GREEN?LCD

*** WARNING L16: UNCALLED SEGMENT, IGNORED FOR OVERLAY PROCESS
    SEGMENT: ?PR?DISPSCALEVER_BLUE?LCD

*** WARNING L16: UNCALLED SEGMENT, IGNORED FOR OVERLAY PROCESS
    SEGMENT: ?PR?DISPSCALEVER_GRAY?LCD

*** WARNING L16: UNCALLED SEGMENT, IGNORED FOR OVERLAY PROCESS
    SEGMENT: ?PR?DISPGRAYHOR32?LCD

*** WARNING L16: UNCALLED SEGMENT, IGNORED FOR OVERLAY PROCESS
    SEGMENT: ?PR?DISPSCALEHOR2?LCD

*** WARNING L16: UNCALLED SEGMENT, IGNORED FOR OVERLAY PROCESS
    SEGMENT: ?PR?_DRAWGIRD?LCD

BL51 BANKED LINKER/LOCATER V6.22                                                      04/08/2022  13:54:28  PAGE 52


*** WARNING L15: MULTIPLE CALL TO SEGMENT
    SEGMENT: ?PR?_WRITECOMM?LCD
    CALLER1: ?PR?USB_API_TEST_ISR?MAIN
    CALLER2: ?C_C51STARTUP

*** WARNING L15: MULTIPLE CALL TO SEGMENT
    SEGMENT: ?PR?_WRITEDATA?LCD
    CALLER1: ?PR?USB_API_TEST_ISR?MAIN
    CALLER2: ?C_C51STARTUP

Program Size: data=10.0 xdata=1217 code=15152
LINK/LOCATE RUN COMPLETE.  18 WARNING(S),  0 ERROR(S)
