BL51 BANKED LINKER/LOCATER V6.22                                                        08/16/2021  15:14:51  PAGE 1


BL51 BANKED LINKER/LOCATER V6.22, INVOKED BY:
D:\KEIL\C51\BIN\BL51.EXE main.obj, mmc_sd.obj, lcd.obj, tp.obj, .\USBX_F34X.LIB TO ST7735S_CTC177_L8 RAMSIZE (256)


MEMORY MODEL: COMPACT WITH FLOATING POINT ARITHMETIC


INPUT MODULES INCLUDED:
  main.obj (MAIN)
  mmc_sd.obj (MMC_SD)
  lcd.obj (LCD)
  tp.obj (TP)
  .\USBX_F34X.LIB (USB_API)
  .\USBX_F34X.LIB (USB_CLOCK_START)
  .\USBX_F34X.LIB (USB_SUSPEND)
  .\USBX_F34X.LIB (GET_INTERRUPT_SOURCE)
  .\USBX_F34X.LIB (BLOCK_READ)
  .\USBX_F34X.LIB (BLOCK_WRITE)
  .\USBX_F34X.LIB (USB_INT_ENABLE)
  .\USBX_F34X.LIB (USB_CLOCK_RECOVERY)
  .\USBX_F34X.LIB (USB_JUMP_ISR)
  D:\KEIL\C51\LIB\C51FPC.LIB (?C?FPMUL)
  D:\KEIL\C51\LIB\C51FPC.LIB (?C?FCAST)
  D:\KEIL\C51\LIB\C51FPC.LIB (?C?CASTF)
  D:\KEIL\C51\LIB\C51FPC.LIB (?C?FPGETOPN)
  D:\KEIL\C51\LIB\C51C.LIB (?C_STARTUP)
  D:\KEIL\C51\LIB\C51C.LIB (?C?COPY)
  D:\KEIL\C51\LIB\C51C.LIB (?C?CLDPTR)
  D:\KEIL\C51\LIB\C51C.LIB (?C?CLDOPTR)
  D:\KEIL\C51\LIB\C51C.LIB (?C?IMUL)
  D:\KEIL\C51\LIB\C51C.LIB (?C?IILDX)
  D:\KEIL\C51\LIB\C51C.LIB (?C?ILDOPTR)
  D:\KEIL\C51\LIB\C51C.LIB (?C?LMUL)
  D:\KEIL\C51\LIB\C51C.LIB (?C?ULDIV)
  D:\KEIL\C51\LIB\C51C.LIB (?C?LNEG)
  D:\KEIL\C51\LIB\C51C.LIB (?C?ULCMP)
  D:\KEIL\C51\LIB\C51C.LIB (?C?ULSHR)
  D:\KEIL\C51\LIB\C51C.LIB (?C?LSHL)
  D:\KEIL\C51\LIB\C51C.LIB (?C?LLDIPDATA)
  D:\KEIL\C51\LIB\C51C.LIB (?C?LSTXDATA)
  D:\KEIL\C51\LIB\C51C.LIB (?C?LSTPDATA)
  D:\KEIL\C51\LIB\C51C.LIB (?C?LSTKXDATA)
  D:\KEIL\C51\LIB\C51C.LIB (?C?LSTKPDATA)
  D:\KEIL\C51\LIB\C51C.LIB (?C_PBP)
  D:\KEIL\C51\LIB\C51C.LIB (?C_INIT)


LINK MAP OF MODULE:  ST7735S_CTC177_L8 (MAIN)


            TYPE    BASE      LENGTH    RELOCATION   SEGMENT NAME
            -----------------------------------------------------

            * * * * * * *   D A T A   M E M O R Y   * * * * * * *
            REG     0000H     0008H     ABSOLUTE     "REG BANK 0"
            DATA    0008H     0001H     UNIT         ?C?LIB_DATA
            IDATA   0009H     0001H     UNIT         ?STACK

BL51 BANKED LINKER/LOCATER V6.22                                                      08/16/2021  15:14:51  PAGE 2


            * * * * * * *  X D A T A   M E M O R Y  * * * * * * *
            XDATA   0000H     0010H     INPAGE       ?PD?MAIN
            XDATA   0010H     0004H     INPAGE       ?PD?_MMC_SD_READSINGLEBLOCK?MMC_SD
            XDATA   0014H     0005H     INPAGE       ?PD?DISPBAND?LCD
            XDATA   0019H     0005H     INPAGE       ?PD?_DISPPIC?LCD
            XDATA   001EH     000DH     INPAGE       ?PD?_DISPPICFROMSD?LCD
            XDATA   002BH     0004H     INPAGE       ?PD?DISPSCALEHOR1?LCD
            XDATA   002FH     0004H     INPAGE       ?PD?DISPSCALEVER?LCD
            XDATA   0033H     0004H     INPAGE       ?PD?DISPSCALEVER_RED?LCD
            XDATA   0037H     0004H     INPAGE       ?PD?DISPSCALEVER_GREEN?LCD
            XDATA   003BH     0004H     INPAGE       ?PD?DISPSCALEVER_BLUE?LCD
            XDATA   003FH     0004H     INPAGE       ?PD?DISPSCALEVER_GRAY?LCD
            XDATA   0043H     0004H     INPAGE       ?PD?DISPGRAYHOR32?LCD
            XDATA   0047H     0002H     INPAGE       ?PD?DISPSCALEHOR2?LCD
            XDATA   0049H     000CH     INPAGE       ?PD?_DRAWLINE?LCD
            XDATA   0055H     0004H     INPAGE       ?PD?_DRAWGIRD?LCD
            XDATA   0059H     0002H     INPAGE       ?PD?LCD
            XDATA   005BH     0026H     INPAGE       _PDATA_GROUP_
            XDATA   0081H     0200H     UNIT         ?XD?MMC_SD
            XDATA   0281H     0058H     UNIT         _XDATA_GROUP_
            XDATA   02D9H     0040H     UNIT         ?XD?MAIN
                    0319H     0327H                  *** GAP ***
            XDATA   0640H     0100H     ABSOLUTE     
            XDATA   0740H     0012H     ABSOLUTE     
            XDATA   0752H     0020H     ABSOLUTE     
            XDATA   0772H     000CH     ABSOLUTE     
            XDATA   077EH     0008H     ABSOLUTE     
            XDATA   0786H     0001H     ABSOLUTE     
            XDATA   0787H     0003H     ABSOLUTE     
            XDATA   078AH     0002H     ABSOLUTE     
            XDATA   078CH     0002H     ABSOLUTE     
            XDATA   078EH     0003H     ABSOLUTE     
            XDATA   0791H     0001H     ABSOLUTE     
            XDATA   0792H     0001H     ABSOLUTE     
            XDATA   0793H     0001H     ABSOLUTE     
            XDATA   0794H     0001H     ABSOLUTE     
            XDATA   0795H     0002H     ABSOLUTE     
            XDATA   0797H     0002H     ABSOLUTE     
            XDATA   0799H     0001H     ABSOLUTE     
            XDATA   079AH     0001H     ABSOLUTE     
            XDATA   079BH     0001H     ABSOLUTE     
            XDATA   079CH     0001H     ABSOLUTE     
            XDATA   079DH     0001H     ABSOLUTE     
            XDATA   079EH     0001H     ABSOLUTE     
            XDATA   079FH     0002H     ABSOLUTE     
            XDATA   07A1H     0001H     ABSOLUTE     
            XDATA   07A2H     0001H     ABSOLUTE     
            XDATA   07A3H     000CH     ABSOLUTE     
                    07AFH     0011H                  *** GAP ***
            XDATA   07C0H     0040H     ABSOLUTE     

            * * * * * * *   C O D E   M E M O R Y   * * * * * * *
            CODE    0000H     0003H     ABSOLUTE     
            CODE    0003H     003AH     UNIT         ?CO?USB_API
            CODE    003DH     0003H     UNIT         ?PR?SUSPEND_DEVICE?MAIN
                    0040H     0003H                  *** GAP ***
            CODE    0043H     0003H     ABSOLUTE     
BL51 BANKED LINKER/LOCATER V6.22                                                      08/16/2021  15:14:51  PAGE 3


            CODE    0046H     0044H     UNIT         ?PR?_DISPCOLOR?LCD
                    008AH     0001H                  *** GAP ***
            CODE    008BH     0003H     ABSOLUTE     
            CODE    008EH     060BH     UNIT         ?PR?CONNTOUSB?MAIN
            CODE    0699H     0600H     UNIT         ?CO?LCD
            CODE    0C99H     0545H     UNIT         ?C?LIB_CODE
            CODE    11DEH     0233H     UNIT         ?PR?USBXCORE_HANDLE_SETUP?USB_API
            CODE    1411H     0232H     UNIT         ?PR?_LCD_READ_IC_ID?LCD
            CODE    1643H     021EH     UNIT         ?PR?DISPSCALEHOR1?LCD
            CODE    1861H     01BAH     UNIT         ?PR?DISPSCALEHOR2?LCD
            CODE    1A1BH     019EH     UNIT         ?PR?TP_DRAWLINE?TP
            CODE    1BB9H     018FH     UNIT         ?PR?LCD_INIT?LCD
            CODE    1D48H     018AH     UNIT         ?PR?DISPBAND?LCD
            CODE    1ED2H     0151H     UNIT         ?PR?USBXCORE_USB_ISR?USB_API
            CODE    2023H     013BH     UNIT         ?PR?USB_API_TEST_ISR?MAIN
            CODE    215EH     0137H     UNIT         ?PR?_USB_INIT?USB_API
            CODE    2295H     0128H     UNIT         ?PR?DISPSCALEVER?LCD
            CODE    23BDH     011BH     UNIT         ?PR?_TP_GETPOSITION?TP
            CODE    24D8H     0111H     UNIT         ?PR?_BLOCK_WRITE?BLOCK_WRITE
            CODE    25E9H     00E9H     UNIT         ?PR?_DISPPICFROMSD?LCD
            CODE    26D2H     00CDH     UNIT         ?PR?USBXCORE_VENDOR_USB_API?USB_API
            CODE    279FH     00CBH     UNIT         ?PR?_DISPONECHAR?LCD
            CODE    286AH     00B7H     UNIT         ?PR?MMC_SD_RESET?MMC_SD
            CODE    2921H     00B3H     UNIT         ?PR?_DISPINT?LCD
            CODE    29D4H     00B2H     UNIT         ?PR?USBXCORE_GET_DESCRIPTOR?USB_API
            CODE    2A86H     00AFH     UNIT         ?PR?_BLOCK_READ?BLOCK_READ
            CODE    2B35H     00A4H     UNIT         ?PR?DISPFRAME?LCD
            CODE    2BD9H     009EH     UNIT         ?PR?DISPSCALEVER_GREEN?LCD
            CODE    2C77H     009BH     UNIT         ?PR?DISPGRAYHOR16?LCD
            CODE    2D12H     0098H     UNIT         ?PR?_?BLOCKWRITE?LCD
            CODE    2DAAH     0096H     UNIT         ?PR?_DISPSTR?LCD
            CODE    2E40H     0091H     UNIT         ?PR?DISPSCALEVER_RED?LCD
            CODE    2ED1H     0091H     UNIT         ?PR?DISPSCALEVER_GRAY?LCD
            CODE    2F62H     008FH     UNIT         ?PR?_DRAWGIRD?LCD
            CODE    2FF1H     008CH     UNIT         ?C_C51STARTUP
            CODE    307DH     0086H     UNIT         ?PR?DISPSCALEVER_BLUE?LCD
            CODE    3103H     0086H     UNIT         ?PR?_DRAWLINE?LCD
            CODE    3189H     007DH     UNIT         ?PR?_MMC_SD_WRITESINGLEBLOCK?MMC_SD
            CODE    3206H     0078H     UNIT         ?PR?DISPGRAYHOR32?LCD
            CODE    327EH     0075H     UNIT         ?PR?_MMC_SD_SENDCOMMAND?MMC_SD
            CODE    32F3H     0073H     UNIT         ?PR?TP_READ?TP
            CODE    3366H     0073H     UNIT         ?PR?USBXCORE_GET_STATUS?USB_API
            CODE    33D9H     006CH     UNIT         ?PR?DEVICES_INIT?MAIN
            CODE    3445H     0064H     UNIT         ?PR?_MMC_SD_READSINGLEBLOCK?MMC_SD
            CODE    34A9H     005BH     UNIT         ?PR?_TOORD?LCD
            CODE    3504H     005AH     UNIT         ?PR?USBXCORE_SET_CONFIGURATION?USB_API
            CODE    355EH     0058H     UNIT         ?PR?USBXCORE_CLEAR_FEATURE?USB_API
            CODE    35B6H     0057H     UNIT         ?PR?USBXCORE_SET_FEATURE?USB_API
            CODE    360DH     0055H     UNIT         ?PR?_STOPDELAY?MAIN
            CODE    3662H     0053H     UNIT         ?PR?_DISPPIC?LCD
            CODE    36B5H     0052H     UNIT         ?PR?_PUTPIXEL?LCD
            CODE    3707H     0050H     UNIT         ?CO?MAIN
            CODE    3757H     0049H     UNIT         ?PR?MAIN?MAIN
            CODE    37A0H     0047H     UNIT         ?PR?USBXCORE_GET_CONFIGURATION?USB_API
            CODE    37E7H     0043H     UNIT         ?PR?MCU_INIT?MAIN
            CODE    382AH     0038H     UNIT         ?PR?USB_CLOCK_START?USB_CLOCK_START
            CODE    3862H     002DH     UNIT         ?C_INITSEG
BL51 BANKED LINKER/LOCATER V6.22                                                      08/16/2021  15:14:51  PAGE 4


            CODE    388FH     002CH     UNIT         ?PR?_WRITEDISPDATA?LCD
            CODE    38BBH     002BH     UNIT         ?PR?USB_SUSPEND?USB_SUSPEND
            CODE    38E6H     0027H     UNIT         ?PR?USBXCORE_USB_RESET?USB_API
            CODE    390DH     0027H     UNIT         ?PR?USBXCORE_GET_INTERFACE?USB_API
            CODE    3934H     0026H     UNIT         ?PR?_TP_WRITE?TP
            CODE    395AH     0022H     UNIT         ?PR?USBXCORE_JUMP_ISR?USB_JUMP_ISR
            CODE    397CH     0020H     UNIT         ?PR?USBXCORE_SET_ADDRESS?USB_API
            CODE    399CH     001FH     UNIT         ?PR?_DELAY?MAIN
            CODE    39BBH     001DH     UNIT         ?PR?USBXCORE_FORCE_STALL?USB_API
            CODE    39D8H     0019H     UNIT         ?PR?_WRITEDATA?LCD
            CODE    39F1H     0019H     UNIT         ?PR?USB_INT_ENABLE?USB_INT_ENABLE
            CODE    3A0AH     0016H     UNIT         ?PR?_SPI_WRITEBYTE?MMC_SD
            CODE    3A20H     0016H     UNIT         ?PR?READDATA?LCD
            CODE    3A36H     0015H     UNIT         ?PR?_WRITECOMM?LCD
            CODE    3A4BH     0014H     UNIT         ?PR?USBXCORE_SET_SOP?USB_API
            CODE    3A5FH     0013H     UNIT         ?PR?WAITKEY?MAIN
            CODE    3A72H     0011H     UNIT         ?PR?SD_INIT?MMC_SD
            CODE    3A83H     000EH     UNIT         ?PR?GET_INTERRUPT_SOURCE?GET_INTERRUPT_SOURCE
            CODE    3A91H     000CH     UNIT         ?PR?USBXCORE_CLKREC?USB_CLOCK_RECOVERY
            CODE    3A9DH     000BH     UNIT         ?PR?SPI_READBYTE?MMC_SD
            CODE    3AA8H     0009H     UNIT         ?PR?_WRITEONEDOT?LCD



OVERLAY MAP OF MODULE:   ST7735S_CTC177_L8 (MAIN)


SEGMENT                                            PDATA_GROUP         XDATA_GROUP
  +--> CALLED SEGMENT                            START    LENGTH     START    LENGTH
------------------------------------------------------------------------------------
?PR?USB_API_TEST_ISR?MAIN                        005BH    0001H      -----    -----
  +--> ?PR?GET_INTERRUPT_SOURCE?GET_INTERRUP...
  +--> ?PR?_BLOCK_READ?BLOCK_READ
  +--> ?PR?SUSPEND_DEVICE?MAIN
  +--> ?PR?MCU_INIT?MAIN
  +--> ?PR?_?BLOCKWRITE?LCD

?PR?SUSPEND_DEVICE?MAIN                          -----    -----      -----    -----
  +--> ?PR?USB_SUSPEND?USB_SUSPEND

?PR?USB_SUSPEND?USB_SUSPEND                      -----    -----      -----    -----
  +--> ?PR?USB_CLOCK_START?USB_CLOCK_START

?PR?_?BLOCKWRITE?LCD                             -----    -----      -----    -----
  +--> ?PR?_WRITECOMM?LCD
  +--> ?PR?_WRITEDATA?LCD

?PR?_WRITECOMM?LCD                               007FH    0002H      -----    -----

?PR?_WRITEDATA?LCD                               007FH    0002H      -----    -----

*** NEW ROOT ***************************************************

?PR?USBXCORE_USB_ISR?USB_API                     -----    -----      -----    -----
  +--> ?PR?USBXCORE_USB_RESET?USB_API
  +--> ?PR?USBXCORE_HANDLE_SETUP?USB_API
  +--> ?PR?USBXCORE_JUMP_ISR?USB_JUMP_ISR
BL51 BANKED LINKER/LOCATER V6.22                                                      08/16/2021  15:14:51  PAGE 5



?PR?USBXCORE_HANDLE_SETUP?USB_API                -----    -----      -----    -----
  +--> ?PR?USBXCORE_GET_STATUS?USB_API
  +--> ?PR?USBXCORE_CLEAR_FEATURE?USB_API
  +--> ?PR?USBXCORE_VENDOR_USB_API?USB_API
  +--> ?PR?USBXCORE_SET_FEATURE?USB_API
  +--> ?PR?USBXCORE_SET_ADDRESS?USB_API
  +--> ?PR?USBXCORE_GET_DESCRIPTOR?USB_API
  +--> ?PR?USBXCORE_GET_CONFIGURATION?USB_API
  +--> ?PR?USBXCORE_SET_CONFIGURATION?USB_API
  +--> ?PR?USBXCORE_GET_INTERFACE?USB_API
  +--> ?PR?USBXCORE_SET_SOP?USB_API
  +--> ?PR?USBXCORE_FORCE_STALL?USB_API

?PR?USBXCORE_GET_STATUS?USB_API                  -----    -----      -----    -----
  +--> ?CO?USB_API
  +--> ?PR?USBXCORE_FORCE_STALL?USB_API
  +--> ?PR?USBXCORE_SET_SOP?USB_API

?PR?USBXCORE_CLEAR_FEATURE?USB_API               -----    -----      -----    -----
  +--> ?PR?USBXCORE_FORCE_STALL?USB_API
  +--> ?PR?USBXCORE_SET_SOP?USB_API

?PR?USBXCORE_VENDOR_USB_API?USB_API              -----    -----      -----    -----
  +--> ?PR?USBXCORE_SET_SOP?USB_API

?PR?USBXCORE_SET_FEATURE?USB_API                 -----    -----      -----    -----
  +--> ?PR?USBXCORE_FORCE_STALL?USB_API
  +--> ?PR?USBXCORE_SET_SOP?USB_API

?PR?USBXCORE_SET_ADDRESS?USB_API                 -----    -----      -----    -----
  +--> ?PR?USBXCORE_SET_SOP?USB_API

?PR?USBXCORE_GET_DESCRIPTOR?USB_API              -----    -----      -----    -----
  +--> ?PR?USBXCORE_FORCE_STALL?USB_API
  +--> ?PR?USBXCORE_SET_SOP?USB_API

?PR?USBXCORE_GET_CONFIGURATION?USB_API           -----    -----      -----    -----
  +--> ?CO?USB_API
  +--> ?PR?USBXCORE_SET_SOP?USB_API

?PR?USBXCORE_SET_CONFIGURATION?USB_API           -----    -----      -----    -----
  +--> ?PR?USBXCORE_SET_SOP?USB_API

?PR?USBXCORE_GET_INTERFACE?USB_API               -----    -----      -----    -----
  +--> ?CO?USB_API
  +--> ?PR?USBXCORE_SET_SOP?USB_API

*** NEW ROOT ***************************************************

?C_C51STARTUP                                    -----    -----      -----    -----
  +--> ?PR?MAIN?MAIN
  +--> ?C_INITSEG

?PR?MAIN?MAIN                                    -----    -----      -----    -----
  +--> ?PR?DEVICES_INIT?MAIN
  +--> ?PR?DISPFRAME?LCD
BL51 BANKED LINKER/LOCATER V6.22                                                      08/16/2021  15:14:51  PAGE 6


  +--> ?PR?_STOPDELAY?MAIN
  +--> ?PR?_DISPCOLOR?LCD
  +--> ?PR?DISPGRAYHOR16?LCD
  +--> ?PR?TP_DRAWLINE?TP

?PR?DEVICES_INIT?MAIN                            -----    -----      -----    -----
  +--> ?PR?MCU_INIT?MAIN
  +--> ?PR?USB_CLOCK_START?USB_CLOCK_START
  +--> ?CO?MAIN
  +--> ?PR?_USB_INIT?USB_API
  +--> ?PR?USB_INT_ENABLE?USB_INT_ENABLE
  +--> ?PR?LCD_INIT?LCD

?PR?_USB_INIT?USB_API                            -----    -----      0281H    0011H
  +--> ?CO?USB_API
  +--> ?PR?USBXCORE_CLKREC?USB_CLOCK_RECOVERY

?PR?LCD_INIT?LCD                                 -----    -----      -----    -----
  +--> ?PR?READDATA?LCD
  +--> ?PR?_DELAY?MAIN
  +--> ?PR?_WRITECOMM?LCD
  +--> ?PR?_WRITEDATA?LCD

?PR?READDATA?LCD                                 -----    -----      -----    -----
  +--> ?PR?_LCD_READ_IC_ID?LCD

?PR?_LCD_READ_IC_ID?LCD                          0067H    0008H      -----    -----

?PR?DISPFRAME?LCD                                005EH    0002H      -----    -----
  +--> ?PR?_?BLOCKWRITE?LCD
  +--> ?PR?_WRITEDISPDATA?LCD

?PR?_WRITEDISPDATA?LCD                           007FH    0001H      -----    -----

?PR?_STOPDELAY?MAIN                              005EH    0004H      -----    -----
  +--> ?PR?WAITKEY?MAIN
  +--> ?PR?_DELAY?MAIN

?PR?WAITKEY?MAIN                                 -----    -----      -----    -----
  +--> ?PR?CONNTOUSB?MAIN
  +--> ?PR?_DELAY?MAIN

?PR?CONNTOUSB?MAIN                               0062H    0005H      0281H    0058H
  +--> ?CO?MAIN
  +--> ?PR?_WRITECOMM?LCD
  +--> ?PR?_WRITEDATA?LCD
  +--> ?PR?_DISPSTR?LCD
  +--> ?PR?_DISPINT?LCD
  +--> ?PR?_WRITEDISPDATA?LCD
  +--> ?PR?_MMC_SD_WRITESINGLEBLOCK?MMC_SD
  +--> ?PR?_BLOCK_WRITE?BLOCK_WRITE
  +--> ?PR?READDATA?LCD
  +--> ?PR?_DELAY?MAIN

?PR?_DISPSTR?LCD                                 0067H    000BH      -----    -----
  +--> ?PR?_TOORD?LCD
  +--> ?PR?_DISPONECHAR?LCD
BL51 BANKED LINKER/LOCATER V6.22                                                      08/16/2021  15:14:51  PAGE 7



?PR?_DISPONECHAR?LCD                             0072H    000DH      -----    -----
  +--> ?PR?_?BLOCKWRITE?LCD
  +--> ?CO?LCD
  +--> ?PR?_WRITEONEDOT?LCD

?PR?_WRITEONEDOT?LCD                             -----    -----      -----    -----
  +--> ?PR?_WRITEDISPDATA?LCD

?PR?_DISPINT?LCD                                 0067H    000AH      -----    -----
  +--> ?PR?_DISPONECHAR?LCD

?PR?_MMC_SD_WRITESINGLEBLOCK?MMC_SD              0067H    0004H      -----    -----
  +--> ?PR?_MMC_SD_SENDCOMMAND?MMC_SD
  +--> ?PR?_SPI_WRITEBYTE?MMC_SD

?PR?_MMC_SD_SENDCOMMAND?MMC_SD                   006BH    0005H      -----    -----
  +--> ?PR?_SPI_WRITEBYTE?MMC_SD

?PR?_DISPCOLOR?LCD                               005EH    0004H      -----    -----
  +--> ?PR?_?BLOCKWRITE?LCD
  +--> ?PR?_WRITEDISPDATA?LCD

?PR?DISPGRAYHOR16?LCD                            005EH    0004H      -----    -----
  +--> ?PR?_?BLOCKWRITE?LCD
  +--> ?PR?_WRITEDISPDATA?LCD

?PR?TP_DRAWLINE?TP                               -----    -----      0281H    0018H
  +--> ?PR?_DISPCOLOR?LCD
  +--> ?PR?_DELAY?MAIN
  +--> ?PR?_TP_GETPOSITION?TP
  +--> ?PR?_PUTPIXEL?LCD

?PR?_TP_GETPOSITION?TP                           -----    -----      0299H    001BH
  +--> ?PR?_TP_WRITE?TP
  +--> ?PR?TP_READ?TP

?PR?_TP_WRITE?TP                                 -----    -----      02B4H    0001H

?PR?TP_READ?TP                                   -----    -----      02B4H    0005H

?PR?_PUTPIXEL?LCD                                005EH    0002H      -----    -----
  +--> ?PR?_?BLOCKWRITE?LCD
  +--> ?PR?_WRITEDISPDATA?LCD



SYMBOL TABLE OF MODULE:  ST7735S_CTC177_L8 (MAIN)

  VALUE           TYPE          NAME
  ----------------------------------

  -------         MODULE        MAIN
  C:0000H         SYMBOL        _ICE_DUMMY_
  D:0080H         PUBLIC        P0
  X:0000H         PUBLIC        f_down
  D:0090H         PUBLIC        P1
BL51 BANKED LINKER/LOCATER V6.22                                                      08/16/2021  15:14:51  PAGE 8


  D:00A0H         PUBLIC        P2
  D:00B0H         PUBLIC        P3
  C:3752H         PUBLIC        USB_MaxPower
  B:00B0H.6       PUBLIC        KEY_STEP
  D:00A4H         PUBLIC        P0MDOUT
  D:00A5H         PUBLIC        P1MDOUT
  D:00A6H         PUBLIC        P2MDOUT
  D:00A7H         PUBLIC        P3MDOUT
  D:00AEH         PUBLIC        P4MDOUT
  B:0080H.6       PUBLIC        OE
  D:00D9H         PUBLIC        PCA0MD
  C:2023H         PUBLIC        USB_API_TEST_ISR
  C:003DH         PUBLIC        Suspend_Device
  C:3611H         PUBLIC        _StopDelay
  D:00E1H         PUBLIC        XBR0
  D:00E2H         PUBLIC        XBR1
  B:00B0H.1       PUBLIC        RS
  C:3757H         PUBLIC        main
  X:0001H         PUBLIC        VerifyCode0
  X:0002H         PUBLIC        VerifyCode1
  C:371CH         PUBLIC        USB_PID
  X:0003H         PUBLIC        VerifyCode2
  D:00F1H         PUBLIC        P0MDIN
  D:00F2H         PUBLIC        P1MDIN
  C:371EH         PUBLIC        USB_MfrStr
  D:00F4H         PUBLIC        P3MDIN
  C:371AH         PUBLIC        USB_VID
  D:00F8H         PUBLIC        SPI0CN
  X:0004H         PUBLIC        pic
  C:33D9H         PUBLIC        Devices_Init
  C:008EH         PUBLIC        ConnToUSB
  D:00A9H         PUBLIC        CLKSEL
  D:00B2H         PUBLIC        OSCICN
  C:3753H         PUBLIC        USB_PwAttributes
  C:3A5FH         PUBLIC        WaitKey
  C:3756H         SYMBOL        _?ix1000
  B:00B0H.0       PUBLIC        CS0
  X:0005H         PUBLIC        bf
  C:3754H         PUBLIC        USB_bcdDevice
  D:00B9H         PUBLIC        CLKMUL
  X:0007H         PUBLIC        f_debug
  X:0008H         PUBLIC        sd
  X:02D9H         PUBLIC        Packet
  C:37E7H         PUBLIC        MCU_Init
  B:0080H.7       PUBLIC        DIR
  D:00EFH         PUBLIC        RSTSRC
  X:000CH         PUBLIC        f_read
  C:3748H         PUBLIC        USB_SerialStr
  X:000DH         PUBLIC        f_other
  C:3738H         PUBLIC        USB_ProductStr
  X:000EH         PUBLIC        f_para
  D:00A1H         PUBLIC        SPI0CFG
  C:399CH         PUBLIC        _Delay
  B:00B0H.7       PUBLIC        KEY_Stop
  X:000FH         PUBLIC        f_init
  -------         PROC          MAIN
  C:3757H         LINE#         40
BL51 BANKED LINKER/LOCATER V6.22                                                      08/16/2021  15:14:51  PAGE 9


  C:3757H         LINE#         41
  C:3757H         LINE#         61
  C:375AH         LINE#         63
  C:375DH         LINE#         64
  C:375DH         LINE#         67
  C:3763H         LINE#         68
  C:376DH         LINE#         70
  C:3777H         LINE#         71
  C:3781H         LINE#         72
  C:378BH         LINE#         74
  C:3791H         LINE#         75
  C:379AH         LINE#         79
  C:379DH         LINE#         81
  C:379FH         LINE#         82
  -------         ENDPROC       MAIN
  -------         PROC          _DELAY
  D:0006H         SYMBOL        dly
  -------         DO            
  D:0004H         SYMBOL        i
  D:0002H         SYMBOL        j
  -------         ENDDO         
  C:399CH         LINE#         85
  C:399CH         LINE#         86
  C:399CH         LINE#         89
  C:39A6H         LINE#         90
  C:39BAH         LINE#         91
  -------         ENDPROC       _DELAY
  C:360DH         SYMBOL        L?0133
  -------         PROC          L?0132
  -------         ENDPROC       L?0132
  C:360DH         SYMBOL        L?0133
  -------         PROC          _STOPDELAY
  X:005EH         SYMBOL        sdly
  -------         DO            
  D:0006H         SYMBOL        i
  D:0004H         SYMBOL        j
  X:0060H         SYMBOL        k
  -------         ENDDO         
  C:3611H         LINE#         93
  C:3618H         LINE#         94
  C:3618H         LINE#         96
  C:361DH         LINE#         97
  C:361DH         LINE#         98
  C:3620H         LINE#         99
  C:3620H         LINE#         100
  C:362DH         LINE#         101
  C:3641H         LINE#         102
  C:3641H         LINE#         104
  C:3641H         LINE#         105
  C:364BH         LINE#         106
  C:364BH         LINE#         107
  C:3661H         LINE#         108
  -------         ENDPROC       _STOPDELAY
  -------         PROC          WAITKEY
  C:3A5FH         LINE#         137
  C:3A5FH         LINE#         138
  C:3A5FH         LINE#         140
BL51 BANKED LINKER/LOCATER V6.22                                                      08/16/2021  15:14:51  PAGE 10


  C:3A62H         LINE#         141
  C:3A62H         LINE#         143
  C:3A65H         LINE#         145
  C:3A67H         LINE#         146
  C:3A6EH         LINE#         147
  C:3A71H         LINE#         149
  -------         ENDPROC       WAITKEY
  -------         PROC          CONNTOUSB
  -------         DO            
  X:0062H         SYMBOL        i
  X:0281H         SYMBOL        reg_data
  X:0299H         SYMBOL        para_data
  D:0007H         SYMBOL        dat
  X:0063H         SYMBOL        reg_index
  X:0065H         SYMBOL        data_num
  X:0066H         SYMBOL        st
  -------         ENDDO         
  C:008EH         LINE#         155
  C:008EH         LINE#         156
  C:008EH         LINE#         163
  C:00A1H         LINE#         165
  C:00A9H         LINE#         166
  C:00A9H         LINE#         167
  C:00B7H         LINE#         168
  C:00B7H         LINE#         169
  C:00C8H         LINE#         170
  C:00C8H         LINE#         171
  C:00EEH         LINE#         172
  C:00F0H         LINE#         173
  C:0104H         LINE#         174
  C:0104H         LINE#         175
  C:012AH         LINE#         177
  C:012AH         LINE#         178
  C:012AH         LINE#         179
  C:012AH         LINE#         181
  C:012AH         LINE#         182
  C:0132H         LINE#         183
  C:013CH         LINE#         184
  C:0146H         LINE#         186
  C:0162H         LINE#         188
  C:016CH         LINE#         189
  C:016CH         LINE#         190
  C:017DH         LINE#         191
  C:017DH         LINE#         192
  C:018EH         LINE#         193
  C:018EH         LINE#         194
  C:01E1H         LINE#         195
  C:01E3H         LINE#         196
  C:01F9H         LINE#         197
  C:01F9H         LINE#         198
  C:024BH         LINE#         199
  C:024BH         LINE#         200
  C:024BH         LINE#         201
  C:024BH         LINE#         203
  C:024BH         LINE#         204
  C:0253H         LINE#         205
  C:0253H         LINE#         206
BL51 BANKED LINKER/LOCATER V6.22                                                      08/16/2021  15:14:51  PAGE 11


  C:025DH         LINE#         207
  C:0267H         LINE#         209
  C:026BH         LINE#         210
  C:026EH         LINE#         214
  C:0276H         LINE#         215
  C:0276H         LINE#         216
  C:0285H         LINE#         217
  C:0285H         LINE#         218
  C:0287H         LINE#         220
  C:0289H         LINE#         221
  C:02A5H         LINE#         222
  C:02A7H         LINE#         224
  C:02D0H         LINE#         225
  C:02F4H         LINE#         226
  C:02FEH         LINE#         227
  C:02FEH         LINE#         228
  C:0306H         LINE#         229
  C:030DH         LINE#         230
  C:0318H         LINE#         231
  C:031EH         LINE#         232
  C:031EH         LINE#         233
  C:0327H         LINE#         235
  C:032BH         LINE#         236
  C:0337H         LINE#         237
  C:033AH         LINE#         240
  C:0342H         LINE#         241
  C:0342H         LINE#         242
  C:034BH         LINE#         243
  C:034BH         LINE#         244
  C:035BH         LINE#         245
  C:035BH         LINE#         246
  C:035DH         LINE#         248
  C:035FH         LINE#         249
  C:037BH         LINE#         250
  C:037DH         LINE#         252
  C:03A6H         LINE#         253
  C:03CAH         LINE#         255
  C:03D4H         LINE#         256
  C:03D4H         LINE#         257
  C:03DCH         LINE#         258
  C:03E3H         LINE#         259
  C:03EEH         LINE#         260
  C:03F4H         LINE#         261
  C:03F4H         LINE#         263
  C:03FDH         LINE#         269
  C:03FDH         LINE#         270
  C:040AH         LINE#         271
  C:040AH         LINE#         272
  C:040CH         LINE#         274
  C:040EH         LINE#         275
  C:042AH         LINE#         276
  C:042CH         LINE#         278
  C:0434H         LINE#         279
  C:0438H         LINE#         280
  C:0444H         LINE#         281
  C:0444H         LINE#         282
  C:0447H         LINE#         285
BL51 BANKED LINKER/LOCATER V6.22                                                      08/16/2021  15:14:51  PAGE 12


  C:044FH         LINE#         286
  C:044FH         LINE#         287
  C:0460H         LINE#         288
  C:0460H         LINE#         289
  C:046DH         LINE#         290
  C:046DH         LINE#         291
  C:048BH         LINE#         292
  C:048DH         LINE#         293
  C:049DH         LINE#         294
  C:049DH         LINE#         295
  C:04BBH         LINE#         296
  C:04BDH         LINE#         297
  C:04CEH         LINE#         298
  C:04CEH         LINE#         299
  C:04D8H         LINE#         300
  C:04E2H         LINE#         301
  C:04E2H         LINE#         302
  C:04E2H         LINE#         303
  C:04E2H         LINE#         305
  C:04E2H         LINE#         306
  C:04EBH         LINE#         307
  C:04EFH         LINE#         308
  C:04FBH         LINE#         309
  C:04FEH         LINE#         312
  C:0506H         LINE#         313
  C:0506H         LINE#         314
  C:0513H         LINE#         315
  C:0524H         LINE#         317
  C:052DH         LINE#         318
  C:053CH         LINE#         320
  C:0544H         LINE#         321
  C:0544H         LINE#         322
  C:054DH         LINE#         323
  C:055CH         LINE#         324
  C:055CH         LINE#         325
  C:055FH         LINE#         326
  C:056EH         LINE#         327
  C:057AH         LINE#         328
  C:0580H         LINE#         329
  C:0580H         LINE#         331
  C:0584H         LINE#         332
  C:0593H         LINE#         334
  C:059AH         LINE#         335
  C:05B6H         LINE#         336
  C:05C0H         LINE#         337
  C:05C0H         LINE#         338
  C:05E6H         LINE#         339
  C:05F9H         LINE#         340
  C:05F9H         LINE#         341
  C:064BH         LINE#         342
  C:0653H         LINE#         343
  C:0653H         LINE#         344
  C:0653H         LINE#         347
  C:0658H         LINE#         348
  C:0658H         LINE#         349
  C:0665H         LINE#         350
  C:0676H         LINE#         352
BL51 BANKED LINKER/LOCATER V6.22                                                      08/16/2021  15:14:51  PAGE 13


  C:067BH         LINE#         353
  C:067FH         LINE#         354
  C:0682H         LINE#         355
  C:0686H         LINE#         357
  C:068AH         LINE#         358
  C:0696H         LINE#         359
  C:0698H         LINE#         360
  -------         ENDPROC       CONNTOUSB
  -------         PROC          MCU_INIT
  -------         DO            
  D:0007H         SYMBOL        n
  -------         ENDDO         
  C:37E7H         LINE#         363
  C:37E7H         LINE#         364
  C:37E7H         LINE#         366
  C:37EAH         LINE#         369
  C:37EDH         LINE#         370
  C:37F0H         LINE#         372
  C:37F3H         LINE#         374
  C:37F9H         LINE#         376
  C:37FCH         LINE#         377
  C:3801H         LINE#         378
  C:3804H         LINE#         380
  C:3807H         LINE#         383
  C:380AH         LINE#         384
  C:380DH         LINE#         386
  C:3810H         LINE#         387
  C:3813H         LINE#         389
  C:3816H         LINE#         390
  C:3819H         LINE#         392
  C:381CH         LINE#         393
  C:381FH         LINE#         394
  C:3821H         LINE#         395
  C:3823H         LINE#         397
  C:3826H         LINE#         398
  C:3829H         LINE#         400
  -------         ENDPROC       MCU_INIT
  -------         PROC          DEVICES_INIT
  C:33D9H         LINE#         402
  C:33D9H         LINE#         403
  C:33D9H         LINE#         405
  C:33DCH         LINE#         408
  C:33DFH         LINE#         409
  C:3439H         LINE#         410
  C:343CH         LINE#         413
  C:343FH         LINE#         414
  C:3442H         LINE#         422
  -------         ENDPROC       DEVICES_INIT
  -------         PROC          SUSPEND_DEVICE
  C:003DH         LINE#         426
  C:003DH         LINE#         427
  C:003DH         LINE#         428
  -------         ENDPROC       SUSPEND_DEVICE
  -------         PROC          USB_API_TEST_ISR
  -------         DO            
  X:005BH         SYMBOL        INTVAL
  -------         ENDDO         
BL51 BANKED LINKER/LOCATER V6.22                                                      08/16/2021  15:14:51  PAGE 14


  C:2023H         LINE#         432
  C:2040H         LINE#         434
  C:2047H         LINE#         436
  C:204DH         LINE#         437
  C:204DH         LINE#         438
  C:2058H         LINE#         440
  C:2074H         LINE#         441
  C:2074H         LINE#         442
  C:2076H         LINE#         443
  C:2078H         LINE#         444
  C:208EH         LINE#         445
  C:208EH         LINE#         446
  C:2090H         LINE#         447
  C:2092H         LINE#         448
  C:20AAH         LINE#         449
  C:20AAH         LINE#         450
  C:20ACH         LINE#         451
  C:20AEH         LINE#         452
  C:20C8H         LINE#         453
  C:20C8H         LINE#         454
  C:20CAH         LINE#         455
  C:20CCH         LINE#         456
  C:20E1H         LINE#         457
  C:20E1H         LINE#         458
  C:20E3H         LINE#         459
  C:20E5H         LINE#         461
  C:20E5H         LINE#         462
  C:20EAH         LINE#         463
  C:20EAH         LINE#         464
  C:20EAH         LINE#         466
  C:20EAH         LINE#         467
  C:20EAH         LINE#         469
  C:20EAH         LINE#         471
  C:20F0H         LINE#         472
  C:20F0H         LINE#         473
  C:20F3H         LINE#         474
  C:20F3H         LINE#         476
  C:20F9H         LINE#         477
  C:20F9H         LINE#         478
  C:20FCH         LINE#         479
  C:20FCH         LINE#         481
  C:2102H         LINE#         482
  C:2102H         LINE#         483
  C:211DH         LINE#         484
  C:211DH         LINE#         486
  C:2123H         LINE#         487
  C:2123H         LINE#         488
  C:2128H         LINE#         489
  C:2143H         LINE#         490
  C:2143H         LINE#         491
  -------         ENDPROC       USB_API_TEST_ISR
  -------         ENDMOD        MAIN

  -------         MODULE        MMC_SD
  C:0000H         SYMBOL        _ICE_DUMMY_
  D:00A2H         PUBLIC        SPI0CKR
  D:0080H         PUBLIC        P0
BL51 BANKED LINKER/LOCATER V6.22                                                      08/16/2021  15:14:51  PAGE 15


  D:0090H         PUBLIC        P1
  D:00A0H         PUBLIC        P2
  D:00B0H         PUBLIC        P3
  C:327EH         PUBLIC        _MMC_SD_SendCommand
  C:3445H         PUBLIC        _MMC_SD_ReadSingleBlock
  C:3A72H         PUBLIC        SD_Init
  C:3189H         PUBLIC        _MMC_SD_WriteSingleBlock
  B:00F8H.7       PUBLIC        SPIF
  B:00F8H.2       PUBLIC        NSSMD0
  C:286AH         PUBLIC        MMC_SD_Reset
  D:00A9H         PUBLIC        CLKSEL
  C:3A9DH         PUBLIC        SPI_ReadByte
  C:3A16H         PUBLIC        _SPI_WriteByte
  D:00A3H         PUBLIC        SPI0DAT
  X:0081H         PUBLIC        buffer
  C:3A0AH         SYMBOL        L?0062
  C:3A0FH         SYMBOL        L?0063
  -------         PROC          L?0061
  -------         ENDPROC       L?0061
  C:3A0AH         SYMBOL        L?0062
  C:3A0FH         SYMBOL        L?0063
  -------         PROC          _SPI_WRITEBYTE
  D:0007H         SYMBOL        val
  -------         DO            
  D:0007H         SYMBOL        ret
  -------         ENDDO         
  C:3A16H         LINE#         7
  C:3A16H         LINE#         8
  C:3A16H         LINE#         11
  C:3A18H         LINE#         12
  C:3A1BH         LINE#         13
  C:3A1DH         LINE#         14
  C:3A1FH         LINE#         15
  C:3A1FH         LINE#         16
  -------         ENDPROC       _SPI_WRITEBYTE
  -------         PROC          SPI_READBYTE
  -------         DO            
  D:0007H         SYMBOL        ret
  -------         ENDDO         
  C:3A9DH         LINE#         18
  C:3A9DH         LINE#         19
  C:3A9DH         LINE#         22
  C:3AA0H         LINE#         23
  C:3AA3H         LINE#         24
  C:3AA5H         LINE#         25
  C:3AA7H         LINE#         26
  C:3AA7H         LINE#         27
  -------         ENDPROC       SPI_READBYTE
  -------         PROC          _MMC_SD_SENDCOMMAND
  D:0006H         SYMBOL        cmd
  X:006CH         SYMBOL        arg
  -------         DO            
  D:0007H         SYMBOL        r1
  D:0003H         SYMBOL        retry
  -------         ENDDO         
  C:327EH         LINE#         29
  C:3280H         LINE#         30
BL51 BANKED LINKER/LOCATER V6.22                                                      08/16/2021  15:14:51  PAGE 16


  C:3280H         LINE#         32
  C:3282H         LINE#         34
  C:3282H         LINE#         35
  C:3282H         LINE#         36
  C:3285H         LINE#         37
  C:3285H         LINE#         38
  C:3285H         LINE#         39
  C:3288H         LINE#         41
  C:328AH         LINE#         43
  C:3291H         LINE#         44
  C:32A6H         LINE#         45
  C:32BBH         LINE#         46
  C:32D0H         LINE#         47
  C:32DAH         LINE#         48
  C:32DFH         LINE#         50
  C:32E7H         LINE#         51
  C:32F0H         LINE#         53
  C:32F2H         LINE#         55
  C:32F2H         LINE#         56
  -------         ENDPROC       _MMC_SD_SENDCOMMAND
  -------         PROC          MMC_SD_RESET
  -------         DO            
  D:0005H         SYMBOL        i
  D:0002H         SYMBOL        retry
  D:0006H         SYMBOL        r1
  -------         ENDDO         
  C:286AH         LINE#         58
  C:286AH         LINE#         59
  C:286AH         LINE#         62
  C:286CH         LINE#         64
  C:286DH         LINE#         65
  C:2870H         LINE#         66
  C:2873H         LINE#         68
  C:2873H         LINE#         69
  C:287FH         LINE#         70
  C:288FH         LINE#         71
  C:2890H         LINE#         72
  C:2896H         LINE#         73
  C:289AH         LINE#         75
  C:289CH         LINE#         77
  C:289CH         LINE#         79
  C:289CH         LINE#         80
  C:28ACH         LINE#         81
  C:28ADH         LINE#         82
  C:28B6H         LINE#         83
  C:28BAH         LINE#         85
  C:28BCH         LINE#         86
  C:28CCH         LINE#         87
  C:28CDH         LINE#         88
  C:28D6H         LINE#         89
  C:28D9H         LINE#         91
  C:28DCH         LINE#         92
  C:28DCH         LINE#         93
  C:28DEH         LINE#         95
  C:28DEH         LINE#         96
  C:28EEH         LINE#         97
  C:28EFH         LINE#         98
BL51 BANKED LINKER/LOCATER V6.22                                                      08/16/2021  15:14:51  PAGE 17


  C:28F8H         LINE#         99
  C:28FBH         LINE#         100
  C:28FBH         LINE#         101
  C:290BH         LINE#         103
  C:2919H         LINE#         104
  C:291CH         LINE#         105
  C:291FH         LINE#         106
  C:2920H         LINE#         107
  -------         ENDPROC       MMC_SD_RESET
  -------         PROC          _MMC_SD_READSINGLEBLOCK
  X:0010H         SYMBOL        sector
  -------         DO            
  D:0007H         SYMBOL        r1
  D:0004H         SYMBOL        i
  D:0002H         SYMBOL        retry
  -------         ENDDO         
  C:3445H         LINE#         109
  C:344AH         LINE#         110
  C:344AH         LINE#         113
  C:344CH         LINE#         115
  C:344FH         LINE#         117
  C:344FH         LINE#         118
  C:346BH         LINE#         119
  C:346CH         LINE#         120
  C:3475H         LINE#         121
  C:3478H         LINE#         124
  C:347AH         LINE#         126
  C:3480H         LINE#         128
  C:3483H         LINE#         129
  C:3483H         LINE#         130
  C:3492H         LINE#         131
  C:349FH         LINE#         133
  C:349FH         LINE#         134
  C:34A2H         LINE#         136
  C:34A4H         LINE#         137
  C:34A7H         LINE#         138
  C:34A8H         LINE#         139
  -------         ENDPROC       _MMC_SD_READSINGLEBLOCK
  -------         PROC          _MMC_SD_WRITESINGLEBLOCK
  X:0067H         SYMBOL        sector
  -------         DO            
  D:0006H         SYMBOL        r1
  D:0004H         SYMBOL        i
  D:0002H         SYMBOL        retry
  -------         ENDDO         
  C:3189H         LINE#         141
  C:318EH         LINE#         142
  C:318EH         LINE#         145
  C:3190H         LINE#         147
  C:3193H         LINE#         149
  C:3193H         LINE#         150
  C:31B1H         LINE#         151
  C:31B2H         LINE#         152
  C:31BBH         LINE#         153
  C:31BEH         LINE#         157
  C:31C0H         LINE#         159
  C:31C5H         LINE#         161
BL51 BANKED LINKER/LOCATER V6.22                                                      08/16/2021  15:14:51  PAGE 18


  C:31CAH         LINE#         163
  C:31CCH         LINE#         164
  C:31CCH         LINE#         165
  C:31DBH         LINE#         166
  C:31E8H         LINE#         168
  C:31E8H         LINE#         169
  C:31E8H         LINE#         171
  C:31EDH         LINE#         173
  C:31F4H         LINE#         174
  C:31F4H         LINE#         175
  C:31F6H         LINE#         176
  C:31F7H         LINE#         177
  C:31F7H         LINE#         179
  C:31FFH         LINE#         181
  C:3201H         LINE#         182
  C:3204H         LINE#         183
  C:3205H         LINE#         184
  -------         ENDPROC       _MMC_SD_WRITESINGLEBLOCK
  -------         PROC          SD_INIT
  -------         DO            
  D:0001H         SYMBOL        n
  -------         ENDDO         
  C:3A72H         LINE#         187
  C:3A72H         LINE#         188
  C:3A72H         LINE#         189
  C:3A74H         LINE#         191
  C:3A7AH         LINE#         192
  C:3A7AH         LINE#         193
  C:3A7BH         LINE#         194
  C:3A82H         LINE#         196
  -------         ENDPROC       SD_INIT
  -------         ENDMOD        MMC_SD

  -------         MODULE        LCD
  C:0000H         SYMBOL        _ICE_DUMMY_
  D:0080H         PUBLIC        P0
  C:2B35H         PUBLIC        DispFrame
  D:0090H         PUBLIC        P1
  C:2BD9H         PUBLIC        DispScaleVer_Green
  D:00A0H         PUBLIC        P2
  D:00B0H         PUBLIC        P3
  D:00C7H         PUBLIC        P4
  C:1D48H         PUBLIC        DispBand
  C:39DCH         PUBLIC        _WriteData
  C:0699H         PUBLIC        ascii
  C:1411H         PUBLIC        _LCD_Read_IC_ID
  D:00A6H         PUBLIC        P2MDOUT
  C:0046H         PUBLIC        _DispColor
  C:307DH         PUBLIC        DispScaleVer_Blue
  C:2F62H         PUBLIC        _DrawGird
  C:3103H         PUBLIC        _DrawLine
  C:3A36H         PUBLIC        _WriteComm
  C:38A4H         PUBLIC        _WriteDispData
  C:2ED1H         PUBLIC        DispScaleVer_Gray
  B:00B0H.1       PUBLIC        RS
  B:00A0H.1       PUBLIC        SPI_CLK
  C:2E40H         PUBLIC        DispScaleVer_Red
BL51 BANKED LINKER/LOCATER V6.22                                                      08/16/2021  15:14:51  PAGE 19


  D:00F3H         PUBLIC        P2MDIN
  C:2295H         PUBLIC        DispScaleVer
  C:3662H         PUBLIC        _DispPic
  C:27CFH         PUBLIC        _DispOneChar
  C:3206H         PUBLIC        DispGrayHor32
  C:2C77H         PUBLIC        DispGrayHor16
  C:2921H         PUBLIC        _DispInt
  C:36B5H         PUBLIC        _PutPixel
  D:00A9H         PUBLIC        CLKSEL
  B:0090H.6       PUBLIC        RD0
  B:00B0H.0       PUBLIC        CS0
  X:0059H         PUBLIC        LCM_ID
  C:1BB9H         PUBLIC        LCD_Init
  C:2DAAH         PUBLIC        _DispStr
  B:0090H.7       PUBLIC        WR0
  C:1643H         PUBLIC        DispScaleHor1
  B:00A0H.0       PUBLIC        SPI_DI
  C:3AA8H         PUBLIC        _WriteOneDot
  C:1861H         PUBLIC        DispScaleHor2
  C:25E9H         PUBLIC        _DispPicFromSD
  B:0080H.7       PUBLIC        DIR
  C:34A9H         PUBLIC        _ToOrd
  B:0080H.5       PUBLIC        RST
  C:3A20H         PUBLIC        ReadData
  C:2D2BH         PUBLIC        _?BlockWrite
  -------         PROC          _LCD_READ_IC_ID
  X:0067H         SYMBOL        ID
  D:0004H         SYMBOL        Bug
  D:0003H         SYMBOL        flog
  -------         DO            
  X:0068H         SYMBOL        id
  X:006AH         SYMBOL        id1
  X:006CH         SYMBOL        temp
  D:0005H         SYMBOL        i
  D:0007H         SYMBOL        dat
  D:0001H         SYMBOL        id2
  X:006EH         SYMBOL        id3
  D:0002H         SYMBOL        id4
  -------         ENDDO         
  C:1411H         LINE#         35
  C:1415H         LINE#         36
  C:1415H         LINE#         40
  C:141DH         LINE#         41
  C:141DH         LINE#         43
  C:141FH         LINE#         44
  C:1421H         LINE#         45
  C:1423H         LINE#         47
  C:1426H         LINE#         48
  C:1428H         LINE#         49
  C:142AH         LINE#         50
  C:142CH         LINE#         53
  C:142FH         LINE#         54
  C:1432H         LINE#         55
  C:1435H         LINE#         56
  C:1437H         LINE#         57
  C:1439H         LINE#         58
  C:143BH         LINE#         63
BL51 BANKED LINKER/LOCATER V6.22                                                      08/16/2021  15:14:51  PAGE 20


  C:1445H         LINE#         65
  C:144BH         LINE#         66
  C:1453H         LINE#         68
  C:1459H         LINE#         69
  C:145FH         LINE#         70
  C:1469H         LINE#         72
  C:146FH         LINE#         73
  C:1471H         LINE#         75
  C:1477H         LINE#         77
  C:147DH         LINE#         78
  C:1487H         LINE#         80
  C:148DH         LINE#         81
  C:1492H         LINE#         83
  C:1498H         LINE#         85
  C:14A2H         LINE#         86
  C:14ACH         LINE#         88
  C:14B2H         LINE#         89
  C:14B4H         LINE#         91
  C:14C4H         LINE#         92
  C:14CEH         LINE#         94
  C:14D1H         LINE#         95
  C:14D5H         LINE#         96
  C:14D5H         LINE#         97
  C:14DEH         LINE#         98
  C:14E4H         LINE#         99
  C:14E4H         LINE#         100
  C:14EEH         LINE#         101
  C:14F0H         LINE#         102
  C:14F4H         LINE#         103
  C:14F4H         LINE#         104
  C:1503H         LINE#         105
  C:1503H         LINE#         108
  C:1503H         LINE#         109
  C:150CH         LINE#         110
  C:150CH         LINE#         112
  C:150FH         LINE#         113
  C:1513H         LINE#         114
  C:1515H         LINE#         115
  C:1517H         LINE#         116
  C:1519H         LINE#         117
  C:1519H         LINE#         118
  C:151BH         LINE#         119
  C:1523H         LINE#         120
  C:1525H         LINE#         122
  C:1527H         LINE#         123
  C:152BH         LINE#         124
  C:1530H         LINE#         125
  C:1533H         LINE#         128
  C:153DH         LINE#         129
  C:153DH         LINE#         130
  C:153FH         LINE#         131
  C:153FH         LINE#         132
  C:1541H         LINE#         133
  C:1543H         LINE#         134
  C:1545H         LINE#         135
  C:155CH         LINE#         136
  C:155EH         LINE#         137
BL51 BANKED LINKER/LOCATER V6.22                                                      08/16/2021  15:14:51  PAGE 21


  C:1560H         LINE#         138
  C:1567H         LINE#         139
  C:1571H         LINE#         140
  C:1571H         LINE#         141
  C:1573H         LINE#         142
  C:1573H         LINE#         143
  C:1575H         LINE#         144
  C:1577H         LINE#         145
  C:1579H         LINE#         146
  C:1590H         LINE#         147
  C:1592H         LINE#         148
  C:1594H         LINE#         149
  C:1599H         LINE#         150
  C:1599H         LINE#         152
  C:159BH         LINE#         153
  C:159BH         LINE#         154
  C:159DH         LINE#         155
  C:159FH         LINE#         156
  C:15A1H         LINE#         157
  C:15B8H         LINE#         158
  C:15BAH         LINE#         159
  C:15BCH         LINE#         160
  C:15C1H         LINE#         162
  C:15C3H         LINE#         163
  C:15C3H         LINE#         164
  C:15C5H         LINE#         165
  C:15C7H         LINE#         166
  C:15C9H         LINE#         167
  C:15D3H         LINE#         168
  C:15D5H         LINE#         169
  C:15D7H         LINE#         170
  C:15DCH         LINE#         172
  C:15DEH         LINE#         173
  C:15DEH         LINE#         174
  C:15E0H         LINE#         175
  C:15E2H         LINE#         176
  C:15E4H         LINE#         177
  C:15F0H         LINE#         178
  C:15F2H         LINE#         179
  C:15F4H         LINE#         180
  C:15F9H         LINE#         181
  C:15FCH         LINE#         182
  C:15FEH         LINE#         183
  C:1600H         LINE#         184
  C:1602H         LINE#         185
  C:1604H         LINE#         186
  C:1606H         LINE#         187
  C:1608H         LINE#         189
  C:160CH         LINE#         190
  C:160CH         LINE#         191
  C:161CH         LINE#         193
  C:1627H         LINE#         194
  C:1627H         LINE#         195
  C:1627H         LINE#         197
  C:162DH         LINE#         198
  C:162DH         LINE#         199
  C:1639H         LINE#         200
BL51 BANKED LINKER/LOCATER V6.22                                                      08/16/2021  15:14:51  PAGE 22


  C:1639H         LINE#         202
  C:1639H         LINE#         203
  C:163BH         LINE#         204
  C:1642H         LINE#         205
  -------         ENDPROC       _LCD_READ_IC_ID
  -------         PROC          _WRITECOMM
  D:0004H         SYMBOL        i
  -------         DO            
  X:007FH         SYMBOL        j
  X:0080H         SYMBOL        DataH
  -------         ENDDO         
  C:3A36H         LINE#         208
  C:3A38H         LINE#         209
  C:3A38H         LINE#         211
  C:3A3CH         LINE#         212
  C:3A3EH         LINE#         215
  C:3A3EH         LINE#         216
  C:3A40H         LINE#         217
  C:3A42H         LINE#         218
  C:3A44H         LINE#         219
  C:3A46H         LINE#         220
  C:3A48H         LINE#         221
  C:3A48H         LINE#         319
  C:3A4AH         LINE#         320
  -------         ENDPROC       _WRITECOMM
  -------         PROC          L?0449
  -------         ENDPROC       L?0449
  -------         PROC          _WRITEDATA
  D:0004H         SYMBOL        i
  -------         DO            
  X:007FH         SYMBOL        j
  X:0080H         SYMBOL        DataH
  -------         ENDDO         
  C:39DCH         LINE#         322
  C:39DEH         LINE#         323
  C:39DEH         LINE#         325
  C:39E2H         LINE#         326
  C:39E4H         LINE#         329
  C:39E4H         LINE#         330
  C:39E6H         LINE#         331
  C:39E8H         LINE#         332
  C:39EAH         LINE#         333
  C:39ECH         LINE#         334
  C:39EEH         LINE#         335
  C:39EEH         LINE#         513
  C:39F0H         LINE#         514
  -------         ENDPROC       _WRITEDATA
  C:388FH         SYMBOL        L?0448
  -------         PROC          L?0447
  -------         ENDPROC       L?0447
  C:388FH         SYMBOL        L?0448
  -------         PROC          _WRITEDISPDATA
  D:0007H         SYMBOL        DataH
  D:0005H         SYMBOL        DataL
  -------         DO            
  X:007FH         SYMBOL        j
  -------         ENDDO         
BL51 BANKED LINKER/LOCATER V6.22                                                      08/16/2021  15:14:51  PAGE 23


  C:38A4H         LINE#         516
  C:38A4H         LINE#         517
  C:38A4H         LINE#         519
  C:38A6H         LINE#         522
  C:38A6H         LINE#         523
  C:38A8H         LINE#         524
  C:38AAH         LINE#         525
  C:38ACH         LINE#         526
  C:38AEH         LINE#         527
  C:38B0H         LINE#         528
  C:38B4H         LINE#         529
  C:38B6H         LINE#         530
  C:38B8H         LINE#         531
  C:38B8H         LINE#         638
  C:38BAH         LINE#         639
  -------         ENDPROC       _WRITEDISPDATA
  -------         PROC          _WRITEONEDOT
  D:0004H         SYMBOL        color
  C:3AA8H         LINE#         641
  C:3AACH         LINE#         642
  C:3AACH         LINE#         655
  -------         ENDPROC       _WRITEONEDOT
  -------         PROC          LCD_INIT
  C:1BB9H         LINE#         664
  C:1BB9H         LINE#         665
  C:1BB9H         LINE#         666
  C:1BBCH         LINE#         669
  C:1BBEH         LINE#         670
  C:1BC5H         LINE#         672
  C:1BC7H         LINE#         673
  C:1BCEH         LINE#         675
  C:1BD0H         LINE#         676
  C:1BD7H         LINE#         1682
  C:1BDEH         LINE#         1683
  C:1BE3H         LINE#         1685
  C:1BEAH         LINE#         1686
  C:1BEFH         LINE#         1687
  C:1BF4H         LINE#         1688
  C:1BF9H         LINE#         1690
  C:1BFEH         LINE#         1691
  C:1C03H         LINE#         1692
  C:1C08H         LINE#         1693
  C:1C0DH         LINE#         1695
  C:1C12H         LINE#         1696
  C:1C17H         LINE#         1697
  C:1C1CH         LINE#         1698
  C:1C21H         LINE#         1699
  C:1C24H         LINE#         1700
  C:1C29H         LINE#         1701
  C:1C2EH         LINE#         1703
  C:1C33H         LINE#         1704
  C:1C38H         LINE#         1706
  C:1C3DH         LINE#         1707
  C:1C42H         LINE#         1708
  C:1C47H         LINE#         1709
  C:1C4CH         LINE#         1711
  C:1C51H         LINE#         1712
BL51 BANKED LINKER/LOCATER V6.22                                                      08/16/2021  15:14:51  PAGE 24


  C:1C55H         LINE#         1714
  C:1C5AH         LINE#         1715
  C:1C5FH         LINE#         1716
  C:1C64H         LINE#         1718
  C:1C69H         LINE#         1719
  C:1C6EH         LINE#         1720
  C:1C73H         LINE#         1722
  C:1C78H         LINE#         1723
  C:1C7DH         LINE#         1724
  C:1C82H         LINE#         1726
  C:1C87H         LINE#         1727
  C:1C8CH         LINE#         1729
  C:1C91H         LINE#         1730
  C:1C96H         LINE#         1732
  C:1C9BH         LINE#         1733
  C:1CA0H         LINE#         1734
  C:1CA5H         LINE#         1735
  C:1CAAH         LINE#         1736
  C:1CAFH         LINE#         1737
  C:1CB4H         LINE#         1738
  C:1CB9H         LINE#         1739
  C:1CBEH         LINE#         1740
  C:1CC3H         LINE#         1741
  C:1CC6H         LINE#         1742
  C:1CC9H         LINE#         1743
  C:1CCEH         LINE#         1744
  C:1CD3H         LINE#         1745
  C:1CD8H         LINE#         1746
  C:1CDDH         LINE#         1747
  C:1CE1H         LINE#         1748
  C:1CE6H         LINE#         1750
  C:1CEBH         LINE#         1751
  C:1CF0H         LINE#         1752
  C:1CF5H         LINE#         1753
  C:1CFAH         LINE#         1754
  C:1CFFH         LINE#         1755
  C:1D04H         LINE#         1756
  C:1D09H         LINE#         1757
  C:1D0EH         LINE#         1758
  C:1D13H         LINE#         1759
  C:1D17H         LINE#         1760
  C:1D1CH         LINE#         1761
  C:1D21H         LINE#         1762
  C:1D26H         LINE#         1763
  C:1D2BH         LINE#         1764
  C:1D30H         LINE#         1765
  C:1D34H         LINE#         1766
  C:1D39H         LINE#         1768
  C:1D3EH         LINE#         1769
  C:1D43H         LINE#         1771
  -------         ENDPROC       LCD_INIT
  C:2D13H         SYMBOL        L?0443
  -------         PROC          L?0442
  -------         ENDPROC       L?0442
  C:2D13H         SYMBOL        L?0443
  -------         PROC          _?BLOCKWRITE
  p:0000H         SYMBOL        Xstart
BL51 BANKED LINKER/LOCATER V6.22                                                      08/16/2021  15:14:51  PAGE 25


  p:0002H         SYMBOL        Xend
  p:0004H         SYMBOL        Ystart
  p:0006H         SYMBOL        Yend
  C:2D2BH         LINE#         5098
  C:2D4CH         LINE#         5201
  C:2D53H         LINE#         5202
  C:2D5AH         LINE#         5203
  C:2D62H         LINE#         5204
  C:2D6DH         LINE#         5205
  C:2D77H         LINE#         5207
  C:2D7CH         LINE#         5208
  C:2D86H         LINE#         5210
  C:2D8DH         LINE#         5211
  C:2D97H         LINE#         5212
  C:2D9EH         LINE#         5218
  C:2DA3H         LINE#         5225
  -------         ENDPROC       _?BLOCKWRITE
  -------         PROC          _DISPCOLOR
  D:0004H         SYMBOL        color
  -------         DO            
  X:005EH         SYMBOL        i
  D:0002H         SYMBOL        m
  X:0060H         SYMBOL        DataH
  X:0061H         SYMBOL        DataL
  -------         ENDDO         
  C:0046H         LINE#         5227
  C:0048H         LINE#         5228
  C:0048H         LINE#         5231
  C:004EH         LINE#         5233
  C:0051H         LINE#         5235
  C:0053H         LINE#         5236
  C:0059H         LINE#         5237
  C:0059H         LINE#         5238
  C:005CH         LINE#         5239
  C:005CH         LINE#         5240
  C:0066H         LINE#         5241
  C:0071H         LINE#         5242
  C:0087H         LINE#         5244
  C:0089H         LINE#         5245
  -------         ENDPROC       _DISPCOLOR
  -------         PROC          DISPFRAME
  -------         DO            
  D:0002H         SYMBOL        i
  X:005EH         SYMBOL        j
  D:0001H         SYMBOL        DataH
  D:0006H         SYMBOL        DataL
  -------         ENDDO         
  C:2B35H         LINE#         5247
  C:2B35H         LINE#         5248
  C:2B35H         LINE#         5251
  C:2B38H         LINE#         5253
  C:2B3AH         LINE#         5256
  C:2B3EH         LINE#         5257
  C:2B44H         LINE#         5259
  C:2B44H         LINE#         5260
  C:2B44H         LINE#         5261
  C:2B48H         LINE#         5262
BL51 BANKED LINKER/LOCATER V6.22                                                      08/16/2021  15:14:51  PAGE 26


  C:2B4FH         LINE#         5263
  C:2B5AH         LINE#         5265
  C:2B5EH         LINE#         5266
  C:2B64H         LINE#         5268
  C:2B69H         LINE#         5269
  C:2B69H         LINE#         5270
  C:2B6DH         LINE#         5271
  C:2B73H         LINE#         5273
  C:2B75H         LINE#         5274
  C:2B75H         LINE#         5275
  C:2B78H         LINE#         5276
  C:2B7DH         LINE#         5277
  C:2B88H         LINE#         5279
  C:2B8CH         LINE#         5280
  C:2B92H         LINE#         5282
  C:2BA8H         LINE#         5284
  C:2BACH         LINE#         5285
  C:2BB2H         LINE#         5287
  C:2BB4H         LINE#         5288
  C:2BB4H         LINE#         5289
  C:2BB8H         LINE#         5290
  C:2BBFH         LINE#         5291
  C:2BCAH         LINE#         5293
  C:2BCEH         LINE#         5294
  C:2BD4H         LINE#         5296
  C:2BD6H         LINE#         5297
  C:2BD8H         LINE#         5298
  -------         ENDPROC       DISPFRAME
  -------         PROC          DISPBAND
  -------         DO            
  D:0002H         SYMBOL        i
  X:0014H         SYMBOL        j
  X:0015H         SYMBOL        k
  X:0016H         SYMBOL        m
  X:0017H         SYMBOL        n
  X:0018H         SYMBOL        x
  -------         ENDDO         
  C:1D48H         LINE#         5300
  C:1D48H         LINE#         5301
  C:1D48H         LINE#         5304
  C:1D52H         LINE#         5305
  C:1D5BH         LINE#         5306
  C:1D5DH         LINE#         5309
  C:1D60H         LINE#         5310
  C:1D6CH         LINE#         5311
  C:1D6CH         LINE#         5312
  C:1D87H         LINE#         5313
  C:1DA2H         LINE#         5314
  C:1DCEH         LINE#         5315
  C:1DD5H         LINE#         5316
  C:1DE4H         LINE#         5317
  C:1DE4H         LINE#         5318
  C:1DFFH         LINE#         5319
  C:1E1AH         LINE#         5320
  C:1E46H         LINE#         5321
  C:1E4DH         LINE#         5322
  C:1E63H         LINE#         5323
BL51 BANKED LINKER/LOCATER V6.22                                                      08/16/2021  15:14:51  PAGE 27


  C:1E63H         LINE#         5324
  C:1E7EH         LINE#         5325
  C:1E99H         LINE#         5326
  C:1EC5H         LINE#         5327
  C:1ECCH         LINE#         5328
  C:1ECEH         LINE#         5329
  C:1ED1H         LINE#         5330
  -------         ENDPROC       DISPBAND
  -------         PROC          _DISPPIC
  D:0006H         SYMBOL        picture
  -------         DO            
  X:0019H         SYMBOL        p
  X:001CH         SYMBOL        n
  -------         ENDDO         
  C:3662H         LINE#         5333
  C:3662H         LINE#         5334
  C:3662H         LINE#         5337
  C:3671H         LINE#         5338
  C:3671H         LINE#         5339
  C:3671H         LINE#         5341
  C:3674H         LINE#         5343
  C:3687H         LINE#         5344
  C:3687H         LINE#         5345
  C:36A7H         LINE#         5346
  C:36B4H         LINE#         5348
  -------         ENDPROC       _DISPPIC
  -------         PROC          _DISPPICFROMSD
  X:001EH         SYMBOL        PicNum
  -------         DO            
  X:001FH         SYMBOL        Address_S
  X:0023H         SYMBOL        Address_E
  D:0002H         SYMBOL        i
  X:0027H         SYMBOL        k
  -------         ENDDO         
  C:25E9H         LINE#         5352
  C:25ECH         LINE#         5353
  C:25ECH         LINE#         5359
  C:25EFH         LINE#         5362
  C:25F1H         LINE#         5364
  C:25F3H         LINE#         5366
  C:25FCH         LINE#         5367
  C:2627H         LINE#         5368
  C:2650H         LINE#         5369
  C:2673H         LINE#         5370
  C:2673H         LINE#         5371
  C:2683H         LINE#         5373
  C:268CH         LINE#         5374
  C:268CH         LINE#         5376
  C:26A7H         LINE#         5377
  C:26B0H         LINE#         5378
  C:26CFH         LINE#         5380
  C:26D1H         LINE#         5418
  -------         ENDPROC       _DISPPICFROMSD
  -------         PROC          DISPSCALEHOR1
  -------         DO            
  X:002BH         SYMBOL        i
  X:002DH         SYMBOL        j
BL51 BANKED LINKER/LOCATER V6.22                                                      08/16/2021  15:14:51  PAGE 28


  D:0002H         SYMBOL        k
  -------         ENDDO         
  C:1643H         LINE#         5423
  C:1643H         LINE#         5424
  C:1643H         LINE#         5427
  C:1646H         LINE#         5430
  C:1646H         LINE#         5431
  C:1646H         LINE#         5432
  C:1666H         LINE#         5433
  C:166CH         LINE#         5434
  C:166CH         LINE#         5435
  C:1672H         LINE#         5436
  C:1672H         LINE#         5437
  C:1687H         LINE#         5438
  C:169DH         LINE#         5439
  C:16B3H         LINE#         5441
  C:16BEH         LINE#         5444
  C:16C1H         LINE#         5445
  C:16C1H         LINE#         5446
  C:16E1H         LINE#         5447
  C:16E7H         LINE#         5448
  C:16E7H         LINE#         5449
  C:16EDH         LINE#         5450
  C:16EDH         LINE#         5451
  C:1718H         LINE#         5452
  C:172EH         LINE#         5453
  C:1744H         LINE#         5454
  C:1752H         LINE#         5457
  C:1755H         LINE#         5458
  C:1755H         LINE#         5459
  C:1775H         LINE#         5460
  C:177BH         LINE#         5461
  C:177BH         LINE#         5462
  C:1781H         LINE#         5463
  C:1781H         LINE#         5464
  C:178BH         LINE#         5465
  C:17A1H         LINE#         5466
  C:17B7H         LINE#         5467
  C:17C2H         LINE#         5470
  C:17C5H         LINE#         5471
  C:17C5H         LINE#         5472
  C:17E5H         LINE#         5473
  C:17EBH         LINE#         5474
  C:17EBH         LINE#         5475
  C:17F1H         LINE#         5476
  C:17F1H         LINE#         5477
  C:1824H         LINE#         5478
  C:183AH         LINE#         5479
  C:1850H         LINE#         5480
  C:185EH         LINE#         5481
  C:1860H         LINE#         5482
  -------         ENDPROC       DISPSCALEHOR1
  -------         PROC          DISPSCALEVER
  -------         DO            
  X:002FH         SYMBOL        i
  X:0031H         SYMBOL        j
  D:0002H         SYMBOL        k
BL51 BANKED LINKER/LOCATER V6.22                                                      08/16/2021  15:14:51  PAGE 29


  -------         ENDDO         
  C:2295H         LINE#         5484
  C:2295H         LINE#         5485
  C:2295H         LINE#         5554
  C:2298H         LINE#         5556
  C:229EH         LINE#         5557
  C:229EH         LINE#         5558
  C:22A4H         LINE#         5559
  C:22A4H         LINE#         5560
  C:22AAH         LINE#         5561
  C:22C0H         LINE#         5562
  C:22C7H         LINE#         5564
  C:22CAH         LINE#         5565
  C:22CAH         LINE#         5567
  C:22D0H         LINE#         5568
  C:22D0H         LINE#         5570
  C:22D6H         LINE#         5571
  C:22D6H         LINE#         5572
  C:22E8H         LINE#         5573
  C:22FEH         LINE#         5575
  C:2304H         LINE#         5576
  C:2304H         LINE#         5577
  C:232CH         LINE#         5578
  C:2342H         LINE#         5580
  C:2348H         LINE#         5581
  C:2348H         LINE#         5582
  C:234FH         LINE#         5583
  C:2365H         LINE#         5585
  C:236BH         LINE#         5586
  C:236BH         LINE#         5587
  C:237FH         LINE#         5588
  C:2395H         LINE#         5590
  C:23AEH         LINE#         5592
  C:23BCH         LINE#         5594
  -------         ENDPROC       DISPSCALEVER
  -------         PROC          DISPSCALEVER_RED
  -------         DO            
  X:0033H         SYMBOL        i
  X:0035H         SYMBOL        j
  D:0002H         SYMBOL        k
  -------         ENDDO         
  C:2E40H         LINE#         5596
  C:2E40H         LINE#         5597
  C:2E40H         LINE#         5600
  C:2E43H         LINE#         5602
  C:2E45H         LINE#         5604
  C:2E47H         LINE#         5607
  C:2E4DH         LINE#         5608
  C:2E4DH         LINE#         5609
  C:2E53H         LINE#         5610
  C:2E53H         LINE#         5611
  C:2E59H         LINE#         5612
  C:2E6FH         LINE#         5613
  C:2E76H         LINE#         5615
  C:2E79H         LINE#         5616
  C:2E79H         LINE#         5617
  C:2E7FH         LINE#         5618
BL51 BANKED LINKER/LOCATER V6.22                                                      08/16/2021  15:14:51  PAGE 30


  C:2E7FH         LINE#         5620
  C:2E85H         LINE#         5621
  C:2E85H         LINE#         5622
  C:2E97H         LINE#         5623
  C:2EADH         LINE#         5624
  C:2EC3H         LINE#         5626
  C:2ECEH         LINE#         5628
  C:2ED0H         LINE#         5629
  -------         ENDPROC       DISPSCALEVER_RED
  -------         PROC          DISPSCALEVER_GREEN
  -------         DO            
  X:0037H         SYMBOL        i
  X:0039H         SYMBOL        j
  D:0002H         SYMBOL        k
  -------         ENDDO         
  C:2BD9H         LINE#         5631
  C:2BD9H         LINE#         5632
  C:2BD9H         LINE#         5635
  C:2BDCH         LINE#         5637
  C:2BDEH         LINE#         5638
  C:2BE0H         LINE#         5641
  C:2BE0H         LINE#         5642
  C:2BE0H         LINE#         5643
  C:2BE6H         LINE#         5644
  C:2BE6H         LINE#         5645
  C:2BECH         LINE#         5647
  C:2C02H         LINE#         5648
  C:2C0DH         LINE#         5650
  C:2C10H         LINE#         5651
  C:2C10H         LINE#         5652
  C:2C16H         LINE#         5653
  C:2C16H         LINE#         5655
  C:2C1CH         LINE#         5656
  C:2C1CH         LINE#         5658
  C:2C3DH         LINE#         5659
  C:2C53H         LINE#         5660
  C:2C69H         LINE#         5662
  C:2C74H         LINE#         5664
  C:2C76H         LINE#         5665
  -------         ENDPROC       DISPSCALEVER_GREEN
  -------         PROC          DISPSCALEVER_BLUE
  -------         DO            
  X:003BH         SYMBOL        i
  X:003DH         SYMBOL        j
  D:0002H         SYMBOL        k
  -------         ENDDO         
  C:307DH         LINE#         5667
  C:307DH         LINE#         5668
  C:307DH         LINE#         5671
  C:3080H         LINE#         5673
  C:3082H         LINE#         5674
  C:3084H         LINE#         5677
  C:308AH         LINE#         5678
  C:308AH         LINE#         5679
  C:3090H         LINE#         5680
  C:3090H         LINE#         5681
  C:3096H         LINE#         5682
BL51 BANKED LINKER/LOCATER V6.22                                                      08/16/2021  15:14:51  PAGE 31


  C:30ACH         LINE#         5683
  C:30B3H         LINE#         5685
  C:30B6H         LINE#         5686
  C:30B6H         LINE#         5687
  C:30BCH         LINE#         5688
  C:30BCH         LINE#         5690
  C:30C2H         LINE#         5691
  C:30C2H         LINE#         5692
  C:30C9H         LINE#         5693
  C:30DFH         LINE#         5694
  C:30F5H         LINE#         5696
  C:3100H         LINE#         5698
  C:3102H         LINE#         5699
  -------         ENDPROC       DISPSCALEVER_BLUE
  -------         PROC          DISPSCALEVER_GRAY
  -------         DO            
  X:003FH         SYMBOL        i
  X:0041H         SYMBOL        j
  D:0002H         SYMBOL        k
  -------         ENDDO         
  C:2ED1H         LINE#         5701
  C:2ED1H         LINE#         5702
  C:2ED1H         LINE#         5705
  C:2ED4H         LINE#         5707
  C:2ED6H         LINE#         5712
  C:2EDCH         LINE#         5713
  C:2EDCH         LINE#         5714
  C:2EE2H         LINE#         5715
  C:2EE2H         LINE#         5716
  C:2EE8H         LINE#         5718
  C:2EFEH         LINE#         5719
  C:2F05H         LINE#         5721
  C:2F08H         LINE#         5722
  C:2F08H         LINE#         5723
  C:2F0EH         LINE#         5724
  C:2F0EH         LINE#         5726
  C:2F14H         LINE#         5727
  C:2F14H         LINE#         5728
  C:2F28H         LINE#         5729
  C:2F3EH         LINE#         5730
  C:2F54H         LINE#         5732
  C:2F5FH         LINE#         5734
  C:2F61H         LINE#         5735
  -------         ENDPROC       DISPSCALEVER_GRAY
  -------         PROC          DISPGRAYHOR16
  -------         DO            
  X:005EH         SYMBOL        i
  D:0002H         SYMBOL        j
  X:0060H         SYMBOL        k
  -------         ENDDO         
  C:2C77H         LINE#         5737
  C:2C77H         LINE#         5738
  C:2C77H         LINE#         5741
  C:2C7AH         LINE#         5743
  C:2C7CH         LINE#         5744
  C:2C7EH         LINE#         5746
  C:2C84H         LINE#         5747
BL51 BANKED LINKER/LOCATER V6.22                                                      08/16/2021  15:14:51  PAGE 32


  C:2C84H         LINE#         5748
  C:2C8DH         LINE#         5749
  C:2C8DH         LINE#         5750
  C:2C93H         LINE#         5751
  C:2C9AH         LINE#         5753
  C:2C9DH         LINE#         5754
  C:2C9DH         LINE#         5755
  C:2CA3H         LINE#         5756
  C:2CA3H         LINE#         5757
  C:2CD5H         LINE#         5758
  C:2CEBH         LINE#         5759
  C:2CF6H         LINE#         5760
  C:2D0FH         LINE#         5762
  C:2D11H         LINE#         5763
  -------         ENDPROC       DISPGRAYHOR16
  -------         PROC          DISPGRAYHOR32
  -------         DO            
  X:0043H         SYMBOL        i
  D:0002H         SYMBOL        j
  X:0045H         SYMBOL        k
  -------         ENDDO         
  C:3206H         LINE#         5765
  C:3206H         LINE#         5766
  C:3206H         LINE#         5769
  C:3209H         LINE#         5771
  C:320BH         LINE#         5773
  C:3211H         LINE#         5774
  C:3211H         LINE#         5775
  C:321AH         LINE#         5776
  C:321AH         LINE#         5777
  C:3220H         LINE#         5778
  C:3227H         LINE#         5780
  C:322AH         LINE#         5781
  C:322AH         LINE#         5782
  C:3230H         LINE#         5783
  C:3230H         LINE#         5784
  C:3244H         LINE#         5785
  C:325AH         LINE#         5786
  C:3265H         LINE#         5787
  C:327BH         LINE#         5789
  C:327DH         LINE#         5790
  -------         ENDPROC       DISPGRAYHOR32
  -------         PROC          DISPSCALEHOR2
  -------         DO            
  X:0047H         SYMBOL        j
  D:0002H         SYMBOL        k
  -------         ENDDO         
  C:1861H         LINE#         5792
  C:1861H         LINE#         5793
  C:1861H         LINE#         5796
  C:1864H         LINE#         5798
  C:1864H         LINE#         5799
  C:1864H         LINE#         5800
  C:186AH         LINE#         5801
  C:1887H         LINE#         5802
  C:1892H         LINE#         5803
  C:1895H         LINE#         5804
BL51 BANKED LINKER/LOCATER V6.22                                                      08/16/2021  15:14:51  PAGE 33


  C:1895H         LINE#         5805
  C:189BH         LINE#         5806
  C:18B8H         LINE#         5807
  C:18C3H         LINE#         5808
  C:18C6H         LINE#         5809
  C:18C6H         LINE#         5810
  C:18CCH         LINE#         5811
  C:18E9H         LINE#         5812
  C:18F4H         LINE#         5813
  C:18F7H         LINE#         5814
  C:18F7H         LINE#         5815
  C:18FDH         LINE#         5816
  C:191AH         LINE#         5817
  C:1925H         LINE#         5818
  C:1928H         LINE#         5819
  C:1928H         LINE#         5820
  C:192EH         LINE#         5821
  C:194BH         LINE#         5822
  C:1956H         LINE#         5823
  C:1959H         LINE#         5824
  C:1959H         LINE#         5825
  C:195FH         LINE#         5826
  C:197CH         LINE#         5827
  C:1987H         LINE#         5828
  C:198AH         LINE#         5829
  C:198AH         LINE#         5830
  C:1990H         LINE#         5831
  C:19ADH         LINE#         5832
  C:19B8H         LINE#         5833
  C:19BBH         LINE#         5834
  C:19BBH         LINE#         5835
  C:19C1H         LINE#         5836
  C:19DDH         LINE#         5837
  C:19E8H         LINE#         5838
  C:19F1H         LINE#         5839
  C:19F1H         LINE#         5840
  C:19F7H         LINE#         5841
  C:1A13H         LINE#         5842
  C:1A1AH         LINE#         5844
  -------         ENDPROC       DISPSCALEHOR2
  -------         PROC          _TOORD
  D:0007H         SYMBOL        ch
  C:34A9H         LINE#         5949
  C:34A9H         LINE#         5950
  C:34A9H         LINE#         5951
  C:34AFH         LINE#         5952
  C:34AFH         LINE#         5953
  C:34B1H         LINE#         5954
  C:34B3H         LINE#         5955
  C:34BFH         LINE#         5956
  C:34BFH         LINE#         5957
  C:34C3H         LINE#         5958
  C:34C5H         LINE#         5959
  C:34D1H         LINE#         5960
  C:34D1H         LINE#         5961
  C:34D5H         LINE#         5962
  C:34D7H         LINE#         5963
BL51 BANKED LINKER/LOCATER V6.22                                                      08/16/2021  15:14:51  PAGE 34


  C:34E3H         LINE#         5964
  C:34E3H         LINE#         5965
  C:34E7H         LINE#         5966
  C:34E9H         LINE#         5967
  C:34F5H         LINE#         5968
  C:34F5H         LINE#         5969
  C:34F9H         LINE#         5970
  C:34FBH         LINE#         5971
  C:3501H         LINE#         5972
  C:3501H         LINE#         5973
  C:3503H         LINE#         5974
  C:3503H         LINE#         5976
  C:3503H         LINE#         5977
  -------         ENDPROC       _TOORD
  C:27A7H         SYMBOL        L?0445
  C:27BFH         SYMBOL        L?0446
  -------         PROC          L?0444
  -------         ENDPROC       L?0444
  C:27A7H         SYMBOL        L?0445
  C:27BFH         SYMBOL        L?0446
  -------         PROC          _DISPONECHAR
  X:0072H         SYMBOL        ord
  D:0006H         SYMBOL        Xstart
  D:0002H         SYMBOL        Ystart
  X:0077H         SYMBOL        TextColor
  X:0079H         SYMBOL        BackColor
  -------         DO            
  X:007BH         SYMBOL        i
  D:0002H         SYMBOL        j
  X:007CH         SYMBOL        p
  D:0003H         SYMBOL        dat
  D:0006H         SYMBOL        index
  -------         ENDDO         
  C:27CFH         LINE#         5979
  C:27D7H         LINE#         5980
  C:27D7H         LINE#         5986
  C:27F1H         LINE#         5988
  C:27F7H         LINE#         5990
  C:27FFH         LINE#         5991
  C:2801H         LINE#         5993
  C:280FH         LINE#         5995
  C:281CH         LINE#         5996
  C:2823H         LINE#         5998
  C:2827H         LINE#         5999
  C:2827H         LINE#         6000
  C:283CH         LINE#         6001
  C:283EH         LINE#         6002
  C:283EH         LINE#         6003
  C:284BH         LINE#         6004
  C:284BH         LINE#         6005
  C:284DH         LINE#         6006
  C:284FH         LINE#         6008
  C:284FH         LINE#         6009
  C:2859H         LINE#         6010
  C:2859H         LINE#         6011
  C:285EH         LINE#         6012
  C:2869H         LINE#         6013
BL51 BANKED LINKER/LOCATER V6.22                                                      08/16/2021  15:14:51  PAGE 35


  -------         ENDPROC       _DISPONECHAR
  -------         PROC          _DISPSTR
[...]
  C:1337H         LINE#         321
  C:1346H         LINE#         322
  C:1346H         LINE#         323
  C:135BH         LINE#         324
  C:1360H         LINE#         325
  C:1368H         LINE#         326
  C:1372H         LINE#         327
  C:1380H         LINE#         328
  C:138EH         LINE#         329
  C:1390H         LINE#         331
  C:1390H         LINE#         332
  C:1395H         LINE#         333
  C:1398H         LINE#         334
  C:13B0H         LINE#         335
  C:13B0H         LINE#         336
  C:13C9H         LINE#         337
  C:13CEH         LINE#         338
  C:13D6H         LINE#         339
  C:13DDH         LINE#         340
  C:13E2H         LINE#         341
  C:13E2H         LINE#         342
  C:13F6H         LINE#         343
  C:13F6H         LINE#         344
BL51 BANKED LINKER/LOCATER V6.22                                                      08/16/2021  15:14:51  PAGE 43


  C:13FDH         LINE#         345
  C:1402H         LINE#         346
  C:1402H         LINE#         347
  C:1410H         LINE#         348
  C:1410H         LINE#         349
  -------         ENDPROC       USBXCORE_HANDLE_SETUP
  -------         PROC          USBXCORE_FORCE_STALL
  C:39BBH         LINE#         356
  C:39BBH         LINE#         358
  C:39C6H         LINE#         359
  C:39D1H         LINE#         360
  C:39D7H         LINE#         361
  -------         ENDPROC       USBXCORE_FORCE_STALL
  -------         PROC          USBXCORE_GET_STATUS
  C:3366H         LINE#         367
  C:3366H         LINE#         369
  C:3375H         LINE#         370
  C:3375H         LINE#         371
  C:3375H         LINE#         372
  C:3375H         LINE#         373
  C:3375H         LINE#         374
  C:3377H         LINE#         375
  C:3377H         LINE#         379
  C:3377H         LINE#         381
  C:3385H         LINE#         385
  C:3385H         LINE#         386
  C:3385H         LINE#         387
  C:3385H         LINE#         388
  C:3387H         LINE#         390
  C:3387H         LINE#         392
  C:3395H         LINE#         396
  C:3395H         LINE#         397
  C:33A2H         LINE#         398
  C:33A2H         LINE#         399
  C:33A4H         LINE#         401
  C:33A4H         LINE#         402
  C:33B2H         LINE#         403
  C:33BBH         LINE#         404
  C:33BBH         LINE#         405
  C:33BBH         LINE#         406
  C:33BDH         LINE#         407
  C:33BDH         LINE#         408
  C:33C0H         LINE#         409
  C:33C0H         LINE#         410
  C:33C0H         LINE#         411
  C:33C8H         LINE#         412
  C:33C8H         LINE#         413
  C:33CBH         LINE#         414
  C:33D1H         LINE#         415
  C:33D8H         LINE#         416
  C:33D8H         LINE#         417
  -------         ENDPROC       USBXCORE_GET_STATUS
  -------         PROC          USBXCORE_CLEAR_FEATURE
  C:355EH         LINE#         423
  C:355EH         LINE#         425
  C:3564H         LINE#         426
  C:3564H         LINE#         428
BL51 BANKED LINKER/LOCATER V6.22                                                      08/16/2021  15:14:51  PAGE 44


  C:356BH         LINE#         429
  C:356BH         LINE#         430
  C:3576H         LINE#         436
  C:3581H         LINE#         437
  C:3586H         LINE#         438
  C:3588H         LINE#         440
  C:3588H         LINE#         442
  C:3593H         LINE#         446
  C:359EH         LINE#         447
  C:35A3H         LINE#         448
  C:35A3H         LINE#         449
  C:35A5H         LINE#         451
  C:35A5H         LINE#         452
  C:35A8H         LINE#         453
  C:35A8H         LINE#         454
  C:35B3H         LINE#         455
  -------         ENDPROC       USBXCORE_CLEAR_FEATURE
  -------         PROC          USBXCORE_VENDOR_USB_API
  C:26D2H         LINE#         462
  C:26D2H         LINE#         464
  C:26DCH         LINE#         465
  C:26DCH         LINE#         466
  C:26E3H         LINE#         467
  C:26E3H         LINE#         468
  C:26E6H         LINE#         469
  C:26E9H         LINE#         470
  C:26EBH         LINE#         472
  C:26EBH         LINE#         473
  C:26F2H         LINE#         474
  C:26F2H         LINE#         477
  C:26FDH         LINE#         482
  C:2708H         LINE#         483
  C:2713H         LINE#         485
  C:2713H         LINE#         486
  C:2726H         LINE#         487
  C:2726H         LINE#         488
  C:272AH         LINE#         489
  C:2735H         LINE#         491
  C:2735H         LINE#         492
  C:2748H         LINE#         493
  C:2748H         LINE#         494
  C:274CH         LINE#         495
  C:2757H         LINE#         497
  C:275DH         LINE#         498
  C:2765H         LINE#         499
  C:2765H         LINE#         500
  C:2768H         LINE#         501
  C:2768H         LINE#         502
  C:2768H         LINE#         503
  C:2773H         LINE#         504
  C:2773H         LINE#         505
  C:2779H         LINE#         506
  C:2780H         LINE#         507
  C:2780H         LINE#         508
  C:2784H         LINE#         509
  C:2784H         LINE#         510
  C:278AH         LINE#         511
BL51 BANKED LINKER/LOCATER V6.22                                                      08/16/2021  15:14:51  PAGE 45


  C:2791H         LINE#         512
  C:2791H         LINE#         513
  C:279CH         LINE#         514
  -------         ENDPROC       USBXCORE_VENDOR_USB_API
  -------         PROC          USBXCORE_SET_FEATURE
  C:35B6H         LINE#         521
  C:35B6H         LINE#         523
  C:35BCH         LINE#         524
  C:35BCH         LINE#         526
  C:35C3H         LINE#         527
  C:35C3H         LINE#         528
  C:35CEH         LINE#         534
  C:35D9H         LINE#         535
  C:35DCH         LINE#         536
  C:35DEH         LINE#         538
  C:35DEH         LINE#         540
  C:35E9H         LINE#         544
  C:35F4H         LINE#         545
  C:35FAH         LINE#         546
  C:35FAH         LINE#         548
  C:35FCH         LINE#         550
  C:35FCH         LINE#         551
  C:35FFH         LINE#         552
  C:35FFH         LINE#         553
  C:360AH         LINE#         554
  -------         ENDPROC       USBXCORE_SET_FEATURE
  -------         PROC          USBXCORE_SET_ADDRESS
  C:397CH         LINE#         561
  C:397CH         LINE#         563
  C:398BH         LINE#         564
  C:3991H         LINE#         565
  C:3991H         LINE#         566
  C:3994H         LINE#         567
  C:3996H         LINE#         569
  C:3996H         LINE#         570
  C:3999H         LINE#         571
  C:3999H         LINE#         572
  -------         ENDPROC       USBXCORE_SET_ADDRESS
  -------         PROC          USBXCORE_GET_DESCRIPTOR
  C:29D4H         LINE#         579
  C:29D4H         LINE#         580
  C:29E3H         LINE#         581
  C:29E3H         LINE#         582
  C:29E3H         LINE#         583
  C:29F1H         LINE#         584
  C:29F5H         LINE#         585
  C:29F7H         LINE#         586
  C:29F7H         LINE#         587
  C:2A05H         LINE#         588
  C:2A18H         LINE#         589
  C:2A1AH         LINE#         590
  C:2A1AH         LINE#         591
  C:2A3EH         LINE#         592
  C:2A4AH         LINE#         593
  C:2A4CH         LINE#         594
  C:2A4CH         LINE#         595
  C:2A4FH         LINE#         596
BL51 BANKED LINKER/LOCATER V6.22                                                      08/16/2021  15:14:51  PAGE 46


  C:2A4FH         LINE#         597
  C:2A4FH         LINE#         598
  C:2A65H         LINE#         599
  C:2A65H         LINE#         600
  C:2A6DH         LINE#         601
  C:2A6DH         LINE#         602
  C:2A75H         LINE#         603
  C:2A75H         LINE#         604
  C:2A78H         LINE#         605
  C:2A7EH         LINE#         606
  C:2A85H         LINE#         607
  C:2A85H         LINE#         608
  -------         ENDPROC       USBXCORE_GET_DESCRIPTOR
  -------         PROC          USBXCORE_GET_CONFIGURATION
  C:37A0H         LINE#         614
  C:37A0H         LINE#         616
  C:37A8H         LINE#         617
  C:37A8H         LINE#         618
  C:37B4H         LINE#         619
  C:37BCH         LINE#         620
  C:37BCH         LINE#         621
  C:37C0H         LINE#         622
  C:37C0H         LINE#         623
  C:37CEH         LINE#         624
  C:37D6H         LINE#         625
  C:37D6H         LINE#         626
  C:37D9H         LINE#         627
  C:37DFH         LINE#         628
  C:37E6H         LINE#         629
  -------         ENDPROC       USBXCORE_GET_CONFIGURATION
  -------         PROC          USBXCORE_SET_CONFIGURATION
  C:3504H         LINE#         635
  C:3504H         LINE#         637
  C:350DH         LINE#         638
  C:350DH         LINE#         639
  C:3514H         LINE#         640
  C:351AH         LINE#         641
  C:351FH         LINE#         642
  C:3521H         LINE#         644
  C:352CH         LINE#         645
  C:3537H         LINE#         646
  C:3542H         LINE#         653
  C:354DH         LINE#         654
  C:354FH         LINE#         656
  C:354FH         LINE#         657
  C:3555H         LINE#         658
  C:3559H         LINE#         659
  C:355BH         LINE#         660
  C:355BH         LINE#         661
  -------         ENDPROC       USBXCORE_SET_CONFIGURATION
  -------         PROC          USBXCORE_GET_INTERFACE
  C:390DH         LINE#         668
  C:390DH         LINE#         670
  C:391BH         LINE#         671
  C:3923H         LINE#         672
  C:3926H         LINE#         673
  C:392CH         LINE#         674
BL51 BANKED LINKER/LOCATER V6.22                                                      08/16/2021  15:14:51  PAGE 47


  C:3933H         LINE#         675
  -------         ENDPROC       USBXCORE_GET_INTERFACE
  -------         PROC          USBXCORE_SET_SOP
  C:3A4BH         LINE#         682
  C:3A4BH         LINE#         684
  C:3A53H         LINE#         685
  C:3A53H         LINE#         686
  C:3A5EH         LINE#         687
  C:3A5EH         LINE#         688
  -------         ENDPROC       USBXCORE_SET_SOP
  -------         PROC          USBXCORE_USB_ISR
  C:1ED2H         LINE#         699
  C:1EEFH         LINE#         702
  C:1EF5H         LINE#         703
  C:1F08H         LINE#         706
  C:1F1BH         LINE#         709
  C:1F1FH         LINE#         710
  C:1F1FH         LINE#         711
  C:1F2AH         LINE#         712
  C:1F2AH         LINE#         714
  C:1F31H         LINE#         715
  C:1F31H         LINE#         716
  C:1F34H         LINE#         717
  C:1F34H         LINE#         719
  C:1F3BH         LINE#         720
  C:1F3BH         LINE#         721
  C:1F48H         LINE#         722
  C:1F48H         LINE#         723
  C:1F4FH         LINE#         724
  C:1F4FH         LINE#         725
  C:1F4FH         LINE#         727
  C:1F4FH         LINE#         728
  C:1F4FH         LINE#         730
  C:1F4FH         LINE#         732
  C:1F62H         LINE#         734
  C:1F66H         LINE#         735
  C:1F66H         LINE#         736
  C:1F69H         LINE#         737
  C:1F69H         LINE#         740
  C:1F70H         LINE#         741
  C:1F70H         LINE#         742
  C:1F7BH         LINE#         748
  C:1F8EH         LINE#         749
  C:1F93H         LINE#         750
  C:1F93H         LINE#         751
  C:1F9AH         LINE#         752
  C:1F9AH         LINE#         754
  C:1F9AH         LINE#         756
  C:1FADH         LINE#         759
  C:1FB1H         LINE#         760
  C:1FB1H         LINE#         761
  C:1FBCH         LINE#         767
  C:1FCFH         LINE#         768
  C:1FD3H         LINE#         769
  C:1FD3H         LINE#         770
  C:1FDAH         LINE#         771
  C:1FDAH         LINE#         772
BL51 BANKED LINKER/LOCATER V6.22                                                      08/16/2021  15:14:51  PAGE 48


  C:1FDAH         LINE#         775
  C:1FE8H         LINE#         776
  C:1FEDH         LINE#         777
  C:1FF3H         LINE#         778
  C:1FF8H         LINE#         781
  C:2005H         LINE#         782
  C:2005H         LINE#         783
  C:2008H         LINE#         784
  C:2008H         LINE#         785
  -------         ENDPROC       USBXCORE_USB_ISR
  -------         ENDMOD        USB_API

  -------         MODULE        USB_SUSPEND
  C:0000H         SYMBOL        _ICE_DUMMY_
  D:00D7H         PUBLIC        USB0XCN
  D:00C9H         PUBLIC        REG0CN
  C:38BBH         PUBLIC        USB_Suspend
  D:00A9H         PUBLIC        CLKSEL
  D:00B2H         PUBLIC        OSCICN
  D:00B9H         PUBLIC        CLKMUL
  -------         PROC          USB_SUSPEND
  C:38BBH         LINE#         70
  C:38BBH         LINE#         72
  C:38BEH         LINE#         74
  C:38C1H         LINE#         76
  C:38C9H         LINE#         79
  C:38CCH         LINE#         80
  C:38CFH         LINE#         81
  C:38D2H         LINE#         82
  C:38D5H         LINE#         84
  C:38D6H         LINE#         86
  C:38D9H         LINE#         88
  C:38DFH         LINE#         92
  C:38E2H         LINE#         94
  C:38E5H         LINE#         95
  -------         ENDPROC       USB_SUSPEND
  -------         ENDMOD        USB_SUSPEND

  -------         MODULE        USB_INT_ENABLE
  C:0000H         SYMBOL        _ICE_DUMMY_
  C:39F1H         PUBLIC        USB_Int_Enable
  D:0096H         PUBLIC        USB0ADR
  D:0097H         PUBLIC        USB0DAT
  -------         PROC          USB_INT_ENABLE
  C:39F1H         LINE#         68
  C:39F1H         LINE#         71
  C:39F8H         LINE#         73
  C:39FEH         LINE#         74
  C:39FEH         LINE#         75
  C:3A09H         LINE#         77
  C:3A09H         LINE#         78
  -------         ENDPROC       USB_INT_ENABLE
  -------         ENDMOD        USB_INT_ENABLE

  -------         MODULE        USB_CLOCK_RECOVERY
  C:0000H         SYMBOL        _ICE_DUMMY_
  C:3A91H         PUBLIC        USBXcore_ClkRec
BL51 BANKED LINKER/LOCATER V6.22                                                      08/16/2021  15:14:51  PAGE 49


  D:0096H         PUBLIC        USB0ADR
  D:0097H         PUBLIC        USB0DAT
  -------         PROC          USBXCORE_CLKREC
  C:3A91H         LINE#         45
  C:3A91H         LINE#         47
  C:3A9CH         LINE#         48
  -------         ENDPROC       USBXCORE_CLKREC
  -------         ENDMOD        USB_CLOCK_RECOVERY

  -------         MODULE        ?C?FPMUL
  C:0C99H         PUBLIC        ?C?FPMUL
  -------         ENDMOD        ?C?FPMUL

  -------         MODULE        ?C?FCAST
  C:0DA9H         PUBLIC        ?C?FCASTC
  C:0DA4H         PUBLIC        ?C?FCASTI
  C:0D9FH         PUBLIC        ?C?FCASTL
  -------         ENDMOD        ?C?FCAST

  -------         MODULE        ?C?CASTF
  C:0DDDH         PUBLIC        ?C?CASTF
  -------         ENDMOD        ?C?CASTF

  -------         MODULE        ?C?COPY
  C:0F2EH         PUBLIC        ?C?COPY
  -------         ENDMOD        ?C?COPY

  -------         MODULE        ?C?CLDPTR
  C:0F54H         PUBLIC        ?C?CLDPTR
  -------         ENDMOD        ?C?CLDPTR

  -------         MODULE        ?C?CLDOPTR
  C:0F6DH         PUBLIC        ?C?CLDOPTR
  -------         ENDMOD        ?C?CLDOPTR

  -------         MODULE        ?C?IMUL
  C:0F9AH         PUBLIC        ?C?IMUL
  -------         ENDMOD        ?C?IMUL

  -------         MODULE        ?C?IILDX
  C:0FACH         PUBLIC        ?C?IILDX
  -------         ENDMOD        ?C?IILDX

  -------         MODULE        ?C?ILDOPTR
  C:0FC2H         PUBLIC        ?C?ILDOPTR
  -------         ENDMOD        ?C?ILDOPTR

  -------         MODULE        ?C?LMUL
  C:0FFAH         PUBLIC        ?C?LMUL
  -------         ENDMOD        ?C?LMUL

  -------         MODULE        ?C?ULDIV
  C:1085H         PUBLIC        ?C?ULDIV
  -------         ENDMOD        ?C?ULDIV

  -------         MODULE        ?C?LNEG
  C:1117H         PUBLIC        ?C?LNEG
BL51 BANKED LINKER/LOCATER V6.22                                                      08/16/2021  15:14:51  PAGE 50


  -------         ENDMOD        ?C?LNEG

  -------         MODULE        ?C?ULCMP
  C:1125H         PUBLIC        ?C?ULCMP
  -------         ENDMOD        ?C?ULCMP

  -------         MODULE        ?C?ULSHR
  C:1136H         PUBLIC        ?C?ULSHR
  -------         ENDMOD        ?C?ULSHR

  -------         MODULE        ?C?LSHL
  C:1149H         PUBLIC        ?C?LSHL
  -------         ENDMOD        ?C?LSHL

  -------         MODULE        ?C?LLDIPDATA
  C:1165H         PUBLIC        ?C?LLDIPDATA
  C:115CH         PUBLIC        ?C?LLDIPDATA1
  C:115EH         PUBLIC        ?C?LLDIPDATA8
  -------         ENDMOD        ?C?LLDIPDATA

  -------         MODULE        ?C?LSTXDATA
  C:117CH         PUBLIC        ?C?LSTXDATA
  -------         ENDMOD        ?C?LSTXDATA

  -------         MODULE        ?C?LSTPDATA
  C:1188H         PUBLIC        ?C?LSTPDATA
  -------         ENDMOD        ?C?LSTPDATA

  -------         MODULE        ?C?LSTKXDATA
  C:1194H         PUBLIC        ?C?LSTKXDATA
  -------         ENDMOD        ?C?LSTKXDATA

  -------         MODULE        ?C?LSTKPDATA
  C:11C5H         PUBLIC        ?C?LSTKPDATA
  -------         ENDMOD        ?C?LSTKPDATA

  -------         MODULE        ?C_PBP
  D:0008H         PUBLIC        ?C_PBP
  -------         ENDMOD        ?C_PBP

*** WARNING L14: INCOMPATIBLE MEMORY MODEL
    MODULE:  .\USBX_F34X.LIB (USB_API)
    MODEL:   SMALL

*** WARNING L14: INCOMPATIBLE MEMORY MODEL
    MODULE:  .\USBX_F34X.LIB (USB_SUSPEND)
    MODEL:   SMALL

*** WARNING L14: INCOMPATIBLE MEMORY MODEL
    MODULE:  .\USBX_F34X.LIB (USB_INT_ENABLE)
    MODEL:   SMALL

*** WARNING L14: INCOMPATIBLE MEMORY MODEL
    MODULE:  .\USBX_F34X.LIB (USB_CLOCK_RECOVERY)
    MODEL:   SMALL

*** WARNING L16: UNCALLED SEGMENT, IGNORED FOR OVERLAY PROCESS
BL51 BANKED LINKER/LOCATER V6.22                                                      08/16/2021  15:14:51  PAGE 51


    SEGMENT: ?PR?SD_INIT?MMC_SD

*** WARNING L16: UNCALLED SEGMENT, IGNORED FOR OVERLAY PROCESS
    SEGMENT: ?PR?DISPBAND?LCD

*** WARNING L16: UNCALLED SEGMENT, IGNORED FOR OVERLAY PROCESS
    SEGMENT: ?PR?_DISPPIC?LCD

*** WARNING L16: UNCALLED SEGMENT, IGNORED FOR OVERLAY PROCESS
    SEGMENT: ?PR?_DISPPICFROMSD?LCD

*** WARNING L16: UNCALLED SEGMENT, IGNORED FOR OVERLAY PROCESS
    SEGMENT: ?PR?DISPSCALEHOR1?LCD

*** WARNING L16: UNCALLED SEGMENT, IGNORED FOR OVERLAY PROCESS
    SEGMENT: ?PR?DISPSCALEVER?LCD

*** WARNING L16: UNCALLED SEGMENT, IGNORED FOR OVERLAY PROCESS
    SEGMENT: ?PR?DISPSCALEVER_RED?LCD

*** WARNING L16: UNCALLED SEGMENT, IGNORED FOR OVERLAY PROCESS
    SEGMENT: ?PR?DISPSCALEVER_GREEN?LCD

*** WARNING L16: UNCALLED SEGMENT, IGNORED FOR OVERLAY PROCESS
    SEGMENT: ?PR?DISPSCALEVER_BLUE?LCD

*** WARNING L16: UNCALLED SEGMENT, IGNORED FOR OVERLAY PROCESS
    SEGMENT: ?PR?DISPSCALEVER_GRAY?LCD

*** WARNING L16: UNCALLED SEGMENT, IGNORED FOR OVERLAY PROCESS
    SEGMENT: ?PR?DISPGRAYHOR32?LCD

*** WARNING L16: UNCALLED SEGMENT, IGNORED FOR OVERLAY PROCESS
    SEGMENT: ?PR?DISPSCALEHOR2?LCD

*** WARNING L16: UNCALLED SEGMENT, IGNORED FOR OVERLAY PROCESS
    SEGMENT: ?PR?_DRAWGIRD?LCD

*** WARNING L15: MULTIPLE CALL TO SEGMENT
    SEGMENT: ?PR?_WRITECOMM?LCD
    CALLER1: ?PR?USB_API_TEST_ISR?MAIN
    CALLER2: ?C_C51STARTUP

*** WARNING L15: MULTIPLE CALL TO SEGMENT
    SEGMENT: ?PR?_WRITEDATA?LCD
    CALLER1: ?PR?USB_API_TEST_ISR?MAIN
    CALLER2: ?C_C51STARTUP

Program Size: data=10.0 xdata=1224 code=15021
LINK/LOCATE RUN COMPLETE.  19 WARNING(S),  0 ERROR(S)
