BL51 BANKED LINKER/LOCATER V6.22                                                        02/28/2022  13:43:29  PAGE 1


BL51 BANKED LINKER/LOCATER V6.22, INVOKED BY:
D:\KEIL C51\C51\BIN\BL51.EXE main.obj, mmc_sd.obj, lcd.obj, tp.obj, .\USBX_F34X.LIB TO ST7789V+HSD114_ZT_4W1L RAMSIZE (2
>> 56)


MEMORY MODEL: COMPACT


INPUT MODULES INCLUDED:
  main.obj (MAIN)
  mmc_sd.obj (MMC_SD)
  lcd.obj (LCD)
  tp.obj (TP)
  .\USBX_F34X.LIB (USB_API)
  .\USBX_F34X.LIB (USB_CLOCK_START)
  .\USBX_F34X.LIB (USB_SUSPEND)
  .\USBX_F34X.LIB (GET_INTERRUPT_SOURCE)
  .\USBX_F34X.LIB (BLOCK_READ)
  .\USBX_F34X.LIB (BLOCK_WRITE)
  .\USBX_F34X.LIB (USB_INT_ENABLE)
  .\USBX_F34X.LIB (USB_CLOCK_RECOVERY)
  .\USBX_F34X.LIB (USB_JUMP_ISR)
  D:\KEIL C51\C51\LIB\C51C.LIB (?C_STARTUP)
  D:\KEIL C51\C51\LIB\C51C.LIB (?C?COPY)
  D:\KEIL C51\C51\LIB\C51C.LIB (?C?CLDPTR)
  D:\KEIL C51\C51\LIB\C51C.LIB (?C?CLDOPTR)
  D:\KEIL C51\C51\LIB\C51C.LIB (?C?IMUL)
  D:\KEIL C51\C51\LIB\C51C.LIB (?C?IILDX)
  D:\KEIL C51\C51\LIB\C51C.LIB (?C?ILDOPTR)
  D:\KEIL C51\C51\LIB\C51C.LIB (?C?LMUL)
  D:\KEIL C51\C51\LIB\C51C.LIB (?C?ULDIV)
  D:\KEIL C51\C51\LIB\C51C.LIB (?C?ULCMP)
  D:\KEIL C51\C51\LIB\C51C.LIB (?C?ULSHR)
  D:\KEIL C51\C51\LIB\C51C.LIB (?C?LSHL)
  D:\KEIL C51\C51\LIB\C51C.LIB (?C?LLDIPDATA)
  D:\KEIL C51\C51\LIB\C51C.LIB (?C?LSTXDATA)
  D:\KEIL C51\C51\LIB\C51C.LIB (?C?LSTPDATA)
  D:\KEIL C51\C51\LIB\C51C.LIB (?C?LSTKXDATA)
  D:\KEIL C51\C51\LIB\C51C.LIB (?C?LSTKPDATA)
  D:\KEIL C51\C51\LIB\C51C.LIB (?C_PBP)
  D:\KEIL C51\C51\LIB\C51C.LIB (?C_INIT)


LINK MAP OF MODULE:  ST7789V+HSD114_ZT_4W1L (MAIN)


            TYPE    BASE      LENGTH    RELOCATION   SEGMENT NAME
            -----------------------------------------------------

            * * * * * * *   D A T A   M E M O R Y   * * * * * * *
            REG     0000H     0008H     ABSOLUTE     "REG BANK 0"
            DATA    0008H     0001H     UNIT         ?C?LIB_DATA
            IDATA   0009H     0001H     UNIT         ?STACK

            * * * * * * *  X D A T A   M E M O R Y  * * * * * * *
            XDATA   0000H     0010H     INPAGE       ?PD?MAIN
            XDATA   0010H     0004H     INPAGE       ?PD?_MMC_SD_READSINGLEBLOCK?MMC_SD
            XDATA   0014H     0005H     INPAGE       ?PD?_DISPPIC?LCD
BL51 BANKED LINKER/LOCATER V6.22                                                      02/28/2022  13:43:29  PAGE 2


            XDATA   0019H     000DH     INPAGE       ?PD?_DISPPICFROMSD?LCD
            XDATA   0026H     0004H     INPAGE       ?PD?DISPSCALEHOR1?LCD
            XDATA   002AH     0004H     INPAGE       ?PD?DISPSCALEVER?LCD
            XDATA   002EH     0004H     INPAGE       ?PD?DISPSCALEVER_RED?LCD
            XDATA   0032H     0004H     INPAGE       ?PD?DISPSCALEVER_GREEN?LCD
            XDATA   0036H     0004H     INPAGE       ?PD?DISPSCALEVER_BLUE?LCD
            XDATA   003AH     0004H     INPAGE       ?PD?DISPSCALEVER_GRAY?LCD
            XDATA   003EH     0004H     INPAGE       ?PD?DISPGRAYHOR32?LCD
            XDATA   0042H     0002H     INPAGE       ?PD?DISPSCALEHOR2?LCD
            XDATA   0044H     000CH     INPAGE       ?PD?_DRAWLINE?LCD
            XDATA   0050H     0004H     INPAGE       ?PD?_DRAWGIRD?LCD
            XDATA   0054H     0002H     INPAGE       ?PD?LCD
            XDATA   0056H     0024H     INPAGE       _PDATA_GROUP_
            XDATA   007AH     0200H     UNIT         ?XD?MMC_SD
            XDATA   027AH     0058H     UNIT         _XDATA_GROUP_
            XDATA   02D2H     0040H     UNIT         ?XD?MAIN
                    0312H     032EH                  *** GAP ***
            XDATA   0640H     0100H     ABSOLUTE     
            XDATA   0740H     0012H     ABSOLUTE     
            XDATA   0752H     0020H     ABSOLUTE     
            XDATA   0772H     000CH     ABSOLUTE     
            XDATA   077EH     0008H     ABSOLUTE     
            XDATA   0786H     0001H     ABSOLUTE     
            XDATA   0787H     0003H     ABSOLUTE     
            XDATA   078AH     0002H     ABSOLUTE     
            XDATA   078CH     0002H     ABSOLUTE     
            XDATA   078EH     0003H     ABSOLUTE     
            XDATA   0791H     0001H     ABSOLUTE     
            XDATA   0792H     0001H     ABSOLUTE     
            XDATA   0793H     0001H     ABSOLUTE     
            XDATA   0794H     0001H     ABSOLUTE     
            XDATA   0795H     0002H     ABSOLUTE     
            XDATA   0797H     0002H     ABSOLUTE     
            XDATA   0799H     0001H     ABSOLUTE     
            XDATA   079AH     0001H     ABSOLUTE     
            XDATA   079BH     0001H     ABSOLUTE     
            XDATA   079CH     0001H     ABSOLUTE     
            XDATA   079DH     0001H     ABSOLUTE     
            XDATA   079EH     0001H     ABSOLUTE     
            XDATA   079FH     0002H     ABSOLUTE     
            XDATA   07A1H     0001H     ABSOLUTE     
            XDATA   07A2H     0001H     ABSOLUTE     
            XDATA   07A3H     000CH     ABSOLUTE     
                    07AFH     0011H                  *** GAP ***
            XDATA   07C0H     0040H     ABSOLUTE     

            * * * * * * *   C O D E   M E M O R Y   * * * * * * *
            CODE    0000H     0003H     ABSOLUTE     
            CODE    0003H     0040H     UNIT         ?PR?_WRITEDISPDATA?LCD
            CODE    0043H     0003H     ABSOLUTE     
            CODE    0046H     0044H     UNIT         ?PR?_DISPCOLOR?LCD
                    008AH     0001H                  *** GAP ***
            CODE    008BH     0003H     ABSOLUTE     
            CODE    008EH     060BH     UNIT         ?PR?CONNTOUSB?MAIN
            CODE    0699H     0600H     UNIT         ?CO?LCD
            CODE    0C99H     0372H     UNIT         ?C?LIB_CODE
            CODE    100BH     0233H     UNIT         ?PR?USBXCORE_HANDLE_SETUP?USB_API
BL51 BANKED LINKER/LOCATER V6.22                                                      02/28/2022  13:43:29  PAGE 3


            CODE    123EH     0232H     UNIT         ?PR?_LCD_READ_IC_ID?LCD
            CODE    1470H     0228H     UNIT         ?PR?DISPSCALEHOR1?LCD
            CODE    1698H     01BFH     UNIT         ?PR?TP_DRAWLINE?TP
            CODE    1857H     01BCH     UNIT         ?PR?DISPSCALEHOR2?LCD
            CODE    1A13H     0190H     UNIT         ?PR?DISPBAND?LCD
            CODE    1BA3H     0176H     UNIT         ?PR?LCD_INIT?LCD
            CODE    1D19H     0151H     UNIT         ?PR?USBXCORE_USB_ISR?USB_API
            CODE    1E6AH     013BH     UNIT         ?PR?USB_API_TEST_ISR?MAIN
            CODE    1FA5H     0137H     UNIT         ?PR?_USB_INIT?USB_API
            CODE    20DCH     0128H     UNIT         ?PR?DISPSCALEVER?LCD
            CODE    2204H     011BH     UNIT         ?PR?_TP_GETPOSITION?TP
            CODE    231FH     0111H     UNIT         ?PR?_BLOCK_WRITE?BLOCK_WRITE
            CODE    2430H     00E9H     UNIT         ?PR?_DISPPICFROMSD?LCD
            CODE    2519H     00CDH     UNIT         ?PR?USBXCORE_VENDOR_USB_API?USB_API
            CODE    25E6H     00CBH     UNIT         ?PR?_DISPONECHAR?LCD
            CODE    26B1H     00B7H     UNIT         ?PR?MMC_SD_RESET?MMC_SD
            CODE    2768H     00B3H     UNIT         ?PR?_DISPINT?LCD
            CODE    281BH     00B2H     UNIT         ?PR?USBXCORE_GET_DESCRIPTOR?USB_API
            CODE    28CDH     00AFH     UNIT         ?PR?_BLOCK_READ?BLOCK_READ
            CODE    297CH     00AAH     UNIT         ?PR?DISPFRAME?LCD
            CODE    2A26H     00A5H     UNIT         ?PR?_?BLOCKWRITE?LCD
            CODE    2ACBH     00A0H     UNIT         ?PR?DISPSCALEVER_GREEN?LCD
            CODE    2B6BH     0099H     UNIT         ?PR?DISPGRAYHOR16?LCD
            CODE    2C04H     0096H     UNIT         ?PR?_DISPSTR?LCD
            CODE    2C9AH     0091H     UNIT         ?PR?DISPSCALEVER_RED?LCD
            CODE    2D2BH     0091H     UNIT         ?PR?DISPSCALEVER_GRAY?LCD
            CODE    2DBCH     008FH     UNIT         ?PR?_DRAWGIRD?LCD
            CODE    2E4BH     008CH     UNIT         ?C_C51STARTUP
            CODE    2ED7H     0086H     UNIT         ?PR?DISPSCALEVER_BLUE?LCD
            CODE    2F5DH     0086H     UNIT         ?PR?_DRAWLINE?LCD
            CODE    2FE3H     007DH     UNIT         ?PR?_MMC_SD_WRITESINGLEBLOCK?MMC_SD
            CODE    3060H     0076H     UNIT         ?PR?DISPGRAYHOR32?LCD
            CODE    30D6H     0075H     UNIT         ?PR?_MMC_SD_SENDCOMMAND?MMC_SD
            CODE    314BH     0073H     UNIT         ?PR?TP_READ?TP
            CODE    31BEH     0073H     UNIT         ?PR?USBXCORE_GET_STATUS?USB_API
            CODE    3231H     006CH     UNIT         ?PR?DEVICES_INIT?MAIN
            CODE    329DH     0064H     UNIT         ?PR?_MMC_SD_READSINGLEBLOCK?MMC_SD
            CODE    3301H     0061H     UNIT         ?PR?_DISPPIC?LCD
            CODE    3362H     005BH     UNIT         ?PR?_TOORD?LCD
            CODE    33BDH     005AH     UNIT         ?PR?USBXCORE_SET_CONFIGURATION?USB_API
            CODE    3417H     0058H     UNIT         ?PR?USBXCORE_CLEAR_FEATURE?USB_API
            CODE    346FH     0057H     UNIT         ?PR?USBXCORE_SET_FEATURE?USB_API
            CODE    34C6H     0055H     UNIT         ?PR?_STOPDELAY?MAIN
            CODE    351BH     0052H     UNIT         ?PR?_PUTPIXEL?LCD
            CODE    356DH     0050H     UNIT         ?CO?MAIN
            CODE    35BDH     0047H     UNIT         ?PR?USBXCORE_GET_CONFIGURATION?USB_API
            CODE    3604H     0043H     UNIT         ?PR?MCU_INIT?MAIN
            CODE    3647H     003AH     UNIT         ?CO?USB_API
            CODE    3681H     0038H     UNIT         ?PR?USB_CLOCK_START?USB_CLOCK_START
            CODE    36B9H     0034H     UNIT         ?PR?MAIN?MAIN
            CODE    36EDH     0034H     UNIT         ?PR?_WRITEDATA?LCD
            CODE    3721H     002DH     UNIT         ?C_INITSEG
            CODE    374EH     002BH     UNIT         ?PR?_WRITECOMM?LCD
            CODE    3779H     002BH     UNIT         ?PR?USB_SUSPEND?USB_SUSPEND
            CODE    37A4H     0027H     UNIT         ?PR?USBXCORE_USB_RESET?USB_API
            CODE    37CBH     0027H     UNIT         ?PR?USBXCORE_GET_INTERFACE?USB_API
            CODE    37F2H     0026H     UNIT         ?PR?_TP_WRITE?TP
BL51 BANKED LINKER/LOCATER V6.22                                                      02/28/2022  13:43:29  PAGE 4


            CODE    3818H     0022H     UNIT         ?PR?USBXCORE_JUMP_ISR?USB_JUMP_ISR
            CODE    383AH     0020H     UNIT         ?PR?USBXCORE_SET_ADDRESS?USB_API
            CODE    385AH     001FH     UNIT         ?PR?_DELAY?MAIN
            CODE    3879H     001DH     UNIT         ?PR?USBXCORE_FORCE_STALL?USB_API
            CODE    3896H     0019H     UNIT         ?PR?USB_INT_ENABLE?USB_INT_ENABLE
            CODE    38AFH     0016H     UNIT         ?PR?_SPI_WRITEBYTE?MMC_SD
            CODE    38C5H     0016H     UNIT         ?PR?READDATA?LCD
            CODE    38DBH     0014H     UNIT         ?PR?USBXCORE_SET_SOP?USB_API
            CODE    38EFH     0013H     UNIT         ?PR?WAITKEY?MAIN
            CODE    3902H     0011H     UNIT         ?PR?SD_INIT?MMC_SD
            CODE    3913H     000EH     UNIT         ?PR?GET_INTERRUPT_SOURCE?GET_INTERRUPT_SOURCE
            CODE    3921H     000CH     UNIT         ?PR?USBXCORE_CLKREC?USB_CLOCK_RECOVERY
            CODE    392DH     000BH     UNIT         ?PR?SPI_READBYTE?MMC_SD
            CODE    3938H     0009H     UNIT         ?PR?_WRITEONEDOT?LCD
            CODE    3941H     0008H     UNIT         ?CO?TP
            CODE    3949H     0003H     UNIT         ?PR?SUSPEND_DEVICE?MAIN



OVERLAY MAP OF MODULE:   ST7789V+HSD114_ZT_4W1L (MAIN)


SEGMENT                                            PDATA_GROUP         XDATA_GROUP
  +--> CALLED SEGMENT                            START    LENGTH     START    LENGTH
------------------------------------------------------------------------------------
?PR?USB_API_TEST_ISR?MAIN                        0056H    0001H      -----    -----
  +--> ?PR?GET_INTERRUPT_SOURCE?GET_INTERRUP...
  +--> ?PR?_BLOCK_READ?BLOCK_READ
  +--> ?PR?SUSPEND_DEVICE?MAIN
  +--> ?PR?MCU_INIT?MAIN
  +--> ?PR?_?BLOCKWRITE?LCD

?PR?SUSPEND_DEVICE?MAIN                          -----    -----      -----    -----
  +--> ?PR?USB_SUSPEND?USB_SUSPEND

?PR?USB_SUSPEND?USB_SUSPEND                      -----    -----      -----    -----
  +--> ?PR?USB_CLOCK_START?USB_CLOCK_START

?PR?_?BLOCKWRITE?LCD                             -----    -----      -----    -----
  +--> ?PR?_WRITECOMM?LCD
  +--> ?PR?_WRITEDATA?LCD

?PR?_WRITECOMM?LCD                               0079H    0001H      -----    -----

?PR?_WRITEDATA?LCD                               0079H    0001H      -----    -----

*** NEW ROOT ***************************************************

?PR?USBXCORE_USB_ISR?USB_API                     -----    -----      -----    -----
  +--> ?PR?USBXCORE_USB_RESET?USB_API
  +--> ?PR?USBXCORE_HANDLE_SETUP?USB_API
  +--> ?PR?USBXCORE_JUMP_ISR?USB_JUMP_ISR

?PR?USBXCORE_HANDLE_SETUP?USB_API                -----    -----      -----    -----
  +--> ?PR?USBXCORE_GET_STATUS?USB_API
  +--> ?PR?USBXCORE_CLEAR_FEATURE?USB_API
  +--> ?PR?USBXCORE_VENDOR_USB_API?USB_API
BL51 BANKED LINKER/LOCATER V6.22                                                      02/28/2022  13:43:29  PAGE 5


  +--> ?PR?USBXCORE_SET_FEATURE?USB_API
  +--> ?PR?USBXCORE_SET_ADDRESS?USB_API
  +--> ?PR?USBXCORE_GET_DESCRIPTOR?USB_API
  +--> ?PR?USBXCORE_GET_CONFIGURATION?USB_API
  +--> ?PR?USBXCORE_SET_CONFIGURATION?USB_API
  +--> ?PR?USBXCORE_GET_INTERFACE?USB_API
  +--> ?PR?USBXCORE_SET_SOP?USB_API
  +--> ?PR?USBXCORE_FORCE_STALL?USB_API

?PR?USBXCORE_GET_STATUS?USB_API                  -----    -----      -----    -----
  +--> ?CO?USB_API
  +--> ?PR?USBXCORE_FORCE_STALL?USB_API
  +--> ?PR?USBXCORE_SET_SOP?USB_API

?PR?USBXCORE_CLEAR_FEATURE?USB_API               -----    -----      -----    -----
  +--> ?PR?USBXCORE_FORCE_STALL?USB_API
  +--> ?PR?USBXCORE_SET_SOP?USB_API

?PR?USBXCORE_VENDOR_USB_API?USB_API              -----    -----      -----    -----
  +--> ?PR?USBXCORE_SET_SOP?USB_API

?PR?USBXCORE_SET_FEATURE?USB_API                 -----    -----      -----    -----
  +--> ?PR?USBXCORE_FORCE_STALL?USB_API
  +--> ?PR?USBXCORE_SET_SOP?USB_API

?PR?USBXCORE_SET_ADDRESS?USB_API                 -----    -----      -----    -----
  +--> ?PR?USBXCORE_SET_SOP?USB_API

?PR?USBXCORE_GET_DESCRIPTOR?USB_API              -----    -----      -----    -----
  +--> ?PR?USBXCORE_FORCE_STALL?USB_API
  +--> ?PR?USBXCORE_SET_SOP?USB_API

?PR?USBXCORE_GET_CONFIGURATION?USB_API           -----    -----      -----    -----
  +--> ?CO?USB_API
  +--> ?PR?USBXCORE_SET_SOP?USB_API

?PR?USBXCORE_SET_CONFIGURATION?USB_API           -----    -----      -----    -----
  +--> ?PR?USBXCORE_SET_SOP?USB_API

?PR?USBXCORE_GET_INTERFACE?USB_API               -----    -----      -----    -----
  +--> ?CO?USB_API
  +--> ?PR?USBXCORE_SET_SOP?USB_API

*** NEW ROOT ***************************************************

?C_C51STARTUP                                    -----    -----      -----    -----
  +--> ?PR?MAIN?MAIN
  +--> ?C_INITSEG

?PR?MAIN?MAIN                                    -----    -----      -----    -----
  +--> ?PR?DEVICES_INIT?MAIN
  +--> ?PR?DISPFRAME?LCD
  +--> ?PR?_STOPDELAY?MAIN
  +--> ?PR?WAITKEY?MAIN
  +--> ?PR?_DISPCOLOR?LCD
  +--> ?PR?DISPGRAYHOR16?LCD
  +--> ?PR?DISPBAND?LCD
BL51 BANKED LINKER/LOCATER V6.22                                                      02/28/2022  13:43:29  PAGE 6


  +--> ?PR?TP_DRAWLINE?TP

?PR?DEVICES_INIT?MAIN                            -----    -----      -----    -----
  +--> ?PR?MCU_INIT?MAIN
  +--> ?PR?USB_CLOCK_START?USB_CLOCK_START
  +--> ?CO?MAIN
  +--> ?PR?_USB_INIT?USB_API
  +--> ?PR?USB_INT_ENABLE?USB_INT_ENABLE
  +--> ?PR?LCD_INIT?LCD

?PR?_USB_INIT?USB_API                            -----    -----      027AH    0011H
  +--> ?CO?USB_API
  +--> ?PR?USBXCORE_CLKREC?USB_CLOCK_RECOVERY

?PR?LCD_INIT?LCD                                 -----    -----      -----    -----
  +--> ?PR?READDATA?LCD
  +--> ?PR?_DELAY?MAIN
  +--> ?PR?_WRITECOMM?LCD
  +--> ?PR?_WRITEDATA?LCD

?PR?READDATA?LCD                                 -----    -----      -----    -----
  +--> ?PR?_LCD_READ_IC_ID?LCD

?PR?_LCD_READ_IC_ID?LCD                          0061H    0008H      -----    -----

?PR?DISPFRAME?LCD                                0058H    0002H      -----    -----
  +--> ?PR?_?BLOCKWRITE?LCD
  +--> ?PR?_WRITEDISPDATA?LCD

?PR?_STOPDELAY?MAIN                              0058H    0004H      -----    -----
  +--> ?PR?WAITKEY?MAIN
  +--> ?PR?_DELAY?MAIN

?PR?WAITKEY?MAIN                                 -----    -----      -----    -----
  +--> ?PR?CONNTOUSB?MAIN
  +--> ?PR?_DELAY?MAIN

?PR?CONNTOUSB?MAIN                               005CH    0005H      027AH    0058H
  +--> ?CO?MAIN
  +--> ?PR?_WRITECOMM?LCD
  +--> ?PR?_WRITEDATA?LCD
  +--> ?PR?_DISPSTR?LCD
  +--> ?PR?_DISPINT?LCD
  +--> ?PR?_WRITEDISPDATA?LCD
  +--> ?PR?_MMC_SD_WRITESINGLEBLOCK?MMC_SD
  +--> ?PR?_BLOCK_WRITE?BLOCK_WRITE
  +--> ?PR?READDATA?LCD
  +--> ?PR?_DELAY?MAIN

?PR?_DISPSTR?LCD                                 0061H    000BH      -----    -----
  +--> ?PR?_TOORD?LCD
  +--> ?PR?_DISPONECHAR?LCD

?PR?_DISPONECHAR?LCD                             006CH    000DH      -----    -----
  +--> ?PR?_?BLOCKWRITE?LCD
  +--> ?CO?LCD
  +--> ?PR?_WRITEONEDOT?LCD
BL51 BANKED LINKER/LOCATER V6.22                                                      02/28/2022  13:43:29  PAGE 7



?PR?_WRITEONEDOT?LCD                             -----    -----      -----    -----
  +--> ?PR?_WRITEDISPDATA?LCD

?PR?_DISPINT?LCD                                 0061H    000AH      -----    -----
  +--> ?PR?_DISPONECHAR?LCD

?PR?_MMC_SD_WRITESINGLEBLOCK?MMC_SD              0061H    0004H      -----    -----
  +--> ?PR?_MMC_SD_SENDCOMMAND?MMC_SD
  +--> ?PR?_SPI_WRITEBYTE?MMC_SD

?PR?_MMC_SD_SENDCOMMAND?MMC_SD                   0065H    0005H      -----    -----
  +--> ?PR?_SPI_WRITEBYTE?MMC_SD

?PR?_DISPCOLOR?LCD                               0058H    0004H      -----    -----
  +--> ?PR?_?BLOCKWRITE?LCD
  +--> ?PR?_WRITEDISPDATA?LCD

?PR?DISPGRAYHOR16?LCD                            0058H    0004H      -----    -----
  +--> ?PR?_?BLOCKWRITE?LCD
  +--> ?PR?_WRITEDISPDATA?LCD

?PR?DISPBAND?LCD                                 0058H    0005H      -----    -----
  +--> ?PR?_?BLOCKWRITE?LCD
  +--> ?PR?_WRITEDISPDATA?LCD

?PR?TP_DRAWLINE?TP                               -----    -----      027AH    0018H
  +--> ?PR?_DISPCOLOR?LCD
  +--> ?CO?TP
  +--> ?PR?_DISPSTR?LCD
  +--> ?PR?_DELAY?MAIN
  +--> ?PR?_TP_GETPOSITION?TP
  +--> ?PR?_PUTPIXEL?LCD

?PR?_TP_GETPOSITION?TP                           -----    -----      0292H    001BH
  +--> ?PR?_TP_WRITE?TP
  +--> ?PR?TP_READ?TP

?PR?_TP_WRITE?TP                                 -----    -----      02ADH    0001H

?PR?TP_READ?TP                                   -----    -----      02ADH    0005H

?PR?_PUTPIXEL?LCD                                0058H    0002H      -----    -----
  +--> ?PR?_?BLOCKWRITE?LCD
  +--> ?PR?_WRITEDISPDATA?LCD



SYMBOL TABLE OF MODULE:  ST7789V+HSD114_ZT_4W1L (MAIN)

  VALUE           TYPE          NAME
  ----------------------------------

  -------         MODULE        MAIN
  C:0000H         SYMBOL        _ICE_DUMMY_
  D:0080H         PUBLIC        P0
  X:0000H         PUBLIC        f_down
BL51 BANKED LINKER/LOCATER V6.22                                                      02/28/2022  13:43:29  PAGE 8


  D:0090H         PUBLIC        P1
  D:00A0H         PUBLIC        P2
  D:00B0H         PUBLIC        P3
  C:35B8H         PUBLIC        USB_MaxPower
  B:00B0H.6       PUBLIC        KEY_STEP
  D:00A4H         PUBLIC        P0MDOUT
  D:00A5H         PUBLIC        P1MDOUT
  D:00A6H         PUBLIC        P2MDOUT
  D:00A7H         PUBLIC        P3MDOUT
  D:00AEH         PUBLIC        P4MDOUT
  B:0080H.6       PUBLIC        OE
  D:00D9H         PUBLIC        PCA0MD
  C:1E6AH         PUBLIC        USB_API_TEST_ISR
  C:3949H         PUBLIC        Suspend_Device
  C:34CAH         PUBLIC        _StopDelay
  D:00E1H         PUBLIC        XBR0
  D:00E2H         PUBLIC        XBR1
  B:00B0H.1       PUBLIC        RS
  C:36B9H         PUBLIC        main
  X:0001H         PUBLIC        VerifyCode0
  X:0002H         PUBLIC        VerifyCode1
  C:3582H         PUBLIC        USB_PID
  X:0003H         PUBLIC        VerifyCode2
  D:00F1H         PUBLIC        P0MDIN
  D:00F2H         PUBLIC        P1MDIN
  C:3584H         PUBLIC        USB_MfrStr
  D:00F4H         PUBLIC        P3MDIN
  C:3580H         PUBLIC        USB_VID
  D:00F8H         PUBLIC        SPI0CN
  X:0004H         PUBLIC        pic
  C:3231H         PUBLIC        Devices_Init
  C:008EH         PUBLIC        ConnToUSB
  D:00A9H         PUBLIC        CLKSEL
  D:00B2H         PUBLIC        OSCICN
  C:35B9H         PUBLIC        USB_PwAttributes
  C:38EFH         PUBLIC        WaitKey
  C:35BCH         SYMBOL        _?ix1000
  B:00A0H.0       PUBLIC        CS0
  X:0005H         PUBLIC        bf
  C:35BAH         PUBLIC        USB_bcdDevice
  D:00B9H         PUBLIC        CLKMUL
  X:0007H         PUBLIC        f_debug
  X:0008H         PUBLIC        sd
  X:02D2H         PUBLIC        Packet
  C:3604H         PUBLIC        MCU_Init
  B:0080H.7       PUBLIC        DIR
  D:00EFH         PUBLIC        RSTSRC
  X:000CH         PUBLIC        f_read
  C:35AEH         PUBLIC        USB_SerialStr
  X:000DH         PUBLIC        f_other
  C:359EH         PUBLIC        USB_ProductStr
  X:000EH         PUBLIC        f_para
  D:00A1H         PUBLIC        SPI0CFG
  C:385AH         PUBLIC        _Delay
  B:00B0H.7       PUBLIC        KEY_Stop
  X:000FH         PUBLIC        f_init
  -------         PROC          MAIN
BL51 BANKED LINKER/LOCATER V6.22                                                      02/28/2022  13:43:29  PAGE 9


  C:36B9H         LINE#         40
  C:36B9H         LINE#         41
  C:36B9H         LINE#         46
  C:36BCH         LINE#         53
  C:36BFH         LINE#         54
  C:36BFH         LINE#         72
  C:36C8H         LINE#         73
  C:36D5H         LINE#         78
  C:36DEH         LINE#         79
  C:36E7H         LINE#         85
  C:36EAH         LINE#         87
  C:36ECH         LINE#         89
  -------         ENDPROC       MAIN
  -------         PROC          _DELAY
  D:0006H         SYMBOL        dly
  -------         DO            
  D:0004H         SYMBOL        i
  D:0002H         SYMBOL        j
  -------         ENDDO         
  C:385AH         LINE#         91
  C:385AH         LINE#         92
  C:385AH         LINE#         95
  C:3864H         LINE#         96
  C:3878H         LINE#         97
  -------         ENDPROC       _DELAY
  C:34C6H         SYMBOL        L?0133
  -------         PROC          L?0132
  -------         ENDPROC       L?0132
  C:34C6H         SYMBOL        L?0133
  -------         PROC          _STOPDELAY
  X:0058H         SYMBOL        sdly
  -------         DO            
  D:0006H         SYMBOL        i
  D:0004H         SYMBOL        j
  X:005AH         SYMBOL        k
  -------         ENDDO         
  C:34CAH         LINE#         99
  C:34D1H         LINE#         100
  C:34D1H         LINE#         102
  C:34D6H         LINE#         103
  C:34D6H         LINE#         104
  C:34D9H         LINE#         105
  C:34D9H         LINE#         106
  C:34E6H         LINE#         107
  C:34FAH         LINE#         108
  C:34FAH         LINE#         110
  C:34FAH         LINE#         111
  C:3504H         LINE#         112
  C:3504H         LINE#         113
  C:351AH         LINE#         114
  -------         ENDPROC       _STOPDELAY
  -------         PROC          WAITKEY
  C:38EFH         LINE#         144
  C:38EFH         LINE#         145
  C:38EFH         LINE#         147
  C:38F2H         LINE#         148
  C:38F2H         LINE#         150
BL51 BANKED LINKER/LOCATER V6.22                                                      02/28/2022  13:43:29  PAGE 10


  C:38F5H         LINE#         152
  C:38F7H         LINE#         153
  C:38FEH         LINE#         154
  C:3901H         LINE#         156
  -------         ENDPROC       WAITKEY
  -------         PROC          CONNTOUSB
  -------         DO            
  X:005CH         SYMBOL        i
  X:027AH         SYMBOL        reg_data
  X:0292H         SYMBOL        para_data
  D:0007H         SYMBOL        dat
  X:005DH         SYMBOL        reg_index
  X:005FH         SYMBOL        data_num
  X:0060H         SYMBOL        st
  -------         ENDDO         
  C:008EH         LINE#         162
  C:008EH         LINE#         163
  C:008EH         LINE#         170
  C:00A1H         LINE#         172
  C:00A9H         LINE#         173
  C:00A9H         LINE#         174
  C:00B7H         LINE#         175
  C:00B7H         LINE#         176
  C:00C8H         LINE#         177
  C:00C8H         LINE#         178
  C:00EEH         LINE#         179
  C:00F0H         LINE#         180
  C:0104H         LINE#         181
  C:0104H         LINE#         182
  C:012AH         LINE#         184
  C:012AH         LINE#         185
  C:012AH         LINE#         186
  C:012AH         LINE#         188
  C:012AH         LINE#         189
  C:0132H         LINE#         190
  C:013CH         LINE#         191
  C:0146H         LINE#         193
  C:0162H         LINE#         195
  C:016CH         LINE#         196
  C:016CH         LINE#         197
  C:017DH         LINE#         198
  C:017DH         LINE#         199
  C:018EH         LINE#         200
  C:018EH         LINE#         201
  C:01E1H         LINE#         202
  C:01E3H         LINE#         203
  C:01F9H         LINE#         204
  C:01F9H         LINE#         205
  C:024BH         LINE#         206
  C:024BH         LINE#         207
  C:024BH         LINE#         208
  C:024BH         LINE#         210
  C:024BH         LINE#         211
  C:0253H         LINE#         212
  C:0253H         LINE#         213
  C:025DH         LINE#         214
  C:0267H         LINE#         216
BL51 BANKED LINKER/LOCATER V6.22                                                      02/28/2022  13:43:29  PAGE 11


  C:026BH         LINE#         217
  C:026EH         LINE#         221
  C:0276H         LINE#         222
  C:0276H         LINE#         223
  C:0285H         LINE#         224
  C:0285H         LINE#         225
  C:0287H         LINE#         227
  C:0289H         LINE#         228
  C:02A5H         LINE#         229
  C:02A7H         LINE#         231
  C:02D0H         LINE#         232
  C:02F4H         LINE#         233
  C:02FEH         LINE#         234
  C:02FEH         LINE#         235
  C:0306H         LINE#         236
  C:030DH         LINE#         237
  C:0318H         LINE#         238
  C:031EH         LINE#         239
  C:031EH         LINE#         240
  C:0327H         LINE#         242
  C:032BH         LINE#         243
  C:0337H         LINE#         244
  C:033AH         LINE#         247
  C:0342H         LINE#         248
  C:0342H         LINE#         249
  C:034BH         LINE#         250
  C:034BH         LINE#         251
  C:035BH         LINE#         252
  C:035BH         LINE#         253
  C:035DH         LINE#         255
  C:035FH         LINE#         256
  C:037BH         LINE#         257
  C:037DH         LINE#         259
  C:03A6H         LINE#         260
  C:03CAH         LINE#         262
  C:03D4H         LINE#         263
  C:03D4H         LINE#         264
  C:03DCH         LINE#         265
  C:03E3H         LINE#         266
  C:03EEH         LINE#         267
  C:03F4H         LINE#         268
  C:03F4H         LINE#         270
  C:03FDH         LINE#         276
  C:03FDH         LINE#         277
  C:040AH         LINE#         278
  C:040AH         LINE#         279
  C:040CH         LINE#         281
  C:040EH         LINE#         282
  C:042AH         LINE#         283
  C:042CH         LINE#         285
  C:0434H         LINE#         286
  C:0438H         LINE#         287
  C:0444H         LINE#         288
  C:0444H         LINE#         289
  C:0447H         LINE#         292
  C:044FH         LINE#         293
  C:044FH         LINE#         294
BL51 BANKED LINKER/LOCATER V6.22                                                      02/28/2022  13:43:29  PAGE 12


  C:0460H         LINE#         295
  C:0460H         LINE#         296
  C:046DH         LINE#         297
  C:046DH         LINE#         298
  C:048BH         LINE#         299
  C:048DH         LINE#         300
  C:049DH         LINE#         301
  C:049DH         LINE#         302
  C:04BBH         LINE#         303
  C:04BDH         LINE#         304
  C:04CEH         LINE#         305
  C:04CEH         LINE#         306
  C:04D8H         LINE#         307
  C:04E2H         LINE#         308
  C:04E2H         LINE#         309
  C:04E2H         LINE#         310
  C:04E2H         LINE#         312
  C:04E2H         LINE#         313
  C:04EBH         LINE#         314
  C:04EFH         LINE#         315
  C:04FBH         LINE#         316
  C:04FEH         LINE#         319
  C:0506H         LINE#         320
  C:0506H         LINE#         321
  C:0513H         LINE#         322
  C:0524H         LINE#         324
  C:052DH         LINE#         325
  C:053CH         LINE#         327
  C:0544H         LINE#         328
  C:0544H         LINE#         329
  C:054DH         LINE#         330
  C:055CH         LINE#         331
  C:055CH         LINE#         332
  C:055FH         LINE#         333
  C:056EH         LINE#         334
  C:057AH         LINE#         335
  C:0580H         LINE#         336
  C:0580H         LINE#         338
  C:0584H         LINE#         339
  C:0593H         LINE#         341
  C:059AH         LINE#         342
  C:05B6H         LINE#         343
  C:05C0H         LINE#         344
  C:05C0H         LINE#         345
  C:05E6H         LINE#         346
  C:05F9H         LINE#         347
  C:05F9H         LINE#         348
  C:064BH         LINE#         349
  C:0653H         LINE#         350
  C:0653H         LINE#         351
  C:0653H         LINE#         354
  C:0658H         LINE#         355
  C:0658H         LINE#         356
  C:0665H         LINE#         357
  C:0676H         LINE#         359
  C:067BH         LINE#         360
  C:067FH         LINE#         361
BL51 BANKED LINKER/LOCATER V6.22                                                      02/28/2022  13:43:29  PAGE 13


  C:0682H         LINE#         362
  C:0686H         LINE#         364
  C:068AH         LINE#         365
  C:0696H         LINE#         366
  C:0698H         LINE#         367
  -------         ENDPROC       CONNTOUSB
  -------         PROC          MCU_INIT
  -------         DO            
  D:0007H         SYMBOL        n
  -------         ENDDO         
  C:3604H         LINE#         370
  C:3604H         LINE#         371
  C:3604H         LINE#         373
  C:3607H         LINE#         376
  C:360AH         LINE#         377
  C:360DH         LINE#         379
  C:3610H         LINE#         381
  C:3616H         LINE#         383
  C:3619H         LINE#         384
  C:361EH         LINE#         385
  C:3621H         LINE#         387
  C:3624H         LINE#         390
  C:3627H         LINE#         391
  C:362AH         LINE#         393
  C:362DH         LINE#         394
  C:3630H         LINE#         396
  C:3633H         LINE#         397
  C:3636H         LINE#         399
  C:3639H         LINE#         400
  C:363CH         LINE#         401
  C:363EH         LINE#         402
  C:3640H         LINE#         404
  C:3643H         LINE#         405
  C:3646H         LINE#         407
  -------         ENDPROC       MCU_INIT
  -------         PROC          DEVICES_INIT
  C:3231H         LINE#         409
  C:3231H         LINE#         410
  C:3231H         LINE#         412
  C:3234H         LINE#         415
  C:3237H         LINE#         416
  C:3291H         LINE#         417
  C:3294H         LINE#         420
  C:3297H         LINE#         421
  C:329AH         LINE#         429
  -------         ENDPROC       DEVICES_INIT
  -------         PROC          SUSPEND_DEVICE
  C:3949H         LINE#         433
  C:3949H         LINE#         434
  C:3949H         LINE#         435
  -------         ENDPROC       SUSPEND_DEVICE
  -------         PROC          USB_API_TEST_ISR
  -------         DO            
  X:0056H         SYMBOL        INTVAL
  -------         ENDDO         
  C:1E6AH         LINE#         439
  C:1E87H         LINE#         441
BL51 BANKED LINKER/LOCATER V6.22                                                      02/28/2022  13:43:29  PAGE 14


  C:1E8EH         LINE#         443
  C:1E94H         LINE#         444
  C:1E94H         LINE#         445
  C:1E9FH         LINE#         447
  C:1EBBH         LINE#         448
  C:1EBBH         LINE#         449
  C:1EBDH         LINE#         450
  C:1EBFH         LINE#         451
  C:1ED5H         LINE#         452
  C:1ED5H         LINE#         453
  C:1ED7H         LINE#         454
  C:1ED9H         LINE#         455
  C:1EF1H         LINE#         456
  C:1EF1H         LINE#         457
  C:1EF3H         LINE#         458
  C:1EF5H         LINE#         459
  C:1F0FH         LINE#         460
  C:1F0FH         LINE#         461
  C:1F11H         LINE#         462
  C:1F13H         LINE#         463
  C:1F28H         LINE#         464
  C:1F28H         LINE#         465
  C:1F2AH         LINE#         466
  C:1F2CH         LINE#         468
  C:1F2CH         LINE#         469
  C:1F31H         LINE#         470
  C:1F31H         LINE#         471
  C:1F31H         LINE#         473
  C:1F31H         LINE#         474
  C:1F31H         LINE#         476
  C:1F31H         LINE#         478
  C:1F37H         LINE#         479
  C:1F37H         LINE#         480
  C:1F3AH         LINE#         481
  C:1F3AH         LINE#         483
  C:1F40H         LINE#         484
  C:1F40H         LINE#         485
  C:1F43H         LINE#         486
  C:1F43H         LINE#         488
  C:1F49H         LINE#         489
  C:1F49H         LINE#         490
  C:1F64H         LINE#         491
  C:1F64H         LINE#         493
  C:1F6AH         LINE#         494
  C:1F6AH         LINE#         495
  C:1F6FH         LINE#         496
  C:1F8AH         LINE#         497
  C:1F8AH         LINE#         498
  -------         ENDPROC       USB_API_TEST_ISR
  -------         ENDMOD        MAIN

  -------         MODULE        MMC_SD
  C:0000H         SYMBOL        _ICE_DUMMY_
  D:00A2H         PUBLIC        SPI0CKR
  D:0080H         PUBLIC        P0
  D:0090H         PUBLIC        P1
  D:00A0H         PUBLIC        P2
BL51 BANKED LINKER/LOCATER V6.22                                                      02/28/2022  13:43:29  PAGE 15


  D:00B0H         PUBLIC        P3
  C:30D6H         PUBLIC        _MMC_SD_SendCommand
  C:329DH         PUBLIC        _MMC_SD_ReadSingleBlock
  C:3902H         PUBLIC        SD_Init
  C:2FE3H         PUBLIC        _MMC_SD_WriteSingleBlock
  B:00F8H.7       PUBLIC        SPIF
  B:00F8H.2       PUBLIC        NSSMD0
  C:26B1H         PUBLIC        MMC_SD_Reset
  D:00A9H         PUBLIC        CLKSEL
  C:392DH         PUBLIC        SPI_ReadByte
  C:38BBH         PUBLIC        _SPI_WriteByte
  D:00A3H         PUBLIC        SPI0DAT
  X:007AH         PUBLIC        buffer
  C:38AFH         SYMBOL        L?0062
  C:38B4H         SYMBOL        L?0063
  -------         PROC          L?0061
  -------         ENDPROC       L?0061
  C:38AFH         SYMBOL        L?0062
  C:38B4H         SYMBOL        L?0063
  -------         PROC          _SPI_WRITEBYTE
  D:0007H         SYMBOL        val
  -------         DO            
  D:0007H         SYMBOL        ret
  -------         ENDDO         
  C:38BBH         LINE#         7
  C:38BBH         LINE#         8
  C:38BBH         LINE#         11
  C:38BDH         LINE#         12
  C:38C0H         LINE#         13
  C:38C2H         LINE#         14
  C:38C4H         LINE#         15
  C:38C4H         LINE#         16
  -------         ENDPROC       _SPI_WRITEBYTE
  -------         PROC          SPI_READBYTE
  -------         DO            
  D:0007H         SYMBOL        ret
  -------         ENDDO         
  C:392DH         LINE#         18
  C:392DH         LINE#         19
  C:392DH         LINE#         22
  C:3930H         LINE#         23
  C:3933H         LINE#         24
  C:3935H         LINE#         25
  C:3937H         LINE#         26
  C:3937H         LINE#         27
  -------         ENDPROC       SPI_READBYTE
  -------         PROC          _MMC_SD_SENDCOMMAND
  D:0006H         SYMBOL        cmd
  X:0066H         SYMBOL        arg
  -------         DO            
  D:0007H         SYMBOL        r1
  D:0003H         SYMBOL        retry
  -------         ENDDO         
  C:30D6H         LINE#         29
  C:30D8H         LINE#         30
  C:30D8H         LINE#         32
  C:30DAH         LINE#         34
BL51 BANKED LINKER/LOCATER V6.22                                                      02/28/2022  13:43:29  PAGE 16


  C:30DAH         LINE#         35
  C:30DAH         LINE#         36
  C:30DDH         LINE#         37
  C:30DDH         LINE#         38
  C:30DDH         LINE#         39
  C:30E0H         LINE#         41
  C:30E2H         LINE#         43
  C:30E9H         LINE#         44
  C:30FEH         LINE#         45
  C:3113H         LINE#         46
  C:3128H         LINE#         47
  C:3132H         LINE#         48
  C:3137H         LINE#         50
  C:313FH         LINE#         51
  C:3148H         LINE#         53
  C:314AH         LINE#         55
  C:314AH         LINE#         56
  -------         ENDPROC       _MMC_SD_SENDCOMMAND
  -------         PROC          MMC_SD_RESET
  -------         DO            
  D:0005H         SYMBOL        i
  D:0002H         SYMBOL        retry
  D:0006H         SYMBOL        r1
  -------         ENDDO         
  C:26B1H         LINE#         58
  C:26B1H         LINE#         59
  C:26B1H         LINE#         62
  C:26B3H         LINE#         64
  C:26B4H         LINE#         65
  C:26B7H         LINE#         66
  C:26BAH         LINE#         68
  C:26BAH         LINE#         69
  C:26C6H         LINE#         70
  C:26D6H         LINE#         71
  C:26D7H         LINE#         72
  C:26DDH         LINE#         73
  C:26E1H         LINE#         75
  C:26E3H         LINE#         77
  C:26E3H         LINE#         79
  C:26E3H         LINE#         80
  C:26F3H         LINE#         81
  C:26F4H         LINE#         82
  C:26FDH         LINE#         83
  C:2701H         LINE#         85
  C:2703H         LINE#         86
  C:2713H         LINE#         87
  C:2714H         LINE#         88
  C:271DH         LINE#         89
  C:2720H         LINE#         91
  C:2723H         LINE#         92
  C:2723H         LINE#         93
  C:2725H         LINE#         95
  C:2725H         LINE#         96
  C:2735H         LINE#         97
  C:2736H         LINE#         98
  C:273FH         LINE#         99
  C:2742H         LINE#         100
BL51 BANKED LINKER/LOCATER V6.22                                                      02/28/2022  13:43:29  PAGE 17


  C:2742H         LINE#         101
  C:2752H         LINE#         103
  C:2760H         LINE#         104
  C:2763H         LINE#         105
  C:2766H         LINE#         106
  C:2767H         LINE#         107
  -------         ENDPROC       MMC_SD_RESET
  -------         PROC          _MMC_SD_READSINGLEBLOCK
  X:0010H         SYMBOL        sector
  -------         DO            
  D:0007H         SYMBOL        r1
  D:0004H         SYMBOL        i
  D:0002H         SYMBOL        retry
  -------         ENDDO         
  C:329DH         LINE#         109
  C:32A2H         LINE#         110
  C:32A2H         LINE#         113
  C:32A4H         LINE#         115
  C:32A7H         LINE#         117
  C:32A7H         LINE#         118
  C:32C3H         LINE#         119
  C:32C4H         LINE#         120
  C:32CDH         LINE#         121
  C:32D0H         LINE#         124
  C:32D2H         LINE#         126
  C:32D8H         LINE#         128
  C:32DBH         LINE#         129
  C:32DBH         LINE#         130
  C:32EAH         LINE#         131
  C:32F7H         LINE#         133
  C:32F7H         LINE#         134
  C:32FAH         LINE#         136
  C:32FCH         LINE#         137
  C:32FFH         LINE#         138
  C:3300H         LINE#         139
  -------         ENDPROC       _MMC_SD_READSINGLEBLOCK
  -------         PROC          _MMC_SD_WRITESINGLEBLOCK
  X:0061H         SYMBOL        sector
  -------         DO            
  D:0006H         SYMBOL        r1
  D:0004H         SYMBOL        i
  D:0002H         SYMBOL        retry
  -------         ENDDO         
  C:2FE3H         LINE#         141
  C:2FE8H         LINE#         142
  C:2FE8H         LINE#         145
  C:2FEAH         LINE#         147
  C:2FEDH         LINE#         149
  C:2FEDH         LINE#         150
  C:300BH         LINE#         151
  C:300CH         LINE#         152
  C:3015H         LINE#         153
  C:3018H         LINE#         157
  C:301AH         LINE#         159
  C:301FH         LINE#         161
  C:3024H         LINE#         163
  C:3026H         LINE#         164
BL51 BANKED LINKER/LOCATER V6.22                                                      02/28/2022  13:43:29  PAGE 18


  C:3026H         LINE#         165
  C:3035H         LINE#         166
  C:3042H         LINE#         168
  C:3042H         LINE#         169
  C:3042H         LINE#         171
  C:3047H         LINE#         173
  C:304EH         LINE#         174
  C:304EH         LINE#         175
  C:3050H         LINE#         176
  C:3051H         LINE#         177
  C:3051H         LINE#         179
  C:3059H         LINE#         181
  C:305BH         LINE#         182
  C:305EH         LINE#         183
  C:305FH         LINE#         184
  -------         ENDPROC       _MMC_SD_WRITESINGLEBLOCK
  -------         PROC          SD_INIT
  -------         DO            
  D:0001H         SYMBOL        n
  -------         ENDDO         
  C:3902H         LINE#         187
  C:3902H         LINE#         188
  C:3902H         LINE#         189
  C:3904H         LINE#         191
  C:390AH         LINE#         192
  C:390AH         LINE#         193
  C:390BH         LINE#         194
  C:3912H         LINE#         196
  -------         ENDPROC       SD_INIT
  -------         ENDMOD        MMC_SD

  -------         MODULE        LCD
  C:0000H         SYMBOL        _ICE_DUMMY_
  D:0080H         PUBLIC        P0
  C:297CH         PUBLIC        DispFrame
  D:0090H         PUBLIC        P1
  C:2ACBH         PUBLIC        DispScaleVer_Green
  D:00A0H         PUBLIC        P2
  D:00B0H         PUBLIC        P3
  C:1A13H         PUBLIC        DispBand
  C:36F6H         PUBLIC        _WriteData
  C:0699H         PUBLIC        ascii
  C:123EH         PUBLIC        _LCD_Read_IC_ID
  D:00A6H         PUBLIC        P2MDOUT
  C:0046H         PUBLIC        _DispColor
  C:2ED7H         PUBLIC        DispScaleVer_Blue
  C:2DBCH         PUBLIC        _DrawGird
  C:2F5DH         PUBLIC        _DrawLine
  B:00D0H.7       PUBLIC        CY
  C:374EH         PUBLIC        _WriteComm
  C:0018H         PUBLIC        _WriteDispData
  C:2D2BH         PUBLIC        DispScaleVer_Gray
  B:00B0H.1       PUBLIC        RS
  B:0090H.7       PUBLIC        SPI_CLK
  C:2C9AH         PUBLIC        DispScaleVer_Red
  D:00F3H         PUBLIC        P2MDIN
  C:20DCH         PUBLIC        DispScaleVer
BL51 BANKED LINKER/LOCATER V6.22                                                      02/28/2022  13:43:29  PAGE 19


  C:3301H         PUBLIC        _DispPic
  C:2616H         PUBLIC        _DispOneChar
  C:3060H         PUBLIC        DispGrayHor32
  C:2B6BH         PUBLIC        DispGrayHor16
  C:2768H         PUBLIC        _DispInt
  C:351BH         PUBLIC        _PutPixel
  D:00A9H         PUBLIC        CLKSEL
  B:0090H.6       PUBLIC        RD0
  B:00A0H.0       PUBLIC        CS0
  X:0054H         PUBLIC        LCM_ID
  C:1BA3H         PUBLIC        LCD_Init
  C:2C04H         PUBLIC        _DispStr
  B:0090H.7       PUBLIC        WR0
  C:1470H         PUBLIC        DispScaleHor1
  B:0090H.6       PUBLIC        SPI_DI
  C:3938H         PUBLIC        _WriteOneDot
  C:1857H         PUBLIC        DispScaleHor2
  C:2430H         PUBLIC        _DispPicFromSD
  B:0080H.7       PUBLIC        DIR
  C:3362H         PUBLIC        _ToOrd
  B:0080H.5       PUBLIC        RST
  C:38C5H         PUBLIC        ReadData
  C:2A3FH         PUBLIC        _?BlockWrite
  -------         PROC          _LCD_READ_IC_ID
  X:0061H         SYMBOL        ID
  D:0004H         SYMBOL        Bug
  D:0003H         SYMBOL        flog
  -------         DO            
  X:0062H         SYMBOL        id
  X:0064H         SYMBOL        id1
  X:0066H         SYMBOL        temp
  D:0005H         SYMBOL        i
  D:0007H         SYMBOL        dat
  D:0001H         SYMBOL        id2
  X:0068H         SYMBOL        id3
  D:0002H         SYMBOL        id4
  -------         ENDDO         
  C:123EH         LINE#         35
  C:1242H         LINE#         36
  C:1242H         LINE#         40
  C:124AH         LINE#         41
  C:124AH         LINE#         43
  C:124CH         LINE#         44
  C:124EH         LINE#         45
  C:1250H         LINE#         47
  C:1253H         LINE#         48
  C:1255H         LINE#         49
  C:1257H         LINE#         50
  C:1259H         LINE#         53
  C:125CH         LINE#         54
  C:125FH         LINE#         55
  C:1262H         LINE#         56
  C:1264H         LINE#         57
  C:1266H         LINE#         58
  C:1268H         LINE#         63
  C:1272H         LINE#         65
  C:1278H         LINE#         66
BL51 BANKED LINKER/LOCATER V6.22                                                      02/28/2022  13:43:29  PAGE 20


  C:1280H         LINE#         68
  C:1286H         LINE#         69
  C:128CH         LINE#         70
  C:1296H         LINE#         72
  C:129CH         LINE#         73
  C:129EH         LINE#         75
  C:12A4H         LINE#         77
  C:12AAH         LINE#         78
  C:12B4H         LINE#         80
  C:12BAH         LINE#         81
  C:12BFH         LINE#         83
  C:12C5H         LINE#         85
  C:12CFH         LINE#         86
  C:12D9H         LINE#         88
  C:12DFH         LINE#         89
  C:12E1H         LINE#         91
  C:12F1H         LINE#         92
  C:12FBH         LINE#         94
  C:12FEH         LINE#         95
  C:1302H         LINE#         96
  C:1302H         LINE#         97
  C:130BH         LINE#         98
  C:1311H         LINE#         99
  C:1311H         LINE#         100
  C:131BH         LINE#         101
  C:131DH         LINE#         102
  C:1321H         LINE#         103
  C:1321H         LINE#         104
  C:1330H         LINE#         105
  C:1330H         LINE#         108
  C:1330H         LINE#         109
  C:1339H         LINE#         110
  C:1339H         LINE#         112
  C:133CH         LINE#         113
  C:1340H         LINE#         114
  C:1342H         LINE#         115
  C:1344H         LINE#         116
  C:1346H         LINE#         117
  C:1346H         LINE#         118
  C:1348H         LINE#         119
  C:1350H         LINE#         120
  C:1352H         LINE#         122
  C:1354H         LINE#         123
  C:1358H         LINE#         124
  C:135DH         LINE#         125
  C:1360H         LINE#         128
  C:136AH         LINE#         129
  C:136AH         LINE#         130
  C:136CH         LINE#         131
  C:136CH         LINE#         132
  C:136EH         LINE#         133
  C:1370H         LINE#         134
  C:1372H         LINE#         135
  C:1389H         LINE#         136
  C:138BH         LINE#         137
  C:138DH         LINE#         138
  C:1394H         LINE#         139
BL51 BANKED LINKER/LOCATER V6.22                                                      02/28/2022  13:43:29  PAGE 21


  C:139EH         LINE#         140
  C:139EH         LINE#         141
  C:13A0H         LINE#         142
  C:13A0H         LINE#         143
  C:13A2H         LINE#         144
  C:13A4H         LINE#         145
  C:13A6H         LINE#         146
  C:13BDH         LINE#         147
  C:13BFH         LINE#         148
  C:13C1H         LINE#         149
  C:13C6H         LINE#         150
  C:13C6H         LINE#         152
  C:13C8H         LINE#         153
  C:13C8H         LINE#         154
  C:13CAH         LINE#         155
  C:13CCH         LINE#         156
  C:13CEH         LINE#         157
  C:13E5H         LINE#         158
  C:13E7H         LINE#         159
  C:13E9H         LINE#         160
  C:13EEH         LINE#         162
  C:13F0H         LINE#         163
  C:13F0H         LINE#         164
  C:13F2H         LINE#         165
  C:13F4H         LINE#         166
  C:13F6H         LINE#         167
  C:1400H         LINE#         168
  C:1402H         LINE#         169
  C:1404H         LINE#         170
  C:1409H         LINE#         172
  C:140BH         LINE#         173
  C:140BH         LINE#         174
  C:140DH         LINE#         175
  C:140FH         LINE#         176
  C:1411H         LINE#         177
  C:141DH         LINE#         178
  C:141FH         LINE#         179
  C:1421H         LINE#         180
  C:1426H         LINE#         181
  C:1429H         LINE#         182
  C:142BH         LINE#         183
  C:142DH         LINE#         184
  C:142FH         LINE#         185
  C:1431H         LINE#         186
  C:1433H         LINE#         187
  C:1435H         LINE#         189
  C:1439H         LINE#         190
  C:1439H         LINE#         191
  C:1449H         LINE#         193
  C:1454H         LINE#         194
  C:1454H         LINE#         195
  C:1454H         LINE#         197
  C:145AH         LINE#         198
  C:145AH         LINE#         199
  C:1466H         LINE#         200
  C:1466H         LINE#         202
  C:1466H         LINE#         203
BL51 BANKED LINKER/LOCATER V6.22                                                      02/28/2022  13:43:29  PAGE 22


  C:1468H         LINE#         204
  C:146FH         LINE#         205
  -------         ENDPROC       _LCD_READ_IC_ID
  -------         PROC          _WRITECOMM
  D:0004H         SYMBOL        i
  -------         DO            
  D:0003H         SYMBOL        j
  X:0079H         SYMBOL        DataH
  -------         ENDDO         
  C:374EH         LINE#         208
  C:3752H         LINE#         209
  C:3752H         LINE#         211
  C:3756H         LINE#         212
  C:3758H         LINE#         276
  C:3758H         LINE#         303
  C:375AH         LINE#         304
  C:375CH         LINE#         305
  C:375CH         LINE#         306
  C:3760H         LINE#         307
  C:3764H         LINE#         309
  C:3766H         LINE#         310
  C:376DH         LINE#         311
  C:376FH         LINE#         312
  C:3771H         LINE#         314
  C:3776H         LINE#         316
  C:3776H         LINE#         319
  C:3778H         LINE#         320
  -------         ENDPROC       _WRITECOMM
  C:36F2H         SYMBOL        L?0468
  -------         PROC          L?0467
  -------         ENDPROC       L?0467
  C:36F2H         SYMBOL        L?0468
  -------         PROC          _WRITEDATA
  D:0004H         SYMBOL        i
  -------         DO            
  D:0003H         SYMBOL        j
  X:0079H         SYMBOL        DataH
  -------         ENDDO         
  C:36F6H         LINE#         322
  C:36FAH         LINE#         323
  C:36FAH         LINE#         325
  C:36FEH         LINE#         326
  C:3700H         LINE#         467
  C:3700H         LINE#         498
  C:3702H         LINE#         499
  C:3704H         LINE#         500
  C:3704H         LINE#         501
  C:3708H         LINE#         502
  C:370CH         LINE#         504
  C:370EH         LINE#         505
  C:3715H         LINE#         506
  C:3717H         LINE#         507
  C:3719H         LINE#         509
  C:371EH         LINE#         511
  C:371EH         LINE#         514
  C:3720H         LINE#         515
  -------         ENDPROC       _WRITEDATA
BL51 BANKED LINKER/LOCATER V6.22                                                      02/28/2022  13:43:29  PAGE 23


  C:0003H         SYMBOL        L?0466
  -------         PROC          L?0465
  -------         ENDPROC       L?0465
  C:0003H         SYMBOL        L?0466
  -------         PROC          _WRITEDISPDATA
  D:0007H         SYMBOL        DataH
  D:0005H         SYMBOL        DataL
  -------         DO            
  D:0006H         SYMBOL        j
  -------         ENDDO         
  C:0018H         LINE#         517
  C:0018H         LINE#         518
  C:0018H         LINE#         520
  C:001AH         LINE#         594
  C:001AH         LINE#         595
  C:001CH         LINE#         596
  C:001EH         LINE#         597
  C:001EH         LINE#         598
  C:0022H         LINE#         599
  C:0024H         LINE#         600
  C:0026H         LINE#         601
  C:0028H         LINE#         602
  C:002DH         LINE#         604
  C:002FH         LINE#         605
  C:0031H         LINE#         606
  C:0031H         LINE#         607
  C:0035H         LINE#         608
  C:0037H         LINE#         609
  C:0039H         LINE#         610
  C:003BH         LINE#         611
  C:0040H         LINE#         636
  C:0040H         LINE#         639
  C:0042H         LINE#         640
  -------         ENDPROC       _WRITEDISPDATA
  -------         PROC          _WRITEONEDOT
  D:0004H         SYMBOL        color
  C:3938H         LINE#         642
  C:393CH         LINE#         643
  C:393CH         LINE#         656
  -------         ENDPROC       _WRITEONEDOT
  -------         PROC          LCD_INIT
  C:1BA3H         LINE#         665
  C:1BA3H         LINE#         666
  C:1BA3H         LINE#         667
  C:1BA6H         LINE#         670
  C:1BA8H         LINE#         671
  C:1BAFH         LINE#         673
  C:1BB1H         LINE#         674
  C:1BB8H         LINE#         676
  C:1BBAH         LINE#         677
  C:1BC1H         LINE#         5255
  C:1BC8H         LINE#         5256
  C:1BCDH         LINE#         5258
  C:1BD4H         LINE#         5259
  C:1BD9H         LINE#         5261
  C:1BDEH         LINE#         5262
  C:1BE3H         LINE#         5264
BL51 BANKED LINKER/LOCATER V6.22                                                      02/28/2022  13:43:29  PAGE 24


  C:1BE8H         LINE#         5265
  C:1BEDH         LINE#         5266
  C:1BF2H         LINE#         5267
  C:1BF5H         LINE#         5268
  C:1BF8H         LINE#         5269
  C:1BFDH         LINE#         5271
  C:1C02H         LINE#         5272
  C:1C07H         LINE#         5273
  C:1C0AH         LINE#         5274
  C:1C0DH         LINE#         5275
  C:1C12H         LINE#         5277
  C:1C17H         LINE#         5278
  C:1C1CH         LINE#         5279
  C:1C1FH         LINE#         5280
  C:1C24H         LINE#         5281
  C:1C29H         LINE#         5282
  C:1C2CH         LINE#         5284
  C:1C31H         LINE#         5285
  C:1C36H         LINE#         5287
  C:1C3BH         LINE#         5288
  C:1C40H         LINE#         5290
  C:1C45H         LINE#         5291
  C:1C4AH         LINE#         5293
  C:1C4FH         LINE#         5294
  C:1C54H         LINE#         5296
  C:1C59H         LINE#         5297
  C:1C5EH         LINE#         5299
  C:1C63H         LINE#         5300
  C:1C68H         LINE#         5302
  C:1C6DH         LINE#         5303
  C:1C72H         LINE#         5305
  C:1C77H         LINE#         5306
  C:1C7CH         LINE#         5307
  C:1C81H         LINE#         5309
  C:1C86H         LINE#         5310
  C:1C8BH         LINE#         5311
  C:1C90H         LINE#         5312
  C:1C95H         LINE#         5313
  C:1C9AH         LINE#         5314
  C:1C9FH         LINE#         5315
  C:1CA4H         LINE#         5316
  C:1CA9H         LINE#         5317
  C:1CAEH         LINE#         5318
  C:1CB3H         LINE#         5319
  C:1CB8H         LINE#         5320
  C:1CBDH         LINE#         5321
  C:1CC1H         LINE#         5322
  C:1CC6H         LINE#         5323
  C:1CCBH         LINE#         5325
  C:1CD0H         LINE#         5326
  C:1CD5H         LINE#         5327
  C:1CDAH         LINE#         5328
  C:1CDFH         LINE#         5329
  C:1CE4H         LINE#         5330
  C:1CE9H         LINE#         5331
  C:1CECH         LINE#         5332
  C:1CF1H         LINE#         5333
BL51 BANKED LINKER/LOCATER V6.22                                                      02/28/2022  13:43:29  PAGE 25


  C:1CF6H         LINE#         5334
  C:1CFBH         LINE#         5335
  C:1D00H         LINE#         5336
  C:1D05H         LINE#         5337
  C:1D0AH         LINE#         5338
  C:1D0FH         LINE#         5339
  C:1D14H         LINE#         5346
  -------         ENDPROC       LCD_INIT
  C:2A27H         SYMBOL        L?0459
  C:2A2EH         SYMBOL        L?0460
  C:2A35H         SYMBOL        L?0461
  -------         PROC          L?0458
  -------         ENDPROC       L?0458
  C:2A27H         SYMBOL        L?0459
  C:2A2EH         SYMBOL        L?0460
  C:2A35H         SYMBOL        L?0461
  -------         PROC          _?BLOCKWRITE
  p:0000H         SYMBOL        Xstart
  p:0002H         SYMBOL        Xend
  p:0004H         SYMBOL        Ystart
  p:0006H         SYMBOL        Yend
  C:2A3FH         LINE#         6982
  C:2A60H         LINE#         7084
  C:2A67H         LINE#         7085
  C:2A6EH         LINE#         7086
  C:2A77H         LINE#         7087
  C:2A84H         LINE#         7088
  C:2A8FH         LINE#         7090
  C:2A96H         LINE#         7091
  C:2AA0H         LINE#         7092
  C:2AA7H         LINE#         7093
  C:2AB3H         LINE#         7094
  C:2ABAH         LINE#         7095
  C:2AC1H         LINE#         7149
  C:2AC4H         LINE#         7154
  -------         ENDPROC       _?BLOCKWRITE
  -------         PROC          _DISPCOLOR
  D:0004H         SYMBOL        color
  -------         DO            
  X:0058H         SYMBOL        i
  D:0002H         SYMBOL        m
  X:005AH         SYMBOL        DataH
  X:005BH         SYMBOL        DataL
  -------         ENDDO         
  C:0046H         LINE#         7211
  C:0048H         LINE#         7212
  C:0048H         LINE#         7215
  C:004EH         LINE#         7217
  C:0051H         LINE#         7219
  C:0053H         LINE#         7220
  C:0059H         LINE#         7221
  C:0059H         LINE#         7222
  C:005CH         LINE#         7223
  C:005CH         LINE#         7224
  C:0066H         LINE#         7225
  C:0071H         LINE#         7226
  C:0087H         LINE#         7228
BL51 BANKED LINKER/LOCATER V6.22                                                      02/28/2022  13:43:29  PAGE 26


  C:0089H         LINE#         7229
  -------         ENDPROC       _DISPCOLOR
  -------         PROC          DISPFRAME
  -------         DO            
  D:0002H         SYMBOL        i
  X:0058H         SYMBOL        j
  D:0001H         SYMBOL        DataH
  D:0004H         SYMBOL        DataL
  -------         ENDDO         
  C:297CH         LINE#         7231
  C:297CH         LINE#         7232
  C:297CH         LINE#         7235
  C:297FH         LINE#         7237
  C:2981H         LINE#         7240
  C:2985H         LINE#         7241
  C:298BH         LINE#         7243
  C:298DH         LINE#         7244
  C:298DH         LINE#         7245
  C:2991H         LINE#         7246
  C:2998H         LINE#         7247
  C:29A3H         LINE#         7249
  C:29A7H         LINE#         7250
  C:29ADH         LINE#         7252
  C:29B3H         LINE#         7253
  C:29B3H         LINE#         7254
  C:29B7H         LINE#         7255
  C:29BDH         LINE#         7257
  C:29C0H         LINE#         7258
  C:29C0H         LINE#         7259
  C:29C3H         LINE#         7260
  C:29C8H         LINE#         7261
  C:29D3H         LINE#         7263
  C:29D7H         LINE#         7264
  C:29DDH         LINE#         7266
  C:29F3H         LINE#         7268
  C:29F7H         LINE#         7269
  C:29FDH         LINE#         7271
  C:2A00H         LINE#         7272
  C:2A00H         LINE#         7273
  C:2A04H         LINE#         7274
  C:2A0BH         LINE#         7275
  C:2A16H         LINE#         7277
  C:2A1AH         LINE#         7278
  C:2A20H         LINE#         7280
  C:2A23H         LINE#         7281
  C:2A25H         LINE#         7282
  -------         ENDPROC       DISPFRAME
  -------         PROC          DISPBAND
  -------         DO            
  D:0002H         SYMBOL        i
  X:0058H         SYMBOL        j
  X:0059H         SYMBOL        k
  X:005AH         SYMBOL        m
  X:005BH         SYMBOL        n
  X:005CH         SYMBOL        x
  -------         ENDDO         
  C:1A13H         LINE#         7284
BL51 BANKED LINKER/LOCATER V6.22                                                      02/28/2022  13:43:29  PAGE 27


  C:1A13H         LINE#         7285
  C:1A13H         LINE#         7288
  C:1A1CH         LINE#         7289
  C:1A24H         LINE#         7290
  C:1A26H         LINE#         7292
  C:1A2FH         LINE#         7293
  C:1A3DH         LINE#         7294
  C:1A3DH         LINE#         7295
  C:1A58H         LINE#         7296
  C:1A73H         LINE#         7297
  C:1A9FH         LINE#         7298
  C:1AA6H         LINE#         7299
  C:1AB5H         LINE#         7300
  C:1AB5H         LINE#         7301
  C:1AD0H         LINE#         7302
  C:1AEBH         LINE#         7303
  C:1B17H         LINE#         7304
  C:1B1EH         LINE#         7305
  C:1B34H         LINE#         7306
  C:1B34H         LINE#         7307
  C:1B4FH         LINE#         7308
  C:1B6AH         LINE#         7309
  C:1B96H         LINE#         7310
  C:1B9DH         LINE#         7312
  C:1B9FH         LINE#         7313
  C:1BA2H         LINE#         7315
  -------         ENDPROC       DISPBAND
  -------         PROC          _DISPPIC
  D:0006H         SYMBOL        picture
  -------         DO            
  X:0014H         SYMBOL        p
  X:0017H         SYMBOL        n
  -------         ENDDO         
  C:3301H         LINE#         7318
  C:3301H         LINE#         7319
  C:3301H         LINE#         7322
  C:3310H         LINE#         7323
  C:3310H         LINE#         7324
  C:3310H         LINE#         7326
  C:3321H         LINE#         7328
  C:3334H         LINE#         7329
  C:3334H         LINE#         7330
  C:3354H         LINE#         7331
  C:3361H         LINE#         7333
  -------         ENDPROC       _DISPPIC
  -------         PROC          _DISPPICFROMSD
  X:0019H         SYMBOL        PicNum
  -------         DO            
  X:001AH         SYMBOL        Address_S
  X:001EH         SYMBOL        Address_E
  D:0002H         SYMBOL        i
  X:0022H         SYMBOL        k
  -------         ENDDO         
  C:2430H         LINE#         7337
  C:2433H         LINE#         7338
  C:2433H         LINE#         7344
  C:2436H         LINE#         7347
BL51 BANKED LINKER/LOCATER V6.22                                                      02/28/2022  13:43:29  PAGE 28


  C:2438H         LINE#         7349
  C:243AH         LINE#         7351
  C:2443H         LINE#         7352
  C:246EH         LINE#         7353
  C:2497H         LINE#         7354
  C:24BAH         LINE#         7355
  C:24BAH         LINE#         7356
  C:24CAH         LINE#         7358
  C:24D3H         LINE#         7359
  C:24D3H         LINE#         7361
  C:24EEH         LINE#         7362
  C:24F7H         LINE#         7363
  C:2516H         LINE#         7365
  C:2518H         LINE#         7403
  -------         ENDPROC       _DISPPICFROMSD
  -------         PROC          DISPSCALEHOR1
  -------         DO            
  X:0026H         SYMBOL        i
  X:0028H         SYMBOL        j
  D:0002H         SYMBOL        k
  -------         ENDDO         
  C:1470H         LINE#         7408
  C:1470H         LINE#         7409
  C:1470H         LINE#         7412
  C:1473H         LINE#         7415
  C:1475H         LINE#         7416
  C:1475H         LINE#         7417
  C:1497H         LINE#         7418
  C:149DH         LINE#         7419
  C:149DH         LINE#         7420
  C:14A3H         LINE#         7421
  C:14A3H         LINE#         7422
  C:14B8H         LINE#         7423
  C:14CEH         LINE#         7424
  C:14E4H         LINE#         7426
  C:14EFH         LINE#         7429
  C:14F2H         LINE#         7430
  C:14F2H         LINE#         7431
  C:1514H         LINE#         7432
  C:151AH         LINE#         7433
  C:151AH         LINE#         7434
  C:1520H         LINE#         7435
  C:1520H         LINE#         7436
  C:154BH         LINE#         7437
  C:1561H         LINE#         7438
  C:1577H         LINE#         7439
  C:1585H         LINE#         7442
  C:1588H         LINE#         7443
  C:1588H         LINE#         7444
  C:15AAH         LINE#         7445
  C:15B0H         LINE#         7446
  C:15B0H         LINE#         7447
  C:15B6H         LINE#         7448
  C:15B6H         LINE#         7449
  C:15C0H         LINE#         7450
  C:15D6H         LINE#         7451
  C:15ECH         LINE#         7452
BL51 BANKED LINKER/LOCATER V6.22                                                      02/28/2022  13:43:29  PAGE 29


  C:15F7H         LINE#         7455
  C:15FAH         LINE#         7456
  C:15FAH         LINE#         7457
  C:161CH         LINE#         7458
  C:1622H         LINE#         7459
  C:1622H         LINE#         7460
  C:1628H         LINE#         7461
  C:1628H         LINE#         7462
  C:165BH         LINE#         7463
  C:1671H         LINE#         7464
  C:1687H         LINE#         7465
  C:1695H         LINE#         7466
  C:1697H         LINE#         7467
  -------         ENDPROC       DISPSCALEHOR1
  -------         PROC          DISPSCALEVER
  -------         DO            
  X:002AH         SYMBOL        i
  X:002CH         SYMBOL        j
  D:0002H         SYMBOL        k
  -------         ENDDO         
  C:20DCH         LINE#         7469
  C:20DCH         LINE#         7470
  C:20DCH         LINE#         7539
  C:20DFH         LINE#         7541
  C:20E1H         LINE#         7542
  C:20E1H         LINE#         7543
  C:20E7H         LINE#         7544
  C:20E7H         LINE#         7545
  C:20EDH         LINE#         7546
  C:2103H         LINE#         7547
  C:210EH         LINE#         7549
  C:2111H         LINE#         7550
  C:2111H         LINE#         7552
  C:2117H         LINE#         7553
  C:2117H         LINE#         7555
  C:211DH         LINE#         7556
  C:211DH         LINE#         7557
  C:212FH         LINE#         7558
  C:2145H         LINE#         7560
  C:214BH         LINE#         7561
  C:214BH         LINE#         7562
  C:2173H         LINE#         7563
  C:2189H         LINE#         7565
  C:218FH         LINE#         7566
  C:218FH         LINE#         7567
  C:2196H         LINE#         7568
  C:21ACH         LINE#         7570
  C:21B2H         LINE#         7571
  C:21B2H         LINE#         7572
  C:21C6H         LINE#         7573
  C:21DCH         LINE#         7575
  C:21F5H         LINE#         7577
  C:2203H         LINE#         7579
  -------         ENDPROC       DISPSCALEVER
  -------         PROC          DISPSCALEVER_RED
  -------         DO            
  X:002EH         SYMBOL        i
BL51 BANKED LINKER/LOCATER V6.22                                                      02/28/2022  13:43:29  PAGE 30


  X:0030H         SYMBOL        j
  D:0002H         SYMBOL        k
  -------         ENDDO         
  C:2C9AH         LINE#         7581
  C:2C9AH         LINE#         7582
  C:2C9AH         LINE#         7585
  C:2C9DH         LINE#         7587
  C:2C9FH         LINE#         7589
  C:2CA1H         LINE#         7592
  C:2CA3H         LINE#         7593
  C:2CA3H         LINE#         7594
  C:2CA9H         LINE#         7595
  C:2CA9H         LINE#         7596
  C:2CAFH         LINE#         7597
  C:2CC5H         LINE#         7598
  C:2CD0H         LINE#         7600
  C:2CD3H         LINE#         7601
  C:2CD3H         LINE#         7602
  C:2CD9H         LINE#         7603
  C:2CD9H         LINE#         7605
  C:2CDFH         LINE#         7606
  C:2CDFH         LINE#         7607
  C:2CF1H         LINE#         7608
  C:2D07H         LINE#         7609
  C:2D1DH         LINE#         7611
  C:2D28H         LINE#         7613
  C:2D2AH         LINE#         7614
  -------         ENDPROC       DISPSCALEVER_RED
  -------         PROC          DISPSCALEVER_GREEN
  -------         DO            
  X:0032H         SYMBOL        i
  X:0034H         SYMBOL        j
  D:0002H         SYMBOL        k
  -------         ENDDO         
  C:2ACBH         LINE#         7616
  C:2ACBH         LINE#         7617
  C:2ACBH         LINE#         7620
  C:2ACEH         LINE#         7622
  C:2AD0H         LINE#         7623
  C:2AD2H         LINE#         7626
  C:2AD4H         LINE#         7627
  C:2AD4H         LINE#         7628
  C:2ADAH         LINE#         7629
  C:2ADAH         LINE#         7630
  C:2AE0H         LINE#         7632
  C:2AF6H         LINE#         7633
  C:2B01H         LINE#         7635
  C:2B04H         LINE#         7636
  C:2B04H         LINE#         7637
  C:2B0AH         LINE#         7638
  C:2B0AH         LINE#         7640
  C:2B10H         LINE#         7641
  C:2B10H         LINE#         7643
  C:2B31H         LINE#         7644
  C:2B47H         LINE#         7645
  C:2B5DH         LINE#         7647
  C:2B68H         LINE#         7649
BL51 BANKED LINKER/LOCATER V6.22                                                      02/28/2022  13:43:29  PAGE 31


  C:2B6AH         LINE#         7650
  -------         ENDPROC       DISPSCALEVER_GREEN
  -------         PROC          DISPSCALEVER_BLUE
  -------         DO            
  X:0036H         SYMBOL        i
  X:0038H         SYMBOL        j
  D:0002H         SYMBOL        k
  -------         ENDDO         
  C:2ED7H         LINE#         7652
  C:2ED7H         LINE#         7653
  C:2ED7H         LINE#         7656
  C:2EDAH         LINE#         7658
  C:2EDCH         LINE#         7659
  C:2EDEH         LINE#         7662
  C:2EE0H         LINE#         7663
  C:2EE0H         LINE#         7664
  C:2EE6H         LINE#         7665
  C:2EE6H         LINE#         7666
  C:2EECH         LINE#         7667
  C:2F02H         LINE#         7668
  C:2F0DH         LINE#         7670
  C:2F10H         LINE#         7671
  C:2F10H         LINE#         7672
  C:2F16H         LINE#         7673
  C:2F16H         LINE#         7675
  C:2F1CH         LINE#         7676
  C:2F1CH         LINE#         7677
  C:2F23H         LINE#         7678
  C:2F39H         LINE#         7679
  C:2F4FH         LINE#         7681
  C:2F5AH         LINE#         7683
  C:2F5CH         LINE#         7684
  -------         ENDPROC       DISPSCALEVER_BLUE
  -------         PROC          DISPSCALEVER_GRAY
  -------         DO            
  X:003AH         SYMBOL        i
  X:003CH         SYMBOL        j
  D:0002H         SYMBOL        k
  -------         ENDDO         
  C:2D2BH         LINE#         7686
  C:2D2BH         LINE#         7687
  C:2D2BH         LINE#         7690
  C:2D2EH         LINE#         7692
  C:2D30H         LINE#         7697
  C:2D32H         LINE#         7698
  C:2D32H         LINE#         7699
  C:2D38H         LINE#         7700
  C:2D38H         LINE#         7701
  C:2D3EH         LINE#         7703
  C:2D54H         LINE#         7704
  C:2D5FH         LINE#         7706
  C:2D62H         LINE#         7707
  C:2D62H         LINE#         7708
  C:2D68H         LINE#         7709
  C:2D68H         LINE#         7711
  C:2D6EH         LINE#         7712
  C:2D6EH         LINE#         7713
BL51 BANKED LINKER/LOCATER V6.22                                                      02/28/2022  13:43:29  PAGE 32


  C:2D82H         LINE#         7714
  C:2D98H         LINE#         7715
  C:2DAEH         LINE#         7717
  C:2DB9H         LINE#         7719
  C:2DBBH         LINE#         7720
  -------         ENDPROC       DISPSCALEVER_GRAY
  -------         PROC          DISPGRAYHOR16
  -------         DO            
  X:0058H         SYMBOL        i
  D:0002H         SYMBOL        j
  X:005AH         SYMBOL        k
  -------         ENDDO         
  C:2B6BH         LINE#         7722
  C:2B6BH         LINE#         7723
  C:2B6BH         LINE#         7726
  C:2B6EH         LINE#         7728
  C:2B70H         LINE#         7729
  C:2B72H         LINE#         7731
  C:2B78H         LINE#         7732
  C:2B78H         LINE#         7733
  C:2B7BH         LINE#         7734
  C:2B7BH         LINE#         7735
  C:2B81H         LINE#         7736
  C:2B8CH         LINE#         7738
  C:2B8FH         LINE#         7739
  C:2B8FH         LINE#         7740
  C:2B95H         LINE#         7741
  C:2B95H         LINE#         7742
  C:2BC7H         LINE#         7743
  C:2BDDH         LINE#         7744
  C:2BE8H         LINE#         7745
  C:2C01H         LINE#         7747
  C:2C03H         LINE#         7748
  -------         ENDPROC       DISPGRAYHOR16
  -------         PROC          DISPGRAYHOR32
  -------         DO            
  X:003EH         SYMBOL        i
  D:0002H         SYMBOL        j
  X:0040H         SYMBOL        k
  -------         ENDDO         
  C:3060H         LINE#         7750
  C:3060H         LINE#         7751
  C:3060H         LINE#         7754
  C:3063H         LINE#         7756
  C:3065H         LINE#         7758
  C:306BH         LINE#         7759
  C:306BH         LINE#         7760
  C:306EH         LINE#         7761
  C:306EH         LINE#         7762
  C:3074H         LINE#         7763
  C:307FH         LINE#         7765
  C:3082H         LINE#         7766
  C:3082H         LINE#         7767
  C:3088H         LINE#         7768
  C:3088H         LINE#         7769
  C:309CH         LINE#         7770
  C:30B2H         LINE#         7771
BL51 BANKED LINKER/LOCATER V6.22                                                      02/28/2022  13:43:29  PAGE 33


  C:30BDH         LINE#         7772
  C:30D3H         LINE#         7774
  C:30D5H         LINE#         7775
  -------         ENDPROC       DISPGRAYHOR32
  -------         PROC          DISPSCALEHOR2
  -------         DO            
  X:0042H         SYMBOL        j
  D:0002H         SYMBOL        k
  -------         ENDDO         
  C:1857H         LINE#         7777
  C:1857H         LINE#         7778
  C:1857H         LINE#         7781
  C:185AH         LINE#         7783
  C:185CH         LINE#         7784
  C:185CH         LINE#         7785
  C:1862H         LINE#         7786
  C:187FH         LINE#         7787
  C:188AH         LINE#         7788
  C:188DH         LINE#         7789
  C:188DH         LINE#         7790
  C:1893H         LINE#         7791
  C:18B0H         LINE#         7792
  C:18BBH         LINE#         7793
  C:18BEH         LINE#         7794
  C:18BEH         LINE#         7795
  C:18C4H         LINE#         7796
  C:18E1H         LINE#         7797
  C:18ECH         LINE#         7798
  C:18EFH         LINE#         7799
  C:18EFH         LINE#         7800
  C:18F5H         LINE#         7801
  C:1912H         LINE#         7802
  C:191DH         LINE#         7803
  C:1920H         LINE#         7804
  C:1920H         LINE#         7805
  C:1926H         LINE#         7806
  C:1943H         LINE#         7807
  C:194EH         LINE#         7808
  C:1951H         LINE#         7809
  C:1951H         LINE#         7810
  C:1957H         LINE#         7811
  C:1974H         LINE#         7812
  C:197FH         LINE#         7813
  C:1982H         LINE#         7814
  C:1982H         LINE#         7815
  C:1988H         LINE#         7816
  C:19A5H         LINE#         7817
  C:19B0H         LINE#         7818
  C:19B3H         LINE#         7819
  C:19B3H         LINE#         7820
  C:19B9H         LINE#         7821
  C:19D5H         LINE#         7822
  C:19E0H         LINE#         7823
  C:19E9H         LINE#         7824
  C:19E9H         LINE#         7825
  C:19EFH         LINE#         7826
  C:1A0BH         LINE#         7827
BL51 BANKED LINKER/LOCATER V6.22                                                      02/28/2022  13:43:29  PAGE 34


  C:1A12H         LINE#         7829
  -------         ENDPROC       DISPSCALEHOR2
  -------         PROC          _TOORD
  D:0007H         SYMBOL        ch
  C:3362H         LINE#         7934
  C:3362H         LINE#         7935
  C:3362H         LINE#         7936
  C:3368H         LINE#         7937
  C:3368H         LINE#         7938
  C:336AH         LINE#         7939
  C:336CH         LINE#         7940
  C:3378H         LINE#         7941
  C:3378H         LINE#         7942
  C:337CH         LINE#         7943
  C:337EH         LINE#         7944
  C:338AH         LINE#         7945
  C:338AH         LINE#         7946
  C:338EH         LINE#         7947
  C:3390H         LINE#         7948
  C:339CH         LINE#         7949
  C:339CH         LINE#         7950
  C:33A0H         LINE#         7951
  C:33A2H         LINE#         7952
  C:33AEH         LINE#         7953
  C:33AEH         LINE#         7954
  C:33B2H         LINE#         7955
  C:33B4H         LINE#         7956
  C:33BAH         LINE#         7957
  C:33BAH         LINE#         7958
  C:33BCH         LINE#         7959
  C:33BCH         LINE#         7961
  C:33BCH         LINE#         7962
  -------         ENDPROC       _TOORD
  C:25EEH         SYMBOL        L?0463
  C:2606H         SYMBOL        L?0464
  -------         PROC          L?0462
  -------         ENDPROC       L?0462
  C:25EEH         SYMBOL        L?0463
  C:2606H         SYMBOL        L?0464
  -------         PROC          _DISPONECHAR
  X:006CH         SYMBOL        ord
  D:0006H         SYMBOL        Xstart
  D:0002H         SYMBOL        Ystart
  X:0071H         SYMBOL        TextColor
  X:0073H         SYMBOL        BackColor
  -------         DO            
  X:0075H         SYMBOL        i
  D:0002H         SYMBOL        j
  X:0076H         SYMBOL        p
  D:0003H         SYMBOL        dat
  D:0006H         SYMBOL        index
  -------         ENDDO         
  C:2616H         LINE#         7964
  C:261EH         LINE#         7965
  C:261EH         LINE#         7971
  C:2638H         LINE#         7973
  C:263EH         LINE#         7975
BL51 BANKED LINKER/LOCATER V6.22                                                      02/28/2022  13:43:29  PAGE 35


  C:2646H         LINE#         7976
  C:2648H         LINE#         7978
  C:2656H         LINE#         7980
  C:2663H         LINE#         7981
  C:266AH         LINE#         7983
[...]
  C:112FH         LINE#         302
  C:112FH         LINE#         303
  C:1132H         LINE#         304
  C:1134H         LINE#         305
  C:1134H         LINE#         306
  C:1137H         LINE#         307
  C:1139H         LINE#         308
  C:1139H         LINE#         309
  C:113CH         LINE#         310
  C:113CH         LINE#         311
  C:113CH         LINE#         312
  C:113CH         LINE#         313
  C:113CH         LINE#         314
  C:1147H         LINE#         315
  C:1147H         LINE#         316
  C:114DH         LINE#         317
  C:115CH         LINE#         318
  C:115CH         LINE#         319
  C:1161H         LINE#         320
  C:1164H         LINE#         321
  C:1173H         LINE#         322
  C:1173H         LINE#         323
BL51 BANKED LINKER/LOCATER V6.22                                                      02/28/2022  13:43:29  PAGE 43


  C:1188H         LINE#         324
  C:118DH         LINE#         325
  C:1195H         LINE#         326
  C:119FH         LINE#         327
  C:11ADH         LINE#         328
  C:11BBH         LINE#         329
  C:11BDH         LINE#         331
  C:11BDH         LINE#         332
  C:11C2H         LINE#         333
  C:11C5H         LINE#         334
  C:11DDH         LINE#         335
  C:11DDH         LINE#         336
  C:11F6H         LINE#         337
  C:11FBH         LINE#         338
  C:1203H         LINE#         339
  C:120AH         LINE#         340
  C:120FH         LINE#         341
  C:120FH         LINE#         342
  C:1223H         LINE#         343
  C:1223H         LINE#         344
  C:122AH         LINE#         345
  C:122FH         LINE#         346
  C:122FH         LINE#         347
  C:123DH         LINE#         348
  C:123DH         LINE#         349
  -------         ENDPROC       USBXCORE_HANDLE_SETUP
  -------         PROC          USBXCORE_FORCE_STALL
  C:3879H         LINE#         356
  C:3879H         LINE#         358
  C:3884H         LINE#         359
  C:388FH         LINE#         360
  C:3895H         LINE#         361
  -------         ENDPROC       USBXCORE_FORCE_STALL
  -------         PROC          USBXCORE_GET_STATUS
  C:31BEH         LINE#         367
  C:31BEH         LINE#         369
  C:31CDH         LINE#         370
  C:31CDH         LINE#         371
  C:31CDH         LINE#         372
  C:31CDH         LINE#         373
  C:31CDH         LINE#         374
  C:31CFH         LINE#         375
  C:31CFH         LINE#         379
  C:31CFH         LINE#         381
  C:31DDH         LINE#         385
  C:31DDH         LINE#         386
  C:31DDH         LINE#         387
  C:31DDH         LINE#         388
  C:31DFH         LINE#         390
  C:31DFH         LINE#         392
  C:31EDH         LINE#         396
  C:31EDH         LINE#         397
  C:31FAH         LINE#         398
  C:31FAH         LINE#         399
  C:31FCH         LINE#         401
  C:31FCH         LINE#         402
  C:320AH         LINE#         403
BL51 BANKED LINKER/LOCATER V6.22                                                      02/28/2022  13:43:29  PAGE 44


  C:3213H         LINE#         404
  C:3213H         LINE#         405
  C:3213H         LINE#         406
  C:3215H         LINE#         407
  C:3215H         LINE#         408
  C:3218H         LINE#         409
  C:3218H         LINE#         410
  C:3218H         LINE#         411
  C:3220H         LINE#         412
  C:3220H         LINE#         413
  C:3223H         LINE#         414
  C:3229H         LINE#         415
  C:3230H         LINE#         416
  C:3230H         LINE#         417
  -------         ENDPROC       USBXCORE_GET_STATUS
  -------         PROC          USBXCORE_CLEAR_FEATURE
  C:3417H         LINE#         423
  C:3417H         LINE#         425
  C:341DH         LINE#         426
  C:341DH         LINE#         428
  C:3424H         LINE#         429
  C:3424H         LINE#         430
  C:342FH         LINE#         436
  C:343AH         LINE#         437
  C:343FH         LINE#         438
  C:3441H         LINE#         440
  C:3441H         LINE#         442
  C:344CH         LINE#         446
  C:3457H         LINE#         447
  C:345CH         LINE#         448
  C:345CH         LINE#         449
  C:345EH         LINE#         451
  C:345EH         LINE#         452
  C:3461H         LINE#         453
  C:3461H         LINE#         454
  C:346CH         LINE#         455
  -------         ENDPROC       USBXCORE_CLEAR_FEATURE
  -------         PROC          USBXCORE_VENDOR_USB_API
  C:2519H         LINE#         462
  C:2519H         LINE#         464
  C:2523H         LINE#         465
  C:2523H         LINE#         466
  C:252AH         LINE#         467
  C:252AH         LINE#         468
  C:252DH         LINE#         469
  C:2530H         LINE#         470
  C:2532H         LINE#         472
  C:2532H         LINE#         473
  C:2539H         LINE#         474
  C:2539H         LINE#         477
  C:2544H         LINE#         482
  C:254FH         LINE#         483
  C:255AH         LINE#         485
  C:255AH         LINE#         486
  C:256DH         LINE#         487
  C:256DH         LINE#         488
  C:2571H         LINE#         489
BL51 BANKED LINKER/LOCATER V6.22                                                      02/28/2022  13:43:29  PAGE 45


  C:257CH         LINE#         491
  C:257CH         LINE#         492
  C:258FH         LINE#         493
  C:258FH         LINE#         494
  C:2593H         LINE#         495
  C:259EH         LINE#         497
  C:25A4H         LINE#         498
  C:25ACH         LINE#         499
  C:25ACH         LINE#         500
  C:25AFH         LINE#         501
  C:25AFH         LINE#         502
  C:25AFH         LINE#         503
  C:25BAH         LINE#         504
  C:25BAH         LINE#         505
  C:25C0H         LINE#         506
  C:25C7H         LINE#         507
  C:25C7H         LINE#         508
  C:25CBH         LINE#         509
  C:25CBH         LINE#         510
  C:25D1H         LINE#         511
  C:25D8H         LINE#         512
  C:25D8H         LINE#         513
  C:25E3H         LINE#         514
  -------         ENDPROC       USBXCORE_VENDOR_USB_API
  -------         PROC          USBXCORE_SET_FEATURE
  C:346FH         LINE#         521
  C:346FH         LINE#         523
  C:3475H         LINE#         524
  C:3475H         LINE#         526
  C:347CH         LINE#         527
  C:347CH         LINE#         528
  C:3487H         LINE#         534
  C:3492H         LINE#         535
  C:3495H         LINE#         536
  C:3497H         LINE#         538
  C:3497H         LINE#         540
  C:34A2H         LINE#         544
  C:34ADH         LINE#         545
  C:34B3H         LINE#         546
  C:34B3H         LINE#         548
  C:34B5H         LINE#         550
  C:34B5H         LINE#         551
  C:34B8H         LINE#         552
  C:34B8H         LINE#         553
  C:34C3H         LINE#         554
  -------         ENDPROC       USBXCORE_SET_FEATURE
  -------         PROC          USBXCORE_SET_ADDRESS
  C:383AH         LINE#         561
  C:383AH         LINE#         563
  C:3849H         LINE#         564
  C:384FH         LINE#         565
  C:384FH         LINE#         566
  C:3852H         LINE#         567
  C:3854H         LINE#         569
  C:3854H         LINE#         570
  C:3857H         LINE#         571
  C:3857H         LINE#         572
BL51 BANKED LINKER/LOCATER V6.22                                                      02/28/2022  13:43:29  PAGE 46


  -------         ENDPROC       USBXCORE_SET_ADDRESS
  -------         PROC          USBXCORE_GET_DESCRIPTOR
  C:281BH         LINE#         579
  C:281BH         LINE#         580
  C:282AH         LINE#         581
  C:282AH         LINE#         582
  C:282AH         LINE#         583
  C:2838H         LINE#         584
  C:283CH         LINE#         585
  C:283EH         LINE#         586
  C:283EH         LINE#         587
  C:284CH         LINE#         588
  C:285FH         LINE#         589
  C:2861H         LINE#         590
  C:2861H         LINE#         591
  C:2885H         LINE#         592
  C:2891H         LINE#         593
  C:2893H         LINE#         594
  C:2893H         LINE#         595
  C:2896H         LINE#         596
  C:2896H         LINE#         597
  C:2896H         LINE#         598
  C:28ACH         LINE#         599
  C:28ACH         LINE#         600
  C:28B4H         LINE#         601
  C:28B4H         LINE#         602
  C:28BCH         LINE#         603
  C:28BCH         LINE#         604
  C:28BFH         LINE#         605
  C:28C5H         LINE#         606
  C:28CCH         LINE#         607
  C:28CCH         LINE#         608
  -------         ENDPROC       USBXCORE_GET_DESCRIPTOR
  -------         PROC          USBXCORE_GET_CONFIGURATION
  C:35BDH         LINE#         614
  C:35BDH         LINE#         616
  C:35C5H         LINE#         617
  C:35C5H         LINE#         618
  C:35D1H         LINE#         619
  C:35D9H         LINE#         620
  C:35D9H         LINE#         621
  C:35DDH         LINE#         622
  C:35DDH         LINE#         623
  C:35EBH         LINE#         624
  C:35F3H         LINE#         625
  C:35F3H         LINE#         626
  C:35F6H         LINE#         627
  C:35FCH         LINE#         628
  C:3603H         LINE#         629
  -------         ENDPROC       USBXCORE_GET_CONFIGURATION
  -------         PROC          USBXCORE_SET_CONFIGURATION
  C:33BDH         LINE#         635
  C:33BDH         LINE#         637
  C:33C6H         LINE#         638
  C:33C6H         LINE#         639
  C:33CDH         LINE#         640
  C:33D3H         LINE#         641
BL51 BANKED LINKER/LOCATER V6.22                                                      02/28/2022  13:43:29  PAGE 47


  C:33D8H         LINE#         642
  C:33DAH         LINE#         644
  C:33E5H         LINE#         645
  C:33F0H         LINE#         646
  C:33FBH         LINE#         653
  C:3406H         LINE#         654
  C:3408H         LINE#         656
  C:3408H         LINE#         657
  C:340EH         LINE#         658
  C:3412H         LINE#         659
  C:3414H         LINE#         660
  C:3414H         LINE#         661
  -------         ENDPROC       USBXCORE_SET_CONFIGURATION
  -------         PROC          USBXCORE_GET_INTERFACE
  C:37CBH         LINE#         668
  C:37CBH         LINE#         670
  C:37D9H         LINE#         671
  C:37E1H         LINE#         672
  C:37E4H         LINE#         673
  C:37EAH         LINE#         674
  C:37F1H         LINE#         675
  -------         ENDPROC       USBXCORE_GET_INTERFACE
  -------         PROC          USBXCORE_SET_SOP
  C:38DBH         LINE#         682
  C:38DBH         LINE#         684
  C:38E3H         LINE#         685
  C:38E3H         LINE#         686
  C:38EEH         LINE#         687
  C:38EEH         LINE#         688
  -------         ENDPROC       USBXCORE_SET_SOP
  -------         PROC          USBXCORE_USB_ISR
  C:1D19H         LINE#         699
  C:1D36H         LINE#         702
  C:1D3CH         LINE#         703
  C:1D4FH         LINE#         706
  C:1D62H         LINE#         709
  C:1D66H         LINE#         710
  C:1D66H         LINE#         711
  C:1D71H         LINE#         712
  C:1D71H         LINE#         714
  C:1D78H         LINE#         715
  C:1D78H         LINE#         716
  C:1D7BH         LINE#         717
  C:1D7BH         LINE#         719
  C:1D82H         LINE#         720
  C:1D82H         LINE#         721
  C:1D8FH         LINE#         722
  C:1D8FH         LINE#         723
  C:1D96H         LINE#         724
  C:1D96H         LINE#         725
  C:1D96H         LINE#         727
  C:1D96H         LINE#         728
  C:1D96H         LINE#         730
  C:1D96H         LINE#         732
  C:1DA9H         LINE#         734
  C:1DADH         LINE#         735
  C:1DADH         LINE#         736
BL51 BANKED LINKER/LOCATER V6.22                                                      02/28/2022  13:43:29  PAGE 48


  C:1DB0H         LINE#         737
  C:1DB0H         LINE#         740
  C:1DB7H         LINE#         741
  C:1DB7H         LINE#         742
  C:1DC2H         LINE#         748
  C:1DD5H         LINE#         749
  C:1DDAH         LINE#         750
  C:1DDAH         LINE#         751
  C:1DE1H         LINE#         752
  C:1DE1H         LINE#         754
  C:1DE1H         LINE#         756
  C:1DF4H         LINE#         759
  C:1DF8H         LINE#         760
  C:1DF8H         LINE#         761
  C:1E03H         LINE#         767
  C:1E16H         LINE#         768
  C:1E1AH         LINE#         769
  C:1E1AH         LINE#         770
  C:1E21H         LINE#         771
  C:1E21H         LINE#         772
  C:1E21H         LINE#         775
  C:1E2FH         LINE#         776
  C:1E34H         LINE#         777
  C:1E3AH         LINE#         778
  C:1E3FH         LINE#         781
  C:1E4CH         LINE#         782
  C:1E4CH         LINE#         783
  C:1E4FH         LINE#         784
  C:1E4FH         LINE#         785
  -------         ENDPROC       USBXCORE_USB_ISR
  -------         ENDMOD        USB_API

  -------         MODULE        USB_SUSPEND
  C:0000H         SYMBOL        _ICE_DUMMY_
  D:00D7H         PUBLIC        USB0XCN
  D:00C9H         PUBLIC        REG0CN
  C:3779H         PUBLIC        USB_Suspend
  D:00A9H         PUBLIC        CLKSEL
  D:00B2H         PUBLIC        OSCICN
  D:00B9H         PUBLIC        CLKMUL
  -------         PROC          USB_SUSPEND
  C:3779H         LINE#         70
  C:3779H         LINE#         72
  C:377CH         LINE#         74
  C:377FH         LINE#         76
  C:3787H         LINE#         79
  C:378AH         LINE#         80
  C:378DH         LINE#         81
  C:3790H         LINE#         82
  C:3793H         LINE#         84
  C:3794H         LINE#         86
  C:3797H         LINE#         88
  C:379DH         LINE#         92
  C:37A0H         LINE#         94
  C:37A3H         LINE#         95
  -------         ENDPROC       USB_SUSPEND
  -------         ENDMOD        USB_SUSPEND
BL51 BANKED LINKER/LOCATER V6.22                                                      02/28/2022  13:43:29  PAGE 49



  -------         MODULE        USB_INT_ENABLE
  C:0000H         SYMBOL        _ICE_DUMMY_
  C:3896H         PUBLIC        USB_Int_Enable
  D:0096H         PUBLIC        USB0ADR
  D:0097H         PUBLIC        USB0DAT
  -------         PROC          USB_INT_ENABLE
  C:3896H         LINE#         68
  C:3896H         LINE#         71
  C:389DH         LINE#         73
  C:38A3H         LINE#         74
  C:38A3H         LINE#         75
  C:38AEH         LINE#         77
  C:38AEH         LINE#         78
  -------         ENDPROC       USB_INT_ENABLE
  -------         ENDMOD        USB_INT_ENABLE

  -------         MODULE        USB_CLOCK_RECOVERY
  C:0000H         SYMBOL        _ICE_DUMMY_
  C:3921H         PUBLIC        USBXcore_ClkRec
  D:0096H         PUBLIC        USB0ADR
  D:0097H         PUBLIC        USB0DAT
  -------         PROC          USBXCORE_CLKREC
  C:3921H         LINE#         45
  C:3921H         LINE#         47
  C:392CH         LINE#         48
  -------         ENDPROC       USBXCORE_CLKREC
  -------         ENDMOD        USB_CLOCK_RECOVERY

  -------         MODULE        ?C?COPY
  C:0D69H         PUBLIC        ?C?COPY
  -------         ENDMOD        ?C?COPY

  -------         MODULE        ?C?CLDPTR
  C:0D8FH         PUBLIC        ?C?CLDPTR
  -------         ENDMOD        ?C?CLDPTR

  -------         MODULE        ?C?CLDOPTR
  C:0DA8H         PUBLIC        ?C?CLDOPTR
  -------         ENDMOD        ?C?CLDOPTR

  -------         MODULE        ?C?IMUL
  C:0DD5H         PUBLIC        ?C?IMUL
  -------         ENDMOD        ?C?IMUL

  -------         MODULE        ?C?IILDX
  C:0DE7H         PUBLIC        ?C?IILDX
  -------         ENDMOD        ?C?IILDX

  -------         MODULE        ?C?ILDOPTR
  C:0DFDH         PUBLIC        ?C?ILDOPTR
  -------         ENDMOD        ?C?ILDOPTR

  -------         MODULE        ?C?LMUL
  C:0E35H         PUBLIC        ?C?LMUL
  -------         ENDMOD        ?C?LMUL

BL51 BANKED LINKER/LOCATER V6.22                                                      02/28/2022  13:43:29  PAGE 50


  -------         MODULE        ?C?ULDIV
  C:0EC0H         PUBLIC        ?C?ULDIV
  -------         ENDMOD        ?C?ULDIV

  -------         MODULE        ?C?ULCMP
  C:0F52H         PUBLIC        ?C?ULCMP
  -------         ENDMOD        ?C?ULCMP

  -------         MODULE        ?C?ULSHR
  C:0F63H         PUBLIC        ?C?ULSHR
  -------         ENDMOD        ?C?ULSHR

  -------         MODULE        ?C?LSHL
  C:0F76H         PUBLIC        ?C?LSHL
  -------         ENDMOD        ?C?LSHL

  -------         MODULE        ?C?LLDIPDATA
  C:0F92H         PUBLIC        ?C?LLDIPDATA
  C:0F89H         PUBLIC        ?C?LLDIPDATA1
  C:0F8BH         PUBLIC        ?C?LLDIPDATA8
  -------         ENDMOD        ?C?LLDIPDATA

  -------         MODULE        ?C?LSTXDATA
  C:0FA9H         PUBLIC        ?C?LSTXDATA
  -------         ENDMOD        ?C?LSTXDATA

  -------         MODULE        ?C?LSTPDATA
  C:0FB5H         PUBLIC        ?C?LSTPDATA
  -------         ENDMOD        ?C?LSTPDATA

  -------         MODULE        ?C?LSTKXDATA
  C:0FC1H         PUBLIC        ?C?LSTKXDATA
  -------         ENDMOD        ?C?LSTKXDATA

  -------         MODULE        ?C?LSTKPDATA
  C:0FF2H         PUBLIC        ?C?LSTKPDATA
  -------         ENDMOD        ?C?LSTKPDATA

  -------         MODULE        ?C_PBP
  D:0008H         PUBLIC        ?C_PBP
  -------         ENDMOD        ?C_PBP

*** WARNING L14: INCOMPATIBLE MEMORY MODEL
    MODULE:  .\USBX_F34X.LIB (USB_API)
    MODEL:   SMALL

*** WARNING L14: INCOMPATIBLE MEMORY MODEL
    MODULE:  .\USBX_F34X.LIB (USB_SUSPEND)
    MODEL:   SMALL

*** WARNING L14: INCOMPATIBLE MEMORY MODEL
    MODULE:  .\USBX_F34X.LIB (USB_INT_ENABLE)
    MODEL:   SMALL

*** WARNING L14: INCOMPATIBLE MEMORY MODEL
    MODULE:  .\USBX_F34X.LIB (USB_CLOCK_RECOVERY)
    MODEL:   SMALL
BL51 BANKED LINKER/LOCATER V6.22                                                      02/28/2022  13:43:29  PAGE 51



*** WARNING L16: UNCALLED SEGMENT, IGNORED FOR OVERLAY PROCESS
    SEGMENT: ?PR?SD_INIT?MMC_SD

*** WARNING L16: UNCALLED SEGMENT, IGNORED FOR OVERLAY PROCESS
    SEGMENT: ?PR?_DISPPIC?LCD

*** WARNING L16: UNCALLED SEGMENT, IGNORED FOR OVERLAY PROCESS
    SEGMENT: ?PR?_DISPPICFROMSD?LCD

*** WARNING L16: UNCALLED SEGMENT, IGNORED FOR OVERLAY PROCESS
    SEGMENT: ?PR?DISPSCALEHOR1?LCD

*** WARNING L16: UNCALLED SEGMENT, IGNORED FOR OVERLAY PROCESS
    SEGMENT: ?PR?DISPSCALEVER?LCD

*** WARNING L16: UNCALLED SEGMENT, IGNORED FOR OVERLAY PROCESS
    SEGMENT: ?PR?DISPSCALEVER_RED?LCD

*** WARNING L16: UNCALLED SEGMENT, IGNORED FOR OVERLAY PROCESS
    SEGMENT: ?PR?DISPSCALEVER_GREEN?LCD

*** WARNING L16: UNCALLED SEGMENT, IGNORED FOR OVERLAY PROCESS
    SEGMENT: ?PR?DISPSCALEVER_BLUE?LCD

*** WARNING L16: UNCALLED SEGMENT, IGNORED FOR OVERLAY PROCESS
    SEGMENT: ?PR?DISPSCALEVER_GRAY?LCD

*** WARNING L16: UNCALLED SEGMENT, IGNORED FOR OVERLAY PROCESS
    SEGMENT: ?PR?DISPGRAYHOR32?LCD

*** WARNING L16: UNCALLED SEGMENT, IGNORED FOR OVERLAY PROCESS
    SEGMENT: ?PR?DISPSCALEHOR2?LCD

*** WARNING L16: UNCALLED SEGMENT, IGNORED FOR OVERLAY PROCESS
    SEGMENT: ?PR?_DRAWGIRD?LCD

*** WARNING L15: MULTIPLE CALL TO SEGMENT
    SEGMENT: ?PR?_WRITECOMM?LCD
    CALLER1: ?PR?USB_API_TEST_ISR?MAIN
    CALLER2: ?C_C51STARTUP

*** WARNING L15: MULTIPLE CALL TO SEGMENT
    SEGMENT: ?PR?_WRITEDATA?LCD
    CALLER1: ?PR?USB_API_TEST_ISR?MAIN
    CALLER2: ?C_C51STARTUP

Program Size: data=10.0 xdata=1217 code=14667
LINK/LOCATE RUN COMPLETE.  18 WARNING(S),  0 ERROR(S)
